11-01 05:48:17.483   372   376 D DrmLibTime: time_getutcsec starts!
11-01 05:48:17.483   372   376 D DrmLibTime: QSEE Time Listener: time_getutcsec
11-01 05:48:17.483   372   376 D DrmLibTime: QSEE Time Listener: get_utc_seconds
11-01 05:48:17.483   372   376 D DrmLibTime: QSEE Time Listener: time_get_modem_time
11-01 05:48:17.483   372   376 D DrmLibTime: QSEE Time Listener: Checking if ATS_MODEM is set or not.
11-01 05:48:17.483   372   376 D QC-time-services: Lib:time_genoff_operation: pargs->base = 13
11-01 05:48:17.483   372   376 D QC-time-services: Lib:time_genoff_operation: pargs->operation = 2
11-01 05:48:17.483   372   376 D QC-time-services: Lib:time_genoff_operation: pargs->ts_val = 0
11-01 05:48:17.483   372   376 D QC-time-services: Lib:time_genoff_operation: Send to server  passed!!
11-01 05:48:17.483   625   647 D QC-time-services: Daemon: Connection accepted:time_genoff
11-01 05:48:17.484   625 30348 D QC-time-services: Daemon:Received base = 13, unit = 1, operation = 2,value = 0
11-01 05:48:17.484   625 30348 D QC-time-services: Daemon:genoff_opr: Base = 13, val = 0, operation = 2
11-01 05:48:17.484   625 30348 D QC-time-services: offset is: 0 for base: 13
11-01 05:48:17.484   372   376 E QC-time-services: Receive Passed == base = 13, unit = 1, operation = 2, result = 0
11-01 05:48:17.484   372   376 D DrmLibTime: QSEE Time Listener: ATS_MODEM is not set. Fallback to Android system time.
11-01 05:48:17.484   372   376 D DrmLibTime: QSEE Time Listener: Retrieved Android system time: 1667278097
11-01 05:48:17.484   372   376 D DrmLibTime: time_getutcsec returns 0, sec = 1667278097; nsec = 0
11-01 05:48:17.484   372   376 D DrmLibTime: time_getutcsec finished! 
11-01 05:48:17.485   372   376 D DrmLibTime: iotcl_continue_command finished! and return 0 
11-01 05:48:17.485   372   376 D DrmLibTime: before calling ioctl to read the next time_cmd
11-01 05:48:17.485   625   647 E QC-time-services: Daemon: Time-services: Waiting to acceptconnection
11-01 05:48:17.531   562 19050 D WVCdm   : OEMCrypto_Initialize Level 1 success. I will use level 1.
11-01 05:48:17.533   562 19050 D QSEECOMAPI: : QSEECom_dealloc_memory 
11-01 05:48:17.533   562 19050 D QSEECOMAPI: : QSEECom_shutdown_app, app_id = 3629
11-01 05:48:17.550   562   644 I WVCdm   : CdmEngine::OpenSession
11-01 05:48:17.551   562   644 I WVCdm   : Level3 Library 4445 May 19 2017 17:17:20
11-01 05:48:17.554   562   644 D QSEECOMAPI: : QSEECom_get_handle sb_length = 0x19000
11-01 05:48:17.554   562   644 D QSEECOMAPI: : App is not loaded in QSEE
11-01 05:48:17.602   562   644 D QSEECOMAPI: : Loaded image: APP id = 3630
11-01 05:48:17.607   562   644 D QSAPPSVER: qsapps_get_capabilities: Capability from secure side: 0x0
11-01 05:48:17.607   562   644 D QSAPPSVER: qsapps_get_capabilities: returns 0
11-01 05:48:17.607   562   644 E DrmWidevineDash: sion_buffer g_wv_fhandle->ion_sbuffer  0x0xee626000
11-01 05:48:17.611   372   376 D DrmLibTime: got the req here! ret=0
11-01 05:48:17.612   372   376 D DrmLibTime: command id, time_cmd_id = 770
11-01 05:48:17.612   372   376 D DrmLibTime: time_getutcsec starts!
11-01 05:48:17.612   372   376 D DrmLibTime: QSEE Time Listener: time_getutcsec
11-01 05:48:17.612   372   376 D DrmLibTime: QSEE Time Listener: get_utc_seconds
11-01 05:48:17.612   372   376 D DrmLibTime: QSEE Time Listener: time_get_modem_time
11-01 05:48:17.612   372   376 D DrmLibTime: QSEE Time Listener: Checking if ATS_MODEM is set or not.
11-01 05:48:17.612   372   376 D QC-time-services: Lib:time_genoff_operation: pargs->base = 13
11-01 05:48:17.612   372   376 D QC-time-services: Lib:time_genoff_operation: pargs->operation = 2
11-01 05:48:17.612   372   376 D QC-time-services: Lib:time_genoff_operation: pargs->ts_val = 0
11-01 05:48:17.612   372   376 D QC-time-services: Lib:time_genoff_operation: Send to server  passed!!
11-01 05:48:17.612   625   647 D QC-time-services: Daemon: Connection accepted:time_genoff
11-01 05:48:17.613   625 30349 D QC-time-services: Daemon:Received base = 13, unit = 1, operation = 2,value = 0
11-01 05:48:17.613   625 30349 D QC-time-services: Daemon:genoff_opr: Base = 13, val = 0, operation = 2
11-01 05:48:17.613   625 30349 D QC-time-services: offset is: 0 for base: 13
11-01 05:48:17.613   372   376 E QC-time-services: Receive Passed == base = 13, unit = 1, operation = 2, result = 0
11-01 05:48:17.613   372   376 D DrmLibTime: QSEE Time Listener: ATS_MODEM is not set. Fallback to Android system time.
11-01 05:48:17.613   372   376 D DrmLibTime: QSEE Time Listener: Retrieved Android system time: 1667278097
11-01 05:48:17.613   372   376 D DrmLibTime: time_getutcsec returns 0, sec = 1667278097; nsec = 0
11-01 05:48:17.613   372   376 D DrmLibTime: time_getutcsec finished! 
11-01 05:48:17.613   372   376 D DrmLibTime: iotcl_continue_command finished! and return 0 
11-01 05:48:17.613   372   376 D DrmLibTime: before calling ioctl to read the next time_cmd
11-01 05:48:17.613   625   647 E QC-time-services: Daemon: Time-services: Waiting to acceptconnection
11-01 05:48:17.641   562   644 D WVCdm   : OEMCrypto_Initialize Level 1 success. I will use level 1.
11-01 05:48:17.641   562   644 D WVCdm   : CryptoSession::Open: Lock: requested_security_level: L3
11-01 05:48:17.647   562   644 W WVCdm   : DeviceFiles::RetrieveHashedFile: /data/mediadrm/IDM1013/L3/cert.bin does not exist
11-01 05:48:17.647   562   644 D QSEECOMAPI: : QSEECom_dealloc_memory 
11-01 05:48:17.647   562   644 D QSEECOMAPI: : QSEECom_shutdown_app, app_id = 3630
11-01 05:48:17.672   562   644 I WVCdm   : Level3 Library 4445 May 19 2017 17:17:20
11-01 05:48:17.677   562   644 D QSEECOMAPI: : QSEECom_get_handle sb_length = 0x19000
11-01 05:48:17.678   562   644 D QSEECOMAPI: : App is not loaded in QSEE
11-01 05:48:17.726   562   644 D QSEECOMAPI: : Loaded image: APP id = 3631
11-01 05:48:17.729   562   644 D QSAPPSVER: qsapps_get_capabilities: Capability from secure side: 0x0
11-01 05:48:17.729   562   644 D QSAPPSVER: qsapps_get_capabilities: returns 0
11-01 05:48:17.729   562   644 E DrmWidevineDash: sion_buffer g_wv_fhandle->ion_sbuffer  0x0xee626000
11-01 05:48:17.732   372   376 D DrmLibTime: got the req here! ret=0
11-01 05:48:17.732   372   376 D DrmLibTime: command id, time_cmd_id = 770
11-01 05:48:17.732   372   376 D DrmLibTime: time_getutcsec starts!
11-01 05:48:17.732   372   376 D DrmLibTime: QSEE Time Listener: time_getutcsec
11-01 05:48:17.732   372   376 D DrmLibTime: QSEE Time Listener: get_utc_seconds
11-01 05:48:17.732   372   376 D DrmLibTime: QSEE Time Listener: time_get_modem_time
11-01 05:48:17.732   372   376 D DrmLibTime: QSEE Time Listener: Checking if ATS_MODEM is set or not.
11-01 05:48:17.732   372   376 D QC-time-services: Lib:time_genoff_operation: pargs->base = 13
11-01 05:48:17.732   372   376 D QC-time-services: Lib:time_genoff_operation: pargs->operation = 2
11-01 05:48:17.732   372   376 D QC-time-services: Lib:time_genoff_operation: pargs->ts_val = 0
11-01 05:48:17.732   372   376 D QC-time-services: Lib:time_genoff_operation: Send to server  passed!!
11-01 05:48:17.732   625   647 D QC-time-services: Daemon: Connection accepted:time_genoff
11-01 05:48:17.732   625 30350 D QC-time-services: Daemon:Received base = 13, unit = 1, operation = 2,value = 0
11-01 05:48:17.732   625 30350 D QC-time-services: Daemon:genoff_opr: Base = 13, val = 0, operation = 2
11-01 05:48:17.732   625 30350 D QC-time-services: offset is: 0 for base: 13
11-01 05:48:17.732   372   376 E QC-time-services: Receive Passed == base = 13, unit = 1, operation = 2, result = 0
11-01 05:48:17.733   372   376 D DrmLibTime: QSEE Time Listener: ATS_MODEM is not set. Fallback to Android system time.
11-01 05:48:17.733   372   376 D DrmLibTime: QSEE Time Listener: Retrieved Android system time: 1667278097
11-01 05:48:17.733   372   376 D DrmLibTime: time_getutcsec returns 0, sec = 1667278097; nsec = 0
11-01 05:48:17.733   372   376 D DrmLibTime: time_getutcsec finished! 
11-01 05:48:17.733   372   376 D DrmLibTime: iotcl_continue_command finished! and return 0 
11-01 05:48:17.733   372   376 D DrmLibTime: before calling ioctl to read the next time_cmd
11-01 05:48:17.733   625   647 E QC-time-services: Daemon: Time-services: Waiting to acceptconnection
11-01 05:48:17.770   562   644 D WVCdm   : OEMCrypto_Initialize Level 1 success. I will use level 1.
11-01 05:48:17.771   562   644 D WVCdm   : CryptoSession::Open: Lock: requested_security_level: L3
11-01 05:48:17.790 29966 29966 I cr_media: Provisioning origin ID 2A252D61BFD451AA8E7BFE5F1CB1CD9D
11-01 05:48:17.793 29966 29966 I MediaDrm: Drm event (1,0)
11-01 05:48:17.793 29966 29966 E cr_media: EventListener: No session for event 1.
11-01 05:48:17.803   772   791 E BatteryStatsService: no controller energy info supplied
11-01 05:48:18.097   562   562 D QSEECOMAPI: : QSEECom_dealloc_memory 
11-01 05:48:18.097   562   562 D QSEECOMAPI: : QSEECom_shutdown_app, app_id = 3631
11-01 05:48:18.119 29966 29966 I cr_media: Create MediaDrmBridge with level L1 and origin 2A252D61BFD451AA8E7BFE5F1CB1CD9D
11-01 05:48:18.122   361   361 W /system/bin/hwservicemanager: getTransportFromManifest: Cannot find entry android.hardware.drm@1.0::IDrmFactory in either framework or device manifest, using default transport.
11-01 05:48:18.126   562  5487 I DrmHal  : makeDrmFactories: using default drm instance
11-01 05:48:18.129   361   361 W /system/bin/hwservicemanager: getTransportFromManifest: Cannot find entry android.hardware.drm@1.0::IDrmFactory in either framework or device manifest, using default transport.
11-01 05:48:18.133   562 19051 I DrmHal  : makeDrmFactories: using default drm instance
11-01 05:48:18.135   562 28303 I WVCdm   : CdmEngine::QueryStatus
11-01 05:48:18.135   562 28303 I WVCdm   : Level3 Library 4445 May 19 2017 17:17:20
11-01 05:48:18.139   562 28303 D QSEECOMAPI: : QSEECom_get_handle sb_length = 0x19000
11-01 05:48:18.139   562 28303 D QSEECOMAPI: : App is not loaded in QSEE
11-01 05:48:18.188   562 28303 D QSEECOMAPI: : Loaded image: APP id = 3632
11-01 05:48:18.192   562 28303 D QSAPPSVER: qsapps_get_capabilities: Capability from secure side: 0x0
11-01 05:48:18.192   562 28303 D QSAPPSVER: qsapps_get_capabilities: returns 0
11-01 05:48:18.192   562 28303 E DrmWidevineDash: sion_buffer g_wv_fhandle->ion_sbuffer  0x0xee5fa000
11-01 05:48:18.194   372   376 D DrmLibTime: got the req here! ret=0
11-01 05:48:18.194   372   376 D DrmLibTime: command id, time_cmd_id = 770
11-01 05:48:18.194   372   376 D DrmLibTime: time_getutcsec starts!
11-01 05:48:18.194   372   376 D DrmLibTime: QSEE Time Listener: time_getutcsec
11-01 05:48:18.194   372   376 D DrmLibTime: QSEE Time Listener: get_utc_seconds
11-01 05:48:18.194   372   376 D DrmLibTime: QSEE Time Listener: time_get_modem_time
11-01 05:48:18.194   372   376 D DrmLibTime: QSEE Time Listener: Checking if ATS_MODEM is set or not.
11-01 05:48:18.194   372   376 D QC-time-services: Lib:time_genoff_operation: pargs->base = 13
11-01 05:48:18.194   372   376 D QC-time-services: Lib:time_genoff_operation: pargs->operation = 2
11-01 05:48:18.194   372   376 D QC-time-services: Lib:time_genoff_operation: pargs->ts_val = 0
11-01 05:48:18.195   372   376 D QC-time-services: Lib:time_genoff_operation: Send to server  passed!!
11-01 05:48:18.195   625   647 D QC-time-services: Daemon: Connection accepted:time_genoff
11-01 05:48:18.195   625 30355 D QC-time-services: Daemon:Received base = 13, unit = 1, operation = 2,value = 0
11-01 05:48:18.195   625 30355 D QC-time-services: Daemon:genoff_opr: Base = 13, val = 0, operation = 2
11-01 05:48:18.195   625 30355 D QC-time-services: offset is: 0 for base: 13
11-01 05:48:18.195   372   376 E QC-time-services: Receive Passed == base = 13, unit = 1, operation = 2, result = 0
11-01 05:48:18.195   372   376 D DrmLibTime: QSEE Time Listener: ATS_MODEM is not set. Fallback to Android system time.
11-01 05:48:18.195   372   376 D DrmLibTime: QSEE Time Listener: Retrieved Android system time: 1667278098
11-01 05:48:18.195   372   376 D DrmLibTime: time_getutcsec returns 0, sec = 1667278098; nsec = 0
11-01 05:48:18.195   372   376 D DrmLibTime: time_getutcsec finished! 
11-01 05:48:18.195   372   376 D DrmLibTime: iotcl_continue_command finished! and return 0 
11-01 05:48:18.195   372   376 D DrmLibTime: before calling ioctl to read the next time_cmd
11-01 05:48:18.196   625   647 E QC-time-services: Daemon: Time-services: Waiting to acceptconnection
11-01 05:48:18.231   562 28303 D WVCdm   : OEMCrypto_Initialize Level 1 success. I will use level 1.
11-01 05:48:18.233   562 28303 D QSEECOMAPI: : QSEECom_dealloc_memory 
11-01 05:48:18.233   562 28303 D QSEECOMAPI: : QSEECom_shutdown_app, app_id = 3632
11-01 05:48:18.251   562  5487 I WVCdm   : CdmEngine::OpenSession
11-01 05:48:18.252   562  5487 I WVCdm   : Level3 Library 4445 May 19 2017 17:17:20
11-01 05:48:18.255   562  5487 D QSEECOMAPI: : QSEECom_get_handle sb_length = 0x19000
11-01 05:48:18.256   562  5487 D QSEECOMAPI: : App is not loaded in QSEE
11-01 05:48:18.300   562  5487 D QSEECOMAPI: : Loaded image: APP id = 3633
11-01 05:48:18.303   562  5487 D QSAPPSVER: qsapps_get_capabilities: Capability from secure side: 0x0
11-01 05:48:18.303   562  5487 D QSAPPSVER: qsapps_get_capabilities: returns 0
11-01 05:48:18.303   562  5487 E DrmWidevineDash: sion_buffer g_wv_fhandle->ion_sbuffer  0x0xee5fa000
11-01 05:48:18.306   372   376 D DrmLibTime: got the req here! ret=0
11-01 05:48:18.306   372   376 D DrmLibTime: command id, time_cmd_id = 770
11-01 05:48:18.306   372   376 D DrmLibTime: time_getutcsec starts!
11-01 05:48:18.306   372   376 D DrmLibTime: QSEE Time Listener: time_getutcsec
11-01 05:48:18.306   372   376 D DrmLibTime: QSEE Time Listener: get_utc_seconds
11-01 05:48:18.306   372   376 D DrmLibTime: QSEE Time Listener: time_get_modem_time
11-01 05:48:18.306   372   376 D DrmLibTime: QSEE Time Listener: Checking if ATS_MODEM is set or not.
11-01 05:48:18.306   372   376 D QC-time-services: Lib:time_genoff_operation: pargs->base = 13
11-01 05:48:18.307   372   376 D QC-time-services: Lib:time_genoff_operation: pargs->operation = 2
11-01 05:48:18.307   372   376 D QC-time-services: Lib:time_genoff_operation: pargs->ts_val = 0
11-01 05:48:18.307   372   376 D QC-time-services: Lib:time_genoff_operation: Send to server  passed!!
11-01 05:48:18.307   625   647 D QC-time-services: Daemon: Connection accepted:time_genoff
11-01 05:48:18.307   625 30356 D QC-time-services: Daemon:Received base = 13, unit = 1, operation = 2,value = 0
11-01 05:48:18.307   625 30356 D QC-time-services: Daemon:genoff_opr: Base = 13, val = 0, operation = 2
11-01 05:48:18.307   625 30356 D QC-time-services: offset is: 0 for base: 13
11-01 05:48:18.307   372   376 E QC-time-services: Receive Passed == base = 13, unit = 1, operation = 2, result = 0
11-01 05:48:18.307   372   376 D DrmLibTime: QSEE Time Listener: ATS_MODEM is not set. Fallback to Android system time.
11-01 05:48:18.307   372   376 D DrmLibTime: QSEE Time Listener: Retrieved Android system time: 1667278098
11-01 05:48:18.308   372   376 D DrmLibTime: time_getutcsec returns 0, sec = 1667278098; nsec = 0
11-01 05:48:18.308   372   376 D DrmLibTime: time_getutcsec finished! 
11-01 05:48:18.308   372   376 D DrmLibTime: iotcl_continue_command finished! and return 0 
11-01 05:48:18.308   372   376 D DrmLibTime: before calling ioctl to read the next time_cmd
11-01 05:48:18.308   625   647 E QC-time-services: Daemon: Time-services: Waiting to acceptconnection
11-01 05:48:18.344   562  5487 D WVCdm   : OEMCrypto_Initialize Level 1 success. I will use level 1.
11-01 05:48:18.344   562  5487 D WVCdm   : CryptoSession::Open: Lock: requested_security_level: Default
11-01 05:48:18.352   562  5487 W WVCdm   : DeviceFiles::RetrieveHashedFile: /data/mediadrm/IDM1013/L1/cert.bin does not exist
11-01 05:48:18.354   562  5487 D QSEECOMAPI: : QSEECom_dealloc_memory 
11-01 05:48:18.354   562  5487 D QSEECOMAPI: : QSEECom_shutdown_app, app_id = 3633
11-01 05:48:18.372   562 19050 I WVCdm   : Level3 Library 4445 May 19 2017 17:17:20
11-01 05:48:18.385   562 19050 D QSEECOMAPI: : QSEECom_get_handle sb_length = 0x19000
11-01 05:48:18.385   562 19050 D QSEECOMAPI: : App is not loaded in QSEE
11-01 05:48:18.443   562 19050 D QSEECOMAPI: : Loaded image: APP id = 3634
11-01 05:48:18.447   562 19050 D QSAPPSVER: qsapps_get_capabilities: Capability from secure side: 0x0
11-01 05:48:18.447   562 19050 D QSAPPSVER: qsapps_get_capabilities: returns 0
11-01 05:48:18.447   562 19050 E DrmWidevineDash: sion_buffer g_wv_fhandle->ion_sbuffer  0x0xeeb04000
11-01 05:48:18.450   372   376 D DrmLibTime: got the req here! ret=0
11-01 05:48:18.450   372   376 D DrmLibTime: command id, time_cmd_id = 770
11-01 05:48:18.450   372   376 D DrmLibTime: time_getutcsec starts!
11-01 05:48:18.450   372   376 D DrmLibTime: QSEE Time Listener: time_getutcsec
11-01 05:48:18.450   372   376 D DrmLibTime: QSEE Time Listener: get_utc_seconds
11-01 05:48:18.450   372   376 D DrmLibTime: QSEE Time Listener: time_get_modem_time
11-01 05:48:18.450   372   376 D DrmLibTime: QSEE Time Listener: Checking if ATS_MODEM is set or not.
11-01 05:48:18.450   372   376 D QC-time-services: Lib:time_genoff_operation: pargs->base = 13
11-01 05:48:18.450   372   376 D QC-time-services: Lib:time_genoff_operation: pargs->operation = 2
11-01 05:48:18.450   372   376 D QC-time-services: Lib:time_genoff_operation: pargs->ts_val = 0
11-01 05:48:18.450   372   376 D QC-time-services: Lib:time_genoff_operation: Send to server  passed!!
11-01 05:48:18.450   625   647 D QC-time-services: Daemon: Connection accepted:time_genoff
11-01 05:48:18.450   625 30357 D QC-time-services: Daemon:Received base = 13, unit = 1, operation = 2,value = 0
11-01 05:48:18.450   625 30357 D QC-time-services: Daemon:genoff_opr: Base = 13, val = 0, operation = 2
11-01 05:48:18.450   625 30357 D QC-time-services: offset is: 0 for base: 13
11-01 05:48:18.450   372   376 E QC-time-services: Receive Passed == base = 13, unit = 1, operation = 2, result = 0
11-01 05:48:18.451   372   376 D DrmLibTime: QSEE Time Listener: ATS_MODEM is not set. Fallback to Android system time.
11-01 05:48:18.451   372   376 D DrmLibTime: QSEE Time Listener: Retrieved Android system time: 1667278098
11-01 05:48:18.451   372   376 D DrmLibTime: time_getutcsec returns 0, sec = 1667278098; nsec = 0
11-01 05:48:18.451   372   376 D DrmLibTime: time_getutcsec finished! 
11-01 05:48:18.451   372   376 D DrmLibTime: iotcl_continue_command finished! and return 0 
11-01 05:48:18.451   372   376 D DrmLibTime: before calling ioctl to read the next time_cmd
11-01 05:48:18.451   625   647 E QC-time-services: Daemon: Time-services: Waiting to acceptconnection
11-01 05:48:18.476   562 19050 D WVCdm   : OEMCrypto_Initialize Level 1 success. I will use level 1.
11-01 05:48:18.476   562 19050 D WVCdm   : CryptoSession::Open: Lock: requested_security_level: Default
11-01 05:48:18.553   562 19050 E DrmWidevineDash: OEMCrypto_GenerateSignature : input wrapped_rsa_key == NULL!, return short buffer
11-01 05:48:18.556 29966 29966 I cr_media: Provisioning origin ID 2A252D61BFD451AA8E7BFE5F1CB1CD9D
11-01 05:48:18.557 29966 29966 I MediaDrm: Drm event (1,0)
11-01 05:48:18.557 29966 29966 E cr_media: EventListener: No session for event 1.
11-01 05:48:18.909   562   562 E DrmWidevineDash: OEMCrypto_RewrapDeviceRSAKey : input wrapped_rsa_key == NULL!, return short buffer
11-01 05:48:18.926   562   562 D QSEECOMAPI: : QSEECom_dealloc_memory 
11-01 05:48:18.926   562   562 D QSEECOMAPI: : QSEECom_shutdown_app, app_id = 3634
11-01 05:48:18.959 29966 29966 I cr_media: Create MediaDrmBridge with level L3 and origin 4C2927DAFEF6BD56900710FE5AAF779B
11-01 05:48:18.961   361   361 W /system/bin/hwservicemanager: getTransportFromManifest: Cannot find entry android.hardware.drm@1.0::IDrmFactory in either framework or device manifest, using default transport.
11-01 05:48:19.028   562 28303 I DrmHal  : makeDrmFactories: using default drm instance
11-01 05:48:19.030   361   361 W /system/bin/hwservicemanager: getTransportFromManifest: Cannot find entry android.hardware.drm@1.0::IDrmFactory in either framework or device manifest, using default transport.
11-01 05:48:19.114   562 19051 I DrmHal  : makeDrmFactories: using default drm instance
11-01 05:48:19.115   562   562 D WVCdm   : Instantiating CDM.
11-01 05:48:19.117   562 19050 I WVCdm   : CdmEngine::QueryStatus
11-01 05:48:19.117   562 19050 I WVCdm   : Level3 Library 4445 May 19 2017 17:17:20
11-01 05:48:19.122   562 19050 D QSEECOMAPI: : QSEECom_get_handle sb_length = 0x19000
11-01 05:48:19.123   562 19050 D QSEECOMAPI: : App is not loaded in QSEE
11-01 05:48:19.179   562 19050 D QSEECOMAPI: : Loaded image: APP id = 3635
11-01 05:48:19.184   562 19050 D QSAPPSVER: qsapps_get_capabilities: Capability from secure side: 0x0
11-01 05:48:19.184   562 19050 D QSAPPSVER: qsapps_get_capabilities: returns 0
11-01 05:48:19.184   562 19050 E DrmWidevineDash: sion_buffer g_wv_fhandle->ion_sbuffer  0x0xee6d0000
11-01 05:48:19.188   372   376 D DrmLibTime: got the req here! ret=0
11-01 05:48:19.188   372   376 D DrmLibTime: command id, time_cmd_id = 770
11-01 05:48:19.188   372   376 D DrmLibTime: time_getutcsec starts!
11-01 05:48:19.188   372   376 D DrmLibTime: QSEE Time Listener: time_getutcsec
11-01 05:48:19.188   372   376 D DrmLibTime: QSEE Time Listener: get_utc_seconds
11-01 05:48:19.188   372   376 D DrmLibTime: QSEE Time Listener: time_get_modem_time
11-01 05:48:19.188   372   376 D DrmLibTime: QSEE Time Listener: Checking if ATS_MODEM is set or not.
11-01 05:48:19.188   372   376 D QC-time-services: Lib:time_genoff_operation: pargs->base = 13
11-01 05:48:19.188   372   376 D QC-time-services: Lib:time_genoff_operation: pargs->operation = 2
11-01 05:48:19.188   372   376 D QC-time-services: Lib:time_genoff_operation: pargs->ts_val = 0
11-01 05:48:19.188   372   376 D QC-time-services: Lib:time_genoff_operation: Send to server  passed!!
11-01 05:48:19.188   625   647 D QC-time-services: Daemon: Connection accepted:time_genoff
11-01 05:48:19.189   625 30362 D QC-time-services: Daemon:Received base = 13, unit = 1, operation = 2,value = 0
11-01 05:48:19.189   625 30362 D QC-time-services: Daemon:genoff_opr: Base = 13, val = 0, operation = 2
11-01 05:48:19.189   625 30362 D QC-time-services: offset is: 0 for base: 13
11-01 05:48:19.189   372   376 E QC-time-services: Receive Passed == base = 13, unit = 1, operation = 2, result = 0
11-01 05:48:19.189   372   376 D DrmLibTime: QSEE Time Listener: ATS_MODEM is not set. Fallback to Android system time.
11-01 05:48:19.189   372   376 D DrmLibTime: QSEE Time Listener: Retrieved Android system time: 1667278099
11-01 05:48:19.189   372   376 D DrmLibTime: time_getutcsec returns 0, sec = 1667278099; nsec = 0
11-01 05:48:19.189   372   376 D DrmLibTime: time_getutcsec finished! 
11-01 05:48:19.189   372   376 D DrmLibTime: iotcl_continue_command finished! and return 0 
11-01 05:48:19.189   372   376 D DrmLibTime: before calling ioctl to read the next time_cmd
11-01 05:48:19.189   625   647 E QC-time-services: Daemon: Time-services: Waiting to acceptconnection
11-01 05:48:19.219   562 19050 D WVCdm   : OEMCrypto_Initialize Level 1 success. I will use level 1.
11-01 05:48:19.221   562 19050 D QSEECOMAPI: : QSEECom_dealloc_memory 
11-01 05:48:19.221   562 19050 D QSEECOMAPI: : QSEECom_shutdown_app, app_id = 3635
11-01 05:48:19.250   562 19051 I WVCdm   : CdmEngine::OpenSession
11-01 05:48:19.251   562 19051 I WVCdm   : Level3 Library 4445 May 19 2017 17:17:20
11-01 05:48:19.256   562 19051 D QSEECOMAPI: : QSEECom_get_handle sb_length = 0x19000
11-01 05:48:19.256   562 19051 D QSEECOMAPI: : App is not loaded in QSEE
11-01 05:48:19.300   562 19051 D QSEECOMAPI: : Loaded image: APP id = 3636
11-01 05:48:19.302   562 19051 D QSAPPSVER: qsapps_get_capabilities: Capability from secure side: 0x0
11-01 05:48:19.302   562 19051 D QSAPPSVER: qsapps_get_capabilities: returns 0
11-01 05:48:19.302   562 19051 E DrmWidevineDash: sion_buffer g_wv_fhandle->ion_sbuffer  0x0xee6d0000
11-01 05:48:19.305   372   376 D DrmLibTime: got the req here! ret=0
11-01 05:48:19.305   372   376 D DrmLibTime: command id, time_cmd_id = 770
11-01 05:48:19.305   372   376 D DrmLibTime: time_getutcsec starts!
11-01 05:48:19.305   372   376 D DrmLibTime: QSEE Time Listener: time_getutcsec
11-01 05:48:19.305   372   376 D DrmLibTime: QSEE Time Listener: get_utc_seconds
11-01 05:48:19.305   372   376 D DrmLibTime: QSEE Time Listener: time_get_modem_time
11-01 05:48:19.305   372   376 D DrmLibTime: QSEE Time Listener: Checking if ATS_MODEM is set or not.
11-01 05:48:19.305   372   376 D QC-time-services: Lib:time_genoff_operation: pargs->base = 13
11-01 05:48:19.305   372   376 D QC-time-services: Lib:time_genoff_operation: pargs->operation = 2
11-01 05:48:19.305   372   376 D QC-time-services: Lib:time_genoff_operation: pargs->ts_val = 0
11-01 05:48:19.305   372   376 D QC-time-services: Lib:time_genoff_operation: Send to server  passed!!
11-01 05:48:19.306   625   647 D QC-time-services: Daemon: Connection accepted:time_genoff
11-01 05:48:19.306   625 30363 D QC-time-services: Daemon:Received base = 13, unit = 1, operation = 2,value = 0
11-01 05:48:19.306   625 30363 D QC-time-services: Daemon:genoff_opr: Base = 13, val = 0, operation = 2
11-01 05:48:19.306   625 30363 D QC-time-services: offset is: 0 for base: 13
11-01 05:48:19.306   372   376 E QC-time-services: Receive Passed == base = 13, unit = 1, operation = 2, result = 0
11-01 05:48:19.306   372   376 D DrmLibTime: QSEE Time Listener: ATS_MODEM is not set. Fallback to Android system time.
11-01 05:48:19.306   372   376 D DrmLibTime: QSEE Time Listener: Retrieved Android system time: 1667278099
11-01 05:48:19.306   372   376 D DrmLibTime: time_getutcsec returns 0, sec = 1667278099; nsec = 0
11-01 05:48:19.306   372   376 D DrmLibTime: time_getutcsec finished! 
11-01 05:48:19.306   372   376 D DrmLibTime: iotcl_continue_command finished! and return 0 
11-01 05:48:19.306   372   376 D DrmLibTime: before calling ioctl to read the next time_cmd
11-01 05:48:19.306   625   647 E QC-time-services: Daemon: Time-services: Waiting to acceptconnection
11-01 05:48:19.343   562 19051 D WVCdm   : OEMCrypto_Initialize Level 1 success. I will use level 1.
11-01 05:48:19.343   562 19051 D WVCdm   : CryptoSession::Open: Lock: requested_security_level: L3
11-01 05:48:19.348   562 19051 W WVCdm   : DeviceFiles::RetrieveHashedFile: /data/mediadrm/IDM1013/L3/cert.bin does not exist
11-01 05:48:19.349   562 19051 D QSEECOMAPI: : QSEECom_dealloc_memory 
11-01 05:48:19.349   562 19051 D QSEECOMAPI: : QSEECom_shutdown_app, app_id = 3636
11-01 05:48:19.361   562   644 I WVCdm   : Level3 Library 4445 May 19 2017 17:17:20
11-01 05:48:19.363   562   644 D QSEECOMAPI: : QSEECom_get_handle sb_length = 0x19000
11-01 05:48:19.363   562   644 D QSEECOMAPI: : App is not loaded in QSEE
11-01 05:48:19.417   562   644 D QSEECOMAPI: : Loaded image: APP id = 3637
11-01 05:48:19.421   562   644 D QSAPPSVER: qsapps_get_capabilities: Capability from secure side: 0x0
11-01 05:48:19.421   562   644 D QSAPPSVER: qsapps_get_capabilities: returns 0
11-01 05:48:19.421   562   644 E DrmWidevineDash: sion_buffer g_wv_fhandle->ion_sbuffer  0x0xee6d0000
11-01 05:48:19.424   372   376 D DrmLibTime: got the req here! ret=0
11-01 05:48:19.424   372   376 D DrmLibTime: command id, time_cmd_id = 770
11-01 05:48:19.424   372   376 D DrmLibTime: time_getutcsec starts!
11-01 05:48:19.424   372   376 D DrmLibTime: QSEE Time Listener: time_getutcsec
11-01 05:48:19.424   372   376 D DrmLibTime: QSEE Time Listener: get_utc_seconds
11-01 05:48:19.424   372   376 D DrmLibTime: QSEE Time Listener: time_get_modem_time
11-01 05:48:19.424   372   376 D DrmLibTime: QSEE Time Listener: Checking if ATS_MODEM is set or not.
11-01 05:48:19.424   372   376 D QC-time-services: Lib:time_genoff_operation: pargs->base = 13
11-01 05:48:19.424   372   376 D QC-time-services: Lib:time_genoff_operation: pargs->operation = 2
11-01 05:48:19.424   372   376 D QC-time-services: Lib:time_genoff_operation: pargs->ts_val = 0
11-01 05:48:19.424   372   376 D QC-time-services: Lib:time_genoff_operation: Send to server  passed!!
11-01 05:48:19.424   625   647 D QC-time-services: Daemon: Connection accepted:time_genoff
11-01 05:48:19.424   625 30364 D QC-time-services: Daemon:Received base = 13, unit = 1, operation = 2,value = 0
11-01 05:48:19.424   625 30364 D QC-time-services: Daemon:genoff_opr: Base = 13, val = 0, operation = 2
11-01 05:48:19.424   625 30364 D QC-time-services: offset is: 0 for base: 13
11-01 05:48:19.424   372   376 E QC-time-services: Receive Passed == base = 13, unit = 1, operation = 2, result = 0
11-01 05:48:19.425   372   376 D DrmLibTime: QSEE Time Listener: ATS_MODEM is not set. Fallback to Android system time.
11-01 05:48:19.425   372   376 D DrmLibTime: QSEE Time Listener: Retrieved Android system time: 1667278099
11-01 05:48:19.425   372   376 D DrmLibTime: time_getutcsec returns 0, sec = 1667278099; nsec = 0
11-01 05:48:19.425   372   376 D DrmLibTime: time_getutcsec finished! 
11-01 05:48:19.425   372   376 D DrmLibTime: iotcl_continue_command finished! and return 0 
11-01 05:48:19.425   372   376 D DrmLibTime: before calling ioctl to read the next time_cmd
11-01 05:48:19.425   625   647 E QC-time-services: Daemon: Time-services: Waiting to acceptconnection
11-01 05:48:19.452   562   644 D WVCdm   : OEMCrypto_Initialize Level 1 success. I will use level 1.
11-01 05:48:19.452   562   644 D WVCdm   : CryptoSession::Open: Lock: requested_security_level: L3
11-01 05:48:19.465 29966 29966 I cr_media: Provisioning origin ID 4C2927DAFEF6BD56900710FE5AAF779B
11-01 05:48:19.467 29966 29966 I MediaDrm: Drm event (1,0)
11-01 05:48:19.467 29966 29966 E cr_media: EventListener: No session for event 1.
11-01 05:48:19.507   772  1327 I ActivityManager: Killing 28313:android.process.acore/u0a0 (adj 902): empty for 3402s
11-01 05:48:19.518   562 28303 D QSEECOMAPI: : QSEECom_dealloc_memory 
11-01 05:48:19.518   562 28303 D QSEECOMAPI: : QSEECom_shutdown_app, app_id = 3637
11-01 05:48:19.520 29709 29709 E WorkerRegistryImpl: getWorker() is called after WorkerRegistry disposal.
11-01 05:48:19.521 29709 29709 E WorkerRegistryImpl: getWorker() is called after WorkerRegistry disposal.
11-01 05:48:19.538   772  3037 I ActivityManager: Killing 28931:com.google.android.contacts/u0a24 (adj 902): empty for 3402s
11-01 05:48:19.538 29966 29966 I cr_media: Create MediaDrmBridge with level L1 and origin 4C2927DAFEF6BD56900710FE5AAF779B
11-01 05:48:19.540   361   361 W /system/bin/hwservicemanager: getTransportFromManifest: Cannot find entry android.hardware.drm@1.0::IDrmFactory in either framework or device manifest, using default transport.
11-01 05:48:19.542   562   562 I DrmHal  : makeDrmFactories: using default drm instance
11-01 05:48:19.545   361   361 W /system/bin/hwservicemanager: getTransportFromManifest: Cannot find entry android.hardware.drm@1.0::IDrmFactory in either framework or device manifest, using default transport.
11-01 05:48:19.550   562  5487 I DrmHal  : makeDrmFactories: using default drm instance
11-01 05:48:19.553   562 19050 I WVCdm   : CdmEngine::QueryStatus
11-01 05:48:19.553   562 19050 I WVCdm   : Level3 Library 4445 May 19 2017 17:17:20
11-01 05:48:19.559   562 19050 D QSEECOMAPI: : QSEECom_get_handle sb_length = 0x19000
11-01 05:48:19.559   562 19050 D QSEECOMAPI: : App is not loaded in QSEE
11-01 05:48:19.608   562 19050 D QSEECOMAPI: : Loaded image: APP id = 3638
11-01 05:48:19.610   562 19050 D QSAPPSVER: qsapps_get_capabilities: Capability from secure side: 0x0
11-01 05:48:19.610   562 19050 D QSAPPSVER: qsapps_get_capabilities: returns 0
11-01 05:48:19.610   562 19050 E DrmWidevineDash: sion_buffer g_wv_fhandle->ion_sbuffer  0x0xee6b2000
11-01 05:48:19.614   372   376 D DrmLibTime: got the req here! ret=0
11-01 05:48:19.614   372   376 D DrmLibTime: command id, time_cmd_id = 770
11-01 05:48:19.614   372   376 D DrmLibTime: time_getutcsec starts!
11-01 05:48:19.614   372   376 D DrmLibTime: QSEE Time Listener: time_getutcsec
11-01 05:48:19.614   372   376 D DrmLibTime: QSEE Time Listener: get_utc_seconds
11-01 05:48:19.614   372   376 D DrmLibTime: QSEE Time Listener: time_get_modem_time
11-01 05:48:19.614   372   376 D DrmLibTime: QSEE Time Listener: Checking if ATS_MODEM is set or not.
11-01 05:48:19.614   372   376 D QC-time-services: Lib:time_genoff_operation: pargs->base = 13
11-01 05:48:19.614   372   376 D QC-time-services: Lib:time_genoff_operation: pargs->operation = 2
11-01 05:48:19.614   372   376 D QC-time-services: Lib:time_genoff_operation: pargs->ts_val = 0
11-01 05:48:19.614   372   376 D QC-time-services: Lib:time_genoff_operation: Send to server  passed!!
11-01 05:48:19.614   625   647 D QC-time-services: Daemon: Connection accepted:time_genoff
11-01 05:48:19.615   625 30371 D QC-time-services: Daemon:Received base = 13, unit = 1, operation = 2,value = 0
11-01 05:48:19.615   625 30371 D QC-time-services: Daemon:genoff_opr: Base = 13, val = 0, operation = 2
11-01 05:48:19.615   625 30371 D QC-time-services: offset is: 0 for base: 13
11-01 05:48:19.615   372   376 E QC-time-services: Receive Passed == base = 13, unit = 1, operation = 2, result = 0
11-01 05:48:19.615   372   376 D DrmLibTime: QSEE Time Listener: ATS_MODEM is not set. Fallback to Android system time.
11-01 05:48:19.615   372   376 D DrmLibTime: QSEE Time Listener: Retrieved Android system time: 1667278099
11-01 05:48:19.615   372   376 D DrmLibTime: time_getutcsec returns 0, sec = 1667278099; nsec = 0
11-01 05:48:19.615   372   376 D DrmLibTime: time_getutcsec finished! 
11-01 05:48:19.615   372   376 D DrmLibTime: iotcl_continue_command finished! and return 0 
11-01 05:48:19.615   372   376 D DrmLibTime: before calling ioctl to read the next time_cmd
11-01 05:48:19.615   625   647 E QC-time-services: Daemon: Time-services: Waiting to acceptconnection
11-01 05:48:19.646   562 19050 D WVCdm   : OEMCrypto_Initialize Level 1 success. I will use level 1.
11-01 05:48:19.647   562 19050 D QSEECOMAPI: : QSEECom_dealloc_memory 
11-01 05:48:19.647   562 19050 D QSEECOMAPI: : QSEECom_shutdown_app, app_id = 3638
11-01 05:48:19.660   562 19051 I WVCdm   : CdmEngine::OpenSession
11-01 05:48:19.661   562 19051 I WVCdm   : Level3 Library 4445 May 19 2017 17:17:20
11-01 05:48:19.664   562 19051 D QSEECOMAPI: : QSEECom_get_handle sb_length = 0x19000
11-01 05:48:19.664   562 19051 D QSEECOMAPI: : App is not loaded in QSEE
11-01 05:48:19.706   562 19051 D QSEECOMAPI: : Loaded image: APP id = 3639
11-01 05:48:19.708   562 19051 D QSAPPSVER: qsapps_get_capabilities: Capability from secure side: 0x0
11-01 05:48:19.708   562 19051 D QSAPPSVER: qsapps_get_capabilities: returns 0
11-01 05:48:19.708   562 19051 E DrmWidevineDash: sion_buffer g_wv_fhandle->ion_sbuffer  0x0xee6b2000
11-01 05:48:19.711   372   376 D DrmLibTime: got the req here! ret=0
11-01 05:48:19.711   372   376 D DrmLibTime: command id, time_cmd_id = 770
11-01 05:48:19.711   372   376 D DrmLibTime: time_getutcsec starts!
11-01 05:48:19.711   372   376 D DrmLibTime: QSEE Time Listener: time_getutcsec
11-01 05:48:19.711   372   376 D DrmLibTime: QSEE Time Listener: get_utc_seconds
11-01 05:48:19.711   372   376 D DrmLibTime: QSEE Time Listener: time_get_modem_time
11-01 05:48:19.711   372   376 D DrmLibTime: QSEE Time Listener: Checking if ATS_MODEM is set or not.
11-01 05:48:19.711   372   376 D QC-time-services: Lib:time_genoff_operation: pargs->base = 13
11-01 05:48:19.711   372   376 D QC-time-services: Lib:time_genoff_operation: pargs->operation = 2
11-01 05:48:19.711   372   376 D QC-time-services: Lib:time_genoff_operation: pargs->ts_val = 0
11-01 05:48:19.711   372   376 D QC-time-services: Lib:time_genoff_operation: Send to server  passed!!
11-01 05:48:19.711   625   647 D QC-time-services: Daemon: Connection accepted:time_genoff
11-01 05:48:19.712   625 30372 D QC-time-services: Daemon:Received base = 13, unit = 1, operation = 2,value = 0
11-01 05:48:19.712   625 30372 D QC-time-services: Daemon:genoff_opr: Base = 13, val = 0, operation = 2
11-01 05:48:19.712   625 30372 D QC-time-services: offset is: 0 for base: 13
11-01 05:48:19.712   372   376 E QC-time-services: Receive Passed == base = 13, unit = 1, operation = 2, result = 0
11-01 05:48:19.712   372   376 D DrmLibTime: QSEE Time Listener: ATS_MODEM is not set. Fallback to Android system time.
11-01 05:48:19.712   372   376 D DrmLibTime: QSEE Time Listener: Retrieved Android system time: 1667278099
11-01 05:48:19.712   372   376 D DrmLibTime: time_getutcsec returns 0, sec = 1667278099; nsec = 0
11-01 05:48:19.712   372   376 D DrmLibTime: time_getutcsec finished! 
11-01 05:48:19.712   372   376 D DrmLibTime: iotcl_continue_command finished! and return 0 
11-01 05:48:19.712   372   376 D DrmLibTime: before calling ioctl to read the next time_cmd
11-01 05:48:19.712   625   647 E QC-time-services: Daemon: Time-services: Waiting to acceptconnection
11-01 05:48:19.741   562 19051 D WVCdm   : OEMCrypto_Initialize Level 1 success. I will use level 1.
11-01 05:48:19.741   562 19051 D WVCdm   : CryptoSession::Open: Lock: requested_security_level: Default
11-01 05:48:19.744   562 19051 W WVCdm   : DeviceFiles::RetrieveHashedFile: /data/mediadrm/IDM1013/L1/cert.bin does not exist
11-01 05:48:19.745   562 19051 D QSEECOMAPI: : QSEECom_dealloc_memory 
11-01 05:48:19.745   562 19051 D QSEECOMAPI: : QSEECom_shutdown_app, app_id = 3639
11-01 05:48:19.756   562 28303 I WVCdm   : Level3 Library 4445 May 19 2017 17:17:20
11-01 05:48:19.764   562 28303 D QSEECOMAPI: : QSEECom_get_handle sb_length = 0x19000
11-01 05:48:19.764   562 28303 D QSEECOMAPI: : App is not loaded in QSEE
11-01 05:48:19.809   562 28303 D QSEECOMAPI: : Loaded image: APP id = 3640
11-01 05:48:19.811   562 28303 D QSAPPSVER: qsapps_get_capabilities: Capability from secure side: 0x0
11-01 05:48:19.811   562 28303 D QSAPPSVER: qsapps_get_capabilities: returns 0
11-01 05:48:19.811   562 28303 E DrmWidevineDash: sion_buffer g_wv_fhandle->ion_sbuffer  0x0xee6b2000
11-01 05:48:19.813   372   376 D DrmLibTime: got the req here! ret=0
11-01 05:48:19.813   372   376 D DrmLibTime: command id, time_cmd_id = 770
11-01 05:48:19.813   372   376 D DrmLibTime: time_getutcsec starts!
11-01 05:48:19.813   372   376 D DrmLibTime: QSEE Time Listener: time_getutcsec
11-01 05:48:19.813   372   376 D DrmLibTime: QSEE Time Listener: get_utc_seconds
11-01 05:48:19.813   372   376 D DrmLibTime: QSEE Time Listener: time_get_modem_time
11-01 05:48:19.813   372   376 D DrmLibTime: QSEE Time Listener: Checking if ATS_MODEM is set or not.
11-01 05:48:19.813   372   376 D QC-time-services: Lib:time_genoff_operation: pargs->base = 13
11-01 05:48:19.813   372   376 D QC-time-services: Lib:time_genoff_operation: pargs->operation = 2
11-01 05:48:19.813   372   376 D QC-time-services: Lib:time_genoff_operation: pargs->ts_val = 0
11-01 05:48:19.814   372   376 D QC-time-services: Lib:time_genoff_operation: Send to server  passed!!
11-01 05:48:19.814   625   647 D QC-time-services: Daemon: Connection accepted:time_genoff
11-01 05:48:19.814   625 30373 D QC-time-services: Daemon:Received base = 13, unit = 1, operation = 2,value = 0
11-01 05:48:19.814   625 30373 D QC-time-services: Daemon:genoff_opr: Base = 13, val = 0, operation = 2
11-01 05:48:19.814   625 30373 D QC-time-services: offset is: 0 for base: 13
11-01 05:48:19.814   372   376 E QC-time-services: Receive Passed == base = 13, unit = 1, operation = 2, result = 0
11-01 05:48:19.814   372   376 D DrmLibTime: QSEE Time Listener: ATS_MODEM is not set. Fallback to Android system time.
11-01 05:48:19.814   372   376 D DrmLibTime: QSEE Time Listener: Retrieved Android system time: 1667278099
11-01 05:48:19.814   372   376 D DrmLibTime: time_getutcsec returns 0, sec = 1667278099; nsec = 0
11-01 05:48:19.814   372   376 D DrmLibTime: time_getutcsec finished! 
11-01 05:48:19.814   372   376 D DrmLibTime: iotcl_continue_command finished! and return 0 
11-01 05:48:19.814   372   376 D DrmLibTime: before calling ioctl to read the next time_cmd
11-01 05:48:19.815   625   647 E QC-time-services: Daemon: Time-services: Waiting to acceptconnection
11-01 05:48:19.845   562 28303 D WVCdm   : OEMCrypto_Initialize Level 1 success. I will use level 1.
11-01 05:48:19.845   562 28303 D WVCdm   : CryptoSession::Open: Lock: requested_security_level: Default
11-01 05:48:19.939   562 28303 E DrmWidevineDash: OEMCrypto_GenerateSignature : input wrapped_rsa_key == NULL!, return short buffer
11-01 05:48:19.941 29966 29966 I cr_media: Provisioning origin ID 4C2927DAFEF6BD56900710FE5AAF779B
11-01 05:48:19.942 29966 29966 I MediaDrm: Drm event (1,0)
11-01 05:48:19.943 29966 29966 E cr_media: EventListener: No session for event 1.
11-01 05:48:19.980 30374 30374 E /system/bin/webview_zygote32: failed to make and chown /acct/uid_99205: Permission denied
11-01 05:48:19.980 30374 30374 E Zygote  : createProcessGroup(99205, 0) failed: Permission denied
11-01 05:48:19.981   562   562 E DrmWidevineDash: OEMCrypto_RewrapDeviceRSAKey : input wrapped_rsa_key == NULL!, return short buffer
11-01 05:48:19.989   772 10894 I ActivityManager: Start proc 30374:com.android.chrome:sandboxed_process7/u0i205 for webview_service com.android.chrome/org.chromium.content.app.SandboxedProcessService7
11-01 05:48:19.998   562   562 D QSEECOMAPI: : QSEECom_dealloc_memory 
11-01 05:48:19.998   562   562 D QSEECOMAPI: : QSEECom_shutdown_app, app_id = 3640
11-01 05:48:20.007 30374 30374 I SamplingProfilerIntegration: Profiling disabled.
11-01 05:48:20.035 30387 30387 E asset   : setgid: Operation not permitted
11-01 05:48:20.066 30374 30374 I cr_SplitCompatApp: Launched version=106.0.5249.79 minSdkVersion=24 isBundle=true processName=com.android.chrome:sandboxed_process7 isIsolated=true
11-01 05:48:20.073 30374 30374 W SystemServiceRegistry: No service published for: uimode
11-01 05:48:20.085 30374 30374 I cr_ChildProcessService: Creating new ChildProcessService pid=30374
11-01 05:48:20.092 30374 30374 E WebViewFactory: can't load with relro file; address space not reserved
11-01 05:48:20.102 30374 30388 I cr_LibraryLoader: Successfully loaded native library
11-01 05:48:20.103 30374 30388 I cr_CachingUmaRecorder: Flushed 3 samples from 3 histograms.
11-01 05:48:20.137 30392 30392 W ThreadPoolForeg: type=1400 audit(0.0:20368): avc: denied { setattr } for name="LICENSE.txt" dev="dm-2" ino=1504751 scontext=u:r:isolated_app:s0:c512,c768 tcontext=u:object_r:app_data_file:s0:c512,c768 tclass=file permissive=0
11-01 05:48:20.141 30392 30392 W ThreadPoolForeg: type=1400 audit(0.0:20369): avc: denied { setattr } for name=46696C746572696E672052756C6573 dev="dm-2" ino=1504752 scontext=u:r:isolated_app:s0:c512,c768 tcontext=u:object_r:app_data_file:s0:c512,c768 tclass=file permissive=0
11-01 05:48:20.141 30392 30392 W ThreadPoolForeg: type=1400 audit(0.0:20370): avc: denied { setattr } for name="manifest.json" dev="dm-2" ino=1504753 scontext=u:r:isolated_app:s0:c512,c768 tcontext=u:object_r:app_data_file:s0:c512,c768 tclass=file permissive=0
11-01 05:48:20.147 30392 30392 W ThreadPoolForeg: type=1400 audit(0.0:20371): avc: denied { setattr } for name="verified_contents.json" dev="dm-2" ino=1504755 scontext=u:r:isolated_app:s0:c512,c768 tcontext=u:object_r:app_data_file:s0:c512,c768 tclass=file permissive=0
11-01 05:48:20.153 30374 30388 I chromium: [INFO:child_process_service.cc(69)] ChildProcessService: Exiting child process.
11-01 05:48:20.155   422   422 E lowmemorykiller: Error writing /proc/30374/oom_score_adj; errno=22
11-01 05:48:20.156   772  1324 I ActivityManager: Killing 30374:com.android.chrome:sandboxed_process7/u0a60i205 (adj 0): isolated not needed
11-01 05:48:20.157   772   790 W zygote64: failed to open /acct/uid_99205/pid_30374/cgroup.procs: No such file or directory
11-01 05:48:21.219 30395 30395 E /system/bin/webview_zygote32: failed to make and chown /acct/uid_99206: Permission denied
11-01 05:48:21.219 30395 30395 E Zygote  : createProcessGroup(99206, 0) failed: Permission denied
11-01 05:48:21.222   772 10895 I ActivityManager: Start proc 30395:com.android.chrome:sandboxed_process8/u0i206 for webview_service com.android.chrome/org.chromium.content.app.SandboxedProcessService8
11-01 05:48:21.241 30395 30395 I SamplingProfilerIntegration: Profiling disabled.
11-01 05:48:21.265 30408 30408 E asset   : setgid: Operation not permitted
11-01 05:48:21.303 30395 30395 I cr_SplitCompatApp: Launched version=106.0.5249.79 minSdkVersion=24 isBundle=true processName=com.android.chrome:sandboxed_process8 isIsolated=true
11-01 05:48:21.310 30395 30395 W SystemServiceRegistry: No service published for: uimode
11-01 05:48:21.323 30395 30395 I cr_ChildProcessService: Creating new ChildProcessService pid=30395
11-01 05:48:21.333 30395 30395 E WebViewFactory: can't load with relro file; address space not reserved
11-01 05:48:21.345 30395 30409 I cr_LibraryLoader: Successfully loaded native library
11-01 05:48:21.346 30395 30409 I cr_CachingUmaRecorder: Flushed 3 samples from 3 histograms.
11-01 05:48:21.441 30412 30412 W ThreadPoolForeg: type=1400 audit(0.0:20372): avc: denied { setattr } for name="tl_en-us_2022-10-26_484799359_100000_index.bin" dev="dm-2" ino=1504759 scontext=u:r:isolated_app:s0:c512,c768 tcontext=u:object_r:app_data_file:s0:c512,c768 tclass=file permissive=0
11-01 05:48:21.444 30412 30412 W ThreadPoolForeg: type=1400 audit(0.0:20373): avc: denied { setattr } for name="manifest.json" dev="dm-2" ino=1504761 scontext=u:r:isolated_app:s0:c512,c768 tcontext=u:object_r:app_data_file:s0:c512,c768 tclass=file permissive=0
11-01 05:48:21.454 30412 30412 W ThreadPoolForeg: type=1400 audit(0.0:20374): avc: denied { setattr } for name="verified_contents.json" dev="dm-2" ino=1504764 scontext=u:r:isolated_app:s0:c512,c768 tcontext=u:object_r:app_data_file:s0:c512,c768 tclass=file permissive=0
11-01 05:48:21.460 30395 30409 I chromium: [INFO:child_process_service.cc(69)] ChildProcessService: Exiting child process.
11-01 05:48:21.466   422   422 E lowmemorykiller: Error writing /proc/30395/oom_score_adj; errno=22
11-01 05:48:21.467   772 10895 I ActivityManager: Killing 30395:com.android.chrome:sandboxed_process8/u0a60i206 (adj 0): isolated not needed
11-01 05:48:21.468   772   790 W zygote64: failed to open /acct/uid_99206/pid_30395/cgroup.procs: No such file or directory
11-01 05:48:22.908 30417 30417 E /system/bin/webview_zygote32: failed to make and chown /acct/uid_99207: Permission denied
11-01 05:48:22.908 30417 30417 E Zygote  : createProcessGroup(99207, 0) failed: Permission denied
11-01 05:48:22.914   772  4540 I ActivityManager: Start proc 30417:com.android.chrome:sandboxed_process9/u0i207 for webview_service com.android.chrome/org.chromium.content.app.SandboxedProcessService9
11-01 05:48:22.944 30417 30417 I SamplingProfilerIntegration: Profiling disabled.
11-01 05:48:22.970 30430 30430 E asset   : setgid: Operation not permitted
11-01 05:48:23.004 30417 30417 I cr_SplitCompatApp: Launched version=106.0.5249.79 minSdkVersion=24 isBundle=true processName=com.android.chrome:sandboxed_process9 isIsolated=true
11-01 05:48:23.013 30417 30417 W SystemServiceRegistry: No service published for: uimode
11-01 05:48:23.026 30417 30417 I cr_ChildProcessService: Creating new ChildProcessService pid=30417
11-01 05:48:23.043 30417 30417 E WebViewFactory: can't load with relro file; address space not reserved
11-01 05:48:23.055 30417 30431 I cr_LibraryLoader: Successfully loaded native library
11-01 05:48:23.056 30417 30431 I cr_CachingUmaRecorder: Flushed 3 samples from 3 histograms.
11-01 05:48:23.101 30436 30436 W ThreadPoolForeg: type=1400 audit(0.0:20375): avc: denied { setattr } for name="optimization-hints.pb" dev="dm-2" ino=1504767 scontext=u:r:isolated_app:s0:c512,c768 tcontext=u:object_r:app_data_file:s0:c512,c768 tclass=file permissive=0
11-01 05:48:23.104 30436 30436 W ThreadPoolForeg: type=1400 audit(0.0:20376): avc: denied { setattr } for name="manifest.json" dev="dm-2" ino=1504768 scontext=u:r:isolated_app:s0:c512,c768 tcontext=u:object_r:app_data_file:s0:c512,c768 tclass=file permissive=0
11-01 05:48:23.107 30436 30436 W ThreadPoolForeg: type=1400 audit(0.0:20377): avc: denied { setattr } for name="verified_contents.json" dev="dm-2" ino=1504770 scontext=u:r:isolated_app:s0:c512,c768 tcontext=u:object_r:app_data_file:s0:c512,c768 tclass=file permissive=0
11-01 05:48:23.115 30417 30431 I chromium: [INFO:child_process_service.cc(69)] ChildProcessService: Exiting child process.
11-01 05:48:23.119   422   422 E lowmemorykiller: Error writing /proc/30417/oom_score_adj; errno=22
11-01 05:48:23.119   772  4540 I ActivityManager: Killing 30417:com.android.chrome:sandboxed_process9/u0a60i207 (adj 0): isolated not needed
11-01 05:48:23.120   772   790 W zygote64: failed to open /acct/uid_99207/pid_30417/cgroup.procs: No such file or directory
11-01 05:48:24.965 30439 30439 E /system/bin/webview_zygote32: failed to make and chown /acct/uid_99208: Permission denied
11-01 05:48:24.965 30439 30439 E Zygote  : createProcessGroup(99208, 0) failed: Permission denied
11-01 05:48:24.971   772  3037 I ActivityManager: Start proc 30439:com.android.chrome:sandboxed_process10/u0i208 for webview_service com.android.chrome/org.chromium.content.app.SandboxedProcessService10
11-01 05:48:25.006 30439 30439 I SamplingProfilerIntegration: Profiling disabled.
11-01 05:48:25.030 30452 30452 E asset   : setgid: Operation not permitted
11-01 05:48:25.067 30439 30439 I cr_SplitCompatApp: Launched version=106.0.5249.79 minSdkVersion=24 isBundle=true processName=com.android.chrome:sandboxed_process10 isIsolated=true
11-01 05:48:25.074 30439 30439 W SystemServiceRegistry: No service published for: uimode
11-01 05:48:25.086 30439 30439 I cr_ChildProcessService: Creating new ChildProcessService pid=30439
