11-01 07:33:48.986   772 30989 D NetworkMonitor/NetworkAgentInfo [WIFI () - 138]: PROBE_HTTPS https://www.google.com/generate_204 time=112ms ret=204 request={User-Agent=[Mozilla/5.0 (X11; Linux x86_64) AppleWebKit/537.36 (KHTML, like Gecko) Chrome/52.0.2743.82 Safari/537.36]} headers={null=[HTTP/1.1 204 No Content], Alt-Svc=[h3=":443"; ma=2592000,h3-29=":443"; ma=2592000,h3-Q050=":443"; ma=2592000,h3-Q046=":443"; ma=2592000,h3-Q043=":443"; ma=2592000,quic=":443"; ma=2592000; v="46,43"], Content-Length=[0], Cross-Origin-Resource-Policy=[cross-origin], Date=[Tue, 01 Nov 2022 06:33:47 GMT], X-Android-Received-Millis=[1667284428986], X-Android-Response-Source=[NETWORK 204], X-Android-Selected-Protocol=[http/1.1], X-Android-Sent-Millis=[1667284428957]}
11-01 07:33:48.990   772   862 D ConnectivityService: NetworkAgentInfo [WIFI () - 138] validation passed
11-01 07:33:48.990   772   788 W BroadcastQueue: Background execution not allowed: receiving Intent { act=android.net.conn.NETWORK_CONDITIONS_MEASURED flg=0x10 (has extras) } to com.google.android.gms/.chimera.GmsIntentOperationService$PersistentTrustedReceiver
11-01 07:33:48.998 29486 29084 E WakeLock: GCM_CONN_ALARM release without a matched acquire!
11-01 07:33:58.997   772   857 W AlarmManager: Unrecognized alarm listener com.android.server.wifi.WifiConfigStore$1@36537b
11-01 07:33:59.157   772   857 D WifiConfigStore: Writing to stores completed in 159 ms.
11-01 07:34:04.082   772   791 E BatteryStatsService: no controller energy info supplied
11-01 07:35:57.072   772   791 I chatty  : uid=1000(system) batterystats-sy identical 3 lines
11-01 07:36:12.097   772   791 E BatteryStatsService: no controller energy info supplied
11-01 07:37:49.096   772   791 E BatteryStatsService: no controller energy info supplied
11-01 07:38:48.959   772   791 I chatty  : uid=1000(system) batterystats-sy identical 4 lines
11-01 07:39:09.276   772   791 E BatteryStatsService: no controller energy info supplied
11-01 07:41:06.730   772   791 E BatteryStatsService: no controller energy info supplied
11-01 07:41:21.752   772   791 E BatteryStatsService: no controller energy info supplied
11-01 07:42:30.281   772   791 E BatteryStatsService: no controller energy info supplied
11-01 07:43:59.498 29486 29084 E WakeLock: GCM_HB_ALARM release without a matched acquire!
11-01 07:42:45.317   772   791 E BatteryStatsService: no controller energy info supplied
11-01 07:43:59.512   772   791 E BatteryStatsService: no controller energy info supplied
11-01 07:44:57.227   772   791 I chatty  : uid=1000(system) batterystats-sy identical 2 lines
11-01 07:44:57.350   772   781 I zygote64: Background concurrent copying GC freed 200773(8MB) AllocSpace objects, 159(4MB) LOS objects, 42% free, 17MB/30MB, paused 405us total 121.431ms
11-01 07:45:12.251   772   791 E BatteryStatsService: no controller energy info supplied
11-01 07:48:27.694   772 13022 I ActivityManager: Force stopping com.android.chrome appid=10060 user=0: from pid 31027
11-01 07:48:27.694   772 13022 I ActivityManager: Killing 30573:com.android.chrome:webview_service/u0a60 (adj 902): stop com.android.chrome
11-01 07:48:27.698   772 13022 I ActivityManager: Killing 29709:com.google.android.googlequicksearchbox:search/u0a45 (adj 900): stop com.android.chrome
11-01 07:48:27.702   772 13022 I ActivityManager: Killing 30029:com.android.chrome:privileged_process0/u0a60 (adj 0): stop com.android.chrome
11-01 07:48:27.703   772 13022 W ActivityManager: Scheduling restart of crashed service com.android.chrome/org.chromium.content.app.PrivilegedProcessService0 in 1000ms
11-01 07:48:27.706   772 13022 I ActivityManager: Killing 29966:com.android.chrome/u0a60 (adj 0): stop com.android.chrome
11-01 07:48:27.709 30000 30000 I cr_ChildProcessService: Destroying ChildProcessService pid=30000
11-01 07:48:27.712   772 13022 I ActivityManager: Killing 30000:com.android.chrome:sandboxed_process0/u0a60i198 (adj 0): isolated not needed
11-01 07:48:27.713   772 13022 I ActivityManager:   Force finishing activity ActivityRecord{a67000d u0 com.android.chrome/org.chromium.chrome.browser.firstrun.FirstRunActivity t981}
11-01 07:48:27.718   772 13022 I ActivityManager:   Force finishing activity ActivityRecord{a67000d u0 com.android.chrome/org.chromium.chrome.browser.firstrun.FirstRunActivity t981 f}
11-01 07:48:27.719   772 13022 W ActivityManager: Duplicate finish request for ActivityRecord{a67000d u0 com.android.chrome/org.chromium.chrome.browser.firstrun.FirstRunActivity t981 f}
11-01 07:48:27.731  1311  1311 D CarrierSvcBindHelper: No carrier app for: 0
11-01 07:48:27.743  2964  2964 D RegisteredNfcFServicesCache: Service unchanged, not updating
11-01 07:48:27.765   772 13021 D ConnectivityService: ConnectivityService NetworkRequestInfo binderDied(NetworkRequest [ LISTEN id=2433, [ Capabilities: INTERNET&NOT_RESTRICTED&TRUSTED&FOREGROUND] ], android.os.BinderProxy@b4fd783)
11-01 07:48:27.765   772 13021 D ConnectivityService: ConnectivityService NetworkRequestInfo binderDied(NetworkRequest [ LISTEN id=2432, [ Capabilities: INTERNET&NOT_RESTRICTED&TRUSTED&FOREGROUND] ], android.os.BinderProxy@6fadd00)
11-01 07:48:27.766   772   797 W ActivityManager: setHasOverlayUi called on unknown pid: 29966
11-01 07:48:27.766   772   862 E ConnectivityService: RemoteException caught trying to send a callback msg for NetworkRequest [ LISTEN id=2433, [ Capabilities: INTERNET&NOT_RESTRICTED&TRUSTED&FOREGROUND] ]
11-01 07:48:27.767   772   862 E ConnectivityService: RemoteException caught trying to send a callback msg for NetworkRequest [ LISTEN id=2432, [ Capabilities: INTERNET&NOT_RESTRICTED&TRUSTED&FOREGROUND] ]
11-01 07:48:27.775   772   791 E BatteryStatsService: no controller energy info supplied
11-01 07:48:27.789   772 10860 D ConnectivityService: ConnectivityService NetworkRequestInfo binderDied(NetworkRequest [ LISTEN id=2435, [ Capabilities: INTERNET&NOT_RESTRICTED&TRUSTED] ], android.os.BinderProxy@6264939)
11-01 07:48:27.790   772   862 E ConnectivityService: RemoteException caught trying to send a callback msg for NetworkRequest [ LISTEN id=2435, [ Capabilities: INTERNET&NOT_RESTRICTED&TRUSTED] ]
11-01 07:48:27.791   772   790 W zygote64: failed to open /acct/uid_99198/pid_30000/cgroup.procs: No such file or directory
11-01 07:48:28.184 31030 31030 D AndroidRuntime: >>>>>> START com.android.internal.os.RuntimeInit uid 2000 <<<<<<
11-01 07:48:28.328 31030 31030 D AndroidRuntime: Calling main entry com.android.commands.pm.Pm
11-01 07:48:28.336   772  1259 I ActivityManager: Force stopping com.android.chrome appid=10060 user=0: clear data
11-01 07:48:28.340   772   788 I ActivityManager: Force stopping com.android.chrome appid=10060 user=-1: clearApplicationUserData
11-01 07:48:28.432   560   560 I keystore: clear_uid 10060
11-01 07:48:28.453  1311  1311 D CarrierSvcBindHelper: No carrier app for: 0
11-01 07:48:28.459   772   787 W ResourceType: No known package when getting value for resource number 0x7f0904db
11-01 07:48:28.459   772   787 W ResourceType: No known package when getting value for resource number 0x7f140670
11-01 07:48:28.459   772   787 W ResourceType: No known package when getting value for resource number 0x7f0904da
11-01 07:48:28.459   772   787 W ResourceType: No known package when getting value for resource number 0x7f14018b
11-01 07:48:28.460   772   787 W ResourceType: No known package when getting value for resource number 0x7f14066f
11-01 07:48:28.460   772   787 W ResourceType: No known package when getting value for resource number 0x7f140434
11-01 07:48:28.460   772   787 E ShortcutService: Ignoring excessive intent tag.
11-01 07:48:28.465 31030 31030 I app_process: System.exit called, status: 0
11-01 07:48:28.465 31030 31030 I AndroidRuntime: VM exiting with result code 0.
11-01 07:48:28.488  2964  2964 D RegisteredNfcFServicesCache: Service unchanged, not updating
11-01 07:48:28.495 29486 31052 I Fitness : FitCleanupIntentOperation received Intent android.intent.action.PACKAGE_DATA_CLEARED [CONTEXT service_id=17 ]
11-01 07:48:28.521 29692 30764 I Icing   : doRemovePackageData com.android.chrome
11-01 07:48:28.521 29692 30764 I Icing   : Removing corpus key com.android.chrome-omnibox for package com.android.chrome
11-01 07:48:28.533 29692 30764 I native  : I0000 00:00:1667285308.533231   30764 flash-index.cc:1535] Flash index sort hb 17 prefix-hits 28 -> 28 at 0.913ms
11-01 07:48:28.618 29692 30764 I Icing   : updateResources: need to parse anue{com.android.chrome}
11-01 07:48:28.690 29692 30764 I Icing   : Indexing com.android.chrome-omnibox from com.android.chrome
11-01 07:48:28.706   772 29404 I ActivityManager: Start proc 31074:com.android.chrome/u0a60 for content provider com.android.chrome/com.google.android.apps.chrome.icing.IcingProvider
11-01 07:48:28.753 31074 31074 I cr_SplitCompatApp: Launched version=106.0.5249.79 minSdkVersion=24 isBundle=true processName=com.android.chrome isIsolated=false
11-01 07:48:28.805   772  2969 I ActivityManager: Force stopping com.android.chrome appid=10060 user=0: from pid 31092
11-01 07:48:28.805   772  2969 I ActivityManager: Killing 31074:com.android.chrome/u0a60 (adj 200): stop com.android.chrome
11-01 07:48:28.819   772  2969 I ActivityManager: Start proc 31096:com.android.chrome/u0a60 for restart com.android.chrome
11-01 07:48:28.821   772 29404 W ActivityManager: Unable to launch app com.android.chrome/10060 for provider com.android.chrome.icing: launching app became null
11-01 07:48:28.822 29692 30764 E ActivityThread: Failed to find provider info for com.android.chrome.icing
11-01 07:48:28.822 29692 30764 W Icing   : Could not connect to content provider content://com.android.chrome.icing
11-01 07:48:28.825  1311  1311 D CarrierSvcBindHelper: No carrier app for: 0
11-01 07:48:28.836  2964  2964 D RegisteredNfcFServicesCache: Service unchanged, not updating
11-01 07:48:28.867 31096 31096 I cr_SplitCompatApp: Launched version=106.0.5249.79 minSdkVersion=24 isBundle=true processName=com.android.chrome isIsolated=false
11-01 07:48:28.940 29692 30764 I Icing   : Indexing done com.android.chrome-omnibox
11-01 07:48:28.972 29486 29651 I FontLog : Received query Google Sans, URI content://com.google.android.gms.fonts [CONTEXT service_id=132 ]
11-01 07:48:28.972 29486 29651 I FontLog : Query [Google Sans] resolved to {Google Sans, wdth 100.0, wght 400, ital 0.0, bestEffort false} [CONTEXT service_id=132 ]
11-01 07:48:28.973 29486 29651 I FontLog : Font PFD returned from cache for {Google Sans, wdth 100.0, wght 400, ital 0.0, bestEffort false} [CONTEXT service_id=132 ]
11-01 07:48:28.973 29486 29651 I FontLog : Fetch {Google Sans, wdth 100.0, wght 400, ital 0.0, bestEffort false} end status Status{statusCode=SUCCESS, resolution=null} [CONTEXT service_id=132 ]
11-01 07:48:29.059 29486 29650 I FontLog : Pulling font file for id = 1086, cache size = 5 [CONTEXT service_id=132 ]
11-01 07:48:29.155 31096 31118 I cr_LibraryLoader: Successfully loaded native library
11-01 07:48:29.156 31096 31118 I cr_CachingUmaRecorder: Flushed 20 samples from 19 histograms.
11-01 07:48:29.205 29486 29498 I FontLog : Received query Google Sans:500, URI content://com.google.android.gms.fonts [CONTEXT service_id=132 ]
11-01 07:48:29.205 29486 29498 I FontLog : Query [Google Sans:500] resolved to {Google Sans, wdth 100.0, wght 500, ital 0.0, bestEffort false} [CONTEXT service_id=132 ]
11-01 07:48:29.207 29486 29498 I FontLog : Font PFD returned from cache for {Google Sans, wdth 100.0, wght 500, ital 0.0, bestEffort false} [CONTEXT service_id=132 ]
11-01 07:48:29.211 29486 29498 I FontLog : Fetch {Google Sans, wdth 100.0, wght 500, ital 0.0, bestEffort false} end status Status{statusCode=SUCCESS, resolution=null} [CONTEXT service_id=132 ]
11-01 07:48:29.230 29486 30686 I FontLog : Pulling font file for id = 1087, cache size = 5 [CONTEXT service_id=132 ]
11-01 07:48:29.237 31114 31114 D AndroidRuntime: >>>>>> START com.android.internal.os.RuntimeInit uid 2000 <<<<<<
11-01 07:48:29.272 29486 29650 I FontLog : Received query Google Sans:700, URI content://com.google.android.gms.fonts [CONTEXT service_id=132 ]
11-01 07:48:29.272 29486 29650 I FontLog : Query [Google Sans:700] resolved to {Google Sans, wdth 100.0, wght 700, ital 0.0, bestEffort false} [CONTEXT service_id=132 ]
11-01 07:48:29.274 29486 29650 I FontLog : Fetch {Google Sans, wdth 100.0, wght 700, ital 0.0, bestEffort false} end status Status{statusCode=SUCCESS, resolution=null} [CONTEXT service_id=132 ]
11-01 07:48:29.284 29486 29651 I FontLog : Pulling font file for id = 1088, cache size = 6 [CONTEXT service_id=132 ]
11-01 07:48:29.365 31114 31114 D AndroidRuntime: Calling main entry com.android.commands.pm.Pm
11-01 07:48:29.370   772  1327 I ActivityManager: Force stopping com.android.chrome appid=10060 user=0: clear data
11-01 07:48:29.371   772  1327 I ActivityManager: Killing 31096:com.android.chrome/u0a60 (adj 700): stop com.android.chrome
11-01 07:48:29.376   772   788 I ActivityManager: Force stopping com.android.chrome appid=10060 user=-1: clearApplicationUserData
11-01 07:48:29.382   560   560 I keystore: clear_uid 10060
11-01 07:48:29.418  1311  1311 D CarrierSvcBindHelper: No carrier app for: 0
11-01 07:48:29.421   772   787 W ResourceType: No known package when getting value for resource number 0x7f0904db
11-01 07:48:29.421 31114 31114 I app_process: System.exit called, status: 0
11-01 07:48:29.421 31114 31114 I AndroidRuntime: VM exiting with result code 0.
11-01 07:48:29.421   772   787 W ResourceType: No known package when getting value for resource number 0x7f140670
11-01 07:48:29.422   772   787 W ResourceType: No known package when getting value for resource number 0x7f0904da
11-01 07:48:29.422   772   787 W ResourceType: No known package when getting value for resource number 0x7f14018b
11-01 07:48:29.422   772   787 W ResourceType: No known package when getting value for resource number 0x7f14066f
11-01 07:48:29.422   772   787 W ResourceType: No known package when getting value for resource number 0x7f140434
11-01 07:48:29.422   772   787 E ShortcutService: Ignoring excessive intent tag.
11-01 07:48:29.437  2964  2964 D RegisteredNfcFServicesCache: Service unchanged, not updating
11-01 07:48:29.448 29486 31050 I Fitness : FitCleanupIntentOperation received Intent android.intent.action.PACKAGE_DATA_CLEARED [CONTEXT service_id=17 ]
11-01 07:48:29.474 29692 30764 I Icing   : doRemovePackageData com.android.chrome
11-01 07:48:29.474 29692 30764 I Icing   : Removing corpus key com.android.chrome-omnibox for package com.android.chrome
11-01 07:48:29.543 29692 30764 I Icing   : updateResources: need to parse anue{com.android.chrome}
11-01 07:48:29.605 29692 30764 I Icing   : Indexing com.android.chrome-omnibox from com.android.chrome
11-01 07:48:29.621   772  1259 I ActivityManager: Start proc 31133:com.android.chrome/u0a60 for content provider com.android.chrome/com.google.android.apps.chrome.icing.IcingProvider
11-01 07:48:29.670 31133 31133 I cr_SplitCompatApp: Launched version=106.0.5249.79 minSdkVersion=24 isBundle=true processName=com.android.chrome isIsolated=false
11-01 07:48:29.819 29486 17541 I FontLog : Received query Google Sans, URI content://com.google.android.gms.fonts [CONTEXT service_id=132 ]
11-01 07:48:29.819 29486 17541 I FontLog : Query [Google Sans] resolved to {Google Sans, wdth 100.0, wght 400, ital 0.0, bestEffort false} [CONTEXT service_id=132 ]
11-01 07:48:29.822 29486 17541 I FontLog : Font PFD returned from cache for {Google Sans, wdth 100.0, wght 400, ital 0.0, bestEffort false} [CONTEXT service_id=132 ]
11-01 07:48:29.822 29486 17541 I FontLog : Fetch {Google Sans, wdth 100.0, wght 400, ital 0.0, bestEffort false} end status Status{statusCode=SUCCESS, resolution=null} [CONTEXT service_id=132 ]
11-01 07:48:29.841 29692 30764 I Icing   : Indexing done com.android.chrome-omnibox
11-01 07:48:29.911 29486 29651 I FontLog : Pulling font file for id = 1089, cache size = 7 [CONTEXT service_id=132 ]
11-01 07:48:29.985 31133 31152 I cr_LibraryLoader: Successfully loaded native library
11-01 07:48:29.986 31133 31152 I cr_CachingUmaRecorder: Flushed 20 samples from 19 histograms.
11-01 07:48:30.045 29486 29497 I FontLog : Received query Google Sans:500, URI content://com.google.android.gms.fonts [CONTEXT service_id=132 ]
11-01 07:48:30.046 29486 29497 I FontLog : Query [Google Sans:500] resolved to {Google Sans, wdth 100.0, wght 500, ital 0.0, bestEffort false} [CONTEXT service_id=132 ]
11-01 07:48:30.050 29486 29497 I FontLog : Font PFD returned from cache for {Google Sans, wdth 100.0, wght 500, ital 0.0, bestEffort false} [CONTEXT service_id=132 ]
11-01 07:48:30.051 29486 29497 I FontLog : Fetch {Google Sans, wdth 100.0, wght 500, ital 0.0, bestEffort false} end status Status{statusCode=SUCCESS, resolution=null} [CONTEXT service_id=132 ]
11-01 07:48:30.069 29486 29650 I FontLog : Pulling font file for id = 1090, cache size = 6 [CONTEXT service_id=132 ]
11-01 07:48:30.096 29486 29498 I FontLog : Received query Google Sans:700, URI content://com.google.android.gms.fonts [CONTEXT service_id=132 ]
11-01 07:48:30.097 29486 29498 I FontLog : Query [Google Sans:700] resolved to {Google Sans, wdth 100.0, wght 700, ital 0.0, bestEffort false} [CONTEXT service_id=132 ]
11-01 07:48:30.100 29486 29498 I FontLog : Fetch {Google Sans, wdth 100.0, wght 700, ital 0.0, bestEffort false} end status Status{statusCode=SUCCESS, resolution=null} [CONTEXT service_id=132 ]
11-01 07:48:30.110 29486 30686 I FontLog : Pulling font file for id = 1091, cache size = 7 [CONTEXT service_id=132 ]
