11-01 05:48:25.096 30439 30439 E WebViewFactory: can't load with relro file; address space not reserved
11-01 05:48:25.109 30439 30453 I cr_LibraryLoader: Successfully loaded native library
11-01 05:48:25.110 30439 30453 I cr_CachingUmaRecorder: Flushed 3 samples from 3 histograms.
11-01 05:48:25.147 30457 30457 W ThreadPoolForeg: type=1400 audit(0.0:20378): avc: denied { setattr } for name="ssl_error_assistant.pb" dev="dm-2" ino=1504773 scontext=u:r:isolated_app:s0:c512,c768 tcontext=u:object_r:app_data_file:s0:c512,c768 tclass=file permissive=0
11-01 05:48:25.147 30457 30457 W ThreadPoolForeg: type=1400 audit(0.0:20379): avc: denied { setattr } for name="ssl_error_assistant.pb" dev="dm-2" ino=1504773 scontext=u:r:isolated_app:s0:c512,c768 tcontext=u:object_r:app_data_file:s0:c512,c768 tclass=file permissive=0
11-01 05:48:25.151 30457 30457 W ThreadPoolForeg: type=1400 audit(0.0:20380): avc: denied { setattr } for name="manifest.json" dev="dm-2" ino=1504777 scontext=u:r:isolated_app:s0:c512,c768 tcontext=u:object_r:app_data_file:s0:c512,c768 tclass=file permissive=0
11-01 05:48:25.154 30457 30457 W ThreadPoolForeg: type=1400 audit(0.0:20381): avc: denied { setattr } for name="verified_contents.json" dev="dm-2" ino=1504779 scontext=u:r:isolated_app:s0:c512,c768 tcontext=u:object_r:app_data_file:s0:c512,c768 tclass=file permissive=0
11-01 05:48:25.164 30439 30453 I chromium: [INFO:child_process_service.cc(69)] ChildProcessService: Exiting child process.
11-01 05:48:25.166   422   422 E lowmemorykiller: Error writing /proc/30439/oom_score_adj; errno=22
11-01 05:48:25.167   772  3854 I ActivityManager: Killing 30439:com.android.chrome:sandboxed_process10/u0a60i208 (adj 0): isolated not needed
11-01 05:48:25.168   772   790 W zygote64: failed to open /acct/uid_99208/pid_30439/cgroup.procs: No such file or directory
11-01 05:48:27.497 30461 30461 E /system/bin/webview_zygote32: failed to make and chown /acct/uid_99209: Permission denied
11-01 05:48:27.497 30461 30461 E Zygote  : createProcessGroup(99209, 0) failed: Permission denied
11-01 05:48:27.508   772  1327 I ActivityManager: Start proc 30461:com.android.chrome:sandboxed_process11/u0i209 for webview_service com.android.chrome/org.chromium.content.app.SandboxedProcessService11
11-01 05:48:27.538 30461 30461 I SamplingProfilerIntegration: Profiling disabled.
11-01 05:48:27.567 30474 30474 E asset   : setgid: Operation not permitted
11-01 05:48:27.609 30461 30461 I cr_SplitCompatApp: Launched version=106.0.5249.79 minSdkVersion=24 isBundle=true processName=com.android.chrome:sandboxed_process11 isIsolated=true
11-01 05:48:27.616 30461 30461 W SystemServiceRegistry: No service published for: uimode
11-01 05:48:27.627 30461 30461 I cr_ChildProcessService: Creating new ChildProcessService pid=30461
11-01 05:48:27.636 30461 30461 E WebViewFactory: can't load with relro file; address space not reserved
11-01 05:48:27.649 30461 30475 I cr_LibraryLoader: Successfully loaded native library
11-01 05:48:27.650 30461 30475 I cr_CachingUmaRecorder: Flushed 3 samples from 3 histograms.
11-01 05:48:27.694 30478 30478 W ThreadPoolForeg: type=1400 audit(0.0:20382): avc: denied { setattr } for name="download_file_types.pb" dev="dm-2" ino=1504785 scontext=u:r:isolated_app:s0:c512,c768 tcontext=u:object_r:app_data_file:s0:c512,c768 tclass=file permissive=0
11-01 05:48:27.694 30478 30478 W ThreadPoolForeg: type=1400 audit(0.0:20383): avc: denied { setattr } for name="download_file_types.pb" dev="dm-2" ino=1504785 scontext=u:r:isolated_app:s0:c512,c768 tcontext=u:object_r:app_data_file:s0:c512,c768 tclass=file permissive=0
11-01 05:48:27.697 30478 30478 W ThreadPoolForeg: type=1400 audit(0.0:20384): avc: denied { setattr } for name="manifest.json" dev="dm-2" ino=1504786 scontext=u:r:isolated_app:s0:c512,c768 tcontext=u:object_r:app_data_file:s0:c512,c768 tclass=file permissive=0
11-01 05:48:27.701 30478 30478 W ThreadPoolForeg: type=1400 audit(0.0:20385): avc: denied { setattr } for name="verified_contents.json" dev="dm-2" ino=1504788 scontext=u:r:isolated_app:s0:c512,c768 tcontext=u:object_r:app_data_file:s0:c512,c768 tclass=file permissive=0
11-01 05:48:27.709 30461 30475 I chromium: [INFO:child_process_service.cc(69)] ChildProcessService: Exiting child process.
11-01 05:48:27.711   422   422 E lowmemorykiller: Error writing /proc/30461/oom_score_adj; errno=22
11-01 05:48:27.714   772 32228 I ActivityManager: Killing 30461:com.android.chrome:sandboxed_process11/u0a60i209 (adj 0): isolated not needed
11-01 05:48:27.715   772   790 W zygote64: failed to open /acct/uid_99209/pid_30461/cgroup.procs: No such file or directory
11-01 05:48:30.437 30482 30482 E /system/bin/webview_zygote32: failed to make and chown /acct/uid_99210: Permission denied
11-01 05:48:30.438 30482 30482 E Zygote  : createProcessGroup(99210, 0) failed: Permission denied
11-01 05:48:30.442   772  3041 I ActivityManager: Start proc 30482:com.android.chrome:sandboxed_process12/u0i210 for webview_service com.android.chrome/org.chromium.content.app.SandboxedProcessService12
11-01 05:48:30.470 30482 30482 I SamplingProfilerIntegration: Profiling disabled.
11-01 05:48:30.496 30495 30495 E asset   : setgid: Operation not permitted
11-01 05:48:30.529 30482 30482 I cr_SplitCompatApp: Launched version=106.0.5249.79 minSdkVersion=24 isBundle=true processName=com.android.chrome:sandboxed_process12 isIsolated=true
11-01 05:48:30.535 30482 30482 W SystemServiceRegistry: No service published for: uimode
11-01 05:48:30.548 30482 30482 I cr_ChildProcessService: Creating new ChildProcessService pid=30482
11-01 05:48:30.559 30482 30482 E WebViewFactory: can't load with relro file; address space not reserved
11-01 05:48:30.570 30482 30496 I cr_LibraryLoader: Successfully loaded native library
11-01 05:48:30.572 30482 30496 I cr_CachingUmaRecorder: Flushed 3 samples from 3 histograms.
11-01 05:48:30.624 30500 30500 W ThreadPoolForeg: type=1400 audit(0.0:20386): avc: denied { setattr } for name="crl-set" dev="dm-2" ino=1504793 scontext=u:r:isolated_app:s0:c512,c768 tcontext=u:object_r:app_data_file:s0:c512,c768 tclass=file permissive=0
11-01 05:48:30.624 30500 30500 W ThreadPoolForeg: type=1400 audit(0.0:20387): avc: denied { setattr } for name="manifest.json" dev="dm-2" ino=1504794 scontext=u:r:isolated_app:s0:c512,c768 tcontext=u:object_r:app_data_file:s0:c512,c768 tclass=file permissive=0
11-01 05:48:30.627 30500 30500 W ThreadPoolForeg: type=1400 audit(0.0:20388): avc: denied { setattr } for name="LICENSE" dev="dm-2" ino=1504795 scontext=u:r:isolated_app:s0:c512,c768 tcontext=u:object_r:app_data_file:s0:c512,c768 tclass=file permissive=0
11-01 05:48:30.634 30500 30500 W ThreadPoolForeg: type=1400 audit(0.0:20389): avc: denied { setattr } for name="verified_contents.json" dev="dm-2" ino=1504797 scontext=u:r:isolated_app:s0:c512,c768 tcontext=u:object_r:app_data_file:s0:c512,c768 tclass=file permissive=0
11-01 05:48:30.641 30482 30496 I chromium: [INFO:child_process_service.cc(69)] ChildProcessService: Exiting child process.
11-01 05:48:30.643   422   422 E lowmemorykiller: Error writing /proc/30482/oom_score_adj; errno=22
11-01 05:48:30.644   772   785 I ActivityManager: Killing 30482:com.android.chrome:sandboxed_process12/u0a60i210 (adj 0): isolated not needed
11-01 05:48:30.645   772   790 W zygote64: failed to open /acct/uid_99210/pid_30482/cgroup.procs: No such file or directory
11-01 05:48:33.784 30503 30503 E /system/bin/webview_zygote32: failed to make and chown /acct/uid_99211: Permission denied
11-01 05:48:33.784 30503 30503 E Zygote  : createProcessGroup(99211, 0) failed: Permission denied
11-01 05:48:33.791   772  3037 I ActivityManager: Start proc 30503:com.android.chrome:sandboxed_process13/u0i211 for webview_service com.android.chrome/org.chromium.content.app.SandboxedProcessService13
11-01 05:48:33.833 30503 30503 I SamplingProfilerIntegration: Profiling disabled.
11-01 05:48:33.867 30516 30516 E asset   : setgid: Operation not permitted
11-01 05:48:33.911 30503 30503 I cr_SplitCompatApp: Launched version=106.0.5249.79 minSdkVersion=24 isBundle=true processName=com.android.chrome:sandboxed_process13 isIsolated=true
11-01 05:48:33.917 30503 30503 W SystemServiceRegistry: No service published for: uimode
11-01 05:48:33.930 30503 30503 I cr_ChildProcessService: Creating new ChildProcessService pid=30503
11-01 05:48:33.939 30503 30503 E WebViewFactory: can't load with relro file; address space not reserved
11-01 05:48:33.951 30503 30517 I cr_LibraryLoader: Successfully loaded native library
11-01 05:48:33.952 30503 30517 I cr_CachingUmaRecorder: Flushed 3 samples from 3 histograms.
11-01 05:48:33.997 30520 30520 W ThreadPoolForeg: type=1400 audit(0.0:20390): avc: denied { setattr } for name="manifest.json" dev="dm-2" ino=1504800 scontext=u:r:isolated_app:s0:c512,c768 tcontext=u:object_r:app_data_file:s0:c512,c768 tclass=file permissive=0
11-01 05:48:34.011 30520 30520 W ThreadPoolForeg: type=1400 audit(0.0:20391): avc: denied { setattr } for name="verified_contents.json" dev="dm-2" ino=1504802 scontext=u:r:isolated_app:s0:c512,c768 tcontext=u:object_r:app_data_file:s0:c512,c768 tclass=file permissive=0
11-01 05:48:34.016 30503 30517 I chromium: [INFO:child_process_service.cc(69)] ChildProcessService: Exiting child process.
11-01 05:48:34.018   422   422 E lowmemorykiller: Error writing /proc/30503/oom_score_adj; errno=22
11-01 05:48:34.019   772  3037 I ActivityManager: Killing 30503:com.android.chrome:sandboxed_process13/u0a60i211 (adj 0): isolated not needed
11-01 05:48:34.019   772   790 W zygote64: failed to open /acct/uid_99211/pid_30503/cgroup.procs: No such file or directory
11-01 05:48:37.653 30524 30524 E /system/bin/webview_zygote32: failed to make and chown /acct/uid_99212: Permission denied
11-01 05:48:37.654 30524 30524 E Zygote  : createProcessGroup(99212, 0) failed: Permission denied
11-01 05:48:37.657   772 13071 I ActivityManager: Start proc 30524:com.android.chrome:sandboxed_process14/u0i212 for webview_service com.android.chrome/org.chromium.content.app.SandboxedProcessService14
11-01 05:48:37.685 30524 30524 I SamplingProfilerIntegration: Profiling disabled.
11-01 05:48:37.711 30537 30537 E asset   : setgid: Operation not permitted
11-01 05:48:37.750 30524 30524 I cr_SplitCompatApp: Launched version=106.0.5249.79 minSdkVersion=24 isBundle=true processName=com.android.chrome:sandboxed_process14 isIsolated=true
11-01 05:48:37.757 30524 30524 W SystemServiceRegistry: No service published for: uimode
11-01 05:48:37.768 30524 30524 I cr_ChildProcessService: Creating new ChildProcessService pid=30524
11-01 05:48:37.778 30524 30524 E WebViewFactory: can't load with relro file; address space not reserved
11-01 05:48:37.790 30524 30538 I cr_LibraryLoader: Successfully loaded native library
11-01 05:48:37.792 30524 30538 I cr_CachingUmaRecorder: Flushed 3 samples from 3 histograms.
11-01 05:48:37.837 30542 30542 W ThreadPoolForeg: type=1400 audit(0.0:20392): avc: denied { setattr } for name="crs.pb" dev="dm-2" ino=1504806 scontext=u:r:isolated_app:s0:c512,c768 tcontext=u:object_r:app_data_file:s0:c512,c768 tclass=file permissive=0
11-01 05:48:37.841 30542 30542 W ThreadPoolForeg: type=1400 audit(0.0:20393): avc: denied { setattr } for name="ct_config.pb" dev="dm-2" ino=1504807 scontext=u:r:isolated_app:s0:c512,c768 tcontext=u:object_r:app_data_file:s0:c512,c768 tclass=file permissive=0
11-01 05:48:37.844 30542 30542 W ThreadPoolForeg: type=1400 audit(0.0:20394): avc: denied { setattr } for name="kp_pinslist.pb" dev="dm-2" ino=1504808 scontext=u:r:isolated_app:s0:c512,c768 tcontext=u:object_r:app_data_file:s0:c512,c768 tclass=file permissive=0
11-01 05:48:37.844 30542 30542 W ThreadPoolForeg: type=1400 audit(0.0:20395): avc: denied { setattr } for name="manifest.json" dev="dm-2" ino=1504809 scontext=u:r:isolated_app:s0:c512,c768 tcontext=u:object_r:app_data_file:s0:c512,c768 tclass=file permissive=0
11-01 05:48:37.851 30542 30542 W ThreadPoolForeg: type=1400 audit(0.0:20396): avc: denied { setattr } for name="verified_contents.json" dev="dm-2" ino=1504812 scontext=u:r:isolated_app:s0:c512,c768 tcontext=u:object_r:app_data_file:s0:c512,c768 tclass=file permissive=0
11-01 05:48:37.857 30524 30538 I chromium: [INFO:child_process_service.cc(69)] ChildProcessService: Exiting child process.
11-01 05:48:37.859   422   422 E lowmemorykiller: Error writing /proc/30524/oom_score_adj; errno=22
11-01 05:48:37.859   772  1327 I ActivityManager: Killing 30524:com.android.chrome:sandboxed_process14/u0a60i212 (adj 0): isolated not needed
11-01 05:48:37.860   772   790 W zygote64: failed to open /acct/uid_99212/pid_30524/cgroup.procs: No such file or directory
11-01 05:48:42.108 30545 30545 E /system/bin/webview_zygote32: failed to make and chown /acct/uid_99213: Permission denied
11-01 05:48:42.109 30545 30545 E Zygote  : createProcessGroup(99213, 0) failed: Permission denied
11-01 05:48:42.114   772 10894 I ActivityManager: Start proc 30545:com.android.chrome:sandboxed_process15/u0i213 for webview_service com.android.chrome/org.chromium.content.app.SandboxedProcessService15
11-01 05:48:42.155 30545 30545 I SamplingProfilerIntegration: Profiling disabled.
11-01 05:48:42.188 30558 30558 E asset   : setgid: Operation not permitted
11-01 05:48:42.236 30545 30545 I cr_SplitCompatApp: Launched version=106.0.5249.79 minSdkVersion=24 isBundle=true processName=com.android.chrome:sandboxed_process15 isIsolated=true
11-01 05:48:42.246 30545 30545 W SystemServiceRegistry: No service published for: uimode
11-01 05:48:42.260 30545 30545 I cr_ChildProcessService: Creating new ChildProcessService pid=30545
11-01 05:48:42.273 30545 30545 E WebViewFactory: can't load with relro file; address space not reserved
11-01 05:48:42.287 30545 30559 I cr_LibraryLoader: Successfully loaded native library
11-01 05:48:42.288 30545 30559 I cr_CachingUmaRecorder: Flushed 3 samples from 3 histograms.
11-01 05:48:42.334 30562 30562 W ThreadPoolForeg: type=1400 audit(0.0:20397): avc: denied { setattr } for name="safety_tips.pb" dev="dm-2" ino=1504815 scontext=u:r:isolated_app:s0:c512,c768 tcontext=u:object_r:app_data_file:s0:c512,c768 tclass=file permissive=0
11-01 05:48:42.334 30562 30562 W ThreadPoolForeg: type=1400 audit(0.0:20398): avc: denied { setattr } for name="safety_tips.pb" dev="dm-2" ino=1504815 scontext=u:r:isolated_app:s0:c512,c768 tcontext=u:object_r:app_data_file:s0:c512,c768 tclass=file permissive=0
11-01 05:48:42.334 30562 30562 W ThreadPoolForeg: type=1400 audit(0.0:20399): avc: denied { setattr } for name="manifest.json" dev="dm-2" ino=1504816 scontext=u:r:isolated_app:s0:c512,c768 tcontext=u:object_r:app_data_file:s0:c512,c768 tclass=file permissive=0
11-01 05:48:42.341 30562 30562 W ThreadPoolForeg: type=1400 audit(0.0:20400): avc: denied { setattr } for name="verified_contents.json" dev="dm-2" ino=1504819 scontext=u:r:isolated_app:s0:c512,c768 tcontext=u:object_r:app_data_file:s0:c512,c768 tclass=file permissive=0
11-01 05:48:42.351 30545 30559 I chromium: [INFO:child_process_service.cc(69)] ChildProcessService: Exiting child process.
11-01 05:48:42.354   422   422 E lowmemorykiller: Error writing /proc/30545/oom_score_adj; errno=22
11-01 05:48:42.356   772 13022 I ActivityManager: Killing 30545:com.android.chrome:sandboxed_process15/u0a60i213 (adj 0): isolated not needed
11-01 05:48:42.357   772   790 W zygote64: failed to open /acct/uid_99213/pid_30545/cgroup.procs: No such file or directory
11-01 05:48:43.816 29709 29876 I WebViewFactory: Loading com.android.chrome version 106.0.5249.79 (code 524907923)
11-01 05:48:43.899 29709 29876 W linker  : "/data/app/com.android.chrome-6miXT7Rhe2HDjAcD6FuDPg==/base.apk!/lib/arm64-v8a/libmonochrome.so" unused DT entry: type 0x70000001 arg 0x0
11-01 05:48:44.065 29709 29876 I zygote64: Rejecting re-init on previously-failed class java.lang.Class<Se2>: java.lang.NoClassDefFoundError: Failed resolution of: Landroid/webkit/PacProcessor;
11-01 05:48:44.065 29709 29876 I zygote64:   at java.lang.Class java.lang.Class.classForName(java.lang.String, boolean, java.lang.ClassLoader) (Class.java:-2)
11-01 05:48:44.065 29709 29876 I zygote64:   at java.lang.Class java.lang.Class.forName(java.lang.String, boolean, java.lang.ClassLoader) (Class.java:453)
11-01 05:48:44.065 29709 29876 I zygote64:   at java.lang.Class android.webkit.WebViewFactory.getWebViewProviderClass(java.lang.ClassLoader) (WebViewFactory.java:150)
11-01 05:48:44.065 29709 29876 I zygote64:   at java.lang.Class android.webkit.WebViewFactory.getProviderClass() (WebViewFactory.java:417)
11-01 05:48:44.065 29709 29876 I zygote64:   at android.webkit.WebViewFactoryProvider android.webkit.WebViewFactory.getProvider() (WebViewFactory.java:211)
11-01 05:48:44.065 29709 29876 I zygote64:   at android.webkit.CookieManager android.webkit.CookieManager.getInstance() (CookieManager.java:39)
11-01 05:48:44.065 29709 29876 I zygote64:   at boolean com.google.android.apps.gsa.search.core.q.a.a.o.Oq() (SourceFile:32)
11-01 05:48:44.065 29709 29876 I zygote64:   at com.google.android.apps.gsa.search.core.q.a.a com.google.android.apps.gsa.search.core.q.a.a.o.dE(java.lang.String) (SourceFile:86)
11-01 05:48:44.065 29709 29876 I zygote64:   at com.google.android.apps.gsa.search.core.q.a.a com.google.android.apps.gsa.search.core.q.a.a.o.dz(java.lang.String) (SourceFile:54)
11-01 05:48:44.065 29709 29876 I zygote64:   at boolean com.google.android.apps.gsa.search.core.google.u.a(android.net.Uri, java.util.Map) (SourceFile:11)
11-01 05:48:44.065 29709 29876 I zygote64:   at com.google.android.apps.gsa.search.shared.api.UriRequest com.google.android.apps.gsa.search.core.google.dc.a(com.google.android.apps.gsa.search.core.google.dd) (SourceFile:42)
11-01 05:48:44.065 29709 29876 I zygote64:   at com.google.android.apps.gsa.search.shared.api.UriRequest com.google.android.apps.gsa.search.core.google.cv.t(com.google.android.apps.gsa.shared.search.Query) (SourceFile:204)
11-01 05:48:44.065 29709 29876 I zygote64:   at com.google.android.apps.gsa.search.core.google.a.g com.google.android.apps.gsa.search.core.google.a.h.e(com.google.android.apps.gsa.shared.search.Query, boolean) (SourceFile:18)
11-01 05:48:44.065 29709 29876 I zygote64:   at com.google.android.apps.gsa.taskgraph.Done com.google.android.apps.gsa.searchbox.client.gsa.a.d.aiq() (SourceFile:15)
11-01 05:48:44.065 29709 29876 I zygote64:   at java.lang.Object com.google.android.apps.gsa.searchbox.client.gsa.a.d.call() (SourceFile:28)
11-01 05:48:44.065 29709 29876 I zygote64:   at void java.util.concurrent.FutureTask.run() (FutureTask.java:266)
11-01 05:48:44.065 29709 29876 I zygote64:   at void com.google.android.apps.gsa.shared.util.concurrent.a.ax.run() (SourceFile:14)
11-01 05:48:44.065 29709 29876 I zygote64:   at void com.google.android.apps.gsa.shared.util.concurrent.a.bl.run() (SourceFile:4)
11-01 05:48:44.065 29709 29876 I zygote64:   at void com.google.android.apps.gsa.shared.util.concurrent.a.bl.run() (SourceFile:4)
11-01 05:48:44.065 29709 29876 I zygote64:   at void java.util.concurrent.ThreadPoolExecutor.runWorker(java.util.concurrent.ThreadPoolExecutor$Worker) (ThreadPoolExecutor.java:1162)
11-01 05:48:44.065 29709 29876 I zygote64:   at void java.util.concurrent.ThreadPoolExecutor$Worker.run() (ThreadPoolExecutor.java:636)
11-01 05:48:44.065 29709 29876 I zygote64:   at void java.lang.Thread.run() (Thread.java:764)
11-01 05:48:44.065 29709 29876 I zygote64:   at void com.google.android.apps.gsa.shared.util.concurrent.a.ai.run() (SourceFile:6)
11-01 05:48:44.065 29709 29876 I zygote64: Caused by: java.lang.ClassNotFoundException: Didn't find class "android.webkit.PacProcessor" on path: DexPathList[[zip file "/data/app/com.android.chrome-6miXT7Rhe2HDjAcD6FuDPg==/base.apk"],nativeLibraryDirectories=[/data/app/com.android.chrome-6miXT7Rhe2HDjAcD6FuDPg==/lib/arm64, /data/app/com.android.chrome-6miXT7Rhe2HDjAcD6FuDPg==/base.apk!/lib/arm64-v8a, /system/lib64, /vendor/lib64]]
11-01 05:48:44.065 29709 29876 I zygote64:   at java.lang.Class dalvik.system.BaseDexClassLoader.findClass(java.lang.String) (BaseDexClassLoader.java:93)
11-01 05:48:44.065 29709 29876 I zygote64:   at java.lang.Class java.lang.ClassLoader.loadClass(java.lang.String, boolean) (ClassLoader.java:379)
11-01 05:48:44.065 29709 29876 I zygote64:   at java.lang.Class java.lang.ClassLoader.loadClass(java.lang.String) (ClassLoader.java:312)
11-01 05:48:44.065 29709 29876 I zygote64:   at java.lang.Class java.lang.Class.classForName(java.lang.String, boolean, java.lang.ClassLoader) (Class.java:-2)
11-01 05:48:44.065 29709 29876 I zygote64:   at java.lang.Class java.lang.Class.forName(java.lang.String, boolean, java.lang.ClassLoader) (Class.java:453)
11-01 05:48:44.065 29709 29876 I zygote64:   at java.lang.Class android.webkit.WebViewFactory.getWebViewProviderClass(java.lang.ClassLoader) (WebViewFactory.java:150)
11-01 05:48:44.065 29709 29876 I zygote64:   at java.lang.Class android.webkit.WebViewFactory.getProviderClass() (WebViewFactory.java:417)
11-01 05:48:44.065 29709 29876 I zygote64:   at android.webkit.WebViewFactoryProvider android.webkit.WebViewFactory.getProvider() (WebViewFactory.java:211)
11-01 05:48:44.065 29709 29876 I zygote64:   at android.webkit.CookieManager android.webkit.CookieManager.getInstance() (CookieManager.java:39)
11-01 05:48:44.065 29709 29876 I zygote64:   at boolean com.google.android.apps.gsa.search.core.q.a.a.o.Oq() (SourceFile:32)
11-01 05:48:44.065 29709 29876 I zygote64:   at com.google.android.apps.gsa.search.core.q.a.a com.google.android.apps.gsa.search.core.q.a.a.o.dE(java.lang.String) (SourceFile:86)
11-01 05:48:44.065 29709 29876 I zygote64:   at com.google.android.apps.gsa.search.core.q.a.a com.google.android.apps.gsa.search.core.q.a.a.o.dz(java.lang.String) (SourceFile:54)
11-01 05:48:44.065 29709 29876 I zygote64:   at boolean com.google.android.apps.gsa.search.core.google.u.a(android.net.Uri, java.util.Map) (SourceFile:11)
11-01 05:48:44.065 29709 29876 I zygote64:   at com.google.android.apps.gsa.search.shared.api.UriRequest com.google.android.apps.gsa.search.core.google.dc.a(com.google.android.apps.gsa.search.core.google.dd) (SourceFile:42)
11-01 05:48:44.065 29709 29876 I zygote64:   at com.google.android.apps.gsa.search.shared.api.UriRequest com.google.android.apps.gsa.search.core.google.cv.t(com.google.android.apps.gsa.shared.search.Query) (SourceFile:204)
11-01 05:48:44.065 29709 29876 I zygote64:   at com.google.android.apps.gsa.search.core.google.a.g com.google.android.apps.gsa.search.core.google.a.h.e(com.google.android.apps.gsa.shared.search.Query, boolean) (SourceFile:18)
11-01 05:48:44.065 29709 29876 I zygote64:   at com.google.android.apps.gsa.taskgraph.Done com.google.android.apps.gsa.searchbox.client.gsa.a.d.aiq() (SourceFile:15)
11-01 05:48:44.065 29709 29876 I zygote64:   at java.lang.Object com.google.android.apps.gsa.searchbox.client.gsa.a.d.call() (SourceFile:28)
11-01 05:48:44.065 29709 29876 I zygote64:   at void java.util.concurrent.FutureTask.run() (FutureTask.java:266)
11-01 05:48:44.065 29709 29876 I zygote64:   at void com.google.android.apps.gsa.shared.util.concurrent.a.ax.run() (SourceFile:14)
11-01 05:48:44.065 29709 29876 I zygote64:   at void com.google.android.apps.gsa.shared.util.concurrent.a.bl.run() (SourceFile:4)
11-01 05:48:44.065 29709 29876 I zygote64:   at void com.google.android.apps.gsa.shared.util.concurrent.a.bl.run() (SourceFile:4)
11-01 05:48:44.065 29709 29876 I zygote64:   at void java.util.concurrent.ThreadPoolExecutor.runWorker(java.util.concurrent.ThreadPoolExecutor$Worker) (ThreadPoolExecutor.java:1162)
11-01 05:48:44.065 29709 29876 I zygote64:   at void java.util.concurrent.ThreadPoolExecutor$Worker.run() (ThreadPoolExecutor.java:636)
11-01 05:48:44.065 29709 29876 I zygote64:   at void java.lang.Thread.run() (Thread.java:764)
11-01 05:48:44.065 29709 29876 I zygote64:   at void com.google.android.apps.gsa.shared.util.concurrent.a.ai.run() (SourceFile:6)
11-01 05:48:44.065 29709 29876 I zygote64: 
11-01 05:48:44.066 29709 29876 I zygote64: Rejecting re-init on previously-failed class java.lang.Class<Se2>: java.lang.NoClassDefFoundError: Failed resolution of: Landroid/webkit/PacProcessor;
11-01 05:48:44.066 29709 29876 I zygote64:   at java.lang.Class java.lang.Class.classForName(java.lang.String, boolean, java.lang.ClassLoader) (Class.java:-2)
11-01 05:48:44.066 29709 29876 I zygote64:   at java.lang.Class java.lang.Class.forName(java.lang.String, boolean, java.lang.ClassLoader) (Class.java:453)
11-01 05:48:44.066 29709 29876 I zygote64:   at java.lang.Class android.webkit.WebViewFactory.getWebViewProviderClass(java.lang.ClassLoader) (WebViewFactory.java:150)
11-01 05:48:44.066 29709 29876 I zygote64:   at java.lang.Class android.webkit.WebViewFactory.getProviderClass() (WebViewFactory.java:417)
11-01 05:48:44.066 29709 29876 I zygote64:   at android.webkit.WebViewFactoryProvider android.webkit.WebViewFactory.getProvider() (WebViewFactory.java:211)
11-01 05:48:44.066 29709 29876 I zygote64:   at android.webkit.CookieManager android.webkit.CookieManager.getInstance() (CookieManager.java:39)
11-01 05:48:44.066 29709 29876 I zygote64:   at boolean com.google.android.apps.gsa.search.core.q.a.a.o.Oq() (SourceFile:32)
11-01 05:48:44.066 29709 29876 I zygote64:   at com.google.android.apps.gsa.search.core.q.a.a com.google.android.apps.gsa.search.core.q.a.a.o.dE(java.lang.String) (SourceFile:86)
11-01 05:48:44.066 29709 29876 I zygote64:   at com.google.android.apps.gsa.search.core.q.a.a com.google.android.apps.gsa.search.core.q.a.a.o.dz(java.lang.String) (SourceFile:54)
11-01 05:48:44.066 29709 29876 I zygote64:   at boolean com.google.android.apps.gsa.search.core.google.u.a(android.net.Uri, java.util.Map) (SourceFile:11)
11-01 05:48:44.066 29709 29876 I zygote64:   at com.google.android.apps.gsa.search.shared.api.UriRequest com.google.android.apps.gsa.search.core.google.dc.a(com.google.android.apps.gsa.search.core.google.dd) (SourceFile:42)
11-01 05:48:44.066 29709 29876 I zygote64:   at com.google.android.apps.gsa.search.shared.api.UriRequest com.google.android.apps.gsa.search.core.google.cv.t(com.google.android.apps.gsa.shared.search.Query) (SourceFile:204)
11-01 05:48:44.066 29709 29876 I zygote64:   at com.google.android.apps.gsa.search.core.google.a.g com.google.android.apps.gsa.search.core.google.a.h.e(com.google.android.apps.gsa.shared.search.Query, boolean) (SourceFile:18)
11-01 05:48:44.066 29709 29876 I zygote64:   at com.google.android.apps.gsa.taskgraph.Done com.google.android.apps.gsa.searchbox.client.gsa.a.d.aiq() (SourceFile:15)
11-01 05:48:44.066 29709 29876 I zygote64:   at java.lang.Object com.google.android.apps.gsa.searchbox.client.gsa.a.d.call() (SourceFile:28)
11-01 05:48:44.066 29709 29876 I zygote64:   at void java.util.concurrent.FutureTask.run() (FutureTask.java:266)
11-01 05:48:44.066 29709 29876 I zygote64:   at void com.google.android.apps.gsa.shared.util.concurrent.a.ax.run() (SourceFile:14)
11-01 05:48:44.066 29709 29876 I zygote64:   at void com.google.android.apps.gsa.shared.util.concurrent.a.bl.run() (SourceFile:4)
11-01 05:48:44.066 29709 29876 I zygote64:   at void com.google.android.apps.gsa.shared.util.concurrent.a.bl.run() (SourceFile:4)
11-01 05:48:44.066 29709 29876 I zygote64:   at void java.util.concurrent.ThreadPoolExecutor.runWorker(java.util.concurrent.ThreadPoolExecutor$Worker) (ThreadPoolExecutor.java:1162)
11-01 05:48:44.066 29709 29876 I zygote64:   at void java.util.concurrent.ThreadPoolExecutor$Worker.run() (ThreadPoolExecutor.java:636)
11-01 05:48:44.066 29709 29876 I zygote64:   at void java.lang.Thread.run() (Thread.java:764)
11-01 05:48:44.066 29709 29876 I zygote64:   at void com.google.android.apps.gsa.shared.util.concurrent.a.ai.run() (SourceFile:6)
11-01 05:48:44.066 29709 29876 I zygote64: Caused by: java.lang.ClassNotFoundException: Didn't find class "android.webkit.PacProcessor" on path: DexPathList[[zip file "/data/app/com.android.chrome-6miXT7Rhe2HDjAcD6FuDPg==/base.apk"],nativeLibraryDirectories=[/data/app/com.android.chrome-6miXT7Rhe2HDjAcD6FuDPg==/lib/arm64, /data/app/com.android.chrome-6miXT7Rhe2HDjAcD6FuDPg==/base.apk!/lib/arm64-v8a, /system/lib64, /vendor/lib64]]
11-01 05:48:44.066 29709 29876 I zygote64:   at java.lang.Class dalvik.system.BaseDexClassLoader.findClass(java.lang.String) (BaseDexClassLoader.java:93)
11-01 05:48:44.066 29709 29876 I zygote64:   at java.lang.Class java.lang.ClassLoader.loadClass(java.lang.String, boolean) (ClassLoader.java:379)
11-01 05:48:44.066 29709 29876 I zygote64:   at java.lang.Class java.lang.ClassLoader.loadClass(java.lang.String) (ClassLoader.java:312)
11-01 05:48:44.066 29709 29876 I zygote64:   at java.lang.Class java.lang.Class.classForName(java.lang.String, boolean, java.lang.ClassLoader) (Class.java:-2)
11-01 05:48:44.067 29709 29876 I zygote64:   at java.lang.Class java.lang.Class.forName(java.lang.String, boolean, java.lang.ClassLoader) (Class.java:453)
11-01 05:48:44.067 29709 29876 I zygote64:   at java.lang.Class android.webkit.WebViewFactory.getWebViewProviderClass(java.lang.ClassLoader) (WebViewFactory.java:150)
11-01 05:48:44.067 29709 29876 I zygote64:   at java.lang.Class android.webkit.WebViewFactory.getProviderClass() (WebViewFactory.java:417)
11-01 05:48:44.067 29709 29876 I zygote64:   at android.webkit.WebViewFactoryProvider android.webkit.WebViewFactory.getProvider() (WebViewFactory.java:211)
11-01 05:48:44.067 29709 29876 I zygote64:   at android.webkit.CookieManager android.webkit.CookieManager.getInstance() (CookieManager.java:39)
11-01 05:48:44.067 29709 29876 I zygote64:   at boolean com.google.android.apps.gsa.search.core.q.a.a.o.Oq() (SourceFile:32)
11-01 05:48:44.067 29709 29876 I zygote64:   at com.google.android.apps.gsa.search.core.q.a.a com.google.android.apps.gsa.search.core.q.a.a.o.dE(java.lang.String) (SourceFile:86)
11-01 05:48:44.067 29709 29876 I zygote64:   at com.google.android.apps.gsa.search.core.q.a.a com.google.android.apps.gsa.search.core.q.a.a.o.dz(java.lang.String) (SourceFile:54)
11-01 05:48:44.067 29709 29876 I zygote64:   at boolean com.google.android.apps.gsa.search.core.google.u.a(android.net.Uri, java.util.Map) (SourceFile:11)
11-01 05:48:44.067 29709 29876 I zygote64:   at com.google.android.apps.gsa.search.shared.api.UriRequest com.google.android.apps.gsa.search.core.google.dc.a(com.google.android.apps.gsa.search.core.google.dd) (SourceFile:42)
11-01 05:48:44.067 29709 29876 I zygote64:   at com.google.android.apps.gsa.search.shared.api.UriRequest com.google.android.apps.gsa.search.core.google.cv.t(com.google.android.apps.gsa.shared.search.Query) (SourceFile:204)
11-01 05:48:44.067 29709 29876 I zygote64:   at com.google.android.apps.gsa.search.core.google.a.g com.google.android.apps.gsa.search.core.google.a.h.e(com.google.android.apps.gsa.shared.search.Query, boolean) (SourceFile:18)
11-01 05:48:44.067 29709 29876 I zygote64:   at com.google.android.apps.gsa.taskgraph.Done com.google.android.apps.gsa.searchbox.client.gsa.a.d.aiq() (SourceFile:15)
11-01 05:48:44.067 29709 29876 I zygote64:   at java.lang.Object com.google.android.apps.gsa.searchbox.client.gsa.a.d.call() (SourceFile:28)
11-01 05:48:44.067 29709 29876 I zygote64:   at void java.util.concurrent.FutureTask.run() (FutureTask.java:266)
11-01 05:48:44.067 29709 29876 I zygote64:   at void com.google.android.apps.gsa.shared.util.concurrent.a.ax.run() (SourceFile:14)
11-01 05:48:44.067 29709 29876 I zygote64:   at void com.google.android.apps.gsa.shared.util.concurrent.a.bl.run() (SourceFile:4)
11-01 05:48:44.067 29709 29876 I zygote64:   at void com.google.android.apps.gsa.shared.util.concurrent.a.bl.run() (SourceFile:4)
11-01 05:48:44.067 29709 29876 I zygote64:   at void java.util.concurrent.ThreadPoolExecutor.runWorker(java.util.concurrent.ThreadPoolExecutor$Worker) (ThreadPoolExecutor.java:1162)
11-01 05:48:44.067 29709 29876 I zygote64:   at void java.util.concurrent.ThreadPoolExecutor$Worker.run() (ThreadPoolExecutor.java:636)
11-01 05:48:44.067 29709 29876 I zygote64:   at void java.lang.Thread.run() (Thread.java:764)
11-01 05:48:44.067 29709 29876 I zygote64:   at void com.google.android.apps.gsa.shared.util.concurrent.a.ai.run() (SourceFile:6)
11-01 05:48:44.067 29709 29876 I zygote64: 
11-01 05:48:44.067 29709 29876 I zygote64: Rejecting re-init on previously-failed class java.lang.Class<Se2>: java.lang.NoClassDefFoundError: Failed resolution of: Landroid/webkit/PacProcessor;
11-01 05:48:44.067 29709 29876 I zygote64:   at java.lang.Class java.lang.Class.classForName(java.lang.String, boolean, java.lang.ClassLoader) (Class.java:-2)
11-01 05:48:44.067 29709 29876 I zygote64:   at java.lang.Class java.lang.Class.forName(java.lang.String, boolean, java.lang.ClassLoader) (Class.java:453)
11-01 05:48:44.067 29709 29876 I zygote64:   at java.lang.Class android.webkit.WebViewFactory.getWebViewProviderClass(java.lang.ClassLoader) (WebViewFactory.java:150)
11-01 05:48:44.067 29709 29876 I zygote64:   at java.lang.Class android.webkit.WebViewFactory.getProviderClass() (WebViewFactory.java:417)
11-01 05:48:44.067 29709 29876 I zygote64:   at android.webkit.WebViewFactoryProvider android.webkit.WebViewFactory.getProvider() (WebViewFactory.java:211)
11-01 05:48:44.067 29709 29876 I zygote64:   at android.webkit.CookieManager android.webkit.CookieManager.getInstance() (CookieManager.java:39)
11-01 05:48:44.067 29709 29876 I zygote64:   at boolean com.google.android.apps.gsa.search.core.q.a.a.o.Oq() (SourceFile:32)
11-01 05:48:44.067 29709 29876 I zygote64:   at com.google.android.apps.gsa.search.core.q.a.a com.google.android.apps.gsa.search.core.q.a.a.o.dE(java.lang.String) (SourceFile:86)
11-01 05:48:44.067 29709 29876 I zygote64:   at com.google.android.apps.gsa.search.core.q.a.a com.google.android.apps.gsa.search.core.q.a.a.o.dz(java.lang.String) (SourceFile:54)
11-01 05:48:44.067 29709 29876 I zygote64:   at boolean com.google.android.apps.gsa.search.core.google.u.a(android.net.Uri, java.util.Map) (SourceFile:11)
11-01 05:48:44.067 29709 29876 I zygote64:   at com.google.android.apps.gsa.search.shared.api.UriRequest com.google.android.apps.gsa.search.core.google.dc.a(com.google.android.apps.gsa.search.core.google.dd) (SourceFile:42)
11-01 05:48:44.067 29709 29876 I zygote64:   at com.google.android.apps.gsa.search.shared.api.UriRequest com.google.android.apps.gsa.search.core.google.cv.t(com.google.android.apps.gsa.shared.search.Query) (SourceFile:204)
11-01 05:48:44.067 29709 29876 I zygote64:   at com.google.android.apps.gsa.search.core.google.a.g com.google.android.apps.gsa.search.core.google.a.h.e(com.google.android.apps.gsa.shared.search.Query, boolean) (SourceFile:18)
11-01 05:48:44.067 29709 29876 I zygote64:   at com.google.android.apps.gsa.taskgraph.Done com.google.android.apps.gsa.searchbox.client.gsa.a.d.aiq() (SourceFile:15)
11-01 05:48:44.067 29709 29876 I zygote64:   at java.lang.Object com.google.android.apps.gsa.searchbox.client.gsa.a.d.call() (SourceFile:28)
11-01 05:48:44.067 29709 29876 I zygote64:   at void java.util.concurrent.FutureTask.run() (FutureTask.java:266)
11-01 05:48:44.067 29709 29876 I zygote64:   at void com.google.android.apps.gsa.shared.util.concurrent.a.ax.run() (SourceFile:14)
11-01 05:48:44.067 29709 29876 I zygote64:   at void com.google.android.apps.gsa.shared.util.concurrent.a.bl.run() (SourceFile:4)
11-01 05:48:44.067 29709 29876 I zygote64:   at void com.google.android.apps.gsa.shared.util.concurrent.a.bl.run() (SourceFile:4)
11-01 05:48:44.067 29709 29876 I zygote64:   at void java.util.concurrent.ThreadPoolExecutor.runWorker(java.util.concurrent.ThreadPoolExecutor$Worker) (ThreadPoolExecutor.java:1162)
11-01 05:48:44.067 29709 29876 I zygote64:   at void java.util.concurrent.ThreadPoolExecutor$Worker.run() (ThreadPoolExecutor.java:636)
11-01 05:48:44.067 29709 29876 I zygote64:   at void java.lang.Thread.run() (Thread.java:764)
11-01 05:48:44.067 29709 29876 I zygote64:   at void com.google.android.apps.gsa.shared.util.concurrent.a.ai.run() (SourceFile:6)
11-01 05:48:44.067 29709 29876 I zygote64: Caused by: java.lang.ClassNotFoundException: Didn't find class "android.webkit.PacProcessor" on path: DexPathList[[zip file "/data/app/com.android.chrome-6miXT7Rhe2HDjAcD6FuDPg==/base.apk"],nativeLibraryDirectories=[/data/app/com.android.chrome-6miXT7Rhe2HDjAcD6FuDPg==/lib/arm64, /data/app/com.android.chrome-6miXT7Rhe2HDjAcD6FuDPg==/base.apk!/lib/arm64-v8a, /system/lib64, /vendor/lib64]]
11-01 05:48:44.067 29709 29876 I zygote64:   at java.lang.Class dalvik.system.BaseDexClassLoader.findClass(java.lang.String) (BaseDexClassLoader.java:93)
11-01 05:48:44.067 29709 29876 I zygote64:   at java.lang.Class java.lang.ClassLoader.loadClass(java.lang.String, boolean) (ClassLoader.java:379)
11-01 05:48:44.067 29709 29876 I zygote64:   at java.lang.Class java.lang.ClassLoader.loadClass(java.lang.String) (ClassLoader.java:312)
11-01 05:48:44.067 29709 29876 I zygote64:   at java.lang.Class java.lang.Class.classForName(java.lang.String, boolean, java.lang.ClassLoader) (Class.java:-2)
11-01 05:48:44.067 29709 29876 I zygote64:   at java.lang.Class java.lang.Class.forName(java.lang.String, boolean, java.lang.ClassLoader) (Class.java:453)
11-01 05:48:44.067 29709 29876 I zygote64:   at java.lang.Class android.webkit.WebViewFactory.getWebViewProviderClass(java.lang.ClassLoader) (WebViewFactory.java:150)
11-01 05:48:44.067 29709 29876 I zygote64:   at java.lang.Class android.webkit.WebViewFactory.getProviderClass() (WebViewFactory.java:417)
11-01 05:48:44.067 29709 29876 I zygote64:   at android.webkit.WebViewFactoryProvider android.webkit.WebViewFactory.getProvider() (WebViewFactory.java:211)
11-01 05:48:44.067 29709 29876 I zygote64:   at android.webkit.CookieManager android.webkit.CookieManager.getInstance() (CookieManager.java:39)
11-01 05:48:44.067 29709 29876 I zygote64:   at boolean com.google.android.apps.gsa.search.core.q.a.a.o.Oq() (SourceFile:32)
11-01 05:48:44.067 29709 29876 I zygote64:   at com.google.android.apps.gsa.search.core.q.a.a com.google.android.apps.gsa.search.core.q.a.a.o.dE(java.lang.String) (SourceFile:86)
11-01 05:48:44.067 29709 29876 I zygote64:   at com.google.android.apps.gsa.search.core.q.a.a com.google.android.apps.gsa.search.core.q.a.a.o.dz(java.lang.String) (SourceFile:54)
11-01 05:48:44.067 29709 29876 I zygote64:   at boolean com.google.android.apps.gsa.search.core.google.u.a(android.net.Uri, java.util.Map) (SourceFile:11)
11-01 05:48:44.068 29709 29876 I zygote64:   at com.google.android.apps.gsa.search.shared.api.UriRequest com.google.android.apps.gsa.search.core.google.dc.a(com.google.android.apps.gsa.search.core.google.dd) (SourceFile:42)
11-01 05:48:44.068 29709 29876 I zygote64:   at com.google.android.apps.gsa.search.shared.api.UriRequest com.google.android.apps.gsa.search.core.google.cv.t(com.google.android.apps.gsa.shared.search.Query) (SourceFile:204)
11-01 05:48:44.068 29709 29876 I zygote64:   at com.google.android.apps.gsa.search.core.google.a.g com.google.android.apps.gsa.search.core.google.a.h.e(com.google.android.apps.gsa.shared.search.Query, boolean) (SourceFile:18)
11-01 05:48:44.068 29709 29876 I zygote64:   at com.google.android.apps.gsa.taskgraph.Done com.google.android.apps.gsa.searchbox.client.gsa.a.d.aiq() (SourceFile:15)
11-01 05:48:44.068 29709 29876 I zygote64:   at java.lang.Object com.google.android.apps.gsa.searchbox.client.gsa.a.d.call() (SourceFile:28)
11-01 05:48:44.068 29709 29876 I zygote64:   at void java.util.concurrent.FutureTask.run() (FutureTask.java:266)
11-01 05:48:44.068 29709 29876 I zygote64:   at void com.google.android.apps.gsa.shared.util.concurrent.a.ax.run() (SourceFile:14)
11-01 05:48:44.068 29709 29876 I zygote64:   at void com.google.android.apps.gsa.shared.util.concurrent.a.bl.run() (SourceFile:4)
11-01 05:48:44.068 29709 29876 I zygote64:   at void com.google.android.apps.gsa.shared.util.concurrent.a.bl.run() (SourceFile:4)
11-01 05:48:44.068 29709 29876 I zygote64:   at void java.util.concurrent.ThreadPoolExecutor.runWorker(java.util.concurrent.ThreadPoolExecutor$Worker) (ThreadPoolExecutor.java:1162)
11-01 05:48:44.068 29709 29876 I zygote64:   at void java.util.concurrent.ThreadPoolExecutor$Worker.run() (ThreadPoolExecutor.java:636)
11-01 05:48:44.068 29709 29876 I zygote64:   at void java.lang.Thread.run() (Thread.java:764)
11-01 05:48:44.068 29709 29876 I zygote64:   at void com.google.android.apps.gsa.shared.util.concurrent.a.ai.run() (SourceFile:6)
11-01 05:48:44.068 29709 29876 I zygote64: 
11-01 05:48:44.076 29709 29876 I zygote64: Rejecting re-init on previously-failed class java.lang.Class<Se2>: java.lang.NoClassDefFoundError: Failed resolution of: Landroid/webkit/PacProcessor;
11-01 05:48:44.076 29709 29876 I zygote64:   at java.lang.Class java.lang.Class.classForName(java.lang.String, boolean, java.lang.ClassLoader) (Class.java:-2)
11-01 05:48:44.076 29709 29876 I zygote64:   at java.lang.Class java.lang.Class.forName(java.lang.String, boolean, java.lang.ClassLoader) (Class.java:453)
11-01 05:48:44.076 29709 29876 I zygote64:   at java.lang.Class android.webkit.WebViewFactory.getWebViewProviderClass(java.lang.ClassLoader) (WebViewFactory.java:150)
11-01 05:48:44.076 29709 29876 I zygote64:   at java.lang.Class android.webkit.WebViewFactory.getProviderClass() (WebViewFactory.java:417)
11-01 05:48:44.076 29709 29876 I zygote64:   at android.webkit.WebViewFactoryProvider android.webkit.WebViewFactory.getProvider() (WebViewFactory.java:211)
11-01 05:48:44.076 29709 29876 I zygote64:   at android.webkit.CookieManager android.webkit.CookieManager.getInstance() (CookieManager.java:39)
11-01 05:48:44.076 29709 29876 I zygote64:   at boolean com.google.android.apps.gsa.search.core.q.a.a.o.Oq() (SourceFile:32)
11-01 05:48:44.076 29709 29876 I zygote64:   at com.google.android.apps.gsa.search.core.q.a.a com.google.android.apps.gsa.search.core.q.a.a.o.dE(java.lang.String) (SourceFile:86)
11-01 05:48:44.076 29709 29876 I zygote64:   at com.google.android.apps.gsa.search.core.q.a.a com.google.android.apps.gsa.search.core.q.a.a.o.dz(java.lang.String) (SourceFile:54)
11-01 05:48:44.076 29709 29876 I zygote64:   at boolean com.google.android.apps.gsa.search.core.google.u.a(android.net.Uri, java.util.Map) (SourceFile:11)
11-01 05:48:44.076 29709 29876 I zygote64:   at com.google.android.apps.gsa.search.shared.api.UriRequest com.google.android.apps.gsa.search.core.google.dc.a(com.google.android.apps.gsa.search.core.google.dd) (SourceFile:42)
11-01 05:48:44.076 29709 29876 I zygote64:   at com.google.android.apps.gsa.search.shared.api.UriRequest com.google.android.apps.gsa.search.core.google.cv.t(com.google.android.apps.gsa.shared.search.Query) (SourceFile:204)
11-01 05:48:44.076 29709 29876 I zygote64:   at com.google.android.apps.gsa.search.core.google.a.g com.google.android.apps.gsa.search.core.google.a.h.e(com.google.android.apps.gsa.shared.search.Query, boolean) (SourceFile:18)
11-01 05:48:44.076 29709 29876 I zygote64:   at com.google.android.apps.gsa.taskgraph.Done com.google.android.apps.gsa.searchbox.client.gsa.a.d.aiq() (SourceFile:15)
11-01 05:48:44.076 29709 29876 I zygote64:   at java.lang.Object com.google.android.apps.gsa.searchbox.client.gsa.a.d.call() (SourceFile:28)
11-01 05:48:44.076 29709 29876 I zygote64:   at void java.util.concurrent.FutureTask.run() (FutureTask.java:266)
11-01 05:48:44.076 29709 29876 I zygote64:   at void com.google.android.apps.gsa.shared.util.concurrent.a.ax.run() (SourceFile:14)
11-01 05:48:44.077 29709 29876 I zygote64:   at void com.google.android.apps.gsa.shared.util.concurrent.a.bl.run() (SourceFile:4)
11-01 05:48:44.077 29709 29876 I zygote64:   at void com.google.android.apps.gsa.shared.util.concurrent.a.bl.run() (SourceFile:4)
11-01 05:48:44.077 29709 29876 I zygote64:   at void java.util.concurrent.ThreadPoolExecutor.runWorker(java.util.concurrent.ThreadPoolExecutor$Worker) (ThreadPoolExecutor.java:1162)
11-01 05:48:44.077 29709 29876 I zygote64:   at void java.util.concurrent.ThreadPoolExecutor$Worker.run() (ThreadPoolExecutor.java:636)
11-01 05:48:44.077 29709 29876 I zygote64:   at void java.lang.Thread.run() (Thread.java:764)
11-01 05:48:44.077 29709 29876 I zygote64:   at void com.google.android.apps.gsa.shared.util.concurrent.a.ai.run() (SourceFile:6)
11-01 05:48:44.077 29709 29876 I zygote64: Caused by: java.lang.ClassNotFoundException: Didn't find class "android.webkit.PacProcessor" on path: DexPathList[[zip file "/data/app/com.android.chrome-6miXT7Rhe2HDjAcD6FuDPg==/base.apk"],nativeLibraryDirectories=[/data/app/com.android.chrome-6miXT7Rhe2HDjAcD6FuDPg==/lib/arm64, /data/app/com.android.chrome-6miXT7Rhe2HDjAcD6FuDPg==/base.apk!/lib/arm64-v8a, /system/lib64, /vendor/lib64]]
11-01 05:48:44.077 29709 29876 I zygote64:   at java.lang.Class dalvik.system.BaseDexClassLoader.findClass(java.lang.String) (BaseDexClassLoader.java:93)
11-01 05:48:44.077 29709 29876 I zygote64:   at java.lang.Class java.lang.ClassLoader.loadClass(java.lang.String, boolean) (ClassLoader.java:379)
11-01 05:48:44.077 29709 29876 I zygote64:   at java.lang.Class java.lang.ClassLoader.loadClass(java.lang.String) (ClassLoader.java:312)
11-01 05:48:44.077 29709 29876 I zygote64:   at java.lang.Class java.lang.Class.classForName(java.lang.String, boolean, java.lang.ClassLoader) (Class.java:-2)
11-01 05:48:44.077 29709 29876 I zygote64:   at java.lang.Class java.lang.Class.forName(java.lang.String, boolean, java.lang.ClassLoader) (Class.java:453)
11-01 05:48:44.077 29709 29876 I zygote64:   at java.lang.Class android.webkit.WebViewFactory.getWebViewProviderClass(java.lang.ClassLoader) (WebViewFactory.java:150)
11-01 05:48:44.077 29709 29876 I zygote64:   at java.lang.Class android.webkit.WebViewFactory.getProviderClass() (WebViewFactory.java:417)
11-01 05:48:44.077 29709 29876 I zygote64:   at android.webkit.WebViewFactoryProvider android.webkit.WebViewFactory.getProvider() (WebViewFactory.java:211)
11-01 05:48:44.077 29709 29876 I zygote64:   at android.webkit.CookieManager android.webkit.CookieManager.getInstance() (CookieManager.java:39)
11-01 05:48:44.077 29709 29876 I zygote64:   at boolean com.google.android.apps.gsa.search.core.q.a.a.o.Oq() (SourceFile:32)
11-01 05:48:44.077 29709 29876 I zygote64:   at com.google.android.apps.gsa.search.core.q.a.a com.google.android.apps.gsa.search.core.q.a.a.o.dE(java.lang.String) (SourceFile:86)
11-01 05:48:44.077 29709 29876 I zygote64:   at com.google.android.apps.gsa.search.core.q.a.a com.google.android.apps.gsa.search.core.q.a.a.o.dz(java.lang.String) (SourceFile:54)
11-01 05:48:44.077 29709 29876 I zygote64:   at boolean com.google.android.apps.gsa.search.core.google.u.a(android.net.Uri, java.util.Map) (SourceFile:11)
11-01 05:48:44.077 29709 29876 I zygote64:   at com.google.android.apps.gsa.search.shared.api.UriRequest com.google.android.apps.gsa.search.core.google.dc.a(com.google.android.apps.gsa.search.core.google.dd) (SourceFile:42)
11-01 05:48:44.077 29709 29876 I zygote64:   at com.google.android.apps.gsa.search.shared.api.UriRequest com.google.android.apps.gsa.search.core.google.cv.t(com.google.android.apps.gsa.shared.search.Query) (SourceFile:204)
11-01 05:48:44.077 29709 29876 I zygote64:   at com.google.android.apps.gsa.search.core.google.a.g com.google.android.apps.gsa.search.core.google.a.h.e(com.google.android.apps.gsa.shared.search.Query, boolean) (SourceFile:18)
11-01 05:48:44.077 29709 29876 I zygote64:   at com.google.android.apps.gsa.taskgraph.Done com.google.android.apps.gsa.searchbox.client.gsa.a.d.aiq() (SourceFile:15)
11-01 05:48:44.077 29709 29876 I zygote64:   at java.lang.Object com.google.android.apps.gsa.searchbox.client.gsa.a.d.call() (SourceFile:28)
11-01 05:48:44.077 29709 29876 I zygote64:   at void java.util.concurrent.FutureTask.run() (FutureTask.java:266)
11-01 05:48:44.077 29709 29876 I zygote64:   at void com.google.android.apps.gsa.shared.util.concurrent.a.ax.run() (SourceFile:14)
11-01 05:48:44.077 29709 29876 I zygote64:   at void com.google.android.apps.gsa.shared.util.concurrent.a.bl.run() (SourceFile:4)
11-01 05:48:44.077 29709 29876 I zygote64:   at void com.google.android.apps.gsa.shared.util.concurrent.a.bl.run() (SourceFile:4)
11-01 05:48:44.077 29709 29876 I zygote64:   at void java.util.concurrent.ThreadPoolExecutor.runWorker(java.util.concurrent.ThreadPoolExecutor$Worker) (ThreadPoolExecutor.java:1162)
11-01 05:48:44.077 29709 29876 I zygote64:   at void java.util.concurrent.ThreadPoolExecutor$Worker.run() (ThreadPoolExecutor.java:636)
11-01 05:48:44.077 29709 29876 I zygote64:   at void java.lang.Thread.run() (Thread.java:764)
11-01 05:48:44.077 29709 29876 I zygote64:   at void com.google.android.apps.gsa.shared.util.concurrent.a.ai.run() (SourceFile:6)
11-01 05:48:44.077 29709 29876 I zygote64: 
11-01 05:48:44.077 29709 29876 I zygote64: Rejecting re-init on previously-failed class java.lang.Class<Se2>: java.lang.NoClassDefFoundError: Failed resolution of: Landroid/webkit/PacProcessor;
11-01 05:48:44.077 29709 29876 I zygote64:   at java.lang.Class java.lang.Class.classForName(java.lang.String, boolean, java.lang.ClassLoader) (Class.java:-2)
11-01 05:48:44.077 29709 29876 I zygote64:   at java.lang.Class java.lang.Class.forName(java.lang.String, boolean, java.lang.ClassLoader) (Class.java:453)
11-01 05:48:44.077 29709 29876 I zygote64:   at java.lang.Class android.webkit.WebViewFactory.getWebViewProviderClass(java.lang.ClassLoader) (WebViewFactory.java:150)
11-01 05:48:44.077 29709 29876 I zygote64:   at java.lang.Class android.webkit.WebViewFactory.getProviderClass() (WebViewFactory.java:417)
11-01 05:48:44.077 29709 29876 I zygote64:   at android.webkit.WebViewFactoryProvider android.webkit.WebViewFactory.getProvider() (WebViewFactory.java:211)
11-01 05:48:44.077 29709 29876 I zygote64:   at android.webkit.CookieManager android.webkit.CookieManager.getInstance() (CookieManager.java:39)
