11-01 05:48:44.077 29709 29876 I zygote64:   at boolean com.google.android.apps.gsa.search.core.q.a.a.o.Oq() (SourceFile:32)
11-01 05:48:44.077 29709 29876 I zygote64:   at com.google.android.apps.gsa.search.core.q.a.a com.google.android.apps.gsa.search.core.q.a.a.o.dE(java.lang.String) (SourceFile:86)
11-01 05:48:44.077 29709 29876 I zygote64:   at com.google.android.apps.gsa.search.core.q.a.a com.google.android.apps.gsa.search.core.q.a.a.o.dz(java.lang.String) (SourceFile:54)
11-01 05:48:44.077 29709 29876 I zygote64:   at boolean com.google.android.apps.gsa.search.core.google.u.a(android.net.Uri, java.util.Map) (SourceFile:11)
11-01 05:48:44.077 29709 29876 I zygote64:   at com.google.android.apps.gsa.search.shared.api.UriRequest com.google.android.apps.gsa.search.core.google.dc.a(com.google.android.apps.gsa.search.core.google.dd) (SourceFile:42)
11-01 05:48:44.077 29709 29876 I zygote64:   at com.google.android.apps.gsa.search.shared.api.UriRequest com.google.android.apps.gsa.search.core.google.cv.t(com.google.android.apps.gsa.shared.search.Query) (SourceFile:204)
11-01 05:48:44.077 29709 29876 I zygote64:   at com.google.android.apps.gsa.search.core.google.a.g com.google.android.apps.gsa.search.core.google.a.h.e(com.google.android.apps.gsa.shared.search.Query, boolean) (SourceFile:18)
11-01 05:48:44.077 29709 29876 I zygote64:   at com.google.android.apps.gsa.taskgraph.Done com.google.android.apps.gsa.searchbox.client.gsa.a.d.aiq() (SourceFile:15)
11-01 05:48:44.077 29709 29876 I zygote64:   at java.lang.Object com.google.android.apps.gsa.searchbox.client.gsa.a.d.call() (SourceFile:28)
11-01 05:48:44.077 29709 29876 I zygote64:   at void java.util.concurrent.FutureTask.run() (FutureTask.java:266)
11-01 05:48:44.077 29709 29876 I zygote64:   at void com.google.android.apps.gsa.shared.util.concurrent.a.ax.run() (SourceFile:14)
11-01 05:48:44.077 29709 29876 I zygote64:   at void com.google.android.apps.gsa.shared.util.concurrent.a.bl.run() (SourceFile:4)
11-01 05:48:44.077 29709 29876 I zygote64:   at void com.google.android.apps.gsa.shared.util.concurrent.a.bl.run() (SourceFile:4)
11-01 05:48:44.077 29709 29876 I zygote64:   at void java.util.concurrent.ThreadPoolExecutor.runWorker(java.util.concurrent.ThreadPoolExecutor$Worker) (ThreadPoolExecutor.java:1162)
11-01 05:48:44.077 29709 29876 I zygote64:   at void java.util.concurrent.ThreadPoolExecutor$Worker.run() (ThreadPoolExecutor.java:636)
11-01 05:48:44.077 29709 29876 I zygote64:   at void java.lang.Thread.run() (Thread.java:764)
11-01 05:48:44.077 29709 29876 I zygote64:   at void com.google.android.apps.gsa.shared.util.concurrent.a.ai.run() (SourceFile:6)
11-01 05:48:44.077 29709 29876 I zygote64: Caused by: java.lang.ClassNotFoundException: Didn't find class "android.webkit.PacProcessor" on path: DexPathList[[zip file "/data/app/com.android.chrome-6miXT7Rhe2HDjAcD6FuDPg==/base.apk"],nativeLibraryDirectories=[/data/app/com.android.chrome-6miXT7Rhe2HDjAcD6FuDPg==/lib/arm64, /data/app/com.android.chrome-6miXT7Rhe2HDjAcD6FuDPg==/base.apk!/lib/arm64-v8a, /system/lib64, /vendor/lib64]]
11-01 05:48:44.078 29709 29876 I zygote64:   at java.lang.Class dalvik.system.BaseDexClassLoader.findClass(java.lang.String) (BaseDexClassLoader.java:93)
11-01 05:48:44.078 29709 29876 I zygote64:   at java.lang.Class java.lang.ClassLoader.loadClass(java.lang.String, boolean) (ClassLoader.java:379)
11-01 05:48:44.078 29709 29876 I zygote64:   at java.lang.Class java.lang.ClassLoader.loadClass(java.lang.String) (ClassLoader.java:312)
11-01 05:48:44.078 29709 29876 I zygote64:   at java.lang.Class java.lang.Class.classForName(java.lang.String, boolean, java.lang.ClassLoader) (Class.java:-2)
11-01 05:48:44.078 29709 29876 I zygote64:   at java.lang.Class java.lang.Class.forName(java.lang.String, boolean, java.lang.ClassLoader) (Class.java:453)
11-01 05:48:44.078 29709 29876 I zygote64:   at java.lang.Class android.webkit.WebViewFactory.getWebViewProviderClass(java.lang.ClassLoader) (WebViewFactory.java:150)
11-01 05:48:44.078 29709 29876 I zygote64:   at java.lang.Class android.webkit.WebViewFactory.getProviderClass() (WebViewFactory.java:417)
11-01 05:48:44.078 29709 29876 I zygote64:   at android.webkit.WebViewFactoryProvider android.webkit.WebViewFactory.getProvider() (WebViewFactory.java:211)
11-01 05:48:44.079 29709 29876 I zygote64:   at android.webkit.CookieManager android.webkit.CookieManager.getInstance() (CookieManager.java:39)
11-01 05:48:44.079 29709 29876 I zygote64:   at boolean com.google.android.apps.gsa.search.core.q.a.a.o.Oq() (SourceFile:32)
11-01 05:48:44.079 29709 29876 I zygote64:   at com.google.android.apps.gsa.search.core.q.a.a com.google.android.apps.gsa.search.core.q.a.a.o.dE(java.lang.String) (SourceFile:86)
11-01 05:48:44.079 29709 29876 I zygote64:   at com.google.android.apps.gsa.search.core.q.a.a com.google.android.apps.gsa.search.core.q.a.a.o.dz(java.lang.String) (SourceFile:54)
11-01 05:48:44.079 29709 29876 I zygote64:   at boolean com.google.android.apps.gsa.search.core.google.u.a(android.net.Uri, java.util.Map) (SourceFile:11)
11-01 05:48:44.079 29709 29876 I zygote64:   at com.google.android.apps.gsa.search.shared.api.UriRequest com.google.android.apps.gsa.search.core.google.dc.a(com.google.android.apps.gsa.search.core.google.dd) (SourceFile:42)
11-01 05:48:44.079 29709 29876 I zygote64:   at com.google.android.apps.gsa.search.shared.api.UriRequest com.google.android.apps.gsa.search.core.google.cv.t(com.google.android.apps.gsa.shared.search.Query) (SourceFile:204)
11-01 05:48:44.079 29709 29876 I zygote64:   at com.google.android.apps.gsa.search.core.google.a.g com.google.android.apps.gsa.search.core.google.a.h.e(com.google.android.apps.gsa.shared.search.Query, boolean) (SourceFile:18)
11-01 05:48:44.079 29709 29876 I zygote64:   at com.google.android.apps.gsa.taskgraph.Done com.google.android.apps.gsa.searchbox.client.gsa.a.d.aiq() (SourceFile:15)
11-01 05:48:44.079 29709 29876 I zygote64:   at java.lang.Object com.google.android.apps.gsa.searchbox.client.gsa.a.d.call() (SourceFile:28)
11-01 05:48:44.079 29709 29876 I zygote64:   at void java.util.concurrent.FutureTask.run() (FutureTask.java:266)
11-01 05:48:44.079 29709 29876 I zygote64:   at void com.google.android.apps.gsa.shared.util.concurrent.a.ax.run() (SourceFile:14)
11-01 05:48:44.079 29709 29876 I zygote64:   at void com.google.android.apps.gsa.shared.util.concurrent.a.bl.run() (SourceFile:4)
11-01 05:48:44.079 29709 29876 I zygote64:   at void com.google.android.apps.gsa.shared.util.concurrent.a.bl.run() (SourceFile:4)
11-01 05:48:44.079 29709 29876 I zygote64:   at void java.util.concurrent.ThreadPoolExecutor.runWorker(java.util.concurrent.ThreadPoolExecutor$Worker) (ThreadPoolExecutor.java:1162)
11-01 05:48:44.079 29709 29876 I zygote64:   at void java.util.concurrent.ThreadPoolExecutor$Worker.run() (ThreadPoolExecutor.java:636)
11-01 05:48:44.079 29709 29876 I zygote64:   at void java.lang.Thread.run() (Thread.java:764)
11-01 05:48:44.079 29709 29876 I zygote64:   at void com.google.android.apps.gsa.shared.util.concurrent.a.ai.run() (SourceFile:6)
11-01 05:48:44.079 29709 29876 I zygote64: 
11-01 05:48:44.080 29709 29876 I zygote64: Rejecting re-init on previously-failed class java.lang.Class<Se2>: java.lang.NoClassDefFoundError: Failed resolution of: Landroid/webkit/PacProcessor;
11-01 05:48:44.080 29709 29876 I zygote64:   at java.lang.Class java.lang.Class.classForName(java.lang.String, boolean, java.lang.ClassLoader) (Class.java:-2)
11-01 05:48:44.080 29709 29876 I zygote64:   at java.lang.Class java.lang.Class.forName(java.lang.String, boolean, java.lang.ClassLoader) (Class.java:453)
11-01 05:48:44.080 29709 29876 I zygote64:   at java.lang.Class android.webkit.WebViewFactory.getWebViewProviderClass(java.lang.ClassLoader) (WebViewFactory.java:150)
11-01 05:48:44.080 29709 29876 I zygote64:   at java.lang.Class android.webkit.WebViewFactory.getProviderClass() (WebViewFactory.java:417)
11-01 05:48:44.080 29709 29876 I zygote64:   at android.webkit.WebViewFactoryProvider android.webkit.WebViewFactory.getProvider() (WebViewFactory.java:211)
11-01 05:48:44.080 29709 29876 I zygote64:   at android.webkit.CookieManager android.webkit.CookieManager.getInstance() (CookieManager.java:39)
11-01 05:48:44.080 29709 29876 I zygote64:   at boolean com.google.android.apps.gsa.search.core.q.a.a.o.Oq() (SourceFile:32)
11-01 05:48:44.080 29709 29876 I zygote64:   at com.google.android.apps.gsa.search.core.q.a.a com.google.android.apps.gsa.search.core.q.a.a.o.dE(java.lang.String) (SourceFile:86)
11-01 05:48:44.080 29709 29876 I zygote64:   at com.google.android.apps.gsa.search.core.q.a.a com.google.android.apps.gsa.search.core.q.a.a.o.dz(java.lang.String) (SourceFile:54)
11-01 05:48:44.080 29709 29876 I zygote64:   at boolean com.google.android.apps.gsa.search.core.google.u.a(android.net.Uri, java.util.Map) (SourceFile:11)
11-01 05:48:44.080 29709 29876 I zygote64:   at com.google.android.apps.gsa.search.shared.api.UriRequest com.google.android.apps.gsa.search.core.google.dc.a(com.google.android.apps.gsa.search.core.google.dd) (SourceFile:42)
11-01 05:48:44.080 29709 29876 I zygote64:   at com.google.android.apps.gsa.search.shared.api.UriRequest com.google.android.apps.gsa.search.core.google.cv.t(com.google.android.apps.gsa.shared.search.Query) (SourceFile:204)
11-01 05:48:44.080 29709 29876 I zygote64:   at com.google.android.apps.gsa.search.core.google.a.g com.google.android.apps.gsa.search.core.google.a.h.e(com.google.android.apps.gsa.shared.search.Query, boolean) (SourceFile:18)
11-01 05:48:44.080 29709 29876 I zygote64:   at com.google.android.apps.gsa.taskgraph.Done com.google.android.apps.gsa.searchbox.client.gsa.a.d.aiq() (SourceFile:15)
11-01 05:48:44.080 29709 29876 I zygote64:   at java.lang.Object com.google.android.apps.gsa.searchbox.client.gsa.a.d.call() (SourceFile:28)
11-01 05:48:44.080 29709 29876 I zygote64:   at void java.util.concurrent.FutureTask.run() (FutureTask.java:266)
11-01 05:48:44.080 29709 29876 I zygote64:   at void com.google.android.apps.gsa.shared.util.concurrent.a.ax.run() (SourceFile:14)
11-01 05:48:44.080 29709 29876 I zygote64:   at void com.google.android.apps.gsa.shared.util.concurrent.a.bl.run() (SourceFile:4)
11-01 05:48:44.080 29709 29876 I zygote64:   at void com.google.android.apps.gsa.shared.util.concurrent.a.bl.run() (SourceFile:4)
11-01 05:48:44.080 29709 29876 I zygote64:   at void java.util.concurrent.ThreadPoolExecutor.runWorker(java.util.concurrent.ThreadPoolExecutor$Worker) (ThreadPoolExecutor.java:1162)
11-01 05:48:44.080 29709 29876 I zygote64:   at void java.util.concurrent.ThreadPoolExecutor$Worker.run() (ThreadPoolExecutor.java:636)
11-01 05:48:44.080 29709 29876 I zygote64:   at void java.lang.Thread.run() (Thread.java:764)
11-01 05:48:44.080 29709 29876 I zygote64:   at void com.google.android.apps.gsa.shared.util.concurrent.a.ai.run() (SourceFile:6)
11-01 05:48:44.080 29709 29876 I zygote64: Caused by: java.lang.ClassNotFoundException: Didn't find class "android.webkit.PacProcessor" on path: DexPathList[[zip file "/data/app/com.android.chrome-6miXT7Rhe2HDjAcD6FuDPg==/base.apk"],nativeLibraryDirectories=[/data/app/com.android.chrome-6miXT7Rhe2HDjAcD6FuDPg==/lib/arm64, /data/app/com.android.chrome-6miXT7Rhe2HDjAcD6FuDPg==/base.apk!/lib/arm64-v8a, /system/lib64, /vendor/lib64]]
11-01 05:48:44.080 29709 29876 I zygote64:   at java.lang.Class dalvik.system.BaseDexClassLoader.findClass(java.lang.String) (BaseDexClassLoader.java:93)
11-01 05:48:44.080 29709 29876 I zygote64:   at java.lang.Class java.lang.ClassLoader.loadClass(java.lang.String, boolean) (ClassLoader.java:379)
11-01 05:48:44.080 29709 29876 I zygote64:   at java.lang.Class java.lang.ClassLoader.loadClass(java.lang.String) (ClassLoader.java:312)
11-01 05:48:44.080 29709 29876 I zygote64:   at java.lang.Class java.lang.Class.classForName(java.lang.String, boolean, java.lang.ClassLoader) (Class.java:-2)
11-01 05:48:44.080 29709 29876 I zygote64:   at java.lang.Class java.lang.Class.forName(java.lang.String, boolean, java.lang.ClassLoader) (Class.java:453)
11-01 05:48:44.080 29709 29876 I zygote64:   at java.lang.Class android.webkit.WebViewFactory.getWebViewProviderClass(java.lang.ClassLoader) (WebViewFactory.java:150)
11-01 05:48:44.080 29709 29876 I zygote64:   at java.lang.Class android.webkit.WebViewFactory.getProviderClass() (WebViewFactory.java:417)
11-01 05:48:44.080 29709 29876 I zygote64:   at android.webkit.WebViewFactoryProvider android.webkit.WebViewFactory.getProvider() (WebViewFactory.java:211)
11-01 05:48:44.080 29709 29876 I zygote64:   at android.webkit.CookieManager android.webkit.CookieManager.getInstance() (CookieManager.java:39)
11-01 05:48:44.080 29709 29876 I zygote64:   at boolean com.google.android.apps.gsa.search.core.q.a.a.o.Oq() (SourceFile:32)
11-01 05:48:44.080 29709 29876 I zygote64:   at com.google.android.apps.gsa.search.core.q.a.a com.google.android.apps.gsa.search.core.q.a.a.o.dE(java.lang.String) (SourceFile:86)
11-01 05:48:44.080 29709 29876 I zygote64:   at com.google.android.apps.gsa.search.core.q.a.a com.google.android.apps.gsa.search.core.q.a.a.o.dz(java.lang.String) (SourceFile:54)
11-01 05:48:44.080 29709 29876 I zygote64:   at boolean com.google.android.apps.gsa.search.core.google.u.a(android.net.Uri, java.util.Map) (SourceFile:11)
11-01 05:48:44.080 29709 29876 I zygote64:   at com.google.android.apps.gsa.search.shared.api.UriRequest com.google.android.apps.gsa.search.core.google.dc.a(com.google.android.apps.gsa.search.core.google.dd) (SourceFile:42)
11-01 05:48:44.080 29709 29876 I zygote64:   at com.google.android.apps.gsa.search.shared.api.UriRequest com.google.android.apps.gsa.search.core.google.cv.t(com.google.android.apps.gsa.shared.search.Query) (SourceFile:204)
11-01 05:48:44.080 29709 29876 I zygote64:   at com.google.android.apps.gsa.search.core.google.a.g com.google.android.apps.gsa.search.core.google.a.h.e(com.google.android.apps.gsa.shared.search.Query, boolean) (SourceFile:18)
11-01 05:48:44.080 29709 29876 I zygote64:   at com.google.android.apps.gsa.taskgraph.Done com.google.android.apps.gsa.searchbox.client.gsa.a.d.aiq() (SourceFile:15)
11-01 05:48:44.080 29709 29876 I zygote64:   at java.lang.Object com.google.android.apps.gsa.searchbox.client.gsa.a.d.call() (SourceFile:28)
11-01 05:48:44.080 29709 29876 I zygote64:   at void java.util.concurrent.FutureTask.run() (FutureTask.java:266)
11-01 05:48:44.080 29709 29876 I zygote64:   at void com.google.android.apps.gsa.shared.util.concurrent.a.ax.run() (SourceFile:14)
11-01 05:48:44.080 29709 29876 I zygote64:   at void com.google.android.apps.gsa.shared.util.concurrent.a.bl.run() (SourceFile:4)
11-01 05:48:44.080 29709 29876 I zygote64:   at void com.google.android.apps.gsa.shared.util.concurrent.a.bl.run() (SourceFile:4)
11-01 05:48:44.080 29709 29876 I zygote64:   at void java.util.concurrent.ThreadPoolExecutor.runWorker(java.util.concurrent.ThreadPoolExecutor$Worker) (ThreadPoolExecutor.java:1162)
11-01 05:48:44.080 29709 29876 I zygote64:   at void java.util.concurrent.ThreadPoolExecutor$Worker.run() (ThreadPoolExecutor.java:636)
11-01 05:48:44.080 29709 29876 I zygote64:   at void java.lang.Thread.run() (Thread.java:764)
11-01 05:48:44.080 29709 29876 I zygote64:   at void com.google.android.apps.gsa.shared.util.concurrent.a.ai.run() (SourceFile:6)
11-01 05:48:44.080 29709 29876 I zygote64: 
11-01 05:48:44.121 29709 29876 I cr_WVCFactoryProvider: Loaded version=106.0.5249.79 minSdkVersion=24 isBundle=true multiprocess=true packageId=2
11-01 05:48:44.163 29709 29876 W ResourceType: For resource 0x7f14094c, entry index(2380) is beyond type entryCount(16)
11-01 05:48:44.163 29709 29876 W ResourceType: Failure getting entry for 0x7f14094c (t=19 e=2380) (error -75)
11-01 05:48:44.167 29709 29876 I cr_LibraryLoader: Successfully loaded native library
11-01 05:48:44.171 29709 29876 I cr_CachingUmaRecorder: Flushed 8 samples from 8 histograms.
11-01 05:48:44.177   772  4540 I ActivityManager: Start proc 30573:com.android.chrome:webview_service/u0a60 for service com.android.chrome/org.chromium.android_webview.services.VariationsSeedServer
11-01 05:48:44.234 30573 30573 I cr_SplitCompatApp: Launched version=106.0.5249.79 minSdkVersion=24 isBundle=true processName=com.android.chrome:webview_service isIsolated=false
11-01 05:48:44.413 29709 29880 I cr_CronetLibraryLoader: Cronet version: 59.0.3071.25, arch: aarch64
11-01 05:48:44.703 29709 30605 D NetworkSecurityConfig: Using Network Security Config from resource network_security_config debugBuild: false
11-01 05:48:47.118 30609 30609 E /system/bin/webview_zygote32: failed to make and chown /acct/uid_99214: Permission denied
11-01 05:48:47.119 30609 30609 E Zygote  : createProcessGroup(99214, 0) failed: Permission denied
11-01 05:48:47.120   772 10860 I ActivityManager: Start proc 30609:com.android.chrome:sandboxed_process16/u0i214 for webview_service com.android.chrome/org.chromium.content.app.SandboxedProcessService16
11-01 05:48:47.170 30609 30609 I SamplingProfilerIntegration: Profiling disabled.
11-01 05:48:47.207 30622 30622 E asset   : setgid: Operation not permitted
11-01 05:48:47.249 30609 30609 I cr_SplitCompatApp: Launched version=106.0.5249.79 minSdkVersion=24 isBundle=true processName=com.android.chrome:sandboxed_process16 isIsolated=true
11-01 05:48:47.257 30609 30609 W SystemServiceRegistry: No service published for: uimode
11-01 05:48:47.270 30609 30609 I cr_ChildProcessService: Creating new ChildProcessService pid=30609
11-01 05:48:47.280 30609 30609 E WebViewFactory: can't load with relro file; address space not reserved
11-01 05:48:47.292 30609 30624 I cr_LibraryLoader: Successfully loaded native library
11-01 05:48:47.293 30609 30624 I cr_CachingUmaRecorder: Flushed 3 samples from 3 histograms.
11-01 05:48:47.341 30628 30628 W ThreadPoolForeg: type=1400 audit(0.0:20401): avc: denied { setattr } for name=5072656C6F61642044617461 dev="dm-2" ino=1504844 scontext=u:r:isolated_app:s0:c512,c768 tcontext=u:object_r:app_data_file:s0:c512,c768 tclass=file permissive=0
11-01 05:48:47.344 30628 30628 W ThreadPoolForeg: type=1400 audit(0.0:20402): avc: denied { setattr } for name="manifest.json" dev="dm-2" ino=1504845 scontext=u:r:isolated_app:s0:c512,c768 tcontext=u:object_r:app_data_file:s0:c512,c768 tclass=file permissive=0
11-01 05:48:47.351 30628 30628 W ThreadPoolForeg: type=1400 audit(0.0:20403): avc: denied { setattr } for name="verified_contents.json" dev="dm-2" ino=1504847 scontext=u:r:isolated_app:s0:c512,c768 tcontext=u:object_r:app_data_file:s0:c512,c768 tclass=file permissive=0
11-01 05:48:47.360 30609 30624 I chromium: [INFO:child_process_service.cc(69)] ChildProcessService: Exiting child process.
11-01 05:48:47.362   422   422 E lowmemorykiller: Error writing /proc/30609/oom_score_adj; errno=22
11-01 05:48:47.363   772 32228 I ActivityManager: Killing 30609:com.android.chrome:sandboxed_process16/u0a60i214 (adj 0): isolated not needed
11-01 05:48:47.364   772   790 W zygote64: failed to open /acct/uid_99214/pid_30609/cgroup.procs: No such file or directory
11-01 05:48:52.619 30631 30631 E /system/bin/webview_zygote32: failed to make and chown /acct/uid_99215: Permission denied
11-01 05:48:52.619 30631 30631 E Zygote  : createProcessGroup(99215, 0) failed: Permission denied
11-01 05:48:52.621   772 13021 I ActivityManager: Start proc 30631:com.android.chrome:sandboxed_process17/u0i215 for webview_service com.android.chrome/org.chromium.content.app.SandboxedProcessService17
11-01 05:48:52.656 30631 30631 I SamplingProfilerIntegration: Profiling disabled.
11-01 05:48:52.682 30644 30644 E asset   : setgid: Operation not permitted
11-01 05:48:52.718 30631 30631 I cr_SplitCompatApp: Launched version=106.0.5249.79 minSdkVersion=24 isBundle=true processName=com.android.chrome:sandboxed_process17 isIsolated=true
11-01 05:48:52.726 30631 30631 W SystemServiceRegistry: No service published for: uimode
11-01 05:48:52.737 30631 30631 I cr_ChildProcessService: Creating new ChildProcessService pid=30631
11-01 05:48:52.750 30631 30631 E WebViewFactory: can't load with relro file; address space not reserved
11-01 05:48:52.762 30631 30646 I cr_LibraryLoader: Successfully loaded native library
11-01 05:48:52.764 30631 30646 I cr_CachingUmaRecorder: Flushed 3 samples from 3 histograms.
11-01 05:48:52.807 30649 30649 W ThreadPoolForeg: type=1400 audit(0.0:20404): avc: denied { setattr } for name="ZW" dev="dm-2" ino=1504861 scontext=u:r:isolated_app:s0:c512,c768 tcontext=u:object_r:app_data_file:s0:c512,c768 tclass=file permissive=0
11-01 05:48:52.811 30649 30649 W ThreadPoolForeg: type=1400 audit(0.0:20405): avc: denied { setattr } for name="ZM" dev="dm-2" ino=1504864 scontext=u:r:isolated_app:s0:c512,c768 tcontext=u:object_r:app_data_file:s0:c512,c768 tclass=file permissive=0
11-01 05:48:52.811 30649 30649 W ThreadPoolForeg: type=1400 audit(0.0:20406): avc: denied { setattr } for name="ZA" dev="dm-2" ino=1504871 scontext=u:r:isolated_app:s0:c512,c768 tcontext=u:object_r:app_data_file:s0:c512,c768 tclass=file permissive=0
11-01 05:48:52.814 30649 30649 W ThreadPoolForeg: type=1400 audit(0.0:20407): avc: denied { setattr } for name="YT" dev="dm-2" ino=1504872 scontext=u:r:isolated_app:s0:c512,c768 tcontext=u:object_r:app_data_file:s0:c512,c768 tclass=file permissive=0
11-01 05:48:52.814 30649 30649 W ThreadPoolForeg: type=1400 audit(0.0:20408): avc: denied { setattr } for name="YE" dev="dm-2" ino=1504873 scontext=u:r:isolated_app:s0:c512,c768 tcontext=u:object_r:app_data_file:s0:c512,c768 tclass=file permissive=0
11-01 05:48:52.817 30649 30649 W ThreadPoolForeg: type=1400 audit(0.0:20409): avc: denied { setattr } for name="XK" dev="dm-2" ino=1504874 scontext=u:r:isolated_app:s0:c512,c768 tcontext=u:object_r:app_data_file:s0:c512,c768 tclass=file permissive=0
11-01 05:48:52.817 30649 30649 W ThreadPoolForeg: type=1400 audit(0.0:20410): avc: denied { setattr } for name="WS" dev="dm-2" ino=1504875 scontext=u:r:isolated_app:s0:c512,c768 tcontext=u:object_r:app_data_file:s0:c512,c768 tclass=file permissive=0
11-01 05:48:52.821 30649 30649 W ThreadPoolForeg: type=1400 audit(0.0:20411): avc: denied { setattr } for name="WF" dev="dm-2" ino=1504876 scontext=u:r:isolated_app:s0:c512,c768 tcontext=u:object_r:app_data_file:s0:c512,c768 tclass=file permissive=0
11-01 05:48:52.821 30649 30649 W ThreadPoolForeg: type=1400 audit(0.0:20412): avc: denied { setattr } for name="VU" dev="dm-2" ino=1504877 scontext=u:r:isolated_app:s0:c512,c768 tcontext=u:object_r:app_data_file:s0:c512,c768 tclass=file permissive=0
11-01 05:48:52.824 30649 30649 W ThreadPoolForeg: type=1400 audit(0.0:20413): avc: denied { setattr } for name="VN" dev="dm-2" ino=1504878 scontext=u:r:isolated_app:s0:c512,c768 tcontext=u:object_r:app_data_file:s0:c512,c768 tclass=file permissive=0
11-01 05:48:52.824 30649 30649 W ThreadPoolForeg: type=1400 audit(0.0:20414): avc: denied { setattr } for name="VI" dev="dm-2" ino=1504879 scontext=u:r:isolated_app:s0:c512,c768 tcontext=u:object_r:app_data_file:s0:c512,c768 tclass=file permissive=0
11-01 05:48:52.827 30649 30649 W ThreadPoolForeg: type=1400 audit(0.0:20415): avc: denied { setattr } for name="VG" dev="dm-2" ino=1504880 scontext=u:r:isolated_app:s0:c512,c768 tcontext=u:object_r:app_data_file:s0:c512,c768 tclass=file permissive=0
11-01 05:48:52.831 30649 30649 W ThreadPoolForeg: type=1400 audit(0.0:20416): avc: denied { setattr } for name="VE" dev="dm-2" ino=1504881 scontext=u:r:isolated_app:s0:c512,c768 tcontext=u:object_r:app_data_file:s0:c512,c768 tclass=file permissive=0
11-01 05:48:52.831 30649 30649 W ThreadPoolForeg: type=1400 audit(0.0:20417): avc: denied { setattr } for name="VC" dev="dm-2" ino=1504882 scontext=u:r:isolated_app:s0:c512,c768 tcontext=u:object_r:app_data_file:s0:c512,c768 tclass=file permissive=0
11-01 05:48:52.834 30649 30649 W ThreadPoolForeg: type=1400 audit(0.0:20418): avc: denied { setattr } for name="UZ" dev="dm-2" ino=1504883 scontext=u:r:isolated_app:s0:c512,c768 tcontext=u:object_r:app_data_file:s0:c512,c768 tclass=file permissive=0
11-01 05:48:52.834 30649 30649 W ThreadPoolForeg: type=1400 audit(0.0:20419): avc: denied { setattr } for name="UY" dev="dm-2" ino=1504884 scontext=u:r:isolated_app:s0:c512,c768 tcontext=u:object_r:app_data_file:s0:c512,c768 tclass=file permissive=0
11-01 05:48:52.837 30649 30649 W ThreadPoolForeg: type=1400 audit(0.0:20420): avc: denied { setattr } for name="US" dev="dm-2" ino=1504885 scontext=u:r:isolated_app:s0:c512,c768 tcontext=u:object_r:app_data_file:s0:c512,c768 tclass=file permissive=0
11-01 05:48:52.837 30649 30649 W ThreadPoolForeg: type=1400 audit(0.0:20421): avc: denied { setattr } for name="UG" dev="dm-2" ino=1504887 scontext=u:r:isolated_app:s0:c512,c768 tcontext=u:object_r:app_data_file:s0:c512,c768 tclass=file permissive=0
11-01 05:48:52.841 30649 30649 W ThreadPoolForeg: type=1400 audit(0.0:20422): avc: denied { setattr } for name="UA" dev="dm-2" ino=1504888 scontext=u:r:isolated_app:s0:c512,c768 tcontext=u:object_r:app_data_file:s0:c512,c768 tclass=file permissive=0
11-01 05:48:52.844 30649 30649 W ThreadPoolForeg: type=1400 audit(0.0:20423): avc: denied { setattr } for name="TZ" dev="dm-2" ino=1504889 scontext=u:r:isolated_app:s0:c512,c768 tcontext=u:object_r:app_data_file:s0:c512,c768 tclass=file permissive=0
11-01 05:48:52.844 30649 30649 W ThreadPoolForeg: type=1400 audit(0.0:20424): avc: denied { setattr } for name="TW" dev="dm-2" ino=1504890 scontext=u:r:isolated_app:s0:c512,c768 tcontext=u:object_r:app_data_file:s0:c512,c768 tclass=file permissive=0
11-01 05:48:52.847 30649 30649 W ThreadPoolForeg: type=1400 audit(0.0:20425): avc: denied { setattr } for name="TV" dev="dm-2" ino=1504891 scontext=u:r:isolated_app:s0:c512,c768 tcontext=u:object_r:app_data_file:s0:c512,c768 tclass=file permissive=0
11-01 05:48:52.851 30649 30649 W ThreadPoolForeg: type=1400 audit(0.0:20426): avc: denied { setattr } for name="TT" dev="dm-2" ino=1504892 scontext=u:r:isolated_app:s0:c512,c768 tcontext=u:object_r:app_data_file:s0:c512,c768 tclass=file permissive=0
11-01 05:48:52.851 30649 30649 W ThreadPoolForeg: type=1400 audit(0.0:20427): avc: denied { setattr } for name="TR" dev="dm-2" ino=1504893 scontext=u:r:isolated_app:s0:c512,c768 tcontext=u:object_r:app_data_file:s0:c512,c768 tclass=file permissive=0
11-01 05:48:52.854 30649 30649 W ThreadPoolForeg: type=1400 audit(0.0:20428): avc: denied { setattr } for name="TO" dev="dm-2" ino=1504894 scontext=u:r:isolated_app:s0:c512,c768 tcontext=u:object_r:app_data_file:s0:c512,c768 tclass=file permissive=0
11-01 05:48:52.857 30649 30649 W ThreadPoolForeg: type=1400 audit(0.0:20429): avc: denied { setattr } for name="TN" dev="dm-2" ino=1504895 scontext=u:r:isolated_app:s0:c512,c768 tcontext=u:object_r:app_data_file:s0:c512,c768 tclass=file permissive=0
11-01 05:48:52.857 30649 30649 W ThreadPoolForeg: type=1400 audit(0.0:20430): avc: denied { setattr } for name="TM" dev="dm-2" ino=1504896 scontext=u:r:isolated_app:s0:c512,c768 tcontext=u:object_r:app_data_file:s0:c512,c768 tclass=file permissive=0
11-01 05:48:52.861 30649 30649 W ThreadPoolForeg: type=1400 audit(0.0:20431): avc: denied { setattr } for name="TL" dev="dm-2" ino=1504897 scontext=u:r:isolated_app:s0:c512,c768 tcontext=u:object_r:app_data_file:s0:c512,c768 tclass=file permissive=0
11-01 05:48:52.864 30649 30649 W ThreadPoolForeg: type=1400 audit(0.0:20432): avc: denied { setattr } for name="TK" dev="dm-2" ino=1504898 scontext=u:r:isolated_app:s0:c512,c768 tcontext=u:object_r:app_data_file:s0:c512,c768 tclass=file permissive=0
11-01 05:48:52.864 30649 30649 W ThreadPoolForeg: type=1400 audit(0.0:20433): avc: denied { setattr } for name="TJ" dev="dm-2" ino=1504899 scontext=u:r:isolated_app:s0:c512,c768 tcontext=u:object_r:app_data_file:s0:c512,c768 tclass=file permissive=0
11-01 05:48:53.625 30631 30646 I chromium: [INFO:child_process_service.cc(69)] ChildProcessService: Exiting child process.
11-01 05:48:53.629   422   422 E lowmemorykiller: Error writing /proc/30631/oom_score_adj; errno=22
11-01 05:48:53.631   772   785 I ActivityManager: Killing 30631:com.android.chrome:sandboxed_process17/u0a60i215 (adj 0): isolated not needed
11-01 05:48:53.632   772   790 W zygote64: failed to open /acct/uid_99215/pid_30631/cgroup.procs: No such file or directory
11-01 05:49:00.493 30653 30653 E /system/bin/webview_zygote32: failed to make and chown /acct/uid_99216: Permission denied
11-01 05:49:00.493 30653 30653 E Zygote  : createProcessGroup(99216, 0) failed: Permission denied
11-01 05:49:00.501   772   996 I ActivityManager: Start proc 30653:com.android.chrome:sandboxed_process18/u0i216 for webview_service com.android.chrome/org.chromium.content.app.SandboxedProcessService18
11-01 05:49:00.523 30653 30653 I SamplingProfilerIntegration: Profiling disabled.
11-01 05:49:00.544 30666 30666 E asset   : setgid: Operation not permitted
11-01 05:49:00.580 30653 30653 I cr_SplitCompatApp: Launched version=106.0.5249.79 minSdkVersion=24 isBundle=true processName=com.android.chrome:sandboxed_process18 isIsolated=true
11-01 05:49:00.588 30653 30653 W SystemServiceRegistry: No service published for: uimode
11-01 05:49:00.599 30653 30653 I cr_ChildProcessService: Creating new ChildProcessService pid=30653
11-01 05:49:00.617 30653 30653 E WebViewFactory: can't load with relro file; address space not reserved
11-01 05:49:00.630 30653 30667 I cr_LibraryLoader: Successfully loaded native library
11-01 05:49:00.631 30653 30667 I cr_CachingUmaRecorder: Flushed 3 samples from 3 histograms.
11-01 05:49:00.687 30671 30671 W ThreadPoolForeg: type=1400 audit(0.0:20633): avc: denied { setattr } for name="client_model.pb" dev="dm-2" ino=1505170 scontext=u:r:isolated_app:s0:c512,c768 tcontext=u:object_r:app_data_file:s0:c512,c768 tclass=file permissive=0
11-01 05:49:00.707 30671 30671 W ThreadPoolForeg: type=1400 audit(0.0:20634): avc: denied { setattr } for name="visual_model.tflite" dev="dm-2" ino=1505171 scontext=u:r:isolated_app:s0:c512,c768 tcontext=u:object_r:app_data_file:s0:c512,c768 tclass=file permissive=0
11-01 05:49:00.711 30671 30671 W ThreadPoolForeg: type=1400 audit(0.0:20635): avc: denied { setattr } for name="manifest.json" dev="dm-2" ino=1505172 scontext=u:r:isolated_app:s0:c512,c768 tcontext=u:object_r:app_data_file:s0:c512,c768 tclass=file permissive=0
11-01 05:49:00.714 30671 30671 W ThreadPoolForeg: type=1400 audit(0.0:20636): avc: denied { setattr } for name="verified_contents.json" dev="dm-2" ino=1505174 scontext=u:r:isolated_app:s0:c512,c768 tcontext=u:object_r:app_data_file:s0:c512,c768 tclass=file permissive=0
11-01 05:49:00.722 30653 30667 I chromium: [INFO:child_process_service.cc(69)] ChildProcessService: Exiting child process.
11-01 05:49:00.724   422   422 E lowmemorykiller: Error writing /proc/30653/oom_score_adj; errno=22
11-01 05:49:00.724   772  3037 I ActivityManager: Killing 30653:com.android.chrome:sandboxed_process18/u0a60i216 (adj 0): isolated not needed
11-01 05:49:00.725   772   790 W zygote64: failed to open /acct/uid_99216/pid_30653/cgroup.procs: No such file or directory
11-01 05:49:08.009 30675 30675 E /system/bin/webview_zygote32: failed to make and chown /acct/uid_99217: Permission denied
11-01 05:49:08.009 30675 30675 E Zygote  : createProcessGroup(99217, 0) failed: Permission denied
11-01 05:49:08.014   772 10894 I ActivityManager: Start proc 30675:com.android.chrome:sandboxed_process19/u0i217 for webview_service com.android.chrome/org.chromium.content.app.SandboxedProcessService19
11-01 05:49:08.061 30675 30675 I SamplingProfilerIntegration: Profiling disabled.
11-01 05:49:08.073   772  1259 I ActivityManager: Killing 28985:android.process.media/u0a15 (adj 902): empty for 3450s
11-01 05:49:08.097 30689 30689 E asset   : setgid: Operation not permitted
11-01 05:49:08.133 30675 30675 I cr_SplitCompatApp: Launched version=106.0.5249.79 minSdkVersion=24 isBundle=true processName=com.android.chrome:sandboxed_process19 isIsolated=true
11-01 05:49:08.140 30675 30675 W SystemServiceRegistry: No service published for: uimode
11-01 05:49:08.152 30675 30675 I cr_ChildProcessService: Creating new ChildProcessService pid=30675
11-01 05:49:08.161 30675 30675 E WebViewFactory: can't load with relro file; address space not reserved
11-01 05:49:08.173 30675 30690 I cr_LibraryLoader: Successfully loaded native library
11-01 05:49:08.174 30675 30690 I cr_CachingUmaRecorder: Flushed 3 samples from 3 histograms.
11-01 05:49:08.237 30694 30694 W ThreadPoolForeg: type=1400 audit(0.0:20637): avc: denied { setattr } for name="list.pb" dev="dm-2" ino=1505177 scontext=u:r:isolated_app:s0:c512,c768 tcontext=u:object_r:app_data_file:s0:c512,c768 tclass=file permissive=0
11-01 05:49:08.237 30694 30694 W ThreadPoolForeg: type=1400 audit(0.0:20638): avc: denied { setattr } for name="manifest.json" dev="dm-2" ino=1505178 scontext=u:r:isolated_app:s0:c512,c768 tcontext=u:object_r:app_data_file:s0:c512,c768 tclass=file permissive=0
11-01 05:49:08.244 30694 30694 W ThreadPoolForeg: type=1400 audit(0.0:20639): avc: denied { setattr } for name="verified_contents.json" dev="dm-2" ino=1505180 scontext=u:r:isolated_app:s0:c512,c768 tcontext=u:object_r:app_data_file:s0:c512,c768 tclass=file permissive=0
11-01 05:49:08.254 30675 30690 I chromium: [INFO:child_process_service.cc(69)] ChildProcessService: Exiting child process.
11-01 05:49:08.256   422   422 E lowmemorykiller: Error writing /proc/30675/oom_score_adj; errno=22
11-01 05:49:08.257   772   785 I ActivityManager: Killing 30675:com.android.chrome:sandboxed_process19/u0a60i217 (adj 0): isolated not needed
11-01 05:49:08.258   772   790 W zygote64: failed to open /acct/uid_99217/pid_30675/cgroup.procs: No such file or directory
11-01 05:49:16.008 30697 30697 E /system/bin/webview_zygote32: failed to make and chown /acct/uid_99218: Permission denied
11-01 05:49:16.008 30697 30697 E Zygote  : createProcessGroup(99218, 0) failed: Permission denied
11-01 05:49:16.013   772  2970 I ActivityManager: Start proc 30697:com.android.chrome:sandboxed_process20/u0i218 for webview_service com.android.chrome/org.chromium.content.app.SandboxedProcessService20
11-01 05:49:16.049 30697 30697 I SamplingProfilerIntegration: Profiling disabled.
11-01 05:49:16.080 30710 30710 E asset   : setgid: Operation not permitted
11-01 05:49:16.117 30697 30697 I cr_SplitCompatApp: Launched version=106.0.5249.79 minSdkVersion=24 isBundle=true processName=com.android.chrome:sandboxed_process20 isIsolated=true
11-01 05:49:16.125 30697 30697 W SystemServiceRegistry: No service published for: uimode
11-01 05:49:16.138 30697 30697 I cr_ChildProcessService: Creating new ChildProcessService pid=30697
11-01 05:49:16.147 30697 30697 E WebViewFactory: can't load with relro file; address space not reserved
11-01 05:49:16.159 30697 30712 I cr_LibraryLoader: Successfully loaded native library
11-01 05:49:16.160 30697 30712 I cr_CachingUmaRecorder: Flushed 3 samples from 3 histograms.
11-01 05:49:16.194 30715 30715 W ThreadPoolForeg: type=1400 audit(0.0:20640): avc: denied { setattr } for name="sets.json" dev="dm-2" ino=1505183 scontext=u:r:isolated_app:s0:c512,c768 tcontext=u:object_r:app_data_file:s0:c512,c768 tclass=file permissive=0
11-01 05:49:16.194 30715 30715 W ThreadPoolForeg: type=1400 audit(0.0:20641): avc: denied { setattr } for name="manifest.json" dev="dm-2" ino=1505184 scontext=u:r:isolated_app:s0:c512,c768 tcontext=u:object_r:app_data_file:s0:c512,c768 tclass=file permissive=0
11-01 05:49:16.197 30715 30715 W ThreadPoolForeg: type=1400 audit(0.0:20642): avc: denied { setattr } for name="LICENSE" dev="dm-2" ino=1505185 scontext=u:r:isolated_app:s0:c512,c768 tcontext=u:object_r:app_data_file:s0:c512,c768 tclass=file permissive=0
11-01 05:49:16.204 30715 30715 W ThreadPoolForeg: type=1400 audit(0.0:20643): avc: denied { setattr } for name="verified_contents.json" dev="dm-2" ino=1505187 scontext=u:r:isolated_app:s0:c512,c768 tcontext=u:object_r:app_data_file:s0:c512,c768 tclass=file permissive=0
11-01 05:49:16.210 30697 30712 I chromium: [INFO:child_process_service.cc(69)] ChildProcessService: Exiting child process.
11-01 05:49:16.212   422   422 E lowmemorykiller: Error writing /proc/30697/oom_score_adj; errno=22
11-01 05:49:16.213   772  3037 I ActivityManager: Killing 30697:com.android.chrome:sandboxed_process20/u0a60i218 (adj 0): isolated not needed
11-01 05:49:16.214   772   790 W zygote64: failed to open /acct/uid_99218/pid_30697/cgroup.procs: No such file or directory
11-01 05:49:31.456   772   791 E BatteryStatsService: no controller energy info supplied
11-01 05:50:33.401   772   791 E BatteryStatsService: no controller energy info supplied
11-01 05:51:36.536 29486 29711 I NetworkScheduler.Stats: Task com.google.android.gms/com.google.android.gms.auth.account.be.accountstate.GcmTaskService started execution. cause:4 exec_start_elapsed_seconds: 1154350 [CONTEXT service_id=218 ]
11-01 05:51:36.541 29486 29014 I NetworkScheduler.Stats: Task com.google.android.gms/com.google.android.gms.auth.account.be.accountstate.GcmTaskService finished executing. cause:4 result: 1 elapsed_millis: 30 uptime_millis: 29 exec_start_elapsed_seconds: 1154350 [CONTEXT service_id=218 ]
11-01 05:51:36.766 29486 29711 I NetworkScheduler.Stats: Task com.google.android.gms/com.google.android.gms.telephonyspam.sync.SpamListSyncTaskService started execution. cause:5 exec_start_elapsed_seconds: 1154350 [CONTEXT service_id=218 ]
11-01 05:51:36.771 29692 24559 I TelephonySpamChimeraSer: Running Telephony Spam Chimera Service [CONTEXT service_id=150 ]
11-01 05:51:36.776 29486 29711 I NetworkScheduler.Stats: Task com.google.android.inputmethod.latin/ started execution. cause:5 exec_start_elapsed_seconds: 1154350 [CONTEXT service_id=218 ]
11-01 05:51:36.777 29692 24559 I TelephonySpamChimeraSer: Cleaning SIP Header local table of old entries [CONTEXT service_id=150 ]
11-01 05:51:36.780 29692 24559 I SpamListSync: Call spam module disabled. Skipping cleaning cache sip header table. [CONTEXT service_id=150 ]
11-01 05:51:36.780 29692 24559 I TelephonySpamChimeraSer: Syncing Call Spam List [CONTEXT service_id=150 ]
11-01 05:51:36.780 29692 24559 I SpamListSync: SpamListSyncChimeraService.syncSpamList called with tag: telephonyspam.SpamListSyncTask, extras: Bundle[{SpamList Type=0, Action=1.0}] [CONTEXT service_id=150 ]
11-01 05:51:36.785 29692 24559 I SpamListSync: Call spam module disabled. Skipping spam list syncing. [CONTEXT service_id=150 ]
11-01 05:51:36.788 29486 29014 I NetworkScheduler.Stats: Task com.google.android.gms/com.google.android.gms.telephonyspam.sync.SpamListSyncTaskService finished executing. cause:5 result: 1 elapsed_millis: 49 uptime_millis: 49 exec_start_elapsed_seconds: 1154350 [CONTEXT service_id=218 ]
11-01 05:51:36.916   568   716 I Netd    : Destroyed 3 sockets for UidRanges{ 10000-2147483647 } skip={1000 1001 1027 2000 10005 10008 10012 10015 10017 10020 10041 10045} in 1.4 ms
11-01 05:51:37.448 29486 30722 I NetworkScheduler.Stats: Task com.google.android.inputmethod.latin/ finished executing. cause:5 result: 1 elapsed_millis: 680 uptime_millis: 679 exec_start_elapsed_seconds: 1154350 [CONTEXT service_id=218 ]
11-01 05:52:03.107 29486 30722 E WakeLock: GCM_HB_ALARM release without a matched acquire!
11-01 05:52:03.196   772   781 I zygote64: Background concurrent copying GC freed 55158(3MB) AllocSpace objects, 79(1976KB) LOS objects, 42% free, 17MB/30MB, paused 1.997ms total 113.213ms
11-01 05:52:32.035 29692 29692 D BoundBrokerSvc: onUnbind: Intent { act=com.google.android.gms.auth.key.retrieval.service.START dat=chimera-action:com.google.android.gms.auth.key.retrieval.service.START cmp=com.google.android.gms/.chimera.GmsApiService }
11-01 05:54:24.426   772   791 I chatty  : uid=1000(system) batterystats-sy identical 12 lines
11-01 05:54:39.668   772   791 E BatteryStatsService: no controller energy info supplied
11-01 05:56:39.803   772   791 E BatteryStatsService: no controller energy info supplied
11-01 05:57:53.390 29486 30729 E WakeLock: GCM_HB_ALARM release without a matched acquire!
11-01 05:57:53.405   772   791 I chatty  : uid=1000(system) batterystats-sy identical 2 lines
11-01 05:58:27.989   772   791 E BatteryStatsService: no controller energy info supplied
11-01 05:59:33.475   772   791 E BatteryStatsService: no controller energy info supplied
11-01 05:59:48.522   772   791 E BatteryStatsService: no controller energy info supplied
11-01 06:01:20.275   772   791 E BatteryStatsService: no controller energy info supplied
11-01 06:05:03.193   772   791 I chatty  : uid=1000(system) batterystats-sy identical 8 lines
11-01 06:05:03.193   772   791 E BatteryStatsService: no controller energy info supplied
11-01 06:05:48.290   772   787 I UsageStatsService: User[0] Flushing usage stats to disk
11-01 06:06:01.671   772   791 E BatteryStatsService: no controller energy info supplied
11-01 06:06:16.688   772   791 E BatteryStatsService: no controller energy info supplied
11-01 06:08:17.147   772   791 E BatteryStatsService: no controller energy info supplied
11-01 06:08:23.627 29486 30729 E WakeLock: GCM_HB_ALARM release without a matched acquire!
11-01 06:08:38.818   772   791 E BatteryStatsService: no controller energy info supplied
11-01 06:10:23.417   772   791 E BatteryStatsService: no controller energy info supplied
11-01 06:12:40.548 29486 30729 I NetworkScheduler.Stats: Task com.google.android.gms/com.google.android.gms.icing.proxy.IcingInternalCorporaUpdateService started execution. cause:14 exec_start_elapsed_seconds: 1155614 [CONTEXT service_id=218 ]
11-01 06:12:40.582 29486 30757 I NetworkScheduler.Stats: Task com.google.android.gms/com.google.android.gms.icing.proxy.IcingInternalCorporaUpdateService finished executing. cause:14 result: 1 elapsed_millis: 62 uptime_millis: 62 exec_start_elapsed_seconds: 1155614 [CONTEXT service_id=218 ]
11-01 06:12:40.598 29486 30757 I NetworkScheduler.Stats: Task com.google.android.gms/com.google.android.gms.icing.indexapi.PeriodicRebuildIndexService started execution. cause:14 exec_start_elapsed_seconds: 1155614 [CONTEXT service_id=218 ]
11-01 06:12:40.646 29486 30729 I NetworkScheduler.Stats: Task com.google.android.gms/com.google.android.gms.security.snet.SnetIdleTaskService started execution. cause:5 exec_start_elapsed_seconds: 1155614 [CONTEXT service_id=218 ]
11-01 06:12:40.659 29486 30757 I NetworkScheduler.Stats: Task com.google.android.gms/com.google.android.gms.security.snet.SnetIdleTaskService finished executing. cause:5 result: 1 elapsed_millis: 35 uptime_millis: 34 exec_start_elapsed_seconds: 1155614 [CONTEXT service_id=218 ]
11-01 06:12:40.717 29486 30757 I NetworkScheduler.Stats: Task com.google.android.gms/com.google.android.gms.icing.indexapi.PeriodicRebuildIndexService finished executing. cause:14 result: 1 elapsed_millis: 159 uptime_millis: 159 exec_start_elapsed_seconds: 1155614 [CONTEXT service_id=218 ]
11-01 06:12:40.728 29486 30757 I NetworkScheduler.Stats: Task com.google.android.gms/com.google.android.gms.icing.service.IcingGcmTaskService started execution. cause:5 exec_start_elapsed_seconds: 1155614 [CONTEXT service_id=218 ]
11-01 06:12:40.778 29692 28999 I GmsCoreXrpcWrapper: Returning a channel provider with trafficStatsTag=12804 trafficStatsUid=-1
11-01 06:12:40.791 29486 30729 I NetworkScheduler.Stats: Task com.google.android.gms/com.google.android.gms.icing.service.IcingGcmTaskService finished executing. cause:5 result: 1 elapsed_millis: 95 uptime_millis: 95 exec_start_elapsed_seconds: 1155614 [CONTEXT service_id=218 ]
11-01 06:10:38.444   772   791 E BatteryStatsService: no controller energy info supplied
11-01 06:12:40.804   772  1324 W ActivityManager: Unable to start service Intent { act=com.android.vending.contentfilters.IContentFiltersService.BIND pkg=com.android.vending } U=0: not found
11-01 06:12:40.806 29486 30729 I NetworkScheduler.Stats: Task com.google.android.gms/com.google.android.gms.instantapps.routing.DomainFilterUpdateService started execution. cause:5 exec_start_elapsed_seconds: 1155614 [CONTEXT service_id=218 ]
11-01 06:12:40.808 29486 29014 E DomainFilterImpl: Error while reading domain filter from WHAPI [CONTEXT service_id=121 ]
11-01 06:12:40.808 29486 29014 E DomainFilterImpl: java.util.concurrent.ExecutionException: apcq: Unable to read Finsky Content Filter settings
11-01 06:12:40.808 29486 29014 E DomainFilterImpl: 	at java.util.concurrent.FutureTask.report(FutureTask.java:123)
11-01 06:12:40.808 29486 29014 E DomainFilterImpl: 	at java.util.concurrent.FutureTask.get(FutureTask.java:193)
11-01 06:12:40.808 29486 29014 E DomainFilterImpl: 	at aakm.get(:com.google.android.gms@223616019@22.36.16 (040400-476895098):2)
11-01 06:12:40.808 29486 29014 E DomainFilterImpl: 	at aphs.t(:com.google.android.gms@223616019@22.36.16 (040400-476895098):8)
11-01 06:12:40.808 29486 29014 E DomainFilterImpl: 	at aphs.d(:com.google.android.gms@223616019@22.36.16 (040400-476895098):8)
11-01 06:12:40.808 29486 29014 E DomainFilterImpl: 	at aphl.d(:com.google.android.gms@223616019@22.36.16 (040400-476895098):0)
11-01 06:12:40.808 29486 29014 E DomainFilterImpl: 	at com.google.android.gms.instantapps.routing.DomainFilterUpdateChimeraService.a(:com.google.android.gms@223616019@22.36.16 (040400-476895098):22)
11-01 06:12:40.808 29486 29014 E DomainFilterImpl: 	at arox.call(:com.google.android.gms@223616019@22.36.16 (040400-476895098):4)
11-01 06:12:40.808 29486 29014 E DomainFilterImpl: 	at java.util.concurrent.FutureTask.run(FutureTask.java:266)
11-01 06:12:40.808 29486 29014 E DomainFilterImpl: 	at aarl.c(:com.google.android.gms@223616019@22.36.16 (040400-476895098):6)
11-01 06:12:40.808 29486 29014 E DomainFilterImpl: 	at aarl.run(:com.google.android.gms@223616019@22.36.16 (040400-476895098):7)
11-01 06:12:40.808 29486 29014 E DomainFilterImpl: 	at java.util.concurrent.ThreadPoolExecutor.runWorker(ThreadPoolExecutor.java:1162)
11-01 06:12:40.808 29486 29014 E DomainFilterImpl: 	at java.util.concurrent.ThreadPoolExecutor$Worker.run(ThreadPoolExecutor.java:636)
11-01 06:12:40.808 29486 29014 E DomainFilterImpl: 	at aaws.run(:com.google.android.gms@223616019@22.36.16 (040400-476895098):0)
11-01 06:12:40.808 29486 29014 E DomainFilterImpl: 	at java.lang.Thread.run(Thread.java:764)
11-01 06:12:40.808 29486 29014 E DomainFilterImpl: Caused by: apcq: Unable to read Finsky Content Filter settings
11-01 06:12:40.808 29486 29014 E DomainFilterImpl: 	at apcs.b(:com.google.android.gms@223616019@22.36.16 (040400-476895098):7)
11-01 06:12:40.808 29486 29014 E DomainFilterImpl: 	at apcd.a(:com.google.android.gms@223616019@22.36.16 (040400-476895098):2)
11-01 06:12:40.808 29486 29014 E DomainFilterImpl: 	at aakk.call(:com.google.android.gms@223616019@22.36.16 (040400-476895098):2)
11-01 06:12:40.808 29486 29014 E DomainFilterImpl: 	... 7 more
11-01 06:12:40.809 29486 29014 W DomainFilterUpdateChime: Retry later [CONTEXT service_id=121 ]
11-01 06:12:40.842 29486 29486 D BoundBrokerSvc: onBind: Intent { act=com.google.android.contextmanager.service.ContextManagerLogsUploadBoundService.ACTION_TASK_READY dat=chimera-action:com.google.android.contextmanager.service.ContextManagerLogsUploadBoundService.ACTION_TASK_READY cmp=com.google.android.gms/.chimera.PersistentInternalBoundBrokerService }
11-01 06:12:40.842 29486 29486 D BoundBrokerSvc: Loading bound service for intent: Intent { act=com.google.android.contextmanager.service.ContextManagerLogsUploadBoundService.ACTION_TASK_READY dat=chimera-action:com.google.android.contextmanager.service.ContextManagerLogsUploadBoundService.ACTION_TASK_READY cmp=com.google.android.gms/.chimera.PersistentInternalBoundBrokerService }
11-01 06:12:40.846 29486 29014 I NetworkScheduler.Stats: Task com.google.android.gms/com.google.android.gms.instantapps.routing.DomainFilterUpdateService finished executing. cause:5 result: 3 elapsed_millis: 83 uptime_millis: 82 exec_start_elapsed_seconds: 1155614 [CONTEXT service_id=218 ]
11-01 06:12:40.858 29486 29486 D BoundBrokerSvc: onUnbind: Intent { act=com.google.android.contextmanager.service.ContextManagerLogsUploadBoundService.ACTION_TASK_READY dat=chimera-action:com.google.android.contextmanager.service.ContextManagerLogsUploadBoundService.ACTION_TASK_READY cmp=com.google.android.gms/.chimera.PersistentInternalBoundBrokerService }
11-01 06:12:40.865 29486 29014 I NetworkScheduler.Stats: Task com.google.android.gms/com.google.android.contextmanager.service.ContextManagerLogsUploadBoundService started execution. cause:5 exec_start_elapsed_seconds: 1155615 [CONTEXT service_id=218 ]
11-01 06:12:40.866 29486 29014 I NetworkScheduler.Stats: Task com.google.android.gms/com.google.android.contextmanager.service.ContextManagerLogsUploadBoundService finished executing. cause:5 result: 1 elapsed_millis: 20 uptime_millis: 20 exec_start_elapsed_seconds: 1155615 [CONTEXT service_id=218 ]
11-01 06:12:40.923 29692 29692 D BoundBrokerSvc: onBind: Intent { act=com.google.android.gms.common.BIND_SHARED_PREFS pkg=com.google.android.gms }
11-01 06:12:40.923 29692 29692 D BoundBrokerSvc: Loading bound service for intent: Intent { act=com.google.android.gms.common.BIND_SHARED_PREFS pkg=com.google.android.gms }
11-01 06:12:40.931 29486 29014 I NetworkScheduler.Stats: Task com.google.android.gms/com.google.android.gms.common.stats.net.NetworkReportService started execution. cause:5 exec_start_elapsed_seconds: 1155615 [CONTEXT service_id=218 ]
11-01 06:12:40.934 29692 29692 D BoundBrokerSvc: onUnbind: Intent { act=com.google.android.gms.common.BIND_SHARED_PREFS pkg=com.google.android.gms }
11-01 06:12:40.942 29692 29692 D BoundBrokerSvc: onBind: Intent { act=com.google.android.gms.common.BIND_SHARED_PREFS pkg=com.google.android.gms }
11-01 06:12:40.943 29692 29692 D BoundBrokerSvc: Loading bound service for intent: Intent { act=com.google.android.gms.common.BIND_SHARED_PREFS pkg=com.google.android.gms }
