10-30 15:05:34.095   372   376 D DrmLibTime: time_getutcsec finished! 
10-30 15:05:34.095   372   376 D DrmLibTime: iotcl_continue_command finished! and return 0 
10-30 15:05:34.095   372   376 D DrmLibTime: before calling ioctl to read the next time_cmd
10-30 15:05:34.113   372   376 D DrmLibTime: got the req here! ret=0
10-30 15:05:34.113   372   376 D DrmLibTime: command id, time_cmd_id = 770
10-30 15:05:34.113   372   376 D DrmLibTime: time_getutcsec starts!
10-30 15:05:34.113   372   376 D DrmLibTime: QSEE Time Listener: time_getutcsec
10-30 15:05:34.113   372   376 D DrmLibTime: QSEE Time Listener: get_utc_seconds
10-30 15:05:34.113   372   376 D DrmLibTime: QSEE Time Listener: time_get_modem_time
10-30 15:05:34.113   372   376 D DrmLibTime: QSEE Time Listener: Checking if ATS_MODEM is set or not.
10-30 15:05:34.113   372   376 D QC-time-services: Lib:time_genoff_operation: pargs->base = 13
10-30 15:05:34.113   372   376 D QC-time-services: Lib:time_genoff_operation: pargs->operation = 2
10-30 15:05:34.113   372   376 D QC-time-services: Lib:time_genoff_operation: pargs->ts_val = 0
10-30 15:05:34.113   372   376 D QC-time-services: Lib:time_genoff_operation: Send to server  passed!!
10-30 15:05:34.113   625   647 D QC-time-services: Daemon: Connection accepted:time_genoff
10-30 15:05:34.114   625 19793 D QC-time-services: Daemon:Received base = 13, unit = 1, operation = 2,value = 0
10-30 15:05:34.114   625 19793 D QC-time-services: Daemon:genoff_opr: Base = 13, val = 0, operation = 2
10-30 15:05:34.114   625 19793 D QC-time-services: offset is: 0 for base: 13
10-30 15:05:34.114   372   376 E QC-time-services: Receive Passed == base = 13, unit = 1, operation = 2, result = 0
10-30 15:05:34.114   372   376 D DrmLibTime: QSEE Time Listener: ATS_MODEM is not set. Fallback to Android system time.
10-30 15:05:34.114   372   376 D DrmLibTime: QSEE Time Listener: Retrieved Android system time: 1667138734
10-30 15:05:34.114   372   376 D DrmLibTime: time_getutcsec returns 0, sec = 1667138734; nsec = 0
10-30 15:05:34.114   372   376 D DrmLibTime: time_getutcsec finished! 
10-30 15:05:34.114   372   376 D DrmLibTime: iotcl_continue_command finished! and return 0 
10-30 15:05:34.114   372   376 D DrmLibTime: before calling ioctl to read the next time_cmd
10-30 15:05:34.114   625   647 E QC-time-services: Daemon: Time-services: Waiting to acceptconnection
10-30 15:05:34.239 31420 19796 W NetworkScheduler: Error inserting period=876000 preferred_charging_state=1 preferred_network_type=1 target_class=com.google.android.gms.measurement.PackageMeasurementTaskService required_network_type=0 runtime=1667138734223 required_idleness_state=0 source=16 service_kind=0 target_package=com.google.android.gms persistence_level=1 source_version=223616000 last_runtime=0 user_id=0 job_id=-1 requires_charging=0 tag=Measurement.PackageMeasurementTaskService.UPLOAD_TASK_TAG flex_time=437000 task_type=0 retry_strategy={"maximum_backoff_seconds":{"3600":0},"initial_backoff_seconds":{"30":0},"retry_policy":{"0":0}} [CONTEXT service_id=218 ]
10-30 15:05:34.239 31420 19796 W NetworkScheduler: android.database.sqlite.SQLiteConstraintException: UNIQUE constraint failed: pending_ops.tag, pending_ops.target_class, pending_ops.target_package, pending_ops.user_id (code 2067)
10-30 15:05:34.239 31420 19796 W NetworkScheduler: 	at android.database.sqlite.SQLiteConnection.nativeExecuteForLastInsertedRowId(Native Method)
10-30 15:05:34.239 31420 19796 W NetworkScheduler: 	at android.database.sqlite.SQLiteConnection.executeForLastInsertedRowId(SQLiteConnection.java:782)
10-30 15:05:34.239 31420 19796 W NetworkScheduler: 	at android.database.sqlite.SQLiteSession.executeForLastInsertedRowId(SQLiteSession.java:788)
10-30 15:05:34.239 31420 19796 W NetworkScheduler: 	at android.database.sqlite.SQLiteStatement.executeInsert(SQLiteStatement.java:86)
10-30 15:05:34.239 31420 19796 W NetworkScheduler: 	at android.database.sqlite.SQLiteDatabase.insertWithOnConflict(SQLiteDatabase.java:1474)
10-30 15:05:34.239 31420 19796 W NetworkScheduler: 	at android.database.sqlite.SQLiteDatabase.insertOrThrow(SQLiteDatabase.java:1369)
10-30 15:05:34.239 31420 19796 W NetworkScheduler: 	at biel.g(:com.google.android.gms@223616019@22.36.16 (040400-476895098):52)
10-30 15:05:34.239 31420 19796 W NetworkScheduler: 	at bide.n(:com.google.android.gms@223616019@22.36.16 (040400-476895098):3)
10-30 15:05:34.239 31420 19796 W NetworkScheduler: 	at bide.u(:com.google.android.gms@223616019@22.36.16 (040400-476895098):20)
10-30 15:05:34.239 31420 19796 W NetworkScheduler: 	at bide.h(:com.google.android.gms@223616019@22.36.16 (040400-476895098):3)
10-30 15:05:34.239 31420 19796 W NetworkScheduler: 	at bhyv.run(:com.google.android.gms@223616019@22.36.16 (040400-476895098):9)
10-30 15:05:34.239 31420 19796 W NetworkScheduler: 	at aarl.c(:com.google.android.gms@223616019@22.36.16 (040400-476895098):6)
10-30 15:05:34.239 31420 19796 W NetworkScheduler: 	at aarl.run(:com.google.android.gms@223616019@22.36.16 (040400-476895098):7)
10-30 15:05:34.239 31420 19796 W NetworkScheduler: 	at java.util.concurrent.ThreadPoolExecutor.runWorker(ThreadPoolExecutor.java:1162)
10-30 15:05:34.239 31420 19796 W NetworkScheduler: 	at java.util.concurrent.ThreadPoolExecutor$Worker.run(ThreadPoolExecutor.java:636)
10-30 15:05:34.239 31420 19796 W NetworkScheduler: 	at aaws.run(:com.google.android.gms@223616019@22.36.16 (040400-476895098):0)
10-30 15:05:34.239 31420 19796 W NetworkScheduler: 	at java.lang.Thread.run(Thread.java:764)
10-30 15:05:34.258   772  1259 I ActivityManager: Start proc 19797:com.opera.browser:sandboxed_process0/u0a99 for service com.opera.browser/com.opera.android.browser.chromium.services.SandboxedProcessService0
10-30 15:05:34.317 19797 19797 I LoadedApk: No resource references to update in package com.opera.browser.nord_vpn
10-30 15:05:34.458   361   361 W /system/bin/hwservicemanager: getTransportFromManifest: Cannot find entry android.hardware.graphics.mapper@2.0::IMapper in either framework or device manifest, using default transport.
10-30 15:05:34.462 19451 19470 I vndksupport: sphal namespace is not configured for this process. Loading /vendor/lib/hw/gralloc.msm8992.so from the current namespace instead.
10-30 15:05:34.551 19309 19309 I zygote  : Deoptimizing boolean p73.a(java.util.Collection, java.util.Iterator) due to JIT inline cache
10-30 15:05:34.594 31420 31501 I FontLog : Received query name=Google Sans&weight=700&besteffort=false, URI content://com.google.android.gms.fonts [CONTEXT service_id=132 ]
10-30 15:05:34.599 31420 31501 I FontLog : Query [name=Google Sans&weight=700&besteffort=false] resolved to {Google Sans, wdth 100.0, wght 700, ital 0.0, bestEffort false} [CONTEXT service_id=132 ]
10-30 15:05:34.632 31420 31501 I FontLog : Fetch {Google Sans, wdth 100.0, wght 700, ital 0.0, bestEffort false} end status Status{statusCode=SUCCESS, resolution=null} [CONTEXT service_id=132 ]
10-30 15:05:34.649 31420  2270 I FontLog : Pulling font file for id = 2071, cache size = 5 [CONTEXT service_id=132 ]
10-30 15:05:34.675   423   456 E SurfaceFlinger: Failed to find layer (com.opera.browser/com.opera.android.startup.WelcomeActivity#0) in layer parent (no-parent).
10-30 15:05:34.678 31420 31465 I FontLog : Received query name=Noto Color Emoji Compat&weight=400&besteffort=false, URI content://com.google.android.gms.fonts [CONTEXT service_id=132 ]
10-30 15:05:34.678 31420 31465 I FontLog : Query [name=Noto Color Emoji Compat&weight=400&besteffort=false] resolved to {Noto Color Emoji Compat, wdth 100.0, wght 400, ital 0.0, bestEffort false} [CONTEXT service_id=132 ]
10-30 15:05:34.680 31420 31465 I FontLog : Fetch {Noto Color Emoji Compat, wdth 100.0, wght 400, ital 0.0, bestEffort false} end status Status{statusCode=SUCCESS, resolution=null} [CONTEXT service_id=132 ]
10-30 15:05:34.683 31420 31432 I FontLog : Pulling font file for id = 2072, cache size = 6 [CONTEXT service_id=132 ]
10-30 15:05:34.711 31420 25451 I FontLog : Received query name=Google Sans&weight=400&besteffort=false, URI content://com.google.android.gms.fonts [CONTEXT service_id=132 ]
10-30 15:05:34.712 31420 25451 I FontLog : Query [name=Google Sans&weight=400&besteffort=false] resolved to {Google Sans, wdth 100.0, wght 400, ital 0.0, bestEffort false} [CONTEXT service_id=132 ]
10-30 15:05:34.719 19309 19309 I zygote  : Deoptimizing void yn3.<init>(yn3$b) due to JIT inline cache
10-30 15:05:34.721 31420 25451 I FontLog : Font PFD returned from cache for {Google Sans, wdth 100.0, wght 400, ital 0.0, bestEffort false} [CONTEXT service_id=132 ]
10-30 15:05:34.721 31420 25451 I FontLog : Fetch {Google Sans, wdth 100.0, wght 400, ital 0.0, bestEffort false} end status Status{statusCode=SUCCESS, resolution=null} [CONTEXT service_id=132 ]
10-30 15:05:34.728 31420 31501 I FontLog : Pulling font file for id = 2073, cache size = 7 [CONTEXT service_id=132 ]
10-30 15:05:34.728 31420 31430 I zygote64: Background concurrent copying GC freed 93899(4MB) AllocSpace objects, 0(0B) LOS objects, 49% free, 10MB/21MB, paused 793us total 157.267ms
10-30 15:05:34.741 31420 31465 I FontLog : Received query name=Google Sans&weight=500&besteffort=false, URI content://com.google.android.gms.fonts [CONTEXT service_id=132 ]
10-30 15:05:34.741 31420 31465 I FontLog : Query [name=Google Sans&weight=500&besteffort=false] resolved to {Google Sans, wdth 100.0, wght 500, ital 0.0, bestEffort false} [CONTEXT service_id=132 ]
10-30 15:05:34.743 31420 31465 I FontLog : Font PFD returned from cache for {Google Sans, wdth 100.0, wght 500, ital 0.0, bestEffort false} [CONTEXT service_id=132 ]
10-30 15:05:34.743 31420 31465 I FontLog : Fetch {Google Sans, wdth 100.0, wght 500, ital 0.0, bestEffort false} end status Status{statusCode=SUCCESS, resolution=null} [CONTEXT service_id=132 ]
10-30 15:05:34.751 31420  2270 I FontLog : Pulling font file for id = 2074, cache size = 7 [CONTEXT service_id=132 ]
10-30 15:05:34.762 19309 19314 I zygote  : Do partial code cache collection, code=508KB, data=352KB
10-30 15:05:34.767 19451 19464 I vndksupport: sphal namespace is not configured for this process. Loading libutils.so from the current namespace instead.
10-30 15:05:34.769 19309 19415 I vndksupport: sphal namespace is not configured for this process. Loading libutils.so from the current namespace instead.
10-30 15:05:34.769 19797 19808 I vndksupport: sphal namespace is not configured for this process. Loading libutils.so from the current namespace instead.
10-30 15:05:34.779 19309 19314 I zygote  : After code cache collection, code=497KB, data=347KB
10-30 15:05:34.779 19309 19314 I zygote  : Increasing code cache capacity to 2MB
10-30 15:05:34.781   556   687 E Parcel  : Reading a NULL string not supported here.
10-30 15:05:34.781   556   687 W Parcel  : **** enforceInterface() expected 'IAAudioService' but read ''
10-30 15:05:34.782   360   360 E SELinux : avc:  denied  { find } for service=android.service.gatekeeper.IGateKeeperService pid=19818 uid=2000 scontext=u:r:shell:s0 tcontext=u:object_r:gatekeeper_service:s0 tclass=service_manager
10-30 15:05:34.783   360   360 E SELinux : avc:  denied  { find } for service=netd pid=19818 uid=2000 scontext=u:r:shell:s0 tcontext=u:object_r:netd_service:s0 tclass=service_manager
10-30 15:05:34.787 19818 19818 W atrace  : type=1400 audit(0.0:8101): avc: denied { call } for scontext=u:r:shell:s0 tcontext=u:r:wificond:s0 tclass=binder permissive=0
10-30 15:05:34.792   360   360 E SELinux : avc:  denied  { find } for service=installd pid=19818 uid=2000 scontext=u:r:shell:s0 tcontext=u:object_r:installd_service:s0 tclass=service_manager
10-30 15:05:34.798   361   361 E SELinux : avc:  denied  { find } for interface=android.frameworks.displayservice::IDisplayService pid=19818 scontext=u:r:shell:s0 tcontext=u:object_r:fwk_display_hwservice:s0 tclass=hwservice_manager
10-30 15:05:34.800   361   361 E SELinux : avc:  denied  { find } for interface=android.frameworks.schedulerservice::ISchedulingPolicyService pid=19818 scontext=u:r:shell:s0 tcontext=u:object_r:fwk_scheduler_hwservice:s0 tclass=hwservice_manager
10-30 15:05:34.801   361   361 E SELinux : avc:  denied  { find } for interface=android.frameworks.sensorservice::ISensorManager pid=19818 scontext=u:r:shell:s0 tcontext=u:object_r:fwk_sensor_hwservice:s0 tclass=hwservice_manager
10-30 15:05:34.802   361   361 E SELinux : avc:  denied  { find } for interface=android.hardware.biometrics.fingerprint::IBiometricsFingerprint pid=19818 scontext=u:r:shell:s0 tcontext=u:object_r:hal_fingerprint_hwservice:s0 tclass=hwservice_manager
10-30 15:05:34.806   361   361 E SELinux : avc:  denied  { find } for interface=android.hardware.dumpstate::IDumpstateDevice pid=19818 scontext=u:r:shell:s0 tcontext=u:object_r:hal_dumpstate_hwservice:s0 tclass=hwservice_manager
10-30 15:05:34.808   361   361 E SELinux : avc:  denied  { find } for interface=android.hardware.radio.deprecated::IOemHook pid=19818 scontext=u:r:shell:s0 tcontext=u:object_r:hal_telephony_hwservice:s0 tclass=hwservice_manager
10-30 15:05:34.811   361   361 E SELinux : avc:  denied  { find } for interface=android.hardware.radio::IRadio pid=19818 scontext=u:r:shell:s0 tcontext=u:object_r:hal_telephony_hwservice:s0 tclass=hwservice_manager
10-30 15:05:34.811   361   361 E SELinux : avc:  denied  { find } for interface=android.hardware.radio::ISap pid=19818 scontext=u:r:shell:s0 tcontext=u:object_r:hal_telephony_hwservice:s0 tclass=hwservice_manager
10-30 15:05:34.812   361   361 E SELinux : avc:  denied  { find } for interface=android.hardware.usb::IUsb pid=19818 scontext=u:r:shell:s0 tcontext=u:object_r:hal_usb_hwservice:s0 tclass=hwservice_manager
10-30 15:05:34.813   361   361 E SELinux : avc:  denied  { find } for interface=android.hardware.wifi.supplicant::ISupplicant pid=19818 scontext=u:r:shell:s0 tcontext=u:object_r:hal_wifi_supplicant_hwservice:s0 tclass=hwservice_manager
10-30 15:05:34.814   361   361 E SELinux : avc:  denied  { find } for interface=android.hardware.wifi::IWifi pid=19818 scontext=u:r:shell:s0 tcontext=u:object_r:hal_wifi_hwservice:s0 tclass=hwservice_manager
10-30 15:05:34.815   361   361 E SELinux : avc:  denied  { find } for interface=android.hidl.base::IBase pid=19818 scontext=u:r:shell:s0 tcontext=u:object_r:hidl_base_hwservice:s0 tclass=hwservice_manager
10-30 15:05:34.816   361   361 I chatty  : uid=1000(system) hwservicemanage identical 1 line
10-30 15:05:34.817   361   361 E SELinux : avc:  denied  { find } for interface=android.hidl.base::IBase pid=19818 scontext=u:r:shell:s0 tcontext=u:object_r:hidl_base_hwservice:s0 tclass=hwservice_manager
10-30 15:05:34.819   361   361 E SELinux : avc:  denied  { find } for interface=android.system.wifi.keystore::IKeystore pid=19818 scontext=u:r:shell:s0 tcontext=u:object_r:system_wifi_keystore_hwservice:s0 tclass=hwservice_manager
10-30 15:05:34.825 19309 19319 I zygote  : Background concurrent copying GC freed 91008(5MB) AllocSpace objects, 60(2MB) LOS objects, 50% free, 11MB/22MB, paused 480us total 228.173ms
10-30 15:05:35.969   551   618 I ThermalEngine: ACTION: BATTERY - Setting battery charging mitigation to 3
10-30 15:05:42.129   551   618 I ThermalEngine: ACTION: Hotplugged OFF CPU[5]
10-30 15:05:42.134   551   618 I ThermalEngine: ACTION: Hotplugged OFF CPU[4]
10-30 15:05:42.768 31420 19796 E WakeLock: GCM_HB_ALARM release without a matched acquire!
10-30 15:05:44.217 26466 26466 D BoundBrokerSvc: onUnbind: Intent { act=com.google.android.gms.measurement.START pkg=com.google.android.gms }
10-30 15:06:04.525   772   787 I UsageStatsService: User[0] Flushing usage stats to disk
10-30 15:06:13.183   551   618 I ThermalEngine: ACTION: Hotplugged ON CPU[5]
10-30 15:06:13.194   551   618 I ThermalEngine: ACTION: Hotplugged ON CPU[4]
10-30 15:06:35.991   551   618 I ThermalEngine: ACTION: BATTERY - Setting battery charging mitigation to 0
10-30 15:06:39.443   772  2969 I ActivityManager: Force stopping com.opera.browser appid=10099 user=0: from pid 19937
10-30 15:06:39.444   772  2969 I ActivityManager: Killing 19451:com.opera.browser:privileged_process0/u0a99 (adj 0): stop com.opera.browser
10-30 15:06:39.445   772  2969 W ActivityManager: Scheduling restart of crashed service com.opera.browser/com.opera.android.browser.chromium.services.PrivilegedProcessService0 in 1000ms
10-30 15:06:39.451   772  2969 I ActivityManager: Killing 19309:com.opera.browser/u0a99 (adj 0): stop com.opera.browser
10-30 15:06:39.455   772  2969 W ActivityManager: Force removing ActivityRecord{8c3dc33 u0 com.opera.browser/com.opera.android.BrowserActivity t489}: app died, no saved state
10-30 15:06:39.459   772  2969 I WindowManager: Failed to capture screenshot of Token{aee7bf0 ActivityRecord{8c3dc33 u0 com.opera.browser/com.opera.android.BrowserActivity t489 f}} appWin=Window{b055c11 u0 com.opera.browser/com.opera.android.BrowserActivity} drawState=4
10-30 15:06:39.462 19797 19797 I zygote  : System.exit called, status: 0
10-30 15:06:39.462 19797 19797 I AndroidRuntime: VM exiting with result code 0, cleanup skipped.
10-30 15:06:39.488   772  2969 I ActivityManager: Killing 19797:com.opera.browser:sandboxed_process0/u0a99 (adj 0): stop com.opera.browser
10-30 15:06:39.497  1311  1311 D CarrierSvcBindHelper: No carrier app for: 0
10-30 15:06:39.511   772 20193 D WindowManager: relayoutVisibleWindow: Window{1e2d3fc u0 com.google.android.googlequicksearchbox/com.google.android.launcher.GEL EXITING} mAnimatingExit=true, mRemoveOnExit=false, mDestroying=true
10-30 15:06:39.517  2964  2964 D RegisteredNfcFServicesCache: Service unchanged, not updating
10-30 15:06:39.521  3042  3179 I Adreno  : QUALCOMM build                   : 7142022, Ib5823dd10c
10-30 15:06:39.521  3042  3179 I Adreno  : Build Date                       : 06/23/17
10-30 15:06:39.521  3042  3179 I Adreno  : OpenGL ES Shader Compiler Version: EV031.18.00.00
10-30 15:06:39.521  3042  3179 I Adreno  : Local Branch                     : O11A
10-30 15:06:39.521  3042  3179 I Adreno  : Remote Branch                    : 
10-30 15:06:39.521  3042  3179 I Adreno  : Remote Branch                    : 
10-30 15:06:39.521  3042  3179 I Adreno  : Reconstruct Branch               : 
10-30 15:06:39.523  3042  3179 I vndksupport: sphal namespace is not configured for this process. Loading /vendor/lib64/hw/gralloc.msm8992.so from the current namespace instead.
10-30 15:06:39.532   772  2970 D ConnectivityService: ConnectivityService NetworkRequestInfo binderDied(NetworkRequest [ LISTEN id=1112, [ Capabilities: INTERNET&NOT_RESTRICTED&TRUSTED&FOREGROUND] ], android.os.BinderProxy@3cf4659)
10-30 15:06:39.533   772  1324 D ConnectivityService: ConnectivityService NetworkRequestInfo binderDied(NetworkRequest [ LISTEN id=1111, [ Capabilities: INTERNET&NOT_RESTRICTED&TRUSTED&FOREGROUND] ], android.os.BinderProxy@886421e)
10-30 15:06:39.534   772   862 E ConnectivityService: RemoteException caught trying to send a callback msg for NetworkRequest [ LISTEN id=1112, [ Capabilities: INTERNET&NOT_RESTRICTED&TRUSTED&FOREGROUND] ]
10-30 15:06:39.535   772   797 W ActivityManager: setHasOverlayUi called on unknown pid: 19309
10-30 15:06:39.535  3042  3179 I Adreno  : PFP: 0x00000000, ME: 0x00000000
10-30 15:06:39.536   772   862 E ConnectivityService: RemoteException caught trying to send a callback msg for NetworkRequest [ LISTEN id=1111, [ Capabilities: INTERNET&NOT_RESTRICTED&TRUSTED&FOREGROUND] ]
10-30 15:06:39.553  3042  3179 I OpenGLRenderer: Initialized EGL, version 1.4
10-30 15:06:39.553  3042  3179 D OpenGLRenderer: Swap behavior 2
10-30 15:06:39.589   772  1259 W ActivityManager: Unable to start service Intent { act=com.google.android.gms.speech.service.START pkg=com.google.android.gms } U=0: not found
10-30 15:06:39.590   772 13071 W ActivityManager: Unbind failed: could not find connection for android.os.BinderProxy@9ea74fc
10-30 15:06:39.590 13525 13692 E GmsClient: unable to connect to service: com.google.android.gms.speech.service.START on com.google.android.gms
10-30 15:06:39.606 13525 13537 W SessionLifecycleManager: Handover failed. Creating new session controller.
10-30 15:06:39.611 13525 13525 I OptInState: There is a new client and it does not support opt-in. Dropping request.
10-30 15:06:39.630 13525 13525 I MicroDetectionWorker: #updateMicroDetector [detectionMode: [mDetectionMode: [1]]]
10-30 15:06:39.630 13525 13525 I MicroDetectionWorker: #startMicroDetector [speakerMode: 0]
10-30 15:06:39.633 13525 13525 I MicroDetectionWorker: onReady
10-30 15:06:39.634 13525 13690 I MicroRecognitionRunner: Starting detection.
10-30 15:06:39.634 13525 16391 I MicrophoneInputStream: mic_starting com.google.android.apps.gsa.speech.audio.af@8f3ba9e
10-30 15:06:39.644   556   687 W DeviceHAL: Device 0xefa2d000 open_input_stream: Invalid argument
10-30 15:06:39.645   556 19951 I AudioFlinger: AudioFlinger's thread 0xec907080 tid=19951 ready to run
10-30 15:06:39.655   556   753 I SoundTriggerHwService::Module: onCallbackEvent no clients
10-30 15:06:39.656 13525 16391 I MicrophoneInputStream: mic_started com.google.android.apps.gsa.speech.audio.af@8f3ba9e
10-30 15:06:39.661   556 19952 D sound_trigger_platform: platform_stdev_check_and_update_concurrency: concurrency active 0, tx 1, rx 0, concurrency session_allowed 0
10-30 15:06:39.661   556 19952 D audio_hw_primary: enable_snd_device: snd_device(72: voice-rec-mic)
10-30 15:06:39.668   556 19952 D audio_hw_primary: enable_audio_route: usecase(9) apply and update mixer path: audio-record
10-30 15:06:39.736 13525 13525 I MicroDetectionWorker: onReady
10-30 15:06:40.024 19941 19941 D AndroidRuntime: >>>>>> START com.android.internal.os.RuntimeInit uid 2000 <<<<<<
10-30 15:06:40.074  3042  3179 W OpenGLRenderer: Incorrectly called buildLayer on View: ShortcutAndWidgetContainer, destroying layer...
10-30 15:06:40.218 19941 19941 D AndroidRuntime: Calling main entry com.android.commands.pm.Pm
10-30 15:06:40.254   772 10893 I ActivityManager: Force stopping com.opera.browser appid=10099 user=0: clear data
10-30 15:06:40.264   772   788 I ActivityManager: Force stopping com.opera.browser appid=10099 user=-1: clearApplicationUserData
10-30 15:06:40.355   560   560 I keystore: clear_uid 10099
10-30 15:06:40.413  1311  1311 D CarrierSvcBindHelper: No carrier app for: 0
10-30 15:06:40.415 19941 19941 I app_process: System.exit called, status: 0
10-30 15:06:40.415 19941 19941 I AndroidRuntime: VM exiting with result code 0.
10-30 15:06:40.427   772   787 W ResourceType: No known package when getting value for resource number 0x7f100007
10-30 15:06:40.427   772   787 W ResourceType: No known package when getting value for resource number 0x7f13090c
10-30 15:06:40.427   772   787 W ResourceType: No known package when getting value for resource number 0x7f100005
10-30 15:06:40.427   772   787 W ResourceType: No known package when getting value for resource number 0x7f13090a
10-30 15:06:40.427   772   787 W ResourceType: No known package when getting value for resource number 0x7f100004
10-30 15:06:40.427   772   787 W ResourceType: No known package when getting value for resource number 0x7f130909
10-30 15:06:40.427   772   787 W ResourceType: No known package when getting value for resource number 0x7f100006
10-30 15:06:40.427   772   787 W ResourceType: No known package when getting value for resource number 0x7f13090b
10-30 15:06:40.432  2964  2964 D RegisteredNfcFServicesCache: Service unchanged, not updating
10-30 15:06:40.475 31420 19970 I Fitness : FitCleanupIntentOperation received Intent android.intent.action.PACKAGE_DATA_CLEARED [CONTEXT service_id=17 ]
10-30 15:06:40.501 26466  6763 I Icing   : doRemovePackageData com.opera.browser
10-30 15:06:40.598   772   781 I zygote64: Background concurrent copying GC freed 66675(4MB) AllocSpace objects, 23(476KB) LOS objects, 42% free, 16MB/29MB, paused 336us total 107.573ms
10-30 15:06:40.736   772 10894 I ActivityManager: Force stopping com.opera.browser appid=10099 user=0: from pid 19994
10-30 15:06:40.740  1311  1311 D CarrierSvcBindHelper: No carrier app for: 0
10-30 15:06:40.753  2964  2964 D RegisteredNfcFServicesCache: Service unchanged, not updating
10-30 15:06:41.279 19996 19996 D AndroidRuntime: >>>>>> START com.android.internal.os.RuntimeInit uid 2000 <<<<<<
10-30 15:06:41.467 19996 19996 D AndroidRuntime: Calling main entry com.android.commands.pm.Pm
10-30 15:06:41.480   772   996 I ActivityManager: Force stopping com.opera.browser appid=10099 user=0: clear data
10-30 15:06:41.483   772   788 I ActivityManager: Force stopping com.opera.browser appid=10099 user=-1: clearApplicationUserData
10-30 15:06:41.488   560   560 I keystore: clear_uid 10099
10-30 15:06:41.538  1311  1311 D CarrierSvcBindHelper: No carrier app for: 0
10-30 15:06:41.539 19996 19996 I app_process: System.exit called, status: 0
10-30 15:06:41.539 19996 19996 I AndroidRuntime: VM exiting with result code 0.
10-30 15:06:41.543   772   787 W ResourceType: No known package when getting value for resource number 0x7f100007
10-30 15:06:41.543   772   787 W ResourceType: No known package when getting value for resource number 0x7f13090c
10-30 15:06:41.543   772   787 W ResourceType: No known package when getting value for resource number 0x7f100005
10-30 15:06:41.543   772   787 W ResourceType: No known package when getting value for resource number 0x7f13090a
10-30 15:06:41.543   772   787 W ResourceType: No known package when getting value for resource number 0x7f100004
10-30 15:06:41.543   772   787 W ResourceType: No known package when getting value for resource number 0x7f130909
10-30 15:06:41.543   772   787 W ResourceType: No known package when getting value for resource number 0x7f100006
10-30 15:06:41.543   772   787 W ResourceType: No known package when getting value for resource number 0x7f13090b
10-30 15:06:41.570  2964  2964 D RegisteredNfcFServicesCache: Service unchanged, not updating
10-30 15:06:41.583 31420 19970 I Fitness : FitCleanupIntentOperation received Intent android.intent.action.PACKAGE_DATA_CLEARED [CONTEXT service_id=17 ]
10-30 15:06:41.609 26466  6763 I Icing   : doRemovePackageData com.opera.browser
