10-31 21:21:27.172   372   376 D DrmLibTime: iotcl_continue_command finished! and return 0 
10-31 21:21:27.172   372   376 D DrmLibTime: before calling ioctl to read the next time_cmd
10-31 21:21:27.173   625   647 E QC-time-services: Daemon: Time-services: Waiting to acceptconnection
10-31 21:21:27.332   772 29404 I ActivityManager: Start proc 16701:com.opera.browser:sandboxed_process0/u0a99 for service com.opera.browser/com.opera.android.browser.chromium.services.SandboxedProcessService0
10-31 21:21:27.399 29486 16335 W NetworkScheduler: Error inserting period=6978000 preferred_charging_state=1 preferred_network_type=1 target_class=com.google.android.gms.measurement.PackageMeasurementTaskService required_network_type=0 runtime=1667247687384 required_idleness_state=0 source=16 service_kind=0 target_package=com.google.android.gms persistence_level=1 source_version=223616000 last_runtime=0 user_id=0 job_id=-1 requires_charging=0 tag=Measurement.PackageMeasurementTaskService.UPLOAD_TASK_TAG flex_time=3488000 task_type=0 retry_strategy={"maximum_backoff_seconds":{"3600":0},"initial_backoff_seconds":{"30":0},"retry_policy":{"0":0}} [CONTEXT service_id=218 ]
10-31 21:21:27.399 29486 16335 W NetworkScheduler: android.database.sqlite.SQLiteConstraintException: UNIQUE constraint failed: pending_ops.tag, pending_ops.target_class, pending_ops.target_package, pending_ops.user_id (code 2067)
10-31 21:21:27.399 29486 16335 W NetworkScheduler: 	at android.database.sqlite.SQLiteConnection.nativeExecuteForLastInsertedRowId(Native Method)
10-31 21:21:27.399 29486 16335 W NetworkScheduler: 	at android.database.sqlite.SQLiteConnection.executeForLastInsertedRowId(SQLiteConnection.java:782)
10-31 21:21:27.399 29486 16335 W NetworkScheduler: 	at android.database.sqlite.SQLiteSession.executeForLastInsertedRowId(SQLiteSession.java:788)
10-31 21:21:27.399 29486 16335 W NetworkScheduler: 	at android.database.sqlite.SQLiteStatement.executeInsert(SQLiteStatement.java:86)
10-31 21:21:27.399 29486 16335 W NetworkScheduler: 	at android.database.sqlite.SQLiteDatabase.insertWithOnConflict(SQLiteDatabase.java:1474)
10-31 21:21:27.399 29486 16335 W NetworkScheduler: 	at android.database.sqlite.SQLiteDatabase.insertOrThrow(SQLiteDatabase.java:1369)
10-31 21:21:27.399 29486 16335 W NetworkScheduler: 	at biel.g(:com.google.android.gms@223616019@22.36.16 (040400-476895098):52)
10-31 21:21:27.399 29486 16335 W NetworkScheduler: 	at bide.n(:com.google.android.gms@223616019@22.36.16 (040400-476895098):3)
10-31 21:21:27.399 29486 16335 W NetworkScheduler: 	at bide.u(:com.google.android.gms@223616019@22.36.16 (040400-476895098):20)
10-31 21:21:27.399 29486 16335 W NetworkScheduler: 	at bide.h(:com.google.android.gms@223616019@22.36.16 (040400-476895098):3)
10-31 21:21:27.399 29486 16335 W NetworkScheduler: 	at bhyv.run(:com.google.android.gms@223616019@22.36.16 (040400-476895098):9)
10-31 21:21:27.399 29486 16335 W NetworkScheduler: 	at aarl.c(:com.google.android.gms@223616019@22.36.16 (040400-476895098):6)
10-31 21:21:27.399 29486 16335 W NetworkScheduler: 	at aarl.run(:com.google.android.gms@223616019@22.36.16 (040400-476895098):7)
10-31 21:21:27.399 29486 16335 W NetworkScheduler: 	at java.util.concurrent.ThreadPoolExecutor.runWorker(ThreadPoolExecutor.java:1162)
10-31 21:21:27.399 29486 16335 W NetworkScheduler: 	at java.util.concurrent.ThreadPoolExecutor$Worker.run(ThreadPoolExecutor.java:636)
10-31 21:21:27.399 29486 16335 W NetworkScheduler: 	at aaws.run(:com.google.android.gms@223616019@22.36.16 (040400-476895098):0)
10-31 21:21:27.399 29486 16335 W NetworkScheduler: 	at java.lang.Thread.run(Thread.java:764)
10-31 21:21:27.420 16701 16701 I LoadedApk: No resource references to update in package com.opera.browser.nord_vpn
10-31 21:21:27.483 16199 16211 I vndksupport: sphal namespace is not configured for this process. Loading libutils.so from the current namespace instead.
10-31 21:21:27.483 16341 16353 I vndksupport: sphal namespace is not configured for this process. Loading libutils.so from the current namespace instead.
10-31 21:21:27.486 16701 16712 I vndksupport: sphal namespace is not configured for this process. Loading libutils.so from the current namespace instead.
10-31 21:21:27.496   556   688 E Parcel  : Reading a NULL string not supported here.
10-31 21:21:27.496   556   688 W Parcel  : **** enforceInterface() expected 'IAAudioService' but read ''
10-31 21:21:27.498 16696 16696 W atrace  : type=1400 audit(0.0:18384): avc: denied { call } for scontext=u:r:shell:s0 tcontext=u:r:wificond:s0 tclass=binder permissive=0
10-31 21:21:27.498   360   360 E SELinux : avc:  denied  { find } for service=android.service.gatekeeper.IGateKeeperService pid=16696 uid=2000 scontext=u:r:shell:s0 tcontext=u:object_r:gatekeeper_service:s0 tclass=service_manager
10-31 21:21:27.498   360   360 E SELinux : avc:  denied  { find } for service=netd pid=16696 uid=2000 scontext=u:r:shell:s0 tcontext=u:object_r:netd_service:s0 tclass=service_manager
10-31 21:21:27.505   360   360 E SELinux : avc:  denied  { find } for service=installd pid=16696 uid=2000 scontext=u:r:shell:s0 tcontext=u:object_r:installd_service:s0 tclass=service_manager
10-31 21:21:27.512   361   361 E SELinux : avc:  denied  { find } for interface=android.frameworks.displayservice::IDisplayService pid=16696 scontext=u:r:shell:s0 tcontext=u:object_r:fwk_display_hwservice:s0 tclass=hwservice_manager
10-31 21:21:27.513   361   361 E SELinux : avc:  denied  { find } for interface=android.frameworks.schedulerservice::ISchedulingPolicyService pid=16696 scontext=u:r:shell:s0 tcontext=u:object_r:fwk_scheduler_hwservice:s0 tclass=hwservice_manager
10-31 21:21:27.514   361   361 E SELinux : avc:  denied  { find } for interface=android.frameworks.sensorservice::ISensorManager pid=16696 scontext=u:r:shell:s0 tcontext=u:object_r:fwk_sensor_hwservice:s0 tclass=hwservice_manager
10-31 21:21:27.516   361   361 E SELinux : avc:  denied  { find } for interface=android.hardware.biometrics.fingerprint::IBiometricsFingerprint pid=16696 scontext=u:r:shell:s0 tcontext=u:object_r:hal_fingerprint_hwservice:s0 tclass=hwservice_manager
10-31 21:21:27.519   361   361 E SELinux : avc:  denied  { find } for interface=android.hardware.dumpstate::IDumpstateDevice pid=16696 scontext=u:r:shell:s0 tcontext=u:object_r:hal_dumpstate_hwservice:s0 tclass=hwservice_manager
10-31 21:21:27.522   361   361 E SELinux : avc:  denied  { find } for interface=android.hardware.radio.deprecated::IOemHook pid=16696 scontext=u:r:shell:s0 tcontext=u:object_r:hal_telephony_hwservice:s0 tclass=hwservice_manager
10-31 21:21:27.523   361   361 E SELinux : avc:  denied  { find } for interface=android.hardware.radio::IRadio pid=16696 scontext=u:r:shell:s0 tcontext=u:object_r:hal_telephony_hwservice:s0 tclass=hwservice_manager
10-31 21:21:27.524   361   361 E SELinux : avc:  denied  { find } for interface=android.hardware.radio::ISap pid=16696 scontext=u:r:shell:s0 tcontext=u:object_r:hal_telephony_hwservice:s0 tclass=hwservice_manager
10-31 21:21:27.524   361   361 E SELinux : avc:  denied  { find } for interface=android.hardware.usb::IUsb pid=16696 scontext=u:r:shell:s0 tcontext=u:object_r:hal_usb_hwservice:s0 tclass=hwservice_manager
10-31 21:21:27.525   361   361 E SELinux : avc:  denied  { find } for interface=android.hardware.wifi.supplicant::ISupplicant pid=16696 scontext=u:r:shell:s0 tcontext=u:object_r:hal_wifi_supplicant_hwservice:s0 tclass=hwservice_manager
10-31 21:21:27.526   361   361 E SELinux : avc:  denied  { find } for interface=android.hardware.wifi::IWifi pid=16696 scontext=u:r:shell:s0 tcontext=u:object_r:hal_wifi_hwservice:s0 tclass=hwservice_manager
10-31 21:21:27.527   361   361 E SELinux : avc:  denied  { find } for interface=android.hidl.base::IBase pid=16696 scontext=u:r:shell:s0 tcontext=u:object_r:hidl_base_hwservice:s0 tclass=hwservice_manager
10-31 21:21:27.530   361   361 I chatty  : uid=1000(system) hwservicemanage identical 1 line
10-31 21:21:27.530   361   361 E SELinux : avc:  denied  { find } for interface=android.hidl.base::IBase pid=16696 scontext=u:r:shell:s0 tcontext=u:object_r:hidl_base_hwservice:s0 tclass=hwservice_manager
10-31 21:21:27.532   361   361 E SELinux : avc:  denied  { find } for interface=android.system.wifi.keystore::IKeystore pid=16696 scontext=u:r:shell:s0 tcontext=u:object_r:system_wifi_keystore_hwservice:s0 tclass=hwservice_manager
10-31 21:21:27.567 29486 29651 I FontLog : Received query name=Google Sans&weight=700&besteffort=false, URI content://com.google.android.gms.fonts [CONTEXT service_id=132 ]
10-31 21:21:27.567 29486 29651 I FontLog : Query [name=Google Sans&weight=700&besteffort=false] resolved to {Google Sans, wdth 100.0, wght 700, ital 0.0, bestEffort false} [CONTEXT service_id=132 ]
10-31 21:21:27.574 29486 29651 I FontLog : Fetch {Google Sans, wdth 100.0, wght 700, ital 0.0, bestEffort false} end status Status{statusCode=SUCCESS, resolution=null} [CONTEXT service_id=132 ]
10-31 21:21:27.582 29486 29498 I FontLog : Pulling font file for id = 692, cache size = 6 [CONTEXT service_id=132 ]
10-31 21:21:27.586 29486 29650 I FontLog : Received query name=Noto Color Emoji Compat&weight=400&besteffort=false, URI content://com.google.android.gms.fonts [CONTEXT service_id=132 ]
10-31 21:21:27.586 29486 29650 I FontLog : Query [name=Noto Color Emoji Compat&weight=400&besteffort=false] resolved to {Noto Color Emoji Compat, wdth 100.0, wght 400, ital 0.0, bestEffort false} [CONTEXT service_id=132 ]
10-31 21:21:27.587 29486 29650 I FontLog : Fetch {Noto Color Emoji Compat, wdth 100.0, wght 400, ital 0.0, bestEffort false} end status Status{statusCode=SUCCESS, resolution=null} [CONTEXT service_id=132 ]
10-31 21:21:27.590 29486 30686 I FontLog : Pulling font file for id = 693, cache size = 6 [CONTEXT service_id=132 ]
10-31 21:21:27.601 29486 29651 I FontLog : Received query name=Google Sans&weight=400&besteffort=false, URI content://com.google.android.gms.fonts [CONTEXT service_id=132 ]
10-31 21:21:27.601 29486 29651 I FontLog : Query [name=Google Sans&weight=400&besteffort=false] resolved to {Google Sans, wdth 100.0, wght 400, ital 0.0, bestEffort false} [CONTEXT service_id=132 ]
10-31 21:21:27.602 29486 29651 I FontLog : Font PFD returned from cache for {Google Sans, wdth 100.0, wght 400, ital 0.0, bestEffort false} [CONTEXT service_id=132 ]
10-31 21:21:27.602 29486 29651 I FontLog : Fetch {Google Sans, wdth 100.0, wght 400, ital 0.0, bestEffort false} end status Status{statusCode=SUCCESS, resolution=null} [CONTEXT service_id=132 ]
10-31 21:21:27.607 29486 29498 I FontLog : Pulling font file for id = 694, cache size = 7 [CONTEXT service_id=132 ]
10-31 21:21:27.616 29486 29650 I FontLog : Received query name=Google Sans&weight=500&besteffort=false, URI content://com.google.android.gms.fonts [CONTEXT service_id=132 ]
10-31 21:21:27.617 29486 29650 I FontLog : Query [name=Google Sans&weight=500&besteffort=false] resolved to {Google Sans, wdth 100.0, wght 500, ital 0.0, bestEffort false} [CONTEXT service_id=132 ]
10-31 21:21:27.618 29486 29650 I FontLog : Font PFD returned from cache for {Google Sans, wdth 100.0, wght 500, ital 0.0, bestEffort false} [CONTEXT service_id=132 ]
10-31 21:21:27.619 29486 29650 I FontLog : Fetch {Google Sans, wdth 100.0, wght 500, ital 0.0, bestEffort false} end status Status{statusCode=SUCCESS, resolution=null} [CONTEXT service_id=132 ]
10-31 21:21:27.623   361   361 W /system/bin/hwservicemanager: getTransportFromManifest: Cannot find entry android.hardware.graphics.mapper@2.0::IMapper in either framework or device manifest, using default transport.
10-31 21:21:27.625 29486 30686 I FontLog : Pulling font file for id = 695, cache size = 5 [CONTEXT service_id=132 ]
10-31 21:21:27.626 16341 16356 I vndksupport: sphal namespace is not configured for this process. Loading /vendor/lib/hw/gralloc.msm8992.so from the current namespace instead.
10-31 21:21:27.631 29486 16335 I SQLiteConnectionPool: The connection pool for /data/user/0/com.google.android.gms/databases/metadata.db has been closed but there are still 1 connections in use.  They will be closed as they are released back to the pool.
10-31 21:21:27.651 16199 16199 I zygote  : Deoptimizing void yn3.<init>(yn3$b) due to JIT inline cache
10-31 21:21:27.721 16199 16199 I zygote  : Deoptimizing boolean p73.a(java.util.Collection, java.util.Iterator) due to JIT inline cache
10-31 21:21:27.748 16199 16204 I zygote  : Do partial code cache collection, code=504KB, data=356KB
10-31 21:21:27.753 16199 16204 I zygote  : After code cache collection, code=495KB, data=352KB
10-31 21:21:27.753 16199 16204 I zygote  : Increasing code cache capacity to 2MB
10-31 21:21:27.912   423   423 D SurfaceFlinger: duplicate layer name: changing com.opera.browser/com.opera.android.BrowserActivity to com.opera.browser/com.opera.android.BrowserActivity#1
10-31 21:21:28.419 16199 16209 I zygote  : Background concurrent copying GC freed 228662(9MB) AllocSpace objects, 22(1676KB) LOS objects, 50% free, 8MB/17MB, paused 627us total 124.838ms
10-31 21:21:29.789 16199 16199 I zygote  : Deoptimizing int zd3.b(android.view.View) due to JIT same target
10-31 21:21:37.363 29692 29692 D BoundBrokerSvc: onUnbind: Intent { act=com.google.android.gms.measurement.START pkg=com.google.android.gms }
10-31 21:22:32.658   772  1327 I ActivityManager: Force stopping com.opera.browser appid=10099 user=0: from pid 16789
10-31 21:22:32.659   772  1327 I ActivityManager: Killing 16341:com.opera.browser:privileged_process0/u0a99 (adj 0): stop com.opera.browser
10-31 21:22:32.660   772  1327 W ActivityManager: Scheduling restart of crashed service com.opera.browser/com.opera.android.browser.chromium.services.PrivilegedProcessService0 in 1000ms
10-31 21:22:32.686   772  1327 I ActivityManager: Killing 16199:com.opera.browser/u0a99 (adj 0): stop com.opera.browser
10-31 21:22:32.690   772  1327 W ActivityManager: Force removing ActivityRecord{69665f4 u0 com.opera.browser/com.opera.android.BrowserActivity t939}: app died, no saved state
10-31 21:22:32.699 16701 16701 I zygote  : System.exit called, status: 0
10-31 21:22:32.699 16701 16701 I AndroidRuntime: VM exiting with result code 0, cleanup skipped.
10-31 21:22:32.767   772  1327 I ActivityManager: Killing 16701:com.opera.browser:sandboxed_process0/u0a99 (adj 0): stop com.opera.browser
10-31 21:22:32.779   772   784 D ConnectivityService: ConnectivityService NetworkRequestInfo binderDied(NetworkRequest [ LISTEN id=2316, [ Capabilities: INTERNET&NOT_RESTRICTED&TRUSTED&FOREGROUND] ], android.os.BinderProxy@46091f8)
10-31 21:22:32.779   772   785 D ConnectivityService: ConnectivityService NetworkRequestInfo binderDied(NetworkRequest [ LISTEN id=2317, [ Capabilities: INTERNET&NOT_RESTRICTED&TRUSTED&FOREGROUND] ], android.os.BinderProxy@767e6d1)
10-31 21:22:32.779   772 10894 I WindowManager: WIN DEATH: Window{9802cac u0 com.opera.browser/com.opera.android.BrowserActivity}
10-31 21:22:32.780   772   862 E ConnectivityService: RemoteException caught trying to send a callback msg for NetworkRequest [ LISTEN id=2316, [ Capabilities: INTERNET&NOT_RESTRICTED&TRUSTED&FOREGROUND] ]
10-31 21:22:32.780   772   862 E ConnectivityService: RemoteException caught trying to send a callback msg for NetworkRequest [ LISTEN id=2317, [ Capabilities: INTERNET&NOT_RESTRICTED&TRUSTED&FOREGROUND] ]
10-31 21:22:32.786  1311  1311 D CarrierSvcBindHelper: No carrier app for: 0
10-31 21:22:32.789   772  2970 W WindowManager: Failed looking up window callers=com.android.server.wm.WindowManagerService.windowForClientLocked:5700 com.android.server.wm.WindowState$DeathRecipient.binderDied:2279 android.os.BinderProxy.sendDeathNotice:828 
10-31 21:22:32.789   772  2970 I WindowManager: WIN DEATH: null
10-31 21:22:32.889   423  6490 E SurfaceFlinger: Failed to find layer (com.opera.browser/com.opera.android.BrowserActivity#1) in layer parent (no-parent).
10-31 21:22:32.894  2964  2964 D RegisteredNfcFServicesCache: Service unchanged, not updating
10-31 21:22:32.896   772   797 W ActivityManager: setHasOverlayUi called on unknown pid: 16199
10-31 21:22:32.899   772  3854 D WindowManager: relayoutVisibleWindow: Window{9e19b20 u0 com.google.android.googlequicksearchbox/com.google.android.launcher.GEL EXITING} mAnimatingExit=true, mRemoveOnExit=false, mDestroying=true
10-31 21:22:32.899   772  3086 I OpenGLRenderer: Initialized EGL, version 1.4
10-31 21:22:32.899   772  3086 D OpenGLRenderer: Swap behavior 2
10-31 21:22:32.907 29407 29511 I Adreno  : QUALCOMM build                   : 7142022, Ib5823dd10c
10-31 21:22:32.907 29407 29511 I Adreno  : Build Date                       : 06/23/17
10-31 21:22:32.907 29407 29511 I Adreno  : OpenGL ES Shader Compiler Version: EV031.18.00.00
10-31 21:22:32.907 29407 29511 I Adreno  : Local Branch                     : O11A
10-31 21:22:32.907 29407 29511 I Adreno  : Remote Branch                    : 
10-31 21:22:32.907 29407 29511 I Adreno  : Remote Branch                    : 
10-31 21:22:32.907 29407 29511 I Adreno  : Reconstruct Branch               : 
10-31 21:22:32.909 29407 29511 I vndksupport: sphal namespace is not configured for this process. Loading /vendor/lib64/hw/gralloc.msm8992.so from the current namespace instead.
10-31 21:22:32.914 29407 29511 I Adreno  : PFP: 0x00000000, ME: 0x00000000
10-31 21:22:32.918 29407 29511 I OpenGLRenderer: Initialized EGL, version 1.4
10-31 21:22:32.918 29407 29511 D OpenGLRenderer: Swap behavior 2
10-31 21:22:32.962   772 10893 W ActivityManager: Unable to start service Intent { act=com.google.android.gms.speech.service.START pkg=com.google.android.gms } U=0: not found
10-31 21:22:32.963   772 32228 W ActivityManager: Unbind failed: could not find connection for android.os.BinderProxy@b653540
10-31 21:22:32.964 13584 13619 E GmsClient: unable to connect to service: com.google.android.gms.speech.service.START on com.google.android.gms
10-31 21:22:32.976 13584 13597 W SessionLifecycleManager: Handover failed. Creating new session controller.
10-31 21:22:32.981 13584 13584 I OptInState: There is a new client and it does not support opt-in. Dropping request.
10-31 21:22:33.007 13584 13584 I MicroDetectionWorker: #updateMicroDetector [detectionMode: [mDetectionMode: [1]]]
10-31 21:22:33.007 13584 13584 I MicroDetectionWorker: #startMicroDetector [speakerMode: 0]
10-31 21:22:33.022 13584 13584 I MicroDetectionWorker: onReady
10-31 21:22:33.026 13584 13605 I MicroRecognitionRunner: Starting detection.
10-31 21:22:33.027 13584 13614 I MicrophoneInputStream: mic_starting com.google.android.apps.gsa.speech.audio.af@e66c1a4
10-31 21:22:33.028   556   556 W DeviceHAL: Device 0xefa2d000 open_input_stream: Invalid argument
10-31 21:22:33.030   556 16803 I AudioFlinger: AudioFlinger's thread 0xec603700 tid=16803 ready to run
10-31 21:22:33.038   556   753 I SoundTriggerHwService::Module: onCallbackEvent no clients
10-31 21:22:33.040 13584 13614 I MicrophoneInputStream: mic_started com.google.android.apps.gsa.speech.audio.af@e66c1a4
10-31 21:22:33.043   556 16804 D sound_trigger_platform: platform_stdev_check_and_update_concurrency: concurrency active 0, tx 1, rx 0, concurrency session_allowed 0
10-31 21:22:33.044   556 16804 D audio_hw_primary: enable_snd_device: snd_device(72: voice-rec-mic)
10-31 21:22:33.050   556 16804 D audio_hw_primary: enable_audio_route: usecase(9) apply and update mixer path: audio-record
10-31 21:22:33.117 13584 13584 I MicroDetectionWorker: onReady
10-31 21:22:33.165 16793 16793 D AndroidRuntime: >>>>>> START com.android.internal.os.RuntimeInit uid 2000 <<<<<<
10-31 21:22:33.304 16793 16793 D AndroidRuntime: Calling main entry com.android.commands.pm.Pm
10-31 21:22:33.310   772 10860 I ActivityManager: Force stopping com.opera.browser appid=10099 user=0: clear data
10-31 21:22:33.312   772   788 I ActivityManager: Force stopping com.opera.browser appid=10099 user=-1: clearApplicationUserData
10-31 21:22:33.355   560   560 I keystore: clear_uid 10099
10-31 21:22:33.403  1311  1311 D CarrierSvcBindHelper: No carrier app for: 0
10-31 21:22:33.406 16793 16793 I app_process: System.exit called, status: 0
10-31 21:22:33.406 16793 16793 I AndroidRuntime: VM exiting with result code 0.
10-31 21:22:33.406   772   787 W ResourceType: No known package when getting value for resource number 0x7f100007
10-31 21:22:33.406   772   787 W ResourceType: No known package when getting value for resource number 0x7f13090c
10-31 21:22:33.407   772   787 W ResourceType: No known package when getting value for resource number 0x7f100005
10-31 21:22:33.407   772   787 W ResourceType: No known package when getting value for resource number 0x7f13090a
10-31 21:22:33.407   772   787 W ResourceType: No known package when getting value for resource number 0x7f100004
10-31 21:22:33.407   772   787 W ResourceType: No known package when getting value for resource number 0x7f130909
10-31 21:22:33.407   772   787 W ResourceType: No known package when getting value for resource number 0x7f100006
10-31 21:22:33.407   772   787 W ResourceType: No known package when getting value for resource number 0x7f13090b
10-31 21:22:33.437  2964  2964 D RegisteredNfcFServicesCache: Service unchanged, not updating
10-31 21:22:33.447 29407 29511 W OpenGLRenderer: Incorrectly called buildLayer on View: ShortcutAndWidgetContainer, destroying layer...
10-31 21:22:33.451 29486 16820 I Fitness : FitCleanupIntentOperation received Intent android.intent.action.PACKAGE_DATA_CLEARED [CONTEXT service_id=17 ]
10-31 21:22:33.495 29692 24764 I Icing   : doRemovePackageData com.opera.browser
10-31 21:22:33.780   772 10894 I ActivityManager: Force stopping com.opera.browser appid=10099 user=0: from pid 16845
10-31 21:22:33.786  1311  1311 D CarrierSvcBindHelper: No carrier app for: 0
10-31 21:22:33.806  2964  2964 D RegisteredNfcFServicesCache: Service unchanged, not updating
10-31 21:22:34.224 16847 16847 D AndroidRuntime: >>>>>> START com.android.internal.os.RuntimeInit uid 2000 <<<<<<
10-31 21:22:34.383 16847 16847 D AndroidRuntime: Calling main entry com.android.commands.pm.Pm
10-31 21:22:34.416   772 13022 I ActivityManager: Force stopping com.opera.browser appid=10099 user=0: clear data
10-31 21:22:34.420   772   788 I ActivityManager: Force stopping com.opera.browser appid=10099 user=-1: clearApplicationUserData
10-31 21:22:34.422   560   560 I keystore: clear_uid 10099
10-31 21:22:34.484  1311  1311 D CarrierSvcBindHelper: No carrier app for: 0
10-31 21:22:34.486   772   787 W ResourceType: No known package when getting value for resource number 0x7f100007
10-31 21:22:34.486   772   787 W ResourceType: No known package when getting value for resource number 0x7f13090c
10-31 21:22:34.486   772   787 W ResourceType: No known package when getting value for resource number 0x7f100005
10-31 21:22:34.486   772   787 W ResourceType: No known package when getting value for resource number 0x7f13090a
10-31 21:22:34.486   772   787 W ResourceType: No known package when getting value for resource number 0x7f100004
10-31 21:22:34.486   772   787 W ResourceType: No known package when getting value for resource number 0x7f130909
10-31 21:22:34.487   772   787 W ResourceType: No known package when getting value for resource number 0x7f100006
10-31 21:22:34.487   772   787 W ResourceType: No known package when getting value for resource number 0x7f13090b
10-31 21:22:34.487 16847 16847 I app_process: System.exit called, status: 0
10-31 21:22:34.487 16847 16847 I AndroidRuntime: VM exiting with result code 0.
10-31 21:22:34.513  2964  2964 D RegisteredNfcFServicesCache: Service unchanged, not updating
10-31 21:22:34.545 29692 24764 I Icing   : doRemovePackageData com.opera.browser
10-31 21:22:34.546 29486 16819 I Fitness : FitCleanupIntentOperation received Intent android.intent.action.PACKAGE_DATA_CLEARED [CONTEXT service_id=17 ]
