10-30 22:49:15.617   372   376 D DrmLibTime: QSEE Time Listener: ATS_MODEM is not set. Fallback to Android system time.
10-30 22:49:15.617   372   376 D DrmLibTime: QSEE Time Listener: Retrieved Android system time: 1667166555
10-30 22:49:15.617   372   376 D DrmLibTime: time_getutcsec returns 0, sec = 1667166555; nsec = 0
10-30 22:49:15.617   372   376 D DrmLibTime: time_getutcsec finished! 
10-30 22:49:15.617   372   376 D DrmLibTime: iotcl_continue_command finished! and return 0 
10-30 22:49:15.617   372   376 D DrmLibTime: before calling ioctl to read the next time_cmd
10-30 22:49:15.617   625   647 E QC-time-services: Daemon: Time-services: Waiting to acceptconnection
10-30 22:49:15.641   562   562 D WVCdm   : OEMCrypto_Initialize Level 1 success. I will use level 1.
10-30 22:49:15.641   562   562 D WVCdm   : CryptoSession::Open: Lock: requested_security_level: L3
10-30 22:49:15.651 25848 25848 I cr_media: Provisioning origin ID D9F0F098397367C87B6A63849341F0D6
10-30 22:49:15.653 25848 25848 I MediaDrm: Drm event (1,0)
10-30 22:49:15.653 25848 25848 E cr_media: EventListener: No session for event 1.
10-30 22:49:15.673 26383 26383 E /system/bin/webview_zygote32: failed to make and chown /acct/uid_99560: Permission denied
10-30 22:49:15.673 26383 26383 E Zygote  : createProcessGroup(99560, 0) failed: Permission denied
10-30 22:48:51.651   772   791 E BatteryStatsService: no controller energy info supplied
10-30 22:49:15.676   772 13021 I ActivityManager: Start proc 26383:com.android.chrome:sandboxed_process12/u0i560 for webview_service com.android.chrome/org.chromium.content.app.SandboxedProcessService12
10-30 22:49:15.690 26383 26383 I SamplingProfilerIntegration: Profiling disabled.
10-30 22:49:15.704   562 28303 D QSEECOMAPI: : QSEECom_dealloc_memory 
10-30 22:49:15.704   562 28303 D QSEECOMAPI: : QSEECom_shutdown_app, app_id = 1318
10-30 22:49:15.710 26396 26396 E asset   : setgid: Operation not permitted
10-30 22:49:15.712 25848 25848 I cr_media: Create MediaDrmBridge with level L1 and origin D9F0F098397367C87B6A63849341F0D6
10-30 22:49:15.714   361   361 W /system/bin/hwservicemanager: getTransportFromManifest: Cannot find entry android.hardware.drm@1.0::IDrmFactory in either framework or device manifest, using default transport.
10-30 22:49:15.716   562 19051 I DrmHal  : makeDrmFactories: using default drm instance
10-30 22:49:15.719   361   361 W /system/bin/hwservicemanager: getTransportFromManifest: Cannot find entry android.hardware.drm@1.0::IDrmFactory in either framework or device manifest, using default transport.
10-30 22:49:15.722   562 28303 I DrmHal  : makeDrmFactories: using default drm instance
10-30 22:49:15.724   562 28303 I WVCdm   : CdmEngine::QueryStatus
10-30 22:49:15.724   562 28303 I WVCdm   : Level3 Library 4445 May 19 2017 17:17:20
10-30 22:49:15.727   562 28303 D QSEECOMAPI: : QSEECom_get_handle sb_length = 0x19000
10-30 22:49:15.727   562 28303 D QSEECOMAPI: : App is not loaded in QSEE
10-30 22:49:15.750 26383 26383 I cr_SplitCompatApp: Launched version=106.0.5249.79 minSdkVersion=24 isBundle=true processName=com.android.chrome:sandboxed_process12 isIsolated=true
10-30 22:49:15.755 26383 26383 W SystemServiceRegistry: No service published for: uimode
10-30 22:49:15.764 26383 26383 I cr_ChildProcessService: Creating new ChildProcessService pid=26383
10-30 22:49:15.772 26383 26383 E WebViewFactory: can't load with relro file; address space not reserved
10-30 22:49:15.776   562 28303 D QSEECOMAPI: : Loaded image: APP id = 1319
10-30 22:49:15.778   562 28303 D QSAPPSVER: qsapps_get_capabilities: Capability from secure side: 0x0
10-30 22:49:15.779   562 28303 D QSAPPSVER: qsapps_get_capabilities: returns 0
10-30 22:49:15.779   562 28303 E DrmWidevineDash: sion_buffer g_wv_fhandle->ion_sbuffer  0x0xefd0a000
10-30 22:49:15.782   372   376 D DrmLibTime: got the req here! ret=0
10-30 22:49:15.782   372   376 D DrmLibTime: command id, time_cmd_id = 770
10-30 22:49:15.782   372   376 D DrmLibTime: time_getutcsec starts!
10-30 22:49:15.782   372   376 D DrmLibTime: QSEE Time Listener: time_getutcsec
10-30 22:49:15.782   372   376 D DrmLibTime: QSEE Time Listener: get_utc_seconds
10-30 22:49:15.782   372   376 D DrmLibTime: QSEE Time Listener: time_get_modem_time
10-30 22:49:15.782   372   376 D DrmLibTime: QSEE Time Listener: Checking if ATS_MODEM is set or not.
10-30 22:49:15.782   372   376 D QC-time-services: Lib:time_genoff_operation: pargs->base = 13
10-30 22:49:15.783   372   376 D QC-time-services: Lib:time_genoff_operation: pargs->operation = 2
10-30 22:49:15.783   372   376 D QC-time-services: Lib:time_genoff_operation: pargs->ts_val = 0
10-30 22:49:15.783 26383 26401 I cr_LibraryLoader: Successfully loaded native library
10-30 22:49:15.783   372   376 D QC-time-services: Lib:time_genoff_operation: Send to server  passed!!
10-30 22:49:15.783   625   647 D QC-time-services: Daemon: Connection accepted:time_genoff
10-30 22:49:15.783   625 26402 D QC-time-services: Daemon:Received base = 13, unit = 1, operation = 2,value = 0
10-30 22:49:15.783   625 26402 D QC-time-services: Daemon:genoff_opr: Base = 13, val = 0, operation = 2
10-30 22:49:15.783   625 26402 D QC-time-services: offset is: 0 for base: 13
10-30 22:49:15.784   372   376 E QC-time-services: Receive Passed == base = 13, unit = 1, operation = 2, result = 0
10-30 22:49:15.784   372   376 D DrmLibTime: QSEE Time Listener: ATS_MODEM is not set. Fallback to Android system time.
10-30 22:49:15.784   372   376 D DrmLibTime: QSEE Time Listener: Retrieved Android system time: 1667166555
10-30 22:49:15.784   372   376 D DrmLibTime: time_getutcsec returns 0, sec = 1667166555; nsec = 0
10-30 22:49:15.784   372   376 D DrmLibTime: time_getutcsec finished! 
10-30 22:49:15.784   372   376 D DrmLibTime: iotcl_continue_command finished! and return 0 
10-30 22:49:15.784   372   376 D DrmLibTime: before calling ioctl to read the next time_cmd
10-30 22:49:15.784 26383 26401 I cr_CachingUmaRecorder: Flushed 3 samples from 3 histograms.
10-30 22:49:15.784   625   647 E QC-time-services: Daemon: Time-services: Waiting to acceptconnection
10-30 22:49:15.806 26405 26405 W ThreadPoolForeg: type=1400 audit(0.0:11099): avc: denied { setattr } for name="LICENSE.txt" dev="dm-2" ino=1504759 scontext=u:r:isolated_app:s0:c512,c768 tcontext=u:object_r:app_data_file:s0:c512,c768 tclass=file permissive=0
10-30 22:49:15.809 26405 26405 W ThreadPoolForeg: type=1400 audit(0.0:11100): avc: denied { setattr } for name=46696C746572696E672052756C6573 dev="dm-2" ino=1504760 scontext=u:r:isolated_app:s0:c512,c768 tcontext=u:object_r:app_data_file:s0:c512,c768 tclass=file permissive=0
10-30 22:49:15.809 26405 26405 W ThreadPoolForeg: type=1400 audit(0.0:11101): avc: denied { setattr } for name="manifest.json" dev="dm-2" ino=1504761 scontext=u:r:isolated_app:s0:c512,c768 tcontext=u:object_r:app_data_file:s0:c512,c768 tclass=file permissive=0
10-30 22:49:15.812   562 28303 D WVCdm   : OEMCrypto_Initialize Level 1 success. I will use level 1.
10-30 22:49:15.813   562 28303 D QSEECOMAPI: : QSEECom_dealloc_memory 
10-30 22:49:15.813   562 28303 D QSEECOMAPI: : QSEECom_shutdown_app, app_id = 1319
10-30 22:49:15.816 26405 26405 W ThreadPoolForeg: type=1400 audit(0.0:11102): avc: denied { setattr } for name="verified_contents.json" dev="dm-2" ino=1504763 scontext=u:r:isolated_app:s0:c512,c768 tcontext=u:object_r:app_data_file:s0:c512,c768 tclass=file permissive=0
10-30 22:49:15.819   562 19050 I WVCdm   : CdmEngine::OpenSession
10-30 22:49:15.820   562 19050 I WVCdm   : Level3 Library 4445 May 19 2017 17:17:20
10-30 22:49:15.823   562 19050 D QSEECOMAPI: : QSEECom_get_handle sb_length = 0x19000
10-30 22:49:15.823   562 19050 D QSEECOMAPI: : App is not loaded in QSEE
10-30 22:49:15.824 26383 26401 I chromium: [INFO:child_process_service.cc(69)] ChildProcessService: Exiting child process.
10-30 22:49:15.825   422   422 E lowmemorykiller: Error writing /proc/26383/oom_score_adj; errno=22
10-30 22:49:15.826   772 10894 I ActivityManager: Killing 26383:com.android.chrome:sandboxed_process12/u0a60i560 (adj 0): isolated not needed
10-30 22:49:15.826   772   790 W zygote64: failed to open /acct/uid_99560/pid_26383/cgroup.procs: No such file or directory
10-30 22:49:15.871   562 19050 D QSEECOMAPI: : Loaded image: APP id = 1320
10-30 22:49:15.875   562 19050 D QSAPPSVER: qsapps_get_capabilities: Capability from secure side: 0x0
10-30 22:49:15.875   562 19050 D QSAPPSVER: qsapps_get_capabilities: returns 0
10-30 22:49:15.875   562 19050 E DrmWidevineDash: sion_buffer g_wv_fhandle->ion_sbuffer  0x0xefd0a000
10-30 22:49:15.878   372   376 D DrmLibTime: got the req here! ret=0
10-30 22:49:15.878   372   376 D DrmLibTime: command id, time_cmd_id = 770
10-30 22:49:15.878   372   376 D DrmLibTime: time_getutcsec starts!
10-30 22:49:15.878   372   376 D DrmLibTime: QSEE Time Listener: time_getutcsec
10-30 22:49:15.878   372   376 D DrmLibTime: QSEE Time Listener: get_utc_seconds
10-30 22:49:15.878   372   376 D DrmLibTime: QSEE Time Listener: time_get_modem_time
10-30 22:49:15.878   372   376 D DrmLibTime: QSEE Time Listener: Checking if ATS_MODEM is set or not.
10-30 22:49:15.878   372   376 D QC-time-services: Lib:time_genoff_operation: pargs->base = 13
10-30 22:49:15.878   372   376 D QC-time-services: Lib:time_genoff_operation: pargs->operation = 2
10-30 22:49:15.878   372   376 D QC-time-services: Lib:time_genoff_operation: pargs->ts_val = 0
10-30 22:49:15.879   372   376 D QC-time-services: Lib:time_genoff_operation: Send to server  passed!!
10-30 22:49:15.879   625   647 D QC-time-services: Daemon: Connection accepted:time_genoff
10-30 22:49:15.879   625 26409 D QC-time-services: Daemon:Received base = 13, unit = 1, operation = 2,value = 0
10-30 22:49:15.879   625 26409 D QC-time-services: Daemon:genoff_opr: Base = 13, val = 0, operation = 2
10-30 22:49:15.879   625 26409 D QC-time-services: offset is: 0 for base: 13
10-30 22:49:15.879   372   376 E QC-time-services: Receive Passed == base = 13, unit = 1, operation = 2, result = 0
10-30 22:49:15.879   372   376 D DrmLibTime: QSEE Time Listener: ATS_MODEM is not set. Fallback to Android system time.
10-30 22:49:15.879   372   376 D DrmLibTime: QSEE Time Listener: Retrieved Android system time: 1667166555
10-30 22:49:15.879   372   376 D DrmLibTime: time_getutcsec returns 0, sec = 1667166555; nsec = 0
10-30 22:49:15.879   372   376 D DrmLibTime: time_getutcsec finished! 
10-30 22:49:15.879   372   376 D DrmLibTime: iotcl_continue_command finished! and return 0 
10-30 22:49:15.879   372   376 D DrmLibTime: before calling ioctl to read the next time_cmd
10-30 22:49:15.879   625   647 E QC-time-services: Daemon: Time-services: Waiting to acceptconnection
10-30 22:49:15.911   562 19050 D WVCdm   : OEMCrypto_Initialize Level 1 success. I will use level 1.
10-30 22:49:15.911   562 19050 D WVCdm   : CryptoSession::Open: Lock: requested_security_level: Default
10-30 22:49:15.914   562 19050 W WVCdm   : DeviceFiles::RetrieveHashedFile: /data/mediadrm/IDM1013/L1/cert.bin does not exist
10-30 22:49:15.915   562 19050 D QSEECOMAPI: : QSEECom_dealloc_memory 
10-30 22:49:15.915   562 19050 D QSEECOMAPI: : QSEECom_shutdown_app, app_id = 1320
10-30 22:49:15.923   562  5487 I WVCdm   : Level3 Library 4445 May 19 2017 17:17:20
10-30 22:49:15.927   562  5487 D QSEECOMAPI: : QSEECom_get_handle sb_length = 0x19000
10-30 22:49:15.927   562  5487 D QSEECOMAPI: : App is not loaded in QSEE
10-30 22:49:15.972   562  5487 D QSEECOMAPI: : Loaded image: APP id = 1321
10-30 22:49:15.975   562  5487 D QSAPPSVER: qsapps_get_capabilities: Capability from secure side: 0x0
10-30 22:49:15.975   562  5487 D QSAPPSVER: qsapps_get_capabilities: returns 0
10-30 22:49:15.975   562  5487 E DrmWidevineDash: sion_buffer g_wv_fhandle->ion_sbuffer  0x0xefd0a000
10-30 22:49:15.978   372   376 D DrmLibTime: got the req here! ret=0
10-30 22:49:15.978   372   376 D DrmLibTime: command id, time_cmd_id = 770
10-30 22:49:15.978   372   376 D DrmLibTime: time_getutcsec starts!
10-30 22:49:15.978   372   376 D DrmLibTime: QSEE Time Listener: time_getutcsec
10-30 22:49:15.978   372   376 D DrmLibTime: QSEE Time Listener: get_utc_seconds
10-30 22:49:15.978   372   376 D DrmLibTime: QSEE Time Listener: time_get_modem_time
10-30 22:49:15.978   372   376 D DrmLibTime: QSEE Time Listener: Checking if ATS_MODEM is set or not.
10-30 22:49:15.978   372   376 D QC-time-services: Lib:time_genoff_operation: pargs->base = 13
10-30 22:49:15.978   372   376 D QC-time-services: Lib:time_genoff_operation: pargs->operation = 2
10-30 22:49:15.978   372   376 D QC-time-services: Lib:time_genoff_operation: pargs->ts_val = 0
10-30 22:49:15.978   372   376 D QC-time-services: Lib:time_genoff_operation: Send to server  passed!!
10-30 22:49:15.978   625   647 D QC-time-services: Daemon: Connection accepted:time_genoff
10-30 22:49:15.979   625 26410 D QC-time-services: Daemon:Received base = 13, unit = 1, operation = 2,value = 0
10-30 22:49:15.979   625 26410 D QC-time-services: Daemon:genoff_opr: Base = 13, val = 0, operation = 2
10-30 22:49:15.979   625 26410 D QC-time-services: offset is: 0 for base: 13
10-30 22:49:15.979   372   376 E QC-time-services: Receive Passed == base = 13, unit = 1, operation = 2, result = 0
10-30 22:49:15.979   372   376 D DrmLibTime: QSEE Time Listener: ATS_MODEM is not set. Fallback to Android system time.
10-30 22:49:15.979   372   376 D DrmLibTime: QSEE Time Listener: Retrieved Android system time: 1667166555
10-30 22:49:15.979   372   376 D DrmLibTime: time_getutcsec returns 0, sec = 1667166555; nsec = 0
10-30 22:49:15.979   372   376 D DrmLibTime: time_getutcsec finished! 
10-30 22:49:15.979   372   376 D DrmLibTime: iotcl_continue_command finished! and return 0 
10-30 22:49:15.979   372   376 D DrmLibTime: before calling ioctl to read the next time_cmd
10-30 22:49:15.979   625   647 E QC-time-services: Daemon: Time-services: Waiting to acceptconnection
10-30 22:49:16.017   562  5487 D WVCdm   : OEMCrypto_Initialize Level 1 success. I will use level 1.
10-30 22:49:16.017   562  5487 D WVCdm   : CryptoSession::Open: Lock: requested_security_level: Default
10-30 22:49:16.108   562  5487 E DrmWidevineDash: OEMCrypto_GenerateSignature : input wrapped_rsa_key == NULL!, return short buffer
10-30 22:49:16.111 25848 25848 I cr_media: Provisioning origin ID D9F0F098397367C87B6A63849341F0D6
10-30 22:49:16.117 25848 25848 W chromium: [WARNING:compositor_view.cc(342)] Child process died (type=6) pid=26383)
10-30 22:49:16.121 25848 25848 I MediaDrm: Drm event (1,0)
10-30 22:49:16.121 25848 25848 E cr_media: EventListener: No session for event 1.
10-30 22:49:16.157   562   562 E DrmWidevineDash: OEMCrypto_RewrapDeviceRSAKey : input wrapped_rsa_key == NULL!, return short buffer
10-30 22:49:16.173   562   562 D QSEECOMAPI: : QSEECom_dealloc_memory 
10-30 22:49:16.174   562   562 D QSEECOMAPI: : QSEECom_shutdown_app, app_id = 1321
10-30 22:49:17.626 26411 26411 E /system/bin/webview_zygote32: failed to make and chown /acct/uid_99561: Permission denied
10-30 22:49:17.626 26411 26411 E Zygote  : createProcessGroup(99561, 0) failed: Permission denied
10-30 22:49:17.629   772 13022 I ActivityManager: Start proc 26411:com.android.chrome:sandboxed_process13/u0i561 for webview_service com.android.chrome/org.chromium.content.app.SandboxedProcessService13
10-30 22:49:17.658 26411 26411 I SamplingProfilerIntegration: Profiling disabled.
10-30 22:49:17.682 26424 26424 E asset   : setgid: Operation not permitted
10-30 22:49:17.719 26411 26411 I cr_SplitCompatApp: Launched version=106.0.5249.79 minSdkVersion=24 isBundle=true processName=com.android.chrome:sandboxed_process13 isIsolated=true
10-30 22:49:17.727 26411 26411 W SystemServiceRegistry: No service published for: uimode
10-30 22:49:17.739 26411 26411 I cr_ChildProcessService: Creating new ChildProcessService pid=26411
10-30 22:49:17.750 26411 26411 E WebViewFactory: can't load with relro file; address space not reserved
10-30 22:49:17.762 26411 26426 I cr_LibraryLoader: Successfully loaded native library
10-30 22:49:17.764 26411 26426 I cr_CachingUmaRecorder: Flushed 3 samples from 3 histograms.
10-30 22:49:17.829 26411 26421 I /system/bin/webview_zygote32: Background concurrent copying GC freed 3610(1239KB) AllocSpace objects, 3(76KB) LOS objects, 93% free, 113KB/1649KB, paused 18.325ms total 49.957ms
10-30 22:49:17.873 26429 26429 W ThreadPoolForeg: type=1400 audit(0.0:11103): avc: denied { setattr } for name="tl_en-us_2022-10-17_483521407_100000_index.bin" dev="dm-2" ino=1504773 scontext=u:r:isolated_app:s0:c512,c768 tcontext=u:object_r:app_data_file:s0:c512,c768 tclass=file permissive=0
10-30 22:49:17.876 26429 26429 W ThreadPoolForeg: type=1400 audit(0.0:11104): avc: denied { setattr } for name="manifest.json" dev="dm-2" ino=1504774 scontext=u:r:isolated_app:s0:c512,c768 tcontext=u:object_r:app_data_file:s0:c512,c768 tclass=file permissive=0
10-30 22:49:17.883 26429 26429 W ThreadPoolForeg: type=1400 audit(0.0:11105): avc: denied { setattr } for name="verified_contents.json" dev="dm-2" ino=1504776 scontext=u:r:isolated_app:s0:c512,c768 tcontext=u:object_r:app_data_file:s0:c512,c768 tclass=file permissive=0
10-30 22:49:17.891 26411 26426 I chromium: [INFO:child_process_service.cc(69)] ChildProcessService: Exiting child process.
10-30 22:49:17.897   422   422 E lowmemorykiller: Error writing /proc/26411/oom_score_adj; errno=22
10-30 22:49:17.898   772  2969 I ActivityManager: Killing 26411:com.android.chrome:sandboxed_process13/u0a60i561 (adj 0): isolated not needed
10-30 22:49:17.901   772   790 W zygote64: failed to open /acct/uid_99561/pid_26411/cgroup.procs: No such file or directory
10-30 22:49:17.903 25848 25848 W chromium: [WARNING:compositor_view.cc(342)] Child process died (type=6) pid=26411)
10-30 22:49:19.709 26433 26433 E /system/bin/webview_zygote32: failed to make and chown /acct/uid_99562: Permission denied
10-30 22:49:19.709 26433 26433 E Zygote  : createProcessGroup(99562, 0) failed: Permission denied
10-30 22:49:19.716   772  1327 I ActivityManager: Start proc 26433:com.android.chrome:sandboxed_process14/u0i562 for webview_service com.android.chrome/org.chromium.content.app.SandboxedProcessService14
10-30 22:49:19.745 26433 26433 I SamplingProfilerIntegration: Profiling disabled.
10-30 22:49:19.770 26446 26446 E asset   : setgid: Operation not permitted
10-30 22:49:19.811 26433 26433 I cr_SplitCompatApp: Launched version=106.0.5249.79 minSdkVersion=24 isBundle=true processName=com.android.chrome:sandboxed_process14 isIsolated=true
10-30 22:49:19.819 26433 26433 W SystemServiceRegistry: No service published for: uimode
10-30 22:49:19.830 26433 26433 I cr_ChildProcessService: Creating new ChildProcessService pid=26433
10-30 22:49:19.846 26433 26433 E WebViewFactory: can't load with relro file; address space not reserved
10-30 22:49:19.858 26433 26447 I cr_LibraryLoader: Successfully loaded native library
10-30 22:49:19.860 26433 26447 I cr_CachingUmaRecorder: Flushed 3 samples from 3 histograms.
10-30 22:49:19.913 26450 26450 W ThreadPoolForeg: type=1400 audit(0.0:11106): avc: denied { setattr } for name="optimization-hints.pb" dev="dm-2" ino=1504785 scontext=u:r:isolated_app:s0:c512,c768 tcontext=u:object_r:app_data_file:s0:c512,c768 tclass=file permissive=0
10-30 22:49:19.913 26450 26450 W ThreadPoolForeg: type=1400 audit(0.0:11107): avc: denied { setattr } for name="manifest.json" dev="dm-2" ino=1504786 scontext=u:r:isolated_app:s0:c512,c768 tcontext=u:object_r:app_data_file:s0:c512,c768 tclass=file permissive=0
10-30 22:49:19.919 26450 26450 W ThreadPoolForeg: type=1400 audit(0.0:11108): avc: denied { setattr } for name="verified_contents.json" dev="dm-2" ino=1504788 scontext=u:r:isolated_app:s0:c512,c768 tcontext=u:object_r:app_data_file:s0:c512,c768 tclass=file permissive=0
10-30 22:49:19.929 26433 26447 I chromium: [INFO:child_process_service.cc(69)] ChildProcessService: Exiting child process.
10-30 22:49:19.932   422   422 E lowmemorykiller: Error writing /proc/26433/oom_score_adj; errno=22
10-30 22:49:19.933   772  1327 I ActivityManager: Killing 26433:com.android.chrome:sandboxed_process14/u0a60i562 (adj 0): isolated not needed
10-30 22:49:19.934   772   790 W zygote64: failed to open /acct/uid_99562/pid_26433/cgroup.procs: No such file or directory
10-30 22:49:19.946 25848 25848 W chromium: [WARNING:compositor_view.cc(342)] Child process died (type=6) pid=26433)
10-30 22:49:22.181 26455 26455 E /system/bin/webview_zygote32: failed to make and chown /acct/uid_99563: Permission denied
10-30 22:49:22.181 26455 26455 E Zygote  : createProcessGroup(99563, 0) failed: Permission denied
10-30 22:49:22.187   772  1324 I ActivityManager: Start proc 26455:com.android.chrome:sandboxed_process15/u0i563 for webview_service com.android.chrome/org.chromium.content.app.SandboxedProcessService15
10-30 22:49:22.223 26455 26455 I SamplingProfilerIntegration: Profiling disabled.
10-30 22:49:22.258 26468 26468 E asset   : setgid: Operation not permitted
10-30 22:49:22.319 26455 26455 I cr_SplitCompatApp: Launched version=106.0.5249.79 minSdkVersion=24 isBundle=true processName=com.android.chrome:sandboxed_process15 isIsolated=true
10-30 22:49:22.327 26455 26455 W SystemServiceRegistry: No service published for: uimode
10-30 22:49:22.343 26455 26455 I cr_ChildProcessService: Creating new ChildProcessService pid=26455
10-30 22:49:22.360 26455 26455 E WebViewFactory: can't load with relro file; address space not reserved
10-30 22:49:22.372 26455 26470 I cr_LibraryLoader: Successfully loaded native library
10-30 22:49:22.373 26455 26470 I cr_CachingUmaRecorder: Flushed 3 samples from 3 histograms.
10-30 22:49:22.423 26473 26473 W ThreadPoolForeg: type=1400 audit(0.0:11109): avc: denied { setattr } for name="ssl_error_assistant.pb" dev="dm-2" ino=1504794 scontext=u:r:isolated_app:s0:c512,c768 tcontext=u:object_r:app_data_file:s0:c512,c768 tclass=file permissive=0
10-30 22:49:22.423 26473 26473 W ThreadPoolForeg: type=1400 audit(0.0:11110): avc: denied { setattr } for name="ssl_error_assistant.pb" dev="dm-2" ino=1504794 scontext=u:r:isolated_app:s0:c512,c768 tcontext=u:object_r:app_data_file:s0:c512,c768 tclass=file permissive=0
10-30 22:49:22.426 26473 26473 W ThreadPoolForeg: type=1400 audit(0.0:11111): avc: denied { setattr } for name="manifest.json" dev="dm-2" ino=1504795 scontext=u:r:isolated_app:s0:c512,c768 tcontext=u:object_r:app_data_file:s0:c512,c768 tclass=file permissive=0
10-30 22:49:22.429 26473 26473 W ThreadPoolForeg: type=1400 audit(0.0:11112): avc: denied { setattr } for name="verified_contents.json" dev="dm-2" ino=1504797 scontext=u:r:isolated_app:s0:c512,c768 tcontext=u:object_r:app_data_file:s0:c512,c768 tclass=file permissive=0
10-30 22:49:22.441 26455 26470 I chromium: [INFO:child_process_service.cc(69)] ChildProcessService: Exiting child process.
10-30 22:49:22.445   422   422 E lowmemorykiller: Error writing /proc/26455/oom_score_adj; errno=22
10-30 22:49:22.446   772  1324 I ActivityManager: Killing 26455:com.android.chrome:sandboxed_process15/u0a60i563 (adj 0): isolated not needed
10-30 22:49:22.446   772   790 W zygote64: failed to open /acct/uid_99563/pid_26455/cgroup.procs: No such file or directory
10-30 22:49:22.460 25848 25848 W chromium: [WARNING:compositor_view.cc(342)] Child process died (type=6) pid=26455)
10-30 22:49:25.134 26477 26477 E /system/bin/webview_zygote32: failed to make and chown /acct/uid_99564: Permission denied
10-30 22:49:25.135 26477 26477 E Zygote  : createProcessGroup(99564, 0) failed: Permission denied
10-30 22:49:25.139   772  2970 I ActivityManager: Start proc 26477:com.android.chrome:sandboxed_process16/u0i564 for webview_service com.android.chrome/org.chromium.content.app.SandboxedProcessService16
10-30 22:49:25.181 26477 26477 I SamplingProfilerIntegration: Profiling disabled.
10-30 22:49:25.206 26490 26490 E asset   : setgid: Operation not permitted
10-30 22:49:25.243 26477 26477 I cr_SplitCompatApp: Launched version=106.0.5249.79 minSdkVersion=24 isBundle=true processName=com.android.chrome:sandboxed_process16 isIsolated=true
10-30 22:49:25.250 26477 26477 W SystemServiceRegistry: No service published for: uimode
10-30 22:49:25.264 26477 26477 I cr_ChildProcessService: Creating new ChildProcessService pid=26477
10-30 22:49:25.276 26477 26477 E WebViewFactory: can't load with relro file; address space not reserved
10-30 22:49:25.324 26477 26492 I cr_LibraryLoader: Successfully loaded native library
10-30 22:49:25.329 26477 26492 I cr_CachingUmaRecorder: Flushed 3 samples from 3 histograms.
10-30 22:49:25.369 26496 26496 W ThreadPoolForeg: type=1400 audit(0.0:11113): avc: denied { setattr } for name="crl-set" dev="dm-2" ino=1504801 scontext=u:r:isolated_app:s0:c512,c768 tcontext=u:object_r:app_data_file:s0:c512,c768 tclass=file permissive=0
10-30 22:49:25.373 26496 26496 W ThreadPoolForeg: type=1400 audit(0.0:11114): avc: denied { setattr } for name="manifest.json" dev="dm-2" ino=1504802 scontext=u:r:isolated_app:s0:c512,c768 tcontext=u:object_r:app_data_file:s0:c512,c768 tclass=file permissive=0
10-30 22:49:25.376 26496 26496 W ThreadPoolForeg: type=1400 audit(0.0:11115): avc: denied { setattr } for name="LICENSE" dev="dm-2" ino=1504804 scontext=u:r:isolated_app:s0:c512,c768 tcontext=u:object_r:app_data_file:s0:c512,c768 tclass=file permissive=0
10-30 22:49:25.379 26496 26496 W ThreadPoolForeg: type=1400 audit(0.0:11116): avc: denied { setattr } for name="verified_contents.json" dev="dm-2" ino=1504806 scontext=u:r:isolated_app:s0:c512,c768 tcontext=u:object_r:app_data_file:s0:c512,c768 tclass=file permissive=0
10-30 22:49:25.391 26477 26492 I chromium: [INFO:child_process_service.cc(69)] ChildProcessService: Exiting child process.
10-30 22:49:25.394   422   422 E lowmemorykiller: Error writing /proc/26477/oom_score_adj; errno=22
10-30 22:49:25.394   772  2970 I ActivityManager: Killing 26477:com.android.chrome:sandboxed_process16/u0a60i564 (adj 0): isolated not needed
10-30 22:49:25.396   772   790 W zygote64: failed to open /acct/uid_99564/pid_26477/cgroup.procs: No such file or directory
10-30 22:49:25.413 25848 25848 W chromium: [WARNING:compositor_view.cc(342)] Child process died (type=6) pid=26477)
10-30 22:49:27.360   772  3041 I ActivityManager: Force stopping com.android.chrome appid=10060 user=0: from pid 26514
10-30 22:49:27.360   772  3041 I ActivityManager: Killing 25917:com.android.chrome:privileged_process0/u0a60 (adj 0): stop com.android.chrome
10-30 22:49:27.361   772  3041 W ActivityManager: Scheduling restart of crashed service com.android.chrome/org.chromium.content.app.PrivilegedProcessService0 in 1000ms
10-30 22:49:27.363   772  3041 I ActivityManager: Killing 25848:com.android.chrome/u0a60 (adj 0): stop com.android.chrome
10-30 22:49:27.367 26038 26038 I cr_ChildProcessService: Destroying ChildProcessService pid=26038
10-30 22:49:27.367   772  3041 W ActivityManager: Force removing ActivityRecord{edd3449 u0 com.android.chrome/org.chromium.chrome.browser.firstrun.FirstRunActivity t625}: app died, no saved state
10-30 22:49:27.368 13542 13542 D BoundBrokerSvc: onUnbind: Intent { act=com.google.android.gms.auth.key.retrieval.service.START dat=chimera-action:com.google.android.gms.auth.key.retrieval.service.START cmp=com.google.android.gms/.chimera.GmsApiService }
10-30 22:49:27.370   772  3041 I WindowManager: Failed to capture screenshot of Token{393b14e ActivityRecord{edd3449 u0 com.android.chrome/org.chromium.chrome.browser.firstrun.FirstRunActivity t625 f}} appWin=Window{7101368 u0 com.android.chrome/org.chromium.chrome.browser.firstrun.FirstRunActivity} drawState=4
10-30 22:49:27.370 26143 26143 I cr_ChildProcessService: Destroying ChildProcessService pid=26143
10-30 22:49:27.375 26038 26038 I /system/bin/webview_zygote32: System.exit called, status: 0
10-30 22:49:27.375 26038 26038 I AndroidRuntime: VM exiting with result code 0, cleanup skipped.
10-30 22:49:27.375   772   830 E ResourceType: Style contains key with bad entry: 0x0101062c
10-30 22:49:27.378   772   830 E ResourceType: Style contains key with bad entry: 0x0101062c
10-30 22:49:27.386 26143 26143 I /system/bin/webview_zygote32: System.exit called, status: 0
10-30 22:49:27.386 26143 26143 I AndroidRuntime: VM exiting with result code 0, cleanup skipped.
10-30 22:49:27.390   772  3041 I ActivityManager: Start proc 26518:com.android.chrome/u0a60 for activity com.android.chrome/org.chromium.chrome.browser.customtabs.CustomTabActivity
10-30 22:49:27.393   772  3041 I ActivityManager: Killing 26038:com.android.chrome:sandboxed_process2/u0a60i550 (adj 0): isolated not needed
10-30 22:49:27.393   772  3041 I ActivityManager: Killing 26143:com.android.chrome:sandboxed_process3/u0a60i551 (adj 0): isolated not needed
10-30 22:49:27.394   772  3041 I ActivityManager:   Force finishing activity ActivityRecord{96bd0e2 u0 com.android.chrome/org.chromium.chrome.browser.customtabs.CustomTabActivity t625}
10-30 22:49:27.398   772  3041 I ActivityManager:   Force finishing activity ActivityRecord{96bd0e2 u0 com.android.chrome/org.chromium.chrome.browser.customtabs.CustomTabActivity t625 f}
10-30 22:49:27.398   772  3041 W ActivityManager: Duplicate finish request for ActivityRecord{96bd0e2 u0 com.android.chrome/org.chromium.chrome.browser.customtabs.CustomTabActivity t625 f}
10-30 22:49:27.420   772   797 E ViewRootImpl[chrome]: Attempting to destroy the window while drawing!
10-30 22:49:27.420   772   797 E ViewRootImpl[chrome]:   window=android.view.ViewRootImpl@bd3e1a6, title=Splash Screen com.android.chrome
10-30 22:49:27.428   772   845 W InputDispatcher: channel '74bbd65 com.android.chrome/org.chromium.chrome.browser.customtabs.CustomTabActivity (server)' ~ Consumer closed input channel or an error occurred.  events=0x9
10-30 22:49:27.429   772   845 E InputDispatcher: channel '74bbd65 com.android.chrome/org.chromium.chrome.browser.customtabs.CustomTabActivity (server)' ~ Channel is unrecoverably broken and will be disposed!
10-30 22:49:27.433   772 10895 D ConnectivityService: ConnectivityService NetworkRequestInfo binderDied(NetworkRequest [ LISTEN id=1491, [ Capabilities: INTERNET&NOT_RESTRICTED&TRUSTED&FOREGROUND] ], android.os.BinderProxy@2040b83)
10-30 22:49:27.434   772 13021 D ConnectivityService: ConnectivityService NetworkRequestInfo binderDied(NetworkRequest [ LISTEN id=1489, [ Capabilities: INTERNET&NOT_RESTRICTED&TRUSTED&FOREGROUND] ], android.os.BinderProxy@18d0100)
10-30 22:49:27.434   772   996 D ConnectivityService: ConnectivityService NetworkRequestInfo binderDied(NetworkRequest [ LISTEN id=1490, [ Capabilities: INTERNET&NOT_RESTRICTED&TRUSTED&FOREGROUND] ], android.os.BinderProxy@5579d39)
10-30 22:49:27.435   772   862 E ConnectivityService: RemoteException caught trying to send a callback msg for NetworkRequest [ LISTEN id=1491, [ Capabilities: INTERNET&NOT_RESTRICTED&TRUSTED&FOREGROUND] ]
10-30 22:49:27.435   772   996 I WindowManager: WIN DEATH: Window{74bbd65 u0 com.android.chrome/org.chromium.chrome.browser.customtabs.CustomTabActivity}
10-30 22:49:27.435   772   996 W InputDispatcher: Attempted to unregister already unregistered input channel '74bbd65 com.android.chrome/org.chromium.chrome.browser.customtabs.CustomTabActivity (server)'
10-30 22:49:27.435  1311  1311 D CarrierSvcBindHelper: No carrier app for: 0
10-30 22:49:27.439   772   862 E ConnectivityService: RemoteException caught trying to send a callback msg for NetworkRequest [ LISTEN id=1490, [ Capabilities: INTERNET&NOT_RESTRICTED&TRUSTED&FOREGROUND] ]
10-30 22:49:27.441   772   790 W zygote64: failed to open /acct/uid_99550/pid_26038/cgroup.procs: No such file or directory
10-30 22:49:27.441   772   790 W zygote64: failed to open /acct/uid_99551/pid_26143/cgroup.procs: No such file or directory
10-30 22:49:27.443   772   862 E ConnectivityService: RemoteException caught trying to send a callback msg for NetworkRequest [ LISTEN id=1489, [ Capabilities: INTERNET&NOT_RESTRICTED&TRUSTED&FOREGROUND] ]
10-30 22:49:27.447 13325 13387 I Adreno  : QUALCOMM build                   : 7142022, Ib5823dd10c
10-30 22:49:27.447 13325 13387 I Adreno  : Build Date                       : 06/23/17
10-30 22:49:27.447 13325 13387 I Adreno  : OpenGL ES Shader Compiler Version: EV031.18.00.00
10-30 22:49:27.447 13325 13387 I Adreno  : Local Branch                     : O11A
10-30 22:49:27.447 13325 13387 I Adreno  : Remote Branch                    : 
10-30 22:49:27.447 13325 13387 I Adreno  : Remote Branch                    : 
10-30 22:49:27.447 13325 13387 I Adreno  : Reconstruct Branch               : 
10-30 22:49:27.449   772   797 W ActivityManager: setHasOverlayUi called on unknown pid: 25848
10-30 22:49:27.450 13325 13387 I vndksupport: sphal namespace is not configured for this process. Loading /vendor/lib64/hw/gralloc.msm8992.so from the current namespace instead.
10-30 22:49:27.456  2964  2964 D RegisteredNfcFServicesCache: Service unchanged, not updating
10-30 22:49:27.471 13325 13387 I Adreno  : PFP: 0x00000000, ME: 0x00000000
10-30 22:49:27.474 13325 13387 I OpenGLRenderer: Initialized EGL, version 1.4
10-30 22:49:27.474 13325 13387 D OpenGLRenderer: Swap behavior 2
10-30 22:49:27.479   772  3854 W ActivityManager: Unable to start service Intent { act=com.google.android.gms.speech.service.START pkg=com.google.android.gms } U=0: not found
10-30 22:49:27.480   772 32228 W ActivityManager: Unbind failed: could not find connection for android.os.BinderProxy@480395c
10-30 22:49:27.480 17730 17779 E GmsClient: unable to connect to service: com.google.android.gms.speech.service.START on com.google.android.gms
10-30 22:49:27.482 26518 26518 I cr_SplitCompatApp: Launched version=106.0.5249.79 minSdkVersion=24 isBundle=true processName=com.android.chrome isIsolated=false
10-30 22:49:27.514 17730 17741 W SessionLifecycleManager: Handover failed. Creating new session controller.
10-30 22:49:27.520 17730 17730 I OptInState: There is a new client and it does not support opt-in. Dropping request.
10-30 22:49:27.536 17730 17730 I MicroDetectionWorker: #updateMicroDetector [detectionMode: [mDetectionMode: [1]]]
10-30 22:49:27.536 17730 17730 I MicroDetectionWorker: #startMicroDetector [speakerMode: 0]
10-30 22:49:27.538 17730 17730 I MicroDetectionWorker: onReady
10-30 22:49:27.542 17730 17900 I MicroRecognitionRunner: Starting detection.
10-30 22:49:27.543 17730 17756 I MicrophoneInputStream: mic_starting com.google.android.apps.gsa.speech.audio.af@6331541
10-30 22:49:27.588   556   687 W DeviceHAL: Device 0xefa2d000 open_input_stream: Invalid argument
10-30 22:49:27.588   556 26546 I AudioFlinger: AudioFlinger's thread 0xec907ac0 tid=26546 ready to run
10-30 22:49:27.598   556   753 I SoundTriggerHwService::Module: onCallbackEvent no clients
10-30 22:49:27.598 17730 17756 I MicrophoneInputStream: mic_started com.google.android.apps.gsa.speech.audio.af@6331541
10-30 22:49:27.602   556 26547 D sound_trigger_platform: platform_stdev_check_and_update_concurrency: concurrency active 0, tx 1, rx 0, concurrency session_allowed 0
10-30 22:49:27.603   556 26547 D audio_hw_primary: enable_snd_device: snd_device(72: voice-rec-mic)
10-30 22:49:27.608   556 26547 D audio_hw_primary: enable_audio_route: usecase(9) apply and update mixer path: audio-record
10-30 22:49:27.618 17730 17739 I zygote64: Background concurrent copying GC freed 7780(525KB) AllocSpace objects, 7(188KB) LOS objects, 49% free, 2MB/4MB, paused 19.307ms total 75.595ms
10-30 22:49:27.669 17730 17730 I MicroDetectionWorker: onReady
10-30 22:49:27.694  3960  3971 I FontLog : Received query Google Sans, URI content://com.google.android.gms.fonts [CONTEXT service_id=132 ]
10-30 22:49:27.694  3960  3971 I FontLog : Query [Google Sans] resolved to {Google Sans, wdth 100.0, wght 400, ital 0.0, bestEffort false} [CONTEXT service_id=132 ]
10-30 22:49:27.697  3960  3971 I FontLog : Font PFD returned from cache for {Google Sans, wdth 100.0, wght 400, ital 0.0, bestEffort false} [CONTEXT service_id=132 ]
10-30 22:49:27.697  3960  3971 I FontLog : Fetch {Google Sans, wdth 100.0, wght 400, ital 0.0, bestEffort false} end status Status{statusCode=SUCCESS, resolution=null} [CONTEXT service_id=132 ]
10-30 22:49:27.790  3960  4217 I FontLog : Pulling font file for id = 1040, cache size = 9 [CONTEXT service_id=132 ]
10-30 22:49:27.821 26518 26549 I cr_LibraryLoader: Successfully loaded native library
10-30 22:49:27.823 26518 26549 I cr_CachingUmaRecorder: Flushed 20 samples from 19 histograms.
10-30 22:49:27.873  3960  4244 I FontLog : Received query Google Sans:500, URI content://com.google.android.gms.fonts [CONTEXT service_id=132 ]
10-30 22:49:27.873  3960  4244 I FontLog : Query [Google Sans:500] resolved to {Google Sans, wdth 100.0, wght 500, ital 0.0, bestEffort false} [CONTEXT service_id=132 ]
10-30 22:49:27.877  3960  4244 I FontLog : Font PFD returned from cache for {Google Sans, wdth 100.0, wght 500, ital 0.0, bestEffort false} [CONTEXT service_id=132 ]
10-30 22:49:27.877  3960  4244 I FontLog : Fetch {Google Sans, wdth 100.0, wght 500, ital 0.0, bestEffort false} end status Status{statusCode=SUCCESS, resolution=null} [CONTEXT service_id=132 ]
10-30 22:49:27.901  3960  3971 I FontLog : Pulling font file for id = 1041, cache size = 10 [CONTEXT service_id=132 ]
10-30 22:49:27.971  3960  4217 I FontLog : Received query Google Sans:700, URI content://com.google.android.gms.fonts [CONTEXT service_id=132 ]
10-30 22:49:27.971  3960  4217 I FontLog : Query [Google Sans:700] resolved to {Google Sans, wdth 100.0, wght 700, ital 0.0, bestEffort false} [CONTEXT service_id=132 ]
10-30 22:49:27.973  3960  4217 I FontLog : Fetch {Google Sans, wdth 100.0, wght 700, ital 0.0, bestEffort false} end status Status{statusCode=SUCCESS, resolution=null} [CONTEXT service_id=132 ]
10-30 22:49:27.977 13325 13387 W OpenGLRenderer: Incorrectly called buildLayer on View: ShortcutAndWidgetContainer, destroying layer...
10-30 22:49:27.983  3960  4245 I FontLog : Pulling font file for id = 1042, cache size = 9 [CONTEXT service_id=132 ]
10-30 22:49:27.985 26531 26531 D AndroidRuntime: >>>>>> START com.android.internal.os.RuntimeInit uid 2000 <<<<<<
10-30 22:49:28.185 26531 26531 D AndroidRuntime: Calling main entry com.android.commands.pm.Pm
10-30 22:49:28.190   772  1327 I ActivityManager: Force stopping com.android.chrome appid=10060 user=0: clear data
10-30 22:49:28.191   772  1327 I ActivityManager: Killing 26518:com.android.chrome/u0a60 (adj 900): stop com.android.chrome
10-30 22:49:28.200   772   788 I ActivityManager: Force stopping com.android.chrome appid=10060 user=-1: clearApplicationUserData
10-30 22:49:28.237   560   560 I keystore: clear_uid 10060
10-30 22:49:28.254 26531 26531 I app_process: System.exit called, status: 0
10-30 22:49:28.254 26531 26531 I AndroidRuntime: VM exiting with result code 0.
10-30 22:49:28.254  1311  1311 D CarrierSvcBindHelper: No carrier app for: 0
10-30 22:49:28.255   772   787 W ResourceType: No known package when getting value for resource number 0x7f0904db
10-30 22:49:28.257   772   787 W ResourceType: No known package when getting value for resource number 0x7f140670
10-30 22:49:28.257   772   787 W ResourceType: No known package when getting value for resource number 0x7f0904da
10-30 22:49:28.257   772   787 W ResourceType: No known package when getting value for resource number 0x7f14018b
10-30 22:49:28.257   772   787 W ResourceType: No known package when getting value for resource number 0x7f14066f
10-30 22:49:28.257   772   787 W ResourceType: No known package when getting value for resource number 0x7f140434
10-30 22:49:28.257   772   787 E ShortcutService: Ignoring excessive intent tag.
10-30 22:49:28.275  2964  2964 D RegisteredNfcFServicesCache: Service unchanged, not updating
10-30 22:49:28.283  3960 26565 I Fitness : FitCleanupIntentOperation received Intent android.intent.action.PACKAGE_DATA_CLEARED [CONTEXT service_id=17 ]
10-30 22:49:28.314 13542 13666 I Icing   : doRemovePackageData com.android.chrome
10-30 22:49:28.320 13542 13666 I Icing   : Removing corpus key com.android.chrome-omnibox for package com.android.chrome
10-30 22:49:28.435 13542 13666 I Icing   : updateResources: need to parse anue{com.android.chrome}
10-30 22:49:28.531 13542 13666 I Icing   : Indexing com.android.chrome-omnibox from com.android.chrome
10-30 22:49:28.553   772  3037 I ActivityManager: Start proc 26590:com.android.chrome/u0a60 for content provider com.android.chrome/com.google.android.apps.chrome.icing.IcingProvider
10-30 22:49:28.571   772  2970 I ActivityManager: Force stopping com.android.chrome appid=10060 user=0: from pid 26589
10-30 22:49:28.572   772  2970 I ActivityManager: Killing 26590:com.android.chrome/u0a60 (adj 200): stop com.android.chrome
10-30 22:49:28.584   772  2970 I ActivityManager: Start proc 26604:com.android.chrome/u0a60 for restart com.android.chrome
10-30 22:49:28.586   772  3037 W ActivityManager: Unable to launch app com.android.chrome/10060 for provider com.android.chrome.icing: launching app became null
10-30 22:49:28.587 13542 13666 E ActivityThread: Failed to find provider info for com.android.chrome.icing
10-30 22:49:28.587 13542 13666 W Icing   : Could not connect to content provider content://com.android.chrome.icing
10-30 22:49:28.590  1311  1311 D CarrierSvcBindHelper: No carrier app for: 0
10-30 22:49:28.604  2964  2964 D RegisteredNfcFServicesCache: Service unchanged, not updating
10-30 22:49:28.643 26604 26604 I cr_SplitCompatApp: Launched version=106.0.5249.79 minSdkVersion=24 isBundle=true processName=com.android.chrome isIsolated=false
10-30 22:49:28.743  3960  6244 I FontLog : Received query Google Sans, URI content://com.google.android.gms.fonts [CONTEXT service_id=132 ]
10-30 22:49:28.743  3960  6244 I FontLog : Query [Google Sans] resolved to {Google Sans, wdth 100.0, wght 400, ital 0.0, bestEffort false} [CONTEXT service_id=132 ]
10-30 22:49:28.744  3960  6244 I FontLog : Font PFD returned from cache for {Google Sans, wdth 100.0, wght 400, ital 0.0, bestEffort false} [CONTEXT service_id=132 ]
10-30 22:49:28.744  3960  6244 I FontLog : Fetch {Google Sans, wdth 100.0, wght 400, ital 0.0, bestEffort false} end status Status{statusCode=SUCCESS, resolution=null} [CONTEXT service_id=132 ]
10-30 22:49:28.818  3960  4151 I FontLog : Pulling font file for id = 1043, cache size = 8 [CONTEXT service_id=132 ]
10-30 22:49:28.818 13542 13666 I Icing   : Indexing done com.android.chrome-omnibox
10-30 22:49:28.907 26604 26626 I cr_LibraryLoader: Successfully loaded native library
10-30 22:49:28.908 26604 26626 I cr_CachingUmaRecorder: Flushed 20 samples from 19 histograms.
10-30 22:49:28.957  3960  3972 I FontLog : Received query Google Sans:500, URI content://com.google.android.gms.fonts [CONTEXT service_id=132 ]
10-30 22:49:28.957  3960  3972 I FontLog : Query [Google Sans:500] resolved to {Google Sans, wdth 100.0, wght 500, ital 0.0, bestEffort false} [CONTEXT service_id=132 ]
10-30 22:49:28.964  3960  3972 I FontLog : Font PFD returned from cache for {Google Sans, wdth 100.0, wght 500, ital 0.0, bestEffort false} [CONTEXT service_id=132 ]
10-30 22:49:28.964  3960  3972 I FontLog : Fetch {Google Sans, wdth 100.0, wght 500, ital 0.0, bestEffort false} end status Status{statusCode=SUCCESS, resolution=null} [CONTEXT service_id=132 ]
10-30 22:49:28.967 26618 26618 D AndroidRuntime: >>>>>> START com.android.internal.os.RuntimeInit uid 2000 <<<<<<
10-30 22:49:28.991  3960  6244 I FontLog : Pulling font file for id = 1044, cache size = 5 [CONTEXT service_id=132 ]
10-30 22:49:29.017  3960  4245 I FontLog : Received query Google Sans:700, URI content://com.google.android.gms.fonts [CONTEXT service_id=132 ]
10-30 22:49:29.017  3960  4245 I FontLog : Query [Google Sans:700] resolved to {Google Sans, wdth 100.0, wght 700, ital 0.0, bestEffort false} [CONTEXT service_id=132 ]
10-30 22:49:29.019  3960  4245 I FontLog : Fetch {Google Sans, wdth 100.0, wght 700, ital 0.0, bestEffort false} end status Status{statusCode=SUCCESS, resolution=null} [CONTEXT service_id=132 ]
10-30 22:49:29.028  3960  3972 I FontLog : Pulling font file for id = 1045, cache size = 6 [CONTEXT service_id=132 ]
10-30 22:49:29.091 26618 26618 D AndroidRuntime: Calling main entry com.android.commands.pm.Pm
10-30 22:49:29.096   772 13021 I ActivityManager: Force stopping com.android.chrome appid=10060 user=0: clear data
10-30 22:49:29.096   772 13021 I ActivityManager: Killing 26604:com.android.chrome/u0a60 (adj 700): stop com.android.chrome
10-30 22:49:29.101   772   788 I ActivityManager: Force stopping com.android.chrome appid=10060 user=-1: clearApplicationUserData
10-30 22:49:29.103   560   560 I keystore: clear_uid 10060
10-30 22:49:29.134 26618 26618 I app_process: System.exit called, status: 0
10-30 22:49:29.134 26618 26618 I AndroidRuntime: VM exiting with result code 0.
10-30 22:49:29.135  1311  1311 D CarrierSvcBindHelper: No carrier app for: 0
10-30 22:49:29.136   772   787 W ResourceType: No known package when getting value for resource number 0x7f0904db
10-30 22:49:29.136   772   787 W ResourceType: No known package when getting value for resource number 0x7f140670
10-30 22:49:29.136   772   787 W ResourceType: No known package when getting value for resource number 0x7f0904da
10-30 22:49:29.136   772   787 W ResourceType: No known package when getting value for resource number 0x7f14018b
10-30 22:49:29.136   772   787 W ResourceType: No known package when getting value for resource number 0x7f14066f
10-30 22:49:29.136   772   787 W ResourceType: No known package when getting value for resource number 0x7f140434
10-30 22:49:29.136   772   787 E ShortcutService: Ignoring excessive intent tag.
10-30 22:49:29.155  2964  2964 D RegisteredNfcFServicesCache: Service unchanged, not updating
10-30 22:49:29.163  3960 26565 I Fitness : FitCleanupIntentOperation received Intent android.intent.action.PACKAGE_DATA_CLEARED [CONTEXT service_id=17 ]
10-30 22:49:29.184 13542 13666 I Icing   : doRemovePackageData com.android.chrome
10-30 22:49:29.184 13542 13666 I Icing   : Removing corpus key com.android.chrome-omnibox for package com.android.chrome
10-30 22:49:29.257 13542 13666 I Icing   : updateResources: need to parse anue{com.android.chrome}
10-30 22:49:29.318 13542 13666 I Icing   : Indexing com.android.chrome-omnibox from com.android.chrome
10-30 22:49:29.331   772 13022 I ActivityManager: Start proc 26642:com.android.chrome/u0a60 for content provider com.android.chrome/com.google.android.apps.chrome.icing.IcingProvider
10-30 22:49:29.378 26642 26642 I cr_SplitCompatApp: Launched version=106.0.5249.79 minSdkVersion=24 isBundle=true processName=com.android.chrome isIsolated=false
10-30 22:49:29.511  3960  4244 I FontLog : Received query Google Sans, URI content://com.google.android.gms.fonts [CONTEXT service_id=132 ]
10-30 22:49:29.512  3960  4244 I FontLog : Query [Google Sans] resolved to {Google Sans, wdth 100.0, wght 400, ital 0.0, bestEffort false} [CONTEXT service_id=132 ]
10-30 22:49:29.514  3960  4244 I FontLog : Font PFD returned from cache for {Google Sans, wdth 100.0, wght 400, ital 0.0, bestEffort false} [CONTEXT service_id=132 ]
10-30 22:49:29.515  3960  4244 I FontLog : Fetch {Google Sans, wdth 100.0, wght 400, ital 0.0, bestEffort false} end status Status{statusCode=SUCCESS, resolution=null} [CONTEXT service_id=132 ]
10-30 22:49:29.623  3960  3971 I FontLog : Pulling font file for id = 1046, cache size = 7 [CONTEXT service_id=132 ]
10-30 22:49:29.644 13542 13666 I Icing   : Indexing done com.android.chrome-omnibox
10-30 22:49:29.690 26642 26661 I cr_LibraryLoader: Successfully loaded native library
10-30 22:49:29.691 26642 26661 I cr_CachingUmaRecorder: Flushed 20 samples from 19 histograms.
10-30 22:49:29.760  3960  4151 I FontLog : Received query Google Sans:500, URI content://com.google.android.gms.fonts [CONTEXT service_id=132 ]
10-30 22:49:29.761  3960  4151 I FontLog : Query [Google Sans:500] resolved to {Google Sans, wdth 100.0, wght 500, ital 0.0, bestEffort false} [CONTEXT service_id=132 ]
10-30 22:49:29.763  3960  4151 I FontLog : Font PFD returned from cache for {Google Sans, wdth 100.0, wght 500, ital 0.0, bestEffort false} [CONTEXT service_id=132 ]
10-30 22:49:29.763  3960  4151 I FontLog : Fetch {Google Sans, wdth 100.0, wght 500, ital 0.0, bestEffort false} end status Status{statusCode=SUCCESS, resolution=null} [CONTEXT service_id=132 ]
10-30 22:49:29.790  3960  4244 I FontLog : Pulling font file for id = 1047, cache size = 8 [CONTEXT service_id=132 ]
10-30 22:49:29.845  3960  4245 I FontLog : Received query Google Sans:700, URI content://com.google.android.gms.fonts [CONTEXT service_id=132 ]
10-30 22:49:29.845  3960  4245 I FontLog : Query [Google Sans:700] resolved to {Google Sans, wdth 100.0, wght 700, ital 0.0, bestEffort false} [CONTEXT service_id=132 ]
10-30 22:49:29.847  3960  4245 I FontLog : Fetch {Google Sans, wdth 100.0, wght 700, ital 0.0, bestEffort false} end status Status{statusCode=SUCCESS, resolution=null} [CONTEXT service_id=132 ]
10-30 22:49:29.859  3960  3972 I FontLog : Pulling font file for id = 1048, cache size = 9 [CONTEXT service_id=132 ]
