10-30 22:48:24.690 26176 26176 I cr_SplitCompatApp: Launched version=106.0.5249.79 minSdkVersion=24 isBundle=true processName=com.android.chrome:sandboxed_process4 isIsolated=true
10-30 22:48:24.696 26176 26176 W SystemServiceRegistry: No service published for: uimode
10-30 22:48:24.701 25848 25848 W chromium: [WARNING:controller_impl.cc(1190)] Background download complete, client: 6, completion type: 0, file size:18160
10-30 22:48:24.708 26176 26176 I cr_ChildProcessService: Creating new ChildProcessService pid=26176
10-30 22:48:24.724 26176 26176 E WebViewFactory: can't load with relro file; address space not reserved
10-30 22:48:24.729 26192 26192 E /system/bin/webview_zygote32: failed to make and chown /acct/uid_99553: Permission denied
10-30 22:48:24.729 26192 26192 E Zygote  : createProcessGroup(99553, 0) failed: Permission denied
10-30 22:48:24.730   772  2969 I ActivityManager: Start proc 26192:com.android.chrome:sandboxed_process5/u0i553 for webview_service com.android.chrome/org.chromium.content.app.SandboxedProcessService5
10-30 22:48:24.736 26176 26191 I cr_LibraryLoader: Successfully loaded native library
10-30 22:48:24.737 26176 26191 I cr_CachingUmaRecorder: Flushed 3 samples from 3 histograms.
10-30 22:48:24.745 26192 26192 I SamplingProfilerIntegration: Profiling disabled.
10-30 22:48:24.752 25848 25848 W chromium: [WARNING:controller_impl.cc(1190)] Background download complete, client: 6, completion type: 0, file size:265060
10-30 22:48:24.765 26211 26211 E asset   : setgid: Operation not permitted
10-30 22:48:24.773 26208 26208 W ThreadPoolForeg: type=1400 audit(0.0:11083): avc: denied { setattr } for name="model-info.pb" dev="dm-2" ino=1504742 scontext=u:r:isolated_app:s0:c512,c768 tcontext=u:object_r:app_data_file:s0:c512,c768 tclass=file permissive=0
10-30 22:48:24.773 26208 26208 W ThreadPoolForeg: type=1400 audit(0.0:11084): avc: denied { setattr } for name="model.tflite" dev="dm-2" ino=1504743 scontext=u:r:isolated_app:s0:c512,c768 tcontext=u:object_r:app_data_file:s0:c512,c768 tclass=file permissive=0
10-30 22:48:24.782 26176 26191 I chromium: [INFO:child_process_service.cc(69)] ChildProcessService: Exiting child process.
10-30 22:48:24.783 25848 25848 W chromium: [WARNING:controller_impl.cc(1190)] Background download complete, client: 6, completion type: 0, file size:15859
10-30 22:48:24.786 26212 26212 E /system/bin/webview_zygote32: failed to make and chown /acct/uid_99554: Permission denied
10-30 22:48:24.786 26212 26212 E Zygote  : createProcessGroup(99554, 0) failed: Permission denied
10-30 22:48:24.791   772 10893 I ActivityManager: Start proc 26212:com.android.chrome:sandboxed_process6/u0i554 for webview_service com.android.chrome/org.chromium.content.app.SandboxedProcessService6
10-30 22:48:24.796   422   422 E lowmemorykiller: Error writing /proc/26176/oom_score_adj; errno=22
10-30 22:48:24.796   772 20193 I ActivityManager: Killing 26176:com.android.chrome:sandboxed_process4/u0a60i552 (adj 0): isolated not needed
10-30 22:48:24.798   772   790 W zygote64: failed to open /acct/uid_99552/pid_26176/cgroup.procs: No such file or directory
10-30 22:48:24.806 25848 25848 W chromium: [WARNING:compositor_view.cc(342)] Child process died (type=6) pid=26176)
10-30 22:48:24.806 26192 26192 I cr_SplitCompatApp: Launched version=106.0.5249.79 minSdkVersion=24 isBundle=true processName=com.android.chrome:sandboxed_process5 isIsolated=true
10-30 22:48:24.812 26192 26192 W SystemServiceRegistry: No service published for: uimode
10-30 22:48:24.821 26192 26192 I cr_ChildProcessService: Creating new ChildProcessService pid=26192
10-30 22:48:24.823 25848 25848 W chromium: [WARNING:controller_impl.cc(1190)] Background download complete, client: 6, completion type: 0, file size:4951
10-30 22:48:24.825 26226 26226 E /system/bin/webview_zygote32: failed to make and chown /acct/uid_99555: Permission denied
10-30 22:48:24.825 26226 26226 E Zygote  : createProcessGroup(99555, 0) failed: Permission denied
10-30 22:48:24.828   772 10893 I ActivityManager: Start proc 26226:com.android.chrome:sandboxed_process7/u0i555 for webview_service com.android.chrome/org.chromium.content.app.SandboxedProcessService7
10-30 22:48:24.833 26212 26212 I SamplingProfilerIntegration: Profiling disabled.
10-30 22:48:24.835 26192 26192 E WebViewFactory: can't load with relro file; address space not reserved
10-30 22:48:24.846 26192 26224 I cr_LibraryLoader: Successfully loaded native library
10-30 22:48:24.847 26192 26224 I cr_CachingUmaRecorder: Flushed 3 samples from 3 histograms.
10-30 22:48:24.848 26226 26226 I SamplingProfilerIntegration: Profiling disabled.
10-30 22:48:24.859 26240 26240 E asset   : setgid: Operation not permitted
10-30 22:48:24.862   772  1324 I ActivityManager: Start proc 26241:com.android.chrome:sandboxed_process8/u0i556 for webview_service com.android.chrome/org.chromium.content.app.SandboxedProcessService8
10-30 22:48:24.863 26241 26241 E /system/bin/webview_zygote32: failed to make and chown /acct/uid_99556: Permission denied
10-30 22:48:24.863 26241 26241 E Zygote  : createProcessGroup(99556, 0) failed: Permission denied
10-30 22:48:24.876 25848 25848 W chromium: [WARNING:controller_impl.cc(1190)] Background download complete, client: 6, completion type: 0, file size:2759
10-30 22:48:24.888 26241 26241 I SamplingProfilerIntegration: Profiling disabled.
10-30 22:48:24.893 26248 26248 W ThreadPoolForeg: type=1400 audit(0.0:11085): avc: denied { setattr } for name="model-info.pb" dev="dm-2" ino=1504748 scontext=u:r:isolated_app:s0:c512,c768 tcontext=u:object_r:app_data_file:s0:c512,c768 tclass=file permissive=0
10-30 22:48:24.893 26248 26248 W ThreadPoolForeg: type=1400 audit(0.0:11086): avc: denied { setattr } for name="model.tflite" dev="dm-2" ino=1504750 scontext=u:r:isolated_app:s0:c512,c768 tcontext=u:object_r:app_data_file:s0:c512,c768 tclass=file permissive=0
10-30 22:48:24.902 26192 26224 I chromium: [INFO:child_process_service.cc(69)] ChildProcessService: Exiting child process.
10-30 22:48:24.902 26260 26260 E asset   : setgid: Operation not permitted
10-30 22:48:24.917 26264 26264 E asset   : setgid: Operation not permitted
10-30 22:48:24.918   772 10895 I ActivityManager: Start proc 26263:com.android.chrome:sandboxed_process9/u0i557 for webview_service com.android.chrome/org.chromium.content.app.SandboxedProcessService9
10-30 22:48:24.922   422   422 E lowmemorykiller: Error writing /proc/26192/oom_score_adj; errno=22
10-30 22:48:24.923   772  3037 I ActivityManager: Killing 26192:com.android.chrome:sandboxed_process5/u0a60i553 (adj 0): isolated not needed
10-30 22:48:24.923   772   790 W zygote64: failed to open /acct/uid_99553/pid_26192/cgroup.procs: No such file or directory
10-30 22:48:24.925 26212 26212 I cr_SplitCompatApp: Launched version=106.0.5249.79 minSdkVersion=24 isBundle=true processName=com.android.chrome:sandboxed_process6 isIsolated=true
10-30 22:48:24.930 26263 26263 E /system/bin/webview_zygote32: failed to make and chown /acct/uid_99557: Permission denied
10-30 22:48:24.930 26263 26263 E Zygote  : createProcessGroup(99557, 0) failed: Permission denied
10-30 22:48:24.932 26212 26212 W SystemServiceRegistry: No service published for: uimode
10-30 22:48:24.937 25848 25848 W chromium: [WARNING:controller_impl.cc(1190)] Background download complete, client: 6, completion type: 0, file size:116031
10-30 22:48:24.943   772   781 I zygote64: Background concurrent copying GC freed 109679(6MB) AllocSpace objects, 182(5MB) LOS objects, 42% free, 19MB/34MB, paused 294us total 103.038ms
10-30 22:48:24.945 26212 26212 I cr_ChildProcessService: Creating new ChildProcessService pid=26212
10-30 22:48:24.948 26226 26226 I cr_SplitCompatApp: Launched version=106.0.5249.79 minSdkVersion=24 isBundle=true processName=com.android.chrome:sandboxed_process7 isIsolated=true
10-30 22:48:24.950 25848 25848 W chromium: [WARNING:compositor_view.cc(342)] Child process died (type=6) pid=26192)
10-30 22:48:24.954 26212 26212 E WebViewFactory: can't load with relro file; address space not reserved
10-30 22:48:24.955 26226 26226 W SystemServiceRegistry: No service published for: uimode
10-30 22:48:24.957 26241 26241 I cr_SplitCompatApp: Launched version=106.0.5249.79 minSdkVersion=24 isBundle=true processName=com.android.chrome:sandboxed_process8 isIsolated=true
10-30 22:48:24.963 26226 26226 I cr_ChildProcessService: Creating new ChildProcessService pid=26226
10-30 22:48:24.963 26241 26241 W SystemServiceRegistry: No service published for: uimode
10-30 22:48:24.965 26212 26271 I cr_LibraryLoader: Successfully loaded native library
10-30 22:48:24.966 26212 26271 I cr_CachingUmaRecorder: Flushed 3 samples from 3 histograms.
10-30 22:48:24.970 26241 26241 I cr_ChildProcessService: Creating new ChildProcessService pid=26241
10-30 22:48:24.971 26279 26279 E /system/bin/webview_zygote32: failed to make and chown /acct/uid_99558: Permission denied
10-30 22:48:24.972 26279 26279 E Zygote  : createProcessGroup(99558, 0) failed: Permission denied
10-30 22:48:24.974   772   784 I ActivityManager: Start proc 26279:com.android.chrome:sandboxed_process10/u0i558 for webview_service com.android.chrome/org.chromium.content.app.SandboxedProcessService10
10-30 22:48:24.976 26263 26263 I SamplingProfilerIntegration: Profiling disabled.
10-30 22:48:24.983 26241 26241 E WebViewFactory: can't load with relro file; address space not reserved
10-30 22:48:24.983 26226 26226 E WebViewFactory: can't load with relro file; address space not reserved
10-30 22:48:24.996 26241 26282 I cr_LibraryLoader: Successfully loaded native library
10-30 22:48:24.996 26226 26277 I cr_LibraryLoader: Successfully loaded native library
10-30 22:48:24.997 26226 26277 I cr_CachingUmaRecorder: Flushed 3 samples from 3 histograms.
10-30 22:48:24.997 26241 26282 I cr_CachingUmaRecorder: Flushed 3 samples from 3 histograms.
10-30 22:48:24.997 26298 26298 E asset   : setgid: Operation not permitted
10-30 22:48:25.000 26279 26279 I SamplingProfilerIntegration: Profiling disabled.
10-30 22:48:25.006 26290 26290 W ThreadPoolForeg: type=1400 audit(0.0:11087): avc: denied { setattr } for name="model-info.pb" dev="dm-2" ino=1504748 scontext=u:r:isolated_app:s0:c512,c768 tcontext=u:object_r:app_data_file:s0:c512,c768 tclass=file permissive=0
10-30 22:48:25.020 26263 26263 I cr_SplitCompatApp: Launched version=106.0.5249.79 minSdkVersion=24 isBundle=true processName=com.android.chrome:sandboxed_process9 isIsolated=true
10-30 22:48:25.023 26304 26304 W ThreadPoolForeg: type=1400 audit(0.0:11088): avc: denied { setattr } for name="model-info.pb" dev="dm-2" ino=1504756 scontext=u:r:isolated_app:s0:c512,c768 tcontext=u:object_r:app_data_file:s0:c512,c768 tclass=file permissive=0
10-30 22:48:25.023 26304 26304 W ThreadPoolForeg: type=1400 audit(0.0:11089): avc: denied { setattr } for name="model.tflite" dev="dm-2" ino=1504757 scontext=u:r:isolated_app:s0:c512,c768 tcontext=u:object_r:app_data_file:s0:c512,c768 tclass=file permissive=0
10-30 22:48:25.023 26306 26306 W ThreadPoolForeg: type=1400 audit(0.0:11090): avc: denied { setattr } for name="model-info.pb" dev="dm-2" ino=1504758 scontext=u:r:isolated_app:s0:c512,c768 tcontext=u:object_r:app_data_file:s0:c512,c768 tclass=file permissive=0
10-30 22:48:25.024 26263 26263 W SystemServiceRegistry: No service published for: uimode
10-30 22:48:25.025 26313 26313 E asset   : setgid: Operation not permitted
10-30 22:48:25.026 26290 26290 W ThreadPoolForeg: type=1400 audit(0.0:11091): avc: denied { setattr } for name="model.tflite" dev="dm-2" ino=1504755 scontext=u:r:isolated_app:s0:c512,c768 tcontext=u:object_r:app_data_file:s0:c512,c768 tclass=file permissive=0
10-30 22:48:25.029 26306 26306 W ThreadPoolForeg: type=1400 audit(0.0:11092): avc: denied { setattr } for name="model.tflite" dev="dm-2" ino=1504745 scontext=u:r:isolated_app:s0:c512,c768 tcontext=u:object_r:app_data_file:s0:c512,c768 tclass=file permissive=0
10-30 22:48:25.030 26241 26282 I chromium: [INFO:child_process_service.cc(69)] ChildProcessService: Exiting child process.
10-30 22:48:25.032 26263 26263 I cr_ChildProcessService: Creating new ChildProcessService pid=26263
10-30 22:48:25.033   422   422 E lowmemorykiller: Error writing /proc/26241/oom_score_adj; errno=22
10-30 22:48:25.035   772  1327 I ActivityManager: Killing 26241:com.android.chrome:sandboxed_process8/u0a60i556 (adj 0): isolated not needed
10-30 22:48:25.036   772   790 W zygote64: failed to open /acct/uid_99556/pid_26241/cgroup.procs: No such file or directory
10-30 22:48:25.041   772  4539 I ActivityManager: Killing 26212:com.android.chrome:sandboxed_process6/u0a60i554 (adj 0): isolated not needed
10-30 22:48:25.041   772   790 W zygote64: failed to open /acct/uid_99554/pid_26212/cgroup.procs: No such file or directory
10-30 22:48:25.042 26263 26263 E WebViewFactory: can't load with relro file; address space not reserved
10-30 22:48:25.043 25848 25848 W chromium: [WARNING:controller_impl.cc(1190)] Background download complete, client: 6, completion type: 0, file size:9419
10-30 22:48:25.043 26226 26277 I chromium: [INFO:child_process_service.cc(69)] ChildProcessService: Exiting child process.
10-30 22:48:25.045   422   422 E lowmemorykiller: Error writing /proc/26226/oom_score_adj; errno=22
10-30 22:48:25.045   772 10895 I ActivityManager: Killing 26226:com.android.chrome:sandboxed_process7/u0a60i555 (adj 0): isolated not needed
10-30 22:48:25.046   772   790 W zygote64: failed to open /acct/uid_99555/pid_26226/cgroup.procs: No such file or directory
10-30 22:48:25.055 26263 26314 I cr_LibraryLoader: Successfully loaded native library
10-30 22:48:25.058 26263 26314 I cr_CachingUmaRecorder: Flushed 3 samples from 3 histograms.
10-30 22:48:25.058 26279 26279 I cr_SplitCompatApp: Launched version=106.0.5249.79 minSdkVersion=24 isBundle=true processName=com.android.chrome:sandboxed_process10 isIsolated=true
10-30 22:48:25.058 25848 25848 W chromium: [WARNING:compositor_view.cc(342)] Child process died (type=6) pid=26241)
10-30 22:48:25.064 26038 26053 I tflite  : Initialized TensorFlow Lite runtime.
10-30 22:48:25.065 26279 26279 W SystemServiceRegistry: No service published for: uimode
10-30 22:48:25.071 26279 26279 I cr_ChildProcessService: Creating new ChildProcessService pid=26279
10-30 22:48:25.076 26320 26320 W ThreadPoolForeg: type=1400 audit(0.0:11093): avc: denied { setattr } for name="model-info.pb" dev="dm-2" ino=1504736 scontext=u:r:isolated_app:s0:c512,c768 tcontext=u:object_r:app_data_file:s0:c512,c768 tclass=file permissive=0
10-30 22:48:25.076 26320 26320 W ThreadPoolForeg: type=1400 audit(0.0:11094): avc: denied { setattr } for name="model.tflite" dev="dm-2" ino=1504748 scontext=u:r:isolated_app:s0:c512,c768 tcontext=u:object_r:app_data_file:s0:c512,c768 tclass=file permissive=0
10-30 22:48:25.076 26318 26318 E /system/bin/webview_zygote32: failed to make and chown /acct/uid_99559: Permission denied
10-30 22:48:25.077 26318 26318 E Zygote  : createProcessGroup(99559, 0) failed: Permission denied
10-30 22:48:25.083   772   785 I ActivityManager: Start proc 26318:com.android.chrome:sandboxed_process11/u0i559 for webview_service com.android.chrome/org.chromium.content.app.SandboxedProcessService11
10-30 22:48:25.084 26263 26314 I chromium: [INFO:child_process_service.cc(69)] ChildProcessService: Exiting child process.
10-30 22:48:25.085 25848 25848 W chromium: [WARNING:compositor_view.cc(342)] Child process died (type=6) pid=26226)
10-30 22:48:25.090 26279 26279 E WebViewFactory: can't load with relro file; address space not reserved
10-30 22:48:25.093   422   422 E lowmemorykiller: Error writing /proc/26263/oom_score_adj; errno=22
10-30 22:48:25.094   772 10893 I ActivityManager: Killing 26263:com.android.chrome:sandboxed_process9/u0a60i557 (adj 0): isolated not needed
10-30 22:48:25.094   772   790 W zygote64: failed to open /acct/uid_99557/pid_26263/cgroup.procs: No such file or directory
10-30 22:48:25.107 26279 26319 I cr_LibraryLoader: Successfully loaded native library
10-30 22:48:25.108 25848 25848 W chromium: [WARNING:compositor_view.cc(342)] Child process died (type=6) pid=26263)
10-30 22:48:25.108 26279 26319 I cr_CachingUmaRecorder: Flushed 3 samples from 3 histograms.
10-30 22:48:25.111 25848 25848 W chromium: [WARNING:compositor_view.cc(342)] Child process died (type=6) pid=26212)
10-30 22:48:25.119 26318 26318 I SamplingProfilerIntegration: Profiling disabled.
10-30 22:48:25.126 26340 26340 W ThreadPoolForeg: type=1400 audit(0.0:11095): avc: denied { setattr } for name="model-info.pb" dev="dm-2" ino=1504736 scontext=u:r:isolated_app:s0:c512,c768 tcontext=u:object_r:app_data_file:s0:c512,c768 tclass=file permissive=0
10-30 22:48:25.133 26340 26340 W ThreadPoolForeg: type=1400 audit(0.0:11096): avc: denied { setattr } for name="model.tflite" dev="dm-2" ino=1504747 scontext=u:r:isolated_app:s0:c512,c768 tcontext=u:object_r:app_data_file:s0:c512,c768 tclass=file permissive=0
10-30 22:48:25.135 26343 26343 E asset   : setgid: Operation not permitted
10-30 22:48:25.140 26279 26319 I chromium: [INFO:child_process_service.cc(69)] ChildProcessService: Exiting child process.
10-30 22:48:25.149   422   422 E lowmemorykiller: Error writing /proc/26279/oom_score_adj; errno=22
10-30 22:48:25.150   772 10893 I ActivityManager: Killing 26279:com.android.chrome:sandboxed_process10/u0a60i558 (adj 0): isolated not needed
10-30 22:48:25.150   772   790 W zygote64: failed to open /acct/uid_99558/pid_26279/cgroup.procs: No such file or directory
10-30 22:48:25.152 25848 25848 W chromium: [WARNING:compositor_view.cc(342)] Child process died (type=6) pid=26279)
10-30 22:48:25.167 26318 26318 I cr_SplitCompatApp: Launched version=106.0.5249.79 minSdkVersion=24 isBundle=true processName=com.android.chrome:sandboxed_process11 isIsolated=true
10-30 22:48:25.172 26318 26318 W SystemServiceRegistry: No service published for: uimode
10-30 22:48:25.183 26318 26318 I cr_ChildProcessService: Creating new ChildProcessService pid=26318
10-30 22:48:25.190 26318 26318 E WebViewFactory: can't load with relro file; address space not reserved
10-30 22:48:25.198 26318 26345 I cr_LibraryLoader: Successfully loaded native library
10-30 22:48:25.199 26318 26345 I cr_CachingUmaRecorder: Flushed 3 samples from 3 histograms.
10-30 22:48:25.223 26348 26348 W ThreadPoolForeg: type=1400 audit(0.0:11097): avc: denied { setattr } for name="model-info.pb" dev="dm-2" ino=1504735 scontext=u:r:isolated_app:s0:c512,c768 tcontext=u:object_r:app_data_file:s0:c512,c768 tclass=file permissive=0
10-30 22:48:25.223 26348 26348 W ThreadPoolForeg: type=1400 audit(0.0:11098): avc: denied { setattr } for name="model.tflite" dev="dm-2" ino=1504736 scontext=u:r:isolated_app:s0:c512,c768 tcontext=u:object_r:app_data_file:s0:c512,c768 tclass=file permissive=0
10-30 22:48:25.231 26318 26345 I chromium: [INFO:child_process_service.cc(69)] ChildProcessService: Exiting child process.
10-30 22:48:25.232   422   422 E lowmemorykiller: Error writing /proc/26318/oom_score_adj; errno=22
10-30 22:48:25.233   772   785 I ActivityManager: Killing 26318:com.android.chrome:sandboxed_process11/u0a60i559 (adj 0): isolated not needed
10-30 22:48:25.234   772   790 W zygote64: failed to open /acct/uid_99559/pid_26318/cgroup.procs: No such file or directory
10-30 22:48:25.248 25848 25848 W chromium: [WARNING:compositor_view.cc(342)] Child process died (type=6) pid=26318)
10-30 22:48:29.755 25848 25848 E cr_BTSPrefs: No data found for task id: 56
10-30 22:48:29.756 25848 25848 E cr_BkgrdTaskScheduler: Task cannot be canceled because no data was found instorage or data was invalid
10-30 22:48:45.066   772   791 E BatteryStatsService: no controller energy info supplied
10-30 22:49:14.018 25848 25848 I cr_media: Create MediaDrmBridge with level L3 and origin ED40940F398A7DA2CFD42E8214FC942F
10-30 22:49:14.026   361   361 W /system/bin/hwservicemanager: getTransportFromManifest: Cannot find entry android.hardware.drm@1.0::IDrmFactory in either framework or device manifest, using default transport.
10-30 22:49:14.082   562   644 I DrmHal  : makeDrmFactories: using default drm instance
10-30 22:49:14.097   361   361 W /system/bin/hwservicemanager: getTransportFromManifest: Cannot find entry android.hardware.drm@1.0::IDrmFactory in either framework or device manifest, using default transport.
10-30 22:49:14.144   562 28303 I DrmHal  : makeDrmFactories: using default drm instance
10-30 22:49:14.145   562   562 D WVCdm   : Instantiating CDM.
10-30 22:49:14.154   562 28303 I WVCdm   : CdmEngine::QueryStatus
10-30 22:49:14.155   562 28303 I WVCdm   : Level3 Library 4445 May 19 2017 17:17:20
10-30 22:49:14.167   562 28303 D QSEECOMAPI: : QSEECom_get_handle sb_length = 0x19000
10-30 22:49:14.167   562 28303 D QSEECOMAPI: : App is not loaded in QSEE
10-30 22:49:14.224   562 28303 D QSEECOMAPI: : Loaded image: APP id = 1310
10-30 22:49:14.230   562 28303 D QSAPPSVER: qsapps_get_capabilities: Capability from secure side: 0x0
10-30 22:49:14.230   562 28303 D QSAPPSVER: qsapps_get_capabilities: returns 0
10-30 22:49:14.230   562 28303 E DrmWidevineDash: sion_buffer g_wv_fhandle->ion_sbuffer  0x0xefd34000
10-30 22:49:14.235   372   376 D DrmLibTime: got the req here! ret=0
10-30 22:49:14.235   372   376 D DrmLibTime: command id, time_cmd_id = 770
10-30 22:49:14.235   372   376 D DrmLibTime: time_getutcsec starts!
10-30 22:49:14.235   372   376 D DrmLibTime: QSEE Time Listener: time_getutcsec
10-30 22:49:14.235   372   376 D DrmLibTime: QSEE Time Listener: get_utc_seconds
10-30 22:49:14.235   372   376 D DrmLibTime: QSEE Time Listener: time_get_modem_time
10-30 22:49:14.235   372   376 D DrmLibTime: QSEE Time Listener: Checking if ATS_MODEM is set or not.
10-30 22:49:14.235   372   376 D QC-time-services: Lib:time_genoff_operation: pargs->base = 13
10-30 22:49:14.235   372   376 D QC-time-services: Lib:time_genoff_operation: pargs->operation = 2
10-30 22:49:14.235   372   376 D QC-time-services: Lib:time_genoff_operation: pargs->ts_val = 0
10-30 22:49:14.236   625   647 D QC-time-services: Daemon: Connection accepted:time_genoff
10-30 22:49:14.237   372   376 D QC-time-services: Lib:time_genoff_operation: Send to server  passed!!
10-30 22:49:14.237   625 26365 D QC-time-services: Daemon:Received base = 13, unit = 1, operation = 2,value = 0
10-30 22:49:14.237   625 26365 D QC-time-services: Daemon:genoff_opr: Base = 13, val = 0, operation = 2
10-30 22:49:14.237   625 26365 D QC-time-services: offset is: 0 for base: 13
10-30 22:49:14.237   372   376 E QC-time-services: Receive Passed == base = 13, unit = 1, operation = 2, result = 0
10-30 22:49:14.237   372   376 D DrmLibTime: QSEE Time Listener: ATS_MODEM is not set. Fallback to Android system time.
10-30 22:49:14.237   372   376 D DrmLibTime: QSEE Time Listener: Retrieved Android system time: 1667166554
10-30 22:49:14.237   372   376 D DrmLibTime: time_getutcsec returns 0, sec = 1667166554; nsec = 0
10-30 22:49:14.237   372   376 D DrmLibTime: time_getutcsec finished! 
10-30 22:49:14.237   372   376 D DrmLibTime: iotcl_continue_command finished! and return 0 
10-30 22:49:14.237   372   376 D DrmLibTime: before calling ioctl to read the next time_cmd
10-30 22:49:14.238   625   647 E QC-time-services: Daemon: Time-services: Waiting to acceptconnection
10-30 22:49:14.281   562 28303 D WVCdm   : OEMCrypto_Initialize Level 1 success. I will use level 1.
10-30 22:49:14.282   562 28303 D QSEECOMAPI: : QSEECom_dealloc_memory 
10-30 22:49:14.282   562 28303 D QSEECOMAPI: : QSEECom_shutdown_app, app_id = 1310
10-30 22:49:14.290   562 19050 I WVCdm   : CdmEngine::OpenSession
10-30 22:49:14.290   562 19050 I WVCdm   : Level3 Library 4445 May 19 2017 17:17:20
10-30 22:49:14.293   562 19050 D QSEECOMAPI: : QSEECom_get_handle sb_length = 0x19000
10-30 22:49:14.294   562 19050 D QSEECOMAPI: : App is not loaded in QSEE
10-30 22:49:14.340   562 19050 D QSEECOMAPI: : Loaded image: APP id = 1311
10-30 22:49:14.344   562 19050 D QSAPPSVER: qsapps_get_capabilities: Capability from secure side: 0x0
10-30 22:49:14.344   562 19050 D QSAPPSVER: qsapps_get_capabilities: returns 0
10-30 22:49:14.344   562 19050 E DrmWidevineDash: sion_buffer g_wv_fhandle->ion_sbuffer  0x0xefd34000
10-30 22:49:14.349   372   376 D DrmLibTime: got the req here! ret=0
10-30 22:49:14.349   372   376 D DrmLibTime: command id, time_cmd_id = 770
10-30 22:49:14.349   372   376 D DrmLibTime: time_getutcsec starts!
10-30 22:49:14.349   372   376 D DrmLibTime: QSEE Time Listener: time_getutcsec
10-30 22:49:14.349   372   376 D DrmLibTime: QSEE Time Listener: get_utc_seconds
10-30 22:49:14.349   372   376 D DrmLibTime: QSEE Time Listener: time_get_modem_time
10-30 22:49:14.349   372   376 D DrmLibTime: QSEE Time Listener: Checking if ATS_MODEM is set or not.
10-30 22:49:14.349   372   376 D QC-time-services: Lib:time_genoff_operation: pargs->base = 13
10-30 22:49:14.349   372   376 D QC-time-services: Lib:time_genoff_operation: pargs->operation = 2
10-30 22:49:14.349   372   376 D QC-time-services: Lib:time_genoff_operation: pargs->ts_val = 0
10-30 22:49:14.349   372   376 D QC-time-services: Lib:time_genoff_operation: Send to server  passed!!
10-30 22:49:14.349   625   647 D QC-time-services: Daemon: Connection accepted:time_genoff
10-30 22:49:14.350   625 26366 D QC-time-services: Daemon:Received base = 13, unit = 1, operation = 2,value = 0
10-30 22:49:14.350   625 26366 D QC-time-services: Daemon:genoff_opr: Base = 13, val = 0, operation = 2
10-30 22:49:14.350   625 26366 D QC-time-services: offset is: 0 for base: 13
10-30 22:49:14.350   372   376 E QC-time-services: Receive Passed == base = 13, unit = 1, operation = 2, result = 0
10-30 22:49:14.351   372   376 D DrmLibTime: QSEE Time Listener: ATS_MODEM is not set. Fallback to Android system time.
10-30 22:49:14.351   372   376 D DrmLibTime: QSEE Time Listener: Retrieved Android system time: 1667166554
10-30 22:49:14.351   372   376 D DrmLibTime: time_getutcsec returns 0, sec = 1667166554; nsec = 0
10-30 22:49:14.351   372   376 D DrmLibTime: time_getutcsec finished! 
10-30 22:49:14.351   372   376 D DrmLibTime: iotcl_continue_command finished! and return 0 
10-30 22:49:14.351   372   376 D DrmLibTime: before calling ioctl to read the next time_cmd
10-30 22:49:14.352   625   647 E QC-time-services: Daemon: Time-services: Waiting to acceptconnection
10-30 22:49:14.386   562 19050 D WVCdm   : OEMCrypto_Initialize Level 1 success. I will use level 1.
10-30 22:49:14.386   562 19050 D WVCdm   : CryptoSession::Open: Lock: requested_security_level: L3
10-30 22:49:14.421   562 19050 W WVCdm   : DeviceFiles::RetrieveHashedFile: /data/mediadrm/IDM1013/L3/cert.bin does not exist
10-30 22:49:14.422   562 19050 D QSEECOMAPI: : QSEECom_dealloc_memory 
10-30 22:49:14.422   562 19050 D QSEECOMAPI: : QSEECom_shutdown_app, app_id = 1311
10-30 22:49:14.435   562   562 I WVCdm   : Level3 Library 4445 May 19 2017 17:17:20
10-30 22:49:14.443   562   562 D QSEECOMAPI: : QSEECom_get_handle sb_length = 0x19000
10-30 22:49:14.443   562   562 D QSEECOMAPI: : App is not loaded in QSEE
10-30 22:49:14.497   562   562 D QSEECOMAPI: : Loaded image: APP id = 1312
10-30 22:49:14.502   562   562 D QSAPPSVER: qsapps_get_capabilities: Capability from secure side: 0x0
10-30 22:49:14.502   562   562 D QSAPPSVER: qsapps_get_capabilities: returns 0
10-30 22:49:14.502   562   562 E DrmWidevineDash: sion_buffer g_wv_fhandle->ion_sbuffer  0x0xefd34000
10-30 22:49:14.505   372   376 D DrmLibTime: got the req here! ret=0
10-30 22:49:14.505   372   376 D DrmLibTime: command id, time_cmd_id = 770
10-30 22:49:14.505   372   376 D DrmLibTime: time_getutcsec starts!
10-30 22:49:14.505   372   376 D DrmLibTime: QSEE Time Listener: time_getutcsec
10-30 22:49:14.505   372   376 D DrmLibTime: QSEE Time Listener: get_utc_seconds
10-30 22:49:14.505   372   376 D DrmLibTime: QSEE Time Listener: time_get_modem_time
10-30 22:49:14.505   372   376 D DrmLibTime: QSEE Time Listener: Checking if ATS_MODEM is set or not.
10-30 22:49:14.505   372   376 D QC-time-services: Lib:time_genoff_operation: pargs->base = 13
10-30 22:49:14.505   372   376 D QC-time-services: Lib:time_genoff_operation: pargs->operation = 2
10-30 22:49:14.505   372   376 D QC-time-services: Lib:time_genoff_operation: pargs->ts_val = 0
10-30 22:49:14.505   372   376 D QC-time-services: Lib:time_genoff_operation: Send to server  passed!!
10-30 22:49:14.505   625   647 D QC-time-services: Daemon: Connection accepted:time_genoff
10-30 22:49:14.506   625 26367 D QC-time-services: Daemon:Received base = 13, unit = 1, operation = 2,value = 0
10-30 22:49:14.506   625 26367 D QC-time-services: Daemon:genoff_opr: Base = 13, val = 0, operation = 2
10-30 22:49:14.506   625 26367 D QC-time-services: offset is: 0 for base: 13
10-30 22:49:14.506   372   376 E QC-time-services: Receive Passed == base = 13, unit = 1, operation = 2, result = 0
10-30 22:49:14.506   372   376 D DrmLibTime: QSEE Time Listener: ATS_MODEM is not set. Fallback to Android system time.
10-30 22:49:14.506   372   376 D DrmLibTime: QSEE Time Listener: Retrieved Android system time: 1667166554
10-30 22:49:14.506   372   376 D DrmLibTime: time_getutcsec returns 0, sec = 1667166554; nsec = 0
10-30 22:49:14.506   372   376 D DrmLibTime: time_getutcsec finished! 
10-30 22:49:14.506   372   376 D DrmLibTime: iotcl_continue_command finished! and return 0 
10-30 22:49:14.506   372   376 D DrmLibTime: before calling ioctl to read the next time_cmd
10-30 22:49:14.507   625   647 E QC-time-services: Daemon: Time-services: Waiting to acceptconnection
10-30 22:49:14.534   562   562 D WVCdm   : OEMCrypto_Initialize Level 1 success. I will use level 1.
10-30 22:49:14.534   562   562 D WVCdm   : CryptoSession::Open: Lock: requested_security_level: L3
10-30 22:49:14.548 25848 25848 I cr_media: Provisioning origin ID ED40940F398A7DA2CFD42E8214FC942F
10-30 22:49:14.555 25848 25848 I MediaDrm: Drm event (1,0)
10-30 22:49:14.555 25848 25848 E cr_media: EventListener: No session for event 1.
10-30 22:49:14.770   562  5487 D QSEECOMAPI: : QSEECom_dealloc_memory 
10-30 22:49:14.770   562  5487 D QSEECOMAPI: : QSEECom_shutdown_app, app_id = 1312
10-30 22:49:14.779 25848 25848 I cr_media: Create MediaDrmBridge with level L1 and origin ED40940F398A7DA2CFD42E8214FC942F
10-30 22:49:14.780   361   361 W /system/bin/hwservicemanager: getTransportFromManifest: Cannot find entry android.hardware.drm@1.0::IDrmFactory in either framework or device manifest, using default transport.
10-30 22:49:14.783   562 19051 I DrmHal  : makeDrmFactories: using default drm instance
10-30 22:49:14.785   361   361 W /system/bin/hwservicemanager: getTransportFromManifest: Cannot find entry android.hardware.drm@1.0::IDrmFactory in either framework or device manifest, using default transport.
10-30 22:49:14.788   562  5487 I DrmHal  : makeDrmFactories: using default drm instance
10-30 22:49:14.789   562 28303 I WVCdm   : CdmEngine::QueryStatus
10-30 22:49:14.789   562 28303 I WVCdm   : Level3 Library 4445 May 19 2017 17:17:20
10-30 22:49:14.795   562 28303 D QSEECOMAPI: : QSEECom_get_handle sb_length = 0x19000
10-30 22:49:14.795   562 28303 D QSEECOMAPI: : App is not loaded in QSEE
10-30 22:49:14.842   562 28303 D QSEECOMAPI: : Loaded image: APP id = 1313
10-30 22:49:14.845   562 28303 D QSAPPSVER: qsapps_get_capabilities: Capability from secure side: 0x0
10-30 22:49:14.845   562 28303 D QSAPPSVER: qsapps_get_capabilities: returns 0
10-30 22:49:14.845   562 28303 E DrmWidevineDash: sion_buffer g_wv_fhandle->ion_sbuffer  0x0xefd0f000
10-30 22:49:14.849   372   376 D DrmLibTime: got the req here! ret=0
10-30 22:49:14.849   372   376 D DrmLibTime: command id, time_cmd_id = 770
10-30 22:49:14.849   372   376 D DrmLibTime: time_getutcsec starts!
10-30 22:49:14.849   372   376 D DrmLibTime: QSEE Time Listener: time_getutcsec
10-30 22:49:14.849   372   376 D DrmLibTime: QSEE Time Listener: get_utc_seconds
10-30 22:49:14.849   372   376 D DrmLibTime: QSEE Time Listener: time_get_modem_time
10-30 22:49:14.849   372   376 D DrmLibTime: QSEE Time Listener: Checking if ATS_MODEM is set or not.
10-30 22:49:14.849   372   376 D QC-time-services: Lib:time_genoff_operation: pargs->base = 13
10-30 22:49:14.849   372   376 D QC-time-services: Lib:time_genoff_operation: pargs->operation = 2
10-30 22:49:14.849   372   376 D QC-time-services: Lib:time_genoff_operation: pargs->ts_val = 0
10-30 22:49:14.849   372   376 D QC-time-services: Lib:time_genoff_operation: Send to server  passed!!
10-30 22:49:14.849   625   647 D QC-time-services: Daemon: Connection accepted:time_genoff
10-30 22:49:14.850   625 26373 D QC-time-services: Daemon:Received base = 13, unit = 1, operation = 2,value = 0
10-30 22:49:14.850   625 26373 D QC-time-services: Daemon:genoff_opr: Base = 13, val = 0, operation = 2
10-30 22:49:14.850   625 26373 D QC-time-services: offset is: 0 for base: 13
10-30 22:49:14.850   372   376 E QC-time-services: Receive Passed == base = 13, unit = 1, operation = 2, result = 0
10-30 22:49:14.850   372   376 D DrmLibTime: QSEE Time Listener: ATS_MODEM is not set. Fallback to Android system time.
10-30 22:49:14.850   372   376 D DrmLibTime: QSEE Time Listener: Retrieved Android system time: 1667166554
10-30 22:49:14.850   372   376 D DrmLibTime: time_getutcsec returns 0, sec = 1667166554; nsec = 0
10-30 22:49:14.850   372   376 D DrmLibTime: time_getutcsec finished! 
10-30 22:49:14.850   372   376 D DrmLibTime: iotcl_continue_command finished! and return 0 
10-30 22:49:14.850   372   376 D DrmLibTime: before calling ioctl to read the next time_cmd
10-30 22:49:14.850   625   647 E QC-time-services: Daemon: Time-services: Waiting to acceptconnection
10-30 22:49:14.887   562 28303 D WVCdm   : OEMCrypto_Initialize Level 1 success. I will use level 1.
10-30 22:49:14.888   562 28303 D QSEECOMAPI: : QSEECom_dealloc_memory 
10-30 22:49:14.888   562 28303 D QSEECOMAPI: : QSEECom_shutdown_app, app_id = 1313
10-30 22:49:14.895   562   644 I WVCdm   : CdmEngine::OpenSession
10-30 22:49:14.895   562   644 I WVCdm   : Level3 Library 4445 May 19 2017 17:17:20
10-30 22:49:14.904   562   644 D QSEECOMAPI: : QSEECom_get_handle sb_length = 0x19000
10-30 22:49:14.904   562   644 D QSEECOMAPI: : App is not loaded in QSEE
10-30 22:49:14.958   562   644 D QSEECOMAPI: : Loaded image: APP id = 1314
10-30 22:49:14.963   562   644 D QSAPPSVER: qsapps_get_capabilities: Capability from secure side: 0x0
10-30 22:49:14.963   562   644 D QSAPPSVER: qsapps_get_capabilities: returns 0
10-30 22:49:14.963   562   644 E DrmWidevineDash: sion_buffer g_wv_fhandle->ion_sbuffer  0x0xefd0f000
10-30 22:49:14.966   372   376 D DrmLibTime: got the req here! ret=0
10-30 22:49:14.966   372   376 D DrmLibTime: command id, time_cmd_id = 770
10-30 22:49:14.966   372   376 D DrmLibTime: time_getutcsec starts!
10-30 22:49:14.966   372   376 D DrmLibTime: QSEE Time Listener: time_getutcsec
10-30 22:49:14.966   372   376 D DrmLibTime: QSEE Time Listener: get_utc_seconds
10-30 22:49:14.966   372   376 D DrmLibTime: QSEE Time Listener: time_get_modem_time
10-30 22:49:14.966   372   376 D DrmLibTime: QSEE Time Listener: Checking if ATS_MODEM is set or not.
10-30 22:49:14.966   372   376 D QC-time-services: Lib:time_genoff_operation: pargs->base = 13
10-30 22:49:14.966   372   376 D QC-time-services: Lib:time_genoff_operation: pargs->operation = 2
10-30 22:49:14.966   372   376 D QC-time-services: Lib:time_genoff_operation: pargs->ts_val = 0
10-30 22:49:14.967   372   376 D QC-time-services: Lib:time_genoff_operation: Send to server  passed!!
10-30 22:49:14.967   625   647 D QC-time-services: Daemon: Connection accepted:time_genoff
10-30 22:49:14.967   625 26374 D QC-time-services: Daemon:Received base = 13, unit = 1, operation = 2,value = 0
10-30 22:49:14.967   625 26374 D QC-time-services: Daemon:genoff_opr: Base = 13, val = 0, operation = 2
10-30 22:49:14.967   625 26374 D QC-time-services: offset is: 0 for base: 13
10-30 22:49:14.967   372   376 E QC-time-services: Receive Passed == base = 13, unit = 1, operation = 2, result = 0
10-30 22:49:14.967   372   376 D DrmLibTime: QSEE Time Listener: ATS_MODEM is not set. Fallback to Android system time.
10-30 22:49:14.967   372   376 D DrmLibTime: QSEE Time Listener: Retrieved Android system time: 1667166554
10-30 22:49:14.967   372   376 D DrmLibTime: time_getutcsec returns 0, sec = 1667166554; nsec = 0
10-30 22:49:14.967   372   376 D DrmLibTime: time_getutcsec finished! 
10-30 22:49:14.967   372   376 D DrmLibTime: iotcl_continue_command finished! and return 0 
10-30 22:49:14.967   372   376 D DrmLibTime: before calling ioctl to read the next time_cmd
10-30 22:49:14.968   625   647 E QC-time-services: Daemon: Time-services: Waiting to acceptconnection
10-30 22:49:14.994   562   644 D WVCdm   : OEMCrypto_Initialize Level 1 success. I will use level 1.
10-30 22:49:14.995   562   644 D WVCdm   : CryptoSession::Open: Lock: requested_security_level: Default
10-30 22:49:14.997   562   644 W WVCdm   : DeviceFiles::RetrieveHashedFile: /data/mediadrm/IDM1013/L1/cert.bin does not exist
10-30 22:49:14.998   562   644 D QSEECOMAPI: : QSEECom_dealloc_memory 
10-30 22:49:14.998   562   644 D QSEECOMAPI: : QSEECom_shutdown_app, app_id = 1314
10-30 22:49:15.008   562  5487 I WVCdm   : Level3 Library 4445 May 19 2017 17:17:20
10-30 22:49:15.015   562  5487 D QSEECOMAPI: : QSEECom_get_handle sb_length = 0x19000
10-30 22:49:15.015   562  5487 D QSEECOMAPI: : App is not loaded in QSEE
10-30 22:49:15.067   562  5487 D QSEECOMAPI: : Loaded image: APP id = 1315
10-30 22:49:15.072   562  5487 D QSAPPSVER: qsapps_get_capabilities: Capability from secure side: 0x0
10-30 22:49:15.072   562  5487 D QSAPPSVER: qsapps_get_capabilities: returns 0
10-30 22:49:15.072   562  5487 E DrmWidevineDash: sion_buffer g_wv_fhandle->ion_sbuffer  0x0xefd0f000
10-30 22:49:15.074   372   376 D DrmLibTime: got the req here! ret=0
10-30 22:49:15.074   372   376 D DrmLibTime: command id, time_cmd_id = 770
10-30 22:49:15.074   372   376 D DrmLibTime: time_getutcsec starts!
10-30 22:49:15.074   372   376 D DrmLibTime: QSEE Time Listener: time_getutcsec
10-30 22:49:15.074   372   376 D DrmLibTime: QSEE Time Listener: get_utc_seconds
10-30 22:49:15.074   372   376 D DrmLibTime: QSEE Time Listener: time_get_modem_time
10-30 22:49:15.074   372   376 D DrmLibTime: QSEE Time Listener: Checking if ATS_MODEM is set or not.
10-30 22:49:15.074   372   376 D QC-time-services: Lib:time_genoff_operation: pargs->base = 13
10-30 22:49:15.074   372   376 D QC-time-services: Lib:time_genoff_operation: pargs->operation = 2
10-30 22:49:15.074   372   376 D QC-time-services: Lib:time_genoff_operation: pargs->ts_val = 0
10-30 22:49:15.074   372   376 D QC-time-services: Lib:time_genoff_operation: Send to server  passed!!
10-30 22:49:15.074   625   647 D QC-time-services: Daemon: Connection accepted:time_genoff
10-30 22:49:15.075   625 26375 D QC-time-services: Daemon:Received base = 13, unit = 1, operation = 2,value = 0
10-30 22:49:15.075   625 26375 D QC-time-services: Daemon:genoff_opr: Base = 13, val = 0, operation = 2
10-30 22:49:15.075   625 26375 D QC-time-services: offset is: 0 for base: 13
10-30 22:49:15.075   372   376 E QC-time-services: Receive Passed == base = 13, unit = 1, operation = 2, result = 0
10-30 22:49:15.075   372   376 D DrmLibTime: QSEE Time Listener: ATS_MODEM is not set. Fallback to Android system time.
10-30 22:49:15.075   372   376 D DrmLibTime: QSEE Time Listener: Retrieved Android system time: 1667166555
10-30 22:49:15.075   372   376 D DrmLibTime: time_getutcsec returns 0, sec = 1667166555; nsec = 0
10-30 22:49:15.075   372   376 D DrmLibTime: time_getutcsec finished! 
10-30 22:49:15.075   372   376 D DrmLibTime: iotcl_continue_command finished! and return 0 
10-30 22:49:15.075   372   376 D DrmLibTime: before calling ioctl to read the next time_cmd
10-30 22:49:15.075   625   647 E QC-time-services: Daemon: Time-services: Waiting to acceptconnection
10-30 22:49:15.100   562  5487 D WVCdm   : OEMCrypto_Initialize Level 1 success. I will use level 1.
10-30 22:49:15.100   562  5487 D WVCdm   : CryptoSession::Open: Lock: requested_security_level: Default
10-30 22:49:15.172   562  5487 E DrmWidevineDash: OEMCrypto_GenerateSignature : input wrapped_rsa_key == NULL!, return short buffer
10-30 22:49:15.174 25848 25848 I cr_media: Provisioning origin ID ED40940F398A7DA2CFD42E8214FC942F
10-30 22:49:15.176 25848 25848 I MediaDrm: Drm event (1,0)
10-30 22:49:15.176 25848 25848 E cr_media: EventListener: No session for event 1.
10-30 22:49:15.223   562   562 E DrmWidevineDash: OEMCrypto_RewrapDeviceRSAKey : input wrapped_rsa_key == NULL!, return short buffer
10-30 22:49:15.237   562   562 D QSEECOMAPI: : QSEECom_dealloc_memory 
10-30 22:49:15.237   562   562 D QSEECOMAPI: : QSEECom_shutdown_app, app_id = 1315
10-30 22:49:15.247 25848 25848 I cr_media: Create MediaDrmBridge with level L3 and origin D9F0F098397367C87B6A63849341F0D6
10-30 22:49:15.251   361   361 W /system/bin/hwservicemanager: getTransportFromManifest: Cannot find entry android.hardware.drm@1.0::IDrmFactory in either framework or device manifest, using default transport.
10-30 22:49:15.292   562 28303 I DrmHal  : makeDrmFactories: using default drm instance
10-30 22:49:15.295   361   361 W /system/bin/hwservicemanager: getTransportFromManifest: Cannot find entry android.hardware.drm@1.0::IDrmFactory in either framework or device manifest, using default transport.
10-30 22:49:15.343   562   562 I DrmHal  : makeDrmFactories: using default drm instance
10-30 22:49:15.343   562  5487 D WVCdm   : Instantiating CDM.
10-30 22:49:15.344   562 19050 I WVCdm   : CdmEngine::QueryStatus
10-30 22:49:15.345   562 19050 I WVCdm   : Level3 Library 4445 May 19 2017 17:17:20
10-30 22:49:15.348   562 19050 D QSEECOMAPI: : QSEECom_get_handle sb_length = 0x19000
10-30 22:49:15.349   562 19050 D QSEECOMAPI: : App is not loaded in QSEE
10-30 22:49:15.397   562 19050 D QSEECOMAPI: : Loaded image: APP id = 1316
10-30 22:49:15.400   562 19050 D QSAPPSVER: qsapps_get_capabilities: Capability from secure side: 0x0
10-30 22:49:15.400   562 19050 D QSAPPSVER: qsapps_get_capabilities: returns 0
10-30 22:49:15.400   562 19050 E DrmWidevineDash: sion_buffer g_wv_fhandle->ion_sbuffer  0x0xefd2f000
10-30 22:49:15.403   372   376 D DrmLibTime: got the req here! ret=0
10-30 22:49:15.403   372   376 D DrmLibTime: command id, time_cmd_id = 770
10-30 22:49:15.403   372   376 D DrmLibTime: time_getutcsec starts!
10-30 22:49:15.403   372   376 D DrmLibTime: QSEE Time Listener: time_getutcsec
10-30 22:49:15.403   372   376 D DrmLibTime: QSEE Time Listener: get_utc_seconds
10-30 22:49:15.403   372   376 D DrmLibTime: QSEE Time Listener: time_get_modem_time
10-30 22:49:15.403   372   376 D DrmLibTime: QSEE Time Listener: Checking if ATS_MODEM is set or not.
10-30 22:49:15.403   372   376 D QC-time-services: Lib:time_genoff_operation: pargs->base = 13
10-30 22:49:15.403   372   376 D QC-time-services: Lib:time_genoff_operation: pargs->operation = 2
10-30 22:49:15.403   372   376 D QC-time-services: Lib:time_genoff_operation: pargs->ts_val = 0
10-30 22:49:15.403   372   376 D QC-time-services: Lib:time_genoff_operation: Send to server  passed!!
10-30 22:49:15.403   625   647 D QC-time-services: Daemon: Connection accepted:time_genoff
10-30 22:49:15.404   625 26380 D QC-time-services: Daemon:Received base = 13, unit = 1, operation = 2,value = 0
10-30 22:49:15.404   625 26380 D QC-time-services: Daemon:genoff_opr: Base = 13, val = 0, operation = 2
10-30 22:49:15.404   625 26380 D QC-time-services: offset is: 0 for base: 13
10-30 22:49:15.404   372   376 E QC-time-services: Receive Passed == base = 13, unit = 1, operation = 2, result = 0
10-30 22:49:15.404   372   376 D DrmLibTime: QSEE Time Listener: ATS_MODEM is not set. Fallback to Android system time.
10-30 22:49:15.404   372   376 D DrmLibTime: QSEE Time Listener: Retrieved Android system time: 1667166555
10-30 22:49:15.404   372   376 D DrmLibTime: time_getutcsec returns 0, sec = 1667166555; nsec = 0
10-30 22:49:15.404   372   376 D DrmLibTime: time_getutcsec finished! 
10-30 22:49:15.404   372   376 D DrmLibTime: iotcl_continue_command finished! and return 0 
10-30 22:49:15.404   372   376 D DrmLibTime: before calling ioctl to read the next time_cmd
10-30 22:49:15.404   625   647 E QC-time-services: Daemon: Time-services: Waiting to acceptconnection
10-30 22:49:15.442   562 19050 D WVCdm   : OEMCrypto_Initialize Level 1 success. I will use level 1.
10-30 22:49:15.443   562 19050 D QSEECOMAPI: : QSEECom_dealloc_memory 
10-30 22:49:15.443   562 19050 D QSEECOMAPI: : QSEECom_shutdown_app, app_id = 1316
10-30 22:49:15.449   562  5487 I WVCdm   : CdmEngine::OpenSession
10-30 22:49:15.449   562  5487 I WVCdm   : Level3 Library 4445 May 19 2017 17:17:20
10-30 22:49:15.452   562  5487 D QSEECOMAPI: : QSEECom_get_handle sb_length = 0x19000
10-30 22:49:15.452   562  5487 D QSEECOMAPI: : App is not loaded in QSEE
10-30 22:49:15.505   562  5487 D QSEECOMAPI: : Loaded image: APP id = 1317
10-30 22:49:15.510   562  5487 D QSAPPSVER: qsapps_get_capabilities: Capability from secure side: 0x0
10-30 22:49:15.510   562  5487 D QSAPPSVER: qsapps_get_capabilities: returns 0
10-30 22:49:15.510   562  5487 E DrmWidevineDash: sion_buffer g_wv_fhandle->ion_sbuffer  0x0xefd2f000
10-30 22:49:15.512   372   376 D DrmLibTime: got the req here! ret=0
10-30 22:49:15.512   372   376 D DrmLibTime: command id, time_cmd_id = 770
10-30 22:49:15.512   372   376 D DrmLibTime: time_getutcsec starts!
10-30 22:49:15.512   372   376 D DrmLibTime: QSEE Time Listener: time_getutcsec
10-30 22:49:15.512   372   376 D DrmLibTime: QSEE Time Listener: get_utc_seconds
10-30 22:49:15.512   372   376 D DrmLibTime: QSEE Time Listener: time_get_modem_time
10-30 22:49:15.512   372   376 D DrmLibTime: QSEE Time Listener: Checking if ATS_MODEM is set or not.
10-30 22:49:15.512   372   376 D QC-time-services: Lib:time_genoff_operation: pargs->base = 13
10-30 22:49:15.512   372   376 D QC-time-services: Lib:time_genoff_operation: pargs->operation = 2
10-30 22:49:15.512   372   376 D QC-time-services: Lib:time_genoff_operation: pargs->ts_val = 0
10-30 22:49:15.512   372   376 D QC-time-services: Lib:time_genoff_operation: Send to server  passed!!
10-30 22:49:15.512   625   647 D QC-time-services: Daemon: Connection accepted:time_genoff
10-30 22:49:15.513   625 26381 D QC-time-services: Daemon:Received base = 13, unit = 1, operation = 2,value = 0
10-30 22:49:15.513   625 26381 D QC-time-services: Daemon:genoff_opr: Base = 13, val = 0, operation = 2
10-30 22:49:15.513   625 26381 D QC-time-services: offset is: 0 for base: 13
10-30 22:49:15.513   372   376 E QC-time-services: Receive Passed == base = 13, unit = 1, operation = 2, result = 0
10-30 22:49:15.513   372   376 D DrmLibTime: QSEE Time Listener: ATS_MODEM is not set. Fallback to Android system time.
10-30 22:49:15.513   372   376 D DrmLibTime: QSEE Time Listener: Retrieved Android system time: 1667166555
10-30 22:49:15.513   372   376 D DrmLibTime: time_getutcsec returns 0, sec = 1667166555; nsec = 0
10-30 22:49:15.513   372   376 D DrmLibTime: time_getutcsec finished! 
10-30 22:49:15.513   372   376 D DrmLibTime: iotcl_continue_command finished! and return 0 
10-30 22:49:15.513   372   376 D DrmLibTime: before calling ioctl to read the next time_cmd
10-30 22:49:15.513   625   647 E QC-time-services: Daemon: Time-services: Waiting to acceptconnection
10-30 22:49:15.537   562  5487 D WVCdm   : OEMCrypto_Initialize Level 1 success. I will use level 1.
10-30 22:49:15.537   562  5487 D WVCdm   : CryptoSession::Open: Lock: requested_security_level: L3
10-30 22:49:15.543   562  5487 W WVCdm   : DeviceFiles::RetrieveHashedFile: /data/mediadrm/IDM1013/L3/cert.bin does not exist
10-30 22:49:15.544   562  5487 D QSEECOMAPI: : QSEECom_dealloc_memory 
10-30 22:49:15.544   562  5487 D QSEECOMAPI: : QSEECom_shutdown_app, app_id = 1317
10-30 22:49:15.553   562   562 I WVCdm   : Level3 Library 4445 May 19 2017 17:17:20
10-30 22:49:15.558   562   562 D QSEECOMAPI: : QSEECom_get_handle sb_length = 0x19000
10-30 22:49:15.559   562   562 D QSEECOMAPI: : App is not loaded in QSEE
10-30 22:49:15.610   562   562 D QSEECOMAPI: : Loaded image: APP id = 1318
10-30 22:49:15.614   562   562 D QSAPPSVER: qsapps_get_capabilities: Capability from secure side: 0x0
10-30 22:49:15.614   562   562 D QSAPPSVER: qsapps_get_capabilities: returns 0
10-30 22:49:15.614   562   562 E DrmWidevineDash: sion_buffer g_wv_fhandle->ion_sbuffer  0x0xefd2f000
10-30 22:49:15.616   372   376 D DrmLibTime: got the req here! ret=0
10-30 22:49:15.616   372   376 D DrmLibTime: command id, time_cmd_id = 770
10-30 22:49:15.616   372   376 D DrmLibTime: time_getutcsec starts!
10-30 22:49:15.616   372   376 D DrmLibTime: QSEE Time Listener: time_getutcsec
10-30 22:49:15.616   372   376 D DrmLibTime: QSEE Time Listener: get_utc_seconds
10-30 22:49:15.616   372   376 D DrmLibTime: QSEE Time Listener: time_get_modem_time
10-30 22:49:15.616   372   376 D DrmLibTime: QSEE Time Listener: Checking if ATS_MODEM is set or not.
10-30 22:49:15.616   372   376 D QC-time-services: Lib:time_genoff_operation: pargs->base = 13
10-30 22:49:15.616   372   376 D QC-time-services: Lib:time_genoff_operation: pargs->operation = 2
10-30 22:49:15.616   372   376 D QC-time-services: Lib:time_genoff_operation: pargs->ts_val = 0
10-30 22:49:15.616   372   376 D QC-time-services: Lib:time_genoff_operation: Send to server  passed!!
10-30 22:49:15.616   625   647 D QC-time-services: Daemon: Connection accepted:time_genoff
10-30 22:49:15.616   625 26382 D QC-time-services: Daemon:Received base = 13, unit = 1, operation = 2,value = 0
10-30 22:49:15.616   625 26382 D QC-time-services: Daemon:genoff_opr: Base = 13, val = 0, operation = 2
10-30 22:49:15.616   625 26382 D QC-time-services: offset is: 0 for base: 13
10-30 22:49:15.616   372   376 E QC-time-services: Receive Passed == base = 13, unit = 1, operation = 2, result = 0
