--------- beginning of system
10-30 22:43:47.729   772   791 E BatteryStatsService: no controller energy info supplied
10-30 22:48:11.193   772   996 I ActivityManager: Force stopping com.android.chrome appid=10060 user=0: from pid 25846
10-30 22:48:11.193   772   996 I ActivityManager: Killing 23435:com.android.chrome/u0a60 (adj 902): stop com.android.chrome
--------- beginning of main
10-30 22:48:11.211  1311  1311 D CarrierSvcBindHelper: No carrier app for: 0
10-30 22:48:11.221  2964  2964 D RegisteredNfcFServicesCache: Service unchanged, not updating
10-30 22:48:11.455   772   996 I ActivityManager: START u0 {act=android.intent.action.VIEW flg=0x10008000 cmp=com.android.chrome/com.google.android.apps.chrome.Main} from uid 2000
10-30 22:48:11.461   772   830 E ResourceType: Style contains key with bad entry: 0x0101062c
10-30 22:48:11.484   772  4539 I ActivityManager: Start proc 25848:com.android.chrome/u0a60 for activity com.android.chrome/com.google.android.apps.chrome.Main
10-30 22:48:11.531   772   830 E ResourceType: Style contains key with bad entry: 0x0101062c
10-30 22:48:11.614 25848 25848 I cr_SplitCompatApp: Launched version=106.0.5249.79 minSdkVersion=24 isBundle=true processName=com.android.chrome isIsolated=false
10-30 22:48:11.808  3960  4217 I FontLog : Received query Google Sans, URI content://com.google.android.gms.fonts [CONTEXT service_id=132 ]
10-30 22:48:11.809  3960  4217 I FontLog : Query [Google Sans] resolved to {Google Sans, wdth 100.0, wght 400, ital 0.0, bestEffort false} [CONTEXT service_id=132 ]
10-30 22:48:11.811  3960  4217 I FontLog : Font PFD returned from cache for {Google Sans, wdth 100.0, wght 400, ital 0.0, bestEffort false} [CONTEXT service_id=132 ]
10-30 22:48:11.811  3960  4217 I FontLog : Fetch {Google Sans, wdth 100.0, wght 400, ital 0.0, bestEffort false} end status Status{statusCode=SUCCESS, resolution=null} [CONTEXT service_id=132 ]
10-30 22:48:11.821  3960  3972 I FontLog : Pulling font file for id = 1033, cache size = 6 [CONTEXT service_id=132 ]
10-30 22:48:11.840  3960  4244 I FontLog : Received query Google Sans:500, URI content://com.google.android.gms.fonts [CONTEXT service_id=132 ]
10-30 22:48:11.840  3960  4244 I FontLog : Query [Google Sans:500] resolved to {Google Sans, wdth 100.0, wght 500, ital 0.0, bestEffort false} [CONTEXT service_id=132 ]
10-30 22:48:11.841  3960  4244 I FontLog : Font PFD returned from cache for {Google Sans, wdth 100.0, wght 500, ital 0.0, bestEffort false} [CONTEXT service_id=132 ]
10-30 22:48:11.842  3960  4244 I FontLog : Fetch {Google Sans, wdth 100.0, wght 500, ital 0.0, bestEffort false} end status Status{statusCode=SUCCESS, resolution=null} [CONTEXT service_id=132 ]
10-30 22:48:11.846  3960  6244 I FontLog : Pulling font file for id = 1034, cache size = 5 [CONTEXT service_id=132 ]
10-30 22:48:11.859  3960  4217 I FontLog : Received query Google Sans:700, URI content://com.google.android.gms.fonts [CONTEXT service_id=132 ]
10-30 22:48:11.859  3960  4217 I FontLog : Query [Google Sans:700] resolved to {Google Sans, wdth 100.0, wght 700, ital 0.0, bestEffort false} [CONTEXT service_id=132 ]
10-30 22:48:11.861  3960  4217 I FontLog : Fetch {Google Sans, wdth 100.0, wght 700, ital 0.0, bestEffort false} end status Status{statusCode=SUCCESS, resolution=null} [CONTEXT service_id=132 ]
10-30 22:48:11.866  3960  4151 I FontLog : Pulling font file for id = 1035, cache size = 6 [CONTEXT service_id=132 ]
10-30 22:48:12.053 25848 25867 I cr_LibraryLoader: Successfully loaded native library
10-30 22:48:12.080 25848 25867 I cr_CachingUmaRecorder: Flushed 19 samples from 19 histograms.
10-30 22:48:12.249 25848 25848 E ResourceType: Style contains key with bad entry: 0x0101062c
10-30 22:48:12.272 25848 25870 W DynamiteModule: Local module descriptor class for com.google.android.gms.googlecertificates not found.
10-30 22:48:12.286 25848 25870 W zygote  : Skipping duplicate class check due to unrecognized classloader
10-30 22:48:12.290 25848 25870 I DynamiteModule: Considering local module com.google.android.gms.googlecertificates:0 and remote module com.google.android.gms.googlecertificates:7
10-30 22:48:12.290 25848 25870 I DynamiteModule: Selected remote version of com.google.android.gms.googlecertificates, version >= 7
10-30 22:48:12.298   772  1259 I ActivityManager: START u0 {cmp=com.android.chrome/org.chromium.chrome.browser.firstrun.FirstRunActivity (has extras)} from uid 10060
10-30 22:48:12.315 25848 25848 E ResourceType: Style contains key with bad entry: 0x0101062c
10-30 22:48:12.343 25848 25870 W zygote  : Skipping duplicate class check due to unrecognized classloader
10-30 22:48:12.383   772 10895 W AppOps  : Bad call: specified package com.google.android.gms under uid 10060 but it is really 10020
10-30 22:48:12.383   772 10895 W AppOps  : java.lang.RuntimeException: here
10-30 22:48:12.383   772 10895 W AppOps  : 	at com.android.server.AppOpsService.getOpsRawLocked(AppOpsService.java:1319)
10-30 22:48:12.383   772 10895 W AppOps  : 	at com.android.server.AppOpsService.checkPackage(AppOpsService.java:1038)
10-30 22:48:12.383   772 10895 W AppOps  : 	at com.android.internal.app.IAppOpsService$Stub.onTransact(IAppOpsService.java:169)
10-30 22:48:12.383   772 10895 W AppOps  : 	at android.os.Binder.execTransact(Binder.java:674)
10-30 22:48:12.384   772  3854 W AppOps  : Bad call: specified package com.google.android.gms under uid 10060 but it is really 10020
10-30 22:48:12.384   772  3854 W AppOps  : java.lang.RuntimeException: here
10-30 22:48:12.384   772  3854 W AppOps  : 	at com.android.server.AppOpsService.getOpsRawLocked(AppOpsService.java:1319)
10-30 22:48:12.384   772  3854 W AppOps  : 	at com.android.server.AppOpsService.checkPackage(AppOpsService.java:1038)
10-30 22:48:12.384   772  3854 W AppOps  : 	at com.android.internal.app.IAppOpsService$Stub.onTransact(IAppOpsService.java:169)
10-30 22:48:12.384   772  3854 W AppOps  : 	at android.os.Binder.execTransact(Binder.java:674)
10-30 22:48:12.390   772 32228 W AppOps  : Bad call: specified package com.google.android.gms under uid 10060 but it is really 10020
10-30 22:48:12.390   772 32228 W AppOps  : java.lang.RuntimeException: here
10-30 22:48:12.390   772 32228 W AppOps  : 	at com.android.server.AppOpsService.getOpsRawLocked(AppOpsService.java:1319)
10-30 22:48:12.390   772 32228 W AppOps  : 	at com.android.server.AppOpsService.checkPackage(AppOpsService.java:1038)
10-30 22:48:12.390   772 32228 W AppOps  : 	at com.android.internal.app.IAppOpsService$Stub.onTransact(IAppOpsService.java:169)
10-30 22:48:12.390   772 32228 W AppOps  : 	at android.os.Binder.execTransact(Binder.java:674)
10-30 22:48:12.392   772   784 W AppOps  : Bad call: specified package com.google.android.gms under uid 10060 but it is really 10020
10-30 22:48:12.392   772   784 W AppOps  : java.lang.RuntimeException: here
10-30 22:48:12.392   772   784 W AppOps  : 	at com.android.server.AppOpsService.getOpsRawLocked(AppOpsService.java:1319)
10-30 22:48:12.392   772   784 W AppOps  : 	at com.android.server.AppOpsService.checkPackage(AppOpsService.java:1038)
10-30 22:48:12.392   772   784 W AppOps  : 	at com.android.internal.app.IAppOpsService$Stub.onTransact(IAppOpsService.java:169)
10-30 22:48:12.392   772   784 W AppOps  : 	at android.os.Binder.execTransact(Binder.java:674)
10-30 22:48:12.484 25848 25848 W ResourceType: Failure getting entry for 0x7f010055 (t=0 e=85) (error -75)
10-30 22:48:12.520 25848 25878 D OpenGLRenderer: HWUI GL Pipeline
10-30 22:48:12.547 25848 25878 I Adreno  : QUALCOMM build                   : 7142022, Ib5823dd10c
10-30 22:48:12.547 25848 25878 I Adreno  : Build Date                       : 06/23/17
10-30 22:48:12.547 25848 25878 I Adreno  : OpenGL ES Shader Compiler Version: EV031.18.00.00
10-30 22:48:12.547 25848 25878 I Adreno  : Local Branch                     : O11A
10-30 22:48:12.547 25848 25878 I Adreno  : Remote Branch                    : 
10-30 22:48:12.547 25848 25878 I Adreno  : Remote Branch                    : 
10-30 22:48:12.547 25848 25878 I Adreno  : Reconstruct Branch               : 
10-30 22:48:12.548 25848 25878 I vndksupport: sphal namespace is not configured for this process. Loading /vendor/lib/hw/gralloc.msm8992.so from the current namespace instead.
10-30 22:48:12.567 25848 25878 I Adreno  : PFP: 0x00000000, ME: 0x00000000
10-30 22:48:12.575 25848 25878 I OpenGLRenderer: Initialized EGL, version 1.4
10-30 22:48:12.575 25848 25878 D OpenGLRenderer: Swap behavior 2
10-30 22:48:12.584 25848 25848 W ResourceType: Failure getting entry for 0x7f010385 (t=0 e=901) (error -75)
10-30 22:48:12.600  3960  4307 E bfry    : Phenotype API error. Event # ddoj@cc5db795, EventCode: 7 [CONTEXT service_id=51 ]
10-30 22:48:12.600  3960  4307 E bfry    : bfra: 29505: No config packages for log source, or config package not registered
10-30 22:48:12.600  3960  4307 E bfry    : 	at bfst.b(:com.google.android.gms@223616019@22.36.16 (040400-476895098):4)
10-30 22:48:12.600  3960  4307 E bfry    : 	at bfsq.g(:com.google.android.gms@223616019@22.36.16 (040400-476895098):0)
10-30 22:48:12.600  3960  4307 E bfry    : 	at bfry.e(:com.google.android.gms@223616019@22.36.16 (040400-476895098):4)
10-30 22:48:12.600  3960  4307 E bfry    : 	at bfry.f(:com.google.android.gms@223616019@22.36.16 (040400-476895098):2)
10-30 22:48:12.600  3960  4307 E bfry    : 	at arjg.ep(:com.google.android.gms@223616019@22.36.16 (040400-476895098):1)
10-30 22:48:12.600  3960  4307 E bfry    : 	at arjm.run(:com.google.android.gms@223616019@22.36.16 (040400-476895098):12)
10-30 22:48:12.600  3960  4307 E bfry    : 	at cjoq.run(:com.google.android.gms@223616019@22.36.16 (040400-476895098):2)
10-30 22:48:12.600  3960  4307 E bfry    : 	at aarl.c(:com.google.android.gms@223616019@22.36.16 (040400-476895098):6)
10-30 22:48:12.600  3960  4307 E bfry    : 	at aarl.run(:com.google.android.gms@223616019@22.36.16 (040400-476895098):7)
10-30 22:48:12.600  3960  4307 E bfry    : 	at java.util.concurrent.ThreadPoolExecutor.runWorker(ThreadPoolExecutor.java:1162)
10-30 22:48:12.600  3960  4307 E bfry    : 	at java.util.concurrent.ThreadPoolExecutor$Worker.run(ThreadPoolExecutor.java:636)
10-30 22:48:12.600  3960  4307 E bfry    : 	at aaws.run(:com.google.android.gms@223616019@22.36.16 (040400-476895098):0)
10-30 22:48:12.600  3960  4307 E bfry    : 	at java.lang.Thread.run(Thread.java:764)
10-30 22:48:12.607  3960  4307 W AsyncOperation: operation=GetExperimentTokensOperationCall, opStatusCode=29505 [CONTEXT service_id=51 ]
10-30 22:48:12.607  3960  4307 W AsyncOperation: OperationException[Status{statusCode=No config packages for log source, or config package not registered, resolution=null}]
10-30 22:48:12.607  3960  4307 W AsyncOperation: 	at bfry.e(:com.google.android.gms@223616019@22.36.16 (040400-476895098):6)
10-30 22:48:12.607  3960  4307 W AsyncOperation: 	at bfry.f(:com.google.android.gms@223616019@22.36.16 (040400-476895098):2)
10-30 22:48:12.607  3960  4307 W AsyncOperation: 	at arjg.ep(:com.google.android.gms@223616019@22.36.16 (040400-476895098):1)
10-30 22:48:12.607  3960  4307 W AsyncOperation: 	at arjm.run(:com.google.android.gms@223616019@22.36.16 (040400-476895098):12)
10-30 22:48:12.607  3960  4307 W AsyncOperation: 	at cjoq.run(:com.google.android.gms@223616019@22.36.16 (040400-476895098):2)
10-30 22:48:12.607  3960  4307 W AsyncOperation: 	at aarl.c(:com.google.android.gms@223616019@22.36.16 (040400-476895098):6)
10-30 22:48:12.607  3960  4307 W AsyncOperation: 	at aarl.run(:com.google.android.gms@223616019@22.36.16 (040400-476895098):7)
10-30 22:48:12.607  3960  4307 W AsyncOperation: 	at java.util.concurrent.ThreadPoolExecutor.runWorker(ThreadPoolExecutor.java:1162)
10-30 22:48:12.607  3960  4307 W AsyncOperation: 	at java.util.concurrent.ThreadPoolExecutor$Worker.run(ThreadPoolExecutor.java:636)
10-30 22:48:12.607  3960  4307 W AsyncOperation: 	at aaws.run(:com.google.android.gms@223616019@22.36.16 (040400-476895098):0)
10-30 22:48:12.607  3960  4307 W AsyncOperation: 	at java.lang.Thread.run(Thread.java:764)
10-30 22:48:12.687 25848 25848 W ResourceType: Failure getting entry for 0x7f010386 (t=0 e=902) (error -75)
10-30 22:48:12.762 25848 25848 I cr_StartSurfaceConfig: Recorded Startup.Android.FirstDrawCompletedTime.NoInstant = 338 ms
10-30 22:48:12.792   361   361 W /system/bin/hwservicemanager: getTransportFromManifest: Cannot find entry android.hardware.graphics.mapper@2.0::IMapper in either framework or device manifest, using default transport.
10-30 22:48:12.796 25848 25878 I vndksupport: sphal namespace is not configured for this process. Loading /vendor/lib/hw/gralloc.msm8992.so from the current namespace instead.
10-30 22:48:12.915 25848 25871 D NetworkSecurityConfig: Using Network Security Config from resource 0_resource_name_obfuscated debugBuild: false
10-30 22:48:12.920   772   797 I ActivityManager: Displayed com.android.chrome/org.chromium.chrome.browser.firstrun.FirstRunActivity: +535ms (total +1s449ms)
10-30 22:48:12.942   772   791 E BatteryStatsService: no controller energy info supplied
10-30 22:48:12.948 17730 17783 I PBSessionCacheImpl: Deleted sessionId[5857827187062] from persistence.
10-30 22:48:12.956 13325 13325 I MemoryTrimmer: Trimming objects from memory, since app is in the background.
10-30 22:48:12.962 13325 25705 V rsC++   : RS Message thread exiting.
10-30 22:48:12.999 17730 17730 I MicroDetector: Keeping mic open: false
10-30 22:48:13.005 17730 17754 I DeviceStateChecker: DeviceStateChecker cancelled
10-30 22:48:13.006 17730 17761 I AudioController: internalShutdown
10-30 22:48:13.006 17730 17761 I MicrophoneInputStream: mic_close com.google.android.apps.gsa.speech.audio.af@6a23d1b
10-30 22:48:13.008 17730 18423 I MicroRecognitionRunner: Stopping hotword detection.
10-30 22:48:13.071   556 25708 D audio_hw_primary: disable_audio_route: usecase(9) reset and update mixer path: audio-record
10-30 22:48:13.072   556 25708 D audio_hw_primary: disable_snd_device: snd_device(72: voice-rec-mic)
10-30 22:48:13.077   556 25708 D sound_trigger_platform: platform_stdev_check_and_update_concurrency: concurrency active 0, tx 0, rx 0, concurrency session_allowed 1
10-30 22:48:13.078   556   753 I SoundTriggerHwService::Module: onCallbackEvent no clients
10-30 22:48:13.081 17730 17758 I MicroRecognitionRunner: Detection finished
10-30 22:48:13.439 25848 25871 I cr_VariationsSeedFetch: Fetched first run seed in 525 ms
10-30 22:48:13.482   772  1259 I ActivityManager: Start proc 25885:com.android.chrome:sandboxed_process0/u0i548 for webview_service com.android.chrome/org.chromium.content.app.SandboxedProcessService0
10-30 22:48:13.488 25885 25885 E /system/bin/webview_zygote32: failed to make and chown /acct/uid_99548: Permission denied
10-30 22:48:13.488 25885 25885 E Zygote  : createProcessGroup(99548, 0) failed: Permission denied
10-30 22:48:13.523 25885 25885 I SamplingProfilerIntegration: Profiling disabled.
10-30 22:48:13.558 25899 25899 E asset   : setgid: Operation not permitted
10-30 22:48:13.705 25885 25885 I cr_SplitCompatApp: Launched version=106.0.5249.79 minSdkVersion=24 isBundle=true processName=com.android.chrome:sandboxed_process0 isIsolated=true
10-30 22:48:13.720 25885 25885 W SystemServiceRegistry: No service published for: uimode
10-30 22:48:13.740 25885 25885 I cr_ChildProcessService: Creating new ChildProcessService pid=25885
10-30 22:48:13.759 25885 25885 E WebViewFactory: can't load with relro file; address space not reserved
10-30 22:48:13.810   772 10893 I ActivityManager: Start proc 25917:com.android.chrome:privileged_process0/u0a60 for service com.android.chrome/org.chromium.content.app.PrivilegedProcessService0
10-30 22:48:13.888 25848 25848 I cr_SmsProviderGms: construction successfull y93@439b301, v93@4e1b5a6
10-30 22:48:13.898 25917 25917 I cr_SplitCompatApp: Launched version=106.0.5249.79 minSdkVersion=24 isBundle=true processName=com.android.chrome:privileged_process0 isIsolated=false
10-30 22:48:13.903 13542 13542 D BoundBrokerSvc: onBind: Intent { act=com.google.android.gms.auth.key.retrieval.service.START dat=chimera-action:com.google.android.gms.auth.key.retrieval.service.START cmp=com.google.android.gms/.chimera.GmsApiService }
10-30 22:48:13.903 13542 13542 D BoundBrokerSvc: Loading bound service for intent: Intent { act=com.google.android.gms.auth.key.retrieval.service.START dat=chimera-action:com.google.android.gms.auth.key.retrieval.service.START cmp=com.google.android.gms/.chimera.GmsApiService }
10-30 22:48:13.905   772   781 I zygote64: Background concurrent copying GC freed 89622(4MB) AllocSpace objects, 36(800KB) LOS objects, 42% free, 17MB/29MB, paused 400us total 106.399ms
10-30 22:48:13.911 25917 25917 I cr_ChildProcessService: Creating new ChildProcessService pid=25917
10-30 22:48:13.966 25848 25848 W cr_KnoxSettingsProvider: Permission to read device policy denied.
10-30 22:48:13.972 25917 25934 I cr_LibraryLoader: Successfully loaded native library
10-30 22:48:13.973 25917 25934 I cr_CachingUmaRecorder: Flushed 3 samples from 3 histograms.
10-30 22:48:13.986 25848 25848 I Choreographer: Skipped 30 frames!  The application may be doing too much work on its main thread.
10-30 22:48:13.987 25917 25934 I Adreno  : QUALCOMM build                   : 7142022, Ib5823dd10c
10-30 22:48:13.987 25917 25934 I Adreno  : Build Date                       : 06/23/17
10-30 22:48:13.987 25917 25934 I Adreno  : OpenGL ES Shader Compiler Version: EV031.18.00.00
10-30 22:48:13.987 25917 25934 I Adreno  : Local Branch                     : O11A
10-30 22:48:13.987 25917 25934 I Adreno  : Remote Branch                    : 
10-30 22:48:13.987 25917 25934 I Adreno  : Remote Branch                    : 
10-30 22:48:13.987 25917 25934 I Adreno  : Reconstruct Branch               : 
10-30 22:48:13.987 25917 25934 I vndksupport: sphal namespace is not configured for this process. Loading /vendor/lib/hw/gralloc.msm8992.so from the current namespace instead.
10-30 22:48:13.993 25917 25934 I Adreno  : PFP: 0x00000000, ME: 0x00000000
10-30 22:48:14.913 25944 25944 E /system/bin/webview_zygote32: failed to make and chown /acct/uid_99549: Permission denied
10-30 22:48:14.914 25944 25944 E Zygote  : createProcessGroup(99549, 0) failed: Permission denied
10-30 22:48:14.916   772  4540 I ActivityManager: Start proc 25944:com.android.chrome:sandboxed_process1/u0i549 for webview_service com.android.chrome/org.chromium.content.app.SandboxedProcessService1
10-30 22:48:14.942 25944 25944 I SamplingProfilerIntegration: Profiling disabled.
10-30 22:48:14.966 25957 25957 E asset   : setgid: Operation not permitted
10-30 22:48:15.004 25944 25944 I cr_SplitCompatApp: Launched version=106.0.5249.79 minSdkVersion=24 isBundle=true processName=com.android.chrome:sandboxed_process1 isIsolated=true
10-30 22:48:15.013 25944 25944 W SystemServiceRegistry: No service published for: uimode
10-30 22:48:15.025 25944 25944 I cr_ChildProcessService: Creating new ChildProcessService pid=25944
10-30 22:48:15.038 25944 25944 E WebViewFactory: can't load with relro file; address space not reserved
10-30 22:48:15.053 25944 25958 I cr_LibraryLoader: Successfully loaded native library
10-30 22:48:15.054 25944 25958 I cr_CachingUmaRecorder: Flushed 3 samples from 3 histograms.
10-30 22:48:15.117 25944 25958 I chromium: [INFO:child_process_service.cc(69)] ChildProcessService: Exiting child process.
10-30 22:48:15.119   422   422 E lowmemorykiller: Error writing /proc/25944/oom_score_adj; errno=22
10-30 22:48:15.120   772  4540 I ActivityManager: Killing 25944:com.android.chrome:sandboxed_process1/u0a60i549 (adj 0): isolated not needed
10-30 22:48:15.121   772   790 W zygote64: failed to open /acct/uid_99549/pid_25944/cgroup.procs: No such file or directory
10-30 22:48:16.113 25848 25848 E cr_BTSPrefs: No data found for task id: 53
10-30 22:48:16.114 25848 25848 E cr_BkgrdTaskScheduler: Task cannot be canceled because no data was found instorage or data was invalid
10-30 22:48:18.083 17730 17758 I EventLogSendingHelper: Sending log events.
10-30 22:48:18.246 25984 25984 D AndroidRuntime: >>>>>> START com.android.internal.os.RuntimeInit uid 2000 <<<<<<
10-30 22:48:18.357   772 10895 D WificondControl: Scan result ready event
10-30 22:48:18.396 25984 25984 D AndroidRuntime: Calling main entry com.android.commands.input.Input
10-30 22:48:18.404 25984 25984 I Input   : injectMotionEvent: MotionEvent { action=ACTION_DOWN, actionButton=0, id[0]=0, x[0]=540.0, y[0]=1660.0, toolType[0]=TOOL_TYPE_UNKNOWN, buttonState=0, metaState=0, flags=0x0, edgeFlags=0x0, pointerCount=1, historySize=0, eventTime=484996666, downTime=484996666, deviceId=8, source=0x1002 }
10-30 22:48:18.412 25984 25984 I Input   : injectMotionEvent: MotionEvent { action=ACTION_UP, actionButton=0, id[0]=0, x[0]=540.0, y[0]=1660.0, toolType[0]=TOOL_TYPE_UNKNOWN, buttonState=0, metaState=0, flags=0x0, edgeFlags=0x0, pointerCount=1, historySize=0, eventTime=484996666, downTime=484996666, deviceId=8, source=0x1002 }
10-30 22:48:18.413  3960  4217 I ChimeraSrvcProxy: NullBinder for android.net.action.RECOMMEND_NETWORKS triggering remote TransactionTooLargeException due to Service without Chimera impl
10-30 22:48:18.416   772 13021 I ActivityManager: START u0 {act=android.intent.action.VIEW dat=https://policies.google.com/... pkg=com.android.chrome cmp=com.android.chrome/org.chromium.chrome.browser.customtabs.CustomTabActivity (has extras)} from uid 10060
10-30 22:48:18.420 25984 25984 D AndroidRuntime: Shutting down VM
10-30 22:48:18.451 25848 25848 E ResourceType: Style contains key with bad entry: 0x0101062c
10-30 22:48:18.454 25848 25848 E ResourceType: Style contains key with bad entry: 0x0101062c
10-30 22:48:18.482 25848 25848 W ResourceType: Failure getting entry for 0x7f010055 (t=0 e=85) (error -75)
10-30 22:48:18.491 25848 25848 I cr_CompositorSurfaceMgr: Transitioning to surface with format: -1
10-30 22:48:18.495 25848 25848 W ResourceType: Failure getting entry for 0x7f010530 (t=0 e=1328) (error -75)
10-30 22:48:18.498 25848 25848 W ResourceType: Failure getting entry for 0x7f0108ba (t=0 e=2234) (error -75)
10-30 22:48:18.547 25848 25905 I cr_tabmodel: Starting to fetch tab list for tab_state625
10-30 22:48:18.547 25848 25905 I cr_tabmodel: State file does not exist.
10-30 22:48:18.573 25848 25905 W cr_PartnerCustomize: Partner homepage must be HTTP(S) or NewTabPage. Got invalid URL "org.chromium.url.GURL@0"
10-30 22:48:18.598 25848 25848 I cr_StartSurfaceConfig: Recorded Startup.Android.FirstDrawCompletedTime.NoInstant = 139 ms
10-30 22:48:18.606 25848 25848 I cr_CompositorSurfaceMgr: Transitioning to surface with format: -1
10-30 22:48:18.611 25848 25848 I cr_CompositorSurfaceMgr: surfaceCreated format: 0
10-30 22:48:18.612   772   797 I ActivityManager: Displayed com.android.chrome/org.chromium.chrome.browser.customtabs.CustomTabActivity: +177ms
10-30 22:48:18.646 25885 25913 I cr_LibraryLoader: Successfully loaded native library
10-30 22:48:18.646 25885 25913 I cr_CachingUmaRecorder: Flushed 3 samples from 3 histograms.
10-30 22:48:18.671   772  1259 I ActivityManager: Start proc 26003:com.google.android.partnersetup/u0a26 for content provider com.google.android.partnersetup/.RlzAppProvider
10-30 22:48:18.678 25848 25848 E ResourceType: Style contains key with bad entry: 0x0101062c
10-30 22:48:18.694  3960  4151 I FontLog : Received query name=Google Sans&weight=700&besteffort=false, URI content://com.google.android.gms.fonts [CONTEXT service_id=132 ]
10-30 22:48:18.694  3960  4151 I FontLog : Query [name=Google Sans&weight=700&besteffort=false] resolved to {Google Sans, wdth 100.0, wght 700, ital 0.0, bestEffort false} [CONTEXT service_id=132 ]
10-30 22:48:18.696  3960  4151 I FontLog : Fetch {Google Sans, wdth 100.0, wght 700, ital 0.0, bestEffort false} end status Status{statusCode=SUCCESS, resolution=null} [CONTEXT service_id=132 ]
10-30 22:48:18.700 25848 25848 W cr_ContextualSearch: Not allowed to be active! Checking reasons:
10-30 22:48:18.702 25848 25848 W cr_ContextualSearch: !isIncognito: true getFirstRunFlowComplete: false !isContextualSearchDisabled: true isDefaultSearchEngineGoogle: true !needToCheckForSearchEnginePromo: true !isRunningInCompatibilityMode: true !isShowingErrorPage: true isDeviceOnline: true
10-30 22:48:18.712  3960  3971 I FontLog : Pulling font file for id = 1036, cache size = 6 [CONTEXT service_id=132 ]
10-30 22:48:18.718  3960  3972 I FontLog : Received query name=Noto Color Emoji Compat&weight=400&besteffort=false, URI content://com.google.android.gms.fonts [CONTEXT service_id=132 ]
10-30 22:48:18.718  3960  3972 I FontLog : Query [name=Noto Color Emoji Compat&weight=400&besteffort=false] resolved to {Noto Color Emoji Compat, wdth 100.0, wght 400, ital 0.0, bestEffort false} [CONTEXT service_id=132 ]
10-30 22:48:18.720  3960  3972 I FontLog : Fetch {Noto Color Emoji Compat, wdth 100.0, wght 400, ital 0.0, bestEffort false} end status Status{statusCode=SUCCESS, resolution=null} [CONTEXT service_id=132 ]
10-30 22:48:18.724  3960  4151 I FontLog : Pulling font file for id = 1037, cache size = 7 [CONTEXT service_id=132 ]
10-30 22:48:18.728  3960  6244 I FontLog : Received query name=Google Sans&weight=400&besteffort=false, URI content://com.google.android.gms.fonts [CONTEXT service_id=132 ]
10-30 22:48:18.728  3960  6244 I FontLog : Query [name=Google Sans&weight=400&besteffort=false] resolved to {Google Sans, wdth 100.0, wght 400, ital 0.0, bestEffort false} [CONTEXT service_id=132 ]
10-30 22:48:18.729  3960  6244 I FontLog : Font PFD returned from cache for {Google Sans, wdth 100.0, wght 400, ital 0.0, bestEffort false} [CONTEXT service_id=132 ]
10-30 22:48:18.729  3960  6244 I FontLog : Fetch {Google Sans, wdth 100.0, wght 400, ital 0.0, bestEffort false} end status Status{statusCode=SUCCESS, resolution=null} [CONTEXT service_id=132 ]
10-30 22:48:18.732  3960  3972 I FontLog : Pulling font file for id = 1038, cache size = 8 [CONTEXT service_id=132 ]
10-30 22:48:18.735  3960  4217 I FontLog : Received query name=Google Sans&weight=500&besteffort=false, URI content://com.google.android.gms.fonts [CONTEXT service_id=132 ]
10-30 22:48:18.735  3960  4217 I FontLog : Query [name=Google Sans&weight=500&besteffort=false] resolved to {Google Sans, wdth 100.0, wght 500, ital 0.0, bestEffort false} [CONTEXT service_id=132 ]
10-30 22:48:18.736  3960  4217 I FontLog : Font PFD returned from cache for {Google Sans, wdth 100.0, wght 500, ital 0.0, bestEffort false} [CONTEXT service_id=132 ]
10-30 22:48:18.736  3960  4217 I FontLog : Fetch {Google Sans, wdth 100.0, wght 500, ital 0.0, bestEffort false} end status Status{statusCode=SUCCESS, resolution=null} [CONTEXT service_id=132 ]
10-30 22:48:18.741  3960  6244 I FontLog : Pulling font file for id = 1039, cache size = 9 [CONTEXT service_id=132 ]
10-30 22:48:18.745  3960 24867 I SQLiteConnectionPool: The connection pool for /data/user/0/com.google.android.gms/databases/metadata.db has been closed but there are still 1 connections in use.  They will be closed as they are released back to the pool.
10-30 22:48:18.746  3960 26023 W FontLog : Error updating last accessed time for {Google Sans, wdth 100.0, wght 500, ital 0.0, bestEffort false}. [CONTEXT service_id=132 ]
10-30 22:48:18.746  3960 26023 W FontLog : java.lang.IllegalStateException: Cannot perform this operation because the connection pool has been closed.
10-30 22:48:18.746  3960 26023 W FontLog : 	at android.database.sqlite.SQLiteConnectionPool.throwIfClosedLocked(SQLiteConnectionPool.java:962)
10-30 22:48:18.746  3960 26023 W FontLog : 	at android.database.sqlite.SQLiteConnectionPool.waitForConnection(SQLiteConnectionPool.java:677)
10-30 22:48:18.746  3960 26023 W FontLog : 	at android.database.sqlite.SQLiteConnectionPool.acquireConnection(SQLiteConnectionPool.java:348)
10-30 22:48:18.746  3960 26023 W FontLog : 	at android.database.sqlite.SQLiteSession.acquireConnection(SQLiteSession.java:894)
10-30 22:48:18.746  3960 26023 W FontLog : 	at android.database.sqlite.SQLiteSession.executeForChangedRowCount(SQLiteSession.java:752)
10-30 22:48:18.746  3960 26023 W FontLog : 	at android.database.sqlite.SQLiteStatement.executeUpdateDelete(SQLiteStatement.java:64)
10-30 22:48:18.746  3960 26023 W FontLog : 	at android.database.sqlite.SQLiteDatabase.executeSql(SQLiteDatabase.java:1679)
10-30 22:48:18.746  3960 26023 W FontLog : 	at android.database.sqlite.SQLiteDatabase.execSQL(SQLiteDatabase.java:1658)
10-30 22:48:18.746  3960 26023 W FontLog : 	at aksk.run(:com.google.android.gms@223616019@22.36.16 (040400-476895098):5)
10-30 22:48:18.746  3960 26023 W FontLog : 	at aarl.c(:com.google.android.gms@223616019@22.36.16 (040400-476895098):6)
10-30 22:48:18.746  3960 26023 W FontLog : 	at aarl.run(:com.google.android.gms@223616019@22.36.16 (040400-476895098):7)
10-30 22:48:18.746  3960 26023 W FontLog : 	at java.util.concurrent.ThreadPoolExecutor.runWorker(ThreadPoolExecutor.java:1162)
10-30 22:48:18.746  3960 26023 W FontLog : 	at java.util.concurrent.ThreadPoolExecutor$Worker.run(ThreadPoolExecutor.java:636)
10-30 22:48:18.746  3960 26023 W FontLog : 	at aaws.run(:com.google.android.gms@223616019@22.36.16 (040400-476895098):0)
10-30 22:48:18.746  3960 26023 W FontLog : 	at java.lang.Thread.run(Thread.java:764)
10-30 22:48:18.799 25848 25903 I cr_VrCoreVersionChecker: Unable to find VrCore.
10-30 22:48:18.918   361   361 W /system/bin/hwservicemanager: getTransportFromManifest: Cannot find entry android.hardware.graphics.mapper@2.0::IMapper in either framework or device manifest, using default transport.
10-30 22:48:18.921 25917 25934 I vndksupport: sphal namespace is not configured for this process. Loading /vendor/lib/hw/gralloc.msm8992.so from the current namespace instead.
10-30 22:48:19.157 13542 26035 I DynamiteModule: Considering local module com.google.android.gms.cronet_dynamite:0 and remote module com.google.android.gms.cronet_dynamite:1611
10-30 22:48:19.160 13542 26035 I DynamiteModule: Selected remote version of com.google.android.gms.cronet_dynamite, version >= 1611
10-30 22:48:19.197 26038 26038 E /system/bin/webview_zygote32: failed to make and chown /acct/uid_99550: Permission denied
10-30 22:48:19.197 26038 26038 E Zygote  : createProcessGroup(99550, 0) failed: Permission denied
10-30 22:48:19.198   772 32228 I ActivityManager: Start proc 26038:com.android.chrome:sandboxed_process2/u0i550 for webview_service com.android.chrome/org.chromium.content.app.SandboxedProcessService2
10-30 22:48:19.216 26038 26038 I SamplingProfilerIntegration: Profiling disabled.
10-30 22:48:19.218 13542 26035 W zygote64: Skipping duplicate class check due to unrecognized classloader
10-30 22:48:19.235 26051 26051 E asset   : setgid: Operation not permitted
10-30 22:48:19.262 26038 26038 I cr_SplitCompatApp: Launched version=106.0.5249.79 minSdkVersion=24 isBundle=true processName=com.android.chrome:sandboxed_process2 isIsolated=true
10-30 22:48:19.268 26038 26038 W SystemServiceRegistry: No service published for: uimode
10-30 22:48:19.275 26038 26038 I cr_ChildProcessService: Creating new ChildProcessService pid=26038
10-30 22:48:19.286 26038 26038 E WebViewFactory: can't load with relro file; address space not reserved
10-30 22:48:19.300 26038 26053 I cr_LibraryLoader: Successfully loaded native library
10-30 22:48:19.301 26038 26053 I cr_CachingUmaRecorder: Flushed 3 samples from 3 histograms.
10-30 22:48:19.327 13542 26035 W linker  : "/data/user_de/0/com.google.android.gms/app_chimera/m/00000007/n/arm64-v8a/libcronet.105.0.5195.35.so" unused DT entry: type 0x70000001 arg 0x0
10-30 22:48:19.374 13542 26035 I cr_CronetLibraryLoader: Cronet version: 105.0.5195.35, arch: aarch64
10-30 22:48:19.422   422   422 E lowmemorykiller: Error writing /proc/25885/oom_score_adj; errno=22
10-30 22:48:19.423   772 10895 I ActivityManager: Killing 25885:com.android.chrome:sandboxed_process0/u0a60i548 (adj 0): isolated not needed
10-30 22:48:19.424   772   790 W zygote64: failed to open /acct/uid_99548/pid_25885/cgroup.procs: No such file or directory
10-30 22:48:19.804 25848 25848 I cr_tabmodel: Appending tabs being restored to metadata lists, 0, startingNormalCount: 1, startingIncognitoCount: 0
10-30 22:48:19.804 25848 25848 I cr_tabmodel: Serializing tab lists; counts: 1, 0
10-30 22:48:19.846 26077 26077 D AndroidRuntime: >>>>>> START com.android.internal.os.RuntimeInit uid 2000 <<<<<<
10-30 22:48:19.875 25848 25903 W cr_CrashFileManager: /data/user/0/com.android.chrome/cache/Crash Reports does not exist or is not a directory
10-30 22:48:19.875 25848 25903 I chatty  : uid=10060(u0_a60) identical 1 line
10-30 22:48:19.875 25848 25903 W cr_CrashFileManager: /data/user/0/com.android.chrome/cache/Crash Reports does not exist or is not a directory
10-30 22:48:19.876 25848 25884 I cr_BindingManager: Moderate binding enabled: maxSize=40
10-30 22:48:19.891   772  3041 W AppOps  : Bad call: specified package com.google.android.gms under uid 10045 but it is really 10020
10-30 22:48:19.891   772  3041 W AppOps  : java.lang.RuntimeException: here
10-30 22:48:19.891   772  3041 W AppOps  : 	at com.android.server.AppOpsService.getOpsRawLocked(AppOpsService.java:1319)
10-30 22:48:19.891   772  3041 W AppOps  : 	at com.android.server.AppOpsService.checkPackage(AppOpsService.java:1038)
10-30 22:48:19.891   772  3041 W AppOps  : 	at com.android.internal.app.IAppOpsService$Stub.onTransact(IAppOpsService.java:169)
10-30 22:48:19.891   772  3041 W AppOps  : 	at android.os.Binder.execTransact(Binder.java:674)
10-30 22:48:19.899   772   784 W AppOps  : Bad call: specified package com.google.android.gms under uid 10045 but it is really 10020
10-30 22:48:19.899   772   784 W AppOps  : java.lang.RuntimeException: here
10-30 22:48:19.899   772   784 W AppOps  : 	at com.android.server.AppOpsService.getOpsRawLocked(AppOpsService.java:1319)
10-30 22:48:19.899   772   784 W AppOps  : 	at com.android.server.AppOpsService.checkPackage(AppOpsService.java:1038)
10-30 22:48:19.899   772   784 W AppOps  : 	at com.android.internal.app.IAppOpsService$Stub.onTransact(IAppOpsService.java:169)
10-30 22:48:19.899   772   784 W AppOps  : 	at android.os.Binder.execTransact(Binder.java:674)
10-30 22:48:19.921   772  1259 W AppOps  : Bad call: specified package com.google.android.gms under uid 10060 but it is really 10020
10-30 22:48:19.921   772  1259 W AppOps  : java.lang.RuntimeException: here
10-30 22:48:19.921   772  1259 W AppOps  : 	at com.android.server.AppOpsService.getOpsRawLocked(AppOpsService.java:1319)
10-30 22:48:19.921   772  1259 W AppOps  : 	at com.android.server.AppOpsService.checkPackage(AppOpsService.java:1038)
10-30 22:48:19.921   772  1259 W AppOps  : 	at com.android.internal.app.IAppOpsService$Stub.onTransact(IAppOpsService.java:169)
10-30 22:48:19.921   772  1259 W AppOps  : 	at android.os.Binder.execTransact(Binder.java:674)
10-30 22:48:19.922   772 13022 W AppOps  : Bad call: specified package com.google.android.gms under uid 10060 but it is really 10020
10-30 22:48:19.922   772 13022 W AppOps  : java.lang.RuntimeException: here
10-30 22:48:19.922   772 13022 W AppOps  : 	at com.android.server.AppOpsService.getOpsRawLocked(AppOpsService.java:1319)
10-30 22:48:19.922   772 13022 W AppOps  : 	at com.android.server.AppOpsService.checkPackage(AppOpsService.java:1038)
10-30 22:48:19.922   772 13022 W AppOps  : 	at com.android.internal.app.IAppOpsService$Stub.onTransact(IAppOpsService.java:169)
10-30 22:48:19.922   772 13022 W AppOps  : 	at android.os.Binder.execTransact(Binder.java:674)
10-30 22:48:19.925   772   996 W AppOps  : Bad call: specified package com.google.android.gms under uid 10060 but it is really 10020
10-30 22:48:19.925   772   996 W AppOps  : java.lang.RuntimeException: here
10-30 22:48:19.925   772   996 W AppOps  : 	at com.android.server.AppOpsService.getOpsRawLocked(AppOpsService.java:1319)
10-30 22:48:19.925   772   996 W AppOps  : 	at com.android.server.AppOpsService.checkPackage(AppOpsService.java:1038)
10-30 22:48:19.925   772   996 W AppOps  : 	at com.android.internal.app.IAppOpsService$Stub.onTransact(IAppOpsService.java:169)
10-30 22:48:19.925   772   996 W AppOps  : 	at android.os.Binder.execTransact(Binder.java:674)
10-30 22:48:19.926   772 20193 W AppOps  : Bad call: specified package com.google.android.gms under uid 10060 but it is really 10020
10-30 22:48:19.926   772 20193 W AppOps  : java.lang.RuntimeException: here
10-30 22:48:19.926   772 20193 W AppOps  : 	at com.android.server.AppOpsService.getOpsRawLocked(AppOpsService.java:1319)
10-30 22:48:19.926   772 20193 W AppOps  : 	at com.android.server.AppOpsService.checkPackage(AppOpsService.java:1038)
10-30 22:48:19.926   772 20193 W AppOps  : 	at com.android.internal.app.IAppOpsService$Stub.onTransact(IAppOpsService.java:169)
10-30 22:48:19.926   772 20193 W AppOps  : 	at android.os.Binder.execTransact(Binder.java:674)
10-30 22:48:19.987 26077 26077 D AndroidRuntime: Calling main entry com.android.commands.input.Input
10-30 22:48:20.002 26077 26077 I Input   : injectMotionEvent: MotionEvent { action=ACTION_DOWN, actionButton=0, id[0]=0, x[0]=180.0, y[0]=1690.0, toolType[0]=TOOL_TYPE_UNKNOWN, buttonState=0, metaState=0, flags=0x0, edgeFlags=0x0, pointerCount=1, historySize=0, eventTime=484998260, downTime=484998260, deviceId=8, source=0x1002 }
10-30 22:48:20.008 26077 26077 I Input   : injectMotionEvent: MotionEvent { action=ACTION_UP, actionButton=0, id[0]=0, x[0]=180.0, y[0]=1690.0, toolType[0]=TOOL_TYPE_UNKNOWN, buttonState=0, metaState=0, flags=0x0, edgeFlags=0x0, pointerCount=1, historySize=0, eventTime=484998260, downTime=484998260, deviceId=8, source=0x1002 }
10-30 22:48:20.011 26077 26077 D AndroidRuntime: Shutting down VM
10-30 22:48:20.168 25848 25848 I cr_tabmodel: Appending tabs being restored to metadata lists, 0, startingNormalCount: 1, startingIncognitoCount: 0
10-30 22:48:20.169 25848 25848 I cr_tabmodel: Serializing tab lists; counts: 1, 0
10-30 22:48:20.242 25848 25848 W StaticLayout: maxLineHeight should not be -1.  maxLines:1 lineCount:1
10-30 22:48:20.243 25848 25848 W StaticLayout: maxLineHeight should not be -1.  maxLines:1 lineCount:1
10-30 22:48:20.400   772   996 E BatteryStatsService: no controller energy info supplied
10-30 22:48:20.400   772   996 E BatteryStatsService: no controller energy info supplied
10-30 22:48:20.422   772   788 W ProcessCpuTracker: Skipping unknown process pid 26110
10-30 22:48:21.519 17730 17730 E WorkerRegistryImpl: getWorker() is called after WorkerRegistry disposal.
10-30 22:48:21.520 17730 17730 E WorkerRegistryImpl: getWorker() is called after WorkerRegistry disposal.
10-30 22:48:21.528 17730 17730 I MemoryTrimmer: Trimming objects from memory, since app is in the background.
10-30 22:48:21.622   772  2970 I ActivityManager: START u0 {act=android.intent.action.VIEW dat=http://192.168.178.178:5500/... flg=0x10000000 cmp=com.android.chrome/com.google.android.apps.chrome.Main} from uid 2000
10-30 22:48:21.673 25848 25848 E ResourceType: Style contains key with bad entry: 0x0101062c
10-30 22:48:21.677   772 13021 I ActivityManager: START u0 {cmp=com.android.chrome/org.chromium.chrome.browser.firstrun.FirstRunActivity (has extras)} from uid 10060
10-30 22:48:21.684 25848 25848 E ResourceType: Style contains key with bad entry: 0x0101062c
10-30 22:48:21.724 25848 25848 W ResourceType: Failure getting entry for 0x7f010055 (t=0 e=85) (error -75)
10-30 22:48:21.754 26143 26143 E /system/bin/webview_zygote32: failed to make and chown /acct/uid_99551: Permission denied
10-30 22:48:21.754 26143 26143 E Zygote  : createProcessGroup(99551, 0) failed: Permission denied
10-30 22:48:21.754   772 20193 I ActivityManager: Start proc 26143:com.android.chrome:sandboxed_process3/u0i551 for webview_service com.android.chrome/org.chromium.content.app.SandboxedProcessService3
10-30 22:48:21.774 25848 25848 W ResourceType: Failure getting entry for 0x7f010385 (t=0 e=901) (error -75)
10-30 22:48:21.778 25848 25848 W ResourceType: Failure getting entry for 0x7f010386 (t=0 e=902) (error -75)
10-30 22:48:21.780 26143 26143 I SamplingProfilerIntegration: Profiling disabled.
10-30 22:48:21.798 26156 26156 E asset   : setgid: Operation not permitted
10-30 22:48:21.804 25848 25848 I cr_StartSurfaceConfig: Recorded Startup.Android.FirstDrawCompletedTime.NoInstant = 87 ms
10-30 22:48:21.827 26143 26143 I cr_SplitCompatApp: Launched version=106.0.5249.79 minSdkVersion=24 isBundle=true processName=com.android.chrome:sandboxed_process3 isIsolated=true
10-30 22:48:21.833 26143 26143 W SystemServiceRegistry: No service published for: uimode
10-30 22:48:21.836   772   797 I ActivityManager: Displayed com.android.chrome/org.chromium.chrome.browser.firstrun.FirstRunActivity: +131ms (total +180ms)
10-30 22:48:21.838 26143 26143 I cr_ChildProcessService: Creating new ChildProcessService pid=26143
10-30 22:48:21.851 26143 26143 E WebViewFactory: can't load with relro file; address space not reserved
10-30 22:48:21.876 25848 25848 E cr_CompositorSurfaceMgr: surfaceDestroyed format : 4
10-30 22:48:22.247 25848 25848 I cr_tabmodel: Appending tabs being restored to metadata lists, 0, startingNormalCount: 1, startingIncognitoCount: 0
10-30 22:48:22.247 25848 25848 I cr_tabmodel: Serializing tab lists; counts: 1, 0
10-30 22:48:22.631 25917 25930 I vndksupport: sphal namespace is not configured for this process. Loading libutils.so from the current namespace instead.
10-30 22:48:22.631 25848 25859 I vndksupport: sphal namespace is not configured for this process. Loading libutils.so from the current namespace instead.
10-30 22:48:22.632 26143 26155 I vndksupport: sphal namespace is not configured for this process. Loading libutils.so from the current namespace instead.
10-30 22:48:22.632 26038 26049 I vndksupport: sphal namespace is not configured for this process. Loading libutils.so from the current namespace instead.
10-30 22:48:22.634 26003 26028 I vndksupport: sphal namespace is not configured for this process. Loading libutils.so from the current namespace instead.
10-30 22:48:22.639 26173 26173 W atrace  : type=1400 audit(0.0:11082): avc: denied { call } for scontext=u:r:shell:s0 tcontext=u:r:wificond:s0 tclass=binder permissive=0
10-30 22:48:22.639   556  7524 E Parcel  : Reading a NULL string not supported here.
10-30 22:48:22.639   556  7524 W Parcel  : **** enforceInterface() expected 'IAAudioService' but read ''
10-30 22:48:22.640   360   360 E SELinux : avc:  denied  { find } for service=android.service.gatekeeper.IGateKeeperService pid=26173 uid=2000 scontext=u:r:shell:s0 tcontext=u:object_r:gatekeeper_service:s0 tclass=service_manager
10-30 22:48:22.641   360   360 E SELinux : avc:  denied  { find } for service=netd pid=26173 uid=2000 scontext=u:r:shell:s0 tcontext=u:object_r:netd_service:s0 tclass=service_manager
10-30 22:48:22.645   360   360 E SELinux : avc:  denied  { find } for service=installd pid=26173 uid=2000 scontext=u:r:shell:s0 tcontext=u:object_r:installd_service:s0 tclass=service_manager
10-30 22:48:22.649   361   361 E SELinux : avc:  denied  { find } for interface=android.frameworks.displayservice::IDisplayService pid=26173 scontext=u:r:shell:s0 tcontext=u:object_r:fwk_display_hwservice:s0 tclass=hwservice_manager
10-30 22:48:22.650   361   361 E SELinux : avc:  denied  { find } for interface=android.frameworks.schedulerservice::ISchedulingPolicyService pid=26173 scontext=u:r:shell:s0 tcontext=u:object_r:fwk_scheduler_hwservice:s0 tclass=hwservice_manager
10-30 22:48:22.651   361   361 E SELinux : avc:  denied  { find } for interface=android.frameworks.sensorservice::ISensorManager pid=26173 scontext=u:r:shell:s0 tcontext=u:object_r:fwk_sensor_hwservice:s0 tclass=hwservice_manager
10-30 22:48:22.652   361   361 E SELinux : avc:  denied  { find } for interface=android.hardware.biometrics.fingerprint::IBiometricsFingerprint pid=26173 scontext=u:r:shell:s0 tcontext=u:object_r:hal_fingerprint_hwservice:s0 tclass=hwservice_manager
10-30 22:48:22.653   361   361 E SELinux : avc:  denied  { find } for interface=android.hardware.dumpstate::IDumpstateDevice pid=26173 scontext=u:r:shell:s0 tcontext=u:object_r:hal_dumpstate_hwservice:s0 tclass=hwservice_manager
10-30 22:48:22.654   361   361 E SELinux : avc:  denied  { find } for interface=android.hardware.radio.deprecated::IOemHook pid=26173 scontext=u:r:shell:s0 tcontext=u:object_r:hal_telephony_hwservice:s0 tclass=hwservice_manager
10-30 22:48:22.654   361   361 E SELinux : avc:  denied  { find } for interface=android.hardware.radio::IRadio pid=26173 scontext=u:r:shell:s0 tcontext=u:object_r:hal_telephony_hwservice:s0 tclass=hwservice_manager
10-30 22:48:22.654   361   361 E SELinux : avc:  denied  { find } for interface=android.hardware.radio::ISap pid=26173 scontext=u:r:shell:s0 tcontext=u:object_r:hal_telephony_hwservice:s0 tclass=hwservice_manager
10-30 22:48:22.654   361   361 E SELinux : avc:  denied  { find } for interface=android.hardware.usb::IUsb pid=26173 scontext=u:r:shell:s0 tcontext=u:object_r:hal_usb_hwservice:s0 tclass=hwservice_manager
10-30 22:48:22.655   361   361 E SELinux : avc:  denied  { find } for interface=android.hardware.wifi.supplicant::ISupplicant pid=26173 scontext=u:r:shell:s0 tcontext=u:object_r:hal_wifi_supplicant_hwservice:s0 tclass=hwservice_manager
10-30 22:48:22.655   361   361 E SELinux : avc:  denied  { find } for interface=android.hardware.wifi::IWifi pid=26173 scontext=u:r:shell:s0 tcontext=u:object_r:hal_wifi_hwservice:s0 tclass=hwservice_manager
10-30 22:48:22.656   361   361 E SELinux : avc:  denied  { find } for interface=android.hidl.base::IBase pid=26173 scontext=u:r:shell:s0 tcontext=u:object_r:hidl_base_hwservice:s0 tclass=hwservice_manager
10-30 22:48:22.656   361   361 I chatty  : uid=1000(system) hwservicemanage identical 1 line
10-30 22:48:22.657   361   361 E SELinux : avc:  denied  { find } for interface=android.hidl.base::IBase pid=26173 scontext=u:r:shell:s0 tcontext=u:object_r:hidl_base_hwservice:s0 tclass=hwservice_manager
10-30 22:48:22.658   361   361 E SELinux : avc:  denied  { find } for interface=android.system.wifi.keystore::IKeystore pid=26173 scontext=u:r:shell:s0 tcontext=u:object_r:system_wifi_keystore_hwservice:s0 tclass=hwservice_manager
10-30 22:48:23.905 25848 25903 I cr_omaha: OmahaBase::generateAndPostRequest(): Sending request to Omaha:
10-30 22:48:23.905 25848 25903 I cr_omaha: <?xml version='1.0' encoding='UTF-8' standalone='yes' ?><request protocol="3.0" updater="Android" updaterversion="106.0.5249.79" updaterchannel="chrome" ismachine="1" requestid="{7bc3541b-50f2-4887-b2c9-af8c19376277}" sessionid="{5d5f1f3f-96ea-431f-9953-0f59898772c2}" installsource="system_image" dedup="cr"><os platform="android" version="8.0.0" arch="arm" /><app brand="" client="ms-android-google" appid="{387E11AD-7109-45F6-83CF-CAA241ADC9DF}" version="106.0.5249.79" nextversion="" lang="en-US" installage="-1" ap="chrome;google;nexus 5x"><event eventtype="2" eventresult="1" /></app></request>
10-30 22:48:24.248 25848 25903 I cr_omaha: OmahaBase::generateAndPostRequest(): Received response from Omaha:
10-30 22:48:24.248 25848 25903 I cr_omaha: <?xml version="1.0" encoding="UTF-8"?><response protocol="3.0" server="prod"><daystart elapsed_days="5781" elapsed_seconds="53302"/><app appid="{387E11AD-7109-45F6-83CF-CAA241ADC9DF}" status="ok"><event status="ok"/></app></response>
10-30 22:48:24.257 25848 25903 I cr_omaha: Request to Server Successful. Timestamp for next request:1667170104257
10-30 22:48:24.271 25848 25903 I cr_omaha: OmahaBase::generateAndPostRequest(): Sending request to Omaha:
10-30 22:48:24.271 25848 25903 I cr_omaha: <?xml version='1.0' encoding='UTF-8' standalone='yes' ?><request protocol="3.0" updater="Android" updaterversion="106.0.5249.79" updaterchannel="chrome" ismachine="1" requestid="{1b9d51e5-f30f-4609-9b1b-507b8b6e54fe}" sessionid="{5d5f1f3f-96ea-431f-9953-0f59898772c2}" installsource="system_image" dedup="cr"><os platform="android" version="8.0.0" arch="arm" /><app brand="" client="ms-android-google" appid="{387E11AD-7109-45F6-83CF-CAA241ADC9DF}" version="106.0.5249.79" nextversion="" lang="en-US" installage="0" ap="chrome;google;nexus 5x"><updatecheck /><ping active="1" ad="5781" rd="5781" /></app></request>
10-30 22:48:24.392 25848 25903 I cr_omaha: OmahaBase::generateAndPostRequest(): Received response from Omaha:
10-30 22:48:24.392 25848 25903 I cr_omaha: <?xml version="1.0" encoding="UTF-8"?><response protocol="3.0" server="prod"><daystart elapsed_days="5781" elapsed_seconds="53302"/><app appid="{387E11AD-7109-45F6-83CF-CAA241ADC9DF}" cohort="1:hyx:" cohortname="Stable Chrome" status="ok"><updatecheck status="noupdate"/><ping status="ok"/></app></response>
10-30 22:48:24.395 25848 25903 I cr_omaha: Request to Server Successful. Timestamp for next request:1667170104395
10-30 22:48:24.434 25848 25903 I cr_omaha: Attempting to schedule next job for: Mon Oct 31 03:48:23 GMT+01:00 2022
10-30 22:48:24.442 25848 25848 I cr_omaha: Scheduled using JobService
10-30 22:48:24.443 25848 25848 E cr_BkgrdTaskJS: Tried finishing non-current BackgroundTask.
10-30 22:48:24.574 25848 25848 W chromium: [WARNING:controller_impl.cc(1190)] Background download complete, client: 6, completion type: 0, file size:16643
10-30 22:48:24.602   772   784 I ActivityManager: Start proc 26176:com.android.chrome:sandboxed_process4/u0i552 for webview_service com.android.chrome/org.chromium.content.app.SandboxedProcessService4
10-30 22:48:24.604 26176 26176 E /system/bin/webview_zygote32: failed to make and chown /acct/uid_99552: Permission denied
10-30 22:48:24.604 26176 26176 E Zygote  : createProcessGroup(99552, 0) failed: Permission denied
10-30 22:48:24.634 26176 26176 I SamplingProfilerIntegration: Profiling disabled.
10-30 22:48:24.656 26189 26189 E asset   : setgid: Operation not permitted
