10-31 17:12:48.601  5877  5925 I chromium: [INFO:child_process_service.cc(69)] ChildProcessService: Exiting child process.
10-31 17:12:48.603   422   422 E lowmemorykiller: Error writing /proc/5877/oom_score_adj; errno=22
10-31 17:12:48.603   772   996 I ActivityManager: Killing 5877:com.android.chrome:sandboxed_process27/u0a60i494 (adj 0): isolated not needed
10-31 17:12:48.604   772   790 W zygote64: failed to open /acct/uid_99494/pid_5877/cgroup.procs: No such file or directory
10-31 17:12:48.609  5943  5943 W ThreadPoolForeg: type=1400 audit(0.0:16889): avc: denied { setattr } for name="model-info.pb" dev="dm-2" ino=1504884 scontext=u:r:isolated_app:s0:c512,c768 tcontext=u:object_r:app_data_file:s0:c512,c768 tclass=file permissive=0
10-31 17:12:48.617  5059  5059 W chromium: [WARNING:compositor_view.cc(342)] Child process died (type=6) pid=5877)
10-31 17:12:48.619  5943  5943 W ThreadPoolForeg: type=1400 audit(0.0:16890): avc: denied { setattr } for name="model.tflite" dev="dm-2" ino=1504900 scontext=u:r:isolated_app:s0:c512,c768 tcontext=u:object_r:app_data_file:s0:c512,c768 tclass=file permissive=0
10-31 17:12:48.628  5895  5933 I chromium: [INFO:child_process_service.cc(69)] ChildProcessService: Exiting child process.
10-31 17:12:48.629   422   422 E lowmemorykiller: Error writing /proc/5895/oom_score_adj; errno=22
10-31 17:12:48.630   772 10893 I ActivityManager: Killing 5895:com.android.chrome:sandboxed_process28/u0a60i495 (adj 0): isolated not needed
10-31 17:12:48.630   772   790 W zygote64: failed to open /acct/uid_99495/pid_5895/cgroup.procs: No such file or directory
10-31 17:12:48.646  5059  5059 W chromium: [WARNING:compositor_view.cc(342)] Child process died (type=6) pid=5895)
10-31 17:12:48.687 29692 29758 I Icing   : Usage reports ok 5, Failed Usage reports 0, indexed 2, rejected 0
10-31 17:12:48.806  5648  5674 I tflite  : Initialized TensorFlow Lite runtime.
10-31 17:12:48.885  5059  5059 W chromium: [WARNING:controller_impl.cc(1190)] Background download complete, client: 6, completion type: 0, file size:9419
10-31 17:12:48.909  5947  5947 E /system/bin/webview_zygote32: failed to make and chown /acct/uid_99496: Permission denied
10-31 17:12:48.909  5947  5947 E Zygote  : createProcessGroup(99496, 0) failed: Permission denied
10-31 17:12:48.911   772  2969 I ActivityManager: Start proc 5947:com.android.chrome:sandboxed_process29/u0i496 for webview_service com.android.chrome/org.chromium.content.app.SandboxedProcessService29
10-31 17:12:48.929  5947  5947 I SamplingProfilerIntegration: Profiling disabled.
10-31 17:12:48.951  5960  5960 E asset   : setgid: Operation not permitted
10-31 17:12:48.994  5947  5947 I cr_SplitCompatApp: Launched version=106.0.5249.79 minSdkVersion=24 isBundle=true processName=com.android.chrome:sandboxed_process29 isIsolated=true
10-31 17:12:48.999  5947  5947 W SystemServiceRegistry: No service published for: uimode
10-31 17:12:49.005  5947  5947 I cr_ChildProcessService: Creating new ChildProcessService pid=5947
10-31 17:12:49.013  5947  5947 E WebViewFactory: can't load with relro file; address space not reserved
10-31 17:12:49.025  5947  5962 I cr_LibraryLoader: Successfully loaded native library
10-31 17:12:49.026  5947  5962 I cr_CachingUmaRecorder: Flushed 3 samples from 3 histograms.
10-31 17:12:49.043  5965  5965 W ThreadPoolForeg: type=1400 audit(0.0:16891): avc: denied { setattr } for name="model-info.pb" dev="dm-2" ino=1504931 scontext=u:r:isolated_app:s0:c512,c768 tcontext=u:object_r:app_data_file:s0:c512,c768 tclass=file permissive=0
10-31 17:12:49.046  5965  5965 W ThreadPoolForeg: type=1400 audit(0.0:16892): avc: denied { setattr } for name="model.tflite" dev="dm-2" ino=1504932 scontext=u:r:isolated_app:s0:c512,c768 tcontext=u:object_r:app_data_file:s0:c512,c768 tclass=file permissive=0
10-31 17:12:49.053  5947  5962 I chromium: [INFO:child_process_service.cc(69)] ChildProcessService: Exiting child process.
10-31 17:12:49.055   422   422 E lowmemorykiller: Error writing /proc/5947/oom_score_adj; errno=22
10-31 17:12:49.056   772  2969 I ActivityManager: Killing 5947:com.android.chrome:sandboxed_process29/u0a60i496 (adj 0): isolated not needed
10-31 17:12:49.056   772   790 W zygote64: failed to open /acct/uid_99496/pid_5947/cgroup.procs: No such file or directory
10-31 17:12:49.071  5059  5059 W chromium: [WARNING:compositor_view.cc(342)] Child process died (type=6) pid=5947)
10-31 17:12:49.392  5059  5059 W ResourceType: Failure getting entry for 0x7f0108d9 (t=0 e=2265) (error -75)
10-31 17:12:49.399  5059  5059 W TabLayout: MODE_SCROLLABLE + GRAVITY_FILL is not supported, GRAVITY_START will be used instead
10-31 17:12:49.404  5059  5059 W ResourceType: Failure getting entry for 0x7f0108de (t=0 e=2270) (error -75)
10-31 17:12:49.417  5059  5059 W ResourceType: Failure getting entry for 0x7f0108de (t=0 e=2270) (error -75)
10-31 17:12:49.508  5059  5124 I cr_omaha: OmahaBase::generateAndPostRequest(): Sending request to Omaha:
10-31 17:12:49.508  5059  5124 I cr_omaha: <?xml version='1.0' encoding='UTF-8' standalone='yes' ?><request protocol="3.0" updater="Android" updaterversion="106.0.5249.79" updaterchannel="chrome" ismachine="1" requestid="{8de1eb21-93b8-486a-844a-38c65a7f472a}" sessionid="{52817338-c48f-47de-a9b3-d2ab3ec436ae}" installsource="system_image" dedup="cr"><os platform="android" version="8.0.0" arch="arm" /><app brand="" client="ms-android-google" appid="{387E11AD-7109-45F6-83CF-CAA241ADC9DF}" version="106.0.5249.79" nextversion="" lang="en-US" installage="-1" ap="chrome;google;nexus 5x"><event eventtype="2" eventresult="1" /></app></request>
10-31 17:12:49.521 29458 29458 I MemoryTrimmer: Trimming objects from memory, since app is in the background.
10-31 17:12:49.653  5059  5124 I cr_omaha: OmahaBase::generateAndPostRequest(): Received response from Omaha:
10-31 17:12:49.653  5059  5124 I cr_omaha: <?xml version="1.0" encoding="UTF-8"?><response protocol="3.0" server="prod"><daystart elapsed_days="5782" elapsed_seconds="33168"/><app appid="{387E11AD-7109-45F6-83CF-CAA241ADC9DF}" status="ok"><event status="ok"/></app></response>
10-31 17:12:49.662  5059  5124 I cr_omaha: Request to Server Successful. Timestamp for next request:1667236369662
10-31 17:12:49.674  5059  5124 I cr_omaha: OmahaBase::generateAndPostRequest(): Sending request to Omaha:
10-31 17:12:49.674  5059  5124 I cr_omaha: <?xml version='1.0' encoding='UTF-8' standalone='yes' ?><request protocol="3.0" updater="Android" updaterversion="106.0.5249.79" updaterchannel="chrome" ismachine="1" requestid="{34d47ae0-8633-4f52-89a0-43e6ab78b9bf}" sessionid="{52817338-c48f-47de-a9b3-d2ab3ec436ae}" installsource="system_image" dedup="cr"><os platform="android" version="8.0.0" arch="arm" /><app brand="" client="ms-android-google" appid="{387E11AD-7109-45F6-83CF-CAA241ADC9DF}" version="106.0.5249.79" nextversion="" lang="en-US" installage="0" ap="chrome;google;nexus 5x"><updatecheck /><ping active="1" ad="5782" rd="5782" /></app></request>
10-31 17:12:49.698  5059  5124 I cr_omaha: OmahaBase::generateAndPostRequest(): Received response from Omaha:
10-31 17:12:49.698  5059  5124 I cr_omaha: <?xml version="1.0" encoding="UTF-8"?><response protocol="3.0" server="prod"><daystart elapsed_days="5782" elapsed_seconds="33168"/><app appid="{387E11AD-7109-45F6-83CF-CAA241ADC9DF}" cohort="1:hyx:" cohortname="Stable Chrome" status="ok"><updatecheck status="noupdate"/><ping status="ok"/></app></response>
10-31 17:12:49.700  5059  5124 I cr_omaha: Request to Server Successful. Timestamp for next request:1667236369700
10-31 17:12:49.701  5059  5124 I cr_omaha: Attempting to schedule next job for: Mon Oct 31 22:12:49 GMT+01:00 2022
10-31 17:12:49.706  5059  5059 I cr_omaha: Scheduled using JobService
10-31 17:12:49.707  5059  5059 E cr_BkgrdTaskJS: Tried finishing non-current BackgroundTask.
10-31 17:12:49.709  5059  5059 I cr_tabmodel: Appending tabs being restored to metadata lists, 0, startingNormalCount: 2, startingIncognitoCount: 0
10-31 17:12:49.709  5059  5059 I cr_tabmodel: Serializing tab lists; counts: 2, 0
10-31 17:12:49.754 29692 29692 D BoundBrokerSvc: onBind: Intent { act=com.google.android.gms.common.BIND_SHARED_PREFS pkg=com.google.android.gms }
10-31 17:12:49.754 29692 29692 D BoundBrokerSvc: Loading bound service for intent: Intent { act=com.google.android.gms.common.BIND_SHARED_PREFS pkg=com.google.android.gms }
10-31 17:12:49.758 29692 29692 D BoundBrokerSvc: onUnbind: Intent { act=com.google.android.gms.common.BIND_SHARED_PREFS pkg=com.google.android.gms }
10-31 17:12:54.980  5059  5059 E cr_BTSPrefs: No data found for task id: 56
10-31 17:12:54.982  5059  5059 E cr_BkgrdTaskScheduler: Task cannot be canceled because no data was found instorage or data was invalid
10-31 17:12:59.083  5059  5059 W ResourceType: Failure getting entry for 0x7f010888 (t=0 e=2184) (error -75)
10-31 17:12:59.122  5059  5059 I chatty  : uid=10060(u0_a60) identical 7 lines
10-31 17:12:59.126  5059  5059 W ResourceType: Failure getting entry for 0x7f010888 (t=0 e=2184) (error -75)
10-31 17:12:59.128  5059  5059 I cr_TopSites: Start a new task.
10-31 17:12:59.129  5059  5125 I cr_TopSites: Serializing top sites lists finished; count: 9
10-31 17:12:59.137  5059  5125 I cr_TopSites: Finished saving top sites list to file:/data/user/0/com.android.chrome/app_top_sites/top_sites
10-31 17:13:11.006   772   787 I UsageStatsService: User[0] Flushing usage stats to disk
10-31 17:13:21.915   772   791 E BatteryStatsService: no controller energy info supplied
10-31 17:13:37.205  5059  5059 I cr_media: Create MediaDrmBridge with level L3 and origin 7AE85CEE41D8C0B18AC17B2A1F8CBB34
10-31 17:13:37.226   361   361 W /system/bin/hwservicemanager: getTransportFromManifest: Cannot find entry android.hardware.drm@1.0::IDrmFactory in either framework or device manifest, using default transport.
10-31 17:13:37.355   562  5487 I DrmHal  : makeDrmFactories: using default drm instance
10-31 17:13:37.361   361   361 W /system/bin/hwservicemanager: getTransportFromManifest: Cannot find entry android.hardware.drm@1.0::IDrmFactory in either framework or device manifest, using default transport.
10-31 17:13:37.426   562   644 I DrmHal  : makeDrmFactories: using default drm instance
10-31 17:13:37.426   562  5487 D WVCdm   : Instantiating CDM.
10-31 17:13:37.435   562  5487 I WVCdm   : CdmEngine::QueryStatus
10-31 17:13:37.435   562  5487 I WVCdm   : Level3 Library 4445 May 19 2017 17:17:20
10-31 17:13:37.445   562  5487 D QSEECOMAPI: : QSEECom_get_handle sb_length = 0x19000
10-31 17:13:37.445   562  5487 D QSEECOMAPI: : App is not loaded in QSEE
10-31 17:13:37.502   562  5487 D QSEECOMAPI: : Loaded image: APP id = 2942
10-31 17:13:37.507   562  5487 D QSAPPSVER: qsapps_get_capabilities: Capability from secure side: 0x0
10-31 17:13:37.507   562  5487 D QSAPPSVER: qsapps_get_capabilities: returns 0
10-31 17:13:37.507   562  5487 E DrmWidevineDash: sion_buffer g_wv_fhandle->ion_sbuffer  0x0xeef33000
10-31 17:13:37.511   372   376 D DrmLibTime: got the req here! ret=0
10-31 17:13:37.511   372   376 D DrmLibTime: command id, time_cmd_id = 770
10-31 17:13:37.511   372   376 D DrmLibTime: time_getutcsec starts!
10-31 17:13:37.511   372   376 D DrmLibTime: QSEE Time Listener: time_getutcsec
10-31 17:13:37.511   372   376 D DrmLibTime: QSEE Time Listener: get_utc_seconds
10-31 17:13:37.511   372   376 D DrmLibTime: QSEE Time Listener: time_get_modem_time
10-31 17:13:37.511   372   376 D DrmLibTime: QSEE Time Listener: Checking if ATS_MODEM is set or not.
10-31 17:13:37.511   372   376 D QC-time-services: Lib:time_genoff_operation: pargs->base = 13
10-31 17:13:37.511   372   376 D QC-time-services: Lib:time_genoff_operation: pargs->operation = 2
10-31 17:13:37.511   372   376 D QC-time-services: Lib:time_genoff_operation: pargs->ts_val = 0
10-31 17:13:37.512   372   376 D QC-time-services: Lib:time_genoff_operation: Send to server  passed!!
10-31 17:13:37.512   625   647 D QC-time-services: Daemon: Connection accepted:time_genoff
10-31 17:13:37.512   625  5982 D QC-time-services: Daemon:Received base = 13, unit = 1, operation = 2,value = 0
10-31 17:13:37.513   625  5982 D QC-time-services: Daemon:genoff_opr: Base = 13, val = 0, operation = 2
10-31 17:13:37.513   625  5982 D QC-time-services: offset is: 0 for base: 13
10-31 17:13:37.513   372   376 E QC-time-services: Receive Passed == base = 13, unit = 1, operation = 2, result = 0
10-31 17:13:37.513   372   376 D DrmLibTime: QSEE Time Listener: ATS_MODEM is not set. Fallback to Android system time.
10-31 17:13:37.513   372   376 D DrmLibTime: QSEE Time Listener: Retrieved Android system time: 1667232817
10-31 17:13:37.513   372   376 D DrmLibTime: time_getutcsec returns 0, sec = 1667232817; nsec = 0
10-31 17:13:37.513   372   376 D DrmLibTime: time_getutcsec finished! 
10-31 17:13:37.513   372   376 D DrmLibTime: iotcl_continue_command finished! and return 0 
10-31 17:13:37.513   372   376 D DrmLibTime: before calling ioctl to read the next time_cmd
10-31 17:13:37.513   625   647 E QC-time-services: Daemon: Time-services: Waiting to acceptconnection
10-31 17:13:37.550   562  5487 D WVCdm   : OEMCrypto_Initialize Level 1 success. I will use level 1.
10-31 17:13:37.551   562  5487 D QSEECOMAPI: : QSEECom_dealloc_memory 
10-31 17:13:37.551   562  5487 D QSEECOMAPI: : QSEECom_shutdown_app, app_id = 2942
10-31 17:13:37.567   562   562 I WVCdm   : CdmEngine::OpenSession
10-31 17:13:37.568   562   562 I WVCdm   : Level3 Library 4445 May 19 2017 17:17:20
10-31 17:13:37.572   562   562 D QSEECOMAPI: : QSEECom_get_handle sb_length = 0x19000
10-31 17:13:37.572   562   562 D QSEECOMAPI: : App is not loaded in QSEE
10-31 17:13:37.623   562   562 D QSEECOMAPI: : Loaded image: APP id = 2943
10-31 17:13:37.628   562   562 D QSAPPSVER: qsapps_get_capabilities: Capability from secure side: 0x0
10-31 17:13:37.628   562   562 D QSAPPSVER: qsapps_get_capabilities: returns 0
10-31 17:13:37.628   562   562 E DrmWidevineDash: sion_buffer g_wv_fhandle->ion_sbuffer  0x0xeef33000
10-31 17:13:37.630   372   376 D DrmLibTime: got the req here! ret=0
10-31 17:13:37.630   372   376 D DrmLibTime: command id, time_cmd_id = 770
10-31 17:13:37.630   372   376 D DrmLibTime: time_getutcsec starts!
10-31 17:13:37.630   372   376 D DrmLibTime: QSEE Time Listener: time_getutcsec
10-31 17:13:37.630   372   376 D DrmLibTime: QSEE Time Listener: get_utc_seconds
10-31 17:13:37.630   372   376 D DrmLibTime: QSEE Time Listener: time_get_modem_time
10-31 17:13:37.630   372   376 D DrmLibTime: QSEE Time Listener: Checking if ATS_MODEM is set or not.
10-31 17:13:37.630   372   376 D QC-time-services: Lib:time_genoff_operation: pargs->base = 13
10-31 17:13:37.630   372   376 D QC-time-services: Lib:time_genoff_operation: pargs->operation = 2
10-31 17:13:37.630   372   376 D QC-time-services: Lib:time_genoff_operation: pargs->ts_val = 0
10-31 17:13:37.631   372   376 D QC-time-services: Lib:time_genoff_operation: Send to server  passed!!
10-31 17:13:37.631   625   647 D QC-time-services: Daemon: Connection accepted:time_genoff
10-31 17:13:37.631   625  5983 D QC-time-services: Daemon:Received base = 13, unit = 1, operation = 2,value = 0
10-31 17:13:37.631   625  5983 D QC-time-services: Daemon:genoff_opr: Base = 13, val = 0, operation = 2
10-31 17:13:37.631   625  5983 D QC-time-services: offset is: 0 for base: 13
10-31 17:13:37.631   372   376 E QC-time-services: Receive Passed == base = 13, unit = 1, operation = 2, result = 0
10-31 17:13:37.631   372   376 D DrmLibTime: QSEE Time Listener: ATS_MODEM is not set. Fallback to Android system time.
10-31 17:13:37.631   372   376 D DrmLibTime: QSEE Time Listener: Retrieved Android system time: 1667232817
10-31 17:13:37.631   372   376 D DrmLibTime: time_getutcsec returns 0, sec = 1667232817; nsec = 0
10-31 17:13:37.631   372   376 D DrmLibTime: time_getutcsec finished! 
10-31 17:13:37.631   372   376 D DrmLibTime: iotcl_continue_command finished! and return 0 
10-31 17:13:37.631   372   376 D DrmLibTime: before calling ioctl to read the next time_cmd
10-31 17:13:37.632   625   647 E QC-time-services: Daemon: Time-services: Waiting to acceptconnection
10-31 17:13:37.653   562   562 D WVCdm   : OEMCrypto_Initialize Level 1 success. I will use level 1.
10-31 17:13:37.653   562   562 D WVCdm   : CryptoSession::Open: Lock: requested_security_level: L3
10-31 17:13:37.671   562   562 W WVCdm   : DeviceFiles::RetrieveHashedFile: /data/mediadrm/IDM1013/L3/cert.bin does not exist
10-31 17:13:37.674   562   562 D QSEECOMAPI: : QSEECom_dealloc_memory 
10-31 17:13:37.674   562   562 D QSEECOMAPI: : QSEECom_shutdown_app, app_id = 2943
10-31 17:13:37.695   562 19051 I WVCdm   : Level3 Library 4445 May 19 2017 17:17:20
10-31 17:13:37.699   562 19051 D QSEECOMAPI: : QSEECom_get_handle sb_length = 0x19000
10-31 17:13:37.699   562 19051 D QSEECOMAPI: : App is not loaded in QSEE
10-31 17:13:37.747   562 19051 D QSEECOMAPI: : Loaded image: APP id = 2944
10-31 17:13:37.752   562 19051 D QSAPPSVER: qsapps_get_capabilities: Capability from secure side: 0x0
10-31 17:13:37.752   562 19051 D QSAPPSVER: qsapps_get_capabilities: returns 0
10-31 17:13:37.752   562 19051 E DrmWidevineDash: sion_buffer g_wv_fhandle->ion_sbuffer  0x0xeef33000
10-31 17:13:37.754   372   376 D DrmLibTime: got the req here! ret=0
10-31 17:13:37.754   372   376 D DrmLibTime: command id, time_cmd_id = 770
10-31 17:13:37.754   372   376 D DrmLibTime: time_getutcsec starts!
10-31 17:13:37.754   372   376 D DrmLibTime: QSEE Time Listener: time_getutcsec
10-31 17:13:37.754   372   376 D DrmLibTime: QSEE Time Listener: get_utc_seconds
10-31 17:13:37.754   372   376 D DrmLibTime: QSEE Time Listener: time_get_modem_time
10-31 17:13:37.754   372   376 D DrmLibTime: QSEE Time Listener: Checking if ATS_MODEM is set or not.
10-31 17:13:37.754   372   376 D QC-time-services: Lib:time_genoff_operation: pargs->base = 13
10-31 17:13:37.754   372   376 D QC-time-services: Lib:time_genoff_operation: pargs->operation = 2
10-31 17:13:37.754   372   376 D QC-time-services: Lib:time_genoff_operation: pargs->ts_val = 0
10-31 17:13:37.755   372   376 D QC-time-services: Lib:time_genoff_operation: Send to server  passed!!
10-31 17:13:37.755   625   647 D QC-time-services: Daemon: Connection accepted:time_genoff
10-31 17:13:37.755   625  5984 D QC-time-services: Daemon:Received base = 13, unit = 1, operation = 2,value = 0
10-31 17:13:37.755   625  5984 D QC-time-services: Daemon:genoff_opr: Base = 13, val = 0, operation = 2
10-31 17:13:37.755   625  5984 D QC-time-services: offset is: 0 for base: 13
10-31 17:13:37.755   372   376 E QC-time-services: Receive Passed == base = 13, unit = 1, operation = 2, result = 0
10-31 17:13:37.755   372   376 D DrmLibTime: QSEE Time Listener: ATS_MODEM is not set. Fallback to Android system time.
10-31 17:13:37.755   372   376 D DrmLibTime: QSEE Time Listener: Retrieved Android system time: 1667232817
10-31 17:13:37.755   372   376 D DrmLibTime: time_getutcsec returns 0, sec = 1667232817; nsec = 0
10-31 17:13:37.755   372   376 D DrmLibTime: time_getutcsec finished! 
10-31 17:13:37.755   372   376 D DrmLibTime: iotcl_continue_command finished! and return 0 
10-31 17:13:37.755   372   376 D DrmLibTime: before calling ioctl to read the next time_cmd
10-31 17:13:37.756   625   647 E QC-time-services: Daemon: Time-services: Waiting to acceptconnection
10-31 17:13:37.787   562 19051 D WVCdm   : OEMCrypto_Initialize Level 1 success. I will use level 1.
10-31 17:13:37.788   562 19051 D WVCdm   : CryptoSession::Open: Lock: requested_security_level: L3
10-31 17:13:37.798  5059  5059 I cr_media: Provisioning origin ID 7AE85CEE41D8C0B18AC17B2A1F8CBB34
10-31 17:13:37.805  5059  5059 I MediaDrm: Drm event (1,0)
10-31 17:13:37.805  5059  5059 E cr_media: EventListener: No session for event 1.
10-31 17:13:38.055   562   644 D QSEECOMAPI: : QSEECom_dealloc_memory 
10-31 17:13:38.055   562   644 D QSEECOMAPI: : QSEECom_shutdown_app, app_id = 2944
10-31 17:13:38.073  5059  5059 I cr_media: Create MediaDrmBridge with level L1 and origin 7AE85CEE41D8C0B18AC17B2A1F8CBB34
10-31 17:13:38.075   361   361 W /system/bin/hwservicemanager: getTransportFromManifest: Cannot find entry android.hardware.drm@1.0::IDrmFactory in either framework or device manifest, using default transport.
10-31 17:13:38.077   562 19050 I DrmHal  : makeDrmFactories: using default drm instance
10-31 17:13:38.080   361   361 W /system/bin/hwservicemanager: getTransportFromManifest: Cannot find entry android.hardware.drm@1.0::IDrmFactory in either framework or device manifest, using default transport.
10-31 17:13:38.083   562  5487 I DrmHal  : makeDrmFactories: using default drm instance
10-31 17:13:38.084   562   644 I WVCdm   : CdmEngine::QueryStatus
10-31 17:13:38.084   562   644 I WVCdm   : Level3 Library 4445 May 19 2017 17:17:20
10-31 17:13:38.088   562   644 D QSEECOMAPI: : QSEECom_get_handle sb_length = 0x19000
10-31 17:13:38.088   562   644 D QSEECOMAPI: : App is not loaded in QSEE
10-31 17:13:38.136   562   644 D QSEECOMAPI: : Loaded image: APP id = 2945
10-31 17:13:38.140   562   644 D QSAPPSVER: qsapps_get_capabilities: Capability from secure side: 0x0
10-31 17:13:38.140   562   644 D QSAPPSVER: qsapps_get_capabilities: returns 0
10-31 17:13:38.140   562   644 E DrmWidevineDash: sion_buffer g_wv_fhandle->ion_sbuffer  0x0xeef1f000
10-31 17:13:38.143   372   376 D DrmLibTime: got the req here! ret=0
10-31 17:13:38.143   372   376 D DrmLibTime: command id, time_cmd_id = 770
10-31 17:13:38.143   372   376 D DrmLibTime: time_getutcsec starts!
10-31 17:13:38.143   372   376 D DrmLibTime: QSEE Time Listener: time_getutcsec
10-31 17:13:38.143   372   376 D DrmLibTime: QSEE Time Listener: get_utc_seconds
10-31 17:13:38.143   372   376 D DrmLibTime: QSEE Time Listener: time_get_modem_time
10-31 17:13:38.143   372   376 D DrmLibTime: QSEE Time Listener: Checking if ATS_MODEM is set or not.
10-31 17:13:38.143   372   376 D QC-time-services: Lib:time_genoff_operation: pargs->base = 13
10-31 17:13:38.143   372   376 D QC-time-services: Lib:time_genoff_operation: pargs->operation = 2
10-31 17:13:38.143   372   376 D QC-time-services: Lib:time_genoff_operation: pargs->ts_val = 0
10-31 17:13:38.144   372   376 D QC-time-services: Lib:time_genoff_operation: Send to server  passed!!
10-31 17:13:38.144   625   647 D QC-time-services: Daemon: Connection accepted:time_genoff
10-31 17:13:38.144   625  5989 D QC-time-services: Daemon:Received base = 13, unit = 1, operation = 2,value = 0
10-31 17:13:38.144   625  5989 D QC-time-services: Daemon:genoff_opr: Base = 13, val = 0, operation = 2
10-31 17:13:38.144   625  5989 D QC-time-services: offset is: 0 for base: 13
10-31 17:13:38.144   372   376 E QC-time-services: Receive Passed == base = 13, unit = 1, operation = 2, result = 0
10-31 17:13:38.144   372   376 D DrmLibTime: QSEE Time Listener: ATS_MODEM is not set. Fallback to Android system time.
10-31 17:13:38.144   372   376 D DrmLibTime: QSEE Time Listener: Retrieved Android system time: 1667232818
10-31 17:13:38.144   372   376 D DrmLibTime: time_getutcsec returns 0, sec = 1667232818; nsec = 0
10-31 17:13:38.144   372   376 D DrmLibTime: time_getutcsec finished! 
10-31 17:13:38.144   372   376 D DrmLibTime: iotcl_continue_command finished! and return 0 
10-31 17:13:38.144   372   376 D DrmLibTime: before calling ioctl to read the next time_cmd
10-31 17:13:38.144   625   647 E QC-time-services: Daemon: Time-services: Waiting to acceptconnection
10-31 17:13:38.182   562   644 D WVCdm   : OEMCrypto_Initialize Level 1 success. I will use level 1.
10-31 17:13:38.183   562   644 D QSEECOMAPI: : QSEECom_dealloc_memory 
10-31 17:13:38.183   562   644 D QSEECOMAPI: : QSEECom_shutdown_app, app_id = 2945
10-31 17:13:38.195   562 19051 I WVCdm   : CdmEngine::OpenSession
10-31 17:13:38.195   562 19051 I WVCdm   : Level3 Library 4445 May 19 2017 17:17:20
10-31 17:13:38.207   562 19051 D QSEECOMAPI: : QSEECom_get_handle sb_length = 0x19000
10-31 17:13:38.207   562 19051 D QSEECOMAPI: : App is not loaded in QSEE
10-31 17:13:38.264   562 19051 D QSEECOMAPI: : Loaded image: APP id = 2946
10-31 17:13:38.268   562 19051 D QSAPPSVER: qsapps_get_capabilities: Capability from secure side: 0x0
10-31 17:13:38.268   562 19051 D QSAPPSVER: qsapps_get_capabilities: returns 0
10-31 17:13:38.268   562 19051 E DrmWidevineDash: sion_buffer g_wv_fhandle->ion_sbuffer  0x0xeef1f000
10-31 17:13:38.271   372   376 D DrmLibTime: got the req here! ret=0
10-31 17:13:38.271   372   376 D DrmLibTime: command id, time_cmd_id = 770
10-31 17:13:38.271   372   376 D DrmLibTime: time_getutcsec starts!
10-31 17:13:38.271   372   376 D DrmLibTime: QSEE Time Listener: time_getutcsec
10-31 17:13:38.271   372   376 D DrmLibTime: QSEE Time Listener: get_utc_seconds
10-31 17:13:38.271   372   376 D DrmLibTime: QSEE Time Listener: time_get_modem_time
10-31 17:13:38.271   372   376 D DrmLibTime: QSEE Time Listener: Checking if ATS_MODEM is set or not.
10-31 17:13:38.271   372   376 D QC-time-services: Lib:time_genoff_operation: pargs->base = 13
10-31 17:13:38.271   372   376 D QC-time-services: Lib:time_genoff_operation: pargs->operation = 2
10-31 17:13:38.271   372   376 D QC-time-services: Lib:time_genoff_operation: pargs->ts_val = 0
10-31 17:13:38.271   372   376 D QC-time-services: Lib:time_genoff_operation: Send to server  passed!!
10-31 17:13:38.271   625   647 D QC-time-services: Daemon: Connection accepted:time_genoff
10-31 17:13:38.272   625  5990 D QC-time-services: Daemon:Received base = 13, unit = 1, operation = 2,value = 0
10-31 17:13:38.272   625  5990 D QC-time-services: Daemon:genoff_opr: Base = 13, val = 0, operation = 2
10-31 17:13:38.272   625  5990 D QC-time-services: offset is: 0 for base: 13
10-31 17:13:38.272   372   376 E QC-time-services: Receive Passed == base = 13, unit = 1, operation = 2, result = 0
10-31 17:13:38.272   372   376 D DrmLibTime: QSEE Time Listener: ATS_MODEM is not set. Fallback to Android system time.
10-31 17:13:38.272   372   376 D DrmLibTime: QSEE Time Listener: Retrieved Android system time: 1667232818
10-31 17:13:38.272   372   376 D DrmLibTime: time_getutcsec returns 0, sec = 1667232818; nsec = 0
10-31 17:13:38.272   372   376 D DrmLibTime: time_getutcsec finished! 
10-31 17:13:38.272   372   376 D DrmLibTime: iotcl_continue_command finished! and return 0 
10-31 17:13:38.272   372   376 D DrmLibTime: before calling ioctl to read the next time_cmd
10-31 17:13:38.272   625   647 E QC-time-services: Daemon: Time-services: Waiting to acceptconnection
10-31 17:13:38.297   562 19051 D WVCdm   : OEMCrypto_Initialize Level 1 success. I will use level 1.
10-31 17:13:38.297   562 19051 D WVCdm   : CryptoSession::Open: Lock: requested_security_level: Default
10-31 17:13:38.301   562 19051 W WVCdm   : DeviceFiles::RetrieveHashedFile: /data/mediadrm/IDM1013/L1/cert.bin does not exist
10-31 17:13:38.303   562 19051 D QSEECOMAPI: : QSEECom_dealloc_memory 
10-31 17:13:38.303   562 19051 D QSEECOMAPI: : QSEECom_shutdown_app, app_id = 2946
10-31 17:13:38.320   562  5487 I WVCdm   : Level3 Library 4445 May 19 2017 17:17:20
10-31 17:13:38.327   562  5487 D QSEECOMAPI: : QSEECom_get_handle sb_length = 0x19000
10-31 17:13:38.328   562  5487 D QSEECOMAPI: : App is not loaded in QSEE
10-31 17:13:38.375   562  5487 D QSEECOMAPI: : Loaded image: APP id = 2947
10-31 17:13:38.378   562  5487 D QSAPPSVER: qsapps_get_capabilities: Capability from secure side: 0x0
10-31 17:13:38.378   562  5487 D QSAPPSVER: qsapps_get_capabilities: returns 0
10-31 17:13:38.378   562  5487 E DrmWidevineDash: sion_buffer g_wv_fhandle->ion_sbuffer  0x0xef158000
10-31 17:13:38.381   372   376 D DrmLibTime: got the req here! ret=0
10-31 17:13:38.381   372   376 D DrmLibTime: command id, time_cmd_id = 770
10-31 17:13:38.381   372   376 D DrmLibTime: time_getutcsec starts!
10-31 17:13:38.381   372   376 D DrmLibTime: QSEE Time Listener: time_getutcsec
10-31 17:13:38.381   372   376 D DrmLibTime: QSEE Time Listener: get_utc_seconds
10-31 17:13:38.381   372   376 D DrmLibTime: QSEE Time Listener: time_get_modem_time
10-31 17:13:38.381   372   376 D DrmLibTime: QSEE Time Listener: Checking if ATS_MODEM is set or not.
10-31 17:13:38.381   372   376 D QC-time-services: Lib:time_genoff_operation: pargs->base = 13
10-31 17:13:38.381   372   376 D QC-time-services: Lib:time_genoff_operation: pargs->operation = 2
10-31 17:13:38.381   372   376 D QC-time-services: Lib:time_genoff_operation: pargs->ts_val = 0
10-31 17:13:38.381   372   376 D QC-time-services: Lib:time_genoff_operation: Send to server  passed!!
10-31 17:13:38.381   625   647 D QC-time-services: Daemon: Connection accepted:time_genoff
10-31 17:13:38.382   625  5991 D QC-time-services: Daemon:Received base = 13, unit = 1, operation = 2,value = 0
10-31 17:13:38.382   625  5991 D QC-time-services: Daemon:genoff_opr: Base = 13, val = 0, operation = 2
10-31 17:13:38.382   625  5991 D QC-time-services: offset is: 0 for base: 13
10-31 17:13:38.382   372   376 E QC-time-services: Receive Passed == base = 13, unit = 1, operation = 2, result = 0
10-31 17:13:38.382   372   376 D DrmLibTime: QSEE Time Listener: ATS_MODEM is not set. Fallback to Android system time.
10-31 17:13:38.382   372   376 D DrmLibTime: QSEE Time Listener: Retrieved Android system time: 1667232818
10-31 17:13:38.382   372   376 D DrmLibTime: time_getutcsec returns 0, sec = 1667232818; nsec = 0
10-31 17:13:38.382   372   376 D DrmLibTime: time_getutcsec finished! 
10-31 17:13:38.382   372   376 D DrmLibTime: iotcl_continue_command finished! and return 0 
10-31 17:13:38.382   372   376 D DrmLibTime: before calling ioctl to read the next time_cmd
10-31 17:13:38.382   625   647 E QC-time-services: Daemon: Time-services: Waiting to acceptconnection
10-31 17:13:38.420   562  5487 D WVCdm   : OEMCrypto_Initialize Level 1 success. I will use level 1.
10-31 17:13:38.420   562  5487 D WVCdm   : CryptoSession::Open: Lock: requested_security_level: Default
10-31 17:13:38.520   562  5487 E DrmWidevineDash: OEMCrypto_GenerateSignature : input wrapped_rsa_key == NULL!, return short buffer
10-31 17:13:38.523  5059  5059 I cr_media: Provisioning origin ID 7AE85CEE41D8C0B18AC17B2A1F8CBB34
10-31 17:13:38.550  5059  5059 I MediaDrm: Drm event (1,0)
10-31 17:13:38.551  5059  5059 E cr_media: EventListener: No session for event 1.
10-31 17:13:38.569   562   562 E DrmWidevineDash: OEMCrypto_RewrapDeviceRSAKey : input wrapped_rsa_key == NULL!, return short buffer
10-31 17:13:38.584   562   562 D QSEECOMAPI: : QSEECom_dealloc_memory 
10-31 17:13:38.584   562   562 D QSEECOMAPI: : QSEECom_shutdown_app, app_id = 2947
10-31 17:13:38.604  5059  5059 I cr_media: Create MediaDrmBridge with level L3 and origin BD705B331FEF995469170470124C71F3
10-31 17:13:38.606   361   361 W /system/bin/hwservicemanager: getTransportFromManifest: Cannot find entry android.hardware.drm@1.0::IDrmFactory in either framework or device manifest, using default transport.
10-31 17:13:38.625   562 19051 I DrmHal  : makeDrmFactories: using default drm instance
10-31 17:13:38.627   361   361 W /system/bin/hwservicemanager: getTransportFromManifest: Cannot find entry android.hardware.drm@1.0::IDrmFactory in either framework or device manifest, using default transport.
10-31 17:13:38.689   562 19050 I DrmHal  : makeDrmFactories: using default drm instance
10-31 17:13:38.691   562 28303 D WVCdm   : Instantiating CDM.
10-31 17:13:38.693   562 19051 I WVCdm   : CdmEngine::QueryStatus
10-31 17:13:38.693   562 19051 I WVCdm   : Level3 Library 4445 May 19 2017 17:17:20
10-31 17:13:38.698   562 19051 D QSEECOMAPI: : QSEECom_get_handle sb_length = 0x19000
10-31 17:13:38.698   562 19051 D QSEECOMAPI: : App is not loaded in QSEE
10-31 17:13:38.750   562 19051 D QSEECOMAPI: : Loaded image: APP id = 2948
10-31 17:13:38.755   562 19051 D QSAPPSVER: qsapps_get_capabilities: Capability from secure side: 0x0
10-31 17:13:38.755   562 19051 D QSAPPSVER: qsapps_get_capabilities: returns 0
10-31 17:13:38.755   562 19051 E DrmWidevineDash: sion_buffer g_wv_fhandle->ion_sbuffer  0x0xeee5a000
10-31 17:13:38.760   372   376 D DrmLibTime: got the req here! ret=0
10-31 17:13:38.760   372   376 D DrmLibTime: command id, time_cmd_id = 770
10-31 17:13:38.760   372   376 D DrmLibTime: time_getutcsec starts!
10-31 17:13:38.760   372   376 D DrmLibTime: QSEE Time Listener: time_getutcsec
10-31 17:13:38.760   372   376 D DrmLibTime: QSEE Time Listener: get_utc_seconds
10-31 17:13:38.760   372   376 D DrmLibTime: QSEE Time Listener: time_get_modem_time
10-31 17:13:38.760   372   376 D DrmLibTime: QSEE Time Listener: Checking if ATS_MODEM is set or not.
10-31 17:13:38.760   372   376 D QC-time-services: Lib:time_genoff_operation: pargs->base = 13
10-31 17:13:38.760   372   376 D QC-time-services: Lib:time_genoff_operation: pargs->operation = 2
10-31 17:13:38.760   372   376 D QC-time-services: Lib:time_genoff_operation: pargs->ts_val = 0
10-31 17:13:38.760   372   376 D QC-time-services: Lib:time_genoff_operation: Send to server  passed!!
10-31 17:13:38.760   625   647 D QC-time-services: Daemon: Connection accepted:time_genoff
10-31 17:13:38.761   625  5996 D QC-time-services: Daemon:Received base = 13, unit = 1, operation = 2,value = 0
10-31 17:13:38.761   625  5996 D QC-time-services: Daemon:genoff_opr: Base = 13, val = 0, operation = 2
10-31 17:13:38.761   625  5996 D QC-time-services: offset is: 0 for base: 13
10-31 17:13:38.761   372   376 E QC-time-services: Receive Passed == base = 13, unit = 1, operation = 2, result = 0
10-31 17:13:38.761   372   376 D DrmLibTime: QSEE Time Listener: ATS_MODEM is not set. Fallback to Android system time.
10-31 17:13:38.761   372   376 D DrmLibTime: QSEE Time Listener: Retrieved Android system time: 1667232818
10-31 17:13:38.761   372   376 D DrmLibTime: time_getutcsec returns 0, sec = 1667232818; nsec = 0
10-31 17:13:38.761   372   376 D DrmLibTime: time_getutcsec finished! 
10-31 17:13:38.761   372   376 D DrmLibTime: iotcl_continue_command finished! and return 0 
10-31 17:13:38.761   372   376 D DrmLibTime: before calling ioctl to read the next time_cmd
10-31 17:13:38.761   625   647 E QC-time-services: Daemon: Time-services: Waiting to acceptconnection
10-31 17:13:38.787   562 19051 D WVCdm   : OEMCrypto_Initialize Level 1 success. I will use level 1.
10-31 17:13:38.788   562 19051 D QSEECOMAPI: : QSEECom_dealloc_memory 
10-31 17:13:38.788   562 19051 D QSEECOMAPI: : QSEECom_shutdown_app, app_id = 2948
10-31 17:13:38.806   562  5487 I WVCdm   : CdmEngine::OpenSession
10-31 17:13:38.807   562  5487 I WVCdm   : Level3 Library 4445 May 19 2017 17:17:20
10-31 17:13:38.812   562  5487 D QSEECOMAPI: : QSEECom_get_handle sb_length = 0x19000
10-31 17:13:38.812   562  5487 D QSEECOMAPI: : App is not loaded in QSEE
10-31 17:13:38.859   562  5487 D QSEECOMAPI: : Loaded image: APP id = 2949
10-31 17:13:38.864   562  5487 D QSAPPSVER: qsapps_get_capabilities: Capability from secure side: 0x0
10-31 17:13:38.864   562  5487 D QSAPPSVER: qsapps_get_capabilities: returns 0
10-31 17:13:38.864   562  5487 E DrmWidevineDash: sion_buffer g_wv_fhandle->ion_sbuffer  0x0xeee5a000
10-31 17:13:38.867   372   376 D DrmLibTime: got the req here! ret=0
10-31 17:13:38.867   372   376 D DrmLibTime: command id, time_cmd_id = 770
10-31 17:13:38.867   372   376 D DrmLibTime: time_getutcsec starts!
10-31 17:13:38.867   372   376 D DrmLibTime: QSEE Time Listener: time_getutcsec
10-31 17:13:38.867   372   376 D DrmLibTime: QSEE Time Listener: get_utc_seconds
10-31 17:13:38.867   372   376 D DrmLibTime: QSEE Time Listener: time_get_modem_time
10-31 17:13:38.867   372   376 D DrmLibTime: QSEE Time Listener: Checking if ATS_MODEM is set or not.
10-31 17:13:38.867   372   376 D QC-time-services: Lib:time_genoff_operation: pargs->base = 13
10-31 17:13:38.867   372   376 D QC-time-services: Lib:time_genoff_operation: pargs->operation = 2
10-31 17:13:38.867   372   376 D QC-time-services: Lib:time_genoff_operation: pargs->ts_val = 0
10-31 17:13:38.868   372   376 D QC-time-services: Lib:time_genoff_operation: Send to server  passed!!
10-31 17:13:38.868   625   647 D QC-time-services: Daemon: Connection accepted:time_genoff
10-31 17:13:38.868   625  5997 D QC-time-services: Daemon:Received base = 13, unit = 1, operation = 2,value = 0
10-31 17:13:38.868   625  5997 D QC-time-services: Daemon:genoff_opr: Base = 13, val = 0, operation = 2
10-31 17:13:38.868   625  5997 D QC-time-services: offset is: 0 for base: 13
10-31 17:13:38.868   372   376 E QC-time-services: Receive Passed == base = 13, unit = 1, operation = 2, result = 0
10-31 17:13:38.868   372   376 D DrmLibTime: QSEE Time Listener: ATS_MODEM is not set. Fallback to Android system time.
10-31 17:13:38.868   372   376 D DrmLibTime: QSEE Time Listener: Retrieved Android system time: 1667232818
10-31 17:13:38.869   372   376 D DrmLibTime: time_getutcsec returns 0, sec = 1667232818; nsec = 0
10-31 17:13:38.869   372   376 D DrmLibTime: time_getutcsec finished! 
10-31 17:13:38.869   372   376 D DrmLibTime: iotcl_continue_command finished! and return 0 
10-31 17:13:38.869   372   376 D DrmLibTime: before calling ioctl to read the next time_cmd
10-31 17:13:38.869   625   647 E QC-time-services: Daemon: Time-services: Waiting to acceptconnection
10-31 17:13:38.905   562  5487 D WVCdm   : OEMCrypto_Initialize Level 1 success. I will use level 1.
10-31 17:13:38.906   562  5487 D WVCdm   : CryptoSession::Open: Lock: requested_security_level: L3
10-31 17:13:38.915   562  5487 W WVCdm   : DeviceFiles::RetrieveHashedFile: /data/mediadrm/IDM1013/L3/cert.bin does not exist
10-31 17:13:38.916   562  5487 D QSEECOMAPI: : QSEECom_dealloc_memory 
10-31 17:13:38.916   562  5487 D QSEECOMAPI: : QSEECom_shutdown_app, app_id = 2949
10-31 17:13:38.932   562 28303 I WVCdm   : Level3 Library 4445 May 19 2017 17:17:20
10-31 17:13:38.937   562 28303 D QSEECOMAPI: : QSEECom_get_handle sb_length = 0x19000
10-31 17:13:38.937   562 28303 D QSEECOMAPI: : App is not loaded in QSEE
10-31 17:13:38.994   562 28303 D QSEECOMAPI: : Loaded image: APP id = 2950
10-31 17:13:38.998   562 28303 D QSAPPSVER: qsapps_get_capabilities: Capability from secure side: 0x0
10-31 17:13:38.998   562 28303 D QSAPPSVER: qsapps_get_capabilities: returns 0
10-31 17:13:38.998   562 28303 E DrmWidevineDash: sion_buffer g_wv_fhandle->ion_sbuffer  0x0xeee5a000
10-31 17:13:39.001   372   376 D DrmLibTime: got the req here! ret=0
10-31 17:13:39.001   372   376 D DrmLibTime: command id, time_cmd_id = 770
10-31 17:13:39.001   372   376 D DrmLibTime: time_getutcsec starts!
10-31 17:13:39.001   372   376 D DrmLibTime: QSEE Time Listener: time_getutcsec
10-31 17:13:39.001   372   376 D DrmLibTime: QSEE Time Listener: get_utc_seconds
10-31 17:13:39.001   372   376 D DrmLibTime: QSEE Time Listener: time_get_modem_time
10-31 17:13:39.001   372   376 D DrmLibTime: QSEE Time Listener: Checking if ATS_MODEM is set or not.
10-31 17:13:39.001   372   376 D QC-time-services: Lib:time_genoff_operation: pargs->base = 13
10-31 17:13:39.002   372   376 D QC-time-services: Lib:time_genoff_operation: pargs->operation = 2
10-31 17:13:39.002   372   376 D QC-time-services: Lib:time_genoff_operation: pargs->ts_val = 0
10-31 17:13:39.002   372   376 D QC-time-services: Lib:time_genoff_operation: Send to server  passed!!
10-31 17:13:39.002   625   647 D QC-time-services: Daemon: Connection accepted:time_genoff
10-31 17:13:39.002   625  5998 D QC-time-services: Daemon:Received base = 13, unit = 1, operation = 2,value = 0
10-31 17:13:39.002   625  5998 D QC-time-services: Daemon:genoff_opr: Base = 13, val = 0, operation = 2
10-31 17:13:39.002   625  5998 D QC-time-services: offset is: 0 for base: 13
10-31 17:13:39.002   372   376 E QC-time-services: Receive Passed == base = 13, unit = 1, operation = 2, result = 0
10-31 17:13:39.002   372   376 D DrmLibTime: QSEE Time Listener: ATS_MODEM is not set. Fallback to Android system time.
10-31 17:13:39.002   372   376 D DrmLibTime: QSEE Time Listener: Retrieved Android system time: 1667232819
10-31 17:13:39.002   372   376 D DrmLibTime: time_getutcsec returns 0, sec = 1667232819; nsec = 0
10-31 17:13:39.002   372   376 D DrmLibTime: time_getutcsec finished! 
10-31 17:13:39.003   372   376 D DrmLibTime: iotcl_continue_command finished! and return 0 
10-31 17:13:39.003   372   376 D DrmLibTime: before calling ioctl to read the next time_cmd
10-31 17:13:39.003   625   647 E QC-time-services: Daemon: Time-services: Waiting to acceptconnection
10-31 17:13:39.029   562 28303 D WVCdm   : OEMCrypto_Initialize Level 1 success. I will use level 1.
10-31 17:13:39.029   562 28303 D WVCdm   : CryptoSession::Open: Lock: requested_security_level: L3
10-31 17:13:39.044  5059  5059 I cr_media: Provisioning origin ID BD705B331FEF995469170470124C71F3
10-31 17:13:39.048  5059  5059 I MediaDrm: Drm event (1,0)
10-31 17:13:39.048  5059  5059 E cr_media: EventListener: No session for event 1.
10-31 17:13:39.074  5999  5999 E /system/bin/webview_zygote32: failed to make and chown /acct/uid_99497: Permission denied
10-31 17:13:39.075  5999  5999 E Zygote  : createProcessGroup(99497, 0) failed: Permission denied
10-31 17:13:22.251   772   791 E BatteryStatsService: no controller energy info supplied
10-31 17:13:39.078   772 10893 I ActivityManager: Start proc 5999:com.android.chrome:sandboxed_process30/u0i497 for webview_service com.android.chrome/org.chromium.content.app.SandboxedProcessService30
10-31 17:13:39.099  5999  5999 I SamplingProfilerIntegration: Profiling disabled.
10-31 17:13:39.103   562   562 D QSEECOMAPI: : QSEECom_dealloc_memory 
10-31 17:13:39.103   562   562 D QSEECOMAPI: : QSEECom_shutdown_app, app_id = 2950
10-31 17:13:39.120  6012  6012 E asset   : setgid: Operation not permitted
10-31 17:13:39.123  5059  5059 I cr_media: Create MediaDrmBridge with level L1 and origin BD705B331FEF995469170470124C71F3
10-31 17:13:39.125   361   361 W /system/bin/hwservicemanager: getTransportFromManifest: Cannot find entry android.hardware.drm@1.0::IDrmFactory in either framework or device manifest, using default transport.
10-31 17:13:39.127   562   644 I DrmHal  : makeDrmFactories: using default drm instance
10-31 17:13:39.130   361   361 W /system/bin/hwservicemanager: getTransportFromManifest: Cannot find entry android.hardware.drm@1.0::IDrmFactory in either framework or device manifest, using default transport.
10-31 17:13:39.133   562 19050 I DrmHal  : makeDrmFactories: using default drm instance
10-31 17:13:39.134   562 28303 I WVCdm   : CdmEngine::QueryStatus
10-31 17:13:39.135   562 28303 I WVCdm   : Level3 Library 4445 May 19 2017 17:17:20
10-31 17:13:39.139   562 28303 D QSEECOMAPI: : QSEECom_get_handle sb_length = 0x19000
10-31 17:13:39.139   562 28303 D QSEECOMAPI: : App is not loaded in QSEE
10-31 17:13:39.152  5999  5999 I cr_SplitCompatApp: Launched version=106.0.5249.79 minSdkVersion=24 isBundle=true processName=com.android.chrome:sandboxed_process30 isIsolated=true
10-31 17:13:39.157  5999  5999 W SystemServiceRegistry: No service published for: uimode
10-31 17:13:39.170  5999  5999 I cr_ChildProcessService: Creating new ChildProcessService pid=5999
10-31 17:13:39.177  5999  5999 E WebViewFactory: can't load with relro file; address space not reserved
10-31 17:13:39.187  5999  6018 I cr_LibraryLoader: Successfully loaded native library
10-31 17:13:39.188  5999  6018 I cr_CachingUmaRecorder: Flushed 3 samples from 3 histograms.
10-31 17:13:39.189   562 28303 D QSEECOMAPI: : Loaded image: APP id = 2951
10-31 17:13:39.192   562 28303 D QSAPPSVER: qsapps_get_capabilities: Capability from secure side: 0x0
10-31 17:13:39.192   562 28303 D QSAPPSVER: qsapps_get_capabilities: returns 0
10-31 17:13:39.192   562 28303 E DrmWidevineDash: sion_buffer g_wv_fhandle->ion_sbuffer  0x0xeee5a000
10-31 17:13:39.196   372   376 D DrmLibTime: got the req here! ret=0
10-31 17:13:39.196   372   376 D DrmLibTime: command id, time_cmd_id = 770
10-31 17:13:39.196   372   376 D DrmLibTime: time_getutcsec starts!
10-31 17:13:39.196   372   376 D DrmLibTime: QSEE Time Listener: time_getutcsec
10-31 17:13:39.196   372   376 D DrmLibTime: QSEE Time Listener: get_utc_seconds
10-31 17:13:39.196   372   376 D DrmLibTime: QSEE Time Listener: time_get_modem_time
10-31 17:13:39.196   372   376 D DrmLibTime: QSEE Time Listener: Checking if ATS_MODEM is set or not.
10-31 17:13:39.196   372   376 D QC-time-services: Lib:time_genoff_operation: pargs->base = 13
10-31 17:13:39.196   372   376 D QC-time-services: Lib:time_genoff_operation: pargs->operation = 2
10-31 17:13:39.196   372   376 D QC-time-services: Lib:time_genoff_operation: pargs->ts_val = 0
10-31 17:13:39.196   372   376 D QC-time-services: Lib:time_genoff_operation: Send to server  passed!!
10-31 17:13:39.196   625   647 D QC-time-services: Daemon: Connection accepted:time_genoff
10-31 17:13:39.197   625  6019 D QC-time-services: Daemon:Received base = 13, unit = 1, operation = 2,value = 0
10-31 17:13:39.197   625  6019 D QC-time-services: Daemon:genoff_opr: Base = 13, val = 0, operation = 2
10-31 17:13:39.197   625  6019 D QC-time-services: offset is: 0 for base: 13
10-31 17:13:39.197   372   376 E QC-time-services: Receive Passed == base = 13, unit = 1, operation = 2, result = 0
10-31 17:13:39.197   372   376 D DrmLibTime: QSEE Time Listener: ATS_MODEM is not set. Fallback to Android system time.
10-31 17:13:39.197   372   376 D DrmLibTime: QSEE Time Listener: Retrieved Android system time: 1667232819
10-31 17:13:39.197   372   376 D DrmLibTime: time_getutcsec returns 0, sec = 1667232819; nsec = 0
10-31 17:13:39.197   372   376 D DrmLibTime: time_getutcsec finished! 
10-31 17:13:39.197   372   376 D DrmLibTime: iotcl_continue_command finished! and return 0 
10-31 17:13:39.197   372   376 D DrmLibTime: before calling ioctl to read the next time_cmd
10-31 17:13:39.197   625   647 E QC-time-services: Daemon: Time-services: Waiting to acceptconnection
10-31 17:13:39.229  6022  6022 W ThreadPoolForeg: type=1400 audit(0.0:16893): avc: denied { setattr } for name="LICENSE.txt" dev="dm-2" ino=1504958 scontext=u:r:isolated_app:s0:c512,c768 tcontext=u:object_r:app_data_file:s0:c512,c768 tclass=file permissive=0
10-31 17:13:39.233  6022  6022 W ThreadPoolForeg: type=1400 audit(0.0:16894): avc: denied { setattr } for name=46696C746572696E672052756C6573 dev="dm-2" ino=1504959 scontext=u:r:isolated_app:s0:c512,c768 tcontext=u:object_r:app_data_file:s0:c512,c768 tclass=file permissive=0
10-31 17:13:39.234   562 28303 D WVCdm   : OEMCrypto_Initialize Level 1 success. I will use level 1.
10-31 17:13:39.235   562 28303 D QSEECOMAPI: : QSEECom_dealloc_memory 
10-31 17:13:39.235   562 28303 D QSEECOMAPI: : QSEECom_shutdown_app, app_id = 2951
10-31 17:13:39.236  6022  6022 W ThreadPoolForeg: type=1400 audit(0.0:16895): avc: denied { setattr } for name="manifest.json" dev="dm-2" ino=1504960 scontext=u:r:isolated_app:s0:c512,c768 tcontext=u:object_r:app_data_file:s0:c512,c768 tclass=file permissive=0
10-31 17:13:39.239  6022  6022 W ThreadPoolForeg: type=1400 audit(0.0:16896): avc: denied { setattr } for name="verified_contents.json" dev="dm-2" ino=1504962 scontext=u:r:isolated_app:s0:c512,c768 tcontext=u:object_r:app_data_file:s0:c512,c768 tclass=file permissive=0
10-31 17:13:39.248   562 19050 I WVCdm   : CdmEngine::OpenSession
10-31 17:13:39.248   562 19050 I WVCdm   : Level3 Library 4445 May 19 2017 17:17:20
10-31 17:13:39.250  5999  6018 I chromium: [INFO:child_process_service.cc(69)] ChildProcessService: Exiting child process.
10-31 17:13:39.251   562 19050 D QSEECOMAPI: : QSEECom_get_handle sb_length = 0x19000
10-31 17:13:39.251   562 19050 D QSEECOMAPI: : App is not loaded in QSEE
10-31 17:13:39.252   422   422 E lowmemorykiller: Error writing /proc/5999/oom_score_adj; errno=22
10-31 17:13:39.253   772 13022 I ActivityManager: Killing 5999:com.android.chrome:sandboxed_process30/u0a60i497 (adj 0): isolated not needed
10-31 17:13:39.254   772   790 W zygote64: failed to open /acct/uid_99497/pid_5999/cgroup.procs: No such file or directory
10-31 17:13:39.297   562 19050 D QSEECOMAPI: : Loaded image: APP id = 2952
10-31 17:13:39.300   562 19050 D QSAPPSVER: qsapps_get_capabilities: Capability from secure side: 0x0
10-31 17:13:39.300   562 19050 D QSAPPSVER: qsapps_get_capabilities: returns 0
10-31 17:13:39.300   562 19050 E DrmWidevineDash: sion_buffer g_wv_fhandle->ion_sbuffer  0x0xeee5a000
10-31 17:13:39.303   372   376 D DrmLibTime: got the req here! ret=0
10-31 17:13:39.303   372   376 D DrmLibTime: command id, time_cmd_id = 770
10-31 17:13:39.303   372   376 D DrmLibTime: time_getutcsec starts!
10-31 17:13:39.303   372   376 D DrmLibTime: QSEE Time Listener: time_getutcsec
10-31 17:13:39.303   372   376 D DrmLibTime: QSEE Time Listener: get_utc_seconds
10-31 17:13:39.303   372   376 D DrmLibTime: QSEE Time Listener: time_get_modem_time
10-31 17:13:39.303   372   376 D DrmLibTime: QSEE Time Listener: Checking if ATS_MODEM is set or not.
10-31 17:13:39.303   372   376 D QC-time-services: Lib:time_genoff_operation: pargs->base = 13
10-31 17:13:39.303   372   376 D QC-time-services: Lib:time_genoff_operation: pargs->operation = 2
10-31 17:13:39.303   372   376 D QC-time-services: Lib:time_genoff_operation: pargs->ts_val = 0
10-31 17:13:39.303   372   376 D QC-time-services: Lib:time_genoff_operation: Send to server  passed!!
10-31 17:13:39.303   625   647 D QC-time-services: Daemon: Connection accepted:time_genoff
10-31 17:13:39.304   625  6026 D QC-time-services: Daemon:Received base = 13, unit = 1, operation = 2,value = 0
10-31 17:13:39.304   625  6026 D QC-time-services: Daemon:genoff_opr: Base = 13, val = 0, operation = 2
10-31 17:13:39.304   625  6026 D QC-time-services: offset is: 0 for base: 13
10-31 17:13:39.304   372   376 E QC-time-services: Receive Passed == base = 13, unit = 1, operation = 2, result = 0
10-31 17:13:39.304   372   376 D DrmLibTime: QSEE Time Listener: ATS_MODEM is not set. Fallback to Android system time.
