10-31 17:12:44.567  5427  5473 I cr_CachingUmaRecorder: Flushed 3 samples from 3 histograms.
10-31 17:12:44.572  5059  5059 W chromium: [WARNING:compositor_view.cc(342)] Child process died (type=6) pid=5316)
10-31 17:12:44.580  5343  5428 I chromium: [INFO:child_process_service.cc(69)] ChildProcessService: Exiting child process.
10-31 17:12:44.582   422   422 E lowmemorykiller: Error writing /proc/5343/oom_score_adj; errno=22
10-31 17:12:44.582   772 10895 I ActivityManager: Killing 5343:com.android.chrome:sandboxed_process7/u0a60i474 (adj 0): isolated not needed
10-31 17:12:44.584   772   790 W zygote64: failed to open /acct/uid_99474/pid_5343/cgroup.procs: No such file or directory
10-31 17:12:44.588  5376  5435 I chromium: [INFO:child_process_service.cc(69)] ChildProcessService: Exiting child process.
10-31 17:12:44.589  5358  5426 I chromium: [INFO:child_process_service.cc(69)] ChildProcessService: Exiting child process.
10-31 17:12:44.589  5330  5425 I chromium: [INFO:child_process_service.cc(69)] ChildProcessService: Exiting child process.
10-31 17:12:44.591   422   422 E lowmemorykiller: Error writing /proc/5376/oom_score_adj; errno=22
10-31 17:12:44.591   772 10894 I ActivityManager: Killing 5376:com.android.chrome:sandboxed_process9/u0a60i476 (adj 0): isolated not needed
10-31 17:12:44.592   772   790 W zygote64: failed to open /acct/uid_99476/pid_5376/cgroup.procs: No such file or directory
10-31 17:12:44.592   422   422 E lowmemorykiller: Error writing /proc/5330/oom_score_adj; errno=22
10-31 17:12:44.593   772  3854 I ActivityManager: Killing 5330:com.android.chrome:sandboxed_process6/u0a60i473 (adj 0): isolated not needed
10-31 17:12:44.594   422   422 E lowmemorykiller: Error writing /proc/5358/oom_score_adj; errno=22
10-31 17:12:44.594   772 13022 I ActivityManager: Killing 5358:com.android.chrome:sandboxed_process8/u0a60i475 (adj 0): isolated not needed
10-31 17:12:44.596   772   790 W zygote64: failed to open /acct/uid_99473/pid_5330/cgroup.procs: No such file or directory
10-31 17:12:44.596   772   790 W zygote64: failed to open /acct/uid_99475/pid_5358/cgroup.procs: No such file or directory
10-31 17:12:44.612  5059  5059 W chromium: [WARNING:compositor_view.cc(342)] Child process died (type=6) pid=5376)
10-31 17:12:44.614  5059  5059 W chromium: [WARNING:compositor_view.cc(342)] Child process died (type=6) pid=5358)
10-31 17:12:44.620  5482  5482 E /system/bin/webview_zygote32: failed to make and chown /acct/uid_99478: Permission denied
10-31 17:12:44.621  5482  5482 E Zygote  : createProcessGroup(99478, 0) failed: Permission denied
10-31 17:12:44.621  5427  5473 I chromium: [INFO:child_process_service.cc(69)] ChildProcessService: Exiting child process.
10-31 17:12:44.635   772  1259 I ActivityManager: Start proc 5482:com.android.chrome:sandboxed_process11/u0i478 for webview_service com.android.chrome/org.chromium.content.app.SandboxedProcessService11
10-31 17:12:44.638  5482  5482 I SamplingProfilerIntegration: Profiling disabled.
10-31 17:12:44.649  5059  5059 W chromium: [WARNING:compositor_view.cc(342)] Child process died (type=6) pid=5330)
10-31 17:12:44.650  5059  5059 W chromium: [WARNING:compositor_view.cc(342)] Child process died (type=6) pid=5343)
10-31 17:12:44.651  5059  5059 W chromium: [WARNING:compositor_view.cc(342)] Child process died (type=6) pid=5427)
10-31 17:12:44.652  5059  5059 I Choreographer: Skipped 56 frames!  The application may be doing too much work on its main thread.
10-31 17:12:44.669   772 10893 I ActivityManager: Process com.android.chrome:sandboxed_process10 (pid 5427) has died: vis  TOP 
10-31 17:12:44.669   772 10893 W ActivityManager: Scheduling restart of crashed service com.android.chrome/org.chromium.content.app.SandboxedProcessService10 in 1000ms
10-31 17:12:44.669   772   790 W zygote64: failed to open /acct/uid_99477/pid_5427/cgroup.procs: No such file or directory
10-31 17:12:44.690  5502  5502 E asset   : setgid: Operation not permitted
10-31 17:12:44.733  5059  5059 W StaticLayout: maxLineHeight should not be -1.  maxLines:1 lineCount:1
10-31 17:12:44.767  5482  5482 I cr_SplitCompatApp: Launched version=106.0.5249.79 minSdkVersion=24 isBundle=true processName=com.android.chrome:sandboxed_process11 isIsolated=true
10-31 17:12:44.780  5482  5482 W SystemServiceRegistry: No service published for: uimode
10-31 17:12:44.795  5482  5482 I cr_ChildProcessService: Creating new ChildProcessService pid=5482
10-31 17:12:44.804  5482  5482 E WebViewFactory: can't load with relro file; address space not reserved
10-31 17:12:44.817   772   797 I ActivityManager: Displayed com.android.chrome/com.google.android.apps.chrome.Main: +1s336ms
10-31 17:12:44.825  5482  5507 I cr_LibraryLoader: Successfully loaded native library
10-31 17:12:44.826  5482  5507 I cr_CachingUmaRecorder: Flushed 3 samples from 3 histograms.
10-31 17:12:44.841   772 29404 I ActivityManager: Start proc 5511:com.android.chrome:sandboxed_process12/u0i479 for webview_service com.android.chrome/org.chromium.content.app.SandboxedProcessService12
10-31 17:12:44.845  5511  5511 E /system/bin/webview_zygote32: failed to make and chown /acct/uid_99479: Permission denied
10-31 17:12:44.845  5511  5511 E Zygote  : createProcessGroup(99479, 0) failed: Permission denied
10-31 17:12:44.863   772 13022 I ActivityManager: Start proc 5520:com.android.chrome:sandboxed_process13/u0i480 for webview_service com.android.chrome/org.chromium.content.app.SandboxedProcessService13
10-31 17:12:44.864  5520  5520 E /system/bin/webview_zygote32: failed to make and chown /acct/uid_99480: Permission denied
10-31 17:12:44.865  5520  5520 E Zygote  : createProcessGroup(99480, 0) failed: Permission denied
10-31 17:12:44.881  5533  5533 E /system/bin/webview_zygote32: failed to make and chown /acct/uid_99481: Permission denied
10-31 17:12:44.881  5533  5533 E Zygote  : createProcessGroup(99481, 0) failed: Permission denied
10-31 17:12:44.884   772  1327 I ActivityManager: Start proc 5533:com.android.chrome:sandboxed_process14/u0i481 for webview_service com.android.chrome/org.chromium.content.app.SandboxedProcessService14
10-31 17:12:44.888  5520  5520 I SamplingProfilerIntegration: Profiling disabled.
10-31 17:12:44.891  5511  5511 I SamplingProfilerIntegration: Profiling disabled.
10-31 17:12:44.898  5482  5507 I chromium: [INFO:child_process_service.cc(69)] ChildProcessService: Exiting child process.
10-31 17:12:44.914  5533  5533 I SamplingProfilerIntegration: Profiling disabled.
10-31 17:12:44.929  5560  5560 E /system/bin/webview_zygote32: failed to make and chown /acct/uid_99482: Permission denied
10-31 17:12:44.929  5560  5560 E Zygote  : createProcessGroup(99482, 0) failed: Permission denied
10-31 17:12:44.933   772  4539 I ActivityManager: Start proc 5560:com.android.chrome:sandboxed_process15/u0i482 for webview_service com.android.chrome/org.chromium.content.app.SandboxedProcessService15
10-31 17:12:44.945  5560  5560 I SamplingProfilerIntegration: Profiling disabled.
10-31 17:12:44.955   772  3854 I ActivityManager: Process com.android.chrome:sandboxed_process11 (pid 5482) has died: vis  TOP 
10-31 17:12:44.956  5574  5574 E asset   : setgid: Operation not permitted
10-31 17:12:44.956   772  3854 W ActivityManager: Scheduling restart of crashed service com.android.chrome/org.chromium.content.app.SandboxedProcessService11 in 1000ms
10-31 17:12:44.956   772   790 W zygote64: failed to open /acct/uid_99478/pid_5482/cgroup.procs: No such file or directory
10-31 17:12:44.967  5576  5576 E asset   : setgid: Operation not permitted
10-31 17:12:44.978  5059  5059 W chromium: [WARNING:compositor_view.cc(342)] Child process died (type=6) pid=5482)
10-31 17:12:44.992  5582  5582 E asset   : setgid: Operation not permitted
10-31 17:12:44.994  5578  5578 E /system/bin/webview_zygote32: failed to make and chown /acct/uid_99483: Permission denied
10-31 17:12:44.994  5578  5578 E Zygote  : createProcessGroup(99483, 0) failed: Permission denied
10-31 17:12:44.994  5059  5129 W chromium: [WARNING:spdy_session.cc(3502)] Received HEADERS for invalid stream 3
10-31 17:12:44.997  5581  5581 E asset   : setgid: Operation not permitted
10-31 17:12:45.001   772  1259 I ActivityManager: Start proc 5578:com.android.chrome:sandboxed_process16/u0i483 for webview_service com.android.chrome/org.chromium.content.app.SandboxedProcessService16
10-31 17:12:45.016  5578  5578 I SamplingProfilerIntegration: Profiling disabled.
10-31 17:12:45.020  5520  5520 I cr_SplitCompatApp: Launched version=106.0.5249.79 minSdkVersion=24 isBundle=true processName=com.android.chrome:sandboxed_process13 isIsolated=true
10-31 17:12:45.027  5511  5511 I cr_SplitCompatApp: Launched version=106.0.5249.79 minSdkVersion=24 isBundle=true processName=com.android.chrome:sandboxed_process12 isIsolated=true
10-31 17:12:45.036  5520  5520 W SystemServiceRegistry: No service published for: uimode
10-31 17:12:45.040 29458 29458 E WorkerRegistryImpl: getWorker() is called after WorkerRegistry disposal.
10-31 17:12:45.041 29458 29458 E WorkerRegistryImpl: getWorker() is called after WorkerRegistry disposal.
10-31 17:12:45.049  5511  5511 W SystemServiceRegistry: No service published for: uimode
10-31 17:12:45.058 29458 29458 I MemoryTrimmer: Trimming objects from memory, since app is in the background.
10-31 17:12:45.066  5533  5533 I cr_SplitCompatApp: Launched version=106.0.5249.79 minSdkVersion=24 isBundle=true processName=com.android.chrome:sandboxed_process14 isIsolated=true
10-31 17:12:45.067  5599  5599 E asset   : setgid: Operation not permitted
10-31 17:12:45.071  5059  5125 W cr_CrashFileManager: /data/user/0/com.android.chrome/cache/Crash Reports does not exist or is not a directory
10-31 17:12:45.071  5059  5125 I chatty  : uid=10060(u0_a60) identical 1 line
10-31 17:12:45.071  5059  5125 W cr_CrashFileManager: /data/user/0/com.android.chrome/cache/Crash Reports does not exist or is not a directory
10-31 17:12:45.073  5059  5103 I cr_BindingManager: Moderate binding enabled: maxSize=40
10-31 17:12:45.077  5533  5533 W SystemServiceRegistry: No service published for: uimode
10-31 17:12:45.081  5520  5520 I cr_ChildProcessService: Creating new ChildProcessService pid=5520
10-31 17:12:45.087  5511  5511 I cr_ChildProcessService: Creating new ChildProcessService pid=5511
10-31 17:12:45.093  5520  5520 E WebViewFactory: can't load with relro file; address space not reserved
10-31 17:12:45.095  5511  5511 E WebViewFactory: can't load with relro file; address space not reserved
10-31 17:12:45.097  5560  5560 I cr_SplitCompatApp: Launched version=106.0.5249.79 minSdkVersion=24 isBundle=true processName=com.android.chrome:sandboxed_process15 isIsolated=true
10-31 17:12:45.108  5533  5533 I cr_ChildProcessService: Creating new ChildProcessService pid=5533
10-31 17:12:45.108   772  1259 I ActivityManager: START u0 {act=android.intent.action.VIEW dat=http://192.168.178.178:5500/... flg=0x10000000 cmp=com.android.chrome/com.google.android.apps.chrome.Main} from uid 2000
10-31 17:12:45.114  5560  5560 W SystemServiceRegistry: No service published for: uimode
10-31 17:12:45.125  5511  5604 I cr_LibraryLoader: Successfully loaded native library
10-31 17:12:45.125  5511  5604 I cr_CachingUmaRecorder: Flushed 3 samples from 3 histograms.
10-31 17:12:45.136  5560  5560 I cr_ChildProcessService: Creating new ChildProcessService pid=5560
10-31 17:12:45.136  5533  5533 E WebViewFactory: can't load with relro file; address space not reserved
10-31 17:12:45.140  5520  5603 I cr_LibraryLoader: Successfully loaded native library
10-31 17:12:45.140  5520  5603 I cr_CachingUmaRecorder: Flushed 3 samples from 3 histograms.
10-31 17:12:45.150  5560  5560 E WebViewFactory: can't load with relro file; address space not reserved
10-31 17:12:45.151   772 10893 W AppOps  : Bad call: specified package com.google.android.gms under uid 10045 but it is really 10020
10-31 17:12:45.151   772 10893 W AppOps  : java.lang.RuntimeException: here
10-31 17:12:45.151   772 10893 W AppOps  : 	at com.android.server.AppOpsService.getOpsRawLocked(AppOpsService.java:1319)
10-31 17:12:45.151   772 10893 W AppOps  : 	at com.android.server.AppOpsService.checkPackage(AppOpsService.java:1038)
10-31 17:12:45.151   772 10893 W AppOps  : 	at com.android.internal.app.IAppOpsService$Stub.onTransact(IAppOpsService.java:169)
10-31 17:12:45.151   772 10893 W AppOps  : 	at android.os.Binder.execTransact(Binder.java:674)
10-31 17:12:45.161   772 32228 W AppOps  : Bad call: specified package com.google.android.gms under uid 10045 but it is really 10020
10-31 17:12:45.161   772 32228 W AppOps  : java.lang.RuntimeException: here
10-31 17:12:45.161   772 32228 W AppOps  : 	at com.android.server.AppOpsService.getOpsRawLocked(AppOpsService.java:1319)
10-31 17:12:45.161   772 32228 W AppOps  : 	at com.android.server.AppOpsService.checkPackage(AppOpsService.java:1038)
10-31 17:12:45.161   772 32228 W AppOps  : 	at com.android.internal.app.IAppOpsService$Stub.onTransact(IAppOpsService.java:169)
10-31 17:12:45.161   772 32228 W AppOps  : 	at android.os.Binder.execTransact(Binder.java:674)
10-31 17:12:45.165  5560  5609 I cr_LibraryLoader: Successfully loaded native library
10-31 17:12:45.168  5560  5609 I cr_CachingUmaRecorder: Flushed 3 samples from 3 histograms.
10-31 17:12:45.170  5578  5578 I cr_SplitCompatApp: Launched version=106.0.5249.79 minSdkVersion=24 isBundle=true processName=com.android.chrome:sandboxed_process16 isIsolated=true
10-31 17:12:45.172  5533  5607 I cr_LibraryLoader: Successfully loaded native library
10-31 17:12:45.177  5533  5607 I cr_CachingUmaRecorder: Flushed 3 samples from 3 histograms.
10-31 17:12:45.180  5578  5578 W SystemServiceRegistry: No service published for: uimode
10-31 17:12:45.195  5578  5578 I cr_ChildProcessService: Creating new ChildProcessService pid=5578
10-31 17:12:45.206  5578  5578 E WebViewFactory: can't load with relro file; address space not reserved
10-31 17:12:45.217  5578  5639 I cr_LibraryLoader: Successfully loaded native library
10-31 17:12:45.219  5578  5639 I cr_CachingUmaRecorder: Flushed 3 samples from 3 histograms.
10-31 17:12:45.224  5059  5059 E cr_IntentUtils: getInt failed on bundle null
10-31 17:12:45.228  5059  5059 E ResourceType: Style contains key with bad entry: 0x0101062c
10-31 17:12:45.253  5648  5648 E /system/bin/webview_zygote32: failed to make and chown /acct/uid_99484: Permission denied
10-31 17:12:45.254   772  1327 I ActivityManager: Start proc 5648:com.android.chrome:sandboxed_process17/u0i484 for webview_service com.android.chrome/org.chromium.content.app.SandboxedProcessService17
10-31 17:12:45.254  5648  5648 E Zygote  : createProcessGroup(99484, 0) failed: Permission denied
10-31 17:12:45.269  5059  5059 I cr_tabmodel: Appending tabs being restored to metadata lists, 0, startingNormalCount: 2, startingIncognitoCount: 0
10-31 17:12:45.269  5059  5059 I cr_tabmodel: Serializing tab lists; counts: 2, 0
10-31 17:12:45.285  5648  5648 I SamplingProfilerIntegration: Profiling disabled.
10-31 17:12:45.310  5664  5664 E asset   : setgid: Operation not permitted
10-31 17:12:45.323  5059  5059 I cr_OfflineDetector: Running updateState mConnectivityDetectorInitialized: true, mTimeWhenLastForegrounded: 1108819489, getElapsedTime: 1108819489, mTimeWhenLastOfflineNotificationReceived: 0, mTimeWhenLastOnline: 1108818374, mApplicationState: 1, mIsOfflineLastReportedByConnectivityDetector: false, mIsEffectivelyOffline: false
10-31 17:12:45.323  5059  5059 I cr_OfflineDetector: updateState(): timeSinceLastForeground: 0, timeSinceOfflineNotificationReceived: 1108819489, timeSinceLastOnline: 1115, timeNeededForForeground: 2000, timeNeededForOffline: -1108817489
10-31 17:12:45.343  5511  5604 I chromium: [INFO:child_process_service.cc(69)] ChildProcessService: Exiting child process.
10-31 17:12:45.347   422   422 E lowmemorykiller: Error writing /proc/5511/oom_score_adj; errno=22
10-31 17:12:45.348   772 20193 I ActivityManager: Killing 5511:com.android.chrome:sandboxed_process12/u0a60i479 (adj 0): isolated not needed
10-31 17:12:45.349   772   790 W zygote64: failed to open /acct/uid_99479/pid_5511/cgroup.procs: No such file or directory
10-31 17:12:45.349  5520  5603 I chromium: [INFO:child_process_service.cc(69)] ChildProcessService: Exiting child process.
10-31 17:12:45.352   422   422 E lowmemorykiller: Error writing /proc/5520/oom_score_adj; errno=22
10-31 17:12:45.352  5533  5607 I chromium: [INFO:child_process_service.cc(69)] ChildProcessService: Exiting child process.
10-31 17:12:45.353   772  3037 I ActivityManager: Killing 5520:com.android.chrome:sandboxed_process13/u0a60i480 (adj 0): isolated not needed
10-31 17:12:45.354  5560  5609 I chromium: [INFO:child_process_service.cc(69)] ChildProcessService: Exiting child process.
10-31 17:12:45.355   422   422 E lowmemorykiller: Error writing /proc/5533/oom_score_adj; errno=22
10-31 17:12:45.355  5648  5648 I cr_SplitCompatApp: Launched version=106.0.5249.79 minSdkVersion=24 isBundle=true processName=com.android.chrome:sandboxed_process17 isIsolated=true
10-31 17:12:45.356   772  1259 I ActivityManager: Killing 5533:com.android.chrome:sandboxed_process14/u0a60i481 (adj 0): isolated not needed
10-31 17:12:45.363  5578  5639 I chromium: [INFO:child_process_service.cc(69)] ChildProcessService: Exiting child process.
10-31 17:12:45.364   422   422 E lowmemorykiller: Error writing /proc/5560/oom_score_adj; errno=22
10-31 17:12:45.365   772 10895 I ActivityManager: Killing 5560:com.android.chrome:sandboxed_process15/u0a60i482 (adj 0): isolated not needed
10-31 17:12:45.370   772   790 W zygote64: failed to open /acct/uid_99480/pid_5520/cgroup.procs: No such file or directory
10-31 17:12:45.370   772   790 W zygote64: failed to open /acct/uid_99481/pid_5533/cgroup.procs: No such file or directory
10-31 17:12:45.370   772   790 W zygote64: failed to open /acct/uid_99482/pid_5560/cgroup.procs: No such file or directory
10-31 17:12:45.376  5059  5059 W chromium: [WARNING:compositor_view.cc(342)] Child process died (type=6) pid=5520)
10-31 17:12:45.377   422   422 E lowmemorykiller: Error writing /proc/5578/oom_score_adj; errno=22
10-31 17:12:45.377   772  1327 I ActivityManager: Killing 5578:com.android.chrome:sandboxed_process16/u0a60i483 (adj 0): isolated not needed
10-31 17:12:45.381   772   790 W zygote64: failed to open /acct/uid_99483/pid_5578/cgroup.procs: No such file or directory
10-31 17:12:45.387  5648  5648 W SystemServiceRegistry: No service published for: uimode
10-31 17:12:45.397  5667  5667 E /system/bin/webview_zygote32: failed to make and chown /acct/uid_99485: Permission denied
10-31 17:12:45.397  5667  5667 E Zygote  : createProcessGroup(99485, 0) failed: Permission denied
10-31 17:12:45.398  5059  5059 W ResourceType: Failure getting entry for 0x7f010216 (t=0 e=534) (error -75)
10-31 17:12:45.399  5059  5059 W ResourceType: Failure getting entry for 0x7f0107c9 (t=0 e=1993) (error -75)
10-31 17:12:45.400   772   996 I ActivityManager: Start proc 5667:com.android.chrome:sandboxed_process18/u0i485 for webview_service com.android.chrome/org.chromium.content.app.SandboxedProcessService18
10-31 17:12:45.419  5648  5648 I cr_ChildProcessService: Creating new ChildProcessService pid=5648
10-31 17:12:45.441  5059  5059 W chromium: [WARNING:compositor_view.cc(342)] Child process died (type=6) pid=5533)
10-31 17:12:45.443  5648  5648 E WebViewFactory: can't load with relro file; address space not reserved
10-31 17:12:45.447  5059  5059 W chromium: [WARNING:compositor_view.cc(342)] Child process died (type=6) pid=5560)
10-31 17:12:45.447  5667  5667 I SamplingProfilerIntegration: Profiling disabled.
10-31 17:12:45.450  5059  5059 W chromium: [WARNING:compositor_view.cc(342)] Child process died (type=6) pid=5578)
10-31 17:12:45.454  5059  5059 W chromium: [WARNING:compositor_view.cc(342)] Child process died (type=6) pid=5511)
10-31 17:12:45.462  5682  5682 E /system/bin/webview_zygote32: failed to make and chown /acct/uid_99486: Permission denied
10-31 17:12:45.462  5682  5682 E Zygote  : createProcessGroup(99486, 0) failed: Permission denied
10-31 17:12:45.475   772  4540 I ActivityManager: Start proc 5682:com.android.chrome:sandboxed_process19/u0i486 for webview_service com.android.chrome/org.chromium.content.app.SandboxedProcessService19
10-31 17:12:45.477  5682  5682 I SamplingProfilerIntegration: Profiling disabled.
10-31 17:12:45.482   772   781 I zygote64: Background concurrent copying GC freed 57867(3MB) AllocSpace objects, 69(1724KB) LOS objects, 42% free, 18MB/32MB, paused 213us total 200.360ms
10-31 17:12:45.507  5694  5694 E asset   : setgid: Operation not permitted
10-31 17:12:45.509   772  4540 I ActivityManager: Start proc 5695:com.android.chrome:sandboxed_process20/u0i487 for webview_service com.android.chrome/org.chromium.content.app.SandboxedProcessService20
10-31 17:12:45.518  5695  5695 E /system/bin/webview_zygote32: failed to make and chown /acct/uid_99487: Permission denied
10-31 17:12:45.518  5695  5695 E Zygote  : createProcessGroup(99487, 0) failed: Permission denied
10-31 17:12:45.522 29458 29458 I MemoryTrimmer: Trimming objects from memory, since app is in the background.
10-31 17:12:45.541  5059  5069 I zygote  : Background concurrent copying GC freed 136509(5MB) AllocSpace objects, 8(160KB) LOS objects, 49% free, 4MB/9MB, paused 1.310ms total 130.700ms
10-31 17:12:45.545  5707  5707 E /system/bin/webview_zygote32: failed to make and chown /acct/uid_99488: Permission denied
10-31 17:12:45.545   772 13071 I ActivityManager: Start proc 5707:com.android.chrome:sandboxed_process21/u0i488 for webview_service com.android.chrome/org.chromium.content.app.SandboxedProcessService21
10-31 17:12:45.545  5707  5707 E Zygote  : createProcessGroup(99488, 0) failed: Permission denied
10-31 17:12:45.564  5648  5674 I cr_LibraryLoader: Successfully loaded native library
10-31 17:12:45.564  5695  5695 I SamplingProfilerIntegration: Profiling disabled.
10-31 17:12:45.565  5648  5674 I cr_CachingUmaRecorder: Flushed 3 samples from 3 histograms.
10-31 17:12:45.575  5667  5667 I cr_SplitCompatApp: Launched version=106.0.5249.79 minSdkVersion=24 isBundle=true processName=com.android.chrome:sandboxed_process18 isIsolated=true
10-31 17:12:45.580  5721  5721 E asset   : setgid: Operation not permitted
10-31 17:12:45.590  5667  5667 W SystemServiceRegistry: No service published for: uimode
10-31 17:12:45.606  5707  5707 I SamplingProfilerIntegration: Profiling disabled.
10-31 17:12:45.615  5732  5732 E asset   : setgid: Operation not permitted
10-31 17:12:45.616  5667  5667 I cr_ChildProcessService: Creating new ChildProcessService pid=5667
10-31 17:12:45.630  5667  5667 E WebViewFactory: can't load with relro file; address space not reserved
10-31 17:12:45.637  5735  5735 E asset   : setgid: Operation not permitted
10-31 17:12:45.645  5682  5682 I cr_SplitCompatApp: Launched version=106.0.5249.79 minSdkVersion=24 isBundle=true processName=com.android.chrome:sandboxed_process19 isIsolated=true
10-31 17:12:45.648  5667  5733 I cr_LibraryLoader: Successfully loaded native library
10-31 17:12:45.651  5667  5733 I cr_CachingUmaRecorder: Flushed 3 samples from 3 histograms.
10-31 17:12:45.656  5682  5682 W SystemServiceRegistry: No service published for: uimode
10-31 17:12:45.675  5707  5707 I cr_SplitCompatApp: Launched version=106.0.5249.79 minSdkVersion=24 isBundle=true processName=com.android.chrome:sandboxed_process21 isIsolated=true
10-31 17:12:45.682  5682  5682 I cr_ChildProcessService: Creating new ChildProcessService pid=5682
10-31 17:12:45.687  5695  5695 I cr_SplitCompatApp: Launched version=106.0.5249.79 minSdkVersion=24 isBundle=true processName=com.android.chrome:sandboxed_process20 isIsolated=true
10-31 17:12:45.688  5682  5682 E WebViewFactory: can't load with relro file; address space not reserved
10-31 17:12:45.689  5707  5707 W SystemServiceRegistry: No service published for: uimode
10-31 17:12:45.698  5695  5695 W SystemServiceRegistry: No service published for: uimode
10-31 17:12:45.718  5695  5695 I cr_ChildProcessService: Creating new ChildProcessService pid=5695
10-31 17:12:45.721  5707  5707 I cr_ChildProcessService: Creating new ChildProcessService pid=5707
10-31 17:12:45.725  5682  5738 I cr_LibraryLoader: Successfully loaded native library
10-31 17:12:45.727  5682  5738 I cr_CachingUmaRecorder: Flushed 3 samples from 3 histograms.
10-31 17:12:45.737  5695  5695 E WebViewFactory: can't load with relro file; address space not reserved
10-31 17:12:45.741  5667  5733 I chromium: [INFO:child_process_service.cc(69)] ChildProcessService: Exiting child process.
10-31 17:12:45.743   422   422 E lowmemorykiller: Error writing /proc/5667/oom_score_adj; errno=22
10-31 17:12:45.744   772  3041 I ActivityManager: Killing 5667:com.android.chrome:sandboxed_process18/u0a60i485 (adj 0): isolated not needed
10-31 17:12:45.744   772   790 W zygote64: failed to open /acct/uid_99485/pid_5667/cgroup.procs: No such file or directory
10-31 17:12:45.747  5707  5707 E WebViewFactory: can't load with relro file; address space not reserved
10-31 17:12:45.760  5707  5750 I cr_LibraryLoader: Successfully loaded native library
10-31 17:12:45.762  5707  5750 I cr_CachingUmaRecorder: Flushed 3 samples from 3 histograms.
10-31 17:12:45.770  5695  5747 I cr_LibraryLoader: Successfully loaded native library
10-31 17:12:45.771  5695  5747 I cr_CachingUmaRecorder: Flushed 3 samples from 3 histograms.
10-31 17:12:45.792  5707  5750 I chromium: [INFO:child_process_service.cc(69)] ChildProcessService: Exiting child process.
10-31 17:12:45.794   422   422 E lowmemorykiller: Error writing /proc/5707/oom_score_adj; errno=22
10-31 17:12:45.794   772  1259 I ActivityManager: Killing 5707:com.android.chrome:sandboxed_process21/u0a60i488 (adj 0): isolated not needed
10-31 17:12:45.796   772   790 W zygote64: failed to open /acct/uid_99488/pid_5707/cgroup.procs: No such file or directory
10-31 17:12:45.800  5059  5059 W chromium: [WARNING:compositor_view.cc(342)] Child process died (type=6) pid=5667)
10-31 17:12:45.809  5682  5738 I chromium: [INFO:child_process_service.cc(69)] ChildProcessService: Exiting child process.
10-31 17:12:45.811   422   422 E lowmemorykiller: Error writing /proc/5682/oom_score_adj; errno=22
10-31 17:12:45.813  5059  5059 W chromium: [WARNING:compositor_view.cc(342)] Child process died (type=6) pid=5707)
10-31 17:12:45.814   772   785 I ActivityManager: Killing 5682:com.android.chrome:sandboxed_process19/u0a60i486 (adj 0): isolated not needed
10-31 17:12:45.814   772   790 W zygote64: failed to open /acct/uid_99486/pid_5682/cgroup.procs: No such file or directory
10-31 17:12:45.840  5059  5059 W chromium: [WARNING:compositor_view.cc(342)] Child process died (type=6) pid=5682)
10-31 17:12:45.845  5695  5747 I chromium: [INFO:child_process_service.cc(69)] ChildProcessService: Exiting child process.
10-31 17:12:45.847   422   422 E lowmemorykiller: Error writing /proc/5695/oom_score_adj; errno=22
10-31 17:12:45.848   772  3041 I ActivityManager: Killing 5695:com.android.chrome:sandboxed_process20/u0a60i487 (adj 0): isolated not needed
10-31 17:12:45.849   772   790 W zygote64: failed to open /acct/uid_99487/pid_5695/cgroup.procs: No such file or directory
10-31 17:12:45.862  5059  5059 W chromium: [WARNING:compositor_view.cc(342)] Child process died (type=6) pid=5695)
10-31 17:12:46.148 29692 29702 I zygote64: Background concurrent copying GC freed 18383(1255KB) AllocSpace objects, 12(240KB) LOS objects, 49% free, 5MB/10MB, paused 13.649ms total 108.999ms
10-31 17:12:46.220 29692  5774 I DynamiteModule: Considering local module com.google.android.gms.cronet_dynamite:0 and remote module com.google.android.gms.cronet_dynamite:1611
10-31 17:12:46.234 29692  5774 I DynamiteModule: Selected remote version of com.google.android.gms.cronet_dynamite, version >= 1611
10-31 17:12:46.287 29692  5774 W zygote64: Skipping duplicate class check due to unrecognized classloader
10-31 17:12:46.299  5059  5070 I vndksupport: sphal namespace is not configured for this process. Loading libutils.so from the current namespace instead.
10-31 17:12:46.300  5104  5115 I vndksupport: sphal namespace is not configured for this process. Loading libutils.so from the current namespace instead.
10-31 17:12:46.300  5648  5663 I vndksupport: sphal namespace is not configured for this process. Loading libutils.so from the current namespace instead.
10-31 17:12:46.300  5135  5148 I vndksupport: sphal namespace is not configured for this process. Loading libutils.so from the current namespace instead.
10-31 17:12:46.316   556   688 E Parcel  : Reading a NULL string not supported here.
10-31 17:12:46.316   556   688 W Parcel  : **** enforceInterface() expected 'IAAudioService' but read ''
10-31 17:12:46.317   360   360 E SELinux : avc:  denied  { find } for service=android.service.gatekeeper.IGateKeeperService pid=5777 uid=2000 scontext=u:r:shell:s0 tcontext=u:object_r:gatekeeper_service:s0 tclass=service_manager
10-31 17:12:46.318   360   360 E SELinux : avc:  denied  { find } for service=netd pid=5777 uid=2000 scontext=u:r:shell:s0 tcontext=u:object_r:netd_service:s0 tclass=service_manager
10-31 17:12:46.319  5777  5777 W atrace  : type=1400 audit(0.0:16876): avc: denied { call } for scontext=u:r:shell:s0 tcontext=u:r:wificond:s0 tclass=binder permissive=0
10-31 17:12:46.328   360   360 E SELinux : avc:  denied  { find } for service=installd pid=5777 uid=2000 scontext=u:r:shell:s0 tcontext=u:object_r:installd_service:s0 tclass=service_manager
10-31 17:12:46.333   361   361 E SELinux : avc:  denied  { find } for interface=android.frameworks.displayservice::IDisplayService pid=5777 scontext=u:r:shell:s0 tcontext=u:object_r:fwk_display_hwservice:s0 tclass=hwservice_manager
10-31 17:12:46.335   361   361 E SELinux : avc:  denied  { find } for interface=android.frameworks.schedulerservice::ISchedulingPolicyService pid=5777 scontext=u:r:shell:s0 tcontext=u:object_r:fwk_scheduler_hwservice:s0 tclass=hwservice_manager
10-31 17:12:46.335   361   361 E SELinux : avc:  denied  { find } for interface=android.frameworks.sensorservice::ISensorManager pid=5777 scontext=u:r:shell:s0 tcontext=u:object_r:fwk_sensor_hwservice:s0 tclass=hwservice_manager
10-31 17:12:46.340   361   361 E SELinux : avc:  denied  { find } for interface=android.hardware.biometrics.fingerprint::IBiometricsFingerprint pid=5777 scontext=u:r:shell:s0 tcontext=u:object_r:hal_fingerprint_hwservice:s0 tclass=hwservice_manager
10-31 17:12:46.343   361   361 E SELinux : avc:  denied  { find } for interface=android.hardware.dumpstate::IDumpstateDevice pid=5777 scontext=u:r:shell:s0 tcontext=u:object_r:hal_dumpstate_hwservice:s0 tclass=hwservice_manager
10-31 17:12:46.347   361   361 E SELinux : avc:  denied  { find } for interface=android.hardware.radio.deprecated::IOemHook pid=5777 scontext=u:r:shell:s0 tcontext=u:object_r:hal_telephony_hwservice:s0 tclass=hwservice_manager
10-31 17:12:46.349   361   361 E SELinux : avc:  denied  { find } for interface=android.hardware.radio::IRadio pid=5777 scontext=u:r:shell:s0 tcontext=u:object_r:hal_telephony_hwservice:s0 tclass=hwservice_manager
10-31 17:12:46.350   361   361 E SELinux : avc:  denied  { find } for interface=android.hardware.radio::ISap pid=5777 scontext=u:r:shell:s0 tcontext=u:object_r:hal_telephony_hwservice:s0 tclass=hwservice_manager
10-31 17:12:46.351   361   361 E SELinux : avc:  denied  { find } for interface=android.hardware.usb::IUsb pid=5777 scontext=u:r:shell:s0 tcontext=u:object_r:hal_usb_hwservice:s0 tclass=hwservice_manager
10-31 17:12:46.352   361   361 E SELinux : avc:  denied  { find } for interface=android.hardware.wifi.supplicant::ISupplicant pid=5777 scontext=u:r:shell:s0 tcontext=u:object_r:hal_wifi_supplicant_hwservice:s0 tclass=hwservice_manager
10-31 17:12:46.353   361   361 E SELinux : avc:  denied  { find } for interface=android.hardware.wifi::IWifi pid=5777 scontext=u:r:shell:s0 tcontext=u:object_r:hal_wifi_hwservice:s0 tclass=hwservice_manager
10-31 17:12:46.355   361   361 E SELinux : avc:  denied  { find } for interface=android.hidl.base::IBase pid=5777 scontext=u:r:shell:s0 tcontext=u:object_r:hidl_base_hwservice:s0 tclass=hwservice_manager
10-31 17:12:46.357   361   361 I chatty  : uid=1000(system) hwservicemanage identical 1 line
10-31 17:12:46.357   361   361 E SELinux : avc:  denied  { find } for interface=android.hidl.base::IBase pid=5777 scontext=u:r:shell:s0 tcontext=u:object_r:hidl_base_hwservice:s0 tclass=hwservice_manager
10-31 17:12:46.360   361   361 E SELinux : avc:  denied  { find } for interface=android.system.wifi.keystore::IKeystore pid=5777 scontext=u:r:shell:s0 tcontext=u:object_r:system_wifi_keystore_hwservice:s0 tclass=hwservice_manager
10-31 17:12:46.393 29692  5774 W linker  : "/data/user_de/0/com.google.android.gms/app_chimera/m/00000007/n/arm64-v8a/libcronet.105.0.5195.35.so" unused DT entry: type 0x70000001 arg 0x0
10-31 17:12:46.426 29692  5774 I cr_CronetLibraryLoader: Cronet version: 105.0.5195.35, arch: aarch64
10-31 17:12:47.852  5059  5059 W chromium: [WARNING:controller_impl.cc(1190)] Background download complete, client: 6, completion type: 0, file size:16643
10-31 17:12:47.888  5793  5793 E /system/bin/webview_zygote32: failed to make and chown /acct/uid_99489: Permission denied
10-31 17:12:47.888  5793  5793 E Zygote  : createProcessGroup(99489, 0) failed: Permission denied
10-31 17:12:47.888   772  3041 I ActivityManager: Start proc 5793:com.android.chrome:sandboxed_process22/u0i489 for webview_service com.android.chrome/org.chromium.content.app.SandboxedProcessService22
10-31 17:12:47.918  5793  5793 I SamplingProfilerIntegration: Profiling disabled.
10-31 17:12:47.935  5806  5806 E asset   : setgid: Operation not permitted
10-31 17:12:47.972  5793  5793 I cr_SplitCompatApp: Launched version=106.0.5249.79 minSdkVersion=24 isBundle=true processName=com.android.chrome:sandboxed_process22 isIsolated=true
10-31 17:12:47.976  5793  5793 W SystemServiceRegistry: No service published for: uimode
10-31 17:12:47.985  5793  5793 I cr_ChildProcessService: Creating new ChildProcessService pid=5793
10-31 17:12:47.993  5793  5793 E WebViewFactory: can't load with relro file; address space not reserved
10-31 17:12:47.997  5059  5059 W chromium: [WARNING:controller_impl.cc(1190)] Background download complete, client: 6, completion type: 0, file size:265060
10-31 17:12:48.013  5793  5807 I cr_LibraryLoader: Successfully loaded native library
10-31 17:12:48.014  5793  5807 I cr_CachingUmaRecorder: Flushed 3 samples from 3 histograms.
10-31 17:12:48.014  5059  5059 W chromium: [WARNING:controller_impl.cc(1190)] Background download complete, client: 6, completion type: 0, file size:18160
10-31 17:12:48.026  5810  5810 E /system/bin/webview_zygote32: failed to make and chown /acct/uid_99490: Permission denied
10-31 17:12:48.026  5810  5810 E Zygote  : createProcessGroup(99490, 0) failed: Permission denied
10-31 17:12:48.027   772 10893 I ActivityManager: Start proc 5810:com.android.chrome:sandboxed_process23/u0i490 for webview_service com.android.chrome/org.chromium.content.app.SandboxedProcessService23
10-31 17:12:48.051  5810  5810 I SamplingProfilerIntegration: Profiling disabled.
10-31 17:12:48.056  5811  5811 W ThreadPoolForeg: type=1400 audit(0.0:16877): avc: denied { setattr } for name="model-info.pb" dev="dm-2" ino=1504892 scontext=u:r:isolated_app:s0:c512,c768 tcontext=u:object_r:app_data_file:s0:c512,c768 tclass=file permissive=0
10-31 17:12:48.059  5811  5811 W ThreadPoolForeg: type=1400 audit(0.0:16878): avc: denied { setattr } for name="model.tflite" dev="dm-2" ino=1504893 scontext=u:r:isolated_app:s0:c512,c768 tcontext=u:object_r:app_data_file:s0:c512,c768 tclass=file permissive=0
10-31 17:12:48.068  5793  5807 I chromium: [INFO:child_process_service.cc(69)] ChildProcessService: Exiting child process.
10-31 17:12:48.073   772 20193 I ActivityManager: Start proc 5827:com.android.chrome:sandboxed_process24/u0i491 for webview_service com.android.chrome/org.chromium.content.app.SandboxedProcessService24
10-31 17:12:48.078  5059  5059 W chromium: [WARNING:controller_impl.cc(1190)] Background download complete, client: 6, completion type: 0, file size:15859
10-31 17:12:48.078  5827  5827 E /system/bin/webview_zygote32: failed to make and chown /acct/uid_99491: Permission denied
10-31 17:12:48.078  5827  5827 E Zygote  : createProcessGroup(99491, 0) failed: Permission denied
10-31 17:12:48.087   422   422 E lowmemorykiller: Error writing /proc/5793/oom_score_adj; errno=22
10-31 17:12:48.088   772 32228 I ActivityManager: Killing 5793:com.android.chrome:sandboxed_process22/u0a60i489 (adj 0): isolated not needed
10-31 17:12:48.092   772   790 W zygote64: failed to open /acct/uid_99489/pid_5793/cgroup.procs: No such file or directory
10-31 17:12:48.113  5827  5827 I SamplingProfilerIntegration: Profiling disabled.
10-31 17:12:48.117  5059  5059 W chromium: [WARNING:compositor_view.cc(342)] Child process died (type=6) pid=5793)
10-31 17:12:48.122  5839  5839 E asset   : setgid: Operation not permitted
10-31 17:12:48.124  5059  5059 W chromium: [WARNING:controller_impl.cc(1190)] Background download complete, client: 6, completion type: 0, file size:4951
10-31 17:12:48.126  5840  5840 E /system/bin/webview_zygote32: failed to make and chown /acct/uid_99492: Permission denied
10-31 17:12:48.127  5840  5840 E Zygote  : createProcessGroup(99492, 0) failed: Permission denied
10-31 17:12:48.132   772 13071 I ActivityManager: Start proc 5840:com.android.chrome:sandboxed_process25/u0i492 for webview_service com.android.chrome/org.chromium.content.app.SandboxedProcessService25
10-31 17:12:48.153  5810  5810 I cr_SplitCompatApp: Launched version=106.0.5249.79 minSdkVersion=24 isBundle=true processName=com.android.chrome:sandboxed_process23 isIsolated=true
10-31 17:12:48.157  5810  5810 W SystemServiceRegistry: No service published for: uimode
10-31 17:12:48.165  5852  5852 E asset   : setgid: Operation not permitted
10-31 17:12:48.176  5810  5810 I cr_ChildProcessService: Creating new ChildProcessService pid=5810
10-31 17:12:48.177   772 10895 I ActivityManager: Start proc 5854:com.android.chrome:sandboxed_process26/u0i493 for webview_service com.android.chrome/org.chromium.content.app.SandboxedProcessService26
10-31 17:12:48.186  5810  5810 E WebViewFactory: can't load with relro file; address space not reserved
10-31 17:12:48.188  5840  5840 I SamplingProfilerIntegration: Profiling disabled.
10-31 17:12:48.189  5059  5059 W chromium: [WARNING:controller_impl.cc(1190)] Background download complete, client: 6, completion type: 0, file size:2759
10-31 17:12:48.190  5854  5854 E /system/bin/webview_zygote32: failed to make and chown /acct/uid_99493: Permission denied
10-31 17:12:48.190  5854  5854 E Zygote  : createProcessGroup(99493, 0) failed: Permission denied
10-31 17:12:48.195  5810  5859 I cr_LibraryLoader: Successfully loaded native library
10-31 17:12:48.196  5810  5859 I cr_CachingUmaRecorder: Flushed 3 samples from 3 histograms.
10-31 17:12:48.207 29692 29692 D BoundBrokerSvc: onBind: Intent { act=com.google.android.gms.common.BIND_SHARED_PREFS pkg=com.google.android.gms }
10-31 17:12:48.207 29692 29692 D BoundBrokerSvc: Loading bound service for intent: Intent { act=com.google.android.gms.common.BIND_SHARED_PREFS pkg=com.google.android.gms }
10-31 17:12:48.213 29692 29763 I Icing   : IndexChimeraService.getServiceInterface callingPackage=com.google.android.gms componentName=null serviceId=30
10-31 17:12:48.214 29692 29692 D BoundBrokerSvc: onUnbind: Intent { act=com.google.android.gms.common.BIND_SHARED_PREFS pkg=com.google.android.gms }
10-31 17:12:48.226  5866  5866 W ThreadPoolForeg: type=1400 audit(0.0:16879): avc: denied { setattr } for name="model-info.pb" dev="dm-2" ino=1504901 scontext=u:r:isolated_app:s0:c512,c768 tcontext=u:object_r:app_data_file:s0:c512,c768 tclass=file permissive=0
10-31 17:12:48.236  5840  5851 I /system/bin/webview_zygote32: Background concurrent copying GC freed 2675(1522KB) AllocSpace objects, 0(0B) LOS objects, 95% free, 79KB/1615KB, paused 11.627ms total 65.431ms
10-31 17:12:48.250  5876  5876 E asset   : setgid: Operation not permitted
10-31 17:12:48.272   772  3854 I ActivityManager: Start proc 5877:com.android.chrome:sandboxed_process27/u0i494 for webview_service com.android.chrome/org.chromium.content.app.SandboxedProcessService27
10-31 17:12:48.275  5840  5840 I cr_SplitCompatApp: Launched version=106.0.5249.79 minSdkVersion=24 isBundle=true processName=com.android.chrome:sandboxed_process25 isIsolated=true
10-31 17:12:48.280  5840  5840 W SystemServiceRegistry: No service published for: uimode
10-31 17:12:48.281  5877  5877 E /system/bin/webview_zygote32: failed to make and chown /acct/uid_99494: Permission denied
10-31 17:12:48.281  5877  5877 E Zygote  : createProcessGroup(99494, 0) failed: Permission denied
10-31 17:12:48.288  5854  5854 I SamplingProfilerIntegration: Profiling disabled.
10-31 17:12:48.293  5827  5827 I cr_SplitCompatApp: Launched version=106.0.5249.79 minSdkVersion=24 isBundle=true processName=com.android.chrome:sandboxed_process24 isIsolated=true
10-31 17:12:48.296  5866  5866 W ThreadPoolForeg: type=1400 audit(0.0:16880): avc: denied { setattr } for name="model.tflite" dev="dm-2" ino=1504902 scontext=u:r:isolated_app:s0:c512,c768 tcontext=u:object_r:app_data_file:s0:c512,c768 tclass=file permissive=0
10-31 17:12:48.296  5840  5840 I cr_ChildProcessService: Creating new ChildProcessService pid=5840
10-31 17:12:48.320  5827  5827 W SystemServiceRegistry: No service published for: uimode
10-31 17:12:48.321  5877  5877 I SamplingProfilerIntegration: Profiling disabled.
10-31 17:12:48.321  5059  5059 W chromium: [WARNING:controller_impl.cc(1190)] Background download complete, client: 6, completion type: 0, file size:116031
10-31 17:12:48.324  5104  5120 I tflite  : Initialized TensorFlow Lite runtime.
10-31 17:12:48.324  5840  5840 E WebViewFactory: can't load with relro file; address space not reserved
10-31 17:12:48.336  5810  5859 I chromium: [INFO:child_process_service.cc(69)] ChildProcessService: Exiting child process.
10-31 17:12:48.337   422   422 E lowmemorykiller: Error writing /proc/5810/oom_score_adj; errno=22
10-31 17:12:48.338   772 13021 I ActivityManager: Killing 5810:com.android.chrome:sandboxed_process23/u0a60i490 (adj 0): isolated not needed
10-31 17:12:48.340   772   790 W zygote64: failed to open /acct/uid_99490/pid_5810/cgroup.procs: No such file or directory
10-31 17:12:48.343  5840  5890 I cr_LibraryLoader: Successfully loaded native library
10-31 17:12:48.345  5840  5890 I cr_CachingUmaRecorder: Flushed 3 samples from 3 histograms.
10-31 17:12:48.354  5893  5893 E asset   : setgid: Operation not permitted
10-31 17:12:48.356  5827  5827 I cr_ChildProcessService: Creating new ChildProcessService pid=5827
10-31 17:12:48.357 29692 29758 I GmsCoreXrpcWrapper: Returning a channel provider with trafficStatsTag=12803 trafficStatsUid=-1
10-31 17:12:48.358  5894  5894 E asset   : setgid: Operation not permitted
10-31 17:12:48.360   772  4540 I ActivityManager: Start proc 5895:com.android.chrome:sandboxed_process28/u0i495 for webview_service com.android.chrome/org.chromium.content.app.SandboxedProcessService28
10-31 17:12:48.360  5895  5895 E /system/bin/webview_zygote32: failed to make and chown /acct/uid_99495: Permission denied
10-31 17:12:48.360  5895  5895 E Zygote  : createProcessGroup(99495, 0) failed: Permission denied
10-31 17:12:48.370  5827  5827 E WebViewFactory: can't load with relro file; address space not reserved
10-31 17:12:48.379  5059  5059 W chromium: [WARNING:compositor_view.cc(342)] Child process died (type=6) pid=5810)
10-31 17:12:48.388  5895  5895 I SamplingProfilerIntegration: Profiling disabled.
10-31 17:12:48.392  5827  5897 I cr_LibraryLoader: Successfully loaded native library
10-31 17:12:48.393  5827  5897 I cr_CachingUmaRecorder: Flushed 3 samples from 3 histograms.
10-31 17:12:48.399  5913  5913 W ThreadPoolForeg: type=1400 audit(0.0:16881): avc: denied { setattr } for name="model-info.pb" dev="dm-2" ino=1504908 scontext=u:r:isolated_app:s0:c512,c768 tcontext=u:object_r:app_data_file:s0:c512,c768 tclass=file permissive=0
10-31 17:12:48.416  5913  5913 W ThreadPoolForeg: type=1400 audit(0.0:16882): avc: denied { setattr } for name="model.tflite" dev="dm-2" ino=1504909 scontext=u:r:isolated_app:s0:c512,c768 tcontext=u:object_r:app_data_file:s0:c512,c768 tclass=file permissive=0
10-31 17:12:48.428  5840  5890 I chromium: [INFO:child_process_service.cc(69)] ChildProcessService: Exiting child process.
10-31 17:12:48.429   422   422 E lowmemorykiller: Error writing /proc/5840/oom_score_adj; errno=22
10-31 17:12:48.429   772 20193 I ActivityManager: Killing 5840:com.android.chrome:sandboxed_process25/u0a60i492 (adj 0): isolated not needed
10-31 17:12:48.430   772   790 W zygote64: failed to open /acct/uid_99492/pid_5840/cgroup.procs: No such file or directory
10-31 17:12:48.436  5918  5918 W ThreadPoolForeg: type=1400 audit(0.0:16883): avc: denied { setattr } for name="model-info.pb" dev="dm-2" ino=1504884 scontext=u:r:isolated_app:s0:c512,c768 tcontext=u:object_r:app_data_file:s0:c512,c768 tclass=file permissive=0
10-31 17:12:48.438  5854  5854 I cr_SplitCompatApp: Launched version=106.0.5249.79 minSdkVersion=24 isBundle=true processName=com.android.chrome:sandboxed_process26 isIsolated=true
10-31 17:12:48.439  5918  5918 W ThreadPoolForeg: type=1400 audit(0.0:16884): avc: denied { setattr } for name="model.tflite" dev="dm-2" ino=1504908 scontext=u:r:isolated_app:s0:c512,c768 tcontext=u:object_r:app_data_file:s0:c512,c768 tclass=file permissive=0
10-31 17:12:48.440  5923  5923 E asset   : setgid: Operation not permitted
10-31 17:12:48.450  5877  5877 I cr_SplitCompatApp: Launched version=106.0.5249.79 minSdkVersion=24 isBundle=true processName=com.android.chrome:sandboxed_process27 isIsolated=true
10-31 17:12:48.453  5827  5897 I chromium: [INFO:child_process_service.cc(69)] ChildProcessService: Exiting child process.
10-31 17:12:48.455   422   422 E lowmemorykiller: Error writing /proc/5827/oom_score_adj; errno=22
10-31 17:12:48.456   772   784 I ActivityManager: Killing 5827:com.android.chrome:sandboxed_process24/u0a60i491 (adj 0): isolated not needed
10-31 17:12:48.457   772   790 W zygote64: failed to open /acct/uid_99491/pid_5827/cgroup.procs: No such file or directory
10-31 17:12:48.462  5854  5854 W SystemServiceRegistry: No service published for: uimode
10-31 17:12:48.471  5877  5877 W SystemServiceRegistry: No service published for: uimode
10-31 17:12:48.486  5854  5854 I cr_ChildProcessService: Creating new ChildProcessService pid=5854
10-31 17:12:48.492  5877  5877 I cr_ChildProcessService: Creating new ChildProcessService pid=5877
10-31 17:12:48.494  5059  5059 W chromium: [WARNING:compositor_view.cc(342)] Child process died (type=6) pid=5840)
10-31 17:12:48.501  5059  5059 W chromium: [WARNING:compositor_view.cc(342)] Child process died (type=6) pid=5827)
10-31 17:12:48.505  5854  5854 E WebViewFactory: can't load with relro file; address space not reserved
10-31 17:12:48.526  5854  5924 I cr_LibraryLoader: Successfully loaded native library
10-31 17:12:48.528  5854  5924 I cr_CachingUmaRecorder: Flushed 3 samples from 3 histograms.
10-31 17:12:48.538  5895  5895 I cr_SplitCompatApp: Launched version=106.0.5249.79 minSdkVersion=24 isBundle=true processName=com.android.chrome:sandboxed_process28 isIsolated=true
10-31 17:12:48.540  5877  5877 E WebViewFactory: can't load with relro file; address space not reserved
10-31 17:12:48.546  5895  5895 W SystemServiceRegistry: No service published for: uimode
10-31 17:12:48.554  5895  5895 I cr_ChildProcessService: Creating new ChildProcessService pid=5895
10-31 17:12:48.555  5877  5925 I cr_LibraryLoader: Successfully loaded native library
10-31 17:12:48.556  5929  5929 W ThreadPoolForeg: type=1400 audit(0.0:16885): avc: denied { setattr } for name="model-info.pb" dev="dm-2" ino=1504884 scontext=u:r:isolated_app:s0:c512,c768 tcontext=u:object_r:app_data_file:s0:c512,c768 tclass=file permissive=0
10-31 17:12:48.557  5877  5925 I cr_CachingUmaRecorder: Flushed 3 samples from 3 histograms.
10-31 17:12:48.559  5929  5929 W ThreadPoolForeg: type=1400 audit(0.0:16886): avc: denied { setattr } for name="model.tflite" dev="dm-2" ino=1504891 scontext=u:r:isolated_app:s0:c512,c768 tcontext=u:object_r:app_data_file:s0:c512,c768 tclass=file permissive=0
10-31 17:12:48.564  5895  5895 E WebViewFactory: can't load with relro file; address space not reserved
10-31 17:12:48.569  5854  5924 I chromium: [INFO:child_process_service.cc(69)] ChildProcessService: Exiting child process.
10-31 17:12:48.573   422   422 E lowmemorykiller: Error writing /proc/5854/oom_score_adj; errno=22
10-31 17:12:48.573   772  3041 I ActivityManager: Killing 5854:com.android.chrome:sandboxed_process26/u0a60i493 (adj 0): isolated not needed
10-31 17:12:48.573   772   790 W zygote64: failed to open /acct/uid_99493/pid_5854/cgroup.procs: No such file or directory
10-31 17:12:48.578  5059  5059 W chromium: [WARNING:compositor_view.cc(342)] Child process died (type=6) pid=5854)
10-31 17:12:48.582  5895  5933 I cr_LibraryLoader: Successfully loaded native library
10-31 17:12:48.584  5895  5933 I cr_CachingUmaRecorder: Flushed 3 samples from 3 histograms.
10-31 17:12:48.593  5939  5939 W ThreadPoolForeg: type=1400 audit(0.0:16887): avc: denied { setattr } for name="model-info.pb" dev="dm-2" ino=1504884 scontext=u:r:isolated_app:s0:c512,c768 tcontext=u:object_r:app_data_file:s0:c512,c768 tclass=file permissive=0
10-31 17:12:48.593  5939  5939 W ThreadPoolForeg: type=1400 audit(0.0:16888): avc: denied { setattr } for name="model.tflite" dev="dm-2" ino=1504899 scontext=u:r:isolated_app:s0:c512,c768 tcontext=u:object_r:app_data_file:s0:c512,c768 tclass=file permissive=0
