--------- beginning of system
10-31 17:11:59.733   772  2969 E BatteryStatsService: no controller energy info supplied
10-31 17:12:34.667   772 13021 I ActivityManager: Force stopping com.android.chrome appid=10060 user=0: from pid 5057
10-31 17:12:34.668   772 13021 I ActivityManager: Killing 3450:com.android.chrome/u0a60 (adj 900): stop com.android.chrome
--------- beginning of main
10-31 17:12:34.679  1311  1311 D CarrierSvcBindHelper: No carrier app for: 0
10-31 17:12:34.692  2964  2964 D RegisteredNfcFServicesCache: Service unchanged, not updating
10-31 17:12:34.927   772 13021 I ActivityManager: START u0 {act=android.intent.action.VIEW flg=0x10008000 cmp=com.android.chrome/com.google.android.apps.chrome.Main} from uid 2000
10-31 17:12:34.942   772   830 E ResourceType: Style contains key with bad entry: 0x0101062c
10-31 17:12:34.976   772  4540 I ActivityManager: Start proc 5059:com.android.chrome/u0a60 for activity com.android.chrome/com.google.android.apps.chrome.Main
10-31 17:12:35.114   772   830 E ResourceType: Style contains key with bad entry: 0x0101062c
10-31 17:12:35.161  5059  5059 I cr_SplitCompatApp: Launched version=106.0.5249.79 minSdkVersion=24 isBundle=true processName=com.android.chrome isIsolated=false
10-31 17:12:35.285 29486 29651 I FontLog : Received query Google Sans, URI content://com.google.android.gms.fonts [CONTEXT service_id=132 ]
10-31 17:12:35.285 29486 29651 I FontLog : Query [Google Sans] resolved to {Google Sans, wdth 100.0, wght 400, ital 0.0, bestEffort false} [CONTEXT service_id=132 ]
10-31 17:12:35.287 29486 29651 I FontLog : Font PFD returned from cache for {Google Sans, wdth 100.0, wght 400, ital 0.0, bestEffort false} [CONTEXT service_id=132 ]
10-31 17:12:35.288 29486 29651 I FontLog : Fetch {Google Sans, wdth 100.0, wght 400, ital 0.0, bestEffort false} end status Status{statusCode=SUCCESS, resolution=null} [CONTEXT service_id=132 ]
10-31 17:12:35.297 29486 29650 I FontLog : Pulling font file for id = 61, cache size = 6 [CONTEXT service_id=132 ]
10-31 17:12:35.312 29486 29498 I FontLog : Received query Google Sans:500, URI content://com.google.android.gms.fonts [CONTEXT service_id=132 ]
10-31 17:12:35.312 29486 29498 I FontLog : Query [Google Sans:500] resolved to {Google Sans, wdth 100.0, wght 500, ital 0.0, bestEffort false} [CONTEXT service_id=132 ]
10-31 17:12:35.314 29486 29498 I FontLog : Font PFD returned from cache for {Google Sans, wdth 100.0, wght 500, ital 0.0, bestEffort false} [CONTEXT service_id=132 ]
10-31 17:12:35.314 29486 29498 I FontLog : Fetch {Google Sans, wdth 100.0, wght 500, ital 0.0, bestEffort false} end status Status{statusCode=SUCCESS, resolution=null} [CONTEXT service_id=132 ]
10-31 17:12:35.320 29486 30686 I FontLog : Pulling font file for id = 62, cache size = 6 [CONTEXT service_id=132 ]
10-31 17:12:35.329 29486 29650 I FontLog : Received query Google Sans:700, URI content://com.google.android.gms.fonts [CONTEXT service_id=132 ]
10-31 17:12:35.330 29486 29650 I FontLog : Query [Google Sans:700] resolved to {Google Sans, wdth 100.0, wght 700, ital 0.0, bestEffort false} [CONTEXT service_id=132 ]
10-31 17:12:35.331 29486 29650 I FontLog : Fetch {Google Sans, wdth 100.0, wght 700, ital 0.0, bestEffort false} end status Status{statusCode=SUCCESS, resolution=null} [CONTEXT service_id=132 ]
10-31 17:12:35.336 29486 29497 I FontLog : Pulling font file for id = 63, cache size = 5 [CONTEXT service_id=132 ]
10-31 17:12:35.403  5059  5078 I cr_LibraryLoader: Successfully loaded native library
10-31 17:12:35.406  5059  5078 I cr_CachingUmaRecorder: Flushed 19 samples from 19 histograms.
10-31 17:12:35.503  5059  5059 E ResourceType: Style contains key with bad entry: 0x0101062c
10-31 17:12:35.560  5059  5081 W DynamiteModule: Local module descriptor class for com.google.android.gms.googlecertificates not found.
10-31 17:12:35.590  5059  5081 W zygote  : Skipping duplicate class check due to unrecognized classloader
10-31 17:12:35.602  5059  5081 I DynamiteModule: Considering local module com.google.android.gms.googlecertificates:0 and remote module com.google.android.gms.googlecertificates:7
10-31 17:12:35.603  5059  5081 I DynamiteModule: Selected remote version of com.google.android.gms.googlecertificates, version >= 7
10-31 17:12:35.630   772  1259 I ActivityManager: START u0 {cmp=com.android.chrome/org.chromium.chrome.browser.firstrun.FirstRunActivity (has extras)} from uid 10060
10-31 17:12:35.657  5059  5081 W zygote  : Skipping duplicate class check due to unrecognized classloader
10-31 17:12:35.661  5059  5059 E ResourceType: Style contains key with bad entry: 0x0101062c
10-31 17:12:35.699   772  1259 W AppOps  : Bad call: specified package com.google.android.gms under uid 10060 but it is really 10020
10-31 17:12:35.699   772  1259 W AppOps  : java.lang.RuntimeException: here
10-31 17:12:35.699   772  1259 W AppOps  : 	at com.android.server.AppOpsService.getOpsRawLocked(AppOpsService.java:1319)
10-31 17:12:35.699   772  1259 W AppOps  : 	at com.android.server.AppOpsService.checkPackage(AppOpsService.java:1038)
10-31 17:12:35.699   772  1259 W AppOps  : 	at com.android.internal.app.IAppOpsService$Stub.onTransact(IAppOpsService.java:169)
10-31 17:12:35.699   772  1259 W AppOps  : 	at android.os.Binder.execTransact(Binder.java:674)
10-31 17:12:35.700   772   785 W AppOps  : Bad call: specified package com.google.android.gms under uid 10060 but it is really 10020
10-31 17:12:35.700   772   785 W AppOps  : java.lang.RuntimeException: here
10-31 17:12:35.700   772   785 W AppOps  : 	at com.android.server.AppOpsService.getOpsRawLocked(AppOpsService.java:1319)
10-31 17:12:35.700   772   785 W AppOps  : 	at com.android.server.AppOpsService.checkPackage(AppOpsService.java:1038)
10-31 17:12:35.700   772   785 W AppOps  : 	at com.android.internal.app.IAppOpsService$Stub.onTransact(IAppOpsService.java:169)
10-31 17:12:35.700   772   785 W AppOps  : 	at android.os.Binder.execTransact(Binder.java:674)
10-31 17:12:35.707   772  3854 W AppOps  : Bad call: specified package com.google.android.gms under uid 10060 but it is really 10020
10-31 17:12:35.707   772  3854 W AppOps  : java.lang.RuntimeException: here
10-31 17:12:35.707   772  3854 W AppOps  : 	at com.android.server.AppOpsService.getOpsRawLocked(AppOpsService.java:1319)
10-31 17:12:35.707   772  3854 W AppOps  : 	at com.android.server.AppOpsService.checkPackage(AppOpsService.java:1038)
10-31 17:12:35.707   772  3854 W AppOps  : 	at com.android.internal.app.IAppOpsService$Stub.onTransact(IAppOpsService.java:169)
10-31 17:12:35.707   772  3854 W AppOps  : 	at android.os.Binder.execTransact(Binder.java:674)
10-31 17:12:35.710   772  4540 W AppOps  : Bad call: specified package com.google.android.gms under uid 10060 but it is really 10020
10-31 17:12:35.710   772  4540 W AppOps  : java.lang.RuntimeException: here
10-31 17:12:35.710   772  4540 W AppOps  : 	at com.android.server.AppOpsService.getOpsRawLocked(AppOpsService.java:1319)
10-31 17:12:35.710   772  4540 W AppOps  : 	at com.android.server.AppOpsService.checkPackage(AppOpsService.java:1038)
10-31 17:12:35.710   772  4540 W AppOps  : 	at com.android.internal.app.IAppOpsService$Stub.onTransact(IAppOpsService.java:169)
10-31 17:12:35.710   772  4540 W AppOps  : 	at android.os.Binder.execTransact(Binder.java:674)
10-31 17:12:35.913  5059  5059 W ResourceType: Failure getting entry for 0x7f010055 (t=0 e=85) (error -75)
10-31 17:12:35.943  5059  5089 D OpenGLRenderer: HWUI GL Pipeline
10-31 17:12:35.975  5059  5089 I Adreno  : QUALCOMM build                   : 7142022, Ib5823dd10c
10-31 17:12:35.975  5059  5089 I Adreno  : Build Date                       : 06/23/17
10-31 17:12:35.975  5059  5089 I Adreno  : OpenGL ES Shader Compiler Version: EV031.18.00.00
10-31 17:12:35.975  5059  5089 I Adreno  : Local Branch                     : O11A
10-31 17:12:35.975  5059  5089 I Adreno  : Remote Branch                    : 
10-31 17:12:35.975  5059  5089 I Adreno  : Remote Branch                    : 
10-31 17:12:35.975  5059  5089 I Adreno  : Reconstruct Branch               : 
10-31 17:12:35.978  5059  5089 I vndksupport: sphal namespace is not configured for this process. Loading /vendor/lib/hw/gralloc.msm8992.so from the current namespace instead.
10-31 17:12:35.982  5059  5059 W RecyclerView: No adapter attached; skipping layout
10-31 17:12:35.999  5059  5059 I cr_StartSurfaceConfig: Recorded Startup.Android.FirstDrawCompletedTime.NoInstant = 185 ms
10-31 17:12:36.003  5059  5089 I Adreno  : PFP: 0x00000000, ME: 0x00000000
10-31 17:12:36.031  5059  5089 I OpenGLRenderer: Initialized EGL, version 1.4
10-31 17:12:36.032  5059  5089 D OpenGLRenderer: Swap behavior 2
10-31 17:12:36.032  5059  5074 I zygote  : IncrementDisableThreadFlip blocked for 6.626ms
10-31 17:12:36.045  5059  5083 D NetworkSecurityConfig: Using Network Security Config from resource 0_resource_name_obfuscated debugBuild: false
10-31 17:12:36.065 29486 29647 E bfry    : Phenotype API error. Event # ddoj@21e874a4, EventCode: 7 [CONTEXT service_id=51 ]
10-31 17:12:36.065 29486 29647 E bfry    : bfra: 29505: No config packages for log source, or config package not registered
10-31 17:12:36.065 29486 29647 E bfry    : 	at bfst.b(:com.google.android.gms@223616019@22.36.16 (040400-476895098):4)
10-31 17:12:36.065 29486 29647 E bfry    : 	at bfsq.g(:com.google.android.gms@223616019@22.36.16 (040400-476895098):0)
10-31 17:12:36.065 29486 29647 E bfry    : 	at bfry.e(:com.google.android.gms@223616019@22.36.16 (040400-476895098):4)
10-31 17:12:36.065 29486 29647 E bfry    : 	at bfry.f(:com.google.android.gms@223616019@22.36.16 (040400-476895098):2)
10-31 17:12:36.065 29486 29647 E bfry    : 	at arjg.ep(:com.google.android.gms@223616019@22.36.16 (040400-476895098):1)
10-31 17:12:36.065 29486 29647 E bfry    : 	at arjm.run(:com.google.android.gms@223616019@22.36.16 (040400-476895098):12)
10-31 17:12:36.065 29486 29647 E bfry    : 	at cjoq.run(:com.google.android.gms@223616019@22.36.16 (040400-476895098):2)
10-31 17:12:36.065 29486 29647 E bfry    : 	at aarl.c(:com.google.android.gms@223616019@22.36.16 (040400-476895098):6)
10-31 17:12:36.065 29486 29647 E bfry    : 	at aarl.run(:com.google.android.gms@223616019@22.36.16 (040400-476895098):7)
10-31 17:12:36.065 29486 29647 E bfry    : 	at java.util.concurrent.ThreadPoolExecutor.runWorker(ThreadPoolExecutor.java:1162)
10-31 17:12:36.065 29486 29647 E bfry    : 	at java.util.concurrent.ThreadPoolExecutor$Worker.run(ThreadPoolExecutor.java:636)
10-31 17:12:36.065 29486 29647 E bfry    : 	at aaws.run(:com.google.android.gms@223616019@22.36.16 (040400-476895098):0)
10-31 17:12:36.065 29486 29647 E bfry    : 	at java.lang.Thread.run(Thread.java:764)
10-31 17:12:36.073 29486 29647 W AsyncOperation: operation=GetExperimentTokensOperationCall, opStatusCode=29505 [CONTEXT service_id=51 ]
10-31 17:12:36.073 29486 29647 W AsyncOperation: OperationException[Status{statusCode=No config packages for log source, or config package not registered, resolution=null}]
10-31 17:12:36.073 29486 29647 W AsyncOperation: 	at bfry.e(:com.google.android.gms@223616019@22.36.16 (040400-476895098):6)
10-31 17:12:36.073 29486 29647 W AsyncOperation: 	at bfry.f(:com.google.android.gms@223616019@22.36.16 (040400-476895098):2)
10-31 17:12:36.073 29486 29647 W AsyncOperation: 	at arjg.ep(:com.google.android.gms@223616019@22.36.16 (040400-476895098):1)
10-31 17:12:36.073 29486 29647 W AsyncOperation: 	at arjm.run(:com.google.android.gms@223616019@22.36.16 (040400-476895098):12)
10-31 17:12:36.073 29486 29647 W AsyncOperation: 	at cjoq.run(:com.google.android.gms@223616019@22.36.16 (040400-476895098):2)
10-31 17:12:36.073 29486 29647 W AsyncOperation: 	at aarl.c(:com.google.android.gms@223616019@22.36.16 (040400-476895098):6)
10-31 17:12:36.073 29486 29647 W AsyncOperation: 	at aarl.run(:com.google.android.gms@223616019@22.36.16 (040400-476895098):7)
10-31 17:12:36.073 29486 29647 W AsyncOperation: 	at java.util.concurrent.ThreadPoolExecutor.runWorker(ThreadPoolExecutor.java:1162)
10-31 17:12:36.073 29486 29647 W AsyncOperation: 	at java.util.concurrent.ThreadPoolExecutor$Worker.run(ThreadPoolExecutor.java:636)
10-31 17:12:36.073 29486 29647 W AsyncOperation: 	at aaws.run(:com.google.android.gms@223616019@22.36.16 (040400-476895098):0)
10-31 17:12:36.073 29486 29647 W AsyncOperation: 	at java.lang.Thread.run(Thread.java:764)
10-31 17:12:36.073  5059  5069 I zygote  : Background concurrent copying GC freed 7526(925KB) AllocSpace objects, 4(80KB) LOS objects, 53% free, 1316KB/2MB, paused 6.254ms total 48.317ms
10-31 17:12:36.479   361   361 W /system/bin/hwservicemanager: getTransportFromManifest: Cannot find entry android.hardware.graphics.mapper@2.0::IMapper in either framework or device manifest, using default transport.
10-31 17:12:36.483  5059  5089 I vndksupport: sphal namespace is not configured for this process. Loading /vendor/lib/hw/gralloc.msm8992.so from the current namespace instead.
10-31 17:12:36.551   772   797 I ActivityManager: Displayed com.android.chrome/org.chromium.chrome.browser.firstrun.FirstRunActivity: +794ms (total +1s585ms)
10-31 17:12:36.603 29458 29515 I PBSessionCacheImpl: Deleted sessionId[7781973198305] from persistence.
10-31 17:12:36.620 29458 29458 I MicroDetector: Keeping mic open: false
10-31 17:12:36.620 29458 29510 I DeviceStateChecker: DeviceStateChecker cancelled
10-31 17:12:36.624 29458 29998 I AudioController: internalShutdown
10-31 17:12:36.624 29458 29998 I MicrophoneInputStream: mic_close com.google.android.apps.gsa.speech.audio.af@11d50d9
10-31 17:12:36.627 29458 29565 I MicroRecognitionRunner: Stopping hotword detection.
10-31 17:12:36.676   556  4919 D audio_hw_primary: disable_audio_route: usecase(9) reset and update mixer path: audio-record
10-31 17:12:36.677   556  4919 D audio_hw_primary: disable_snd_device: snd_device(72: voice-rec-mic)
10-31 17:12:36.681   556  4919 D sound_trigger_platform: platform_stdev_check_and_update_concurrency: concurrency active 0, tx 0, rx 0, concurrency session_allowed 1
10-31 17:12:36.684   556   753 I SoundTriggerHwService::Module: onCallbackEvent no clients
10-31 17:12:36.688 29458 29802 I MicroRecognitionRunner: Detection finished
10-31 17:12:36.703  5059  5083 I cr_VariationsSeedFetch: Fetched first run seed in 695 ms
10-31 17:12:36.744   772   784 I ActivityManager: Start proc 5104:com.android.chrome:sandboxed_process0/u0i467 for webview_service com.android.chrome/org.chromium.content.app.SandboxedProcessService0
10-31 17:12:36.755  5104  5104 E /system/bin/webview_zygote32: failed to make and chown /acct/uid_99467: Permission denied
10-31 17:12:36.755  5104  5104 E Zygote  : createProcessGroup(99467, 0) failed: Permission denied
10-31 17:12:36.839  5104  5104 I SamplingProfilerIntegration: Profiling disabled.
10-31 17:12:36.885  5117  5117 E asset   : setgid: Operation not permitted
10-31 17:12:37.030  5104  5104 I cr_SplitCompatApp: Launched version=106.0.5249.79 minSdkVersion=24 isBundle=true processName=com.android.chrome:sandboxed_process0 isIsolated=true
10-31 17:12:37.043  5104  5104 W SystemServiceRegistry: No service published for: uimode
10-31 17:12:37.061  5104  5104 I cr_ChildProcessService: Creating new ChildProcessService pid=5104
10-31 17:12:37.068  5104  5104 E WebViewFactory: can't load with relro file; address space not reserved
10-31 17:12:37.185   772 13021 I ActivityManager: Start proc 5135:com.android.chrome:privileged_process0/u0a60 for service com.android.chrome/org.chromium.content.app.PrivilegedProcessService0
10-31 17:12:37.233  5059  5059 I cr_SmsProviderGms: construction successfull y93@2a7674f, v93@8db3edc
10-31 17:12:37.238  5135  5135 I cr_SplitCompatApp: Launched version=106.0.5249.79 minSdkVersion=24 isBundle=true processName=com.android.chrome:privileged_process0 isIsolated=false
10-31 17:12:37.253  5135  5135 I cr_ChildProcessService: Creating new ChildProcessService pid=5135
10-31 17:12:37.268 29692 29692 D BoundBrokerSvc: onBind: Intent { act=com.google.android.gms.auth.key.retrieval.service.START dat=chimera-action:com.google.android.gms.auth.key.retrieval.service.START cmp=com.google.android.gms/.chimera.GmsApiService }
10-31 17:12:37.268 29692 29692 D BoundBrokerSvc: Loading bound service for intent: Intent { act=com.google.android.gms.auth.key.retrieval.service.START dat=chimera-action:com.google.android.gms.auth.key.retrieval.service.START cmp=com.google.android.gms/.chimera.GmsApiService }
10-31 17:12:37.308  5135  5152 I cr_LibraryLoader: Successfully loaded native library
10-31 17:12:37.309  5135  5152 I cr_CachingUmaRecorder: Flushed 3 samples from 3 histograms.
10-31 17:12:37.323  5135  5152 I Adreno  : QUALCOMM build                   : 7142022, Ib5823dd10c
10-31 17:12:37.323  5135  5152 I Adreno  : Build Date                       : 06/23/17
10-31 17:12:37.323  5135  5152 I Adreno  : OpenGL ES Shader Compiler Version: EV031.18.00.00
10-31 17:12:37.323  5135  5152 I Adreno  : Local Branch                     : O11A
10-31 17:12:37.323  5135  5152 I Adreno  : Remote Branch                    : 
10-31 17:12:37.323  5135  5152 I Adreno  : Remote Branch                    : 
10-31 17:12:37.323  5135  5152 I Adreno  : Reconstruct Branch               : 
10-31 17:12:37.323  5135  5152 I vndksupport: sphal namespace is not configured for this process. Loading /vendor/lib/hw/gralloc.msm8992.so from the current namespace instead.
10-31 17:12:37.327  5135  5152 I Adreno  : PFP: 0x00000000, ME: 0x00000000
10-31 17:12:37.343  5059  5059 W cr_KnoxSettingsProvider: Permission to read device policy denied.
10-31 17:12:38.884  5161  5161 E /system/bin/webview_zygote32: failed to make and chown /acct/uid_99468: Permission denied
10-31 17:12:38.884  5161  5161 E Zygote  : createProcessGroup(99468, 0) failed: Permission denied
10-31 17:12:38.887   772  4540 I ActivityManager: Start proc 5161:com.android.chrome:sandboxed_process1/u0i468 for webview_service com.android.chrome/org.chromium.content.app.SandboxedProcessService1
10-31 17:12:38.902  5161  5161 I SamplingProfilerIntegration: Profiling disabled.
10-31 17:12:38.922  5174  5174 E asset   : setgid: Operation not permitted
10-31 17:12:38.957  5161  5161 I cr_SplitCompatApp: Launched version=106.0.5249.79 minSdkVersion=24 isBundle=true processName=com.android.chrome:sandboxed_process1 isIsolated=true
10-31 17:12:38.965  5161  5161 W SystemServiceRegistry: No service published for: uimode
10-31 17:12:38.977  5161  5161 I cr_ChildProcessService: Creating new ChildProcessService pid=5161
10-31 17:12:38.984  5161  5161 E WebViewFactory: can't load with relro file; address space not reserved
10-31 17:12:38.996  5161  5176 I cr_LibraryLoader: Successfully loaded native library
10-31 17:12:38.998  5161  5176 I cr_CachingUmaRecorder: Flushed 3 samples from 3 histograms.
10-31 17:12:39.034  5161  5176 I chromium: [INFO:child_process_service.cc(69)] ChildProcessService: Exiting child process.
10-31 17:12:39.036   422   422 E lowmemorykiller: Error writing /proc/5161/oom_score_adj; errno=22
10-31 17:12:39.036   772  2970 I ActivityManager: Killing 5161:com.android.chrome:sandboxed_process1/u0a60i468 (adj 0): isolated not needed
10-31 17:12:39.037   772   790 W zygote64: failed to open /acct/uid_99468/pid_5161/cgroup.procs: No such file or directory
10-31 17:12:39.457  5059  5059 E cr_BTSPrefs: No data found for task id: 53
10-31 17:12:39.459  5059  5059 E cr_BkgrdTaskScheduler: Task cannot be canceled because no data was found instorage or data was invalid
10-31 17:12:39.559   772   781 I zygote64: Background concurrent copying GC freed 72517(3MB) AllocSpace objects, 37(804KB) LOS objects, 42% free, 17MB/30MB, paused 677us total 114.124ms
10-31 17:12:41.756  5202  5202 D AndroidRuntime: >>>>>> START com.android.internal.os.RuntimeInit uid 2000 <<<<<<
10-31 17:12:41.765 29458 29509 I EventLogSendingHelper: Sending log events.
10-31 17:12:41.875  5202  5202 D AndroidRuntime: Calling main entry com.android.commands.input.Input
10-31 17:12:41.881  5202  5202 I Input   : injectMotionEvent: MotionEvent { action=ACTION_DOWN, actionButton=0, id[0]=0, x[0]=540.0, y[0]=1660.0, toolType[0]=TOOL_TYPE_UNKNOWN, buttonState=0, metaState=0, flags=0x0, edgeFlags=0x0, pointerCount=1, historySize=0, eventTime=551260145, downTime=551260145, deviceId=8, source=0x1002 }
10-31 17:12:41.887  5202  5202 I Input   : injectMotionEvent: MotionEvent { action=ACTION_UP, actionButton=0, id[0]=0, x[0]=540.0, y[0]=1660.0, toolType[0]=TOOL_TYPE_UNKNOWN, buttonState=0, metaState=0, flags=0x0, edgeFlags=0x0, pointerCount=1, historySize=0, eventTime=551260145, downTime=551260145, deviceId=8, source=0x1002 }
10-31 17:12:41.890  5202  5202 D AndroidRuntime: Shutting down VM
10-31 17:12:41.906   556  6498 D audio_hw_primary: enable_snd_device: snd_device(88: vi-feedback)
10-31 17:12:41.906   556  6498 D audio_hw_primary: enable_audio_route: usecase(23) apply and update mixer path: spkr-vi-record
10-31 17:12:41.935   556  6498 D audio_hw_primary: enable_audio_route: usecase(1) apply and update mixer path: low-latency-playback
10-31 17:12:42.035   772  2969 D WificondControl: Scan result ready event
10-31 17:12:42.052 29486 29498 I ChimeraSrvcProxy: NullBinder for android.net.action.RECOMMEND_NETWORKS triggering remote TransactionTooLargeException due to Service without Chimera impl
10-31 17:12:42.459   556   731 D audio_hw_primary: disable_audio_route: usecase(1) reset and update mixer path: low-latency-playback
10-31 17:12:42.473   556   731 D audio_hw_primary: disable_snd_device: snd_device(88: vi-feedback)
10-31 17:12:42.473   556   731 D audio_hw_primary: disable_audio_route: usecase(23) reset and update mixer path: spkr-vi-record
10-31 17:12:43.308  5219  5219 D AndroidRuntime: >>>>>> START com.android.internal.os.RuntimeInit uid 2000 <<<<<<
10-31 17:12:43.435  5219  5219 D AndroidRuntime: Calling main entry com.android.commands.input.Input
10-31 17:12:43.441  5219  5219 I Input   : injectMotionEvent: MotionEvent { action=ACTION_DOWN, actionButton=0, id[0]=0, x[0]=180.0, y[0]=1690.0, toolType[0]=TOOL_TYPE_UNKNOWN, buttonState=0, metaState=0, flags=0x0, edgeFlags=0x0, pointerCount=1, historySize=0, eventTime=551261705, downTime=551261705, deviceId=8, source=0x1002 }
10-31 17:12:43.446  5219  5219 I Input   : injectMotionEvent: MotionEvent { action=ACTION_UP, actionButton=0, id[0]=0, x[0]=180.0, y[0]=1690.0, toolType[0]=TOOL_TYPE_UNKNOWN, buttonState=0, metaState=0, flags=0x0, edgeFlags=0x0, pointerCount=1, historySize=0, eventTime=551261705, downTime=551261705, deviceId=8, source=0x1002 }
10-31 17:12:43.449  5219  5219 D AndroidRuntime: Shutting down VM
10-31 17:12:43.462   556  6498 D audio_hw_primary: enable_snd_device: snd_device(88: vi-feedback)
10-31 17:12:43.462   556  6498 D audio_hw_primary: enable_audio_route: usecase(23) apply and update mixer path: spkr-vi-record
10-31 17:12:43.464   772 10895 I ActivityManager: START u0 {act=android.intent.action.VIEW flg=0x10008000 cmp=com.android.chrome/com.google.android.apps.chrome.Main (has extras)} from uid 10060
10-31 17:12:43.468   772   830 E ResourceType: Style contains key with bad entry: 0x0101062c
10-31 17:12:43.470   772   830 E ResourceType: Style contains key with bad entry: 0x0101062c
10-31 17:12:43.487   556  6498 D audio_hw_primary: enable_audio_route: usecase(1) apply and update mixer path: low-latency-playback
10-31 17:12:43.488  5059  5059 E ResourceType: Style contains key with bad entry: 0x0101062c
10-31 17:12:43.497  5059  5059 E ResourceType: Style contains key with bad entry: 0x0101062c
10-31 17:12:43.533  5059  5059 W ResourceType: Failure getting entry for 0x7f010055 (t=0 e=85) (error -75)
10-31 17:12:43.544  5059  5059 I cr_CompositorSurfaceMgr: Transitioning to surface with format: -1
10-31 17:12:43.548  5059  5059 W ResourceType: Failure getting entry for 0x7f010530 (t=0 e=1328) (error -75)
10-31 17:12:43.609  5059  5123 W cr_tabmodel: Starting to perform legacy migration.
10-31 17:12:43.612  5059  5123 W cr_tabmodel: Finished performing legacy migration.
10-31 17:12:43.612  5059  5123 W cr_tabmodel: Starting to perform multi-instance migration.
10-31 17:12:43.612  5059  5123 W cr_tabmodel: Finished performing multi-instance migration.
10-31 17:12:43.612  5059  5123 I cr_tabmodel: Starting to fetch tab list for tab_state0
10-31 17:12:43.613  5059  5123 I cr_tabmodel: State file does not exist.
10-31 17:12:43.613  5059  5123 I cr_tabmodel: Starting to fetch tab list for tab_state1
10-31 17:12:43.613  5059  5123 I cr_tabmodel: State file does not exist.
10-31 17:12:43.659   772  2970 W ActivityManager: Duplicate finish request for ActivityRecord{df4b21a u0 com.android.chrome/org.chromium.chrome.browser.firstrun.FirstRunActivity t859 f}
10-31 17:12:43.662  5059  5123 W cr_PartnerCustomize: Partner homepage must be HTTP(S) or NewTabPage. Got invalid URL "org.chromium.url.GURL@0"
10-31 17:12:43.702  5059  5059 I cr_StartSurfaceConfig: Recorded Startup.Android.FirstDrawCompletedTime.NoInstant = 194 ms
10-31 17:12:43.704  5059  5089 D OpenGLRenderer: endAllActiveAnimators on 0xc8530280 (RippleDrawable) with handle 0xca8200e0
10-31 17:12:43.716  5059  5059 I cr_CompositorSurfaceMgr: Transitioning to surface with format: -1
10-31 17:12:43.719  5059  5059 I cr_CompositorSurfaceMgr: surfaceCreated format: 0
10-31 17:12:43.727  5059  5059 I cr_ChromeTabbedActivity: #initializeState
10-31 17:12:43.727  5059  5059 I cr_CipherFactory: #restoreFromBundle, no savedInstanceState.
10-31 17:12:43.728  5059  5059 I cr_tabmodel: #loadState, ignoreIncognitoFiles? true
10-31 17:12:43.734  5059  5059 I cr_tabmodel: Loaded tab lists; counts: 0,0
10-31 17:12:43.734  5059  5059 I cr_ChromeTabbedActivity: #createInitialTab executed.
10-31 17:12:43.761  5059  5059 E ResourceType: Style contains key with bad entry: 0x0101062c
10-31 17:12:43.799  5059  5059 W ResourceType: Failure getting entry for 0x7f010565 (t=0 e=1381) (error -75)
10-31 17:12:43.807  5059  5059 W ResourceType: Failure getting entry for 0x7f010551 (t=0 e=1361) (error -75)
10-31 17:12:43.840   772  2970 E BatteryStatsService: no controller energy info supplied
10-31 17:12:43.840   772  2970 E BatteryStatsService: no controller energy info supplied
10-31 17:12:43.860   772   788 W ProcessCpuTracker: Skipping unknown process pid 5254
10-31 17:12:43.954  5059  5059 W ResourceType: Failure getting entry for 0x7f01059a (t=0 e=1434) (error -75)
10-31 17:12:43.982   772   784 W AppOps  : Bad call: specified package com.google.android.gms under uid 10060 but it is really 10020
10-31 17:12:43.982   772   784 W AppOps  : java.lang.RuntimeException: here
10-31 17:12:43.982   772   784 W AppOps  : 	at com.android.server.AppOpsService.getOpsRawLocked(AppOpsService.java:1319)
10-31 17:12:43.982   772   784 W AppOps  : 	at com.android.server.AppOpsService.checkPackage(AppOpsService.java:1038)
10-31 17:12:43.982   772   784 W AppOps  : 	at com.android.internal.app.IAppOpsService$Stub.onTransact(IAppOpsService.java:169)
10-31 17:12:43.982   772   784 W AppOps  : 	at android.os.Binder.execTransact(Binder.java:674)
10-31 17:12:43.983   772 13022 W AppOps  : Bad call: specified package com.google.android.gms under uid 10060 but it is really 10020
10-31 17:12:43.983   772 13022 W AppOps  : java.lang.RuntimeException: here
10-31 17:12:43.983   772 13022 W AppOps  : 	at com.android.server.AppOpsService.getOpsRawLocked(AppOpsService.java:1319)
10-31 17:12:43.983   772 13022 W AppOps  : 	at com.android.server.AppOpsService.checkPackage(AppOpsService.java:1038)
10-31 17:12:43.983   772 13022 W AppOps  : 	at com.android.internal.app.IAppOpsService$Stub.onTransact(IAppOpsService.java:169)
10-31 17:12:43.983   772 13022 W AppOps  : 	at android.os.Binder.execTransact(Binder.java:674)
10-31 17:12:43.984   772  3854 W AppOps  : Bad call: specified package com.google.android.gms under uid 10060 but it is really 10020
10-31 17:12:43.984   772  3854 W AppOps  : java.lang.RuntimeException: here
10-31 17:12:43.984   772  3854 W AppOps  : 	at com.android.server.AppOpsService.getOpsRawLocked(AppOpsService.java:1319)
10-31 17:12:43.984   772  3854 W AppOps  : 	at com.android.server.AppOpsService.checkPackage(AppOpsService.java:1038)
10-31 17:12:43.984   772  3854 W AppOps  : 	at com.android.internal.app.IAppOpsService$Stub.onTransact(IAppOpsService.java:169)
10-31 17:12:43.984   772  3854 W AppOps  : 	at android.os.Binder.execTransact(Binder.java:674)
10-31 17:12:43.985   772  3037 W AppOps  : Bad call: specified package com.google.android.gms under uid 10060 but it is really 10020
10-31 17:12:43.985   772  3037 W AppOps  : java.lang.RuntimeException: here
10-31 17:12:43.985   772  3037 W AppOps  : 	at com.android.server.AppOpsService.getOpsRawLocked(AppOpsService.java:1319)
10-31 17:12:43.985   772  3037 W AppOps  : 	at com.android.server.AppOpsService.checkPackage(AppOpsService.java:1038)
10-31 17:12:43.985   772  3037 W AppOps  : 	at com.android.internal.app.IAppOpsService$Stub.onTransact(IAppOpsService.java:169)
10-31 17:12:43.985   772  3037 W AppOps  : 	at android.os.Binder.execTransact(Binder.java:674)
10-31 17:12:44.003   556   731 D audio_hw_primary: disable_audio_route: usecase(1) reset and update mixer path: low-latency-playback
10-31 17:12:44.009  5059  5059 E cr_IntentUtils: getBooleanExtra failed on intent null
10-31 17:12:44.009  5059  5059 E cr_IntentUtils: getBooleanExtra failed on intent null
10-31 17:12:44.011  5104  5120 I cr_LibraryLoader: Successfully loaded native library
10-31 17:12:44.013  5104  5120 I cr_CachingUmaRecorder: Flushed 3 samples from 3 histograms.
10-31 17:12:44.018   556   731 D audio_hw_primary: disable_snd_device: snd_device(88: vi-feedback)
10-31 17:12:44.018   556   731 D audio_hw_primary: disable_audio_route: usecase(23) reset and update mixer path: spkr-vi-record
10-31 17:12:44.039  5059  5059 W ResourceType: Failure getting entry for 0x7f010888 (t=0 e=2184) (error -75)
10-31 17:12:44.053  5059  5059 I chatty  : uid=10060(u0_a60) identical 6 lines
10-31 17:12:44.055  5059  5059 W ResourceType: Failure getting entry for 0x7f010888 (t=0 e=2184) (error -75)
10-31 17:12:44.056  5059  5059 I cr_TopSites: Start a new task.
10-31 17:12:44.057  5059  5123 I cr_TopSites: Serializing top sites lists finished; count: 8
10-31 17:12:44.057 29486 29497 I FontLog : Received query name=Google Sans&weight=700&besteffort=false, URI content://com.google.android.gms.fonts [CONTEXT service_id=132 ]
10-31 17:12:44.057 29486 29497 I FontLog : Query [name=Google Sans&weight=700&besteffort=false] resolved to {Google Sans, wdth 100.0, wght 700, ital 0.0, bestEffort false} [CONTEXT service_id=132 ]
10-31 17:12:44.059 29486 29497 I FontLog : Fetch {Google Sans, wdth 100.0, wght 700, ital 0.0, bestEffort false} end status Status{statusCode=SUCCESS, resolution=null} [CONTEXT service_id=132 ]
10-31 17:12:44.068 29486 29498 I FontLog : Pulling font file for id = 64, cache size = 6 [CONTEXT service_id=132 ]
10-31 17:12:44.069  5059  5123 I cr_TopSites: Finished saving top sites list to file:/data/user/0/com.android.chrome/app_top_sites/top_sites
10-31 17:12:44.080   361   361 W /system/bin/hwservicemanager: getTransportFromManifest: Cannot find entry android.hardware.graphics.mapper@2.0::IMapper in either framework or device manifest, using default transport.
10-31 17:12:44.086  5135  5152 I vndksupport: sphal namespace is not configured for this process. Loading /vendor/lib/hw/gralloc.msm8992.so from the current namespace instead.
10-31 17:12:44.089  5274  5274 E /system/bin/webview_zygote32: failed to make and chown /acct/uid_99469: Permission denied
10-31 17:12:44.089  5274  5274 E Zygote  : createProcessGroup(99469, 0) failed: Permission denied
10-31 17:12:44.090   772  3854 I ActivityManager: Start proc 5274:com.android.chrome:sandboxed_process2/u0i469 for webview_service com.android.chrome/org.chromium.content.app.SandboxedProcessService2
10-31 17:12:44.091 29486 30686 I FontLog : Received query name=Noto Color Emoji Compat&weight=400&besteffort=false, URI content://com.google.android.gms.fonts [CONTEXT service_id=132 ]
10-31 17:12:44.092 29486 30686 I FontLog : Query [name=Noto Color Emoji Compat&weight=400&besteffort=false] resolved to {Noto Color Emoji Compat, wdth 100.0, wght 400, ital 0.0, bestEffort false} [CONTEXT service_id=132 ]
10-31 17:12:44.093 29486 30686 I FontLog : Fetch {Noto Color Emoji Compat, wdth 100.0, wght 400, ital 0.0, bestEffort false} end status Status{statusCode=SUCCESS, resolution=null} [CONTEXT service_id=132 ]
10-31 17:12:44.115  5284  5284 E /system/bin/webview_zygote32: failed to make and chown /acct/uid_99470: Permission denied
10-31 17:12:44.115  5284  5284 E Zygote  : createProcessGroup(99470, 0) failed: Permission denied
10-31 17:12:44.118   772  4539 I ActivityManager: Start proc 5284:com.android.chrome:sandboxed_process3/u0i470 for webview_service com.android.chrome/org.chromium.content.app.SandboxedProcessService3
10-31 17:12:44.119 29486 29650 I FontLog : Pulling font file for id = 65, cache size = 5 [CONTEXT service_id=132 ]
10-31 17:12:44.131  5274  5274 I SamplingProfilerIntegration: Profiling disabled.
10-31 17:12:44.136  5284  5284 I SamplingProfilerIntegration: Profiling disabled.
10-31 17:12:44.137  5301  5301 E /system/bin/webview_zygote32: failed to make and chown /acct/uid_99471: Permission denied
10-31 17:12:44.137  5301  5301 E Zygote  : createProcessGroup(99471, 0) failed: Permission denied
10-31 17:12:44.139   772  3854 I ActivityManager: Start proc 5301:com.android.chrome:sandboxed_process4/u0i471 for webview_service com.android.chrome/org.chromium.content.app.SandboxedProcessService4
10-31 17:12:44.141 29486 29498 I FontLog : Received query name=Google Sans&weight=400&besteffort=false, URI content://com.google.android.gms.fonts [CONTEXT service_id=132 ]
10-31 17:12:44.141 29486 29498 I FontLog : Query [name=Google Sans&weight=400&besteffort=false] resolved to {Google Sans, wdth 100.0, wght 400, ital 0.0, bestEffort false} [CONTEXT service_id=132 ]
10-31 17:12:44.144 29486 29498 I FontLog : Font PFD returned from cache for {Google Sans, wdth 100.0, wght 400, ital 0.0, bestEffort false} [CONTEXT service_id=132 ]
10-31 17:12:44.145 29486 29498 I FontLog : Fetch {Google Sans, wdth 100.0, wght 400, ital 0.0, bestEffort false} end status Status{statusCode=SUCCESS, resolution=null} [CONTEXT service_id=132 ]
10-31 17:12:44.157  5301  5301 I SamplingProfilerIntegration: Profiling disabled.
10-31 17:12:44.163  5316  5316 E /system/bin/webview_zygote32: failed to make and chown /acct/uid_99472: Permission denied
10-31 17:12:44.163  5316  5316 E Zygote  : createProcessGroup(99472, 0) failed: Permission denied
10-31 17:12:44.163   772 20193 I ActivityManager: Start proc 5316:com.android.chrome:sandboxed_process5/u0i472 for webview_service com.android.chrome/org.chromium.content.app.SandboxedProcessService5
10-31 17:12:44.166  5059  5059 W ResourceType: Failure getting entry for 0x7f010216 (t=0 e=534) (error -75)
10-31 17:12:44.168  5059  5059 W ResourceType: Failure getting entry for 0x7f0107c9 (t=0 e=1993) (error -75)
10-31 17:12:44.168  5323  5323 E asset   : setgid: Operation not permitted
10-31 17:12:44.174 29486 29498 I FontLog : Pulling font file for id = 66, cache size = 6 [CONTEXT service_id=132 ]
10-31 17:12:44.176  5327  5327 E asset   : setgid: Operation not permitted
10-31 17:12:44.185  5316  5316 I SamplingProfilerIntegration: Profiling disabled.
10-31 17:12:44.187  5059  5059 W ResourceType: Failure getting entry for 0x7f010827 (t=0 e=2087) (error -75)
10-31 17:12:44.189  5330  5330 E /system/bin/webview_zygote32: failed to make and chown /acct/uid_99473: Permission denied
10-31 17:12:44.189  5330  5330 E Zygote  : createProcessGroup(99473, 0) failed: Permission denied
10-31 17:12:44.189  5334  5334 E asset   : setgid: Operation not permitted
10-31 17:12:44.191   772 13022 I ActivityManager: Start proc 5330:com.android.chrome:sandboxed_process6/u0i473 for webview_service com.android.chrome/org.chromium.content.app.SandboxedProcessService6
10-31 17:12:44.197 29486 29651 I FontLog : Received query name=Google Sans&weight=500&besteffort=false, URI content://com.google.android.gms.fonts [CONTEXT service_id=132 ]
10-31 17:12:44.198 29486 29651 I FontLog : Query [name=Google Sans&weight=500&besteffort=false] resolved to {Google Sans, wdth 100.0, wght 500, ital 0.0, bestEffort false} [CONTEXT service_id=132 ]
10-31 17:12:44.200 29486 29651 I FontLog : Font PFD returned from cache for {Google Sans, wdth 100.0, wght 500, ital 0.0, bestEffort false} [CONTEXT service_id=132 ]
10-31 17:12:44.201 29486 29651 I FontLog : Fetch {Google Sans, wdth 100.0, wght 500, ital 0.0, bestEffort false} end status Status{statusCode=SUCCESS, resolution=null} [CONTEXT service_id=132 ]
10-31 17:12:44.203  5059  5059 I cr_OfflineIndicator: onConnectionTypeChanged 2
10-31 17:12:44.207  5059  5059 I cr_OfflineIndicator: Reported by system: [ Transports: WIFI Capabilities: NOT_METERED&INTERNET&NOT_RESTRICTED&TRUSTED&NOT_VPN&VALIDATED&FOREGROUND LinkUpBandwidth>=1048576Kbps LinkDnBandwidth>=1048576Kbps SignalStrength: -66]
10-31 17:12:44.207  5059  5059 I cr_OfflineIndicator: setConnectionState connectionState=4
10-31 17:12:44.208  5059  5059 I cr_OfflineDetector: Running updateState mConnectivityDetectorInitialized: true, mTimeWhenLastForegrounded: 1108818369, getElapsedTime: 1108818374, mTimeWhenLastOfflineNotificationReceived: 0, mTimeWhenLastOnline: 1108818374, mApplicationState: 1, mIsOfflineLastReportedByConnectivityDetector: false, mIsEffectivelyOffline: false
10-31 17:12:44.208  5059  5059 I cr_OfflineDetector: updateState(): timeSinceLastForeground: 5, timeSinceOfflineNotificationReceived: 1108818374, timeSinceLastOnline: 0, timeNeededForForeground: 1995, timeNeededForOffline: -1108816374
10-31 17:12:44.208  5059  5059 I cr_OfflineIndicator: processConnectivityCheckResult mConnectionState=4 mConnectivityCheckingStage=1
10-31 17:12:44.209  5284  5284 I cr_SplitCompatApp: Launched version=106.0.5249.79 minSdkVersion=24 isBundle=true processName=com.android.chrome:sandboxed_process3 isIsolated=true
10-31 17:12:44.214  5284  5284 W SystemServiceRegistry: No service published for: uimode
10-31 17:12:44.215   772 10893 I ActivityManager: Start proc 5343:com.android.chrome:sandboxed_process7/u0i474 for webview_service com.android.chrome/org.chromium.content.app.SandboxedProcessService7
10-31 17:12:44.217 29486 29498 I FontLog : Pulling font file for id = 67, cache size = 7 [CONTEXT service_id=132 ]
10-31 17:12:44.220  5274  5274 I cr_SplitCompatApp: Launched version=106.0.5249.79 minSdkVersion=24 isBundle=true processName=com.android.chrome:sandboxed_process2 isIsolated=true
10-31 17:12:44.220  5343  5343 E /system/bin/webview_zygote32: failed to make and chown /acct/uid_99474: Permission denied
10-31 17:12:44.221  5343  5343 E Zygote  : createProcessGroup(99474, 0) failed: Permission denied
10-31 17:12:44.224  5274  5274 W SystemServiceRegistry: No service published for: uimode
10-31 17:12:44.228  5284  5284 I cr_ChildProcessService: Creating new ChildProcessService pid=5284
10-31 17:12:44.232  5352  5352 E asset   : setgid: Operation not permitted
10-31 17:12:44.233  5274  5274 I cr_ChildProcessService: Creating new ChildProcessService pid=5274
10-31 17:12:44.234  5358  5358 E /system/bin/webview_zygote32: failed to make and chown /acct/uid_99475: Permission denied
10-31 17:12:44.234  5358  5358 E Zygote  : createProcessGroup(99475, 0) failed: Permission denied
10-31 17:12:44.236   772  1259 I ActivityManager: Start proc 5358:com.android.chrome:sandboxed_process8/u0i475 for webview_service com.android.chrome/org.chromium.content.app.SandboxedProcessService8
10-31 17:12:44.238  5330  5330 I SamplingProfilerIntegration: Profiling disabled.
10-31 17:12:44.243  5343  5343 I SamplingProfilerIntegration: Profiling disabled.
10-31 17:12:44.244  5274  5274 E WebViewFactory: can't load with relro file; address space not reserved
10-31 17:12:44.247  5301  5301 I cr_SplitCompatApp: Launched version=106.0.5249.79 minSdkVersion=24 isBundle=true processName=com.android.chrome:sandboxed_process4 isIsolated=true
10-31 17:12:44.251  5358  5358 I SamplingProfilerIntegration: Profiling disabled.
10-31 17:12:44.256  5376  5376 E /system/bin/webview_zygote32: failed to make and chown /acct/uid_99476: Permission denied
10-31 17:12:44.256  5376  5376 E Zygote  : createProcessGroup(99476, 0) failed: Permission denied
10-31 17:12:44.257   772  4540 I ActivityManager: Start proc 5376:com.android.chrome:sandboxed_process9/u0i476 for webview_service com.android.chrome/org.chromium.content.app.SandboxedProcessService9
10-31 17:12:44.262  5301  5301 W SystemServiceRegistry: No service published for: uimode
10-31 17:12:44.265  5316  5316 I cr_SplitCompatApp: Launched version=106.0.5249.79 minSdkVersion=24 isBundle=true processName=com.android.chrome:sandboxed_process5 isIsolated=true
10-31 17:12:44.271  5301  5301 I cr_ChildProcessService: Creating new ChildProcessService pid=5301
10-31 17:12:44.274  5059  5059 W ResourceType: Failure getting entry for 0x7f010415 (t=0 e=1045) (error -75)
10-31 17:12:44.276  5316  5316 W SystemServiceRegistry: No service published for: uimode
10-31 17:12:44.276  5284  5284 E WebViewFactory: can't load with relro file; address space not reserved
10-31 17:12:44.278  5301  5301 E WebViewFactory: can't load with relro file; address space not reserved
10-31 17:12:44.282  5389  5389 E asset   : setgid: Operation not permitted
10-31 17:12:44.283  5316  5316 I cr_ChildProcessService: Creating new ChildProcessService pid=5316
10-31 17:12:44.284  5386  5386 E asset   : setgid: Operation not permitted
10-31 17:12:44.287  5284  5357 I cr_LibraryLoader: Successfully loaded native library
10-31 17:12:44.288  5284  5357 I cr_CachingUmaRecorder: Flushed 3 samples from 3 histograms.
10-31 17:12:44.291  5301  5385 I cr_LibraryLoader: Successfully loaded native library
10-31 17:12:44.291  5301  5385 I cr_CachingUmaRecorder: Flushed 3 samples from 3 histograms.
10-31 17:12:44.292  5376  5376 I SamplingProfilerIntegration: Profiling disabled.
10-31 17:12:44.293  5274  5360 I cr_LibraryLoader: Successfully loaded native library
10-31 17:12:44.295  5274  5360 I cr_CachingUmaRecorder: Flushed 3 samples from 3 histograms.
10-31 17:12:44.296  5316  5316 E WebViewFactory: can't load with relro file; address space not reserved
10-31 17:12:44.296  5392  5392 E asset   : setgid: Operation not permitted
10-31 17:12:44.320  5316  5390 I cr_LibraryLoader: Successfully loaded native library
10-31 17:12:44.321  5316  5390 I cr_CachingUmaRecorder: Flushed 3 samples from 3 histograms.
10-31 17:12:44.326  5416  5416 E asset   : setgid: Operation not permitted
10-31 17:12:44.338  5330  5330 I cr_SplitCompatApp: Launched version=106.0.5249.79 minSdkVersion=24 isBundle=true processName=com.android.chrome:sandboxed_process6 isIsolated=true
10-31 17:12:44.343  5358  5358 I cr_SplitCompatApp: Launched version=106.0.5249.79 minSdkVersion=24 isBundle=true processName=com.android.chrome:sandboxed_process8 isIsolated=true
10-31 17:12:44.344  5330  5330 W SystemServiceRegistry: No service published for: uimode
10-31 17:12:44.345  5343  5343 I cr_SplitCompatApp: Launched version=106.0.5249.79 minSdkVersion=24 isBundle=true processName=com.android.chrome:sandboxed_process7 isIsolated=true
10-31 17:12:44.346  5059  5059 I cr_tabmodel: Appending tabs being restored to metadata lists, 0, startingNormalCount: 1, startingIncognitoCount: 0
10-31 17:12:44.346  5059  5059 I cr_tabmodel: Serializing tab lists; counts: 1, 0
10-31 17:12:44.351  5358  5358 W SystemServiceRegistry: No service published for: uimode
10-31 17:12:44.353  5343  5343 W SystemServiceRegistry: No service published for: uimode
10-31 17:12:44.355  5301  5385 I chromium: [INFO:child_process_service.cc(69)] ChildProcessService: Exiting child process.
10-31 17:12:44.356   422   422 E lowmemorykiller: Error writing /proc/5301/oom_score_adj; errno=22
10-31 17:12:44.357   772 10860 I ActivityManager: Killing 5301:com.android.chrome:sandboxed_process4/u0a60i471 (adj 0): isolated not needed
10-31 17:12:44.358   772   790 W zygote64: failed to open /acct/uid_99471/pid_5301/cgroup.procs: No such file or directory
10-31 17:12:44.362  5330  5330 I cr_ChildProcessService: Creating new ChildProcessService pid=5330
10-31 17:12:44.362  5284  5357 I chromium: [INFO:child_process_service.cc(69)] ChildProcessService: Exiting child process.
10-31 17:12:44.364  5274  5360 I chromium: [INFO:child_process_service.cc(69)] ChildProcessService: Exiting child process.
10-31 17:12:44.374  5376  5376 I cr_SplitCompatApp: Launched version=106.0.5249.79 minSdkVersion=24 isBundle=true processName=com.android.chrome:sandboxed_process9 isIsolated=true
10-31 17:12:44.382  5376  5376 W SystemServiceRegistry: No service published for: uimode
10-31 17:12:44.382  5358  5358 I cr_ChildProcessService: Creating new ChildProcessService pid=5358
10-31 17:12:44.383  5343  5343 I cr_ChildProcessService: Creating new ChildProcessService pid=5343
10-31 17:12:44.385  5427  5427 E /system/bin/webview_zygote32: failed to make and chown /acct/uid_99477: Permission denied
10-31 17:12:44.385  5427  5427 E Zygote  : createProcessGroup(99477, 0) failed: Permission denied
10-31 17:12:44.391   772  3854 I ActivityManager: Start proc 5427:com.android.chrome:sandboxed_process10/u0i477 for webview_service com.android.chrome/org.chromium.content.app.SandboxedProcessService10
10-31 17:12:44.395  5376  5376 I cr_ChildProcessService: Creating new ChildProcessService pid=5376
10-31 17:12:44.397  5343  5343 E WebViewFactory: can't load with relro file; address space not reserved
10-31 17:12:44.399  5358  5358 E WebViewFactory: can't load with relro file; address space not reserved
10-31 17:12:44.403  5059  5059 W chromium: [WARNING:compositor_view.cc(342)] Child process died (type=6) pid=5301)
10-31 17:12:44.404  5330  5330 E WebViewFactory: can't load with relro file; address space not reserved
10-31 17:12:44.404  5316  5390 I chromium: [INFO:child_process_service.cc(69)] ChildProcessService: Exiting child process.
10-31 17:12:44.416   772 13021 I ActivityManager: Process com.android.chrome:sandboxed_process2 (pid 5274) has died: vis  TOP 
10-31 17:12:44.417   772 13021 W ActivityManager: Scheduling restart of crashed service com.android.chrome/org.chromium.content.app.SandboxedProcessService2 in 1000ms
10-31 17:12:44.417   772   790 W zygote64: failed to open /acct/uid_99469/pid_5274/cgroup.procs: No such file or directory
10-31 17:12:44.423 29407 29407 I MemoryTrimmer: Trimming objects from memory, since app is in the background.
10-31 17:12:44.428 29407  4177 V rsC++   : RS Message thread exiting.
10-31 17:12:44.431   772  3854 I ActivityManager: Process com.android.chrome:sandboxed_process3 (pid 5284) has died: vis  TOP 
10-31 17:12:44.431   772  3854 W ActivityManager: Scheduling restart of crashed service com.android.chrome/org.chromium.content.app.SandboxedProcessService3 in 10986ms
10-31 17:12:44.439  5376  5376 E WebViewFactory: can't load with relro file; address space not reserved
10-31 17:12:44.439  5427  5427 I SamplingProfilerIntegration: Profiling disabled.
10-31 17:12:44.440   772   790 W zygote64: failed to open /acct/uid_99470/pid_5284/cgroup.procs: No such file or directory
10-31 17:12:44.442  5059  5059 W chromium: [WARNING:compositor_view.cc(342)] Child process died (type=6) pid=5284)
10-31 17:12:44.443  5059  5059 W chromium: [WARNING:compositor_view.cc(342)] Child process died (type=6) pid=5274)
10-31 17:12:44.450   772   996 I ActivityManager: Process com.android.chrome:sandboxed_process5 (pid 5316) has died: vis  TOP 
10-31 17:12:44.450   772   996 W ActivityManager: Scheduling restart of crashed service com.android.chrome/org.chromium.content.app.SandboxedProcessService5 in 10967ms
10-31 17:12:44.451   772   790 W zygote64: failed to open /acct/uid_99472/pid_5316/cgroup.procs: No such file or directory
10-31 17:12:44.486  5443  5443 E asset   : setgid: Operation not permitted
10-31 17:12:44.486  5343  5428 I cr_LibraryLoader: Successfully loaded native library
10-31 17:12:44.487  5343  5428 I cr_CachingUmaRecorder: Flushed 3 samples from 3 histograms.
10-31 17:12:44.487  5358  5426 I cr_LibraryLoader: Successfully loaded native library
10-31 17:12:44.488  5358  5426 I cr_CachingUmaRecorder: Flushed 3 samples from 3 histograms.
10-31 17:12:44.495  5376  5435 I cr_LibraryLoader: Successfully loaded native library
10-31 17:12:44.495  5376  5435 I cr_CachingUmaRecorder: Flushed 3 samples from 3 histograms.
10-31 17:12:44.495  5330  5425 I cr_LibraryLoader: Successfully loaded native library
10-31 17:12:44.496  5330  5425 I cr_CachingUmaRecorder: Flushed 3 samples from 3 histograms.
10-31 17:12:44.508  5059  5069 I zygote  : Background concurrent copying GC freed 24978(1496KB) AllocSpace objects, 1(20KB) LOS objects, 49% free, 5MB/10MB, paused 294us total 121.341ms
10-31 17:12:44.523  5059  5059 W ResourceType: Failure getting entry for 0x7f0100f9 (t=0 e=249) (error -75)
10-31 17:12:44.530  5059  5059 W ResourceType: Failure getting entry for 0x7f010828 (t=0 e=2088) (error -75)
10-31 17:12:44.533  5427  5427 I cr_SplitCompatApp: Launched version=106.0.5249.79 minSdkVersion=24 isBundle=true processName=com.android.chrome:sandboxed_process10 isIsolated=true
10-31 17:12:44.540  5427  5427 W SystemServiceRegistry: No service published for: uimode
10-31 17:12:44.545  5059  5125 I cr_VrCoreVersionChecker: Unable to find VrCore.
10-31 17:12:44.548  5427  5427 I cr_ChildProcessService: Creating new ChildProcessService pid=5427
10-31 17:12:44.554  5059  5059 W ResourceType: Failure getting entry for 0x7f010827 (t=0 e=2087) (error -75)
10-31 17:12:44.555  5427  5427 E WebViewFactory: can't load with relro file; address space not reserved
10-31 17:12:44.566  5427  5473 I cr_LibraryLoader: Successfully loaded native library
