10-31 17:13:39.304   372   376 D DrmLibTime: QSEE Time Listener: Retrieved Android system time: 1667232819
10-31 17:13:39.304   372   376 D DrmLibTime: time_getutcsec returns 0, sec = 1667232819; nsec = 0
10-31 17:13:39.304   372   376 D DrmLibTime: time_getutcsec finished! 
10-31 17:13:39.304   372   376 D DrmLibTime: iotcl_continue_command finished! and return 0 
10-31 17:13:39.304   372   376 D DrmLibTime: before calling ioctl to read the next time_cmd
10-31 17:13:39.304   625   647 E QC-time-services: Daemon: Time-services: Waiting to acceptconnection
10-31 17:13:39.339   562 19050 D WVCdm   : OEMCrypto_Initialize Level 1 success. I will use level 1.
10-31 17:13:39.339   562 19050 D WVCdm   : CryptoSession::Open: Lock: requested_security_level: Default
10-31 17:13:39.342   562 19050 W WVCdm   : DeviceFiles::RetrieveHashedFile: /data/mediadrm/IDM1013/L1/cert.bin does not exist
10-31 17:13:39.343   562 19050 D QSEECOMAPI: : QSEECom_dealloc_memory 
10-31 17:13:39.343   562 19050 D QSEECOMAPI: : QSEECom_shutdown_app, app_id = 2952
10-31 17:13:39.361   562  5487 I WVCdm   : Level3 Library 4445 May 19 2017 17:17:20
10-31 17:13:39.370   562  5487 D QSEECOMAPI: : QSEECom_get_handle sb_length = 0x19000
10-31 17:13:39.370   562  5487 D QSEECOMAPI: : App is not loaded in QSEE
10-31 17:13:39.420   562  5487 D QSEECOMAPI: : Loaded image: APP id = 2953
10-31 17:13:39.424   562  5487 D QSAPPSVER: qsapps_get_capabilities: Capability from secure side: 0x0
10-31 17:13:39.424   562  5487 D QSAPPSVER: qsapps_get_capabilities: returns 0
10-31 17:13:39.424   562  5487 E DrmWidevineDash: sion_buffer g_wv_fhandle->ion_sbuffer  0x0xef155000
10-31 17:13:39.427   372   376 D DrmLibTime: got the req here! ret=0
10-31 17:13:39.427   372   376 D DrmLibTime: command id, time_cmd_id = 770
10-31 17:13:39.427   372   376 D DrmLibTime: time_getutcsec starts!
10-31 17:13:39.427   372   376 D DrmLibTime: QSEE Time Listener: time_getutcsec
10-31 17:13:39.427   372   376 D DrmLibTime: QSEE Time Listener: get_utc_seconds
10-31 17:13:39.427   372   376 D DrmLibTime: QSEE Time Listener: time_get_modem_time
10-31 17:13:39.427   372   376 D DrmLibTime: QSEE Time Listener: Checking if ATS_MODEM is set or not.
10-31 17:13:39.427   372   376 D QC-time-services: Lib:time_genoff_operation: pargs->base = 13
10-31 17:13:39.427   372   376 D QC-time-services: Lib:time_genoff_operation: pargs->operation = 2
10-31 17:13:39.427   372   376 D QC-time-services: Lib:time_genoff_operation: pargs->ts_val = 0
10-31 17:13:39.427   372   376 D QC-time-services: Lib:time_genoff_operation: Send to server  passed!!
10-31 17:13:39.427   625   647 D QC-time-services: Daemon: Connection accepted:time_genoff
10-31 17:13:39.428   625  6027 D QC-time-services: Daemon:Received base = 13, unit = 1, operation = 2,value = 0
10-31 17:13:39.428   625  6027 D QC-time-services: Daemon:genoff_opr: Base = 13, val = 0, operation = 2
10-31 17:13:39.428   625  6027 D QC-time-services: offset is: 0 for base: 13
10-31 17:13:39.428   372   376 E QC-time-services: Receive Passed == base = 13, unit = 1, operation = 2, result = 0
10-31 17:13:39.428   372   376 D DrmLibTime: QSEE Time Listener: ATS_MODEM is not set. Fallback to Android system time.
10-31 17:13:39.428   372   376 D DrmLibTime: QSEE Time Listener: Retrieved Android system time: 1667232819
10-31 17:13:39.428   372   376 D DrmLibTime: time_getutcsec returns 0, sec = 1667232819; nsec = 0
10-31 17:13:39.428   372   376 D DrmLibTime: time_getutcsec finished! 
10-31 17:13:39.428   372   376 D DrmLibTime: iotcl_continue_command finished! and return 0 
10-31 17:13:39.428   372   376 D DrmLibTime: before calling ioctl to read the next time_cmd
10-31 17:13:39.428   625   647 E QC-time-services: Daemon: Time-services: Waiting to acceptconnection
10-31 17:13:39.454   562  5487 D WVCdm   : OEMCrypto_Initialize Level 1 success. I will use level 1.
10-31 17:13:39.454   562  5487 D WVCdm   : CryptoSession::Open: Lock: requested_security_level: Default
10-31 17:13:39.524   562  5487 E DrmWidevineDash: OEMCrypto_GenerateSignature : input wrapped_rsa_key == NULL!, return short buffer
10-31 17:13:39.526  5059  5059 I cr_media: Provisioning origin ID BD705B331FEF995469170470124C71F3
10-31 17:13:39.529  5059  5059 W chromium: [WARNING:compositor_view.cc(342)] Child process died (type=6) pid=5999)
10-31 17:13:39.532  5059  5059 I MediaDrm: Drm event (1,0)
10-31 17:13:39.532  5059  5059 E cr_media: EventListener: No session for event 1.
10-31 17:13:39.564   562 19051 E DrmWidevineDash: OEMCrypto_RewrapDeviceRSAKey : input wrapped_rsa_key == NULL!, return short buffer
10-31 17:13:39.580   562 19051 D QSEECOMAPI: : QSEECom_dealloc_memory 
10-31 17:13:39.581   562 19051 D QSEECOMAPI: : QSEECom_shutdown_app, app_id = 2953
10-31 17:13:41.116  6028  6028 E /system/bin/webview_zygote32: failed to make and chown /acct/uid_99498: Permission denied
10-31 17:13:41.116  6028  6028 E Zygote  : createProcessGroup(99498, 0) failed: Permission denied
10-31 17:13:41.119   772  4540 I ActivityManager: Start proc 6028:com.android.chrome:sandboxed_process31/u0i498 for webview_service com.android.chrome/org.chromium.content.app.SandboxedProcessService31
10-31 17:13:41.138  6028  6028 I SamplingProfilerIntegration: Profiling disabled.
10-31 17:13:41.161  6041  6041 E asset   : setgid: Operation not permitted
10-31 17:13:41.201  6028  6028 I cr_SplitCompatApp: Launched version=106.0.5249.79 minSdkVersion=24 isBundle=true processName=com.android.chrome:sandboxed_process31 isIsolated=true
10-31 17:13:41.208  6028  6028 W SystemServiceRegistry: No service published for: uimode
10-31 17:13:41.220  6028  6028 I cr_ChildProcessService: Creating new ChildProcessService pid=6028
10-31 17:13:41.229  6028  6028 E WebViewFactory: can't load with relro file; address space not reserved
10-31 17:13:41.241  6028  6042 I cr_LibraryLoader: Successfully loaded native library
10-31 17:13:41.243  6028  6042 I cr_CachingUmaRecorder: Flushed 3 samples from 3 histograms.
10-31 17:13:41.329  6045  6045 W ThreadPoolForeg: type=1400 audit(0.0:16897): avc: denied { setattr } for name="tl_en-us_2022-10-24_484508980_100000_index.bin" dev="dm-2" ino=1504969 scontext=u:r:isolated_app:s0:c512,c768 tcontext=u:object_r:app_data_file:s0:c512,c768 tclass=file permissive=0
10-31 17:13:41.329  6045  6045 W ThreadPoolForeg: type=1400 audit(0.0:16898): avc: denied { setattr } for name="manifest.json" dev="dm-2" ino=1504970 scontext=u:r:isolated_app:s0:c512,c768 tcontext=u:object_r:app_data_file:s0:c512,c768 tclass=file permissive=0
10-31 17:13:41.336  6045  6045 W ThreadPoolForeg: type=1400 audit(0.0:16899): avc: denied { setattr } for name="verified_contents.json" dev="dm-2" ino=1504972 scontext=u:r:isolated_app:s0:c512,c768 tcontext=u:object_r:app_data_file:s0:c512,c768 tclass=file permissive=0
10-31 17:13:41.344  6028  6042 I chromium: [INFO:child_process_service.cc(69)] ChildProcessService: Exiting child process.
10-31 17:13:41.346   422   422 E lowmemorykiller: Error writing /proc/6028/oom_score_adj; errno=22
10-31 17:13:41.347   772  4540 I ActivityManager: Killing 6028:com.android.chrome:sandboxed_process31/u0a60i498 (adj 0): isolated not needed
10-31 17:13:41.348   772   790 W zygote64: failed to open /acct/uid_99498/pid_6028/cgroup.procs: No such file or directory
10-31 17:13:41.360  5059  5059 W chromium: [WARNING:compositor_view.cc(342)] Child process died (type=6) pid=6028)
10-31 17:13:43.283  6049  6049 E /system/bin/webview_zygote32: failed to make and chown /acct/uid_99499: Permission denied
10-31 17:13:43.283  6049  6049 E Zygote  : createProcessGroup(99499, 0) failed: Permission denied
10-31 17:13:43.287   772 10860 I ActivityManager: Start proc 6049:com.android.chrome:sandboxed_process32/u0i499 for webview_service com.android.chrome/org.chromium.content.app.SandboxedProcessService32
10-31 17:13:43.335  6049  6049 I SamplingProfilerIntegration: Profiling disabled.
10-31 17:13:43.372  6062  6062 E asset   : setgid: Operation not permitted
10-31 17:13:43.412  6049  6049 I cr_SplitCompatApp: Launched version=106.0.5249.79 minSdkVersion=24 isBundle=true processName=com.android.chrome:sandboxed_process32 isIsolated=true
10-31 17:13:43.418  6049  6049 W SystemServiceRegistry: No service published for: uimode
10-31 17:13:43.432  6049  6049 I cr_ChildProcessService: Creating new ChildProcessService pid=6049
10-31 17:13:43.443  6049  6049 E WebViewFactory: can't load with relro file; address space not reserved
10-31 17:13:43.455  6049  6063 I cr_LibraryLoader: Successfully loaded native library
10-31 17:13:43.456  6049  6063 I cr_CachingUmaRecorder: Flushed 3 samples from 3 histograms.
10-31 17:13:43.496  6067  6067 W ThreadPoolForeg: type=1400 audit(0.0:16900): avc: denied { setattr } for name="optimization-hints.pb" dev="dm-2" ino=1504975 scontext=u:r:isolated_app:s0:c512,c768 tcontext=u:object_r:app_data_file:s0:c512,c768 tclass=file permissive=0
10-31 17:13:43.499  6067  6067 W ThreadPoolForeg: type=1400 audit(0.0:16901): avc: denied { setattr } for name="manifest.json" dev="dm-2" ino=1504976 scontext=u:r:isolated_app:s0:c512,c768 tcontext=u:object_r:app_data_file:s0:c512,c768 tclass=file permissive=0
10-31 17:13:43.503  6067  6067 W ThreadPoolForeg: type=1400 audit(0.0:16902): avc: denied { setattr } for name="verified_contents.json" dev="dm-2" ino=1504978 scontext=u:r:isolated_app:s0:c512,c768 tcontext=u:object_r:app_data_file:s0:c512,c768 tclass=file permissive=0
10-31 17:13:43.514  6049  6063 I chromium: [INFO:child_process_service.cc(69)] ChildProcessService: Exiting child process.
10-31 17:13:43.516   422   422 E lowmemorykiller: Error writing /proc/6049/oom_score_adj; errno=22
10-31 17:13:43.517   772 10895 I ActivityManager: Killing 6049:com.android.chrome:sandboxed_process32/u0a60i499 (adj 0): isolated not needed
10-31 17:13:43.517   772   790 W zygote64: failed to open /acct/uid_99499/pid_6049/cgroup.procs: No such file or directory
10-31 17:13:43.534  5059  5059 W chromium: [WARNING:compositor_view.cc(342)] Child process died (type=6) pid=6049)
10-31 17:13:45.791  6070  6070 E /system/bin/webview_zygote32: failed to make and chown /acct/uid_99500: Permission denied
10-31 17:13:45.792  6070  6070 E Zygote  : createProcessGroup(99500, 0) failed: Permission denied
10-31 17:13:45.795   772 29404 I ActivityManager: Start proc 6070:com.android.chrome:sandboxed_process33/u0i500 for webview_service com.android.chrome/org.chromium.content.app.SandboxedProcessService33
10-31 17:13:45.826  6070  6070 I SamplingProfilerIntegration: Profiling disabled.
10-31 17:13:45.852  6083  6083 E asset   : setgid: Operation not permitted
10-31 17:13:45.888  6070  6070 I cr_SplitCompatApp: Launched version=106.0.5249.79 minSdkVersion=24 isBundle=true processName=com.android.chrome:sandboxed_process33 isIsolated=true
10-31 17:13:45.896  6070  6070 W SystemServiceRegistry: No service published for: uimode
10-31 17:13:45.910  6070  6070 I cr_ChildProcessService: Creating new ChildProcessService pid=6070
10-31 17:13:45.919  6070  6070 E WebViewFactory: can't load with relro file; address space not reserved
10-31 17:13:45.931  6070  6085 I cr_LibraryLoader: Successfully loaded native library
10-31 17:13:45.933  6070  6085 I cr_CachingUmaRecorder: Flushed 3 samples from 3 histograms.
10-31 17:13:45.976  6088  6088 W ThreadPoolForeg: type=1400 audit(0.0:16903): avc: denied { setattr } for name="ssl_error_assistant.pb" dev="dm-2" ino=1504981 scontext=u:r:isolated_app:s0:c512,c768 tcontext=u:object_r:app_data_file:s0:c512,c768 tclass=file permissive=0
10-31 17:13:45.976  6088  6088 W ThreadPoolForeg: type=1400 audit(0.0:16904): avc: denied { setattr } for name="ssl_error_assistant.pb" dev="dm-2" ino=1504981 scontext=u:r:isolated_app:s0:c512,c768 tcontext=u:object_r:app_data_file:s0:c512,c768 tclass=file permissive=0
10-31 17:13:45.976  6088  6088 W ThreadPoolForeg: type=1400 audit(0.0:16905): avc: denied { setattr } for name="manifest.json" dev="dm-2" ino=1504982 scontext=u:r:isolated_app:s0:c512,c768 tcontext=u:object_r:app_data_file:s0:c512,c768 tclass=file permissive=0
10-31 17:13:45.983  6088  6088 W ThreadPoolForeg: type=1400 audit(0.0:16906): avc: denied { setattr } for name="verified_contents.json" dev="dm-2" ino=1504984 scontext=u:r:isolated_app:s0:c512,c768 tcontext=u:object_r:app_data_file:s0:c512,c768 tclass=file permissive=0
10-31 17:13:45.992  6070  6085 I chromium: [INFO:child_process_service.cc(69)] ChildProcessService: Exiting child process.
10-31 17:13:45.998   422   422 E lowmemorykiller: Error writing /proc/6070/oom_score_adj; errno=22
10-31 17:13:45.999   772 29404 I ActivityManager: Killing 6070:com.android.chrome:sandboxed_process33/u0a60i500 (adj 0): isolated not needed
10-31 17:13:46.000   772   790 W zygote64: failed to open /acct/uid_99500/pid_6070/cgroup.procs: No such file or directory
10-31 17:13:46.008  5059  5059 W chromium: [WARNING:compositor_view.cc(342)] Child process died (type=6) pid=6070)
10-31 17:13:48.819  6092  6092 E /system/bin/webview_zygote32: failed to make and chown /acct/uid_99501: Permission denied
10-31 17:13:48.819  6092  6092 E Zygote  : createProcessGroup(99501, 0) failed: Permission denied
10-31 17:13:48.830   772  2970 I ActivityManager: Start proc 6092:com.android.chrome:sandboxed_process34/u0i501 for webview_service com.android.chrome/org.chromium.content.app.SandboxedProcessService34
10-31 17:13:48.855  6092  6092 I SamplingProfilerIntegration: Profiling disabled.
10-31 17:13:48.886  6105  6105 E asset   : setgid: Operation not permitted
10-31 17:13:48.927  6092  6092 I cr_SplitCompatApp: Launched version=106.0.5249.79 minSdkVersion=24 isBundle=true processName=com.android.chrome:sandboxed_process34 isIsolated=true
10-31 17:13:48.935  6092  6092 W SystemServiceRegistry: No service published for: uimode
10-31 17:13:48.949  6092  6092 I cr_ChildProcessService: Creating new ChildProcessService pid=6092
10-31 17:13:48.958  6092  6092 E WebViewFactory: can't load with relro file; address space not reserved
10-31 17:13:48.971  6092  6107 I cr_LibraryLoader: Successfully loaded native library
10-31 17:13:48.972  6092  6107 I cr_CachingUmaRecorder: Flushed 3 samples from 3 histograms.
10-31 17:13:49.013  6110  6110 W ThreadPoolForeg: type=1400 audit(0.0:16907): avc: denied { setattr } for name="download_file_types.pb" dev="dm-2" ino=1504987 scontext=u:r:isolated_app:s0:c512,c768 tcontext=u:object_r:app_data_file:s0:c512,c768 tclass=file permissive=0
10-31 17:13:49.013  6110  6110 W ThreadPoolForeg: type=1400 audit(0.0:16908): avc: denied { setattr } for name="download_file_types.pb" dev="dm-2" ino=1504987 scontext=u:r:isolated_app:s0:c512,c768 tcontext=u:object_r:app_data_file:s0:c512,c768 tclass=file permissive=0
10-31 17:13:49.013  6110  6110 W ThreadPoolForeg: type=1400 audit(0.0:16909): avc: denied { setattr } for name="manifest.json" dev="dm-2" ino=1504988 scontext=u:r:isolated_app:s0:c512,c768 tcontext=u:object_r:app_data_file:s0:c512,c768 tclass=file permissive=0
10-31 17:13:49.019  6110  6110 W ThreadPoolForeg: type=1400 audit(0.0:16910): avc: denied { setattr } for name="verified_contents.json" dev="dm-2" ino=1504990 scontext=u:r:isolated_app:s0:c512,c768 tcontext=u:object_r:app_data_file:s0:c512,c768 tclass=file permissive=0
10-31 17:13:49.028  6092  6107 I chromium: [INFO:child_process_service.cc(69)] ChildProcessService: Exiting child process.
10-31 17:13:49.031   422   422 E lowmemorykiller: Error writing /proc/6092/oom_score_adj; errno=22
10-31 17:13:49.032   772 13022 I ActivityManager: Killing 6092:com.android.chrome:sandboxed_process34/u0a60i501 (adj 0): isolated not needed
10-31 17:13:49.032   772   790 W zygote64: failed to open /acct/uid_99501/pid_6092/cgroup.procs: No such file or directory
10-31 17:13:49.043  5059  5059 W chromium: [WARNING:compositor_view.cc(342)] Child process died (type=6) pid=6092)
10-31 17:13:50.749   772 29404 I ActivityManager: Force stopping com.android.chrome appid=10060 user=0: from pid 6124
10-31 17:13:50.750   772 29404 I ActivityManager: Killing 5135:com.android.chrome:privileged_process0/u0a60 (adj 0): stop com.android.chrome
10-31 17:13:50.751   772 29404 W ActivityManager: Scheduling restart of crashed service com.android.chrome/org.chromium.content.app.PrivilegedProcessService0 in 1000ms
10-31 17:13:50.755   772 29404 I ActivityManager: Killing 5059:com.android.chrome/u0a60 (adj 0): stop com.android.chrome
10-31 17:13:50.758 29692 29692 D BoundBrokerSvc: onUnbind: Intent { act=com.google.android.gms.auth.key.retrieval.service.START dat=chimera-action:com.google.android.gms.auth.key.retrieval.service.START cmp=com.google.android.gms/.chimera.GmsApiService }
10-31 17:13:50.763   772 29404 W ActivityManager: Force removing ActivityRecord{80e1f9a u0 com.android.chrome/com.google.android.apps.chrome.Main t859}: app died, no saved state
10-31 17:13:50.764  5104  5104 I cr_ChildProcessService: Destroying ChildProcessService pid=5104
10-31 17:13:50.766  5648  5648 I cr_ChildProcessService: Destroying ChildProcessService pid=5648
10-31 17:13:50.767   772 29404 I WindowManager: Failed to capture screenshot of Token{6c090cb ActivityRecord{80e1f9a u0 com.android.chrome/com.google.android.apps.chrome.Main t859 f}} appWin=Window{5114f97 u0 com.android.chrome/com.google.android.apps.chrome.Main} drawState=4
10-31 17:13:50.782   772 29404 I ActivityManager: Killing 5648:com.android.chrome:sandboxed_process17/u0a60i484 (adj 0): isolated not needed
10-31 17:13:50.782   772 29404 I ActivityManager: Killing 5104:com.android.chrome:sandboxed_process0/u0a60i467 (adj 0): isolated not needed
10-31 17:13:50.785 29458 29458 I MemoryTrimmer: Trimming objects from memory, since app is in the background.
10-31 17:13:50.795  1311  1311 D CarrierSvcBindHelper: No carrier app for: 0
10-31 17:13:50.805  2964  2964 D RegisteredNfcFServicesCache: Service unchanged, not updating
10-31 17:13:50.821   772  3037 D ConnectivityService: ConnectivityService NetworkRequestInfo binderDied(NetworkRequest [ LISTEN id=2115, [ Capabilities: INTERNET&NOT_RESTRICTED&TRUSTED&FOREGROUND] ], android.os.BinderProxy@4b61761)
10-31 17:13:50.821   772  2970 D ConnectivityService: ConnectivityService NetworkRequestInfo binderDied(NetworkRequest [ LISTEN id=2116, [ Capabilities: INTERNET&NOT_RESTRICTED&TRUSTED&FOREGROUND] ], android.os.BinderProxy@2adb286)
10-31 17:13:50.821   772  1259 D ConnectivityService: ConnectivityService NetworkRequestInfo binderDied(NetworkRequest [ LISTEN id=2117, [ Capabilities: INTERNET&NOT_RESTRICTED&TRUSTED&FOREGROUND] ], android.os.BinderProxy@9fe0747)
10-31 17:13:50.822   772   862 E ConnectivityService: RemoteException caught trying to send a callback msg for NetworkRequest [ LISTEN id=2116, [ Capabilities: INTERNET&NOT_RESTRICTED&TRUSTED&FOREGROUND] ]
10-31 17:13:50.823   772   862 E ConnectivityService: RemoteException caught trying to send a callback msg for NetworkRequest [ LISTEN id=2117, [ Capabilities: INTERNET&NOT_RESTRICTED&TRUSTED&FOREGROUND] ]
10-31 17:13:50.824   772   862 E ConnectivityService: RemoteException caught trying to send a callback msg for NetworkRequest [ LISTEN id=2115, [ Capabilities: INTERNET&NOT_RESTRICTED&TRUSTED&FOREGROUND] ]
10-31 17:13:50.826 29407 29511 I Adreno  : QUALCOMM build                   : 7142022, Ib5823dd10c
10-31 17:13:50.826 29407 29511 I Adreno  : Build Date                       : 06/23/17
10-31 17:13:50.826 29407 29511 I Adreno  : OpenGL ES Shader Compiler Version: EV031.18.00.00
10-31 17:13:50.826 29407 29511 I Adreno  : Local Branch                     : O11A
10-31 17:13:50.826 29407 29511 I Adreno  : Remote Branch                    : 
10-31 17:13:50.826 29407 29511 I Adreno  : Remote Branch                    : 
10-31 17:13:50.826 29407 29511 I Adreno  : Reconstruct Branch               : 
10-31 17:13:50.826   772   797 W ActivityManager: setHasOverlayUi called on unknown pid: 5059
10-31 17:13:50.841 29407 29511 I vndksupport: sphal namespace is not configured for this process. Loading /vendor/lib64/hw/gralloc.msm8992.so from the current namespace instead.
10-31 17:13:50.853   772   790 W zygote64: failed to open /acct/uid_99484/pid_5648/cgroup.procs: No such file or directory
10-31 17:13:50.853   772   790 W zygote64: failed to open /acct/uid_99467/pid_5104/cgroup.procs: No such file or directory
10-31 17:13:50.857 29407 29511 I Adreno  : PFP: 0x00000000, ME: 0x00000000
10-31 17:13:50.882   772  4539 W ActivityManager: Unable to start service Intent { act=com.google.android.gms.speech.service.START pkg=com.google.android.gms } U=0: not found
10-31 17:13:50.883   772  3037 W ActivityManager: Unbind failed: could not find connection for android.os.BinderProxy@865130d
10-31 17:13:50.883 29458 29804 E GmsClient: unable to connect to service: com.google.android.gms.speech.service.START on com.google.android.gms
10-31 17:13:50.933 29407 29511 I OpenGLRenderer: Initialized EGL, version 1.4
10-31 17:13:50.933 29407 29511 D OpenGLRenderer: Swap behavior 2
10-31 17:13:50.976 29458 29469 W SessionLifecycleManager: Handover failed. Creating new session controller.
10-31 17:13:50.980 29458 29458 I OptInState: There is a new client and it does not support opt-in. Dropping request.
10-31 17:13:51.012 29458 29458 I MicroDetectionWorker: #updateMicroDetector [detectionMode: [mDetectionMode: [1]]]
10-31 17:13:51.013 29458 29458 I MicroDetectionWorker: #startMicroDetector [speakerMode: 0]
10-31 17:13:51.019 29458 29458 I MicroDetectionWorker: onReady
10-31 17:13:51.020 29458  5204 I MicroRecognitionRunner: Starting detection.
10-31 17:13:51.022 29458 29518 I MicrophoneInputStream: mic_starting com.google.android.apps.gsa.speech.audio.af@e4d05bb
10-31 17:13:51.023   556   556 W DeviceHAL: Device 0xefa2d000 open_input_stream: Invalid argument
10-31 17:13:51.024   556  6138 I AudioFlinger: AudioFlinger's thread 0xec603b80 tid=6138 ready to run
10-31 17:13:51.032   556   753 I SoundTriggerHwService::Module: onCallbackEvent no clients
10-31 17:13:51.032 29458 29518 I MicrophoneInputStream: mic_started com.google.android.apps.gsa.speech.audio.af@e4d05bb
10-31 17:13:51.037   556  6139 D sound_trigger_platform: platform_stdev_check_and_update_concurrency: concurrency active 0, tx 1, rx 0, concurrency session_allowed 0
10-31 17:13:51.037   556  6139 D audio_hw_primary: enable_snd_device: snd_device(72: voice-rec-mic)
10-31 17:13:51.043   556  6139 D audio_hw_primary: enable_audio_route: usecase(9) apply and update mixer path: audio-record
10-31 17:13:51.114 29458 29458 I MicroDetectionWorker: onReady
10-31 17:13:51.157  6128  6128 D AndroidRuntime: >>>>>> START com.android.internal.os.RuntimeInit uid 2000 <<<<<<
10-31 17:13:51.295  6128  6128 D AndroidRuntime: Calling main entry com.android.commands.pm.Pm
10-31 17:13:51.313   772 10895 I ActivityManager: Force stopping com.android.chrome appid=10060 user=0: clear data
10-31 17:13:51.318   772   788 I ActivityManager: Force stopping com.android.chrome appid=10060 user=-1: clearApplicationUserData
10-31 17:13:51.359 29407 29511 W OpenGLRenderer: Incorrectly called buildLayer on View: ShortcutAndWidgetContainer, destroying layer...
10-31 17:13:51.405   560   560 I keystore: clear_uid 10060
10-31 17:13:51.424  1311  1311 D CarrierSvcBindHelper: No carrier app for: 0
10-31 17:13:51.428  6128  6128 I app_process: System.exit called, status: 0
10-31 17:13:51.428  6128  6128 I AndroidRuntime: VM exiting with result code 0.
10-31 17:13:51.433   772   787 W ResourceType: No known package when getting value for resource number 0x7f0904db
10-31 17:13:51.433   772   787 W ResourceType: No known package when getting value for resource number 0x7f140670
10-31 17:13:51.433   772   787 W ResourceType: No known package when getting value for resource number 0x7f0904da
10-31 17:13:51.433   772   787 W ResourceType: No known package when getting value for resource number 0x7f14018b
10-31 17:13:51.433   772   787 W ResourceType: No known package when getting value for resource number 0x7f14066f
10-31 17:13:51.433   772   787 W ResourceType: No known package when getting value for resource number 0x7f140434
10-31 17:13:51.433   772   787 E ShortcutService: Ignoring excessive intent tag.
10-31 17:13:51.441  2964  2964 D RegisteredNfcFServicesCache: Service unchanged, not updating
10-31 17:13:51.462 29486  6157 I Fitness : FitCleanupIntentOperation received Intent android.intent.action.PACKAGE_DATA_CLEARED [CONTEXT service_id=17 ]
10-31 17:13:51.518 29692 29732 I Icing   : doRemovePackageData com.android.chrome
10-31 17:13:51.518 29692 29732 I Icing   : Removing corpus key com.android.chrome-omnibox for package com.android.chrome
10-31 17:13:51.540 29692 29732 I native  : I0000 00:00:1667232831.538061   29732 flash-index.cc:1535] Flash index sort hb 22 prefix-hits 44 -> 38 at 11.130ms
10-31 17:13:51.588 29692 29732 I Icing   : Removing corpus key com.android.chrome-.implicit: for package com.android.chrome
10-31 17:13:51.622 29692 29732 I Icing   : Removing corpus key com.android.chrome-internal.3p:WebPage for package com.android.chrome
10-31 17:13:51.699 29692 29732 I Icing   : Starting compaction min disk 99.985% min index 99.991%
10-31 17:13:51.777   772  1327 I ActivityManager: Force stopping com.android.chrome appid=10060 user=0: from pid 6176
10-31 17:13:51.784  1311  1311 D CarrierSvcBindHelper: No carrier app for: 0
10-31 17:13:51.793  2964  2964 D RegisteredNfcFServicesCache: Service unchanged, not updating
10-31 17:13:51.795 29692 29732 I native  : I0000 00:00:1667232831.795026   29732 document-store.cc:1684] Scored 1056 usage reports, missing_corpora 414 update_failed 0
10-31 17:13:51.855 29692 29732 W native  : W0000 00:00:1667232831.855396   29732 words-map.cc:36] INVALID_ARGUMENT: Empty URI
10-31 17:13:51.855 29692 29732 W native  : W0000 00:00:1667232831.855568   29732 words-map.cc:40] WordsMap was not properly initialized
10-31 17:13:51.919 29692 29732 E native  : E0000 00:00:1667232831.919190   29732 compactor.cc:77] Could not index embedding for docid 1: INTERNAL: Unable to find Thing Proto section 
10-31 17:13:51.920 29692 29732 E native  : E0000 00:00:1667232831.920080   29732 compactor.cc:77] Could not index embedding for docid 3: INTERNAL: Unable to find Thing Proto section 
10-31 17:13:51.920 29692 29732 E native  : E0000 00:00:1667232831.920605   29732 compactor.cc:77] Could not index embedding for docid 5: INTERNAL: Unable to find Thing Proto section 
10-31 17:13:51.921 29692 29732 E native  : E0000 00:00:1667232831.921069   29732 compactor.cc:77] Could not index embedding for docid 7: INTERNAL: Unable to find Thing Proto section 
10-31 17:13:51.921 29692 29732 E native  : E0000 00:00:1667232831.921542   29732 compactor.cc:77] Could not index embedding for docid 9: INTERNAL: Unable to find Thing Proto section 
10-31 17:13:51.922 29692 29732 E native  : E0000 00:00:1667232831.921989   29732 compactor.cc:77] Could not index embedding for docid 11: INTERNAL: Unable to find Thing Proto section 
10-31 17:13:51.922 29692 29732 E native  : E0000 00:00:1667232831.922433   29732 compactor.cc:77] Could not index embedding for docid 13: INTERNAL: Unable to find Thing Proto section 
10-31 17:13:51.923 29692 29732 E native  : E0000 00:00:1667232831.923233   29732 compactor.cc:77] Could not index embedding for docid 15: INTERNAL: Unable to find Thing Proto section 
10-31 17:13:51.923 29692 29732 E native  : E0000 00:00:1667232831.923767   29732 compactor.cc:77] Could not index embedding for docid 17: INTERNAL: Unable to find Thing Proto section 
10-31 17:13:51.924 29692 29732 E native  : E0000 00:00:1667232831.924236   29732 compactor.cc:77] Could not index embedding for docid 19: INTERNAL: Unable to find Thing Proto section 
10-31 17:13:51.924 29692 29732 E native  : E0000 00:00:1667232831.924702   29732 compactor.cc:77] Could not index embedding for docid 21: INTERNAL: Unable to find Thing Proto section 
10-31 17:13:51.925 29692 29732 E native  : E0000 00:00:1667232831.925188   29732 compactor.cc:77] Could not index embedding for docid 23: INTERNAL: Unable to find Thing Proto section 
10-31 17:13:51.925 29692 29732 E native  : E0000 00:00:1667232831.925647   29732 compactor.cc:77] Could not index embedding for docid 25: INTERNAL: Unable to find Thing Proto section 
10-31 17:13:51.929 29692 29732 E native  : E0000 00:00:1667232831.929834   29732 compactor.cc:77] Could not index embedding for docid 26: INTERNAL: Unable to find Thing Proto section 
10-31 17:13:51.934 29692 29732 E native  : E0000 00:00:1667232831.933927   29732 compactor.cc:77] Could not index embedding for docid 27: INTERNAL: Unable to find Thing Proto section 
10-31 17:13:51.974 29692 29732 I native  : I0000 00:00:1667232831.974558   29732 flash-index.cc:1535] Flash index sort hb 40 prefix-hits 68 -> 67 at 23.640ms
10-31 17:13:52.005 29692 29732 W native  : W0000 00:00:1667232832.005150   29732 words-map.cc:36] INVALID_ARGUMENT: Empty URI
10-31 17:13:52.005 29692 29732 W native  : W0000 00:00:1667232832.005297   29732 words-map.cc:40] WordsMap was not properly initialized
10-31 17:13:52.056 29692 29732 I Icing   : updateResources: need to parse anue{com.android.chrome}
10-31 17:13:52.130 29692 29732 I Icing   : Indexing com.android.chrome-omnibox from com.android.chrome
10-31 17:13:52.143   772  3037 I ActivityManager: Start proc 6180:com.android.chrome/u0a60 for content provider com.android.chrome/com.google.android.apps.chrome.icing.IcingProvider
10-31 17:13:52.181  6178  6178 D AndroidRuntime: >>>>>> START com.android.internal.os.RuntimeInit uid 2000 <<<<<<
10-31 17:13:52.192  6180  6180 I cr_SplitCompatApp: Launched version=106.0.5249.79 minSdkVersion=24 isBundle=true processName=com.android.chrome isIsolated=false
10-31 17:13:52.236 29692 29732 I Icing   : Indexing done com.android.chrome-omnibox
10-31 17:13:52.244 29486 29498 I FontLog : Received query Google Sans, URI content://com.google.android.gms.fonts [CONTEXT service_id=132 ]
10-31 17:13:52.244 29486 29498 I FontLog : Query [Google Sans] resolved to {Google Sans, wdth 100.0, wght 400, ital 0.0, bestEffort false} [CONTEXT service_id=132 ]
10-31 17:13:52.246 29486 29498 I FontLog : Font PFD returned from cache for {Google Sans, wdth 100.0, wght 400, ital 0.0, bestEffort false} [CONTEXT service_id=132 ]
10-31 17:13:52.246 29486 29498 I FontLog : Fetch {Google Sans, wdth 100.0, wght 400, ital 0.0, bestEffort false} end status Status{statusCode=SUCCESS, resolution=null} [CONTEXT service_id=132 ]
10-31 17:13:52.307  6178  6178 D AndroidRuntime: Calling main entry com.android.commands.pm.Pm
10-31 17:13:52.312   772  1327 I ActivityManager: Force stopping com.android.chrome appid=10060 user=0: clear data
10-31 17:13:52.313   772  1327 I ActivityManager: Killing 6180:com.android.chrome/u0a60 (adj 700): stop com.android.chrome
10-31 17:13:52.317   772   788 I ActivityManager: Force stopping com.android.chrome appid=10060 user=-1: clearApplicationUserData
10-31 17:13:52.319   560   560 I keystore: clear_uid 10060
10-31 17:13:52.351  6178  6178 I app_process: System.exit called, status: 0
10-31 17:13:52.351  6178  6178 I AndroidRuntime: VM exiting with result code 0.
10-31 17:13:52.352  1311  1311 D CarrierSvcBindHelper: No carrier app for: 0
10-31 17:13:52.362   772   787 W ResourceType: No known package when getting value for resource number 0x7f0904db
10-31 17:13:52.363   772   787 W ResourceType: No known package when getting value for resource number 0x7f140670
10-31 17:13:52.363   772   787 W ResourceType: No known package when getting value for resource number 0x7f0904da
10-31 17:13:52.363   772   787 W ResourceType: No known package when getting value for resource number 0x7f14018b
10-31 17:13:52.363   772   787 W ResourceType: No known package when getting value for resource number 0x7f14066f
10-31 17:13:52.363   772   787 W ResourceType: No known package when getting value for resource number 0x7f140434
10-31 17:13:52.363   772   787 E ShortcutService: Ignoring excessive intent tag.
10-31 17:13:52.367  2964  2964 D RegisteredNfcFServicesCache: Service unchanged, not updating
10-31 17:13:52.385 29486  6157 I Fitness : FitCleanupIntentOperation received Intent android.intent.action.PACKAGE_DATA_CLEARED [CONTEXT service_id=17 ]
10-31 17:13:52.390 29692 29732 I Icing   : doRemovePackageData com.android.chrome
10-31 17:13:52.390 29692 29732 I Icing   : Removing corpus key com.android.chrome-omnibox for package com.android.chrome
10-31 17:13:52.467 29692 29732 I Icing   : updateResources: need to parse anue{com.android.chrome}
10-31 17:13:52.533 29692 29732 I Icing   : Indexing com.android.chrome-omnibox from com.android.chrome
10-31 17:13:52.549   772 10894 I ActivityManager: Start proc 6215:com.android.chrome/u0a60 for content provider com.android.chrome/com.google.android.apps.chrome.icing.IcingProvider
10-31 17:13:52.605  6215  6215 I cr_SplitCompatApp: Launched version=106.0.5249.79 minSdkVersion=24 isBundle=true processName=com.android.chrome isIsolated=false
10-31 17:13:52.659 29692 29732 I Icing   : Indexing done com.android.chrome-omnibox
10-31 17:13:52.659 29486 30686 I FontLog : Received query Google Sans, URI content://com.google.android.gms.fonts [CONTEXT service_id=132 ]
10-31 17:13:52.660 29486 30686 I FontLog : Query [Google Sans] resolved to {Google Sans, wdth 100.0, wght 400, ital 0.0, bestEffort false} [CONTEXT service_id=132 ]
10-31 17:13:52.664 29486 30686 I FontLog : Font PFD returned from cache for {Google Sans, wdth 100.0, wght 400, ital 0.0, bestEffort false} [CONTEXT service_id=132 ]
10-31 17:13:52.665 29486 30686 I FontLog : Fetch {Google Sans, wdth 100.0, wght 400, ital 0.0, bestEffort false} end status Status{statusCode=SUCCESS, resolution=null} [CONTEXT service_id=132 ]
10-31 17:13:52.703 29486 29498 I FontLog : Pulling font file for id = 69, cache size = 7 [CONTEXT service_id=132 ]
10-31 17:13:52.842  6215  6235 I cr_LibraryLoader: Successfully loaded native library
10-31 17:13:52.847  6215  6235 I cr_CachingUmaRecorder: Flushed 20 samples from 19 histograms.
10-31 17:13:52.874 29486 30686 I FontLog : Received query Google Sans:500, URI content://com.google.android.gms.fonts [CONTEXT service_id=132 ]
10-31 17:13:52.874 29486 30686 I FontLog : Query [Google Sans:500] resolved to {Google Sans, wdth 100.0, wght 500, ital 0.0, bestEffort false} [CONTEXT service_id=132 ]
10-31 17:13:52.876 29486 30686 I FontLog : Font PFD returned from cache for {Google Sans, wdth 100.0, wght 500, ital 0.0, bestEffort false} [CONTEXT service_id=132 ]
10-31 17:13:52.876 29486 30686 I FontLog : Fetch {Google Sans, wdth 100.0, wght 500, ital 0.0, bestEffort false} end status Status{statusCode=SUCCESS, resolution=null} [CONTEXT service_id=132 ]
10-31 17:13:52.897 29486 29498 I FontLog : Pulling font file for id = 70, cache size = 7 [CONTEXT service_id=132 ]
10-31 17:13:52.951 29486 29650 I FontLog : Received query Google Sans:700, URI content://com.google.android.gms.fonts [CONTEXT service_id=132 ]
10-31 17:13:52.951 29486 29650 I FontLog : Query [Google Sans:700] resolved to {Google Sans, wdth 100.0, wght 700, ital 0.0, bestEffort false} [CONTEXT service_id=132 ]
10-31 17:13:52.953 29486 29650 I FontLog : Fetch {Google Sans, wdth 100.0, wght 700, ital 0.0, bestEffort false} end status Status{statusCode=SUCCESS, resolution=null} [CONTEXT service_id=132 ]
10-31 17:13:52.963 29486 29651 I FontLog : Pulling font file for id = 71, cache size = 6 [CONTEXT service_id=132 ]
