10-31 02:23:57.286 27551 27630 I zygote64:   at void com.google.android.apps.gsa.shared.util.concurrent.a.bl.run() (SourceFile:4)
10-31 02:23:57.286 27551 27630 I zygote64:   at void java.util.concurrent.ThreadPoolExecutor.runWorker(java.util.concurrent.ThreadPoolExecutor$Worker) (ThreadPoolExecutor.java:1162)
10-31 02:23:57.286 27551 27630 I zygote64:   at void java.util.concurrent.ThreadPoolExecutor$Worker.run() (ThreadPoolExecutor.java:636)
10-31 02:23:57.286 27551 27630 I zygote64:   at void java.lang.Thread.run() (Thread.java:764)
10-31 02:23:57.286 27551 27630 I zygote64:   at void com.google.android.apps.gsa.shared.util.concurrent.a.ai.run() (SourceFile:6)
10-31 02:23:57.286 27551 27630 I zygote64: Caused by: java.lang.ClassNotFoundException: Didn't find class "android.webkit.PacProcessor" on path: DexPathList[[zip file "/data/app/com.android.chrome-6miXT7Rhe2HDjAcD6FuDPg==/base.apk"],nativeLibraryDirectories=[/data/app/com.android.chrome-6miXT7Rhe2HDjAcD6FuDPg==/lib/arm64, /data/app/com.android.chrome-6miXT7Rhe2HDjAcD6FuDPg==/base.apk!/lib/arm64-v8a, /system/lib64, /vendor/lib64]]
10-31 02:23:57.286 27551 27630 I zygote64:   at java.lang.Class dalvik.system.BaseDexClassLoader.findClass(java.lang.String) (BaseDexClassLoader.java:93)
10-31 02:23:57.286 27551 27630 I zygote64:   at java.lang.Class java.lang.ClassLoader.loadClass(java.lang.String, boolean) (ClassLoader.java:379)
10-31 02:23:57.286 27551 27630 I zygote64:   at java.lang.Class java.lang.ClassLoader.loadClass(java.lang.String) (ClassLoader.java:312)
10-31 02:23:57.286 27551 27630 I zygote64:   at java.lang.Class java.lang.Class.classForName(java.lang.String, boolean, java.lang.ClassLoader) (Class.java:-2)
10-31 02:23:57.286 27551 27630 I zygote64:   at java.lang.Class java.lang.Class.forName(java.lang.String, boolean, java.lang.ClassLoader) (Class.java:453)
10-31 02:23:57.286 27551 27630 I zygote64:   at java.lang.Class android.webkit.WebViewFactory.getWebViewProviderClass(java.lang.ClassLoader) (WebViewFactory.java:150)
10-31 02:23:57.286 27551 27630 I zygote64:   at java.lang.Class android.webkit.WebViewFactory.getProviderClass() (WebViewFactory.java:417)
10-31 02:23:57.286 27551 27630 I zygote64:   at android.webkit.WebViewFactoryProvider android.webkit.WebViewFactory.getProvider() (WebViewFactory.java:211)
10-31 02:23:57.286 27551 27630 I zygote64:   at android.webkit.CookieManager android.webkit.CookieManager.getInstance() (CookieManager.java:39)
10-31 02:23:57.286 27551 27630 I zygote64:   at boolean com.google.android.apps.gsa.search.core.q.a.a.o.Oq() (SourceFile:32)
10-31 02:23:57.286 27551 27630 I zygote64:   at com.google.android.apps.gsa.search.core.q.a.a com.google.android.apps.gsa.search.core.q.a.a.o.dE(java.lang.String) (SourceFile:86)
10-31 02:23:57.286 27551 27630 I zygote64:   at com.google.android.apps.gsa.search.core.q.a.a com.google.android.apps.gsa.search.core.q.a.a.o.dz(java.lang.String) (SourceFile:54)
10-31 02:23:57.286 27551 27630 I zygote64:   at boolean com.google.android.apps.gsa.search.core.google.u.a(android.net.Uri, java.util.Map) (SourceFile:11)
10-31 02:23:57.286 27551 27630 I zygote64:   at com.google.android.apps.gsa.search.shared.api.UriRequest com.google.android.apps.gsa.search.core.google.dc.a(com.google.android.apps.gsa.search.core.google.dd) (SourceFile:42)
10-31 02:23:57.286 27551 27630 I zygote64:   at com.google.android.apps.gsa.search.shared.api.UriRequest com.google.android.apps.gsa.search.core.google.cv.t(com.google.android.apps.gsa.shared.search.Query) (SourceFile:204)
10-31 02:23:57.286 27551 27630 I zygote64:   at com.google.android.apps.gsa.search.core.google.a.g com.google.android.apps.gsa.search.core.google.a.h.e(com.google.android.apps.gsa.shared.search.Query, boolean) (SourceFile:18)
10-31 02:23:57.286 27551 27630 I zygote64:   at com.google.android.apps.gsa.taskgraph.Done com.google.android.apps.gsa.searchbox.client.gsa.a.d.aiq() (SourceFile:15)
10-31 02:23:57.286 27551 27630 I zygote64:   at java.lang.Object com.google.android.apps.gsa.searchbox.client.gsa.a.d.call() (SourceFile:28)
10-31 02:23:57.286 27551 27630 I zygote64:   at void java.util.concurrent.FutureTask.run() (FutureTask.java:266)
10-31 02:23:57.286 27551 27630 I zygote64:   at void com.google.android.apps.gsa.shared.util.concurrent.a.ax.run() (SourceFile:14)
10-31 02:23:57.286 27551 27630 I zygote64:   at void com.google.android.apps.gsa.shared.util.concurrent.a.bl.run() (SourceFile:4)
10-31 02:23:57.286 27551 27630 I zygote64:   at void com.google.android.apps.gsa.shared.util.concurrent.a.bl.run() (SourceFile:4)
10-31 02:23:57.286 27551 27630 I zygote64:   at void java.util.concurrent.ThreadPoolExecutor.runWorker(java.util.concurrent.ThreadPoolExecutor$Worker) (ThreadPoolExecutor.java:1162)
10-31 02:23:57.286 27551 27630 I zygote64:   at void java.util.concurrent.ThreadPoolExecutor$Worker.run() (ThreadPoolExecutor.java:636)
10-31 02:23:57.286 27551 27630 I zygote64:   at void java.lang.Thread.run() (Thread.java:764)
10-31 02:23:57.286 27551 27630 I zygote64:   at void com.google.android.apps.gsa.shared.util.concurrent.a.ai.run() (SourceFile:6)
10-31 02:23:57.286 27551 27630 I zygote64: 
10-31 02:23:57.297 27551 27630 I zygote64: Rejecting re-init on previously-failed class java.lang.Class<Se2>: java.lang.NoClassDefFoundError: Failed resolution of: Landroid/webkit/PacProcessor;
10-31 02:23:57.297 27551 27630 I zygote64:   at java.lang.Class java.lang.Class.classForName(java.lang.String, boolean, java.lang.ClassLoader) (Class.java:-2)
10-31 02:23:57.297 27551 27630 I zygote64:   at java.lang.Class java.lang.Class.forName(java.lang.String, boolean, java.lang.ClassLoader) (Class.java:453)
10-31 02:23:57.297 27551 27630 I zygote64:   at java.lang.Class android.webkit.WebViewFactory.getWebViewProviderClass(java.lang.ClassLoader) (WebViewFactory.java:150)
10-31 02:23:57.297 27551 27630 I zygote64:   at java.lang.Class android.webkit.WebViewFactory.getProviderClass() (WebViewFactory.java:417)
10-31 02:23:57.297 27551 27630 I zygote64:   at android.webkit.WebViewFactoryProvider android.webkit.WebViewFactory.getProvider() (WebViewFactory.java:211)
10-31 02:23:57.297 27551 27630 I zygote64:   at android.webkit.CookieManager android.webkit.CookieManager.getInstance() (CookieManager.java:39)
10-31 02:23:57.297 27551 27630 I zygote64:   at boolean com.google.android.apps.gsa.search.core.q.a.a.o.Oq() (SourceFile:32)
10-31 02:23:57.297 27551 27630 I zygote64:   at com.google.android.apps.gsa.search.core.q.a.a com.google.android.apps.gsa.search.core.q.a.a.o.dE(java.lang.String) (SourceFile:86)
10-31 02:23:57.297 27551 27630 I zygote64:   at com.google.android.apps.gsa.search.core.q.a.a com.google.android.apps.gsa.search.core.q.a.a.o.dz(java.lang.String) (SourceFile:54)
10-31 02:23:57.297 27551 27630 I zygote64:   at boolean com.google.android.apps.gsa.search.core.google.u.a(android.net.Uri, java.util.Map) (SourceFile:11)
10-31 02:23:57.297 27551 27630 I zygote64:   at com.google.android.apps.gsa.search.shared.api.UriRequest com.google.android.apps.gsa.search.core.google.dc.a(com.google.android.apps.gsa.search.core.google.dd) (SourceFile:42)
10-31 02:23:57.297 27551 27630 I zygote64:   at com.google.android.apps.gsa.search.shared.api.UriRequest com.google.android.apps.gsa.search.core.google.cv.t(com.google.android.apps.gsa.shared.search.Query) (SourceFile:204)
10-31 02:23:57.297 27551 27630 I zygote64:   at com.google.android.apps.gsa.search.core.google.a.g com.google.android.apps.gsa.search.core.google.a.h.e(com.google.android.apps.gsa.shared.search.Query, boolean) (SourceFile:18)
10-31 02:23:57.297 27551 27630 I zygote64:   at com.google.android.apps.gsa.taskgraph.Done com.google.android.apps.gsa.searchbox.client.gsa.a.d.aiq() (SourceFile:15)
10-31 02:23:57.297 27551 27630 I zygote64:   at java.lang.Object com.google.android.apps.gsa.searchbox.client.gsa.a.d.call() (SourceFile:28)
10-31 02:23:57.297 27551 27630 I zygote64:   at void java.util.concurrent.FutureTask.run() (FutureTask.java:266)
10-31 02:23:57.297 27551 27630 I zygote64:   at void com.google.android.apps.gsa.shared.util.concurrent.a.ax.run() (SourceFile:14)
10-31 02:23:57.297 27551 27630 I zygote64:   at void com.google.android.apps.gsa.shared.util.concurrent.a.bl.run() (SourceFile:4)
10-31 02:23:57.297 27551 27630 I zygote64:   at void com.google.android.apps.gsa.shared.util.concurrent.a.bl.run() (SourceFile:4)
10-31 02:23:57.297 27551 27630 I zygote64:   at void java.util.concurrent.ThreadPoolExecutor.runWorker(java.util.concurrent.ThreadPoolExecutor$Worker) (ThreadPoolExecutor.java:1162)
10-31 02:23:57.297 27551 27630 I zygote64:   at void java.util.concurrent.ThreadPoolExecutor$Worker.run() (ThreadPoolExecutor.java:636)
10-31 02:23:57.297 27551 27630 I zygote64:   at void java.lang.Thread.run() (Thread.java:764)
10-31 02:23:57.297 27551 27630 I zygote64:   at void com.google.android.apps.gsa.shared.util.concurrent.a.ai.run() (SourceFile:6)
10-31 02:23:57.297 27551 27630 I zygote64: Caused by: java.lang.ClassNotFoundException: Didn't find class "android.webkit.PacProcessor" on path: DexPathList[[zip file "/data/app/com.android.chrome-6miXT7Rhe2HDjAcD6FuDPg==/base.apk"],nativeLibraryDirectories=[/data/app/com.android.chrome-6miXT7Rhe2HDjAcD6FuDPg==/lib/arm64, /data/app/com.android.chrome-6miXT7Rhe2HDjAcD6FuDPg==/base.apk!/lib/arm64-v8a, /system/lib64, /vendor/lib64]]
10-31 02:23:57.297 27551 27630 I zygote64:   at java.lang.Class dalvik.system.BaseDexClassLoader.findClass(java.lang.String) (BaseDexClassLoader.java:93)
10-31 02:23:57.297 27551 27630 I zygote64:   at java.lang.Class java.lang.ClassLoader.loadClass(java.lang.String, boolean) (ClassLoader.java:379)
10-31 02:23:57.297 27551 27630 I zygote64:   at java.lang.Class java.lang.ClassLoader.loadClass(java.lang.String) (ClassLoader.java:312)
10-31 02:23:57.297 27551 27630 I zygote64:   at java.lang.Class java.lang.Class.classForName(java.lang.String, boolean, java.lang.ClassLoader) (Class.java:-2)
10-31 02:23:57.297 27551 27630 I zygote64:   at java.lang.Class java.lang.Class.forName(java.lang.String, boolean, java.lang.ClassLoader) (Class.java:453)
10-31 02:23:57.297 27551 27630 I zygote64:   at java.lang.Class android.webkit.WebViewFactory.getWebViewProviderClass(java.lang.ClassLoader) (WebViewFactory.java:150)
10-31 02:23:57.297 27551 27630 I zygote64:   at java.lang.Class android.webkit.WebViewFactory.getProviderClass() (WebViewFactory.java:417)
10-31 02:23:57.297 27551 27630 I zygote64:   at android.webkit.WebViewFactoryProvider android.webkit.WebViewFactory.getProvider() (WebViewFactory.java:211)
10-31 02:23:57.297 27551 27630 I zygote64:   at android.webkit.CookieManager android.webkit.CookieManager.getInstance() (CookieManager.java:39)
10-31 02:23:57.297 27551 27630 I zygote64:   at boolean com.google.android.apps.gsa.search.core.q.a.a.o.Oq() (SourceFile:32)
10-31 02:23:57.297 27551 27630 I zygote64:   at com.google.android.apps.gsa.search.core.q.a.a com.google.android.apps.gsa.search.core.q.a.a.o.dE(java.lang.String) (SourceFile:86)
10-31 02:23:57.297 27551 27630 I zygote64:   at com.google.android.apps.gsa.search.core.q.a.a com.google.android.apps.gsa.search.core.q.a.a.o.dz(java.lang.String) (SourceFile:54)
10-31 02:23:57.297 27551 27630 I zygote64:   at boolean com.google.android.apps.gsa.search.core.google.u.a(android.net.Uri, java.util.Map) (SourceFile:11)
10-31 02:23:57.297 27551 27630 I zygote64:   at com.google.android.apps.gsa.search.shared.api.UriRequest com.google.android.apps.gsa.search.core.google.dc.a(com.google.android.apps.gsa.search.core.google.dd) (SourceFile:42)
10-31 02:23:57.297 27551 27630 I zygote64:   at com.google.android.apps.gsa.search.shared.api.UriRequest com.google.android.apps.gsa.search.core.google.cv.t(com.google.android.apps.gsa.shared.search.Query) (SourceFile:204)
10-31 02:23:57.297 27551 27630 I zygote64:   at com.google.android.apps.gsa.search.core.google.a.g com.google.android.apps.gsa.search.core.google.a.h.e(com.google.android.apps.gsa.shared.search.Query, boolean) (SourceFile:18)
10-31 02:23:57.297 27551 27630 I zygote64:   at com.google.android.apps.gsa.taskgraph.Done com.google.android.apps.gsa.searchbox.client.gsa.a.d.aiq() (SourceFile:15)
10-31 02:23:57.297 27551 27630 I zygote64:   at java.lang.Object com.google.android.apps.gsa.searchbox.client.gsa.a.d.call() (SourceFile:28)
10-31 02:23:57.297 27551 27630 I zygote64:   at void java.util.concurrent.FutureTask.run() (FutureTask.java:266)
10-31 02:23:57.297 27551 27630 I zygote64:   at void com.google.android.apps.gsa.shared.util.concurrent.a.ax.run() (SourceFile:14)
10-31 02:23:57.297 27551 27630 I zygote64:   at void com.google.android.apps.gsa.shared.util.concurrent.a.bl.run() (SourceFile:4)
10-31 02:23:57.297 27551 27630 I zygote64:   at void com.google.android.apps.gsa.shared.util.concurrent.a.bl.run() (SourceFile:4)
10-31 02:23:57.297 27551 27630 I zygote64:   at void java.util.concurrent.ThreadPoolExecutor.runWorker(java.util.concurrent.ThreadPoolExecutor$Worker) (ThreadPoolExecutor.java:1162)
10-31 02:23:57.297 27551 27630 I zygote64:   at void java.util.concurrent.ThreadPoolExecutor$Worker.run() (ThreadPoolExecutor.java:636)
10-31 02:23:57.297 27551 27630 I zygote64:   at void java.lang.Thread.run() (Thread.java:764)
10-31 02:23:57.297 27551 27630 I zygote64:   at void com.google.android.apps.gsa.shared.util.concurrent.a.ai.run() (SourceFile:6)
10-31 02:23:57.297 27551 27630 I zygote64: 
10-31 02:23:57.298 27551 27630 I zygote64: Rejecting re-init on previously-failed class java.lang.Class<Se2>: java.lang.NoClassDefFoundError: Failed resolution of: Landroid/webkit/PacProcessor;
10-31 02:23:57.298 27551 27630 I zygote64:   at java.lang.Class java.lang.Class.classForName(java.lang.String, boolean, java.lang.ClassLoader) (Class.java:-2)
10-31 02:23:57.298 27551 27630 I zygote64:   at java.lang.Class java.lang.Class.forName(java.lang.String, boolean, java.lang.ClassLoader) (Class.java:453)
10-31 02:23:57.298 27551 27630 I zygote64:   at java.lang.Class android.webkit.WebViewFactory.getWebViewProviderClass(java.lang.ClassLoader) (WebViewFactory.java:150)
10-31 02:23:57.298 27551 27630 I zygote64:   at java.lang.Class android.webkit.WebViewFactory.getProviderClass() (WebViewFactory.java:417)
10-31 02:23:57.298 27551 27630 I zygote64:   at android.webkit.WebViewFactoryProvider android.webkit.WebViewFactory.getProvider() (WebViewFactory.java:211)
10-31 02:23:57.298 27551 27630 I zygote64:   at android.webkit.CookieManager android.webkit.CookieManager.getInstance() (CookieManager.java:39)
10-31 02:23:57.298 27551 27630 I zygote64:   at boolean com.google.android.apps.gsa.search.core.q.a.a.o.Oq() (SourceFile:32)
10-31 02:23:57.298 27551 27630 I zygote64:   at com.google.android.apps.gsa.search.core.q.a.a com.google.android.apps.gsa.search.core.q.a.a.o.dE(java.lang.String) (SourceFile:86)
10-31 02:23:57.298 27551 27630 I zygote64:   at com.google.android.apps.gsa.search.core.q.a.a com.google.android.apps.gsa.search.core.q.a.a.o.dz(java.lang.String) (SourceFile:54)
10-31 02:23:57.298 27551 27630 I zygote64:   at boolean com.google.android.apps.gsa.search.core.google.u.a(android.net.Uri, java.util.Map) (SourceFile:11)
10-31 02:23:57.298 27551 27630 I zygote64:   at com.google.android.apps.gsa.search.shared.api.UriRequest com.google.android.apps.gsa.search.core.google.dc.a(com.google.android.apps.gsa.search.core.google.dd) (SourceFile:42)
10-31 02:23:57.298 27551 27630 I zygote64:   at com.google.android.apps.gsa.search.shared.api.UriRequest com.google.android.apps.gsa.search.core.google.cv.t(com.google.android.apps.gsa.shared.search.Query) (SourceFile:204)
10-31 02:23:57.298 27551 27630 I zygote64:   at com.google.android.apps.gsa.search.core.google.a.g com.google.android.apps.gsa.search.core.google.a.h.e(com.google.android.apps.gsa.shared.search.Query, boolean) (SourceFile:18)
10-31 02:23:57.298 27551 27630 I zygote64:   at com.google.android.apps.gsa.taskgraph.Done com.google.android.apps.gsa.searchbox.client.gsa.a.d.aiq() (SourceFile:15)
10-31 02:23:57.298 27551 27630 I zygote64:   at java.lang.Object com.google.android.apps.gsa.searchbox.client.gsa.a.d.call() (SourceFile:28)
10-31 02:23:57.298 27551 27630 I zygote64:   at void java.util.concurrent.FutureTask.run() (FutureTask.java:266)
10-31 02:23:57.298 27551 27630 I zygote64:   at void com.google.android.apps.gsa.shared.util.concurrent.a.ax.run() (SourceFile:14)
10-31 02:23:57.298 27551 27630 I zygote64:   at void com.google.android.apps.gsa.shared.util.concurrent.a.bl.run() (SourceFile:4)
10-31 02:23:57.298 27551 27630 I zygote64:   at void com.google.android.apps.gsa.shared.util.concurrent.a.bl.run() (SourceFile:4)
10-31 02:23:57.298 27551 27630 I zygote64:   at void java.util.concurrent.ThreadPoolExecutor.runWorker(java.util.concurrent.ThreadPoolExecutor$Worker) (ThreadPoolExecutor.java:1162)
10-31 02:23:57.298 27551 27630 I zygote64:   at void java.util.concurrent.ThreadPoolExecutor$Worker.run() (ThreadPoolExecutor.java:636)
10-31 02:23:57.298 27551 27630 I zygote64:   at void java.lang.Thread.run() (Thread.java:764)
10-31 02:23:57.298 27551 27630 I zygote64:   at void com.google.android.apps.gsa.shared.util.concurrent.a.ai.run() (SourceFile:6)
10-31 02:23:57.298 27551 27630 I zygote64: Caused by: java.lang.ClassNotFoundException: Didn't find class "android.webkit.PacProcessor" on path: DexPathList[[zip file "/data/app/com.android.chrome-6miXT7Rhe2HDjAcD6FuDPg==/base.apk"],nativeLibraryDirectories=[/data/app/com.android.chrome-6miXT7Rhe2HDjAcD6FuDPg==/lib/arm64, /data/app/com.android.chrome-6miXT7Rhe2HDjAcD6FuDPg==/base.apk!/lib/arm64-v8a, /system/lib64, /vendor/lib64]]
10-31 02:23:57.298 27551 27630 I zygote64:   at java.lang.Class dalvik.system.BaseDexClassLoader.findClass(java.lang.String) (BaseDexClassLoader.java:93)
10-31 02:23:57.298 27551 27630 I zygote64:   at java.lang.Class java.lang.ClassLoader.loadClass(java.lang.String, boolean) (ClassLoader.java:379)
10-31 02:23:57.298 27551 27630 I zygote64:   at java.lang.Class java.lang.ClassLoader.loadClass(java.lang.String) (ClassLoader.java:312)
10-31 02:23:57.298 27551 27630 I zygote64:   at java.lang.Class java.lang.Class.classForName(java.lang.String, boolean, java.lang.ClassLoader) (Class.java:-2)
10-31 02:23:57.298 27551 27630 I zygote64:   at java.lang.Class java.lang.Class.forName(java.lang.String, boolean, java.lang.ClassLoader) (Class.java:453)
10-31 02:23:57.298 27551 27630 I zygote64:   at java.lang.Class android.webkit.WebViewFactory.getWebViewProviderClass(java.lang.ClassLoader) (WebViewFactory.java:150)
10-31 02:23:57.298 27551 27630 I zygote64:   at java.lang.Class android.webkit.WebViewFactory.getProviderClass() (WebViewFactory.java:417)
10-31 02:23:57.298 27551 27630 I zygote64:   at android.webkit.WebViewFactoryProvider android.webkit.WebViewFactory.getProvider() (WebViewFactory.java:211)
10-31 02:23:57.298 27551 27630 I zygote64:   at android.webkit.CookieManager android.webkit.CookieManager.getInstance() (CookieManager.java:39)
10-31 02:23:57.298 27551 27630 I zygote64:   at boolean com.google.android.apps.gsa.search.core.q.a.a.o.Oq() (SourceFile:32)
10-31 02:23:57.298 27551 27630 I zygote64:   at com.google.android.apps.gsa.search.core.q.a.a com.google.android.apps.gsa.search.core.q.a.a.o.dE(java.lang.String) (SourceFile:86)
10-31 02:23:57.298 27551 27630 I zygote64:   at com.google.android.apps.gsa.search.core.q.a.a com.google.android.apps.gsa.search.core.q.a.a.o.dz(java.lang.String) (SourceFile:54)
10-31 02:23:57.298 27551 27630 I zygote64:   at boolean com.google.android.apps.gsa.search.core.google.u.a(android.net.Uri, java.util.Map) (SourceFile:11)
10-31 02:23:57.298 27551 27630 I zygote64:   at com.google.android.apps.gsa.search.shared.api.UriRequest com.google.android.apps.gsa.search.core.google.dc.a(com.google.android.apps.gsa.search.core.google.dd) (SourceFile:42)
10-31 02:23:57.298 27551 27630 I zygote64:   at com.google.android.apps.gsa.search.shared.api.UriRequest com.google.android.apps.gsa.search.core.google.cv.t(com.google.android.apps.gsa.shared.search.Query) (SourceFile:204)
10-31 02:23:57.298 27551 27630 I zygote64:   at com.google.android.apps.gsa.search.core.google.a.g com.google.android.apps.gsa.search.core.google.a.h.e(com.google.android.apps.gsa.shared.search.Query, boolean) (SourceFile:18)
10-31 02:23:57.298 27551 27630 I zygote64:   at com.google.android.apps.gsa.taskgraph.Done com.google.android.apps.gsa.searchbox.client.gsa.a.d.aiq() (SourceFile:15)
10-31 02:23:57.298 27551 27630 I zygote64:   at java.lang.Object com.google.android.apps.gsa.searchbox.client.gsa.a.d.call() (SourceFile:28)
10-31 02:23:57.298 27551 27630 I zygote64:   at void java.util.concurrent.FutureTask.run() (FutureTask.java:266)
10-31 02:23:57.298 27551 27630 I zygote64:   at void com.google.android.apps.gsa.shared.util.concurrent.a.ax.run() (SourceFile:14)
10-31 02:23:57.298 27551 27630 I zygote64:   at void com.google.android.apps.gsa.shared.util.concurrent.a.bl.run() (SourceFile:4)
10-31 02:23:57.298 27551 27630 I zygote64:   at void com.google.android.apps.gsa.shared.util.concurrent.a.bl.run() (SourceFile:4)
10-31 02:23:57.298 27551 27630 I zygote64:   at void java.util.concurrent.ThreadPoolExecutor.runWorker(java.util.concurrent.ThreadPoolExecutor$Worker) (ThreadPoolExecutor.java:1162)
10-31 02:23:57.298 27551 27630 I zygote64:   at void java.util.concurrent.ThreadPoolExecutor$Worker.run() (ThreadPoolExecutor.java:636)
10-31 02:23:57.298 27551 27630 I zygote64:   at void java.lang.Thread.run() (Thread.java:764)
10-31 02:23:57.298 27551 27630 I zygote64:   at void com.google.android.apps.gsa.shared.util.concurrent.a.ai.run() (SourceFile:6)
10-31 02:23:57.298 27551 27630 I zygote64: 
10-31 02:23:57.299 27551 27630 I zygote64: Rejecting re-init on previously-failed class java.lang.Class<Se2>: java.lang.NoClassDefFoundError: Failed resolution of: Landroid/webkit/PacProcessor;
10-31 02:23:57.299 27551 27630 I zygote64:   at java.lang.Class java.lang.Class.classForName(java.lang.String, boolean, java.lang.ClassLoader) (Class.java:-2)
10-31 02:23:57.299 27551 27630 I zygote64:   at java.lang.Class java.lang.Class.forName(java.lang.String, boolean, java.lang.ClassLoader) (Class.java:453)
10-31 02:23:57.299 27551 27630 I zygote64:   at java.lang.Class android.webkit.WebViewFactory.getWebViewProviderClass(java.lang.ClassLoader) (WebViewFactory.java:150)
10-31 02:23:57.299 27551 27630 I zygote64:   at java.lang.Class android.webkit.WebViewFactory.getProviderClass() (WebViewFactory.java:417)
10-31 02:23:57.299 27551 27630 I zygote64:   at android.webkit.WebViewFactoryProvider android.webkit.WebViewFactory.getProvider() (WebViewFactory.java:211)
10-31 02:23:57.299 27551 27630 I zygote64:   at android.webkit.CookieManager android.webkit.CookieManager.getInstance() (CookieManager.java:39)
10-31 02:23:57.299 27551 27630 I zygote64:   at boolean com.google.android.apps.gsa.search.core.q.a.a.o.Oq() (SourceFile:32)
10-31 02:23:57.299 27551 27630 I zygote64:   at com.google.android.apps.gsa.search.core.q.a.a com.google.android.apps.gsa.search.core.q.a.a.o.dE(java.lang.String) (SourceFile:86)
10-31 02:23:57.299 27551 27630 I zygote64:   at com.google.android.apps.gsa.search.core.q.a.a com.google.android.apps.gsa.search.core.q.a.a.o.dz(java.lang.String) (SourceFile:54)
10-31 02:23:57.299 27551 27630 I zygote64:   at boolean com.google.android.apps.gsa.search.core.google.u.a(android.net.Uri, java.util.Map) (SourceFile:11)
10-31 02:23:57.299 27551 27630 I zygote64:   at com.google.android.apps.gsa.search.shared.api.UriRequest com.google.android.apps.gsa.search.core.google.dc.a(com.google.android.apps.gsa.search.core.google.dd) (SourceFile:42)
10-31 02:23:57.299 27551 27630 I zygote64:   at com.google.android.apps.gsa.search.shared.api.UriRequest com.google.android.apps.gsa.search.core.google.cv.t(com.google.android.apps.gsa.shared.search.Query) (SourceFile:204)
10-31 02:23:57.299 27551 27630 I zygote64:   at com.google.android.apps.gsa.search.core.google.a.g com.google.android.apps.gsa.search.core.google.a.h.e(com.google.android.apps.gsa.shared.search.Query, boolean) (SourceFile:18)
10-31 02:23:57.299 27551 27630 I zygote64:   at com.google.android.apps.gsa.taskgraph.Done com.google.android.apps.gsa.searchbox.client.gsa.a.d.aiq() (SourceFile:15)
10-31 02:23:57.299 27551 27630 I zygote64:   at java.lang.Object com.google.android.apps.gsa.searchbox.client.gsa.a.d.call() (SourceFile:28)
10-31 02:23:57.299 27551 27630 I zygote64:   at void java.util.concurrent.FutureTask.run() (FutureTask.java:266)
10-31 02:23:57.299 27551 27630 I zygote64:   at void com.google.android.apps.gsa.shared.util.concurrent.a.ax.run() (SourceFile:14)
10-31 02:23:57.299 27551 27630 I zygote64:   at void com.google.android.apps.gsa.shared.util.concurrent.a.bl.run() (SourceFile:4)
10-31 02:23:57.299 27551 27630 I zygote64:   at void com.google.android.apps.gsa.shared.util.concurrent.a.bl.run() (SourceFile:4)
10-31 02:23:57.299 27551 27630 I zygote64:   at void java.util.concurrent.ThreadPoolExecutor.runWorker(java.util.concurrent.ThreadPoolExecutor$Worker) (ThreadPoolExecutor.java:1162)
10-31 02:23:57.299 27551 27630 I zygote64:   at void java.util.concurrent.ThreadPoolExecutor$Worker.run() (ThreadPoolExecutor.java:636)
10-31 02:23:57.300 27551 27630 I zygote64:   at void java.lang.Thread.run() (Thread.java:764)
10-31 02:23:57.300 27551 27630 I zygote64:   at void com.google.android.apps.gsa.shared.util.concurrent.a.ai.run() (SourceFile:6)
10-31 02:23:57.300 27551 27630 I zygote64: Caused by: java.lang.ClassNotFoundException: Didn't find class "android.webkit.PacProcessor" on path: DexPathList[[zip file "/data/app/com.android.chrome-6miXT7Rhe2HDjAcD6FuDPg==/base.apk"],nativeLibraryDirectories=[/data/app/com.android.chrome-6miXT7Rhe2HDjAcD6FuDPg==/lib/arm64, /data/app/com.android.chrome-6miXT7Rhe2HDjAcD6FuDPg==/base.apk!/lib/arm64-v8a, /system/lib64, /vendor/lib64]]
10-31 02:23:57.300 27551 27630 I zygote64:   at java.lang.Class dalvik.system.BaseDexClassLoader.findClass(java.lang.String) (BaseDexClassLoader.java:93)
10-31 02:23:57.300 27551 27630 I zygote64:   at java.lang.Class java.lang.ClassLoader.loadClass(java.lang.String, boolean) (ClassLoader.java:379)
10-31 02:23:57.300 27551 27630 I zygote64:   at java.lang.Class java.lang.ClassLoader.loadClass(java.lang.String) (ClassLoader.java:312)
10-31 02:23:57.300 27551 27630 I zygote64:   at java.lang.Class java.lang.Class.classForName(java.lang.String, boolean, java.lang.ClassLoader) (Class.java:-2)
10-31 02:23:57.300 27551 27630 I zygote64:   at java.lang.Class java.lang.Class.forName(java.lang.String, boolean, java.lang.ClassLoader) (Class.java:453)
10-31 02:23:57.300 27551 27630 I zygote64:   at java.lang.Class android.webkit.WebViewFactory.getWebViewProviderClass(java.lang.ClassLoader) (WebViewFactory.java:150)
10-31 02:23:57.300 27551 27630 I zygote64:   at java.lang.Class android.webkit.WebViewFactory.getProviderClass() (WebViewFactory.java:417)
10-31 02:23:57.300 27551 27630 I zygote64:   at android.webkit.WebViewFactoryProvider android.webkit.WebViewFactory.getProvider() (WebViewFactory.java:211)
10-31 02:23:57.300 27551 27630 I zygote64:   at android.webkit.CookieManager android.webkit.CookieManager.getInstance() (CookieManager.java:39)
10-31 02:23:57.300 27551 27630 I zygote64:   at boolean com.google.android.apps.gsa.search.core.q.a.a.o.Oq() (SourceFile:32)
10-31 02:23:57.300 27551 27630 I zygote64:   at com.google.android.apps.gsa.search.core.q.a.a com.google.android.apps.gsa.search.core.q.a.a.o.dE(java.lang.String) (SourceFile:86)
10-31 02:23:57.300 27551 27630 I zygote64:   at com.google.android.apps.gsa.search.core.q.a.a com.google.android.apps.gsa.search.core.q.a.a.o.dz(java.lang.String) (SourceFile:54)
10-31 02:23:57.300 27551 27630 I zygote64:   at boolean com.google.android.apps.gsa.search.core.google.u.a(android.net.Uri, java.util.Map) (SourceFile:11)
10-31 02:23:57.300 27551 27630 I zygote64:   at com.google.android.apps.gsa.search.shared.api.UriRequest com.google.android.apps.gsa.search.core.google.dc.a(com.google.android.apps.gsa.search.core.google.dd) (SourceFile:42)
10-31 02:23:57.300 27551 27630 I zygote64:   at com.google.android.apps.gsa.search.shared.api.UriRequest com.google.android.apps.gsa.search.core.google.cv.t(com.google.android.apps.gsa.shared.search.Query) (SourceFile:204)
10-31 02:23:57.300 27551 27630 I zygote64:   at com.google.android.apps.gsa.search.core.google.a.g com.google.android.apps.gsa.search.core.google.a.h.e(com.google.android.apps.gsa.shared.search.Query, boolean) (SourceFile:18)
10-31 02:23:57.300 27551 27630 I zygote64:   at com.google.android.apps.gsa.taskgraph.Done com.google.android.apps.gsa.searchbox.client.gsa.a.d.aiq() (SourceFile:15)
10-31 02:23:57.300 27551 27630 I zygote64:   at java.lang.Object com.google.android.apps.gsa.searchbox.client.gsa.a.d.call() (SourceFile:28)
10-31 02:23:57.300 27551 27630 I zygote64:   at void java.util.concurrent.FutureTask.run() (FutureTask.java:266)
10-31 02:23:57.300 27551 27630 I zygote64:   at void com.google.android.apps.gsa.shared.util.concurrent.a.ax.run() (SourceFile:14)
10-31 02:23:57.300 27551 27630 I zygote64:   at void com.google.android.apps.gsa.shared.util.concurrent.a.bl.run() (SourceFile:4)
10-31 02:23:57.300 27551 27630 I zygote64:   at void com.google.android.apps.gsa.shared.util.concurrent.a.bl.run() (SourceFile:4)
10-31 02:23:57.300 27551 27630 I zygote64:   at void java.util.concurrent.ThreadPoolExecutor.runWorker(java.util.concurrent.ThreadPoolExecutor$Worker) (ThreadPoolExecutor.java:1162)
10-31 02:23:57.300 27551 27630 I zygote64:   at void java.util.concurrent.ThreadPoolExecutor$Worker.run() (ThreadPoolExecutor.java:636)
10-31 02:23:57.300 27551 27630 I zygote64:   at void java.lang.Thread.run() (Thread.java:764)
10-31 02:23:57.300 27551 27630 I zygote64:   at void com.google.android.apps.gsa.shared.util.concurrent.a.ai.run() (SourceFile:6)
10-31 02:23:57.300 27551 27630 I zygote64: 
10-31 02:23:57.300  3960 27628 I NetworkScheduler.Stats: Task com.google.android.gms/com.google.android.gms.clearcut.uploader.QosUploaderService started execution. cause:5 exec_start_elapsed_seconds: 1055491 [CONTEXT service_id=218 ]
10-31 02:23:57.303   772   781 I zygote64: Background concurrent copying GC freed 149035(6MB) AllocSpace objects, 122(3MB) LOS objects, 42% free, 16MB/29MB, paused 353us total 117.283ms
10-31 02:23:57.337 27551 27630 I cr_WVCFactoryProvider: Loaded version=106.0.5249.79 minSdkVersion=24 isBundle=true multiprocess=true packageId=2
10-31 02:23:57.339 27633 27684 I zygote  : IncrementDisableThreadFlip blocked for 7.090ms
10-31 02:23:57.434  3960 27550 I NetworkScheduler.Stats: Task com.google.android.gms/com.google.android.gms.clearcut.uploader.QosUploaderService finished executing. cause:5 result: 1 elapsed_millis: 163 uptime_millis: 164 exec_start_elapsed_seconds: 1055491 [CONTEXT service_id=218 ]
10-31 02:23:57.471 27633 27633 W zygote  : Found duplicate classes, falling back to extracting from APK : /data/app/com.opera.browser-qPSIim2B9fwVMm8IQBnxfg==/base.apk
10-31 02:23:57.471 27633 27633 W zygote  : NOTE: This wastes RAM and hurts startup performance.
10-31 02:23:57.471 27633 27633 W zygote  : Found duplicated class when checking oat files: 'LJ/N;' in /data/app/com.opera.browser-qPSIim2B9fwVMm8IQBnxfg==/base.apk and /data/app/com.opera.browser-qPSIim2B9fwVMm8IQBnxfg==/base.apk
10-31 02:23:57.471 27633 27633 W zygote  : 
10-31 02:23:57.488  3960 27628 I NetworkScheduler.Stats: Task com.google.android.gms/com.google.android.gms.clearcut.uploader.QosUploaderService started execution. cause:5 exec_start_elapsed_seconds: 1055491 [CONTEXT service_id=218 ]
10-31 02:23:57.554   772  4540 I ActivityManager: Start proc 27760:com.android.chrome:webview_service/u0a60 for service com.android.chrome/org.chromium.android_webview.services.VariationsSeedServer
10-31 02:23:57.625 27551 27630 W ResourceType: For resource 0x7f14094c, entry index(2380) is beyond type entryCount(16)
10-31 02:23:57.625 27551 27630 W ResourceType: Failure getting entry for 0x7f14094c (t=19 e=2380) (error -75)
10-31 02:23:57.657 27551 27630 I cr_LibraryLoader: Successfully loaded native library
10-31 02:23:57.672 27760 27760 I cr_SplitCompatApp: Launched version=106.0.5249.79 minSdkVersion=24 isBundle=true processName=com.android.chrome:webview_service isIsolated=false
10-31 02:23:57.742 27551 27630 I cr_CachingUmaRecorder: Flushed 8 samples from 8 histograms.
10-31 02:23:58.290 27551 27660 I cr_CronetLibraryLoader: Cronet version: 59.0.3071.25, arch: aarch64
10-31 02:23:58.612  3960 27582 I NetworkScheduler.Stats: Task com.google.android.gms/com.google.android.gms.clearcut.uploader.QosUploaderService finished executing. cause:5 result: 1 elapsed_millis: 1137 uptime_millis: 1138 exec_start_elapsed_seconds: 1055491 [CONTEXT service_id=218 ]
10-31 02:23:58.703  3960 27485 I NetworkScheduler.Stats: Task com.google.android.gms/com.google.android.gms.ipa.base.IpaGcmTaskService started execution. cause:5 exec_start_elapsed_seconds: 1055492 [CONTEXT service_id=218 ]
10-31 02:23:58.709  3960 27582 I NetworkScheduler.Stats: Task com.google.android.gms/com.google.android.gms.ipa.base.IpaGcmTaskService finished executing. cause:5 result: 1 elapsed_millis: 35 uptime_millis: 34 exec_start_elapsed_seconds: 1055492 [CONTEXT service_id=218 ]
10-31 02:23:58.729 27551 27793 D NetworkSecurityConfig: Using Network Security Config from resource network_security_config debugBuild: false
10-31 02:23:58.783  3960 27485 I NetworkScheduler.Stats: Task com.google.android.gms/com.google.android.gms.security.safebrowsing.SafeBrowsingUpdateTaskService started execution. cause:5 exec_start_elapsed_seconds: 1055492 [CONTEXT service_id=218 ]
10-31 02:23:58.822  3960 27582 I NetworkScheduler.Stats: Task com.google.android.gms/com.google.android.gms.security.safebrowsing.SafeBrowsingUpdateTaskService finished executing. cause:5 result: 1 elapsed_millis: 69 uptime_millis: 68 exec_start_elapsed_seconds: 1055492 [CONTEXT service_id=218 ]
10-31 02:23:58.900  3960 27485 I NetworkScheduler.Stats: Task com.google.android.gms/com.google.android.gms.icing.mdh.service.MobileDataHubGcmTaskService started execution. cause:5 exec_start_elapsed_seconds: 1055493 [CONTEXT service_id=218 ]
10-31 02:23:59.244 27551 27568 W com.google.protobuf.fi: copyMemory is missing from platform - proto runtime falling back to safer methods.
10-31 02:23:59.300 27551 27551 I MemoryTrimmer: Trimming objects from memory, since app is in the background.
10-31 02:23:59.626 13542 13542 D BoundBrokerSvc: onBind: Intent { act=com.google.android.mdh.service.START dat=chimera-action:com.google.android.mdh.service.START cmp=com.google.android.gms/.chimera.GmsBoundBrokerService }
10-31 02:23:59.626 13542 13542 D BoundBrokerSvc: Loading bound service for intent: Intent { act=com.google.android.mdh.service.START dat=chimera-action:com.google.android.mdh.service.START cmp=com.google.android.gms/.chimera.GmsBoundBrokerService }
10-31 02:23:59.679 13542 13542 D BoundBrokerSvc: onBind: Intent { act=com.google.android.mdh.service.listener.START dat=chimera-action:com.google.android.mdh.service.listener.START cmp=com.google.android.gms/.chimera.GmsBoundBrokerService }
10-31 02:23:59.679 13542 13542 D BoundBrokerSvc: Loading bound service for intent: Intent { act=com.google.android.mdh.service.listener.START dat=chimera-action:com.google.android.mdh.service.listener.START cmp=com.google.android.gms/.chimera.GmsBoundBrokerService }
10-31 02:23:59.804 13542 13673 I Icing   : IndexChimeraService.getServiceInterface callingPackage=com.google.android.gms componentName=AppsUploadModule serviceId=32
10-31 02:23:59.997 13542 27494 I GmsCoreXrpcWrapper: Returning a channel provider with trafficStatsTag=12803 trafficStatsUid=-1
10-31 02:24:00.072 13542 27496 W FA-SVC  : Interrupted in onRunTask while uploading
10-31 02:24:00.114  3960 27550 I NetworkScheduler.Stats: Task com.google.android.gms/com.google.android.gms.icing.mdh.service.MobileDataHubGcmTaskService finished executing. cause:5 result: 1 elapsed_millis: 1243 uptime_millis: 1243 exec_start_elapsed_seconds: 1055493 [CONTEXT service_id=218 ]
10-31 02:24:00.116 13542 27494 I Icing   : Usage reports ok 0, Failed Usage reports 0, indexed 0, rejected 0
10-31 02:24:00.130 13542 13673 I Icing   : IndexChimeraService.getServiceInterface callingPackage=com.google.android.gms componentName=null serviceId=30
10-31 02:24:00.139  3960 27550 E NetworkScheduler.ATC: Called cancelTask for already completed task com.google.android.gms/.measurement.PackageMeasurementTaskService{u=0 tag="Measurement.PackageMeasurementTaskService.UPLOAD_TASK_TAG" trigger=window{start=3242s,end=6485s,earliest=-2250s,latest=992s} requirements=[NET_CONNECTED] attributes=[PERSISTED] scheduled=-5492s last_run=-2s exec_window_multiplier=1.0000 jid=N/A status=ACTIVE retries=0 client_lib=GMS_TASK_SCHEDULER-223616000} :1 [CONTEXT service_id=218 ]
10-31 02:24:00.142 13542 27494 I GmsCoreXrpcWrapper: Returning a channel provider with trafficStatsTag=12803 trafficStatsUid=-1
10-31 02:24:00.160 13542 27494 I Icing   : Usage reports ok 0, Failed Usage reports 0, indexed 0, rejected 0
10-31 02:24:00.199  3960 27550 I NetworkScheduler.Stats: Task com.google.android.gms/com.google.android.gms.stats.PlatformStatsCollectorService started execution. cause:5 exec_start_elapsed_seconds: 1055494 [CONTEXT service_id=218 ]
10-31 02:24:00.213  3960 27550 I NetworkScheduler.Stats: Task com.google.android.gms/com.google.android.gms.stats.PlatformStatsCollectorService finished executing. cause:5 result: 1 elapsed_millis: 41 uptime_millis: 41 exec_start_elapsed_seconds: 1055494 [CONTEXT service_id=218 ]
10-31 02:24:01.931 27633 27648 I zygote  : Waiting for a blocking GC ProfileSaver
10-31 02:24:02.026 27633 27648 I zygote  : WaitForGcToComplete blocked for 94.284ms for cause ProfileSaver
10-31 02:24:03.044 27633 27706 I FA      : App measurement initialized, version: 73015
10-31 02:24:03.044 27633 27706 I FA      : To enable debug logging run: adb shell setprop log.tag.FA VERBOSE
10-31 02:24:03.049 27633 27706 I FA      : To enable faster debug mode event logging run:
10-31 02:24:03.049 27633 27706 I FA      :   adb shell setprop debug.firebase.analytics.app com.opera.browser
10-31 02:24:03.206  3960 27550 W Conscrypt: Could not set socket write timeout: java.net.SocketException: Socket closed
10-31 02:24:03.207  3960 27550 W Conscrypt: 	at com.google.android.gms.org.conscrypt.Platform.setSocketWriteTimeout(:com.google.android.gms@223616019@22.36.16 (040400-476895098):2)
10-31 02:24:03.207  3960 27550 W Conscrypt: 	at com.google.android.gms.org.conscrypt.ConscryptFileDescriptorSocket.setSoWriteTimeout(:com.google.android.gms@223616019@22.36.16 (040400-476895098):0)
10-31 02:24:03.362   568  5481 I Netd    : Destroyed 1 sockets for UidRanges{ 10000-2147483647 } skip={1000 1001 1027 2000 10005 10008 10012 10015 10017 10020 10041 10045} in 3.9 ms
10-31 02:24:03.435 13542 13542 D BoundBrokerSvc: onBind: Intent { act=com.google.android.gms.measurement.START pkg=com.google.android.gms }
10-31 02:24:03.436 13542 13542 D BoundBrokerSvc: Loading bound service for intent: Intent { act=com.google.android.gms.measurement.START pkg=com.google.android.gms }
10-31 02:24:03.543  3960 27582 E NetworkScheduler.ATC: Called cancelTask for already completed task com.google.android.gms/.measurement.PackageMeasurementTaskService{u=0 tag="Measurement.PackageMeasurementTaskService.UPLOAD_TASK_TAG" trigger=window{start=3242s,end=6485s,earliest=-2254s,latest=988s} requirements=[NET_CONNECTED] attributes=[PERSISTED] scheduled=-5496s last_run=-6s exec_window_multiplier=1.0000 jid=N/A status=ACTIVE retries=0 client_lib=GMS_TASK_SCHEDULER-223616000} :1 [CONTEXT service_id=218 ]
10-31 02:24:03.613  3960 27550 W Conscrypt: Could not set socket write timeout: java.net.SocketException: Socket closed
10-31 02:24:03.614  3960 27550 W Conscrypt: 	at com.google.android.gms.org.conscrypt.Platform.setSocketWriteTimeout(:com.google.android.gms@223616019@22.36.16 (040400-476895098):2)
10-31 02:24:03.614  3960 27550 W Conscrypt: 	at com.google.android.gms.org.conscrypt.ConscryptFileDescriptorSocket.setSoWriteTimeout(:com.google.android.gms@223616019@22.36.16 (040400-476895098):0)
10-31 02:24:05.110   772 10860 D ConnectivityService: Returning blocked NetworkInfo to uid=10099
10-31 02:24:13.572 13542 13542 D BoundBrokerSvc: onUnbind: Intent { act=com.google.android.gms.measurement.START pkg=com.google.android.gms }
10-31 02:24:14.937 13542 13542 D BoundBrokerSvc: onUnbind: Intent { act=com.google.android.mdh.service.START dat=chimera-action:com.google.android.mdh.service.START cmp=com.google.android.gms/.chimera.GmsBoundBrokerService }
10-31 02:24:14.939 13542 13542 D BoundBrokerSvc: onUnbind: Intent { act=com.google.android.mdh.service.listener.START dat=chimera-action:com.google.android.mdh.service.listener.START cmp=com.google.android.gms/.chimera.GmsBoundBrokerService }
10-31 02:24:20.102   772   791 E BatteryStatsService: no controller energy info supplied
10-31 02:26:03.610   772   791 E BatteryStatsService: no controller energy info supplied
10-31 02:26:27.186   772   791 I chatty  : uid=1000(system) batterystats-sy identical 2 lines
10-31 02:26:42.237   772   791 E BatteryStatsService: no controller energy info supplied
10-31 02:27:46.853   772   791 E BatteryStatsService: no controller energy info supplied
10-31 02:28:04.059 27633 27801 E FirebaseMessaging: Failed to get FIS auth token
10-31 02:28:04.059 27633 27801 E FirebaseMessaging: java.util.concurrent.ExecutionException: id2: Firebase Installations Service is unavailable. Please try again later.
10-31 02:28:04.059 27633 27801 E FirebaseMessaging: 	at ms6.f(SourceFile:5)
10-31 02:28:04.059 27633 27801 E FirebaseMessaging: 	at ms6.a(SourceFile:10)
10-31 02:28:04.059 27633 27801 E FirebaseMessaging: 	at br2.b(SourceFile:24)
10-31 02:28:04.059 27633 27801 E FirebaseMessaging: 	at mr8.d(SourceFile:13)
10-31 02:28:04.059 27633 27801 E FirebaseMessaging: 	at sg8.run(SourceFile:14)
10-31 02:28:04.059 27633 27801 E FirebaseMessaging: 	at java.util.concurrent.ThreadPoolExecutor.runWorker(ThreadPoolExecutor.java:1162)
10-31 02:28:04.059 27633 27801 E FirebaseMessaging: 	at java.util.concurrent.ThreadPoolExecutor$Worker.run(ThreadPoolExecutor.java:636)
10-31 02:28:04.059 27633 27801 E FirebaseMessaging: 	at qv8.run(SourceFile:14)
10-31 02:28:04.059 27633 27801 E FirebaseMessaging: 	at java.lang.Thread.run(Thread.java:764)
10-31 02:28:04.059 27633 27801 E FirebaseMessaging: Caused by: id2: Firebase Installations Service is unavailable. Please try again later.
10-31 02:28:04.059 27633 27801 E FirebaseMessaging: 	at gd2.j(SourceFile:71)
10-31 02:28:04.059 27633 27801 E FirebaseMessaging: 	at fd2.run(SourceFile:14)
10-31 02:28:04.059 27633 27801 E FirebaseMessaging: 	at java.util.concurrent.ThreadPoolExecutor.runWorker(ThreadPoolExecutor.java:1162)
10-31 02:28:04.059 27633 27801 E FirebaseMessaging: 	at java.util.concurrent.ThreadPoolExecutor$Worker.run(ThreadPoolExecutor.java:636)
10-31 02:28:04.059 27633 27801 E FirebaseMessaging: 	... 1 more
10-31 02:28:32.328   772   791 I chatty  : uid=1000(system) batterystats-sy identical 2 lines
10-31 02:29:14.984   772   791 E BatteryStatsService: no controller energy info supplied
10-31 02:29:16.151   772  4540 I ActivityManager: Force stopping com.android.chrome appid=10060 user=0: from pid 27837
10-31 02:29:16.151   772  4540 I ActivityManager: Killing 27760:com.android.chrome:webview_service/u0a60 (adj 902): stop com.android.chrome
10-31 02:29:16.156   772  4540 I ActivityManager: Killing 27551:com.google.android.googlequicksearchbox:search/u0a45 (adj 902): stop com.android.chrome
10-31 02:29:16.159   772  4540 I ActivityManager: Killing 26845:com.android.chrome:privileged_process0/u0a60 (adj 0): stop com.android.chrome
10-31 02:29:16.160   772  4540 W ActivityManager: Scheduling restart of crashed service com.android.chrome/org.chromium.content.app.PrivilegedProcessService0 in 1000ms
10-31 02:29:16.164   772  4540 I ActivityManager: Killing 26778:com.android.chrome/u0a60 (adj 0): stop com.android.chrome
10-31 02:29:16.171 26814 26814 I cr_ChildProcessService: Destroying ChildProcessService pid=26814
10-31 02:29:16.172   772  4540 I ActivityManager: Killing 26814:com.android.chrome:sandboxed_process0/u0a60i655 (adj 0): isolated not needed
10-31 02:29:16.173   772  4540 I ActivityManager:   Force finishing activity ActivityRecord{3c0953f u0 com.android.chrome/org.chromium.chrome.browser.firstrun.FirstRunActivity t689}
10-31 02:29:16.177   772  4540 I ActivityManager:   Force finishing activity ActivityRecord{3c0953f u0 com.android.chrome/org.chromium.chrome.browser.firstrun.FirstRunActivity t689 f}
10-31 02:29:16.178   772  4540 W ActivityManager: Duplicate finish request for ActivityRecord{3c0953f u0 com.android.chrome/org.chromium.chrome.browser.firstrun.FirstRunActivity t689 f}
10-31 02:29:16.190  1311  1311 D CarrierSvcBindHelper: No carrier app for: 0
10-31 02:29:16.203  2964  2964 D RegisteredNfcFServicesCache: Service unchanged, not updating
10-31 02:29:16.222   772 13071 D ConnectivityService: ConnectivityService NetworkRequestInfo binderDied(NetworkRequest [ LISTEN id=1658, [ Capabilities: INTERNET&NOT_RESTRICTED&TRUSTED&FOREGROUND] ], android.os.BinderProxy@8ed0632)
10-31 02:29:16.222   772   797 W ActivityManager: setHasOverlayUi called on unknown pid: 26778
10-31 02:29:16.222   772  1324 D ConnectivityService: ConnectivityService NetworkRequestInfo binderDied(NetworkRequest [ LISTEN id=1657, [ Capabilities: INTERNET&NOT_RESTRICTED&TRUSTED&FOREGROUND] ], android.os.BinderProxy@17b0f83)
10-31 02:29:16.223   772   862 E ConnectivityService: RemoteException caught trying to send a callback msg for NetworkRequest [ LISTEN id=1658, [ Capabilities: INTERNET&NOT_RESTRICTED&TRUSTED&FOREGROUND] ]
10-31 02:29:16.224   772   862 E ConnectivityService: RemoteException caught trying to send a callback msg for NetworkRequest [ LISTEN id=1657, [ Capabilities: INTERNET&NOT_RESTRICTED&TRUSTED&FOREGROUND] ]
10-31 02:29:16.227   772  4540 D ConnectivityService: ConnectivityService NetworkRequestInfo binderDied(NetworkRequest [ LISTEN id=1661, [ Capabilities: INTERNET&NOT_RESTRICTED&TRUSTED] ], android.os.BinderProxy@271b500)
10-31 02:29:16.228   772   862 E ConnectivityService: RemoteException caught trying to send a callback msg for NetworkRequest [ LISTEN id=1661, [ Capabilities: INTERNET&NOT_RESTRICTED&TRUSTED] ]
10-31 02:29:16.231   772   790 W zygote64: failed to open /acct/uid_99655/pid_26814/cgroup.procs: No such file or directory
10-31 02:29:16.639 27840 27840 D AndroidRuntime: >>>>>> START com.android.internal.os.RuntimeInit uid 2000 <<<<<<
10-31 02:29:16.787 27840 27840 D AndroidRuntime: Calling main entry com.android.commands.pm.Pm
10-31 02:29:16.797   772  1259 I ActivityManager: Force stopping com.android.chrome appid=10060 user=0: clear data
10-31 02:29:16.800   772   788 I ActivityManager: Force stopping com.android.chrome appid=10060 user=-1: clearApplicationUserData
10-31 02:29:16.889   560   560 I keystore: clear_uid 10060
10-31 02:29:16.909  1311  1311 D CarrierSvcBindHelper: No carrier app for: 0
10-31 02:29:16.919   772   787 W ResourceType: No known package when getting value for resource number 0x7f0904db
10-31 02:29:16.919   772   787 W ResourceType: No known package when getting value for resource number 0x7f140670
10-31 02:29:16.920 27840 27840 I app_process: System.exit called, status: 0
10-31 02:29:16.920 27840 27840 I AndroidRuntime: VM exiting with result code 0.
10-31 02:29:16.921   772   787 W ResourceType: No known package when getting value for resource number 0x7f0904da
10-31 02:29:16.921   772   787 W ResourceType: No known package when getting value for resource number 0x7f14018b
10-31 02:29:16.921   772   787 W ResourceType: No known package when getting value for resource number 0x7f14066f
10-31 02:29:16.921   772   787 W ResourceType: No known package when getting value for resource number 0x7f140434
10-31 02:29:16.921   772   787 E ShortcutService: Ignoring excessive intent tag.
10-31 02:29:16.937  2964  2964 D RegisteredNfcFServicesCache: Service unchanged, not updating
10-31 02:29:16.955  3960 27856 I Fitness : FitCleanupIntentOperation received Intent android.intent.action.PACKAGE_DATA_CLEARED [CONTEXT service_id=17 ]
10-31 02:29:17.008 13542 27494 I Icing   : doRemovePackageData com.android.chrome
10-31 02:29:17.008 13542 27494 I Icing   : Removing corpus key com.android.chrome-omnibox for package com.android.chrome
10-31 02:29:17.026   772   781 I zygote64: Background concurrent copying GC freed 60189(3MB) AllocSpace objects, 41(1208KB) LOS objects, 42% free, 17MB/30MB, paused 834us total 107.306ms
10-31 02:29:17.104 13542 27494 I Icing   : updateResources: need to parse anue{com.android.chrome}
10-31 02:29:17.168 13542 27494 I Icing   : Indexing com.android.chrome-omnibox from com.android.chrome
10-31 02:29:17.184   772  1327 I ActivityManager: Start proc 27875:com.android.chrome/u0a60 for content provider com.android.chrome/com.google.android.apps.chrome.icing.IcingProvider
10-31 02:29:17.223 27875 27875 I cr_SplitCompatApp: Launched version=106.0.5249.79 minSdkVersion=24 isBundle=true processName=com.android.chrome isIsolated=false
10-31 02:29:17.327  3960  4151 I FontLog : Received query Google Sans, URI content://com.google.android.gms.fonts [CONTEXT service_id=132 ]
10-31 02:29:17.327  3960  4151 I FontLog : Query [Google Sans] resolved to {Google Sans, wdth 100.0, wght 400, ital 0.0, bestEffort false} [CONTEXT service_id=132 ]
10-31 02:29:17.328  3960  4151 I FontLog : Font PFD returned from cache for {Google Sans, wdth 100.0, wght 400, ital 0.0, bestEffort false} [CONTEXT service_id=132 ]
