--------- beginning of system
10-31 01:25:56.796   772   791 E BatteryStatsService: no controller energy info supplied
10-31 01:26:06.268   772 13071 I ActivityManager: Force stopping com.android.chrome appid=10060 user=0: from pid 26776
10-31 01:26:06.269   772 13071 I ActivityManager: Killing 26702:com.android.chrome:webview_service/u0a60 (adj 902): stop com.android.chrome
10-31 01:26:06.274   772 13071 I ActivityManager: Killing 14044:com.google.android.googlequicksearchbox:search/u0a45 (adj 900): stop com.android.chrome
10-31 01:26:06.280   772 13071 I ActivityManager: Killing 26487:com.android.chrome/u0a60 (adj 902): stop com.android.chrome
--------- beginning of main
10-31 01:26:06.293  1311  1311 D CarrierSvcBindHelper: No carrier app for: 0
10-31 01:26:06.300  2964  2964 D RegisteredNfcFServicesCache: Service unchanged, not updating
10-31 01:26:06.346   772  3037 D ConnectivityService: ConnectivityService NetworkRequestInfo binderDied(NetworkRequest [ LISTEN id=1656, [ Capabilities: INTERNET&NOT_RESTRICTED&TRUSTED] ], android.os.BinderProxy@4cc5578)
10-31 01:26:06.347   772   862 E ConnectivityService: RemoteException caught trying to send a callback msg for NetworkRequest [ LISTEN id=1656, [ Capabilities: INTERNET&NOT_RESTRICTED&TRUSTED] ]
10-31 01:26:06.541   772 13071 I ActivityManager: START u0 {act=android.intent.action.VIEW flg=0x10008000 cmp=com.android.chrome/com.google.android.apps.chrome.Main} from uid 2000
10-31 01:26:06.586   772 13071 I ActivityManager: Start proc 26778:com.android.chrome/u0a60 for activity com.android.chrome/com.google.android.apps.chrome.Main
10-31 01:26:06.627   772 13022 W LocalDisplayAdapter: Unable to find color mode 0, ignoring request.
10-31 01:26:06.632   772   846 I InputReader: Reconfiguring input devices.  changes=0x00000004
10-31 01:26:06.633 13325 13325 I MemoryTrimmer: Trimming objects from memory, since app is in the background.
10-31 01:26:06.637 13325 26403 V rsC++   : RS Message thread exiting.
10-31 01:26:06.679 26778 26778 I cr_SplitCompatApp: Launched version=106.0.5249.79 minSdkVersion=24 isBundle=true processName=com.android.chrome isIsolated=false
10-31 01:26:06.737  3960  4245 I FontLog : Received query Google Sans, URI content://com.google.android.gms.fonts [CONTEXT service_id=132 ]
10-31 01:26:06.738  3960  4245 I FontLog : Query [Google Sans] resolved to {Google Sans, wdth 100.0, wght 400, ital 0.0, bestEffort false} [CONTEXT service_id=132 ]
10-31 01:26:06.740  3960  4245 I FontLog : Font PFD returned from cache for {Google Sans, wdth 100.0, wght 400, ital 0.0, bestEffort false} [CONTEXT service_id=132 ]
10-31 01:26:06.740  3960  4245 I FontLog : Fetch {Google Sans, wdth 100.0, wght 400, ital 0.0, bestEffort false} end status Status{statusCode=SUCCESS, resolution=null} [CONTEXT service_id=132 ]
10-31 01:26:06.758  3960  6244 I FontLog : Pulling font file for id = 1623, cache size = 4 [CONTEXT service_id=132 ]
10-31 01:26:06.793  3960  3971 I FontLog : Received query Google Sans:500, URI content://com.google.android.gms.fonts [CONTEXT service_id=132 ]
10-31 01:26:06.793  3960  3971 I FontLog : Query [Google Sans:500] resolved to {Google Sans, wdth 100.0, wght 500, ital 0.0, bestEffort false} [CONTEXT service_id=132 ]
10-31 01:26:06.795  3960  3971 I FontLog : Font PFD returned from cache for {Google Sans, wdth 100.0, wght 500, ital 0.0, bestEffort false} [CONTEXT service_id=132 ]
10-31 01:26:06.795  3960  3971 I FontLog : Fetch {Google Sans, wdth 100.0, wght 500, ital 0.0, bestEffort false} end status Status{statusCode=SUCCESS, resolution=null} [CONTEXT service_id=132 ]
10-31 01:26:06.800  3960  4245 I FontLog : Pulling font file for id = 1624, cache size = 4 [CONTEXT service_id=132 ]
10-31 01:26:06.809  3960  4217 I FontLog : Received query Google Sans:700, URI content://com.google.android.gms.fonts [CONTEXT service_id=132 ]
10-31 01:26:06.809  3960  4217 I FontLog : Query [Google Sans:700] resolved to {Google Sans, wdth 100.0, wght 700, ital 0.0, bestEffort false} [CONTEXT service_id=132 ]
10-31 01:26:06.811  3960  4217 I FontLog : Fetch {Google Sans, wdth 100.0, wght 700, ital 0.0, bestEffort false} end status Status{statusCode=SUCCESS, resolution=null} [CONTEXT service_id=132 ]
10-31 01:26:06.816  3960  3972 I FontLog : Pulling font file for id = 1625, cache size = 4 [CONTEXT service_id=132 ]
10-31 01:26:06.850 26778 26797 I cr_LibraryLoader: Successfully loaded native library
10-31 01:26:06.851 26778 26797 I cr_CachingUmaRecorder: Flushed 19 samples from 19 histograms.
10-31 01:26:06.902 26778 26778 E ResourceType: Style contains key with bad entry: 0x0101062c
10-31 01:26:06.917 26778 26800 W DynamiteModule: Local module descriptor class for com.google.android.gms.googlecertificates not found.
10-31 01:26:06.919   772 10860 I ActivityManager: START u0 {cmp=com.android.chrome/org.chromium.chrome.browser.firstrun.FirstRunActivity (has extras)} from uid 10060
10-31 01:26:06.946 26778 26778 E ResourceType: Style contains key with bad entry: 0x0101062c
10-31 01:26:06.954 26778 26800 W zygote  : Skipping duplicate class check due to unrecognized classloader
10-31 01:26:06.961 26778 26800 I DynamiteModule: Considering local module com.google.android.gms.googlecertificates:0 and remote module com.google.android.gms.googlecertificates:7
10-31 01:26:06.961 26778 26800 I DynamiteModule: Selected remote version of com.google.android.gms.googlecertificates, version >= 7
10-31 01:26:07.000 26778 26800 W zygote  : Skipping duplicate class check due to unrecognized classloader
10-31 01:26:07.029   772   784 W AppOps  : Bad call: specified package com.google.android.gms under uid 10060 but it is really 10020
10-31 01:26:07.029   772   784 W AppOps  : java.lang.RuntimeException: here
10-31 01:26:07.029   772   784 W AppOps  : 	at com.android.server.AppOpsService.getOpsRawLocked(AppOpsService.java:1319)
10-31 01:26:07.029   772   784 W AppOps  : 	at com.android.server.AppOpsService.checkPackage(AppOpsService.java:1038)
10-31 01:26:07.029   772   784 W AppOps  : 	at com.android.internal.app.IAppOpsService$Stub.onTransact(IAppOpsService.java:169)
10-31 01:26:07.029   772   784 W AppOps  : 	at android.os.Binder.execTransact(Binder.java:674)
10-31 01:26:07.030   772 10893 W AppOps  : Bad call: specified package com.google.android.gms under uid 10060 but it is really 10020
10-31 01:26:07.030   772 10893 W AppOps  : java.lang.RuntimeException: here
10-31 01:26:07.030   772 10893 W AppOps  : 	at com.android.server.AppOpsService.getOpsRawLocked(AppOpsService.java:1319)
10-31 01:26:07.030   772 10893 W AppOps  : 	at com.android.server.AppOpsService.checkPackage(AppOpsService.java:1038)
10-31 01:26:07.030   772 10893 W AppOps  : 	at com.android.internal.app.IAppOpsService$Stub.onTransact(IAppOpsService.java:169)
10-31 01:26:07.030   772 10893 W AppOps  : 	at android.os.Binder.execTransact(Binder.java:674)
10-31 01:26:07.034   772  3854 W AppOps  : Bad call: specified package com.google.android.gms under uid 10060 but it is really 10020
10-31 01:26:07.034   772  3854 W AppOps  : java.lang.RuntimeException: here
10-31 01:26:07.034   772  3854 W AppOps  : 	at com.android.server.AppOpsService.getOpsRawLocked(AppOpsService.java:1319)
10-31 01:26:07.034   772  3854 W AppOps  : 	at com.android.server.AppOpsService.checkPackage(AppOpsService.java:1038)
10-31 01:26:07.034   772  3854 W AppOps  : 	at com.android.internal.app.IAppOpsService$Stub.onTransact(IAppOpsService.java:169)
10-31 01:26:07.034   772  3854 W AppOps  : 	at android.os.Binder.execTransact(Binder.java:674)
10-31 01:26:07.037   772  1327 W AppOps  : Bad call: specified package com.google.android.gms under uid 10060 but it is really 10020
10-31 01:26:07.037   772  1327 W AppOps  : java.lang.RuntimeException: here
10-31 01:26:07.037   772  1327 W AppOps  : 	at com.android.server.AppOpsService.getOpsRawLocked(AppOpsService.java:1319)
10-31 01:26:07.037   772  1327 W AppOps  : 	at com.android.server.AppOpsService.checkPackage(AppOpsService.java:1038)
10-31 01:26:07.037   772  1327 W AppOps  : 	at com.android.internal.app.IAppOpsService$Stub.onTransact(IAppOpsService.java:169)
10-31 01:26:07.037   772  1327 W AppOps  : 	at android.os.Binder.execTransact(Binder.java:674)
10-31 01:26:07.073 26778 26778 W ResourceType: Failure getting entry for 0x7f010055 (t=0 e=85) (error -75)
10-31 01:26:07.095 26778 26808 D OpenGLRenderer: HWUI GL Pipeline
10-31 01:26:07.123  3960  4190 E bfry    : Phenotype API error. Event # ddoj@cb1d493b, EventCode: 7 [CONTEXT service_id=51 ]
10-31 01:26:07.123  3960  4190 E bfry    : bfra: 29505: No config packages for log source, or config package not registered
10-31 01:26:07.123  3960  4190 E bfry    : 	at bfst.b(:com.google.android.gms@223616019@22.36.16 (040400-476895098):4)
10-31 01:26:07.123  3960  4190 E bfry    : 	at bfsq.g(:com.google.android.gms@223616019@22.36.16 (040400-476895098):0)
10-31 01:26:07.123  3960  4190 E bfry    : 	at bfry.e(:com.google.android.gms@223616019@22.36.16 (040400-476895098):4)
10-31 01:26:07.123  3960  4190 E bfry    : 	at bfry.f(:com.google.android.gms@223616019@22.36.16 (040400-476895098):2)
10-31 01:26:07.123  3960  4190 E bfry    : 	at arjg.ep(:com.google.android.gms@223616019@22.36.16 (040400-476895098):1)
10-31 01:26:07.123  3960  4190 E bfry    : 	at arjm.run(:com.google.android.gms@223616019@22.36.16 (040400-476895098):12)
10-31 01:26:07.123  3960  4190 E bfry    : 	at cjoq.run(:com.google.android.gms@223616019@22.36.16 (040400-476895098):2)
10-31 01:26:07.123  3960  4190 E bfry    : 	at aarl.c(:com.google.android.gms@223616019@22.36.16 (040400-476895098):6)
10-31 01:26:07.123  3960  4190 E bfry    : 	at aarl.run(:com.google.android.gms@223616019@22.36.16 (040400-476895098):7)
10-31 01:26:07.123  3960  4190 E bfry    : 	at java.util.concurrent.ThreadPoolExecutor.runWorker(ThreadPoolExecutor.java:1162)
10-31 01:26:07.123  3960  4190 E bfry    : 	at java.util.concurrent.ThreadPoolExecutor$Worker.run(ThreadPoolExecutor.java:636)
10-31 01:26:07.123  3960  4190 E bfry    : 	at aaws.run(:com.google.android.gms@223616019@22.36.16 (040400-476895098):0)
10-31 01:26:07.123  3960  4190 E bfry    : 	at java.lang.Thread.run(Thread.java:764)
10-31 01:26:07.123  3960  4190 W AsyncOperation: operation=GetExperimentTokensOperationCall, opStatusCode=29505 [CONTEXT service_id=51 ]
10-31 01:26:07.123  3960  4190 W AsyncOperation: OperationException[Status{statusCode=No config packages for log source, or config package not registered, resolution=null}]
10-31 01:26:07.123  3960  4190 W AsyncOperation: 	at bfry.e(:com.google.android.gms@223616019@22.36.16 (040400-476895098):6)
10-31 01:26:07.123  3960  4190 W AsyncOperation: 	at bfry.f(:com.google.android.gms@223616019@22.36.16 (040400-476895098):2)
10-31 01:26:07.123  3960  4190 W AsyncOperation: 	at arjg.ep(:com.google.android.gms@223616019@22.36.16 (040400-476895098):1)
10-31 01:26:07.123  3960  4190 W AsyncOperation: 	at arjm.run(:com.google.android.gms@223616019@22.36.16 (040400-476895098):12)
10-31 01:26:07.123  3960  4190 W AsyncOperation: 	at cjoq.run(:com.google.android.gms@223616019@22.36.16 (040400-476895098):2)
10-31 01:26:07.123  3960  4190 W AsyncOperation: 	at aarl.c(:com.google.android.gms@223616019@22.36.16 (040400-476895098):6)
10-31 01:26:07.123  3960  4190 W AsyncOperation: 	at aarl.run(:com.google.android.gms@223616019@22.36.16 (040400-476895098):7)
10-31 01:26:07.123  3960  4190 W AsyncOperation: 	at java.util.concurrent.ThreadPoolExecutor.runWorker(ThreadPoolExecutor.java:1162)
10-31 01:26:07.123  3960  4190 W AsyncOperation: 	at java.util.concurrent.ThreadPoolExecutor$Worker.run(ThreadPoolExecutor.java:636)
10-31 01:26:07.123  3960  4190 W AsyncOperation: 	at aaws.run(:com.google.android.gms@223616019@22.36.16 (040400-476895098):0)
10-31 01:26:07.123  3960  4190 W AsyncOperation: 	at java.lang.Thread.run(Thread.java:764)
10-31 01:26:07.125 26778 26808 I Adreno  : QUALCOMM build                   : 7142022, Ib5823dd10c
10-31 01:26:07.125 26778 26808 I Adreno  : Build Date                       : 06/23/17
10-31 01:26:07.125 26778 26808 I Adreno  : OpenGL ES Shader Compiler Version: EV031.18.00.00
10-31 01:26:07.125 26778 26808 I Adreno  : Local Branch                     : O11A
10-31 01:26:07.125 26778 26808 I Adreno  : Remote Branch                    : 
10-31 01:26:07.125 26778 26808 I Adreno  : Remote Branch                    : 
10-31 01:26:07.125 26778 26808 I Adreno  : Reconstruct Branch               : 
10-31 01:26:07.125 26778 26808 I vndksupport: sphal namespace is not configured for this process. Loading /vendor/lib/hw/gralloc.msm8992.so from the current namespace instead.
10-31 01:26:07.132 26778 26778 W RecyclerView: No adapter attached; skipping layout
10-31 01:26:07.137 26778 26808 I Adreno  : PFP: 0x00000000, ME: 0x00000000
10-31 01:26:07.142 26778 26808 I OpenGLRenderer: Initialized EGL, version 1.4
10-31 01:26:07.142 26778 26808 D OpenGLRenderer: Swap behavior 2
10-31 01:26:07.159 26778 26778 I cr_StartSurfaceConfig: Recorded Startup.Android.FirstDrawCompletedTime.NoInstant = 116 ms
10-31 01:26:07.185 26778 26793 D NetworkSecurityConfig: Using Network Security Config from resource 0_resource_name_obfuscated debugBuild: false
10-31 01:26:07.200   772   791 E BatteryStatsService: no controller energy info supplied
10-31 01:26:07.702 26778 26793 I cr_VariationsSeedFetch: Fetched first run seed in 518 ms
10-31 01:26:07.751 26814 26814 E /system/bin/webview_zygote32: failed to make and chown /acct/uid_99655: Permission denied
10-31 01:26:07.751 26814 26814 E Zygote  : createProcessGroup(99655, 0) failed: Permission denied
10-31 01:26:07.752   772 13071 I ActivityManager: Start proc 26814:com.android.chrome:sandboxed_process0/u0i655 for webview_service com.android.chrome/org.chromium.content.app.SandboxedProcessService0
10-31 01:26:07.774 26814 26814 I SamplingProfilerIntegration: Profiling disabled.
10-31 01:26:07.797 26827 26827 E asset   : setgid: Operation not permitted
10-31 01:26:07.829 26814 26814 I cr_SplitCompatApp: Launched version=106.0.5249.79 minSdkVersion=24 isBundle=true processName=com.android.chrome:sandboxed_process0 isIsolated=true
10-31 01:26:07.838 26814 26814 W SystemServiceRegistry: No service published for: uimode
10-31 01:26:07.849 26814 26814 I cr_ChildProcessService: Creating new ChildProcessService pid=26814
10-31 01:26:07.856 26814 26814 E WebViewFactory: can't load with relro file; address space not reserved
10-31 01:26:08.073   772  4539 I ActivityManager: Start proc 26845:com.android.chrome:privileged_process0/u0a60 for service com.android.chrome/org.chromium.content.app.PrivilegedProcessService0
10-31 01:26:08.127 26845 26845 I cr_SplitCompatApp: Launched version=106.0.5249.79 minSdkVersion=24 isBundle=true processName=com.android.chrome:privileged_process0 isIsolated=false
10-31 01:26:08.145 26845 26845 I cr_ChildProcessService: Creating new ChildProcessService pid=26845
10-31 01:26:08.150 26778 26778 I cr_SmsProviderGms: construction successfull y93@8e9389e, v93@2c16f7f
10-31 01:26:08.155 13542 13542 D BoundBrokerSvc: onBind: Intent { act=com.google.android.gms.auth.key.retrieval.service.START dat=chimera-action:com.google.android.gms.auth.key.retrieval.service.START cmp=com.google.android.gms/.chimera.GmsApiService }
10-31 01:26:08.155 13542 13542 D BoundBrokerSvc: Loading bound service for intent: Intent { act=com.google.android.gms.auth.key.retrieval.service.START dat=chimera-action:com.google.android.gms.auth.key.retrieval.service.START cmp=com.google.android.gms/.chimera.GmsApiService }
10-31 01:26:08.206 26845 26860 I cr_LibraryLoader: Successfully loaded native library
10-31 01:26:08.207 26845 26860 I cr_CachingUmaRecorder: Flushed 3 samples from 3 histograms.
10-31 01:26:08.220 26778 26778 W cr_KnoxSettingsProvider: Permission to read device policy denied.
10-31 01:26:08.222 26845 26860 I Adreno  : QUALCOMM build                   : 7142022, Ib5823dd10c
10-31 01:26:08.222 26845 26860 I Adreno  : Build Date                       : 06/23/17
10-31 01:26:08.222 26845 26860 I Adreno  : OpenGL ES Shader Compiler Version: EV031.18.00.00
10-31 01:26:08.222 26845 26860 I Adreno  : Local Branch                     : O11A
10-31 01:26:08.222 26845 26860 I Adreno  : Remote Branch                    : 
10-31 01:26:08.222 26845 26860 I Adreno  : Remote Branch                    : 
10-31 01:26:08.222 26845 26860 I Adreno  : Reconstruct Branch               : 
10-31 01:26:08.222 26845 26860 I vndksupport: sphal namespace is not configured for this process. Loading /vendor/lib/hw/gralloc.msm8992.so from the current namespace instead.
10-31 01:26:08.226 26845 26860 I Adreno  : PFP: 0x00000000, ME: 0x00000000
10-31 01:26:08.996 26871 26871 E /system/bin/webview_zygote32: failed to make and chown /acct/uid_99656: Permission denied
10-31 01:26:08.996 26871 26871 E Zygote  : createProcessGroup(99656, 0) failed: Permission denied
10-31 01:26:09.001   772 13071 I ActivityManager: Start proc 26871:com.android.chrome:sandboxed_process1/u0i656 for webview_service com.android.chrome/org.chromium.content.app.SandboxedProcessService1
10-31 01:26:09.035 26871 26871 I SamplingProfilerIntegration: Profiling disabled.
10-31 01:26:09.068 26884 26884 E asset   : setgid: Operation not permitted
10-31 01:26:09.114 26871 26871 I cr_SplitCompatApp: Launched version=106.0.5249.79 minSdkVersion=24 isBundle=true processName=com.android.chrome:sandboxed_process1 isIsolated=true
10-31 01:26:09.123 26871 26871 W SystemServiceRegistry: No service published for: uimode
10-31 01:26:09.139 26871 26871 I cr_ChildProcessService: Creating new ChildProcessService pid=26871
10-31 01:26:09.151 26871 26871 E WebViewFactory: can't load with relro file; address space not reserved
10-31 01:26:09.166 26871 26885 I cr_LibraryLoader: Successfully loaded native library
10-31 01:26:09.168 26871 26885 I cr_CachingUmaRecorder: Flushed 3 samples from 3 histograms.
10-31 01:26:09.230 26871 26885 I chromium: [INFO:child_process_service.cc(69)] ChildProcessService: Exiting child process.
10-31 01:26:09.232   422   422 E lowmemorykiller: Error writing /proc/26871/oom_score_adj; errno=22
10-31 01:26:09.233   772 13071 I ActivityManager: Killing 26871:com.android.chrome:sandboxed_process1/u0a60i656 (adj 0): isolated not needed
10-31 01:26:09.233   772   790 W zygote64: failed to open /acct/uid_99656/pid_26871/cgroup.procs: No such file or directory
10-31 01:26:10.381 26778 26778 E cr_BTSPrefs: No data found for task id: 53
10-31 01:26:10.382 26778 26778 E cr_BkgrdTaskScheduler: Task cannot be canceled because no data was found instorage or data was invalid
10-31 01:26:10.469   772   781 I zygote64: Background concurrent copying GC freed 134103(5MB) AllocSpace objects, 43(1240KB) LOS objects, 42% free, 17MB/29MB, paused 726us total 109.275ms
10-31 01:26:13.437 26911 26911 D AndroidRuntime: >>>>>> START com.android.internal.os.RuntimeInit uid 2000 <<<<<<
10-31 01:26:13.583 26911 26911 D AndroidRuntime: Calling main entry com.android.commands.input.Input
10-31 01:26:13.590 26911 26911 I Input   : injectMotionEvent: MotionEvent { action=ACTION_DOWN, actionButton=0, id[0]=0, x[0]=540.0, y[0]=1660.0, toolType[0]=TOOL_TYPE_UNKNOWN, buttonState=0, metaState=0, flags=0x0, edgeFlags=0x0, pointerCount=1, historySize=0, eventTime=494471853, downTime=494471853, deviceId=8, source=0x1002 }
10-31 01:26:13.592 26911 26911 I Input   : injectMotionEvent: MotionEvent { action=ACTION_UP, actionButton=0, id[0]=0, x[0]=540.0, y[0]=1660.0, toolType[0]=TOOL_TYPE_UNKNOWN, buttonState=0, metaState=0, flags=0x0, edgeFlags=0x0, pointerCount=1, historySize=0, eventTime=494471853, downTime=494471853, deviceId=8, source=0x1002 }
10-31 01:26:13.594 26911 26911 D AndroidRuntime: Shutting down VM
10-31 01:26:15.119 26921 26921 D AndroidRuntime: >>>>>> START com.android.internal.os.RuntimeInit uid 2000 <<<<<<
10-31 01:26:15.273 26921 26921 D AndroidRuntime: Calling main entry com.android.commands.input.Input
10-31 01:26:15.281 26921 26921 I Input   : injectMotionEvent: MotionEvent { action=ACTION_DOWN, actionButton=0, id[0]=0, x[0]=180.0, y[0]=1690.0, toolType[0]=TOOL_TYPE_UNKNOWN, buttonState=0, metaState=0, flags=0x0, edgeFlags=0x0, pointerCount=1, historySize=0, eventTime=494473543, downTime=494473543, deviceId=8, source=0x1002 }
10-31 01:26:15.283 26921 26921 I Input   : injectMotionEvent: MotionEvent { action=ACTION_UP, actionButton=0, id[0]=0, x[0]=180.0, y[0]=1690.0, toolType[0]=TOOL_TYPE_UNKNOWN, buttonState=0, metaState=0, flags=0x0, edgeFlags=0x0, pointerCount=1, historySize=0, eventTime=494473543, downTime=494473543, deviceId=8, source=0x1002 }
10-31 01:26:15.286 26921 26921 D AndroidRuntime: Shutting down VM
10-31 01:26:15.823   772  3037 E BatteryStatsService: no controller energy info supplied
10-31 01:26:15.823   772  3037 E BatteryStatsService: no controller energy info supplied
10-31 01:26:15.859   772   788 W ProcessCpuTracker: Skipping unknown process pid 26949
10-31 01:26:17.102   772  1324 I ActivityManager: START u0 {act=android.intent.action.VIEW dat=http://192.168.178.178:5500/... flg=0x10000000 cmp=com.android.chrome/com.google.android.apps.chrome.Main} from uid 2000
10-31 01:26:17.123 26778 26778 E ResourceType: Style contains key with bad entry: 0x0101062c
10-31 01:26:17.129   772   784 I ActivityManager: START u0 {cmp=com.android.chrome/org.chromium.chrome.browser.firstrun.FirstRunActivity (has extras)} from uid 10060
10-31 01:26:17.135 26778 26778 E ResourceType: Style contains key with bad entry: 0x0101062c
10-31 01:26:17.207 26778 26778 W ResourceType: Failure getting entry for 0x7f010055 (t=0 e=85) (error -75)
10-31 01:26:17.251 26778 26778 W RecyclerView: No adapter attached; skipping layout
10-31 01:26:17.269 26778 26778 I cr_StartSurfaceConfig: Recorded Startup.Android.FirstDrawCompletedTime.NoInstant = 70 ms
10-31 01:26:18.251 26845 26857 I vndksupport: sphal namespace is not configured for this process. Loading libutils.so from the current namespace instead.
10-31 01:26:18.251 26778 26830 I vndksupport: sphal namespace is not configured for this process. Loading libutils.so from the current namespace instead.
10-31 01:26:18.252 26814 26826 I vndksupport: sphal namespace is not configured for this process. Loading libutils.so from the current namespace instead.
10-31 01:26:18.258   556   688 E Parcel  : Reading a NULL string not supported here.
10-31 01:26:18.258   556   688 W Parcel  : **** enforceInterface() expected 'IAAudioService' but read ''
10-31 01:26:18.259   360   360 E SELinux : avc:  denied  { find } for service=android.service.gatekeeper.IGateKeeperService pid=26996 uid=2000 scontext=u:r:shell:s0 tcontext=u:object_r:gatekeeper_service:s0 tclass=service_manager
10-31 01:26:18.260 26996 26996 W atrace  : type=1400 audit(0.0:12541): avc: denied { call } for scontext=u:r:shell:s0 tcontext=u:r:wificond:s0 tclass=binder permissive=0
10-31 01:26:18.260   360   360 E SELinux : avc:  denied  { find } for service=netd pid=26996 uid=2000 scontext=u:r:shell:s0 tcontext=u:object_r:netd_service:s0 tclass=service_manager
10-31 01:26:18.264   360   360 E SELinux : avc:  denied  { find } for service=installd pid=26996 uid=2000 scontext=u:r:shell:s0 tcontext=u:object_r:installd_service:s0 tclass=service_manager
10-31 01:26:18.268   361   361 E SELinux : avc:  denied  { find } for interface=android.frameworks.displayservice::IDisplayService pid=26996 scontext=u:r:shell:s0 tcontext=u:object_r:fwk_display_hwservice:s0 tclass=hwservice_manager
10-31 01:26:18.269   361   361 E SELinux : avc:  denied  { find } for interface=android.frameworks.schedulerservice::ISchedulingPolicyService pid=26996 scontext=u:r:shell:s0 tcontext=u:object_r:fwk_scheduler_hwservice:s0 tclass=hwservice_manager
10-31 01:26:18.269   361   361 E SELinux : avc:  denied  { find } for interface=android.frameworks.sensorservice::ISensorManager pid=26996 scontext=u:r:shell:s0 tcontext=u:object_r:fwk_sensor_hwservice:s0 tclass=hwservice_manager
10-31 01:26:18.270   361   361 E SELinux : avc:  denied  { find } for interface=android.hardware.biometrics.fingerprint::IBiometricsFingerprint pid=26996 scontext=u:r:shell:s0 tcontext=u:object_r:hal_fingerprint_hwservice:s0 tclass=hwservice_manager
10-31 01:26:18.270   361   361 E SELinux : avc:  denied  { find } for interface=android.hardware.dumpstate::IDumpstateDevice pid=26996 scontext=u:r:shell:s0 tcontext=u:object_r:hal_dumpstate_hwservice:s0 tclass=hwservice_manager
10-31 01:26:18.271   361   361 E SELinux : avc:  denied  { find } for interface=android.hardware.radio.deprecated::IOemHook pid=26996 scontext=u:r:shell:s0 tcontext=u:object_r:hal_telephony_hwservice:s0 tclass=hwservice_manager
10-31 01:26:18.272   361   361 E SELinux : avc:  denied  { find } for interface=android.hardware.radio::IRadio pid=26996 scontext=u:r:shell:s0 tcontext=u:object_r:hal_telephony_hwservice:s0 tclass=hwservice_manager
10-31 01:26:18.272   361   361 E SELinux : avc:  denied  { find } for interface=android.hardware.radio::ISap pid=26996 scontext=u:r:shell:s0 tcontext=u:object_r:hal_telephony_hwservice:s0 tclass=hwservice_manager
10-31 01:26:18.272   361   361 E SELinux : avc:  denied  { find } for interface=android.hardware.usb::IUsb pid=26996 scontext=u:r:shell:s0 tcontext=u:object_r:hal_usb_hwservice:s0 tclass=hwservice_manager
10-31 01:26:18.273   361   361 E SELinux : avc:  denied  { find } for interface=android.hardware.wifi.supplicant::ISupplicant pid=26996 scontext=u:r:shell:s0 tcontext=u:object_r:hal_wifi_supplicant_hwservice:s0 tclass=hwservice_manager
10-31 01:26:18.273   361   361 E SELinux : avc:  denied  { find } for interface=android.hardware.wifi::IWifi pid=26996 scontext=u:r:shell:s0 tcontext=u:object_r:hal_wifi_hwservice:s0 tclass=hwservice_manager
10-31 01:26:18.274   361   361 E SELinux : avc:  denied  { find } for interface=android.hidl.base::IBase pid=26996 scontext=u:r:shell:s0 tcontext=u:object_r:hidl_base_hwservice:s0 tclass=hwservice_manager
10-31 01:26:18.274   361   361 I chatty  : uid=1000(system) hwservicemanage identical 1 line
10-31 01:26:18.274   361   361 E SELinux : avc:  denied  { find } for interface=android.hidl.base::IBase pid=26996 scontext=u:r:shell:s0 tcontext=u:object_r:hidl_base_hwservice:s0 tclass=hwservice_manager
10-31 01:26:18.276   361   361 E SELinux : avc:  denied  { find } for interface=android.system.wifi.keystore::IKeystore pid=26996 scontext=u:r:shell:s0 tcontext=u:object_r:system_wifi_keystore_hwservice:s0 tclass=hwservice_manager
10-31 01:26:18.971 26778 26778 W chromium: [WARNING:controller_impl.cc(1190)] Background download complete, client: 6, completion type: 0, file size:18160
10-31 01:26:19.000 26997 26997 E /system/bin/webview_zygote32: failed to make and chown /acct/uid_99657: Permission denied
10-31 01:26:19.000 26997 26997 E Zygote  : createProcessGroup(99657, 0) failed: Permission denied
10-31 01:26:19.002   772  1259 I ActivityManager: Start proc 26997:com.android.chrome:sandboxed_process2/u0i657 for webview_service com.android.chrome/org.chromium.content.app.SandboxedProcessService2
10-31 01:26:19.007 26778 26778 W chromium: [WARNING:controller_impl.cc(1190)] Background download complete, client: 6, completion type: 0, file size:16643
10-31 01:26:19.028 26997 26997 I SamplingProfilerIntegration: Profiling disabled.
10-31 01:26:19.033 27010 27010 E /system/bin/webview_zygote32: failed to make and chown /acct/uid_99658: Permission denied
10-31 01:26:19.033 27010 27010 E Zygote  : createProcessGroup(99658, 0) failed: Permission denied
10-31 01:26:19.037   772  3854 I ActivityManager: Start proc 27010:com.android.chrome:sandboxed_process3/u0i658 for webview_service com.android.chrome/org.chromium.content.app.SandboxedProcessService3
10-31 01:26:19.052 27023 27023 E asset   : setgid: Operation not permitted
10-31 01:26:19.052 27010 27010 I SamplingProfilerIntegration: Profiling disabled.
10-31 01:26:19.067 27025 27025 E asset   : setgid: Operation not permitted
10-31 01:26:19.080 26997 26997 I cr_SplitCompatApp: Launched version=106.0.5249.79 minSdkVersion=24 isBundle=true processName=com.android.chrome:sandboxed_process2 isIsolated=true
10-31 01:26:19.088 26997 26997 W SystemServiceRegistry: No service published for: uimode
10-31 01:26:19.097 27010 27010 I cr_SplitCompatApp: Launched version=106.0.5249.79 minSdkVersion=24 isBundle=true processName=com.android.chrome:sandboxed_process3 isIsolated=true
10-31 01:26:19.099 26997 26997 I cr_ChildProcessService: Creating new ChildProcessService pid=26997
10-31 01:26:19.104 27010 27010 W SystemServiceRegistry: No service published for: uimode
10-31 01:26:19.107 26997 26997 E WebViewFactory: can't load with relro file; address space not reserved
10-31 01:26:19.114 27010 27010 I cr_ChildProcessService: Creating new ChildProcessService pid=27010
10-31 01:26:19.118 26997 27027 I cr_LibraryLoader: Successfully loaded native library
10-31 01:26:19.120 26997 27027 I cr_CachingUmaRecorder: Flushed 3 samples from 3 histograms.
10-31 01:26:19.120 26778 26778 W chromium: [WARNING:controller_impl.cc(1190)] Background download complete, client: 6, completion type: 0, file size:15859
10-31 01:26:19.128 27010 27010 E WebViewFactory: can't load with relro file; address space not reserved
10-31 01:26:19.134 26778 26778 W chromium: [WARNING:controller_impl.cc(1190)] Background download complete, client: 6, completion type: 0, file size:2759
10-31 01:26:19.141 27010 27028 I cr_LibraryLoader: Successfully loaded native library
10-31 01:26:19.142 27010 27028 I cr_CachingUmaRecorder: Flushed 3 samples from 3 histograms.
10-31 01:26:19.154 27032 27032 W ThreadPoolForeg: type=1400 audit(0.0:12542): avc: denied { setattr } for name="model-info.pb" dev="dm-2" ino=1504617 scontext=u:r:isolated_app:s0:c512,c768 tcontext=u:object_r:app_data_file:s0:c512,c768 tclass=file permissive=0
10-31 01:26:19.157 27032 27032 W ThreadPoolForeg: type=1400 audit(0.0:12543): avc: denied { setattr } for name="model.tflite" dev="dm-2" ino=1504618 scontext=u:r:isolated_app:s0:c512,c768 tcontext=u:object_r:app_data_file:s0:c512,c768 tclass=file permissive=0
10-31 01:26:19.163 26997 27027 I chromium: [INFO:child_process_service.cc(69)] ChildProcessService: Exiting child process.
10-31 01:26:19.166 27040 27040 E /system/bin/webview_zygote32: failed to make and chown /acct/uid_99659: Permission denied
10-31 01:26:19.166 27040 27040 E Zygote  : createProcessGroup(99659, 0) failed: Permission denied
10-31 01:26:19.169   772   996 I ActivityManager: Start proc 27040:com.android.chrome:sandboxed_process4/u0i659 for webview_service com.android.chrome/org.chromium.content.app.SandboxedProcessService4
10-31 01:26:19.170 27045 27045 W ThreadPoolForeg: type=1400 audit(0.0:12544): avc: denied { setattr } for name="model-info.pb" dev="dm-2" ino=1504600 scontext=u:r:isolated_app:s0:c512,c768 tcontext=u:object_r:app_data_file:s0:c512,c768 tclass=file permissive=0
10-31 01:26:19.174 27045 27045 W ThreadPoolForeg: type=1400 audit(0.0:12545): avc: denied { setattr } for name="model.tflite" dev="dm-2" ino=1504617 scontext=u:r:isolated_app:s0:c512,c768 tcontext=u:object_r:app_data_file:s0:c512,c768 tclass=file permissive=0
10-31 01:26:19.184 27010 27028 I chromium: [INFO:child_process_service.cc(69)] ChildProcessService: Exiting child process.
10-31 01:26:19.187 27052 27052 E /system/bin/webview_zygote32: failed to make and chown /acct/uid_99660: Permission denied
10-31 01:26:19.187 27052 27052 E Zygote  : createProcessGroup(99660, 0) failed: Permission denied
10-31 01:26:19.188   772  4540 I ActivityManager: Start proc 27052:com.android.chrome:sandboxed_process5/u0i660 for webview_service com.android.chrome/org.chromium.content.app.SandboxedProcessService5
10-31 01:26:19.190   772 32228 I ActivityManager: Process com.android.chrome:sandboxed_process2 (pid 26997) has died: vis  TPSL
10-31 01:26:19.190   772 32228 W ActivityManager: Scheduling restart of crashed service com.android.chrome/org.chromium.content.app.SandboxedProcessService2 in 1000ms
10-31 01:26:19.190   772   790 W zygote64: failed to open /acct/uid_99657/pid_26997/cgroup.procs: No such file or directory
10-31 01:26:19.192 27040 27040 I SamplingProfilerIntegration: Profiling disabled.
10-31 01:26:19.213   772  3041 I ActivityManager: Process com.android.chrome:sandboxed_process3 (pid 27010) has died: vis  TPSL
10-31 01:26:19.213   772  3041 W ActivityManager: Scheduling restart of crashed service com.android.chrome/org.chromium.content.app.SandboxedProcessService3 in 10977ms
10-31 01:26:19.213   772   790 W zygote64: failed to open /acct/uid_99658/pid_27010/cgroup.procs: No such file or directory
10-31 01:26:19.223 27052 27052 I SamplingProfilerIntegration: Profiling disabled.
10-31 01:26:19.225 27066 27066 E asset   : setgid: Operation not permitted
10-31 01:26:19.242 27069 27069 E asset   : setgid: Operation not permitted
10-31 01:26:19.252 27040 27040 I cr_SplitCompatApp: Launched version=106.0.5249.79 minSdkVersion=24 isBundle=true processName=com.android.chrome:sandboxed_process4 isIsolated=true
10-31 01:26:19.258 27040 27040 W SystemServiceRegistry: No service published for: uimode
10-31 01:26:19.267 27040 27040 I cr_ChildProcessService: Creating new ChildProcessService pid=27040
10-31 01:26:19.269 27052 27052 I cr_SplitCompatApp: Launched version=106.0.5249.79 minSdkVersion=24 isBundle=true processName=com.android.chrome:sandboxed_process5 isIsolated=true
10-31 01:26:19.273 27040 27040 E WebViewFactory: can't load with relro file; address space not reserved
10-31 01:26:19.275 27052 27052 W SystemServiceRegistry: No service published for: uimode
10-31 01:26:19.282 27040 27071 I cr_LibraryLoader: Successfully loaded native library
10-31 01:26:19.283 27040 27071 I cr_CachingUmaRecorder: Flushed 3 samples from 3 histograms.
10-31 01:26:19.284 27052 27052 I cr_ChildProcessService: Creating new ChildProcessService pid=27052
10-31 01:26:19.290 27052 27052 E WebViewFactory: can't load with relro file; address space not reserved
10-31 01:26:19.299 27052 27072 I cr_LibraryLoader: Successfully loaded native library
10-31 01:26:19.300 27052 27072 I cr_CachingUmaRecorder: Flushed 3 samples from 3 histograms.
10-31 01:26:19.307 27076 27076 W ThreadPoolForeg: type=1400 audit(0.0:12546): avc: denied { setattr } for name="model-info.pb" dev="dm-2" ino=1504600 scontext=u:r:isolated_app:s0:c512,c768 tcontext=u:object_r:app_data_file:s0:c512,c768 tclass=file permissive=0
10-31 01:26:19.310 27076 27076 W ThreadPoolForeg: type=1400 audit(0.0:12547): avc: denied { setattr } for name="model.tflite" dev="dm-2" ino=1504608 scontext=u:r:isolated_app:s0:c512,c768 tcontext=u:object_r:app_data_file:s0:c512,c768 tclass=file permissive=0
10-31 01:26:19.315 27040 27071 I chromium: [INFO:child_process_service.cc(69)] ChildProcessService: Exiting child process.
10-31 01:26:19.316   422   422 E lowmemorykiller: Error writing /proc/27040/oom_score_adj; errno=22
10-31 01:26:19.317   772  3041 I ActivityManager: Killing 27040:com.android.chrome:sandboxed_process4/u0a60i659 (adj 0): isolated not needed
10-31 01:26:19.318   772   790 W zygote64: failed to open /acct/uid_99659/pid_27040/cgroup.procs: No such file or directory
10-31 01:26:19.337 27082 27082 W ThreadPoolForeg: type=1400 audit(0.0:12548): avc: denied { setattr } for name="model-info.pb" dev="dm-2" ino=1504600 scontext=u:r:isolated_app:s0:c512,c768 tcontext=u:object_r:app_data_file:s0:c512,c768 tclass=file permissive=0
10-31 01:26:19.337 27082 27082 W ThreadPoolForeg: type=1400 audit(0.0:12549): avc: denied { setattr } for name="model.tflite" dev="dm-2" ino=1504615 scontext=u:r:isolated_app:s0:c512,c768 tcontext=u:object_r:app_data_file:s0:c512,c768 tclass=file permissive=0
10-31 01:26:19.342 27052 27072 I chromium: [INFO:child_process_service.cc(69)] ChildProcessService: Exiting child process.
10-31 01:26:19.344   422   422 E lowmemorykiller: Error writing /proc/27052/oom_score_adj; errno=22
10-31 01:26:19.345   772  3037 I ActivityManager: Killing 27052:com.android.chrome:sandboxed_process5/u0a60i660 (adj 0): isolated not needed
10-31 01:26:19.351   772   790 W zygote64: failed to open /acct/uid_99660/pid_27052/cgroup.procs: No such file or directory
10-31 01:26:24.250 26778 26778 W chromium: [WARNING:controller_impl.cc(1190)] Background download complete, client: 6, completion type: 0, file size:9419
10-31 01:26:24.291 27090 27090 E /system/bin/webview_zygote32: failed to make and chown /acct/uid_99661: Permission denied
10-31 01:26:24.291 27090 27090 E Zygote  : createProcessGroup(99661, 0) failed: Permission denied
10-31 01:26:24.294   772  1327 I ActivityManager: Start proc 27090:com.android.chrome:sandboxed_process6/u0i661 for webview_service com.android.chrome/org.chromium.content.app.SandboxedProcessService6
10-31 01:26:24.312 27090 27090 I SamplingProfilerIntegration: Profiling disabled.
10-31 01:26:24.333 27103 27103 E asset   : setgid: Operation not permitted
10-31 01:26:24.366 27090 27090 I cr_SplitCompatApp: Launched version=106.0.5249.79 minSdkVersion=24 isBundle=true processName=com.android.chrome:sandboxed_process6 isIsolated=true
10-31 01:26:24.371 27090 27090 W SystemServiceRegistry: No service published for: uimode
10-31 01:26:24.384 27090 27090 I cr_ChildProcessService: Creating new ChildProcessService pid=27090
10-31 01:26:24.390 27090 27090 E WebViewFactory: can't load with relro file; address space not reserved
10-31 01:26:24.400 27090 27105 I cr_LibraryLoader: Successfully loaded native library
10-31 01:26:24.401 27090 27105 I cr_CachingUmaRecorder: Flushed 3 samples from 3 histograms.
10-31 01:26:24.424 27108 27108 W ThreadPoolForeg: type=1400 audit(0.0:12550): avc: denied { setattr } for name="model-info.pb" dev="dm-2" ino=1504616 scontext=u:r:isolated_app:s0:c512,c768 tcontext=u:object_r:app_data_file:s0:c512,c768 tclass=file permissive=0
10-31 01:26:24.427 27108 27108 W ThreadPoolForeg: type=1400 audit(0.0:12551): avc: denied { setattr } for name="model.tflite" dev="dm-2" ino=1504632 scontext=u:r:isolated_app:s0:c512,c768 tcontext=u:object_r:app_data_file:s0:c512,c768 tclass=file permissive=0
10-31 01:26:24.433 27090 27105 I chromium: [INFO:child_process_service.cc(69)] ChildProcessService: Exiting child process.
10-31 01:26:24.435   422   422 E lowmemorykiller: Error writing /proc/27090/oom_score_adj; errno=22
10-31 01:26:24.436   772  1327 I ActivityManager: Killing 27090:com.android.chrome:sandboxed_process6/u0a60i661 (adj 0): isolated not needed
10-31 01:26:24.436   772   790 W zygote64: failed to open /acct/uid_99661/pid_27090/cgroup.procs: No such file or directory
10-31 01:26:39.307   772   791 E BatteryStatsService: no controller energy info supplied
10-31 01:27:08.172 26778 26778 I cr_media: Create MediaDrmBridge with level L3 and origin 6BD456B3A2E1DA9C1D27F64CF28358BF
10-31 01:27:08.176   361   361 W /system/bin/hwservicemanager: getTransportFromManifest: Cannot find entry android.hardware.drm@1.0::IDrmFactory in either framework or device manifest, using default transport.
10-31 01:27:08.204   562   562 I DrmHal  : makeDrmFactories: using default drm instance
10-31 01:27:08.228   361   361 W /system/bin/hwservicemanager: getTransportFromManifest: Cannot find entry android.hardware.drm@1.0::IDrmFactory in either framework or device manifest, using default transport.
10-31 01:27:08.288   562  5487 I DrmHal  : makeDrmFactories: using default drm instance
10-31 01:27:08.288   562 28303 D WVCdm   : Instantiating CDM.
10-31 01:27:08.293   562 19050 I WVCdm   : CdmEngine::QueryStatus
10-31 01:27:08.294   562 19050 I WVCdm   : Level3 Library 4445 May 19 2017 17:17:20
10-31 01:27:08.298   562 19050 D QSEECOMAPI: : QSEECom_get_handle sb_length = 0x19000
10-31 01:27:08.298   562 19050 D QSEECOMAPI: : App is not loaded in QSEE
10-31 01:27:08.352   562 19050 D QSEECOMAPI: : Loaded image: APP id = 1742
10-31 01:27:08.355   562 19050 D QSAPPSVER: qsapps_get_capabilities: Capability from secure side: 0x0
10-31 01:27:08.355   562 19050 D QSAPPSVER: qsapps_get_capabilities: returns 0
10-31 01:27:08.355   562 19050 E DrmWidevineDash: sion_buffer g_wv_fhandle->ion_sbuffer  0x0xefaa0000
10-31 01:27:08.359   372   376 D DrmLibTime: got the req here! ret=0
10-31 01:27:08.359   372   376 D DrmLibTime: command id, time_cmd_id = 770
10-31 01:27:08.359   372   376 D DrmLibTime: time_getutcsec starts!
10-31 01:27:08.359   372   376 D DrmLibTime: QSEE Time Listener: time_getutcsec
10-31 01:27:08.359   372   376 D DrmLibTime: QSEE Time Listener: get_utc_seconds
10-31 01:27:08.359   372   376 D DrmLibTime: QSEE Time Listener: time_get_modem_time
10-31 01:27:08.359   372   376 D DrmLibTime: QSEE Time Listener: Checking if ATS_MODEM is set or not.
10-31 01:27:08.359   372   376 D QC-time-services: Lib:time_genoff_operation: pargs->base = 13
10-31 01:27:08.359   372   376 D QC-time-services: Lib:time_genoff_operation: pargs->operation = 2
10-31 01:27:08.359   372   376 D QC-time-services: Lib:time_genoff_operation: pargs->ts_val = 0
10-31 01:27:08.359   372   376 D QC-time-services: Lib:time_genoff_operation: Send to server  passed!!
10-31 01:27:08.359   625   647 D QC-time-services: Daemon: Connection accepted:time_genoff
10-31 01:27:08.360   625 27116 D QC-time-services: Daemon:Received base = 13, unit = 1, operation = 2,value = 0
10-31 01:27:08.360   625 27116 D QC-time-services: Daemon:genoff_opr: Base = 13, val = 0, operation = 2
10-31 01:27:08.360   625 27116 D QC-time-services: offset is: 0 for base: 13
10-31 01:27:08.360   372   376 E QC-time-services: Receive Passed == base = 13, unit = 1, operation = 2, result = 0
10-31 01:27:08.360   372   376 D DrmLibTime: QSEE Time Listener: ATS_MODEM is not set. Fallback to Android system time.
10-31 01:27:08.360   372   376 D DrmLibTime: QSEE Time Listener: Retrieved Android system time: 1667176028
10-31 01:27:08.360   372   376 D DrmLibTime: time_getutcsec returns 0, sec = 1667176028; nsec = 0
10-31 01:27:08.360   372   376 D DrmLibTime: time_getutcsec finished! 
10-31 01:27:08.360   372   376 D DrmLibTime: iotcl_continue_command finished! and return 0 
10-31 01:27:08.360   372   376 D DrmLibTime: before calling ioctl to read the next time_cmd
10-31 01:27:08.361   625   647 E QC-time-services: Daemon: Time-services: Waiting to acceptconnection
10-31 01:27:08.394   562 19050 D WVCdm   : OEMCrypto_Initialize Level 1 success. I will use level 1.
10-31 01:27:08.396   562 19050 D QSEECOMAPI: : QSEECom_dealloc_memory 
10-31 01:27:08.396   562 19050 D QSEECOMAPI: : QSEECom_shutdown_app, app_id = 1742
10-31 01:27:08.408   562   562 I WVCdm   : CdmEngine::OpenSession
10-31 01:27:08.408   562   562 I WVCdm   : Level3 Library 4445 May 19 2017 17:17:20
10-31 01:27:08.412   562   562 D QSEECOMAPI: : QSEECom_get_handle sb_length = 0x19000
10-31 01:27:08.413   562   562 D QSEECOMAPI: : App is not loaded in QSEE
10-31 01:27:08.458   562   562 D QSEECOMAPI: : Loaded image: APP id = 1743
10-31 01:27:08.461   562   562 D QSAPPSVER: qsapps_get_capabilities: Capability from secure side: 0x0
10-31 01:27:08.461   562   562 D QSAPPSVER: qsapps_get_capabilities: returns 0
10-31 01:27:08.461   562   562 E DrmWidevineDash: sion_buffer g_wv_fhandle->ion_sbuffer  0x0xefaa0000
10-31 01:27:08.464   372   376 D DrmLibTime: got the req here! ret=0
10-31 01:27:08.464   372   376 D DrmLibTime: command id, time_cmd_id = 770
10-31 01:27:08.464   372   376 D DrmLibTime: time_getutcsec starts!
10-31 01:27:08.464   372   376 D DrmLibTime: QSEE Time Listener: time_getutcsec
10-31 01:27:08.464   372   376 D DrmLibTime: QSEE Time Listener: get_utc_seconds
10-31 01:27:08.464   372   376 D DrmLibTime: QSEE Time Listener: time_get_modem_time
10-31 01:27:08.464   372   376 D DrmLibTime: QSEE Time Listener: Checking if ATS_MODEM is set or not.
10-31 01:27:08.464   372   376 D QC-time-services: Lib:time_genoff_operation: pargs->base = 13
10-31 01:27:08.464   372   376 D QC-time-services: Lib:time_genoff_operation: pargs->operation = 2
10-31 01:27:08.464   372   376 D QC-time-services: Lib:time_genoff_operation: pargs->ts_val = 0
10-31 01:27:08.465   372   376 D QC-time-services: Lib:time_genoff_operation: Send to server  passed!!
10-31 01:27:08.465   625   647 D QC-time-services: Daemon: Connection accepted:time_genoff
10-31 01:27:08.465   625 27117 D QC-time-services: Daemon:Received base = 13, unit = 1, operation = 2,value = 0
10-31 01:27:08.465   625 27117 D QC-time-services: Daemon:genoff_opr: Base = 13, val = 0, operation = 2
10-31 01:27:08.465   625 27117 D QC-time-services: offset is: 0 for base: 13
10-31 01:27:08.465   372   376 E QC-time-services: Receive Passed == base = 13, unit = 1, operation = 2, result = 0
10-31 01:27:08.465   372   376 D DrmLibTime: QSEE Time Listener: ATS_MODEM is not set. Fallback to Android system time.
10-31 01:27:08.465   372   376 D DrmLibTime: QSEE Time Listener: Retrieved Android system time: 1667176028
10-31 01:27:08.465   372   376 D DrmLibTime: time_getutcsec returns 0, sec = 1667176028; nsec = 0
10-31 01:27:08.465   372   376 D DrmLibTime: time_getutcsec finished! 
10-31 01:27:08.465   372   376 D DrmLibTime: iotcl_continue_command finished! and return 0 
10-31 01:27:08.465   372   376 D DrmLibTime: before calling ioctl to read the next time_cmd
10-31 01:27:08.466   625   647 E QC-time-services: Daemon: Time-services: Waiting to acceptconnection
10-31 01:27:08.501   562   562 D WVCdm   : OEMCrypto_Initialize Level 1 success. I will use level 1.
10-31 01:27:08.501   562   562 D WVCdm   : CryptoSession::Open: Lock: requested_security_level: L3
10-31 01:27:08.508   562   562 W WVCdm   : DeviceFiles::RetrieveHashedFile: /data/mediadrm/IDM1013/L3/cert.bin does not exist
10-31 01:27:08.509   562   562 D QSEECOMAPI: : QSEECom_dealloc_memory 
10-31 01:27:08.509   562   562 D QSEECOMAPI: : QSEECom_shutdown_app, app_id = 1743
10-31 01:27:08.544   562   644 I WVCdm   : Level3 Library 4445 May 19 2017 17:17:20
10-31 01:27:08.553   562   644 D QSEECOMAPI: : QSEECom_get_handle sb_length = 0x19000
10-31 01:27:08.553   562   644 D QSEECOMAPI: : App is not loaded in QSEE
10-31 01:27:08.603   562   644 D QSEECOMAPI: : Loaded image: APP id = 1744
10-31 01:27:08.607   562   644 D QSAPPSVER: qsapps_get_capabilities: Capability from secure side: 0x0
10-31 01:27:08.607   562   644 D QSAPPSVER: qsapps_get_capabilities: returns 0
10-31 01:27:08.607   562   644 E DrmWidevineDash: sion_buffer g_wv_fhandle->ion_sbuffer  0x0xefaa0000
10-31 01:27:08.610   372   376 D DrmLibTime: got the req here! ret=0
10-31 01:27:08.610   372   376 D DrmLibTime: command id, time_cmd_id = 770
10-31 01:27:08.610   372   376 D DrmLibTime: time_getutcsec starts!
10-31 01:27:08.610   372   376 D DrmLibTime: QSEE Time Listener: time_getutcsec
10-31 01:27:08.610   372   376 D DrmLibTime: QSEE Time Listener: get_utc_seconds
10-31 01:27:08.610   372   376 D DrmLibTime: QSEE Time Listener: time_get_modem_time
10-31 01:27:08.610   372   376 D DrmLibTime: QSEE Time Listener: Checking if ATS_MODEM is set or not.
10-31 01:27:08.610   372   376 D QC-time-services: Lib:time_genoff_operation: pargs->base = 13
10-31 01:27:08.610   372   376 D QC-time-services: Lib:time_genoff_operation: pargs->operation = 2
10-31 01:27:08.610   372   376 D QC-time-services: Lib:time_genoff_operation: pargs->ts_val = 0
10-31 01:27:08.610   372   376 D QC-time-services: Lib:time_genoff_operation: Send to server  passed!!
10-31 01:27:08.610   625   647 D QC-time-services: Daemon: Connection accepted:time_genoff
10-31 01:27:08.611   625 27118 D QC-time-services: Daemon:Received base = 13, unit = 1, operation = 2,value = 0
10-31 01:27:08.611   625 27118 D QC-time-services: Daemon:genoff_opr: Base = 13, val = 0, operation = 2
10-31 01:27:08.611   625 27118 D QC-time-services: offset is: 0 for base: 13
10-31 01:27:08.611   372   376 E QC-time-services: Receive Passed == base = 13, unit = 1, operation = 2, result = 0
10-31 01:27:08.611   372   376 D DrmLibTime: QSEE Time Listener: ATS_MODEM is not set. Fallback to Android system time.
10-31 01:27:08.611   372   376 D DrmLibTime: QSEE Time Listener: Retrieved Android system time: 1667176028
10-31 01:27:08.611   372   376 D DrmLibTime: time_getutcsec returns 0, sec = 1667176028; nsec = 0
10-31 01:27:08.611   372   376 D DrmLibTime: time_getutcsec finished! 
10-31 01:27:08.611   372   376 D DrmLibTime: iotcl_continue_command finished! and return 0 
10-31 01:27:08.611   372   376 D DrmLibTime: before calling ioctl to read the next time_cmd
10-31 01:27:08.611   625   647 E QC-time-services: Daemon: Time-services: Waiting to acceptconnection
10-31 01:27:08.636   562   644 D WVCdm   : OEMCrypto_Initialize Level 1 success. I will use level 1.
10-31 01:27:08.636   562   644 D WVCdm   : CryptoSession::Open: Lock: requested_security_level: L3
10-31 01:27:08.648 26778 26778 I cr_media: Provisioning origin ID 6BD456B3A2E1DA9C1D27F64CF28358BF
10-31 01:27:08.654 26778 26778 I MediaDrm: Drm event (1,0)
10-31 01:27:08.654 26778 26778 E cr_media: EventListener: No session for event 1.
10-31 01:27:09.016   562 19051 D QSEECOMAPI: : QSEECom_dealloc_memory 
10-31 01:27:09.016   562 19051 D QSEECOMAPI: : QSEECom_shutdown_app, app_id = 1744
10-31 01:27:09.026 26778 26778 I cr_media: Create MediaDrmBridge with level L1 and origin 6BD456B3A2E1DA9C1D27F64CF28358BF
10-31 01:27:09.028   361   361 W /system/bin/hwservicemanager: getTransportFromManifest: Cannot find entry android.hardware.drm@1.0::IDrmFactory in either framework or device manifest, using default transport.
10-31 01:27:09.030   562 28303 I DrmHal  : makeDrmFactories: using default drm instance
10-31 01:27:09.033   361   361 W /system/bin/hwservicemanager: getTransportFromManifest: Cannot find entry android.hardware.drm@1.0::IDrmFactory in either framework or device manifest, using default transport.
10-31 01:27:09.036   562 28303 I DrmHal  : makeDrmFactories: using default drm instance
10-31 01:27:09.037   562  5487 I WVCdm   : CdmEngine::QueryStatus
10-31 01:27:09.038   562  5487 I WVCdm   : Level3 Library 4445 May 19 2017 17:17:20
