10-31 01:27:09.043   562  5487 D QSEECOMAPI: : QSEECom_get_handle sb_length = 0x19000
10-31 01:27:09.043   562  5487 D QSEECOMAPI: : App is not loaded in QSEE
10-31 01:27:09.092   562  5487 D QSEECOMAPI: : Loaded image: APP id = 1745
10-31 01:27:09.096   562  5487 D QSAPPSVER: qsapps_get_capabilities: Capability from secure side: 0x0
10-31 01:27:09.096   562  5487 D QSAPPSVER: qsapps_get_capabilities: returns 0
10-31 01:27:09.096   562  5487 E DrmWidevineDash: sion_buffer g_wv_fhandle->ion_sbuffer  0x0xefa82000
10-31 01:27:09.099   372   376 D DrmLibTime: got the req here! ret=0
10-31 01:27:09.099   372   376 D DrmLibTime: command id, time_cmd_id = 770
10-31 01:27:09.099   372   376 D DrmLibTime: time_getutcsec starts!
10-31 01:27:09.099   372   376 D DrmLibTime: QSEE Time Listener: time_getutcsec
10-31 01:27:09.099   372   376 D DrmLibTime: QSEE Time Listener: get_utc_seconds
10-31 01:27:09.099   372   376 D DrmLibTime: QSEE Time Listener: time_get_modem_time
10-31 01:27:09.099   372   376 D DrmLibTime: QSEE Time Listener: Checking if ATS_MODEM is set or not.
10-31 01:27:09.099   372   376 D QC-time-services: Lib:time_genoff_operation: pargs->base = 13
10-31 01:27:09.099   372   376 D QC-time-services: Lib:time_genoff_operation: pargs->operation = 2
10-31 01:27:09.099   372   376 D QC-time-services: Lib:time_genoff_operation: pargs->ts_val = 0
10-31 01:27:09.099   372   376 D QC-time-services: Lib:time_genoff_operation: Send to server  passed!!
10-31 01:27:09.099   625   647 D QC-time-services: Daemon: Connection accepted:time_genoff
10-31 01:27:09.100   625 27123 D QC-time-services: Daemon:Received base = 13, unit = 1, operation = 2,value = 0
10-31 01:27:09.100   625 27123 D QC-time-services: Daemon:genoff_opr: Base = 13, val = 0, operation = 2
10-31 01:27:09.100   625 27123 D QC-time-services: offset is: 0 for base: 13
10-31 01:27:09.100   372   376 E QC-time-services: Receive Passed == base = 13, unit = 1, operation = 2, result = 0
10-31 01:27:09.100   372   376 D DrmLibTime: QSEE Time Listener: ATS_MODEM is not set. Fallback to Android system time.
10-31 01:27:09.100   372   376 D DrmLibTime: QSEE Time Listener: Retrieved Android system time: 1667176029
10-31 01:27:09.100   372   376 D DrmLibTime: time_getutcsec returns 0, sec = 1667176029; nsec = 0
10-31 01:27:09.100   372   376 D DrmLibTime: time_getutcsec finished! 
10-31 01:27:09.100   372   376 D DrmLibTime: iotcl_continue_command finished! and return 0 
10-31 01:27:09.100   372   376 D DrmLibTime: before calling ioctl to read the next time_cmd
10-31 01:27:09.100   625   647 E QC-time-services: Daemon: Time-services: Waiting to acceptconnection
10-31 01:27:09.125   562  5487 D WVCdm   : OEMCrypto_Initialize Level 1 success. I will use level 1.
10-31 01:27:09.126   562  5487 D QSEECOMAPI: : QSEECom_dealloc_memory 
10-31 01:27:09.126   562  5487 D QSEECOMAPI: : QSEECom_shutdown_app, app_id = 1745
10-31 01:27:09.136   562 28303 I WVCdm   : CdmEngine::OpenSession
10-31 01:27:09.137   562 28303 I WVCdm   : Level3 Library 4445 May 19 2017 17:17:20
10-31 01:27:09.140   562 28303 D QSEECOMAPI: : QSEECom_get_handle sb_length = 0x19000
10-31 01:27:09.141   562 28303 D QSEECOMAPI: : App is not loaded in QSEE
10-31 01:27:09.188   562 28303 D QSEECOMAPI: : Loaded image: APP id = 1746
10-31 01:27:09.191   562 28303 D QSAPPSVER: qsapps_get_capabilities: Capability from secure side: 0x0
10-31 01:27:09.191   562 28303 D QSAPPSVER: qsapps_get_capabilities: returns 0
10-31 01:27:09.191   562 28303 E DrmWidevineDash: sion_buffer g_wv_fhandle->ion_sbuffer  0x0xefa82000
10-31 01:27:09.194   372   376 D DrmLibTime: got the req here! ret=0
10-31 01:27:09.194   372   376 D DrmLibTime: command id, time_cmd_id = 770
10-31 01:27:09.194   372   376 D DrmLibTime: time_getutcsec starts!
10-31 01:27:09.194   372   376 D DrmLibTime: QSEE Time Listener: time_getutcsec
10-31 01:27:09.194   372   376 D DrmLibTime: QSEE Time Listener: get_utc_seconds
10-31 01:27:09.194   372   376 D DrmLibTime: QSEE Time Listener: time_get_modem_time
10-31 01:27:09.194   372   376 D DrmLibTime: QSEE Time Listener: Checking if ATS_MODEM is set or not.
10-31 01:27:09.194   372   376 D QC-time-services: Lib:time_genoff_operation: pargs->base = 13
10-31 01:27:09.194   372   376 D QC-time-services: Lib:time_genoff_operation: pargs->operation = 2
10-31 01:27:09.194   372   376 D QC-time-services: Lib:time_genoff_operation: pargs->ts_val = 0
10-31 01:27:09.194   372   376 D QC-time-services: Lib:time_genoff_operation: Send to server  passed!!
10-31 01:27:09.194   625   647 D QC-time-services: Daemon: Connection accepted:time_genoff
10-31 01:27:09.194   625 27124 D QC-time-services: Daemon:Received base = 13, unit = 1, operation = 2,value = 0
10-31 01:27:09.194   625 27124 D QC-time-services: Daemon:genoff_opr: Base = 13, val = 0, operation = 2
10-31 01:27:09.195   625 27124 D QC-time-services: offset is: 0 for base: 13
10-31 01:27:09.195   372   376 E QC-time-services: Receive Passed == base = 13, unit = 1, operation = 2, result = 0
10-31 01:27:09.195   372   376 D DrmLibTime: QSEE Time Listener: ATS_MODEM is not set. Fallback to Android system time.
10-31 01:27:09.195   372   376 D DrmLibTime: QSEE Time Listener: Retrieved Android system time: 1667176029
10-31 01:27:09.195   372   376 D DrmLibTime: time_getutcsec returns 0, sec = 1667176029; nsec = 0
10-31 01:27:09.195   372   376 D DrmLibTime: time_getutcsec finished! 
10-31 01:27:09.195   372   376 D DrmLibTime: iotcl_continue_command finished! and return 0 
10-31 01:27:09.195   372   376 D DrmLibTime: before calling ioctl to read the next time_cmd
10-31 01:27:09.195   625   647 E QC-time-services: Daemon: Time-services: Waiting to acceptconnection
10-31 01:27:09.233   562 28303 D WVCdm   : OEMCrypto_Initialize Level 1 success. I will use level 1.
10-31 01:27:09.233   562 28303 D WVCdm   : CryptoSession::Open: Lock: requested_security_level: Default
10-31 01:27:09.237   562 28303 W WVCdm   : DeviceFiles::RetrieveHashedFile: /data/mediadrm/IDM1013/L1/cert.bin does not exist
10-31 01:27:09.239   562 28303 D QSEECOMAPI: : QSEECom_dealloc_memory 
10-31 01:27:09.239   562 28303 D QSEECOMAPI: : QSEECom_shutdown_app, app_id = 1746
10-31 01:27:09.249   562 19051 I WVCdm   : Level3 Library 4445 May 19 2017 17:17:20
10-31 01:27:09.264   562 19051 D QSEECOMAPI: : QSEECom_get_handle sb_length = 0x19000
10-31 01:27:09.264   562 19051 D QSEECOMAPI: : App is not loaded in QSEE
10-31 01:27:09.319   562 19051 D QSEECOMAPI: : Loaded image: APP id = 1747
10-31 01:27:09.324   562 19051 D QSAPPSVER: qsapps_get_capabilities: Capability from secure side: 0x0
10-31 01:27:09.324   562 19051 D QSAPPSVER: qsapps_get_capabilities: returns 0
10-31 01:27:09.324   562 19051 E DrmWidevineDash: sion_buffer g_wv_fhandle->ion_sbuffer  0x0xefa82000
10-31 01:27:09.326   372   376 D DrmLibTime: got the req here! ret=0
10-31 01:27:09.326   372   376 D DrmLibTime: command id, time_cmd_id = 770
10-31 01:27:09.326   372   376 D DrmLibTime: time_getutcsec starts!
10-31 01:27:09.326   372   376 D DrmLibTime: QSEE Time Listener: time_getutcsec
10-31 01:27:09.326   372   376 D DrmLibTime: QSEE Time Listener: get_utc_seconds
10-31 01:27:09.326   372   376 D DrmLibTime: QSEE Time Listener: time_get_modem_time
10-31 01:27:09.326   372   376 D DrmLibTime: QSEE Time Listener: Checking if ATS_MODEM is set or not.
10-31 01:27:09.326   372   376 D QC-time-services: Lib:time_genoff_operation: pargs->base = 13
10-31 01:27:09.326   372   376 D QC-time-services: Lib:time_genoff_operation: pargs->operation = 2
10-31 01:27:09.326   372   376 D QC-time-services: Lib:time_genoff_operation: pargs->ts_val = 0
10-31 01:27:09.326   372   376 D QC-time-services: Lib:time_genoff_operation: Send to server  passed!!
10-31 01:27:09.326   625   647 D QC-time-services: Daemon: Connection accepted:time_genoff
10-31 01:27:09.327   625 27125 D QC-time-services: Daemon:Received base = 13, unit = 1, operation = 2,value = 0
10-31 01:27:09.327   625 27125 D QC-time-services: Daemon:genoff_opr: Base = 13, val = 0, operation = 2
10-31 01:27:09.327   625 27125 D QC-time-services: offset is: 0 for base: 13
10-31 01:27:09.327   372   376 E QC-time-services: Receive Passed == base = 13, unit = 1, operation = 2, result = 0
10-31 01:27:09.327   372   376 D DrmLibTime: QSEE Time Listener: ATS_MODEM is not set. Fallback to Android system time.
10-31 01:27:09.327   372   376 D DrmLibTime: QSEE Time Listener: Retrieved Android system time: 1667176029
10-31 01:27:09.327   372   376 D DrmLibTime: time_getutcsec returns 0, sec = 1667176029; nsec = 0
10-31 01:27:09.327   372   376 D DrmLibTime: time_getutcsec finished! 
10-31 01:27:09.327   372   376 D DrmLibTime: iotcl_continue_command finished! and return 0 
10-31 01:27:09.327   372   376 D DrmLibTime: before calling ioctl to read the next time_cmd
10-31 01:27:09.327   625   647 E QC-time-services: Daemon: Time-services: Waiting to acceptconnection
10-31 01:27:09.352   562 19051 D WVCdm   : OEMCrypto_Initialize Level 1 success. I will use level 1.
10-31 01:27:09.352   562 19051 D WVCdm   : CryptoSession::Open: Lock: requested_security_level: Default
10-31 01:27:09.424   562 19051 E DrmWidevineDash: OEMCrypto_GenerateSignature : input wrapped_rsa_key == NULL!, return short buffer
10-31 01:27:09.426 26778 26778 I cr_media: Provisioning origin ID 6BD456B3A2E1DA9C1D27F64CF28358BF
10-31 01:27:09.446 26778 26778 I MediaDrm: Drm event (1,0)
10-31 01:27:09.446 26778 26778 E cr_media: EventListener: No session for event 1.
10-31 01:27:09.478   562 19050 E DrmWidevineDash: OEMCrypto_RewrapDeviceRSAKey : input wrapped_rsa_key == NULL!, return short buffer
10-31 01:27:09.494   562 19050 D QSEECOMAPI: : QSEECom_dealloc_memory 
10-31 01:27:09.494   562 19050 D QSEECOMAPI: : QSEECom_shutdown_app, app_id = 1747
10-31 01:27:09.510 26778 26778 I cr_media: Create MediaDrmBridge with level L3 and origin F81D9C0CE02774D3A2C48A73DD3BC9C1
10-31 01:27:09.512   361   361 W /system/bin/hwservicemanager: getTransportFromManifest: Cannot find entry android.hardware.drm@1.0::IDrmFactory in either framework or device manifest, using default transport.
10-31 01:27:09.565   562  5487 I DrmHal  : makeDrmFactories: using default drm instance
10-31 01:27:09.567   361   361 W /system/bin/hwservicemanager: getTransportFromManifest: Cannot find entry android.hardware.drm@1.0::IDrmFactory in either framework or device manifest, using default transport.
10-31 01:27:09.612   562   644 I DrmHal  : makeDrmFactories: using default drm instance
10-31 01:27:09.613   562   562 D WVCdm   : Instantiating CDM.
10-31 01:27:09.615   562 28303 I WVCdm   : CdmEngine::QueryStatus
10-31 01:27:09.615   562 28303 I WVCdm   : Level3 Library 4445 May 19 2017 17:17:20
10-31 01:27:09.619   562 28303 D QSEECOMAPI: : QSEECom_get_handle sb_length = 0x19000
10-31 01:27:09.619   562 28303 D QSEECOMAPI: : App is not loaded in QSEE
10-31 01:27:09.668   562 28303 D QSEECOMAPI: : Loaded image: APP id = 1748
10-31 01:27:09.672   562 28303 D QSAPPSVER: qsapps_get_capabilities: Capability from secure side: 0x0
10-31 01:27:09.672   562 28303 D QSAPPSVER: qsapps_get_capabilities: returns 0
10-31 01:27:09.672   562 28303 E DrmWidevineDash: sion_buffer g_wv_fhandle->ion_sbuffer  0x0xefa9b000
10-31 01:27:09.676   372   376 D DrmLibTime: got the req here! ret=0
10-31 01:27:09.676   372   376 D DrmLibTime: command id, time_cmd_id = 770
10-31 01:27:09.676   372   376 D DrmLibTime: time_getutcsec starts!
10-31 01:27:09.676   372   376 D DrmLibTime: QSEE Time Listener: time_getutcsec
10-31 01:27:09.676   372   376 D DrmLibTime: QSEE Time Listener: get_utc_seconds
10-31 01:27:09.676   372   376 D DrmLibTime: QSEE Time Listener: time_get_modem_time
10-31 01:27:09.676   372   376 D DrmLibTime: QSEE Time Listener: Checking if ATS_MODEM is set or not.
10-31 01:27:09.676   372   376 D QC-time-services: Lib:time_genoff_operation: pargs->base = 13
10-31 01:27:09.676   372   376 D QC-time-services: Lib:time_genoff_operation: pargs->operation = 2
10-31 01:27:09.676   372   376 D QC-time-services: Lib:time_genoff_operation: pargs->ts_val = 0
10-31 01:27:09.677   372   376 D QC-time-services: Lib:time_genoff_operation: Send to server  passed!!
10-31 01:27:09.677   625   647 D QC-time-services: Daemon: Connection accepted:time_genoff
10-31 01:27:09.678   625 27130 D QC-time-services: Daemon:Received base = 13, unit = 1, operation = 2,value = 0
10-31 01:27:09.678   625 27130 D QC-time-services: Daemon:genoff_opr: Base = 13, val = 0, operation = 2
10-31 01:27:09.678   625 27130 D QC-time-services: offset is: 0 for base: 13
10-31 01:27:09.678   372   376 E QC-time-services: Receive Passed == base = 13, unit = 1, operation = 2, result = 0
10-31 01:27:09.678   372   376 D DrmLibTime: QSEE Time Listener: ATS_MODEM is not set. Fallback to Android system time.
10-31 01:27:09.678   372   376 D DrmLibTime: QSEE Time Listener: Retrieved Android system time: 1667176029
10-31 01:27:09.678   372   376 D DrmLibTime: time_getutcsec returns 0, sec = 1667176029; nsec = 0
10-31 01:27:09.679   372   376 D DrmLibTime: time_getutcsec finished! 
10-31 01:27:09.679   372   376 D DrmLibTime: iotcl_continue_command finished! and return 0 
10-31 01:27:09.679   372   376 D DrmLibTime: before calling ioctl to read the next time_cmd
10-31 01:27:09.679   625   647 E QC-time-services: Daemon: Time-services: Waiting to acceptconnection
10-31 01:27:09.718   562 28303 D WVCdm   : OEMCrypto_Initialize Level 1 success. I will use level 1.
10-31 01:27:09.720   562 28303 D QSEECOMAPI: : QSEECom_dealloc_memory 
10-31 01:27:09.720   562 28303 D QSEECOMAPI: : QSEECom_shutdown_app, app_id = 1748
10-31 01:27:09.733   562 28303 I WVCdm   : CdmEngine::OpenSession
10-31 01:27:09.733   562 28303 I WVCdm   : Level3 Library 4445 May 19 2017 17:17:20
10-31 01:27:09.738   562 28303 D QSEECOMAPI: : QSEECom_get_handle sb_length = 0x19000
10-31 01:27:09.738   562 28303 D QSEECOMAPI: : App is not loaded in QSEE
10-31 01:27:09.780   562 28303 D QSEECOMAPI: : Loaded image: APP id = 1749
10-31 01:27:09.784   562 28303 D QSAPPSVER: qsapps_get_capabilities: Capability from secure side: 0x0
10-31 01:27:09.784   562 28303 D QSAPPSVER: qsapps_get_capabilities: returns 0
10-31 01:27:09.784   562 28303 E DrmWidevineDash: sion_buffer g_wv_fhandle->ion_sbuffer  0x0xefa9b000
10-31 01:27:09.788   372   376 D DrmLibTime: got the req here! ret=0
10-31 01:27:09.788   372   376 D DrmLibTime: command id, time_cmd_id = 770
10-31 01:27:09.788   372   376 D DrmLibTime: time_getutcsec starts!
10-31 01:27:09.788   372   376 D DrmLibTime: QSEE Time Listener: time_getutcsec
10-31 01:27:09.788   372   376 D DrmLibTime: QSEE Time Listener: get_utc_seconds
10-31 01:27:09.788   372   376 D DrmLibTime: QSEE Time Listener: time_get_modem_time
10-31 01:27:09.788   372   376 D DrmLibTime: QSEE Time Listener: Checking if ATS_MODEM is set or not.
10-31 01:27:09.788   372   376 D QC-time-services: Lib:time_genoff_operation: pargs->base = 13
10-31 01:27:09.788   372   376 D QC-time-services: Lib:time_genoff_operation: pargs->operation = 2
10-31 01:27:09.788   372   376 D QC-time-services: Lib:time_genoff_operation: pargs->ts_val = 0
10-31 01:27:09.789   372   376 D QC-time-services: Lib:time_genoff_operation: Send to server  passed!!
10-31 01:27:09.789   625   647 D QC-time-services: Daemon: Connection accepted:time_genoff
10-31 01:27:09.790   625 27131 D QC-time-services: Daemon:Received base = 13, unit = 1, operation = 2,value = 0
10-31 01:27:09.790   625 27131 D QC-time-services: Daemon:genoff_opr: Base = 13, val = 0, operation = 2
10-31 01:27:09.790   625 27131 D QC-time-services: offset is: 0 for base: 13
10-31 01:27:09.790   372   376 E QC-time-services: Receive Passed == base = 13, unit = 1, operation = 2, result = 0
10-31 01:27:09.790   372   376 D DrmLibTime: QSEE Time Listener: ATS_MODEM is not set. Fallback to Android system time.
10-31 01:27:09.790   372   376 D DrmLibTime: QSEE Time Listener: Retrieved Android system time: 1667176029
10-31 01:27:09.790   372   376 D DrmLibTime: time_getutcsec returns 0, sec = 1667176029; nsec = 0
10-31 01:27:09.790   372   376 D DrmLibTime: time_getutcsec finished! 
10-31 01:27:09.790   372   376 D DrmLibTime: iotcl_continue_command finished! and return 0 
10-31 01:27:09.790   372   376 D DrmLibTime: before calling ioctl to read the next time_cmd
10-31 01:27:09.791   625   647 E QC-time-services: Daemon: Time-services: Waiting to acceptconnection
10-31 01:27:09.830   562 28303 D WVCdm   : OEMCrypto_Initialize Level 1 success. I will use level 1.
10-31 01:27:09.830   562 28303 D WVCdm   : CryptoSession::Open: Lock: requested_security_level: L3
10-31 01:27:09.837   562 28303 W WVCdm   : DeviceFiles::RetrieveHashedFile: /data/mediadrm/IDM1013/L3/cert.bin does not exist
10-31 01:27:09.838   562 28303 D QSEECOMAPI: : QSEECom_dealloc_memory 
10-31 01:27:09.838   562 28303 D QSEECOMAPI: : QSEECom_shutdown_app, app_id = 1749
10-31 01:27:09.847   562  5487 I WVCdm   : Level3 Library 4445 May 19 2017 17:17:20
10-31 01:27:09.851   562  5487 D QSEECOMAPI: : QSEECom_get_handle sb_length = 0x19000
10-31 01:27:09.851   562  5487 D QSEECOMAPI: : App is not loaded in QSEE
10-31 01:27:09.906   562  5487 D QSEECOMAPI: : Loaded image: APP id = 1750
10-31 01:27:09.910   562  5487 D QSAPPSVER: qsapps_get_capabilities: Capability from secure side: 0x0
10-31 01:27:09.910   562  5487 D QSAPPSVER: qsapps_get_capabilities: returns 0
10-31 01:27:09.910   562  5487 E DrmWidevineDash: sion_buffer g_wv_fhandle->ion_sbuffer  0x0xefa9b000
10-31 01:27:09.914   372   376 D DrmLibTime: got the req here! ret=0
10-31 01:27:09.914   372   376 D DrmLibTime: command id, time_cmd_id = 770
10-31 01:27:09.914   372   376 D DrmLibTime: time_getutcsec starts!
10-31 01:27:09.915   372   376 D DrmLibTime: QSEE Time Listener: time_getutcsec
10-31 01:27:09.915   372   376 D DrmLibTime: QSEE Time Listener: get_utc_seconds
10-31 01:27:09.915   372   376 D DrmLibTime: QSEE Time Listener: time_get_modem_time
10-31 01:27:09.915   372   376 D DrmLibTime: QSEE Time Listener: Checking if ATS_MODEM is set or not.
10-31 01:27:09.915   372   376 D QC-time-services: Lib:time_genoff_operation: pargs->base = 13
10-31 01:27:09.915   372   376 D QC-time-services: Lib:time_genoff_operation: pargs->operation = 2
10-31 01:27:09.915   372   376 D QC-time-services: Lib:time_genoff_operation: pargs->ts_val = 0
10-31 01:27:09.915   372   376 D QC-time-services: Lib:time_genoff_operation: Send to server  passed!!
10-31 01:27:09.915   625   647 D QC-time-services: Daemon: Connection accepted:time_genoff
10-31 01:27:09.915   625 27132 D QC-time-services: Daemon:Received base = 13, unit = 1, operation = 2,value = 0
10-31 01:27:09.915   625 27132 D QC-time-services: Daemon:genoff_opr: Base = 13, val = 0, operation = 2
10-31 01:27:09.915   625 27132 D QC-time-services: offset is: 0 for base: 13
10-31 01:27:09.915   372   376 E QC-time-services: Receive Passed == base = 13, unit = 1, operation = 2, result = 0
10-31 01:27:09.915   372   376 D DrmLibTime: QSEE Time Listener: ATS_MODEM is not set. Fallback to Android system time.
10-31 01:27:09.915   372   376 D DrmLibTime: QSEE Time Listener: Retrieved Android system time: 1667176029
10-31 01:27:09.916   372   376 D DrmLibTime: time_getutcsec returns 0, sec = 1667176029; nsec = 0
10-31 01:27:09.916   372   376 D DrmLibTime: time_getutcsec finished! 
10-31 01:27:09.916   372   376 D DrmLibTime: iotcl_continue_command finished! and return 0 
10-31 01:27:09.916   372   376 D DrmLibTime: before calling ioctl to read the next time_cmd
10-31 01:27:09.916   625   647 E QC-time-services: Daemon: Time-services: Waiting to acceptconnection
10-31 01:27:09.943   562  5487 D WVCdm   : OEMCrypto_Initialize Level 1 success. I will use level 1.
10-31 01:27:09.943   562  5487 D WVCdm   : CryptoSession::Open: Lock: requested_security_level: L3
10-31 01:27:09.957 26778 26778 I cr_media: Provisioning origin ID F81D9C0CE02774D3A2C48A73DD3BC9C1
10-31 01:27:09.959 26778 26778 I MediaDrm: Drm event (1,0)
10-31 01:27:09.959 26778 26778 E cr_media: EventListener: No session for event 1.
10-31 01:27:09.983 27133 27133 E /system/bin/webview_zygote32: failed to make and chown /acct/uid_99662: Permission denied
10-31 01:27:09.983 27133 27133 E Zygote  : createProcessGroup(99662, 0) failed: Permission denied
10-31 01:26:58.422   772   791 E BatteryStatsService: no controller energy info supplied
10-31 01:27:09.989   772   785 I ActivityManager: Start proc 27133:com.android.chrome:sandboxed_process7/u0i662 for webview_service com.android.chrome/org.chromium.content.app.SandboxedProcessService7
10-31 01:27:10.003 27133 27133 I SamplingProfilerIntegration: Profiling disabled.
10-31 01:27:10.009   562 19051 D QSEECOMAPI: : QSEECom_dealloc_memory 
10-31 01:27:10.009   562 19051 D QSEECOMAPI: : QSEECom_shutdown_app, app_id = 1750
10-31 01:27:10.019 26778 26778 I cr_media: Create MediaDrmBridge with level L1 and origin F81D9C0CE02774D3A2C48A73DD3BC9C1
10-31 01:27:10.020   361   361 W /system/bin/hwservicemanager: getTransportFromManifest: Cannot find entry android.hardware.drm@1.0::IDrmFactory in either framework or device manifest, using default transport.
10-31 01:27:10.023   562   644 I DrmHal  : makeDrmFactories: using default drm instance
10-31 01:27:10.024 27147 27147 E asset   : setgid: Operation not permitted
10-31 01:27:10.026   361   361 W /system/bin/hwservicemanager: getTransportFromManifest: Cannot find entry android.hardware.drm@1.0::IDrmFactory in either framework or device manifest, using default transport.
10-31 01:27:10.028   562 19050 I DrmHal  : makeDrmFactories: using default drm instance
10-31 01:27:10.030   562   562 I WVCdm   : CdmEngine::QueryStatus
10-31 01:27:10.030   562   562 I WVCdm   : Level3 Library 4445 May 19 2017 17:17:20
10-31 01:27:10.035   562   562 D QSEECOMAPI: : QSEECom_get_handle sb_length = 0x19000
10-31 01:27:10.035   562   562 D QSEECOMAPI: : App is not loaded in QSEE
10-31 01:27:10.052 27133 27133 I cr_SplitCompatApp: Launched version=106.0.5249.79 minSdkVersion=24 isBundle=true processName=com.android.chrome:sandboxed_process7 isIsolated=true
10-31 01:27:10.059 27133 27133 W SystemServiceRegistry: No service published for: uimode
10-31 01:27:10.071 27133 27133 I cr_ChildProcessService: Creating new ChildProcessService pid=27133
10-31 01:27:10.078 27133 27133 E WebViewFactory: can't load with relro file; address space not reserved
10-31 01:27:10.084   562   562 D QSEECOMAPI: : Loaded image: APP id = 1751
10-31 01:27:10.086   562   562 D QSAPPSVER: qsapps_get_capabilities: Capability from secure side: 0x0
10-31 01:27:10.086   562   562 D QSAPPSVER: qsapps_get_capabilities: returns 0
10-31 01:27:10.086   562   562 E DrmWidevineDash: sion_buffer g_wv_fhandle->ion_sbuffer  0x0xef75d000
10-31 01:27:10.089 27133 27151 I cr_LibraryLoader: Successfully loaded native library
10-31 01:27:10.090 27133 27151 I cr_CachingUmaRecorder: Flushed 3 samples from 3 histograms.
10-31 01:27:10.090   372   376 D DrmLibTime: got the req here! ret=0
10-31 01:27:10.090   372   376 D DrmLibTime: command id, time_cmd_id = 770
10-31 01:27:10.090   372   376 D DrmLibTime: time_getutcsec starts!
10-31 01:27:10.090   372   376 D DrmLibTime: QSEE Time Listener: time_getutcsec
10-31 01:27:10.090   372   376 D DrmLibTime: QSEE Time Listener: get_utc_seconds
10-31 01:27:10.090   372   376 D DrmLibTime: QSEE Time Listener: time_get_modem_time
10-31 01:27:10.090   372   376 D DrmLibTime: QSEE Time Listener: Checking if ATS_MODEM is set or not.
10-31 01:27:10.090   372   376 D QC-time-services: Lib:time_genoff_operation: pargs->base = 13
10-31 01:27:10.090   372   376 D QC-time-services: Lib:time_genoff_operation: pargs->operation = 2
10-31 01:27:10.090   372   376 D QC-time-services: Lib:time_genoff_operation: pargs->ts_val = 0
10-31 01:27:10.090   372   376 D QC-time-services: Lib:time_genoff_operation: Send to server  passed!!
10-31 01:27:10.090   625   647 D QC-time-services: Daemon: Connection accepted:time_genoff
10-31 01:27:10.091   625 27152 D QC-time-services: Daemon:Received base = 13, unit = 1, operation = 2,value = 0
10-31 01:27:10.091   625 27152 D QC-time-services: Daemon:genoff_opr: Base = 13, val = 0, operation = 2
10-31 01:27:10.091   625 27152 D QC-time-services: offset is: 0 for base: 13
10-31 01:27:10.091   372   376 E QC-time-services: Receive Passed == base = 13, unit = 1, operation = 2, result = 0
10-31 01:27:10.091   372   376 D DrmLibTime: QSEE Time Listener: ATS_MODEM is not set. Fallback to Android system time.
10-31 01:27:10.091   372   376 D DrmLibTime: QSEE Time Listener: Retrieved Android system time: 1667176030
10-31 01:27:10.091   372   376 D DrmLibTime: time_getutcsec returns 0, sec = 1667176030; nsec = 0
10-31 01:27:10.091   372   376 D DrmLibTime: time_getutcsec finished! 
10-31 01:27:10.091   372   376 D DrmLibTime: iotcl_continue_command finished! and return 0 
10-31 01:27:10.091   372   376 D DrmLibTime: before calling ioctl to read the next time_cmd
10-31 01:27:10.091   625   647 E QC-time-services: Daemon: Time-services: Waiting to acceptconnection
10-31 01:27:10.120 27157 27157 W ThreadPoolForeg: type=1400 audit(0.0:12552): avc: denied { setattr } for name="LICENSE.txt" dev="dm-2" ino=1504640 scontext=u:r:isolated_app:s0:c512,c768 tcontext=u:object_r:app_data_file:s0:c512,c768 tclass=file permissive=0
10-31 01:27:10.124 27157 27157 W ThreadPoolForeg: type=1400 audit(0.0:12553): avc: denied { setattr } for name=46696C746572696E672052756C6573 dev="dm-2" ino=1504641 scontext=u:r:isolated_app:s0:c512,c768 tcontext=u:object_r:app_data_file:s0:c512,c768 tclass=file permissive=0
10-31 01:27:10.124 27157 27157 W ThreadPoolForeg: type=1400 audit(0.0:12554): avc: denied { setattr } for name="manifest.json" dev="dm-2" ino=1504644 scontext=u:r:isolated_app:s0:c512,c768 tcontext=u:object_r:app_data_file:s0:c512,c768 tclass=file permissive=0
10-31 01:27:10.125   562   562 D WVCdm   : OEMCrypto_Initialize Level 1 success. I will use level 1.
10-31 01:27:10.126   562   562 D QSEECOMAPI: : QSEECom_dealloc_memory 
10-31 01:27:10.126   562   562 D QSEECOMAPI: : QSEECom_shutdown_app, app_id = 1751
10-31 01:27:10.130 27157 27157 W ThreadPoolForeg: type=1400 audit(0.0:12555): avc: denied { setattr } for name="verified_contents.json" dev="dm-2" ino=1504647 scontext=u:r:isolated_app:s0:c512,c768 tcontext=u:object_r:app_data_file:s0:c512,c768 tclass=file permissive=0
10-31 01:27:10.134   562 19050 I WVCdm   : CdmEngine::OpenSession
10-31 01:27:10.134   562 19050 I WVCdm   : Level3 Library 4445 May 19 2017 17:17:20
10-31 01:27:10.137 27133 27151 I chromium: [INFO:child_process_service.cc(69)] ChildProcessService: Exiting child process.
10-31 01:27:10.137   562 19050 D QSEECOMAPI: : QSEECom_get_handle sb_length = 0x19000
10-31 01:27:10.138   562 19050 D QSEECOMAPI: : App is not loaded in QSEE
10-31 01:27:10.138   422   422 E lowmemorykiller: Error writing /proc/27133/oom_score_adj; errno=22
10-31 01:27:10.139   772   785 I ActivityManager: Killing 27133:com.android.chrome:sandboxed_process7/u0a60i662 (adj 0): isolated not needed
10-31 01:27:10.140   772   790 W zygote64: failed to open /acct/uid_99662/pid_27133/cgroup.procs: No such file or directory
10-31 01:27:10.186   562 19050 D QSEECOMAPI: : Loaded image: APP id = 1752
10-31 01:27:10.189   562 19050 D QSAPPSVER: qsapps_get_capabilities: Capability from secure side: 0x0
10-31 01:27:10.189   562 19050 D QSAPPSVER: qsapps_get_capabilities: returns 0
10-31 01:27:10.189   562 19050 E DrmWidevineDash: sion_buffer g_wv_fhandle->ion_sbuffer  0x0xef75d000
10-31 01:27:10.192   372   376 D DrmLibTime: got the req here! ret=0
10-31 01:27:10.192   372   376 D DrmLibTime: command id, time_cmd_id = 770
10-31 01:27:10.192   372   376 D DrmLibTime: time_getutcsec starts!
10-31 01:27:10.192   372   376 D DrmLibTime: QSEE Time Listener: time_getutcsec
10-31 01:27:10.192   372   376 D DrmLibTime: QSEE Time Listener: get_utc_seconds
10-31 01:27:10.192   372   376 D DrmLibTime: QSEE Time Listener: time_get_modem_time
10-31 01:27:10.192   372   376 D DrmLibTime: QSEE Time Listener: Checking if ATS_MODEM is set or not.
10-31 01:27:10.192   372   376 D QC-time-services: Lib:time_genoff_operation: pargs->base = 13
10-31 01:27:10.192   372   376 D QC-time-services: Lib:time_genoff_operation: pargs->operation = 2
10-31 01:27:10.192   372   376 D QC-time-services: Lib:time_genoff_operation: pargs->ts_val = 0
10-31 01:27:10.193   372   376 D QC-time-services: Lib:time_genoff_operation: Send to server  passed!!
10-31 01:27:10.193   625   647 D QC-time-services: Daemon: Connection accepted:time_genoff
10-31 01:27:10.193   625 27159 D QC-time-services: Daemon:Received base = 13, unit = 1, operation = 2,value = 0
10-31 01:27:10.193   625 27159 D QC-time-services: Daemon:genoff_opr: Base = 13, val = 0, operation = 2
10-31 01:27:10.193   625 27159 D QC-time-services: offset is: 0 for base: 13
10-31 01:27:10.193   372   376 E QC-time-services: Receive Passed == base = 13, unit = 1, operation = 2, result = 0
10-31 01:27:10.193   372   376 D DrmLibTime: QSEE Time Listener: ATS_MODEM is not set. Fallback to Android system time.
10-31 01:27:10.193   372   376 D DrmLibTime: QSEE Time Listener: Retrieved Android system time: 1667176030
10-31 01:27:10.193   372   376 D DrmLibTime: time_getutcsec returns 0, sec = 1667176030; nsec = 0
10-31 01:27:10.193   372   376 D DrmLibTime: time_getutcsec finished! 
10-31 01:27:10.193   372   376 D DrmLibTime: iotcl_continue_command finished! and return 0 
10-31 01:27:10.193   372   376 D DrmLibTime: before calling ioctl to read the next time_cmd
10-31 01:27:10.193   625   647 E QC-time-services: Daemon: Time-services: Waiting to acceptconnection
10-31 01:27:10.221   562 19050 D WVCdm   : OEMCrypto_Initialize Level 1 success. I will use level 1.
10-31 01:27:10.222   562 19050 D WVCdm   : CryptoSession::Open: Lock: requested_security_level: Default
10-31 01:27:10.224   562 19050 W WVCdm   : DeviceFiles::RetrieveHashedFile: /data/mediadrm/IDM1013/L1/cert.bin does not exist
10-31 01:27:10.225   562 19050 D QSEECOMAPI: : QSEECom_dealloc_memory 
10-31 01:27:10.225   562 19050 D QSEECOMAPI: : QSEECom_shutdown_app, app_id = 1752
10-31 01:27:10.231   562 28303 I WVCdm   : Level3 Library 4445 May 19 2017 17:17:20
10-31 01:27:10.240   562 28303 D QSEECOMAPI: : QSEECom_get_handle sb_length = 0x19000
10-31 01:27:10.240   562 28303 D QSEECOMAPI: : App is not loaded in QSEE
10-31 01:27:10.282   562 28303 D QSEECOMAPI: : Loaded image: APP id = 1753
10-31 01:27:10.284   562 28303 D QSAPPSVER: qsapps_get_capabilities: Capability from secure side: 0x0
10-31 01:27:10.284   562 28303 D QSAPPSVER: qsapps_get_capabilities: returns 0
10-31 01:27:10.284   562 28303 E DrmWidevineDash: sion_buffer g_wv_fhandle->ion_sbuffer  0x0xef75d000
10-31 01:27:10.286   372   376 D DrmLibTime: got the req here! ret=0
10-31 01:27:10.286   372   376 D DrmLibTime: command id, time_cmd_id = 770
10-31 01:27:10.286   372   376 D DrmLibTime: time_getutcsec starts!
10-31 01:27:10.286   372   376 D DrmLibTime: QSEE Time Listener: time_getutcsec
10-31 01:27:10.286   372   376 D DrmLibTime: QSEE Time Listener: get_utc_seconds
10-31 01:27:10.286   372   376 D DrmLibTime: QSEE Time Listener: time_get_modem_time
10-31 01:27:10.286   372   376 D DrmLibTime: QSEE Time Listener: Checking if ATS_MODEM is set or not.
10-31 01:27:10.286   372   376 D QC-time-services: Lib:time_genoff_operation: pargs->base = 13
10-31 01:27:10.286   372   376 D QC-time-services: Lib:time_genoff_operation: pargs->operation = 2
10-31 01:27:10.286   372   376 D QC-time-services: Lib:time_genoff_operation: pargs->ts_val = 0
10-31 01:27:10.287   372   376 D QC-time-services: Lib:time_genoff_operation: Send to server  passed!!
10-31 01:27:10.287   625   647 D QC-time-services: Daemon: Connection accepted:time_genoff
10-31 01:27:10.287   625 27160 D QC-time-services: Daemon:Received base = 13, unit = 1, operation = 2,value = 0
10-31 01:27:10.287   625 27160 D QC-time-services: Daemon:genoff_opr: Base = 13, val = 0, operation = 2
10-31 01:27:10.287   625 27160 D QC-time-services: offset is: 0 for base: 13
10-31 01:27:10.287   372   376 E QC-time-services: Receive Passed == base = 13, unit = 1, operation = 2, result = 0
10-31 01:27:10.287   372   376 D DrmLibTime: QSEE Time Listener: ATS_MODEM is not set. Fallback to Android system time.
10-31 01:27:10.287   372   376 D DrmLibTime: QSEE Time Listener: Retrieved Android system time: 1667176030
10-31 01:27:10.287   372   376 D DrmLibTime: time_getutcsec returns 0, sec = 1667176030; nsec = 0
10-31 01:27:10.287   372   376 D DrmLibTime: time_getutcsec finished! 
10-31 01:27:10.287   372   376 D DrmLibTime: iotcl_continue_command finished! and return 0 
10-31 01:27:10.287   372   376 D DrmLibTime: before calling ioctl to read the next time_cmd
10-31 01:27:10.288   625   647 E QC-time-services: Daemon: Time-services: Waiting to acceptconnection
10-31 01:27:10.316   562 28303 D WVCdm   : OEMCrypto_Initialize Level 1 success. I will use level 1.
10-31 01:27:10.316   562 28303 D WVCdm   : CryptoSession::Open: Lock: requested_security_level: Default
10-31 01:27:10.397   562 28303 E DrmWidevineDash: OEMCrypto_GenerateSignature : input wrapped_rsa_key == NULL!, return short buffer
10-31 01:27:10.398 26778 26778 I cr_media: Provisioning origin ID F81D9C0CE02774D3A2C48A73DD3BC9C1
10-31 01:27:10.402 26778 26778 I MediaDrm: Drm event (1,0)
10-31 01:27:10.402 26778 26778 E cr_media: EventListener: No session for event 1.
10-31 01:27:10.434   562 19051 E DrmWidevineDash: OEMCrypto_RewrapDeviceRSAKey : input wrapped_rsa_key == NULL!, return short buffer
10-31 01:27:10.448   562 19051 D QSEECOMAPI: : QSEECom_dealloc_memory 
10-31 01:27:10.448   562 19051 D QSEECOMAPI: : QSEECom_shutdown_app, app_id = 1753
10-31 01:27:12.015 27162 27162 E /system/bin/webview_zygote32: failed to make and chown /acct/uid_99663: Permission denied
10-31 01:27:12.016 27162 27162 E Zygote  : createProcessGroup(99663, 0) failed: Permission denied
10-31 01:27:12.022   772   996 I ActivityManager: Start proc 27162:com.android.chrome:sandboxed_process8/u0i663 for webview_service com.android.chrome/org.chromium.content.app.SandboxedProcessService8
10-31 01:27:12.053 27162 27162 I SamplingProfilerIntegration: Profiling disabled.
10-31 01:27:12.077 27176 27176 E asset   : setgid: Operation not permitted
10-31 01:27:12.112 27162 27162 I cr_SplitCompatApp: Launched version=106.0.5249.79 minSdkVersion=24 isBundle=true processName=com.android.chrome:sandboxed_process8 isIsolated=true
10-31 01:27:12.121 27162 27162 W SystemServiceRegistry: No service published for: uimode
10-31 01:27:12.133 27162 27162 I cr_ChildProcessService: Creating new ChildProcessService pid=27162
10-31 01:27:12.152 27162 27162 E WebViewFactory: can't load with relro file; address space not reserved
10-31 01:27:12.164 27162 27177 I cr_LibraryLoader: Successfully loaded native library
10-31 01:27:12.166 27162 27177 I cr_CachingUmaRecorder: Flushed 3 samples from 3 histograms.
10-31 01:27:12.257 27181 27181 W ThreadPoolForeg: type=1400 audit(0.0:12556): avc: denied { setattr } for name="tl_en-us_2022-10-24_484508980_100000_index.bin" dev="dm-2" ino=1504650 scontext=u:r:isolated_app:s0:c512,c768 tcontext=u:object_r:app_data_file:s0:c512,c768 tclass=file permissive=0
10-31 01:27:12.260 27181 27181 W ThreadPoolForeg: type=1400 audit(0.0:12557): avc: denied { setattr } for name="manifest.json" dev="dm-2" ino=1504651 scontext=u:r:isolated_app:s0:c512,c768 tcontext=u:object_r:app_data_file:s0:c512,c768 tclass=file permissive=0
10-31 01:27:12.270 27181 27181 W ThreadPoolForeg: type=1400 audit(0.0:12558): avc: denied { setattr } for name="verified_contents.json" dev="dm-2" ino=1504654 scontext=u:r:isolated_app:s0:c512,c768 tcontext=u:object_r:app_data_file:s0:c512,c768 tclass=file permissive=0
10-31 01:27:12.278 27162 27177 I chromium: [INFO:child_process_service.cc(69)] ChildProcessService: Exiting child process.
10-31 01:27:12.282   422   422 E lowmemorykiller: Error writing /proc/27162/oom_score_adj; errno=22
10-31 01:27:12.284   772   996 I ActivityManager: Killing 27162:com.android.chrome:sandboxed_process8/u0a60i663 (adj 0): isolated not needed
10-31 01:27:12.285   772   790 W zygote64: failed to open /acct/uid_99663/pid_27162/cgroup.procs: No such file or directory
10-31 01:27:14.463 27185 27185 E /system/bin/webview_zygote32: failed to make and chown /acct/uid_99664: Permission denied
10-31 01:27:14.463 27185 27185 E Zygote  : createProcessGroup(99664, 0) failed: Permission denied
10-31 01:27:14.478   772 10894 I ActivityManager: Start proc 27185:com.android.chrome:sandboxed_process9/u0i664 for webview_service com.android.chrome/org.chromium.content.app.SandboxedProcessService9
10-31 01:27:14.508 27185 27185 I SamplingProfilerIntegration: Profiling disabled.
10-31 01:27:14.545 27198 27198 E asset   : setgid: Operation not permitted
10-31 01:27:14.590 27185 27185 I cr_SplitCompatApp: Launched version=106.0.5249.79 minSdkVersion=24 isBundle=true processName=com.android.chrome:sandboxed_process9 isIsolated=true
10-31 01:27:14.597 27185 27185 W SystemServiceRegistry: No service published for: uimode
10-31 01:27:14.609 27185 27185 I cr_ChildProcessService: Creating new ChildProcessService pid=27185
10-31 01:27:14.619 27185 27185 E WebViewFactory: can't load with relro file; address space not reserved
10-31 01:27:14.630 27185 27200 I cr_LibraryLoader: Successfully loaded native library
10-31 01:27:14.632 27185 27200 I cr_CachingUmaRecorder: Flushed 3 samples from 3 histograms.
10-31 01:27:14.690 27203 27203 W ThreadPoolForeg: type=1400 audit(0.0:12559): avc: denied { setattr } for name="optimization-hints.pb" dev="dm-2" ino=1504659 scontext=u:r:isolated_app:s0:c512,c768 tcontext=u:object_r:app_data_file:s0:c512,c768 tclass=file permissive=0
10-31 01:27:14.694 27203 27203 W ThreadPoolForeg: type=1400 audit(0.0:12560): avc: denied { setattr } for name="manifest.json" dev="dm-2" ino=1504660 scontext=u:r:isolated_app:s0:c512,c768 tcontext=u:object_r:app_data_file:s0:c512,c768 tclass=file permissive=0
10-31 01:27:14.697 27203 27203 W ThreadPoolForeg: type=1400 audit(0.0:12561): avc: denied { setattr } for name="verified_contents.json" dev="dm-2" ino=1504662 scontext=u:r:isolated_app:s0:c512,c768 tcontext=u:object_r:app_data_file:s0:c512,c768 tclass=file permissive=0
10-31 01:27:14.705 27185 27200 I chromium: [INFO:child_process_service.cc(69)] ChildProcessService: Exiting child process.
10-31 01:27:14.707   772 10895 I ActivityManager: Killing 27185:com.android.chrome:sandboxed_process9/u0a60i664 (adj 0): isolated not needed
10-31 01:27:14.707   772   790 W zygote64: failed to open /acct/uid_99664/pid_27185/cgroup.procs: No such file or directory
10-31 01:27:17.448 27207 27207 E /system/bin/webview_zygote32: failed to make and chown /acct/uid_99665: Permission denied
10-31 01:27:17.449 27207 27207 E Zygote  : createProcessGroup(99665, 0) failed: Permission denied
10-31 01:27:17.452   772 20193 I ActivityManager: Start proc 27207:com.android.chrome:sandboxed_process10/u0i665 for webview_service com.android.chrome/org.chromium.content.app.SandboxedProcessService10
10-31 01:27:17.496 27207 27207 I SamplingProfilerIntegration: Profiling disabled.
10-31 01:27:17.533 27220 27220 E asset   : setgid: Operation not permitted
10-31 01:27:17.583 27207 27207 I cr_SplitCompatApp: Launched version=106.0.5249.79 minSdkVersion=24 isBundle=true processName=com.android.chrome:sandboxed_process10 isIsolated=true
10-31 01:27:17.591 27207 27207 W SystemServiceRegistry: No service published for: uimode
10-31 01:27:17.606 27207 27207 I cr_ChildProcessService: Creating new ChildProcessService pid=27207
10-31 01:27:17.616 27207 27207 E WebViewFactory: can't load with relro file; address space not reserved
10-31 01:27:17.627 27207 27221 I cr_LibraryLoader: Successfully loaded native library
10-31 01:27:17.629 27207 27221 I cr_CachingUmaRecorder: Flushed 3 samples from 3 histograms.
10-31 01:27:17.684 27224 27224 W ThreadPoolForeg: type=1400 audit(0.0:12562): avc: denied { setattr } for name="ssl_error_assistant.pb" dev="dm-2" ino=1504672 scontext=u:r:isolated_app:s0:c512,c768 tcontext=u:object_r:app_data_file:s0:c512,c768 tclass=file permissive=0
10-31 01:27:17.687 27224 27224 W ThreadPoolForeg: type=1400 audit(0.0:12563): avc: denied { setattr } for name="ssl_error_assistant.pb" dev="dm-2" ino=1504672 scontext=u:r:isolated_app:s0:c512,c768 tcontext=u:object_r:app_data_file:s0:c512,c768 tclass=file permissive=0
10-31 01:27:17.687 27224 27224 W ThreadPoolForeg: type=1400 audit(0.0:12564): avc: denied { setattr } for name="manifest.json" dev="dm-2" ino=1504674 scontext=u:r:isolated_app:s0:c512,c768 tcontext=u:object_r:app_data_file:s0:c512,c768 tclass=file permissive=0
10-31 01:27:17.690 27224 27224 W ThreadPoolForeg: type=1400 audit(0.0:12565): avc: denied { setattr } for name="verified_contents.json" dev="dm-2" ino=1504677 scontext=u:r:isolated_app:s0:c512,c768 tcontext=u:object_r:app_data_file:s0:c512,c768 tclass=file permissive=0
10-31 01:27:17.699 27207 27221 I chromium: [INFO:child_process_service.cc(69)] ChildProcessService: Exiting child process.
10-31 01:27:17.701   422   422 E lowmemorykiller: Error writing /proc/27207/oom_score_adj; errno=22
10-31 01:27:17.701   772 20193 I ActivityManager: Killing 27207:com.android.chrome:sandboxed_process10/u0a60i665 (adj 0): isolated not needed
10-31 01:27:17.702   772   790 W zygote64: failed to open /acct/uid_99665/pid_27207/cgroup.procs: No such file or directory
10-31 01:27:20.899 27228 27228 E /system/bin/webview_zygote32: failed to make and chown /acct/uid_99666: Permission denied
10-31 01:27:20.900 27228 27228 E Zygote  : createProcessGroup(99666, 0) failed: Permission denied
10-31 01:27:20.906   772  1259 I ActivityManager: Start proc 27228:com.android.chrome:sandboxed_process11/u0i666 for webview_service com.android.chrome/org.chromium.content.app.SandboxedProcessService11
10-31 01:27:20.932 27228 27228 I SamplingProfilerIntegration: Profiling disabled.
10-31 01:27:20.957 27241 27241 E asset   : setgid: Operation not permitted
10-31 01:27:20.993 27228 27228 I cr_SplitCompatApp: Launched version=106.0.5249.79 minSdkVersion=24 isBundle=true processName=com.android.chrome:sandboxed_process11 isIsolated=true
10-31 01:27:20.999 27228 27228 W SystemServiceRegistry: No service published for: uimode
10-31 01:27:21.012 27228 27228 I cr_ChildProcessService: Creating new ChildProcessService pid=27228
10-31 01:27:21.023 27228 27228 E WebViewFactory: can't load with relro file; address space not reserved
10-31 01:27:21.035 27228 27242 I cr_LibraryLoader: Successfully loaded native library
10-31 01:27:21.036 27228 27242 I cr_CachingUmaRecorder: Flushed 3 samples from 3 histograms.
10-31 01:27:21.070 27245 27245 W ThreadPoolForeg: type=1400 audit(0.0:12566): avc: denied { setattr } for name="download_file_types.pb" dev="dm-2" ino=1504680 scontext=u:r:isolated_app:s0:c512,c768 tcontext=u:object_r:app_data_file:s0:c512,c768 tclass=file permissive=0
10-31 01:27:21.070 27245 27245 W ThreadPoolForeg: type=1400 audit(0.0:12567): avc: denied { setattr } for name="download_file_types.pb" dev="dm-2" ino=1504680 scontext=u:r:isolated_app:s0:c512,c768 tcontext=u:object_r:app_data_file:s0:c512,c768 tclass=file permissive=0
10-31 01:27:21.074 27245 27245 W ThreadPoolForeg: type=1400 audit(0.0:12568): avc: denied { setattr } for name="manifest.json" dev="dm-2" ino=1504681 scontext=u:r:isolated_app:s0:c512,c768 tcontext=u:object_r:app_data_file:s0:c512,c768 tclass=file permissive=0
10-31 01:27:21.077 27245 27245 W ThreadPoolForeg: type=1400 audit(0.0:12569): avc: denied { setattr } for name="verified_contents.json" dev="dm-2" ino=1504683 scontext=u:r:isolated_app:s0:c512,c768 tcontext=u:object_r:app_data_file:s0:c512,c768 tclass=file permissive=0
10-31 01:27:21.086 27228 27242 I chromium: [INFO:child_process_service.cc(69)] ChildProcessService: Exiting child process.
10-31 01:27:21.093   422   422 E lowmemorykiller: Error writing /proc/27228/oom_score_adj; errno=22
10-31 01:27:21.093   772  1259 I ActivityManager: Killing 27228:com.android.chrome:sandboxed_process11/u0a60i666 (adj 0): isolated not needed
10-31 01:27:21.094   772   790 W zygote64: failed to open /acct/uid_99666/pid_27228/cgroup.procs: No such file or directory
10-31 01:27:24.805 27249 27249 E /system/bin/webview_zygote32: failed to make and chown /acct/uid_99667: Permission denied
10-31 01:27:24.805 27249 27249 E Zygote  : createProcessGroup(99667, 0) failed: Permission denied
10-31 01:27:24.814   772 13071 I ActivityManager: Start proc 27249:com.android.chrome:sandboxed_process12/u0i667 for webview_service com.android.chrome/org.chromium.content.app.SandboxedProcessService12
10-31 01:27:24.869 27249 27249 I SamplingProfilerIntegration: Profiling disabled.
10-31 01:27:24.906 27262 27262 E asset   : setgid: Operation not permitted
10-31 01:27:24.952 27249 27249 I cr_SplitCompatApp: Launched version=106.0.5249.79 minSdkVersion=24 isBundle=true processName=com.android.chrome:sandboxed_process12 isIsolated=true
10-31 01:27:24.960 27249 27249 W SystemServiceRegistry: No service published for: uimode
10-31 01:27:24.977 27249 27249 I cr_ChildProcessService: Creating new ChildProcessService pid=27249
10-31 01:27:24.989 27249 27249 E WebViewFactory: can't load with relro file; address space not reserved
10-31 01:27:25.011 27249 27264 I cr_LibraryLoader: Successfully loaded native library
10-31 01:27:25.013 27249 27264 I cr_CachingUmaRecorder: Flushed 3 samples from 3 histograms.
10-31 01:27:25.054 27268 27268 W ThreadPoolForeg: type=1400 audit(0.0:12570): avc: denied { setattr } for name="crl-set" dev="dm-2" ino=1504688 scontext=u:r:isolated_app:s0:c512,c768 tcontext=u:object_r:app_data_file:s0:c512,c768 tclass=file permissive=0
10-31 01:27:25.054 27268 27268 W ThreadPoolForeg: type=1400 audit(0.0:12571): avc: denied { setattr } for name="manifest.json" dev="dm-2" ino=1504689 scontext=u:r:isolated_app:s0:c512,c768 tcontext=u:object_r:app_data_file:s0:c512,c768 tclass=file permissive=0
10-31 01:27:25.057 27268 27268 W ThreadPoolForeg: type=1400 audit(0.0:12572): avc: denied { setattr } for name="LICENSE" dev="dm-2" ino=1504690 scontext=u:r:isolated_app:s0:c512,c768 tcontext=u:object_r:app_data_file:s0:c512,c768 tclass=file permissive=0
10-31 01:27:25.064 27268 27268 W ThreadPoolForeg: type=1400 audit(0.0:12573): avc: denied { setattr } for name="verified_contents.json" dev="dm-2" ino=1504692 scontext=u:r:isolated_app:s0:c512,c768 tcontext=u:object_r:app_data_file:s0:c512,c768 tclass=file permissive=0
10-31 01:27:25.072 27249 27264 I chromium: [INFO:child_process_service.cc(69)] ChildProcessService: Exiting child process.
10-31 01:27:25.074   422   422 E lowmemorykiller: Error writing /proc/27249/oom_score_adj; errno=22
10-31 01:27:25.075   772  1324 I ActivityManager: Killing 27249:com.android.chrome:sandboxed_process12/u0a60i667 (adj 0): isolated not needed
10-31 01:27:25.076   772   790 W zygote64: failed to open /acct/uid_99667/pid_27249/cgroup.procs: No such file or directory
10-31 01:27:29.343 27271 27271 E /system/bin/webview_zygote32: failed to make and chown /acct/uid_99668: Permission denied
10-31 01:27:29.343 27271 27271 E Zygote  : createProcessGroup(99668, 0) failed: Permission denied
10-31 01:27:29.347   772  2970 I ActivityManager: Start proc 27271:com.android.chrome:sandboxed_process13/u0i668 for webview_service com.android.chrome/org.chromium.content.app.SandboxedProcessService13
10-31 01:27:29.374 27271 27271 I SamplingProfilerIntegration: Profiling disabled.
10-31 01:27:29.399 27284 27284 E asset   : setgid: Operation not permitted
10-31 01:27:29.433 27271 27271 I cr_SplitCompatApp: Launched version=106.0.5249.79 minSdkVersion=24 isBundle=true processName=com.android.chrome:sandboxed_process13 isIsolated=true
10-31 01:27:29.440 27271 27271 W SystemServiceRegistry: No service published for: uimode
10-31 01:27:29.457 27271 27271 I cr_ChildProcessService: Creating new ChildProcessService pid=27271
10-31 01:27:29.466 27271 27271 E WebViewFactory: can't load with relro file; address space not reserved
10-31 01:27:29.478 27271 27285 I cr_LibraryLoader: Successfully loaded native library
10-31 01:27:29.480 27271 27285 I cr_CachingUmaRecorder: Flushed 3 samples from 3 histograms.
10-31 01:27:29.514 27289 27289 W ThreadPoolForeg: type=1400 audit(0.0:12574): avc: denied { setattr } for name="manifest.json" dev="dm-2" ino=1504696 scontext=u:r:isolated_app:s0:c512,c768 tcontext=u:object_r:app_data_file:s0:c512,c768 tclass=file permissive=0
10-31 01:27:29.520 27289 27289 W ThreadPoolForeg: type=1400 audit(0.0:12575): avc: denied { setattr } for name="verified_contents.json" dev="dm-2" ino=1504698 scontext=u:r:isolated_app:s0:c512,c768 tcontext=u:object_r:app_data_file:s0:c512,c768 tclass=file permissive=0
10-31 01:27:29.528 27271 27285 I chromium: [INFO:child_process_service.cc(69)] ChildProcessService: Exiting child process.
10-31 01:27:29.533   422   422 E lowmemorykiller: Error writing /proc/27271/oom_score_adj; errno=22
10-31 01:27:29.534   772  2970 I ActivityManager: Killing 27271:com.android.chrome:sandboxed_process13/u0a60i668 (adj 0): isolated not needed
10-31 01:27:29.535   772   790 W zygote64: failed to open /acct/uid_99668/pid_27271/cgroup.procs: No such file or directory
10-31 01:27:34.252 27292 27292 E /system/bin/webview_zygote32: failed to make and chown /acct/uid_99669: Permission denied
10-31 01:27:34.252 27292 27292 E Zygote  : createProcessGroup(99669, 0) failed: Permission denied
10-31 01:27:34.255   772   784 I ActivityManager: Start proc 27292:com.android.chrome:sandboxed_process14/u0i669 for webview_service com.android.chrome/org.chromium.content.app.SandboxedProcessService14
10-31 01:27:34.277 27292 27292 I SamplingProfilerIntegration: Profiling disabled.
10-31 01:27:34.320 27305 27305 E asset   : setgid: Operation not permitted
