10-31 01:45:47.821 13542 27495 W NetworkManagementSocketTagger: untagSocket(140) failed with errno -22
10-31 01:45:47.821 13542 27495 I qtaguid : Untagging socket 140 failed errno=-22
10-31 01:45:47.822 13542 27495 W NetworkManagementSocketTagger: untagSocket(140) failed with errno -22
10-31 01:45:47.822 13542 27495 I qtaguid : Untagging socket 140 failed errno=-22
10-31 01:45:47.822 13542 27495 W NetworkManagementSocketTagger: untagSocket(140) failed with errno -22
10-31 01:45:47.822 13542 27495 I qtaguid : Untagging socket 140 failed errno=-22
10-31 01:45:47.822 13542 27495 W NetworkManagementSocketTagger: untagSocket(140) failed with errno -22
10-31 01:45:47.823 13542 27495 I qtaguid : Untagging socket 140 failed errno=-22
10-31 01:45:47.823 13542 27495 W NetworkManagementSocketTagger: untagSocket(140) failed with errno -22
10-31 01:45:47.823 13542 27495 I qtaguid : Untagging socket 140 failed errno=-22
10-31 01:45:47.823 13542 27495 W NetworkManagementSocketTagger: untagSocket(140) failed with errno -22
10-31 01:45:47.823 13542 27495 I qtaguid : Untagging socket 140 failed errno=-22
10-31 01:45:47.823 13542 27495 W NetworkManagementSocketTagger: untagSocket(140) failed with errno -22
10-31 01:45:47.824 13542 27495 I qtaguid : Untagging socket 140 failed errno=-22
10-31 01:45:47.824 13542 27495 W NetworkManagementSocketTagger: untagSocket(140) failed with errno -22
10-31 01:45:47.824 13542 27495 I qtaguid : Untagging socket 140 failed errno=-22
10-31 01:45:47.824 13542 27495 W NetworkManagementSocketTagger: untagSocket(140) failed with errno -22
10-31 01:45:47.825 13542 27495 I qtaguid : Untagging socket 140 failed errno=-22
10-31 01:45:47.825 13542 27495 W NetworkManagementSocketTagger: untagSocket(140) failed with errno -22
10-31 01:45:47.825 13542 27495 I qtaguid : Untagging socket 140 failed errno=-22
10-31 01:45:47.825 13542 27495 W NetworkManagementSocketTagger: untagSocket(140) failed with errno -22
10-31 01:45:47.825 13542 27495 I qtaguid : Untagging socket 140 failed errno=-22
10-31 01:45:47.825 13542 27495 W NetworkManagementSocketTagger: untagSocket(140) failed with errno -22
10-31 01:45:47.826 13542 27495 I qtaguid : Untagging socket 140 failed errno=-22
10-31 01:45:47.826 13542 27495 W NetworkManagementSocketTagger: untagSocket(140) failed with errno -22
10-31 01:45:47.826 13542 27495 I qtaguid : Untagging socket 140 failed errno=-22
10-31 01:45:47.826 13542 27495 W NetworkManagementSocketTagger: untagSocket(140) failed with errno -22
10-31 01:45:47.827 13542 27495 I qtaguid : Untagging socket 140 failed errno=-22
10-31 01:45:47.827 13542 27495 W NetworkManagementSocketTagger: untagSocket(140) failed with errno -22
10-31 01:45:47.827 13542 27495 I qtaguid : Untagging socket 140 failed errno=-22
10-31 01:45:47.827 13542 27495 W NetworkManagementSocketTagger: untagSocket(140) failed with errno -22
10-31 01:45:47.827 13542 27495 I qtaguid : Untagging socket 140 failed errno=-22
10-31 01:45:47.827 13542 27495 W NetworkManagementSocketTagger: untagSocket(140) failed with errno -22
10-31 01:45:47.828 13542 27495 I qtaguid : Untagging socket 140 failed errno=-22
10-31 01:45:47.828 13542 27495 W NetworkManagementSocketTagger: untagSocket(140) failed with errno -22
10-31 01:45:47.828 13542 27495 I qtaguid : Untagging socket 140 failed errno=-22
10-31 01:45:47.828 13542 27495 W NetworkManagementSocketTagger: untagSocket(140) failed with errno -22
10-31 01:45:47.829 13542 27495 I qtaguid : Untagging socket 140 failed errno=-22
10-31 01:45:47.829 13542 27495 W NetworkManagementSocketTagger: untagSocket(140) failed with errno -22
10-31 01:45:47.829 13542 27495 I qtaguid : Untagging socket 140 failed errno=-22
10-31 01:45:47.829 13542 27495 W NetworkManagementSocketTagger: untagSocket(140) failed with errno -22
10-31 01:45:47.829 13542 27495 I qtaguid : Untagging socket 140 failed errno=-22
10-31 01:45:47.829 13542 27495 W NetworkManagementSocketTagger: untagSocket(140) failed with errno -22
10-31 01:45:47.830 13542 27495 I qtaguid : Untagging socket 140 failed errno=-22
10-31 01:45:47.830 13542 27495 W NetworkManagementSocketTagger: untagSocket(140) failed with errno -22
10-31 01:45:47.830 13542 27495 I qtaguid : Untagging socket 140 failed errno=-22
10-31 01:45:47.830 13542 27495 W NetworkManagementSocketTagger: untagSocket(140) failed with errno -22
10-31 01:45:47.831 13542 27495 I qtaguid : Untagging socket 140 failed errno=-22
10-31 01:45:47.831 13542 27495 W NetworkManagementSocketTagger: untagSocket(140) failed with errno -22
10-31 01:45:47.831 13542 27495 I qtaguid : Untagging socket 140 failed errno=-22
10-31 01:45:47.831 13542 27495 W NetworkManagementSocketTagger: untagSocket(140) failed with errno -22
10-31 01:45:47.832 13542 27495 I qtaguid : Untagging socket 140 failed errno=-22
10-31 01:45:47.832 13542 27495 W NetworkManagementSocketTagger: untagSocket(140) failed with errno -22
10-31 01:45:47.832 13542 27495 I qtaguid : Untagging socket 140 failed errno=-22
10-31 01:45:47.832 13542 27495 W NetworkManagementSocketTagger: untagSocket(140) failed with errno -22
10-31 01:45:47.833 13542 27495 I qtaguid : Untagging socket 140 failed errno=-22
10-31 01:45:47.833 13542 27495 W NetworkManagementSocketTagger: untagSocket(140) failed with errno -22
10-31 01:45:47.833 13542 27495 I qtaguid : Untagging socket 140 failed errno=-22
10-31 01:45:47.833 13542 27495 W NetworkManagementSocketTagger: untagSocket(140) failed with errno -22
10-31 01:45:47.833 13542 27495 I qtaguid : Untagging socket 140 failed errno=-22
10-31 01:45:47.833 13542 27495 W NetworkManagementSocketTagger: untagSocket(140) failed with errno -22
10-31 01:45:47.834 13542 27495 I qtaguid : Untagging socket 140 failed errno=-22
10-31 01:45:47.834 13542 27495 W NetworkManagementSocketTagger: untagSocket(140) failed with errno -22
10-31 01:45:47.834 13542 27495 I qtaguid : Untagging socket 140 failed errno=-22
10-31 01:45:47.834 13542 27495 W NetworkManagementSocketTagger: untagSocket(140) failed with errno -22
10-31 01:45:47.835 13542 27495 I qtaguid : Untagging socket 140 failed errno=-22
10-31 01:45:47.835 13542 27495 W NetworkManagementSocketTagger: untagSocket(140) failed with errno -22
10-31 01:45:47.835 13542 27495 I qtaguid : Untagging socket 140 failed errno=-22
10-31 01:45:47.835 13542 27495 W NetworkManagementSocketTagger: untagSocket(140) failed with errno -22
10-31 01:45:47.835 13542 27495 I qtaguid : Untagging socket 140 failed errno=-22
10-31 01:45:47.836 13542 27495 W NetworkManagementSocketTagger: untagSocket(140) failed with errno -22
10-31 01:45:47.836 13542 27495 I qtaguid : Untagging socket 140 failed errno=-22
10-31 01:45:47.836 13542 27495 W NetworkManagementSocketTagger: untagSocket(140) failed with errno -22
10-31 01:45:47.836 13542 27495 I qtaguid : Untagging socket 140 failed errno=-22
10-31 01:45:47.836 13542 27495 W NetworkManagementSocketTagger: untagSocket(140) failed with errno -22
10-31 01:45:47.836 13542 27495 I qtaguid : Untagging socket 140 failed errno=-22
10-31 01:45:47.836 13542 27495 W NetworkManagementSocketTagger: untagSocket(140) failed with errno -22
10-31 01:45:47.836 13542 27495 I qtaguid : Untagging socket 140 failed errno=-22
10-31 01:45:47.836 13542 27495 W NetworkManagementSocketTagger: untagSocket(140) failed with errno -22
10-31 01:45:47.837 13542 27495 I qtaguid : Untagging socket 140 failed errno=-22
10-31 01:45:47.837 13542 27495 W NetworkManagementSocketTagger: untagSocket(140) failed with errno -22
10-31 01:45:47.838 13542 27495 I qtaguid : Untagging socket 140 failed errno=-22
10-31 01:45:47.838 13542 27495 W NetworkManagementSocketTagger: untagSocket(140) failed with errno -22
10-31 01:45:47.838 13542 27495 I qtaguid : Untagging socket 140 failed errno=-22
10-31 01:45:47.838 13542 27495 W NetworkManagementSocketTagger: untagSocket(140) failed with errno -22
10-31 01:45:47.839 13542 27495 I qtaguid : Untagging socket 140 failed errno=-22
10-31 01:45:47.839 13542 27495 W NetworkManagementSocketTagger: untagSocket(140) failed with errno -22
10-31 01:45:47.839 13542 27495 I qtaguid : Untagging socket 140 failed errno=-22
10-31 01:45:47.839 13542 27495 W NetworkManagementSocketTagger: untagSocket(140) failed with errno -22
10-31 01:45:47.839 13542 27495 I qtaguid : Untagging socket 140 failed errno=-22
10-31 01:45:47.839 13542 27495 W NetworkManagementSocketTagger: untagSocket(140) failed with errno -22
10-31 01:45:47.840 13542 27495 I qtaguid : Untagging socket 140 failed errno=-22
10-31 01:45:47.840 13542 27495 W NetworkManagementSocketTagger: untagSocket(140) failed with errno -22
10-31 01:45:47.840 13542 27495 I qtaguid : Untagging socket 140 failed errno=-22
10-31 01:45:47.840 13542 27495 W NetworkManagementSocketTagger: untagSocket(140) failed with errno -22
10-31 01:45:47.840 13542 27495 I qtaguid : Untagging socket 140 failed errno=-22
10-31 01:45:47.840 13542 27495 W NetworkManagementSocketTagger: untagSocket(140) failed with errno -22
10-31 01:45:47.841 13542 27495 I qtaguid : Untagging socket 140 failed errno=-22
10-31 01:45:47.841 13542 27495 W NetworkManagementSocketTagger: untagSocket(140) failed with errno -22
10-31 01:45:47.841 13542 27495 I qtaguid : Untagging socket 140 failed errno=-22
10-31 01:45:47.841 13542 27495 W NetworkManagementSocketTagger: untagSocket(140) failed with errno -22
10-31 01:45:47.842 13542 27495 I qtaguid : Untagging socket 140 failed errno=-22
10-31 01:45:47.842 13542 27495 W NetworkManagementSocketTagger: untagSocket(140) failed with errno -22
10-31 01:45:47.842 13542 27495 I qtaguid : Untagging socket 140 failed errno=-22
10-31 01:45:47.842 13542 27495 W NetworkManagementSocketTagger: untagSocket(140) failed with errno -22
10-31 01:45:47.852 13542 13542 I BorderAgentScannerImpl: Sent Border Agent mDNS service query (transactionId = 1) [CONTEXT service_id=305 ]
10-31 01:45:47.905  3960 27421 I NetworkScheduler.Stats: Task com.google.android.gms/com.google.android.gms.languageprofile.GcmTaskService started execution. cause:5 exec_start_elapsed_seconds: 1053202 [CONTEXT service_id=218 ]
10-31 01:45:47.940 13542 10551 W Conscrypt: Could not set socket write timeout: java.net.SocketException: Socket closed
10-31 01:45:47.958 13542 10551 W Conscrypt: 	at com.google.android.gms.org.conscrypt.Platform.setSocketWriteTimeout(:com.google.android.gms@223616019@22.36.16 (040400-476895098):2)
10-31 01:45:47.958 13542 10551 W Conscrypt: 	at com.google.android.gms.org.conscrypt.ConscryptFileDescriptorSocket.setSoWriteTimeout(:com.google.android.gms@223616019@22.36.16 (040400-476895098):0)
10-31 01:45:47.968  3960 27477 I NetworkScheduler.Stats: Task com.google.android.gms/com.google.android.gms.languageprofile.GcmTaskService finished executing. cause:5 result: 1 elapsed_millis: 102 uptime_millis: 103 exec_start_elapsed_seconds: 1053202 [CONTEXT service_id=218 ]
10-31 01:45:48.001 13542 10551 W Conscrypt: Could not set socket write timeout: java.net.SocketException: Socket closed
10-31 01:45:48.002 13542 10551 W Conscrypt: 	at com.google.android.gms.org.conscrypt.Platform.setSocketWriteTimeout(:com.google.android.gms@223616019@22.36.16 (040400-476895098):2)
10-31 01:45:48.002 13542 10551 W Conscrypt: 	at com.google.android.gms.org.conscrypt.ConscryptFileDescriptorSocket.setSoWriteTimeout(:com.google.android.gms@223616019@22.36.16 (040400-476895098):0)
10-31 01:45:48.030  3960 27421 I NetworkScheduler.Stats: Task com.google.android.gms/com.google.android.gms.common.stats.net.NetworkReportService started execution. cause:5 exec_start_elapsed_seconds: 1053202 [CONTEXT service_id=218 ]
10-31 01:45:48.038 13542 13542 D BoundBrokerSvc: onBind: Intent { act=com.google.android.gms.common.BIND_SHARED_PREFS pkg=com.google.android.gms }
10-31 01:45:48.038 13542 13542 D BoundBrokerSvc: Loading bound service for intent: Intent { act=com.google.android.gms.common.BIND_SHARED_PREFS pkg=com.google.android.gms }
10-31 01:45:48.042 13542 10551 E Volley  : [3014] efl.b: Unexpected response code 404 for https://www.googleapis.com/searchintents/v1/icing/context
10-31 01:45:48.044 13542 13644 E Icing   : Failed to execute icing server request: null
10-31 01:45:48.044 13542 13644 W Icing   : Getting app params failed
10-31 01:45:48.046 13542 13542 D BoundBrokerSvc: onUnbind: Intent { act=com.google.android.gms.common.BIND_SHARED_PREFS pkg=com.google.android.gms }
10-31 01:45:48.090 13542 13644 I GmsCoreXrpcWrapper: Returning a channel provider with trafficStatsTag=12803 trafficStatsUid=-1
10-31 01:45:48.117 13542 13644 I Icing   : Usage reports ok 1, Failed Usage reports 0, indexed 0, rejected 0
10-31 01:45:48.124 13542 13673 I Icing   : IndexChimeraService.getServiceInterface callingPackage=com.google.android.gms componentName=null serviceId=30
10-31 01:45:48.141 13542 13644 I GmsCoreXrpcWrapper: Returning a channel provider with trafficStatsTag=12803 trafficStatsUid=-1
10-31 01:45:48.164 13542 13644 I Icing   : Usage reports ok 0, Failed Usage reports 0, indexed 0, rejected 0
10-31 01:45:48.230 13542 10551 I GmscoreIpa: Batch indexing status=true [CONTEXT service_id=255 ]
10-31 01:45:48.854 13542 13542 I BorderAgentScannerImpl: Sent Border Agent mDNS service query (transactionId = 2) [CONTEXT service_id=305 ]
10-31 01:45:49.194  3960 27485 I NetworkScheduler.Stats: Task com.google.android.gms/com.google.android.gms.common.stats.net.NetworkReportService finished executing. cause:5 result: 1 elapsed_millis: 1182 uptime_millis: 1182 exec_start_elapsed_seconds: 1053202 [CONTEXT service_id=218 ]
10-31 01:45:49.858 13542 13542 I BorderAgentScannerImpl: Sent Border Agent mDNS service query (transactionId = 3) [CONTEXT service_id=305 ]
10-31 01:45:50.773 13542 27494 I BorderAgentScannerImpl: Stopping mDNS service browser [CONTEXT service_id=305 ]
10-31 01:45:50.786  3960 27477 I NetworkScheduler.Stats: Task com.google.android.gms/com.google.android.gms.threadnetwork.service.firstparty.BorderRouterSyncBoundService finished executing. cause:5 result: 1 elapsed_millis: 3182 uptime_millis: 3181 exec_start_elapsed_seconds: 1053201 [CONTEXT service_id=218 ]
10-31 01:45:50.788 13542 13542 D BoundBrokerSvc: onUnbind: Intent { act=com.google.android.gms.threadnetwork.service.firstparty.BorderRouterSyncBoundService.ACTION_TASK_READY dat=chimera-action:com.google.android.gms.threadnetwork.service.firstparty.BorderRouterSyncBoundService.ACTION_TASK_READY cmp=com.google.android.gms/.chimera.GmsInternalBoundBrokerService }
10-31 01:46:02.314 13542 13542 D BoundBrokerSvc: onUnbind: Intent { act=com.google.android.gms.facs.internal.service.START dat=chimera-action:com.google.android.gms.facs.internal.service.START cmp=com.google.android.gms/.chimera.GmsInternalApiService }
10-31 01:46:02.495 13542 13542 D BoundBrokerSvc: onUnbind: Intent { act=com.google.android.mdd.service.START dat=chimera-action:com.google.android.mdd.service.START cmp=com.google.android.gms/.chimera.GmsBoundBrokerService }
10-31 01:46:05.812 13542 13542 D BoundBrokerSvc: onUnbind: Intent { act=com.google.android.gms.mdns.service.START dat=chimera-action:com.google.android.gms.mdns.service.START cmp=com.google.android.gms/.chimera.GmsBoundBrokerService }
10-31 01:46:06.023   772   791 E BatteryStatsService: no controller energy info supplied
10-31 01:46:37.562   772   791 I chatty  : uid=1000(system) batterystats-sy identical 1 line
10-31 01:46:52.584   772   791 E BatteryStatsService: no controller energy info supplied
10-31 01:48:40.541   772   791 E BatteryStatsService: no controller energy info supplied
10-31 01:48:55.570   772   791 E BatteryStatsService: no controller energy info supplied
10-31 01:50:05.338   772   791 E BatteryStatsService: no controller energy info supplied
10-31 01:51:25.559  3960 27485 E WakeLock: GCM_HB_ALARM release without a matched acquire!
10-31 01:50:20.374   772   791 E BatteryStatsService: no controller energy info supplied
10-31 01:51:25.569   772   791 E BatteryStatsService: no controller energy info supplied
10-31 01:52:38.014   772   791 I chatty  : uid=1000(system) batterystats-sy identical 2 lines
10-31 01:52:53.062   772   791 E BatteryStatsService: no controller energy info supplied
10-31 01:54:28.505   772   791 E BatteryStatsService: no controller energy info supplied
10-31 01:57:15.698  3960 27485 E WakeLock: GCM_HB_ALARM release without a matched acquire!
10-31 01:54:43.522   772   791 E BatteryStatsService: no controller energy info supplied
10-31 01:57:15.715   772   791 E BatteryStatsService: no controller energy info supplied
10-31 01:57:30.880   772   791 E BatteryStatsService: no controller energy info supplied
10-31 02:00:03.358   772   791 E BatteryStatsService: no controller energy info supplied
10-31 02:00:18.400   772   791 E BatteryStatsService: no controller energy info supplied
10-31 02:02:40.651   772   791 E BatteryStatsService: no controller energy info supplied
10-31 02:03:05.841  3960 27490 E WakeLock: GCM_HB_ALARM release without a matched acquire!
10-31 02:03:05.854   772   791 I chatty  : uid=1000(system) batterystats-sy identical 2 lines
10-31 02:03:21.012   772   791 E BatteryStatsService: no controller energy info supplied
10-31 02:03:48.897   772   772 I ActivityManager: Start proc 27551:com.google.android.googlequicksearchbox:search/u0a45 for service com.google.android.googlequicksearchbox/com.google.android.apps.gsa.tasks.BackgroundTasksJobService
10-31 02:03:49.467 27551 27551 I MicroDetectionWorker: #initializeDataManager [recognitionLocale: en-US, isForced: false, initGHRecognizer: false]
10-31 02:03:49.480   772 13022 W ActivityManager: Unable to start service Intent { act=com.google.android.gms.speech.service.START pkg=com.google.android.gms } U=0: not found
10-31 02:03:49.482   772 13021 W ActivityManager: Unbind failed: could not find connection for android.os.BinderProxy@9b25c01
10-31 02:03:49.482 27551 27580 E GmsClient: unable to connect to service: com.google.android.gms.speech.service.START on com.google.android.gms
10-31 02:03:59.583 27551 27551 I MemoryTrimmer: Trimming objects from memory, since app is in the background.
10-31 02:04:06.456   772   791 E BatteryStatsService: no controller energy info supplied
10-31 02:05:02.882   772   791 I chatty  : uid=1000(system) batterystats-sy identical 2 lines
10-31 02:05:02.882   772   791 E BatteryStatsService: no controller energy info supplied
10-31 02:05:16.414   772   772 I EntropyMixer: Added HW RNG output to entropy pool
10-31 02:05:16.414   772   772 I EntropyMixer: Writing entropy...
10-31 02:05:46.603   772   787 I UsageStatsService: User[0] Flushing usage stats to disk
10-31 02:06:44.666   772   791 E BatteryStatsService: no controller energy info supplied
10-31 02:06:59.680   772   791 E BatteryStatsService: no controller energy info supplied
10-31 02:09:05.269   772   791 E BatteryStatsService: no controller energy info supplied
10-31 02:09:55.973  3960 27550 E WakeLock: GCM_HB_ALARM release without a matched acquire!
10-31 02:10:43.878   772   791 I chatty  : uid=1000(system) batterystats-sy identical 4 lines
10-31 02:10:58.935   772   791 E BatteryStatsService: no controller energy info supplied
10-31 02:13:13.381   772   791 E BatteryStatsService: no controller energy info supplied
10-31 02:13:28.423   772   791 E BatteryStatsService: no controller energy info supplied
10-31 02:14:38.687   772   791 E BatteryStatsService: no controller energy info supplied
10-31 02:16:52.900  3960 27550 E WakeLock: GCM_HB_ALARM release without a matched acquire!
10-31 02:14:53.706   772   791 E BatteryStatsService: no controller energy info supplied
10-31 02:16:52.917   772   791 E BatteryStatsService: no controller energy info supplied
10-31 02:16:53.149  3960 14435 V NativeCrypto: Read error: ssl=0x79e35fcc08: I/O error during system call, Connection reset by peer
10-31 02:16:53.155  3960 27550 V NativeCrypto: SSL shutdown failed: ssl=0x79e35fcc08: I/O error during system call, Broken pipe
10-31 02:16:53.157  3960 27550 E WakeLock: GCM_HB_ALARM release without a matched acquire!
10-31 02:16:53.157  3960 27550 W WakeLock: GCM_HB_ALARM counter does not exist
10-31 02:16:53.159   772 13022 D ConnectivityService: reportNetworkConnectivity(132, false) by 10020
10-31 02:16:53.160   772 25409 D NetworkMonitor/NetworkAgentInfo [WIFI () - 132]: Forcing reevaluation for UID 10020
10-31 02:16:53.215   772 27598 D NetworkMonitor/NetworkAgentInfo [WIFI () - 132]: PROBE_DNS www.google.com 52ms OK 2a00:1450:400e:811::2004,142.250.179.164
10-31 02:16:53.225   772 27599 D NetworkMonitor/NetworkAgentInfo [WIFI () - 132]: PROBE_DNS connectivitycheck.gstatic.com 61ms OK 2a00:1450:400e:800::2003,142.251.36.3
10-31 02:16:53.229  3960 14435 I qtaguid : Tagging socket -1 with tag 40700000000(1031) for uid -1 failed errno=-9
10-31 02:16:53.229  3960 14435 I NetworkManagementSocketTagger: tagSocketFd(-1, 1031, -1) failed with errno-9
10-31 02:16:53.266   772 27599 D NetworkMonitor/NetworkAgentInfo [WIFI () - 132]: PROBE_HTTP http://connectivitycheck.gstatic.com/generate_204 time=39ms ret=204 request={User-Agent=[Mozilla/5.0 (X11; Linux x86_64) AppleWebKit/537.36 (KHTML, like Gecko) Chrome/52.0.2743.82 Safari/537.36]} headers={null=[HTTP/1.1 204 No Content], Content-Length=[0], Cross-Origin-Resource-Policy=[cross-origin], Date=[Mon, 31 Oct 2022 01:16:51 GMT], X-Android-Received-Millis=[1667179013265], X-Android-Response-Source=[NETWORK 204], X-Android-Selected-Protocol=[http/1.1], X-Android-Sent-Millis=[1667179013246]}
10-31 02:16:53.340   772 27598 D NetworkMonitor/NetworkAgentInfo [WIFI () - 132]: PROBE_HTTPS https://www.google.com/generate_204 time=123ms ret=204 request={User-Agent=[Mozilla/5.0 (X11; Linux x86_64) AppleWebKit/537.36 (KHTML, like Gecko) Chrome/52.0.2743.82 Safari/537.36]} headers={null=[HTTP/1.1 204 No Content], Alt-Svc=[h3=":443"; ma=2592000,h3-29=":443"; ma=2592000,h3-Q050=":443"; ma=2592000,h3-Q046=":443"; ma=2592000,h3-Q043=":443"; ma=2592000,quic=":443"; ma=2592000; v="46,43"], Content-Length=[0], Cross-Origin-Resource-Policy=[cross-origin], Date=[Mon, 31 Oct 2022 01:16:51 GMT], X-Android-Received-Millis=[1667179013339], X-Android-Response-Source=[NETWORK 204], X-Android-Selected-Protocol=[http/1.1], X-Android-Sent-Millis=[1667179013306]}
10-31 02:16:53.342   772   862 D ConnectivityService: NetworkAgentInfo [WIFI () - 132] validation passed
10-31 02:16:53.342   772   788 W BroadcastQueue: Background execution not allowed: receiving Intent { act=android.net.conn.NETWORK_CONDITIONS_MEASURED flg=0x10 (has extras) } to com.google.android.gms/.chimera.GmsIntentOperationService$PersistentTrustedReceiver
10-31 02:17:03.359   772   857 W AlarmManager: Unrecognized alarm listener com.android.server.wifi.WifiConfigStore$1@36537b
10-31 02:17:03.384   772   857 D WifiConfigStore: Writing to stores completed in 24 ms.
10-31 02:17:08.413   772   791 E BatteryStatsService: no controller energy info supplied
10-31 02:20:53.472   772   791 E BatteryStatsService: no controller energy info supplied
10-31 02:23:43.384  3960 27550 E WakeLock: GCM_HB_ALARM release without a matched acquire!
10-31 02:22:17.030   772   791 I chatty  : uid=1000(system) batterystats-sy identical 4 lines
10-31 02:22:32.057   772   791 E BatteryStatsService: no controller energy info supplied
10-31 02:23:43.404   772   791 E BatteryStatsService: no controller energy info supplied
10-31 02:23:43.488  3960 27582 V NativeCrypto: Read error: ssl=0x7a0b01c688: I/O error during system call, Connection reset by peer
10-31 02:23:43.493  3960 27550 V NativeCrypto: SSL shutdown failed: ssl=0x7a0b01c688: I/O error during system call, Broken pipe
10-31 02:23:43.495  3960 27550 E WakeLock: GCM_HB_ALARM release without a matched acquire!
10-31 02:23:43.495  3960 27550 W WakeLock: GCM_HB_ALARM counter does not exist
10-31 02:23:43.497   772 13021 D ConnectivityService: reportNetworkConnectivity(132, false) by 10020
10-31 02:23:43.498   772 25409 D NetworkMonitor/NetworkAgentInfo [WIFI () - 132]: Forcing reevaluation for UID 10020
10-31 02:23:46.639   772 27619 D NetworkMonitor/NetworkAgentInfo [WIFI () - 132]: PROBE_DNS www.google.com 3136ms OK 2a00:1450:400e:811::2004,142.250.179.132
10-31 02:23:46.645   772 27620 D NetworkMonitor/NetworkAgentInfo [WIFI () - 132]: PROBE_DNS connectivitycheck.gstatic.com 3142ms OK 2a00:1450:400e:803::2003,142.251.39.99
10-31 02:23:46.646  3960 27582 I qtaguid : Tagging socket -1 with tag 40700000000(1031) for uid -1 failed errno=-9
10-31 02:23:46.646  3960 27582 I NetworkManagementSocketTagger: tagSocketFd(-1, 1031, -1) failed with errno-9
10-31 02:23:46.699   772 27620 D NetworkMonitor/NetworkAgentInfo [WIFI () - 132]: PROBE_HTTP http://connectivitycheck.gstatic.com/generate_204 time=49ms ret=204 request={User-Agent=[Mozilla/5.0 (X11; Linux x86_64) AppleWebKit/537.36 (KHTML, like Gecko) Chrome/52.0.2743.82 Safari/537.36]} headers={null=[HTTP/1.1 204 No Content], Content-Length=[0], Cross-Origin-Resource-Policy=[cross-origin], Date=[Mon, 31 Oct 2022 01:23:45 GMT], X-Android-Received-Millis=[1667179426699], X-Android-Response-Source=[NETWORK 204], X-Android-Selected-Protocol=[http/1.1], X-Android-Sent-Millis=[1667179426676]}
10-31 02:23:46.726   772 25409 D NetworkMonitor/NetworkAgentInfo [WIFI () - 132]: PROBE_FALLBACK http://play.googleapis.com/generate_204 time=217ms ret=204 request={User-Agent=[Mozilla/5.0 (X11; Linux x86_64) AppleWebKit/537.36 (KHTML, like Gecko) Chrome/52.0.2743.82 Safari/537.36]} headers={null=[HTTP/1.1 204 No Content], Content-Length=[0], Cross-Origin-Resource-Policy=[cross-origin], Date=[Mon, 31 Oct 2022 01:23:45 GMT], X-Android-Received-Millis=[1667179426725], X-Android-Response-Source=[NETWORK 204], X-Android-Selected-Protocol=[http/1.1], X-Android-Sent-Millis=[1667179426698]}
10-31 02:23:46.764   772 27619 D NetworkMonitor/NetworkAgentInfo [WIFI () - 132]: PROBE_HTTPS https://www.google.com/generate_204 time=121ms ret=204 request={User-Agent=[Mozilla/5.0 (X11; Linux x86_64) AppleWebKit/537.36 (KHTML, like Gecko) Chrome/52.0.2743.82 Safari/537.36]} headers={null=[HTTP/1.1 204 No Content], Alt-Svc=[h3=":443"; ma=2592000,h3-29=":443"; ma=2592000,h3-Q050=":443"; ma=2592000,h3-Q046=":443"; ma=2592000,h3-Q043=":443"; ma=2592000,quic=":443"; ma=2592000; v="46,43"], Content-Length=[0], Cross-Origin-Resource-Policy=[cross-origin], Date=[Mon, 31 Oct 2022 01:23:45 GMT], X-Android-Received-Millis=[1667179426763], X-Android-Response-Source=[NETWORK 204], X-Android-Selected-Protocol=[http/1.1], X-Android-Sent-Millis=[1667179426735]}
10-31 02:23:46.766   772   862 D ConnectivityService: NetworkAgentInfo [WIFI () - 132] validation passed
10-31 02:23:46.766   772   788 W BroadcastQueue: Background execution not allowed: receiving Intent { act=android.net.conn.NETWORK_CONDITIONS_MEASURED flg=0x10 (has extras) } to com.google.android.gms/.chimera.GmsIntentOperationService$PersistentTrustedReceiver
10-31 02:23:56.773   772   857 W AlarmManager: Unrecognized alarm listener com.android.server.wifi.WifiConfigStore$1@36537b
10-31 02:23:56.841   772   787 I ActivityManager: Start proc 27633:com.opera.browser/u0a99 for service com.opera.browser/com.opera.android.ping.SyncService
10-31 02:23:56.872  3960 27628 I NetworkScheduler.Stats: Task com.google.android.gms/com.google.android.gms.checkin.EventLogService started execution. cause:11 exec_start_elapsed_seconds: 1055491 [CONTEXT service_id=218 ]
10-31 02:23:56.893 13542 27493 I Checkin : [EventLogChimeraService] Opted in for usage reporting: false
10-31 02:23:56.893 13542 27493 I Checkin : [EventLogChimeraService] Aggregate from 1667177146101 (log), 1667177146101 (data)
10-31 02:23:56.915   772   857 D WifiConfigStore: Writing to stores completed in 142 ms.
10-31 02:23:56.956 27633 27633 I LoadedApk: No resource references to update in package com.opera.browser.nord_vpn
10-31 02:23:57.058 27551 27630 I WebViewFactory: Loading com.android.chrome version 106.0.5249.79 (code 524907923)
10-31 02:23:57.061   772   788 W BroadcastQueue: Background execution not allowed: receiving Intent { act=android.intent.action.DROPBOX_ENTRY_ADDED flg=0x10 (has extras) } to com.google.android.gms/.stats.service.DropBoxEntryAddedReceiver
10-31 02:23:57.065   772   788 W BroadcastQueue: Background execution not allowed: receiving Intent { act=android.intent.action.DROPBOX_ENTRY_ADDED flg=0x10 (has extras) } to com.google.android.gms/.chimera.GmsIntentOperationService$PersistentTrustedReceiver
10-31 02:23:57.096 27633 27663 W zygote  : Skipping duplicate class check due to unrecognized classloader
10-31 02:23:57.134 27633 27682 D NetworkSecurityConfig: Using Network Security Config from resource network_security_config_official_build debugBuild: false
10-31 02:23:57.150 13542 27493 I Checkin : [ServiceDumpSys] dumping service [account]
10-31 02:23:57.155 27551 27630 W linker  : "/data/app/com.android.chrome-6miXT7Rhe2HDjAcD6FuDPg==/base.apk!/lib/arm64-v8a/libmonochrome.so" unused DT entry: type 0x70000001 arg 0x0
10-31 02:23:57.165   772   788 W BroadcastQueue: Background execution not allowed: receiving Intent { act=android.intent.action.DROPBOX_ENTRY_ADDED flg=0x10 (has extras) } to com.google.android.gms/.stats.service.DropBoxEntryAddedReceiver
10-31 02:23:57.165   772   788 W BroadcastQueue: Background execution not allowed: receiving Intent { act=android.intent.action.DROPBOX_ENTRY_ADDED flg=0x10 (has extras) } to com.google.android.gms/.chimera.GmsIntentOperationService$PersistentTrustedReceiver
10-31 02:23:57.170  3960 27485 I NetworkScheduler.Stats: Task com.google.android.gms/com.google.android.gms.checkin.EventLogService finished executing. cause:11 result: 1 elapsed_millis: 324 uptime_millis: 324 exec_start_elapsed_seconds: 1055491 [CONTEXT service_id=218 ]
10-31 02:23:57.221 27633 27663 W zygote  : Skipping duplicate class check due to unrecognized classloader
10-31 02:23:57.224 27633 27633 I PlayCore: UID: [10099]  PID: [27633] SplitInstallHelper : Calling dispatchPackageBroadcast
10-31 02:23:57.225 27633 27633 I PlayCore: UID: [10099]  PID: [27633] SplitInstallHelper : Called dispatchPackageBroadcast
10-31 02:23:57.259  3960 27485 I NetworkScheduler.Stats: Task com.google.android.gms/com.google.android.gms.measurement.PackageMeasurementTaskService started execution. cause:5 exec_start_elapsed_seconds: 1055491 [CONTEXT service_id=218 ]
10-31 02:23:57.270 27551 27630 I zygote64: Rejecting re-init on previously-failed class java.lang.Class<Se2>: java.lang.NoClassDefFoundError: Failed resolution of: Landroid/webkit/PacProcessor;
10-31 02:23:57.270 27551 27630 I zygote64:   at java.lang.Class java.lang.Class.classForName(java.lang.String, boolean, java.lang.ClassLoader) (Class.java:-2)
10-31 02:23:57.270 27551 27630 I zygote64:   at java.lang.Class java.lang.Class.forName(java.lang.String, boolean, java.lang.ClassLoader) (Class.java:453)
10-31 02:23:57.270 27551 27630 I zygote64:   at java.lang.Class android.webkit.WebViewFactory.getWebViewProviderClass(java.lang.ClassLoader) (WebViewFactory.java:150)
10-31 02:23:57.270 27551 27630 I zygote64:   at java.lang.Class android.webkit.WebViewFactory.getProviderClass() (WebViewFactory.java:417)
10-31 02:23:57.270 27551 27630 I zygote64:   at android.webkit.WebViewFactoryProvider android.webkit.WebViewFactory.getProvider() (WebViewFactory.java:211)
10-31 02:23:57.270 27551 27630 I zygote64:   at android.webkit.CookieManager android.webkit.CookieManager.getInstance() (CookieManager.java:39)
10-31 02:23:57.270 27551 27630 I zygote64:   at boolean com.google.android.apps.gsa.search.core.q.a.a.o.Oq() (SourceFile:32)
10-31 02:23:57.270 27551 27630 I zygote64:   at com.google.android.apps.gsa.search.core.q.a.a com.google.android.apps.gsa.search.core.q.a.a.o.dE(java.lang.String) (SourceFile:86)
10-31 02:23:57.270 27551 27630 I zygote64:   at com.google.android.apps.gsa.search.core.q.a.a com.google.android.apps.gsa.search.core.q.a.a.o.dz(java.lang.String) (SourceFile:54)
10-31 02:23:57.270 27551 27630 I zygote64:   at boolean com.google.android.apps.gsa.search.core.google.u.a(android.net.Uri, java.util.Map) (SourceFile:11)
10-31 02:23:57.270 27551 27630 I zygote64:   at com.google.android.apps.gsa.search.shared.api.UriRequest com.google.android.apps.gsa.search.core.google.dc.a(com.google.android.apps.gsa.search.core.google.dd) (SourceFile:42)
10-31 02:23:57.270 27551 27630 I zygote64:   at com.google.android.apps.gsa.search.shared.api.UriRequest com.google.android.apps.gsa.search.core.google.cv.t(com.google.android.apps.gsa.shared.search.Query) (SourceFile:204)
10-31 02:23:57.270 27551 27630 I zygote64:   at com.google.android.apps.gsa.search.core.google.a.g com.google.android.apps.gsa.search.core.google.a.h.e(com.google.android.apps.gsa.shared.search.Query, boolean) (SourceFile:18)
10-31 02:23:57.270 27551 27630 I zygote64:   at com.google.android.apps.gsa.taskgraph.Done com.google.android.apps.gsa.searchbox.client.gsa.a.d.aiq() (SourceFile:15)
10-31 02:23:57.270 27551 27630 I zygote64:   at java.lang.Object com.google.android.apps.gsa.searchbox.client.gsa.a.d.call() (SourceFile:28)
10-31 02:23:57.270 27551 27630 I zygote64:   at void java.util.concurrent.FutureTask.run() (FutureTask.java:266)
10-31 02:23:57.270 27551 27630 I zygote64:   at void com.google.android.apps.gsa.shared.util.concurrent.a.ax.run() (SourceFile:14)
10-31 02:23:57.270 27551 27630 I zygote64:   at void com.google.android.apps.gsa.shared.util.concurrent.a.bl.run() (SourceFile:4)
10-31 02:23:57.272 27551 27630 I zygote64:   at void com.google.android.apps.gsa.shared.util.concurrent.a.bl.run() (SourceFile:4)
10-31 02:23:57.272 27551 27630 I zygote64:   at void java.util.concurrent.ThreadPoolExecutor.runWorker(java.util.concurrent.ThreadPoolExecutor$Worker) (ThreadPoolExecutor.java:1162)
10-31 02:23:57.272 27551 27630 I zygote64:   at void java.util.concurrent.ThreadPoolExecutor$Worker.run() (ThreadPoolExecutor.java:636)
10-31 02:23:57.272 27551 27630 I zygote64:   at void java.lang.Thread.run() (Thread.java:764)
10-31 02:23:57.272 27551 27630 I zygote64:   at void com.google.android.apps.gsa.shared.util.concurrent.a.ai.run() (SourceFile:6)
10-31 02:23:57.272 27551 27630 I zygote64: Caused by: java.lang.ClassNotFoundException: Didn't find class "android.webkit.PacProcessor" on path: DexPathList[[zip file "/data/app/com.android.chrome-6miXT7Rhe2HDjAcD6FuDPg==/base.apk"],nativeLibraryDirectories=[/data/app/com.android.chrome-6miXT7Rhe2HDjAcD6FuDPg==/lib/arm64, /data/app/com.android.chrome-6miXT7Rhe2HDjAcD6FuDPg==/base.apk!/lib/arm64-v8a, /system/lib64, /vendor/lib64]]
10-31 02:23:57.272 27551 27630 I zygote64:   at java.lang.Class dalvik.system.BaseDexClassLoader.findClass(java.lang.String) (BaseDexClassLoader.java:93)
10-31 02:23:57.272 27551 27630 I zygote64:   at java.lang.Class java.lang.ClassLoader.loadClass(java.lang.String, boolean) (ClassLoader.java:379)
10-31 02:23:57.272 27551 27630 I zygote64:   at java.lang.Class java.lang.ClassLoader.loadClass(java.lang.String) (ClassLoader.java:312)
10-31 02:23:57.272 27551 27630 I zygote64:   at java.lang.Class java.lang.Class.classForName(java.lang.String, boolean, java.lang.ClassLoader) (Class.java:-2)
10-31 02:23:57.272 27551 27630 I zygote64:   at java.lang.Class java.lang.Class.forName(java.lang.String, boolean, java.lang.ClassLoader) (Class.java:453)
10-31 02:23:57.272 27551 27630 I zygote64:   at java.lang.Class android.webkit.WebViewFactory.getWebViewProviderClass(java.lang.ClassLoader) (WebViewFactory.java:150)
10-31 02:23:57.272 27551 27630 I zygote64:   at java.lang.Class android.webkit.WebViewFactory.getProviderClass() (WebViewFactory.java:417)
10-31 02:23:57.272 27551 27630 I zygote64:   at android.webkit.WebViewFactoryProvider android.webkit.WebViewFactory.getProvider() (WebViewFactory.java:211)
10-31 02:23:57.272 27551 27630 I zygote64:   at android.webkit.CookieManager android.webkit.CookieManager.getInstance() (CookieManager.java:39)
10-31 02:23:57.272 27551 27630 I zygote64:   at boolean com.google.android.apps.gsa.search.core.q.a.a.o.Oq() (SourceFile:32)
10-31 02:23:57.272 27551 27630 I zygote64:   at com.google.android.apps.gsa.search.core.q.a.a com.google.android.apps.gsa.search.core.q.a.a.o.dE(java.lang.String) (SourceFile:86)
10-31 02:23:57.272 27551 27630 I zygote64:   at com.google.android.apps.gsa.search.core.q.a.a com.google.android.apps.gsa.search.core.q.a.a.o.dz(java.lang.String) (SourceFile:54)
10-31 02:23:57.272 27551 27630 I zygote64:   at boolean com.google.android.apps.gsa.search.core.google.u.a(android.net.Uri, java.util.Map) (SourceFile:11)
10-31 02:23:57.272 27551 27630 I zygote64:   at com.google.android.apps.gsa.search.shared.api.UriRequest com.google.android.apps.gsa.search.core.google.dc.a(com.google.android.apps.gsa.search.core.google.dd) (SourceFile:42)
10-31 02:23:57.272 27551 27630 I zygote64:   at com.google.android.apps.gsa.search.shared.api.UriRequest com.google.android.apps.gsa.search.core.google.cv.t(com.google.android.apps.gsa.shared.search.Query) (SourceFile:204)
10-31 02:23:57.272 27551 27630 I zygote64:   at com.google.android.apps.gsa.search.core.google.a.g com.google.android.apps.gsa.search.core.google.a.h.e(com.google.android.apps.gsa.shared.search.Query, boolean) (SourceFile:18)
10-31 02:23:57.272 27551 27630 I zygote64:   at com.google.android.apps.gsa.taskgraph.Done com.google.android.apps.gsa.searchbox.client.gsa.a.d.aiq() (SourceFile:15)
10-31 02:23:57.272 27551 27630 I zygote64:   at java.lang.Object com.google.android.apps.gsa.searchbox.client.gsa.a.d.call() (SourceFile:28)
10-31 02:23:57.272 27551 27630 I zygote64:   at void java.util.concurrent.FutureTask.run() (FutureTask.java:266)
10-31 02:23:57.272 27551 27630 I zygote64:   at void com.google.android.apps.gsa.shared.util.concurrent.a.ax.run() (SourceFile:14)
10-31 02:23:57.272 27551 27630 I zygote64:   at void com.google.android.apps.gsa.shared.util.concurrent.a.bl.run() (SourceFile:4)
10-31 02:23:57.272 27551 27630 I zygote64:   at void com.google.android.apps.gsa.shared.util.concurrent.a.bl.run() (SourceFile:4)
10-31 02:23:57.272 27551 27630 I zygote64:   at void java.util.concurrent.ThreadPoolExecutor.runWorker(java.util.concurrent.ThreadPoolExecutor$Worker) (ThreadPoolExecutor.java:1162)
10-31 02:23:57.272 27551 27630 I zygote64:   at void java.util.concurrent.ThreadPoolExecutor$Worker.run() (ThreadPoolExecutor.java:636)
10-31 02:23:57.272 27551 27630 I zygote64:   at void java.lang.Thread.run() (Thread.java:764)
10-31 02:23:57.272 27551 27630 I zygote64:   at void com.google.android.apps.gsa.shared.util.concurrent.a.ai.run() (SourceFile:6)
10-31 02:23:57.272 27551 27630 I zygote64: 
10-31 02:23:57.277 27551 27630 I zygote64: Rejecting re-init on previously-failed class java.lang.Class<Se2>: java.lang.NoClassDefFoundError: Failed resolution of: Landroid/webkit/PacProcessor;
10-31 02:23:57.277 27551 27630 I zygote64:   at java.lang.Class java.lang.Class.classForName(java.lang.String, boolean, java.lang.ClassLoader) (Class.java:-2)
10-31 02:23:57.277 27551 27630 I zygote64:   at java.lang.Class java.lang.Class.forName(java.lang.String, boolean, java.lang.ClassLoader) (Class.java:453)
10-31 02:23:57.277 27551 27630 I zygote64:   at java.lang.Class android.webkit.WebViewFactory.getWebViewProviderClass(java.lang.ClassLoader) (WebViewFactory.java:150)
10-31 02:23:57.277 27551 27630 I zygote64:   at java.lang.Class android.webkit.WebViewFactory.getProviderClass() (WebViewFactory.java:417)
10-31 02:23:57.277 27551 27630 I zygote64:   at android.webkit.WebViewFactoryProvider android.webkit.WebViewFactory.getProvider() (WebViewFactory.java:211)
10-31 02:23:57.277 27551 27630 I zygote64:   at android.webkit.CookieManager android.webkit.CookieManager.getInstance() (CookieManager.java:39)
10-31 02:23:57.277 27551 27630 I zygote64:   at boolean com.google.android.apps.gsa.search.core.q.a.a.o.Oq() (SourceFile:32)
10-31 02:23:57.277 27551 27630 I zygote64:   at com.google.android.apps.gsa.search.core.q.a.a com.google.android.apps.gsa.search.core.q.a.a.o.dE(java.lang.String) (SourceFile:86)
10-31 02:23:57.277 27551 27630 I zygote64:   at com.google.android.apps.gsa.search.core.q.a.a com.google.android.apps.gsa.search.core.q.a.a.o.dz(java.lang.String) (SourceFile:54)
10-31 02:23:57.277 27551 27630 I zygote64:   at boolean com.google.android.apps.gsa.search.core.google.u.a(android.net.Uri, java.util.Map) (SourceFile:11)
10-31 02:23:57.277 27551 27630 I zygote64:   at com.google.android.apps.gsa.search.shared.api.UriRequest com.google.android.apps.gsa.search.core.google.dc.a(com.google.android.apps.gsa.search.core.google.dd) (SourceFile:42)
10-31 02:23:57.277 27551 27630 I zygote64:   at com.google.android.apps.gsa.search.shared.api.UriRequest com.google.android.apps.gsa.search.core.google.cv.t(com.google.android.apps.gsa.shared.search.Query) (SourceFile:204)
10-31 02:23:57.277 27551 27630 I zygote64:   at com.google.android.apps.gsa.search.core.google.a.g com.google.android.apps.gsa.search.core.google.a.h.e(com.google.android.apps.gsa.shared.search.Query, boolean) (SourceFile:18)
10-31 02:23:57.277 27551 27630 I zygote64:   at com.google.android.apps.gsa.taskgraph.Done com.google.android.apps.gsa.searchbox.client.gsa.a.d.aiq() (SourceFile:15)
10-31 02:23:57.277 27551 27630 I zygote64:   at java.lang.Object com.google.android.apps.gsa.searchbox.client.gsa.a.d.call() (SourceFile:28)
10-31 02:23:57.277 27551 27630 I zygote64:   at void java.util.concurrent.FutureTask.run() (FutureTask.java:266)
10-31 02:23:57.277 27551 27630 I zygote64:   at void com.google.android.apps.gsa.shared.util.concurrent.a.ax.run() (SourceFile:14)
10-31 02:23:57.277 27551 27630 I zygote64:   at void com.google.android.apps.gsa.shared.util.concurrent.a.bl.run() (SourceFile:4)
10-31 02:23:57.277 27551 27630 I zygote64:   at void com.google.android.apps.gsa.shared.util.concurrent.a.bl.run() (SourceFile:4)
10-31 02:23:57.277 27551 27630 I zygote64:   at void java.util.concurrent.ThreadPoolExecutor.runWorker(java.util.concurrent.ThreadPoolExecutor$Worker) (ThreadPoolExecutor.java:1162)
10-31 02:23:57.277 27551 27630 I zygote64:   at void java.util.concurrent.ThreadPoolExecutor$Worker.run() (ThreadPoolExecutor.java:636)
10-31 02:23:57.277 27551 27630 I zygote64:   at void java.lang.Thread.run() (Thread.java:764)
10-31 02:23:57.277 27551 27630 I zygote64:   at void com.google.android.apps.gsa.shared.util.concurrent.a.ai.run() (SourceFile:6)
10-31 02:23:57.277 27551 27630 I zygote64: Caused by: java.lang.ClassNotFoundException: Didn't find class "android.webkit.PacProcessor" on path: DexPathList[[zip file "/data/app/com.android.chrome-6miXT7Rhe2HDjAcD6FuDPg==/base.apk"],nativeLibraryDirectories=[/data/app/com.android.chrome-6miXT7Rhe2HDjAcD6FuDPg==/lib/arm64, /data/app/com.android.chrome-6miXT7Rhe2HDjAcD6FuDPg==/base.apk!/lib/arm64-v8a, /system/lib64, /vendor/lib64]]
10-31 02:23:57.277 27551 27630 I zygote64:   at java.lang.Class dalvik.system.BaseDexClassLoader.findClass(java.lang.String) (BaseDexClassLoader.java:93)
10-31 02:23:57.277 27551 27630 I zygote64:   at java.lang.Class java.lang.ClassLoader.loadClass(java.lang.String, boolean) (ClassLoader.java:379)
10-31 02:23:57.278 27551 27630 I zygote64:   at java.lang.Class java.lang.ClassLoader.loadClass(java.lang.String) (ClassLoader.java:312)
10-31 02:23:57.278 27551 27630 I zygote64:   at java.lang.Class java.lang.Class.classForName(java.lang.String, boolean, java.lang.ClassLoader) (Class.java:-2)
10-31 02:23:57.278 27551 27630 I zygote64:   at java.lang.Class java.lang.Class.forName(java.lang.String, boolean, java.lang.ClassLoader) (Class.java:453)
10-31 02:23:57.278 27551 27630 I zygote64:   at java.lang.Class android.webkit.WebViewFactory.getWebViewProviderClass(java.lang.ClassLoader) (WebViewFactory.java:150)
10-31 02:23:57.278 27551 27630 I zygote64:   at java.lang.Class android.webkit.WebViewFactory.getProviderClass() (WebViewFactory.java:417)
10-31 02:23:57.278 27551 27630 I zygote64:   at android.webkit.WebViewFactoryProvider android.webkit.WebViewFactory.getProvider() (WebViewFactory.java:211)
10-31 02:23:57.278 27551 27630 I zygote64:   at android.webkit.CookieManager android.webkit.CookieManager.getInstance() (CookieManager.java:39)
10-31 02:23:57.278 27551 27630 I zygote64:   at boolean com.google.android.apps.gsa.search.core.q.a.a.o.Oq() (SourceFile:32)
10-31 02:23:57.278 27551 27630 I zygote64:   at com.google.android.apps.gsa.search.core.q.a.a com.google.android.apps.gsa.search.core.q.a.a.o.dE(java.lang.String) (SourceFile:86)
10-31 02:23:57.278 27551 27630 I zygote64:   at com.google.android.apps.gsa.search.core.q.a.a com.google.android.apps.gsa.search.core.q.a.a.o.dz(java.lang.String) (SourceFile:54)
10-31 02:23:57.278 27551 27630 I zygote64:   at boolean com.google.android.apps.gsa.search.core.google.u.a(android.net.Uri, java.util.Map) (SourceFile:11)
10-31 02:23:57.278 27551 27630 I zygote64:   at com.google.android.apps.gsa.search.shared.api.UriRequest com.google.android.apps.gsa.search.core.google.dc.a(com.google.android.apps.gsa.search.core.google.dd) (SourceFile:42)
10-31 02:23:57.278 27551 27630 I zygote64:   at com.google.android.apps.gsa.search.shared.api.UriRequest com.google.android.apps.gsa.search.core.google.cv.t(com.google.android.apps.gsa.shared.search.Query) (SourceFile:204)
10-31 02:23:57.278 27551 27630 I zygote64:   at com.google.android.apps.gsa.search.core.google.a.g com.google.android.apps.gsa.search.core.google.a.h.e(com.google.android.apps.gsa.shared.search.Query, boolean) (SourceFile:18)
10-31 02:23:57.278 27551 27630 I zygote64:   at com.google.android.apps.gsa.taskgraph.Done com.google.android.apps.gsa.searchbox.client.gsa.a.d.aiq() (SourceFile:15)
10-31 02:23:57.278 27551 27630 I zygote64:   at java.lang.Object com.google.android.apps.gsa.searchbox.client.gsa.a.d.call() (SourceFile:28)
10-31 02:23:57.278 27551 27630 I zygote64:   at void java.util.concurrent.FutureTask.run() (FutureTask.java:266)
10-31 02:23:57.278 27551 27630 I zygote64:   at void com.google.android.apps.gsa.shared.util.concurrent.a.ax.run() (SourceFile:14)
10-31 02:23:57.278 27551 27630 I zygote64:   at void com.google.android.apps.gsa.shared.util.concurrent.a.bl.run() (SourceFile:4)
10-31 02:23:57.278 27551 27630 I zygote64:   at void com.google.android.apps.gsa.shared.util.concurrent.a.bl.run() (SourceFile:4)
10-31 02:23:57.278 27551 27630 I zygote64:   at void java.util.concurrent.ThreadPoolExecutor.runWorker(java.util.concurrent.ThreadPoolExecutor$Worker) (ThreadPoolExecutor.java:1162)
10-31 02:23:57.278 27551 27630 I zygote64:   at void java.util.concurrent.ThreadPoolExecutor$Worker.run() (ThreadPoolExecutor.java:636)
10-31 02:23:57.278 27551 27630 I zygote64:   at void java.lang.Thread.run() (Thread.java:764)
10-31 02:23:57.278 27551 27630 I zygote64:   at void com.google.android.apps.gsa.shared.util.concurrent.a.ai.run() (SourceFile:6)
10-31 02:23:57.278 27551 27630 I zygote64: 
10-31 02:23:57.278 27551 27630 I zygote64: Rejecting re-init on previously-failed class java.lang.Class<Se2>: java.lang.NoClassDefFoundError: Failed resolution of: Landroid/webkit/PacProcessor;
10-31 02:23:57.278 27551 27630 I zygote64:   at java.lang.Class java.lang.Class.classForName(java.lang.String, boolean, java.lang.ClassLoader) (Class.java:-2)
10-31 02:23:57.286 27551 27630 I zygote64:   at java.lang.Class java.lang.Class.forName(java.lang.String, boolean, java.lang.ClassLoader) (Class.java:453)
10-31 02:23:57.286 27551 27630 I zygote64:   at java.lang.Class android.webkit.WebViewFactory.getWebViewProviderClass(java.lang.ClassLoader) (WebViewFactory.java:150)
10-31 02:23:57.286 27551 27630 I zygote64:   at java.lang.Class android.webkit.WebViewFactory.getProviderClass() (WebViewFactory.java:417)
10-31 02:23:57.286 27551 27630 I zygote64:   at android.webkit.WebViewFactoryProvider android.webkit.WebViewFactory.getProvider() (WebViewFactory.java:211)
10-31 02:23:57.286 27551 27630 I zygote64:   at android.webkit.CookieManager android.webkit.CookieManager.getInstance() (CookieManager.java:39)
10-31 02:23:57.286 27551 27630 I zygote64:   at boolean com.google.android.apps.gsa.search.core.q.a.a.o.Oq() (SourceFile:32)
10-31 02:23:57.286 27551 27630 I zygote64:   at com.google.android.apps.gsa.search.core.q.a.a com.google.android.apps.gsa.search.core.q.a.a.o.dE(java.lang.String) (SourceFile:86)
10-31 02:23:57.286 27551 27630 I zygote64:   at com.google.android.apps.gsa.search.core.q.a.a com.google.android.apps.gsa.search.core.q.a.a.o.dz(java.lang.String) (SourceFile:54)
10-31 02:23:57.286 27551 27630 I zygote64:   at boolean com.google.android.apps.gsa.search.core.google.u.a(android.net.Uri, java.util.Map) (SourceFile:11)
10-31 02:23:57.286 27551 27630 I zygote64:   at com.google.android.apps.gsa.search.shared.api.UriRequest com.google.android.apps.gsa.search.core.google.dc.a(com.google.android.apps.gsa.search.core.google.dd) (SourceFile:42)
10-31 02:23:57.286 27551 27630 I zygote64:   at com.google.android.apps.gsa.search.shared.api.UriRequest com.google.android.apps.gsa.search.core.google.cv.t(com.google.android.apps.gsa.shared.search.Query) (SourceFile:204)
10-31 02:23:57.286 27551 27630 I zygote64:   at com.google.android.apps.gsa.search.core.google.a.g com.google.android.apps.gsa.search.core.google.a.h.e(com.google.android.apps.gsa.shared.search.Query, boolean) (SourceFile:18)
10-31 02:23:57.286 27551 27630 I zygote64:   at com.google.android.apps.gsa.taskgraph.Done com.google.android.apps.gsa.searchbox.client.gsa.a.d.aiq() (SourceFile:15)
10-31 02:23:57.286 27551 27630 I zygote64:   at java.lang.Object com.google.android.apps.gsa.searchbox.client.gsa.a.d.call() (SourceFile:28)
10-31 02:23:57.286 27551 27630 I zygote64:   at void java.util.concurrent.FutureTask.run() (FutureTask.java:266)
10-31 02:23:57.286 27551 27630 I zygote64:   at void com.google.android.apps.gsa.shared.util.concurrent.a.ax.run() (SourceFile:14)
10-31 02:23:57.286 27551 27630 I zygote64:   at void com.google.android.apps.gsa.shared.util.concurrent.a.bl.run() (SourceFile:4)
