10-30 22:32:16.428   372   376 E QC-time-services: Receive Passed == base = 13, unit = 1, operation = 2, result = 0
10-30 22:32:16.428   372   376 D DrmLibTime: QSEE Time Listener: ATS_MODEM is not set. Fallback to Android system time.
10-30 22:32:16.428   372   376 D DrmLibTime: QSEE Time Listener: Retrieved Android system time: 1667165536
10-30 22:32:16.428   372   376 D DrmLibTime: time_getutcsec returns 0, sec = 1667165536; nsec = 0
10-30 22:32:16.428   372   376 D DrmLibTime: time_getutcsec finished! 
10-30 22:32:16.428   372   376 D DrmLibTime: iotcl_continue_command finished! and return 0 
10-30 22:32:16.428   372   376 D DrmLibTime: before calling ioctl to read the next time_cmd
10-30 22:32:16.428   625   647 E QC-time-services: Daemon: Time-services: Waiting to acceptconnection
10-30 22:32:16.556   772  4540 I ActivityManager: Start proc 19102:com.opera.browser:sandboxed_process0/u0a99 for service com.opera.browser/com.opera.android.browser.chromium.services.SandboxedProcessService0
10-30 22:32:16.584  3960 19110 W NetworkScheduler: Error inserting period=702000 preferred_charging_state=1 preferred_network_type=1 target_class=com.google.android.gms.measurement.PackageMeasurementTaskService required_network_type=0 runtime=1667165536576 required_idleness_state=0 source=16 service_kind=0 target_package=com.google.android.gms persistence_level=1 source_version=223616000 last_runtime=0 user_id=0 job_id=-1 requires_charging=0 tag=Measurement.PackageMeasurementTaskService.UPLOAD_TASK_TAG flex_time=350000 task_type=0 retry_strategy={"maximum_backoff_seconds":{"3600":0},"initial_backoff_seconds":{"30":0},"retry_policy":{"0":0}} [CONTEXT service_id=218 ]
10-30 22:32:16.584  3960 19110 W NetworkScheduler: android.database.sqlite.SQLiteConstraintException: UNIQUE constraint failed: pending_ops.tag, pending_ops.target_class, pending_ops.target_package, pending_ops.user_id (code 2067)
10-30 22:32:16.584  3960 19110 W NetworkScheduler: 	at android.database.sqlite.SQLiteConnection.nativeExecuteForLastInsertedRowId(Native Method)
10-30 22:32:16.584  3960 19110 W NetworkScheduler: 	at android.database.sqlite.SQLiteConnection.executeForLastInsertedRowId(SQLiteConnection.java:782)
10-30 22:32:16.584  3960 19110 W NetworkScheduler: 	at android.database.sqlite.SQLiteSession.executeForLastInsertedRowId(SQLiteSession.java:788)
10-30 22:32:16.584  3960 19110 W NetworkScheduler: 	at android.database.sqlite.SQLiteStatement.executeInsert(SQLiteStatement.java:86)
10-30 22:32:16.584  3960 19110 W NetworkScheduler: 	at android.database.sqlite.SQLiteDatabase.insertWithOnConflict(SQLiteDatabase.java:1474)
10-30 22:32:16.584  3960 19110 W NetworkScheduler: 	at android.database.sqlite.SQLiteDatabase.insertOrThrow(SQLiteDatabase.java:1369)
10-30 22:32:16.584  3960 19110 W NetworkScheduler: 	at biel.g(:com.google.android.gms@223616019@22.36.16 (040400-476895098):52)
10-30 22:32:16.584  3960 19110 W NetworkScheduler: 	at bide.n(:com.google.android.gms@223616019@22.36.16 (040400-476895098):3)
10-30 22:32:16.584  3960 19110 W NetworkScheduler: 	at bide.u(:com.google.android.gms@223616019@22.36.16 (040400-476895098):20)
10-30 22:32:16.584  3960 19110 W NetworkScheduler: 	at bide.h(:com.google.android.gms@223616019@22.36.16 (040400-476895098):3)
10-30 22:32:16.584  3960 19110 W NetworkScheduler: 	at bhyv.run(:com.google.android.gms@223616019@22.36.16 (040400-476895098):9)
10-30 22:32:16.584  3960 19110 W NetworkScheduler: 	at aarl.c(:com.google.android.gms@223616019@22.36.16 (040400-476895098):6)
10-30 22:32:16.584  3960 19110 W NetworkScheduler: 	at aarl.run(:com.google.android.gms@223616019@22.36.16 (040400-476895098):7)
10-30 22:32:16.584  3960 19110 W NetworkScheduler: 	at java.util.concurrent.ThreadPoolExecutor.runWorker(ThreadPoolExecutor.java:1162)
10-30 22:32:16.584  3960 19110 W NetworkScheduler: 	at java.util.concurrent.ThreadPoolExecutor$Worker.run(ThreadPoolExecutor.java:636)
10-30 22:32:16.584  3960 19110 W NetworkScheduler: 	at aaws.run(:com.google.android.gms@223616019@22.36.16 (040400-476895098):0)
10-30 22:32:16.584  3960 19110 W NetworkScheduler: 	at java.lang.Thread.run(Thread.java:764)
10-30 22:32:16.646 19102 19102 I LoadedApk: No resource references to update in package com.opera.browser.nord_vpn
10-30 22:32:16.673 18625 19046 I zygote  : Deoptimizing void um4.d4(nm0, long) due to JIT inline cache
10-30 22:32:16.751   361   361 W /system/bin/hwservicemanager: getTransportFromManifest: Cannot find entry android.hardware.graphics.mapper@2.0::IMapper in either framework or device manifest, using default transport.
10-30 22:32:16.755 18765 18792 I vndksupport: sphal namespace is not configured for this process. Loading /vendor/lib/hw/gralloc.msm8992.so from the current namespace instead.
10-30 22:32:16.832  3960  6244 I FontLog : Received query name=Google Sans&weight=700&besteffort=false, URI content://com.google.android.gms.fonts [CONTEXT service_id=132 ]
10-30 22:32:16.834  3960  6244 I FontLog : Query [name=Google Sans&weight=700&besteffort=false] resolved to {Google Sans, wdth 100.0, wght 700, ital 0.0, bestEffort false} [CONTEXT service_id=132 ]
10-30 22:32:16.840  3960  6244 I FontLog : Fetch {Google Sans, wdth 100.0, wght 700, ital 0.0, bestEffort false} end status Status{statusCode=SUCCESS, resolution=null} [CONTEXT service_id=132 ]
10-30 22:32:16.844  3960  4151 I FontLog : Pulling font file for id = 976, cache size = 9 [CONTEXT service_id=132 ]
10-30 22:32:16.849  3960  3971 I FontLog : Received query name=Noto Color Emoji Compat&weight=400&besteffort=false, URI content://com.google.android.gms.fonts [CONTEXT service_id=132 ]
10-30 22:32:16.850  3960  3971 I FontLog : Query [name=Noto Color Emoji Compat&weight=400&besteffort=false] resolved to {Noto Color Emoji Compat, wdth 100.0, wght 400, ital 0.0, bestEffort false} [CONTEXT service_id=132 ]
10-30 22:32:16.852  3960  3971 I FontLog : Fetch {Noto Color Emoji Compat, wdth 100.0, wght 400, ital 0.0, bestEffort false} end status Status{statusCode=SUCCESS, resolution=null} [CONTEXT service_id=132 ]
10-30 22:32:16.858  3960  6244 I FontLog : Pulling font file for id = 977, cache size = 10 [CONTEXT service_id=132 ]
10-30 22:32:16.864 18625 18635 I zygote  : Background concurrent copying GC freed 74182(4MB) AllocSpace objects, 36(1496KB) LOS objects, 49% free, 7MB/14MB, paused 975us total 119.488ms
10-30 22:32:16.871  3960  3972 I FontLog : Received query name=Google Sans&weight=400&besteffort=false, URI content://com.google.android.gms.fonts [CONTEXT service_id=132 ]
10-30 22:32:16.872  3960  3972 I FontLog : Query [name=Google Sans&weight=400&besteffort=false] resolved to {Google Sans, wdth 100.0, wght 400, ital 0.0, bestEffort false} [CONTEXT service_id=132 ]
10-30 22:32:16.874  3960  3972 I FontLog : Font PFD returned from cache for {Google Sans, wdth 100.0, wght 400, ital 0.0, bestEffort false} [CONTEXT service_id=132 ]
10-30 22:32:16.874  3960  3972 I FontLog : Fetch {Google Sans, wdth 100.0, wght 400, ital 0.0, bestEffort false} end status Status{statusCode=SUCCESS, resolution=null} [CONTEXT service_id=132 ]
10-30 22:32:16.886  3960  4245 I FontLog : Pulling font file for id = 978, cache size = 9 [CONTEXT service_id=132 ]
10-30 22:32:16.910  3960  6244 I FontLog : Received query name=Google Sans&weight=500&besteffort=false, URI content://com.google.android.gms.fonts [CONTEXT service_id=132 ]
10-30 22:32:16.910  3960  6244 I FontLog : Query [name=Google Sans&weight=500&besteffort=false] resolved to {Google Sans, wdth 100.0, wght 500, ital 0.0, bestEffort false} [CONTEXT service_id=132 ]
10-30 22:32:16.912  3960  6244 I FontLog : Font PFD returned from cache for {Google Sans, wdth 100.0, wght 500, ital 0.0, bestEffort false} [CONTEXT service_id=132 ]
10-30 22:32:16.912  3960  6244 I FontLog : Fetch {Google Sans, wdth 100.0, wght 500, ital 0.0, bestEffort false} end status Status{statusCode=SUCCESS, resolution=null} [CONTEXT service_id=132 ]
10-30 22:32:16.924  3960  4151 I FontLog : Pulling font file for id = 979, cache size = 10 [CONTEXT service_id=132 ]
10-30 22:32:17.072   423   423 D SurfaceFlinger: duplicate layer name: changing com.opera.browser/com.opera.android.BrowserActivity to com.opera.browser/com.opera.android.BrowserActivity#1
10-30 22:32:17.115 18625 18625 I zygote  : Deoptimizing boolean p73.a(java.util.Collection, java.util.Iterator) due to JIT same target
10-30 22:32:17.135 18625 18630 I zygote  : Do partial code cache collection, code=507KB, data=350KB
10-30 22:32:17.142 18625 18630 I zygote  : After code cache collection, code=498KB, data=345KB
10-30 22:32:17.142 18625 18630 I zygote  : Increasing code cache capacity to 2MB
10-30 22:32:17.303 18625 18625 I zygote  : Deoptimizing void yn3.<init>(yn3$b) due to JIT inline cache
10-30 22:32:17.356 18625 18635 I zygote  : Background concurrent copying GC freed 120943(5MB) AllocSpace objects, 31(1588KB) LOS objects, 49% free, 10MB/20MB, paused 2.742ms total 141.675ms
10-30 22:32:17.835 18625 18637 I vndksupport: sphal namespace is not configured for this process. Loading libutils.so from the current namespace instead.
10-30 22:32:17.835 18765 18779 I vndksupport: sphal namespace is not configured for this process. Loading libutils.so from the current namespace instead.
10-30 22:32:17.835 19102 19117 I vndksupport: sphal namespace is not configured for this process. Loading libutils.so from the current namespace instead.
10-30 22:32:17.848   556   687 E Parcel  : Reading a NULL string not supported here.
10-30 22:32:17.848   556   687 W Parcel  : **** enforceInterface() expected 'IAAudioService' but read ''
10-30 22:32:17.849   360   360 E SELinux : avc:  denied  { find } for service=android.service.gatekeeper.IGateKeeperService pid=19156 uid=2000 scontext=u:r:shell:s0 tcontext=u:object_r:gatekeeper_service:s0 tclass=service_manager
10-30 22:32:17.850   360   360 E SELinux : avc:  denied  { find } for service=netd pid=19156 uid=2000 scontext=u:r:shell:s0 tcontext=u:object_r:netd_service:s0 tclass=service_manager
10-30 22:32:17.853 19156 19156 W atrace  : type=1400 audit(0.0:10956): avc: denied { call } for scontext=u:r:shell:s0 tcontext=u:r:wificond:s0 tclass=binder permissive=0
10-30 22:32:17.857   360   360 E SELinux : avc:  denied  { find } for service=installd pid=19156 uid=2000 scontext=u:r:shell:s0 tcontext=u:object_r:installd_service:s0 tclass=service_manager
10-30 22:32:17.862   361   361 E SELinux : avc:  denied  { find } for interface=android.frameworks.displayservice::IDisplayService pid=19156 scontext=u:r:shell:s0 tcontext=u:object_r:fwk_display_hwservice:s0 tclass=hwservice_manager
10-30 22:32:17.862   361   361 E SELinux : avc:  denied  { find } for interface=android.frameworks.schedulerservice::ISchedulingPolicyService pid=19156 scontext=u:r:shell:s0 tcontext=u:object_r:fwk_scheduler_hwservice:s0 tclass=hwservice_manager
10-30 22:32:17.863   361   361 E SELinux : avc:  denied  { find } for interface=android.frameworks.sensorservice::ISensorManager pid=19156 scontext=u:r:shell:s0 tcontext=u:object_r:fwk_sensor_hwservice:s0 tclass=hwservice_manager
10-30 22:32:17.864   361   361 E SELinux : avc:  denied  { find } for interface=android.hardware.biometrics.fingerprint::IBiometricsFingerprint pid=19156 scontext=u:r:shell:s0 tcontext=u:object_r:hal_fingerprint_hwservice:s0 tclass=hwservice_manager
10-30 22:32:17.866   361   361 E SELinux : avc:  denied  { find } for interface=android.hardware.dumpstate::IDumpstateDevice pid=19156 scontext=u:r:shell:s0 tcontext=u:object_r:hal_dumpstate_hwservice:s0 tclass=hwservice_manager
10-30 22:32:17.868   361   361 E SELinux : avc:  denied  { find } for interface=android.hardware.radio.deprecated::IOemHook pid=19156 scontext=u:r:shell:s0 tcontext=u:object_r:hal_telephony_hwservice:s0 tclass=hwservice_manager
10-30 22:32:17.868   361   361 E SELinux : avc:  denied  { find } for interface=android.hardware.radio::IRadio pid=19156 scontext=u:r:shell:s0 tcontext=u:object_r:hal_telephony_hwservice:s0 tclass=hwservice_manager
10-30 22:32:17.870   361   361 E SELinux : avc:  denied  { find } for interface=android.hardware.radio::ISap pid=19156 scontext=u:r:shell:s0 tcontext=u:object_r:hal_telephony_hwservice:s0 tclass=hwservice_manager
10-30 22:32:17.871   361   361 E SELinux : avc:  denied  { find } for interface=android.hardware.usb::IUsb pid=19156 scontext=u:r:shell:s0 tcontext=u:object_r:hal_usb_hwservice:s0 tclass=hwservice_manager
10-30 22:32:17.871   361   361 E SELinux : avc:  denied  { find } for interface=android.hardware.wifi.supplicant::ISupplicant pid=19156 scontext=u:r:shell:s0 tcontext=u:object_r:hal_wifi_supplicant_hwservice:s0 tclass=hwservice_manager
10-30 22:32:17.872   361   361 E SELinux : avc:  denied  { find } for interface=android.hardware.wifi::IWifi pid=19156 scontext=u:r:shell:s0 tcontext=u:object_r:hal_wifi_hwservice:s0 tclass=hwservice_manager
10-30 22:32:17.873   361   361 E SELinux : avc:  denied  { find } for interface=android.hidl.base::IBase pid=19156 scontext=u:r:shell:s0 tcontext=u:object_r:hidl_base_hwservice:s0 tclass=hwservice_manager
10-30 22:32:17.873   361   361 I chatty  : uid=1000(system) hwservicemanage identical 1 line
10-30 22:32:17.874   361   361 E SELinux : avc:  denied  { find } for interface=android.hidl.base::IBase pid=19156 scontext=u:r:shell:s0 tcontext=u:object_r:hidl_base_hwservice:s0 tclass=hwservice_manager
10-30 22:32:17.876   361   361 E SELinux : avc:  denied  { find } for interface=android.system.wifi.keystore::IKeystore pid=19156 scontext=u:r:shell:s0 tcontext=u:object_r:system_wifi_keystore_hwservice:s0 tclass=hwservice_manager
10-30 22:32:19.923 18625 18625 I zygote  : Deoptimizing int zd3.b(android.view.View) due to JIT inline cache
10-30 22:32:26.586 13542 13542 D BoundBrokerSvc: onUnbind: Intent { act=com.google.android.gms.measurement.START pkg=com.google.android.gms }
10-30 22:33:04.455   772  3854 D WificondControl: Scan result ready event
10-30 22:33:04.516  3960  4244 I ChimeraSrvcProxy: NullBinder for android.net.action.RECOMMEND_NETWORKS triggering remote TransactionTooLargeException due to Service without Chimera impl
10-30 22:33:21.967   772   785 I ActivityManager: Force stopping com.opera.browser appid=10099 user=0: from pid 19222
10-30 22:33:21.968   772   785 I ActivityManager: Killing 18765:com.opera.browser:privileged_process0/u0a99 (adj 0): stop com.opera.browser
10-30 22:33:21.968   772   785 W ActivityManager: Scheduling restart of crashed service com.opera.browser/com.opera.android.browser.chromium.services.PrivilegedProcessService0 in 1000ms
10-30 22:33:21.988   772   785 I ActivityManager: Killing 18625:com.opera.browser/u0a99 (adj 0): stop com.opera.browser
10-30 22:33:21.993   772   785 W ActivityManager: Force removing ActivityRecord{9e7b73c u0 com.opera.browser/com.opera.android.BrowserActivity t617}: app died, no saved state
10-30 22:33:22.005 19102 19102 I zygote  : System.exit called, status: 0
10-30 22:33:22.005 19102 19102 I AndroidRuntime: VM exiting with result code 0, cleanup skipped.
10-30 22:33:22.050   772  3086 I OpenGLRenderer: Initialized EGL, version 1.4
10-30 22:33:22.050   772  3086 D OpenGLRenderer: Swap behavior 2
10-30 22:33:22.064   772   785 I ActivityManager: Killing 19102:com.opera.browser:sandboxed_process0/u0a99 (adj 0): stop com.opera.browser
10-30 22:33:22.087  1311  1311 D CarrierSvcBindHelper: No carrier app for: 0
10-30 22:33:22.098  2964  2964 D RegisteredNfcFServicesCache: Service unchanged, not updating
10-30 22:33:22.102   772  2969 D WindowManager: relayoutVisibleWindow: Window{87fb20c u0 com.google.android.googlequicksearchbox/com.google.android.launcher.GEL EXITING} mAnimatingExit=true, mRemoveOnExit=false, mDestroying=true
10-30 22:33:22.115   772   845 W InputDispatcher: channel '84c6c17 com.opera.browser/com.opera.android.BrowserActivity (server)' ~ Consumer closed input channel or an error occurred.  events=0x9
10-30 22:33:22.115   772  1259 D ConnectivityService: ConnectivityService NetworkRequestInfo binderDied(NetworkRequest [ LISTEN id=1471, [ Capabilities: INTERNET&NOT_RESTRICTED&TRUSTED&FOREGROUND] ], android.os.BinderProxy@c09984)
10-30 22:33:22.115   772   845 E InputDispatcher: channel '84c6c17 com.opera.browser/com.opera.android.BrowserActivity (server)' ~ Channel is unrecoverably broken and will be disposed!
10-30 22:33:22.115   772 10893 D ConnectivityService: ConnectivityService NetworkRequestInfo binderDied(NetworkRequest [ LISTEN id=1470, [ Capabilities: INTERNET&NOT_RESTRICTED&TRUSTED&FOREGROUND] ], android.os.BinderProxy@dfc56d)
10-30 22:33:22.116   772   845 W InputDispatcher: channel '6d33663 com.opera.browser/com.opera.android.BrowserActivity (server)' ~ Consumer closed input channel or an error occurred.  events=0x9
10-30 22:33:22.116   772   845 E InputDispatcher: channel '6d33663 com.opera.browser/com.opera.android.BrowserActivity (server)' ~ Channel is unrecoverably broken and will be disposed!
10-30 22:33:22.116   772   862 E ConnectivityService: RemoteException caught trying to send a callback msg for NetworkRequest [ LISTEN id=1471, [ Capabilities: INTERNET&NOT_RESTRICTED&TRUSTED&FOREGROUND] ]
10-30 22:33:22.117   772   862 E ConnectivityService: RemoteException caught trying to send a callback msg for NetworkRequest [ LISTEN id=1470, [ Capabilities: INTERNET&NOT_RESTRICTED&TRUSTED&FOREGROUND] ]
10-30 22:33:22.124   772 13071 I WindowManager: WIN DEATH: Window{6d33663 u0 com.opera.browser/com.opera.android.BrowserActivity}
10-30 22:33:22.124   772 13071 W InputDispatcher: Attempted to unregister already unregistered input channel '6d33663 com.opera.browser/com.opera.android.BrowserActivity (server)'
10-30 22:33:22.125 13325 13387 I Adreno  : QUALCOMM build                   : 7142022, Ib5823dd10c
10-30 22:33:22.125 13325 13387 I Adreno  : Build Date                       : 06/23/17
10-30 22:33:22.125 13325 13387 I Adreno  : OpenGL ES Shader Compiler Version: EV031.18.00.00
10-30 22:33:22.125 13325 13387 I Adreno  : Local Branch                     : O11A
10-30 22:33:22.125 13325 13387 I Adreno  : Remote Branch                    : 
10-30 22:33:22.125 13325 13387 I Adreno  : Remote Branch                    : 
10-30 22:33:22.125 13325 13387 I Adreno  : Reconstruct Branch               : 
10-30 22:33:22.127 13325 13387 I vndksupport: sphal namespace is not configured for this process. Loading /vendor/lib64/hw/gralloc.msm8992.so from the current namespace instead.
10-30 22:33:22.132   772 13071 W InputDispatcher: Attempted to unregister already unregistered input channel '84c6c17 com.opera.browser/com.opera.android.BrowserActivity (server)'
10-30 22:33:22.134 13325 13387 I Adreno  : PFP: 0x00000000, ME: 0x00000000
10-30 22:33:22.136   423   899 E SurfaceFlinger: Failed to find layer (com.opera.browser/com.opera.android.BrowserActivity#0) in layer parent (no-parent).
10-30 22:33:22.137 13325 13387 I OpenGLRenderer: Initialized EGL, version 1.4
10-30 22:33:22.138 13325 13387 D OpenGLRenderer: Swap behavior 2
10-30 22:33:22.145   772  3854 W WindowManager: Failed looking up window callers=com.android.server.wm.WindowManagerService.windowForClientLocked:5700 com.android.server.wm.WindowState$DeathRecipient.binderDied:2279 android.os.BinderProxy.sendDeathNotice:828 
10-30 22:33:22.145   772  3854 I WindowManager: WIN DEATH: null
10-30 22:33:22.164   772   797 W ActivityManager: setHasOverlayUi called on unknown pid: 18625
10-30 22:33:22.180   772  1259 W ActivityManager: Unable to start service Intent { act=com.google.android.gms.speech.service.START pkg=com.google.android.gms } U=0: not found
10-30 22:33:22.181   772 13021 W ActivityManager: Unbind failed: could not find connection for android.os.BinderProxy@6c18f20
10-30 22:33:22.181 17730 17895 E GmsClient: unable to connect to service: com.google.android.gms.speech.service.START on com.google.android.gms
10-30 22:33:22.207 17730 17778 W SessionLifecycleManager: Handover failed. Creating new session controller.
10-30 22:33:22.210 17730 17730 I OptInState: There is a new client and it does not support opt-in. Dropping request.
10-30 22:33:22.228 17730 17730 I MicroDetectionWorker: #updateMicroDetector [detectionMode: [mDetectionMode: [1]]]
10-30 22:33:22.228 17730 17730 I MicroDetectionWorker: #startMicroDetector [speakerMode: 0]
10-30 22:33:22.233 17730 17730 I MicroDetectionWorker: onReady
10-30 22:33:22.240 17730 17754 I MicroRecognitionRunner: Starting detection.
10-30 22:33:22.243 17730 17783 I MicrophoneInputStream: mic_starting com.google.android.apps.gsa.speech.audio.af@7c30445
10-30 22:33:22.244   556   687 W DeviceHAL: Device 0xefa2d000 open_input_stream: Invalid argument
10-30 22:33:22.245   556 19236 I AudioFlinger: AudioFlinger's thread 0xec907080 tid=19236 ready to run
10-30 22:33:22.252   556   753 I SoundTriggerHwService::Module: onCallbackEvent no clients
10-30 22:33:22.253 17730 17783 I MicrophoneInputStream: mic_started com.google.android.apps.gsa.speech.audio.af@7c30445
10-30 22:33:22.257   556 19237 D sound_trigger_platform: platform_stdev_check_and_update_concurrency: concurrency active 0, tx 1, rx 0, concurrency session_allowed 0
10-30 22:33:22.257   556 19237 D audio_hw_primary: enable_snd_device: snd_device(72: voice-rec-mic)
10-30 22:33:22.267   556 19237 D audio_hw_primary: enable_audio_route: usecase(9) apply and update mixer path: audio-record
10-30 22:33:22.334 17730 17730 I MicroDetectionWorker: onReady
10-30 22:33:22.491 19226 19226 D AndroidRuntime: >>>>>> START com.android.internal.os.RuntimeInit uid 2000 <<<<<<
10-30 22:33:22.618 19226 19226 D AndroidRuntime: Calling main entry com.android.commands.pm.Pm
10-30 22:33:22.630   772 20193 I ActivityManager: Force stopping com.opera.browser appid=10099 user=0: clear data
10-30 22:33:22.632   772   788 I ActivityManager: Force stopping com.opera.browser appid=10099 user=-1: clearApplicationUserData
10-30 22:33:22.674 13325 13387 W OpenGLRenderer: Incorrectly called buildLayer on View: ShortcutAndWidgetContainer, destroying layer...
10-30 22:33:22.725   560   560 I keystore: clear_uid 10099
10-30 22:33:22.768  1311  1311 D CarrierSvcBindHelper: No carrier app for: 0
10-30 22:33:22.772   772   787 W ResourceType: No known package when getting value for resource number 0x7f100007
10-30 22:33:22.772   772   787 W ResourceType: No known package when getting value for resource number 0x7f13090c
10-30 22:33:22.772   772   787 W ResourceType: No known package when getting value for resource number 0x7f100005
10-30 22:33:22.772   772   787 W ResourceType: No known package when getting value for resource number 0x7f13090a
10-30 22:33:22.772   772   787 W ResourceType: No known package when getting value for resource number 0x7f100004
10-30 22:33:22.772   772   787 W ResourceType: No known package when getting value for resource number 0x7f130909
10-30 22:33:22.772   772   787 W ResourceType: No known package when getting value for resource number 0x7f100006
10-30 22:33:22.772   772   787 W ResourceType: No known package when getting value for resource number 0x7f13090b
10-30 22:33:22.774 19226 19226 I app_process: System.exit called, status: 0
10-30 22:33:22.774 19226 19226 I AndroidRuntime: VM exiting with result code 0.
10-30 22:33:22.783  2964  2964 D RegisteredNfcFServicesCache: Service unchanged, not updating
10-30 22:33:22.822  3960 19256 I Fitness : FitCleanupIntentOperation received Intent android.intent.action.PACKAGE_DATA_CLEARED [CONTEXT service_id=17 ]
10-30 22:33:22.866 13542 13646 I Icing   : doRemovePackageData com.opera.browser
10-30 22:33:23.120   772 10860 I ActivityManager: Force stopping com.opera.browser appid=10099 user=0: from pid 19279
10-30 22:33:23.126  1311  1311 D CarrierSvcBindHelper: No carrier app for: 0
10-30 22:33:23.142  2964  2964 D RegisteredNfcFServicesCache: Service unchanged, not updating
10-30 22:33:23.583 19281 19281 D AndroidRuntime: >>>>>> START com.android.internal.os.RuntimeInit uid 2000 <<<<<<
10-30 22:33:23.745 19281 19281 D AndroidRuntime: Calling main entry com.android.commands.pm.Pm
10-30 22:33:23.774   772  1324 I ActivityManager: Force stopping com.opera.browser appid=10099 user=0: clear data
10-30 22:33:23.778   772   788 I ActivityManager: Force stopping com.opera.browser appid=10099 user=-1: clearApplicationUserData
10-30 22:33:23.781   560   560 I keystore: clear_uid 10099
10-30 22:33:23.833  1311  1311 D CarrierSvcBindHelper: No carrier app for: 0
10-30 22:33:23.836 19281 19281 I app_process: System.exit called, status: 0
10-30 22:33:23.836 19281 19281 I AndroidRuntime: VM exiting with result code 0.
10-30 22:33:23.837   772   787 W ResourceType: No known package when getting value for resource number 0x7f100007
10-30 22:33:23.837   772   787 W ResourceType: No known package when getting value for resource number 0x7f13090c
10-30 22:33:23.837   772   787 W ResourceType: No known package when getting value for resource number 0x7f100005
10-30 22:33:23.837   772   787 W ResourceType: No known package when getting value for resource number 0x7f13090a
10-30 22:33:23.837   772   787 W ResourceType: No known package when getting value for resource number 0x7f100004
10-30 22:33:23.837   772   787 W ResourceType: No known package when getting value for resource number 0x7f130909
10-30 22:33:23.838   772   787 W ResourceType: No known package when getting value for resource number 0x7f100006
10-30 22:33:23.838   772   787 W ResourceType: No known package when getting value for resource number 0x7f13090b
10-30 22:33:23.863  2964  2964 D RegisteredNfcFServicesCache: Service unchanged, not updating
10-30 22:33:23.884  3960 19255 I Fitness : FitCleanupIntentOperation received Intent android.intent.action.PACKAGE_DATA_CLEARED [CONTEXT service_id=17 ]
10-30 22:33:23.908 13542 13646 I Icing   : doRemovePackageData com.opera.browser
