10-30 16:52:12.662   372   376 D DrmLibTime: QSEE Time Listener: Retrieved Android system time: 1667145132
10-30 16:52:12.662   372   376 D DrmLibTime: time_getutcsec returns 0, sec = 1667145132; nsec = 0
10-30 16:52:12.662   372   376 D DrmLibTime: time_getutcsec finished! 
10-30 16:52:12.662   372   376 D DrmLibTime: iotcl_continue_command finished! and return 0 
10-30 16:52:12.662   372   376 D DrmLibTime: before calling ioctl to read the next time_cmd
10-30 16:52:12.662   625   647 E QC-time-services: Daemon: Time-services: Waiting to acceptconnection
10-30 16:52:12.681 29552 29562 I zygote  : Background concurrent copying GC freed 99724(4MB) AllocSpace objects, 34(1420KB) LOS objects, 49% free, 8MB/16MB, paused 6.542ms total 146.897ms
10-30 16:52:12.849   772 10860 I ActivityManager: Start proc 30042:com.opera.browser:sandboxed_process0/u0a99 for service com.opera.browser/com.opera.android.browser.chromium.services.SandboxedProcessService0
10-30 16:52:12.883 31420 22770 W NetworkScheduler: Error inserting period=4921000 preferred_charging_state=1 preferred_network_type=1 target_class=com.google.android.gms.measurement.PackageMeasurementTaskService required_network_type=0 runtime=1667145132877 required_idleness_state=0 source=16 service_kind=0 target_package=com.google.android.gms persistence_level=1 source_version=223616000 last_runtime=0 user_id=0 job_id=-1 requires_charging=0 tag=Measurement.PackageMeasurementTaskService.UPLOAD_TASK_TAG flex_time=2460000 task_type=0 retry_strategy={"maximum_backoff_seconds":{"3600":0},"initial_backoff_seconds":{"30":0},"retry_policy":{"0":0}} [CONTEXT service_id=218 ]
10-30 16:52:12.883 31420 22770 W NetworkScheduler: android.database.sqlite.SQLiteConstraintException: UNIQUE constraint failed: pending_ops.tag, pending_ops.target_class, pending_ops.target_package, pending_ops.user_id (code 2067)
10-30 16:52:12.883 31420 22770 W NetworkScheduler: 	at android.database.sqlite.SQLiteConnection.nativeExecuteForLastInsertedRowId(Native Method)
10-30 16:52:12.883 31420 22770 W NetworkScheduler: 	at android.database.sqlite.SQLiteConnection.executeForLastInsertedRowId(SQLiteConnection.java:782)
10-30 16:52:12.883 31420 22770 W NetworkScheduler: 	at android.database.sqlite.SQLiteSession.executeForLastInsertedRowId(SQLiteSession.java:788)
10-30 16:52:12.883 31420 22770 W NetworkScheduler: 	at android.database.sqlite.SQLiteStatement.executeInsert(SQLiteStatement.java:86)
10-30 16:52:12.883 31420 22770 W NetworkScheduler: 	at android.database.sqlite.SQLiteDatabase.insertWithOnConflict(SQLiteDatabase.java:1474)
10-30 16:52:12.883 31420 22770 W NetworkScheduler: 	at android.database.sqlite.SQLiteDatabase.insertOrThrow(SQLiteDatabase.java:1369)
10-30 16:52:12.883 31420 22770 W NetworkScheduler: 	at biel.g(:com.google.android.gms@223616019@22.36.16 (040400-476895098):52)
10-30 16:52:12.883 31420 22770 W NetworkScheduler: 	at bide.n(:com.google.android.gms@223616019@22.36.16 (040400-476895098):3)
10-30 16:52:12.883 31420 22770 W NetworkScheduler: 	at bide.u(:com.google.android.gms@223616019@22.36.16 (040400-476895098):20)
10-30 16:52:12.883 31420 22770 W NetworkScheduler: 	at bide.h(:com.google.android.gms@223616019@22.36.16 (040400-476895098):3)
10-30 16:52:12.883 31420 22770 W NetworkScheduler: 	at bhyv.run(:com.google.android.gms@223616019@22.36.16 (040400-476895098):9)
10-30 16:52:12.883 31420 22770 W NetworkScheduler: 	at aarl.c(:com.google.android.gms@223616019@22.36.16 (040400-476895098):6)
10-30 16:52:12.883 31420 22770 W NetworkScheduler: 	at aarl.run(:com.google.android.gms@223616019@22.36.16 (040400-476895098):7)
10-30 16:52:12.883 31420 22770 W NetworkScheduler: 	at java.util.concurrent.ThreadPoolExecutor.runWorker(ThreadPoolExecutor.java:1162)
10-30 16:52:12.883 31420 22770 W NetworkScheduler: 	at java.util.concurrent.ThreadPoolExecutor$Worker.run(ThreadPoolExecutor.java:636)
10-30 16:52:12.883 31420 22770 W NetworkScheduler: 	at aaws.run(:com.google.android.gms@223616019@22.36.16 (040400-476895098):0)
10-30 16:52:12.883 31420 22770 W NetworkScheduler: 	at java.lang.Thread.run(Thread.java:764)
10-30 16:52:12.918 30042 30042 I LoadedApk: No resource references to update in package com.opera.browser.nord_vpn
10-30 16:52:13.022   361   361 W /system/bin/hwservicemanager: getTransportFromManifest: Cannot find entry android.hardware.graphics.mapper@2.0::IMapper in either framework or device manifest, using default transport.
10-30 16:52:13.025 29693 29710 I vndksupport: sphal namespace is not configured for this process. Loading /vendor/lib/hw/gralloc.msm8992.so from the current namespace instead.
10-30 16:52:13.040 31420 25451 I FontLog : Received query name=Google Sans&weight=700&besteffort=false, URI content://com.google.android.gms.fonts [CONTEXT service_id=132 ]
10-30 16:52:13.040 31420 25451 I FontLog : Query [name=Google Sans&weight=700&besteffort=false] resolved to {Google Sans, wdth 100.0, wght 700, ital 0.0, bestEffort false} [CONTEXT service_id=132 ]
10-30 16:52:13.042 31420 25451 I FontLog : Fetch {Google Sans, wdth 100.0, wght 700, ital 0.0, bestEffort false} end status Status{statusCode=SUCCESS, resolution=null} [CONTEXT service_id=132 ]
10-30 16:52:13.050 31420 31432 I FontLog : Pulling font file for id = 2183, cache size = 5 [CONTEXT service_id=132 ]
10-30 16:52:13.058 31420 31465 I FontLog : Received query name=Noto Color Emoji Compat&weight=400&besteffort=false, URI content://com.google.android.gms.fonts [CONTEXT service_id=132 ]
10-30 16:52:13.059 31420 31465 I FontLog : Query [name=Noto Color Emoji Compat&weight=400&besteffort=false] resolved to {Noto Color Emoji Compat, wdth 100.0, wght 400, ital 0.0, bestEffort false} [CONTEXT service_id=132 ]
10-30 16:52:13.064 31420 31465 I FontLog : Fetch {Noto Color Emoji Compat, wdth 100.0, wght 400, ital 0.0, bestEffort false} end status Status{statusCode=SUCCESS, resolution=null} [CONTEXT service_id=132 ]
10-30 16:52:13.075 31420 25451 I FontLog : Pulling font file for id = 2184, cache size = 6 [CONTEXT service_id=132 ]
10-30 16:52:13.082 31420 31431 I FontLog : Received query name=Google Sans&weight=400&besteffort=false, URI content://com.google.android.gms.fonts [CONTEXT service_id=132 ]
10-30 16:52:13.082 31420 31431 I FontLog : Query [name=Google Sans&weight=400&besteffort=false] resolved to {Google Sans, wdth 100.0, wght 400, ital 0.0, bestEffort false} [CONTEXT service_id=132 ]
10-30 16:52:13.085 31420 31431 I FontLog : Font PFD returned from cache for {Google Sans, wdth 100.0, wght 400, ital 0.0, bestEffort false} [CONTEXT service_id=132 ]
10-30 16:52:13.085 31420 31431 I FontLog : Fetch {Google Sans, wdth 100.0, wght 400, ital 0.0, bestEffort false} end status Status{statusCode=SUCCESS, resolution=null} [CONTEXT service_id=132 ]
10-30 16:52:13.094 31420  2270 I FontLog : Pulling font file for id = 2185, cache size = 7 [CONTEXT service_id=132 ]
10-30 16:52:13.100 31420 24204 I FontLog : Received query name=Google Sans&weight=500&besteffort=false, URI content://com.google.android.gms.fonts [CONTEXT service_id=132 ]
10-30 16:52:13.102 31420 24204 I FontLog : Query [name=Google Sans&weight=500&besteffort=false] resolved to {Google Sans, wdth 100.0, wght 500, ital 0.0, bestEffort false} [CONTEXT service_id=132 ]
10-30 16:52:13.107 31420 24204 I FontLog : Font PFD returned from cache for {Google Sans, wdth 100.0, wght 500, ital 0.0, bestEffort false} [CONTEXT service_id=132 ]
10-30 16:52:13.109 31420 24204 I FontLog : Fetch {Google Sans, wdth 100.0, wght 500, ital 0.0, bestEffort false} end status Status{statusCode=SUCCESS, resolution=null} [CONTEXT service_id=132 ]
10-30 16:52:13.119 31420 31431 I FontLog : Pulling font file for id = 2186, cache size = 6 [CONTEXT service_id=132 ]
10-30 16:52:13.306 31420 22770 I SQLiteConnectionPool: The connection pool for /data/user/0/com.google.android.gms/databases/metadata.db has been closed but there are still 1 connections in use.  They will be closed as they are released back to the pool.
10-30 16:52:13.312 31420 30079 W FontLog : Error updating last accessed time for {Google Sans, wdth 100.0, wght 500, ital 0.0, bestEffort false}. [CONTEXT service_id=132 ]
10-30 16:52:13.312 31420 30079 W FontLog : java.lang.IllegalStateException: Cannot perform this operation because the connection pool has been closed.
10-30 16:52:13.312 31420 30079 W FontLog : 	at android.database.sqlite.SQLiteConnectionPool.throwIfClosedLocked(SQLiteConnectionPool.java:962)
10-30 16:52:13.312 31420 30079 W FontLog : 	at android.database.sqlite.SQLiteConnectionPool.waitForConnection(SQLiteConnectionPool.java:677)
10-30 16:52:13.312 31420 30079 W FontLog : 	at android.database.sqlite.SQLiteConnectionPool.acquireConnection(SQLiteConnectionPool.java:348)
10-30 16:52:13.312 31420 30079 W FontLog : 	at android.database.sqlite.SQLiteSession.acquireConnection(SQLiteSession.java:894)
10-30 16:52:13.312 31420 30079 W FontLog : 	at android.database.sqlite.SQLiteSession.executeForChangedRowCount(SQLiteSession.java:752)
10-30 16:52:13.312 31420 30079 W FontLog : 	at android.database.sqlite.SQLiteStatement.executeUpdateDelete(SQLiteStatement.java:64)
10-30 16:52:13.312 31420 30079 W FontLog : 	at android.database.sqlite.SQLiteDatabase.executeSql(SQLiteDatabase.java:1679)
10-30 16:52:13.312 31420 30079 W FontLog : 	at android.database.sqlite.SQLiteDatabase.execSQL(SQLiteDatabase.java:1658)
10-30 16:52:13.312 31420 30079 W FontLog : 	at aksk.run(:com.google.android.gms@223616019@22.36.16 (040400-476895098):5)
10-30 16:52:13.312 31420 30079 W FontLog : 	at aarl.c(:com.google.android.gms@223616019@22.36.16 (040400-476895098):6)
10-30 16:52:13.312 31420 30079 W FontLog : 	at aarl.run(:com.google.android.gms@223616019@22.36.16 (040400-476895098):7)
10-30 16:52:13.312 31420 30079 W FontLog : 	at java.util.concurrent.ThreadPoolExecutor.runWorker(ThreadPoolExecutor.java:1162)
10-30 16:52:13.312 31420 30079 W FontLog : 	at java.util.concurrent.ThreadPoolExecutor$Worker.run(ThreadPoolExecutor.java:636)
10-30 16:52:13.312 31420 30079 W FontLog : 	at aaws.run(:com.google.android.gms@223616019@22.36.16 (040400-476895098):0)
10-30 16:52:13.312 31420 30079 W FontLog : 	at java.lang.Thread.run(Thread.java:764)
10-30 16:52:13.418 29552 29562 I zygote  : Background concurrent copying GC freed 226775(9MB) AllocSpace objects, 24(560KB) LOS objects, 49% free, 7MB/15MB, paused 7.533ms total 217.347ms
10-30 16:52:13.426 29474 29488 I vndksupport: sphal namespace is not configured for this process. Loading libutils.so from the current namespace instead.
10-30 16:52:13.426 29693 29704 I vndksupport: sphal namespace is not configured for this process. Loading libutils.so from the current namespace instead.
10-30 16:52:13.426 30042 30053 I vndksupport: sphal namespace is not configured for this process. Loading libutils.so from the current namespace instead.
10-30 16:52:13.426 29552 29564 I vndksupport: sphal namespace is not configured for this process. Loading libutils.so from the current namespace instead.
10-30 16:52:13.427 29441 29452 I vndksupport: sphal namespace is not configured for this process. Loading libutils.so from the current namespace instead.
10-30 16:52:13.436   556   688 E Parcel  : Reading a NULL string not supported here.
10-30 16:52:13.436   556   688 W Parcel  : **** enforceInterface() expected 'IAAudioService' but read ''
10-30 16:52:13.437   360   360 E SELinux : avc:  denied  { find } for service=android.service.gatekeeper.IGateKeeperService pid=30070 uid=2000 scontext=u:r:shell:s0 tcontext=u:object_r:gatekeeper_service:s0 tclass=service_manager
10-30 16:52:13.437   360   360 E SELinux : avc:  denied  { find } for service=netd pid=30070 uid=2000 scontext=u:r:shell:s0 tcontext=u:object_r:netd_service:s0 tclass=service_manager
10-30 16:52:13.441 30070 30070 W atrace  : type=1400 audit(0.0:8305): avc: denied { call } for scontext=u:r:shell:s0 tcontext=u:r:wificond:s0 tclass=binder permissive=0
10-30 16:52:13.444   360   360 E SELinux : avc:  denied  { find } for service=installd pid=30070 uid=2000 scontext=u:r:shell:s0 tcontext=u:object_r:installd_service:s0 tclass=service_manager
10-30 16:52:13.452   361   361 E SELinux : avc:  denied  { find } for interface=android.frameworks.displayservice::IDisplayService pid=30070 scontext=u:r:shell:s0 tcontext=u:object_r:fwk_display_hwservice:s0 tclass=hwservice_manager
10-30 16:52:13.453   361   361 E SELinux : avc:  denied  { find } for interface=android.frameworks.schedulerservice::ISchedulingPolicyService pid=30070 scontext=u:r:shell:s0 tcontext=u:object_r:fwk_scheduler_hwservice:s0 tclass=hwservice_manager
10-30 16:52:13.454   361   361 E SELinux : avc:  denied  { find } for interface=android.frameworks.sensorservice::ISensorManager pid=30070 scontext=u:r:shell:s0 tcontext=u:object_r:fwk_sensor_hwservice:s0 tclass=hwservice_manager
10-30 16:52:13.454   361   361 E SELinux : avc:  denied  { find } for interface=android.hardware.biometrics.fingerprint::IBiometricsFingerprint pid=30070 scontext=u:r:shell:s0 tcontext=u:object_r:hal_fingerprint_hwservice:s0 tclass=hwservice_manager
10-30 16:52:13.456   361   361 E SELinux : avc:  denied  { find } for interface=android.hardware.dumpstate::IDumpstateDevice pid=30070 scontext=u:r:shell:s0 tcontext=u:object_r:hal_dumpstate_hwservice:s0 tclass=hwservice_manager
10-30 16:52:13.458   361   361 E SELinux : avc:  denied  { find } for interface=android.hardware.radio.deprecated::IOemHook pid=30070 scontext=u:r:shell:s0 tcontext=u:object_r:hal_telephony_hwservice:s0 tclass=hwservice_manager
10-30 16:52:13.459   361   361 E SELinux : avc:  denied  { find } for interface=android.hardware.radio::IRadio pid=30070 scontext=u:r:shell:s0 tcontext=u:object_r:hal_telephony_hwservice:s0 tclass=hwservice_manager
10-30 16:52:13.460   361   361 E SELinux : avc:  denied  { find } for interface=android.hardware.radio::ISap pid=30070 scontext=u:r:shell:s0 tcontext=u:object_r:hal_telephony_hwservice:s0 tclass=hwservice_manager
10-30 16:52:13.461   361   361 E SELinux : avc:  denied  { find } for interface=android.hardware.usb::IUsb pid=30070 scontext=u:r:shell:s0 tcontext=u:object_r:hal_usb_hwservice:s0 tclass=hwservice_manager
10-30 16:52:13.461   361   361 E SELinux : avc:  denied  { find } for interface=android.hardware.wifi.supplicant::ISupplicant pid=30070 scontext=u:r:shell:s0 tcontext=u:object_r:hal_wifi_supplicant_hwservice:s0 tclass=hwservice_manager
10-30 16:52:13.462   361   361 E SELinux : avc:  denied  { find } for interface=android.hardware.wifi::IWifi pid=30070 scontext=u:r:shell:s0 tcontext=u:object_r:hal_wifi_hwservice:s0 tclass=hwservice_manager
10-30 16:52:13.464   361   361 E SELinux : avc:  denied  { find } for interface=android.hidl.base::IBase pid=30070 scontext=u:r:shell:s0 tcontext=u:object_r:hidl_base_hwservice:s0 tclass=hwservice_manager
10-30 16:52:13.464   361   361 I chatty  : uid=1000(system) hwservicemanage identical 1 line
10-30 16:52:13.465   361   361 E SELinux : avc:  denied  { find } for interface=android.hidl.base::IBase pid=30070 scontext=u:r:shell:s0 tcontext=u:object_r:hidl_base_hwservice:s0 tclass=hwservice_manager
10-30 16:52:13.467   361   361 E SELinux : avc:  denied  { find } for interface=android.system.wifi.keystore::IKeystore pid=30070 scontext=u:r:shell:s0 tcontext=u:object_r:system_wifi_keystore_hwservice:s0 tclass=hwservice_manager
10-30 16:52:13.538 29552 29552 I zygote  : Deoptimizing boolean p73.a(java.util.Collection, java.util.Iterator) due to JIT inline cache
10-30 16:52:13.622 29552 29552 I zygote  : Deoptimizing void yn3.<init>(yn3$b) due to JIT inline cache
10-30 16:52:13.709 29552 29557 I zygote  : Do partial code cache collection, code=506KB, data=363KB
10-30 16:52:13.710 29552 29557 I zygote  : After code cache collection, code=487KB, data=353KB
10-30 16:52:13.710 29552 29557 I zygote  : Increasing code cache capacity to 2MB
10-30 16:52:14.448   772   781 I zygote64: Background concurrent copying GC freed 35094(2MB) AllocSpace objects, 20(492KB) LOS objects, 42% free, 16MB/28MB, paused 267us total 122.421ms
10-30 16:52:15.324 29552 29552 I zygote  : Deoptimizing int zd3.b(android.view.View) due to JIT inline cache
10-30 16:52:18.418 29552 29562 I zygote  : Background concurrent copying GC freed 73468(3MB) AllocSpace objects, 15(2MB) LOS objects, 49% free, 10MB/20MB, paused 941us total 176.470ms
10-30 16:52:22.869 23062 23062 D BoundBrokerSvc: onUnbind: Intent { act=com.google.android.gms.measurement.START pkg=com.google.android.gms }
10-30 16:52:40.091 30119 30119 W Thread-84: type=1400 audit(0.0:8306): avc: denied { read } for name="mem" dev="debugfs" ino=5356285 scontext=u:r:priv_app:s0:c512,c768 tcontext=u:object_r:debugfs:s0 tclass=file permissive=0
10-30 16:53:13.647   772   787 I UsageStatsService: User[0] Flushing usage stats to disk
10-30 16:53:18.100   772  1324 I ActivityManager: Force stopping com.opera.browser appid=10099 user=0: from pid 30137
10-30 16:53:18.100   772  1324 I ActivityManager: Killing 29693:com.opera.browser:privileged_process0/u0a99 (adj 0): stop com.opera.browser
10-30 16:53:18.103   772  1324 W ActivityManager: Scheduling restart of crashed service com.opera.browser/com.opera.android.browser.chromium.services.PrivilegedProcessService0 in 1000ms
10-30 16:53:18.109   772  1324 I ActivityManager: Killing 29552:com.opera.browser/u0a99 (adj 0): stop com.opera.browser
10-30 16:53:18.117   772  1324 W ActivityManager: Force removing ActivityRecord{d2e929a u0 com.opera.browser/com.opera.android.BrowserActivity t500}: app died, no saved state
10-30 16:53:18.122   772  1324 I WindowManager: Failed to capture screenshot of Token{a9b87cb ActivityRecord{d2e929a u0 com.opera.browser/com.opera.android.BrowserActivity t500 f}} appWin=Window{f3450f0 u0 com.opera.browser/com.opera.android.BrowserActivity} drawState=4
10-30 16:52:40.091 30119 30119 W Thread-84: type=1400 audit(0.0:8307): avc: denied { read } for name="mem" dev="debugfs" ino=5356285 scontext=u:r:priv_app:s0:c512,c768 tcontext=u:object_r:debugfs:s0 tclass=file permissive=0
10-30 16:53:18.128 30042 30042 I zygote  : System.exit called, status: 0
10-30 16:53:18.128 30042 30042 I AndroidRuntime: VM exiting with result code 0, cleanup skipped.
10-30 16:53:18.139   772  1324 I ActivityManager: Killing 30042:com.opera.browser:sandboxed_process0/u0a99 (adj 0): stop com.opera.browser
10-30 16:53:18.147  1311  1311 D CarrierSvcBindHelper: No carrier app for: 0
10-30 16:53:18.163  2964  2964 D RegisteredNfcFServicesCache: Service unchanged, not updating
10-30 16:53:18.166   772 10893 D WindowManager: relayoutVisibleWindow: Window{8497166 u0 com.google.android.googlequicksearchbox/com.google.android.launcher.GEL EXITING} mAnimatingExit=true, mRemoveOnExit=false, mDestroying=true
10-30 16:53:18.175 26543 26603 I Adreno  : QUALCOMM build                   : 7142022, Ib5823dd10c
10-30 16:53:18.175 26543 26603 I Adreno  : Build Date                       : 06/23/17
10-30 16:53:18.175 26543 26603 I Adreno  : OpenGL ES Shader Compiler Version: EV031.18.00.00
10-30 16:53:18.175 26543 26603 I Adreno  : Local Branch                     : O11A
10-30 16:53:18.175 26543 26603 I Adreno  : Remote Branch                    : 
10-30 16:53:18.175 26543 26603 I Adreno  : Remote Branch                    : 
10-30 16:53:18.175 26543 26603 I Adreno  : Reconstruct Branch               : 
10-30 16:53:18.177 26543 26603 I vndksupport: sphal namespace is not configured for this process. Loading /vendor/lib64/hw/gralloc.msm8992.so from the current namespace instead.
10-30 16:53:18.185 26543 26603 I Adreno  : PFP: 0x00000000, ME: 0x00000000
10-30 16:53:18.189 26543 26603 I OpenGLRenderer: Initialized EGL, version 1.4
10-30 16:53:18.189 26543 26603 D OpenGLRenderer: Swap behavior 2
10-30 16:53:18.234   772  1259 W ActivityManager: Unable to start service Intent { act=com.google.android.gms.speech.service.START pkg=com.google.android.gms } U=0: not found
10-30 16:53:18.236   772 10860 W ActivityManager: Unbind failed: could not find connection for android.os.BinderProxy@d88fe6e
10-30 16:53:18.236 26918 26949 E GmsClient: unable to connect to service: com.google.android.gms.speech.service.START on com.google.android.gms
10-30 16:53:18.239   772 10894 D ConnectivityService: ConnectivityService NetworkRequestInfo binderDied(NetworkRequest [ LISTEN id=1157, [ Capabilities: INTERNET&NOT_RESTRICTED&TRUSTED&FOREGROUND] ], android.os.BinderProxy@7b69d9c)
10-30 16:53:18.239   772  2969 D ConnectivityService: ConnectivityService NetworkRequestInfo binderDied(NetworkRequest [ LISTEN id=1158, [ Capabilities: INTERNET&NOT_RESTRICTED&TRUSTED&FOREGROUND] ], android.os.BinderProxy@7ee090f)
10-30 16:53:18.240   772   862 E ConnectivityService: RemoteException caught trying to send a callback msg for NetworkRequest [ LISTEN id=1157, [ Capabilities: INTERNET&NOT_RESTRICTED&TRUSTED&FOREGROUND] ]
10-30 16:53:18.241   772   797 W ActivityManager: setHasOverlayUi called on unknown pid: 29552
10-30 16:53:18.241   772   862 E ConnectivityService: RemoteException caught trying to send a callback msg for NetworkRequest [ LISTEN id=1158, [ Capabilities: INTERNET&NOT_RESTRICTED&TRUSTED&FOREGROUND] ]
10-30 16:53:18.252 26918 26929 W SessionLifecycleManager: Handover failed. Creating new session controller.
10-30 16:53:18.256 26918 26918 I OptInState: There is a new client and it does not support opt-in. Dropping request.
10-30 16:53:18.287 26918 26918 I MicroDetectionWorker: #updateMicroDetector [detectionMode: [mDetectionMode: [1]]]
10-30 16:53:18.287 26918 26918 I MicroDetectionWorker: #startMicroDetector [speakerMode: 0]
10-30 16:53:18.291 26918 26918 I MicroDetectionWorker: onReady
10-30 16:53:18.293 26918 26937 I MicroRecognitionRunner: Starting detection.
10-30 16:53:18.295 26918 27779 I MicrophoneInputStream: mic_starting com.google.android.apps.gsa.speech.audio.af@99a1429
10-30 16:53:18.297   556  7524 W DeviceHAL: Device 0xefa2d000 open_input_stream: Invalid argument
10-30 16:53:18.298   556 30151 I AudioFlinger: AudioFlinger's thread 0xec603c40 tid=30151 ready to run
10-30 16:53:18.308   556   753 I SoundTriggerHwService::Module: onCallbackEvent no clients
10-30 16:53:18.308 26918 27779 I MicrophoneInputStream: mic_started com.google.android.apps.gsa.speech.audio.af@99a1429
10-30 16:53:18.313   556 30152 D sound_trigger_platform: platform_stdev_check_and_update_concurrency: concurrency active 0, tx 1, rx 0, concurrency session_allowed 0
10-30 16:53:18.313   556 30152 D audio_hw_primary: enable_snd_device: snd_device(72: voice-rec-mic)
10-30 16:53:18.320   556 30152 D audio_hw_primary: enable_audio_route: usecase(9) apply and update mixer path: audio-record
10-30 16:53:18.386 26918 26918 I MicroDetectionWorker: onReady
10-30 16:53:18.717 26543 26603 W OpenGLRenderer: Incorrectly called buildLayer on View: ShortcutAndWidgetContainer, destroying layer...
10-30 16:53:18.818 30141 30141 D AndroidRuntime: >>>>>> START com.android.internal.os.RuntimeInit uid 2000 <<<<<<
10-30 16:53:19.090 30141 30141 D AndroidRuntime: Calling main entry com.android.commands.pm.Pm
10-30 16:53:19.125   772 10895 I ActivityManager: Force stopping com.opera.browser appid=10099 user=0: clear data
10-30 16:53:19.130   772   788 I ActivityManager: Force stopping com.opera.browser appid=10099 user=-1: clearApplicationUserData
10-30 16:53:19.206   560   560 I keystore: clear_uid 10099
10-30 16:53:19.257   772   787 W ResourceType: No known package when getting value for resource number 0x7f100007
10-30 16:53:19.257   772   787 W ResourceType: No known package when getting value for resource number 0x7f13090c
10-30 16:53:19.258   772   787 W ResourceType: No known package when getting value for resource number 0x7f100005
10-30 16:53:19.258   772   787 W ResourceType: No known package when getting value for resource number 0x7f13090a
10-30 16:53:19.258   772   787 W ResourceType: No known package when getting value for resource number 0x7f100004
10-30 16:53:19.258   772   787 W ResourceType: No known package when getting value for resource number 0x7f130909
10-30 16:53:19.258   772   787 W ResourceType: No known package when getting value for resource number 0x7f100006
10-30 16:53:19.258   772   787 W ResourceType: No known package when getting value for resource number 0x7f13090b
10-30 16:53:19.262 30141 30141 I app_process: System.exit called, status: 0
10-30 16:53:19.262 30141 30141 I AndroidRuntime: VM exiting with result code 0.
10-30 16:53:19.262  1311  1311 D CarrierSvcBindHelper: No carrier app for: 0
10-30 16:53:19.281  2964  2964 D RegisteredNfcFServicesCache: Service unchanged, not updating
10-30 16:53:19.296 31420 30165 I Fitness : FitCleanupIntentOperation received Intent android.intent.action.PACKAGE_DATA_CLEARED [CONTEXT service_id=17 ]
10-30 16:53:19.364 23062 23165 I Icing   : doRemovePackageData com.opera.browser
10-30 16:53:19.645   772   784 I ActivityManager: Force stopping com.opera.browser appid=10099 user=0: from pid 30190
10-30 16:53:19.653  1311  1311 D CarrierSvcBindHelper: No carrier app for: 0
10-30 16:53:19.667  2964  2964 D RegisteredNfcFServicesCache: Service unchanged, not updating
10-30 16:53:20.098 30192 30192 D AndroidRuntime: >>>>>> START com.android.internal.os.RuntimeInit uid 2000 <<<<<<
10-30 16:53:20.252 30192 30192 D AndroidRuntime: Calling main entry com.android.commands.pm.Pm
10-30 16:53:20.280   772 10894 I ActivityManager: Force stopping com.opera.browser appid=10099 user=0: clear data
10-30 16:53:20.284   772   788 I ActivityManager: Force stopping com.opera.browser appid=10099 user=-1: clearApplicationUserData
10-30 16:53:20.287   560   560 I keystore: clear_uid 10099
10-30 16:53:20.329  1311  1311 D CarrierSvcBindHelper: No carrier app for: 0
10-30 16:53:20.334   772   787 W ResourceType: No known package when getting value for resource number 0x7f100007
10-30 16:53:20.334   772   787 W ResourceType: No known package when getting value for resource number 0x7f13090c
10-30 16:53:20.334   772   787 W ResourceType: No known package when getting value for resource number 0x7f100005
10-30 16:53:20.334   772   787 W ResourceType: No known package when getting value for resource number 0x7f13090a
10-30 16:53:20.334   772   787 W ResourceType: No known package when getting value for resource number 0x7f100004
10-30 16:53:20.334   772   787 W ResourceType: No known package when getting value for resource number 0x7f130909
10-30 16:53:20.335 30192 30192 I app_process: System.exit called, status: 0
10-30 16:53:20.335 30192 30192 I AndroidRuntime: VM exiting with result code 0.
10-30 16:53:20.336   772   787 W ResourceType: No known package when getting value for resource number 0x7f100006
10-30 16:53:20.336   772   787 W ResourceType: No known package when getting value for resource number 0x7f13090b
10-30 16:53:20.366  2964  2964 D RegisteredNfcFServicesCache: Service unchanged, not updating
10-30 16:53:20.391 23062 23165 I Icing   : doRemovePackageData com.opera.browser
10-30 16:53:20.396 31420 30168 I Fitness : FitCleanupIntentOperation received Intent android.intent.action.PACKAGE_DATA_CLEARED [CONTEXT service_id=17 ]
