10-31 00:03:17.250   772 10893 I ActivityManager: Force stopping com.opera.browser appid=10099 user=0: from pid 1511
10-31 00:03:17.250   772 10893 I ActivityManager: Killing 994:com.opera.browser:privileged_process0/u0a99 (adj 0): stop com.opera.browser
10-31 00:03:17.251   772 10893 W ActivityManager: Scheduling restart of crashed service com.opera.browser/com.opera.android.browser.chromium.services.PrivilegedProcessService0 in 1000ms
10-31 00:03:17.255   772 10893 I ActivityManager: Killing 694:com.opera.browser/u0a99 (adj 0): stop com.opera.browser
10-31 00:03:17.260   772 10893 W ActivityManager: Force removing ActivityRecord{84b6db4 u0 com.opera.browser/com.opera.android.BrowserActivity t662}: app died, no saved state
10-31 00:03:17.266   772 10893 I WindowManager: Failed to capture screenshot of Token{c2bddd ActivityRecord{84b6db4 u0 com.opera.browser/com.opera.android.BrowserActivity t662 f}} appWin=Window{31aaa6f u0 com.opera.browser/com.opera.android.BrowserActivity} drawState=4
10-31 00:03:17.270  1398  1398 I zygote  : System.exit called, status: 0
10-31 00:03:17.270  1398  1398 I AndroidRuntime: VM exiting with result code 0, cleanup skipped.
10-31 00:03:17.283   772 10893 I ActivityManager: Killing 1398:com.opera.browser:sandboxed_process0/u0a99 (adj 0): stop com.opera.browser
10-31 00:03:17.291  1311  1311 D CarrierSvcBindHelper: No carrier app for: 0
10-31 00:03:17.304  2964  2964 D RegisteredNfcFServicesCache: Service unchanged, not updating
10-31 00:03:17.305   772  3854 D WindowManager: relayoutVisibleWindow: Window{87fb20c u0 com.google.android.googlequicksearchbox/com.google.android.launcher.GEL EXITING} mAnimatingExit=true, mRemoveOnExit=false, mDestroying=true
10-31 00:03:17.316 13325 13387 I Adreno  : QUALCOMM build                   : 7142022, Ib5823dd10c
10-31 00:03:17.316 13325 13387 I Adreno  : Build Date                       : 06/23/17
10-31 00:03:17.316 13325 13387 I Adreno  : OpenGL ES Shader Compiler Version: EV031.18.00.00
10-31 00:03:17.316 13325 13387 I Adreno  : Local Branch                     : O11A
10-31 00:03:17.316 13325 13387 I Adreno  : Remote Branch                    : 
10-31 00:03:17.316 13325 13387 I Adreno  : Remote Branch                    : 
10-31 00:03:17.316 13325 13387 I Adreno  : Reconstruct Branch               : 
10-31 00:03:17.322 13325 13387 I vndksupport: sphal namespace is not configured for this process. Loading /vendor/lib64/hw/gralloc.msm8992.so from the current namespace instead.
10-31 00:03:17.325 13325 13387 I Adreno  : PFP: 0x00000000, ME: 0x00000000
10-31 00:03:17.335   772 13071 E JavaBinder: !!! FAILED BINDER TRANSACTION !!!  (parcel size = 108)
10-31 00:03:17.335   772 13071 W InputMethodManagerService: Got RemoteException sending setActive(false) notification to pid 694 uid 10099
10-31 00:03:17.336   772 13071 E JavaBinder: !!! FAILED BINDER TRANSACTION !!!  (parcel size = 108)
10-31 00:03:17.338 13325 13387 I OpenGLRenderer: Initialized EGL, version 1.4
10-31 00:03:17.339 13325 13387 D OpenGLRenderer: Swap behavior 2
10-31 00:03:17.348   772   785 D ConnectivityService: ConnectivityService NetworkRequestInfo binderDied(NetworkRequest [ LISTEN id=1589, [ Capabilities: INTERNET&NOT_RESTRICTED&TRUSTED&FOREGROUND] ], android.os.BinderProxy@be61bcd)
10-31 00:03:17.349   772   862 E ConnectivityService: RemoteException caught trying to send a callback msg for NetworkRequest [ LISTEN id=1589, [ Capabilities: INTERNET&NOT_RESTRICTED&TRUSTED&FOREGROUND] ]
10-31 00:03:17.349   772 13021 D ConnectivityService: ConnectivityService NetworkRequestInfo binderDied(NetworkRequest [ LISTEN id=1590, [ Capabilities: INTERNET&NOT_RESTRICTED&TRUSTED&FOREGROUND] ], android.os.BinderProxy@b007c82)
10-31 00:03:17.350   772   797 W ActivityManager: setHasOverlayUi called on unknown pid: 694
10-31 00:03:17.350   772   862 E ConnectivityService: RemoteException caught trying to send a callback msg for NetworkRequest [ LISTEN id=1590, [ Capabilities: INTERNET&NOT_RESTRICTED&TRUSTED&FOREGROUND] ]
10-31 00:03:17.382   772  2969 W ActivityManager: Unable to start service Intent { act=com.google.android.gms.speech.service.START pkg=com.google.android.gms } U=0: not found
10-31 00:03:17.383   772  3037 W ActivityManager: Unbind failed: could not find connection for android.os.BinderProxy@4e5794
10-31 00:03:17.383 31390 31436 E GmsClient: unable to connect to service: com.google.android.gms.speech.service.START on com.google.android.gms
10-31 00:03:17.389 31390 31435 W SessionLifecycleManager: Handover failed. Creating new session controller.
10-31 00:03:17.396 31390 31390 I OptInState: There is a new client and it does not support opt-in. Dropping request.
10-31 00:03:17.430 31390 31390 I MicroDetectionWorker: #updateMicroDetector [detectionMode: [mDetectionMode: [1]]]
10-31 00:03:17.430 31390 31390 I MicroDetectionWorker: #startMicroDetector [speakerMode: 0]
10-31 00:03:17.435 31390 31390 I MicroDetectionWorker: onReady
10-31 00:03:17.436 31390 31413 I MicroRecognitionRunner: Starting detection.
10-31 00:03:17.436 31390 31419 I MicrophoneInputStream: mic_starting com.google.android.apps.gsa.speech.audio.af@9581633
10-31 00:03:17.439   556   687 W DeviceHAL: Device 0xefa2d000 open_input_stream: Invalid argument
10-31 00:03:17.441   556  1525 I AudioFlinger: AudioFlinger's thread 0xec907880 tid=1525 ready to run
10-31 00:03:17.452   556   753 I SoundTriggerHwService::Module: onCallbackEvent no clients
10-31 00:03:17.452 31390 31419 I MicrophoneInputStream: mic_started com.google.android.apps.gsa.speech.audio.af@9581633
10-31 00:03:17.459   556  1526 D sound_trigger_platform: platform_stdev_check_and_update_concurrency: concurrency active 0, tx 1, rx 0, concurrency session_allowed 0
10-31 00:03:17.459   556  1526 D audio_hw_primary: enable_snd_device: snd_device(72: voice-rec-mic)
10-31 00:03:17.466   556  1526 D audio_hw_primary: enable_audio_route: usecase(9) apply and update mixer path: audio-record
10-31 00:03:17.532 31390 31390 I MicroDetectionWorker: onReady
10-31 00:03:17.680  1515  1515 D AndroidRuntime: >>>>>> START com.android.internal.os.RuntimeInit uid 2000 <<<<<<
10-31 00:03:17.828  1515  1515 D AndroidRuntime: Calling main entry com.android.commands.pm.Pm
10-31 00:03:17.839   772   784 I ActivityManager: Force stopping com.opera.browser appid=10099 user=0: clear data
10-31 00:03:17.843   772   788 I ActivityManager: Force stopping com.opera.browser appid=10099 user=-1: clearApplicationUserData
10-31 00:03:17.853 13325 13387 W OpenGLRenderer: Incorrectly called buildLayer on View: ShortcutAndWidgetContainer, destroying layer...
10-31 00:03:17.918   560   560 I keystore: clear_uid 10099
10-31 00:03:17.967  1311  1311 D CarrierSvcBindHelper: No carrier app for: 0
10-31 00:03:17.970  1515  1515 I app_process: System.exit called, status: 0
10-31 00:03:17.970  1515  1515 I AndroidRuntime: VM exiting with result code 0.
10-31 00:03:17.973   772   787 W ResourceType: No known package when getting value for resource number 0x7f100007
10-31 00:03:17.973   772   787 W ResourceType: No known package when getting value for resource number 0x7f13090c
10-31 00:03:17.973   772   787 W ResourceType: No known package when getting value for resource number 0x7f100005
10-31 00:03:17.973   772   787 W ResourceType: No known package when getting value for resource number 0x7f13090a
10-31 00:03:17.973   772   787 W ResourceType: No known package when getting value for resource number 0x7f100004
10-31 00:03:17.973   772   787 W ResourceType: No known package when getting value for resource number 0x7f130909
10-31 00:03:17.974   772   787 W ResourceType: No known package when getting value for resource number 0x7f100006
10-31 00:03:17.974   772   787 W ResourceType: No known package when getting value for resource number 0x7f13090b
10-31 00:03:17.986  2964  2964 D RegisteredNfcFServicesCache: Service unchanged, not updating
10-31 00:03:18.024  3960  1544 I Fitness : FitCleanupIntentOperation received Intent android.intent.action.PACKAGE_DATA_CLEARED [CONTEXT service_id=17 ]
10-31 00:03:18.064 13542 10544 I Icing   : doRemovePackageData com.opera.browser
10-31 00:03:18.338   772  3854 I ActivityManager: Force stopping com.opera.browser appid=10099 user=0: from pid 1571
10-31 00:03:18.344  1311  1311 D CarrierSvcBindHelper: No carrier app for: 0
10-31 00:03:18.356  2964  2964 D RegisteredNfcFServicesCache: Service unchanged, not updating
10-31 00:03:18.797  1573  1573 D AndroidRuntime: >>>>>> START com.android.internal.os.RuntimeInit uid 2000 <<<<<<
10-31 00:03:18.946  1573  1573 D AndroidRuntime: Calling main entry com.android.commands.pm.Pm
10-31 00:03:18.957   772  3041 I ActivityManager: Force stopping com.opera.browser appid=10099 user=0: clear data
10-31 00:03:18.961   772   788 I ActivityManager: Force stopping com.opera.browser appid=10099 user=-1: clearApplicationUserData
10-31 00:03:18.963   560   560 I keystore: clear_uid 10099
10-31 00:03:19.014  1311  1311 D CarrierSvcBindHelper: No carrier app for: 0
10-31 00:03:19.017   772   787 W ResourceType: No known package when getting value for resource number 0x7f100007
10-31 00:03:19.017   772   787 W ResourceType: No known package when getting value for resource number 0x7f13090c
10-31 00:03:19.017   772   787 W ResourceType: No known package when getting value for resource number 0x7f100005
10-31 00:03:19.017   772   787 W ResourceType: No known package when getting value for resource number 0x7f13090a
10-31 00:03:19.017   772   787 W ResourceType: No known package when getting value for resource number 0x7f100004
10-31 00:03:19.017   772   787 W ResourceType: No known package when getting value for resource number 0x7f130909
10-31 00:03:19.017   772   787 W ResourceType: No known package when getting value for resource number 0x7f100006
10-31 00:03:19.017   772   787 W ResourceType: No known package when getting value for resource number 0x7f13090b
10-31 00:03:19.019  1573  1573 I app_process: System.exit called, status: 0
10-31 00:03:19.019  1573  1573 I AndroidRuntime: VM exiting with result code 0.
10-31 00:03:19.051  2964  2964 D RegisteredNfcFServicesCache: Service unchanged, not updating
10-31 00:03:19.058  3960  1543 I Fitness : FitCleanupIntentOperation received Intent android.intent.action.PACKAGE_DATA_CLEARED [CONTEXT service_id=17 ]
10-31 00:03:19.086 13542 10544 I Icing   : doRemovePackageData com.opera.browser
