11-01 00:07:14.253   562 19051 D QSEECOMAPI: : App is not loaded in QSEE
11-01 00:07:14.298   562 19051 D QSEECOMAPI: : Loaded image: APP id = 3573
11-01 00:07:14.303   562 19051 D QSAPPSVER: qsapps_get_capabilities: Capability from secure side: 0x0
11-01 00:07:14.303   562 19051 D QSAPPSVER: qsapps_get_capabilities: returns 0
11-01 00:07:14.303   562 19051 E DrmWidevineDash: sion_buffer g_wv_fhandle->ion_sbuffer  0x0xeeb26000
11-01 00:07:14.306   372   376 D DrmLibTime: got the req here! ret=0
11-01 00:07:14.306   372   376 D DrmLibTime: command id, time_cmd_id = 770
11-01 00:07:14.306   372   376 D DrmLibTime: time_getutcsec starts!
11-01 00:07:14.306   372   376 D DrmLibTime: QSEE Time Listener: time_getutcsec
11-01 00:07:14.306   372   376 D DrmLibTime: QSEE Time Listener: get_utc_seconds
11-01 00:07:14.306   372   376 D DrmLibTime: QSEE Time Listener: time_get_modem_time
11-01 00:07:14.306   372   376 D DrmLibTime: QSEE Time Listener: Checking if ATS_MODEM is set or not.
11-01 00:07:14.306   372   376 D QC-time-services: Lib:time_genoff_operation: pargs->base = 13
11-01 00:07:14.306   372   376 D QC-time-services: Lib:time_genoff_operation: pargs->operation = 2
11-01 00:07:14.306   372   376 D QC-time-services: Lib:time_genoff_operation: pargs->ts_val = 0
11-01 00:07:14.306   372   376 D QC-time-services: Lib:time_genoff_operation: Send to server  passed!!
11-01 00:07:14.306   625   647 D QC-time-services: Daemon: Connection accepted:time_genoff
11-01 00:07:14.306   625 21456 D QC-time-services: Daemon:Received base = 13, unit = 1, operation = 2,value = 0
11-01 00:07:14.306   625 21456 D QC-time-services: Daemon:genoff_opr: Base = 13, val = 0, operation = 2
11-01 00:07:14.306   625 21456 D QC-time-services: offset is: 0 for base: 13
11-01 00:07:14.306   372   376 E QC-time-services: Receive Passed == base = 13, unit = 1, operation = 2, result = 0
11-01 00:07:14.306   372   376 D DrmLibTime: QSEE Time Listener: ATS_MODEM is not set. Fallback to Android system time.
11-01 00:07:14.306   372   376 D DrmLibTime: QSEE Time Listener: Retrieved Android system time: 1667257634
11-01 00:07:14.306   372   376 D DrmLibTime: time_getutcsec returns 0, sec = 1667257634; nsec = 0
11-01 00:07:14.307   372   376 D DrmLibTime: time_getutcsec finished! 
11-01 00:07:14.307   372   376 D DrmLibTime: iotcl_continue_command finished! and return 0 
11-01 00:07:14.307   372   376 D DrmLibTime: before calling ioctl to read the next time_cmd
11-01 00:07:14.307   625   647 E QC-time-services: Daemon: Time-services: Waiting to acceptconnection
11-01 00:07:14.331   562 19051 D WVCdm   : OEMCrypto_Initialize Level 1 success. I will use level 1.
11-01 00:07:14.331   562 19051 D WVCdm   : CryptoSession::Open: Lock: requested_security_level: L3
11-01 00:07:14.337   562 19051 W WVCdm   : DeviceFiles::RetrieveHashedFile: /data/mediadrm/IDM1013/L3/cert.bin does not exist
11-01 00:07:14.338   562 19051 D QSEECOMAPI: : QSEECom_dealloc_memory 
11-01 00:07:14.338   562 19051 D QSEECOMAPI: : QSEECom_shutdown_app, app_id = 3573
11-01 00:07:14.358   562 28303 I WVCdm   : Level3 Library 4445 May 19 2017 17:17:20
11-01 00:07:14.364   562 28303 D QSEECOMAPI: : QSEECom_get_handle sb_length = 0x19000
11-01 00:07:14.364   562 28303 D QSEECOMAPI: : App is not loaded in QSEE
11-01 00:07:14.413   562 28303 D QSEECOMAPI: : Loaded image: APP id = 3574
11-01 00:07:14.417   562 28303 D QSAPPSVER: qsapps_get_capabilities: Capability from secure side: 0x0
11-01 00:07:14.417   562 28303 D QSAPPSVER: qsapps_get_capabilities: returns 0
11-01 00:07:14.417   562 28303 E DrmWidevineDash: sion_buffer g_wv_fhandle->ion_sbuffer  0x0xeeb26000
11-01 00:07:14.420   372   376 D DrmLibTime: got the req here! ret=0
11-01 00:07:14.420   372   376 D DrmLibTime: command id, time_cmd_id = 770
11-01 00:07:14.420   372   376 D DrmLibTime: time_getutcsec starts!
11-01 00:07:14.420   372   376 D DrmLibTime: QSEE Time Listener: time_getutcsec
11-01 00:07:14.420   372   376 D DrmLibTime: QSEE Time Listener: get_utc_seconds
11-01 00:07:14.420   372   376 D DrmLibTime: QSEE Time Listener: time_get_modem_time
11-01 00:07:14.420   372   376 D DrmLibTime: QSEE Time Listener: Checking if ATS_MODEM is set or not.
11-01 00:07:14.420   372   376 D QC-time-services: Lib:time_genoff_operation: pargs->base = 13
11-01 00:07:14.420   372   376 D QC-time-services: Lib:time_genoff_operation: pargs->operation = 2
11-01 00:07:14.420   372   376 D QC-time-services: Lib:time_genoff_operation: pargs->ts_val = 0
11-01 00:07:14.420   372   376 D QC-time-services: Lib:time_genoff_operation: Send to server  passed!!
11-01 00:07:14.420   625   647 D QC-time-services: Daemon: Connection accepted:time_genoff
11-01 00:07:14.420   625 21457 D QC-time-services: Daemon:Received base = 13, unit = 1, operation = 2,value = 0
11-01 00:07:14.420   625 21457 D QC-time-services: Daemon:genoff_opr: Base = 13, val = 0, operation = 2
11-01 00:07:14.420   625 21457 D QC-time-services: offset is: 0 for base: 13
11-01 00:07:14.420   372   376 E QC-time-services: Receive Passed == base = 13, unit = 1, operation = 2, result = 0
11-01 00:07:14.420   372   376 D DrmLibTime: QSEE Time Listener: ATS_MODEM is not set. Fallback to Android system time.
11-01 00:07:14.420   372   376 D DrmLibTime: QSEE Time Listener: Retrieved Android system time: 1667257634
11-01 00:07:14.420   372   376 D DrmLibTime: time_getutcsec returns 0, sec = 1667257634; nsec = 0
11-01 00:07:14.420   372   376 D DrmLibTime: time_getutcsec finished! 
11-01 00:07:14.420   372   376 D DrmLibTime: iotcl_continue_command finished! and return 0 
11-01 00:07:14.420   372   376 D DrmLibTime: before calling ioctl to read the next time_cmd
11-01 00:07:14.421   625   647 E QC-time-services: Daemon: Time-services: Waiting to acceptconnection
11-01 00:07:14.458   562 28303 D WVCdm   : OEMCrypto_Initialize Level 1 success. I will use level 1.
11-01 00:07:14.459   562 28303 D WVCdm   : CryptoSession::Open: Lock: requested_security_level: L3
11-01 00:07:14.469 20915 20915 I cr_media: Provisioning origin ID 1B308CE884357659AF41617305504CF1
11-01 00:07:14.471 20915 20915 I MediaDrm: Drm event (1,0)
11-01 00:07:14.471 20915 20915 E cr_media: EventListener: No session for event 1.
11-01 00:07:14.510 21458 21458 E /system/bin/webview_zygote32: failed to make and chown /acct/uid_99069: Permission denied
11-01 00:07:14.510 21458 21458 E Zygote  : createProcessGroup(99069, 0) failed: Permission denied
11-01 00:07:14.514   772 20193 I ActivityManager: Start proc 21458:com.android.chrome:sandboxed_process12/u0i69 for webview_service com.android.chrome/org.chromium.content.app.SandboxedProcessService12
11-01 00:07:14.526   562  5487 D QSEECOMAPI: : QSEECom_dealloc_memory 
11-01 00:07:14.526   562  5487 D QSEECOMAPI: : QSEECom_shutdown_app, app_id = 3574
11-01 00:07:14.532 21458 21458 I SamplingProfilerIntegration: Profiling disabled.
11-01 00:07:14.549 20915 20915 I cr_media: Create MediaDrmBridge with level L1 and origin 1B308CE884357659AF41617305504CF1
11-01 00:07:14.551   361   361 W /system/bin/hwservicemanager: getTransportFromManifest: Cannot find entry android.hardware.drm@1.0::IDrmFactory in either framework or device manifest, using default transport.
11-01 00:07:14.555   562 19050 I DrmHal  : makeDrmFactories: using default drm instance
11-01 00:07:14.557 21472 21472 E asset   : setgid: Operation not permitted
11-01 00:07:14.558   361   361 W /system/bin/hwservicemanager: getTransportFromManifest: Cannot find entry android.hardware.drm@1.0::IDrmFactory in either framework or device manifest, using default transport.
11-01 00:07:14.561   562 19051 I DrmHal  : makeDrmFactories: using default drm instance
11-01 00:07:14.562   562   562 I WVCdm   : CdmEngine::QueryStatus
11-01 00:07:14.563   562   562 I WVCdm   : Level3 Library 4445 May 19 2017 17:17:20
11-01 00:07:14.567   562   562 D QSEECOMAPI: : QSEECom_get_handle sb_length = 0x19000
11-01 00:07:14.567   562   562 D QSEECOMAPI: : App is not loaded in QSEE
11-01 00:07:14.587 21458 21458 I cr_SplitCompatApp: Launched version=106.0.5249.79 minSdkVersion=24 isBundle=true processName=com.android.chrome:sandboxed_process12 isIsolated=true
11-01 00:07:14.592 21458 21458 W SystemServiceRegistry: No service published for: uimode
11-01 00:07:14.604 21458 21458 I cr_ChildProcessService: Creating new ChildProcessService pid=21458
11-01 00:07:14.613 21458 21458 E WebViewFactory: can't load with relro file; address space not reserved
11-01 00:07:14.618   562   562 D QSEECOMAPI: : Loaded image: APP id = 3575
11-01 00:07:14.621   562   562 D QSAPPSVER: qsapps_get_capabilities: Capability from secure side: 0x0
11-01 00:07:14.621   562   562 D QSAPPSVER: qsapps_get_capabilities: returns 0
11-01 00:07:14.621   562   562 E DrmWidevineDash: sion_buffer g_wv_fhandle->ion_sbuffer  0x0xeeb08000
11-01 00:07:14.623 21458 21476 I cr_LibraryLoader: Successfully loaded native library
11-01 00:07:14.624 21458 21476 I cr_CachingUmaRecorder: Flushed 3 samples from 3 histograms.
11-01 00:07:14.625   372   376 D DrmLibTime: got the req here! ret=0
11-01 00:07:14.625   372   376 D DrmLibTime: command id, time_cmd_id = 770
11-01 00:07:14.625   372   376 D DrmLibTime: time_getutcsec starts!
11-01 00:07:14.625   372   376 D DrmLibTime: QSEE Time Listener: time_getutcsec
11-01 00:07:14.625   372   376 D DrmLibTime: QSEE Time Listener: get_utc_seconds
11-01 00:07:14.625   372   376 D DrmLibTime: QSEE Time Listener: time_get_modem_time
11-01 00:07:14.625   372   376 D DrmLibTime: QSEE Time Listener: Checking if ATS_MODEM is set or not.
11-01 00:07:14.625   372   376 D QC-time-services: Lib:time_genoff_operation: pargs->base = 13
11-01 00:07:14.625   372   376 D QC-time-services: Lib:time_genoff_operation: pargs->operation = 2
11-01 00:07:14.625   372   376 D QC-time-services: Lib:time_genoff_operation: pargs->ts_val = 0
11-01 00:07:14.625   372   376 D QC-time-services: Lib:time_genoff_operation: Send to server  passed!!
11-01 00:07:14.625   625   647 D QC-time-services: Daemon: Connection accepted:time_genoff
11-01 00:07:14.626   625 21477 D QC-time-services: Daemon:Received base = 13, unit = 1, operation = 2,value = 0
11-01 00:07:14.626   625 21477 D QC-time-services: Daemon:genoff_opr: Base = 13, val = 0, operation = 2
11-01 00:07:14.626   625 21477 D QC-time-services: offset is: 0 for base: 13
11-01 00:07:14.626   372   376 E QC-time-services: Receive Passed == base = 13, unit = 1, operation = 2, result = 0
11-01 00:07:14.626   372   376 D DrmLibTime: QSEE Time Listener: ATS_MODEM is not set. Fallback to Android system time.
11-01 00:07:14.626   372   376 D DrmLibTime: QSEE Time Listener: Retrieved Android system time: 1667257634
11-01 00:07:14.626   372   376 D DrmLibTime: time_getutcsec returns 0, sec = 1667257634; nsec = 0
11-01 00:07:14.626   372   376 D DrmLibTime: time_getutcsec finished! 
11-01 00:07:14.626   372   376 D DrmLibTime: iotcl_continue_command finished! and return 0 
11-01 00:07:14.626   372   376 D DrmLibTime: before calling ioctl to read the next time_cmd
11-01 00:07:14.626   625   647 E QC-time-services: Daemon: Time-services: Waiting to acceptconnection
11-01 00:07:14.655 21482 21482 W ThreadPoolForeg: type=1400 audit(0.0:19919): avc: denied { setattr } for name="LICENSE.txt" dev="dm-2" ino=1505008 scontext=u:r:isolated_app:s0:c512,c768 tcontext=u:object_r:app_data_file:s0:c512,c768 tclass=file permissive=0
11-01 00:07:14.659 21482 21482 W ThreadPoolForeg: type=1400 audit(0.0:19920): avc: denied { setattr } for name=46696C746572696E672052756C6573 dev="dm-2" ino=1505020 scontext=u:r:isolated_app:s0:c512,c768 tcontext=u:object_r:app_data_file:s0:c512,c768 tclass=file permissive=0
11-01 00:07:14.662 21482 21482 W ThreadPoolForeg: type=1400 audit(0.0:19921): avc: denied { setattr } for name="manifest.json" dev="dm-2" ino=1505025 scontext=u:r:isolated_app:s0:c512,c768 tcontext=u:object_r:app_data_file:s0:c512,c768 tclass=file permissive=0
11-01 00:07:14.662   562   562 D WVCdm   : OEMCrypto_Initialize Level 1 success. I will use level 1.
11-01 00:07:14.663   562   562 D QSEECOMAPI: : QSEECom_dealloc_memory 
11-01 00:07:14.663   562   562 D QSEECOMAPI: : QSEECom_shutdown_app, app_id = 3575
11-01 00:07:14.665 21482 21482 W ThreadPoolForeg: type=1400 audit(0.0:19922): avc: denied { setattr } for name="verified_contents.json" dev="dm-2" ino=1505027 scontext=u:r:isolated_app:s0:c512,c768 tcontext=u:object_r:app_data_file:s0:c512,c768 tclass=file permissive=0
11-01 00:07:14.673 21458 21476 I chromium: [INFO:child_process_service.cc(69)] ChildProcessService: Exiting child process.
11-01 00:07:14.679   422   422 E lowmemorykiller: Error writing /proc/21458/oom_score_adj; errno=22
11-01 00:07:14.679   562  5487 I WVCdm   : CdmEngine::OpenSession
11-01 00:07:14.680   772  4540 I ActivityManager: Killing 21458:com.android.chrome:sandboxed_process12/u0a60i69 (adj 0): isolated not needed
11-01 00:07:14.680   772   790 W zygote64: failed to open /acct/uid_99069/pid_21458/cgroup.procs: No such file or directory
11-01 00:07:14.680   562  5487 I WVCdm   : Level3 Library 4445 May 19 2017 17:17:20
11-01 00:07:14.684   562  5487 D QSEECOMAPI: : QSEECom_get_handle sb_length = 0x19000
11-01 00:07:14.684   562  5487 D QSEECOMAPI: : App is not loaded in QSEE
11-01 00:07:14.729   562  5487 D QSEECOMAPI: : Loaded image: APP id = 3576
11-01 00:07:14.731   562  5487 D QSAPPSVER: qsapps_get_capabilities: Capability from secure side: 0x0
11-01 00:07:14.731   562  5487 D QSAPPSVER: qsapps_get_capabilities: returns 0
11-01 00:07:14.731   562  5487 E DrmWidevineDash: sion_buffer g_wv_fhandle->ion_sbuffer  0x0xeeb08000
11-01 00:07:14.734   372   376 D DrmLibTime: got the req here! ret=0
11-01 00:07:14.734   372   376 D DrmLibTime: command id, time_cmd_id = 770
11-01 00:07:14.734   372   376 D DrmLibTime: time_getutcsec starts!
11-01 00:07:14.734   372   376 D DrmLibTime: QSEE Time Listener: time_getutcsec
11-01 00:07:14.734   372   376 D DrmLibTime: QSEE Time Listener: get_utc_seconds
11-01 00:07:14.734   372   376 D DrmLibTime: QSEE Time Listener: time_get_modem_time
11-01 00:07:14.734   372   376 D DrmLibTime: QSEE Time Listener: Checking if ATS_MODEM is set or not.
11-01 00:07:14.734   372   376 D QC-time-services: Lib:time_genoff_operation: pargs->base = 13
11-01 00:07:14.734   372   376 D QC-time-services: Lib:time_genoff_operation: pargs->operation = 2
11-01 00:07:14.734   372   376 D QC-time-services: Lib:time_genoff_operation: pargs->ts_val = 0
11-01 00:07:14.735   372   376 D QC-time-services: Lib:time_genoff_operation: Send to server  passed!!
11-01 00:07:14.735   625   647 D QC-time-services: Daemon: Connection accepted:time_genoff
11-01 00:07:14.735   625 21484 D QC-time-services: Daemon:Received base = 13, unit = 1, operation = 2,value = 0
11-01 00:07:14.735   625 21484 D QC-time-services: Daemon:genoff_opr: Base = 13, val = 0, operation = 2
11-01 00:07:14.735   625 21484 D QC-time-services: offset is: 0 for base: 13
11-01 00:07:14.735   372   376 E QC-time-services: Receive Passed == base = 13, unit = 1, operation = 2, result = 0
11-01 00:07:14.735   372   376 D DrmLibTime: QSEE Time Listener: ATS_MODEM is not set. Fallback to Android system time.
11-01 00:07:14.735   372   376 D DrmLibTime: QSEE Time Listener: Retrieved Android system time: 1667257634
11-01 00:07:14.735   372   376 D DrmLibTime: time_getutcsec returns 0, sec = 1667257634; nsec = 0
11-01 00:07:14.735   372   376 D DrmLibTime: time_getutcsec finished! 
11-01 00:07:14.735   372   376 D DrmLibTime: iotcl_continue_command finished! and return 0 
11-01 00:07:14.735   372   376 D DrmLibTime: before calling ioctl to read the next time_cmd
11-01 00:07:14.736   625   647 E QC-time-services: Daemon: Time-services: Waiting to acceptconnection
11-01 00:07:14.771   562  5487 D WVCdm   : OEMCrypto_Initialize Level 1 success. I will use level 1.
11-01 00:07:14.771   562  5487 D WVCdm   : CryptoSession::Open: Lock: requested_security_level: Default
11-01 00:07:14.773   562  5487 W WVCdm   : DeviceFiles::RetrieveHashedFile: /data/mediadrm/IDM1013/L1/cert.bin does not exist
11-01 00:07:14.774   562  5487 D QSEECOMAPI: : QSEECom_dealloc_memory 
11-01 00:07:14.774   562  5487 D QSEECOMAPI: : QSEECom_shutdown_app, app_id = 3576
11-01 00:07:14.786   562 28303 I WVCdm   : Level3 Library 4445 May 19 2017 17:17:20
11-01 00:07:14.792   562 28303 D QSEECOMAPI: : QSEECom_get_handle sb_length = 0x19000
11-01 00:07:14.792   562 28303 D QSEECOMAPI: : App is not loaded in QSEE
11-01 00:07:14.846   562 28303 D QSEECOMAPI: : Loaded image: APP id = 3577
11-01 00:07:14.851   562 28303 D QSAPPSVER: qsapps_get_capabilities: Capability from secure side: 0x0
11-01 00:07:14.851   562 28303 D QSAPPSVER: qsapps_get_capabilities: returns 0
11-01 00:07:14.851   562 28303 E DrmWidevineDash: sion_buffer g_wv_fhandle->ion_sbuffer  0x0xeeb44000
11-01 00:07:14.853   372   376 D DrmLibTime: got the req here! ret=0
11-01 00:07:14.853   372   376 D DrmLibTime: command id, time_cmd_id = 770
11-01 00:07:14.853   372   376 D DrmLibTime: time_getutcsec starts!
11-01 00:07:14.853   372   376 D DrmLibTime: QSEE Time Listener: time_getutcsec
11-01 00:07:14.853   372   376 D DrmLibTime: QSEE Time Listener: get_utc_seconds
11-01 00:07:14.853   372   376 D DrmLibTime: QSEE Time Listener: time_get_modem_time
11-01 00:07:14.853   372   376 D DrmLibTime: QSEE Time Listener: Checking if ATS_MODEM is set or not.
11-01 00:07:14.853   372   376 D QC-time-services: Lib:time_genoff_operation: pargs->base = 13
11-01 00:07:14.853   372   376 D QC-time-services: Lib:time_genoff_operation: pargs->operation = 2
11-01 00:07:14.853   372   376 D QC-time-services: Lib:time_genoff_operation: pargs->ts_val = 0
11-01 00:07:14.853   372   376 D QC-time-services: Lib:time_genoff_operation: Send to server  passed!!
11-01 00:07:14.853   625   647 D QC-time-services: Daemon: Connection accepted:time_genoff
11-01 00:07:14.854   625 21485 D QC-time-services: Daemon:Received base = 13, unit = 1, operation = 2,value = 0
11-01 00:07:14.854   625 21485 D QC-time-services: Daemon:genoff_opr: Base = 13, val = 0, operation = 2
11-01 00:07:14.854   625 21485 D QC-time-services: offset is: 0 for base: 13
11-01 00:07:14.854   372   376 E QC-time-services: Receive Passed == base = 13, unit = 1, operation = 2, result = 0
11-01 00:07:14.854   372   376 D DrmLibTime: QSEE Time Listener: ATS_MODEM is not set. Fallback to Android system time.
11-01 00:07:14.854   372   376 D DrmLibTime: QSEE Time Listener: Retrieved Android system time: 1667257634
11-01 00:07:14.854   372   376 D DrmLibTime: time_getutcsec returns 0, sec = 1667257634; nsec = 0
11-01 00:07:14.854   372   376 D DrmLibTime: time_getutcsec finished! 
11-01 00:07:14.854   372   376 D DrmLibTime: iotcl_continue_command finished! and return 0 
11-01 00:07:14.854   372   376 D DrmLibTime: before calling ioctl to read the next time_cmd
11-01 00:07:14.854   625   647 E QC-time-services: Daemon: Time-services: Waiting to acceptconnection
11-01 00:07:14.878   562 28303 D WVCdm   : OEMCrypto_Initialize Level 1 success. I will use level 1.
11-01 00:07:14.879   562 28303 D WVCdm   : CryptoSession::Open: Lock: requested_security_level: Default
11-01 00:07:14.947   562 28303 E DrmWidevineDash: OEMCrypto_GenerateSignature : input wrapped_rsa_key == NULL!, return short buffer
11-01 00:07:14.949 20915 20915 I cr_media: Provisioning origin ID 1B308CE884357659AF41617305504CF1
11-01 00:07:14.952 20915 20915 W chromium: [WARNING:compositor_view.cc(342)] Child process died (type=6) pid=21458)
11-01 00:07:14.955 20915 20915 I MediaDrm: Drm event (1,0)
11-01 00:07:14.955 20915 20915 E cr_media: EventListener: No session for event 1.
11-01 00:07:14.993   562 19050 E DrmWidevineDash: OEMCrypto_RewrapDeviceRSAKey : input wrapped_rsa_key == NULL!, return short buffer
11-01 00:07:15.008   562 19050 D QSEECOMAPI: : QSEECom_dealloc_memory 
11-01 00:07:15.008   562 19050 D QSEECOMAPI: : QSEECom_shutdown_app, app_id = 3577
11-01 00:07:16.865 21486 21486 E /system/bin/webview_zygote32: failed to make and chown /acct/uid_99070: Permission denied
11-01 00:07:16.865 21486 21486 E Zygote  : createProcessGroup(99070, 0) failed: Permission denied
11-01 00:07:16.868   772 10894 I ActivityManager: Start proc 21486:com.android.chrome:sandboxed_process13/u0i70 for webview_service com.android.chrome/org.chromium.content.app.SandboxedProcessService13
11-01 00:07:16.881 21486 21486 I SamplingProfilerIntegration: Profiling disabled.
11-01 00:07:16.899 21499 21499 E asset   : setgid: Operation not permitted
11-01 00:07:16.928 21486 21486 I cr_SplitCompatApp: Launched version=106.0.5249.79 minSdkVersion=24 isBundle=true processName=com.android.chrome:sandboxed_process13 isIsolated=true
11-01 00:07:16.936 21486 21486 W SystemServiceRegistry: No service published for: uimode
11-01 00:07:16.950 21486 21486 I cr_ChildProcessService: Creating new ChildProcessService pid=21486
11-01 00:07:16.963 21486 21486 E WebViewFactory: can't load with relro file; address space not reserved
11-01 00:07:16.975 21486 21501 I cr_LibraryLoader: Successfully loaded native library
11-01 00:07:16.976 21486 21501 I cr_CachingUmaRecorder: Flushed 3 samples from 3 histograms.
11-01 00:07:17.062 21505 21505 W ThreadPoolForeg: type=1400 audit(0.0:19923): avc: denied { setattr } for name="tl_en-us_2022-10-26_484799359_100000_index.bin" dev="dm-2" ino=1505042 scontext=u:r:isolated_app:s0:c512,c768 tcontext=u:object_r:app_data_file:s0:c512,c768 tclass=file permissive=0
11-01 00:07:17.069 21505 21505 W ThreadPoolForeg: type=1400 audit(0.0:19924): avc: denied { setattr } for name="manifest.json" dev="dm-2" ino=1505043 scontext=u:r:isolated_app:s0:c512,c768 tcontext=u:object_r:app_data_file:s0:c512,c768 tclass=file permissive=0
11-01 00:07:17.079 21505 21505 W ThreadPoolForeg: type=1400 audit(0.0:19925): avc: denied { setattr } for name="verified_contents.json" dev="dm-2" ino=1505049 scontext=u:r:isolated_app:s0:c512,c768 tcontext=u:object_r:app_data_file:s0:c512,c768 tclass=file permissive=0
11-01 00:07:17.091 21486 21501 I chromium: [INFO:child_process_service.cc(69)] ChildProcessService: Exiting child process.
11-01 00:07:17.098   422   422 E lowmemorykiller: Error writing /proc/21486/oom_score_adj; errno=22
11-01 00:07:17.099   772  2969 I ActivityManager: Killing 21486:com.android.chrome:sandboxed_process13/u0a60i70 (adj 0): isolated not needed
11-01 00:07:17.103   772   790 W zygote64: failed to open /acct/uid_99070/pid_21486/cgroup.procs: No such file or directory
11-01 00:07:17.124 20915 20915 W chromium: [WARNING:compositor_view.cc(342)] Child process died (type=6) pid=21486)
11-01 00:07:19.116   568   709 E NetlinkListener: recvmsg failed (No buffer space available)
11-01 00:07:19.410 21508 21508 E /system/bin/webview_zygote32: failed to make and chown /acct/uid_99071: Permission denied
11-01 00:07:19.411 21508 21508 E Zygote  : createProcessGroup(99071, 0) failed: Permission denied
11-01 00:07:19.419   772  3041 I ActivityManager: Start proc 21508:com.android.chrome:sandboxed_process14/u0i71 for webview_service com.android.chrome/org.chromium.content.app.SandboxedProcessService14
11-01 00:07:19.436 21508 21508 I SamplingProfilerIntegration: Profiling disabled.
11-01 00:07:19.462 21521 21521 E asset   : setgid: Operation not permitted
11-01 00:07:19.508 21508 21508 I cr_SplitCompatApp: Launched version=106.0.5249.79 minSdkVersion=24 isBundle=true processName=com.android.chrome:sandboxed_process14 isIsolated=true
11-01 00:07:19.516 21508 21508 W SystemServiceRegistry: No service published for: uimode
11-01 00:07:19.531 21508 21508 I cr_ChildProcessService: Creating new ChildProcessService pid=21508
11-01 00:07:19.541 21508 21508 E WebViewFactory: can't load with relro file; address space not reserved
11-01 00:07:19.553 21508 21522 I cr_LibraryLoader: Successfully loaded native library
11-01 00:07:19.554 21508 21522 I cr_CachingUmaRecorder: Flushed 3 samples from 3 histograms.
11-01 00:07:19.605 21525 21525 W ThreadPoolForeg: type=1400 audit(0.0:19926): avc: denied { setattr } for name="optimization-hints.pb" dev="dm-2" ino=1505055 scontext=u:r:isolated_app:s0:c512,c768 tcontext=u:object_r:app_data_file:s0:c512,c768 tclass=file permissive=0
11-01 00:07:19.609 21525 21525 W ThreadPoolForeg: type=1400 audit(0.0:19927): avc: denied { setattr } for name="manifest.json" dev="dm-2" ino=1505056 scontext=u:r:isolated_app:s0:c512,c768 tcontext=u:object_r:app_data_file:s0:c512,c768 tclass=file permissive=0
11-01 00:07:19.615 21525 21525 W ThreadPoolForeg: type=1400 audit(0.0:19928): avc: denied { setattr } for name="verified_contents.json" dev="dm-2" ino=1505058 scontext=u:r:isolated_app:s0:c512,c768 tcontext=u:object_r:app_data_file:s0:c512,c768 tclass=file permissive=0
11-01 00:07:19.624 21508 21522 I chromium: [INFO:child_process_service.cc(69)] ChildProcessService: Exiting child process.
11-01 00:07:19.630   422   422 E lowmemorykiller: Error writing /proc/21508/oom_score_adj; errno=22
11-01 00:07:19.631   772   785 I ActivityManager: Killing 21508:com.android.chrome:sandboxed_process14/u0a60i71 (adj 0): isolated not needed
11-01 00:07:19.632   772   790 W zygote64: failed to open /acct/uid_99071/pid_21508/cgroup.procs: No such file or directory
11-01 00:07:19.643 20915 20915 W chromium: [WARNING:compositor_view.cc(342)] Child process died (type=6) pid=21508)
11-01 00:07:22.344 21529 21529 E /system/bin/webview_zygote32: failed to make and chown /acct/uid_99072: Permission denied
11-01 00:07:22.344 21529 21529 E Zygote  : createProcessGroup(99072, 0) failed: Permission denied
11-01 00:07:22.352   772  2969 I ActivityManager: Start proc 21529:com.android.chrome:sandboxed_process15/u0i72 for webview_service com.android.chrome/org.chromium.content.app.SandboxedProcessService15
11-01 00:07:22.387 21529 21529 I SamplingProfilerIntegration: Profiling disabled.
11-01 00:07:22.414 21542 21542 E asset   : setgid: Operation not permitted
11-01 00:07:22.461 21529 21529 I cr_SplitCompatApp: Launched version=106.0.5249.79 minSdkVersion=24 isBundle=true processName=com.android.chrome:sandboxed_process15 isIsolated=true
11-01 00:07:22.469 21529 21529 W SystemServiceRegistry: No service published for: uimode
11-01 00:07:22.483 21529 21529 I cr_ChildProcessService: Creating new ChildProcessService pid=21529
11-01 00:07:22.494 21529 21529 E WebViewFactory: can't load with relro file; address space not reserved
11-01 00:07:22.510 21529 21544 I cr_LibraryLoader: Successfully loaded native library
11-01 00:07:22.512 21529 21544 I cr_CachingUmaRecorder: Flushed 3 samples from 3 histograms.
11-01 00:07:22.555 21547 21547 W ThreadPoolForeg: type=1400 audit(0.0:19929): avc: denied { setattr } for name="ssl_error_assistant.pb" dev="dm-2" ino=1505061 scontext=u:r:isolated_app:s0:c512,c768 tcontext=u:object_r:app_data_file:s0:c512,c768 tclass=file permissive=0
11-01 00:07:22.555 21547 21547 W ThreadPoolForeg: type=1400 audit(0.0:19930): avc: denied { setattr } for name="ssl_error_assistant.pb" dev="dm-2" ino=1505061 scontext=u:r:isolated_app:s0:c512,c768 tcontext=u:object_r:app_data_file:s0:c512,c768 tclass=file permissive=0
11-01 00:07:22.555 21547 21547 W ThreadPoolForeg: type=1400 audit(0.0:19931): avc: denied { setattr } for name="manifest.json" dev="dm-2" ino=1505062 scontext=u:r:isolated_app:s0:c512,c768 tcontext=u:object_r:app_data_file:s0:c512,c768 tclass=file permissive=0
11-01 00:07:22.562 21547 21547 W ThreadPoolForeg: type=1400 audit(0.0:19932): avc: denied { setattr } for name="verified_contents.json" dev="dm-2" ino=1505064 scontext=u:r:isolated_app:s0:c512,c768 tcontext=u:object_r:app_data_file:s0:c512,c768 tclass=file permissive=0
11-01 00:07:22.573 21529 21544 I chromium: [INFO:child_process_service.cc(69)] ChildProcessService: Exiting child process.
11-01 00:07:22.577   772  2969 I ActivityManager: Killing 21529:com.android.chrome:sandboxed_process15/u0a60i72 (adj 0): isolated not needed
11-01 00:07:22.578   422   422 E lowmemorykiller: Error writing /proc/21529/oom_score_adj; errno=22
11-01 00:07:22.578   772   790 W zygote64: failed to open /acct/uid_99072/pid_21529/cgroup.procs: No such file or directory
11-01 00:07:22.599 20915 20915 W chromium: [WARNING:compositor_view.cc(342)] Child process died (type=6) pid=21529)
11-01 00:07:25.651 21562 21562 E /system/bin/webview_zygote32: failed to make and chown /acct/uid_99073: Permission denied
11-01 00:07:25.651 21562 21562 E Zygote  : createProcessGroup(99073, 0) failed: Permission denied
11-01 00:07:25.653   772   785 I ActivityManager: Start proc 21562:com.android.chrome:sandboxed_process16/u0i73 for webview_service com.android.chrome/org.chromium.content.app.SandboxedProcessService16
11-01 00:07:25.663   772 10893 I ActivityManager: Force stopping com.android.chrome appid=10060 user=0: from pid 21561
11-01 00:07:25.663   772 10893 I ActivityManager: Killing 20985:com.android.chrome:privileged_process0/u0a60 (adj 0): stop com.android.chrome
11-01 00:07:25.664   772 10893 W ActivityManager: Scheduling restart of crashed service com.android.chrome/org.chromium.content.app.PrivilegedProcessService0 in 1000ms
11-01 00:07:25.667   772 10893 I ActivityManager: Killing 20915:com.android.chrome/u0a60 (adj 0): stop com.android.chrome
11-01 00:07:25.670 29692 29692 D BoundBrokerSvc: onUnbind: Intent { act=com.google.android.gms.auth.key.retrieval.service.START dat=chimera-action:com.google.android.gms.auth.key.retrieval.service.START cmp=com.google.android.gms/.chimera.GmsApiService }
11-01 00:07:25.671 21562 21562 I SamplingProfilerIntegration: Profiling disabled.
11-01 00:07:25.672   772 10893 I ActivityManager: Killing 20953:com.android.chrome:sandboxed_process0/u0a60i57 (adj 0): isolated not needed
11-01 00:07:25.674   772 10893 W ActivityManager: Force removing ActivityRecord{9ba4c3 u0 com.android.chrome/com.google.android.apps.chrome.Main t973}: app died, no saved state
11-01 00:07:25.678   772 10893 I WindowManager: Failed to capture screenshot of Token{4ac140 ActivityRecord{9ba4c3 u0 com.android.chrome/com.google.android.apps.chrome.Main t973 f}} appWin=Window{3834d9c u0 com.android.chrome/com.google.android.apps.chrome.Main} drawState=4
11-01 00:07:25.678 17973 17973 I MemoryTrimmer: Trimming objects from memory, since app is in the background.
11-01 00:07:25.685 21205 21205 I cr_ChildProcessService: Destroying ChildProcessService pid=21205
11-01 00:07:25.691   772 10893 I ActivityManager: Killing 21205:com.android.chrome:sandboxed_process3/u0a60i60 (adj 0): isolated not needed
11-01 00:07:25.702   772  1324 I ActivityManager: Killing 21562:com.android.chrome:sandboxed_process16/u0a60i73 (adj 900): isolated not needed
11-01 00:07:25.706  1311  1311 D CarrierSvcBindHelper: No carrier app for: 0
11-01 00:07:25.723   772 10895 D ConnectivityService: ConnectivityService NetworkRequestInfo binderDied(NetworkRequest [ LISTEN id=2409, [ Capabilities: INTERNET&NOT_RESTRICTED&TRUSTED&FOREGROUND] ], android.os.BinderProxy@73e85c2)
11-01 00:07:25.723   772 20193 D ConnectivityService: ConnectivityService NetworkRequestInfo binderDied(NetworkRequest [ LISTEN id=2407, [ Capabilities: INTERNET&NOT_RESTRICTED&TRUSTED&FOREGROUND] ], android.os.BinderProxy@86c3fd3)
11-01 00:07:25.725   772  3854 D ConnectivityService: ConnectivityService NetworkRequestInfo binderDied(NetworkRequest [ LISTEN id=2408, [ Capabilities: INTERNET&NOT_RESTRICTED&TRUSTED&FOREGROUND] ], android.os.BinderProxy@1bba710)
11-01 00:07:25.725   772   862 E ConnectivityService: RemoteException caught trying to send a callback msg for NetworkRequest [ LISTEN id=2409, [ Capabilities: INTERNET&NOT_RESTRICTED&TRUSTED&FOREGROUND] ]
11-01 00:07:25.725  2964  2964 D RegisteredNfcFServicesCache: Service unchanged, not updating
11-01 00:07:25.725   772   797 W ActivityManager: setHasOverlayUi called on unknown pid: 20915
11-01 00:07:25.725   772   862 E ConnectivityService: RemoteException caught trying to send a callback msg for NetworkRequest [ LISTEN id=2407, [ Capabilities: INTERNET&NOT_RESTRICTED&TRUSTED&FOREGROUND] ]
11-01 00:07:25.726   772   862 E ConnectivityService: RemoteException caught trying to send a callback msg for NetworkRequest [ LISTEN id=2408, [ Capabilities: INTERNET&NOT_RESTRICTED&TRUSTED&FOREGROUND] ]
11-01 00:07:25.738  8266  8321 I Adreno  : QUALCOMM build                   : 7142022, Ib5823dd10c
11-01 00:07:25.738  8266  8321 I Adreno  : Build Date                       : 06/23/17
11-01 00:07:25.738  8266  8321 I Adreno  : OpenGL ES Shader Compiler Version: EV031.18.00.00
11-01 00:07:25.738  8266  8321 I Adreno  : Local Branch                     : O11A
11-01 00:07:25.738  8266  8321 I Adreno  : Remote Branch                    : 
11-01 00:07:25.738  8266  8321 I Adreno  : Remote Branch                    : 
11-01 00:07:25.738  8266  8321 I Adreno  : Reconstruct Branch               : 
11-01 00:07:25.739   772   790 W zygote64: failed to open /acct/uid_99057/pid_20953/cgroup.procs: No such file or directory
11-01 00:07:25.739   772   790 W zygote64: failed to open /acct/uid_99060/pid_21205/cgroup.procs: No such file or directory
11-01 00:07:25.739   772   790 W zygote64: failed to open /acct/uid_99073/pid_21562/cgroup.procs: No such file or directory
11-01 00:07:25.748  8266  8321 I vndksupport: sphal namespace is not configured for this process. Loading /vendor/lib64/hw/gralloc.msm8992.so from the current namespace instead.
11-01 00:07:25.752  8266  8321 I Adreno  : PFP: 0x00000000, ME: 0x00000000
11-01 00:07:25.755  8266  8321 I OpenGLRenderer: Initialized EGL, version 1.4
11-01 00:07:25.756  8266  8321 D OpenGLRenderer: Swap behavior 2
11-01 00:07:25.794   772  2969 W ActivityManager: Unable to start service Intent { act=com.google.android.gms.speech.service.START pkg=com.google.android.gms } U=0: not found
11-01 00:07:25.795   772 29404 W ActivityManager: Unbind failed: could not find connection for android.os.BinderProxy@32cc4be
11-01 00:07:25.795 17973 18016 E GmsClient: unable to connect to service: com.google.android.gms.speech.service.START on com.google.android.gms
11-01 00:07:25.809 17973 17985 W SessionLifecycleManager: Handover failed. Creating new session controller.
11-01 00:07:25.814 17973 17973 I OptInState: There is a new client and it does not support opt-in. Dropping request.
11-01 00:07:25.846 17973 17973 I MicroDetectionWorker: #updateMicroDetector [detectionMode: [mDetectionMode: [1]]]
11-01 00:07:25.847 17973 17973 I MicroDetectionWorker: #startMicroDetector [speakerMode: 0]
11-01 00:07:25.850 17973 17973 I MicroDetectionWorker: onReady
11-01 00:07:25.851 17973 18008 I MicroRecognitionRunner: Starting detection.
11-01 00:07:25.852 17973 18011 I MicrophoneInputStream: mic_starting com.google.android.apps.gsa.speech.audio.af@2f2a6da
11-01 00:07:25.858   556  7524 W DeviceHAL: Device 0xefa2d000 open_input_stream: Invalid argument
11-01 00:07:25.859   556 21587 I AudioFlinger: AudioFlinger's thread 0xec603380 tid=21587 ready to run
11-01 00:07:25.868   556   753 I SoundTriggerHwService::Module: onCallbackEvent no clients
11-01 00:07:25.868 17973 18011 I MicrophoneInputStream: mic_started com.google.android.apps.gsa.speech.audio.af@2f2a6da
11-01 00:07:25.872   556 21588 D sound_trigger_platform: platform_stdev_check_and_update_concurrency: concurrency active 0, tx 1, rx 0, concurrency session_allowed 0
11-01 00:07:25.872   556 21588 D audio_hw_primary: enable_snd_device: snd_device(72: voice-rec-mic)
11-01 00:07:25.878   556 21588 D audio_hw_primary: enable_audio_route: usecase(9) apply and update mixer path: audio-record
11-01 00:07:25.945 17973 17973 I MicroDetectionWorker: onReady
11-01 00:07:26.238 21577 21577 D AndroidRuntime: >>>>>> START com.android.internal.os.RuntimeInit uid 2000 <<<<<<
11-01 00:07:26.274  8266  8321 W OpenGLRenderer: Incorrectly called buildLayer on View: ShortcutAndWidgetContainer, destroying layer...
11-01 00:07:26.455 21577 21577 D AndroidRuntime: Calling main entry com.android.commands.pm.Pm
11-01 00:07:26.470   772 10860 I ActivityManager: Force stopping com.android.chrome appid=10060 user=0: clear data
11-01 00:07:26.476   772   788 I ActivityManager: Force stopping com.android.chrome appid=10060 user=-1: clearApplicationUserData
11-01 00:07:26.568   560   560 I keystore: clear_uid 10060
11-01 00:07:26.592 21577 21577 I app_process: System.exit called, status: 0
11-01 00:07:26.592 21577 21577 I AndroidRuntime: VM exiting with result code 0.
11-01 00:07:26.594  1311  1311 D CarrierSvcBindHelper: No carrier app for: 0
11-01 00:07:26.601   772   787 W ResourceType: No known package when getting value for resource number 0x7f0904db
11-01 00:07:26.601   772   787 W ResourceType: No known package when getting value for resource number 0x7f140670
11-01 00:07:26.602   772   787 W ResourceType: No known package when getting value for resource number 0x7f0904da
11-01 00:07:26.602   772   787 W ResourceType: No known package when getting value for resource number 0x7f14018b
11-01 00:07:26.602   772   787 W ResourceType: No known package when getting value for resource number 0x7f14066f
11-01 00:07:26.602   772   787 W ResourceType: No known package when getting value for resource number 0x7f140434
11-01 00:07:26.602   772   787 E ShortcutService: Ignoring excessive intent tag.
11-01 00:07:26.612  2964  2964 D RegisteredNfcFServicesCache: Service unchanged, not updating
11-01 00:07:26.627 29486 21605 I Fitness : FitCleanupIntentOperation received Intent android.intent.action.PACKAGE_DATA_CLEARED [CONTEXT service_id=17 ]
11-01 00:07:26.641 29692 13083 I Icing   : doRemovePackageData com.android.chrome
11-01 00:07:26.642 29692 13083 I Icing   : Removing corpus key com.android.chrome-omnibox for package com.android.chrome
11-01 00:07:26.666 29692 13083 I native  : I0000 00:00:1667257646.666593   13083 flash-index.cc:1535] Flash index sort hb 13 prefix-hits 21 -> 20 at 13.087ms
11-01 00:07:26.722 29692 13083 I Icing   : Removing corpus key com.android.chrome-.implicit: for package com.android.chrome
11-01 00:07:26.763 29692 13083 I Icing   : Removing corpus key com.android.chrome-internal.3p:WebPage for package com.android.chrome
11-01 00:07:26.827 29692 13083 I Icing   : Starting compaction min disk 99.985% min index 99.993%
11-01 00:07:26.923 29692 13083 I native  : I0000 00:00:1667257646.923693   13083 document-store.cc:1684] Scored 1189 usage reports, missing_corpora 480 update_failed 0
11-01 00:07:26.962   772  3037 I ActivityManager: Force stopping com.android.chrome appid=10060 user=0: from pid 21623
11-01 00:07:26.967  1311  1311 D CarrierSvcBindHelper: No carrier app for: 0
11-01 00:07:26.981 29692 13083 W native  : W0000 00:00:1667257646.981558   13083 words-map.cc:36] INVALID_ARGUMENT: Empty URI
11-01 00:07:26.981 29692 13083 W native  : W0000 00:00:1667257646.981743   13083 words-map.cc:40] WordsMap was not properly initialized
11-01 00:07:26.986  2964  2964 D RegisteredNfcFServicesCache: Service unchanged, not updating
11-01 00:07:27.046 29692 13083 E native  : E0000 00:00:1667257647.046305   13083 compactor.cc:77] Could not index embedding for docid 1: INTERNAL: Unable to find Thing Proto section 
11-01 00:07:27.047 29692 13083 E native  : E0000 00:00:1667257647.047166   13083 compactor.cc:77] Could not index embedding for docid 3: INTERNAL: Unable to find Thing Proto section 
11-01 00:07:27.047 29692 13083 E native  : E0000 00:00:1667257647.047713   13083 compactor.cc:77] Could not index embedding for docid 5: INTERNAL: Unable to find Thing Proto section 
11-01 00:07:27.048 29692 13083 E native  : E0000 00:00:1667257647.048215   13083 compactor.cc:77] Could not index embedding for docid 7: INTERNAL: Unable to find Thing Proto section 
11-01 00:07:27.048 29692 13083 E native  : E0000 00:00:1667257647.048731   13083 compactor.cc:77] Could not index embedding for docid 9: INTERNAL: Unable to find Thing Proto section 
11-01 00:07:27.049 29692 13083 E native  : E0000 00:00:1667257647.049225   13083 compactor.cc:77] Could not index embedding for docid 11: INTERNAL: Unable to find Thing Proto section 
11-01 00:07:27.049 29692 13083 E native  : E0000 00:00:1667257647.049714   13083 compactor.cc:77] Could not index embedding for docid 13: INTERNAL: Unable to find Thing Proto section 
11-01 00:07:27.050 29692 13083 E native  : E0000 00:00:1667257647.050269   13083 compactor.cc:77] Could not index embedding for docid 15: INTERNAL: Unable to find Thing Proto section 
11-01 00:07:27.050 29692 13083 E native  : E0000 00:00:1667257647.050795   13083 compactor.cc:77] Could not index embedding for docid 17: INTERNAL: Unable to find Thing Proto section 
11-01 00:07:27.051 29692 13083 E native  : E0000 00:00:1667257647.051284   13083 compactor.cc:77] Could not index embedding for docid 19: INTERNAL: Unable to find Thing Proto section 
11-01 00:07:27.051 29692 13083 E native  : E0000 00:00:1667257647.051787   13083 compactor.cc:77] Could not index embedding for docid 21: INTERNAL: Unable to find Thing Proto section 
11-01 00:07:27.052 29692 13083 E native  : E0000 00:00:1667257647.052310   13083 compactor.cc:77] Could not index embedding for docid 23: INTERNAL: Unable to find Thing Proto section 
11-01 00:07:27.052 29692 13083 E native  : E0000 00:00:1667257647.052800   13083 compactor.cc:77] Could not index embedding for docid 25: INTERNAL: Unable to find Thing Proto section 
11-01 00:07:27.058 29692 13083 E native  : E0000 00:00:1667257647.058572   13083 compactor.cc:77] Could not index embedding for docid 26: INTERNAL: Unable to find Thing Proto section 
11-01 00:07:27.062 29692 13083 E native  : E0000 00:00:1667257647.062650   13083 compactor.cc:77] Could not index embedding for docid 27: INTERNAL: Unable to find Thing Proto section 
11-01 00:07:27.102 29692 13083 I native  : I0000 00:00:1667257647.102525   13083 flash-index.cc:1535] Flash index sort hb 40 prefix-hits 68 -> 67 at 23.604ms
11-01 00:07:27.134 29692 13083 W native  : W0000 00:00:1667257647.133916   13083 words-map.cc:36] INVALID_ARGUMENT: Empty URI
11-01 00:07:27.134 29692 13083 W native  : W0000 00:00:1667257647.134073   13083 words-map.cc:40] WordsMap was not properly initialized
11-01 00:07:27.186 29692 13083 I Icing   : updateResources: need to parse anue{com.android.chrome}
11-01 00:07:27.270 29692 13083 I Icing   : Indexing com.android.chrome-omnibox from com.android.chrome
11-01 00:07:27.285   772   996 I ActivityManager: Start proc 21627:com.android.chrome/u0a60 for content provider com.android.chrome/com.google.android.apps.chrome.icing.IcingProvider
11-01 00:07:27.345 21627 21627 I cr_SplitCompatApp: Launched version=106.0.5249.79 minSdkVersion=24 isBundle=true processName=com.android.chrome isIsolated=false
11-01 00:07:27.375 21625 21625 D AndroidRuntime: >>>>>> START com.android.internal.os.RuntimeInit uid 2000 <<<<<<
11-01 00:07:27.386 29486 30686 I FontLog : Received query Google Sans, URI content://com.google.android.gms.fonts [CONTEXT service_id=132 ]
11-01 00:07:27.387 29486 30686 I FontLog : Query [Google Sans] resolved to {Google Sans, wdth 100.0, wght 400, ital 0.0, bestEffort false} [CONTEXT service_id=132 ]
11-01 00:07:27.389 29692 13083 I Icing   : Indexing done com.android.chrome-omnibox
11-01 00:07:27.391 29486 30686 I FontLog : Font PFD returned from cache for {Google Sans, wdth 100.0, wght 400, ital 0.0, bestEffort false} [CONTEXT service_id=132 ]
11-01 00:07:27.391 29486 30686 I FontLog : Fetch {Google Sans, wdth 100.0, wght 400, ital 0.0, bestEffort false} end status Status{statusCode=SUCCESS, resolution=null} [CONTEXT service_id=132 ]
11-01 00:07:27.436 29486 17541 I FontLog : Pulling font file for id = 1018, cache size = 7 [CONTEXT service_id=132 ]
11-01 00:07:27.501 21625 21625 D AndroidRuntime: Calling main entry com.android.commands.pm.Pm
11-01 00:07:27.508   772   784 I ActivityManager: Force stopping com.android.chrome appid=10060 user=0: clear data
11-01 00:07:27.508   772   784 I ActivityManager: Killing 21627:com.android.chrome/u0a60 (adj 700): stop com.android.chrome
11-01 00:07:27.515   560   560 I keystore: clear_uid 10060
11-01 00:07:27.517   772   788 I ActivityManager: Force stopping com.android.chrome appid=10060 user=-1: clearApplicationUserData
11-01 00:07:27.543  1311  1311 D CarrierSvcBindHelper: No carrier app for: 0
11-01 00:07:27.547 21625 21625 I app_process: System.exit called, status: 0
11-01 00:07:27.547 21625 21625 I AndroidRuntime: VM exiting with result code 0.
11-01 00:07:27.549   772   787 W ResourceType: No known package when getting value for resource number 0x7f0904db
11-01 00:07:27.549   772   787 W ResourceType: No known package when getting value for resource number 0x7f140670
11-01 00:07:27.549   772   787 W ResourceType: No known package when getting value for resource number 0x7f0904da
11-01 00:07:27.549   772   787 W ResourceType: No known package when getting value for resource number 0x7f14018b
11-01 00:07:27.549   772   787 W ResourceType: No known package when getting value for resource number 0x7f14066f
11-01 00:07:27.549   772   787 W ResourceType: No known package when getting value for resource number 0x7f140434
11-01 00:07:27.549   772   787 E ShortcutService: Ignoring excessive intent tag.
11-01 00:07:27.566  2964  2964 D RegisteredNfcFServicesCache: Service unchanged, not updating
11-01 00:07:27.579 29692 13083 I Icing   : doRemovePackageData com.android.chrome
11-01 00:07:27.579 29692 13083 I Icing   : Removing corpus key com.android.chrome-omnibox for package com.android.chrome
11-01 00:07:27.611 29486 21605 I Fitness : FitCleanupIntentOperation received Intent android.intent.action.PACKAGE_DATA_CLEARED [CONTEXT service_id=17 ]
11-01 00:07:27.696 29692 13083 I Icing   : updateResources: need to parse anue{com.android.chrome}
11-01 00:07:27.776 29692 13083 I Icing   : Indexing com.android.chrome-omnibox from com.android.chrome
11-01 00:07:27.789   772  3037 I ActivityManager: Start proc 21663:com.android.chrome/u0a60 for content provider com.android.chrome/com.google.android.apps.chrome.icing.IcingProvider
11-01 00:07:27.843 21663 21663 I cr_SplitCompatApp: Launched version=106.0.5249.79 minSdkVersion=24 isBundle=true processName=com.android.chrome isIsolated=false
11-01 00:07:27.907 29486 30686 I FontLog : Received query Google Sans, URI content://com.google.android.gms.fonts [CONTEXT service_id=132 ]
11-01 00:07:27.907 29486 30686 I FontLog : Query [Google Sans] resolved to {Google Sans, wdth 100.0, wght 400, ital 0.0, bestEffort false} [CONTEXT service_id=132 ]
11-01 00:07:27.909 29486 30686 I FontLog : Font PFD returned from cache for {Google Sans, wdth 100.0, wght 400, ital 0.0, bestEffort false} [CONTEXT service_id=132 ]
11-01 00:07:27.909 29486 30686 I FontLog : Fetch {Google Sans, wdth 100.0, wght 400, ital 0.0, bestEffort false} end status Status{statusCode=SUCCESS, resolution=null} [CONTEXT service_id=132 ]
11-01 00:07:27.910 29692 13083 I Icing   : Indexing done com.android.chrome-omnibox
11-01 00:07:27.961 29486 29651 I FontLog : Pulling font file for id = 1019, cache size = 6 [CONTEXT service_id=132 ]
11-01 00:07:28.078 21663 21683 I cr_LibraryLoader: Successfully loaded native library
11-01 00:07:28.079 21663 21683 I cr_CachingUmaRecorder: Flushed 20 samples from 19 histograms.
11-01 00:07:28.091 29486 17541 I FontLog : Received query Google Sans:500, URI content://com.google.android.gms.fonts [CONTEXT service_id=132 ]
11-01 00:07:28.091 29486 17541 I FontLog : Query [Google Sans:500] resolved to {Google Sans, wdth 100.0, wght 500, ital 0.0, bestEffort false} [CONTEXT service_id=132 ]
11-01 00:07:28.093 29486 17541 I FontLog : Font PFD returned from cache for {Google Sans, wdth 100.0, wght 500, ital 0.0, bestEffort false} [CONTEXT service_id=132 ]
11-01 00:07:28.093 29486 17541 I FontLog : Fetch {Google Sans, wdth 100.0, wght 500, ital 0.0, bestEffort false} end status Status{statusCode=SUCCESS, resolution=null} [CONTEXT service_id=132 ]
11-01 00:07:28.121 29486 29497 I FontLog : Pulling font file for id = 1020, cache size = 7 [CONTEXT service_id=132 ]
11-01 00:07:28.160 29486 29498 I FontLog : Received query Google Sans:700, URI content://com.google.android.gms.fonts [CONTEXT service_id=132 ]
11-01 00:07:28.161 29486 29498 I FontLog : Query [Google Sans:700] resolved to {Google Sans, wdth 100.0, wght 700, ital 0.0, bestEffort false} [CONTEXT service_id=132 ]
11-01 00:07:28.163 29486 29498 I FontLog : Fetch {Google Sans, wdth 100.0, wght 700, ital 0.0, bestEffort false} end status Status{statusCode=SUCCESS, resolution=null} [CONTEXT service_id=132 ]
11-01 00:07:28.172 29486 29650 I FontLog : Pulling font file for id = 1021, cache size = 6 [CONTEXT service_id=132 ]
