11-01 00:06:23.041   772  2970 I ActivityManager: Start proc 21271:com.android.chrome:sandboxed_process5/u0i62 for webview_service com.android.chrome/org.chromium.content.app.SandboxedProcessService5
11-01 00:06:23.044 21256 21256 W SystemServiceRegistry: No service published for: uimode
11-01 00:06:23.046 21271 21271 E /system/bin/webview_zygote32: failed to make and chown /acct/uid_99062: Permission denied
11-01 00:06:23.046 21271 21271 E Zygote  : createProcessGroup(99062, 0) failed: Permission denied
11-01 00:06:23.062 21271 21271 I SamplingProfilerIntegration: Profiling disabled.
11-01 00:06:23.064 21284 21284 E /system/bin/webview_zygote32: failed to make and chown /acct/uid_99063: Permission denied
11-01 00:06:23.064 21284 21284 E Zygote  : createProcessGroup(99063, 0) failed: Permission denied
11-01 00:06:23.066 21256 21256 I cr_ChildProcessService: Creating new ChildProcessService pid=21256
11-01 00:06:23.069   772 13022 I ActivityManager: Start proc 21284:com.android.chrome:sandboxed_process6/u0i63 for webview_service com.android.chrome/org.chromium.content.app.SandboxedProcessService6
11-01 00:06:23.083 21284 21284 I SamplingProfilerIntegration: Profiling disabled.
11-01 00:06:23.086 21256 21256 E WebViewFactory: can't load with relro file; address space not reserved
11-01 00:06:23.089 21297 21297 E asset   : setgid: Operation not permitted
11-01 00:06:23.099 21256 21286 I cr_LibraryLoader: Successfully loaded native library
11-01 00:06:23.100 21256 21286 I cr_CachingUmaRecorder: Flushed 3 samples from 3 histograms.
11-01 00:06:23.135 21305 21305 W ThreadPoolForeg: type=1400 audit(0.0:19903): avc: denied { setattr } for name="model-info.pb" dev="dm-2" ino=1504914 scontext=u:r:isolated_app:s0:c512,c768 tcontext=u:object_r:app_data_file:s0:c512,c768 tclass=file permissive=0
11-01 00:06:23.136 21307 21307 E asset   : setgid: Operation not permitted
11-01 00:06:23.139 21305 21305 W ThreadPoolForeg: type=1400 audit(0.0:19904): avc: denied { setattr } for name="model.tflite" dev="dm-2" ino=1504915 scontext=u:r:isolated_app:s0:c512,c768 tcontext=u:object_r:app_data_file:s0:c512,c768 tclass=file permissive=0
11-01 00:06:23.144 21271 21271 I cr_SplitCompatApp: Launched version=106.0.5249.79 minSdkVersion=24 isBundle=true processName=com.android.chrome:sandboxed_process5 isIsolated=true
11-01 00:06:23.148 21256 21286 I chromium: [INFO:child_process_service.cc(69)] ChildProcessService: Exiting child process.
11-01 00:06:23.149   422   422 E lowmemorykiller: Error writing /proc/21256/oom_score_adj; errno=22
11-01 00:06:23.150   772 10895 I ActivityManager: Killing 21256:com.android.chrome:sandboxed_process4/u0a60i61 (adj 0): isolated not needed
11-01 00:06:23.151   772   790 W zygote64: failed to open /acct/uid_99061/pid_21256/cgroup.procs: No such file or directory
11-01 00:06:23.154 21271 21271 W SystemServiceRegistry: No service published for: uimode
11-01 00:06:23.161 20915 20915 W chromium: [WARNING:controller_impl.cc(1190)] Background download complete, client: 6, completion type: 0, file size:15859
11-01 00:06:23.169 20915 20915 W chromium: [WARNING:controller_impl.cc(1190)] Background download complete, client: 6, completion type: 0, file size:4955
11-01 00:06:23.174 21271 21271 I cr_ChildProcessService: Creating new ChildProcessService pid=21271
11-01 00:06:23.180 21284 21284 I cr_SplitCompatApp: Launched version=106.0.5249.79 minSdkVersion=24 isBundle=true processName=com.android.chrome:sandboxed_process6 isIsolated=true
11-01 00:06:23.185 20915 20915 W chromium: [WARNING:compositor_view.cc(342)] Child process died (type=6) pid=21256)
11-01 00:06:23.187 21284 21284 W SystemServiceRegistry: No service published for: uimode
11-01 00:06:23.188 21271 21271 E WebViewFactory: can't load with relro file; address space not reserved
11-01 00:06:23.193 21284 21284 I cr_ChildProcessService: Creating new ChildProcessService pid=21284
11-01 00:06:23.196 21271 21308 I cr_LibraryLoader: Successfully loaded native library
11-01 00:06:23.197 21271 21308 I cr_CachingUmaRecorder: Flushed 3 samples from 3 histograms.
11-01 00:06:23.199   772 10895 I ActivityManager: Start proc 21310:com.android.chrome:sandboxed_process7/u0i64 for webview_service com.android.chrome/org.chromium.content.app.SandboxedProcessService7
11-01 00:06:23.207 21310 21310 E /system/bin/webview_zygote32: failed to make and chown /acct/uid_99064: Permission denied
11-01 00:06:23.207 21310 21310 E Zygote  : createProcessGroup(99064, 0) failed: Permission denied
11-01 00:06:23.221 21284 21284 E WebViewFactory: can't load with relro file; address space not reserved
11-01 00:06:23.228 21310 21310 I SamplingProfilerIntegration: Profiling disabled.
11-01 00:06:23.230   772  3037 I ActivityManager: Start proc 21329:com.android.chrome:sandboxed_process8/u0i65 for webview_service com.android.chrome/org.chromium.content.app.SandboxedProcessService8
11-01 00:06:23.230 21329 21329 E /system/bin/webview_zygote32: failed to make and chown /acct/uid_99065: Permission denied
11-01 00:06:23.231 21329 21329 E Zygote  : createProcessGroup(99065, 0) failed: Permission denied
11-01 00:06:23.245 21318 21318 W ThreadPoolForeg: type=1400 audit(0.0:19905): avc: denied { setattr } for name="model-info.pb" dev="dm-2" ino=1504922 scontext=u:r:isolated_app:s0:c512,c768 tcontext=u:object_r:app_data_file:s0:c512,c768 tclass=file permissive=0
11-01 00:06:23.249 21318 21318 W ThreadPoolForeg: type=1400 audit(0.0:19906): avc: denied { setattr } for name="model.tflite" dev="dm-2" ino=1504923 scontext=u:r:isolated_app:s0:c512,c768 tcontext=u:object_r:app_data_file:s0:c512,c768 tclass=file permissive=0
11-01 00:06:23.254 21284 21309 I cr_LibraryLoader: Successfully loaded native library
11-01 00:06:23.258 20915 20915 W chromium: [WARNING:controller_impl.cc(1190)] Background download complete, client: 6, completion type: 0, file size:2759
11-01 00:06:23.258 21329 21329 I SamplingProfilerIntegration: Profiling disabled.
11-01 00:06:23.258 21271 21308 I chromium: [INFO:child_process_service.cc(69)] ChildProcessService: Exiting child process.
11-01 00:06:23.261 21284 21309 I cr_CachingUmaRecorder: Flushed 3 samples from 3 histograms.
11-01 00:06:23.262   422   422 E lowmemorykiller: Error writing /proc/21271/oom_score_adj; errno=22
11-01 00:06:23.263 21342 21342 E asset   : setgid: Operation not permitted
11-01 00:06:23.263   772  1324 I ActivityManager: Killing 21271:com.android.chrome:sandboxed_process5/u0a60i62 (adj 0): isolated not needed
11-01 00:06:23.265   772   790 W zygote64: failed to open /acct/uid_99062/pid_21271/cgroup.procs: No such file or directory
11-01 00:06:23.294 21348 21348 E asset   : setgid: Operation not permitted
11-01 00:06:23.296 20915 20915 W chromium: [WARNING:compositor_view.cc(342)] Child process died (type=6) pid=21271)
11-01 00:06:23.304 20915 20915 W chromium: [WARNING:controller_impl.cc(1190)] Background download complete, client: 6, completion type: 0, file size:116031
11-01 00:06:23.309 21345 21345 W ThreadPoolForeg: type=1400 audit(0.0:19907): avc: denied { setattr } for name="model-info.pb" dev="dm-2" ino=1504927 scontext=u:r:isolated_app:s0:c512,c768 tcontext=u:object_r:app_data_file:s0:c512,c768 tclass=file permissive=0
11-01 00:06:23.327 21310 21310 I cr_SplitCompatApp: Launched version=106.0.5249.79 minSdkVersion=24 isBundle=true processName=com.android.chrome:sandboxed_process7 isIsolated=true
11-01 00:06:23.332 21345 21345 W ThreadPoolForeg: type=1400 audit(0.0:19908): avc: denied { setattr } for name="model.tflite" dev="dm-2" ino=1504928 scontext=u:r:isolated_app:s0:c512,c768 tcontext=u:object_r:app_data_file:s0:c512,c768 tclass=file permissive=0
11-01 00:06:23.332 21310 21310 W SystemServiceRegistry: No service published for: uimode
11-01 00:06:23.339   772  1327 I ActivityManager: Start proc 21350:com.android.chrome:sandboxed_process9/u0i66 for webview_service com.android.chrome/org.chromium.content.app.SandboxedProcessService9
11-01 00:06:23.341 21284 21309 I chromium: [INFO:child_process_service.cc(69)] ChildProcessService: Exiting child process.
11-01 00:06:23.349 21310 21310 I cr_ChildProcessService: Creating new ChildProcessService pid=21310
11-01 00:06:23.354   422   422 E lowmemorykiller: Error writing /proc/21284/oom_score_adj; errno=22
11-01 00:06:23.355   772  4539 I ActivityManager: Killing 21284:com.android.chrome:sandboxed_process6/u0a60i63 (adj 0): isolated not needed
11-01 00:06:23.355   772   790 W zygote64: failed to open /acct/uid_99063/pid_21284/cgroup.procs: No such file or directory
11-01 00:06:23.357 21350 21350 E /system/bin/webview_zygote32: failed to make and chown /acct/uid_99066: Permission denied
11-01 00:06:23.357 21350 21350 E Zygote  : createProcessGroup(99066, 0) failed: Permission denied
11-01 00:06:23.364 21329 21329 I cr_SplitCompatApp: Launched version=106.0.5249.79 minSdkVersion=24 isBundle=true processName=com.android.chrome:sandboxed_process8 isIsolated=true
11-01 00:06:23.369 21310 21310 E WebViewFactory: can't load with relro file; address space not reserved
11-01 00:06:23.375 21329 21329 W SystemServiceRegistry: No service published for: uimode
11-01 00:06:23.377   772   781 I zygote64: Background concurrent copying GC freed 102610(6MB) AllocSpace objects, 194(6MB) LOS objects, 42% free, 19MB/33MB, paused 313us total 118.621ms
11-01 00:06:23.381   772 13071 I ActivityManager: Start proc 21362:com.android.chrome:sandboxed_process10/u0i67 for webview_service com.android.chrome/org.chromium.content.app.SandboxedProcessService10
11-01 00:06:23.384 21329 21329 I cr_ChildProcessService: Creating new ChildProcessService pid=21329
11-01 00:06:23.385 21362 21362 E /system/bin/webview_zygote32: failed to make and chown /acct/uid_99067: Permission denied
11-01 00:06:23.385 21362 21362 E Zygote  : createProcessGroup(99067, 0) failed: Permission denied
11-01 00:06:23.388 20915 20915 W chromium: [WARNING:compositor_view.cc(342)] Child process died (type=6) pid=21284)
11-01 00:06:23.396 21310 21355 I cr_LibraryLoader: Successfully loaded native library
11-01 00:06:23.400 21310 21355 I cr_CachingUmaRecorder: Flushed 3 samples from 3 histograms.
11-01 00:06:23.405 21350 21350 I SamplingProfilerIntegration: Profiling disabled.
11-01 00:06:23.409 21362 21362 I SamplingProfilerIntegration: Profiling disabled.
11-01 00:06:23.411 21329 21329 E WebViewFactory: can't load with relro file; address space not reserved
11-01 00:06:23.422 21329 21367 I cr_LibraryLoader: Successfully loaded native library
11-01 00:06:23.425 21329 21367 I cr_CachingUmaRecorder: Flushed 3 samples from 3 histograms.
11-01 00:06:23.432 21385 21385 E asset   : setgid: Operation not permitted
11-01 00:06:23.439 21381 21381 W ThreadPoolForeg: type=1400 audit(0.0:19909): avc: denied { setattr } for name="model-info.pb" dev="dm-2" ino=1504909 scontext=u:r:isolated_app:s0:c512,c768 tcontext=u:object_r:app_data_file:s0:c512,c768 tclass=file permissive=0
11-01 00:06:23.440 21391 21391 E asset   : setgid: Operation not permitted
11-01 00:06:23.442 21381 21381 W ThreadPoolForeg: type=1400 audit(0.0:19910): avc: denied { setattr } for name="model.tflite" dev="dm-2" ino=1504927 scontext=u:r:isolated_app:s0:c512,c768 tcontext=u:object_r:app_data_file:s0:c512,c768 tclass=file permissive=0
11-01 00:06:23.445 21389 21389 W ThreadPoolForeg: type=1400 audit(0.0:19911): avc: denied { setattr } for name="model-info.pb" dev="dm-2" ino=1504909 scontext=u:r:isolated_app:s0:c512,c768 tcontext=u:object_r:app_data_file:s0:c512,c768 tclass=file permissive=0
11-01 00:06:23.449 21310 21355 I chromium: [INFO:child_process_service.cc(69)] ChildProcessService: Exiting child process.
11-01 00:06:23.452   422   422 E lowmemorykiller: Error writing /proc/21310/oom_score_adj; errno=22
11-01 00:06:23.453   772 10894 I ActivityManager: Killing 21310:com.android.chrome:sandboxed_process7/u0a60i64 (adj 0): isolated not needed
11-01 00:06:23.453   772   790 W zygote64: failed to open /acct/uid_99064/pid_21310/cgroup.procs: No such file or directory
11-01 00:06:23.455 21389 21389 W ThreadPoolForeg: type=1400 audit(0.0:19912): avc: denied { setattr } for name="model.tflite" dev="dm-2" ino=1504914 scontext=u:r:isolated_app:s0:c512,c768 tcontext=u:object_r:app_data_file:s0:c512,c768 tclass=file permissive=0
11-01 00:06:23.460 21329 21367 I chromium: [INFO:child_process_service.cc(69)] ChildProcessService: Exiting child process.
11-01 00:06:23.461 21350 21350 I cr_SplitCompatApp: Launched version=106.0.5249.79 minSdkVersion=24 isBundle=true processName=com.android.chrome:sandboxed_process9 isIsolated=true
11-01 00:06:23.462   422   422 E lowmemorykiller: Error writing /proc/21329/oom_score_adj; errno=22
11-01 00:06:23.462   772  3041 I ActivityManager: Killing 21329:com.android.chrome:sandboxed_process8/u0a60i65 (adj 0): isolated not needed
11-01 00:06:23.463   772   790 W zygote64: failed to open /acct/uid_99065/pid_21329/cgroup.procs: No such file or directory
11-01 00:06:23.465 21350 21350 W SystemServiceRegistry: No service published for: uimode
11-01 00:06:23.472 21350 21350 I cr_ChildProcessService: Creating new ChildProcessService pid=21350
11-01 00:06:23.474 20915 20915 W chromium: [WARNING:compositor_view.cc(342)] Child process died (type=6) pid=21310)
11-01 00:06:23.479 20915 20915 W chromium: [WARNING:compositor_view.cc(342)] Child process died (type=6) pid=21329)
11-01 00:06:23.488 21350 21350 E WebViewFactory: can't load with relro file; address space not reserved
11-01 00:06:23.489 21362 21362 I cr_SplitCompatApp: Launched version=106.0.5249.79 minSdkVersion=24 isBundle=true processName=com.android.chrome:sandboxed_process10 isIsolated=true
11-01 00:06:23.495 21362 21362 W SystemServiceRegistry: No service published for: uimode
11-01 00:06:23.498 21350 21394 I cr_LibraryLoader: Successfully loaded native library
11-01 00:06:23.498 21350 21394 I cr_CachingUmaRecorder: Flushed 3 samples from 3 histograms.
11-01 00:06:23.502 21362 21362 I cr_ChildProcessService: Creating new ChildProcessService pid=21362
11-01 00:06:23.508 21362 21362 E WebViewFactory: can't load with relro file; address space not reserved
11-01 00:06:23.523 21362 21395 I cr_LibraryLoader: Successfully loaded native library
11-01 00:06:23.524 21362 21395 I cr_CachingUmaRecorder: Flushed 3 samples from 3 histograms.
11-01 00:06:23.532 21399 21399 W ThreadPoolForeg: type=1400 audit(0.0:19913): avc: denied { setattr } for name="model-info.pb" dev="dm-2" ino=1504934 scontext=u:r:isolated_app:s0:c512,c768 tcontext=u:object_r:app_data_file:s0:c512,c768 tclass=file permissive=0
11-01 00:06:23.535 21399 21399 W ThreadPoolForeg: type=1400 audit(0.0:19914): avc: denied { setattr } for name="model.tflite" dev="dm-2" ino=1504936 scontext=u:r:isolated_app:s0:c512,c768 tcontext=u:object_r:app_data_file:s0:c512,c768 tclass=file permissive=0
11-01 00:06:23.541 21350 21394 I chromium: [INFO:child_process_service.cc(69)] ChildProcessService: Exiting child process.
11-01 00:06:23.544   422   422 E lowmemorykiller: Error writing /proc/21350/oom_score_adj; errno=22
11-01 00:06:23.545   772 20193 I ActivityManager: Killing 21350:com.android.chrome:sandboxed_process9/u0a60i66 (adj 0): isolated not needed
11-01 00:06:23.545   772   790 W zygote64: failed to open /acct/uid_99066/pid_21350/cgroup.procs: No such file or directory
11-01 00:06:23.552 21205 21225 I tflite  : Initialized TensorFlow Lite runtime.
11-01 00:06:23.559 21405 21405 W ThreadPoolForeg: type=1400 audit(0.0:19915): avc: denied { setattr } for name="model-info.pb" dev="dm-2" ino=1504922 scontext=u:r:isolated_app:s0:c512,c768 tcontext=u:object_r:app_data_file:s0:c512,c768 tclass=file permissive=0
11-01 00:06:23.569 21405 21405 W ThreadPoolForeg: type=1400 audit(0.0:19916): avc: denied { setattr } for name="model.tflite" dev="dm-2" ino=1504934 scontext=u:r:isolated_app:s0:c512,c768 tcontext=u:object_r:app_data_file:s0:c512,c768 tclass=file permissive=0
11-01 00:06:23.575 20915 20915 W chromium: [WARNING:compositor_view.cc(342)] Child process died (type=6) pid=21350)
11-01 00:06:23.580 21362 21395 I chromium: [INFO:child_process_service.cc(69)] ChildProcessService: Exiting child process.
11-01 00:06:23.585   422   422 E lowmemorykiller: Error writing /proc/21362/oom_score_adj; errno=22
11-01 00:06:23.586   772   996 I ActivityManager: Killing 21362:com.android.chrome:sandboxed_process10/u0a60i67 (adj 0): isolated not needed
11-01 00:06:23.586   772   790 W zygote64: failed to open /acct/uid_99067/pid_21362/cgroup.procs: No such file or directory
11-01 00:06:23.614 20915 20915 W chromium: [WARNING:compositor_view.cc(342)] Child process died (type=6) pid=21362)
11-01 00:06:24.468 20915 20974 I cr_omaha: OmahaBase::generateAndPostRequest(): Sending request to Omaha:
11-01 00:06:24.468 20915 20974 I cr_omaha: <?xml version='1.0' encoding='UTF-8' standalone='yes' ?><request protocol="3.0" updater="Android" updaterversion="106.0.5249.79" updaterchannel="chrome" ismachine="1" requestid="{9878e3a6-02c2-4fa7-935f-bb614826380f}" sessionid="{251d644f-51a3-4c2f-bd85-42b7bcec07a8}" installsource="system_image" dedup="cr"><os platform="android" version="8.0.0" arch="arm" /><app brand="" client="ms-android-google" appid="{387E11AD-7109-45F6-83CF-CAA241ADC9DF}" version="106.0.5249.79" nextversion="" lang="en-US" installage="-1" ap="chrome;google;nexus 5x"><event eventtype="2" eventresult="1" /></app></request>
11-01 00:06:24.482 17973 17973 I MemoryTrimmer: Trimming objects from memory, since app is in the background.
11-01 00:06:24.613 20915 20974 I cr_omaha: OmahaBase::generateAndPostRequest(): Received response from Omaha:
11-01 00:06:24.613 20915 20974 I cr_omaha: <?xml version="1.0" encoding="UTF-8"?><response protocol="3.0" server="prod"><daystart elapsed_days="5782" elapsed_seconds="57983"/><app appid="{387E11AD-7109-45F6-83CF-CAA241ADC9DF}" status="ok"><event status="ok"/></app></response>
11-01 00:06:24.618 20915 20974 I cr_omaha: Request to Server Successful. Timestamp for next request:1667261184618
11-01 00:06:24.630 20915 20974 I cr_omaha: OmahaBase::generateAndPostRequest(): Sending request to Omaha:
11-01 00:06:24.630 20915 20974 I cr_omaha: <?xml version='1.0' encoding='UTF-8' standalone='yes' ?><request protocol="3.0" updater="Android" updaterversion="106.0.5249.79" updaterchannel="chrome" ismachine="1" requestid="{319fc306-c615-4ebd-a241-0f8bf933c9e5}" sessionid="{251d644f-51a3-4c2f-bd85-42b7bcec07a8}" installsource="system_image" dedup="cr"><os platform="android" version="8.0.0" arch="arm" /><app brand="" client="ms-android-google" appid="{387E11AD-7109-45F6-83CF-CAA241ADC9DF}" version="106.0.5249.79" nextversion="" lang="en-US" installage="0" ap="chrome;google;nexus 5x"><updatecheck /><ping active="1" ad="5782" rd="5782" /></app></request>
11-01 00:06:24.680 20915 20974 I cr_omaha: OmahaBase::generateAndPostRequest(): Received response from Omaha:
11-01 00:06:24.680 20915 20974 I cr_omaha: <?xml version="1.0" encoding="UTF-8"?><response protocol="3.0" server="prod"><daystart elapsed_days="5782" elapsed_seconds="57983"/><app appid="{387E11AD-7109-45F6-83CF-CAA241ADC9DF}" cohort="1:hyx:" cohortname="Stable Chrome" status="ok"><updatecheck status="noupdate"/><ping status="ok"/></app></response>
11-01 00:06:24.683 20915 20974 I cr_omaha: Request to Server Successful. Timestamp for next request:1667261184683
11-01 00:06:24.683 20915 20974 I cr_omaha: Attempting to schedule next job for: Tue Nov 01 05:06:24 GMT+01:00 2022
11-01 00:06:24.689 20915 20915 I cr_omaha: Scheduled using JobService
11-01 00:06:24.690 20915 20915 E cr_BkgrdTaskJS: Tried finishing non-current BackgroundTask.
11-01 00:06:25.279 21143 21162 I chromium: [INFO:child_process_service.cc(69)] ChildProcessService: Exiting child process.
11-01 00:06:25.281   772  1324 I ActivityManager: Killing 21143:com.android.chrome:sandboxed_process2/u0a60i59 (adj 0): isolated not needed
11-01 00:06:25.282   772   790 W zygote64: failed to open /acct/uid_99059/pid_21143/cgroup.procs: No such file or directory
11-01 00:06:25.298 20915 20915 W chromium: [WARNING:compositor_view.cc(342)] Child process died (type=6) pid=21143)
11-01 00:06:25.653 20915 20915 W chromium: [WARNING:controller_impl.cc(1190)] Background download complete, client: 6, completion type: 0, file size:9419
11-01 00:06:25.671 21413 21413 E /system/bin/webview_zygote32: failed to make and chown /acct/uid_99068: Permission denied
11-01 00:06:25.671 21413 21413 E Zygote  : createProcessGroup(99068, 0) failed: Permission denied
11-01 00:06:25.675   772 13071 I ActivityManager: Start proc 21413:com.android.chrome:sandboxed_process11/u0i68 for webview_service com.android.chrome/org.chromium.content.app.SandboxedProcessService11
11-01 00:06:25.691 21413 21413 I SamplingProfilerIntegration: Profiling disabled.
11-01 00:06:25.708 21426 21426 E asset   : setgid: Operation not permitted
11-01 00:06:25.753 21413 21413 I cr_SplitCompatApp: Launched version=106.0.5249.79 minSdkVersion=24 isBundle=true processName=com.android.chrome:sandboxed_process11 isIsolated=true
11-01 00:06:25.757 21413 21413 W SystemServiceRegistry: No service published for: uimode
11-01 00:06:25.764 21413 21413 I cr_ChildProcessService: Creating new ChildProcessService pid=21413
11-01 00:06:25.777 21413 21413 E WebViewFactory: can't load with relro file; address space not reserved
11-01 00:06:25.790 21413 21427 I cr_LibraryLoader: Successfully loaded native library
11-01 00:06:25.791 21413 21427 I cr_CachingUmaRecorder: Flushed 3 samples from 3 histograms.
11-01 00:06:25.805 21430 21430 W ThreadPoolForeg: type=1400 audit(0.0:19917): avc: denied { setattr } for name="model-info.pb" dev="dm-2" ino=1504978 scontext=u:r:isolated_app:s0:c512,c768 tcontext=u:object_r:app_data_file:s0:c512,c768 tclass=file permissive=0
11-01 00:06:25.809 21430 21430 W ThreadPoolForeg: type=1400 audit(0.0:19918): avc: denied { setattr } for name="model.tflite" dev="dm-2" ino=1504979 scontext=u:r:isolated_app:s0:c512,c768 tcontext=u:object_r:app_data_file:s0:c512,c768 tclass=file permissive=0
11-01 00:06:25.813 21413 21427 I chromium: [INFO:child_process_service.cc(69)] ChildProcessService: Exiting child process.
11-01 00:06:25.817   422   422 E lowmemorykiller: Error writing /proc/21413/oom_score_adj; errno=22
11-01 00:06:25.818   772  1324 I ActivityManager: Killing 21413:com.android.chrome:sandboxed_process11/u0a60i68 (adj 0): isolated not needed
11-01 00:06:25.818   772   790 W zygote64: failed to open /acct/uid_99068/pid_21413/cgroup.procs: No such file or directory
11-01 00:06:25.832 20915 20915 W chromium: [WARNING:compositor_view.cc(342)] Child process died (type=6) pid=21413)
11-01 00:06:25.917 20915 20915 I cr_tabmodel: Appending tabs being restored to metadata lists, 0, startingNormalCount: 2, startingIncognitoCount: 0
11-01 00:06:25.918 20915 20915 I cr_tabmodel: Serializing tab lists; counts: 2, 0
11-01 00:06:25.968 29692 29692 D BoundBrokerSvc: onBind: Intent { act=com.google.android.gms.common.BIND_SHARED_PREFS pkg=com.google.android.gms }
11-01 00:06:25.968 29692 29692 D BoundBrokerSvc: Loading bound service for intent: Intent { act=com.google.android.gms.common.BIND_SHARED_PREFS pkg=com.google.android.gms }
11-01 00:06:25.973 29692 29692 D BoundBrokerSvc: onUnbind: Intent { act=com.google.android.gms.common.BIND_SHARED_PREFS pkg=com.google.android.gms }
11-01 00:06:28.835 20915 20915 I cr_tabmodel: Appending tabs being restored to metadata lists, 0, startingNormalCount: 2, startingIncognitoCount: 0
11-01 00:06:28.835 20915 20915 I cr_tabmodel: Serializing tab lists; counts: 2, 0
11-01 00:06:30.046 20915 20915 E cr_BTSPrefs: No data found for task id: 56
11-01 00:06:30.048 20915 20915 E cr_BkgrdTaskScheduler: Task cannot be canceled because no data was found instorage or data was invalid
11-01 00:06:34.152 20915 20915 W ResourceType: Failure getting entry for 0x7f010888 (t=0 e=2184) (error -75)
11-01 00:06:34.189 20915 20915 I chatty  : uid=10060(u0_a60) identical 7 lines
11-01 00:06:34.192 20915 20915 W ResourceType: Failure getting entry for 0x7f010888 (t=0 e=2184) (error -75)
11-01 00:06:34.195 20915 20915 I cr_TopSites: Start a new task.
11-01 00:06:34.196 20915 20972 I cr_TopSites: Serializing top sites lists finished; count: 9
11-01 00:06:34.213 20915 20972 I cr_TopSites: Finished saving top sites list to file:/data/user/0/com.android.chrome/app_top_sites/top_sites
11-01 00:07:05.653   772  1259 D WificondControl: Scan result ready event
11-01 00:07:05.703 29486 29650 I ChimeraSrvcProxy: NullBinder for android.net.action.RECOMMEND_NETWORKS triggering remote TransactionTooLargeException due to Service without Chimera impl
11-01 00:07:11.349   772   791 E BatteryStatsService: no controller energy info supplied
11-01 00:07:12.285 20915 20915 I cr_media: Create MediaDrmBridge with level L3 and origin FEC31CC2359C2E03154C5307B2E6159A
11-01 00:07:12.305   361   361 W /system/bin/hwservicemanager: getTransportFromManifest: Cannot find entry android.hardware.drm@1.0::IDrmFactory in either framework or device manifest, using default transport.
11-01 00:07:12.356   562   644 I DrmHal  : makeDrmFactories: using default drm instance
11-01 00:07:12.360   361   361 W /system/bin/hwservicemanager: getTransportFromManifest: Cannot find entry android.hardware.drm@1.0::IDrmFactory in either framework or device manifest, using default transport.
11-01 00:07:12.437   562 28303 I DrmHal  : makeDrmFactories: using default drm instance
11-01 00:07:12.437   562 19051 D WVCdm   : Instantiating CDM.
11-01 00:07:12.446   562   644 I WVCdm   : CdmEngine::QueryStatus
11-01 00:07:12.446   562   644 I WVCdm   : Level3 Library 4445 May 19 2017 17:17:20
11-01 00:07:12.460   562   644 D QSEECOMAPI: : QSEECom_get_handle sb_length = 0x19000
11-01 00:07:12.460   562   644 D QSEECOMAPI: : App is not loaded in QSEE
11-01 00:07:12.512   562   644 D QSEECOMAPI: : Loaded image: APP id = 3566
11-01 00:07:12.522   562   644 D QSAPPSVER: qsapps_get_capabilities: Capability from secure side: 0x0
11-01 00:07:12.522   562   644 D QSAPPSVER: qsapps_get_capabilities: returns 0
11-01 00:07:12.522   562   644 E DrmWidevineDash: sion_buffer g_wv_fhandle->ion_sbuffer  0x0xeeb2c000
11-01 00:07:12.527   372   376 D DrmLibTime: got the req here! ret=0
11-01 00:07:12.527   372   376 D DrmLibTime: command id, time_cmd_id = 770
11-01 00:07:12.527   372   376 D DrmLibTime: time_getutcsec starts!
11-01 00:07:12.527   372   376 D DrmLibTime: QSEE Time Listener: time_getutcsec
11-01 00:07:12.527   372   376 D DrmLibTime: QSEE Time Listener: get_utc_seconds
11-01 00:07:12.527   372   376 D DrmLibTime: QSEE Time Listener: time_get_modem_time
11-01 00:07:12.527   372   376 D DrmLibTime: QSEE Time Listener: Checking if ATS_MODEM is set or not.
11-01 00:07:12.527   372   376 D QC-time-services: Lib:time_genoff_operation: pargs->base = 13
11-01 00:07:12.527   372   376 D QC-time-services: Lib:time_genoff_operation: pargs->operation = 2
11-01 00:07:12.527   372   376 D QC-time-services: Lib:time_genoff_operation: pargs->ts_val = 0
11-01 00:07:12.528   372   376 D QC-time-services: Lib:time_genoff_operation: Send to server  passed!!
11-01 00:07:12.528   625   647 D QC-time-services: Daemon: Connection accepted:time_genoff
11-01 00:07:12.528   625 21441 D QC-time-services: Daemon:Received base = 13, unit = 1, operation = 2,value = 0
11-01 00:07:12.528   625 21441 D QC-time-services: Daemon:genoff_opr: Base = 13, val = 0, operation = 2
11-01 00:07:12.528   625 21441 D QC-time-services: offset is: 0 for base: 13
11-01 00:07:12.528   372   376 E QC-time-services: Receive Passed == base = 13, unit = 1, operation = 2, result = 0
11-01 00:07:12.529   372   376 D DrmLibTime: QSEE Time Listener: ATS_MODEM is not set. Fallback to Android system time.
11-01 00:07:12.529   372   376 D DrmLibTime: QSEE Time Listener: Retrieved Android system time: 1667257632
11-01 00:07:12.529   372   376 D DrmLibTime: time_getutcsec returns 0, sec = 1667257632; nsec = 0
11-01 00:07:12.529   372   376 D DrmLibTime: time_getutcsec finished! 
11-01 00:07:12.529   372   376 D DrmLibTime: iotcl_continue_command finished! and return 0 
11-01 00:07:12.529   372   376 D DrmLibTime: before calling ioctl to read the next time_cmd
11-01 00:07:12.529   625   647 E QC-time-services: Daemon: Time-services: Waiting to acceptconnection
11-01 00:07:12.562   562   644 D WVCdm   : OEMCrypto_Initialize Level 1 success. I will use level 1.
11-01 00:07:12.563   562   644 D QSEECOMAPI: : QSEECom_dealloc_memory 
11-01 00:07:12.563   562   644 D QSEECOMAPI: : QSEECom_shutdown_app, app_id = 3566
11-01 00:07:12.586   562 19050 I WVCdm   : CdmEngine::OpenSession
11-01 00:07:12.587   562 19050 I WVCdm   : Level3 Library 4445 May 19 2017 17:17:20
11-01 00:07:12.592   562 19050 D QSEECOMAPI: : QSEECom_get_handle sb_length = 0x19000
11-01 00:07:12.593   562 19050 D QSEECOMAPI: : App is not loaded in QSEE
11-01 00:07:12.646   562 19050 D QSEECOMAPI: : Loaded image: APP id = 3567
11-01 00:07:12.650   562 19050 D QSAPPSVER: qsapps_get_capabilities: Capability from secure side: 0x0
11-01 00:07:12.650   562 19050 D QSAPPSVER: qsapps_get_capabilities: returns 0
11-01 00:07:12.650   562 19050 E DrmWidevineDash: sion_buffer g_wv_fhandle->ion_sbuffer  0x0xeeb2c000
11-01 00:07:12.652   372   376 D DrmLibTime: got the req here! ret=0
11-01 00:07:12.652   372   376 D DrmLibTime: command id, time_cmd_id = 770
11-01 00:07:12.652   372   376 D DrmLibTime: time_getutcsec starts!
11-01 00:07:12.652   372   376 D DrmLibTime: QSEE Time Listener: time_getutcsec
11-01 00:07:12.652   372   376 D DrmLibTime: QSEE Time Listener: get_utc_seconds
11-01 00:07:12.652   372   376 D DrmLibTime: QSEE Time Listener: time_get_modem_time
11-01 00:07:12.652   372   376 D DrmLibTime: QSEE Time Listener: Checking if ATS_MODEM is set or not.
11-01 00:07:12.652   372   376 D QC-time-services: Lib:time_genoff_operation: pargs->base = 13
11-01 00:07:12.652   372   376 D QC-time-services: Lib:time_genoff_operation: pargs->operation = 2
11-01 00:07:12.652   372   376 D QC-time-services: Lib:time_genoff_operation: pargs->ts_val = 0
11-01 00:07:12.653   372   376 D QC-time-services: Lib:time_genoff_operation: Send to server  passed!!
11-01 00:07:12.653   625   647 D QC-time-services: Daemon: Connection accepted:time_genoff
11-01 00:07:12.653   625 21442 D QC-time-services: Daemon:Received base = 13, unit = 1, operation = 2,value = 0
11-01 00:07:12.653   625 21442 D QC-time-services: Daemon:genoff_opr: Base = 13, val = 0, operation = 2
11-01 00:07:12.653   625 21442 D QC-time-services: offset is: 0 for base: 13
11-01 00:07:12.653   372   376 E QC-time-services: Receive Passed == base = 13, unit = 1, operation = 2, result = 0
11-01 00:07:12.653   372   376 D DrmLibTime: QSEE Time Listener: ATS_MODEM is not set. Fallback to Android system time.
11-01 00:07:12.653   372   376 D DrmLibTime: QSEE Time Listener: Retrieved Android system time: 1667257632
11-01 00:07:12.653   372   376 D DrmLibTime: time_getutcsec returns 0, sec = 1667257632; nsec = 0
11-01 00:07:12.653   372   376 D DrmLibTime: time_getutcsec finished! 
11-01 00:07:12.653   372   376 D DrmLibTime: iotcl_continue_command finished! and return 0 
11-01 00:07:12.653   372   376 D DrmLibTime: before calling ioctl to read the next time_cmd
11-01 00:07:12.654   625   647 E QC-time-services: Daemon: Time-services: Waiting to acceptconnection
11-01 00:07:12.676   562 19050 D WVCdm   : OEMCrypto_Initialize Level 1 success. I will use level 1.
11-01 00:07:12.676   562 19050 D WVCdm   : CryptoSession::Open: Lock: requested_security_level: L3
11-01 00:07:12.686   562 19050 W WVCdm   : DeviceFiles::RetrieveHashedFile: /data/mediadrm/IDM1013/L3/cert.bin does not exist
11-01 00:07:12.687   562 19050 D QSEECOMAPI: : QSEECom_dealloc_memory 
11-01 00:07:12.687   562 19050 D QSEECOMAPI: : QSEECom_shutdown_app, app_id = 3567
11-01 00:07:12.706   562   562 I WVCdm   : Level3 Library 4445 May 19 2017 17:17:20
11-01 00:07:12.710   562   562 D QSEECOMAPI: : QSEECom_get_handle sb_length = 0x19000
11-01 00:07:12.710   562   562 D QSEECOMAPI: : App is not loaded in QSEE
11-01 00:07:12.760   562   562 D QSEECOMAPI: : Loaded image: APP id = 3568
11-01 00:07:12.764   562   562 D QSAPPSVER: qsapps_get_capabilities: Capability from secure side: 0x0
11-01 00:07:12.764   562   562 D QSAPPSVER: qsapps_get_capabilities: returns 0
11-01 00:07:12.764   562   562 E DrmWidevineDash: sion_buffer g_wv_fhandle->ion_sbuffer  0x0xeeb2c000
11-01 00:07:12.768   372   376 D DrmLibTime: got the req here! ret=0
11-01 00:07:12.768   372   376 D DrmLibTime: command id, time_cmd_id = 770
11-01 00:07:12.768   372   376 D DrmLibTime: time_getutcsec starts!
11-01 00:07:12.768   372   376 D DrmLibTime: QSEE Time Listener: time_getutcsec
11-01 00:07:12.768   372   376 D DrmLibTime: QSEE Time Listener: get_utc_seconds
11-01 00:07:12.768   372   376 D DrmLibTime: QSEE Time Listener: time_get_modem_time
11-01 00:07:12.768   372   376 D DrmLibTime: QSEE Time Listener: Checking if ATS_MODEM is set or not.
11-01 00:07:12.768   372   376 D QC-time-services: Lib:time_genoff_operation: pargs->base = 13
11-01 00:07:12.768   372   376 D QC-time-services: Lib:time_genoff_operation: pargs->operation = 2
11-01 00:07:12.768   372   376 D QC-time-services: Lib:time_genoff_operation: pargs->ts_val = 0
11-01 00:07:12.768   372   376 D QC-time-services: Lib:time_genoff_operation: Send to server  passed!!
11-01 00:07:12.769   625   647 D QC-time-services: Daemon: Connection accepted:time_genoff
11-01 00:07:12.769   625 21443 D QC-time-services: Daemon:Received base = 13, unit = 1, operation = 2,value = 0
11-01 00:07:12.769   625 21443 D QC-time-services: Daemon:genoff_opr: Base = 13, val = 0, operation = 2
11-01 00:07:12.769   625 21443 D QC-time-services: offset is: 0 for base: 13
11-01 00:07:12.769   372   376 E QC-time-services: Receive Passed == base = 13, unit = 1, operation = 2, result = 0
11-01 00:07:12.769   372   376 D DrmLibTime: QSEE Time Listener: ATS_MODEM is not set. Fallback to Android system time.
11-01 00:07:12.769   372   376 D DrmLibTime: QSEE Time Listener: Retrieved Android system time: 1667257632
11-01 00:07:12.769   372   376 D DrmLibTime: time_getutcsec returns 0, sec = 1667257632; nsec = 0
11-01 00:07:12.769   372   376 D DrmLibTime: time_getutcsec finished! 
11-01 00:07:12.769   372   376 D DrmLibTime: iotcl_continue_command finished! and return 0 
11-01 00:07:12.769   372   376 D DrmLibTime: before calling ioctl to read the next time_cmd
11-01 00:07:12.769   625   647 E QC-time-services: Daemon: Time-services: Waiting to acceptconnection
11-01 00:07:12.791   562   562 D WVCdm   : OEMCrypto_Initialize Level 1 success. I will use level 1.
11-01 00:07:12.792   562   562 D WVCdm   : CryptoSession::Open: Lock: requested_security_level: L3
11-01 00:07:12.801 20915 20915 I cr_media: Provisioning origin ID FEC31CC2359C2E03154C5307B2E6159A
11-01 00:07:12.807 20915 20915 I MediaDrm: Drm event (1,0)
11-01 00:07:12.807 20915 20915 E cr_media: EventListener: No session for event 1.
11-01 00:07:12.817   772   791 E BatteryStatsService: no controller energy info supplied
11-01 00:07:13.427   562 28303 D QSEECOMAPI: : QSEECom_dealloc_memory 
11-01 00:07:13.427   562 28303 D QSEECOMAPI: : QSEECom_shutdown_app, app_id = 3568
11-01 00:07:13.451 20915 20915 I cr_media: Create MediaDrmBridge with level L1 and origin FEC31CC2359C2E03154C5307B2E6159A
11-01 00:07:13.453   361   361 W /system/bin/hwservicemanager: getTransportFromManifest: Cannot find entry android.hardware.drm@1.0::IDrmFactory in either framework or device manifest, using default transport.
11-01 00:07:13.455   562 19051 I DrmHal  : makeDrmFactories: using default drm instance
11-01 00:07:13.458   361   361 W /system/bin/hwservicemanager: getTransportFromManifest: Cannot find entry android.hardware.drm@1.0::IDrmFactory in either framework or device manifest, using default transport.
11-01 00:07:13.460   562  5487 I DrmHal  : makeDrmFactories: using default drm instance
11-01 00:07:13.462   562  5487 I WVCdm   : CdmEngine::QueryStatus
11-01 00:07:13.462   562  5487 I WVCdm   : Level3 Library 4445 May 19 2017 17:17:20
11-01 00:07:13.466   562  5487 D QSEECOMAPI: : QSEECom_get_handle sb_length = 0x19000
11-01 00:07:13.466   562  5487 D QSEECOMAPI: : App is not loaded in QSEE
11-01 00:07:13.518   562  5487 D QSEECOMAPI: : Loaded image: APP id = 3569
11-01 00:07:13.524   562  5487 D QSAPPSVER: qsapps_get_capabilities: Capability from secure side: 0x0
11-01 00:07:13.524   562  5487 D QSAPPSVER: qsapps_get_capabilities: returns 0
11-01 00:07:13.524   562  5487 E DrmWidevineDash: sion_buffer g_wv_fhandle->ion_sbuffer  0x0xeeb0e000
11-01 00:07:13.528   372   376 D DrmLibTime: got the req here! ret=0
11-01 00:07:13.528   372   376 D DrmLibTime: command id, time_cmd_id = 770
11-01 00:07:13.528   372   376 D DrmLibTime: time_getutcsec starts!
11-01 00:07:13.528   372   376 D DrmLibTime: QSEE Time Listener: time_getutcsec
11-01 00:07:13.528   372   376 D DrmLibTime: QSEE Time Listener: get_utc_seconds
11-01 00:07:13.528   372   376 D DrmLibTime: QSEE Time Listener: time_get_modem_time
11-01 00:07:13.528   372   376 D DrmLibTime: QSEE Time Listener: Checking if ATS_MODEM is set or not.
11-01 00:07:13.528   372   376 D QC-time-services: Lib:time_genoff_operation: pargs->base = 13
11-01 00:07:13.528   372   376 D QC-time-services: Lib:time_genoff_operation: pargs->operation = 2
11-01 00:07:13.528   372   376 D QC-time-services: Lib:time_genoff_operation: pargs->ts_val = 0
11-01 00:07:13.528   372   376 D QC-time-services: Lib:time_genoff_operation: Send to server  passed!!
11-01 00:07:13.528   625   647 D QC-time-services: Daemon: Connection accepted:time_genoff
11-01 00:07:13.529   625 21448 D QC-time-services: Daemon:Received base = 13, unit = 1, operation = 2,value = 0
11-01 00:07:13.529   625 21448 D QC-time-services: Daemon:genoff_opr: Base = 13, val = 0, operation = 2
11-01 00:07:13.529   625 21448 D QC-time-services: offset is: 0 for base: 13
11-01 00:07:13.529   372   376 E QC-time-services: Receive Passed == base = 13, unit = 1, operation = 2, result = 0
11-01 00:07:13.529   372   376 D DrmLibTime: QSEE Time Listener: ATS_MODEM is not set. Fallback to Android system time.
11-01 00:07:13.529   372   376 D DrmLibTime: QSEE Time Listener: Retrieved Android system time: 1667257633
11-01 00:07:13.529   372   376 D DrmLibTime: time_getutcsec returns 0, sec = 1667257633; nsec = 0
11-01 00:07:13.529   372   376 D DrmLibTime: time_getutcsec finished! 
11-01 00:07:13.529   372   376 D DrmLibTime: iotcl_continue_command finished! and return 0 
11-01 00:07:13.529   372   376 D DrmLibTime: before calling ioctl to read the next time_cmd
11-01 00:07:13.529   625   647 E QC-time-services: Daemon: Time-services: Waiting to acceptconnection
11-01 00:07:13.554   562  5487 D WVCdm   : OEMCrypto_Initialize Level 1 success. I will use level 1.
11-01 00:07:13.555   562  5487 D QSEECOMAPI: : QSEECom_dealloc_memory 
11-01 00:07:13.555   562  5487 D QSEECOMAPI: : QSEECom_shutdown_app, app_id = 3569
11-01 00:07:13.573   562 28303 I WVCdm   : CdmEngine::OpenSession
11-01 00:07:13.573   562 28303 I WVCdm   : Level3 Library 4445 May 19 2017 17:17:20
11-01 00:07:13.577   562 28303 D QSEECOMAPI: : QSEECom_get_handle sb_length = 0x19000
11-01 00:07:13.577   562 28303 D QSEECOMAPI: : App is not loaded in QSEE
11-01 00:07:13.624   562 28303 D QSEECOMAPI: : Loaded image: APP id = 3570
11-01 00:07:13.627   562 28303 D QSAPPSVER: qsapps_get_capabilities: Capability from secure side: 0x0
11-01 00:07:13.627   562 28303 D QSAPPSVER: qsapps_get_capabilities: returns 0
11-01 00:07:13.627   562 28303 E DrmWidevineDash: sion_buffer g_wv_fhandle->ion_sbuffer  0x0xeeb0e000
11-01 00:07:13.630   372   376 D DrmLibTime: got the req here! ret=0
11-01 00:07:13.630   372   376 D DrmLibTime: command id, time_cmd_id = 770
11-01 00:07:13.630   372   376 D DrmLibTime: time_getutcsec starts!
11-01 00:07:13.630   372   376 D DrmLibTime: QSEE Time Listener: time_getutcsec
11-01 00:07:13.630   372   376 D DrmLibTime: QSEE Time Listener: get_utc_seconds
11-01 00:07:13.630   372   376 D DrmLibTime: QSEE Time Listener: time_get_modem_time
11-01 00:07:13.630   372   376 D DrmLibTime: QSEE Time Listener: Checking if ATS_MODEM is set or not.
11-01 00:07:13.630   372   376 D QC-time-services: Lib:time_genoff_operation: pargs->base = 13
11-01 00:07:13.630   372   376 D QC-time-services: Lib:time_genoff_operation: pargs->operation = 2
11-01 00:07:13.630   372   376 D QC-time-services: Lib:time_genoff_operation: pargs->ts_val = 0
11-01 00:07:13.630   372   376 D QC-time-services: Lib:time_genoff_operation: Send to server  passed!!
11-01 00:07:13.631   625   647 D QC-time-services: Daemon: Connection accepted:time_genoff
11-01 00:07:13.631   625 21449 D QC-time-services: Daemon:Received base = 13, unit = 1, operation = 2,value = 0
11-01 00:07:13.631   625 21449 D QC-time-services: Daemon:genoff_opr: Base = 13, val = 0, operation = 2
11-01 00:07:13.631   625 21449 D QC-time-services: offset is: 0 for base: 13
11-01 00:07:13.631   372   376 E QC-time-services: Receive Passed == base = 13, unit = 1, operation = 2, result = 0
11-01 00:07:13.631   372   376 D DrmLibTime: QSEE Time Listener: ATS_MODEM is not set. Fallback to Android system time.
11-01 00:07:13.631   372   376 D DrmLibTime: QSEE Time Listener: Retrieved Android system time: 1667257633
11-01 00:07:13.631   372   376 D DrmLibTime: time_getutcsec returns 0, sec = 1667257633; nsec = 0
11-01 00:07:13.631   372   376 D DrmLibTime: time_getutcsec finished! 
11-01 00:07:13.631   372   376 D DrmLibTime: iotcl_continue_command finished! and return 0 
11-01 00:07:13.631   372   376 D DrmLibTime: before calling ioctl to read the next time_cmd
11-01 00:07:13.631   625   647 E QC-time-services: Daemon: Time-services: Waiting to acceptconnection
11-01 00:07:13.663   562 28303 D WVCdm   : OEMCrypto_Initialize Level 1 success. I will use level 1.
11-01 00:07:13.664   562 28303 D WVCdm   : CryptoSession::Open: Lock: requested_security_level: Default
11-01 00:07:13.670   562 28303 W WVCdm   : DeviceFiles::RetrieveHashedFile: /data/mediadrm/IDM1013/L1/cert.bin does not exist
11-01 00:07:13.671   562 28303 D QSEECOMAPI: : QSEECom_dealloc_memory 
11-01 00:07:13.671   562 28303 D QSEECOMAPI: : QSEECom_shutdown_app, app_id = 3570
11-01 00:07:13.685   562   644 I WVCdm   : Level3 Library 4445 May 19 2017 17:17:20
11-01 00:07:13.695   562   644 D QSEECOMAPI: : QSEECom_get_handle sb_length = 0x19000
11-01 00:07:13.695   562   644 D QSEECOMAPI: : App is not loaded in QSEE
11-01 00:07:13.751   562   644 D QSEECOMAPI: : Loaded image: APP id = 3571
11-01 00:07:13.756   562   644 D QSAPPSVER: qsapps_get_capabilities: Capability from secure side: 0x0
11-01 00:07:13.756   562   644 D QSAPPSVER: qsapps_get_capabilities: returns 0
11-01 00:07:13.756   562   644 E DrmWidevineDash: sion_buffer g_wv_fhandle->ion_sbuffer  0x0xeeb4a000
11-01 00:07:13.759   372   376 D DrmLibTime: got the req here! ret=0
11-01 00:07:13.759   372   376 D DrmLibTime: command id, time_cmd_id = 770
11-01 00:07:13.759   372   376 D DrmLibTime: time_getutcsec starts!
11-01 00:07:13.759   372   376 D DrmLibTime: QSEE Time Listener: time_getutcsec
11-01 00:07:13.759   372   376 D DrmLibTime: QSEE Time Listener: get_utc_seconds
11-01 00:07:13.759   372   376 D DrmLibTime: QSEE Time Listener: time_get_modem_time
11-01 00:07:13.759   372   376 D DrmLibTime: QSEE Time Listener: Checking if ATS_MODEM is set or not.
11-01 00:07:13.759   372   376 D QC-time-services: Lib:time_genoff_operation: pargs->base = 13
11-01 00:07:13.759   372   376 D QC-time-services: Lib:time_genoff_operation: pargs->operation = 2
11-01 00:07:13.759   372   376 D QC-time-services: Lib:time_genoff_operation: pargs->ts_val = 0
11-01 00:07:13.759   372   376 D QC-time-services: Lib:time_genoff_operation: Send to server  passed!!
11-01 00:07:13.760   625   647 D QC-time-services: Daemon: Connection accepted:time_genoff
11-01 00:07:13.760   625 21450 D QC-time-services: Daemon:Received base = 13, unit = 1, operation = 2,value = 0
11-01 00:07:13.760   625 21450 D QC-time-services: Daemon:genoff_opr: Base = 13, val = 0, operation = 2
11-01 00:07:13.760   625 21450 D QC-time-services: offset is: 0 for base: 13
11-01 00:07:13.760   372   376 E QC-time-services: Receive Passed == base = 13, unit = 1, operation = 2, result = 0
11-01 00:07:13.760   372   376 D DrmLibTime: QSEE Time Listener: ATS_MODEM is not set. Fallback to Android system time.
11-01 00:07:13.760   372   376 D DrmLibTime: QSEE Time Listener: Retrieved Android system time: 1667257633
11-01 00:07:13.760   372   376 D DrmLibTime: time_getutcsec returns 0, sec = 1667257633; nsec = 0
11-01 00:07:13.760   372   376 D DrmLibTime: time_getutcsec finished! 
11-01 00:07:13.760   372   376 D DrmLibTime: iotcl_continue_command finished! and return 0 
11-01 00:07:13.760   372   376 D DrmLibTime: before calling ioctl to read the next time_cmd
11-01 00:07:13.760   625   647 E QC-time-services: Daemon: Time-services: Waiting to acceptconnection
11-01 00:07:13.788   562   644 D WVCdm   : OEMCrypto_Initialize Level 1 success. I will use level 1.
11-01 00:07:13.788   562   644 D WVCdm   : CryptoSession::Open: Lock: requested_security_level: Default
11-01 00:07:13.870   562   644 E DrmWidevineDash: OEMCrypto_GenerateSignature : input wrapped_rsa_key == NULL!, return short buffer
11-01 00:07:13.873 20915 20915 I cr_media: Provisioning origin ID FEC31CC2359C2E03154C5307B2E6159A
11-01 00:07:13.875 20915 20915 I MediaDrm: Drm event (1,0)
11-01 00:07:13.875 20915 20915 E cr_media: EventListener: No session for event 1.
11-01 00:07:13.920   562 19050 E DrmWidevineDash: OEMCrypto_RewrapDeviceRSAKey : input wrapped_rsa_key == NULL!, return short buffer
11-01 00:07:13.940   562 19050 D QSEECOMAPI: : QSEECom_dealloc_memory 
11-01 00:07:13.940   562 19050 D QSEECOMAPI: : QSEECom_shutdown_app, app_id = 3571
11-01 00:07:13.976 20915 20915 I cr_media: Create MediaDrmBridge with level L3 and origin 1B308CE884357659AF41617305504CF1
11-01 00:07:13.979   361   361 W /system/bin/hwservicemanager: getTransportFromManifest: Cannot find entry android.hardware.drm@1.0::IDrmFactory in either framework or device manifest, using default transport.
11-01 00:07:14.052   562  5487 I DrmHal  : makeDrmFactories: using default drm instance
11-01 00:07:14.055   361   361 W /system/bin/hwservicemanager: getTransportFromManifest: Cannot find entry android.hardware.drm@1.0::IDrmFactory in either framework or device manifest, using default transport.
11-01 00:07:14.120   562 19050 I DrmHal  : makeDrmFactories: using default drm instance
11-01 00:07:14.121   562 19051 D WVCdm   : Instantiating CDM.
11-01 00:07:14.125   562   562 I WVCdm   : CdmEngine::QueryStatus
11-01 00:07:14.125   562   562 I WVCdm   : Level3 Library 4445 May 19 2017 17:17:20
11-01 00:07:14.132   562   562 D QSEECOMAPI: : QSEECom_get_handle sb_length = 0x19000
11-01 00:07:14.132   562   562 D QSEECOMAPI: : App is not loaded in QSEE
11-01 00:07:14.184   562   562 D QSEECOMAPI: : Loaded image: APP id = 3572
11-01 00:07:14.189   562   562 D QSAPPSVER: qsapps_get_capabilities: Capability from secure side: 0x0
11-01 00:07:14.189   562   562 D QSAPPSVER: qsapps_get_capabilities: returns 0
11-01 00:07:14.189   562   562 E DrmWidevineDash: sion_buffer g_wv_fhandle->ion_sbuffer  0x0xeeb26000
11-01 00:07:14.193   372   376 D DrmLibTime: got the req here! ret=0
11-01 00:07:14.193   372   376 D DrmLibTime: command id, time_cmd_id = 770
11-01 00:07:14.193   372   376 D DrmLibTime: time_getutcsec starts!
11-01 00:07:14.193   372   376 D DrmLibTime: QSEE Time Listener: time_getutcsec
11-01 00:07:14.193   372   376 D DrmLibTime: QSEE Time Listener: get_utc_seconds
11-01 00:07:14.193   372   376 D DrmLibTime: QSEE Time Listener: time_get_modem_time
11-01 00:07:14.193   372   376 D DrmLibTime: QSEE Time Listener: Checking if ATS_MODEM is set or not.
11-01 00:07:14.193   372   376 D QC-time-services: Lib:time_genoff_operation: pargs->base = 13
11-01 00:07:14.193   372   376 D QC-time-services: Lib:time_genoff_operation: pargs->operation = 2
11-01 00:07:14.193   372   376 D QC-time-services: Lib:time_genoff_operation: pargs->ts_val = 0
11-01 00:07:14.193   372   376 D QC-time-services: Lib:time_genoff_operation: Send to server  passed!!
11-01 00:07:14.193   625   647 D QC-time-services: Daemon: Connection accepted:time_genoff
11-01 00:07:14.194   625 21455 D QC-time-services: Daemon:Received base = 13, unit = 1, operation = 2,value = 0
11-01 00:07:14.194   625 21455 D QC-time-services: Daemon:genoff_opr: Base = 13, val = 0, operation = 2
11-01 00:07:14.194   625 21455 D QC-time-services: offset is: 0 for base: 13
11-01 00:07:14.194   372   376 E QC-time-services: Receive Passed == base = 13, unit = 1, operation = 2, result = 0
11-01 00:07:14.194   372   376 D DrmLibTime: QSEE Time Listener: ATS_MODEM is not set. Fallback to Android system time.
11-01 00:07:14.194   372   376 D DrmLibTime: QSEE Time Listener: Retrieved Android system time: 1667257634
11-01 00:07:14.194   372   376 D DrmLibTime: time_getutcsec returns 0, sec = 1667257634; nsec = 0
11-01 00:07:14.194   372   376 D DrmLibTime: time_getutcsec finished! 
11-01 00:07:14.194   372   376 D DrmLibTime: iotcl_continue_command finished! and return 0 
11-01 00:07:14.194   372   376 D DrmLibTime: before calling ioctl to read the next time_cmd
11-01 00:07:14.194   625   647 E QC-time-services: Daemon: Time-services: Waiting to acceptconnection
11-01 00:07:14.223   562   562 D WVCdm   : OEMCrypto_Initialize Level 1 success. I will use level 1.
11-01 00:07:14.224   562   562 D QSEECOMAPI: : QSEECom_dealloc_memory 
11-01 00:07:14.224   562   562 D QSEECOMAPI: : QSEECom_shutdown_app, app_id = 3572
11-01 00:07:14.246   562 19051 I WVCdm   : CdmEngine::OpenSession
11-01 00:07:14.247   562 19051 I WVCdm   : Level3 Library 4445 May 19 2017 17:17:20
11-01 00:07:14.252   562 19051 D QSEECOMAPI: : QSEECom_get_handle sb_length = 0x19000
