--------- beginning of system
11-01 00:06:04.957   772   791 E BatteryStatsService: no controller energy info supplied
11-01 00:06:09.438   772  1327 I ActivityManager: Force stopping com.android.chrome appid=10060 user=0: from pid 20913
11-01 00:06:09.439   772  1327 I ActivityManager: Killing 19314:com.android.chrome/u0a60 (adj 900): stop com.android.chrome
--------- beginning of main
11-01 00:06:09.455  1311  1311 D CarrierSvcBindHelper: No carrier app for: 0
11-01 00:06:09.468  2964  2964 D RegisteredNfcFServicesCache: Service unchanged, not updating
11-01 00:06:09.703   772  1327 I ActivityManager: START u0 {act=android.intent.action.VIEW flg=0x10008000 cmp=com.android.chrome/com.google.android.apps.chrome.Main} from uid 2000
11-01 00:06:09.716   772   830 E ResourceType: Style contains key with bad entry: 0x0101062c
11-01 00:06:09.744   772 13022 I ActivityManager: Start proc 20915:com.android.chrome/u0a60 for activity com.android.chrome/com.google.android.apps.chrome.Main
11-01 00:06:09.801   772   830 E ResourceType: Style contains key with bad entry: 0x0101062c
11-01 00:06:09.898 20915 20915 I cr_SplitCompatApp: Launched version=106.0.5249.79 minSdkVersion=24 isBundle=true processName=com.android.chrome isIsolated=false
11-01 00:06:10.053 29486 29650 I FontLog : Received query Google Sans, URI content://com.google.android.gms.fonts [CONTEXT service_id=132 ]
11-01 00:06:10.053 29486 29650 I FontLog : Query [Google Sans] resolved to {Google Sans, wdth 100.0, wght 400, ital 0.0, bestEffort false} [CONTEXT service_id=132 ]
11-01 00:06:10.055 29486 29650 I FontLog : Font PFD returned from cache for {Google Sans, wdth 100.0, wght 400, ital 0.0, bestEffort false} [CONTEXT service_id=132 ]
11-01 00:06:10.056 29486 29650 I FontLog : Fetch {Google Sans, wdth 100.0, wght 400, ital 0.0, bestEffort false} end status Status{statusCode=SUCCESS, resolution=null} [CONTEXT service_id=132 ]
11-01 00:06:10.064 29486 29498 I FontLog : Pulling font file for id = 1011, cache size = 6 [CONTEXT service_id=132 ]
11-01 00:06:10.090 29486 29497 I FontLog : Received query Google Sans:500, URI content://com.google.android.gms.fonts [CONTEXT service_id=132 ]
11-01 00:06:10.091 29486 29497 I FontLog : Query [Google Sans:500] resolved to {Google Sans, wdth 100.0, wght 500, ital 0.0, bestEffort false} [CONTEXT service_id=132 ]
11-01 00:06:10.092 29486 29497 I FontLog : Font PFD returned from cache for {Google Sans, wdth 100.0, wght 500, ital 0.0, bestEffort false} [CONTEXT service_id=132 ]
11-01 00:06:10.093 29486 29497 I FontLog : Fetch {Google Sans, wdth 100.0, wght 500, ital 0.0, bestEffort false} end status Status{statusCode=SUCCESS, resolution=null} [CONTEXT service_id=132 ]
11-01 00:06:10.099 29486 17541 I FontLog : Pulling font file for id = 1012, cache size = 7 [CONTEXT service_id=132 ]
11-01 00:06:10.113 29486 29498 I FontLog : Received query Google Sans:700, URI content://com.google.android.gms.fonts [CONTEXT service_id=132 ]
11-01 00:06:10.114 29486 29498 I FontLog : Query [Google Sans:700] resolved to {Google Sans, wdth 100.0, wght 700, ital 0.0, bestEffort false} [CONTEXT service_id=132 ]
11-01 00:06:10.120 29486 29498 I FontLog : Fetch {Google Sans, wdth 100.0, wght 700, ital 0.0, bestEffort false} end status Status{statusCode=SUCCESS, resolution=null} [CONTEXT service_id=132 ]
11-01 00:06:10.127 29486 30686 I FontLog : Pulling font file for id = 1013, cache size = 6 [CONTEXT service_id=132 ]
11-01 00:06:10.202 20915 20934 I cr_LibraryLoader: Successfully loaded native library
11-01 00:06:10.206 20915 20934 I cr_CachingUmaRecorder: Flushed 19 samples from 19 histograms.
11-01 00:06:10.488 20915 20915 E ResourceType: Style contains key with bad entry: 0x0101062c
11-01 00:06:10.518 20915 20937 W DynamiteModule: Local module descriptor class for com.google.android.gms.googlecertificates not found.
11-01 00:06:10.543 20915 20937 W zygote  : Skipping duplicate class check due to unrecognized classloader
11-01 00:06:10.546 20915 20937 I DynamiteModule: Considering local module com.google.android.gms.googlecertificates:0 and remote module com.google.android.gms.googlecertificates:7
11-01 00:06:10.547 20915 20937 I DynamiteModule: Selected remote version of com.google.android.gms.googlecertificates, version >= 7
11-01 00:06:10.556   772   784 I ActivityManager: START u0 {cmp=com.android.chrome/org.chromium.chrome.browser.firstrun.FirstRunActivity (has extras)} from uid 10060
11-01 00:06:10.577 20915 20915 E ResourceType: Style contains key with bad entry: 0x0101062c
11-01 00:06:10.607 20915 20937 W zygote  : Skipping duplicate class check due to unrecognized classloader
11-01 00:06:10.647   772  4539 W AppOps  : Bad call: specified package com.google.android.gms under uid 10060 but it is really 10020
11-01 00:06:10.647   772  4539 W AppOps  : java.lang.RuntimeException: here
11-01 00:06:10.647   772  4539 W AppOps  : 	at com.android.server.AppOpsService.getOpsRawLocked(AppOpsService.java:1319)
11-01 00:06:10.647   772  4539 W AppOps  : 	at com.android.server.AppOpsService.checkPackage(AppOpsService.java:1038)
11-01 00:06:10.647   772  4539 W AppOps  : 	at com.android.internal.app.IAppOpsService$Stub.onTransact(IAppOpsService.java:169)
11-01 00:06:10.647   772  4539 W AppOps  : 	at android.os.Binder.execTransact(Binder.java:674)
11-01 00:06:10.648   772 10894 W AppOps  : Bad call: specified package com.google.android.gms under uid 10060 but it is really 10020
11-01 00:06:10.648   772 10894 W AppOps  : java.lang.RuntimeException: here
11-01 00:06:10.648   772 10894 W AppOps  : 	at com.android.server.AppOpsService.getOpsRawLocked(AppOpsService.java:1319)
11-01 00:06:10.648   772 10894 W AppOps  : 	at com.android.server.AppOpsService.checkPackage(AppOpsService.java:1038)
11-01 00:06:10.648   772 10894 W AppOps  : 	at com.android.internal.app.IAppOpsService$Stub.onTransact(IAppOpsService.java:169)
11-01 00:06:10.648   772 10894 W AppOps  : 	at android.os.Binder.execTransact(Binder.java:674)
11-01 00:06:10.653   772  2969 W AppOps  : Bad call: specified package com.google.android.gms under uid 10060 but it is really 10020
11-01 00:06:10.653   772  2969 W AppOps  : java.lang.RuntimeException: here
11-01 00:06:10.653   772  2969 W AppOps  : 	at com.android.server.AppOpsService.getOpsRawLocked(AppOpsService.java:1319)
11-01 00:06:10.653   772  2969 W AppOps  : 	at com.android.server.AppOpsService.checkPackage(AppOpsService.java:1038)
11-01 00:06:10.653   772  2969 W AppOps  : 	at com.android.internal.app.IAppOpsService$Stub.onTransact(IAppOpsService.java:169)
11-01 00:06:10.653   772  2969 W AppOps  : 	at android.os.Binder.execTransact(Binder.java:674)
11-01 00:06:10.655   772  2970 W AppOps  : Bad call: specified package com.google.android.gms under uid 10060 but it is really 10020
11-01 00:06:10.655   772  2970 W AppOps  : java.lang.RuntimeException: here
11-01 00:06:10.655   772  2970 W AppOps  : 	at com.android.server.AppOpsService.getOpsRawLocked(AppOpsService.java:1319)
11-01 00:06:10.655   772  2970 W AppOps  : 	at com.android.server.AppOpsService.checkPackage(AppOpsService.java:1038)
11-01 00:06:10.655   772  2970 W AppOps  : 	at com.android.internal.app.IAppOpsService$Stub.onTransact(IAppOpsService.java:169)
11-01 00:06:10.655   772  2970 W AppOps  : 	at android.os.Binder.execTransact(Binder.java:674)
11-01 00:06:10.765 20915 20915 W ResourceType: Failure getting entry for 0x7f010055 (t=0 e=85) (error -75)
11-01 00:06:10.803 20915 20945 D OpenGLRenderer: HWUI GL Pipeline
11-01 00:06:10.829 20915 20945 I Adreno  : QUALCOMM build                   : 7142022, Ib5823dd10c
11-01 00:06:10.829 20915 20945 I Adreno  : Build Date                       : 06/23/17
11-01 00:06:10.829 20915 20945 I Adreno  : OpenGL ES Shader Compiler Version: EV031.18.00.00
11-01 00:06:10.829 20915 20945 I Adreno  : Local Branch                     : O11A
11-01 00:06:10.829 20915 20945 I Adreno  : Remote Branch                    : 
11-01 00:06:10.829 20915 20945 I Adreno  : Remote Branch                    : 
11-01 00:06:10.829 20915 20945 I Adreno  : Reconstruct Branch               : 
11-01 00:06:10.831 20915 20945 I vndksupport: sphal namespace is not configured for this process. Loading /vendor/lib/hw/gralloc.msm8992.so from the current namespace instead.
11-01 00:06:10.835 20915 20915 W RecyclerView: No adapter attached; skipping layout
11-01 00:06:10.846 20915 20915 I cr_StartSurfaceConfig: Recorded Startup.Android.FirstDrawCompletedTime.NoInstant = 150 ms
11-01 00:06:10.854 20915 20945 I Adreno  : PFP: 0x00000000, ME: 0x00000000
11-01 00:06:10.859 20915 20945 I OpenGLRenderer: Initialized EGL, version 1.4
11-01 00:06:10.860 20915 20945 D OpenGLRenderer: Swap behavior 2
11-01 00:06:10.868 20915 20938 D NetworkSecurityConfig: Using Network Security Config from resource 0_resource_name_obfuscated debugBuild: false
11-01 00:06:10.931 29486 29647 E bfry    : Phenotype API error. Event # ddoj@b044f2ae, EventCode: 7 [CONTEXT service_id=51 ]
11-01 00:06:10.931 29486 29647 E bfry    : bfra: 29505: No config packages for log source, or config package not registered
11-01 00:06:10.931 29486 29647 E bfry    : 	at bfst.b(:com.google.android.gms@223616019@22.36.16 (040400-476895098):4)
11-01 00:06:10.931 29486 29647 E bfry    : 	at bfsq.g(:com.google.android.gms@223616019@22.36.16 (040400-476895098):0)
11-01 00:06:10.931 29486 29647 E bfry    : 	at bfry.e(:com.google.android.gms@223616019@22.36.16 (040400-476895098):4)
11-01 00:06:10.931 29486 29647 E bfry    : 	at bfry.f(:com.google.android.gms@223616019@22.36.16 (040400-476895098):2)
11-01 00:06:10.931 29486 29647 E bfry    : 	at arjg.ep(:com.google.android.gms@223616019@22.36.16 (040400-476895098):1)
11-01 00:06:10.931 29486 29647 E bfry    : 	at arjm.run(:com.google.android.gms@223616019@22.36.16 (040400-476895098):12)
11-01 00:06:10.931 29486 29647 E bfry    : 	at cjoq.run(:com.google.android.gms@223616019@22.36.16 (040400-476895098):2)
11-01 00:06:10.931 29486 29647 E bfry    : 	at aarl.c(:com.google.android.gms@223616019@22.36.16 (040400-476895098):6)
11-01 00:06:10.931 29486 29647 E bfry    : 	at aarl.run(:com.google.android.gms@223616019@22.36.16 (040400-476895098):7)
11-01 00:06:10.931 29486 29647 E bfry    : 	at java.util.concurrent.ThreadPoolExecutor.runWorker(ThreadPoolExecutor.java:1162)
11-01 00:06:10.931 29486 29647 E bfry    : 	at java.util.concurrent.ThreadPoolExecutor$Worker.run(ThreadPoolExecutor.java:636)
11-01 00:06:10.931 29486 29647 E bfry    : 	at aaws.run(:com.google.android.gms@223616019@22.36.16 (040400-476895098):0)
11-01 00:06:10.931 29486 29647 E bfry    : 	at java.lang.Thread.run(Thread.java:764)
11-01 00:06:10.944 29486 29647 W AsyncOperation: operation=GetExperimentTokensOperationCall, opStatusCode=29505 [CONTEXT service_id=51 ]
11-01 00:06:10.944 29486 29647 W AsyncOperation: OperationException[Status{statusCode=No config packages for log source, or config package not registered, resolution=null}]
11-01 00:06:10.944 29486 29647 W AsyncOperation: 	at bfry.e(:com.google.android.gms@223616019@22.36.16 (040400-476895098):6)
11-01 00:06:10.944 29486 29647 W AsyncOperation: 	at bfry.f(:com.google.android.gms@223616019@22.36.16 (040400-476895098):2)
11-01 00:06:10.944 29486 29647 W AsyncOperation: 	at arjg.ep(:com.google.android.gms@223616019@22.36.16 (040400-476895098):1)
11-01 00:06:10.944 29486 29647 W AsyncOperation: 	at arjm.run(:com.google.android.gms@223616019@22.36.16 (040400-476895098):12)
11-01 00:06:10.944 29486 29647 W AsyncOperation: 	at cjoq.run(:com.google.android.gms@223616019@22.36.16 (040400-476895098):2)
11-01 00:06:10.944 29486 29647 W AsyncOperation: 	at aarl.c(:com.google.android.gms@223616019@22.36.16 (040400-476895098):6)
11-01 00:06:10.944 29486 29647 W AsyncOperation: 	at aarl.run(:com.google.android.gms@223616019@22.36.16 (040400-476895098):7)
11-01 00:06:10.944 29486 29647 W AsyncOperation: 	at java.util.concurrent.ThreadPoolExecutor.runWorker(ThreadPoolExecutor.java:1162)
11-01 00:06:10.944 29486 29647 W AsyncOperation: 	at java.util.concurrent.ThreadPoolExecutor$Worker.run(ThreadPoolExecutor.java:636)
11-01 00:06:10.944 29486 29647 W AsyncOperation: 	at aaws.run(:com.google.android.gms@223616019@22.36.16 (040400-476895098):0)
11-01 00:06:10.944 29486 29647 W AsyncOperation: 	at java.lang.Thread.run(Thread.java:764)
11-01 00:06:11.306   361   361 W /system/bin/hwservicemanager: getTransportFromManifest: Cannot find entry android.hardware.graphics.mapper@2.0::IMapper in either framework or device manifest, using default transport.
11-01 00:06:11.309 20915 20945 I vndksupport: sphal namespace is not configured for this process. Loading /vendor/lib/hw/gralloc.msm8992.so from the current namespace instead.
11-01 00:06:11.357   772   797 I ActivityManager: Displayed com.android.chrome/org.chromium.chrome.browser.firstrun.FirstRunActivity: +701ms (total +1s626ms)
11-01 00:06:11.402  8266  8266 I MemoryTrimmer: Trimming objects from memory, since app is in the background.
11-01 00:06:11.405  8266 20772 V rsC++   : RS Message thread exiting.
11-01 00:06:11.419 17973 17973 I PBSessionCacheImpl: Deleted sessionId[9018924027694] from persistence.
11-01 00:06:11.432 17973 17973 I MicroDetector: Keeping mic open: false
11-01 00:06:11.433 17973 18026 I DeviceStateChecker: DeviceStateChecker cancelled
11-01 00:06:11.436 17973 18011 I AudioController: internalShutdown
11-01 00:06:11.437 17973 18011 I MicrophoneInputStream: mic_close com.google.android.apps.gsa.speech.audio.af@623be19
11-01 00:06:11.438 17973 18018 I MicroRecognitionRunner: Stopping hotword detection.
11-01 00:06:11.498   556 20775 D audio_hw_primary: disable_audio_route: usecase(9) reset and update mixer path: audio-record
11-01 00:06:11.499   556 20775 D audio_hw_primary: disable_snd_device: snd_device(72: voice-rec-mic)
11-01 00:06:11.502   556 20775 D sound_trigger_platform: platform_stdev_check_and_update_concurrency: concurrency active 0, tx 0, rx 0, concurrency session_allowed 1
11-01 00:06:11.504   556   753 I SoundTriggerHwService::Module: onCallbackEvent no clients
11-01 00:06:11.507 17973 18005 I MicroRecognitionRunner: Detection finished
11-01 00:06:11.861 20915 20938 I cr_VariationsSeedFetch: Fetched first run seed in 1003 ms
11-01 00:06:11.918   772  1327 I ActivityManager: Start proc 20953:com.android.chrome:sandboxed_process0/u0i57 for webview_service com.android.chrome/org.chromium.content.app.SandboxedProcessService0
11-01 00:06:11.920 20953 20953 E /system/bin/webview_zygote32: failed to make and chown /acct/uid_99057: Permission denied
11-01 00:06:11.920 20953 20953 E Zygote  : createProcessGroup(99057, 0) failed: Permission denied
11-01 00:06:11.943 20953 20953 I SamplingProfilerIntegration: Profiling disabled.
11-01 00:06:12.007 20967 20967 E asset   : setgid: Operation not permitted
11-01 00:06:12.156 20953 20953 I cr_SplitCompatApp: Launched version=106.0.5249.79 minSdkVersion=24 isBundle=true processName=com.android.chrome:sandboxed_process0 isIsolated=true
11-01 00:06:12.171 20953 20953 W SystemServiceRegistry: No service published for: uimode
11-01 00:06:12.190 20953 20953 I cr_ChildProcessService: Creating new ChildProcessService pid=20953
11-01 00:06:12.196 20953 20953 E WebViewFactory: can't load with relro file; address space not reserved
11-01 00:06:12.248   772 10860 I ActivityManager: Start proc 20985:com.android.chrome:privileged_process0/u0a60 for service com.android.chrome/org.chromium.content.app.PrivilegedProcessService0
11-01 00:06:12.288 20915 20915 I cr_SmsProviderGms: construction successfull y93@2a7674f, v93@8db3edc
11-01 00:06:12.318 20985 20985 I cr_SplitCompatApp: Launched version=106.0.5249.79 minSdkVersion=24 isBundle=true processName=com.android.chrome:privileged_process0 isIsolated=false
11-01 00:06:12.329 20985 20985 I cr_ChildProcessService: Creating new ChildProcessService pid=20985
11-01 00:06:12.330 29692 29692 D BoundBrokerSvc: onBind: Intent { act=com.google.android.gms.auth.key.retrieval.service.START dat=chimera-action:com.google.android.gms.auth.key.retrieval.service.START cmp=com.google.android.gms/.chimera.GmsApiService }
11-01 00:06:12.331 29692 29692 D BoundBrokerSvc: Loading bound service for intent: Intent { act=com.google.android.gms.auth.key.retrieval.service.START dat=chimera-action:com.google.android.gms.auth.key.retrieval.service.START cmp=com.google.android.gms/.chimera.GmsApiService }
11-01 00:06:12.366 20915 20915 W cr_KnoxSettingsProvider: Permission to read device policy denied.
11-01 00:06:12.382 20985 21003 I cr_LibraryLoader: Successfully loaded native library
11-01 00:06:12.384 20985 21003 I cr_CachingUmaRecorder: Flushed 3 samples from 3 histograms.
11-01 00:06:12.398 20985 21003 I Adreno  : QUALCOMM build                   : 7142022, Ib5823dd10c
11-01 00:06:12.398 20985 21003 I Adreno  : Build Date                       : 06/23/17
11-01 00:06:12.398 20985 21003 I Adreno  : OpenGL ES Shader Compiler Version: EV031.18.00.00
11-01 00:06:12.398 20985 21003 I Adreno  : Local Branch                     : O11A
11-01 00:06:12.398 20985 21003 I Adreno  : Remote Branch                    : 
11-01 00:06:12.398 20985 21003 I Adreno  : Remote Branch                    : 
11-01 00:06:12.398 20985 21003 I Adreno  : Reconstruct Branch               : 
11-01 00:06:12.399 20985 21003 I vndksupport: sphal namespace is not configured for this process. Loading /vendor/lib/hw/gralloc.msm8992.so from the current namespace instead.
11-01 00:06:12.403 20985 21003 I Adreno  : PFP: 0x00000000, ME: 0x00000000
11-01 00:06:13.094 21012 21012 E /system/bin/webview_zygote32: failed to make and chown /acct/uid_99058: Permission denied
11-01 00:06:13.094 21012 21012 E Zygote  : createProcessGroup(99058, 0) failed: Permission denied
11-01 00:06:13.097   772  2969 I ActivityManager: Start proc 21012:com.android.chrome:sandboxed_process1/u0i58 for webview_service com.android.chrome/org.chromium.content.app.SandboxedProcessService1
11-01 00:06:13.116 21012 21012 I SamplingProfilerIntegration: Profiling disabled.
11-01 00:06:13.138 21025 21025 E asset   : setgid: Operation not permitted
11-01 00:06:13.173 21012 21012 I cr_SplitCompatApp: Launched version=106.0.5249.79 minSdkVersion=24 isBundle=true processName=com.android.chrome:sandboxed_process1 isIsolated=true
11-01 00:06:13.179 21012 21012 W SystemServiceRegistry: No service published for: uimode
11-01 00:06:13.191 21012 21012 I cr_ChildProcessService: Creating new ChildProcessService pid=21012
11-01 00:06:13.199 21012 21012 E WebViewFactory: can't load with relro file; address space not reserved
11-01 00:06:13.210 21012 21027 I cr_LibraryLoader: Successfully loaded native library
11-01 00:06:13.211 21012 21027 I cr_CachingUmaRecorder: Flushed 3 samples from 3 histograms.
11-01 00:06:13.246 21012 21027 I chromium: [INFO:child_process_service.cc(69)] ChildProcessService: Exiting child process.
11-01 00:06:13.247   422   422 E lowmemorykiller: Error writing /proc/21012/oom_score_adj; errno=22
11-01 00:06:13.248   772 29404 I ActivityManager: Killing 21012:com.android.chrome:sandboxed_process1/u0a60i58 (adj 0): isolated not needed
11-01 00:06:13.249   772   790 W zygote64: failed to open /acct/uid_99058/pid_21012/cgroup.procs: No such file or directory
11-01 00:06:14.547 20915 20915 E cr_BTSPrefs: No data found for task id: 53
11-01 00:06:14.549 20915 20915 E cr_BkgrdTaskScheduler: Task cannot be canceled because no data was found instorage or data was invalid
11-01 00:06:16.463 17973 18026 I EventLogSendingHelper: Sending log events.
11-01 00:06:16.618 21055 21055 D AndroidRuntime: >>>>>> START com.android.internal.os.RuntimeInit uid 2000 <<<<<<
11-01 00:06:16.785 21055 21055 D AndroidRuntime: Calling main entry com.android.commands.input.Input
11-01 00:06:16.793 21055 21055 I Input   : injectMotionEvent: MotionEvent { action=ACTION_DOWN, actionButton=0, id[0]=0, x[0]=540.0, y[0]=1660.0, toolType[0]=TOOL_TYPE_UNKNOWN, buttonState=0, metaState=0, flags=0x0, edgeFlags=0x0, pointerCount=1, historySize=0, eventTime=576075055, downTime=576075055, deviceId=8, source=0x1002 }
11-01 00:06:16.800 21055 21055 I Input   : injectMotionEvent: MotionEvent { action=ACTION_UP, actionButton=0, id[0]=0, x[0]=540.0, y[0]=1660.0, toolType[0]=TOOL_TYPE_UNKNOWN, buttonState=0, metaState=0, flags=0x0, edgeFlags=0x0, pointerCount=1, historySize=0, eventTime=576075055, downTime=576075055, deviceId=8, source=0x1002 }
11-01 00:06:16.803 21055 21055 D AndroidRuntime: Shutting down VM
11-01 00:06:16.832   556  6498 D audio_hw_primary: enable_snd_device: snd_device(88: vi-feedback)
11-01 00:06:16.832   556  6498 D audio_hw_primary: enable_audio_route: usecase(23) apply and update mixer path: spkr-vi-record
11-01 00:06:16.858   556  6498 D audio_hw_primary: enable_audio_route: usecase(1) apply and update mixer path: low-latency-playback
11-01 00:06:17.385   556   731 D audio_hw_primary: disable_audio_route: usecase(1) reset and update mixer path: low-latency-playback
11-01 00:06:17.402   556   731 D audio_hw_primary: disable_snd_device: snd_device(88: vi-feedback)
11-01 00:06:17.402   556   731 D audio_hw_primary: disable_audio_route: usecase(23) reset and update mixer path: spkr-vi-record
11-01 00:06:18.217 21070 21070 D AndroidRuntime: >>>>>> START com.android.internal.os.RuntimeInit uid 2000 <<<<<<
11-01 00:06:18.345 21070 21070 D AndroidRuntime: Calling main entry com.android.commands.input.Input
11-01 00:06:18.352 21070 21070 I Input   : injectMotionEvent: MotionEvent { action=ACTION_DOWN, actionButton=0, id[0]=0, x[0]=180.0, y[0]=1690.0, toolType[0]=TOOL_TYPE_UNKNOWN, buttonState=0, metaState=0, flags=0x0, edgeFlags=0x0, pointerCount=1, historySize=0, eventTime=576076614, downTime=576076614, deviceId=8, source=0x1002 }
11-01 00:06:18.357 21070 21070 I Input   : injectMotionEvent: MotionEvent { action=ACTION_UP, actionButton=0, id[0]=0, x[0]=180.0, y[0]=1690.0, toolType[0]=TOOL_TYPE_UNKNOWN, buttonState=0, metaState=0, flags=0x0, edgeFlags=0x0, pointerCount=1, historySize=0, eventTime=576076614, downTime=576076614, deviceId=8, source=0x1002 }
11-01 00:06:18.359 21070 21070 D AndroidRuntime: Shutting down VM
11-01 00:06:18.378   556  6498 D audio_hw_primary: enable_snd_device: snd_device(88: vi-feedback)
11-01 00:06:18.378   556  6498 D audio_hw_primary: enable_audio_route: usecase(23) apply and update mixer path: spkr-vi-record
11-01 00:06:18.380   772 29404 I ActivityManager: START u0 {act=android.intent.action.VIEW flg=0x10008000 cmp=com.android.chrome/com.google.android.apps.chrome.Main (has extras)} from uid 10060
11-01 00:06:18.385   772   830 E ResourceType: Style contains key with bad entry: 0x0101062c
11-01 00:06:18.385   772   830 E ResourceType: Style contains key with bad entry: 0x0101062c
11-01 00:06:18.403   556  6498 D audio_hw_primary: enable_audio_route: usecase(1) apply and update mixer path: low-latency-playback
11-01 00:06:18.410 20915 20915 E ResourceType: Style contains key with bad entry: 0x0101062c
11-01 00:06:18.414 20915 20915 E ResourceType: Style contains key with bad entry: 0x0101062c
11-01 00:06:18.468 20915 20915 W ResourceType: Failure getting entry for 0x7f010055 (t=0 e=85) (error -75)
11-01 00:06:18.484 20915 20915 I cr_CompositorSurfaceMgr: Transitioning to surface with format: -1
11-01 00:06:18.491 20915 20915 W ResourceType: Failure getting entry for 0x7f010530 (t=0 e=1328) (error -75)
11-01 00:06:18.565 20915 20980 W cr_tabmodel: Starting to perform legacy migration.
11-01 00:06:18.569 20915 20980 W cr_tabmodel: Finished performing legacy migration.
11-01 00:06:18.569 20915 20980 W cr_tabmodel: Starting to perform multi-instance migration.
11-01 00:06:18.569 20915 20980 W cr_tabmodel: Finished performing multi-instance migration.
11-01 00:06:18.570 20915 20980 I cr_tabmodel: Starting to fetch tab list for tab_state0
11-01 00:06:18.570 20915 20980 I cr_tabmodel: State file does not exist.
11-01 00:06:18.570 20915 20980 I cr_tabmodel: Starting to fetch tab list for tab_state1
11-01 00:06:18.570 20915 20980 I cr_tabmodel: State file does not exist.
11-01 00:06:18.621   772 10860 W ActivityManager: Duplicate finish request for ActivityRecord{dd8ffec u0 com.android.chrome/org.chromium.chrome.browser.firstrun.FirstRunActivity t973 f}
11-01 00:06:18.624 20915 20980 W cr_PartnerCustomize: Partner homepage must be HTTP(S) or NewTabPage. Got invalid URL "org.chromium.url.GURL@0"
11-01 00:06:18.674 20915 20915 I cr_StartSurfaceConfig: Recorded Startup.Android.FirstDrawCompletedTime.NoInstant = 245 ms
11-01 00:06:18.684 20915 20945 D OpenGLRenderer: endAllActiveAnimators on 0xc5369b80 (RippleDrawable) with handle 0xc6441600
11-01 00:06:18.690 20915 20915 I cr_CompositorSurfaceMgr: Transitioning to surface with format: -1
11-01 00:06:18.693 20915 20915 I cr_CompositorSurfaceMgr: surfaceCreated format: 0
11-01 00:06:18.701 20915 20915 I cr_ChromeTabbedActivity: #initializeState
11-01 00:06:18.701 20915 20915 I cr_CipherFactory: #restoreFromBundle, no savedInstanceState.
11-01 00:06:18.701 20915 20915 I cr_tabmodel: #loadState, ignoreIncognitoFiles? true
11-01 00:06:18.709 20915 20915 I cr_tabmodel: Loaded tab lists; counts: 0,0
11-01 00:06:18.710 20915 20915 I cr_ChromeTabbedActivity: #createInitialTab executed.
11-01 00:06:18.727 20915 20915 E ResourceType: Style contains key with bad entry: 0x0101062c
11-01 00:06:18.787   772 10895 E BatteryStatsService: no controller energy info supplied
11-01 00:06:18.787   772 10895 E BatteryStatsService: no controller energy info supplied
11-01 00:06:18.803   772   788 W ProcessCpuTracker: Skipping unknown process pid 21105
11-01 00:06:18.827   772  3037 I ActivityManager: Start proc 21107:com.google.android.partnersetup/u0a26 for content provider com.google.android.partnersetup/.RlzAppProvider
11-01 00:06:18.827   772  3037 W ActivityManager: Slow operation: 96ms so far, now at getContentProviderImpl: after start process
11-01 00:06:18.827   772  3037 W ActivityManager: Slow operation: 96ms so far, now at getContentProviderImpl: updating data structures
11-01 00:06:18.827   772  3037 W ActivityManager: Slow operation: 96ms so far, now at getContentProviderImpl: done!
11-01 00:06:18.830 20915 20915 W ResourceType: Failure getting entry for 0x7f010565 (t=0 e=1381) (error -75)
11-01 00:06:18.839 20915 20915 W ResourceType: Failure getting entry for 0x7f010551 (t=0 e=1361) (error -75)
11-01 00:06:18.931   556   731 D audio_hw_primary: disable_audio_route: usecase(1) reset and update mixer path: low-latency-playback
11-01 00:06:18.945   556   731 D audio_hw_primary: disable_snd_device: snd_device(88: vi-feedback)
11-01 00:06:18.945   556   731 D audio_hw_primary: disable_audio_route: usecase(23) reset and update mixer path: spkr-vi-record
11-01 00:06:19.014 20915 20915 W ResourceType: Failure getting entry for 0x7f01059a (t=0 e=1434) (error -75)
11-01 00:06:19.050   772   996 W AppOps  : Bad call: specified package com.google.android.gms under uid 10060 but it is really 10020
11-01 00:06:19.050   772   996 W AppOps  : java.lang.RuntimeException: here
11-01 00:06:19.050   772   996 W AppOps  : 	at com.android.server.AppOpsService.getOpsRawLocked(AppOpsService.java:1319)
11-01 00:06:19.050   772   996 W AppOps  : 	at com.android.server.AppOpsService.checkPackage(AppOpsService.java:1038)
11-01 00:06:19.050   772   996 W AppOps  : 	at com.android.internal.app.IAppOpsService$Stub.onTransact(IAppOpsService.java:169)
11-01 00:06:19.050   772   996 W AppOps  : 	at android.os.Binder.execTransact(Binder.java:674)
11-01 00:06:19.051   772  1324 W AppOps  : Bad call: specified package com.google.android.gms under uid 10060 but it is really 10020
11-01 00:06:19.051   772  1324 W AppOps  : java.lang.RuntimeException: here
11-01 00:06:19.051   772  1324 W AppOps  : 	at com.android.server.AppOpsService.getOpsRawLocked(AppOpsService.java:1319)
11-01 00:06:19.051   772  1324 W AppOps  : 	at com.android.server.AppOpsService.checkPackage(AppOpsService.java:1038)
11-01 00:06:19.051   772  1324 W AppOps  : 	at com.android.internal.app.IAppOpsService$Stub.onTransact(IAppOpsService.java:169)
11-01 00:06:19.051   772  1324 W AppOps  : 	at android.os.Binder.execTransact(Binder.java:674)
11-01 00:06:19.053   772  4539 W AppOps  : Bad call: specified package com.google.android.gms under uid 10060 but it is really 10020
11-01 00:06:19.053   772  4539 W AppOps  : java.lang.RuntimeException: here
11-01 00:06:19.053   772  4539 W AppOps  : 	at com.android.server.AppOpsService.getOpsRawLocked(AppOpsService.java:1319)
11-01 00:06:19.053   772  4539 W AppOps  : 	at com.android.server.AppOpsService.checkPackage(AppOpsService.java:1038)
11-01 00:06:19.053   772  4539 W AppOps  : 	at com.android.internal.app.IAppOpsService$Stub.onTransact(IAppOpsService.java:169)
11-01 00:06:19.053   772  4539 W AppOps  : 	at android.os.Binder.execTransact(Binder.java:674)
11-01 00:06:19.054   772 10895 W AppOps  : Bad call: specified package com.google.android.gms under uid 10060 but it is really 10020
11-01 00:06:19.054   772 10895 W AppOps  : java.lang.RuntimeException: here
11-01 00:06:19.054   772 10895 W AppOps  : 	at com.android.server.AppOpsService.getOpsRawLocked(AppOpsService.java:1319)
11-01 00:06:19.054   772 10895 W AppOps  : 	at com.android.server.AppOpsService.checkPackage(AppOpsService.java:1038)
11-01 00:06:19.054   772 10895 W AppOps  : 	at com.android.internal.app.IAppOpsService$Stub.onTransact(IAppOpsService.java:169)
11-01 00:06:19.054   772 10895 W AppOps  : 	at android.os.Binder.execTransact(Binder.java:674)
11-01 00:06:19.076 20915 20915 E cr_IntentUtils: getBooleanExtra failed on intent null
11-01 00:06:19.076 20915 20915 E cr_IntentUtils: getBooleanExtra failed on intent null
11-01 00:06:19.078 20953 20977 I cr_LibraryLoader: Successfully loaded native library
11-01 00:06:19.079 20953 20977 I cr_CachingUmaRecorder: Flushed 3 samples from 3 histograms.
11-01 00:06:19.108 20915 20915 W ResourceType: Failure getting entry for 0x7f010888 (t=0 e=2184) (error -75)
11-01 00:06:19.125 20915 20915 I chatty  : uid=10060(u0_a60) identical 6 lines
11-01 00:06:19.127 20915 20915 W ResourceType: Failure getting entry for 0x7f010888 (t=0 e=2184) (error -75)
11-01 00:06:19.127 29486 29498 I FontLog : Received query name=Google Sans&weight=700&besteffort=false, URI content://com.google.android.gms.fonts [CONTEXT service_id=132 ]
11-01 00:06:19.128 29486 29498 I FontLog : Query [name=Google Sans&weight=700&besteffort=false] resolved to {Google Sans, wdth 100.0, wght 700, ital 0.0, bestEffort false} [CONTEXT service_id=132 ]
11-01 00:06:19.128 20915 20915 I cr_TopSites: Start a new task.
11-01 00:06:19.129 20915 20981 I cr_TopSites: Serializing top sites lists finished; count: 8
11-01 00:06:19.130 29486 29498 I FontLog : Fetch {Google Sans, wdth 100.0, wght 700, ital 0.0, bestEffort false} end status Status{statusCode=SUCCESS, resolution=null} [CONTEXT service_id=132 ]
11-01 00:06:19.137 29486 30686 I FontLog : Pulling font file for id = 1014, cache size = 7 [CONTEXT service_id=132 ]
11-01 00:06:19.137 20915 20981 I cr_TopSites: Finished saving top sites list to file:/data/user/0/com.android.chrome/app_top_sites/top_sites
11-01 00:06:19.154 21143 21143 E /system/bin/webview_zygote32: failed to make and chown /acct/uid_99059: Permission denied
11-01 00:06:19.154 21143 21143 E Zygote  : createProcessGroup(99059, 0) failed: Permission denied
11-01 00:06:19.154   361   361 W /system/bin/hwservicemanager: getTransportFromManifest: Cannot find entry android.hardware.graphics.mapper@2.0::IMapper in either framework or device manifest, using default transport.
11-01 00:06:19.157 20985 21003 I vndksupport: sphal namespace is not configured for this process. Loading /vendor/lib/hw/gralloc.msm8992.so from the current namespace instead.
11-01 00:06:19.167   772  1259 I ActivityManager: Start proc 21143:com.android.chrome:sandboxed_process2/u0i59 for webview_service com.android.chrome/org.chromium.content.app.SandboxedProcessService2
11-01 00:06:19.171 29486 29650 I FontLog : Received query name=Noto Color Emoji Compat&weight=400&besteffort=false, URI content://com.google.android.gms.fonts [CONTEXT service_id=132 ]
11-01 00:06:19.172 29486 29650 I FontLog : Query [name=Noto Color Emoji Compat&weight=400&besteffort=false] resolved to {Noto Color Emoji Compat, wdth 100.0, wght 400, ital 0.0, bestEffort false} [CONTEXT service_id=132 ]
11-01 00:06:19.174 29486 29650 I FontLog : Fetch {Noto Color Emoji Compat, wdth 100.0, wght 400, ital 0.0, bestEffort false} end status Status{statusCode=SUCCESS, resolution=null} [CONTEXT service_id=132 ]
11-01 00:06:19.179 29486 29497 I FontLog : Pulling font file for id = 1015, cache size = 6 [CONTEXT service_id=132 ]
11-01 00:06:19.188 29486 17541 I FontLog : Received query name=Google Sans&weight=400&besteffort=false, URI content://com.google.android.gms.fonts [CONTEXT service_id=132 ]
11-01 00:06:19.188 29486 17541 I FontLog : Query [name=Google Sans&weight=400&besteffort=false] resolved to {Google Sans, wdth 100.0, wght 400, ital 0.0, bestEffort false} [CONTEXT service_id=132 ]
11-01 00:06:19.190 29486 17541 I FontLog : Font PFD returned from cache for {Google Sans, wdth 100.0, wght 400, ital 0.0, bestEffort false} [CONTEXT service_id=132 ]
11-01 00:06:19.190 29486 17541 I FontLog : Fetch {Google Sans, wdth 100.0, wght 400, ital 0.0, bestEffort false} end status Status{statusCode=SUCCESS, resolution=null} [CONTEXT service_id=132 ]
11-01 00:06:19.194 29486 29651 I FontLog : Pulling font file for id = 1016, cache size = 7 [CONTEXT service_id=132 ]
11-01 00:06:19.199 29486 29498 I FontLog : Received query name=Google Sans&weight=500&besteffort=false, URI content://com.google.android.gms.fonts [CONTEXT service_id=132 ]
11-01 00:06:19.200 29486 29498 I FontLog : Query [name=Google Sans&weight=500&besteffort=false] resolved to {Google Sans, wdth 100.0, wght 500, ital 0.0, bestEffort false} [CONTEXT service_id=132 ]
11-01 00:06:19.201 29486 29498 I FontLog : Font PFD returned from cache for {Google Sans, wdth 100.0, wght 500, ital 0.0, bestEffort false} [CONTEXT service_id=132 ]
11-01 00:06:19.202 29486 29498 I FontLog : Fetch {Google Sans, wdth 100.0, wght 500, ital 0.0, bestEffort false} end status Status{statusCode=SUCCESS, resolution=null} [CONTEXT service_id=132 ]
11-01 00:06:19.204 21143 21143 I SamplingProfilerIntegration: Profiling disabled.
11-01 00:06:19.209 29486 30686 I FontLog : Pulling font file for id = 1017, cache size = 7 [CONTEXT service_id=132 ]
11-01 00:06:19.217 20915 20915 W ResourceType: Failure getting entry for 0x7f010216 (t=0 e=534) (error -75)
11-01 00:06:19.219 20915 20915 W ResourceType: Failure getting entry for 0x7f0107c9 (t=0 e=1993) (error -75)
11-01 00:06:19.226 21160 21160 E asset   : setgid: Operation not permitted
11-01 00:06:19.233 20915 20915 W ResourceType: Failure getting entry for 0x7f010827 (t=0 e=2087) (error -75)
11-01 00:06:19.253 21143 21143 I cr_SplitCompatApp: Launched version=106.0.5249.79 minSdkVersion=24 isBundle=true processName=com.android.chrome:sandboxed_process2 isIsolated=true
11-01 00:06:19.257 21143 21143 W SystemServiceRegistry: No service published for: uimode
11-01 00:06:19.264 21143 21143 I cr_ChildProcessService: Creating new ChildProcessService pid=21143
11-01 00:06:19.264 20915 20915 I cr_tabmodel: Appending tabs being restored to metadata lists, 0, startingNormalCount: 1, startingIncognitoCount: 0
11-01 00:06:19.264 20915 20915 I cr_tabmodel: Serializing tab lists; counts: 1, 0
11-01 00:06:19.269 20915 20915 I cr_OfflineIndicator: onConnectionTypeChanged 2
11-01 00:06:19.271 21143 21143 E WebViewFactory: can't load with relro file; address space not reserved
11-01 00:06:19.272 20915 20915 I cr_OfflineIndicator: Reported by system: [ Transports: WIFI Capabilities: NOT_METERED&INTERNET&NOT_RESTRICTED&TRUSTED&NOT_VPN&VALIDATED&FOREGROUND LinkUpBandwidth>=1048576Kbps LinkDnBandwidth>=1048576Kbps SignalStrength: -66]
11-01 00:06:19.272 20915 20915 I cr_OfflineIndicator: setConnectionState connectionState=4
11-01 00:06:19.272 20915 20915 I cr_OfflineDetector: Running updateState mConnectivityDetectorInitialized: true, mTimeWhenLastForegrounded: 1133633435, getElapsedTime: 1133633439, mTimeWhenLastOfflineNotificationReceived: 0, mTimeWhenLastOnline: 1133633439, mApplicationState: 1, mIsOfflineLastReportedByConnectivityDetector: false, mIsEffectivelyOffline: false
11-01 00:06:19.272 20915 20915 I cr_OfflineDetector: updateState(): timeSinceLastForeground: 4, timeSinceOfflineNotificationReceived: 1133633439, timeSinceLastOnline: 0, timeNeededForForeground: 1996, timeNeededForOffline: -1133631439
11-01 00:06:19.272 20915 20915 I cr_OfflineIndicator: processConnectivityCheckResult mConnectionState=4 mConnectivityCheckingStage=1
11-01 00:06:19.283 21143 21162 I cr_LibraryLoader: Successfully loaded native library
11-01 00:06:19.285 21143 21162 I cr_CachingUmaRecorder: Flushed 3 samples from 3 histograms.
11-01 00:06:19.322 20915 20915 W ResourceType: Failure getting entry for 0x7f010415 (t=0 e=1045) (error -75)
11-01 00:06:19.466 20915 20915 W ResourceType: Failure getting entry for 0x7f0100f9 (t=0 e=249) (error -75)
11-01 00:06:19.467 20915 20982 I cr_VrCoreVersionChecker: Unable to find VrCore.
11-01 00:06:19.468 20915 20915 W ResourceType: Failure getting entry for 0x7f010828 (t=0 e=2088) (error -75)
11-01 00:06:19.479 20915 20915 W ResourceType: Failure getting entry for 0x7f010827 (t=0 e=2087) (error -75)
11-01 00:06:19.556 20915 20915 I Choreographer: Skipped 52 frames!  The application may be doing too much work on its main thread.
11-01 00:06:19.579 20915 20915 W StaticLayout: maxLineHeight should not be -1.  maxLines:1 lineCount:1
11-01 00:06:19.650   772   797 I ActivityManager: Displayed com.android.chrome/com.google.android.apps.chrome.Main: +1s254ms
11-01 00:06:19.746 20915 20952 I cr_BindingManager: Moderate binding enabled: maxSize=40
11-01 00:06:19.754 20915 20980 W cr_CrashFileManager: /data/user/0/com.android.chrome/cache/Crash Reports does not exist or is not a directory
11-01 00:06:19.754 20915 20980 I chatty  : uid=10060(u0_a60) identical 1 line
11-01 00:06:19.754 20915 20980 W cr_CrashFileManager: /data/user/0/com.android.chrome/cache/Crash Reports does not exist or is not a directory
11-01 00:06:19.771   772 10893 W AppOps  : Bad call: specified package com.google.android.gms under uid 10045 but it is really 10020
11-01 00:06:19.771   772 10893 W AppOps  : java.lang.RuntimeException: here
11-01 00:06:19.771   772 10893 W AppOps  : 	at com.android.server.AppOpsService.getOpsRawLocked(AppOpsService.java:1319)
11-01 00:06:19.771   772 10893 W AppOps  : 	at com.android.server.AppOpsService.checkPackage(AppOpsService.java:1038)
11-01 00:06:19.771   772 10893 W AppOps  : 	at com.android.internal.app.IAppOpsService$Stub.onTransact(IAppOpsService.java:169)
11-01 00:06:19.771   772 10893 W AppOps  : 	at android.os.Binder.execTransact(Binder.java:674)
11-01 00:06:19.782   772  3041 W AppOps  : Bad call: specified package com.google.android.gms under uid 10045 but it is really 10020
11-01 00:06:19.782   772  3041 W AppOps  : java.lang.RuntimeException: here
11-01 00:06:19.782   772  3041 W AppOps  : 	at com.android.server.AppOpsService.getOpsRawLocked(AppOpsService.java:1319)
11-01 00:06:19.782   772  3041 W AppOps  : 	at com.android.server.AppOpsService.checkPackage(AppOpsService.java:1038)
11-01 00:06:19.782   772  3041 W AppOps  : 	at com.android.internal.app.IAppOpsService$Stub.onTransact(IAppOpsService.java:169)
11-01 00:06:19.782   772  3041 W AppOps  : 	at android.os.Binder.execTransact(Binder.java:674)
11-01 00:06:19.817 17973 17973 E WorkerRegistryImpl: getWorker() is called after WorkerRegistry disposal.
11-01 00:06:19.817 17973 17973 E WorkerRegistryImpl: getWorker() is called after WorkerRegistry disposal.
11-01 00:06:19.834 17973 17973 I MemoryTrimmer: Trimming objects from memory, since app is in the background.
11-01 00:06:20.010   772  1327 I ActivityManager: START u0 {act=android.intent.action.VIEW dat=http://192.168.178.178:5500/... flg=0x10000000 cmp=com.android.chrome/com.google.android.apps.chrome.Main} from uid 2000
11-01 00:06:20.058 20915 20915 E cr_IntentUtils: getInt failed on bundle null
11-01 00:06:20.060 20915 20915 E ResourceType: Style contains key with bad entry: 0x0101062c
11-01 00:06:20.083 21205 21205 E /system/bin/webview_zygote32: failed to make and chown /acct/uid_99060: Permission denied
11-01 00:06:20.084 21205 21205 E Zygote  : createProcessGroup(99060, 0) failed: Permission denied
11-01 00:06:20.085 20915 20915 I cr_tabmodel: Appending tabs being restored to metadata lists, 0, startingNormalCount: 2, startingIncognitoCount: 0
11-01 00:06:20.085 20915 20915 I cr_tabmodel: Serializing tab lists; counts: 2, 0
11-01 00:06:20.087   772  3037 I ActivityManager: Start proc 21205:com.android.chrome:sandboxed_process3/u0i60 for webview_service com.android.chrome/org.chromium.content.app.SandboxedProcessService3
11-01 00:06:20.106 21205 21205 I SamplingProfilerIntegration: Profiling disabled.
11-01 00:06:20.122 21221 21221 E asset   : setgid: Operation not permitted
11-01 00:06:20.123 20915 20915 I cr_OfflineDetector: Running updateState mConnectivityDetectorInitialized: true, mTimeWhenLastForegrounded: 1133634289, getElapsedTime: 1133634289, mTimeWhenLastOfflineNotificationReceived: 0, mTimeWhenLastOnline: 1133633439, mApplicationState: 1, mIsOfflineLastReportedByConnectivityDetector: false, mIsEffectivelyOffline: false
11-01 00:06:20.123 20915 20915 I cr_OfflineDetector: updateState(): timeSinceLastForeground: 0, timeSinceOfflineNotificationReceived: 1133634289, timeSinceLastOnline: 850, timeNeededForForeground: 2000, timeNeededForOffline: -1133632289
11-01 00:06:20.165 21205 21205 I cr_SplitCompatApp: Launched version=106.0.5249.79 minSdkVersion=24 isBundle=true processName=com.android.chrome:sandboxed_process3 isIsolated=true
11-01 00:06:20.167 20915 20915 W ResourceType: Failure getting entry for 0x7f010216 (t=0 e=534) (error -75)
11-01 00:06:20.169 20915 20915 W ResourceType: Failure getting entry for 0x7f0107c9 (t=0 e=1993) (error -75)
11-01 00:06:20.178 21205 21205 W SystemServiceRegistry: No service published for: uimode
11-01 00:06:20.191 21205 21205 I cr_ChildProcessService: Creating new ChildProcessService pid=21205
11-01 00:06:20.201 21205 21205 E WebViewFactory: can't load with relro file; address space not reserved
11-01 00:06:20.219 21205 21225 I cr_LibraryLoader: Successfully loaded native library
11-01 00:06:20.222 21205 21225 I cr_CachingUmaRecorder: Flushed 3 samples from 3 histograms.
11-01 00:06:20.437 20915 20925 I zygote  : Background concurrent copying GC freed 126942(5MB) AllocSpace objects, 6(120KB) LOS objects, 49% free, 4MB/9MB, paused 828us total 138.713ms
11-01 00:06:20.574 20985 20998 I vndksupport: sphal namespace is not configured for this process. Loading libutils.so from the current namespace instead.
11-01 00:06:20.574 21205 21218 I vndksupport: sphal namespace is not configured for this process. Loading libutils.so from the current namespace instead.
11-01 00:06:20.575 20915 20927 I vndksupport: sphal namespace is not configured for this process. Loading libutils.so from the current namespace instead.
11-01 00:06:20.575 21107 21123 I vndksupport: sphal namespace is not configured for this process. Loading libutils.so from the current namespace instead.
11-01 00:06:20.576 20953 20969 I vndksupport: sphal namespace is not configured for this process. Loading libutils.so from the current namespace instead.
11-01 00:06:20.576 21143 21159 I vndksupport: sphal namespace is not configured for this process. Loading libutils.so from the current namespace instead.
11-01 00:06:20.583   556  7524 E Parcel  : Reading a NULL string not supported here.
11-01 00:06:20.583   556  7524 W Parcel  : **** enforceInterface() expected 'IAAudioService' but read ''
11-01 00:06:20.584   360   360 E SELinux : avc:  denied  { find } for service=android.service.gatekeeper.IGateKeeperService pid=21226 uid=2000 scontext=u:r:shell:s0 tcontext=u:object_r:gatekeeper_service:s0 tclass=service_manager
11-01 00:06:20.584   360   360 E SELinux : avc:  denied  { find } for service=netd pid=21226 uid=2000 scontext=u:r:shell:s0 tcontext=u:object_r:netd_service:s0 tclass=service_manager
11-01 00:06:20.585 21226 21226 W atrace  : type=1400 audit(0.0:19902): avc: denied { call } for scontext=u:r:shell:s0 tcontext=u:r:wificond:s0 tclass=binder permissive=0
11-01 00:06:20.590   360   360 E SELinux : avc:  denied  { find } for service=installd pid=21226 uid=2000 scontext=u:r:shell:s0 tcontext=u:object_r:installd_service:s0 tclass=service_manager
11-01 00:06:20.594   361   361 E SELinux : avc:  denied  { find } for interface=android.frameworks.displayservice::IDisplayService pid=21226 scontext=u:r:shell:s0 tcontext=u:object_r:fwk_display_hwservice:s0 tclass=hwservice_manager
11-01 00:06:20.595   361   361 E SELinux : avc:  denied  { find } for interface=android.frameworks.schedulerservice::ISchedulingPolicyService pid=21226 scontext=u:r:shell:s0 tcontext=u:object_r:fwk_scheduler_hwservice:s0 tclass=hwservice_manager
11-01 00:06:20.596   361   361 E SELinux : avc:  denied  { find } for interface=android.frameworks.sensorservice::ISensorManager pid=21226 scontext=u:r:shell:s0 tcontext=u:object_r:fwk_sensor_hwservice:s0 tclass=hwservice_manager
11-01 00:06:20.596   361   361 E SELinux : avc:  denied  { find } for interface=android.hardware.biometrics.fingerprint::IBiometricsFingerprint pid=21226 scontext=u:r:shell:s0 tcontext=u:object_r:hal_fingerprint_hwservice:s0 tclass=hwservice_manager
11-01 00:06:20.597   361   361 E SELinux : avc:  denied  { find } for interface=android.hardware.dumpstate::IDumpstateDevice pid=21226 scontext=u:r:shell:s0 tcontext=u:object_r:hal_dumpstate_hwservice:s0 tclass=hwservice_manager
11-01 00:06:20.599   361   361 E SELinux : avc:  denied  { find } for interface=android.hardware.radio.deprecated::IOemHook pid=21226 scontext=u:r:shell:s0 tcontext=u:object_r:hal_telephony_hwservice:s0 tclass=hwservice_manager
11-01 00:06:20.600   361   361 E SELinux : avc:  denied  { find } for interface=android.hardware.radio::IRadio pid=21226 scontext=u:r:shell:s0 tcontext=u:object_r:hal_telephony_hwservice:s0 tclass=hwservice_manager
11-01 00:06:20.601   361   361 E SELinux : avc:  denied  { find } for interface=android.hardware.radio::ISap pid=21226 scontext=u:r:shell:s0 tcontext=u:object_r:hal_telephony_hwservice:s0 tclass=hwservice_manager
11-01 00:06:20.601   361   361 E SELinux : avc:  denied  { find } for interface=android.hardware.usb::IUsb pid=21226 scontext=u:r:shell:s0 tcontext=u:object_r:hal_usb_hwservice:s0 tclass=hwservice_manager
11-01 00:06:20.602   361   361 E SELinux : avc:  denied  { find } for interface=android.hardware.wifi.supplicant::ISupplicant pid=21226 scontext=u:r:shell:s0 tcontext=u:object_r:hal_wifi_supplicant_hwservice:s0 tclass=hwservice_manager
11-01 00:06:20.603   361   361 E SELinux : avc:  denied  { find } for interface=android.hardware.wifi::IWifi pid=21226 scontext=u:r:shell:s0 tcontext=u:object_r:hal_wifi_hwservice:s0 tclass=hwservice_manager
11-01 00:06:20.604   361   361 E SELinux : avc:  denied  { find } for interface=android.hidl.base::IBase pid=21226 scontext=u:r:shell:s0 tcontext=u:object_r:hidl_base_hwservice:s0 tclass=hwservice_manager
11-01 00:06:20.604   361   361 I chatty  : uid=1000(system) hwservicemanage identical 1 line
11-01 00:06:20.604   361   361 E SELinux : avc:  denied  { find } for interface=android.hidl.base::IBase pid=21226 scontext=u:r:shell:s0 tcontext=u:object_r:hidl_base_hwservice:s0 tclass=hwservice_manager
11-01 00:06:20.606   361   361 E SELinux : avc:  denied  { find } for interface=android.system.wifi.keystore::IKeystore pid=21226 scontext=u:r:shell:s0 tcontext=u:object_r:system_wifi_keystore_hwservice:s0 tclass=hwservice_manager
11-01 00:06:21.644 29692 29769 I Icing   : IndexChimeraService.getServiceInterface callingPackage=com.google.android.gms componentName=null serviceId=30
11-01 00:06:21.645 29692 29692 D BoundBrokerSvc: onBind: Intent { act=com.google.android.gms.common.BIND_SHARED_PREFS pkg=com.google.android.gms }
11-01 00:06:21.645 29692 29692 D BoundBrokerSvc: Loading bound service for intent: Intent { act=com.google.android.gms.common.BIND_SHARED_PREFS pkg=com.google.android.gms }
11-01 00:06:21.658 29692 29692 D BoundBrokerSvc: onUnbind: Intent { act=com.google.android.gms.common.BIND_SHARED_PREFS pkg=com.google.android.gms }
11-01 00:06:21.704 29692 24764 I GmsCoreXrpcWrapper: Returning a channel provider with trafficStatsTag=12803 trafficStatsUid=-1
11-01 00:06:22.049 29692 24764 I Icing   : Usage reports ok 4, Failed Usage reports 0, indexed 2, rejected 0
11-01 00:06:22.887 20915 20915 W chromium: [WARNING:controller_impl.cc(1190)] Background download complete, client: 6, completion type: 0, file size:2530
11-01 00:06:22.924 21256 21256 E /system/bin/webview_zygote32: failed to make and chown /acct/uid_99061: Permission denied
11-01 00:06:22.924 21256 21256 E Zygote  : createProcessGroup(99061, 0) failed: Permission denied
11-01 00:06:22.929   772  3041 I ActivityManager: Start proc 21256:com.android.chrome:sandboxed_process4/u0i61 for webview_service com.android.chrome/org.chromium.content.app.SandboxedProcessService4
11-01 00:06:22.956 21256 21256 I SamplingProfilerIntegration: Profiling disabled.
11-01 00:06:22.978 21269 21269 E asset   : setgid: Operation not permitted
11-01 00:06:22.996 20915 20915 W chromium: [WARNING:controller_impl.cc(1190)] Background download complete, client: 6, completion type: 0, file size:18160
11-01 00:06:23.007 20915 20915 W chromium: [WARNING:controller_impl.cc(1190)] Background download complete, client: 6, completion type: 0, file size:265060
11-01 00:06:23.039 21256 21256 I cr_SplitCompatApp: Launched version=106.0.5249.79 minSdkVersion=24 isBundle=true processName=com.android.chrome:sandboxed_process4 isIsolated=true
