10-31 00:25:08.142   562  5487 W WVCdm   : DeviceFiles::RetrieveHashedFile: /data/mediadrm/IDM1013/L1/cert.bin does not exist
10-31 00:25:08.144   562  5487 D QSEECOMAPI: : QSEECom_dealloc_memory 
10-31 00:25:08.144   562  5487 D QSEECOMAPI: : QSEECom_shutdown_app, app_id = 1680
10-31 00:25:08.151   562 19051 I WVCdm   : Level3 Library 4445 May 19 2017 17:17:20
10-31 00:25:08.176   562 19051 D QSEECOMAPI: : QSEECom_get_handle sb_length = 0x19000
10-31 00:25:08.176   562 19051 D QSEECOMAPI: : App is not loaded in QSEE
10-31 00:25:08.227   562 19051 D QSEECOMAPI: : Loaded image: APP id = 1681
10-31 00:25:08.230   562 19051 D QSAPPSVER: qsapps_get_capabilities: Capability from secure side: 0x0
10-31 00:25:08.230   562 19051 D QSAPPSVER: qsapps_get_capabilities: returns 0
10-31 00:25:08.230   562 19051 E DrmWidevineDash: sion_buffer g_wv_fhandle->ion_sbuffer  0x0xefaaf000
10-31 00:25:08.234   372   376 D DrmLibTime: got the req here! ret=0
10-31 00:25:08.234   372   376 D DrmLibTime: command id, time_cmd_id = 770
10-31 00:25:08.234   372   376 D DrmLibTime: time_getutcsec starts!
10-31 00:25:08.234   372   376 D DrmLibTime: QSEE Time Listener: time_getutcsec
10-31 00:25:08.234   372   376 D DrmLibTime: QSEE Time Listener: get_utc_seconds
10-31 00:25:08.234   372   376 D DrmLibTime: QSEE Time Listener: time_get_modem_time
10-31 00:25:08.234   372   376 D DrmLibTime: QSEE Time Listener: Checking if ATS_MODEM is set or not.
10-31 00:25:08.234   372   376 D QC-time-services: Lib:time_genoff_operation: pargs->base = 13
10-31 00:25:08.234   372   376 D QC-time-services: Lib:time_genoff_operation: pargs->operation = 2
10-31 00:25:08.234   372   376 D QC-time-services: Lib:time_genoff_operation: pargs->ts_val = 0
10-31 00:25:08.234   372   376 D QC-time-services: Lib:time_genoff_operation: Send to server  passed!!
10-31 00:25:08.234   625   647 D QC-time-services: Daemon: Connection accepted:time_genoff
10-31 00:25:08.235   625 12984 D QC-time-services: Daemon:Received base = 13, unit = 1, operation = 2,value = 0
10-31 00:25:08.235   625 12984 D QC-time-services: Daemon:genoff_opr: Base = 13, val = 0, operation = 2
10-31 00:25:08.235   625 12984 D QC-time-services: offset is: 0 for base: 13
10-31 00:25:08.235   372   376 E QC-time-services: Receive Passed == base = 13, unit = 1, operation = 2, result = 0
10-31 00:25:08.235   372   376 D DrmLibTime: QSEE Time Listener: ATS_MODEM is not set. Fallback to Android system time.
10-31 00:25:08.235   372   376 D DrmLibTime: QSEE Time Listener: Retrieved Android system time: 1667172308
10-31 00:25:08.235   372   376 D DrmLibTime: time_getutcsec returns 0, sec = 1667172308; nsec = 0
10-31 00:25:08.235   372   376 D DrmLibTime: time_getutcsec finished! 
10-31 00:25:08.235   372   376 D DrmLibTime: iotcl_continue_command finished! and return 0 
10-31 00:25:08.235   372   376 D DrmLibTime: before calling ioctl to read the next time_cmd
10-31 00:25:08.235   625   647 E QC-time-services: Daemon: Time-services: Waiting to acceptconnection
10-31 00:25:08.268   562 19051 D WVCdm   : OEMCrypto_Initialize Level 1 success. I will use level 1.
10-31 00:25:08.268   562 19051 D WVCdm   : CryptoSession::Open: Lock: requested_security_level: Default
10-31 00:25:08.356   562 19051 E DrmWidevineDash: OEMCrypto_GenerateSignature : input wrapped_rsa_key == NULL!, return short buffer
10-31 00:25:08.358 12030 12030 I cr_media: Provisioning origin ID DC2D88012B57AC30408C9F270367FF1F
10-31 00:25:08.359 12030 12030 I MediaDrm: Drm event (1,0)
10-31 00:25:08.359 12030 12030 E cr_media: EventListener: No session for event 1.
10-31 00:25:08.494   562 28303 E DrmWidevineDash: OEMCrypto_RewrapDeviceRSAKey : input wrapped_rsa_key == NULL!, return short buffer
10-31 00:25:08.506   562 28303 D QSEECOMAPI: : QSEECom_dealloc_memory 
10-31 00:25:08.506   562 28303 D QSEECOMAPI: : QSEECom_shutdown_app, app_id = 1681
10-31 00:25:09.640 12985 12985 E /system/bin/webview_zygote32: failed to make and chown /acct/uid_99513: Permission denied
10-31 00:25:09.640 12985 12985 E Zygote  : createProcessGroup(99513, 0) failed: Permission denied
10-31 00:25:09.646   772 20193 I ActivityManager: Start proc 12985:com.android.chrome:sandboxed_process31/u0i513 for webview_service com.android.chrome/org.chromium.content.app.SandboxedProcessService31
10-31 00:25:09.680 12985 12985 I SamplingProfilerIntegration: Profiling disabled.
10-31 00:25:09.708 12998 12998 E asset   : setgid: Operation not permitted
10-31 00:25:09.758 12985 12985 I cr_SplitCompatApp: Launched version=106.0.5249.79 minSdkVersion=24 isBundle=true processName=com.android.chrome:sandboxed_process31 isIsolated=true
10-31 00:25:09.766 12985 12985 W SystemServiceRegistry: No service published for: uimode
10-31 00:25:09.780 12985 12985 I cr_ChildProcessService: Creating new ChildProcessService pid=12985
10-31 00:25:09.789 12985 12985 E WebViewFactory: can't load with relro file; address space not reserved
10-31 00:25:09.802 12985 12999 I cr_LibraryLoader: Successfully loaded native library
10-31 00:25:09.803 12985 12999 I cr_CachingUmaRecorder: Flushed 3 samples from 3 histograms.
10-31 00:25:09.890 13002 13002 W ThreadPoolForeg: type=1400 audit(0.0:12307): avc: denied { setattr } for name="tl_en-us_2022-10-24_484508980_100000_index.bin" dev="dm-2" ino=1505122 scontext=u:r:isolated_app:s0:c512,c768 tcontext=u:object_r:app_data_file:s0:c512,c768 tclass=file permissive=0
10-31 00:25:09.893 13002 13002 W ThreadPoolForeg: type=1400 audit(0.0:12308): avc: denied { setattr } for name="manifest.json" dev="dm-2" ino=1505123 scontext=u:r:isolated_app:s0:c512,c768 tcontext=u:object_r:app_data_file:s0:c512,c768 tclass=file permissive=0
10-31 00:25:09.903 13002 13002 W ThreadPoolForeg: type=1400 audit(0.0:12309): avc: denied { setattr } for name="verified_contents.json" dev="dm-2" ino=1505125 scontext=u:r:isolated_app:s0:c512,c768 tcontext=u:object_r:app_data_file:s0:c512,c768 tclass=file permissive=0
10-31 00:25:09.911 12985 12999 I chromium: [INFO:child_process_service.cc(69)] ChildProcessService: Exiting child process.
10-31 00:25:09.913   422   422 E lowmemorykiller: Error writing /proc/12985/oom_score_adj; errno=22
10-31 00:25:09.914   772 20193 I ActivityManager: Killing 12985:com.android.chrome:sandboxed_process31/u0a60i513 (adj 0): isolated not needed
10-31 00:25:09.915   772   790 W zygote64: failed to open /acct/uid_99513/pid_12985/cgroup.procs: No such file or directory
10-31 00:25:09.923 12030 12030 W chromium: [WARNING:compositor_view.cc(342)] Child process died (type=6) pid=12985)
10-31 00:25:12.285 13006 13006 E /system/bin/webview_zygote32: failed to make and chown /acct/uid_99514: Permission denied
10-31 00:25:12.285 13006 13006 E Zygote  : createProcessGroup(99514, 0) failed: Permission denied
10-31 00:25:12.291   772  4540 I ActivityManager: Start proc 13006:com.android.chrome:sandboxed_process32/u0i514 for webview_service com.android.chrome/org.chromium.content.app.SandboxedProcessService32
10-31 00:25:12.315 13006 13006 I SamplingProfilerIntegration: Profiling disabled.
10-31 00:25:12.339 13019 13019 E asset   : setgid: Operation not permitted
10-31 00:25:12.380 13006 13006 I cr_SplitCompatApp: Launched version=106.0.5249.79 minSdkVersion=24 isBundle=true processName=com.android.chrome:sandboxed_process32 isIsolated=true
10-31 00:25:12.387 13006 13006 W SystemServiceRegistry: No service published for: uimode
10-31 00:25:12.400 13006 13006 I cr_ChildProcessService: Creating new ChildProcessService pid=13006
10-31 00:25:12.409 13006 13006 E WebViewFactory: can't load with relro file; address space not reserved
10-31 00:25:12.421 13006 13020 I cr_LibraryLoader: Successfully loaded native library
10-31 00:25:12.423 13006 13020 I cr_CachingUmaRecorder: Flushed 3 samples from 3 histograms.
10-31 00:25:12.470 13026 13026 W ThreadPoolForeg: type=1400 audit(0.0:12310): avc: denied { setattr } for name="optimization-hints.pb" dev="dm-2" ino=1505128 scontext=u:r:isolated_app:s0:c512,c768 tcontext=u:object_r:app_data_file:s0:c512,c768 tclass=file permissive=0
10-31 00:25:12.470 13026 13026 W ThreadPoolForeg: type=1400 audit(0.0:12311): avc: denied { setattr } for name="manifest.json" dev="dm-2" ino=1505129 scontext=u:r:isolated_app:s0:c512,c768 tcontext=u:object_r:app_data_file:s0:c512,c768 tclass=file permissive=0
10-31 00:25:12.477 13026 13026 W ThreadPoolForeg: type=1400 audit(0.0:12312): avc: denied { setattr } for name="verified_contents.json" dev="dm-2" ino=1505131 scontext=u:r:isolated_app:s0:c512,c768 tcontext=u:object_r:app_data_file:s0:c512,c768 tclass=file permissive=0
10-31 00:25:12.484 13006 13020 I chromium: [INFO:child_process_service.cc(69)] ChildProcessService: Exiting child process.
10-31 00:25:12.486   422   422 E lowmemorykiller: Error writing /proc/13006/oom_score_adj; errno=22
10-31 00:25:12.487   772  3041 I ActivityManager: Killing 13006:com.android.chrome:sandboxed_process32/u0a60i514 (adj 0): isolated not needed
10-31 00:25:12.489   772   790 W zygote64: failed to open /acct/uid_99514/pid_13006/cgroup.procs: No such file or directory
10-31 00:25:12.501 12030 12030 W chromium: [WARNING:compositor_view.cc(342)] Child process died (type=6) pid=13006)
10-31 00:25:12.857   772 10893 D WificondControl: Scan result ready event
10-31 00:25:12.965  3960  3972 I ChimeraSrvcProxy: NullBinder for android.net.action.RECOMMEND_NETWORKS triggering remote TransactionTooLargeException due to Service without Chimera impl
10-31 00:25:15.281 13029 13029 E /system/bin/webview_zygote32: failed to make and chown /acct/uid_99515: Permission denied
10-31 00:25:15.281 13029 13029 E Zygote  : createProcessGroup(99515, 0) failed: Permission denied
10-31 00:25:15.288   772 32228 I ActivityManager: Start proc 13029:com.android.chrome:sandboxed_process33/u0i515 for webview_service com.android.chrome/org.chromium.content.app.SandboxedProcessService33
10-31 00:25:15.329 13029 13029 I SamplingProfilerIntegration: Profiling disabled.
10-31 00:25:15.365 13042 13042 E asset   : setgid: Operation not permitted
10-31 00:25:15.407 13029 13029 I cr_SplitCompatApp: Launched version=106.0.5249.79 minSdkVersion=24 isBundle=true processName=com.android.chrome:sandboxed_process33 isIsolated=true
10-31 00:25:15.415 13029 13029 W SystemServiceRegistry: No service published for: uimode
10-31 00:25:15.428 13029 13029 I cr_ChildProcessService: Creating new ChildProcessService pid=13029
10-31 00:25:15.438 13029 13029 E WebViewFactory: can't load with relro file; address space not reserved
10-31 00:25:15.451 13029 13043 I cr_LibraryLoader: Successfully loaded native library
10-31 00:25:15.452 13029 13043 I cr_CachingUmaRecorder: Flushed 3 samples from 3 histograms.
10-31 00:25:15.503 13047 13047 W ThreadPoolForeg: type=1400 audit(0.0:12313): avc: denied { setattr } for name="ssl_error_assistant.pb" dev="dm-2" ino=1505134 scontext=u:r:isolated_app:s0:c512,c768 tcontext=u:object_r:app_data_file:s0:c512,c768 tclass=file permissive=0
10-31 00:25:15.503 13047 13047 W ThreadPoolForeg: type=1400 audit(0.0:12314): avc: denied { setattr } for name="ssl_error_assistant.pb" dev="dm-2" ino=1505134 scontext=u:r:isolated_app:s0:c512,c768 tcontext=u:object_r:app_data_file:s0:c512,c768 tclass=file permissive=0
10-31 00:25:15.507 13047 13047 W ThreadPoolForeg: type=1400 audit(0.0:12315): avc: denied { setattr } for name="manifest.json" dev="dm-2" ino=1505136 scontext=u:r:isolated_app:s0:c512,c768 tcontext=u:object_r:app_data_file:s0:c512,c768 tclass=file permissive=0
10-31 00:25:15.513 13047 13047 W ThreadPoolForeg: type=1400 audit(0.0:12316): avc: denied { setattr } for name="verified_contents.json" dev="dm-2" ino=1505138 scontext=u:r:isolated_app:s0:c512,c768 tcontext=u:object_r:app_data_file:s0:c512,c768 tclass=file permissive=0
10-31 00:25:15.525 13029 13043 I chromium: [INFO:child_process_service.cc(69)] ChildProcessService: Exiting child process.
10-31 00:25:15.529   422   422 E lowmemorykiller: Error writing /proc/13029/oom_score_adj; errno=22
10-31 00:25:15.532   772  4539 I ActivityManager: Killing 13029:com.android.chrome:sandboxed_process33/u0a60i515 (adj 0): isolated not needed
10-31 00:25:15.534   772   790 W zygote64: failed to open /acct/uid_99515/pid_13029/cgroup.procs: No such file or directory
10-31 00:25:15.560 12030 12030 W chromium: [WARNING:compositor_view.cc(342)] Child process died (type=6) pid=13029)
10-31 00:25:18.708 13051 13051 E /system/bin/webview_zygote32: failed to make and chown /acct/uid_99516: Permission denied
10-31 00:25:18.708 13051 13051 E Zygote  : createProcessGroup(99516, 0) failed: Permission denied
10-31 00:25:18.712   772   996 I ActivityManager: Start proc 13051:com.android.chrome:sandboxed_process34/u0i516 for webview_service com.android.chrome/org.chromium.content.app.SandboxedProcessService34
10-31 00:25:18.743 13051 13051 I SamplingProfilerIntegration: Profiling disabled.
10-31 00:25:18.774 13064 13064 E asset   : setgid: Operation not permitted
10-31 00:25:18.817 13051 13051 I cr_SplitCompatApp: Launched version=106.0.5249.79 minSdkVersion=24 isBundle=true processName=com.android.chrome:sandboxed_process34 isIsolated=true
10-31 00:25:18.825 13051 13051 W SystemServiceRegistry: No service published for: uimode
10-31 00:25:18.839 13051 13051 I cr_ChildProcessService: Creating new ChildProcessService pid=13051
10-31 00:25:18.862 13051 13051 E WebViewFactory: can't load with relro file; address space not reserved
10-31 00:25:18.875 13051 13065 I cr_LibraryLoader: Successfully loaded native library
10-31 00:25:18.876 13051 13065 I cr_CachingUmaRecorder: Flushed 3 samples from 3 histograms.
10-31 00:25:18.923 13069 13069 W ThreadPoolForeg: type=1400 audit(0.0:12317): avc: denied { setattr } for name="download_file_types.pb" dev="dm-2" ino=1505141 scontext=u:r:isolated_app:s0:c512,c768 tcontext=u:object_r:app_data_file:s0:c512,c768 tclass=file permissive=0
10-31 00:25:18.923 13069 13069 W ThreadPoolForeg: type=1400 audit(0.0:12318): avc: denied { setattr } for name="download_file_types.pb" dev="dm-2" ino=1505141 scontext=u:r:isolated_app:s0:c512,c768 tcontext=u:object_r:app_data_file:s0:c512,c768 tclass=file permissive=0
10-31 00:25:18.927 13069 13069 W ThreadPoolForeg: type=1400 audit(0.0:12319): avc: denied { setattr } for name="manifest.json" dev="dm-2" ino=1505142 scontext=u:r:isolated_app:s0:c512,c768 tcontext=u:object_r:app_data_file:s0:c512,c768 tclass=file permissive=0
10-31 00:25:18.937 13069 13069 W ThreadPoolForeg: type=1400 audit(0.0:12320): avc: denied { setattr } for name="verified_contents.json" dev="dm-2" ino=1505144 scontext=u:r:isolated_app:s0:c512,c768 tcontext=u:object_r:app_data_file:s0:c512,c768 tclass=file permissive=0
10-31 00:25:18.951 13051 13065 I chromium: [INFO:child_process_service.cc(69)] ChildProcessService: Exiting child process.
10-31 00:25:18.954   422   422 E lowmemorykiller: Error writing /proc/13051/oom_score_adj; errno=22
10-31 00:25:18.955   772 20193 I ActivityManager: Killing 13051:com.android.chrome:sandboxed_process34/u0a60i516 (adj 0): isolated not needed
10-31 00:25:18.956   772   790 W zygote64: failed to open /acct/uid_99516/pid_13051/cgroup.procs: No such file or directory
10-31 00:25:18.970 12030 12030 W chromium: [WARNING:compositor_view.cc(342)] Child process died (type=6) pid=13051)
10-31 00:25:20.298   772  2970 I ActivityManager: Force stopping com.android.chrome appid=10060 user=0: from pid 13084
10-31 00:25:20.298   772  2970 I ActivityManager: Killing 12100:com.android.chrome:privileged_process0/u0a60 (adj 0): stop com.android.chrome
10-31 00:25:20.300   772  2970 W ActivityManager: Scheduling restart of crashed service com.android.chrome/org.chromium.content.app.PrivilegedProcessService0 in 1000ms
10-31 00:25:20.305   772  2970 I ActivityManager: Killing 12030:com.android.chrome/u0a60 (adj 0): stop com.android.chrome
10-31 00:25:20.316 13542 13542 D BoundBrokerSvc: onUnbind: Intent { act=com.google.android.gms.auth.key.retrieval.service.START dat=chimera-action:com.google.android.gms.auth.key.retrieval.service.START cmp=com.google.android.gms/.chimera.GmsApiService }
10-31 00:25:20.322   772  2970 W ActivityManager: Force removing ActivityRecord{b6565e1 u0 com.android.chrome/com.google.android.apps.chrome.Main t673}: app died, no saved state
10-31 00:25:20.323 12071 12071 I cr_ChildProcessService: Destroying ChildProcessService pid=12071
10-31 00:25:20.327 12602 12602 I cr_ChildProcessService: Destroying ChildProcessService pid=12602
10-31 00:25:20.329   772  2970 I WindowManager: Failed to capture screenshot of Token{c3d1f06 ActivityRecord{b6565e1 u0 com.android.chrome/com.google.android.apps.chrome.Main t673 f}} appWin=Window{a551742 u0 com.android.chrome/com.google.android.apps.chrome.Main} drawState=4
10-31 00:25:20.341   772  2970 I ActivityManager: Killing 12602:com.android.chrome:sandboxed_process17/u0a60i499 (adj 0): isolated not needed
10-31 00:25:20.341   772  2970 I ActivityManager: Killing 12071:com.android.chrome:sandboxed_process0/u0a60i482 (adj 0): isolated not needed
10-31 00:25:20.344 11801 11801 I MemoryTrimmer: Trimming objects from memory, since app is in the background.
10-31 00:25:20.354  1311  1311 D CarrierSvcBindHelper: No carrier app for: 0
10-31 00:25:20.369   772 32228 D ConnectivityService: ConnectivityService NetworkRequestInfo binderDied(NetworkRequest [ LISTEN id=1620, [ Capabilities: INTERNET&NOT_RESTRICTED&TRUSTED&FOREGROUND] ], android.os.BinderProxy@7d44a13)
10-31 00:25:20.369   772 32228 D ConnectivityService: ConnectivityService NetworkRequestInfo binderDied(NetworkRequest [ LISTEN id=1618, [ Capabilities: INTERNET&NOT_RESTRICTED&TRUSTED&FOREGROUND] ], android.os.BinderProxy@1a78450)
10-31 00:25:20.370   772   862 E ConnectivityService: RemoteException caught trying to send a callback msg for NetworkRequest [ LISTEN id=1620, [ Capabilities: INTERNET&NOT_RESTRICTED&TRUSTED&FOREGROUND] ]
10-31 00:25:20.371   772   862 E ConnectivityService: RemoteException caught trying to send a callback msg for NetworkRequest [ LISTEN id=1618, [ Capabilities: INTERNET&NOT_RESTRICTED&TRUSTED&FOREGROUND] ]
10-31 00:25:20.371   772 10893 D ConnectivityService: ConnectivityService NetworkRequestInfo binderDied(NetworkRequest [ LISTEN id=1619, [ Capabilities: INTERNET&NOT_RESTRICTED&TRUSTED&FOREGROUND] ], android.os.BinderProxy@483e649)
10-31 00:25:20.374   772   797 W ActivityManager: setHasOverlayUi called on unknown pid: 12030
10-31 00:25:20.375   772   862 E ConnectivityService: RemoteException caught trying to send a callback msg for NetworkRequest [ LISTEN id=1619, [ Capabilities: INTERNET&NOT_RESTRICTED&TRUSTED&FOREGROUND] ]
10-31 00:25:20.381  2964  2964 D RegisteredNfcFServicesCache: Service unchanged, not updating
10-31 00:25:20.382 13325 13387 I Adreno  : QUALCOMM build                   : 7142022, Ib5823dd10c
10-31 00:25:20.382 13325 13387 I Adreno  : Build Date                       : 06/23/17
10-31 00:25:20.382 13325 13387 I Adreno  : OpenGL ES Shader Compiler Version: EV031.18.00.00
10-31 00:25:20.382 13325 13387 I Adreno  : Local Branch                     : O11A
10-31 00:25:20.382 13325 13387 I Adreno  : Remote Branch                    : 
10-31 00:25:20.382 13325 13387 I Adreno  : Remote Branch                    : 
10-31 00:25:20.382 13325 13387 I Adreno  : Reconstruct Branch               : 
10-31 00:25:20.385   772   790 W zygote64: failed to open /acct/uid_99499/pid_12602/cgroup.procs: No such file or directory
10-31 00:25:20.386   772   790 W zygote64: failed to open /acct/uid_99482/pid_12071/cgroup.procs: No such file or directory
10-31 00:25:20.387 13325 13387 I vndksupport: sphal namespace is not configured for this process. Loading /vendor/lib64/hw/gralloc.msm8992.so from the current namespace instead.
10-31 00:25:20.392 13325 13387 I Adreno  : PFP: 0x00000000, ME: 0x00000000
10-31 00:25:20.395 13325 13387 I OpenGLRenderer: Initialized EGL, version 1.4
10-31 00:25:20.395 13325 13387 D OpenGLRenderer: Swap behavior 2
10-31 00:25:20.452   772   785 W ActivityManager: Unable to start service Intent { act=com.google.android.gms.speech.service.START pkg=com.google.android.gms } U=0: not found
10-31 00:25:20.453   772 13022 W ActivityManager: Unbind failed: could not find connection for android.os.BinderProxy@c575f
10-31 00:25:20.453 11801 11955 E GmsClient: unable to connect to service: com.google.android.gms.speech.service.START on com.google.android.gms
10-31 00:25:20.469 11801 11821 W SessionLifecycleManager: Handover failed. Creating new session controller.
10-31 00:25:20.473 11801 11801 I OptInState: There is a new client and it does not support opt-in. Dropping request.
10-31 00:25:20.491 11801 11801 I MicroDetectionWorker: #updateMicroDetector [detectionMode: [mDetectionMode: [1]]]
10-31 00:25:20.491 11801 11801 I MicroDetectionWorker: #startMicroDetector [speakerMode: 0]
10-31 00:25:20.497 11801 11801 I MicroDetectionWorker: onReady
10-31 00:25:20.503 11801 11829 I MicroRecognitionRunner: Starting detection.
10-31 00:25:20.505 11801 11832 I MicrophoneInputStream: mic_starting com.google.android.apps.gsa.speech.audio.af@8a21f03
10-31 00:25:20.506   556  7524 W DeviceHAL: Device 0xefa2d000 open_input_stream: Invalid argument
10-31 00:25:20.508   556 13098 I AudioFlinger: AudioFlinger's thread 0xec603980 tid=13098 ready to run
10-31 00:25:20.515   556   753 I SoundTriggerHwService::Module: onCallbackEvent no clients
10-31 00:25:20.515 11801 11832 I MicrophoneInputStream: mic_started com.google.android.apps.gsa.speech.audio.af@8a21f03
10-31 00:25:20.519   556 13099 D sound_trigger_platform: platform_stdev_check_and_update_concurrency: concurrency active 0, tx 1, rx 0, concurrency session_allowed 0
10-31 00:25:20.519   556 13099 D audio_hw_primary: enable_snd_device: snd_device(72: voice-rec-mic)
10-31 00:25:20.525   556 13099 D audio_hw_primary: enable_audio_route: usecase(9) apply and update mixer path: audio-record
10-31 00:25:20.591 11801 11801 I MicroDetectionWorker: onReady
10-31 00:25:20.774 13088 13088 D AndroidRuntime: >>>>>> START com.android.internal.os.RuntimeInit uid 2000 <<<<<<
10-31 00:25:20.916 13088 13088 D AndroidRuntime: Calling main entry com.android.commands.pm.Pm
10-31 00:25:20.932   772 13022 I ActivityManager: Force stopping com.android.chrome appid=10060 user=0: clear data
10-31 00:25:20.933 13325 13387 W OpenGLRenderer: Incorrectly called buildLayer on View: ShortcutAndWidgetContainer, destroying layer...
10-31 00:25:20.936   772   788 I ActivityManager: Force stopping com.android.chrome appid=10060 user=-1: clearApplicationUserData
10-31 00:25:21.026   560   560 I keystore: clear_uid 10060
10-31 00:25:21.045  1311  1311 D CarrierSvcBindHelper: No carrier app for: 0
10-31 00:25:21.045   772   787 W ResourceType: No known package when getting value for resource number 0x7f0904db
10-31 00:25:21.045   772   787 W ResourceType: No known package when getting value for resource number 0x7f140670
10-31 00:25:21.046   772   787 W ResourceType: No known package when getting value for resource number 0x7f0904da
10-31 00:25:21.046   772   787 W ResourceType: No known package when getting value for resource number 0x7f14018b
10-31 00:25:21.046   772   787 W ResourceType: No known package when getting value for resource number 0x7f14066f
10-31 00:25:21.046   772   787 W ResourceType: No known package when getting value for resource number 0x7f140434
10-31 00:25:21.046   772   787 E ShortcutService: Ignoring excessive intent tag.
10-31 00:25:21.050 13088 13088 I app_process: System.exit called, status: 0
10-31 00:25:21.050 13088 13088 I AndroidRuntime: VM exiting with result code 0.
10-31 00:25:21.063  2964  2964 D RegisteredNfcFServicesCache: Service unchanged, not updating
10-31 00:25:21.075  3960 13115 I Fitness : FitCleanupIntentOperation received Intent android.intent.action.PACKAGE_DATA_CLEARED [CONTEXT service_id=17 ]
10-31 00:25:21.114 13542 13645 I Icing   : doRemovePackageData com.android.chrome
10-31 00:25:21.114 13542 13645 I Icing   : Removing corpus key com.android.chrome-omnibox for package com.android.chrome
10-31 00:25:21.144 13542 13645 I native  : I0000 00:00:1667172321.144297   13645 flash-index.cc:1535] Flash index sort hb 7 prefix-hits 13 -> 12 at 6.407ms
10-31 00:25:21.218 13542 13645 I Icing   : Removing corpus key com.android.chrome-.implicit: for package com.android.chrome
10-31 00:25:21.345 13542 13645 I Icing   : updateResources: need to parse anue{com.android.chrome}
10-31 00:25:21.418   772 10894 I ActivityManager: Force stopping com.android.chrome appid=10060 user=0: from pid 13137
10-31 00:25:21.424  1311  1311 D CarrierSvcBindHelper: No carrier app for: 0
10-31 00:25:21.434  2964  2964 D RegisteredNfcFServicesCache: Service unchanged, not updating
10-31 00:25:21.461 13542 13645 I Icing   : Indexing com.android.chrome-omnibox from com.android.chrome
10-31 00:25:21.478   772   996 I ActivityManager: Start proc 13141:com.android.chrome/u0a60 for content provider com.android.chrome/com.google.android.apps.chrome.icing.IcingProvider
10-31 00:25:21.523 13141 13141 I cr_SplitCompatApp: Launched version=106.0.5249.79 minSdkVersion=24 isBundle=true processName=com.android.chrome isIsolated=false
10-31 00:25:21.641  3960  4245 I FontLog : Received query Google Sans, URI content://com.google.android.gms.fonts [CONTEXT service_id=132 ]
10-31 00:25:21.641  3960  4245 I FontLog : Query [Google Sans] resolved to {Google Sans, wdth 100.0, wght 400, ital 0.0, bestEffort false} [CONTEXT service_id=132 ]
10-31 00:25:21.642  3960  4245 I FontLog : Font PFD returned from cache for {Google Sans, wdth 100.0, wght 400, ital 0.0, bestEffort false} [CONTEXT service_id=132 ]
10-31 00:25:21.643  3960  4245 I FontLog : Fetch {Google Sans, wdth 100.0, wght 400, ital 0.0, bestEffort false} end status Status{statusCode=SUCCESS, resolution=null} [CONTEXT service_id=132 ]
10-31 00:25:21.719  3960  3971 I FontLog : Pulling font file for id = 1504, cache size = 10 [CONTEXT service_id=132 ]
10-31 00:25:21.740 13542 13645 I Icing   : Indexing done com.android.chrome-omnibox
10-31 00:25:21.796 13139 13139 D AndroidRuntime: >>>>>> START com.android.internal.os.RuntimeInit uid 2000 <<<<<<
10-31 00:25:21.797 13141 13160 I cr_LibraryLoader: Successfully loaded native library
10-31 00:25:21.809 13141 13160 I cr_CachingUmaRecorder: Flushed 20 samples from 19 histograms.
10-31 00:25:21.851  3960  4244 I FontLog : Received query Google Sans:500, URI content://com.google.android.gms.fonts [CONTEXT service_id=132 ]
10-31 00:25:21.855  3960  4244 I FontLog : Query [Google Sans:500] resolved to {Google Sans, wdth 100.0, wght 500, ital 0.0, bestEffort false} [CONTEXT service_id=132 ]
10-31 00:25:21.857  3960  4244 I FontLog : Font PFD returned from cache for {Google Sans, wdth 100.0, wght 500, ital 0.0, bestEffort false} [CONTEXT service_id=132 ]
10-31 00:25:21.858  3960  4244 I FontLog : Fetch {Google Sans, wdth 100.0, wght 500, ital 0.0, bestEffort false} end status Status{statusCode=SUCCESS, resolution=null} [CONTEXT service_id=132 ]
10-31 00:25:21.874  3960  4245 I FontLog : Pulling font file for id = 1505, cache size = 7 [CONTEXT service_id=132 ]
10-31 00:25:21.898  3960  4151 I FontLog : Received query Google Sans:700, URI content://com.google.android.gms.fonts [CONTEXT service_id=132 ]
10-31 00:25:21.898  3960  4151 I FontLog : Query [Google Sans:700] resolved to {Google Sans, wdth 100.0, wght 700, ital 0.0, bestEffort false} [CONTEXT service_id=132 ]
10-31 00:25:21.900  3960  4151 I FontLog : Fetch {Google Sans, wdth 100.0, wght 700, ital 0.0, bestEffort false} end status Status{statusCode=SUCCESS, resolution=null} [CONTEXT service_id=132 ]
10-31 00:25:21.909  3960  4244 I FontLog : Pulling font file for id = 1506, cache size = 6 [CONTEXT service_id=132 ]
10-31 00:25:21.919 13139 13139 D AndroidRuntime: Calling main entry com.android.commands.pm.Pm
10-31 00:25:21.925   772  1259 I ActivityManager: Force stopping com.android.chrome appid=10060 user=0: clear data
10-31 00:25:21.925   772  1259 I ActivityManager: Killing 13141:com.android.chrome/u0a60 (adj 700): stop com.android.chrome
10-31 00:25:21.930   772   788 I ActivityManager: Force stopping com.android.chrome appid=10060 user=-1: clearApplicationUserData
10-31 00:25:21.932   560   560 I keystore: clear_uid 10060
10-31 00:25:21.965  1311  1311 D CarrierSvcBindHelper: No carrier app for: 0
10-31 00:25:21.967   772   787 W ResourceType: No known package when getting value for resource number 0x7f0904db
10-31 00:25:21.967   772   787 W ResourceType: No known package when getting value for resource number 0x7f140670
10-31 00:25:21.967   772   787 W ResourceType: No known package when getting value for resource number 0x7f0904da
10-31 00:25:21.967   772   787 W ResourceType: No known package when getting value for resource number 0x7f14018b
10-31 00:25:21.967   772   787 W ResourceType: No known package when getting value for resource number 0x7f14066f
10-31 00:25:21.967   772   787 W ResourceType: No known package when getting value for resource number 0x7f140434
10-31 00:25:21.967   772   787 E ShortcutService: Ignoring excessive intent tag.
10-31 00:25:21.971 13139 13139 I app_process: System.exit called, status: 0
10-31 00:25:21.971 13139 13139 I AndroidRuntime: VM exiting with result code 0.
10-31 00:25:21.980  2964  2964 D RegisteredNfcFServicesCache: Service unchanged, not updating
10-31 00:25:21.995  3960 13113 I Fitness : FitCleanupIntentOperation received Intent android.intent.action.PACKAGE_DATA_CLEARED [CONTEXT service_id=17 ]
10-31 00:25:22.025 13542 13645 I Icing   : doRemovePackageData com.android.chrome
10-31 00:25:22.025 13542 13645 I Icing   : Removing corpus key com.android.chrome-omnibox for package com.android.chrome
10-31 00:25:22.139 13542 13645 I Icing   : updateResources: need to parse anue{com.android.chrome}
10-31 00:25:22.224 13542 13645 I Icing   : Indexing com.android.chrome-omnibox from com.android.chrome
10-31 00:25:22.240   772   996 I ActivityManager: Start proc 13177:com.android.chrome/u0a60 for content provider com.android.chrome/com.google.android.apps.chrome.icing.IcingProvider
10-31 00:25:22.282 13177 13177 I cr_SplitCompatApp: Launched version=106.0.5249.79 minSdkVersion=24 isBundle=true processName=com.android.chrome isIsolated=false
10-31 00:25:22.366  3960  3971 I FontLog : Received query Google Sans, URI content://com.google.android.gms.fonts [CONTEXT service_id=132 ]
10-31 00:25:22.367  3960  3971 I FontLog : Query [Google Sans] resolved to {Google Sans, wdth 100.0, wght 400, ital 0.0, bestEffort false} [CONTEXT service_id=132 ]
10-31 00:25:22.368  3960  3971 I FontLog : Font PFD returned from cache for {Google Sans, wdth 100.0, wght 400, ital 0.0, bestEffort false} [CONTEXT service_id=132 ]
10-31 00:25:22.370  3960  3971 I FontLog : Fetch {Google Sans, wdth 100.0, wght 400, ital 0.0, bestEffort false} end status Status{statusCode=SUCCESS, resolution=null} [CONTEXT service_id=132 ]
10-31 00:25:22.500  3960  4245 I FontLog : Pulling font file for id = 1507, cache size = 7 [CONTEXT service_id=132 ]
10-31 00:25:22.543 13542 13645 I Icing   : Indexing done com.android.chrome-omnibox
10-31 00:25:22.574 13177 13196 I cr_LibraryLoader: Successfully loaded native library
10-31 00:25:22.576 13177 13196 I cr_CachingUmaRecorder: Flushed 20 samples from 19 histograms.
10-31 00:25:22.641  3960  4217 I FontLog : Received query Google Sans:500, URI content://com.google.android.gms.fonts [CONTEXT service_id=132 ]
10-31 00:25:22.646  3960  4217 I FontLog : Query [Google Sans:500] resolved to {Google Sans, wdth 100.0, wght 500, ital 0.0, bestEffort false} [CONTEXT service_id=132 ]
10-31 00:25:22.648  3960  4217 I FontLog : Font PFD returned from cache for {Google Sans, wdth 100.0, wght 500, ital 0.0, bestEffort false} [CONTEXT service_id=132 ]
10-31 00:25:22.648  3960  4217 I FontLog : Fetch {Google Sans, wdth 100.0, wght 500, ital 0.0, bestEffort false} end status Status{statusCode=SUCCESS, resolution=null} [CONTEXT service_id=132 ]
10-31 00:25:22.664  3960  3971 I FontLog : Pulling font file for id = 1508, cache size = 8 [CONTEXT service_id=132 ]
10-31 00:25:22.694  3960  4244 I FontLog : Received query Google Sans:700, URI content://com.google.android.gms.fonts [CONTEXT service_id=132 ]
10-31 00:25:22.695  3960  4244 I FontLog : Query [Google Sans:700] resolved to {Google Sans, wdth 100.0, wght 700, ital 0.0, bestEffort false} [CONTEXT service_id=132 ]
10-31 00:25:22.697  3960  4244 I FontLog : Fetch {Google Sans, wdth 100.0, wght 700, ital 0.0, bestEffort false} end status Status{statusCode=SUCCESS, resolution=null} [CONTEXT service_id=132 ]
10-31 00:25:22.706  3960  4217 I FontLog : Pulling font file for id = 1509, cache size = 6 [CONTEXT service_id=132 ]
