11-01 00:07:46.888 22235 22235 E /system/bin/webview_zygote32: failed to make and chown /acct/uid_99084: Permission denied
11-01 00:07:46.888 22235 22235 E Zygote  : createProcessGroup(99084, 0) failed: Permission denied
11-01 00:07:46.896   772  1259 I ActivityManager: Process com.android.chrome:sandboxed_process7 (pid 22115) has died: vis  TOP 
11-01 00:07:46.896   772  1259 W ActivityManager: Scheduling restart of crashed service com.android.chrome/org.chromium.content.app.SandboxedProcessService7 in 10978ms
11-01 00:07:46.896   772   790 W zygote64: failed to open /acct/uid_99081/pid_22115/cgroup.procs: No such file or directory
11-01 00:07:46.897 21836 21836 W chromium: [WARNING:compositor_view.cc(342)] Child process died (type=6) pid=22101)
11-01 00:07:46.898 21836 21836 W chromium: [WARNING:compositor_view.cc(342)] Child process died (type=6) pid=22115)
11-01 00:07:46.899 21836 21836 W chromium: [WARNING:compositor_view.cc(342)] Child process died (type=6) pid=22129)
11-01 00:07:46.900 21836 21836 W chromium: [WARNING:compositor_view.cc(342)] Child process died (type=6) pid=22042)
11-01 00:07:46.902   772 10895 I ActivityManager: Process com.android.chrome:sandboxed_process8 (pid 22129) has died: vis  TOP 
11-01 00:07:46.902   772 10895 W ActivityManager: Scheduling restart of crashed service com.android.chrome/org.chromium.content.app.SandboxedProcessService8 in 20972ms
11-01 00:07:46.902   772   790 W zygote64: failed to open /acct/uid_99082/pid_22129/cgroup.procs: No such file or directory
11-01 00:07:46.906   772   785 I ActivityManager: Process com.android.chrome:sandboxed_process5 (pid 22084) has died: vis  TOP 
11-01 00:07:46.906   772   785 W ActivityManager: Scheduling restart of crashed service com.android.chrome/org.chromium.content.app.SandboxedProcessService5 in 30968ms
11-01 00:07:46.907   772   790 W zygote64: failed to open /acct/uid_99079/pid_22084/cgroup.procs: No such file or directory
11-01 00:07:46.914 22147 22223 I chromium: [INFO:child_process_service.cc(69)] ChildProcessService: Exiting child process.
11-01 00:07:46.915 21836 21836 W chromium: [WARNING:compositor_view.cc(342)] Child process died (type=6) pid=22084)
11-01 00:07:46.919 21836 21836 W chromium: [WARNING:compositor_view.cc(342)] Child process died (type=6) pid=22057)
11-01 00:07:46.924   772 10860 I ActivityManager: Process com.android.chrome:sandboxed_process3 (pid 22057) has died: vis  TOP 
11-01 00:07:46.924   772 10860 W ActivityManager: Scheduling restart of crashed service com.android.chrome/org.chromium.content.app.SandboxedProcessService3 in 40950ms
11-01 00:07:46.927   772   790 W zygote64: failed to open /acct/uid_99077/pid_22057/cgroup.procs: No such file or directory
11-01 00:07:46.927 21836 21836 I Choreographer: Skipped 52 frames!  The application may be doing too much work on its main thread.
11-01 00:07:46.929   422   422 E lowmemorykiller: Error writing /proc/22072/oom_score_adj; errno=22
11-01 00:07:46.929   772 13021 I ActivityManager: Killing 22072:com.android.chrome:sandboxed_process4/u0a60i78 (adj 0): isolated not needed
11-01 00:07:46.930   772   790 W zygote64: failed to open /acct/uid_99078/pid_22072/cgroup.procs: No such file or directory
11-01 00:07:46.939   772 13021 I ActivityManager: Process com.android.chrome:sandboxed_process9 (pid 22147) has died: vis  TOP 
11-01 00:07:46.939   772 13021 W ActivityManager: Scheduling restart of crashed service com.android.chrome/org.chromium.content.app.SandboxedProcessService9 in 1000ms
11-01 00:07:46.940   772   790 W zygote64: failed to open /acct/uid_99083/pid_22147/cgroup.procs: No such file or directory
11-01 00:07:46.958 22235 22235 I SamplingProfilerIntegration: Profiling disabled.
11-01 00:07:46.972 21836 21836 W StaticLayout: maxLineHeight should not be -1.  maxLines:1 lineCount:1
11-01 00:07:46.978 22250 22250 E asset   : setgid: Operation not permitted
11-01 00:07:47.011 22235 22235 I cr_SplitCompatApp: Launched version=106.0.5249.79 minSdkVersion=24 isBundle=true processName=com.android.chrome:sandboxed_process10 isIsolated=true
11-01 00:07:47.017 22235 22235 W SystemServiceRegistry: No service published for: uimode
11-01 00:07:47.030 22235 22235 I cr_ChildProcessService: Creating new ChildProcessService pid=22235
11-01 00:07:47.040 22235 22235 E WebViewFactory: can't load with relro file; address space not reserved
11-01 00:07:47.056 21836 21836 W chromium: [WARNING:compositor_view.cc(342)] Child process died (type=6) pid=22147)
11-01 00:07:47.057 21836 21836 W chromium: [WARNING:compositor_view.cc(342)] Child process died (type=6) pid=22072)
11-01 00:07:47.057   772   797 I ActivityManager: Displayed com.android.chrome/com.google.android.apps.chrome.Main: +1s244ms
11-01 00:07:47.058 22235 22258 I cr_LibraryLoader: Successfully loaded native library
11-01 00:07:47.060 22235 22258 I cr_CachingUmaRecorder: Flushed 3 samples from 3 histograms.
11-01 00:07:47.083 22262 22262 E /system/bin/webview_zygote32: failed to make and chown /acct/uid_99085: Permission denied
11-01 00:07:47.083 22262 22262 E Zygote  : createProcessGroup(99085, 0) failed: Permission denied
11-01 00:07:47.085   772 29404 I ActivityManager: Start proc 22262:com.android.chrome:sandboxed_process11/u0i85 for webview_service com.android.chrome/org.chromium.content.app.SandboxedProcessService11
11-01 00:07:47.112 22262 22262 I SamplingProfilerIntegration: Profiling disabled.
11-01 00:07:47.114 22279 22279 E /system/bin/webview_zygote32: failed to make and chown /acct/uid_99086: Permission denied
11-01 00:07:47.114 22279 22279 E Zygote  : createProcessGroup(99086, 0) failed: Permission denied
11-01 00:07:47.117   772 10893 I ActivityManager: Start proc 22279:com.android.chrome:sandboxed_process12/u0i86 for webview_service com.android.chrome/org.chromium.content.app.SandboxedProcessService12
11-01 00:07:47.124 22235 22258 I chromium: [INFO:child_process_service.cc(69)] ChildProcessService: Exiting child process.
11-01 00:07:47.133 22279 22279 I SamplingProfilerIntegration: Profiling disabled.
11-01 00:07:47.144   772  3041 I ActivityManager: Start proc 22296:com.android.chrome:sandboxed_process13/u0i87 for webview_service com.android.chrome/org.chromium.content.app.SandboxedProcessService13
11-01 00:07:47.153 22296 22296 E /system/bin/webview_zygote32: failed to make and chown /acct/uid_99087: Permission denied
11-01 00:07:47.153 22296 22296 E Zygote  : createProcessGroup(99087, 0) failed: Permission denied
11-01 00:07:47.157 22302 22302 E asset   : setgid: Operation not permitted
11-01 00:07:47.173 22307 22307 E asset   : setgid: Operation not permitted
11-01 00:07:47.180   772 29404 I ActivityManager: Start proc 22309:com.android.chrome:sandboxed_process14/u0i88 for webview_service com.android.chrome/org.chromium.content.app.SandboxedProcessService14
11-01 00:07:47.181   772 10860 I ActivityManager: Process com.android.chrome:sandboxed_process10 (pid 22235) has died: vis  TOP 
11-01 00:07:47.181   772 10860 W ActivityManager: Scheduling restart of crashed service com.android.chrome/org.chromium.content.app.SandboxedProcessService10 in 1000ms
11-01 00:07:47.181   772   790 W zygote64: failed to open /acct/uid_99084/pid_22235/cgroup.procs: No such file or directory
11-01 00:07:47.182 21836 21836 W chromium: [WARNING:compositor_view.cc(342)] Child process died (type=6) pid=22235)
11-01 00:07:47.195 22309 22309 E /system/bin/webview_zygote32: failed to make and chown /acct/uid_99088: Permission denied
11-01 00:07:47.196 22309 22309 E Zygote  : createProcessGroup(99088, 0) failed: Permission denied
11-01 00:07:47.196 22262 22262 I cr_SplitCompatApp: Launched version=106.0.5249.79 minSdkVersion=24 isBundle=true processName=com.android.chrome:sandboxed_process11 isIsolated=true
11-01 00:07:47.207 22262 22262 W SystemServiceRegistry: No service published for: uimode
11-01 00:07:47.209 22279 22279 I cr_SplitCompatApp: Launched version=106.0.5249.79 minSdkVersion=24 isBundle=true processName=com.android.chrome:sandboxed_process12 isIsolated=true
11-01 00:07:47.216 22262 22262 I cr_ChildProcessService: Creating new ChildProcessService pid=22262
11-01 00:07:47.222 22279 22279 W SystemServiceRegistry: No service published for: uimode
11-01 00:07:47.225 22296 22296 I SamplingProfilerIntegration: Profiling disabled.
11-01 00:07:47.230 22279 22279 I cr_ChildProcessService: Creating new ChildProcessService pid=22279
11-01 00:07:47.235 22321 22321 E /system/bin/webview_zygote32: failed to make and chown /acct/uid_99089: Permission denied
11-01 00:07:47.235 22321 22321 E Zygote  : createProcessGroup(99089, 0) failed: Permission denied
11-01 00:07:47.239   772 32228 I ActivityManager: Start proc 22321:com.android.chrome:sandboxed_process15/u0i89 for webview_service com.android.chrome/org.chromium.content.app.SandboxedProcessService15
11-01 00:07:47.244 22309 22309 I SamplingProfilerIntegration: Profiling disabled.
11-01 00:07:47.254 22262 22262 E WebViewFactory: can't load with relro file; address space not reserved
11-01 00:07:47.264 22279 22279 E WebViewFactory: can't load with relro file; address space not reserved
11-01 00:07:47.269   772 13071 I ActivityManager: Start proc 22342:com.android.chrome:sandboxed_process16/u0i90 for webview_service com.android.chrome/org.chromium.content.app.SandboxedProcessService16
11-01 00:07:47.273 22342 22342 E /system/bin/webview_zygote32: failed to make and chown /acct/uid_99090: Permission denied
11-01 00:07:47.273 22342 22342 E Zygote  : createProcessGroup(99090, 0) failed: Permission denied
11-01 00:07:47.284 22351 22351 E asset   : setgid: Operation not permitted
11-01 00:07:47.285 22321 22321 I SamplingProfilerIntegration: Profiling disabled.
11-01 00:07:47.294 22279 22331 I cr_LibraryLoader: Successfully loaded native library
11-01 00:07:47.294 21836 21898 W chromium: [WARNING:spdy_session.cc(3502)] Received HEADERS for invalid stream 3
11-01 00:07:47.295 22279 22331 I cr_CachingUmaRecorder: Flushed 3 samples from 3 histograms.
11-01 00:07:47.296 22262 22319 I cr_LibraryLoader: Successfully loaded native library
11-01 00:07:47.300 22357 22357 E asset   : setgid: Operation not permitted
11-01 00:07:47.303 22262 22319 I cr_CachingUmaRecorder: Flushed 3 samples from 3 histograms.
11-01 00:07:47.319   772 29404 W AppOps  : Bad call: specified package com.google.android.gms under uid 10045 but it is really 10020
11-01 00:07:47.319   772 29404 W AppOps  : java.lang.RuntimeException: here
11-01 00:07:47.319   772 29404 W AppOps  : 	at com.android.server.AppOpsService.getOpsRawLocked(AppOpsService.java:1319)
11-01 00:07:47.319   772 29404 W AppOps  : 	at com.android.server.AppOpsService.checkPackage(AppOpsService.java:1038)
11-01 00:07:47.319   772 29404 W AppOps  : 	at com.android.internal.app.IAppOpsService$Stub.onTransact(IAppOpsService.java:169)
11-01 00:07:47.319   772 29404 W AppOps  : 	at android.os.Binder.execTransact(Binder.java:674)
11-01 00:07:47.323   772 10894 W AppOps  : Bad call: specified package com.google.android.gms under uid 10045 but it is really 10020
11-01 00:07:47.323   772 10894 W AppOps  : java.lang.RuntimeException: here
11-01 00:07:47.323   772 10894 W AppOps  : 	at com.android.server.AppOpsService.getOpsRawLocked(AppOpsService.java:1319)
11-01 00:07:47.323   772 10894 W AppOps  : 	at com.android.server.AppOpsService.checkPackage(AppOpsService.java:1038)
11-01 00:07:47.323   772 10894 W AppOps  : 	at com.android.internal.app.IAppOpsService$Stub.onTransact(IAppOpsService.java:169)
11-01 00:07:47.323   772 10894 W AppOps  : 	at android.os.Binder.execTransact(Binder.java:674)
11-01 00:07:47.326 22279 22331 I chromium: [INFO:child_process_service.cc(69)] ChildProcessService: Exiting child process.
11-01 00:07:47.327   422   422 E lowmemorykiller: Error writing /proc/22279/oom_score_adj; errno=22
11-01 00:07:47.328   772  3854 I ActivityManager: Killing 22279:com.android.chrome:sandboxed_process12/u0a60i86 (adj 0): isolated not needed
11-01 00:07:47.329   772   790 W zygote64: failed to open /acct/uid_99086/pid_22279/cgroup.procs: No such file or directory
11-01 00:07:47.344 17973 17973 E WorkerRegistryImpl: getWorker() is called after WorkerRegistry disposal.
11-01 00:07:47.345 22368 22368 E asset   : setgid: Operation not permitted
11-01 00:07:47.345 17973 17973 E WorkerRegistryImpl: getWorker() is called after WorkerRegistry disposal.
11-01 00:07:47.351 22342 22342 I SamplingProfilerIntegration: Profiling disabled.
11-01 00:07:47.358 21836 21900 W cr_CrashFileManager: /data/user/0/com.android.chrome/cache/Crash Reports does not exist or is not a directory
11-01 00:07:47.359 21836 21900 I chatty  : uid=10060(u0_a60) com.android.chrome:sandboxed identical 1 line
11-01 00:07:47.359 21836 21900 W cr_CrashFileManager: /data/user/0/com.android.chrome/cache/Crash Reports does not exist or is not a directory
11-01 00:07:47.360 17973 17973 I MemoryTrimmer: Trimming objects from memory, since app is in the background.
11-01 00:07:47.374 22262 22319 I chromium: [INFO:child_process_service.cc(69)] ChildProcessService: Exiting child process.
11-01 00:07:47.376   422   422 E lowmemorykiller: Error writing /proc/22262/oom_score_adj; errno=22
11-01 00:07:47.376   772   784 I ActivityManager: Killing 22262:com.android.chrome:sandboxed_process11/u0a60i85 (adj 0): isolated not needed
11-01 00:07:47.377   772   790 W zygote64: failed to open /acct/uid_99085/pid_22262/cgroup.procs: No such file or directory
11-01 00:07:47.377 21836 21872 I cr_BindingManager: Moderate binding enabled: maxSize=40
11-01 00:07:47.379 22296 22296 I cr_SplitCompatApp: Launched version=106.0.5249.79 minSdkVersion=24 isBundle=true processName=com.android.chrome:sandboxed_process13 isIsolated=true
11-01 00:07:47.402 22296 22296 W SystemServiceRegistry: No service published for: uimode
11-01 00:07:47.408 21836 21836 W chromium: [WARNING:compositor_view.cc(342)] Child process died (type=6) pid=22279)
11-01 00:07:47.409 22309 22309 I cr_SplitCompatApp: Launched version=106.0.5249.79 minSdkVersion=24 isBundle=true processName=com.android.chrome:sandboxed_process14 isIsolated=true
11-01 00:07:47.419 22379 22379 E asset   : setgid: Operation not permitted
11-01 00:07:47.419 22321 22321 I cr_SplitCompatApp: Launched version=106.0.5249.79 minSdkVersion=24 isBundle=true processName=com.android.chrome:sandboxed_process15 isIsolated=true
11-01 00:07:47.423 22296 22296 I cr_ChildProcessService: Creating new ChildProcessService pid=22296
11-01 00:07:47.424 22309 22309 W SystemServiceRegistry: No service published for: uimode
11-01 00:07:47.429 22321 22321 W SystemServiceRegistry: No service published for: uimode
11-01 00:07:47.444 22321 22321 I cr_ChildProcessService: Creating new ChildProcessService pid=22321
11-01 00:07:47.447   772 13022 I ActivityManager: START u0 {act=android.intent.action.VIEW dat=http://192.168.178.178:5500/... flg=0x10000000 cmp=com.android.chrome/com.google.android.apps.chrome.Main} from uid 2000
11-01 00:07:47.455 22296 22380 E WebViewFactory: can't load with relro file; address space not reserved
11-01 00:07:47.455 22309 22309 I cr_ChildProcessService: Creating new ChildProcessService pid=22309
11-01 00:07:47.461 22321 22321 E WebViewFactory: can't load with relro file; address space not reserved
11-01 00:07:47.462 22309 22309 E WebViewFactory: can't load with relro file; address space not reserved
11-01 00:07:47.467 22296 22380 I cr_LibraryLoader: Successfully loaded native library
11-01 00:07:47.468 22296 22380 I cr_CachingUmaRecorder: Flushed 3 samples from 3 histograms.
11-01 00:07:47.488 22309 22383 I cr_LibraryLoader: Successfully loaded native library
11-01 00:07:47.489 22321 22382 I cr_LibraryLoader: Successfully loaded native library
11-01 00:07:47.490 22321 22382 I cr_CachingUmaRecorder: Flushed 3 samples from 3 histograms.
11-01 00:07:47.490 22309 22383 I cr_CachingUmaRecorder: Flushed 3 samples from 3 histograms.
11-01 00:07:47.509 22342 22342 I cr_SplitCompatApp: Launched version=106.0.5249.79 minSdkVersion=24 isBundle=true processName=com.android.chrome:sandboxed_process16 isIsolated=true
11-01 00:07:47.514 22342 22342 W SystemServiceRegistry: No service published for: uimode
11-01 00:07:47.521 22342 22342 I cr_ChildProcessService: Creating new ChildProcessService pid=22342
11-01 00:07:47.526 22342 22342 E WebViewFactory: can't load with relro file; address space not reserved
11-01 00:07:47.545 22342 22406 I cr_LibraryLoader: Successfully loaded native library
11-01 00:07:47.546 22342 22406 I cr_CachingUmaRecorder: Flushed 3 samples from 3 histograms.
11-01 00:07:47.559 21836 21836 E cr_IntentUtils: getInt failed on bundle null
11-01 00:07:47.562 21836 21836 E ResourceType: Style contains key with bad entry: 0x0101062c
11-01 00:07:47.587 22415 22415 E /system/bin/webview_zygote32: failed to make and chown /acct/uid_99091: Permission denied
11-01 00:07:47.587 22415 22415 E Zygote  : createProcessGroup(99091, 0) failed: Permission denied
11-01 00:07:47.594 21836 21836 I cr_tabmodel: Appending tabs being restored to metadata lists, 0, startingNormalCount: 2, startingIncognitoCount: 0
11-01 00:07:47.594 21836 21836 I cr_tabmodel: Serializing tab lists; counts: 2, 0
11-01 00:07:47.594   772 13071 I ActivityManager: Start proc 22415:com.android.chrome:sandboxed_process17/u0i91 for webview_service com.android.chrome/org.chromium.content.app.SandboxedProcessService17
11-01 00:07:47.613 22415 22415 I SamplingProfilerIntegration: Profiling disabled.
11-01 00:07:47.627 21836 21836 I cr_OfflineDetector: Running updateState mConnectivityDetectorInitialized: true, mTimeWhenLastForegrounded: 1133721794, getElapsedTime: 1133721794, mTimeWhenLastOfflineNotificationReceived: 0, mTimeWhenLastOnline: 1133720676, mApplicationState: 1, mIsOfflineLastReportedByConnectivityDetector: false, mIsEffectivelyOffline: false
11-01 00:07:47.627 21836 21836 I cr_OfflineDetector: updateState(): timeSinceLastForeground: 0, timeSinceOfflineNotificationReceived: 1133721794, timeSinceLastOnline: 1118, timeNeededForForeground: 2000, timeNeededForOffline: -1133719794
11-01 00:07:47.632 22431 22431 E asset   : setgid: Operation not permitted
11-01 00:07:47.651 21836 21836 W chromium: [WARNING:compositor_view.cc(342)] Child process died (type=6) pid=22262)
11-01 00:07:47.657 22342 22406 I chromium: [INFO:child_process_service.cc(69)] ChildProcessService: Exiting child process.
11-01 00:07:47.660 22296 22380 I chromium: [INFO:child_process_service.cc(69)] ChildProcessService: Exiting child process.
11-01 00:07:47.660 22321 22382 I chromium: [INFO:child_process_service.cc(69)] ChildProcessService: Exiting child process.
11-01 00:07:47.665   772   785 I ActivityManager: Killing 22296:com.android.chrome:sandboxed_process13/u0a60i87 (adj 0): isolated not needed
11-01 00:07:47.665 22309 22383 I chromium: [INFO:child_process_service.cc(69)] ChildProcessService: Exiting child process.
11-01 00:07:47.666   772   790 W zygote64: failed to open /acct/uid_99087/pid_22296/cgroup.procs: No such file or directory
11-01 00:07:47.675 21836 21836 W ResourceType: Failure getting entry for 0x7f010216 (t=0 e=534) (error -75)
11-01 00:07:47.676 21836 21836 W ResourceType: Failure getting entry for 0x7f0107c9 (t=0 e=1993) (error -75)
11-01 00:07:47.686 22415 22415 I cr_SplitCompatApp: Launched version=106.0.5249.79 minSdkVersion=24 isBundle=true processName=com.android.chrome:sandboxed_process17 isIsolated=true
11-01 00:07:47.693 22415 22415 W SystemServiceRegistry: No service published for: uimode
11-01 00:07:47.693   772 20193 I ActivityManager: Start proc 22434:com.android.chrome:sandboxed_process18/u0i92 for webview_service com.android.chrome/org.chromium.content.app.SandboxedProcessService18
11-01 00:07:47.694 22434 22434 E /system/bin/webview_zygote32: failed to make and chown /acct/uid_99092: Permission denied
11-01 00:07:47.694 22434 22434 E Zygote  : createProcessGroup(99092, 0) failed: Permission denied
11-01 00:07:47.694   772  4540 I ActivityManager: Process com.android.chrome:sandboxed_process16 (pid 22342) has died: vis  TOP 
11-01 00:07:47.695   772  4540 W ActivityManager: Scheduling restart of crashed service com.android.chrome/org.chromium.content.app.SandboxedProcessService16 in 1000ms
11-01 00:07:47.695   772   790 W zygote64: failed to open /acct/uid_99090/pid_22342/cgroup.procs: No such file or directory
11-01 00:07:47.704   772  3854 I ActivityManager: Process com.android.chrome:sandboxed_process14 (pid 22309) has died: vis  TOP 
11-01 00:07:47.704   772  3854 W ActivityManager: Scheduling restart of crashed service com.android.chrome/org.chromium.content.app.SandboxedProcessService14 in 10991ms
11-01 00:07:47.704   772   790 W zygote64: failed to open /acct/uid_99088/pid_22309/cgroup.procs: No such file or directory
11-01 00:07:47.704 21836 21836 W chromium: [WARNING:compositor_view.cc(342)] Child process died (type=6) pid=22342)
11-01 00:07:47.705 21836 21836 W chromium: [WARNING:compositor_view.cc(342)] Child process died (type=6) pid=22309)
11-01 00:07:47.716 22415 22415 I cr_ChildProcessService: Creating new ChildProcessService pid=22415
11-01 00:07:47.735   772 13022 I ActivityManager: Start proc 22449:com.android.chrome:sandboxed_process19/u0i93 for webview_service com.android.chrome/org.chromium.content.app.SandboxedProcessService19
11-01 00:07:47.740 22449 22449 E /system/bin/webview_zygote32: failed to make and chown /acct/uid_99093: Permission denied
11-01 00:07:47.740 22449 22449 E Zygote  : createProcessGroup(99093, 0) failed: Permission denied
11-01 00:07:47.741 22434 22434 I SamplingProfilerIntegration: Profiling disabled.
11-01 00:07:47.753   772  2970 I ActivityManager: Process com.android.chrome:sandboxed_process15 (pid 22321) has died: vis  TOP 
11-01 00:07:47.753   772  2970 W ActivityManager: Scheduling restart of crashed service com.android.chrome/org.chromium.content.app.SandboxedProcessService15 in 20942ms
11-01 00:07:47.753   772   790 W zygote64: failed to open /acct/uid_99089/pid_22321/cgroup.procs: No such file or directory
11-01 00:07:47.759 22449 22449 I SamplingProfilerIntegration: Profiling disabled.
11-01 00:07:47.759 21836 21836 W chromium: [WARNING:compositor_view.cc(342)] Child process died (type=6) pid=22296)
11-01 00:07:47.760 21836 21836 W chromium: [WARNING:compositor_view.cc(342)] Child process died (type=6) pid=22321)
11-01 00:07:47.779 22415 22415 E WebViewFactory: can't load with relro file; address space not reserved
11-01 00:07:47.784 22463 22463 E asset   : setgid: Operation not permitted
11-01 00:07:47.796   772 13021 I ActivityManager: Start proc 22465:com.android.chrome:sandboxed_process20/u0i94 for webview_service com.android.chrome/org.chromium.content.app.SandboxedProcessService20
11-01 00:07:47.811 22470 22470 E asset   : setgid: Operation not permitted
11-01 00:07:47.822   772   784 I ActivityManager: Start proc 22471:com.android.chrome:sandboxed_process21/u0i95 for webview_service com.android.chrome/org.chromium.content.app.SandboxedProcessService21
11-01 00:07:47.864 22415 22443 I cr_LibraryLoader: Successfully loaded native library
11-01 00:07:47.865 22434 22434 I cr_SplitCompatApp: Launched version=106.0.5249.79 minSdkVersion=24 isBundle=true processName=com.android.chrome:sandboxed_process18 isIsolated=true
11-01 00:07:47.865 22415 22443 I cr_CachingUmaRecorder: Flushed 3 samples from 3 histograms.
11-01 00:07:47.880 22434 22434 W SystemServiceRegistry: No service published for: uimode
11-01 00:07:47.888 22449 22449 I cr_SplitCompatApp: Launched version=106.0.5249.79 minSdkVersion=24 isBundle=true processName=com.android.chrome:sandboxed_process19 isIsolated=true
11-01 00:07:47.895 22434 22434 I cr_ChildProcessService: Creating new ChildProcessService pid=22434
11-01 00:07:47.896 22449 22449 W SystemServiceRegistry: No service published for: uimode
11-01 00:07:47.904 22434 22434 E WebViewFactory: can't load with relro file; address space not reserved
11-01 00:07:47.915 22449 22449 I cr_ChildProcessService: Creating new ChildProcessService pid=22449
11-01 00:07:47.920 22434 22478 I cr_LibraryLoader: Successfully loaded native library
11-01 00:07:47.923 22434 22478 I cr_CachingUmaRecorder: Flushed 3 samples from 3 histograms.
11-01 00:07:47.933 22449 22449 E WebViewFactory: can't load with relro file; address space not reserved
11-01 00:07:47.950 22449 22484 I cr_LibraryLoader: Successfully loaded native library
11-01 00:07:47.952 22449 22484 I cr_CachingUmaRecorder: Flushed 3 samples from 3 histograms.
11-01 00:07:47.953 22471 22471 E /system/bin/webview_zygote32: failed to make and chown /acct/uid_99095: Permission denied
11-01 00:07:47.953 22471 22471 E Zygote  : createProcessGroup(99095, 0) failed: Permission denied
11-01 00:07:47.953 22465 22465 E /system/bin/webview_zygote32: failed to make and chown /acct/uid_99094: Permission denied
11-01 00:07:47.953 22465 22465 E Zygote  : createProcessGroup(99094, 0) failed: Permission denied
11-01 00:07:47.977 22465 22465 I SamplingProfilerIntegration: Profiling disabled.
11-01 00:07:47.985 22471 22471 I SamplingProfilerIntegration: Profiling disabled.
11-01 00:07:48.001 22449 22484 I chromium: [INFO:child_process_service.cc(69)] ChildProcessService: Exiting child process.
11-01 00:07:48.002 22434 22478 I chromium: [INFO:child_process_service.cc(69)] ChildProcessService: Exiting child process.
11-01 00:07:48.009   422   422 E lowmemorykiller: Error writing /proc/22449/oom_score_adj; errno=22
11-01 00:07:48.009   772  1327 I ActivityManager: Killing 22449:com.android.chrome:sandboxed_process19/u0a60i93 (adj 0): isolated not needed
11-01 00:07:48.010   772   790 W zygote64: failed to open /acct/uid_99093/pid_22449/cgroup.procs: No such file or directory
11-01 00:07:48.014   422   422 E lowmemorykiller: Error writing /proc/22434/oom_score_adj; errno=22
11-01 00:07:48.015   772 29404 I ActivityManager: Killing 22434:com.android.chrome:sandboxed_process18/u0a60i92 (adj 0): isolated not needed
11-01 00:07:48.015   772   790 W zygote64: failed to open /acct/uid_99092/pid_22434/cgroup.procs: No such file or directory
11-01 00:07:48.033 22521 22521 E asset   : setgid: Operation not permitted
11-01 00:07:48.040 22522 22522 E asset   : setgid: Operation not permitted
11-01 00:07:48.054 21836 21836 W chromium: [WARNING:compositor_view.cc(342)] Child process died (type=6) pid=22449)
11-01 00:07:48.066 21836 21836 W chromium: [WARNING:compositor_view.cc(342)] Child process died (type=6) pid=22434)
11-01 00:07:48.073 22465 22465 I cr_SplitCompatApp: Launched version=106.0.5249.79 minSdkVersion=24 isBundle=true processName=com.android.chrome:sandboxed_process20 isIsolated=true
11-01 00:07:48.078 22465 22465 W SystemServiceRegistry: No service published for: uimode
11-01 00:07:48.084 22465 22465 I cr_ChildProcessService: Creating new ChildProcessService pid=22465
11-01 00:07:48.100 22471 22471 I cr_SplitCompatApp: Launched version=106.0.5249.79 minSdkVersion=24 isBundle=true processName=com.android.chrome:sandboxed_process21 isIsolated=true
11-01 00:07:48.110 22465 22465 E WebViewFactory: can't load with relro file; address space not reserved
11-01 00:07:48.112 22471 22471 W SystemServiceRegistry: No service published for: uimode
11-01 00:07:48.120 22471 22471 I cr_ChildProcessService: Creating new ChildProcessService pid=22471
11-01 00:07:48.129 22471 22471 E WebViewFactory: can't load with relro file; address space not reserved
11-01 00:07:48.130 22465 22527 I cr_LibraryLoader: Successfully loaded native library
11-01 00:07:48.131 22465 22527 I cr_CachingUmaRecorder: Flushed 3 samples from 3 histograms.
11-01 00:07:48.144 22471 22528 I cr_LibraryLoader: Successfully loaded native library
11-01 00:07:48.146 22471 22528 I cr_CachingUmaRecorder: Flushed 3 samples from 3 histograms.
11-01 00:07:48.155 21836 21920 I vndksupport: sphal namespace is not configured for this process. Loading libutils.so from the current namespace instead.
11-01 00:07:48.155 21904 21916 I vndksupport: sphal namespace is not configured for this process. Loading libutils.so from the current namespace instead.
11-01 00:07:48.156 22465 22515 I vndksupport: sphal namespace is not configured for this process. Loading libutils.so from the current namespace instead.
11-01 00:07:48.156 22415 22429 I vndksupport: sphal namespace is not configured for this process. Loading libutils.so from the current namespace instead.
11-01 00:07:48.157 22471 22518 I vndksupport: sphal namespace is not configured for this process. Loading libutils.so from the current namespace instead.
11-01 00:07:48.157 21873 21885 I vndksupport: sphal namespace is not configured for this process. Loading libutils.so from the current namespace instead.
11-01 00:07:48.169   556   687 E Parcel  : Reading a NULL string not supported here.
11-01 00:07:48.169   556   687 W Parcel  : **** enforceInterface() expected 'IAAudioService' but read ''
11-01 00:07:48.171   360   360 E SELinux : avc:  denied  { find } for service=android.service.gatekeeper.IGateKeeperService pid=22442 uid=2000 scontext=u:r:shell:s0 tcontext=u:object_r:gatekeeper_service:s0 tclass=service_manager
11-01 00:07:48.172   360   360 E SELinux : avc:  denied  { find } for service=netd pid=22442 uid=2000 scontext=u:r:shell:s0 tcontext=u:object_r:netd_service:s0 tclass=service_manager
11-01 00:07:48.177 22465 22527 I chromium: [INFO:child_process_service.cc(69)] ChildProcessService: Exiting child process.
11-01 00:07:48.178   422   422 E lowmemorykiller: Error writing /proc/22465/oom_score_adj; errno=22
11-01 00:07:48.179   772  2970 I ActivityManager: Killing 22465:com.android.chrome:sandboxed_process20/u0a60i94 (adj 0): isolated not needed
11-01 00:07:48.179   772   790 W zygote64: failed to open /acct/uid_99094/pid_22465/cgroup.procs: No such file or directory
11-01 00:07:48.185 22442 22442 W atrace  : type=1400 audit(0.0:19935): avc: denied { call } for scontext=u:r:shell:s0 tcontext=u:r:wificond:s0 tclass=binder permissive=0
11-01 00:07:48.191   360   360 E SELinux : avc:  denied  { find } for service=installd pid=22442 uid=2000 scontext=u:r:shell:s0 tcontext=u:object_r:installd_service:s0 tclass=service_manager
11-01 00:07:48.196   361   361 E SELinux : avc:  denied  { find } for interface=android.frameworks.displayservice::IDisplayService pid=22442 scontext=u:r:shell:s0 tcontext=u:object_r:fwk_display_hwservice:s0 tclass=hwservice_manager
11-01 00:07:48.197   361   361 E SELinux : avc:  denied  { find } for interface=android.frameworks.schedulerservice::ISchedulingPolicyService pid=22442 scontext=u:r:shell:s0 tcontext=u:object_r:fwk_scheduler_hwservice:s0 tclass=hwservice_manager
11-01 00:07:48.198   361   361 E SELinux : avc:  denied  { find } for interface=android.frameworks.sensorservice::ISensorManager pid=22442 scontext=u:r:shell:s0 tcontext=u:object_r:fwk_sensor_hwservice:s0 tclass=hwservice_manager
11-01 00:07:48.199   361   361 E SELinux : avc:  denied  { find } for interface=android.hardware.biometrics.fingerprint::IBiometricsFingerprint pid=22442 scontext=u:r:shell:s0 tcontext=u:object_r:hal_fingerprint_hwservice:s0 tclass=hwservice_manager
11-01 00:07:48.200   361   361 E SELinux : avc:  denied  { find } for interface=android.hardware.dumpstate::IDumpstateDevice pid=22442 scontext=u:r:shell:s0 tcontext=u:object_r:hal_dumpstate_hwservice:s0 tclass=hwservice_manager
11-01 00:07:48.202   361   361 E SELinux : avc:  denied  { find } for interface=android.hardware.radio.deprecated::IOemHook pid=22442 scontext=u:r:shell:s0 tcontext=u:object_r:hal_telephony_hwservice:s0 tclass=hwservice_manager
11-01 00:07:48.202   361   361 E SELinux : avc:  denied  { find } for interface=android.hardware.radio::IRadio pid=22442 scontext=u:r:shell:s0 tcontext=u:object_r:hal_telephony_hwservice:s0 tclass=hwservice_manager
11-01 00:07:48.204   361   361 E SELinux : avc:  denied  { find } for interface=android.hardware.radio::ISap pid=22442 scontext=u:r:shell:s0 tcontext=u:object_r:hal_telephony_hwservice:s0 tclass=hwservice_manager
11-01 00:07:48.204   361   361 E SELinux : avc:  denied  { find } for interface=android.hardware.usb::IUsb pid=22442 scontext=u:r:shell:s0 tcontext=u:object_r:hal_usb_hwservice:s0 tclass=hwservice_manager
11-01 00:07:48.205   361   361 E SELinux : avc:  denied  { find } for interface=android.hardware.wifi.supplicant::ISupplicant pid=22442 scontext=u:r:shell:s0 tcontext=u:object_r:hal_wifi_supplicant_hwservice:s0 tclass=hwservice_manager
11-01 00:07:48.208   361   361 E SELinux : avc:  denied  { find } for interface=android.hardware.wifi::IWifi pid=22442 scontext=u:r:shell:s0 tcontext=u:object_r:hal_wifi_hwservice:s0 tclass=hwservice_manager
11-01 00:07:48.210   361   361 E SELinux : avc:  denied  { find } for interface=android.hidl.base::IBase pid=22442 scontext=u:r:shell:s0 tcontext=u:object_r:hidl_base_hwservice:s0 tclass=hwservice_manager
11-01 00:07:48.211   361   361 I chatty  : uid=1000(system) hwservicemanage identical 1 line
11-01 00:07:48.212   361   361 E SELinux : avc:  denied  { find } for interface=android.hidl.base::IBase pid=22442 scontext=u:r:shell:s0 tcontext=u:object_r:hidl_base_hwservice:s0 tclass=hwservice_manager
11-01 00:07:48.214   361   361 E SELinux : avc:  denied  { find } for interface=android.system.wifi.keystore::IKeystore pid=22442 scontext=u:r:shell:s0 tcontext=u:object_r:system_wifi_keystore_hwservice:s0 tclass=hwservice_manager
11-01 00:07:48.224 22471 22528 I chromium: [INFO:child_process_service.cc(69)] ChildProcessService: Exiting child process.
11-01 00:07:48.225 21836 21836 W chromium: [WARNING:compositor_view.cc(342)] Child process died (type=6) pid=22465)
11-01 00:07:48.229   422   422 E lowmemorykiller: Error writing /proc/22471/oom_score_adj; errno=22
11-01 00:07:48.231   772 13022 I ActivityManager: Killing 22471:com.android.chrome:sandboxed_process21/u0a60i95 (adj 0): isolated not needed
11-01 00:07:48.232   772   790 W zygote64: failed to open /acct/uid_99095/pid_22471/cgroup.procs: No such file or directory
11-01 00:07:48.247 21836 21836 W chromium: [WARNING:compositor_view.cc(342)] Child process died (type=6) pid=22471)
11-01 00:07:49.355 21836 21836 W chromium: [WARNING:controller_impl.cc(1190)] Background download complete, client: 6, completion type: 0, file size:16643
11-01 00:07:49.389 22544 22544 E /system/bin/webview_zygote32: failed to make and chown /acct/uid_99096: Permission denied
11-01 00:07:49.390 22544 22544 E Zygote  : createProcessGroup(99096, 0) failed: Permission denied
11-01 00:07:49.391   772  3854 I ActivityManager: Start proc 22544:com.android.chrome:sandboxed_process22/u0i96 for webview_service com.android.chrome/org.chromium.content.app.SandboxedProcessService22
11-01 00:07:49.434 22544 22544 I SamplingProfilerIntegration: Profiling disabled.
11-01 00:07:49.458 22557 22557 E asset   : setgid: Operation not permitted
11-01 00:07:49.498 21836 21836 W chromium: [WARNING:controller_impl.cc(1190)] Background download complete, client: 6, completion type: 0, file size:265060
11-01 00:07:49.517 21836 21836 W chromium: [WARNING:controller_impl.cc(1190)] Background download complete, client: 6, completion type: 0, file size:18160
11-01 00:07:49.521 22544 22544 I cr_SplitCompatApp: Launched version=106.0.5249.79 minSdkVersion=24 isBundle=true processName=com.android.chrome:sandboxed_process22 isIsolated=true
11-01 00:07:49.535   772  4539 I ActivityManager: Start proc 22559:com.android.chrome:sandboxed_process23/u0i97 for webview_service com.android.chrome/org.chromium.content.app.SandboxedProcessService23
11-01 00:07:49.543 22544 22544 W SystemServiceRegistry: No service published for: uimode
11-01 00:07:49.544 22559 22559 E /system/bin/webview_zygote32: failed to make and chown /acct/uid_99097: Permission denied
11-01 00:07:49.544 22559 22559 E Zygote  : createProcessGroup(99097, 0) failed: Permission denied
11-01 00:07:49.558 22544 22544 I cr_ChildProcessService: Creating new ChildProcessService pid=22544
11-01 00:07:49.583 22572 22572 E /system/bin/webview_zygote32: failed to make and chown /acct/uid_99098: Permission denied
11-01 00:07:49.584 22572 22572 E Zygote  : createProcessGroup(99098, 0) failed: Permission denied
11-01 00:07:49.587   772 29404 I ActivityManager: Start proc 22572:com.android.chrome:sandboxed_process24/u0i98 for webview_service com.android.chrome/org.chromium.content.app.SandboxedProcessService24
11-01 00:07:49.589 22559 22559 I SamplingProfilerIntegration: Profiling disabled.
11-01 00:07:49.608 22544 22544 E WebViewFactory: can't load with relro file; address space not reserved
11-01 00:07:49.632 22585 22585 E asset   : setgid: Operation not permitted
11-01 00:07:49.636 22544 22566 I cr_LibraryLoader: Successfully loaded native library
11-01 00:07:49.637 22544 22566 I cr_CachingUmaRecorder: Flushed 3 samples from 3 histograms.
11-01 00:07:49.645 22572 22572 I SamplingProfilerIntegration: Profiling disabled.
11-01 00:07:49.680 21836 21836 W chromium: [WARNING:controller_impl.cc(1190)] Background download complete, client: 6, completion type: 0, file size:15859
11-01 00:07:49.693 22559 22559 I cr_SplitCompatApp: Launched version=106.0.5249.79 minSdkVersion=24 isBundle=true processName=com.android.chrome:sandboxed_process23 isIsolated=true
11-01 00:07:49.695 22589 22589 W ThreadPoolForeg: type=1400 audit(0.0:19936): avc: denied { setattr } for name="model-info.pb" dev="dm-2" ino=1504809 scontext=u:r:isolated_app:s0:c512,c768 tcontext=u:object_r:app_data_file:s0:c512,c768 tclass=file permissive=0
11-01 00:07:49.696 22594 22594 E asset   : setgid: Operation not permitted
11-01 00:07:49.699 22589 22589 W ThreadPoolForeg: type=1400 audit(0.0:19937): avc: denied { setattr } for name="model.tflite" dev="dm-2" ino=1504810 scontext=u:r:isolated_app:s0:c512,c768 tcontext=u:object_r:app_data_file:s0:c512,c768 tclass=file permissive=0
11-01 00:07:49.711 22559 22559 W SystemServiceRegistry: No service published for: uimode
11-01 00:07:49.712 22544 22566 I chromium: [INFO:child_process_service.cc(69)] ChildProcessService: Exiting child process.
11-01 00:07:49.724   772  1259 I ActivityManager: Start proc 22595:com.android.chrome:sandboxed_process25/u0i99 for webview_service com.android.chrome/org.chromium.content.app.SandboxedProcessService25
11-01 00:07:49.731   422   422 E lowmemorykiller: Error writing /proc/22544/oom_score_adj; errno=22
11-01 00:07:49.732   772 32228 I ActivityManager: Killing 22544:com.android.chrome:sandboxed_process22/u0a60i96 (adj 0): isolated not needed
11-01 00:07:49.732 22595 22595 E /system/bin/webview_zygote32: failed to make and chown /acct/uid_99099: Permission denied
11-01 00:07:49.733 22595 22595 E Zygote  : createProcessGroup(99099, 0) failed: Permission denied
11-01 00:07:49.733   772   790 W zygote64: failed to open /acct/uid_99096/pid_22544/cgroup.procs: No such file or directory
11-01 00:07:49.749 22559 22559 I cr_ChildProcessService: Creating new ChildProcessService pid=22559
11-01 00:07:49.753 21836 21836 W chromium: [WARNING:compositor_view.cc(342)] Child process died (type=6) pid=22544)
11-01 00:07:49.755 22572 22572 I cr_SplitCompatApp: Launched version=106.0.5249.79 minSdkVersion=24 isBundle=true processName=com.android.chrome:sandboxed_process24 isIsolated=true
11-01 00:07:49.764 22572 22572 W SystemServiceRegistry: No service published for: uimode
11-01 00:07:49.766 22559 22559 E WebViewFactory: can't load with relro file; address space not reserved
11-01 00:07:49.775 22572 22572 I cr_ChildProcessService: Creating new ChildProcessService pid=22572
11-01 00:07:49.781 22595 22595 I SamplingProfilerIntegration: Profiling disabled.
11-01 00:07:49.782 22572 22572 E WebViewFactory: can't load with relro file; address space not reserved
11-01 00:07:49.783 22559 22602 I cr_LibraryLoader: Successfully loaded native library
11-01 00:07:49.788 22559 22602 I cr_CachingUmaRecorder: Flushed 3 samples from 3 histograms.
11-01 00:07:49.798 22572 22607 I cr_LibraryLoader: Successfully loaded native library
11-01 00:07:49.801 22572 22607 I cr_CachingUmaRecorder: Flushed 3 samples from 3 histograms.
11-01 00:07:49.814   772   781 I zygote64: Background concurrent copying GC freed 106697(6MB) AllocSpace objects, 220(6MB) LOS objects, 42% free, 18MB/32MB, paused 3.982ms total 125.381ms
11-01 00:07:49.815 22610 22610 E asset   : setgid: Operation not permitted
11-01 00:07:49.832 22618 22618 W ThreadPoolForeg: type=1400 audit(0.0:19938): avc: denied { setattr } for name="model-info.pb" dev="dm-2" ino=1504834 scontext=u:r:isolated_app:s0:c512,c768 tcontext=u:object_r:app_data_file:s0:c512,c768 tclass=file permissive=0
11-01 00:07:49.835 22618 22618 W ThreadPoolForeg: type=1400 audit(0.0:19939): avc: denied { setattr } for name="model.tflite" dev="dm-2" ino=1504837 scontext=u:r:isolated_app:s0:c512,c768 tcontext=u:object_r:app_data_file:s0:c512,c768 tclass=file permissive=0
11-01 00:07:49.840 22572 22607 I chromium: [INFO:child_process_service.cc(69)] ChildProcessService: Exiting child process.
11-01 00:07:49.842   422   422 E lowmemorykiller: Error writing /proc/22572/oom_score_adj; errno=22
11-01 00:07:49.844   772 10893 I ActivityManager: Killing 22572:com.android.chrome:sandboxed_process24/u0a60i98 (adj 0): isolated not needed
11-01 00:07:49.844   772   790 W zygote64: failed to open /acct/uid_99098/pid_22572/cgroup.procs: No such file or directory
11-01 00:07:49.865 22615 22615 W ThreadPoolForeg: type=1400 audit(0.0:19940): avc: denied { setattr } for name="model-info.pb" dev="dm-2" ino=1504834 scontext=u:r:isolated_app:s0:c512,c768 tcontext=u:object_r:app_data_file:s0:c512,c768 tclass=file permissive=0
11-01 00:07:49.866 21836 21836 W chromium: [WARNING:compositor_view.cc(342)] Child process died (type=6) pid=22572)
11-01 00:07:49.871 22595 22595 I cr_SplitCompatApp: Launched version=106.0.5249.79 minSdkVersion=24 isBundle=true processName=com.android.chrome:sandboxed_process25 isIsolated=true
11-01 00:07:49.881 22595 22595 W SystemServiceRegistry: No service published for: uimode
11-01 00:07:49.882 22615 22615 W ThreadPoolForeg: type=1400 audit(0.0:19941): avc: denied { setattr } for name="model.tflite" dev="dm-2" ino=1504840 scontext=u:r:isolated_app:s0:c512,c768 tcontext=u:object_r:app_data_file:s0:c512,c768 tclass=file permissive=0
11-01 00:07:49.888 22595 22595 I cr_ChildProcessService: Creating new ChildProcessService pid=22595
11-01 00:07:49.888 22559 22602 I chromium: [INFO:child_process_service.cc(69)] ChildProcessService: Exiting child process.
11-01 00:07:49.891   422   422 E lowmemorykiller: Error writing /proc/22559/oom_score_adj; errno=22
11-01 00:07:49.892   772 10893 I ActivityManager: Killing 22559:com.android.chrome:sandboxed_process23/u0a60i97 (adj 0): isolated not needed
11-01 00:07:49.892   772   790 W zygote64: failed to open /acct/uid_99097/pid_22559/cgroup.procs: No such file or directory
11-01 00:07:49.897 21836 21836 W chromium: [WARNING:controller_impl.cc(1190)] Background download complete, client: 6, completion type: 0, file size:2759
11-01 00:07:49.905 22595 22595 E WebViewFactory: can't load with relro file; address space not reserved
11-01 00:07:49.923 21836 21836 W chromium: [WARNING:compositor_view.cc(342)] Child process died (type=6) pid=22559)
11-01 00:07:49.926 22595 22623 I cr_LibraryLoader: Successfully loaded native library
11-01 00:07:49.927 22595 22623 I cr_CachingUmaRecorder: Flushed 3 samples from 3 histograms.
11-01 00:07:49.930 22624 22624 E /system/bin/webview_zygote32: failed to make and chown /acct/uid_99100: Permission denied
11-01 00:07:49.931 22624 22624 E Zygote  : createProcessGroup(99100, 0) failed: Permission denied
11-01 00:07:49.945   772 13071 I ActivityManager: Start proc 22624:com.android.chrome:sandboxed_process26/u0i100 for webview_service com.android.chrome/org.chromium.content.app.SandboxedProcessService26
11-01 00:07:49.962 22630 22630 W ThreadPoolForeg: type=1400 audit(0.0:19942): avc: denied { setattr } for name="model-info.pb" dev="dm-2" ino=1504787 scontext=u:r:isolated_app:s0:c512,c768 tcontext=u:object_r:app_data_file:s0:c512,c768 tclass=file permissive=0
11-01 00:07:49.965 22630 22630 W ThreadPoolForeg: type=1400 audit(0.0:19943): avc: denied { setattr } for name="model.tflite" dev="dm-2" ino=1504807 scontext=u:r:isolated_app:s0:c512,c768 tcontext=u:object_r:app_data_file:s0:c512,c768 tclass=file permissive=0
11-01 00:07:49.973 22595 22623 I chromium: [INFO:child_process_service.cc(69)] ChildProcessService: Exiting child process.
11-01 00:07:49.973 22624 22624 I SamplingProfilerIntegration: Profiling disabled.
11-01 00:07:49.975   422   422 E lowmemorykiller: Error writing /proc/22595/oom_score_adj; errno=22
11-01 00:07:49.976   772 10893 I ActivityManager: Killing 22595:com.android.chrome:sandboxed_process25/u0a60i99 (adj 0): isolated not needed
11-01 00:07:49.977   772   790 W zygote64: failed to open /acct/uid_99099/pid_22595/cgroup.procs: No such file or directory
11-01 00:07:50.007 21836 21836 W chromium: [WARNING:controller_impl.cc(1190)] Background download complete, client: 6, completion type: 0, file size:116031
11-01 00:07:50.016 22644 22644 E asset   : setgid: Operation not permitted
11-01 00:07:50.025 21836 21836 W chromium: [WARNING:compositor_view.cc(342)] Child process died (type=6) pid=22595)
11-01 00:07:50.040   772 20193 I ActivityManager: Start proc 22645:com.android.chrome:sandboxed_process27/u0i101 for webview_service com.android.chrome/org.chromium.content.app.SandboxedProcessService27
11-01 00:07:50.049 22645 22645 E /system/bin/webview_zygote32: failed to make and chown /acct/uid_99101: Permission denied
11-01 00:07:50.049 22645 22645 E Zygote  : createProcessGroup(99101, 0) failed: Permission denied
11-01 00:07:50.073 22624 22624 I cr_SplitCompatApp: Launched version=106.0.5249.79 minSdkVersion=24 isBundle=true processName=com.android.chrome:sandboxed_process26 isIsolated=true
11-01 00:07:50.075 22645 22645 I SamplingProfilerIntegration: Profiling disabled.
11-01 00:07:50.087 22624 22624 W SystemServiceRegistry: No service published for: uimode
11-01 00:07:50.106 22659 22659 E asset   : setgid: Operation not permitted
11-01 00:07:50.113 22624 22624 I cr_ChildProcessService: Creating new ChildProcessService pid=22624
11-01 00:07:50.132 22624 22624 E WebViewFactory: can't load with relro file; address space not reserved
11-01 00:07:50.145 22415 22443 I tflite  : Initialized TensorFlow Lite runtime.
11-01 00:07:50.148 22624 22660 I cr_LibraryLoader: Successfully loaded native library
11-01 00:07:50.150 22624 22660 I cr_CachingUmaRecorder: Flushed 3 samples from 3 histograms.
11-01 00:07:50.163 22645 22645 I cr_SplitCompatApp: Launched version=106.0.5249.79 minSdkVersion=24 isBundle=true processName=com.android.chrome:sandboxed_process27 isIsolated=true
11-01 00:07:50.175 22645 22645 W SystemServiceRegistry: No service published for: uimode
11-01 00:07:50.183 22645 22645 I cr_ChildProcessService: Creating new ChildProcessService pid=22645
11-01 00:07:50.190 21836 21836 W chromium: [WARNING:controller_impl.cc(1190)] Background download complete, client: 6, completion type: 0, file size:9419
11-01 00:07:50.195 22645 22645 E WebViewFactory: can't load with relro file; address space not reserved
11-01 00:07:50.209 22645 22667 I cr_LibraryLoader: Successfully loaded native library
11-01 00:07:50.210 22645 22667 I cr_CachingUmaRecorder: Flushed 3 samples from 3 histograms.
11-01 00:07:50.235 22668 22668 W ThreadPoolForeg: type=1400 audit(0.0:19944): avc: denied { setattr } for name="model-info.pb" dev="dm-2" ino=1504878 scontext=u:r:isolated_app:s0:c512,c768 tcontext=u:object_r:app_data_file:s0:c512,c768 tclass=file permissive=0
11-01 00:07:50.238   772  1324 I ActivityManager: Start proc 22678:com.android.chrome:sandboxed_process28/u0i102 for webview_service com.android.chrome/org.chromium.content.app.SandboxedProcessService28
11-01 00:07:50.239 22668 22668 W ThreadPoolForeg: type=1400 audit(0.0:19945): avc: denied { setattr } for name="model.tflite" dev="dm-2" ino=1504879 scontext=u:r:isolated_app:s0:c512,c768 tcontext=u:object_r:app_data_file:s0:c512,c768 tclass=file permissive=0
11-01 00:07:50.239 22676 22676 W ThreadPoolForeg: type=1400 audit(0.0:19946): avc: denied { setattr } for name="model-info.pb" dev="dm-2" ino=1504880 scontext=u:r:isolated_app:s0:c512,c768 tcontext=u:object_r:app_data_file:s0:c512,c768 tclass=file permissive=0
11-01 00:07:50.245 22678 22678 E /system/bin/webview_zygote32: failed to make and chown /acct/uid_99102: Permission denied
11-01 00:07:50.245 22678 22678 E Zygote  : createProcessGroup(99102, 0) failed: Permission denied
11-01 00:07:50.248 22624 22660 I chromium: [INFO:child_process_service.cc(69)] ChildProcessService: Exiting child process.
11-01 00:07:50.250   422   422 E lowmemorykiller: Error writing /proc/22624/oom_score_adj; errno=22
11-01 00:07:50.251   772  4540 I ActivityManager: Killing 22624:com.android.chrome:sandboxed_process26/u0a60i100 (adj 0): isolated not needed
11-01 00:07:50.252   772   790 W zygote64: failed to open /acct/uid_99100/pid_22624/cgroup.procs: No such file or directory
11-01 00:07:50.259 22676 22676 W ThreadPoolForeg: type=1400 audit(0.0:19947): avc: denied { setattr } for name="model.tflite" dev="dm-2" ino=1504881 scontext=u:r:isolated_app:s0:c512,c768 tcontext=u:object_r:app_data_file:s0:c512,c768 tclass=file permissive=0
11-01 00:07:50.267 22645 22667 I chromium: [INFO:child_process_service.cc(69)] ChildProcessService: Exiting child process.
11-01 00:07:50.269   422   422 E lowmemorykiller: Error writing /proc/22645/oom_score_adj; errno=22
11-01 00:07:50.270   772  2969 I ActivityManager: Killing 22645:com.android.chrome:sandboxed_process27/u0a60i101 (adj 0): isolated not needed
11-01 00:07:50.270   772   790 W zygote64: failed to open /acct/uid_99101/pid_22645/cgroup.procs: No such file or directory
11-01 00:07:50.280 21836 21836 W chromium: [WARNING:compositor_view.cc(342)] Child process died (type=6) pid=22624)
11-01 00:07:50.292 22678 22678 I SamplingProfilerIntegration: Profiling disabled.
