11-01 00:08:40.864   372   376 D DrmLibTime: before calling ioctl to read the next time_cmd
11-01 00:08:40.864   625   647 E QC-time-services: Daemon: Time-services: Waiting to acceptconnection
11-01 00:08:40.898   562 19050 D WVCdm   : OEMCrypto_Initialize Level 1 success. I will use level 1.
11-01 00:08:40.898   562 19050 D WVCdm   : CryptoSession::Open: Lock: requested_security_level: Default
11-01 00:08:40.901   562 19050 W WVCdm   : DeviceFiles::RetrieveHashedFile: /data/mediadrm/IDM1013/L1/cert.bin does not exist
11-01 00:08:40.902   562 19050 D QSEECOMAPI: : QSEECom_dealloc_memory 
11-01 00:08:40.902   562 19050 D QSEECOMAPI: : QSEECom_shutdown_app, app_id = 3588
11-01 00:08:40.917   562   562 I WVCdm   : Level3 Library 4445 May 19 2017 17:17:20
11-01 00:08:40.921   562   562 D QSEECOMAPI: : QSEECom_get_handle sb_length = 0x19000
11-01 00:08:40.922   562   562 D QSEECOMAPI: : App is not loaded in QSEE
11-01 00:08:40.964   562   562 D QSEECOMAPI: : Loaded image: APP id = 3589
11-01 00:08:40.966   562   562 D QSAPPSVER: qsapps_get_capabilities: Capability from secure side: 0x0
11-01 00:08:40.966   562   562 D QSAPPSVER: qsapps_get_capabilities: returns 0
11-01 00:08:40.966   562   562 E DrmWidevineDash: sion_buffer g_wv_fhandle->ion_sbuffer  0x0xeeb37000
11-01 00:08:40.969   372   376 D DrmLibTime: got the req here! ret=0
11-01 00:08:40.969   372   376 D DrmLibTime: command id, time_cmd_id = 770
11-01 00:08:40.969   372   376 D DrmLibTime: time_getutcsec starts!
11-01 00:08:40.969   372   376 D DrmLibTime: QSEE Time Listener: time_getutcsec
11-01 00:08:40.969   372   376 D DrmLibTime: QSEE Time Listener: get_utc_seconds
11-01 00:08:40.969   372   376 D DrmLibTime: QSEE Time Listener: time_get_modem_time
11-01 00:08:40.969   372   376 D DrmLibTime: QSEE Time Listener: Checking if ATS_MODEM is set or not.
11-01 00:08:40.969   372   376 D QC-time-services: Lib:time_genoff_operation: pargs->base = 13
11-01 00:08:40.969   372   376 D QC-time-services: Lib:time_genoff_operation: pargs->operation = 2
11-01 00:08:40.969   372   376 D QC-time-services: Lib:time_genoff_operation: pargs->ts_val = 0
11-01 00:08:40.969   372   376 D QC-time-services: Lib:time_genoff_operation: Send to server  passed!!
11-01 00:08:40.969   625   647 D QC-time-services: Daemon: Connection accepted:time_genoff
11-01 00:08:40.969   625 22781 D QC-time-services: Daemon:Received base = 13, unit = 1, operation = 2,value = 0
11-01 00:08:40.969   625 22781 D QC-time-services: Daemon:genoff_opr: Base = 13, val = 0, operation = 2
11-01 00:08:40.969   625 22781 D QC-time-services: offset is: 0 for base: 13
11-01 00:08:40.969   372   376 E QC-time-services: Receive Passed == base = 13, unit = 1, operation = 2, result = 0
11-01 00:08:40.969   372   376 D DrmLibTime: QSEE Time Listener: ATS_MODEM is not set. Fallback to Android system time.
11-01 00:08:40.970   372   376 D DrmLibTime: QSEE Time Listener: Retrieved Android system time: 1667257720
11-01 00:08:40.970   372   376 D DrmLibTime: time_getutcsec returns 0, sec = 1667257720; nsec = 0
11-01 00:08:40.970   372   376 D DrmLibTime: time_getutcsec finished! 
11-01 00:08:40.970   372   376 D DrmLibTime: iotcl_continue_command finished! and return 0 
11-01 00:08:40.970   372   376 D DrmLibTime: before calling ioctl to read the next time_cmd
11-01 00:08:40.970   625   647 E QC-time-services: Daemon: Time-services: Waiting to acceptconnection
11-01 00:08:41.005   562   562 D WVCdm   : OEMCrypto_Initialize Level 1 success. I will use level 1.
11-01 00:08:41.005   562   562 D WVCdm   : CryptoSession::Open: Lock: requested_security_level: Default
11-01 00:08:41.112   562   562 E DrmWidevineDash: OEMCrypto_GenerateSignature : input wrapped_rsa_key == NULL!, return short buffer
11-01 00:08:41.116 21836 21836 I cr_media: Provisioning origin ID F7C75D56382B290C54EAA47A5B1DB48E
11-01 00:08:41.124 21836 21836 W chromium: [WARNING:compositor_view.cc(342)] Child process died (type=6) pid=22752)
11-01 00:08:41.127 21836 21836 I MediaDrm: Drm event (1,0)
11-01 00:08:41.127 21836 21836 E cr_media: EventListener: No session for event 1.
11-01 00:08:41.152   562 19051 E DrmWidevineDash: OEMCrypto_RewrapDeviceRSAKey : input wrapped_rsa_key == NULL!, return short buffer
11-01 00:08:41.168   562 19051 D QSEECOMAPI: : QSEECom_dealloc_memory 
11-01 00:08:41.168   562 19051 D QSEECOMAPI: : QSEECom_shutdown_app, app_id = 3589
11-01 00:08:42.691 22782 22782 E /system/bin/webview_zygote32: failed to make and chown /acct/uid_99105: Permission denied
11-01 00:08:42.691 22782 22782 E Zygote  : createProcessGroup(99105, 0) failed: Permission denied
11-01 00:08:42.694   772 13021 I ActivityManager: Start proc 22782:com.android.chrome:sandboxed_process31/u0i105 for webview_service com.android.chrome/org.chromium.content.app.SandboxedProcessService31
11-01 00:08:42.707 22782 22782 I SamplingProfilerIntegration: Profiling disabled.
11-01 00:08:42.727 22795 22795 E asset   : setgid: Operation not permitted
11-01 00:08:42.758 22782 22782 I cr_SplitCompatApp: Launched version=106.0.5249.79 minSdkVersion=24 isBundle=true processName=com.android.chrome:sandboxed_process31 isIsolated=true
11-01 00:08:42.765 22782 22782 W SystemServiceRegistry: No service published for: uimode
11-01 00:08:42.775 22782 22782 I cr_ChildProcessService: Creating new ChildProcessService pid=22782
11-01 00:08:42.784 22782 22782 E WebViewFactory: can't load with relro file; address space not reserved
11-01 00:08:42.795 22782 22797 I cr_LibraryLoader: Successfully loaded native library
11-01 00:08:42.796 22782 22797 I cr_CachingUmaRecorder: Flushed 3 samples from 3 histograms.
11-01 00:08:42.875 22800 22800 W ThreadPoolForeg: type=1400 audit(0.0:19956): avc: denied { setattr } for name="tl_en-us_2022-10-26_484799359_100000_index.bin" dev="dm-2" ino=1504958 scontext=u:r:isolated_app:s0:c512,c768 tcontext=u:object_r:app_data_file:s0:c512,c768 tclass=file permissive=0
11-01 00:08:42.879 22800 22800 W ThreadPoolForeg: type=1400 audit(0.0:19957): avc: denied { setattr } for name="manifest.json" dev="dm-2" ino=1504960 scontext=u:r:isolated_app:s0:c512,c768 tcontext=u:object_r:app_data_file:s0:c512,c768 tclass=file permissive=0
11-01 00:08:42.885 22800 22800 W ThreadPoolForeg: type=1400 audit(0.0:19958): avc: denied { setattr } for name="verified_contents.json" dev="dm-2" ino=1504962 scontext=u:r:isolated_app:s0:c512,c768 tcontext=u:object_r:app_data_file:s0:c512,c768 tclass=file permissive=0
11-01 00:08:42.893 22782 22797 I chromium: [INFO:child_process_service.cc(69)] ChildProcessService: Exiting child process.
11-01 00:08:42.897   422   422 E lowmemorykiller: Error writing /proc/22782/oom_score_adj; errno=22
11-01 00:08:42.898   772   996 I ActivityManager: Killing 22782:com.android.chrome:sandboxed_process31/u0a60i105 (adj 0): isolated not needed
11-01 00:08:42.898   772   790 W zygote64: failed to open /acct/uid_99105/pid_22782/cgroup.procs: No such file or directory
11-01 00:08:42.911 21836 21836 W chromium: [WARNING:compositor_view.cc(342)] Child process died (type=6) pid=22782)
11-01 00:08:44.842 22804 22804 E /system/bin/webview_zygote32: failed to make and chown /acct/uid_99106: Permission denied
11-01 00:08:44.842 22804 22804 E Zygote  : createProcessGroup(99106, 0) failed: Permission denied
11-01 00:08:44.846   772  3037 I ActivityManager: Start proc 22804:com.android.chrome:sandboxed_process32/u0i106 for webview_service com.android.chrome/org.chromium.content.app.SandboxedProcessService32
11-01 00:08:44.879 22804 22804 I SamplingProfilerIntegration: Profiling disabled.
11-01 00:08:44.906 22817 22817 E asset   : setgid: Operation not permitted
11-01 00:08:44.941 22804 22804 I cr_SplitCompatApp: Launched version=106.0.5249.79 minSdkVersion=24 isBundle=true processName=com.android.chrome:sandboxed_process32 isIsolated=true
11-01 00:08:44.952 22804 22804 W SystemServiceRegistry: No service published for: uimode
11-01 00:08:44.965 22804 22804 I cr_ChildProcessService: Creating new ChildProcessService pid=22804
11-01 00:08:44.974 22804 22804 E WebViewFactory: can't load with relro file; address space not reserved
11-01 00:08:44.987 22804 22819 I cr_LibraryLoader: Successfully loaded native library
11-01 00:08:44.991 22804 22819 I cr_CachingUmaRecorder: Flushed 3 samples from 3 histograms.
11-01 00:08:45.042 22823 22823 W ThreadPoolForeg: type=1400 audit(0.0:19959): avc: denied { setattr } for name="ssl_error_assistant.pb" dev="dm-2" ino=1504965 scontext=u:r:isolated_app:s0:c512,c768 tcontext=u:object_r:app_data_file:s0:c512,c768 tclass=file permissive=0
11-01 00:08:45.042 22823 22823 W ThreadPoolForeg: type=1400 audit(0.0:19960): avc: denied { setattr } for name="ssl_error_assistant.pb" dev="dm-2" ino=1504965 scontext=u:r:isolated_app:s0:c512,c768 tcontext=u:object_r:app_data_file:s0:c512,c768 tclass=file permissive=0
11-01 00:08:45.045 22823 22823 W ThreadPoolForeg: type=1400 audit(0.0:19961): avc: denied { setattr } for name="manifest.json" dev="dm-2" ino=1504970 scontext=u:r:isolated_app:s0:c512,c768 tcontext=u:object_r:app_data_file:s0:c512,c768 tclass=file permissive=0
11-01 00:08:45.049 22823 22823 W ThreadPoolForeg: type=1400 audit(0.0:19962): avc: denied { setattr } for name="verified_contents.json" dev="dm-2" ino=1504972 scontext=u:r:isolated_app:s0:c512,c768 tcontext=u:object_r:app_data_file:s0:c512,c768 tclass=file permissive=0
11-01 00:08:45.057 22804 22819 I chromium: [INFO:child_process_service.cc(69)] ChildProcessService: Exiting child process.
11-01 00:08:45.060   422   422 E lowmemorykiller: Error writing /proc/22804/oom_score_adj; errno=22
11-01 00:08:45.061   772  1327 I ActivityManager: Killing 22804:com.android.chrome:sandboxed_process32/u0a60i106 (adj 0): isolated not needed
11-01 00:08:45.062   772   790 W zygote64: failed to open /acct/uid_99106/pid_22804/cgroup.procs: No such file or directory
11-01 00:08:45.081 21836 21836 W chromium: [WARNING:compositor_view.cc(342)] Child process died (type=6) pid=22804)
11-01 00:08:47.501 22826 22826 E /system/bin/webview_zygote32: failed to make and chown /acct/uid_99107: Permission denied
11-01 00:08:47.501 22826 22826 E Zygote  : createProcessGroup(99107, 0) failed: Permission denied
11-01 00:08:47.507   772  2969 I ActivityManager: Start proc 22826:com.android.chrome:sandboxed_process33/u0i107 for webview_service com.android.chrome/org.chromium.content.app.SandboxedProcessService33
11-01 00:08:47.537 22826 22826 I SamplingProfilerIntegration: Profiling disabled.
11-01 00:08:47.568 22839 22839 E asset   : setgid: Operation not permitted
11-01 00:08:47.609 22826 22826 I cr_SplitCompatApp: Launched version=106.0.5249.79 minSdkVersion=24 isBundle=true processName=com.android.chrome:sandboxed_process33 isIsolated=true
11-01 00:08:47.615 22826 22826 W SystemServiceRegistry: No service published for: uimode
11-01 00:08:47.628 22826 22826 I cr_ChildProcessService: Creating new ChildProcessService pid=22826
11-01 00:08:47.638 22826 22826 E WebViewFactory: can't load with relro file; address space not reserved
11-01 00:08:47.654 22826 22841 I cr_LibraryLoader: Successfully loaded native library
11-01 00:08:47.655 22826 22841 I cr_CachingUmaRecorder: Flushed 3 samples from 3 histograms.
11-01 00:08:47.702 22844 22844 W ThreadPoolForeg: type=1400 audit(0.0:19963): avc: denied { setattr } for name="optimization-hints.pb" dev="dm-2" ino=1504975 scontext=u:r:isolated_app:s0:c512,c768 tcontext=u:object_r:app_data_file:s0:c512,c768 tclass=file permissive=0
11-01 00:08:47.705 22844 22844 W ThreadPoolForeg: type=1400 audit(0.0:19964): avc: denied { setattr } for name="manifest.json" dev="dm-2" ino=1504976 scontext=u:r:isolated_app:s0:c512,c768 tcontext=u:object_r:app_data_file:s0:c512,c768 tclass=file permissive=0
11-01 00:08:47.709 22844 22844 W ThreadPoolForeg: type=1400 audit(0.0:19965): avc: denied { setattr } for name="verified_contents.json" dev="dm-2" ino=1504978 scontext=u:r:isolated_app:s0:c512,c768 tcontext=u:object_r:app_data_file:s0:c512,c768 tclass=file permissive=0
11-01 00:08:47.716 22826 22841 I chromium: [INFO:child_process_service.cc(69)] ChildProcessService: Exiting child process.
11-01 00:08:47.718   422   422 E lowmemorykiller: Error writing /proc/22826/oom_score_adj; errno=22
11-01 00:08:47.718   772 13022 I ActivityManager: Killing 22826:com.android.chrome:sandboxed_process33/u0a60i107 (adj 0): isolated not needed
11-01 00:08:47.719   772   790 W zygote64: failed to open /acct/uid_99107/pid_22826/cgroup.procs: No such file or directory
11-01 00:08:47.733 21836 21836 W chromium: [WARNING:compositor_view.cc(342)] Child process died (type=6) pid=22826)
11-01 00:08:50.598 22848 22848 E /system/bin/webview_zygote32: failed to make and chown /acct/uid_99108: Permission denied
11-01 00:08:50.599 22848 22848 E Zygote  : createProcessGroup(99108, 0) failed: Permission denied
11-01 00:08:50.603   772 32228 I ActivityManager: Start proc 22848:com.android.chrome:sandboxed_process34/u0i108 for webview_service com.android.chrome/org.chromium.content.app.SandboxedProcessService34
11-01 00:08:50.639 22848 22848 I SamplingProfilerIntegration: Profiling disabled.
11-01 00:08:50.670 22861 22861 E asset   : setgid: Operation not permitted
11-01 00:08:50.722 22848 22848 I cr_SplitCompatApp: Launched version=106.0.5249.79 minSdkVersion=24 isBundle=true processName=com.android.chrome:sandboxed_process34 isIsolated=true
11-01 00:08:50.731 22848 22848 W SystemServiceRegistry: No service published for: uimode
11-01 00:08:50.747 22848 22848 I cr_ChildProcessService: Creating new ChildProcessService pid=22848
11-01 00:08:50.756 22848 22848 E WebViewFactory: can't load with relro file; address space not reserved
11-01 00:08:50.769 22848 22863 I cr_LibraryLoader: Successfully loaded native library
11-01 00:08:50.770 22848 22863 I cr_CachingUmaRecorder: Flushed 3 samples from 3 histograms.
11-01 00:08:50.812 22867 22867 W ThreadPoolForeg: type=1400 audit(0.0:19966): avc: denied { setattr } for name="download_file_types.pb" dev="dm-2" ino=1504981 scontext=u:r:isolated_app:s0:c512,c768 tcontext=u:object_r:app_data_file:s0:c512,c768 tclass=file permissive=0
11-01 00:08:50.812 22867 22867 W ThreadPoolForeg: type=1400 audit(0.0:19967): avc: denied { setattr } for name="download_file_types.pb" dev="dm-2" ino=1504981 scontext=u:r:isolated_app:s0:c512,c768 tcontext=u:object_r:app_data_file:s0:c512,c768 tclass=file permissive=0
11-01 00:08:50.815 22867 22867 W ThreadPoolForeg: type=1400 audit(0.0:19968): avc: denied { setattr } for name="manifest.json" dev="dm-2" ino=1504982 scontext=u:r:isolated_app:s0:c512,c768 tcontext=u:object_r:app_data_file:s0:c512,c768 tclass=file permissive=0
11-01 00:08:50.822 22867 22867 W ThreadPoolForeg: type=1400 audit(0.0:19969): avc: denied { setattr } for name="verified_contents.json" dev="dm-2" ino=1504984 scontext=u:r:isolated_app:s0:c512,c768 tcontext=u:object_r:app_data_file:s0:c512,c768 tclass=file permissive=0
11-01 00:08:50.830 22848 22863 I chromium: [INFO:child_process_service.cc(69)] ChildProcessService: Exiting child process.
11-01 00:08:50.835   422   422 E lowmemorykiller: Error writing /proc/22848/oom_score_adj; errno=22
11-01 00:08:50.835   772 32228 I ActivityManager: Killing 22848:com.android.chrome:sandboxed_process34/u0a60i108 (adj 0): isolated not needed
11-01 00:08:50.837   772   790 W zygote64: failed to open /acct/uid_99108/pid_22848/cgroup.procs: No such file or directory
11-01 00:08:50.851 21836 21836 W chromium: [WARNING:compositor_view.cc(342)] Child process died (type=6) pid=22848)
11-01 00:08:53.052   772   996 I ActivityManager: Force stopping com.android.chrome appid=10060 user=0: from pid 22881
11-01 00:08:53.052   772   996 I ActivityManager: Killing 21904:com.android.chrome:privileged_process0/u0a60 (adj 0): stop com.android.chrome
11-01 00:08:53.054   772   996 W ActivityManager: Scheduling restart of crashed service com.android.chrome/org.chromium.content.app.PrivilegedProcessService0 in 1000ms
11-01 00:08:53.061   772   996 I ActivityManager: Killing 21836:com.android.chrome/u0a60 (adj 0): stop com.android.chrome
11-01 00:08:53.067 29692 29692 D BoundBrokerSvc: onUnbind: Intent { act=com.google.android.gms.auth.key.retrieval.service.START dat=chimera-action:com.google.android.gms.auth.key.retrieval.service.START cmp=com.google.android.gms/.chimera.GmsApiService }
11-01 00:08:53.069   772   996 W ActivityManager: Force removing ActivityRecord{30dd4fe u0 com.android.chrome/com.google.android.apps.chrome.Main t974}: app died, no saved state
11-01 00:08:53.069 21873 21873 I cr_ChildProcessService: Destroying ChildProcessService pid=21873
11-01 00:08:53.073 22415 22415 I cr_ChildProcessService: Destroying ChildProcessService pid=22415
11-01 00:08:53.081   772   996 I WindowManager: Failed to capture screenshot of Token{e3d445f ActivityRecord{30dd4fe u0 com.android.chrome/com.google.android.apps.chrome.Main t974 f}} appWin=Window{9a9856b u0 com.android.chrome/com.google.android.apps.chrome.Main} drawState=4
11-01 00:08:53.112   423   456 E SurfaceFlinger: Failed to find layer (com.android.chrome/com.google.android.apps.chrome.Main#0) in layer parent (no-parent).
11-01 00:08:53.114   772   797 E JavaBinder: !!! FAILED BINDER TRANSACTION !!!  (parcel size = 60)
11-01 00:08:53.119   772   996 I ActivityManager: Killing 22415:com.android.chrome:sandboxed_process17/u0a60i91 (adj 0): isolated not needed
11-01 00:08:53.119   772   996 I ActivityManager: Killing 21873:com.android.chrome:sandboxed_process0/u0a60i74 (adj 0): isolated not needed
11-01 00:08:53.122 17973 17973 I MemoryTrimmer: Trimming objects from memory, since app is in the background.
11-01 00:08:53.129   772  3041 D ConnectivityService: ConnectivityService NetworkRequestInfo binderDied(NetworkRequest [ LISTEN id=2410, [ Capabilities: INTERNET&NOT_RESTRICTED&TRUSTED&FOREGROUND] ], android.os.BinderProxy@ded4537)
11-01 00:08:53.129   772   784 D ConnectivityService: ConnectivityService NetworkRequestInfo binderDied(NetworkRequest [ LISTEN id=2412, [ Capabilities: INTERNET&NOT_RESTRICTED&TRUSTED&FOREGROUND] ], android.os.BinderProxy@8a76aa4)
11-01 00:08:53.130   772  3854 D ConnectivityService: ConnectivityService NetworkRequestInfo binderDied(NetworkRequest [ LISTEN id=2411, [ Capabilities: INTERNET&NOT_RESTRICTED&TRUSTED&FOREGROUND] ], android.os.BinderProxy@9e900d)
11-01 00:08:53.130   772   862 E ConnectivityService: RemoteException caught trying to send a callback msg for NetworkRequest [ LISTEN id=2410, [ Capabilities: INTERNET&NOT_RESTRICTED&TRUSTED&FOREGROUND] ]
11-01 00:08:53.131   772   862 E ConnectivityService: RemoteException caught trying to send a callback msg for NetworkRequest [ LISTEN id=2412, [ Capabilities: INTERNET&NOT_RESTRICTED&TRUSTED&FOREGROUND] ]
11-01 00:08:53.132   772   862 E ConnectivityService: RemoteException caught trying to send a callback msg for NetworkRequest [ LISTEN id=2411, [ Capabilities: INTERNET&NOT_RESTRICTED&TRUSTED&FOREGROUND] ]
11-01 00:08:53.134   772   797 W ActivityManager: setHasOverlayUi called on unknown pid: 21836
11-01 00:08:53.139  1311  1311 D CarrierSvcBindHelper: No carrier app for: 0
11-01 00:08:53.155  8266  8321 I Adreno  : QUALCOMM build                   : 7142022, Ib5823dd10c
11-01 00:08:53.155  8266  8321 I Adreno  : Build Date                       : 06/23/17
11-01 00:08:53.155  8266  8321 I Adreno  : OpenGL ES Shader Compiler Version: EV031.18.00.00
11-01 00:08:53.155  8266  8321 I Adreno  : Local Branch                     : O11A
11-01 00:08:53.155  8266  8321 I Adreno  : Remote Branch                    : 
11-01 00:08:53.155  8266  8321 I Adreno  : Remote Branch                    : 
11-01 00:08:53.155  8266  8321 I Adreno  : Reconstruct Branch               : 
11-01 00:08:53.162  8266  8321 I vndksupport: sphal namespace is not configured for this process. Loading /vendor/lib64/hw/gralloc.msm8992.so from the current namespace instead.
11-01 00:08:53.162  2964  2964 D RegisteredNfcFServicesCache: Service unchanged, not updating
11-01 00:08:53.165   772   790 W zygote64: failed to open /acct/uid_99091/pid_22415/cgroup.procs: No such file or directory
11-01 00:08:53.165   772   790 W zygote64: failed to open /acct/uid_99074/pid_21873/cgroup.procs: No such file or directory
11-01 00:08:53.166  8266  8321 I Adreno  : PFP: 0x00000000, ME: 0x00000000
11-01 00:08:53.171  8266  8321 I OpenGLRenderer: Initialized EGL, version 1.4
11-01 00:08:53.171  8266  8321 D OpenGLRenderer: Swap behavior 2
11-01 00:08:53.205   772  1259 W ActivityManager: Unable to start service Intent { act=com.google.android.gms.speech.service.START pkg=com.google.android.gms } U=0: not found
11-01 00:08:53.205   772 10860 W ActivityManager: Unbind failed: could not find connection for android.os.BinderProxy@f3bda6c
11-01 00:08:53.205 17973 18016 E GmsClient: unable to connect to service: com.google.android.gms.speech.service.START on com.google.android.gms
11-01 00:08:53.224 17973 18015 W SessionLifecycleManager: Handover failed. Creating new session controller.
11-01 00:08:53.229 17973 17973 I OptInState: There is a new client and it does not support opt-in. Dropping request.
11-01 00:08:53.257 17973 17973 I MicroDetectionWorker: #updateMicroDetector [detectionMode: [mDetectionMode: [1]]]
11-01 00:08:53.258 17973 17973 I MicroDetectionWorker: #startMicroDetector [speakerMode: 0]
11-01 00:08:53.269 17973 18008 I MicroRecognitionRunner: Starting detection.
11-01 00:08:53.270 17973 18017 I MicrophoneInputStream: mic_starting com.google.android.apps.gsa.speech.audio.af@42a6a35
11-01 00:08:53.271 17973 17973 I MicroDetectionWorker: onReady
11-01 00:08:53.272   556  7524 W DeviceHAL: Device 0xefa2d000 open_input_stream: Invalid argument
11-01 00:08:53.274   556 22895 I AudioFlinger: AudioFlinger's thread 0xec603000 tid=22895 ready to run
11-01 00:08:53.281   556   753 I SoundTriggerHwService::Module: onCallbackEvent no clients
11-01 00:08:53.284 17973 18017 I MicrophoneInputStream: mic_started com.google.android.apps.gsa.speech.audio.af@42a6a35
11-01 00:08:53.295   556 22896 D sound_trigger_platform: platform_stdev_check_and_update_concurrency: concurrency active 0, tx 1, rx 0, concurrency session_allowed 0
11-01 00:08:53.295   556 22896 D audio_hw_primary: enable_snd_device: snd_device(72: voice-rec-mic)
11-01 00:08:53.301   556 22896 D audio_hw_primary: enable_audio_route: usecase(9) apply and update mixer path: audio-record
11-01 00:08:53.369 17973 17973 I MicroDetectionWorker: onReady
11-01 00:08:53.523 22885 22885 D AndroidRuntime: >>>>>> START com.android.internal.os.RuntimeInit uid 2000 <<<<<<
11-01 00:08:53.665 22885 22885 D AndroidRuntime: Calling main entry com.android.commands.pm.Pm
11-01 00:08:53.684   772  1327 I ActivityManager: Force stopping com.android.chrome appid=10060 user=0: clear data
11-01 00:08:53.684  8266  8321 W OpenGLRenderer: Incorrectly called buildLayer on View: ShortcutAndWidgetContainer, destroying layer...
11-01 00:08:53.688   772   788 I ActivityManager: Force stopping com.android.chrome appid=10060 user=-1: clearApplicationUserData
11-01 00:08:53.786   560   560 I keystore: clear_uid 10060
11-01 00:08:53.807  1311  1311 D CarrierSvcBindHelper: No carrier app for: 0
11-01 00:08:53.811   772   787 W ResourceType: No known package when getting value for resource number 0x7f0904db
11-01 00:08:53.811   772   787 W ResourceType: No known package when getting value for resource number 0x7f140670
11-01 00:08:53.812   772   787 W ResourceType: No known package when getting value for resource number 0x7f0904da
11-01 00:08:53.812   772   787 W ResourceType: No known package when getting value for resource number 0x7f14018b
11-01 00:08:53.812   772   787 W ResourceType: No known package when getting value for resource number 0x7f14066f
11-01 00:08:53.812   772   787 W ResourceType: No known package when getting value for resource number 0x7f140434
11-01 00:08:53.812   772   787 E ShortcutService: Ignoring excessive intent tag.
11-01 00:08:53.812 22885 22885 I app_process: System.exit called, status: 0
11-01 00:08:53.812 22885 22885 I AndroidRuntime: VM exiting with result code 0.
11-01 00:08:53.823  2964  2964 D RegisteredNfcFServicesCache: Service unchanged, not updating
11-01 00:08:53.852 29692 13083 I Icing   : doRemovePackageData com.android.chrome
11-01 00:08:53.852 29692 13083 I Icing   : Removing corpus key com.android.chrome-omnibox for package com.android.chrome
11-01 00:08:53.885 29486 22915 I Fitness : FitCleanupIntentOperation received Intent android.intent.action.PACKAGE_DATA_CLEARED [CONTEXT service_id=17 ]
11-01 00:08:53.978 29692 13083 I Icing   : updateResources: need to parse anue{com.android.chrome}
11-01 00:08:54.151   772 10894 I ActivityManager: Force stopping com.android.chrome appid=10060 user=0: from pid 22932
11-01 00:08:54.153 29692 29702 I zygote64: Background concurrent copying GC freed 88924(4MB) AllocSpace objects, 47(940KB) LOS objects, 49% free, 8MB/16MB, paused 334us total 103.692ms
11-01 00:08:54.157  1311  1311 D CarrierSvcBindHelper: No carrier app for: 0
11-01 00:08:54.164  2964  2964 D RegisteredNfcFServicesCache: Service unchanged, not updating
11-01 00:08:54.173 29692 13083 I Icing   : Indexing com.android.chrome-omnibox from com.android.chrome
11-01 00:08:54.188   772 13021 I ActivityManager: Start proc 22934:com.android.chrome/u0a60 for content provider com.android.chrome/com.google.android.apps.chrome.icing.IcingProvider
11-01 00:08:54.241 22934 22934 I cr_SplitCompatApp: Launched version=106.0.5249.79 minSdkVersion=24 isBundle=true processName=com.android.chrome isIsolated=false
11-01 00:08:54.292 29486 30686 I FontLog : Received query Google Sans, URI content://com.google.android.gms.fonts [CONTEXT service_id=132 ]
11-01 00:08:54.293 29486 30686 I FontLog : Query [Google Sans] resolved to {Google Sans, wdth 100.0, wght 400, ital 0.0, bestEffort false} [CONTEXT service_id=132 ]
11-01 00:08:54.294 29486 30686 I FontLog : Font PFD returned from cache for {Google Sans, wdth 100.0, wght 400, ital 0.0, bestEffort false} [CONTEXT service_id=132 ]
11-01 00:08:54.295 29486 30686 I FontLog : Fetch {Google Sans, wdth 100.0, wght 400, ital 0.0, bestEffort false} end status Status{statusCode=SUCCESS, resolution=null} [CONTEXT service_id=132 ]
11-01 00:08:54.296 29692 13083 I Icing   : Indexing done com.android.chrome-omnibox
11-01 00:08:54.354 29486 17541 I FontLog : Pulling font file for id = 1029, cache size = 8 [CONTEXT service_id=132 ]
11-01 00:08:54.464 22934 22956 I cr_LibraryLoader: Successfully loaded native library
11-01 00:08:54.465 22934 22956 I cr_CachingUmaRecorder: Flushed 20 samples from 19 histograms.
11-01 00:08:54.484 29486 29498 I FontLog : Received query Google Sans:500, URI content://com.google.android.gms.fonts [CONTEXT service_id=132 ]
11-01 00:08:54.485 29486 29498 I FontLog : Query [Google Sans:500] resolved to {Google Sans, wdth 100.0, wght 500, ital 0.0, bestEffort false} [CONTEXT service_id=132 ]
11-01 00:08:54.486 29486 29498 I FontLog : Font PFD returned from cache for {Google Sans, wdth 100.0, wght 500, ital 0.0, bestEffort false} [CONTEXT service_id=132 ]
11-01 00:08:54.486 29486 29498 I FontLog : Fetch {Google Sans, wdth 100.0, wght 500, ital 0.0, bestEffort false} end status Status{statusCode=SUCCESS, resolution=null} [CONTEXT service_id=132 ]
11-01 00:08:54.504 29486 29497 I FontLog : Pulling font file for id = 1030, cache size = 6 [CONTEXT service_id=132 ]
11-01 00:08:54.556 22945 22945 D AndroidRuntime: >>>>>> START com.android.internal.os.RuntimeInit uid 2000 <<<<<<
11-01 00:08:54.559 29486 29651 I FontLog : Received query Google Sans:700, URI content://com.google.android.gms.fonts [CONTEXT service_id=132 ]
11-01 00:08:54.559 29486 29651 I FontLog : Query [Google Sans:700] resolved to {Google Sans, wdth 100.0, wght 700, ital 0.0, bestEffort false} [CONTEXT service_id=132 ]
11-01 00:08:54.561 29486 29651 I FontLog : Fetch {Google Sans, wdth 100.0, wght 700, ital 0.0, bestEffort false} end status Status{statusCode=SUCCESS, resolution=null} [CONTEXT service_id=132 ]
11-01 00:08:54.572 29486 29497 I FontLog : Pulling font file for id = 1031, cache size = 5 [CONTEXT service_id=132 ]
11-01 00:08:54.676 22945 22945 D AndroidRuntime: Calling main entry com.android.commands.pm.Pm
11-01 00:08:54.682   772  2970 I ActivityManager: Force stopping com.android.chrome appid=10060 user=0: clear data
11-01 00:08:54.682   772  2970 I ActivityManager: Killing 22934:com.android.chrome/u0a60 (adj 700): stop com.android.chrome
11-01 00:08:54.687   772   788 I ActivityManager: Force stopping com.android.chrome appid=10060 user=-1: clearApplicationUserData
11-01 00:08:54.690   560   560 I keystore: clear_uid 10060
11-01 00:08:54.714  1311  1311 D CarrierSvcBindHelper: No carrier app for: 0
11-01 00:08:54.720 22945 22945 I app_process: System.exit called, status: 0
11-01 00:08:54.720 22945 22945 I AndroidRuntime: VM exiting with result code 0.
11-01 00:08:54.723   772   787 W ResourceType: No known package when getting value for resource number 0x7f0904db
11-01 00:08:54.723   772   787 W ResourceType: No known package when getting value for resource number 0x7f140670
11-01 00:08:54.723   772   787 W ResourceType: No known package when getting value for resource number 0x7f0904da
11-01 00:08:54.723   772   787 W ResourceType: No known package when getting value for resource number 0x7f14018b
11-01 00:08:54.723   772   787 W ResourceType: No known package when getting value for resource number 0x7f14066f
11-01 00:08:54.723   772   787 W ResourceType: No known package when getting value for resource number 0x7f140434
11-01 00:08:54.723   772   787 E ShortcutService: Ignoring excessive intent tag.
11-01 00:08:54.732  2964  2964 D RegisteredNfcFServicesCache: Service unchanged, not updating
11-01 00:08:54.739 29486 22916 I Fitness : FitCleanupIntentOperation received Intent android.intent.action.PACKAGE_DATA_CLEARED [CONTEXT service_id=17 ]
11-01 00:08:54.755 29692 13083 I Icing   : doRemovePackageData com.android.chrome
11-01 00:08:54.756 29692 13083 I Icing   : Removing corpus key com.android.chrome-omnibox for package com.android.chrome
11-01 00:08:54.821 29692 13083 I Icing   : updateResources: need to parse anue{com.android.chrome}
11-01 00:08:54.880 29692 13083 I Icing   : Indexing com.android.chrome-omnibox from com.android.chrome
11-01 00:08:54.892   772   784 I ActivityManager: Start proc 22971:com.android.chrome/u0a60 for content provider com.android.chrome/com.google.android.apps.chrome.icing.IcingProvider
11-01 00:08:54.949 22971 22971 I cr_SplitCompatApp: Launched version=106.0.5249.79 minSdkVersion=24 isBundle=true processName=com.android.chrome isIsolated=false
11-01 00:08:55.024 29486 17541 I FontLog : Received query Google Sans, URI content://com.google.android.gms.fonts [CONTEXT service_id=132 ]
11-01 00:08:55.024 29486 17541 I FontLog : Query [Google Sans] resolved to {Google Sans, wdth 100.0, wght 400, ital 0.0, bestEffort false} [CONTEXT service_id=132 ]
11-01 00:08:55.025 29692 13083 I Icing   : Indexing done com.android.chrome-omnibox
11-01 00:08:55.031 29486 17541 I FontLog : Font PFD returned from cache for {Google Sans, wdth 100.0, wght 400, ital 0.0, bestEffort false} [CONTEXT service_id=132 ]
11-01 00:08:55.031 29486 17541 I FontLog : Fetch {Google Sans, wdth 100.0, wght 400, ital 0.0, bestEffort false} end status Status{statusCode=SUCCESS, resolution=null} [CONTEXT service_id=132 ]
11-01 00:08:55.091 29486 29497 I FontLog : Pulling font file for id = 1032, cache size = 6 [CONTEXT service_id=132 ]
11-01 00:08:55.214 22971 22991 I cr_LibraryLoader: Successfully loaded native library
11-01 00:08:55.215 22971 22991 I cr_CachingUmaRecorder: Flushed 20 samples from 19 histograms.
11-01 00:08:55.228 29486 29651 I FontLog : Received query Google Sans:500, URI content://com.google.android.gms.fonts [CONTEXT service_id=132 ]
11-01 00:08:55.228 29486 29651 I FontLog : Query [Google Sans:500] resolved to {Google Sans, wdth 100.0, wght 500, ital 0.0, bestEffort false} [CONTEXT service_id=132 ]
11-01 00:08:55.229 29486 29651 I FontLog : Font PFD returned from cache for {Google Sans, wdth 100.0, wght 500, ital 0.0, bestEffort false} [CONTEXT service_id=132 ]
11-01 00:08:55.229 29486 29651 I FontLog : Fetch {Google Sans, wdth 100.0, wght 500, ital 0.0, bestEffort false} end status Status{statusCode=SUCCESS, resolution=null} [CONTEXT service_id=132 ]
11-01 00:08:55.251 29486 29650 I FontLog : Pulling font file for id = 1033, cache size = 7 [CONTEXT service_id=132 ]
11-01 00:08:55.323 29486 29651 I FontLog : Received query Google Sans:700, URI content://com.google.android.gms.fonts [CONTEXT service_id=132 ]
11-01 00:08:55.324 29486 29651 I FontLog : Query [Google Sans:700] resolved to {Google Sans, wdth 100.0, wght 700, ital 0.0, bestEffort false} [CONTEXT service_id=132 ]
11-01 00:08:55.325 29486 29651 I FontLog : Fetch {Google Sans, wdth 100.0, wght 700, ital 0.0, bestEffort false} end status Status{statusCode=SUCCESS, resolution=null} [CONTEXT service_id=132 ]
11-01 00:08:55.335 29486 29650 I FontLog : Pulling font file for id = 1034, cache size = 8 [CONTEXT service_id=132 ]
