10-31 00:24:14.129 12030 12040 I zygote  : Background concurrent copying GC freed 39357(2018KB) AllocSpace objects, 1(20KB) LOS objects, 49% free, 5MB/10MB, paused 1.231ms total 128.614ms
10-31 00:24:14.130 12030 12096 I cr_VrCoreVersionChecker: Unable to find VrCore.
10-31 00:24:14.138 12402 12402 I cr_ChildProcessService: Creating new ChildProcessService pid=12402
10-31 00:24:14.144 12030 12030 W ResourceType: Failure getting entry for 0x7f010827 (t=0 e=2087) (error -75)
10-31 00:24:14.151 12402 12402 E WebViewFactory: can't load with relro file; address space not reserved
10-31 00:24:14.161 12402 12440 I cr_LibraryLoader: Successfully loaded native library
10-31 00:24:14.163 12402 12440 I cr_CachingUmaRecorder: Flushed 3 samples from 3 histograms.
10-31 00:24:14.182 12327 12405 I chromium: [INFO:child_process_service.cc(69)] ChildProcessService: Exiting child process.
10-31 00:24:14.184 12319 12400 I chromium: [INFO:child_process_service.cc(69)] ChildProcessService: Exiting child process.
10-31 00:24:14.184   422   422 E lowmemorykiller: Error writing /proc/12327/oom_score_adj; errno=22
10-31 00:24:14.185   772  3854 I ActivityManager: Killing 12327:com.android.chrome:sandboxed_process8/u0a60i490 (adj 0): isolated not needed
10-31 00:24:14.187 12346 12401 I chromium: [INFO:child_process_service.cc(69)] ChildProcessService: Exiting child process.
10-31 00:24:14.192   772   790 W zygote64: failed to open /acct/uid_99490/pid_12327/cgroup.procs: No such file or directory
10-31 00:24:14.200 12402 12440 I chromium: [INFO:child_process_service.cc(69)] ChildProcessService: Exiting child process.
10-31 00:24:14.212   772 10895 I ActivityManager: Start proc 12448:com.android.chrome:sandboxed_process11/u0i493 for webview_service com.android.chrome/org.chromium.content.app.SandboxedProcessService11
10-31 00:24:14.213   772  3041 I ActivityManager: Process com.android.chrome:sandboxed_process9 (pid 12346) has died: vis  TOP 
10-31 00:24:14.213   772  3041 W ActivityManager: Scheduling restart of crashed service com.android.chrome/org.chromium.content.app.SandboxedProcessService9 in 1000ms
10-31 00:24:14.214   772   790 W zygote64: failed to open /acct/uid_99491/pid_12346/cgroup.procs: No such file or directory
10-31 00:24:14.214 12448 12448 E /system/bin/webview_zygote32: failed to make and chown /acct/uid_99493: Permission denied
10-31 00:24:14.214 12448 12448 E Zygote  : createProcessGroup(99493, 0) failed: Permission denied
10-31 00:24:14.224   772  2970 I ActivityManager: Process com.android.chrome:sandboxed_process7 (pid 12319) has died: vis  TOP 
10-31 00:24:14.225   772  2970 W ActivityManager: Scheduling restart of crashed service com.android.chrome/org.chromium.content.app.SandboxedProcessService7 in 10988ms
10-31 00:24:14.228   772   790 W zygote64: failed to open /acct/uid_99489/pid_12319/cgroup.procs: No such file or directory
10-31 00:24:14.232 12030 12030 W chromium: [WARNING:compositor_view.cc(342)] Child process died (type=6) pid=12346)
10-31 00:24:14.233 12030 12030 W chromium: [WARNING:compositor_view.cc(342)] Child process died (type=6) pid=12319)
10-31 00:24:14.234 12030 12030 W chromium: [WARNING:compositor_view.cc(342)] Child process died (type=6) pid=12327)
10-31 00:24:14.235 12030 12030 W chromium: [WARNING:compositor_view.cc(342)] Child process died (type=6) pid=12402)
10-31 00:24:14.240 12030 12030 I Choreographer: Skipped 58 frames!  The application may be doing too much work on its main thread.
10-31 00:24:14.241 12448 12448 I SamplingProfilerIntegration: Profiling disabled.
10-31 00:24:14.251   772 20193 I ActivityManager: Process com.android.chrome:sandboxed_process10 (pid 12402) has died: vis  TOP 
10-31 00:24:14.251   772   790 W zygote64: failed to open /acct/uid_99492/pid_12402/cgroup.procs: No such file or directory
10-31 00:24:14.251   772 20193 W ActivityManager: Scheduling restart of crashed service com.android.chrome/org.chromium.content.app.SandboxedProcessService10 in 20962ms
10-31 00:24:14.301 12465 12465 E asset   : setgid: Operation not permitted
10-31 00:24:14.306 12030 12030 W StaticLayout: maxLineHeight should not be -1.  maxLines:1 lineCount:1
10-31 00:24:14.330 12448 12448 I cr_SplitCompatApp: Launched version=106.0.5249.79 minSdkVersion=24 isBundle=true processName=com.android.chrome:sandboxed_process11 isIsolated=true
10-31 00:24:14.336 12448 12448 W SystemServiceRegistry: No service published for: uimode
10-31 00:24:14.342 12448 12448 I cr_ChildProcessService: Creating new ChildProcessService pid=12448
10-31 00:24:14.347 12448 12448 E WebViewFactory: can't load with relro file; address space not reserved
10-31 00:24:14.358 12448 12468 I cr_LibraryLoader: Successfully loaded native library
10-31 00:24:14.359 12448 12468 I cr_CachingUmaRecorder: Flushed 3 samples from 3 histograms.
10-31 00:24:14.389   772   797 I ActivityManager: Displayed com.android.chrome/com.google.android.apps.chrome.Main: +1s316ms
10-31 00:24:14.403 12480 12480 E /system/bin/webview_zygote32: failed to make and chown /acct/uid_99494: Permission denied
10-31 00:24:14.403 12480 12480 E Zygote  : createProcessGroup(99494, 0) failed: Permission denied
10-31 00:24:14.409   772  4540 I ActivityManager: Start proc 12480:com.android.chrome:sandboxed_process12/u0i494 for webview_service com.android.chrome/org.chromium.content.app.SandboxedProcessService12
10-31 00:24:14.420 12448 12468 I chromium: [INFO:child_process_service.cc(69)] ChildProcessService: Exiting child process.
10-31 00:24:14.429 12491 12491 E /system/bin/webview_zygote32: failed to make and chown /acct/uid_99495: Permission denied
10-31 00:24:14.429 12491 12491 E Zygote  : createProcessGroup(99495, 0) failed: Permission denied
10-31 00:24:14.433   772  4539 I ActivityManager: Start proc 12491:com.android.chrome:sandboxed_process13/u0i495 for webview_service com.android.chrome/org.chromium.content.app.SandboxedProcessService13
10-31 00:24:14.435 12480 12480 I SamplingProfilerIntegration: Profiling disabled.
10-31 00:24:14.448   772 13071 I ActivityManager: Start proc 12506:com.android.chrome:sandboxed_process14/u0i496 for webview_service com.android.chrome/org.chromium.content.app.SandboxedProcessService14
10-31 00:24:14.455   772 13021 I ActivityManager: Process com.android.chrome:sandboxed_process11 (pid 12448) has died: vis  TOP 
10-31 00:24:14.456   772 13021 W ActivityManager: Scheduling restart of crashed service com.android.chrome/org.chromium.content.app.SandboxedProcessService11 in 1000ms
10-31 00:24:14.456   772   790 W zygote64: failed to open /acct/uid_99493/pid_12448/cgroup.procs: No such file or directory
10-31 00:24:14.457 12030 12030 W chromium: [WARNING:compositor_view.cc(342)] Child process died (type=6) pid=12448)
10-31 00:24:14.462 12506 12506 E /system/bin/webview_zygote32: failed to make and chown /acct/uid_99496: Permission denied
10-31 00:24:14.462 12506 12506 E Zygote  : createProcessGroup(99496, 0) failed: Permission denied
10-31 00:24:14.463 12491 12491 I SamplingProfilerIntegration: Profiling disabled.
10-31 00:24:14.474 12520 12520 E asset   : setgid: Operation not permitted
10-31 00:24:14.488 12506 12506 I SamplingProfilerIntegration: Profiling disabled.
10-31 00:24:14.492   772 10860 I ActivityManager: Start proc 12525:com.android.chrome:sandboxed_process15/u0i497 for webview_service com.android.chrome/org.chromium.content.app.SandboxedProcessService15
10-31 00:24:14.501 12525 12525 E /system/bin/webview_zygote32: failed to make and chown /acct/uid_99497: Permission denied
10-31 00:24:14.501 12525 12525 E Zygote  : createProcessGroup(99497, 0) failed: Permission denied
10-31 00:24:14.523 12537 12537 E asset   : setgid: Operation not permitted
10-31 00:24:14.528 12480 12480 I cr_SplitCompatApp: Launched version=106.0.5249.79 minSdkVersion=24 isBundle=true processName=com.android.chrome:sandboxed_process12 isIsolated=true
10-31 00:24:14.529 12539 12539 E /system/bin/webview_zygote32: failed to make and chown /acct/uid_99498: Permission denied
10-31 00:24:14.529 12539 12539 E Zygote  : createProcessGroup(99498, 0) failed: Permission denied
10-31 00:24:14.530   772  3041 I ActivityManager: Start proc 12539:com.android.chrome:sandboxed_process16/u0i498 for webview_service com.android.chrome/org.chromium.content.app.SandboxedProcessService16
10-31 00:24:14.535 12525 12525 I SamplingProfilerIntegration: Profiling disabled.
10-31 00:24:14.536 12480 12480 W SystemServiceRegistry: No service published for: uimode
10-31 00:24:14.545 12480 12480 I cr_ChildProcessService: Creating new ChildProcessService pid=12480
10-31 00:24:14.559 12539 12539 I SamplingProfilerIntegration: Profiling disabled.
10-31 00:24:14.565 11801 11801 E WorkerRegistryImpl: getWorker() is called after WorkerRegistry disposal.
10-31 00:24:14.566 11801 11801 E WorkerRegistryImpl: getWorker() is called after WorkerRegistry disposal.
10-31 00:24:14.567 12491 12491 I cr_SplitCompatApp: Launched version=106.0.5249.79 minSdkVersion=24 isBundle=true processName=com.android.chrome:sandboxed_process13 isIsolated=true
10-31 00:24:14.573 12480 12480 E WebViewFactory: can't load with relro file; address space not reserved
10-31 00:24:14.580 12491 12491 W SystemServiceRegistry: No service published for: uimode
10-31 00:24:14.580 11801 11801 I MemoryTrimmer: Trimming objects from memory, since app is in the background.
10-31 00:24:14.586 12480 12546 I cr_LibraryLoader: Successfully loaded native library
10-31 00:24:14.588 12480 12546 I cr_CachingUmaRecorder: Flushed 3 samples from 3 histograms.
10-31 00:24:14.590 12491 12491 I cr_ChildProcessService: Creating new ChildProcessService pid=12491
10-31 00:24:14.601 12491 12491 E WebViewFactory: can't load with relro file; address space not reserved
10-31 00:24:14.602 12555 12555 E asset   : setgid: Operation not permitted
10-31 00:24:14.611 12030 12088 W cr_CrashFileManager: /data/user/0/com.android.chrome/cache/Crash Reports does not exist or is not a directory
10-31 00:24:14.611 12030 12088 I chatty  : uid=10060(u0_a60) identical 1 line
10-31 00:24:14.611 12030 12088 W cr_CrashFileManager: /data/user/0/com.android.chrome/cache/Crash Reports does not exist or is not a directory
10-31 00:24:14.613 12491 12556 I cr_LibraryLoader: Successfully loaded native library
10-31 00:24:14.614 12491 12556 I cr_CachingUmaRecorder: Flushed 3 samples from 3 histograms.
10-31 00:24:14.621 11801 11814 W DynamiteModule: Local module descriptor class for com.google.android.gms.googlecertificates not found.
10-31 00:24:14.631 12571 12571 E asset   : setgid: Operation not permitted
10-31 00:24:14.647 12030 12069 I cr_BindingManager: Moderate binding enabled: maxSize=40
10-31 00:24:14.654 12577 12577 E asset   : setgid: Operation not permitted
10-31 00:24:14.664 12480 12546 I chromium: [INFO:child_process_service.cc(69)] ChildProcessService: Exiting child process.
10-31 00:24:14.665 12525 12525 I cr_SplitCompatApp: Launched version=106.0.5249.79 minSdkVersion=24 isBundle=true processName=com.android.chrome:sandboxed_process15 isIsolated=true
10-31 00:24:14.667   422   422 E lowmemorykiller: Error writing /proc/12480/oom_score_adj; errno=22
10-31 00:24:14.669   772   996 I ActivityManager: Killing 12480:com.android.chrome:sandboxed_process12/u0a60i494 (adj 0): isolated not needed
10-31 00:24:14.670   772   790 W zygote64: failed to open /acct/uid_99494/pid_12480/cgroup.procs: No such file or directory
10-31 00:24:14.674 12525 12525 W SystemServiceRegistry: No service published for: uimode
10-31 00:24:14.676   772 10895 I ActivityManager: START u0 {act=android.intent.action.VIEW dat=http://192.168.178.178:5500/... flg=0x10000000 cmp=com.android.chrome/com.google.android.apps.chrome.Main} from uid 2000
10-31 00:24:14.685 12491 12556 I chromium: [INFO:child_process_service.cc(69)] ChildProcessService: Exiting child process.
10-31 00:24:14.688 12525 12525 I cr_ChildProcessService: Creating new ChildProcessService pid=12525
10-31 00:24:14.691 12030 12030 W chromium: [WARNING:compositor_view.cc(342)] Child process died (type=6) pid=12480)
10-31 00:24:14.692   422   422 E lowmemorykiller: Error writing /proc/12491/oom_score_adj; errno=22
10-31 00:24:14.694   772  3041 I ActivityManager: Killing 12491:com.android.chrome:sandboxed_process13/u0a60i495 (adj 0): isolated not needed
10-31 00:24:14.695   772   790 W zygote64: failed to open /acct/uid_99495/pid_12491/cgroup.procs: No such file or directory
10-31 00:24:14.696 12539 12539 I cr_SplitCompatApp: Launched version=106.0.5249.79 minSdkVersion=24 isBundle=true processName=com.android.chrome:sandboxed_process16 isIsolated=true
10-31 00:24:14.701 12539 12539 W SystemServiceRegistry: No service published for: uimode
10-31 00:24:14.707 12525 12525 E WebViewFactory: can't load with relro file; address space not reserved
10-31 00:24:14.710 12539 12539 I cr_ChildProcessService: Creating new ChildProcessService pid=12539
10-31 00:24:14.719 12539 12539 E WebViewFactory: can't load with relro file; address space not reserved
10-31 00:24:14.730 12506 12506 I cr_SplitCompatApp: Launched version=106.0.5249.79 minSdkVersion=24 isBundle=true processName=com.android.chrome:sandboxed_process14 isIsolated=true
10-31 00:24:14.739 12506 12506 W SystemServiceRegistry: No service published for: uimode
10-31 00:24:14.742 12525 12580 I cr_LibraryLoader: Successfully loaded native library
10-31 00:24:14.742 12525 12580 I cr_CachingUmaRecorder: Flushed 3 samples from 3 histograms.
10-31 00:24:14.745 12539 12582 I cr_LibraryLoader: Successfully loaded native library
10-31 00:24:14.746 12539 12582 I cr_CachingUmaRecorder: Flushed 3 samples from 3 histograms.
10-31 00:24:14.754 12506 12506 I cr_ChildProcessService: Creating new ChildProcessService pid=12506
10-31 00:24:14.766 12506 12506 E WebViewFactory: can't load with relro file; address space not reserved
10-31 00:24:14.770 12030 12030 E cr_IntentUtils: getInt failed on bundle null
10-31 00:24:14.773 12030 12030 E ResourceType: Style contains key with bad entry: 0x0101062c
10-31 00:24:14.785 12506 12588 I cr_LibraryLoader: Successfully loaded native library
10-31 00:24:14.786 12506 12588 I cr_CachingUmaRecorder: Flushed 3 samples from 3 histograms.
10-31 00:24:14.802   772  3041 I ActivityManager: Start proc 12602:com.android.chrome:sandboxed_process17/u0i499 for webview_service com.android.chrome/org.chromium.content.app.SandboxedProcessService17
10-31 00:24:14.810 12030 12030 I cr_tabmodel: Appending tabs being restored to metadata lists, 0, startingNormalCount: 2, startingIncognitoCount: 0
10-31 00:24:14.810 12030 12030 I cr_tabmodel: Serializing tab lists; counts: 2, 0
10-31 00:24:14.822 12602 12602 E /system/bin/webview_zygote32: failed to make and chown /acct/uid_99499: Permission denied
10-31 00:24:14.822 12602 12602 E Zygote  : createProcessGroup(99499, 0) failed: Permission denied
10-31 00:24:14.842 12602 12602 I SamplingProfilerIntegration: Profiling disabled.
10-31 00:24:14.853 12030 12030 I cr_OfflineDetector: Running updateState mConnectivityDetectorInitialized: true, mTimeWhenLastForegrounded: 1048309020, getElapsedTime: 1048309020, mTimeWhenLastOfflineNotificationReceived: 0, mTimeWhenLastOnline: 1048307990, mApplicationState: 1, mIsOfflineLastReportedByConnectivityDetector: false, mIsEffectivelyOffline: false
10-31 00:24:14.853 12030 12030 I cr_OfflineDetector: updateState(): timeSinceLastForeground: 0, timeSinceOfflineNotificationReceived: 1048309020, timeSinceLastOnline: 1030, timeNeededForForeground: 2000, timeNeededForOffline: -1048307020
10-31 00:24:14.861 12624 12624 E asset   : setgid: Operation not permitted
10-31 00:24:14.909 12030 12030 W chromium: [WARNING:compositor_view.cc(342)] Child process died (type=6) pid=12491)
10-31 00:24:14.914 12602 12602 I cr_SplitCompatApp: Launched version=106.0.5249.79 minSdkVersion=24 isBundle=true processName=com.android.chrome:sandboxed_process17 isIsolated=true
10-31 00:24:14.928 12539 12582 I chromium: [INFO:child_process_service.cc(69)] ChildProcessService: Exiting child process.
10-31 00:24:14.929 12602 12602 W SystemServiceRegistry: No service published for: uimode
10-31 00:24:14.929 12525 12580 I chromium: [INFO:child_process_service.cc(69)] ChildProcessService: Exiting child process.
10-31 00:24:14.930 12506 12588 I chromium: [INFO:child_process_service.cc(69)] ChildProcessService: Exiting child process.
10-31 00:24:14.932   422   422 E lowmemorykiller: Error writing /proc/12539/oom_score_adj; errno=22
10-31 00:24:14.933   772 10893 I ActivityManager: Killing 12539:com.android.chrome:sandboxed_process16/u0a60i498 (adj 0): isolated not needed
10-31 00:24:14.934   772   790 W zygote64: failed to open /acct/uid_99498/pid_12539/cgroup.procs: No such file or directory
10-31 00:24:14.937   422   422 E lowmemorykiller: Error writing /proc/12525/oom_score_adj; errno=22
10-31 00:24:14.938   772   996 I ActivityManager: Killing 12525:com.android.chrome:sandboxed_process15/u0a60i497 (adj 0): isolated not needed
10-31 00:24:14.938   772   790 W zygote64: failed to open /acct/uid_99497/pid_12525/cgroup.procs: No such file or directory
10-31 00:24:14.941   422   422 E lowmemorykiller: Error writing /proc/12506/oom_score_adj; errno=22
10-31 00:24:14.942   772 32228 I ActivityManager: Killing 12506:com.android.chrome:sandboxed_process14/u0a60i496 (adj 0): isolated not needed
10-31 00:24:14.950   772   790 W zygote64: failed to open /acct/uid_99496/pid_12506/cgroup.procs: No such file or directory
10-31 00:24:14.959 12627 12627 E /system/bin/webview_zygote32: failed to make and chown /acct/uid_99500: Permission denied
10-31 00:24:14.959 12627 12627 E Zygote  : createProcessGroup(99500, 0) failed: Permission denied
10-31 00:24:14.962   772   781 I zygote64: Background concurrent copying GC freed 45724(2MB) AllocSpace objects, 74(1704KB) LOS objects, 42% free, 16MB/29MB, paused 227us total 158.078ms
10-31 00:24:14.963   772  3854 I ActivityManager: Start proc 12627:com.android.chrome:sandboxed_process18/u0i500 for webview_service com.android.chrome/org.chromium.content.app.SandboxedProcessService18
10-31 00:24:14.964 12602 12602 I cr_ChildProcessService: Creating new ChildProcessService pid=12602
10-31 00:24:14.981 12030 12030 W chromium: [WARNING:compositor_view.cc(342)] Child process died (type=6) pid=12525)
10-31 00:24:14.983 12030 12030 W chromium: [WARNING:compositor_view.cc(342)] Child process died (type=6) pid=12506)
10-31 00:24:14.994   772  3037 I ActivityManager: Start proc 12640:com.android.chrome:sandboxed_process19/u0i501 for webview_service com.android.chrome/org.chromium.content.app.SandboxedProcessService19
10-31 00:24:15.001 12627 12627 I SamplingProfilerIntegration: Profiling disabled.
10-31 00:24:15.006 12602 12602 E WebViewFactory: can't load with relro file; address space not reserved
10-31 00:24:15.007 12030 12030 W ResourceType: Failure getting entry for 0x7f010216 (t=0 e=534) (error -75)
10-31 00:24:15.012 12640 12640 E /system/bin/webview_zygote32: failed to make and chown /acct/uid_99501: Permission denied
10-31 00:24:15.012 12640 12640 E Zygote  : createProcessGroup(99501, 0) failed: Permission denied
10-31 00:24:15.013 12030 12030 W ResourceType: Failure getting entry for 0x7f0107c9 (t=0 e=1993) (error -75)
10-31 00:24:15.017 12647 12647 E /system/bin/webview_zygote32: failed to make and chown /acct/uid_99502: Permission denied
10-31 00:24:15.017 12647 12647 E Zygote  : createProcessGroup(99502, 0) failed: Permission denied
10-31 00:24:15.020   772   785 I ActivityManager: Start proc 12647:com.android.chrome:sandboxed_process20/u0i502 for webview_service com.android.chrome/org.chromium.content.app.SandboxedProcessService20
10-31 00:24:15.029 11801 11814 I DynamiteModule: Considering local module com.google.android.gms.googlecertificates:0 and remote module com.google.android.gms.googlecertificates:7
10-31 00:24:15.029 11801 11814 I DynamiteModule: Selected remote version of com.google.android.gms.googlecertificates, version >= 7
10-31 00:24:15.054 12662 12662 E asset   : setgid: Operation not permitted
10-31 00:24:15.056 12647 12647 I SamplingProfilerIntegration: Profiling disabled.
10-31 00:24:15.056 12602 12634 I cr_LibraryLoader: Successfully loaded native library
10-31 00:24:15.057 12602 12634 I cr_CachingUmaRecorder: Flushed 3 samples from 3 histograms.
10-31 00:24:15.073 12640 12640 I SamplingProfilerIntegration: Profiling disabled.
10-31 00:24:15.085 12030 12030 W chromium: [WARNING:compositor_view.cc(342)] Child process died (type=6) pid=12539)
10-31 00:24:15.109 12627 12627 I cr_SplitCompatApp: Launched version=106.0.5249.79 minSdkVersion=24 isBundle=true processName=com.android.chrome:sandboxed_process18 isIsolated=true
10-31 00:24:15.117 12672 12672 E asset   : setgid: Operation not permitted
10-31 00:24:15.120 12671 12671 E asset   : setgid: Operation not permitted
10-31 00:24:15.121 12627 12627 W SystemServiceRegistry: No service published for: uimode
10-31 00:24:15.168 12647 12647 I cr_SplitCompatApp: Launched version=106.0.5249.79 minSdkVersion=24 isBundle=true processName=com.android.chrome:sandboxed_process20 isIsolated=true
10-31 00:24:15.179 12647 12647 W SystemServiceRegistry: No service published for: uimode
10-31 00:24:15.186 12627 12627 I cr_ChildProcessService: Creating new ChildProcessService pid=12627
10-31 00:24:15.194 12627 12627 E WebViewFactory: can't load with relro file; address space not reserved
10-31 00:24:15.194 12640 12640 I cr_SplitCompatApp: Launched version=106.0.5249.79 minSdkVersion=24 isBundle=true processName=com.android.chrome:sandboxed_process19 isIsolated=true
10-31 00:24:15.204 12647 12647 I cr_ChildProcessService: Creating new ChildProcessService pid=12647
10-31 00:24:15.219 12627 12683 I cr_LibraryLoader: Successfully loaded native library
10-31 00:24:15.222 12627 12683 I cr_CachingUmaRecorder: Flushed 3 samples from 3 histograms.
10-31 00:24:15.223 12640 12640 W SystemServiceRegistry: No service published for: uimode
10-31 00:24:15.226 12647 12647 E WebViewFactory: can't load with relro file; address space not reserved
10-31 00:24:15.243 12640 12640 I cr_ChildProcessService: Creating new ChildProcessService pid=12640
10-31 00:24:15.258 12647 12685 I cr_LibraryLoader: Successfully loaded native library
10-31 00:24:15.259 12647 12685 I cr_CachingUmaRecorder: Flushed 3 samples from 3 histograms.
10-31 00:24:15.269   772  4539 I ActivityManager: Start proc 12698:com.android.chrome:sandboxed_process21/u0i503 for webview_service com.android.chrome/org.chromium.content.app.SandboxedProcessService21
10-31 00:24:15.283 12698 12698 E /system/bin/webview_zygote32: failed to make and chown /acct/uid_99503: Permission denied
10-31 00:24:15.283 12698 12698 E Zygote  : createProcessGroup(99503, 0) failed: Permission denied
10-31 00:24:15.285 12640 12640 E WebViewFactory: can't load with relro file; address space not reserved
10-31 00:24:15.286 11801 11814 W zygote64: Skipping duplicate class check due to unrecognized classloader
10-31 00:24:15.292 12640 12696 I cr_LibraryLoader: Successfully loaded native library
10-31 00:24:15.295 12640 12696 I cr_CachingUmaRecorder: Flushed 3 samples from 3 histograms.
10-31 00:24:15.315 12627 12683 I chromium: [INFO:child_process_service.cc(69)] ChildProcessService: Exiting child process.
10-31 00:24:15.316 11801 11814 D GoogleCertificates: com.google.android.gms.googlecertificates module is loaded
10-31 00:24:15.317   422   422 E lowmemorykiller: Error writing /proc/12627/oom_score_adj; errno=22
10-31 00:24:15.318   772 10893 I ActivityManager: Killing 12627:com.android.chrome:sandboxed_process18/u0a60i500 (adj 0): isolated not needed
10-31 00:24:15.318 12698 12698 I SamplingProfilerIntegration: Profiling disabled.
10-31 00:24:15.319   772   790 W zygote64: failed to open /acct/uid_99500/pid_12627/cgroup.procs: No such file or directory
10-31 00:24:15.333 12647 12685 I chromium: [INFO:child_process_service.cc(69)] ChildProcessService: Exiting child process.
10-31 00:24:15.333 12640 12696 I chromium: [INFO:child_process_service.cc(69)] ChildProcessService: Exiting child process.
10-31 00:24:15.335   422   422 E lowmemorykiller: Error writing /proc/12647/oom_score_adj; errno=22
10-31 00:24:15.336   772 13021 I ActivityManager: Killing 12647:com.android.chrome:sandboxed_process20/u0a60i502 (adj 0): isolated not needed
10-31 00:24:15.336   772   790 W zygote64: failed to open /acct/uid_99502/pid_12647/cgroup.procs: No such file or directory
10-31 00:24:15.342   422   422 E lowmemorykiller: Error writing /proc/12640/oom_score_adj; errno=22
10-31 00:24:15.342   772  3041 I ActivityManager: Killing 12640:com.android.chrome:sandboxed_process19/u0a60i501 (adj 0): isolated not needed
10-31 00:24:15.343   772   790 W zygote64: failed to open /acct/uid_99501/pid_12640/cgroup.procs: No such file or directory
10-31 00:24:15.344 12728 12728 E asset   : setgid: Operation not permitted
10-31 00:24:15.397 12030 12030 W chromium: [WARNING:compositor_view.cc(342)] Child process died (type=6) pid=12640)
10-31 00:24:15.400 12698 12698 I cr_SplitCompatApp: Launched version=106.0.5249.79 minSdkVersion=24 isBundle=true processName=com.android.chrome:sandboxed_process21 isIsolated=true
10-31 00:24:15.405 12698 12698 W SystemServiceRegistry: No service published for: uimode
10-31 00:24:15.411 12030 12030 W chromium: [WARNING:compositor_view.cc(342)] Child process died (type=6) pid=12647)
10-31 00:24:15.412 12030 12030 W chromium: [WARNING:compositor_view.cc(342)] Child process died (type=6) pid=12627)
10-31 00:24:15.412   772  2970 W AppOps  : Bad call: specified package com.google.android.gms under uid 10045 but it is really 10020
10-31 00:24:15.412   772  2970 W AppOps  : java.lang.RuntimeException: here
10-31 00:24:15.412   772  2970 W AppOps  : 	at com.android.server.AppOpsService.getOpsRawLocked(AppOpsService.java:1319)
10-31 00:24:15.412   772  2970 W AppOps  : 	at com.android.server.AppOpsService.checkPackage(AppOpsService.java:1038)
10-31 00:24:15.412   772  2970 W AppOps  : 	at com.android.internal.app.IAppOpsService$Stub.onTransact(IAppOpsService.java:169)
10-31 00:24:15.412   772  2970 W AppOps  : 	at android.os.Binder.execTransact(Binder.java:674)
10-31 00:24:15.418   772  4540 W AppOps  : Bad call: specified package com.google.android.gms under uid 10045 but it is really 10020
10-31 00:24:15.418   772  4540 W AppOps  : java.lang.RuntimeException: here
10-31 00:24:15.418   772  4540 W AppOps  : 	at com.android.server.AppOpsService.getOpsRawLocked(AppOpsService.java:1319)
10-31 00:24:15.418   772  4540 W AppOps  : 	at com.android.server.AppOpsService.checkPackage(AppOpsService.java:1038)
10-31 00:24:15.418   772  4540 W AppOps  : 	at com.android.internal.app.IAppOpsService$Stub.onTransact(IAppOpsService.java:169)
10-31 00:24:15.418   772  4540 W AppOps  : 	at android.os.Binder.execTransact(Binder.java:674)
10-31 00:24:15.431 11801 11801 I MemoryTrimmer: Trimming objects from memory, since app is in the background.
10-31 00:24:15.436 12698 12698 I cr_ChildProcessService: Creating new ChildProcessService pid=12698
10-31 00:24:15.449 12698 12698 E WebViewFactory: can't load with relro file; address space not reserved
10-31 00:24:15.473 12698 12733 I cr_LibraryLoader: Successfully loaded native library
10-31 00:24:15.474 12698 12733 I cr_CachingUmaRecorder: Flushed 3 samples from 3 histograms.
10-31 00:24:15.549 12698 12733 I chromium: [INFO:child_process_service.cc(69)] ChildProcessService: Exiting child process.
10-31 00:24:15.550   422   422 E lowmemorykiller: Error writing /proc/12698/oom_score_adj; errno=22
10-31 00:24:15.550   772   996 I ActivityManager: Killing 12698:com.android.chrome:sandboxed_process21/u0a60i503 (adj 0): isolated not needed
10-31 00:24:15.552   772   790 W zygote64: failed to open /acct/uid_99503/pid_12698/cgroup.procs: No such file or directory
10-31 00:24:15.617 12030 12030 W chromium: [WARNING:compositor_view.cc(342)] Child process died (type=6) pid=12698)
10-31 00:24:15.711 12100 12113 I vndksupport: sphal namespace is not configured for this process. Loading libutils.so from the current namespace instead.
10-31 00:24:15.711 12030 12042 I vndksupport: sphal namespace is not configured for this process. Loading libutils.so from the current namespace instead.
10-31 00:24:15.712 12602 12622 I vndksupport: sphal namespace is not configured for this process. Loading libutils.so from the current namespace instead.
10-31 00:24:15.713 12071 12083 I vndksupport: sphal namespace is not configured for this process. Loading libutils.so from the current namespace instead.
10-31 00:24:15.720   556   556 E Parcel  : Reading a NULL string not supported here.
10-31 00:24:15.720   556   556 W Parcel  : **** enforceInterface() expected 'IAAudioService' but read ''
10-31 00:24:15.721   360   360 E SELinux : avc:  denied  { find } for service=android.service.gatekeeper.IGateKeeperService pid=12732 uid=2000 scontext=u:r:shell:s0 tcontext=u:object_r:gatekeeper_service:s0 tclass=service_manager
10-31 00:24:15.722   360   360 E SELinux : avc:  denied  { find } for service=netd pid=12732 uid=2000 scontext=u:r:shell:s0 tcontext=u:object_r:netd_service:s0 tclass=service_manager
10-31 00:24:15.723 12732 12732 W atrace  : type=1400 audit(0.0:12286): avc: denied { call } for scontext=u:r:shell:s0 tcontext=u:r:wificond:s0 tclass=binder permissive=0
10-31 00:24:15.728   360   360 E SELinux : avc:  denied  { find } for service=installd pid=12732 uid=2000 scontext=u:r:shell:s0 tcontext=u:object_r:installd_service:s0 tclass=service_manager
10-31 00:24:15.735   361   361 E SELinux : avc:  denied  { find } for interface=android.frameworks.displayservice::IDisplayService pid=12732 scontext=u:r:shell:s0 tcontext=u:object_r:fwk_display_hwservice:s0 tclass=hwservice_manager
10-31 00:24:15.737   361   361 E SELinux : avc:  denied  { find } for interface=android.frameworks.schedulerservice::ISchedulingPolicyService pid=12732 scontext=u:r:shell:s0 tcontext=u:object_r:fwk_scheduler_hwservice:s0 tclass=hwservice_manager
10-31 00:24:15.739   361   361 E SELinux : avc:  denied  { find } for interface=android.frameworks.sensorservice::ISensorManager pid=12732 scontext=u:r:shell:s0 tcontext=u:object_r:fwk_sensor_hwservice:s0 tclass=hwservice_manager
10-31 00:24:15.743   361   361 E SELinux : avc:  denied  { find } for interface=android.hardware.biometrics.fingerprint::IBiometricsFingerprint pid=12732 scontext=u:r:shell:s0 tcontext=u:object_r:hal_fingerprint_hwservice:s0 tclass=hwservice_manager
10-31 00:24:15.744   361   361 E SELinux : avc:  denied  { find } for interface=android.hardware.dumpstate::IDumpstateDevice pid=12732 scontext=u:r:shell:s0 tcontext=u:object_r:hal_dumpstate_hwservice:s0 tclass=hwservice_manager
10-31 00:24:15.746   361   361 E SELinux : avc:  denied  { find } for interface=android.hardware.radio.deprecated::IOemHook pid=12732 scontext=u:r:shell:s0 tcontext=u:object_r:hal_telephony_hwservice:s0 tclass=hwservice_manager
10-31 00:24:15.746   361   361 E SELinux : avc:  denied  { find } for interface=android.hardware.radio::IRadio pid=12732 scontext=u:r:shell:s0 tcontext=u:object_r:hal_telephony_hwservice:s0 tclass=hwservice_manager
10-31 00:24:15.747   361   361 E SELinux : avc:  denied  { find } for interface=android.hardware.radio::ISap pid=12732 scontext=u:r:shell:s0 tcontext=u:object_r:hal_telephony_hwservice:s0 tclass=hwservice_manager
10-31 00:24:15.747   361   361 E SELinux : avc:  denied  { find } for interface=android.hardware.usb::IUsb pid=12732 scontext=u:r:shell:s0 tcontext=u:object_r:hal_usb_hwservice:s0 tclass=hwservice_manager
10-31 00:24:15.748   361   361 E SELinux : avc:  denied  { find } for interface=android.hardware.wifi.supplicant::ISupplicant pid=12732 scontext=u:r:shell:s0 tcontext=u:object_r:hal_wifi_supplicant_hwservice:s0 tclass=hwservice_manager
10-31 00:24:15.749   361   361 E SELinux : avc:  denied  { find } for interface=android.hardware.wifi::IWifi pid=12732 scontext=u:r:shell:s0 tcontext=u:object_r:hal_wifi_hwservice:s0 tclass=hwservice_manager
10-31 00:24:15.750   361   361 E SELinux : avc:  denied  { find } for interface=android.hidl.base::IBase pid=12732 scontext=u:r:shell:s0 tcontext=u:object_r:hidl_base_hwservice:s0 tclass=hwservice_manager
10-31 00:24:15.750   361   361 I chatty  : uid=1000(system) hwservicemanage identical 1 line
10-31 00:24:15.750   361   361 E SELinux : avc:  denied  { find } for interface=android.hidl.base::IBase pid=12732 scontext=u:r:shell:s0 tcontext=u:object_r:hidl_base_hwservice:s0 tclass=hwservice_manager
10-31 00:24:15.751   361   361 E SELinux : avc:  denied  { find } for interface=android.system.wifi.keystore::IKeystore pid=12732 scontext=u:r:shell:s0 tcontext=u:object_r:system_wifi_keystore_hwservice:s0 tclass=hwservice_manager
10-31 00:24:17.005 12030 12030 W chromium: [WARNING:controller_impl.cc(1190)] Background download complete, client: 6, completion type: 0, file size:265060
10-31 00:24:17.018 12030 12030 W chromium: [WARNING:controller_impl.cc(1190)] Background download complete, client: 6, completion type: 0, file size:16643
10-31 00:24:17.040 12744 12744 E /system/bin/webview_zygote32: failed to make and chown /acct/uid_99504: Permission denied
10-31 00:24:17.040 12744 12744 E Zygote  : createProcessGroup(99504, 0) failed: Permission denied
10-31 00:24:17.042   772   996 I ActivityManager: Start proc 12744:com.android.chrome:sandboxed_process22/u0i504 for webview_service com.android.chrome/org.chromium.content.app.SandboxedProcessService22
10-31 00:24:17.061   772  3854 I ActivityManager: Start proc 12755:com.android.chrome:sandboxed_process23/u0i505 for webview_service com.android.chrome/org.chromium.content.app.SandboxedProcessService23
10-31 00:24:17.064 12755 12755 E /system/bin/webview_zygote32: failed to make and chown /acct/uid_99505: Permission denied
10-31 00:24:17.064 12755 12755 E Zygote  : createProcessGroup(99505, 0) failed: Permission denied
10-31 00:24:17.068 12744 12744 I SamplingProfilerIntegration: Profiling disabled.
10-31 00:24:17.092 12768 12768 E asset   : setgid: Operation not permitted
10-31 00:24:17.098 12755 12755 I SamplingProfilerIntegration: Profiling disabled.
10-31 00:24:17.105 12030 12030 W chromium: [WARNING:controller_impl.cc(1190)] Background download complete, client: 6, completion type: 0, file size:18160
10-31 00:24:17.126 12771 12771 E asset   : setgid: Operation not permitted
10-31 00:24:17.128 12030 12030 W chromium: [WARNING:controller_impl.cc(1190)] Background download complete, client: 6, completion type: 0, file size:15859
10-31 00:24:17.138 12772 12772 E /system/bin/webview_zygote32: failed to make and chown /acct/uid_99506: Permission denied
10-31 00:24:17.138 12772 12772 E Zygote  : createProcessGroup(99506, 0) failed: Permission denied
10-31 00:24:17.147   772  2969 I ActivityManager: Start proc 12772:com.android.chrome:sandboxed_process24/u0i506 for webview_service com.android.chrome/org.chromium.content.app.SandboxedProcessService24
10-31 00:24:17.152 12744 12744 I cr_SplitCompatApp: Launched version=106.0.5249.79 minSdkVersion=24 isBundle=true processName=com.android.chrome:sandboxed_process22 isIsolated=true
10-31 00:24:17.157 12772 12772 I SamplingProfilerIntegration: Profiling disabled.
10-31 00:24:17.159 12744 12744 W SystemServiceRegistry: No service published for: uimode
10-31 00:24:17.161 12755 12755 I cr_SplitCompatApp: Launched version=106.0.5249.79 minSdkVersion=24 isBundle=true processName=com.android.chrome:sandboxed_process23 isIsolated=true
10-31 00:24:17.166 12755 12755 W SystemServiceRegistry: No service published for: uimode
10-31 00:24:17.171 12744 12744 I cr_ChildProcessService: Creating new ChildProcessService pid=12744
10-31 00:24:17.175 12755 12755 I cr_ChildProcessService: Creating new ChildProcessService pid=12755
10-31 00:24:17.179 12755 12755 E WebViewFactory: can't load with relro file; address space not reserved
10-31 00:24:17.180 12744 12744 E WebViewFactory: can't load with relro file; address space not reserved
10-31 00:24:17.201 12744 12786 I cr_LibraryLoader: Successfully loaded native library
10-31 00:24:17.201 12744 12786 I cr_CachingUmaRecorder: Flushed 3 samples from 3 histograms.
10-31 00:24:17.202 12792 12792 E asset   : setgid: Operation not permitted
10-31 00:24:17.207   772  3041 I ActivityManager: Start proc 12789:com.android.chrome:sandboxed_process25/u0i507 for webview_service com.android.chrome/org.chromium.content.app.SandboxedProcessService25
10-31 00:24:17.209 12789 12789 E /system/bin/webview_zygote32: failed to make and chown /acct/uid_99507: Permission denied
10-31 00:24:17.209 12789 12789 E Zygote  : createProcessGroup(99507, 0) failed: Permission denied
10-31 00:24:17.210 12755 12788 I cr_LibraryLoader: Successfully loaded native library
10-31 00:24:17.212 12755 12788 I cr_CachingUmaRecorder: Flushed 3 samples from 3 histograms.
10-31 00:24:17.233 12797 12797 W ThreadPoolForeg: type=1400 audit(0.0:12287): avc: denied { setattr } for name="model-info.pb" dev="dm-2" ino=1504885 scontext=u:r:isolated_app:s0:c512,c768 tcontext=u:object_r:app_data_file:s0:c512,c768 tclass=file permissive=0
10-31 00:24:17.239 12030 12030 W chromium: [WARNING:controller_impl.cc(1190)] Background download complete, client: 6, completion type: 0, file size:2759
10-31 00:24:17.241 12789 12789 I SamplingProfilerIntegration: Profiling disabled.
10-31 00:24:17.267 12816 12816 E /system/bin/webview_zygote32: failed to make and chown /acct/uid_99508: Permission denied
10-31 00:24:17.267 12816 12816 E Zygote  : createProcessGroup(99508, 0) failed: Permission denied
10-31 00:24:17.269   772 20193 I ActivityManager: Start proc 12816:com.android.chrome:sandboxed_process26/u0i508 for webview_service com.android.chrome/org.chromium.content.app.SandboxedProcessService26
10-31 00:24:17.277 12814 12814 W ThreadPoolForeg: type=1400 audit(0.0:12288): avc: denied { setattr } for name="model-info.pb" dev="dm-2" ino=1504900 scontext=u:r:isolated_app:s0:c512,c768 tcontext=u:object_r:app_data_file:s0:c512,c768 tclass=file permissive=0
10-31 00:24:17.277 12772 12772 I cr_SplitCompatApp: Launched version=106.0.5249.79 minSdkVersion=24 isBundle=true processName=com.android.chrome:sandboxed_process24 isIsolated=true
10-31 00:24:17.278 12823 12823 E asset   : setgid: Operation not permitted
10-31 00:24:17.280 12814 12814 W ThreadPoolForeg: type=1400 audit(0.0:12289): avc: denied { setattr } for name="model.tflite" dev="dm-2" ino=1504903 scontext=u:r:isolated_app:s0:c512,c768 tcontext=u:object_r:app_data_file:s0:c512,c768 tclass=file permissive=0
10-31 00:24:17.280 12797 12797 W ThreadPoolForeg: type=1400 audit(0.0:12290): avc: denied { setattr } for name="model.tflite" dev="dm-2" ino=1504887 scontext=u:r:isolated_app:s0:c512,c768 tcontext=u:object_r:app_data_file:s0:c512,c768 tclass=file permissive=0
10-31 00:24:17.285 12772 12772 W SystemServiceRegistry: No service published for: uimode
10-31 00:24:17.287 12755 12788 I chromium: [INFO:child_process_service.cc(69)] ChildProcessService: Exiting child process.
10-31 00:24:17.296   422   422 E lowmemorykiller: Error writing /proc/12755/oom_score_adj; errno=22
10-31 00:24:17.296   772 10894 I ActivityManager: Killing 12755:com.android.chrome:sandboxed_process23/u0a60i505 (adj 0): isolated not needed
10-31 00:24:17.297   772   790 W zygote64: failed to open /acct/uid_99505/pid_12755/cgroup.procs: No such file or directory
10-31 00:24:17.297 12744 12786 I chromium: [INFO:child_process_service.cc(69)] ChildProcessService: Exiting child process.
10-31 00:24:17.299   422   422 E lowmemorykiller: Error writing /proc/12744/oom_score_adj; errno=22
10-31 00:24:17.299   772  1327 I ActivityManager: Killing 12744:com.android.chrome:sandboxed_process22/u0a60i504 (adj 0): isolated not needed
10-31 00:24:17.300   772   790 W zygote64: failed to open /acct/uid_99504/pid_12744/cgroup.procs: No such file or directory
10-31 00:24:17.301 12772 12772 I cr_ChildProcessService: Creating new ChildProcessService pid=12772
10-31 00:24:17.313 12772 12772 E WebViewFactory: can't load with relro file; address space not reserved
10-31 00:24:17.321 12772 12826 I cr_LibraryLoader: Successfully loaded native library
10-31 00:24:17.322 12030 12030 W chromium: [WARNING:compositor_view.cc(342)] Child process died (type=6) pid=12744)
10-31 00:24:17.329 12602 12634 I tflite  : Initialized TensorFlow Lite runtime.
10-31 00:24:17.330 12772 12826 I cr_CachingUmaRecorder: Flushed 3 samples from 3 histograms.
10-31 00:24:17.337 12030 12030 W chromium: [WARNING:compositor_view.cc(342)] Child process died (type=6) pid=12755)
10-31 00:24:17.353 12816 12816 I SamplingProfilerIntegration: Profiling disabled.
10-31 00:24:17.371 12789 12789 I cr_SplitCompatApp: Launched version=106.0.5249.79 minSdkVersion=24 isBundle=true processName=com.android.chrome:sandboxed_process25 isIsolated=true
10-31 00:24:17.377 12837 12837 W ThreadPoolForeg: type=1400 audit(0.0:12291): avc: denied { setattr } for name="model-info.pb" dev="dm-2" ino=1504791 scontext=u:r:isolated_app:s0:c512,c768 tcontext=u:object_r:app_data_file:s0:c512,c768 tclass=file permissive=0
10-31 00:24:17.380 12837 12837 W ThreadPoolForeg: type=1400 audit(0.0:12292): avc: denied { setattr } for name="model.tflite" dev="dm-2" ino=1504885 scontext=u:r:isolated_app:s0:c512,c768 tcontext=u:object_r:app_data_file:s0:c512,c768 tclass=file permissive=0
10-31 00:24:17.381 12840 12840 E asset   : setgid: Operation not permitted
10-31 00:24:17.388 12772 12826 I chromium: [INFO:child_process_service.cc(69)] ChildProcessService: Exiting child process.
10-31 00:24:17.389 12789 12789 W SystemServiceRegistry: No service published for: uimode
10-31 00:24:17.390   422   422 E lowmemorykiller: Error writing /proc/12772/oom_score_adj; errno=22
10-31 00:24:17.391   772 10893 I ActivityManager: Killing 12772:com.android.chrome:sandboxed_process24/u0a60i506 (adj 0): isolated not needed
10-31 00:24:17.393   772   790 W zygote64: failed to open /acct/uid_99506/pid_12772/cgroup.procs: No such file or directory
10-31 00:24:17.404 12789 12789 I cr_ChildProcessService: Creating new ChildProcessService pid=12789
10-31 00:24:17.420 12030 12030 W chromium: [WARNING:compositor_view.cc(342)] Child process died (type=6) pid=12772)
10-31 00:24:17.420 12789 12789 E WebViewFactory: can't load with relro file; address space not reserved
10-31 00:24:17.434 12816 12816 I cr_SplitCompatApp: Launched version=106.0.5249.79 minSdkVersion=24 isBundle=true processName=com.android.chrome:sandboxed_process26 isIsolated=true
10-31 00:24:17.439 12789 12841 I cr_LibraryLoader: Successfully loaded native library
10-31 00:24:17.439 12789 12841 I cr_CachingUmaRecorder: Flushed 3 samples from 3 histograms.
10-31 00:24:17.442 12816 12816 W SystemServiceRegistry: No service published for: uimode
10-31 00:24:17.447   772   781 I zygote64: Background concurrent copying GC freed 93780(5MB) AllocSpace objects, 206(6MB) LOS objects, 42% free, 17MB/29MB, paused 512us total 117.830ms
10-31 00:24:17.450 12816 12816 I cr_ChildProcessService: Creating new ChildProcessService pid=12816
10-31 00:24:17.455 12816 12816 E WebViewFactory: can't load with relro file; address space not reserved
10-31 00:24:17.457 12845 12845 W ThreadPoolForeg: type=1400 audit(0.0:12293): avc: denied { setattr } for name="model-info.pb" dev="dm-2" ino=1504791 scontext=u:r:isolated_app:s0:c512,c768 tcontext=u:object_r:app_data_file:s0:c512,c768 tclass=file permissive=0
10-31 00:24:17.460 12845 12845 W ThreadPoolForeg: type=1400 audit(0.0:12294): avc: denied { setattr } for name="model.tflite" dev="dm-2" ino=1504879 scontext=u:r:isolated_app:s0:c512,c768 tcontext=u:object_r:app_data_file:s0:c512,c768 tclass=file permissive=0
10-31 00:24:17.464 12789 12841 I chromium: [INFO:child_process_service.cc(69)] ChildProcessService: Exiting child process.
10-31 00:24:17.467   422   422 E lowmemorykiller: Error writing /proc/12789/oom_score_adj; errno=22
10-31 00:24:17.467   772  1324 I ActivityManager: Killing 12789:com.android.chrome:sandboxed_process25/u0a60i507 (adj 0): isolated not needed
10-31 00:24:17.469   772   790 W zygote64: failed to open /acct/uid_99507/pid_12789/cgroup.procs: No such file or directory
10-31 00:24:17.479 12816 12849 I cr_LibraryLoader: Successfully loaded native library
10-31 00:24:17.480 12816 12849 I cr_CachingUmaRecorder: Flushed 3 samples from 3 histograms.
10-31 00:24:17.484 12030 12030 W chromium: [WARNING:controller_impl.cc(1190)] Background download complete, client: 6, completion type: 0, file size:116031
10-31 00:24:17.507 12852 12852 W ThreadPoolForeg: type=1400 audit(0.0:12295): avc: denied { setattr } for name="model-info.pb" dev="dm-2" ino=1504880 scontext=u:r:isolated_app:s0:c512,c768 tcontext=u:object_r:app_data_file:s0:c512,c768 tclass=file permissive=0
10-31 00:24:17.510 12852 12852 W ThreadPoolForeg: type=1400 audit(0.0:12296): avc: denied { setattr } for name="model.tflite" dev="dm-2" ino=1504900 scontext=u:r:isolated_app:s0:c512,c768 tcontext=u:object_r:app_data_file:s0:c512,c768 tclass=file permissive=0
10-31 00:24:17.519 12816 12849 I chromium: [INFO:child_process_service.cc(69)] ChildProcessService: Exiting child process.
10-31 00:24:17.521   422   422 E lowmemorykiller: Error writing /proc/12816/oom_score_adj; errno=22
10-31 00:24:17.521 12030 12030 W chromium: [WARNING:compositor_view.cc(342)] Child process died (type=6) pid=12789)
10-31 00:24:17.524   772  4539 I ActivityManager: Killing 12816:com.android.chrome:sandboxed_process26/u0a60i508 (adj 0): isolated not needed
10-31 00:24:17.524   772   790 W zygote64: failed to open /acct/uid_99508/pid_12816/cgroup.procs: No such file or directory
10-31 00:24:17.547   772 10860 I ActivityManager: Start proc 12856:com.android.chrome:sandboxed_process27/u0i509 for webview_service com.android.chrome/org.chromium.content.app.SandboxedProcessService27
10-31 00:24:17.552 12856 12856 E /system/bin/webview_zygote32: failed to make and chown /acct/uid_99509: Permission denied
10-31 00:24:17.553 12856 12856 E Zygote  : createProcessGroup(99509, 0) failed: Permission denied
10-31 00:24:17.557 12030 12030 W chromium: [WARNING:compositor_view.cc(342)] Child process died (type=6) pid=12816)
10-31 00:24:17.598 12856 12856 I SamplingProfilerIntegration: Profiling disabled.
10-31 00:24:17.609 12030 12030 W chromium: [WARNING:controller_impl.cc(1190)] Background download complete, client: 6, completion type: 0, file size:4951
10-31 00:24:17.619 12869 12869 E asset   : setgid: Operation not permitted
10-31 00:24:17.647 12870 12870 E /system/bin/webview_zygote32: failed to make and chown /acct/uid_99510: Permission denied
10-31 00:24:17.647 12870 12870 E Zygote  : createProcessGroup(99510, 0) failed: Permission denied
10-31 00:24:17.648   772  4539 I ActivityManager: Start proc 12870:com.android.chrome:sandboxed_process28/u0i510 for webview_service com.android.chrome/org.chromium.content.app.SandboxedProcessService28
10-31 00:24:17.659 12856 12856 I cr_SplitCompatApp: Launched version=106.0.5249.79 minSdkVersion=24 isBundle=true processName=com.android.chrome:sandboxed_process27 isIsolated=true
10-31 00:24:17.663 12856 12856 W SystemServiceRegistry: No service published for: uimode
10-31 00:24:17.673 12856 12856 I cr_ChildProcessService: Creating new ChildProcessService pid=12856
10-31 00:24:17.676 12870 12870 I SamplingProfilerIntegration: Profiling disabled.
10-31 00:24:17.682 12856 12856 E WebViewFactory: can't load with relro file; address space not reserved
10-31 00:24:17.696 12856 12883 I cr_LibraryLoader: Successfully loaded native library
10-31 00:24:17.698 12856 12883 I cr_CachingUmaRecorder: Flushed 3 samples from 3 histograms.
10-31 00:24:17.704 12884 12884 E asset   : setgid: Operation not permitted
10-31 00:24:17.727 12887 12887 W ThreadPoolForeg: type=1400 audit(0.0:12297): avc: denied { setattr } for name="model-info.pb" dev="dm-2" ino=1504928 scontext=u:r:isolated_app:s0:c512,c768 tcontext=u:object_r:app_data_file:s0:c512,c768 tclass=file permissive=0
10-31 00:24:17.737 12887 12887 W ThreadPoolForeg: type=1400 audit(0.0:12298): avc: denied { setattr } for name="model.tflite" dev="dm-2" ino=1504929 scontext=u:r:isolated_app:s0:c512,c768 tcontext=u:object_r:app_data_file:s0:c512,c768 tclass=file permissive=0
10-31 00:24:17.743 12870 12870 I cr_SplitCompatApp: Launched version=106.0.5249.79 minSdkVersion=24 isBundle=true processName=com.android.chrome:sandboxed_process28 isIsolated=true
10-31 00:24:17.747 12856 12883 I chromium: [INFO:child_process_service.cc(69)] ChildProcessService: Exiting child process.
10-31 00:24:17.747 12870 12870 W SystemServiceRegistry: No service published for: uimode
10-31 00:24:17.748   772 10894 I ActivityManager: Killing 12856:com.android.chrome:sandboxed_process27/u0a60i509 (adj 0): isolated not needed
10-31 00:24:17.749   772   790 W zygote64: failed to open /acct/uid_99509/pid_12856/cgroup.procs: No such file or directory
10-31 00:24:17.753 12870 12870 I cr_ChildProcessService: Creating new ChildProcessService pid=12870
10-31 00:24:17.764 12870 12870 E WebViewFactory: can't load with relro file; address space not reserved
10-31 00:24:17.775 12870 12891 I cr_LibraryLoader: Successfully loaded native library
10-31 00:24:17.776 12870 12891 I cr_CachingUmaRecorder: Flushed 3 samples from 3 histograms.
10-31 00:24:17.778 12030 12030 W chromium: [WARNING:compositor_view.cc(342)] Child process died (type=6) pid=12856)
10-31 00:24:17.790 12894 12894 W ThreadPoolForeg: type=1400 audit(0.0:12299): avc: denied { setattr } for name="model-info.pb" dev="dm-2" ino=1504791 scontext=u:r:isolated_app:s0:c512,c768 tcontext=u:object_r:app_data_file:s0:c512,c768 tclass=file permissive=0
10-31 00:24:17.790 12894 12894 W ThreadPoolForeg: type=1400 audit(0.0:12300): avc: denied { setattr } for name="model.tflite" dev="dm-2" ino=1504913 scontext=u:r:isolated_app:s0:c512,c768 tcontext=u:object_r:app_data_file:s0:c512,c768 tclass=file permissive=0
10-31 00:24:17.797 12870 12891 I chromium: [INFO:child_process_service.cc(69)] ChildProcessService: Exiting child process.
