10-31 13:01:14.964 13542 27495 I GmsCoreXrpcWrapper: Returning a channel provider with trafficStatsTag=12803 trafficStatsUid=-1
10-31 13:01:14.966 13542 13542 D BoundBrokerSvc: onUnbind: Intent { act=com.google.android.gms.common.BIND_SHARED_PREFS pkg=com.google.android.gms }
10-31 13:01:15.239  1428  1497 I cr_omaha: OmahaBase::generateAndPostRequest(): Sending request to Omaha:
10-31 13:01:15.239  1428  1497 I cr_omaha: <?xml version='1.0' encoding='UTF-8' standalone='yes' ?><request protocol="3.0" updater="Android" updaterversion="106.0.5249.79" updaterchannel="chrome" ismachine="1" requestid="{d526da61-b422-418f-9177-995c5c711dd8}" sessionid="{3943d9bf-1b27-410f-b8bb-7acfb1dbad49}" installsource="system_image" dedup="cr"><os platform="android" version="8.0.0" arch="arm" /><app brand="" client="ms-android-google" appid="{387E11AD-7109-45F6-83CF-CAA241ADC9DF}" version="106.0.5249.79" nextversion="" lang="en-US" installage="-1" ap="chrome;google;nexus 5x"><event eventtype="2" eventresult="1" /></app></request>
10-31 13:01:15.318 13542 27495 I Icing   : Usage reports ok 3, Failed Usage reports 0, indexed 1, rejected 0
10-31 13:01:15.409  1428  1497 I cr_omaha: OmahaBase::generateAndPostRequest(): Received response from Omaha:
10-31 13:01:15.409  1428  1497 I cr_omaha: <?xml version="1.0" encoding="UTF-8"?><response protocol="3.0" server="prod"><daystart elapsed_days="5782" elapsed_seconds="18073"/><app appid="{387E11AD-7109-45F6-83CF-CAA241ADC9DF}" status="ok"><event status="ok"/></app></response>
10-31 13:01:15.420  1428  1497 I cr_omaha: Request to Server Successful. Timestamp for next request:1667221275420
10-31 13:01:15.425  1428  1497 I cr_omaha: OmahaBase::generateAndPostRequest(): Sending request to Omaha:
10-31 13:01:15.425  1428  1497 I cr_omaha: <?xml version='1.0' encoding='UTF-8' standalone='yes' ?><request protocol="3.0" updater="Android" updaterversion="106.0.5249.79" updaterchannel="chrome" ismachine="1" requestid="{162e4569-48f2-4838-a848-8a7a1cbbbbb6}" sessionid="{3943d9bf-1b27-410f-b8bb-7acfb1dbad49}" installsource="system_image" dedup="cr"><os platform="android" version="8.0.0" arch="arm" /><app brand="" client="ms-android-google" appid="{387E11AD-7109-45F6-83CF-CAA241ADC9DF}" version="106.0.5249.79" nextversion="" lang="en-US" installage="0" ap="chrome;google;nexus 5x"><updatecheck /><ping active="1" ad="5782" rd="5782" /></app></request>
10-31 13:01:15.453  1428  1497 I cr_omaha: OmahaBase::generateAndPostRequest(): Received response from Omaha:
10-31 13:01:15.453  1428  1497 I cr_omaha: <?xml version="1.0" encoding="UTF-8"?><response protocol="3.0" server="prod"><daystart elapsed_days="5782" elapsed_seconds="18073"/><app appid="{387E11AD-7109-45F6-83CF-CAA241ADC9DF}" cohort="1:hyx:" cohortname="Stable Chrome" status="ok"><updatecheck status="noupdate"/><ping status="ok"/></app></response>
10-31 13:01:15.455  1428  1497 I cr_omaha: Request to Server Successful. Timestamp for next request:1667221275455
10-31 13:01:15.455  1428  1497 I cr_omaha: Attempting to schedule next job for: Mon Oct 31 18:01:15 GMT+01:00 2022
10-31 13:01:15.458  1428  1428 I cr_omaha: Scheduled using JobService
10-31 13:01:15.459  1428  1428 E cr_BkgrdTaskJS: Tried finishing non-current BackgroundTask.
10-31 13:01:15.663  1428  1428 W chromium: [WARNING:controller_impl.cc(1190)] Background download complete, client: 6, completion type: 0, file size:9419
10-31 13:01:15.693  2349  2349 E /system/bin/webview_zygote32: failed to make and chown /acct/uid_99800: Permission denied
10-31 13:01:15.693  2349  2349 E Zygote  : createProcessGroup(99800, 0) failed: Permission denied
10-31 13:01:15.694   772  3037 I ActivityManager: Start proc 2349:com.android.chrome:sandboxed_process29/u0i800 for webview_service com.android.chrome/org.chromium.content.app.SandboxedProcessService29
10-31 13:01:15.719  2349  2349 I SamplingProfilerIntegration: Profiling disabled.
10-31 13:01:15.737  2362  2362 E asset   : setgid: Operation not permitted
10-31 13:01:15.771  2349  2349 I cr_SplitCompatApp: Launched version=106.0.5249.79 minSdkVersion=24 isBundle=true processName=com.android.chrome:sandboxed_process29 isIsolated=true
10-31 13:01:15.779  2349  2349 W SystemServiceRegistry: No service published for: uimode
10-31 13:01:15.793  2349  2349 I cr_ChildProcessService: Creating new ChildProcessService pid=2349
10-31 13:01:15.801  2349  2349 E WebViewFactory: can't load with relro file; address space not reserved
10-31 13:01:15.813  2349  2364 I cr_LibraryLoader: Successfully loaded native library
10-31 13:01:15.815  2349  2364 I cr_CachingUmaRecorder: Flushed 3 samples from 3 histograms.
10-31 13:01:15.838  2368  2368 W ThreadPoolForeg: type=1400 audit(0.0:14630): avc: denied { setattr } for name="model-info.pb" dev="dm-2" ino=1504930 scontext=u:r:isolated_app:s0:c512,c768 tcontext=u:object_r:app_data_file:s0:c512,c768 tclass=file permissive=0
10-31 13:01:15.841  2368  2368 W ThreadPoolForeg: type=1400 audit(0.0:14631): avc: denied { setattr } for name="model.tflite" dev="dm-2" ino=1504931 scontext=u:r:isolated_app:s0:c512,c768 tcontext=u:object_r:app_data_file:s0:c512,c768 tclass=file permissive=0
10-31 13:01:15.850  2349  2364 I chromium: [INFO:child_process_service.cc(69)] ChildProcessService: Exiting child process.
10-31 13:01:15.851   422   422 E lowmemorykiller: Error writing /proc/2349/oom_score_adj; errno=22
10-31 13:01:15.852   772  1327 I ActivityManager: Killing 2349:com.android.chrome:sandboxed_process29/u0a60i800 (adj 0): isolated not needed
10-31 13:01:15.852   772   790 W zygote64: failed to open /acct/uid_99800/pid_2349/cgroup.procs: No such file or directory
10-31 13:01:15.874  1428  1428 W chromium: [WARNING:compositor_view.cc(342)] Child process died (type=6) pid=2349)
10-31 13:01:18.503   551   618 I ThermalEngine: ACTION: LCD - Setting max LCD brightness to 232
10-31 13:01:19.493  1428  1428 I cr_tabmodel: Appending tabs being restored to metadata lists, 0, startingNormalCount: 2, startingIncognitoCount: 0
10-31 13:01:19.493  1428  1428 I cr_tabmodel: Serializing tab lists; counts: 2, 0
10-31 13:01:21.117  1428  1428 E cr_BTSPrefs: No data found for task id: 56
10-31 13:01:21.119  1428  1428 E cr_BkgrdTaskScheduler: Task cannot be canceled because no data was found instorage or data was invalid
10-31 13:01:27.016   551   618 I ThermalEngine: ACTION: BATTERY - Setting battery charging mitigation to 3
10-31 13:01:32.532   772   996 D WificondControl: Scan result ready event
10-31 13:01:32.598  3960  4244 I ChimeraSrvcProxy: NullBinder for android.net.action.RECOMMEND_NETWORKS triggering remote TransactionTooLargeException due to Service without Chimera impl
10-31 13:01:37.021   551   618 I ThermalEngine: ACTION: BATTERY - Setting battery charging mitigation to 0
10-31 13:01:45.566   551   618 I ThermalEngine: ACTION: LCD - Setting max LCD brightness to 255
10-31 13:02:02.812  1428  1428 I cr_media: Create MediaDrmBridge with level L3 and origin 710652FE8C4DC59CC5D6EE54C6937B3D
10-31 13:02:02.824   361   361 W /system/bin/hwservicemanager: getTransportFromManifest: Cannot find entry android.hardware.drm@1.0::IDrmFactory in either framework or device manifest, using default transport.
10-31 13:02:02.880   562 19051 I DrmHal  : makeDrmFactories: using default drm instance
10-31 13:02:02.900   361   361 W /system/bin/hwservicemanager: getTransportFromManifest: Cannot find entry android.hardware.drm@1.0::IDrmFactory in either framework or device manifest, using default transport.
10-31 13:02:02.965   562 19050 I DrmHal  : makeDrmFactories: using default drm instance
10-31 13:02:02.966   562 19051 D WVCdm   : Instantiating CDM.
10-31 13:02:02.976   562  5487 I WVCdm   : CdmEngine::QueryStatus
10-31 13:02:02.976   562  5487 I WVCdm   : Level3 Library 4445 May 19 2017 17:17:20
10-31 13:02:02.991   562  5487 D QSEECOMAPI: : QSEECom_get_handle sb_length = 0x19000
10-31 13:02:02.992   562  5487 D QSEECOMAPI: : App is not loaded in QSEE
10-31 13:02:03.064   562  5487 D QSEECOMAPI: : Loaded image: APP id = 2234
10-31 13:02:03.070   562  5487 D QSAPPSVER: qsapps_get_capabilities: Capability from secure side: 0x0
10-31 13:02:03.070   562  5487 D QSAPPSVER: qsapps_get_capabilities: returns 0
10-31 13:02:03.070   562  5487 E DrmWidevineDash: sion_buffer g_wv_fhandle->ion_sbuffer  0x0xef41a000
10-31 13:02:03.076   372   376 D DrmLibTime: got the req here! ret=0
10-31 13:02:03.076   372   376 D DrmLibTime: command id, time_cmd_id = 770
10-31 13:02:03.076   372   376 D DrmLibTime: time_getutcsec starts!
10-31 13:02:03.076   372   376 D DrmLibTime: QSEE Time Listener: time_getutcsec
10-31 13:02:03.076   372   376 D DrmLibTime: QSEE Time Listener: get_utc_seconds
10-31 13:02:03.076   372   376 D DrmLibTime: QSEE Time Listener: time_get_modem_time
10-31 13:02:03.076   372   376 D DrmLibTime: QSEE Time Listener: Checking if ATS_MODEM is set or not.
10-31 13:02:03.076   372   376 D QC-time-services: Lib:time_genoff_operation: pargs->base = 13
10-31 13:02:03.076   372   376 D QC-time-services: Lib:time_genoff_operation: pargs->operation = 2
10-31 13:02:03.076   372   376 D QC-time-services: Lib:time_genoff_operation: pargs->ts_val = 0
10-31 13:02:03.077   372   376 D QC-time-services: Lib:time_genoff_operation: Send to server  passed!!
10-31 13:02:03.077   625   647 D QC-time-services: Daemon: Connection accepted:time_genoff
10-31 13:02:03.078   625  2390 D QC-time-services: Daemon:Received base = 13, unit = 1, operation = 2,value = 0
10-31 13:02:03.078   625  2390 D QC-time-services: Daemon:genoff_opr: Base = 13, val = 0, operation = 2
10-31 13:02:03.078   625  2390 D QC-time-services: offset is: 0 for base: 13
10-31 13:02:03.078   372   376 E QC-time-services: Receive Passed == base = 13, unit = 1, operation = 2, result = 0
10-31 13:02:03.078   372   376 D DrmLibTime: QSEE Time Listener: ATS_MODEM is not set. Fallback to Android system time.
10-31 13:02:03.078   372   376 D DrmLibTime: QSEE Time Listener: Retrieved Android system time: 1667217723
10-31 13:02:03.078   372   376 D DrmLibTime: time_getutcsec returns 0, sec = 1667217723; nsec = 0
10-31 13:02:03.078   372   376 D DrmLibTime: time_getutcsec finished! 
10-31 13:02:03.078   372   376 D DrmLibTime: iotcl_continue_command finished! and return 0 
10-31 13:02:03.078   372   376 D DrmLibTime: before calling ioctl to read the next time_cmd
10-31 13:02:03.078   625   647 E QC-time-services: Daemon: Time-services: Waiting to acceptconnection
10-31 13:02:03.114   562  5487 D WVCdm   : OEMCrypto_Initialize Level 1 success. I will use level 1.
10-31 13:02:03.115   562  5487 D QSEECOMAPI: : QSEECom_dealloc_memory 
10-31 13:02:03.115   562  5487 D QSEECOMAPI: : QSEECom_shutdown_app, app_id = 2234
10-31 13:02:03.135   562   562 I WVCdm   : CdmEngine::OpenSession
10-31 13:02:03.136   562   562 I WVCdm   : Level3 Library 4445 May 19 2017 17:17:20
10-31 13:02:03.139   562   562 D QSEECOMAPI: : QSEECom_get_handle sb_length = 0x19000
10-31 13:02:03.139   562   562 D QSEECOMAPI: : App is not loaded in QSEE
10-31 13:02:03.190   562   562 D QSEECOMAPI: : Loaded image: APP id = 2235
10-31 13:02:03.198   562   562 D QSAPPSVER: qsapps_get_capabilities: Capability from secure side: 0x0
10-31 13:02:03.198   562   562 D QSAPPSVER: qsapps_get_capabilities: returns 0
10-31 13:02:03.198   562   562 E DrmWidevineDash: sion_buffer g_wv_fhandle->ion_sbuffer  0x0xef41a000
10-31 13:02:03.202   372   376 D DrmLibTime: got the req here! ret=0
10-31 13:02:03.202   372   376 D DrmLibTime: command id, time_cmd_id = 770
10-31 13:02:03.202   372   376 D DrmLibTime: time_getutcsec starts!
10-31 13:02:03.202   372   376 D DrmLibTime: QSEE Time Listener: time_getutcsec
10-31 13:02:03.202   372   376 D DrmLibTime: QSEE Time Listener: get_utc_seconds
10-31 13:02:03.202   372   376 D DrmLibTime: QSEE Time Listener: time_get_modem_time
10-31 13:02:03.202   372   376 D DrmLibTime: QSEE Time Listener: Checking if ATS_MODEM is set or not.
10-31 13:02:03.202   372   376 D QC-time-services: Lib:time_genoff_operation: pargs->base = 13
10-31 13:02:03.202   372   376 D QC-time-services: Lib:time_genoff_operation: pargs->operation = 2
10-31 13:02:03.202   372   376 D QC-time-services: Lib:time_genoff_operation: pargs->ts_val = 0
10-31 13:02:03.202   372   376 D QC-time-services: Lib:time_genoff_operation: Send to server  passed!!
10-31 13:02:03.202   625   647 D QC-time-services: Daemon: Connection accepted:time_genoff
10-31 13:02:03.203   625  2391 D QC-time-services: Daemon:Received base = 13, unit = 1, operation = 2,value = 0
10-31 13:02:03.203   625  2391 D QC-time-services: Daemon:genoff_opr: Base = 13, val = 0, operation = 2
10-31 13:02:03.203   625  2391 D QC-time-services: offset is: 0 for base: 13
10-31 13:02:03.203   372   376 E QC-time-services: Receive Passed == base = 13, unit = 1, operation = 2, result = 0
10-31 13:02:03.203   372   376 D DrmLibTime: QSEE Time Listener: ATS_MODEM is not set. Fallback to Android system time.
10-31 13:02:03.203   372   376 D DrmLibTime: QSEE Time Listener: Retrieved Android system time: 1667217723
10-31 13:02:03.203   372   376 D DrmLibTime: time_getutcsec returns 0, sec = 1667217723; nsec = 0
10-31 13:02:03.203   372   376 D DrmLibTime: time_getutcsec finished! 
10-31 13:02:03.203   372   376 D DrmLibTime: iotcl_continue_command finished! and return 0 
10-31 13:02:03.203   372   376 D DrmLibTime: before calling ioctl to read the next time_cmd
10-31 13:02:03.203   625   647 E QC-time-services: Daemon: Time-services: Waiting to acceptconnection
10-31 13:02:03.238   562   562 D WVCdm   : OEMCrypto_Initialize Level 1 success. I will use level 1.
10-31 13:02:03.238   562   562 D WVCdm   : CryptoSession::Open: Lock: requested_security_level: L3
10-31 13:02:03.251   562   562 W WVCdm   : DeviceFiles::RetrieveHashedFile: /data/mediadrm/IDM1013/L3/cert.bin does not exist
10-31 13:02:03.253   562   562 D QSEECOMAPI: : QSEECom_dealloc_memory 
10-31 13:02:03.253   562   562 D QSEECOMAPI: : QSEECom_shutdown_app, app_id = 2235
10-31 13:02:03.268   562   644 I WVCdm   : Level3 Library 4445 May 19 2017 17:17:20
10-31 13:02:03.276   562   644 D QSEECOMAPI: : QSEECom_get_handle sb_length = 0x19000
10-31 13:02:03.276   562   644 D QSEECOMAPI: : App is not loaded in QSEE
10-31 13:02:03.330   562   644 D QSEECOMAPI: : Loaded image: APP id = 2236
10-31 13:02:03.334   562   644 D QSAPPSVER: qsapps_get_capabilities: Capability from secure side: 0x0
10-31 13:02:03.334   562   644 D QSAPPSVER: qsapps_get_capabilities: returns 0
10-31 13:02:03.334   562   644 E DrmWidevineDash: sion_buffer g_wv_fhandle->ion_sbuffer  0x0xef41a000
10-31 13:02:03.337   372   376 D DrmLibTime: got the req here! ret=0
10-31 13:02:03.337   372   376 D DrmLibTime: command id, time_cmd_id = 770
10-31 13:02:03.337   372   376 D DrmLibTime: time_getutcsec starts!
10-31 13:02:03.337   372   376 D DrmLibTime: QSEE Time Listener: time_getutcsec
10-31 13:02:03.337   372   376 D DrmLibTime: QSEE Time Listener: get_utc_seconds
10-31 13:02:03.337   372   376 D DrmLibTime: QSEE Time Listener: time_get_modem_time
10-31 13:02:03.337   372   376 D DrmLibTime: QSEE Time Listener: Checking if ATS_MODEM is set or not.
10-31 13:02:03.337   372   376 D QC-time-services: Lib:time_genoff_operation: pargs->base = 13
10-31 13:02:03.337   372   376 D QC-time-services: Lib:time_genoff_operation: pargs->operation = 2
10-31 13:02:03.337   372   376 D QC-time-services: Lib:time_genoff_operation: pargs->ts_val = 0
10-31 13:02:03.337   372   376 D QC-time-services: Lib:time_genoff_operation: Send to server  passed!!
10-31 13:02:03.337   625   647 D QC-time-services: Daemon: Connection accepted:time_genoff
10-31 13:02:03.337   625  2392 D QC-time-services: Daemon:Received base = 13, unit = 1, operation = 2,value = 0
10-31 13:02:03.338   625  2392 D QC-time-services: Daemon:genoff_opr: Base = 13, val = 0, operation = 2
10-31 13:02:03.338   625  2392 D QC-time-services: offset is: 0 for base: 13
10-31 13:02:03.338   372   376 E QC-time-services: Receive Passed == base = 13, unit = 1, operation = 2, result = 0
10-31 13:02:03.338   372   376 D DrmLibTime: QSEE Time Listener: ATS_MODEM is not set. Fallback to Android system time.
10-31 13:02:03.338   372   376 D DrmLibTime: QSEE Time Listener: Retrieved Android system time: 1667217723
10-31 13:02:03.338   372   376 D DrmLibTime: time_getutcsec returns 0, sec = 1667217723; nsec = 0
10-31 13:02:03.338   372   376 D DrmLibTime: time_getutcsec finished! 
10-31 13:02:03.338   372   376 D DrmLibTime: iotcl_continue_command finished! and return 0 
10-31 13:02:03.338   372   376 D DrmLibTime: before calling ioctl to read the next time_cmd
10-31 13:02:03.338   625   647 E QC-time-services: Daemon: Time-services: Waiting to acceptconnection
10-31 13:02:03.359   562   644 D WVCdm   : OEMCrypto_Initialize Level 1 success. I will use level 1.
10-31 13:02:03.359   562   644 D WVCdm   : CryptoSession::Open: Lock: requested_security_level: L3
10-31 13:02:03.370  1428  1428 I cr_media: Provisioning origin ID 710652FE8C4DC59CC5D6EE54C6937B3D
10-31 13:02:03.377  1428  1428 I MediaDrm: Drm event (1,0)
10-31 13:02:03.377  1428  1428 E cr_media: EventListener: No session for event 1.
10-31 13:02:03.827   562 19050 D QSEECOMAPI: : QSEECom_dealloc_memory 
10-31 13:02:03.827   562 19050 D QSEECOMAPI: : QSEECom_shutdown_app, app_id = 2236
10-31 13:02:03.840  1428  1428 I cr_media: Create MediaDrmBridge with level L1 and origin 710652FE8C4DC59CC5D6EE54C6937B3D
10-31 13:02:03.841   361   361 W /system/bin/hwservicemanager: getTransportFromManifest: Cannot find entry android.hardware.drm@1.0::IDrmFactory in either framework or device manifest, using default transport.
10-31 13:02:03.843   562 28303 I DrmHal  : makeDrmFactories: using default drm instance
10-31 13:02:03.846   361   361 W /system/bin/hwservicemanager: getTransportFromManifest: Cannot find entry android.hardware.drm@1.0::IDrmFactory in either framework or device manifest, using default transport.
10-31 13:02:03.848   562 19051 I DrmHal  : makeDrmFactories: using default drm instance
10-31 13:02:03.850   562 19051 I WVCdm   : CdmEngine::QueryStatus
10-31 13:02:03.850   562 19051 I WVCdm   : Level3 Library 4445 May 19 2017 17:17:20
10-31 13:02:03.854   562 19051 D QSEECOMAPI: : QSEECom_get_handle sb_length = 0x19000
10-31 13:02:03.854   562 19051 D QSEECOMAPI: : App is not loaded in QSEE
10-31 13:02:03.903   562 19051 D QSEECOMAPI: : Loaded image: APP id = 2237
10-31 13:02:03.906   562 19051 D QSAPPSVER: qsapps_get_capabilities: Capability from secure side: 0x0
10-31 13:02:03.906   562 19051 D QSAPPSVER: qsapps_get_capabilities: returns 0
10-31 13:02:03.906   562 19051 E DrmWidevineDash: sion_buffer g_wv_fhandle->ion_sbuffer  0x0xef3fc000
10-31 13:02:03.909   372   376 D DrmLibTime: got the req here! ret=0
10-31 13:02:03.909   372   376 D DrmLibTime: command id, time_cmd_id = 770
10-31 13:02:03.909   372   376 D DrmLibTime: time_getutcsec starts!
10-31 13:02:03.909   372   376 D DrmLibTime: QSEE Time Listener: time_getutcsec
10-31 13:02:03.909   372   376 D DrmLibTime: QSEE Time Listener: get_utc_seconds
10-31 13:02:03.909   372   376 D DrmLibTime: QSEE Time Listener: time_get_modem_time
10-31 13:02:03.909   372   376 D DrmLibTime: QSEE Time Listener: Checking if ATS_MODEM is set or not.
10-31 13:02:03.909   372   376 D QC-time-services: Lib:time_genoff_operation: pargs->base = 13
10-31 13:02:03.909   372   376 D QC-time-services: Lib:time_genoff_operation: pargs->operation = 2
10-31 13:02:03.909   372   376 D QC-time-services: Lib:time_genoff_operation: pargs->ts_val = 0
10-31 13:02:03.909   372   376 D QC-time-services: Lib:time_genoff_operation: Send to server  passed!!
10-31 13:02:03.909   625   647 D QC-time-services: Daemon: Connection accepted:time_genoff
10-31 13:02:03.910   625  2397 D QC-time-services: Daemon:Received base = 13, unit = 1, operation = 2,value = 0
10-31 13:02:03.910   625  2397 D QC-time-services: Daemon:genoff_opr: Base = 13, val = 0, operation = 2
10-31 13:02:03.910   625  2397 D QC-time-services: offset is: 0 for base: 13
10-31 13:02:03.910   372   376 E QC-time-services: Receive Passed == base = 13, unit = 1, operation = 2, result = 0
10-31 13:02:03.910   372   376 D DrmLibTime: QSEE Time Listener: ATS_MODEM is not set. Fallback to Android system time.
10-31 13:02:03.910   372   376 D DrmLibTime: QSEE Time Listener: Retrieved Android system time: 1667217723
10-31 13:02:03.910   372   376 D DrmLibTime: time_getutcsec returns 0, sec = 1667217723; nsec = 0
10-31 13:02:03.910   372   376 D DrmLibTime: time_getutcsec finished! 
10-31 13:02:03.910   372   376 D DrmLibTime: iotcl_continue_command finished! and return 0 
10-31 13:02:03.910   372   376 D DrmLibTime: before calling ioctl to read the next time_cmd
10-31 13:02:03.910   625   647 E QC-time-services: Daemon: Time-services: Waiting to acceptconnection
10-31 13:02:03.941   562 19051 D WVCdm   : OEMCrypto_Initialize Level 1 success. I will use level 1.
10-31 13:02:03.942   562 19051 D QSEECOMAPI: : QSEECom_dealloc_memory 
10-31 13:02:03.942   562 19051 D QSEECOMAPI: : QSEECom_shutdown_app, app_id = 2237
10-31 13:02:03.951   562  5487 I WVCdm   : CdmEngine::OpenSession
10-31 13:02:03.953   562  5487 I WVCdm   : Level3 Library 4445 May 19 2017 17:17:20
10-31 13:02:03.963   562  5487 D QSEECOMAPI: : QSEECom_get_handle sb_length = 0x19000
10-31 13:02:03.963   562  5487 D QSEECOMAPI: : App is not loaded in QSEE
10-31 13:02:04.019   562  5487 D QSEECOMAPI: : Loaded image: APP id = 2238
10-31 13:02:04.024   562  5487 D QSAPPSVER: qsapps_get_capabilities: Capability from secure side: 0x0
10-31 13:02:04.024   562  5487 D QSAPPSVER: qsapps_get_capabilities: returns 0
10-31 13:02:04.024   562  5487 E DrmWidevineDash: sion_buffer g_wv_fhandle->ion_sbuffer  0x0xef3fc000
10-31 13:02:04.027   372   376 D DrmLibTime: got the req here! ret=0
10-31 13:02:04.027   372   376 D DrmLibTime: command id, time_cmd_id = 770
10-31 13:02:04.027   372   376 D DrmLibTime: time_getutcsec starts!
10-31 13:02:04.027   372   376 D DrmLibTime: QSEE Time Listener: time_getutcsec
10-31 13:02:04.027   372   376 D DrmLibTime: QSEE Time Listener: get_utc_seconds
10-31 13:02:04.027   372   376 D DrmLibTime: QSEE Time Listener: time_get_modem_time
10-31 13:02:04.027   372   376 D DrmLibTime: QSEE Time Listener: Checking if ATS_MODEM is set or not.
10-31 13:02:04.027   372   376 D QC-time-services: Lib:time_genoff_operation: pargs->base = 13
10-31 13:02:04.027   372   376 D QC-time-services: Lib:time_genoff_operation: pargs->operation = 2
10-31 13:02:04.027   372   376 D QC-time-services: Lib:time_genoff_operation: pargs->ts_val = 0
10-31 13:02:04.028   372   376 D QC-time-services: Lib:time_genoff_operation: Send to server  passed!!
10-31 13:02:04.028   625   647 D QC-time-services: Daemon: Connection accepted:time_genoff
10-31 13:02:04.028   625  2398 D QC-time-services: Daemon:Received base = 13, unit = 1, operation = 2,value = 0
10-31 13:02:04.028   625  2398 D QC-time-services: Daemon:genoff_opr: Base = 13, val = 0, operation = 2
10-31 13:02:04.028   625  2398 D QC-time-services: offset is: 0 for base: 13
10-31 13:02:04.028   372   376 E QC-time-services: Receive Passed == base = 13, unit = 1, operation = 2, result = 0
10-31 13:02:04.028   372   376 D DrmLibTime: QSEE Time Listener: ATS_MODEM is not set. Fallback to Android system time.
10-31 13:02:04.028   372   376 D DrmLibTime: QSEE Time Listener: Retrieved Android system time: 1667217724
10-31 13:02:04.028   372   376 D DrmLibTime: time_getutcsec returns 0, sec = 1667217724; nsec = 0
10-31 13:02:04.028   372   376 D DrmLibTime: time_getutcsec finished! 
10-31 13:02:04.028   372   376 D DrmLibTime: iotcl_continue_command finished! and return 0 
10-31 13:02:04.028   372   376 D DrmLibTime: before calling ioctl to read the next time_cmd
10-31 13:02:04.029   625   647 E QC-time-services: Daemon: Time-services: Waiting to acceptconnection
10-31 13:02:04.051   562  5487 D WVCdm   : OEMCrypto_Initialize Level 1 success. I will use level 1.
10-31 13:02:04.051   562  5487 D WVCdm   : CryptoSession::Open: Lock: requested_security_level: Default
10-31 13:02:04.056   562  5487 W WVCdm   : DeviceFiles::RetrieveHashedFile: /data/mediadrm/IDM1013/L1/cert.bin does not exist
10-31 13:02:04.057   562  5487 D QSEECOMAPI: : QSEECom_dealloc_memory 
10-31 13:02:04.057   562  5487 D QSEECOMAPI: : QSEECom_shutdown_app, app_id = 2238
10-31 13:02:04.075   562   562 I WVCdm   : Level3 Library 4445 May 19 2017 17:17:20
10-31 13:02:04.082   562   562 D QSEECOMAPI: : QSEECom_get_handle sb_length = 0x19000
10-31 13:02:04.082   562   562 D QSEECOMAPI: : App is not loaded in QSEE
10-31 13:02:04.133   562   562 D QSEECOMAPI: : Loaded image: APP id = 2239
10-31 13:02:04.138   562   562 D QSAPPSVER: qsapps_get_capabilities: Capability from secure side: 0x0
10-31 13:02:04.138   562   562 D QSAPPSVER: qsapps_get_capabilities: returns 0
10-31 13:02:04.138   562   562 E DrmWidevineDash: sion_buffer g_wv_fhandle->ion_sbuffer  0x0xef438000
10-31 13:02:04.140   372   376 D DrmLibTime: got the req here! ret=0
10-31 13:02:04.140   372   376 D DrmLibTime: command id, time_cmd_id = 770
10-31 13:02:04.140   372   376 D DrmLibTime: time_getutcsec starts!
10-31 13:02:04.140   372   376 D DrmLibTime: QSEE Time Listener: time_getutcsec
10-31 13:02:04.140   372   376 D DrmLibTime: QSEE Time Listener: get_utc_seconds
10-31 13:02:04.140   372   376 D DrmLibTime: QSEE Time Listener: time_get_modem_time
10-31 13:02:04.140   372   376 D DrmLibTime: QSEE Time Listener: Checking if ATS_MODEM is set or not.
10-31 13:02:04.140   372   376 D QC-time-services: Lib:time_genoff_operation: pargs->base = 13
10-31 13:02:04.140   372   376 D QC-time-services: Lib:time_genoff_operation: pargs->operation = 2
10-31 13:02:04.140   372   376 D QC-time-services: Lib:time_genoff_operation: pargs->ts_val = 0
10-31 13:02:04.141   372   376 D QC-time-services: Lib:time_genoff_operation: Send to server  passed!!
10-31 13:02:04.141   625   647 D QC-time-services: Daemon: Connection accepted:time_genoff
10-31 13:02:04.141   625  2399 D QC-time-services: Daemon:Received base = 13, unit = 1, operation = 2,value = 0
10-31 13:02:04.141   625  2399 D QC-time-services: Daemon:genoff_opr: Base = 13, val = 0, operation = 2
10-31 13:02:04.141   625  2399 D QC-time-services: offset is: 0 for base: 13
10-31 13:02:04.141   372   376 E QC-time-services: Receive Passed == base = 13, unit = 1, operation = 2, result = 0
10-31 13:02:04.141   372   376 D DrmLibTime: QSEE Time Listener: ATS_MODEM is not set. Fallback to Android system time.
10-31 13:02:04.141   372   376 D DrmLibTime: QSEE Time Listener: Retrieved Android system time: 1667217724
10-31 13:02:04.141   372   376 D DrmLibTime: time_getutcsec returns 0, sec = 1667217724; nsec = 0
10-31 13:02:04.141   372   376 D DrmLibTime: time_getutcsec finished! 
10-31 13:02:04.141   372   376 D DrmLibTime: iotcl_continue_command finished! and return 0 
10-31 13:02:04.141   372   376 D DrmLibTime: before calling ioctl to read the next time_cmd
10-31 13:02:04.141   625   647 E QC-time-services: Daemon: Time-services: Waiting to acceptconnection
10-31 13:02:04.166   562   562 D WVCdm   : OEMCrypto_Initialize Level 1 success. I will use level 1.
10-31 13:02:04.166   562   562 D WVCdm   : CryptoSession::Open: Lock: requested_security_level: Default
10-31 13:02:04.232   562   562 E DrmWidevineDash: OEMCrypto_GenerateSignature : input wrapped_rsa_key == NULL!, return short buffer
10-31 13:02:04.234  1428  1428 I cr_media: Provisioning origin ID 710652FE8C4DC59CC5D6EE54C6937B3D
10-31 13:02:04.250  1428  1428 I MediaDrm: Drm event (1,0)
10-31 13:02:04.250  1428  1428 E cr_media: EventListener: No session for event 1.
10-31 13:02:04.281   562 28303 E DrmWidevineDash: OEMCrypto_RewrapDeviceRSAKey : input wrapped_rsa_key == NULL!, return short buffer
10-31 13:02:04.294   562 28303 D QSEECOMAPI: : QSEECom_dealloc_memory 
10-31 13:02:04.295   562 28303 D QSEECOMAPI: : QSEECom_shutdown_app, app_id = 2239
10-31 13:02:04.307  1428  1428 I cr_media: Create MediaDrmBridge with level L3 and origin 214EE2E9D3AB42CC477F769D101F85C2
10-31 13:02:04.309   361   361 W /system/bin/hwservicemanager: getTransportFromManifest: Cannot find entry android.hardware.drm@1.0::IDrmFactory in either framework or device manifest, using default transport.
10-31 13:02:04.381   562 19051 I DrmHal  : makeDrmFactories: using default drm instance
10-31 13:02:04.384   361   361 W /system/bin/hwservicemanager: getTransportFromManifest: Cannot find entry android.hardware.drm@1.0::IDrmFactory in either framework or device manifest, using default transport.
10-31 13:02:04.438   562 28303 I DrmHal  : makeDrmFactories: using default drm instance
10-31 13:02:04.439   562   562 D WVCdm   : Instantiating CDM.
10-31 13:02:04.441   562 19050 I WVCdm   : CdmEngine::QueryStatus
10-31 13:02:04.441   562 19050 I WVCdm   : Level3 Library 4445 May 19 2017 17:17:20
10-31 13:02:04.445   562 19050 D QSEECOMAPI: : QSEECom_get_handle sb_length = 0x19000
10-31 13:02:04.445   562 19050 D QSEECOMAPI: : App is not loaded in QSEE
10-31 13:02:04.497   562 19050 D QSEECOMAPI: : Loaded image: APP id = 2240
10-31 13:02:04.500   562 19050 D QSAPPSVER: qsapps_get_capabilities: Capability from secure side: 0x0
10-31 13:02:04.500   562 19050 D QSAPPSVER: qsapps_get_capabilities: returns 0
10-31 13:02:04.500   562 19050 E DrmWidevineDash: sion_buffer g_wv_fhandle->ion_sbuffer  0x0xef414000
10-31 13:02:04.503   372   376 D DrmLibTime: got the req here! ret=0
10-31 13:02:04.503   372   376 D DrmLibTime: command id, time_cmd_id = 770
10-31 13:02:04.503   372   376 D DrmLibTime: time_getutcsec starts!
10-31 13:02:04.503   372   376 D DrmLibTime: QSEE Time Listener: time_getutcsec
10-31 13:02:04.503   372   376 D DrmLibTime: QSEE Time Listener: get_utc_seconds
10-31 13:02:04.503   372   376 D DrmLibTime: QSEE Time Listener: time_get_modem_time
10-31 13:02:04.503   372   376 D DrmLibTime: QSEE Time Listener: Checking if ATS_MODEM is set or not.
10-31 13:02:04.503   372   376 D QC-time-services: Lib:time_genoff_operation: pargs->base = 13
10-31 13:02:04.503   372   376 D QC-time-services: Lib:time_genoff_operation: pargs->operation = 2
10-31 13:02:04.503   372   376 D QC-time-services: Lib:time_genoff_operation: pargs->ts_val = 0
10-31 13:02:04.504   372   376 D QC-time-services: Lib:time_genoff_operation: Send to server  passed!!
10-31 13:02:04.504   625   647 D QC-time-services: Daemon: Connection accepted:time_genoff
10-31 13:02:04.504   625  2404 D QC-time-services: Daemon:Received base = 13, unit = 1, operation = 2,value = 0
10-31 13:02:04.504   625  2404 D QC-time-services: Daemon:genoff_opr: Base = 13, val = 0, operation = 2
10-31 13:02:04.504   625  2404 D QC-time-services: offset is: 0 for base: 13
10-31 13:02:04.504   372   376 E QC-time-services: Receive Passed == base = 13, unit = 1, operation = 2, result = 0
10-31 13:02:04.504   372   376 D DrmLibTime: QSEE Time Listener: ATS_MODEM is not set. Fallback to Android system time.
10-31 13:02:04.504   372   376 D DrmLibTime: QSEE Time Listener: Retrieved Android system time: 1667217724
10-31 13:02:04.504   372   376 D DrmLibTime: time_getutcsec returns 0, sec = 1667217724; nsec = 0
10-31 13:02:04.504   372   376 D DrmLibTime: time_getutcsec finished! 
10-31 13:02:04.504   372   376 D DrmLibTime: iotcl_continue_command finished! and return 0 
10-31 13:02:04.504   372   376 D DrmLibTime: before calling ioctl to read the next time_cmd
10-31 13:02:04.505   625   647 E QC-time-services: Daemon: Time-services: Waiting to acceptconnection
10-31 13:02:04.542   562 19050 D WVCdm   : OEMCrypto_Initialize Level 1 success. I will use level 1.
10-31 13:02:04.543   562 19050 D QSEECOMAPI: : QSEECom_dealloc_memory 
10-31 13:02:04.543   562 19050 D QSEECOMAPI: : QSEECom_shutdown_app, app_id = 2240
10-31 13:02:04.552   562   644 I WVCdm   : CdmEngine::OpenSession
10-31 13:02:04.552   562   644 I WVCdm   : Level3 Library 4445 May 19 2017 17:17:20
10-31 13:02:04.556   562   644 D QSEECOMAPI: : QSEECom_get_handle sb_length = 0x19000
10-31 13:02:04.556   562   644 D QSEECOMAPI: : App is not loaded in QSEE
10-31 13:02:04.611   562   644 D QSEECOMAPI: : Loaded image: APP id = 2241
10-31 13:02:04.614   562   644 D QSAPPSVER: qsapps_get_capabilities: Capability from secure side: 0x0
10-31 13:02:04.614   562   644 D QSAPPSVER: qsapps_get_capabilities: returns 0
10-31 13:02:04.614   562   644 E DrmWidevineDash: sion_buffer g_wv_fhandle->ion_sbuffer  0x0xef414000
10-31 13:02:04.617   372   376 D DrmLibTime: got the req here! ret=0
10-31 13:02:04.617   372   376 D DrmLibTime: command id, time_cmd_id = 770
10-31 13:02:04.617   372   376 D DrmLibTime: time_getutcsec starts!
10-31 13:02:04.617   372   376 D DrmLibTime: QSEE Time Listener: time_getutcsec
10-31 13:02:04.617   372   376 D DrmLibTime: QSEE Time Listener: get_utc_seconds
10-31 13:02:04.617   372   376 D DrmLibTime: QSEE Time Listener: time_get_modem_time
10-31 13:02:04.617   372   376 D DrmLibTime: QSEE Time Listener: Checking if ATS_MODEM is set or not.
10-31 13:02:04.617   372   376 D QC-time-services: Lib:time_genoff_operation: pargs->base = 13
10-31 13:02:04.617   372   376 D QC-time-services: Lib:time_genoff_operation: pargs->operation = 2
10-31 13:02:04.617   372   376 D QC-time-services: Lib:time_genoff_operation: pargs->ts_val = 0
10-31 13:02:04.617   372   376 D QC-time-services: Lib:time_genoff_operation: Send to server  passed!!
10-31 13:02:04.617   625   647 D QC-time-services: Daemon: Connection accepted:time_genoff
10-31 13:02:04.618   625  2405 D QC-time-services: Daemon:Received base = 13, unit = 1, operation = 2,value = 0
10-31 13:02:04.618   625  2405 D QC-time-services: Daemon:genoff_opr: Base = 13, val = 0, operation = 2
10-31 13:02:04.618   625  2405 D QC-time-services: offset is: 0 for base: 13
10-31 13:02:04.618   372   376 E QC-time-services: Receive Passed == base = 13, unit = 1, operation = 2, result = 0
10-31 13:02:04.618   372   376 D DrmLibTime: QSEE Time Listener: ATS_MODEM is not set. Fallback to Android system time.
10-31 13:02:04.618   372   376 D DrmLibTime: QSEE Time Listener: Retrieved Android system time: 1667217724
10-31 13:02:04.618   372   376 D DrmLibTime: time_getutcsec returns 0, sec = 1667217724; nsec = 0
10-31 13:02:04.618   372   376 D DrmLibTime: time_getutcsec finished! 
10-31 13:02:04.618   372   376 D DrmLibTime: iotcl_continue_command finished! and return 0 
10-31 13:02:04.618   372   376 D DrmLibTime: before calling ioctl to read the next time_cmd
10-31 13:02:04.618   625   647 E QC-time-services: Daemon: Time-services: Waiting to acceptconnection
10-31 13:02:04.643   562   644 D WVCdm   : OEMCrypto_Initialize Level 1 success. I will use level 1.
10-31 13:02:04.643   562   644 D WVCdm   : CryptoSession::Open: Lock: requested_security_level: L3
10-31 13:02:04.649   562   644 W WVCdm   : DeviceFiles::RetrieveHashedFile: /data/mediadrm/IDM1013/L3/cert.bin does not exist
10-31 13:02:04.650   562   644 D QSEECOMAPI: : QSEECom_dealloc_memory 
10-31 13:02:04.650   562   644 D QSEECOMAPI: : QSEECom_shutdown_app, app_id = 2241
10-31 13:02:04.665   562 28303 I WVCdm   : Level3 Library 4445 May 19 2017 17:17:20
10-31 13:02:04.669   562 28303 D QSEECOMAPI: : QSEECom_get_handle sb_length = 0x19000
10-31 13:02:04.669   562 28303 D QSEECOMAPI: : App is not loaded in QSEE
10-31 13:02:04.717   562 28303 D QSEECOMAPI: : Loaded image: APP id = 2242
10-31 13:02:04.721   562 28303 D QSAPPSVER: qsapps_get_capabilities: Capability from secure side: 0x0
10-31 13:02:04.721   562 28303 D QSAPPSVER: qsapps_get_capabilities: returns 0
10-31 13:02:04.721   562 28303 E DrmWidevineDash: sion_buffer g_wv_fhandle->ion_sbuffer  0x0xef414000
10-31 13:02:04.724   372   376 D DrmLibTime: got the req here! ret=0
10-31 13:02:04.724   372   376 D DrmLibTime: command id, time_cmd_id = 770
10-31 13:02:04.724   372   376 D DrmLibTime: time_getutcsec starts!
10-31 13:02:04.724   372   376 D DrmLibTime: QSEE Time Listener: time_getutcsec
10-31 13:02:04.724   372   376 D DrmLibTime: QSEE Time Listener: get_utc_seconds
10-31 13:02:04.724   372   376 D DrmLibTime: QSEE Time Listener: time_get_modem_time
10-31 13:02:04.724   372   376 D DrmLibTime: QSEE Time Listener: Checking if ATS_MODEM is set or not.
10-31 13:02:04.724   372   376 D QC-time-services: Lib:time_genoff_operation: pargs->base = 13
10-31 13:02:04.724   372   376 D QC-time-services: Lib:time_genoff_operation: pargs->operation = 2
10-31 13:02:04.724   372   376 D QC-time-services: Lib:time_genoff_operation: pargs->ts_val = 0
10-31 13:02:04.724   372   376 D QC-time-services: Lib:time_genoff_operation: Send to server  passed!!
10-31 13:02:04.724   625   647 D QC-time-services: Daemon: Connection accepted:time_genoff
10-31 13:02:04.725   625  2407 D QC-time-services: Daemon:Received base = 13, unit = 1, operation = 2,value = 0
10-31 13:02:04.725   625  2407 D QC-time-services: Daemon:genoff_opr: Base = 13, val = 0, operation = 2
10-31 13:02:04.725   625  2407 D QC-time-services: offset is: 0 for base: 13
10-31 13:02:04.725   372   376 E QC-time-services: Receive Passed == base = 13, unit = 1, operation = 2, result = 0
10-31 13:02:04.725   372   376 D DrmLibTime: QSEE Time Listener: ATS_MODEM is not set. Fallback to Android system time.
10-31 13:02:04.725   372   376 D DrmLibTime: QSEE Time Listener: Retrieved Android system time: 1667217724
10-31 13:02:04.725   372   376 D DrmLibTime: time_getutcsec returns 0, sec = 1667217724; nsec = 0
10-31 13:02:04.725   372   376 D DrmLibTime: time_getutcsec finished! 
10-31 13:02:04.725   372   376 D DrmLibTime: iotcl_continue_command finished! and return 0 
10-31 13:02:04.725   372   376 D DrmLibTime: before calling ioctl to read the next time_cmd
10-31 13:02:04.725   625   647 E QC-time-services: Daemon: Time-services: Waiting to acceptconnection
10-31 13:02:04.761   562 28303 D WVCdm   : OEMCrypto_Initialize Level 1 success. I will use level 1.
10-31 13:02:04.761   562 28303 D WVCdm   : CryptoSession::Open: Lock: requested_security_level: L3
10-31 13:02:04.772  1428  1428 I cr_media: Provisioning origin ID 214EE2E9D3AB42CC477F769D101F85C2
10-31 13:02:04.774  1428  1428 I MediaDrm: Drm event (1,0)
10-31 13:02:04.774  1428  1428 E cr_media: EventListener: No session for event 1.
10-31 13:02:04.819  2409  2409 E /system/bin/webview_zygote32: failed to make and chown /acct/uid_99801: Permission denied
10-31 13:02:04.819  2409  2409 E Zygote  : createProcessGroup(99801, 0) failed: Permission denied
10-31 13:02:04.824   772  1324 I ActivityManager: Start proc 2409:com.android.chrome:sandboxed_process30/u0i801 for webview_service com.android.chrome/org.chromium.content.app.SandboxedProcessService30
10-31 13:02:04.857  2409  2409 I SamplingProfilerIntegration: Profiling disabled.
10-31 13:02:04.885  2426  2426 E asset   : setgid: Operation not permitted
10-31 13:02:04.893   562   562 D QSEECOMAPI: : QSEECom_dealloc_memory 
10-31 13:02:04.893   562   562 D QSEECOMAPI: : QSEECom_shutdown_app, app_id = 2242
10-31 13:02:04.905  1428  1428 I cr_media: Create MediaDrmBridge with level L1 and origin 214EE2E9D3AB42CC477F769D101F85C2
10-31 13:02:04.907   361   361 W /system/bin/hwservicemanager: getTransportFromManifest: Cannot find entry android.hardware.drm@1.0::IDrmFactory in either framework or device manifest, using default transport.
10-31 13:02:04.910   562  5487 I DrmHal  : makeDrmFactories: using default drm instance
10-31 13:02:04.912   361   361 W /system/bin/hwservicemanager: getTransportFromManifest: Cannot find entry android.hardware.drm@1.0::IDrmFactory in either framework or device manifest, using default transport.
10-31 13:02:04.915   562  5487 I DrmHal  : makeDrmFactories: using default drm instance
10-31 13:02:04.917   562   644 I WVCdm   : CdmEngine::QueryStatus
10-31 13:02:04.918   562   644 I WVCdm   : Level3 Library 4445 May 19 2017 17:17:20
10-31 13:02:04.919  2409  2409 I cr_SplitCompatApp: Launched version=106.0.5249.79 minSdkVersion=24 isBundle=true processName=com.android.chrome:sandboxed_process30 isIsolated=true
10-31 13:02:04.922   562   644 D QSEECOMAPI: : QSEECom_get_handle sb_length = 0x19000
10-31 13:02:04.922   562   644 D QSEECOMAPI: : App is not loaded in QSEE
10-31 13:02:04.926  2409  2409 W SystemServiceRegistry: No service published for: uimode
10-31 13:02:04.937  2409  2409 I cr_ChildProcessService: Creating new ChildProcessService pid=2409
10-31 13:02:04.945  2409  2409 E WebViewFactory: can't load with relro file; address space not reserved
10-31 13:02:04.955  2409  2431 I cr_LibraryLoader: Successfully loaded native library
10-31 13:02:04.956  2409  2431 I cr_CachingUmaRecorder: Flushed 3 samples from 3 histograms.
10-31 13:02:04.973   562   644 D QSEECOMAPI: : Loaded image: APP id = 2243
10-31 13:02:04.978   562   644 D QSAPPSVER: qsapps_get_capabilities: Capability from secure side: 0x0
10-31 13:02:04.978   562   644 D QSAPPSVER: qsapps_get_capabilities: returns 0
10-31 13:02:04.978   562   644 E DrmWidevineDash: sion_buffer g_wv_fhandle->ion_sbuffer  0x0xef335000
10-31 13:02:04.982   372   376 D DrmLibTime: got the req here! ret=0
10-31 13:02:04.982   372   376 D DrmLibTime: command id, time_cmd_id = 770
10-31 13:02:04.982   372   376 D DrmLibTime: time_getutcsec starts!
10-31 13:02:04.982   372   376 D DrmLibTime: QSEE Time Listener: time_getutcsec
10-31 13:02:04.982   372   376 D DrmLibTime: QSEE Time Listener: get_utc_seconds
10-31 13:02:04.982   372   376 D DrmLibTime: QSEE Time Listener: time_get_modem_time
10-31 13:02:04.982   372   376 D DrmLibTime: QSEE Time Listener: Checking if ATS_MODEM is set or not.
10-31 13:02:04.982   372   376 D QC-time-services: Lib:time_genoff_operation: pargs->base = 13
10-31 13:02:04.982   372   376 D QC-time-services: Lib:time_genoff_operation: pargs->operation = 2
10-31 13:02:04.982   372   376 D QC-time-services: Lib:time_genoff_operation: pargs->ts_val = 0
10-31 13:02:04.983   372   376 D QC-time-services: Lib:time_genoff_operation: Send to server  passed!!
10-31 13:02:04.983   625   647 D QC-time-services: Daemon: Connection accepted:time_genoff
10-31 13:02:04.983   625  2438 D QC-time-services: Daemon:Received base = 13, unit = 1, operation = 2,value = 0
10-31 13:02:04.983   625  2438 D QC-time-services: Daemon:genoff_opr: Base = 13, val = 0, operation = 2
10-31 13:02:04.983   625  2438 D QC-time-services: offset is: 0 for base: 13
10-31 13:02:04.983   372   376 E QC-time-services: Receive Passed == base = 13, unit = 1, operation = 2, result = 0
10-31 13:02:04.983   372   376 D DrmLibTime: QSEE Time Listener: ATS_MODEM is not set. Fallback to Android system time.
10-31 13:02:04.983   372   376 D DrmLibTime: QSEE Time Listener: Retrieved Android system time: 1667217724
10-31 13:02:04.983   372   376 D DrmLibTime: time_getutcsec returns 0, sec = 1667217724; nsec = 0
10-31 13:02:04.983   372   376 D DrmLibTime: time_getutcsec finished! 
10-31 13:02:04.983   372   376 D DrmLibTime: iotcl_continue_command finished! and return 0 
10-31 13:02:04.983   372   376 D DrmLibTime: before calling ioctl to read the next time_cmd
10-31 13:02:04.984   625   647 E QC-time-services: Daemon: Time-services: Waiting to acceptconnection
10-31 13:02:04.985  2434  2434 W ThreadPoolForeg: type=1400 audit(0.0:14632): avc: denied { setattr } for name="LICENSE.txt" dev="dm-2" ino=1504962 scontext=u:r:isolated_app:s0:c512,c768 tcontext=u:object_r:app_data_file:s0:c512,c768 tclass=file permissive=0
10-31 13:02:04.988  2434  2434 W ThreadPoolForeg: type=1400 audit(0.0:14633): avc: denied { setattr } for name=46696C746572696E672052756C6573 dev="dm-2" ino=1504963 scontext=u:r:isolated_app:s0:c512,c768 tcontext=u:object_r:app_data_file:s0:c512,c768 tclass=file permissive=0
10-31 13:02:04.988  2434  2434 W ThreadPoolForeg: type=1400 audit(0.0:14634): avc: denied { setattr } for name="manifest.json" dev="dm-2" ino=1504964 scontext=u:r:isolated_app:s0:c512,c768 tcontext=u:object_r:app_data_file:s0:c512,c768 tclass=file permissive=0
10-31 13:02:04.995  2434  2434 W ThreadPoolForeg: type=1400 audit(0.0:14635): avc: denied { setattr } for name="verified_contents.json" dev="dm-2" ino=1504966 scontext=u:r:isolated_app:s0:c512,c768 tcontext=u:object_r:app_data_file:s0:c512,c768 tclass=file permissive=0
10-31 13:02:05.004  2409  2431 I chromium: [INFO:child_process_service.cc(69)] ChildProcessService: Exiting child process.
10-31 13:02:05.006   422   422 E lowmemorykiller: Error writing /proc/2409/oom_score_adj; errno=22
10-31 13:02:05.007   772  1324 I ActivityManager: Killing 2409:com.android.chrome:sandboxed_process30/u0a60i801 (adj 0): isolated not needed
10-31 13:02:05.008   772   790 W zygote64: failed to open /acct/uid_99801/pid_2409/cgroup.procs: No such file or directory
10-31 13:02:05.017   562   644 D WVCdm   : OEMCrypto_Initialize Level 1 success. I will use level 1.
10-31 13:02:05.018   562   644 D QSEECOMAPI: : QSEECom_dealloc_memory 
10-31 13:02:05.018   562   644 D QSEECOMAPI: : QSEECom_shutdown_app, app_id = 2243
10-31 13:02:05.028   562   562 I WVCdm   : CdmEngine::OpenSession
10-31 13:02:05.028   562   562 I WVCdm   : Level3 Library 4445 May 19 2017 17:17:20
10-31 13:02:05.031   562   562 D QSEECOMAPI: : QSEECom_get_handle sb_length = 0x19000
10-31 13:02:05.031   562   562 D QSEECOMAPI: : App is not loaded in QSEE
10-31 13:02:05.078   562   562 D QSEECOMAPI: : Loaded image: APP id = 2244
10-31 13:02:05.081   562   562 D QSAPPSVER: qsapps_get_capabilities: Capability from secure side: 0x0
10-31 13:02:05.081   562   562 D QSAPPSVER: qsapps_get_capabilities: returns 0
10-31 13:02:05.081   562   562 E DrmWidevineDash: sion_buffer g_wv_fhandle->ion_sbuffer  0x0xef335000
10-31 13:02:05.084   372   376 D DrmLibTime: got the req here! ret=0
10-31 13:02:05.084   372   376 D DrmLibTime: command id, time_cmd_id = 770
10-31 13:02:05.084   372   376 D DrmLibTime: time_getutcsec starts!
10-31 13:02:05.084   372   376 D DrmLibTime: QSEE Time Listener: time_getutcsec
10-31 13:02:05.084   372   376 D DrmLibTime: QSEE Time Listener: get_utc_seconds
10-31 13:02:05.084   372   376 D DrmLibTime: QSEE Time Listener: time_get_modem_time
10-31 13:02:05.084   372   376 D DrmLibTime: QSEE Time Listener: Checking if ATS_MODEM is set or not.
10-31 13:02:05.084   372   376 D QC-time-services: Lib:time_genoff_operation: pargs->base = 13
10-31 13:02:05.084   372   376 D QC-time-services: Lib:time_genoff_operation: pargs->operation = 2
10-31 13:02:05.084   372   376 D QC-time-services: Lib:time_genoff_operation: pargs->ts_val = 0
10-31 13:02:05.084   372   376 D QC-time-services: Lib:time_genoff_operation: Send to server  passed!!
10-31 13:02:05.084   625   647 D QC-time-services: Daemon: Connection accepted:time_genoff
10-31 13:02:05.085   625  2439 D QC-time-services: Daemon:Received base = 13, unit = 1, operation = 2,value = 0
10-31 13:02:05.085   625  2439 D QC-time-services: Daemon:genoff_opr: Base = 13, val = 0, operation = 2
10-31 13:02:05.085   625  2439 D QC-time-services: offset is: 0 for base: 13
10-31 13:02:05.085   372   376 E QC-time-services: Receive Passed == base = 13, unit = 1, operation = 2, result = 0
10-31 13:02:05.085   372   376 D DrmLibTime: QSEE Time Listener: ATS_MODEM is not set. Fallback to Android system time.
10-31 13:02:05.085   372   376 D DrmLibTime: QSEE Time Listener: Retrieved Android system time: 1667217725
10-31 13:02:05.085   372   376 D DrmLibTime: time_getutcsec returns 0, sec = 1667217725; nsec = 0
10-31 13:02:05.085   372   376 D DrmLibTime: time_getutcsec finished! 
10-31 13:02:05.085   372   376 D DrmLibTime: iotcl_continue_command finished! and return 0 
10-31 13:02:05.085   372   376 D DrmLibTime: before calling ioctl to read the next time_cmd
10-31 13:02:05.085   625   647 E QC-time-services: Daemon: Time-services: Waiting to acceptconnection
10-31 13:02:05.122   562   562 D WVCdm   : OEMCrypto_Initialize Level 1 success. I will use level 1.
10-31 13:02:05.122   562   562 D WVCdm   : CryptoSession::Open: Lock: requested_security_level: Default
10-31 13:02:05.124   562   562 W WVCdm   : DeviceFiles::RetrieveHashedFile: /data/mediadrm/IDM1013/L1/cert.bin does not exist
10-31 13:02:05.126   562   562 D QSEECOMAPI: : QSEECom_dealloc_memory 
10-31 13:02:05.126   562   562 D QSEECOMAPI: : QSEECom_shutdown_app, app_id = 2244
10-31 13:02:05.135   562 28303 I WVCdm   : Level3 Library 4445 May 19 2017 17:17:20
10-31 13:02:05.148   562 28303 D QSEECOMAPI: : QSEECom_get_handle sb_length = 0x19000
10-31 13:02:05.148   562 28303 D QSEECOMAPI: : App is not loaded in QSEE
10-31 13:02:05.210   562 28303 D QSEECOMAPI: : Loaded image: APP id = 2245
10-31 13:02:05.215   562 28303 D QSAPPSVER: qsapps_get_capabilities: Capability from secure side: 0x0
10-31 13:02:05.215   562 28303 D QSAPPSVER: qsapps_get_capabilities: returns 0
10-31 13:02:05.215   562 28303 E DrmWidevineDash: sion_buffer g_wv_fhandle->ion_sbuffer  0x0xef432000
10-31 13:02:05.217   372   376 D DrmLibTime: got the req here! ret=0
10-31 13:02:05.217   372   376 D DrmLibTime: command id, time_cmd_id = 770
10-31 13:02:05.217   372   376 D DrmLibTime: time_getutcsec starts!
10-31 13:02:05.217   372   376 D DrmLibTime: QSEE Time Listener: time_getutcsec
10-31 13:02:05.217   372   376 D DrmLibTime: QSEE Time Listener: get_utc_seconds
10-31 13:02:05.217   372   376 D DrmLibTime: QSEE Time Listener: time_get_modem_time
10-31 13:02:05.217   372   376 D DrmLibTime: QSEE Time Listener: Checking if ATS_MODEM is set or not.
10-31 13:02:05.217   372   376 D QC-time-services: Lib:time_genoff_operation: pargs->base = 13
10-31 13:02:05.217   372   376 D QC-time-services: Lib:time_genoff_operation: pargs->operation = 2
10-31 13:02:05.217   372   376 D QC-time-services: Lib:time_genoff_operation: pargs->ts_val = 0
10-31 13:02:05.217   372   376 D QC-time-services: Lib:time_genoff_operation: Send to server  passed!!
10-31 13:02:05.217   625   647 D QC-time-services: Daemon: Connection accepted:time_genoff
