11-01 00:07:50.321 22691 22691 E asset   : setgid: Operation not permitted
11-01 00:07:50.324 21836 21836 W chromium: [WARNING:compositor_view.cc(342)] Child process died (type=6) pid=22645)
11-01 00:07:50.352 22678 22678 I cr_SplitCompatApp: Launched version=106.0.5249.79 minSdkVersion=24 isBundle=true processName=com.android.chrome:sandboxed_process28 isIsolated=true
11-01 00:07:50.370 22678 22678 W SystemServiceRegistry: No service published for: uimode
11-01 00:07:50.388 22678 22678 I cr_ChildProcessService: Creating new ChildProcessService pid=22678
11-01 00:07:50.404 22678 22678 E WebViewFactory: can't load with relro file; address space not reserved
11-01 00:07:50.409 29692 29692 D BoundBrokerSvc: onBind: Intent { act=com.google.android.gms.common.BIND_SHARED_PREFS pkg=com.google.android.gms }
11-01 00:07:50.409 29692 29692 D BoundBrokerSvc: Loading bound service for intent: Intent { act=com.google.android.gms.common.BIND_SHARED_PREFS pkg=com.google.android.gms }
11-01 00:07:50.417 29692 29692 D BoundBrokerSvc: onUnbind: Intent { act=com.google.android.gms.common.BIND_SHARED_PREFS pkg=com.google.android.gms }
11-01 00:07:50.421 22678 22692 I cr_LibraryLoader: Successfully loaded native library
11-01 00:07:50.423 22678 22692 I cr_CachingUmaRecorder: Flushed 3 samples from 3 histograms.
11-01 00:07:50.459 22698 22698 W ThreadPoolForeg: type=1400 audit(0.0:19948): avc: denied { setattr } for name="model-info.pb" dev="dm-2" ino=1504897 scontext=u:r:isolated_app:s0:c512,c768 tcontext=u:object_r:app_data_file:s0:c512,c768 tclass=file permissive=0
11-01 00:07:50.462 22698 22698 W ThreadPoolForeg: type=1400 audit(0.0:19949): avc: denied { setattr } for name="model.tflite" dev="dm-2" ino=1504900 scontext=u:r:isolated_app:s0:c512,c768 tcontext=u:object_r:app_data_file:s0:c512,c768 tclass=file permissive=0
11-01 00:07:50.469 22678 22692 I chromium: [INFO:child_process_service.cc(69)] ChildProcessService: Exiting child process.
11-01 00:07:50.472   422   422 E lowmemorykiller: Error writing /proc/22678/oom_score_adj; errno=22
11-01 00:07:50.473   772 10893 I ActivityManager: Killing 22678:com.android.chrome:sandboxed_process28/u0a60i102 (adj 0): isolated not needed
11-01 00:07:50.473   772   790 W zygote64: failed to open /acct/uid_99102/pid_22678/cgroup.procs: No such file or directory
11-01 00:07:50.526 21836 21836 W chromium: [WARNING:compositor_view.cc(342)] Child process died (type=6) pid=22678)
11-01 00:07:51.745 21836 21892 I cr_omaha: OmahaBase::generateAndPostRequest(): Sending request to Omaha:
11-01 00:07:51.745 21836 21892 I cr_omaha: <?xml version='1.0' encoding='UTF-8' standalone='yes' ?><request protocol="3.0" updater="Android" updaterversion="106.0.5249.79" updaterchannel="chrome" ismachine="1" requestid="{8bcba218-f641-404d-abc9-3bcda5a924b9}" sessionid="{ec8fb532-4049-4d05-8b61-f8f851308328}" installsource="system_image" dedup="cr"><os platform="android" version="8.0.0" arch="arm" /><app brand="" client="ms-android-google" appid="{387E11AD-7109-45F6-83CF-CAA241ADC9DF}" version="106.0.5249.79" nextversion="" lang="en-US" installage="-1" ap="chrome;google;nexus 5x"><event eventtype="2" eventresult="1" /></app></request>
11-01 00:07:51.751 17973 17973 I MemoryTrimmer: Trimming objects from memory, since app is in the background.
11-01 00:07:51.874 21836 21892 I cr_omaha: OmahaBase::generateAndPostRequest(): Received response from Omaha:
11-01 00:07:51.874 21836 21892 I cr_omaha: <?xml version="1.0" encoding="UTF-8"?><response protocol="3.0" server="prod"><daystart elapsed_days="5782" elapsed_seconds="58070"/><app appid="{387E11AD-7109-45F6-83CF-CAA241ADC9DF}" status="ok"><event status="ok"/></app></response>
11-01 00:07:51.881 21836 21892 I cr_omaha: Request to Server Successful. Timestamp for next request:1667261271881
11-01 00:07:51.894 21836 21892 I cr_omaha: OmahaBase::generateAndPostRequest(): Sending request to Omaha:
11-01 00:07:51.894 21836 21892 I cr_omaha: <?xml version='1.0' encoding='UTF-8' standalone='yes' ?><request protocol="3.0" updater="Android" updaterversion="106.0.5249.79" updaterchannel="chrome" ismachine="1" requestid="{aed2a291-23b8-4a94-8136-71cc319f62b5}" sessionid="{ec8fb532-4049-4d05-8b61-f8f851308328}" installsource="system_image" dedup="cr"><os platform="android" version="8.0.0" arch="arm" /><app brand="" client="ms-android-google" appid="{387E11AD-7109-45F6-83CF-CAA241ADC9DF}" version="106.0.5249.79" nextversion="" lang="en-US" installage="0" ap="chrome;google;nexus 5x"><updatecheck /><ping active="1" ad="5782" rd="5782" /></app></request>
11-01 00:07:51.918 21836 21892 I cr_omaha: OmahaBase::generateAndPostRequest(): Received response from Omaha:
11-01 00:07:51.918 21836 21892 I cr_omaha: <?xml version="1.0" encoding="UTF-8"?><response protocol="3.0" server="prod"><daystart elapsed_days="5782" elapsed_seconds="58070"/><app appid="{387E11AD-7109-45F6-83CF-CAA241ADC9DF}" cohort="1:hyx:" cohortname="Stable Chrome" status="ok"><updatecheck status="noupdate"/><ping status="ok"/></app></response>
11-01 00:07:51.921 21836 21892 I cr_omaha: Request to Server Successful. Timestamp for next request:1667261271921
11-01 00:07:51.921 21836 21892 I cr_omaha: Attempting to schedule next job for: Tue Nov 01 05:07:51 GMT+01:00 2022
11-01 00:07:51.927 21836 21836 I cr_omaha: Scheduled using JobService
11-01 00:07:51.928 21836 21836 E cr_BkgrdTaskJS: Tried finishing non-current BackgroundTask.
11-01 00:07:52.176 21836 21836 W chromium: [WARNING:controller_impl.cc(1190)] Background download complete, client: 6, completion type: 0, file size:4955
11-01 00:07:52.195 22704 22704 E /system/bin/webview_zygote32: failed to make and chown /acct/uid_99103: Permission denied
11-01 00:07:52.196 22704 22704 E Zygote  : createProcessGroup(99103, 0) failed: Permission denied
11-01 00:07:52.199   772  1327 I ActivityManager: Start proc 22704:com.android.chrome:sandboxed_process29/u0i103 for webview_service com.android.chrome/org.chromium.content.app.SandboxedProcessService29
11-01 00:07:52.217 22704 22704 I SamplingProfilerIntegration: Profiling disabled.
11-01 00:07:52.237 22717 22717 E asset   : setgid: Operation not permitted
11-01 00:07:52.264 22704 22704 I cr_SplitCompatApp: Launched version=106.0.5249.79 minSdkVersion=24 isBundle=true processName=com.android.chrome:sandboxed_process29 isIsolated=true
11-01 00:07:52.268 22704 22704 W SystemServiceRegistry: No service published for: uimode
11-01 00:07:52.275 22704 22704 I cr_ChildProcessService: Creating new ChildProcessService pid=22704
11-01 00:07:52.281 22704 22704 E WebViewFactory: can't load with relro file; address space not reserved
11-01 00:07:52.294 22704 22718 I cr_LibraryLoader: Successfully loaded native library
11-01 00:07:52.295 22704 22718 I cr_CachingUmaRecorder: Flushed 3 samples from 3 histograms.
11-01 00:07:52.315 22721 22721 W ThreadPoolForeg: type=1400 audit(0.0:19950): avc: denied { setattr } for name="model-info.pb" dev="dm-2" ino=1504915 scontext=u:r:isolated_app:s0:c512,c768 tcontext=u:object_r:app_data_file:s0:c512,c768 tclass=file permissive=0
11-01 00:07:52.319 22721 22721 W ThreadPoolForeg: type=1400 audit(0.0:19951): avc: denied { setattr } for name="model.tflite" dev="dm-2" ino=1504916 scontext=u:r:isolated_app:s0:c512,c768 tcontext=u:object_r:app_data_file:s0:c512,c768 tclass=file permissive=0
11-01 00:07:52.325 22704 22718 I chromium: [INFO:child_process_service.cc(69)] ChildProcessService: Exiting child process.
11-01 00:07:52.328   422   422 E lowmemorykiller: Error writing /proc/22704/oom_score_adj; errno=22
11-01 00:07:52.328   772 10893 I ActivityManager: Killing 22704:com.android.chrome:sandboxed_process29/u0a60i103 (adj 0): isolated not needed
11-01 00:07:52.329   772   790 W zygote64: failed to open /acct/uid_99103/pid_22704/cgroup.procs: No such file or directory
11-01 00:07:52.348 21836 21836 W chromium: [WARNING:compositor_view.cc(342)] Child process died (type=6) pid=22704)
11-01 00:07:53.538 21836 21836 I cr_tabmodel: Appending tabs being restored to metadata lists, 0, startingNormalCount: 2, startingIncognitoCount: 0
11-01 00:07:53.538 21836 21836 I cr_tabmodel: Serializing tab lists; counts: 2, 0
11-01 00:07:57.248 21836 21836 E cr_BTSPrefs: No data found for task id: 56
11-01 00:07:57.250 21836 21836 E cr_BkgrdTaskScheduler: Task cannot be canceled because no data was found instorage or data was invalid
11-01 00:08:01.358 21836 21836 W ResourceType: Failure getting entry for 0x7f010888 (t=0 e=2184) (error -75)
11-01 00:08:01.395 21836 21836 I chatty  : uid=10060(u0_a60) com.android.chrome:sandboxed identical 7 lines
11-01 00:08:01.398 21836 21836 W ResourceType: Failure getting entry for 0x7f010888 (t=0 e=2184) (error -75)
11-01 00:08:01.401 21836 21836 I cr_TopSites: Start a new task.
11-01 00:08:01.402 21836 21901 I cr_TopSites: Serializing top sites lists finished; count: 9
11-01 00:08:01.414 21836 21901 I cr_TopSites: Finished saving top sites list to file:/data/user/0/com.android.chrome/app_top_sites/top_sites
11-01 00:08:23.072   772   791 E BatteryStatsService: no controller energy info supplied
11-01 00:08:38.765 21836 21836 I cr_media: Create MediaDrmBridge with level L3 and origin 47EF5EFA7C60380C7B5AC1DA2A41BB76
11-01 00:08:38.775   361   361 W /system/bin/hwservicemanager: getTransportFromManifest: Cannot find entry android.hardware.drm@1.0::IDrmFactory in either framework or device manifest, using default transport.
11-01 00:08:38.809   562  5487 I DrmHal  : makeDrmFactories: using default drm instance
11-01 00:08:38.816   361   361 W /system/bin/hwservicemanager: getTransportFromManifest: Cannot find entry android.hardware.drm@1.0::IDrmFactory in either framework or device manifest, using default transport.
11-01 00:08:38.903   562 19051 I DrmHal  : makeDrmFactories: using default drm instance
11-01 00:08:38.903   562 19050 D WVCdm   : Instantiating CDM.
11-01 00:08:38.905   562   562 I WVCdm   : CdmEngine::QueryStatus
11-01 00:08:38.906   562   562 I WVCdm   : Level3 Library 4445 May 19 2017 17:17:20
11-01 00:08:38.910   562   562 D QSEECOMAPI: : QSEECom_get_handle sb_length = 0x19000
11-01 00:08:38.910   562   562 D QSEECOMAPI: : App is not loaded in QSEE
11-01 00:08:38.963   562   562 D QSEECOMAPI: : Loaded image: APP id = 3578
11-01 00:08:38.969   562   562 D QSAPPSVER: qsapps_get_capabilities: Capability from secure side: 0x0
11-01 00:08:38.969   562   562 D QSAPPSVER: qsapps_get_capabilities: returns 0
11-01 00:08:38.969   562   562 E DrmWidevineDash: sion_buffer g_wv_fhandle->ion_sbuffer  0x0xeeb20000
11-01 00:08:38.973   372   376 D DrmLibTime: got the req here! ret=0
11-01 00:08:38.973   372   376 D DrmLibTime: command id, time_cmd_id = 770
11-01 00:08:38.973   372   376 D DrmLibTime: time_getutcsec starts!
11-01 00:08:38.973   372   376 D DrmLibTime: QSEE Time Listener: time_getutcsec
11-01 00:08:38.973   372   376 D DrmLibTime: QSEE Time Listener: get_utc_seconds
11-01 00:08:38.973   372   376 D DrmLibTime: QSEE Time Listener: time_get_modem_time
11-01 00:08:38.973   372   376 D DrmLibTime: QSEE Time Listener: Checking if ATS_MODEM is set or not.
11-01 00:08:38.973   372   376 D QC-time-services: Lib:time_genoff_operation: pargs->base = 13
11-01 00:08:38.973   372   376 D QC-time-services: Lib:time_genoff_operation: pargs->operation = 2
11-01 00:08:38.973   372   376 D QC-time-services: Lib:time_genoff_operation: pargs->ts_val = 0
11-01 00:08:38.974   372   376 D QC-time-services: Lib:time_genoff_operation: Send to server  passed!!
11-01 00:08:38.974   625   647 D QC-time-services: Daemon: Connection accepted:time_genoff
11-01 00:08:38.975   625 22733 D QC-time-services: Daemon:Received base = 13, unit = 1, operation = 2,value = 0
11-01 00:08:38.975   625 22733 D QC-time-services: Daemon:genoff_opr: Base = 13, val = 0, operation = 2
11-01 00:08:38.975   625 22733 D QC-time-services: offset is: 0 for base: 13
11-01 00:08:38.975   372   376 E QC-time-services: Receive Passed == base = 13, unit = 1, operation = 2, result = 0
11-01 00:08:38.975   372   376 D DrmLibTime: QSEE Time Listener: ATS_MODEM is not set. Fallback to Android system time.
11-01 00:08:38.975   372   376 D DrmLibTime: QSEE Time Listener: Retrieved Android system time: 1667257718
11-01 00:08:38.975   372   376 D DrmLibTime: time_getutcsec returns 0, sec = 1667257718; nsec = 0
11-01 00:08:38.975   372   376 D DrmLibTime: time_getutcsec finished! 
11-01 00:08:38.975   372   376 D DrmLibTime: iotcl_continue_command finished! and return 0 
11-01 00:08:38.975   372   376 D DrmLibTime: before calling ioctl to read the next time_cmd
11-01 00:08:38.975   625   647 E QC-time-services: Daemon: Time-services: Waiting to acceptconnection
11-01 00:08:39.021   562   562 D WVCdm   : OEMCrypto_Initialize Level 1 success. I will use level 1.
11-01 00:08:39.022   562   562 D QSEECOMAPI: : QSEECom_dealloc_memory 
11-01 00:08:39.022   562   562 D QSEECOMAPI: : QSEECom_shutdown_app, app_id = 3578
11-01 00:08:39.038   562 28303 I WVCdm   : CdmEngine::OpenSession
11-01 00:08:39.038   562 28303 I WVCdm   : Level3 Library 4445 May 19 2017 17:17:20
11-01 00:08:39.045   562 28303 D QSEECOMAPI: : QSEECom_get_handle sb_length = 0x19000
11-01 00:08:39.045   562 28303 D QSEECOMAPI: : App is not loaded in QSEE
11-01 00:08:39.102   562 28303 D QSEECOMAPI: : Loaded image: APP id = 3579
11-01 00:08:39.106   562 28303 D QSAPPSVER: qsapps_get_capabilities: Capability from secure side: 0x0
11-01 00:08:39.106   562 28303 D QSAPPSVER: qsapps_get_capabilities: returns 0
11-01 00:08:39.106   562 28303 E DrmWidevineDash: sion_buffer g_wv_fhandle->ion_sbuffer  0x0xeeb20000
11-01 00:08:39.109   372   376 D DrmLibTime: got the req here! ret=0
11-01 00:08:39.109   372   376 D DrmLibTime: command id, time_cmd_id = 770
11-01 00:08:39.109   372   376 D DrmLibTime: time_getutcsec starts!
11-01 00:08:39.109   372   376 D DrmLibTime: QSEE Time Listener: time_getutcsec
11-01 00:08:39.109   372   376 D DrmLibTime: QSEE Time Listener: get_utc_seconds
11-01 00:08:39.109   372   376 D DrmLibTime: QSEE Time Listener: time_get_modem_time
11-01 00:08:39.109   372   376 D DrmLibTime: QSEE Time Listener: Checking if ATS_MODEM is set or not.
11-01 00:08:39.109   372   376 D QC-time-services: Lib:time_genoff_operation: pargs->base = 13
11-01 00:08:39.109   372   376 D QC-time-services: Lib:time_genoff_operation: pargs->operation = 2
11-01 00:08:39.109   372   376 D QC-time-services: Lib:time_genoff_operation: pargs->ts_val = 0
11-01 00:08:39.109   372   376 D QC-time-services: Lib:time_genoff_operation: Send to server  passed!!
11-01 00:08:39.109   625   647 D QC-time-services: Daemon: Connection accepted:time_genoff
11-01 00:08:39.109   625 22734 D QC-time-services: Daemon:Received base = 13, unit = 1, operation = 2,value = 0
11-01 00:08:39.109   625 22734 D QC-time-services: Daemon:genoff_opr: Base = 13, val = 0, operation = 2
11-01 00:08:39.109   625 22734 D QC-time-services: offset is: 0 for base: 13
11-01 00:08:39.109   372   376 E QC-time-services: Receive Passed == base = 13, unit = 1, operation = 2, result = 0
11-01 00:08:39.109   372   376 D DrmLibTime: QSEE Time Listener: ATS_MODEM is not set. Fallback to Android system time.
11-01 00:08:39.110   372   376 D DrmLibTime: QSEE Time Listener: Retrieved Android system time: 1667257719
11-01 00:08:39.110   372   376 D DrmLibTime: time_getutcsec returns 0, sec = 1667257719; nsec = 0
11-01 00:08:39.110   372   376 D DrmLibTime: time_getutcsec finished! 
11-01 00:08:39.110   372   376 D DrmLibTime: iotcl_continue_command finished! and return 0 
11-01 00:08:39.110   372   376 D DrmLibTime: before calling ioctl to read the next time_cmd
11-01 00:08:39.110   625   647 E QC-time-services: Daemon: Time-services: Waiting to acceptconnection
11-01 00:08:39.133   562 28303 D WVCdm   : OEMCrypto_Initialize Level 1 success. I will use level 1.
11-01 00:08:39.133   562 28303 D WVCdm   : CryptoSession::Open: Lock: requested_security_level: L3
11-01 00:08:39.139   562 28303 W WVCdm   : DeviceFiles::RetrieveHashedFile: /data/mediadrm/IDM1013/L3/cert.bin does not exist
11-01 00:08:39.140   562 28303 D QSEECOMAPI: : QSEECom_dealloc_memory 
11-01 00:08:39.140   562 28303 D QSEECOMAPI: : QSEECom_shutdown_app, app_id = 3579
11-01 00:08:39.165   562 19051 I WVCdm   : Level3 Library 4445 May 19 2017 17:17:20
11-01 00:08:39.169   562 19051 D QSEECOMAPI: : QSEECom_get_handle sb_length = 0x19000
11-01 00:08:39.169   562 19051 D QSEECOMAPI: : App is not loaded in QSEE
11-01 00:08:39.216   562 19051 D QSEECOMAPI: : Loaded image: APP id = 3580
11-01 00:08:39.220   562 19051 D QSAPPSVER: qsapps_get_capabilities: Capability from secure side: 0x0
11-01 00:08:39.220   562 19051 D QSAPPSVER: qsapps_get_capabilities: returns 0
11-01 00:08:39.220   562 19051 E DrmWidevineDash: sion_buffer g_wv_fhandle->ion_sbuffer  0x0xeeb20000
11-01 00:08:39.222   372   376 D DrmLibTime: got the req here! ret=0
11-01 00:08:39.222   372   376 D DrmLibTime: command id, time_cmd_id = 770
11-01 00:08:39.222   372   376 D DrmLibTime: time_getutcsec starts!
11-01 00:08:39.222   372   376 D DrmLibTime: QSEE Time Listener: time_getutcsec
11-01 00:08:39.222   372   376 D DrmLibTime: QSEE Time Listener: get_utc_seconds
11-01 00:08:39.222   372   376 D DrmLibTime: QSEE Time Listener: time_get_modem_time
11-01 00:08:39.222   372   376 D DrmLibTime: QSEE Time Listener: Checking if ATS_MODEM is set or not.
11-01 00:08:39.222   372   376 D QC-time-services: Lib:time_genoff_operation: pargs->base = 13
11-01 00:08:39.222   372   376 D QC-time-services: Lib:time_genoff_operation: pargs->operation = 2
11-01 00:08:39.222   372   376 D QC-time-services: Lib:time_genoff_operation: pargs->ts_val = 0
11-01 00:08:39.222   372   376 D QC-time-services: Lib:time_genoff_operation: Send to server  passed!!
11-01 00:08:39.222   625   647 D QC-time-services: Daemon: Connection accepted:time_genoff
11-01 00:08:39.223   625 22735 D QC-time-services: Daemon:Received base = 13, unit = 1, operation = 2,value = 0
11-01 00:08:39.223   625 22735 D QC-time-services: Daemon:genoff_opr: Base = 13, val = 0, operation = 2
11-01 00:08:39.223   625 22735 D QC-time-services: offset is: 0 for base: 13
11-01 00:08:39.223   372   376 E QC-time-services: Receive Passed == base = 13, unit = 1, operation = 2, result = 0
11-01 00:08:39.223   372   376 D DrmLibTime: QSEE Time Listener: ATS_MODEM is not set. Fallback to Android system time.
11-01 00:08:39.223   372   376 D DrmLibTime: QSEE Time Listener: Retrieved Android system time: 1667257719
11-01 00:08:39.223   372   376 D DrmLibTime: time_getutcsec returns 0, sec = 1667257719; nsec = 0
11-01 00:08:39.223   372   376 D DrmLibTime: time_getutcsec finished! 
11-01 00:08:39.223   372   376 D DrmLibTime: iotcl_continue_command finished! and return 0 
11-01 00:08:39.223   372   376 D DrmLibTime: before calling ioctl to read the next time_cmd
11-01 00:08:39.223   625   647 E QC-time-services: Daemon: Time-services: Waiting to acceptconnection
11-01 00:08:39.259   562 19051 D WVCdm   : OEMCrypto_Initialize Level 1 success. I will use level 1.
11-01 00:08:39.259   562 19051 D WVCdm   : CryptoSession::Open: Lock: requested_security_level: L3
11-01 00:08:39.268 21836 21836 I cr_media: Provisioning origin ID 47EF5EFA7C60380C7B5AC1DA2A41BB76
11-01 00:08:39.275 21836 21836 I MediaDrm: Drm event (1,0)
11-01 00:08:39.276 21836 21836 E cr_media: EventListener: No session for event 1.
11-01 00:08:39.559   562 19050 D QSEECOMAPI: : QSEECom_dealloc_memory 
11-01 00:08:39.559   562 19050 D QSEECOMAPI: : QSEECom_shutdown_app, app_id = 3580
11-01 00:08:39.587 21836 21836 I cr_media: Create MediaDrmBridge with level L1 and origin 47EF5EFA7C60380C7B5AC1DA2A41BB76
11-01 00:08:39.589   361   361 W /system/bin/hwservicemanager: getTransportFromManifest: Cannot find entry android.hardware.drm@1.0::IDrmFactory in either framework or device manifest, using default transport.
11-01 00:08:39.591   562  5487 I DrmHal  : makeDrmFactories: using default drm instance
11-01 00:08:39.594   361   361 W /system/bin/hwservicemanager: getTransportFromManifest: Cannot find entry android.hardware.drm@1.0::IDrmFactory in either framework or device manifest, using default transport.
11-01 00:08:39.598   562   562 I DrmHal  : makeDrmFactories: using default drm instance
11-01 00:08:39.601   562 19050 I WVCdm   : CdmEngine::QueryStatus
11-01 00:08:39.602   562 19050 I WVCdm   : Level3 Library 4445 May 19 2017 17:17:20
11-01 00:08:39.606   562 19050 D QSEECOMAPI: : QSEECom_get_handle sb_length = 0x19000
11-01 00:08:39.606   562 19050 D QSEECOMAPI: : App is not loaded in QSEE
11-01 00:08:39.653   562 19050 D QSEECOMAPI: : Loaded image: APP id = 3581
11-01 00:08:39.656   562 19050 D QSAPPSVER: qsapps_get_capabilities: Capability from secure side: 0x0
11-01 00:08:39.656   562 19050 D QSAPPSVER: qsapps_get_capabilities: returns 0
11-01 00:08:39.656   562 19050 E DrmWidevineDash: sion_buffer g_wv_fhandle->ion_sbuffer  0x0xeeb02000
11-01 00:08:39.659   372   376 D DrmLibTime: got the req here! ret=0
11-01 00:08:39.659   372   376 D DrmLibTime: command id, time_cmd_id = 770
11-01 00:08:39.659   372   376 D DrmLibTime: time_getutcsec starts!
11-01 00:08:39.659   372   376 D DrmLibTime: QSEE Time Listener: time_getutcsec
11-01 00:08:39.659   372   376 D DrmLibTime: QSEE Time Listener: get_utc_seconds
11-01 00:08:39.659   372   376 D DrmLibTime: QSEE Time Listener: time_get_modem_time
11-01 00:08:39.659   372   376 D DrmLibTime: QSEE Time Listener: Checking if ATS_MODEM is set or not.
11-01 00:08:39.659   372   376 D QC-time-services: Lib:time_genoff_operation: pargs->base = 13
11-01 00:08:39.659   372   376 D QC-time-services: Lib:time_genoff_operation: pargs->operation = 2
11-01 00:08:39.659   372   376 D QC-time-services: Lib:time_genoff_operation: pargs->ts_val = 0
11-01 00:08:39.659   372   376 D QC-time-services: Lib:time_genoff_operation: Send to server  passed!!
11-01 00:08:39.659   625   647 D QC-time-services: Daemon: Connection accepted:time_genoff
11-01 00:08:39.660   625 22740 D QC-time-services: Daemon:Received base = 13, unit = 1, operation = 2,value = 0
11-01 00:08:39.660   625 22740 D QC-time-services: Daemon:genoff_opr: Base = 13, val = 0, operation = 2
11-01 00:08:39.660   625 22740 D QC-time-services: offset is: 0 for base: 13
11-01 00:08:39.660   372   376 E QC-time-services: Receive Passed == base = 13, unit = 1, operation = 2, result = 0
11-01 00:08:39.660   372   376 D DrmLibTime: QSEE Time Listener: ATS_MODEM is not set. Fallback to Android system time.
11-01 00:08:39.660   372   376 D DrmLibTime: QSEE Time Listener: Retrieved Android system time: 1667257719
11-01 00:08:39.660   372   376 D DrmLibTime: time_getutcsec returns 0, sec = 1667257719; nsec = 0
11-01 00:08:39.660   372   376 D DrmLibTime: time_getutcsec finished! 
11-01 00:08:39.660   372   376 D DrmLibTime: iotcl_continue_command finished! and return 0 
11-01 00:08:39.660   372   376 D DrmLibTime: before calling ioctl to read the next time_cmd
11-01 00:08:39.660   625   647 E QC-time-services: Daemon: Time-services: Waiting to acceptconnection
11-01 00:08:39.697   562 19050 D WVCdm   : OEMCrypto_Initialize Level 1 success. I will use level 1.
11-01 00:08:39.698   562 19050 D QSEECOMAPI: : QSEECom_dealloc_memory 
11-01 00:08:39.698   562 19050 D QSEECOMAPI: : QSEECom_shutdown_app, app_id = 3581
11-01 00:08:39.712   562   644 I WVCdm   : CdmEngine::OpenSession
11-01 00:08:39.712   562   644 I WVCdm   : Level3 Library 4445 May 19 2017 17:17:20
11-01 00:08:39.721   562   644 D QSEECOMAPI: : QSEECom_get_handle sb_length = 0x19000
11-01 00:08:39.721   562   644 D QSEECOMAPI: : App is not loaded in QSEE
11-01 00:08:39.774   562   644 D QSEECOMAPI: : Loaded image: APP id = 3582
11-01 00:08:39.778   562   644 D QSAPPSVER: qsapps_get_capabilities: Capability from secure side: 0x0
11-01 00:08:39.778   562   644 D QSAPPSVER: qsapps_get_capabilities: returns 0
11-01 00:08:39.778   562   644 E DrmWidevineDash: sion_buffer g_wv_fhandle->ion_sbuffer  0x0xeeb02000
11-01 00:08:39.781   372   376 D DrmLibTime: got the req here! ret=0
11-01 00:08:39.781   372   376 D DrmLibTime: command id, time_cmd_id = 770
11-01 00:08:39.781   372   376 D DrmLibTime: time_getutcsec starts!
11-01 00:08:39.781   372   376 D DrmLibTime: QSEE Time Listener: time_getutcsec
11-01 00:08:39.781   372   376 D DrmLibTime: QSEE Time Listener: get_utc_seconds
11-01 00:08:39.781   372   376 D DrmLibTime: QSEE Time Listener: time_get_modem_time
11-01 00:08:39.781   372   376 D DrmLibTime: QSEE Time Listener: Checking if ATS_MODEM is set or not.
11-01 00:08:39.781   372   376 D QC-time-services: Lib:time_genoff_operation: pargs->base = 13
11-01 00:08:39.781   372   376 D QC-time-services: Lib:time_genoff_operation: pargs->operation = 2
11-01 00:08:39.781   372   376 D QC-time-services: Lib:time_genoff_operation: pargs->ts_val = 0
11-01 00:08:39.781   372   376 D QC-time-services: Lib:time_genoff_operation: Send to server  passed!!
11-01 00:08:39.781   625   647 D QC-time-services: Daemon: Connection accepted:time_genoff
11-01 00:08:39.782   625 22741 D QC-time-services: Daemon:Received base = 13, unit = 1, operation = 2,value = 0
11-01 00:08:39.782   625 22741 D QC-time-services: Daemon:genoff_opr: Base = 13, val = 0, operation = 2
11-01 00:08:39.782   625 22741 D QC-time-services: offset is: 0 for base: 13
11-01 00:08:39.782   372   376 E QC-time-services: Receive Passed == base = 13, unit = 1, operation = 2, result = 0
11-01 00:08:39.782   372   376 D DrmLibTime: QSEE Time Listener: ATS_MODEM is not set. Fallback to Android system time.
11-01 00:08:39.782   372   376 D DrmLibTime: QSEE Time Listener: Retrieved Android system time: 1667257719
11-01 00:08:39.782   372   376 D DrmLibTime: time_getutcsec returns 0, sec = 1667257719; nsec = 0
11-01 00:08:39.782   372   376 D DrmLibTime: time_getutcsec finished! 
11-01 00:08:39.782   372   376 D DrmLibTime: iotcl_continue_command finished! and return 0 
11-01 00:08:39.782   372   376 D DrmLibTime: before calling ioctl to read the next time_cmd
11-01 00:08:39.782   625   647 E QC-time-services: Daemon: Time-services: Waiting to acceptconnection
11-01 00:08:39.808   562   644 D WVCdm   : OEMCrypto_Initialize Level 1 success. I will use level 1.
11-01 00:08:39.809   562   644 D WVCdm   : CryptoSession::Open: Lock: requested_security_level: Default
11-01 00:08:39.811   562   644 W WVCdm   : DeviceFiles::RetrieveHashedFile: /data/mediadrm/IDM1013/L1/cert.bin does not exist
11-01 00:08:39.812   562   644 D QSEECOMAPI: : QSEECom_dealloc_memory 
11-01 00:08:39.812   562   644 D QSEECOMAPI: : QSEECom_shutdown_app, app_id = 3582
11-01 00:08:39.832   562 28303 I WVCdm   : Level3 Library 4445 May 19 2017 17:17:20
11-01 00:08:39.839   562 28303 D QSEECOMAPI: : QSEECom_get_handle sb_length = 0x19000
11-01 00:08:39.839   562 28303 D QSEECOMAPI: : App is not loaded in QSEE
11-01 00:08:39.887   562 28303 D QSEECOMAPI: : Loaded image: APP id = 3583
11-01 00:08:39.890   562 28303 D QSAPPSVER: qsapps_get_capabilities: Capability from secure side: 0x0
11-01 00:08:39.890   562 28303 D QSAPPSVER: qsapps_get_capabilities: returns 0
11-01 00:08:39.890   562 28303 E DrmWidevineDash: sion_buffer g_wv_fhandle->ion_sbuffer  0x0xeeb3e000
11-01 00:08:39.893   372   376 D DrmLibTime: got the req here! ret=0
11-01 00:08:39.893   372   376 D DrmLibTime: command id, time_cmd_id = 770
11-01 00:08:39.893   372   376 D DrmLibTime: time_getutcsec starts!
11-01 00:08:39.893   372   376 D DrmLibTime: QSEE Time Listener: time_getutcsec
11-01 00:08:39.893   372   376 D DrmLibTime: QSEE Time Listener: get_utc_seconds
11-01 00:08:39.893   372   376 D DrmLibTime: QSEE Time Listener: time_get_modem_time
11-01 00:08:39.893   372   376 D DrmLibTime: QSEE Time Listener: Checking if ATS_MODEM is set or not.
11-01 00:08:39.893   372   376 D QC-time-services: Lib:time_genoff_operation: pargs->base = 13
11-01 00:08:39.893   372   376 D QC-time-services: Lib:time_genoff_operation: pargs->operation = 2
11-01 00:08:39.893   372   376 D QC-time-services: Lib:time_genoff_operation: pargs->ts_val = 0
11-01 00:08:39.893   372   376 D QC-time-services: Lib:time_genoff_operation: Send to server  passed!!
11-01 00:08:39.893   625   647 D QC-time-services: Daemon: Connection accepted:time_genoff
11-01 00:08:39.894   625 22742 D QC-time-services: Daemon:Received base = 13, unit = 1, operation = 2,value = 0
11-01 00:08:39.894   625 22742 D QC-time-services: Daemon:genoff_opr: Base = 13, val = 0, operation = 2
11-01 00:08:39.894   625 22742 D QC-time-services: offset is: 0 for base: 13
11-01 00:08:39.894   372   376 E QC-time-services: Receive Passed == base = 13, unit = 1, operation = 2, result = 0
11-01 00:08:39.894   372   376 D DrmLibTime: QSEE Time Listener: ATS_MODEM is not set. Fallback to Android system time.
11-01 00:08:39.894   372   376 D DrmLibTime: QSEE Time Listener: Retrieved Android system time: 1667257719
11-01 00:08:39.894   372   376 D DrmLibTime: time_getutcsec returns 0, sec = 1667257719; nsec = 0
11-01 00:08:39.894   372   376 D DrmLibTime: time_getutcsec finished! 
11-01 00:08:39.894   372   376 D DrmLibTime: iotcl_continue_command finished! and return 0 
11-01 00:08:39.894   372   376 D DrmLibTime: before calling ioctl to read the next time_cmd
11-01 00:08:39.894   625   647 E QC-time-services: Daemon: Time-services: Waiting to acceptconnection
11-01 00:08:39.929   562 28303 D WVCdm   : OEMCrypto_Initialize Level 1 success. I will use level 1.
11-01 00:08:39.929   562 28303 D WVCdm   : CryptoSession::Open: Lock: requested_security_level: Default
11-01 00:08:40.030   562 28303 E DrmWidevineDash: OEMCrypto_GenerateSignature : input wrapped_rsa_key == NULL!, return short buffer
11-01 00:08:40.033 21836 21836 I cr_media: Provisioning origin ID 47EF5EFA7C60380C7B5AC1DA2A41BB76
11-01 00:08:40.075 21836 21836 I MediaDrm: Drm event (1,0)
11-01 00:08:40.075 21836 21836 E cr_media: EventListener: No session for event 1.
11-01 00:08:40.081   562  5487 E DrmWidevineDash: OEMCrypto_RewrapDeviceRSAKey : input wrapped_rsa_key == NULL!, return short buffer
11-01 00:08:40.099   562  5487 D QSEECOMAPI: : QSEECom_dealloc_memory 
11-01 00:08:40.099   562  5487 D QSEECOMAPI: : QSEECom_shutdown_app, app_id = 3583
11-01 00:08:40.121 21836 21836 I cr_media: Create MediaDrmBridge with level L3 and origin F7C75D56382B290C54EAA47A5B1DB48E
11-01 00:08:40.124   361   361 W /system/bin/hwservicemanager: getTransportFromManifest: Cannot find entry android.hardware.drm@1.0::IDrmFactory in either framework or device manifest, using default transport.
11-01 00:08:40.196   562 19050 I DrmHal  : makeDrmFactories: using default drm instance
11-01 00:08:40.199   361   361 W /system/bin/hwservicemanager: getTransportFromManifest: Cannot find entry android.hardware.drm@1.0::IDrmFactory in either framework or device manifest, using default transport.
11-01 00:08:40.271   562 19051 I DrmHal  : makeDrmFactories: using default drm instance
11-01 00:08:40.272   562 28303 D WVCdm   : Instantiating CDM.
11-01 00:08:40.274   562  5487 I WVCdm   : CdmEngine::QueryStatus
11-01 00:08:40.274   562  5487 I WVCdm   : Level3 Library 4445 May 19 2017 17:17:20
11-01 00:08:40.280   562  5487 D QSEECOMAPI: : QSEECom_get_handle sb_length = 0x19000
11-01 00:08:40.280   562  5487 D QSEECOMAPI: : App is not loaded in QSEE
11-01 00:08:40.330   562  5487 D QSEECOMAPI: : Loaded image: APP id = 3584
11-01 00:08:40.335   562  5487 D QSAPPSVER: qsapps_get_capabilities: Capability from secure side: 0x0
11-01 00:08:40.335   562  5487 D QSAPPSVER: qsapps_get_capabilities: returns 0
11-01 00:08:40.335   562  5487 E DrmWidevineDash: sion_buffer g_wv_fhandle->ion_sbuffer  0x0xeeb19000
11-01 00:08:40.337   372   376 D DrmLibTime: got the req here! ret=0
11-01 00:08:40.337   372   376 D DrmLibTime: command id, time_cmd_id = 770
11-01 00:08:40.337   372   376 D DrmLibTime: time_getutcsec starts!
11-01 00:08:40.337   372   376 D DrmLibTime: QSEE Time Listener: time_getutcsec
11-01 00:08:40.337   372   376 D DrmLibTime: QSEE Time Listener: get_utc_seconds
11-01 00:08:40.337   372   376 D DrmLibTime: QSEE Time Listener: time_get_modem_time
11-01 00:08:40.337   372   376 D DrmLibTime: QSEE Time Listener: Checking if ATS_MODEM is set or not.
11-01 00:08:40.337   372   376 D QC-time-services: Lib:time_genoff_operation: pargs->base = 13
11-01 00:08:40.337   372   376 D QC-time-services: Lib:time_genoff_operation: pargs->operation = 2
11-01 00:08:40.337   372   376 D QC-time-services: Lib:time_genoff_operation: pargs->ts_val = 0
11-01 00:08:40.337   372   376 D QC-time-services: Lib:time_genoff_operation: Send to server  passed!!
11-01 00:08:40.337   625   647 D QC-time-services: Daemon: Connection accepted:time_genoff
11-01 00:08:40.338   625 22747 D QC-time-services: Daemon:Received base = 13, unit = 1, operation = 2,value = 0
11-01 00:08:40.338   625 22747 D QC-time-services: Daemon:genoff_opr: Base = 13, val = 0, operation = 2
11-01 00:08:40.338   625 22747 D QC-time-services: offset is: 0 for base: 13
11-01 00:08:40.338   372   376 E QC-time-services: Receive Passed == base = 13, unit = 1, operation = 2, result = 0
11-01 00:08:40.338   372   376 D DrmLibTime: QSEE Time Listener: ATS_MODEM is not set. Fallback to Android system time.
11-01 00:08:40.338   372   376 D DrmLibTime: QSEE Time Listener: Retrieved Android system time: 1667257720
11-01 00:08:40.338   372   376 D DrmLibTime: time_getutcsec returns 0, sec = 1667257720; nsec = 0
11-01 00:08:40.338   372   376 D DrmLibTime: time_getutcsec finished! 
11-01 00:08:40.338   372   376 D DrmLibTime: iotcl_continue_command finished! and return 0 
11-01 00:08:40.338   372   376 D DrmLibTime: before calling ioctl to read the next time_cmd
11-01 00:08:40.338   625   647 E QC-time-services: Daemon: Time-services: Waiting to acceptconnection
11-01 00:08:40.365   562  5487 D WVCdm   : OEMCrypto_Initialize Level 1 success. I will use level 1.
11-01 00:08:40.366   562  5487 D QSEECOMAPI: : QSEECom_dealloc_memory 
11-01 00:08:40.366   562  5487 D QSEECOMAPI: : QSEECom_shutdown_app, app_id = 3584
11-01 00:08:40.387   562   562 I WVCdm   : CdmEngine::OpenSession
11-01 00:08:40.387   562   562 I WVCdm   : Level3 Library 4445 May 19 2017 17:17:20
11-01 00:08:40.393   562   562 D QSEECOMAPI: : QSEECom_get_handle sb_length = 0x19000
11-01 00:08:40.393   562   562 D QSEECOMAPI: : App is not loaded in QSEE
11-01 00:08:40.442   562   562 D QSEECOMAPI: : Loaded image: APP id = 3585
11-01 00:08:40.445   562   562 D QSAPPSVER: qsapps_get_capabilities: Capability from secure side: 0x0
11-01 00:08:40.445   562   562 D QSAPPSVER: qsapps_get_capabilities: returns 0
11-01 00:08:40.445   562   562 E DrmWidevineDash: sion_buffer g_wv_fhandle->ion_sbuffer  0x0xeeb19000
11-01 00:08:40.448   372   376 D DrmLibTime: got the req here! ret=0
11-01 00:08:40.448   372   376 D DrmLibTime: command id, time_cmd_id = 770
11-01 00:08:40.449   372   376 D DrmLibTime: time_getutcsec starts!
11-01 00:08:40.449   372   376 D DrmLibTime: QSEE Time Listener: time_getutcsec
11-01 00:08:40.449   372   376 D DrmLibTime: QSEE Time Listener: get_utc_seconds
11-01 00:08:40.449   372   376 D DrmLibTime: QSEE Time Listener: time_get_modem_time
11-01 00:08:40.449   372   376 D DrmLibTime: QSEE Time Listener: Checking if ATS_MODEM is set or not.
11-01 00:08:40.449   372   376 D QC-time-services: Lib:time_genoff_operation: pargs->base = 13
11-01 00:08:40.449   372   376 D QC-time-services: Lib:time_genoff_operation: pargs->operation = 2
11-01 00:08:40.449   372   376 D QC-time-services: Lib:time_genoff_operation: pargs->ts_val = 0
11-01 00:08:40.449   372   376 D QC-time-services: Lib:time_genoff_operation: Send to server  passed!!
11-01 00:08:40.449   625   647 D QC-time-services: Daemon: Connection accepted:time_genoff
11-01 00:08:40.449   625 22748 D QC-time-services: Daemon:Received base = 13, unit = 1, operation = 2,value = 0
11-01 00:08:40.449   625 22748 D QC-time-services: Daemon:genoff_opr: Base = 13, val = 0, operation = 2
11-01 00:08:40.449   625 22748 D QC-time-services: offset is: 0 for base: 13
11-01 00:08:40.449   372   376 E QC-time-services: Receive Passed == base = 13, unit = 1, operation = 2, result = 0
11-01 00:08:40.449   372   376 D DrmLibTime: QSEE Time Listener: ATS_MODEM is not set. Fallback to Android system time.
11-01 00:08:40.449   372   376 D DrmLibTime: QSEE Time Listener: Retrieved Android system time: 1667257720
11-01 00:08:40.449   372   376 D DrmLibTime: time_getutcsec returns 0, sec = 1667257720; nsec = 0
11-01 00:08:40.449   372   376 D DrmLibTime: time_getutcsec finished! 
11-01 00:08:40.449   372   376 D DrmLibTime: iotcl_continue_command finished! and return 0 
11-01 00:08:40.449   372   376 D DrmLibTime: before calling ioctl to read the next time_cmd
11-01 00:08:40.450   625   647 E QC-time-services: Daemon: Time-services: Waiting to acceptconnection
11-01 00:08:40.487   562   562 D WVCdm   : OEMCrypto_Initialize Level 1 success. I will use level 1.
11-01 00:08:40.487   562   562 D WVCdm   : CryptoSession::Open: Lock: requested_security_level: L3
11-01 00:08:40.494   562   562 W WVCdm   : DeviceFiles::RetrieveHashedFile: /data/mediadrm/IDM1013/L3/cert.bin does not exist
11-01 00:08:40.495   562   562 D QSEECOMAPI: : QSEECom_dealloc_memory 
11-01 00:08:40.495   562   562 D QSEECOMAPI: : QSEECom_shutdown_app, app_id = 3585
11-01 00:08:40.508   562   644 I WVCdm   : Level3 Library 4445 May 19 2017 17:17:20
11-01 00:08:40.512   562   644 D QSEECOMAPI: : QSEECom_get_handle sb_length = 0x19000
11-01 00:08:40.512   562   644 D QSEECOMAPI: : App is not loaded in QSEE
11-01 00:08:40.569   562   644 D QSEECOMAPI: : Loaded image: APP id = 3586
11-01 00:08:40.574   562   644 D QSAPPSVER: qsapps_get_capabilities: Capability from secure side: 0x0
11-01 00:08:40.574   562   644 D QSAPPSVER: qsapps_get_capabilities: returns 0
11-01 00:08:40.574   562   644 E DrmWidevineDash: sion_buffer g_wv_fhandle->ion_sbuffer  0x0xeeb19000
11-01 00:08:40.576   372   376 D DrmLibTime: got the req here! ret=0
11-01 00:08:40.576   372   376 D DrmLibTime: command id, time_cmd_id = 770
11-01 00:08:40.576   372   376 D DrmLibTime: time_getutcsec starts!
11-01 00:08:40.576   372   376 D DrmLibTime: QSEE Time Listener: time_getutcsec
11-01 00:08:40.576   372   376 D DrmLibTime: QSEE Time Listener: get_utc_seconds
11-01 00:08:40.576   372   376 D DrmLibTime: QSEE Time Listener: time_get_modem_time
11-01 00:08:40.576   372   376 D DrmLibTime: QSEE Time Listener: Checking if ATS_MODEM is set or not.
11-01 00:08:40.576   372   376 D QC-time-services: Lib:time_genoff_operation: pargs->base = 13
11-01 00:08:40.576   372   376 D QC-time-services: Lib:time_genoff_operation: pargs->operation = 2
11-01 00:08:40.576   372   376 D QC-time-services: Lib:time_genoff_operation: pargs->ts_val = 0
11-01 00:08:40.576   372   376 D QC-time-services: Lib:time_genoff_operation: Send to server  passed!!
11-01 00:08:40.576   625   647 D QC-time-services: Daemon: Connection accepted:time_genoff
11-01 00:08:40.577   625 22750 D QC-time-services: Daemon:Received base = 13, unit = 1, operation = 2,value = 0
11-01 00:08:40.577   625 22750 D QC-time-services: Daemon:genoff_opr: Base = 13, val = 0, operation = 2
11-01 00:08:40.577   625 22750 D QC-time-services: offset is: 0 for base: 13
11-01 00:08:40.577   372   376 E QC-time-services: Receive Passed == base = 13, unit = 1, operation = 2, result = 0
11-01 00:08:40.577   372   376 D DrmLibTime: QSEE Time Listener: ATS_MODEM is not set. Fallback to Android system time.
11-01 00:08:40.577   372   376 D DrmLibTime: QSEE Time Listener: Retrieved Android system time: 1667257720
11-01 00:08:40.577   372   376 D DrmLibTime: time_getutcsec returns 0, sec = 1667257720; nsec = 0
11-01 00:08:40.577   372   376 D DrmLibTime: time_getutcsec finished! 
11-01 00:08:40.577   372   376 D DrmLibTime: iotcl_continue_command finished! and return 0 
11-01 00:08:40.577   372   376 D DrmLibTime: before calling ioctl to read the next time_cmd
11-01 00:08:40.577   625   647 E QC-time-services: Daemon: Time-services: Waiting to acceptconnection
11-01 00:08:40.601   562   644 D WVCdm   : OEMCrypto_Initialize Level 1 success. I will use level 1.
11-01 00:08:40.602   562   644 D WVCdm   : CryptoSession::Open: Lock: requested_security_level: L3
11-01 00:08:40.615 21836 21836 I cr_media: Provisioning origin ID F7C75D56382B290C54EAA47A5B1DB48E
11-01 00:08:40.618 21836 21836 I MediaDrm: Drm event (1,0)
11-01 00:08:40.618 21836 21836 E cr_media: EventListener: No session for event 1.
11-01 00:08:40.645 22752 22752 E /system/bin/webview_zygote32: failed to make and chown /acct/uid_99104: Permission denied
11-01 00:08:40.645 22752 22752 E Zygote  : createProcessGroup(99104, 0) failed: Permission denied
11-01 00:08:24.926   772   791 E BatteryStatsService: no controller energy info supplied
11-01 00:08:40.648   772  4540 I ActivityManager: Start proc 22752:com.android.chrome:sandboxed_process30/u0i104 for webview_service com.android.chrome/org.chromium.content.app.SandboxedProcessService30
11-01 00:08:40.670 22752 22752 I SamplingProfilerIntegration: Profiling disabled.
11-01 00:08:40.673   562 19050 D QSEECOMAPI: : QSEECom_dealloc_memory 
11-01 00:08:40.673   562 19050 D QSEECOMAPI: : QSEECom_shutdown_app, app_id = 3586
11-01 00:08:40.693 22766 22766 E asset   : setgid: Operation not permitted
11-01 00:08:40.693 21836 21836 I cr_media: Create MediaDrmBridge with level L1 and origin F7C75D56382B290C54EAA47A5B1DB48E
11-01 00:08:40.695   361   361 W /system/bin/hwservicemanager: getTransportFromManifest: Cannot find entry android.hardware.drm@1.0::IDrmFactory in either framework or device manifest, using default transport.
11-01 00:08:40.698   562 28303 I DrmHal  : makeDrmFactories: using default drm instance
11-01 00:08:40.700   361   361 W /system/bin/hwservicemanager: getTransportFromManifest: Cannot find entry android.hardware.drm@1.0::IDrmFactory in either framework or device manifest, using default transport.
11-01 00:08:40.703   562  5487 I DrmHal  : makeDrmFactories: using default drm instance
11-01 00:08:40.704   562   644 I WVCdm   : CdmEngine::QueryStatus
11-01 00:08:40.705   562   644 I WVCdm   : Level3 Library 4445 May 19 2017 17:17:20
11-01 00:08:40.708   562   644 D QSEECOMAPI: : QSEECom_get_handle sb_length = 0x19000
11-01 00:08:40.708   562   644 D QSEECOMAPI: : App is not loaded in QSEE
11-01 00:08:40.725 22752 22752 I cr_SplitCompatApp: Launched version=106.0.5249.79 minSdkVersion=24 isBundle=true processName=com.android.chrome:sandboxed_process30 isIsolated=true
11-01 00:08:40.733 22752 22752 W SystemServiceRegistry: No service published for: uimode
11-01 00:08:40.741 22752 22752 I cr_ChildProcessService: Creating new ChildProcessService pid=22752
11-01 00:08:40.754 22752 22752 E WebViewFactory: can't load with relro file; address space not reserved
11-01 00:08:40.759   562   644 D QSEECOMAPI: : Loaded image: APP id = 3587
11-01 00:08:40.761   562   644 D QSAPPSVER: qsapps_get_capabilities: Capability from secure side: 0x0
11-01 00:08:40.761   562   644 D QSAPPSVER: qsapps_get_capabilities: returns 0
11-01 00:08:40.761   562   644 E DrmWidevineDash: sion_buffer g_wv_fhandle->ion_sbuffer  0x0xee63a000
11-01 00:08:40.764 22752 22771 I cr_LibraryLoader: Successfully loaded native library
11-01 00:08:40.764   372   376 D DrmLibTime: got the req here! ret=0
11-01 00:08:40.764   372   376 D DrmLibTime: command id, time_cmd_id = 770
11-01 00:08:40.764   372   376 D DrmLibTime: time_getutcsec starts!
11-01 00:08:40.764   372   376 D DrmLibTime: QSEE Time Listener: time_getutcsec
11-01 00:08:40.764   372   376 D DrmLibTime: QSEE Time Listener: get_utc_seconds
11-01 00:08:40.765   372   376 D DrmLibTime: QSEE Time Listener: time_get_modem_time
11-01 00:08:40.765   372   376 D DrmLibTime: QSEE Time Listener: Checking if ATS_MODEM is set or not.
11-01 00:08:40.765   372   376 D QC-time-services: Lib:time_genoff_operation: pargs->base = 13
11-01 00:08:40.765   372   376 D QC-time-services: Lib:time_genoff_operation: pargs->operation = 2
11-01 00:08:40.765   372   376 D QC-time-services: Lib:time_genoff_operation: pargs->ts_val = 0
11-01 00:08:40.765   372   376 D QC-time-services: Lib:time_genoff_operation: Send to server  passed!!
11-01 00:08:40.765   625   647 D QC-time-services: Daemon: Connection accepted:time_genoff
11-01 00:08:40.765 22752 22771 I cr_CachingUmaRecorder: Flushed 3 samples from 3 histograms.
11-01 00:08:40.765   625 22773 D QC-time-services: Daemon:Received base = 13, unit = 1, operation = 2,value = 0
11-01 00:08:40.765   625 22773 D QC-time-services: Daemon:genoff_opr: Base = 13, val = 0, operation = 2
11-01 00:08:40.765   625 22773 D QC-time-services: offset is: 0 for base: 13
11-01 00:08:40.765   372   376 E QC-time-services: Receive Passed == base = 13, unit = 1, operation = 2, result = 0
11-01 00:08:40.766   372   376 D DrmLibTime: QSEE Time Listener: ATS_MODEM is not set. Fallback to Android system time.
11-01 00:08:40.766   372   376 D DrmLibTime: QSEE Time Listener: Retrieved Android system time: 1667257720
11-01 00:08:40.766   372   376 D DrmLibTime: time_getutcsec returns 0, sec = 1667257720; nsec = 0
11-01 00:08:40.766   372   376 D DrmLibTime: time_getutcsec finished! 
11-01 00:08:40.766   372   376 D DrmLibTime: iotcl_continue_command finished! and return 0 
11-01 00:08:40.766   372   376 D DrmLibTime: before calling ioctl to read the next time_cmd
11-01 00:08:40.766   625   647 E QC-time-services: Daemon: Time-services: Waiting to acceptconnection
11-01 00:08:40.794   562   644 D WVCdm   : OEMCrypto_Initialize Level 1 success. I will use level 1.
11-01 00:08:40.795   562   644 D QSEECOMAPI: : QSEECom_dealloc_memory 
11-01 00:08:40.795   562   644 D QSEECOMAPI: : QSEECom_shutdown_app, app_id = 3587
11-01 00:08:40.799 22776 22776 W ThreadPoolForeg: type=1400 audit(0.0:19952): avc: denied { setattr } for name="LICENSE.txt" dev="dm-2" ino=1504944 scontext=u:r:isolated_app:s0:c512,c768 tcontext=u:object_r:app_data_file:s0:c512,c768 tclass=file permissive=0
11-01 00:08:40.802 22776 22776 W ThreadPoolForeg: type=1400 audit(0.0:19953): avc: denied { setattr } for name=46696C746572696E672052756C6573 dev="dm-2" ino=1504945 scontext=u:r:isolated_app:s0:c512,c768 tcontext=u:object_r:app_data_file:s0:c512,c768 tclass=file permissive=0
11-01 00:08:40.802 22776 22776 W ThreadPoolForeg: type=1400 audit(0.0:19954): avc: denied { setattr } for name="manifest.json" dev="dm-2" ino=1504946 scontext=u:r:isolated_app:s0:c512,c768 tcontext=u:object_r:app_data_file:s0:c512,c768 tclass=file permissive=0
11-01 00:08:40.805 22776 22776 W ThreadPoolForeg: type=1400 audit(0.0:19955): avc: denied { setattr } for name="verified_contents.json" dev="dm-2" ino=1504948 scontext=u:r:isolated_app:s0:c512,c768 tcontext=u:object_r:app_data_file:s0:c512,c768 tclass=file permissive=0
11-01 00:08:40.808   562 19050 I WVCdm   : CdmEngine::OpenSession
11-01 00:08:40.808   562 19050 I WVCdm   : Level3 Library 4445 May 19 2017 17:17:20
11-01 00:08:40.812   562 19050 D QSEECOMAPI: : QSEECom_get_handle sb_length = 0x19000
11-01 00:08:40.812   562 19050 D QSEECOMAPI: : App is not loaded in QSEE
11-01 00:08:40.814 22752 22771 I chromium: [INFO:child_process_service.cc(69)] ChildProcessService: Exiting child process.
11-01 00:08:40.816   422   422 E lowmemorykiller: Error writing /proc/22752/oom_score_adj; errno=22
11-01 00:08:40.817   772  4540 I ActivityManager: Killing 22752:com.android.chrome:sandboxed_process30/u0a60i104 (adj 0): isolated not needed
11-01 00:08:40.817   772   790 W zygote64: failed to open /acct/uid_99104/pid_22752/cgroup.procs: No such file or directory
11-01 00:08:40.854   562 19050 D QSEECOMAPI: : Loaded image: APP id = 3588
11-01 00:08:40.859   562 19050 D QSAPPSVER: qsapps_get_capabilities: Capability from secure side: 0x0
11-01 00:08:40.859   562 19050 D QSAPPSVER: qsapps_get_capabilities: returns 0
11-01 00:08:40.859   562 19050 E DrmWidevineDash: sion_buffer g_wv_fhandle->ion_sbuffer  0x0xee63a000
11-01 00:08:40.862   372   376 D DrmLibTime: got the req here! ret=0
11-01 00:08:40.862   372   376 D DrmLibTime: command id, time_cmd_id = 770
11-01 00:08:40.862   372   376 D DrmLibTime: time_getutcsec starts!
11-01 00:08:40.862   372   376 D DrmLibTime: QSEE Time Listener: time_getutcsec
11-01 00:08:40.862   372   376 D DrmLibTime: QSEE Time Listener: get_utc_seconds
11-01 00:08:40.862   372   376 D DrmLibTime: QSEE Time Listener: time_get_modem_time
11-01 00:08:40.862   372   376 D DrmLibTime: QSEE Time Listener: Checking if ATS_MODEM is set or not.
11-01 00:08:40.862   372   376 D QC-time-services: Lib:time_genoff_operation: pargs->base = 13
11-01 00:08:40.862   372   376 D QC-time-services: Lib:time_genoff_operation: pargs->operation = 2
11-01 00:08:40.862   372   376 D QC-time-services: Lib:time_genoff_operation: pargs->ts_val = 0
11-01 00:08:40.863   372   376 D QC-time-services: Lib:time_genoff_operation: Send to server  passed!!
11-01 00:08:40.863   625   647 D QC-time-services: Daemon: Connection accepted:time_genoff
11-01 00:08:40.864   625 22780 D QC-time-services: Daemon:Received base = 13, unit = 1, operation = 2,value = 0
11-01 00:08:40.864   625 22780 D QC-time-services: Daemon:genoff_opr: Base = 13, val = 0, operation = 2
11-01 00:08:40.864   625 22780 D QC-time-services: offset is: 0 for base: 13
11-01 00:08:40.864   372   376 E QC-time-services: Receive Passed == base = 13, unit = 1, operation = 2, result = 0
11-01 00:08:40.864   372   376 D DrmLibTime: QSEE Time Listener: ATS_MODEM is not set. Fallback to Android system time.
11-01 00:08:40.864   372   376 D DrmLibTime: QSEE Time Listener: Retrieved Android system time: 1667257720
11-01 00:08:40.864   372   376 D DrmLibTime: time_getutcsec returns 0, sec = 1667257720; nsec = 0
11-01 00:08:40.864   372   376 D DrmLibTime: time_getutcsec finished! 
11-01 00:08:40.864   372   376 D DrmLibTime: iotcl_continue_command finished! and return 0 
