--------- beginning of system
11-01 00:07:36.942   772   785 I ActivityManager: Force stopping com.android.chrome appid=10060 user=0: from pid 21834
11-01 00:07:36.943   772   785 I ActivityManager: Killing 21663:com.android.chrome/u0a60 (adj 700): stop com.android.chrome
--------- beginning of main
11-01 00:07:36.957  1311  1311 D CarrierSvcBindHelper: No carrier app for: 0
11-01 00:07:36.968  2964  2964 D RegisteredNfcFServicesCache: Service unchanged, not updating
11-01 00:07:37.204   772   785 I ActivityManager: START u0 {act=android.intent.action.VIEW flg=0x10008000 cmp=com.android.chrome/com.google.android.apps.chrome.Main} from uid 2000
11-01 00:07:37.215   772   830 E ResourceType: Style contains key with bad entry: 0x0101062c
11-01 00:07:37.225   772   830 E ResourceType: Style contains key with bad entry: 0x0101062c
11-01 00:07:37.248   772   996 I ActivityManager: Start proc 21836:com.android.chrome/u0a60 for activity com.android.chrome/com.google.android.apps.chrome.Main
11-01 00:07:37.351 21836 21836 I cr_SplitCompatApp: Launched version=106.0.5249.79 minSdkVersion=24 isBundle=true processName=com.android.chrome isIsolated=false
11-01 00:07:37.418 29486 29650 I FontLog : Received query Google Sans, URI content://com.google.android.gms.fonts [CONTEXT service_id=132 ]
11-01 00:07:37.419 29486 29650 I FontLog : Query [Google Sans] resolved to {Google Sans, wdth 100.0, wght 400, ital 0.0, bestEffort false} [CONTEXT service_id=132 ]
11-01 00:07:37.421 29486 29650 I FontLog : Font PFD returned from cache for {Google Sans, wdth 100.0, wght 400, ital 0.0, bestEffort false} [CONTEXT service_id=132 ]
11-01 00:07:37.421 29486 29650 I FontLog : Fetch {Google Sans, wdth 100.0, wght 400, ital 0.0, bestEffort false} end status Status{statusCode=SUCCESS, resolution=null} [CONTEXT service_id=132 ]
11-01 00:07:37.432 29486 29651 I FontLog : Pulling font file for id = 1022, cache size = 7 [CONTEXT service_id=132 ]
11-01 00:07:37.444 29486 17541 I FontLog : Received query Google Sans:500, URI content://com.google.android.gms.fonts [CONTEXT service_id=132 ]
11-01 00:07:37.445 29486 17541 I FontLog : Query [Google Sans:500] resolved to {Google Sans, wdth 100.0, wght 500, ital 0.0, bestEffort false} [CONTEXT service_id=132 ]
11-01 00:07:37.446 29486 17541 I FontLog : Font PFD returned from cache for {Google Sans, wdth 100.0, wght 500, ital 0.0, bestEffort false} [CONTEXT service_id=132 ]
11-01 00:07:37.446 29486 17541 I FontLog : Fetch {Google Sans, wdth 100.0, wght 500, ital 0.0, bestEffort false} end status Status{statusCode=SUCCESS, resolution=null} [CONTEXT service_id=132 ]
11-01 00:07:37.453 29486 29497 I FontLog : Pulling font file for id = 1023, cache size = 6 [CONTEXT service_id=132 ]
11-01 00:07:37.461 29486 30686 I FontLog : Received query Google Sans:700, URI content://com.google.android.gms.fonts [CONTEXT service_id=132 ]
11-01 00:07:37.461 29486 30686 I FontLog : Query [Google Sans:700] resolved to {Google Sans, wdth 100.0, wght 700, ital 0.0, bestEffort false} [CONTEXT service_id=132 ]
11-01 00:07:37.465 29486 30686 I FontLog : Fetch {Google Sans, wdth 100.0, wght 700, ital 0.0, bestEffort false} end status Status{statusCode=SUCCESS, resolution=null} [CONTEXT service_id=132 ]
11-01 00:07:37.469 29486 29650 I FontLog : Pulling font file for id = 1024, cache size = 7 [CONTEXT service_id=132 ]
11-01 00:07:37.504 21836 21855 I cr_LibraryLoader: Successfully loaded native library
11-01 00:07:37.504 21836 21855 I cr_CachingUmaRecorder: Flushed 19 samples from 19 histograms.
11-01 00:07:37.586 21836 21836 E ResourceType: Style contains key with bad entry: 0x0101062c
11-01 00:07:37.627 21836 21858 W DynamiteModule: Local module descriptor class for com.google.android.gms.googlecertificates not found.
11-01 00:07:37.666 21836 21858 W zygote  : Skipping duplicate class check due to unrecognized classloader
11-01 00:07:37.673 21836 21858 I DynamiteModule: Considering local module com.google.android.gms.googlecertificates:0 and remote module com.google.android.gms.googlecertificates:7
11-01 00:07:37.674 21836 21858 I DynamiteModule: Selected remote version of com.google.android.gms.googlecertificates, version >= 7
11-01 00:07:37.688   772  3854 I ActivityManager: START u0 {cmp=com.android.chrome/org.chromium.chrome.browser.firstrun.FirstRunActivity (has extras)} from uid 10060
11-01 00:07:37.728 21836 21858 W zygote  : Skipping duplicate class check due to unrecognized classloader
11-01 00:07:37.733 21836 21836 E ResourceType: Style contains key with bad entry: 0x0101062c
11-01 00:07:37.771   772   785 W AppOps  : Bad call: specified package com.google.android.gms under uid 10060 but it is really 10020
11-01 00:07:37.771   772   785 W AppOps  : java.lang.RuntimeException: here
11-01 00:07:37.771   772   785 W AppOps  : 	at com.android.server.AppOpsService.getOpsRawLocked(AppOpsService.java:1319)
11-01 00:07:37.771   772   785 W AppOps  : 	at com.android.server.AppOpsService.checkPackage(AppOpsService.java:1038)
11-01 00:07:37.771   772   785 W AppOps  : 	at com.android.internal.app.IAppOpsService$Stub.onTransact(IAppOpsService.java:169)
11-01 00:07:37.771   772   785 W AppOps  : 	at android.os.Binder.execTransact(Binder.java:674)
11-01 00:07:37.772   772  3854 W AppOps  : Bad call: specified package com.google.android.gms under uid 10060 but it is really 10020
11-01 00:07:37.772   772  3854 W AppOps  : java.lang.RuntimeException: here
11-01 00:07:37.772   772  3854 W AppOps  : 	at com.android.server.AppOpsService.getOpsRawLocked(AppOpsService.java:1319)
11-01 00:07:37.772   772  3854 W AppOps  : 	at com.android.server.AppOpsService.checkPackage(AppOpsService.java:1038)
11-01 00:07:37.772   772  3854 W AppOps  : 	at com.android.internal.app.IAppOpsService$Stub.onTransact(IAppOpsService.java:169)
11-01 00:07:37.772   772  3854 W AppOps  : 	at android.os.Binder.execTransact(Binder.java:674)
11-01 00:07:37.779   772   996 W AppOps  : Bad call: specified package com.google.android.gms under uid 10060 but it is really 10020
11-01 00:07:37.779   772   996 W AppOps  : java.lang.RuntimeException: here
11-01 00:07:37.779   772   996 W AppOps  : 	at com.android.server.AppOpsService.getOpsRawLocked(AppOpsService.java:1319)
11-01 00:07:37.779   772   996 W AppOps  : 	at com.android.server.AppOpsService.checkPackage(AppOpsService.java:1038)
11-01 00:07:37.779   772   996 W AppOps  : 	at com.android.internal.app.IAppOpsService$Stub.onTransact(IAppOpsService.java:169)
11-01 00:07:37.779   772   996 W AppOps  : 	at android.os.Binder.execTransact(Binder.java:674)
11-01 00:07:37.781   772  3037 W AppOps  : Bad call: specified package com.google.android.gms under uid 10060 but it is really 10020
11-01 00:07:37.781   772  3037 W AppOps  : java.lang.RuntimeException: here
11-01 00:07:37.781   772  3037 W AppOps  : 	at com.android.server.AppOpsService.getOpsRawLocked(AppOpsService.java:1319)
11-01 00:07:37.781   772  3037 W AppOps  : 	at com.android.server.AppOpsService.checkPackage(AppOpsService.java:1038)
11-01 00:07:37.781   772  3037 W AppOps  : 	at com.android.internal.app.IAppOpsService$Stub.onTransact(IAppOpsService.java:169)
11-01 00:07:37.781   772  3037 W AppOps  : 	at android.os.Binder.execTransact(Binder.java:674)
11-01 00:07:37.856 29486 29647 E bfry    : Phenotype API error. Event # ddoj@3ef0a36, EventCode: 7 [CONTEXT service_id=51 ]
11-01 00:07:37.856 29486 29647 E bfry    : bfra: 29505: No config packages for log source, or config package not registered
11-01 00:07:37.856 29486 29647 E bfry    : 	at bfst.b(:com.google.android.gms@223616019@22.36.16 (040400-476895098):4)
11-01 00:07:37.856 29486 29647 E bfry    : 	at bfsq.g(:com.google.android.gms@223616019@22.36.16 (040400-476895098):0)
11-01 00:07:37.856 29486 29647 E bfry    : 	at bfry.e(:com.google.android.gms@223616019@22.36.16 (040400-476895098):4)
11-01 00:07:37.856 29486 29647 E bfry    : 	at bfry.f(:com.google.android.gms@223616019@22.36.16 (040400-476895098):2)
11-01 00:07:37.856 29486 29647 E bfry    : 	at arjg.ep(:com.google.android.gms@223616019@22.36.16 (040400-476895098):1)
11-01 00:07:37.856 29486 29647 E bfry    : 	at arjm.run(:com.google.android.gms@223616019@22.36.16 (040400-476895098):12)
11-01 00:07:37.856 29486 29647 E bfry    : 	at cjoq.run(:com.google.android.gms@223616019@22.36.16 (040400-476895098):2)
11-01 00:07:37.856 29486 29647 E bfry    : 	at aarl.c(:com.google.android.gms@223616019@22.36.16 (040400-476895098):6)
11-01 00:07:37.856 29486 29647 E bfry    : 	at aarl.run(:com.google.android.gms@223616019@22.36.16 (040400-476895098):7)
11-01 00:07:37.856 29486 29647 E bfry    : 	at java.util.concurrent.ThreadPoolExecutor.runWorker(ThreadPoolExecutor.java:1162)
11-01 00:07:37.856 29486 29647 E bfry    : 	at java.util.concurrent.ThreadPoolExecutor$Worker.run(ThreadPoolExecutor.java:636)
11-01 00:07:37.856 29486 29647 E bfry    : 	at aaws.run(:com.google.android.gms@223616019@22.36.16 (040400-476895098):0)
11-01 00:07:37.856 29486 29647 E bfry    : 	at java.lang.Thread.run(Thread.java:764)
11-01 00:07:37.857 29486 29647 W AsyncOperation: operation=GetExperimentTokensOperationCall, opStatusCode=29505 [CONTEXT service_id=51 ]
11-01 00:07:37.857 29486 29647 W AsyncOperation: OperationException[Status{statusCode=No config packages for log source, or config package not registered, resolution=null}]
11-01 00:07:37.857 29486 29647 W AsyncOperation: 	at bfry.e(:com.google.android.gms@223616019@22.36.16 (040400-476895098):6)
11-01 00:07:37.857 29486 29647 W AsyncOperation: 	at bfry.f(:com.google.android.gms@223616019@22.36.16 (040400-476895098):2)
11-01 00:07:37.857 29486 29647 W AsyncOperation: 	at arjg.ep(:com.google.android.gms@223616019@22.36.16 (040400-476895098):1)
11-01 00:07:37.857 29486 29647 W AsyncOperation: 	at arjm.run(:com.google.android.gms@223616019@22.36.16 (040400-476895098):12)
11-01 00:07:37.857 29486 29647 W AsyncOperation: 	at cjoq.run(:com.google.android.gms@223616019@22.36.16 (040400-476895098):2)
11-01 00:07:37.857 29486 29647 W AsyncOperation: 	at aarl.c(:com.google.android.gms@223616019@22.36.16 (040400-476895098):6)
11-01 00:07:37.857 29486 29647 W AsyncOperation: 	at aarl.run(:com.google.android.gms@223616019@22.36.16 (040400-476895098):7)
11-01 00:07:37.857 29486 29647 W AsyncOperation: 	at java.util.concurrent.ThreadPoolExecutor.runWorker(ThreadPoolExecutor.java:1162)
11-01 00:07:37.857 29486 29647 W AsyncOperation: 	at java.util.concurrent.ThreadPoolExecutor$Worker.run(ThreadPoolExecutor.java:636)
11-01 00:07:37.857 29486 29647 W AsyncOperation: 	at aaws.run(:com.google.android.gms@223616019@22.36.16 (040400-476895098):0)
11-01 00:07:37.857 29486 29647 W AsyncOperation: 	at java.lang.Thread.run(Thread.java:764)
11-01 00:07:37.965 21836 21836 W ResourceType: Failure getting entry for 0x7f010055 (t=0 e=85) (error -75)
11-01 00:07:37.990 21836 21865 D OpenGLRenderer: HWUI GL Pipeline
11-01 00:07:38.014 21836 21865 I Adreno  : QUALCOMM build                   : 7142022, Ib5823dd10c
11-01 00:07:38.014 21836 21865 I Adreno  : Build Date                       : 06/23/17
11-01 00:07:38.014 21836 21865 I Adreno  : OpenGL ES Shader Compiler Version: EV031.18.00.00
11-01 00:07:38.014 21836 21865 I Adreno  : Local Branch                     : O11A
11-01 00:07:38.014 21836 21865 I Adreno  : Remote Branch                    : 
11-01 00:07:38.014 21836 21865 I Adreno  : Remote Branch                    : 
11-01 00:07:38.014 21836 21865 I Adreno  : Reconstruct Branch               : 
11-01 00:07:38.015 21836 21865 I vndksupport: sphal namespace is not configured for this process. Loading /vendor/lib/hw/gralloc.msm8992.so from the current namespace instead.
11-01 00:07:38.023 21836 21865 I Adreno  : PFP: 0x00000000, ME: 0x00000000
11-01 00:07:38.023 21836 21836 W RecyclerView: No adapter attached; skipping layout
11-01 00:07:38.030 21836 21865 I OpenGLRenderer: Initialized EGL, version 1.4
11-01 00:07:38.030 21836 21865 D OpenGLRenderer: Swap behavior 2
11-01 00:07:38.038 21836 21836 I cr_StartSurfaceConfig: Recorded Startup.Android.FirstDrawCompletedTime.NoInstant = 143 ms
11-01 00:07:38.045 21836 21851 D NetworkSecurityConfig: Using Network Security Config from resource 0_resource_name_obfuscated debugBuild: false
11-01 00:07:38.368   361   361 W /system/bin/hwservicemanager: getTransportFromManifest: Cannot find entry android.hardware.graphics.mapper@2.0::IMapper in either framework or device manifest, using default transport.
11-01 00:07:38.372 21836 21865 I vndksupport: sphal namespace is not configured for this process. Loading /vendor/lib/hw/gralloc.msm8992.so from the current namespace instead.
11-01 00:07:38.429   772   797 I ActivityManager: Displayed com.android.chrome/org.chromium.chrome.browser.firstrun.FirstRunActivity: +595ms (total +1s191ms)
11-01 00:07:38.451 17973 18007 I PBSessionCacheImpl: Deleted sessionId[9018924028875] from persistence.
11-01 00:07:38.463  8266  8266 I MemoryTrimmer: Trimming objects from memory, since app is in the background.
11-01 00:07:38.467 21836 21851 I cr_VariationsSeedFetch: Fetched first run seed in 424 ms
11-01 00:07:38.475  8266 21584 V rsC++   : RS Message thread exiting.
11-01 00:07:38.498 17973 17973 I MicroDetector: Keeping mic open: false
11-01 00:07:38.498 17973 18018 I MicroRecognitionRunner: Stopping hotword detection.
11-01 00:07:38.499 17973 19658 I DeviceStateChecker: DeviceStateChecker cancelled
11-01 00:07:38.499 17973 18017 I AudioController: internalShutdown
11-01 00:07:38.499 17973 18017 I MicrophoneInputStream: mic_close com.google.android.apps.gsa.speech.audio.af@2f2a6da
11-01 00:07:38.545   556 21587 D audio_hw_primary: disable_audio_route: usecase(9) reset and update mixer path: audio-record
11-01 00:07:38.545   556 21587 D audio_hw_primary: disable_snd_device: snd_device(72: voice-rec-mic)
11-01 00:07:38.549   556 21587 D sound_trigger_platform: platform_stdev_check_and_update_concurrency: concurrency active 0, tx 0, rx 0, concurrency session_allowed 1
11-01 00:07:38.551   556   753 I SoundTriggerHwService::Module: onCallbackEvent no clients
11-01 00:07:38.554 17973 18008 I MicroRecognitionRunner: Detection finished
11-01 00:07:38.567 21873 21873 E /system/bin/webview_zygote32: failed to make and chown /acct/uid_99074: Permission denied
11-01 00:07:38.567 21873 21873 E Zygote  : createProcessGroup(99074, 0) failed: Permission denied
11-01 00:07:38.571   772 10893 I ActivityManager: Start proc 21873:com.android.chrome:sandboxed_process0/u0i74 for webview_service com.android.chrome/org.chromium.content.app.SandboxedProcessService0
11-01 00:07:38.585 21873 21873 I SamplingProfilerIntegration: Profiling disabled.
11-01 00:07:38.601 21887 21887 E asset   : setgid: Operation not permitted
11-01 00:07:38.631 21873 21873 I cr_SplitCompatApp: Launched version=106.0.5249.79 minSdkVersion=24 isBundle=true processName=com.android.chrome:sandboxed_process0 isIsolated=true
11-01 00:07:38.636 21873 21873 W SystemServiceRegistry: No service published for: uimode
11-01 00:07:38.643 21873 21873 I cr_ChildProcessService: Creating new ChildProcessService pid=21873
11-01 00:07:38.649 21873 21873 E WebViewFactory: can't load with relro file; address space not reserved
11-01 00:07:38.722   772 20193 I ActivityManager: Start proc 21904:com.android.chrome:privileged_process0/u0a60 for service com.android.chrome/org.chromium.content.app.PrivilegedProcessService0
11-01 00:07:38.778 21904 21904 I cr_SplitCompatApp: Launched version=106.0.5249.79 minSdkVersion=24 isBundle=true processName=com.android.chrome:privileged_process0 isIsolated=false
11-01 00:07:38.788 21904 21904 I cr_ChildProcessService: Creating new ChildProcessService pid=21904
11-01 00:07:38.811 21836 21836 I cr_SmsProviderGms: construction successfull y93@bd057b0, v93@48d2629
11-01 00:07:38.821 29692 29692 D BoundBrokerSvc: onBind: Intent { act=com.google.android.gms.auth.key.retrieval.service.START dat=chimera-action:com.google.android.gms.auth.key.retrieval.service.START cmp=com.google.android.gms/.chimera.GmsApiService }
11-01 00:07:38.821 29692 29692 D BoundBrokerSvc: Loading bound service for intent: Intent { act=com.google.android.gms.auth.key.retrieval.service.START dat=chimera-action:com.google.android.gms.auth.key.retrieval.service.START cmp=com.google.android.gms/.chimera.GmsApiService }
11-01 00:07:38.840 21904 21919 I cr_LibraryLoader: Successfully loaded native library
11-01 00:07:38.841 21904 21919 I cr_CachingUmaRecorder: Flushed 3 samples from 3 histograms.
11-01 00:07:38.855 21904 21919 I Adreno  : QUALCOMM build                   : 7142022, Ib5823dd10c
11-01 00:07:38.855 21904 21919 I Adreno  : Build Date                       : 06/23/17
11-01 00:07:38.855 21904 21919 I Adreno  : OpenGL ES Shader Compiler Version: EV031.18.00.00
11-01 00:07:38.855 21904 21919 I Adreno  : Local Branch                     : O11A
11-01 00:07:38.855 21904 21919 I Adreno  : Remote Branch                    : 
11-01 00:07:38.855 21904 21919 I Adreno  : Remote Branch                    : 
11-01 00:07:38.855 21904 21919 I Adreno  : Reconstruct Branch               : 
11-01 00:07:38.855 21904 21919 I vndksupport: sphal namespace is not configured for this process. Loading /vendor/lib/hw/gralloc.msm8992.so from the current namespace instead.
11-01 00:07:38.860 21904 21919 I Adreno  : PFP: 0x00000000, ME: 0x00000000
11-01 00:07:38.897 21836 21836 W cr_KnoxSettingsProvider: Permission to read device policy denied.
11-01 00:07:39.422 21931 21931 E /system/bin/webview_zygote32: failed to make and chown /acct/uid_99075: Permission denied
11-01 00:07:39.422 21931 21931 E Zygote  : createProcessGroup(99075, 0) failed: Permission denied
11-01 00:07:39.424   772   996 I ActivityManager: Start proc 21931:com.android.chrome:sandboxed_process1/u0i75 for webview_service com.android.chrome/org.chromium.content.app.SandboxedProcessService1
11-01 00:07:39.440 21931 21931 I SamplingProfilerIntegration: Profiling disabled.
11-01 00:07:39.460 21944 21944 E asset   : setgid: Operation not permitted
11-01 00:07:39.490 21931 21931 I cr_SplitCompatApp: Launched version=106.0.5249.79 minSdkVersion=24 isBundle=true processName=com.android.chrome:sandboxed_process1 isIsolated=true
11-01 00:07:39.496 21931 21931 W SystemServiceRegistry: No service published for: uimode
11-01 00:07:39.508 21931 21931 I cr_ChildProcessService: Creating new ChildProcessService pid=21931
11-01 00:07:39.515 21931 21931 E WebViewFactory: can't load with relro file; address space not reserved
11-01 00:07:39.526 21931 21946 I cr_LibraryLoader: Successfully loaded native library
11-01 00:07:39.527 21931 21946 I cr_CachingUmaRecorder: Flushed 3 samples from 3 histograms.
11-01 00:07:39.563 21931 21946 I chromium: [INFO:child_process_service.cc(69)] ChildProcessService: Exiting child process.
11-01 00:07:39.565   422   422 E lowmemorykiller: Error writing /proc/21931/oom_score_adj; errno=22
11-01 00:07:39.566   772 20193 I ActivityManager: Killing 21931:com.android.chrome:sandboxed_process1/u0a60i75 (adj 0): isolated not needed
11-01 00:07:39.567   772   790 W zygote64: failed to open /acct/uid_99075/pid_21931/cgroup.procs: No such file or directory
11-01 00:07:41.045 21836 21836 E cr_BTSPrefs: No data found for task id: 53
11-01 00:07:41.047 21836 21836 E cr_BkgrdTaskScheduler: Task cannot be canceled because no data was found instorage or data was invalid
11-01 00:07:43.527 17973 19658 I EventLogSendingHelper: Sending log events.
11-01 00:07:44.026 21972 21972 D AndroidRuntime: >>>>>> START com.android.internal.os.RuntimeInit uid 2000 <<<<<<
11-01 00:07:44.167 21972 21972 D AndroidRuntime: Calling main entry com.android.commands.input.Input
11-01 00:07:44.183 21972 21972 I Input   : injectMotionEvent: MotionEvent { action=ACTION_DOWN, actionButton=0, id[0]=0, x[0]=540.0, y[0]=1660.0, toolType[0]=TOOL_TYPE_UNKNOWN, buttonState=0, metaState=0, flags=0x0, edgeFlags=0x0, pointerCount=1, historySize=0, eventTime=576162437, downTime=576162437, deviceId=8, source=0x1002 }
11-01 00:07:44.190 21972 21972 I Input   : injectMotionEvent: MotionEvent { action=ACTION_UP, actionButton=0, id[0]=0, x[0]=540.0, y[0]=1660.0, toolType[0]=TOOL_TYPE_UNKNOWN, buttonState=0, metaState=0, flags=0x0, edgeFlags=0x0, pointerCount=1, historySize=0, eventTime=576162437, downTime=576162437, deviceId=8, source=0x1002 }
11-01 00:07:44.192 21972 21972 D AndroidRuntime: Shutting down VM
11-01 00:07:44.210   556  6498 D audio_hw_primary: enable_snd_device: snd_device(88: vi-feedback)
11-01 00:07:44.210   556  6498 D audio_hw_primary: enable_audio_route: usecase(23) apply and update mixer path: spkr-vi-record
11-01 00:07:44.235   556  6498 D audio_hw_primary: enable_audio_route: usecase(1) apply and update mixer path: low-latency-playback
11-01 00:07:44.761   556   731 D audio_hw_primary: disable_audio_route: usecase(1) reset and update mixer path: low-latency-playback
11-01 00:07:44.776   556   731 D audio_hw_primary: disable_snd_device: snd_device(88: vi-feedback)
11-01 00:07:44.776   556   731 D audio_hw_primary: disable_audio_route: usecase(23) reset and update mixer path: spkr-vi-record
11-01 00:07:45.614 21987 21987 D AndroidRuntime: >>>>>> START com.android.internal.os.RuntimeInit uid 2000 <<<<<<
11-01 00:07:45.747 21987 21987 D AndroidRuntime: Calling main entry com.android.commands.input.Input
11-01 00:07:45.765 21987 21987 I Input   : injectMotionEvent: MotionEvent { action=ACTION_DOWN, actionButton=0, id[0]=0, x[0]=180.0, y[0]=1690.0, toolType[0]=TOOL_TYPE_UNKNOWN, buttonState=0, metaState=0, flags=0x0, edgeFlags=0x0, pointerCount=1, historySize=0, eventTime=576164017, downTime=576164017, deviceId=8, source=0x1002 }
11-01 00:07:45.770 21987 21987 I Input   : injectMotionEvent: MotionEvent { action=ACTION_UP, actionButton=0, id[0]=0, x[0]=180.0, y[0]=1690.0, toolType[0]=TOOL_TYPE_UNKNOWN, buttonState=0, metaState=0, flags=0x0, edgeFlags=0x0, pointerCount=1, historySize=0, eventTime=576164017, downTime=576164017, deviceId=8, source=0x1002 }
11-01 00:07:45.773 21987 21987 D AndroidRuntime: Shutting down VM
11-01 00:07:45.784   556  6498 D audio_hw_primary: enable_snd_device: snd_device(88: vi-feedback)
11-01 00:07:45.784   556  6498 D audio_hw_primary: enable_audio_route: usecase(23) apply and update mixer path: spkr-vi-record
11-01 00:07:45.791   772  1327 I ActivityManager: START u0 {act=android.intent.action.VIEW flg=0x10008000 cmp=com.android.chrome/com.google.android.apps.chrome.Main (has extras)} from uid 10060
11-01 00:07:45.798   772   830 E ResourceType: Style contains key with bad entry: 0x0101062c
11-01 00:07:45.799   772   830 E ResourceType: Style contains key with bad entry: 0x0101062c
11-01 00:07:45.808   556  6498 D audio_hw_primary: enable_audio_route: usecase(1) apply and update mixer path: low-latency-playback
11-01 00:07:45.824 21836 21836 E ResourceType: Style contains key with bad entry: 0x0101062c
11-01 00:07:45.827 21836 21836 E ResourceType: Style contains key with bad entry: 0x0101062c
11-01 00:07:45.881 21836 21836 W ResourceType: Failure getting entry for 0x7f010055 (t=0 e=85) (error -75)
11-01 00:07:45.886 21836 21836 I cr_CompositorSurfaceMgr: Transitioning to surface with format: -1
11-01 00:07:45.890 21836 21836 W ResourceType: Failure getting entry for 0x7f010530 (t=0 e=1328) (error -75)
11-01 00:07:45.939 21836 21892 W cr_tabmodel: Starting to perform legacy migration.
11-01 00:07:45.941 21836 21892 W cr_tabmodel: Finished performing legacy migration.
11-01 00:07:45.941 21836 21892 W cr_tabmodel: Starting to perform multi-instance migration.
11-01 00:07:45.942 21836 21892 W cr_tabmodel: Finished performing multi-instance migration.
11-01 00:07:45.942 21836 21892 I cr_tabmodel: Starting to fetch tab list for tab_state0
11-01 00:07:45.942 21836 21892 I cr_tabmodel: State file does not exist.
11-01 00:07:45.942 21836 21892 I cr_tabmodel: Starting to fetch tab list for tab_state1
11-01 00:07:45.943 21836 21892 I cr_tabmodel: State file does not exist.
11-01 00:07:46.001   772 10860 W ActivityManager: Duplicate finish request for ActivityRecord{d39ecad u0 com.android.chrome/org.chromium.chrome.browser.firstrun.FirstRunActivity t974 f}
11-01 00:07:46.007 21836 21900 W cr_PartnerCustomize: Partner homepage must be HTTP(S) or NewTabPage. Got invalid URL "org.chromium.url.GURL@0"
11-01 00:07:46.043 21836 21836 I cr_StartSurfaceConfig: Recorded Startup.Android.FirstDrawCompletedTime.NoInstant = 202 ms
11-01 00:07:46.045 21836 21865 D OpenGLRenderer: endAllActiveAnimators on 0xc61f8380 (RippleDrawable) with handle 0xc5ea9690
11-01 00:07:46.051 21836 21836 I cr_CompositorSurfaceMgr: Transitioning to surface with format: -1
11-01 00:07:46.054 21836 21836 I cr_CompositorSurfaceMgr: surfaceCreated format: 0
11-01 00:07:46.063 21836 21836 I cr_ChromeTabbedActivity: #initializeState
11-01 00:07:46.063 21836 21836 I cr_CipherFactory: #restoreFromBundle, no savedInstanceState.
11-01 00:07:46.063 21836 21836 I cr_tabmodel: #loadState, ignoreIncognitoFiles? true
11-01 00:07:46.070 21836 21836 I cr_tabmodel: Loaded tab lists; counts: 0,0
11-01 00:07:46.070 21836 21836 I cr_ChromeTabbedActivity: #createInitialTab executed.
11-01 00:07:46.094 21836 21836 E ResourceType: Style contains key with bad entry: 0x0101062c
11-01 00:07:46.141 21836 21836 W ResourceType: Failure getting entry for 0x7f010565 (t=0 e=1381) (error -75)
11-01 00:07:46.149 21836 21836 W ResourceType: Failure getting entry for 0x7f010551 (t=0 e=1361) (error -75)
11-01 00:07:46.153   772 10860 E BatteryStatsService: no controller energy info supplied
11-01 00:07:46.153   772 10860 E BatteryStatsService: no controller energy info supplied
11-01 00:07:46.223 21836 21836 W ResourceType: Failure getting entry for 0x7f01059a (t=0 e=1434) (error -75)
11-01 00:07:46.251   772  3854 W AppOps  : Bad call: specified package com.google.android.gms under uid 10060 but it is really 10020
11-01 00:07:46.251   772  3854 W AppOps  : java.lang.RuntimeException: here
11-01 00:07:46.251   772  3854 W AppOps  : 	at com.android.server.AppOpsService.getOpsRawLocked(AppOpsService.java:1319)
11-01 00:07:46.251   772  3854 W AppOps  : 	at com.android.server.AppOpsService.checkPackage(AppOpsService.java:1038)
11-01 00:07:46.251   772  3854 W AppOps  : 	at com.android.internal.app.IAppOpsService$Stub.onTransact(IAppOpsService.java:169)
11-01 00:07:46.251   772  3854 W AppOps  : 	at android.os.Binder.execTransact(Binder.java:674)
11-01 00:07:46.252   772 13022 W AppOps  : Bad call: specified package com.google.android.gms under uid 10060 but it is really 10020
11-01 00:07:46.252   772 13022 W AppOps  : java.lang.RuntimeException: here
11-01 00:07:46.252   772 13022 W AppOps  : 	at com.android.server.AppOpsService.getOpsRawLocked(AppOpsService.java:1319)
11-01 00:07:46.252   772 13022 W AppOps  : 	at com.android.server.AppOpsService.checkPackage(AppOpsService.java:1038)
11-01 00:07:46.252   772 13022 W AppOps  : 	at com.android.internal.app.IAppOpsService$Stub.onTransact(IAppOpsService.java:169)
11-01 00:07:46.252   772 13022 W AppOps  : 	at android.os.Binder.execTransact(Binder.java:674)
11-01 00:07:46.254   772 29404 W AppOps  : Bad call: specified package com.google.android.gms under uid 10060 but it is really 10020
11-01 00:07:46.254   772 29404 W AppOps  : java.lang.RuntimeException: here
11-01 00:07:46.254   772 29404 W AppOps  : 	at com.android.server.AppOpsService.getOpsRawLocked(AppOpsService.java:1319)
11-01 00:07:46.254   772 29404 W AppOps  : 	at com.android.server.AppOpsService.checkPackage(AppOpsService.java:1038)
11-01 00:07:46.254   772 29404 W AppOps  : 	at com.android.internal.app.IAppOpsService$Stub.onTransact(IAppOpsService.java:169)
11-01 00:07:46.254   772 29404 W AppOps  : 	at android.os.Binder.execTransact(Binder.java:674)
11-01 00:07:46.254   772  3041 W AppOps  : Bad call: specified package com.google.android.gms under uid 10060 but it is really 10020
11-01 00:07:46.254   772  3041 W AppOps  : java.lang.RuntimeException: here
11-01 00:07:46.254   772  3041 W AppOps  : 	at com.android.server.AppOpsService.getOpsRawLocked(AppOpsService.java:1319)
11-01 00:07:46.254   772  3041 W AppOps  : 	at com.android.server.AppOpsService.checkPackage(AppOpsService.java:1038)
11-01 00:07:46.254   772  3041 W AppOps  : 	at com.android.internal.app.IAppOpsService$Stub.onTransact(IAppOpsService.java:169)
11-01 00:07:46.254   772  3041 W AppOps  : 	at android.os.Binder.execTransact(Binder.java:674)
11-01 00:07:46.284 21836 21836 E cr_IntentUtils: getBooleanExtra failed on intent null
11-01 00:07:46.285 21836 21836 E cr_IntentUtils: getBooleanExtra failed on intent null
11-01 00:07:46.287 21873 21889 I cr_LibraryLoader: Successfully loaded native library
11-01 00:07:46.288 21873 21889 I cr_CachingUmaRecorder: Flushed 3 samples from 3 histograms.
11-01 00:07:46.328 21836 21836 W ResourceType: Failure getting entry for 0x7f010888 (t=0 e=2184) (error -75)
11-01 00:07:46.329 29486 29650 I FontLog : Received query name=Google Sans&weight=700&besteffort=false, URI content://com.google.android.gms.fonts [CONTEXT service_id=132 ]
11-01 00:07:46.329 29486 29650 I FontLog : Query [name=Google Sans&weight=700&besteffort=false] resolved to {Google Sans, wdth 100.0, wght 700, ital 0.0, bestEffort false} [CONTEXT service_id=132 ]
11-01 00:07:46.331 29486 29650 I FontLog : Fetch {Google Sans, wdth 100.0, wght 700, ital 0.0, bestEffort false} end status Status{statusCode=SUCCESS, resolution=null} [CONTEXT service_id=132 ]
11-01 00:07:46.332 21836 21836 W ResourceType: Failure getting entry for 0x7f010888 (t=0 e=2184) (error -75)
11-01 00:07:46.334 21836 21836 I chatty  : uid=10060(u0_a60) com.android.chrome:sandboxed identical 1 line
11-01 00:07:46.336 21836 21836 W ResourceType: Failure getting entry for 0x7f010888 (t=0 e=2184) (error -75)
11-01 00:07:46.337 29486 30686 I FontLog : Pulling font file for id = 1025, cache size = 8 [CONTEXT service_id=132 ]
11-01 00:07:46.337   556   731 D audio_hw_primary: disable_audio_route: usecase(1) reset and update mixer path: low-latency-playback
11-01 00:07:46.338 21836 21836 W ResourceType: Failure getting entry for 0x7f010888 (t=0 e=2184) (error -75)
11-01 00:07:46.340 21836 21836 I chatty  : uid=10060(u0_a60) com.android.chrome:sandboxed identical 1 line
11-01 00:07:46.341 21836 21836 W ResourceType: Failure getting entry for 0x7f010888 (t=0 e=2184) (error -75)
11-01 00:07:46.342 29486 29497 I FontLog : Received query name=Noto Color Emoji Compat&weight=400&besteffort=false, URI content://com.google.android.gms.fonts [CONTEXT service_id=132 ]
11-01 00:07:46.343 29486 29497 I FontLog : Query [name=Noto Color Emoji Compat&weight=400&besteffort=false] resolved to {Noto Color Emoji Compat, wdth 100.0, wght 400, ital 0.0, bestEffort false} [CONTEXT service_id=132 ]
11-01 00:07:46.343 21836 21836 W ResourceType: Failure getting entry for 0x7f010888 (t=0 e=2184) (error -75)
11-01 00:07:46.345 29486 29497 I FontLog : Fetch {Noto Color Emoji Compat, wdth 100.0, wght 400, ital 0.0, bestEffort false} end status Status{statusCode=SUCCESS, resolution=null} [CONTEXT service_id=132 ]
11-01 00:07:46.346 21836 21836 I cr_TopSites: Start a new task.
11-01 00:07:46.347 21836 21894 I cr_TopSites: Serializing top sites lists finished; count: 8
11-01 00:07:46.353   556   731 D audio_hw_primary: disable_snd_device: snd_device(88: vi-feedback)
11-01 00:07:46.353   556   731 D audio_hw_primary: disable_audio_route: usecase(23) reset and update mixer path: spkr-vi-record
11-01 00:07:46.358 21836 21894 I cr_TopSites: Finished saving top sites list to file:/data/user/0/com.android.chrome/app_top_sites/top_sites
11-01 00:07:46.360 29486 29498 I FontLog : Pulling font file for id = 1026, cache size = 9 [CONTEXT service_id=132 ]
11-01 00:07:46.366 29486 19947 W FontLog : Error updating last accessed time for {Noto Color Emoji Compat, wdth 100.0, wght 400, ital 0.0, bestEffort false}. [CONTEXT service_id=132 ]
11-01 00:07:46.366 29486 19947 W FontLog : java.lang.IllegalStateException: attempt to re-open an already-closed object: SQLiteDatabase: /data/user/0/com.google.android.gms/databases/metadata.db
11-01 00:07:46.366 29486 19947 W FontLog : 	at android.database.sqlite.SQLiteClosable.acquireReference(SQLiteClosable.java:55)
11-01 00:07:46.366 29486 19947 W FontLog : 	at android.database.sqlite.SQLiteDatabase.executeSql(SQLiteDatabase.java:1662)
11-01 00:07:46.366 29486 19947 W FontLog : 	at android.database.sqlite.SQLiteDatabase.execSQL(SQLiteDatabase.java:1658)
11-01 00:07:46.366 29486 19947 W FontLog : 	at aksk.run(:com.google.android.gms@223616019@22.36.16 (040400-476895098):5)
11-01 00:07:46.366 29486 19947 W FontLog : 	at aarl.c(:com.google.android.gms@223616019@22.36.16 (040400-476895098):6)
11-01 00:07:46.366 29486 19947 W FontLog : 	at aarl.run(:com.google.android.gms@223616019@22.36.16 (040400-476895098):7)
11-01 00:07:46.366 29486 19947 W FontLog : 	at java.util.concurrent.ThreadPoolExecutor.runWorker(ThreadPoolExecutor.java:1162)
11-01 00:07:46.366 29486 19947 W FontLog : 	at java.util.concurrent.ThreadPoolExecutor$Worker.run(ThreadPoolExecutor.java:636)
11-01 00:07:46.366 29486 19947 W FontLog : 	at aaws.run(:com.google.android.gms@223616019@22.36.16 (040400-476895098):0)
11-01 00:07:46.366 29486 19947 W FontLog : 	at java.lang.Thread.run(Thread.java:764)
11-01 00:07:46.369 22042 22042 E /system/bin/webview_zygote32: failed to make and chown /acct/uid_99076: Permission denied
11-01 00:07:46.369 22042 22042 E Zygote  : createProcessGroup(99076, 0) failed: Permission denied
11-01 00:07:46.375   772   784 I ActivityManager: Start proc 22042:com.android.chrome:sandboxed_process2/u0i76 for webview_service com.android.chrome/org.chromium.content.app.SandboxedProcessService2
11-01 00:07:46.381   361   361 W /system/bin/hwservicemanager: getTransportFromManifest: Cannot find entry android.hardware.graphics.mapper@2.0::IMapper in either framework or device manifest, using default transport.
11-01 00:07:46.386 21904 21919 I vndksupport: sphal namespace is not configured for this process. Loading /vendor/lib/hw/gralloc.msm8992.so from the current namespace instead.
11-01 00:07:46.403 22057 22057 E /system/bin/webview_zygote32: failed to make and chown /acct/uid_99077: Permission denied
11-01 00:07:46.403 22057 22057 E Zygote  : createProcessGroup(99077, 0) failed: Permission denied
11-01 00:07:46.411 22042 22042 I SamplingProfilerIntegration: Profiling disabled.
11-01 00:07:46.413   772  3041 I ActivityManager: Start proc 22057:com.android.chrome:sandboxed_process3/u0i77 for webview_service com.android.chrome/org.chromium.content.app.SandboxedProcessService3
11-01 00:07:46.414 29486 17541 I FontLog : Received query name=Google Sans&weight=400&besteffort=false, URI content://com.google.android.gms.fonts [CONTEXT service_id=132 ]
11-01 00:07:46.415 29486 17541 I FontLog : Query [name=Google Sans&weight=400&besteffort=false] resolved to {Google Sans, wdth 100.0, wght 400, ital 0.0, bestEffort false} [CONTEXT service_id=132 ]
11-01 00:07:46.419 29486 17541 I FontLog : Font PFD returned from cache for {Google Sans, wdth 100.0, wght 400, ital 0.0, bestEffort false} [CONTEXT service_id=132 ]
11-01 00:07:46.419 29486 17541 I FontLog : Fetch {Google Sans, wdth 100.0, wght 400, ital 0.0, bestEffort false} end status Status{statusCode=SUCCESS, resolution=null} [CONTEXT service_id=132 ]
11-01 00:07:46.430 22057 22057 I SamplingProfilerIntegration: Profiling disabled.
11-01 00:07:46.433   772 32228 I ActivityManager: Start proc 22072:com.android.chrome:sandboxed_process4/u0i78 for webview_service com.android.chrome/org.chromium.content.app.SandboxedProcessService4
11-01 00:07:46.435 22072 22072 E /system/bin/webview_zygote32: failed to make and chown /acct/uid_99078: Permission denied
11-01 00:07:46.435 22072 22072 E Zygote  : createProcessGroup(99078, 0) failed: Permission denied
11-01 00:07:46.438 29486 29650 I FontLog : Pulling font file for id = 1027, cache size = 10 [CONTEXT service_id=132 ]
11-01 00:07:46.441 22077 22077 E asset   : setgid: Operation not permitted
11-01 00:07:46.445 21836 21836 I cr_tabmodel: Appending tabs being restored to metadata lists, 0, startingNormalCount: 1, startingIncognitoCount: 0
11-01 00:07:46.445 21836 21836 I cr_tabmodel: Serializing tab lists; counts: 1, 0
11-01 00:07:46.457 22084 22084 E /system/bin/webview_zygote32: failed to make and chown /acct/uid_99079: Permission denied
11-01 00:07:46.457 22084 22084 E Zygote  : createProcessGroup(99079, 0) failed: Permission denied
11-01 00:07:46.462   772   785 I ActivityManager: Start proc 22084:com.android.chrome:sandboxed_process5/u0i79 for webview_service com.android.chrome/org.chromium.content.app.SandboxedProcessService5
11-01 00:07:46.470 29486 30686 I FontLog : Received query name=Google Sans&weight=500&besteffort=false, URI content://com.google.android.gms.fonts [CONTEXT service_id=132 ]
11-01 00:07:46.471 29486 30686 I FontLog : Query [name=Google Sans&weight=500&besteffort=false] resolved to {Google Sans, wdth 100.0, wght 500, ital 0.0, bestEffort false} [CONTEXT service_id=132 ]
11-01 00:07:46.472 29486 30686 I FontLog : Font PFD returned from cache for {Google Sans, wdth 100.0, wght 500, ital 0.0, bestEffort false} [CONTEXT service_id=132 ]
11-01 00:07:46.472 29486 30686 I FontLog : Fetch {Google Sans, wdth 100.0, wght 500, ital 0.0, bestEffort false} end status Status{statusCode=SUCCESS, resolution=null} [CONTEXT service_id=132 ]
11-01 00:07:46.477 21836 21836 W ResourceType: Failure getting entry for 0x7f010216 (t=0 e=534) (error -75)
11-01 00:07:46.479 22099 22099 E asset   : setgid: Operation not permitted
11-01 00:07:46.479 21836 21836 W ResourceType: Failure getting entry for 0x7f0107c9 (t=0 e=1993) (error -75)
11-01 00:07:46.480 22072 22072 I SamplingProfilerIntegration: Profiling disabled.
11-01 00:07:46.480 22084 22084 I SamplingProfilerIntegration: Profiling disabled.
11-01 00:07:46.494 22042 22042 I cr_SplitCompatApp: Launched version=106.0.5249.79 minSdkVersion=24 isBundle=true processName=com.android.chrome:sandboxed_process2 isIsolated=true
11-01 00:07:46.497 22101 22101 E /system/bin/webview_zygote32: failed to make and chown /acct/uid_99080: Permission denied
11-01 00:07:46.497 22101 22101 E Zygote  : createProcessGroup(99080, 0) failed: Permission denied
11-01 00:07:46.499 21836 21836 W ResourceType: Failure getting entry for 0x7f010827 (t=0 e=2087) (error -75)
11-01 00:07:46.499   772   996 I ActivityManager: Start proc 22101:com.android.chrome:sandboxed_process6/u0i80 for webview_service com.android.chrome/org.chromium.content.app.SandboxedProcessService6
11-01 00:07:46.499 22042 22042 W SystemServiceRegistry: No service published for: uimode
11-01 00:07:46.507 22057 22057 I cr_SplitCompatApp: Launched version=106.0.5249.79 minSdkVersion=24 isBundle=true processName=com.android.chrome:sandboxed_process3 isIsolated=true
11-01 00:07:46.509 21836 21836 I cr_OfflineIndicator: onConnectionTypeChanged 2
11-01 00:07:46.509 29486 29650 I FontLog : Pulling font file for id = 1028, cache size = 11 [CONTEXT service_id=132 ]
11-01 00:07:46.510 21836 21836 I cr_OfflineIndicator: Reported by system: [ Transports: WIFI Capabilities: NOT_METERED&INTERNET&NOT_RESTRICTED&TRUSTED&NOT_VPN&VALIDATED&FOREGROUND LinkUpBandwidth>=1048576Kbps LinkDnBandwidth>=1048576Kbps SignalStrength: -66]
11-01 00:07:46.510 21836 21836 I cr_OfflineIndicator: setConnectionState connectionState=4
11-01 00:07:46.510 21836 21836 I cr_OfflineDetector: Running updateState mConnectivityDetectorInitialized: true, mTimeWhenLastForegrounded: 1133720675, getElapsedTime: 1133720676, mTimeWhenLastOfflineNotificationReceived: 0, mTimeWhenLastOnline: 1133720676, mApplicationState: 1, mIsOfflineLastReportedByConnectivityDetector: false, mIsEffectivelyOffline: false
11-01 00:07:46.510 21836 21836 I cr_OfflineDetector: updateState(): timeSinceLastForeground: 1, timeSinceOfflineNotificationReceived: 1133720676, timeSinceLastOnline: 0, timeNeededForForeground: 1999, timeNeededForOffline: -1133718676
11-01 00:07:46.510 21836 21836 I cr_OfflineIndicator: processConnectivityCheckResult mConnectionState=4 mConnectivityCheckingStage=1
11-01 00:07:46.511 22042 22042 I cr_ChildProcessService: Creating new ChildProcessService pid=22042
11-01 00:07:46.513 22057 22057 W SystemServiceRegistry: No service published for: uimode
11-01 00:07:46.516 22113 22113 E asset   : setgid: Operation not permitted
11-01 00:07:46.521 22057 22057 I cr_ChildProcessService: Creating new ChildProcessService pid=22057
11-01 00:07:46.523 22116 22116 E asset   : setgid: Operation not permitted
11-01 00:07:46.525 22115 22115 E /system/bin/webview_zygote32: failed to make and chown /acct/uid_99081: Permission denied
11-01 00:07:46.525 22115 22115 E Zygote  : createProcessGroup(99081, 0) failed: Permission denied
11-01 00:07:46.526   772  1324 I ActivityManager: Start proc 22115:com.android.chrome:sandboxed_process7/u0i81 for webview_service com.android.chrome/org.chromium.content.app.SandboxedProcessService7
11-01 00:07:46.531 22057 22057 E WebViewFactory: can't load with relro file; address space not reserved
11-01 00:07:46.538 22101 22101 I SamplingProfilerIntegration: Profiling disabled.
11-01 00:07:46.544 22129 22129 E /system/bin/webview_zygote32: failed to make and chown /acct/uid_99082: Permission denied
11-01 00:07:46.545 22129 22129 E Zygote  : createProcessGroup(99082, 0) failed: Permission denied
11-01 00:07:46.546 21836 21836 W ResourceType: Failure getting entry for 0x7f010415 (t=0 e=1045) (error -75)
11-01 00:07:46.548 22115 22115 I SamplingProfilerIntegration: Profiling disabled.
11-01 00:07:46.548 22072 22072 I cr_SplitCompatApp: Launched version=106.0.5249.79 minSdkVersion=24 isBundle=true processName=com.android.chrome:sandboxed_process4 isIsolated=true
11-01 00:07:46.551   772  1327 I ActivityManager: Start proc 22129:com.android.chrome:sandboxed_process8/u0i82 for webview_service com.android.chrome/org.chromium.content.app.SandboxedProcessService8
11-01 00:07:46.553 22072 22072 W SystemServiceRegistry: No service published for: uimode
11-01 00:07:46.561 22042 22042 E WebViewFactory: can't load with relro file; address space not reserved
11-01 00:07:46.562 22072 22072 I cr_ChildProcessService: Creating new ChildProcessService pid=22072
11-01 00:07:46.567 22129 22129 I SamplingProfilerIntegration: Profiling disabled.
11-01 00:07:46.579 22084 22084 I cr_SplitCompatApp: Launched version=106.0.5249.79 minSdkVersion=24 isBundle=true processName=com.android.chrome:sandboxed_process5 isIsolated=true
11-01 00:07:46.581 22144 22144 E asset   : setgid: Operation not permitted
11-01 00:07:46.587 22084 22084 W SystemServiceRegistry: No service published for: uimode
11-01 00:07:46.599   772 10894 I ActivityManager: Start proc 22147:com.android.chrome:sandboxed_process9/u0i83 for webview_service com.android.chrome/org.chromium.content.app.SandboxedProcessService9
11-01 00:07:46.602 22146 22146 E asset   : setgid: Operation not permitted
11-01 00:07:46.614 22147 22147 E /system/bin/webview_zygote32: failed to make and chown /acct/uid_99083: Permission denied
11-01 00:07:46.614 22147 22147 E Zygote  : createProcessGroup(99083, 0) failed: Permission denied
11-01 00:07:46.615 22072 22072 E WebViewFactory: can't load with relro file; address space not reserved
11-01 00:07:46.616 22084 22084 I cr_ChildProcessService: Creating new ChildProcessService pid=22084
11-01 00:07:46.618 22042 22108 I cr_LibraryLoader: Successfully loaded native library
11-01 00:07:46.619 22042 22108 I cr_CachingUmaRecorder: Flushed 3 samples from 3 histograms.
11-01 00:07:46.626 22101 22101 I cr_SplitCompatApp: Launched version=106.0.5249.79 minSdkVersion=24 isBundle=true processName=com.android.chrome:sandboxed_process6 isIsolated=true
11-01 00:07:46.626 22072 22143 I cr_LibraryLoader: Successfully loaded native library
11-01 00:07:46.627 22072 22143 I cr_CachingUmaRecorder: Flushed 3 samples from 3 histograms.
11-01 00:07:46.631 22057 22114 I cr_LibraryLoader: Successfully loaded native library
11-01 00:07:46.632 22057 22114 I cr_CachingUmaRecorder: Flushed 3 samples from 3 histograms.
11-01 00:07:46.639 22160 22160 E asset   : setgid: Operation not permitted
11-01 00:07:46.643 22115 22115 I cr_SplitCompatApp: Launched version=106.0.5249.79 minSdkVersion=24 isBundle=true processName=com.android.chrome:sandboxed_process7 isIsolated=true
11-01 00:07:46.645 22101 22101 W SystemServiceRegistry: No service published for: uimode
11-01 00:07:46.659 22147 22147 I SamplingProfilerIntegration: Profiling disabled.
11-01 00:07:46.660 22084 22084 E WebViewFactory: can't load with relro file; address space not reserved
11-01 00:07:46.671 22115 22115 W SystemServiceRegistry: No service published for: uimode
11-01 00:07:46.682 22101 22101 I cr_ChildProcessService: Creating new ChildProcessService pid=22101
11-01 00:07:46.693 22129 22129 I cr_SplitCompatApp: Launched version=106.0.5249.79 minSdkVersion=24 isBundle=true processName=com.android.chrome:sandboxed_process8 isIsolated=true
11-01 00:07:46.696 22101 22101 E WebViewFactory: can't load with relro file; address space not reserved
11-01 00:07:46.698 22084 22161 I cr_LibraryLoader: Successfully loaded native library
11-01 00:07:46.699 22084 22161 I cr_CachingUmaRecorder: Flushed 3 samples from 3 histograms.
11-01 00:07:46.704 22129 22129 W SystemServiceRegistry: No service published for: uimode
11-01 00:07:46.708 22115 22115 I cr_ChildProcessService: Creating new ChildProcessService pid=22115
11-01 00:07:46.713 22183 22183 E asset   : setgid: Operation not permitted
11-01 00:07:46.716 22101 22174 I cr_LibraryLoader: Successfully loaded native library
11-01 00:07:46.718 22101 22174 I cr_CachingUmaRecorder: Flushed 3 samples from 3 histograms.
11-01 00:07:46.725 22115 22115 E WebViewFactory: can't load with relro file; address space not reserved
11-01 00:07:46.728 22129 22129 I cr_ChildProcessService: Creating new ChildProcessService pid=22129
11-01 00:07:46.733 22115 22184 I cr_LibraryLoader: Successfully loaded native library
11-01 00:07:46.735 22115 22184 I cr_CachingUmaRecorder: Flushed 3 samples from 3 histograms.
11-01 00:07:46.740 22129 22129 E WebViewFactory: can't load with relro file; address space not reserved
11-01 00:07:46.748 22072 22083 I /system/bin/webview_zygote32: Background concurrent copying GC freed 3579(1343KB) AllocSpace objects, 1(20KB) LOS objects, 88% free, 192KB/1728KB, paused 29.467ms total 117.822ms
11-01 00:07:46.759 22129 22194 I cr_LibraryLoader: Successfully loaded native library
11-01 00:07:46.761 22129 22194 I cr_CachingUmaRecorder: Flushed 3 samples from 3 histograms.
11-01 00:07:46.766 21836 21893 I cr_VrCoreVersionChecker: Unable to find VrCore.
11-01 00:07:46.775 22147 22147 I cr_SplitCompatApp: Launched version=106.0.5249.79 minSdkVersion=24 isBundle=true processName=com.android.chrome:sandboxed_process9 isIsolated=true
11-01 00:07:46.782 22147 22147 W SystemServiceRegistry: No service published for: uimode
11-01 00:07:46.783 21836 21836 W ResourceType: Failure getting entry for 0x7f0100f9 (t=0 e=249) (error -75)
11-01 00:07:46.788 21836 21836 W ResourceType: Failure getting entry for 0x7f010828 (t=0 e=2088) (error -75)
11-01 00:07:46.795   772   781 I zygote64: Background concurrent copying GC freed 36528(2MB) AllocSpace objects, 32(688KB) LOS objects, 42% free, 17MB/30MB, paused 597us total 238.233ms
11-01 00:07:46.796 22147 22147 I cr_ChildProcessService: Creating new ChildProcessService pid=22147
11-01 00:07:46.798 21836 21836 W ResourceType: Failure getting entry for 0x7f010827 (t=0 e=2087) (error -75)
11-01 00:07:46.803 22147 22147 E WebViewFactory: can't load with relro file; address space not reserved
11-01 00:07:46.814 22147 22223 I cr_LibraryLoader: Successfully loaded native library
11-01 00:07:46.815 22147 22223 I cr_CachingUmaRecorder: Flushed 3 samples from 3 histograms.
11-01 00:07:46.817 21836 21846 I zygote  : Background concurrent copying GC freed 45408(2MB) AllocSpace objects, 2(40KB) LOS objects, 49% free, 5MB/10MB, paused 223us total 139.574ms
11-01 00:07:46.827 22042 22108 I chromium: [INFO:child_process_service.cc(69)] ChildProcessService: Exiting child process.
11-01 00:07:46.829 22072 22143 I chromium: [INFO:child_process_service.cc(69)] ChildProcessService: Exiting child process.
11-01 00:07:46.829 22057 22114 I chromium: [INFO:child_process_service.cc(69)] ChildProcessService: Exiting child process.
11-01 00:07:46.830   422   422 E lowmemorykiller: Error writing /proc/22042/oom_score_adj; errno=22
11-01 00:07:46.831   772 10894 I ActivityManager: Killing 22042:com.android.chrome:sandboxed_process2/u0a60i76 (adj 0): isolated not needed
11-01 00:07:46.832 22115 22184 I chromium: [INFO:child_process_service.cc(69)] ChildProcessService: Exiting child process.
11-01 00:07:46.832 22084 22161 I chromium: [INFO:child_process_service.cc(69)] ChildProcessService: Exiting child process.
11-01 00:07:46.836   772   790 W zygote64: failed to open /acct/uid_99076/pid_22042/cgroup.procs: No such file or directory
11-01 00:07:46.841 22101 22174 I chromium: [INFO:child_process_service.cc(69)] ChildProcessService: Exiting child process.
11-01 00:07:46.842 22129 22194 I chromium: [INFO:child_process_service.cc(69)] ChildProcessService: Exiting child process.
11-01 00:07:46.874   772  2970 I ActivityManager: Start proc 22235:com.android.chrome:sandboxed_process10/u0i84 for webview_service com.android.chrome/org.chromium.content.app.SandboxedProcessService10
11-01 00:07:46.874   772  1324 I ActivityManager: Process com.android.chrome:sandboxed_process6 (pid 22101) has died: vis  TOP 
11-01 00:07:46.874   772  1324 W ActivityManager: Scheduling restart of crashed service com.android.chrome/org.chromium.content.app.SandboxedProcessService6 in 1000ms
11-01 00:07:46.875   772   790 W zygote64: failed to open /acct/uid_99080/pid_22101/cgroup.procs: No such file or directory
11-01 00:07:46.882   772  1324 E JavaBinder: !!! FAILED BINDER TRANSACTION !!!  (parcel size = 76)
