--------- beginning of system
10-31 12:54:30.453   772   791 E BatteryStatsService: no controller energy info supplied
10-31 12:56:29.866   772   791 E BatteryStatsService: no controller energy info supplied
10-31 13:00:25.431   772 13071 E BatteryStatsService: no controller energy info supplied
10-31 13:01:00.494   772  2969 I ActivityManager: Force stopping com.android.chrome appid=10060 user=0: from pid 1426
10-31 13:01:00.495   772  2969 I ActivityManager: Killing 31813:com.android.chrome/u0a60 (adj 900): stop com.android.chrome
--------- beginning of main
10-31 13:01:00.504  1311  1311 D CarrierSvcBindHelper: No carrier app for: 0
10-31 13:01:00.519  2964  2964 D RegisteredNfcFServicesCache: Service unchanged, not updating
10-31 13:01:00.751   772  2969 I ActivityManager: START u0 {act=android.intent.action.VIEW flg=0x10008000 cmp=com.android.chrome/com.google.android.apps.chrome.Main} from uid 2000
10-31 13:01:00.761   772   830 E ResourceType: Style contains key with bad entry: 0x0101062c
10-31 13:01:00.789   772  3037 I ActivityManager: Start proc 1428:com.android.chrome/u0a60 for activity com.android.chrome/com.google.android.apps.chrome.Main
10-31 13:01:00.937   772   830 E ResourceType: Style contains key with bad entry: 0x0101062c
10-31 13:01:00.996  1428  1428 I cr_SplitCompatApp: Launched version=106.0.5249.79 minSdkVersion=24 isBundle=true processName=com.android.chrome isIsolated=false
10-31 13:01:01.173  3960  4244 I FontLog : Received query Google Sans, URI content://com.google.android.gms.fonts [CONTEXT service_id=132 ]
10-31 13:01:01.174  3960  4244 I FontLog : Query [Google Sans] resolved to {Google Sans, wdth 100.0, wght 400, ital 0.0, bestEffort false} [CONTEXT service_id=132 ]
10-31 13:01:01.176  3960  4244 I FontLog : Font PFD returned from cache for {Google Sans, wdth 100.0, wght 400, ital 0.0, bestEffort false} [CONTEXT service_id=132 ]
10-31 13:01:01.177  3960  4244 I FontLog : Fetch {Google Sans, wdth 100.0, wght 400, ital 0.0, bestEffort false} end status Status{statusCode=SUCCESS, resolution=null} [CONTEXT service_id=132 ]
10-31 13:01:01.192  3960  3972 I FontLog : Pulling font file for id = 2234, cache size = 8 [CONTEXT service_id=132 ]
10-31 13:01:01.215  3960  6244 I FontLog : Received query Google Sans:500, URI content://com.google.android.gms.fonts [CONTEXT service_id=132 ]
10-31 13:01:01.216  3960  6244 I FontLog : Query [Google Sans:500] resolved to {Google Sans, wdth 100.0, wght 500, ital 0.0, bestEffort false} [CONTEXT service_id=132 ]
10-31 13:01:01.220  3960  6244 I FontLog : Font PFD returned from cache for {Google Sans, wdth 100.0, wght 500, ital 0.0, bestEffort false} [CONTEXT service_id=132 ]
10-31 13:01:01.220  3960  6244 I FontLog : Fetch {Google Sans, wdth 100.0, wght 500, ital 0.0, bestEffort false} end status Status{statusCode=SUCCESS, resolution=null} [CONTEXT service_id=132 ]
10-31 13:01:01.224  3960  4244 I FontLog : Pulling font file for id = 2235, cache size = 8 [CONTEXT service_id=132 ]
10-31 13:01:01.242  3960  3971 I FontLog : Received query Google Sans:700, URI content://com.google.android.gms.fonts [CONTEXT service_id=132 ]
10-31 13:01:01.242  3960  3971 I FontLog : Query [Google Sans:700] resolved to {Google Sans, wdth 100.0, wght 700, ital 0.0, bestEffort false} [CONTEXT service_id=132 ]
10-31 13:01:01.245  3960  3971 I FontLog : Fetch {Google Sans, wdth 100.0, wght 700, ital 0.0, bestEffort false} end status Status{statusCode=SUCCESS, resolution=null} [CONTEXT service_id=132 ]
10-31 13:01:01.251  3960  4245 I FontLog : Pulling font file for id = 2236, cache size = 9 [CONTEXT service_id=132 ]
10-31 13:01:01.405  1428  1449 I cr_LibraryLoader: Successfully loaded native library
10-31 13:01:01.414  1428  1449 I cr_CachingUmaRecorder: Flushed 19 samples from 19 histograms.
10-31 13:01:01.607  1428  1428 E ResourceType: Style contains key with bad entry: 0x0101062c
10-31 13:01:01.633  1428  1453 W DynamiteModule: Local module descriptor class for com.google.android.gms.googlecertificates not found.
10-31 13:01:01.654  1428  1453 W zygote  : Skipping duplicate class check due to unrecognized classloader
10-31 13:01:01.658  1428  1453 I DynamiteModule: Considering local module com.google.android.gms.googlecertificates:0 and remote module com.google.android.gms.googlecertificates:7
10-31 13:01:01.658  1428  1453 I DynamiteModule: Selected remote version of com.google.android.gms.googlecertificates, version >= 7
10-31 13:01:01.669   772 10895 I ActivityManager: START u0 {cmp=com.android.chrome/org.chromium.chrome.browser.firstrun.FirstRunActivity (has extras)} from uid 10060
10-31 13:01:01.687  1428  1428 E ResourceType: Style contains key with bad entry: 0x0101062c
10-31 13:01:01.706  1428  1453 W zygote  : Skipping duplicate class check due to unrecognized classloader
10-31 13:01:01.749   772   784 W AppOps  : Bad call: specified package com.google.android.gms under uid 10060 but it is really 10020
10-31 13:01:01.749   772   784 W AppOps  : java.lang.RuntimeException: here
10-31 13:01:01.749   772   784 W AppOps  : 	at com.android.server.AppOpsService.getOpsRawLocked(AppOpsService.java:1319)
10-31 13:01:01.749   772   784 W AppOps  : 	at com.android.server.AppOpsService.checkPackage(AppOpsService.java:1038)
10-31 13:01:01.749   772   784 W AppOps  : 	at com.android.internal.app.IAppOpsService$Stub.onTransact(IAppOpsService.java:169)
10-31 13:01:01.749   772   784 W AppOps  : 	at android.os.Binder.execTransact(Binder.java:674)
10-31 13:01:01.751   772 13021 W AppOps  : Bad call: specified package com.google.android.gms under uid 10060 but it is really 10020
10-31 13:01:01.751   772 13021 W AppOps  : java.lang.RuntimeException: here
10-31 13:01:01.751   772 13021 W AppOps  : 	at com.android.server.AppOpsService.getOpsRawLocked(AppOpsService.java:1319)
10-31 13:01:01.751   772 13021 W AppOps  : 	at com.android.server.AppOpsService.checkPackage(AppOpsService.java:1038)
10-31 13:01:01.751   772 13021 W AppOps  : 	at com.android.internal.app.IAppOpsService$Stub.onTransact(IAppOpsService.java:169)
10-31 13:01:01.751   772 13021 W AppOps  : 	at android.os.Binder.execTransact(Binder.java:674)
10-31 13:01:01.756   772  1327 W AppOps  : Bad call: specified package com.google.android.gms under uid 10060 but it is really 10020
10-31 13:01:01.756   772  1327 W AppOps  : java.lang.RuntimeException: here
10-31 13:01:01.756   772  1327 W AppOps  : 	at com.android.server.AppOpsService.getOpsRawLocked(AppOpsService.java:1319)
10-31 13:01:01.756   772  1327 W AppOps  : 	at com.android.server.AppOpsService.checkPackage(AppOpsService.java:1038)
10-31 13:01:01.756   772  1327 W AppOps  : 	at com.android.internal.app.IAppOpsService$Stub.onTransact(IAppOpsService.java:169)
10-31 13:01:01.756   772  1327 W AppOps  : 	at android.os.Binder.execTransact(Binder.java:674)
10-31 13:01:01.758   772 10860 W AppOps  : Bad call: specified package com.google.android.gms under uid 10060 but it is really 10020
10-31 13:01:01.758   772 10860 W AppOps  : java.lang.RuntimeException: here
10-31 13:01:01.758   772 10860 W AppOps  : 	at com.android.server.AppOpsService.getOpsRawLocked(AppOpsService.java:1319)
10-31 13:01:01.758   772 10860 W AppOps  : 	at com.android.server.AppOpsService.checkPackage(AppOpsService.java:1038)
10-31 13:01:01.758   772 10860 W AppOps  : 	at com.android.internal.app.IAppOpsService$Stub.onTransact(IAppOpsService.java:169)
10-31 13:01:01.758   772 10860 W AppOps  : 	at android.os.Binder.execTransact(Binder.java:674)
10-31 13:01:01.864  1428  1428 W ResourceType: Failure getting entry for 0x7f010055 (t=0 e=85) (error -75)
10-31 13:01:01.891  1428  1464 D OpenGLRenderer: HWUI GL Pipeline
10-31 13:01:01.924  1428  1464 I Adreno  : QUALCOMM build                   : 7142022, Ib5823dd10c
10-31 13:01:01.924  1428  1464 I Adreno  : Build Date                       : 06/23/17
10-31 13:01:01.924  1428  1464 I Adreno  : OpenGL ES Shader Compiler Version: EV031.18.00.00
10-31 13:01:01.924  1428  1464 I Adreno  : Local Branch                     : O11A
10-31 13:01:01.924  1428  1464 I Adreno  : Remote Branch                    : 
10-31 13:01:01.924  1428  1464 I Adreno  : Remote Branch                    : 
10-31 13:01:01.924  1428  1464 I Adreno  : Reconstruct Branch               : 
10-31 13:01:01.927  1428  1464 I vndksupport: sphal namespace is not configured for this process. Loading /vendor/lib/hw/gralloc.msm8992.so from the current namespace instead.
10-31 13:01:01.930  1428  1428 W RecyclerView: No adapter attached; skipping layout
10-31 13:01:01.940  1428  1464 I Adreno  : PFP: 0x00000000, ME: 0x00000000
10-31 13:01:01.941  1428  1428 I cr_StartSurfaceConfig: Recorded Startup.Android.FirstDrawCompletedTime.NoInstant = 138 ms
10-31 13:01:01.950  1428  1464 I OpenGLRenderer: Initialized EGL, version 1.4
10-31 13:01:01.950  1428  1464 D OpenGLRenderer: Swap behavior 2
10-31 13:01:01.958  1428  1454 D NetworkSecurityConfig: Using Network Security Config from resource 0_resource_name_obfuscated debugBuild: false
10-31 13:01:02.009  3960  4307 E bfry    : Phenotype API error. Event # ddoj@21483d77, EventCode: 7 [CONTEXT service_id=51 ]
10-31 13:01:02.009  3960  4307 E bfry    : bfra: 29505: No config packages for log source, or config package not registered
10-31 13:01:02.009  3960  4307 E bfry    : 	at bfst.b(:com.google.android.gms@223616019@22.36.16 (040400-476895098):4)
10-31 13:01:02.009  3960  4307 E bfry    : 	at bfsq.g(:com.google.android.gms@223616019@22.36.16 (040400-476895098):0)
10-31 13:01:02.009  3960  4307 E bfry    : 	at bfry.e(:com.google.android.gms@223616019@22.36.16 (040400-476895098):4)
10-31 13:01:02.009  3960  4307 E bfry    : 	at bfry.f(:com.google.android.gms@223616019@22.36.16 (040400-476895098):2)
10-31 13:01:02.009  3960  4307 E bfry    : 	at arjg.ep(:com.google.android.gms@223616019@22.36.16 (040400-476895098):1)
10-31 13:01:02.009  3960  4307 E bfry    : 	at arjm.run(:com.google.android.gms@223616019@22.36.16 (040400-476895098):12)
10-31 13:01:02.009  3960  4307 E bfry    : 	at cjoq.run(:com.google.android.gms@223616019@22.36.16 (040400-476895098):2)
10-31 13:01:02.009  3960  4307 E bfry    : 	at aarl.c(:com.google.android.gms@223616019@22.36.16 (040400-476895098):6)
10-31 13:01:02.009  3960  4307 E bfry    : 	at aarl.run(:com.google.android.gms@223616019@22.36.16 (040400-476895098):7)
10-31 13:01:02.009  3960  4307 E bfry    : 	at java.util.concurrent.ThreadPoolExecutor.runWorker(ThreadPoolExecutor.java:1162)
10-31 13:01:02.009  3960  4307 E bfry    : 	at java.util.concurrent.ThreadPoolExecutor$Worker.run(ThreadPoolExecutor.java:636)
10-31 13:01:02.009  3960  4307 E bfry    : 	at aaws.run(:com.google.android.gms@223616019@22.36.16 (040400-476895098):0)
10-31 13:01:02.009  3960  4307 E bfry    : 	at java.lang.Thread.run(Thread.java:764)
10-31 13:01:02.016  3960  4307 W AsyncOperation: operation=GetExperimentTokensOperationCall, opStatusCode=29505 [CONTEXT service_id=51 ]
10-31 13:01:02.016  3960  4307 W AsyncOperation: OperationException[Status{statusCode=No config packages for log source, or config package not registered, resolution=null}]
10-31 13:01:02.016  3960  4307 W AsyncOperation: 	at bfry.e(:com.google.android.gms@223616019@22.36.16 (040400-476895098):6)
10-31 13:01:02.016  3960  4307 W AsyncOperation: 	at bfry.f(:com.google.android.gms@223616019@22.36.16 (040400-476895098):2)
10-31 13:01:02.016  3960  4307 W AsyncOperation: 	at arjg.ep(:com.google.android.gms@223616019@22.36.16 (040400-476895098):1)
10-31 13:01:02.016  3960  4307 W AsyncOperation: 	at arjm.run(:com.google.android.gms@223616019@22.36.16 (040400-476895098):12)
10-31 13:01:02.016  3960  4307 W AsyncOperation: 	at cjoq.run(:com.google.android.gms@223616019@22.36.16 (040400-476895098):2)
10-31 13:01:02.016  3960  4307 W AsyncOperation: 	at aarl.c(:com.google.android.gms@223616019@22.36.16 (040400-476895098):6)
10-31 13:01:02.016  3960  4307 W AsyncOperation: 	at aarl.run(:com.google.android.gms@223616019@22.36.16 (040400-476895098):7)
10-31 13:01:02.016  3960  4307 W AsyncOperation: 	at java.util.concurrent.ThreadPoolExecutor.runWorker(ThreadPoolExecutor.java:1162)
10-31 13:01:02.016  3960  4307 W AsyncOperation: 	at java.util.concurrent.ThreadPoolExecutor$Worker.run(ThreadPoolExecutor.java:636)
10-31 13:01:02.016  3960  4307 W AsyncOperation: 	at aaws.run(:com.google.android.gms@223616019@22.36.16 (040400-476895098):0)
10-31 13:01:02.016  3960  4307 W AsyncOperation: 	at java.lang.Thread.run(Thread.java:764)
10-31 13:01:02.187   772   781 I zygote64: Background concurrent copying GC freed 73041(3MB) AllocSpace objects, 32(688KB) LOS objects, 42% free, 16MB/29MB, paused 907us total 110.842ms
10-31 13:01:02.262  1428  1454 I cr_VariationsSeedFetch: Fetched first run seed in 314 ms
10-31 13:01:02.306  1428  1438 I zygote  : Background concurrent copying GC freed 12032(741KB) AllocSpace objects, 6(364KB) LOS objects, 50% free, 1702KB/3MB, paused 6.760ms total 39.690ms
10-31 13:01:02.309   361   361 W /system/bin/hwservicemanager: getTransportFromManifest: Cannot find entry android.hardware.graphics.mapper@2.0::IMapper in either framework or device manifest, using default transport.
10-31 13:01:02.312  1428  1464 I vndksupport: sphal namespace is not configured for this process. Loading /vendor/lib/hw/gralloc.msm8992.so from the current namespace instead.
10-31 13:01:02.354   772   797 I ActivityManager: Displayed com.android.chrome/org.chromium.chrome.browser.firstrun.FirstRunActivity: +594ms (total +1s577ms)
10-31 13:01:02.373   772   784 I ActivityManager: Start proc 1476:com.android.chrome:sandboxed_process0/u0i771 for webview_service com.android.chrome/org.chromium.content.app.SandboxedProcessService0
10-31 13:01:02.384  1476  1476 E /system/bin/webview_zygote32: failed to make and chown /acct/uid_99771: Permission denied
10-31 13:01:02.384  1476  1476 E Zygote  : createProcessGroup(99771, 0) failed: Permission denied
10-31 13:01:02.408  1476  1476 I SamplingProfilerIntegration: Profiling disabled.
10-31 13:01:02.444  1492  1492 E asset   : setgid: Operation not permitted
10-31 13:01:02.599  1476  1476 I cr_SplitCompatApp: Launched version=106.0.5249.79 minSdkVersion=24 isBundle=true processName=com.android.chrome:sandboxed_process0 isIsolated=true
10-31 13:01:02.612  1476  1476 W SystemServiceRegistry: No service published for: uimode
10-31 13:01:02.634  1476  1476 I cr_ChildProcessService: Creating new ChildProcessService pid=1476
10-31 13:01:02.642  1476  1476 E WebViewFactory: can't load with relro file; address space not reserved
10-31 13:01:02.671   772  2970 I ActivityManager: Start proc 1511:com.android.chrome:privileged_process0/u0a60 for service com.android.chrome/org.chromium.content.app.PrivilegedProcessService0
10-31 13:01:02.715  1428  1428 I cr_SmsProviderGms: construction successfull y93@acc0486, v93@7e2f147
10-31 13:01:02.742 13542 13542 D BoundBrokerSvc: onBind: Intent { act=com.google.android.gms.auth.key.retrieval.service.START dat=chimera-action:com.google.android.gms.auth.key.retrieval.service.START cmp=com.google.android.gms/.chimera.GmsApiService }
10-31 13:01:02.742 13542 13542 D BoundBrokerSvc: Loading bound service for intent: Intent { act=com.google.android.gms.auth.key.retrieval.service.START dat=chimera-action:com.google.android.gms.auth.key.retrieval.service.START cmp=com.google.android.gms/.chimera.GmsApiService }
10-31 13:01:02.743  1511  1511 I cr_SplitCompatApp: Launched version=106.0.5249.79 minSdkVersion=24 isBundle=true processName=com.android.chrome:privileged_process0 isIsolated=false
10-31 13:01:02.758  1511  1511 I cr_ChildProcessService: Creating new ChildProcessService pid=1511
10-31 13:01:02.781  1428  1428 W cr_KnoxSettingsProvider: Permission to read device policy denied.
10-31 13:01:02.820  1511  1529 I cr_LibraryLoader: Successfully loaded native library
10-31 13:01:02.821  1511  1529 I cr_CachingUmaRecorder: Flushed 3 samples from 3 histograms.
10-31 13:01:02.833  1511  1529 I Adreno  : QUALCOMM build                   : 7142022, Ib5823dd10c
10-31 13:01:02.833  1511  1529 I Adreno  : Build Date                       : 06/23/17
10-31 13:01:02.833  1511  1529 I Adreno  : OpenGL ES Shader Compiler Version: EV031.18.00.00
10-31 13:01:02.833  1511  1529 I Adreno  : Local Branch                     : O11A
10-31 13:01:02.833  1511  1529 I Adreno  : Remote Branch                    : 
10-31 13:01:02.833  1511  1529 I Adreno  : Remote Branch                    : 
10-31 13:01:02.833  1511  1529 I Adreno  : Reconstruct Branch               : 
10-31 13:01:02.834  1511  1529 I vndksupport: sphal namespace is not configured for this process. Loading /vendor/lib/hw/gralloc.msm8992.so from the current namespace instead.
10-31 13:01:02.838  1511  1529 I Adreno  : PFP: 0x00000000, ME: 0x00000000
10-31 13:01:02.875 14595 26868 I PBSessionCacheImpl: Deleted sessionId[6751180896320] from persistence.
10-31 13:01:02.891 14595 14595 I MicroDetector: Keeping mic open: false
10-31 13:01:02.891 14595 14777 I DeviceStateChecker: DeviceStateChecker cancelled
10-31 13:01:02.894 14595 14620 I AudioController: internalShutdown
10-31 13:01:02.894 14595 14620 I MicrophoneInputStream: mic_close com.google.android.apps.gsa.speech.audio.af@21598de
10-31 13:01:02.896 14595 14655 I MicroRecognitionRunner: Stopping hotword detection.
10-31 13:01:02.950   556  1244 D audio_hw_primary: disable_audio_route: usecase(9) reset and update mixer path: audio-record
10-31 13:01:02.952   556  1244 D audio_hw_primary: disable_snd_device: snd_device(72: voice-rec-mic)
10-31 13:01:02.956   556  1244 D sound_trigger_platform: platform_stdev_check_and_update_concurrency: concurrency active 0, tx 0, rx 0, concurrency session_allowed 1
10-31 13:01:02.958   556   753 I SoundTriggerHwService::Module: onCallbackEvent no clients
10-31 13:01:02.965 14595 14621 I MicroRecognitionRunner: Detection finished
10-31 13:01:03.756  1538  1538 E /system/bin/webview_zygote32: failed to make and chown /acct/uid_99772: Permission denied
10-31 13:01:03.756  1538  1538 E Zygote  : createProcessGroup(99772, 0) failed: Permission denied
10-31 13:01:03.759   772 10860 I ActivityManager: Start proc 1538:com.android.chrome:sandboxed_process1/u0i772 for webview_service com.android.chrome/org.chromium.content.app.SandboxedProcessService1
10-31 13:01:03.774  1538  1538 I SamplingProfilerIntegration: Profiling disabled.
10-31 13:01:03.795  1551  1551 E asset   : setgid: Operation not permitted
10-31 13:01:03.824  1538  1538 I cr_SplitCompatApp: Launched version=106.0.5249.79 minSdkVersion=24 isBundle=true processName=com.android.chrome:sandboxed_process1 isIsolated=true
10-31 13:01:03.830  1538  1538 W SystemServiceRegistry: No service published for: uimode
10-31 13:01:03.841  1538  1538 I cr_ChildProcessService: Creating new ChildProcessService pid=1538
10-31 13:01:03.848  1538  1538 E WebViewFactory: can't load with relro file; address space not reserved
10-31 13:01:03.859  1538  1553 I cr_LibraryLoader: Successfully loaded native library
10-31 13:01:03.861  1538  1553 I cr_CachingUmaRecorder: Flushed 3 samples from 3 histograms.
10-31 13:01:03.896  1538  1553 I chromium: [INFO:child_process_service.cc(69)] ChildProcessService: Exiting child process.
10-31 13:01:03.897   422   422 E lowmemorykiller: Error writing /proc/1538/oom_score_adj; errno=22
10-31 13:01:03.898   772 10860 I ActivityManager: Killing 1538:com.android.chrome:sandboxed_process1/u0a60i772 (adj 0): isolated not needed
10-31 13:01:03.899   772   790 W zygote64: failed to open /acct/uid_99772/pid_1538/cgroup.procs: No such file or directory
10-31 13:01:05.025  1428  1428 E cr_BTSPrefs: No data found for task id: 53
10-31 13:01:05.026  1428  1428 E cr_BkgrdTaskScheduler: Task cannot be canceled because no data was found instorage or data was invalid
10-31 13:01:07.876  1581  1581 D AndroidRuntime: >>>>>> START com.android.internal.os.RuntimeInit uid 2000 <<<<<<
10-31 13:01:07.926 14595 14621 I EventLogSendingHelper: Sending log events.
10-31 13:01:08.004  1581  1581 D AndroidRuntime: Calling main entry com.android.commands.input.Input
10-31 13:01:08.010  1581  1581 I Input   : injectMotionEvent: MotionEvent { action=ACTION_DOWN, actionButton=0, id[0]=0, x[0]=540.0, y[0]=1660.0, toolType[0]=TOOL_TYPE_UNKNOWN, buttonState=0, metaState=0, flags=0x0, edgeFlags=0x0, pointerCount=1, historySize=0, eventTime=536166274, downTime=536166274, deviceId=8, source=0x1002 }
10-31 13:01:08.014  1581  1581 I Input   : injectMotionEvent: MotionEvent { action=ACTION_UP, actionButton=0, id[0]=0, x[0]=540.0, y[0]=1660.0, toolType[0]=TOOL_TYPE_UNKNOWN, buttonState=0, metaState=0, flags=0x0, edgeFlags=0x0, pointerCount=1, historySize=0, eventTime=536166274, downTime=536166274, deviceId=8, source=0x1002 }
10-31 13:01:08.016  1581  1581 D AndroidRuntime: Shutting down VM
10-31 13:01:08.041   556  6498 D audio_hw_primary: enable_snd_device: snd_device(88: vi-feedback)
10-31 13:01:08.041   556  6498 D audio_hw_primary: enable_audio_route: usecase(23) apply and update mixer path: spkr-vi-record
10-31 13:01:08.066   556  6498 D audio_hw_primary: enable_audio_route: usecase(1) apply and update mixer path: low-latency-playback
10-31 13:01:08.589   556   731 D audio_hw_primary: disable_audio_route: usecase(1) reset and update mixer path: low-latency-playback
10-31 13:01:08.604   556   731 D audio_hw_primary: disable_snd_device: snd_device(88: vi-feedback)
10-31 13:01:08.604   556   731 D audio_hw_primary: disable_audio_route: usecase(23) reset and update mixer path: spkr-vi-record
10-31 13:01:09.443  1597  1597 D AndroidRuntime: >>>>>> START com.android.internal.os.RuntimeInit uid 2000 <<<<<<
10-31 13:01:09.572  1597  1597 D AndroidRuntime: Calling main entry com.android.commands.input.Input
10-31 13:01:09.579  1597  1597 I Input   : injectMotionEvent: MotionEvent { action=ACTION_DOWN, actionButton=0, id[0]=0, x[0]=180.0, y[0]=1690.0, toolType[0]=TOOL_TYPE_UNKNOWN, buttonState=0, metaState=0, flags=0x0, edgeFlags=0x0, pointerCount=1, historySize=0, eventTime=536167841, downTime=536167841, deviceId=8, source=0x1002 }
10-31 13:01:09.583  1597  1597 I Input   : injectMotionEvent: MotionEvent { action=ACTION_UP, actionButton=0, id[0]=0, x[0]=180.0, y[0]=1690.0, toolType[0]=TOOL_TYPE_UNKNOWN, buttonState=0, metaState=0, flags=0x0, edgeFlags=0x0, pointerCount=1, historySize=0, eventTime=536167841, downTime=536167841, deviceId=8, source=0x1002 }
10-31 13:01:09.586  1597  1597 D AndroidRuntime: Shutting down VM
10-31 13:01:09.601   556  6498 D audio_hw_primary: enable_snd_device: snd_device(88: vi-feedback)
10-31 13:01:09.601   556  6498 D audio_hw_primary: enable_audio_route: usecase(23) apply and update mixer path: spkr-vi-record
10-31 13:01:09.603   772  2970 I ActivityManager: START u0 {act=android.intent.action.VIEW flg=0x10008000 cmp=com.android.chrome/com.google.android.apps.chrome.Main (has extras)} from uid 10060
10-31 13:01:09.609   772   830 E ResourceType: Style contains key with bad entry: 0x0101062c
10-31 13:01:09.610   772   830 E ResourceType: Style contains key with bad entry: 0x0101062c
10-31 13:01:09.626  1428  1428 E ResourceType: Style contains key with bad entry: 0x0101062c
10-31 13:01:09.629   556  6498 D audio_hw_primary: enable_audio_route: usecase(1) apply and update mixer path: low-latency-playback
10-31 13:01:09.629  1428  1428 E ResourceType: Style contains key with bad entry: 0x0101062c
10-31 13:01:09.667  1428  1428 W ResourceType: Failure getting entry for 0x7f010055 (t=0 e=85) (error -75)
10-31 13:01:09.682  1428  1428 I cr_CompositorSurfaceMgr: Transitioning to surface with format: -1
10-31 13:01:09.689  1428  1428 W ResourceType: Failure getting entry for 0x7f010530 (t=0 e=1328) (error -75)
10-31 13:01:09.756  1428  1506 W cr_tabmodel: Starting to perform legacy migration.
10-31 13:01:09.760  1428  1506 W cr_tabmodel: Finished performing legacy migration.
10-31 13:01:09.760  1428  1506 W cr_tabmodel: Starting to perform multi-instance migration.
10-31 13:01:09.760  1428  1506 W cr_tabmodel: Finished performing multi-instance migration.
10-31 13:01:09.760  1428  1506 I cr_tabmodel: Starting to fetch tab list for tab_state0
10-31 13:01:09.760  1428  1506 I cr_tabmodel: State file does not exist.
10-31 13:01:09.760  1428  1506 I cr_tabmodel: Starting to fetch tab list for tab_state1
10-31 13:01:09.761  1428  1506 I cr_tabmodel: State file does not exist.
10-31 13:01:09.806   772 32228 W ActivityManager: Duplicate finish request for ActivityRecord{1dffadb u0 com.android.chrome/org.chromium.chrome.browser.firstrun.FirstRunActivity t761 f}
10-31 13:01:09.827  1428  1506 W cr_PartnerCustomize: Partner homepage must be HTTP(S) or NewTabPage. Got invalid URL "org.chromium.url.GURL@0"
10-31 13:01:09.841  1428  1428 I cr_StartSurfaceConfig: Recorded Startup.Android.FirstDrawCompletedTime.NoInstant = 201 ms
10-31 13:01:09.844  1428  1464 D OpenGLRenderer: endAllActiveAnimators on 0xc61c7f00 (RippleDrawable) with handle 0xc6153e50
10-31 13:01:09.852  1428  1428 I cr_CompositorSurfaceMgr: Transitioning to surface with format: -1
10-31 13:01:09.855  1428  1428 I cr_CompositorSurfaceMgr: surfaceCreated format: 0
10-31 13:01:09.866  1428  1428 I cr_ChromeTabbedActivity: #initializeState
10-31 13:01:09.867  1428  1428 I cr_CipherFactory: #restoreFromBundle, no savedInstanceState.
10-31 13:01:09.867  1428  1428 I cr_tabmodel: #loadState, ignoreIncognitoFiles? true
10-31 13:01:09.877  1428  1428 I cr_tabmodel: Loaded tab lists; counts: 0,0
10-31 13:01:09.915  1428  1428 W ResourceType: Failure getting entry for 0x7f010216 (t=0 e=534) (error -75)
10-31 13:01:09.917  1428  1428 W ResourceType: Failure getting entry for 0x7f0107c9 (t=0 e=1993) (error -75)
10-31 13:01:09.938  1428  1428 W ResourceType: Failure getting entry for 0x7f010827 (t=0 e=2087) (error -75)
10-31 13:01:09.955  1428  1428 I cr_OfflineIndicator: onConnectionTypeChanged 2
10-31 13:01:09.956  1428  1428 I cr_OfflineIndicator: Reported by system: [ Transports: WIFI Capabilities: NOT_METERED&INTERNET&NOT_RESTRICTED&TRUSTED&NOT_VPN&VALIDATED&FOREGROUND LinkUpBandwidth>=1048576Kbps LinkDnBandwidth>=1048576Kbps SignalStrength: -64]
10-31 13:01:09.956  1428  1428 I cr_OfflineIndicator: setConnectionState connectionState=4
10-31 13:01:09.956  1428  1428 I cr_OfflineDetector: Running updateState mConnectivityDetectorInitialized: true, mTimeWhenLastForegrounded: 1093724122, getElapsedTime: 1093724123, mTimeWhenLastOfflineNotificationReceived: 0, mTimeWhenLastOnline: 1093724123, mApplicationState: 1, mIsOfflineLastReportedByConnectivityDetector: false, mIsEffectivelyOffline: false
10-31 13:01:09.956  1428  1428 I cr_OfflineDetector: updateState(): timeSinceLastForeground: 1, timeSinceOfflineNotificationReceived: 1093724123, timeSinceLastOnline: 0, timeNeededForForeground: 1999, timeNeededForOffline: -1093722123
10-31 13:01:09.957  1428  1428 I cr_OfflineIndicator: processConnectivityCheckResult mConnectionState=4 mConnectivityCheckingStage=1
10-31 13:01:10.051   772 13071 E BatteryStatsService: no controller energy info supplied
10-31 13:01:10.051   772 13071 E BatteryStatsService: no controller energy info supplied
10-31 13:01:10.063  1428  1428 W ResourceType: Failure getting entry for 0x7f010415 (t=0 e=1045) (error -75)
10-31 13:01:10.069   772   788 W ProcessCpuTracker: Skipping unknown process pid 1635
10-31 13:01:10.156  1428  1506 I cr_VrCoreVersionChecker: Unable to find VrCore.
10-31 13:01:10.160  1428  1428 W ResourceType: Failure getting entry for 0x7f0100f9 (t=0 e=249) (error -75)
10-31 13:01:10.161   556   731 D audio_hw_primary: disable_audio_route: usecase(1) reset and update mixer path: low-latency-playback
10-31 13:01:10.162  1428  1428 W ResourceType: Failure getting entry for 0x7f010828 (t=0 e=2088) (error -75)
10-31 13:01:10.170  1428  1428 W ResourceType: Failure getting entry for 0x7f010827 (t=0 e=2087) (error -75)
10-31 13:01:10.176   556   731 D audio_hw_primary: disable_snd_device: snd_device(88: vi-feedback)
10-31 13:01:10.176   556   731 D audio_hw_primary: disable_audio_route: usecase(23) reset and update mixer path: spkr-vi-record
10-31 13:01:10.197  1428  1428 I cr_ChromeTabbedActivity: #createInitialTab executed.
10-31 13:01:10.202   361   361 W /system/bin/hwservicemanager: getTransportFromManifest: Cannot find entry android.hardware.graphics.mapper@2.0::IMapper in either framework or device manifest, using default transport.
10-31 13:01:10.205  1511  1529 I vndksupport: sphal namespace is not configured for this process. Loading /vendor/lib/hw/gralloc.msm8992.so from the current namespace instead.
10-31 13:01:10.223  1428  1428 E ResourceType: Style contains key with bad entry: 0x0101062c
10-31 13:01:10.266  1428  1428 W ResourceType: Failure getting entry for 0x7f010565 (t=0 e=1381) (error -75)
10-31 13:01:10.275  1428  1428 W ResourceType: Failure getting entry for 0x7f010551 (t=0 e=1361) (error -75)
10-31 13:01:10.399  1428  1428 W ResourceType: Failure getting entry for 0x7f01059a (t=0 e=1434) (error -75)
10-31 13:01:10.423  1428  1428 W ResourceType: Failure getting entry for 0x7f010888 (t=0 e=2184) (error -75)
10-31 13:01:10.433  1428  1428 I chatty  : uid=10060(u0_a60) identical 6 lines
10-31 13:01:10.434  1428  1428 W ResourceType: Failure getting entry for 0x7f010888 (t=0 e=2184) (error -75)
10-31 13:01:10.436  1428  1428 I cr_TopSites: Start a new task.
10-31 13:01:10.436  1428  1498 I cr_TopSites: Serializing top sites lists finished; count: 8
10-31 13:01:10.438   772  2969 W AppOps  : Bad call: specified package com.google.android.gms under uid 10060 but it is really 10020
10-31 13:01:10.438   772  2969 W AppOps  : java.lang.RuntimeException: here
10-31 13:01:10.438   772  2969 W AppOps  : 	at com.android.server.AppOpsService.getOpsRawLocked(AppOpsService.java:1319)
10-31 13:01:10.438   772  2969 W AppOps  : 	at com.android.server.AppOpsService.checkPackage(AppOpsService.java:1038)
10-31 13:01:10.438   772  2969 W AppOps  : 	at com.android.internal.app.IAppOpsService$Stub.onTransact(IAppOpsService.java:169)
10-31 13:01:10.438   772  2969 W AppOps  : 	at android.os.Binder.execTransact(Binder.java:674)
10-31 13:01:10.438   772  2970 W AppOps  : Bad call: specified package com.google.android.gms under uid 10060 but it is really 10020
10-31 13:01:10.438   772  2970 W AppOps  : java.lang.RuntimeException: here
10-31 13:01:10.438   772  2970 W AppOps  : 	at com.android.server.AppOpsService.getOpsRawLocked(AppOpsService.java:1319)
10-31 13:01:10.438   772  2970 W AppOps  : 	at com.android.server.AppOpsService.checkPackage(AppOpsService.java:1038)
10-31 13:01:10.438   772  2970 W AppOps  : 	at com.android.internal.app.IAppOpsService$Stub.onTransact(IAppOpsService.java:169)
10-31 13:01:10.438   772  2970 W AppOps  : 	at android.os.Binder.execTransact(Binder.java:674)
10-31 13:01:10.440   772  1259 W AppOps  : Bad call: specified package com.google.android.gms under uid 10060 but it is really 10020
10-31 13:01:10.440   772  1259 W AppOps  : java.lang.RuntimeException: here
10-31 13:01:10.440   772  1259 W AppOps  : 	at com.android.server.AppOpsService.getOpsRawLocked(AppOpsService.java:1319)
10-31 13:01:10.440   772  1259 W AppOps  : 	at com.android.server.AppOpsService.checkPackage(AppOpsService.java:1038)
10-31 13:01:10.440   772  1259 W AppOps  : 	at com.android.internal.app.IAppOpsService$Stub.onTransact(IAppOpsService.java:169)
10-31 13:01:10.440   772  1259 W AppOps  : 	at android.os.Binder.execTransact(Binder.java:674)
10-31 13:01:10.441   772 32228 W AppOps  : Bad call: specified package com.google.android.gms under uid 10060 but it is really 10020
10-31 13:01:10.441   772 32228 W AppOps  : java.lang.RuntimeException: here
10-31 13:01:10.441   772 32228 W AppOps  : 	at com.android.server.AppOpsService.getOpsRawLocked(AppOpsService.java:1319)
10-31 13:01:10.441   772 32228 W AppOps  : 	at com.android.server.AppOpsService.checkPackage(AppOpsService.java:1038)
10-31 13:01:10.441   772 32228 W AppOps  : 	at com.android.internal.app.IAppOpsService$Stub.onTransact(IAppOpsService.java:169)
10-31 13:01:10.441   772 32228 W AppOps  : 	at android.os.Binder.execTransact(Binder.java:674)
10-31 13:01:10.442  1428  1498 I cr_TopSites: Finished saving top sites list to file:/data/user/0/com.android.chrome/app_top_sites/top_sites
10-31 13:01:10.463  1428  1428 E cr_IntentUtils: getBooleanExtra failed on intent null
10-31 13:01:10.464  1428  1428 E cr_IntentUtils: getBooleanExtra failed on intent null
10-31 13:01:10.468  1476  1507 I cr_LibraryLoader: Successfully loaded native library
10-31 13:01:10.469  1476  1507 I cr_CachingUmaRecorder: Flushed 3 samples from 3 histograms.
10-31 13:01:10.506  3960  4244 I FontLog : Received query name=Google Sans&weight=700&besteffort=false, URI content://com.google.android.gms.fonts [CONTEXT service_id=132 ]
10-31 13:01:10.507  3960  4244 I FontLog : Query [name=Google Sans&weight=700&besteffort=false] resolved to {Google Sans, wdth 100.0, wght 700, ital 0.0, bestEffort false} [CONTEXT service_id=132 ]
10-31 13:01:10.508  3960  4244 I FontLog : Fetch {Google Sans, wdth 100.0, wght 700, ital 0.0, bestEffort false} end status Status{statusCode=SUCCESS, resolution=null} [CONTEXT service_id=132 ]
10-31 13:01:10.514  3960  4245 I FontLog : Pulling font file for id = 2237, cache size = 10 [CONTEXT service_id=132 ]
10-31 13:01:10.524  3960  4151 I FontLog : Received query name=Noto Color Emoji Compat&weight=400&besteffort=false, URI content://com.google.android.gms.fonts [CONTEXT service_id=132 ]
10-31 13:01:10.524  3960  4151 I FontLog : Query [name=Noto Color Emoji Compat&weight=400&besteffort=false] resolved to {Noto Color Emoji Compat, wdth 100.0, wght 400, ital 0.0, bestEffort false} [CONTEXT service_id=132 ]
10-31 13:01:10.527  3960  4151 I FontLog : Fetch {Noto Color Emoji Compat, wdth 100.0, wght 400, ital 0.0, bestEffort false} end status Status{statusCode=SUCCESS, resolution=null} [CONTEXT service_id=132 ]
10-31 13:01:10.544   772   996 I ActivityManager: Start proc 1661:com.android.chrome:sandboxed_process2/u0i773 for webview_service com.android.chrome/org.chromium.content.app.SandboxedProcessService2
10-31 13:01:10.548  1661  1661 E /system/bin/webview_zygote32: failed to make and chown /acct/uid_99773: Permission denied
10-31 13:01:10.548  1661  1661 E Zygote  : createProcessGroup(99773, 0) failed: Permission denied
10-31 13:01:10.573  3960  4244 I FontLog : Pulling font file for id = 2238, cache size = 9 [CONTEXT service_id=132 ]
10-31 13:01:10.579  1661  1661 I SamplingProfilerIntegration: Profiling disabled.
10-31 13:01:10.587  1677  1677 E /system/bin/webview_zygote32: failed to make and chown /acct/uid_99774: Permission denied
10-31 13:01:10.587  1677  1677 E Zygote  : createProcessGroup(99774, 0) failed: Permission denied
10-31 13:01:10.589   772  2969 I ActivityManager: Start proc 1677:com.android.chrome:sandboxed_process3/u0i774 for webview_service com.android.chrome/org.chromium.content.app.SandboxedProcessService3
10-31 13:01:10.595  3960  6244 I FontLog : Received query name=Google Sans&weight=400&besteffort=false, URI content://com.google.android.gms.fonts [CONTEXT service_id=132 ]
10-31 13:01:10.596  3960  6244 I FontLog : Query [name=Google Sans&weight=400&besteffort=false] resolved to {Google Sans, wdth 100.0, wght 400, ital 0.0, bestEffort false} [CONTEXT service_id=132 ]
10-31 13:01:10.598  3960  6244 I FontLog : Font PFD returned from cache for {Google Sans, wdth 100.0, wght 400, ital 0.0, bestEffort false} [CONTEXT service_id=132 ]
10-31 13:01:10.599  3960  6244 I FontLog : Fetch {Google Sans, wdth 100.0, wght 400, ital 0.0, bestEffort false} end status Status{statusCode=SUCCESS, resolution=null} [CONTEXT service_id=132 ]
10-31 13:01:10.610  1690  1690 E asset   : setgid: Operation not permitted
10-31 13:01:10.614   772 13071 I ActivityManager: Start proc 1691:com.android.chrome:sandboxed_process4/u0i775 for webview_service com.android.chrome/org.chromium.content.app.SandboxedProcessService4
10-31 13:01:10.615  1691  1691 E /system/bin/webview_zygote32: failed to make and chown /acct/uid_99775: Permission denied
10-31 13:01:10.615  1691  1691 E Zygote  : createProcessGroup(99775, 0) failed: Permission denied
10-31 13:01:10.615  1677  1677 I SamplingProfilerIntegration: Profiling disabled.
10-31 13:01:10.623  1428  1428 I Choreographer: Skipped 45 frames!  The application may be doing too much work on its main thread.
10-31 13:01:10.638  1661  1661 I cr_SplitCompatApp: Launched version=106.0.5249.79 minSdkVersion=24 isBundle=true processName=com.android.chrome:sandboxed_process2 isIsolated=true
10-31 13:01:10.640  1691  1691 I SamplingProfilerIntegration: Profiling disabled.
10-31 13:01:10.643   772 32228 I ActivityManager: Start proc 1705:com.android.chrome:sandboxed_process5/u0i776 for webview_service com.android.chrome/org.chromium.content.app.SandboxedProcessService5
10-31 13:01:10.650  1705  1705 E /system/bin/webview_zygote32: failed to make and chown /acct/uid_99776: Permission denied
10-31 13:01:10.650  1705  1705 E Zygote  : createProcessGroup(99776, 0) failed: Permission denied
10-31 13:01:10.653  1661  1661 W SystemServiceRegistry: No service published for: uimode
10-31 13:01:10.658  3960  3971 I FontLog : Pulling font file for id = 2239, cache size = 10 [CONTEXT service_id=132 ]
10-31 13:01:10.661  1661  1661 I cr_ChildProcessService: Creating new ChildProcessService pid=1661
10-31 13:01:10.674  1719  1719 E asset   : setgid: Operation not permitted
10-31 13:01:10.676  1428  1428 W StaticLayout: maxLineHeight should not be -1.  maxLines:1 lineCount:1
10-31 13:01:10.678  1705  1705 I SamplingProfilerIntegration: Profiling disabled.
10-31 13:01:10.682  1722  1722 E /system/bin/webview_zygote32: failed to make and chown /acct/uid_99777: Permission denied
10-31 13:01:10.682  1722  1722 E Zygote  : createProcessGroup(99777, 0) failed: Permission denied
10-31 13:01:10.682   772  3854 I ActivityManager: Start proc 1722:com.android.chrome:sandboxed_process6/u0i777 for webview_service com.android.chrome/org.chromium.content.app.SandboxedProcessService6
10-31 13:01:10.684  1721  1721 E asset   : setgid: Operation not permitted
10-31 13:01:10.685  3960  4244 I FontLog : Received query name=Google Sans&weight=500&besteffort=false, URI content://com.google.android.gms.fonts [CONTEXT service_id=132 ]
10-31 13:01:10.685  3960  4244 I FontLog : Query [name=Google Sans&weight=500&besteffort=false] resolved to {Google Sans, wdth 100.0, wght 500, ital 0.0, bestEffort false} [CONTEXT service_id=132 ]
10-31 13:01:10.686  3960  4244 I FontLog : Font PFD returned from cache for {Google Sans, wdth 100.0, wght 500, ital 0.0, bestEffort false} [CONTEXT service_id=132 ]
10-31 13:01:10.686  3960  4244 I FontLog : Fetch {Google Sans, wdth 100.0, wght 500, ital 0.0, bestEffort false} end status Status{statusCode=SUCCESS, resolution=null} [CONTEXT service_id=132 ]
10-31 13:01:10.688  1661  1661 E WebViewFactory: can't load with relro file; address space not reserved
10-31 13:01:10.691  1428  1428 W ResourceType: Failure getting entry for 0x7f010216 (t=0 e=534) (error -75)
10-31 13:01:10.692  3960  4151 I FontLog : Pulling font file for id = 2240, cache size = 11 [CONTEXT service_id=132 ]
10-31 13:01:10.692  1428  1428 W ResourceType: Failure getting entry for 0x7f0107c9 (t=0 e=1993) (error -75)
10-31 13:01:10.701  1731  1731 E asset   : setgid: Operation not permitted
10-31 13:01:10.704  1732  1732 E /system/bin/webview_zygote32: failed to make and chown /acct/uid_99778: Permission denied
10-31 13:01:10.704  1732  1732 E Zygote  : createProcessGroup(99778, 0) failed: Permission denied
10-31 13:01:10.706   772 10895 I ActivityManager: Start proc 1732:com.android.chrome:sandboxed_process7/u0i778 for webview_service com.android.chrome/org.chromium.content.app.SandboxedProcessService7
10-31 13:01:10.712  1722  1722 I SamplingProfilerIntegration: Profiling disabled.
10-31 13:01:10.721   772 13071 I ActivityManager: Start proc 1746:com.android.chrome:sandboxed_process8/u0i779 for webview_service com.android.chrome/org.chromium.content.app.SandboxedProcessService8
10-31 13:01:10.724  1691  1691 I cr_SplitCompatApp: Launched version=106.0.5249.79 minSdkVersion=24 isBundle=true processName=com.android.chrome:sandboxed_process4 isIsolated=true
10-31 13:01:10.728  1677  1677 I cr_SplitCompatApp: Launched version=106.0.5249.79 minSdkVersion=24 isBundle=true processName=com.android.chrome:sandboxed_process3 isIsolated=true
10-31 13:01:10.729  1691  1691 W SystemServiceRegistry: No service published for: uimode
10-31 13:01:10.733  1677  1677 W SystemServiceRegistry: No service published for: uimode
10-31 13:01:10.735  1746  1746 E /system/bin/webview_zygote32: failed to make and chown /acct/uid_99779: Permission denied
10-31 13:01:10.736  1746  1746 E Zygote  : createProcessGroup(99779, 0) failed: Permission denied
10-31 13:01:10.737  1691  1691 I cr_ChildProcessService: Creating new ChildProcessService pid=1691
10-31 13:01:10.742   772  1327 I ActivityManager: Start proc 1755:com.android.chrome:sandboxed_process9/u0i780 for webview_service com.android.chrome/org.chromium.content.app.SandboxedProcessService9
10-31 13:01:10.743  1677  1677 I cr_ChildProcessService: Creating new ChildProcessService pid=1677
10-31 13:01:10.743  1732  1732 I SamplingProfilerIntegration: Profiling disabled.
10-31 13:01:10.746  1705  1705 I cr_SplitCompatApp: Launched version=106.0.5249.79 minSdkVersion=24 isBundle=true processName=com.android.chrome:sandboxed_process5 isIsolated=true
10-31 13:01:10.748  1691  1691 E WebViewFactory: can't load with relro file; address space not reserved
10-31 13:01:10.749  1755  1755 E /system/bin/webview_zygote32: failed to make and chown /acct/uid_99780: Permission denied
10-31 13:01:10.749  1755  1755 E Zygote  : createProcessGroup(99780, 0) failed: Permission denied
10-31 13:01:10.754  1705  1705 W SystemServiceRegistry: No service published for: uimode
10-31 13:01:10.754  1677  1677 E WebViewFactory: can't load with relro file; address space not reserved
10-31 13:01:10.755  1691  1753 I cr_LibraryLoader: Successfully loaded native library
10-31 13:01:10.756  1691  1753 I cr_CachingUmaRecorder: Flushed 3 samples from 3 histograms.
10-31 13:01:10.760  1770  1770 E asset   : setgid: Operation not permitted
10-31 13:01:10.767   772   797 I ActivityManager: Displayed com.android.chrome/com.google.android.apps.chrome.Main: +1s149ms
10-31 13:01:10.767  1705  1705 I cr_ChildProcessService: Creating new ChildProcessService pid=1705
10-31 13:01:10.770  1661  1716 I cr_LibraryLoader: Successfully loaded native library
10-31 13:01:10.771  1661  1716 I cr_CachingUmaRecorder: Flushed 3 samples from 3 histograms.
10-31 13:01:10.771  1746  1746 I SamplingProfilerIntegration: Profiling disabled.
10-31 13:01:10.777  1755  1755 I SamplingProfilerIntegration: Profiling disabled.
10-31 13:01:10.789  1677  1766 I cr_LibraryLoader: Successfully loaded native library
10-31 13:01:10.790  1677  1766 I cr_CachingUmaRecorder: Flushed 3 samples from 3 histograms.
10-31 13:01:10.809  1705  1705 E WebViewFactory: can't load with relro file; address space not reserved
10-31 13:01:10.821  1722  1722 I cr_SplitCompatApp: Launched version=106.0.5249.79 minSdkVersion=24 isBundle=true processName=com.android.chrome:sandboxed_process6 isIsolated=true
10-31 13:01:10.821  1795  1795 E asset   : setgid: Operation not permitted
10-31 13:01:10.822  1804  1804 E asset   : setgid: Operation not permitted
10-31 13:01:10.822  1428  1428 I cr_tabmodel: Appending tabs being restored to metadata lists, 0, startingNormalCount: 1, startingIncognitoCount: 0
10-31 13:01:10.822  1428  1428 I cr_tabmodel: Serializing tab lists; counts: 1, 0
10-31 13:01:10.832  1705  1775 I cr_LibraryLoader: Successfully loaded native library
10-31 13:01:10.833  1705  1775 I cr_CachingUmaRecorder: Flushed 3 samples from 3 histograms.
10-31 13:01:10.833  1722  1722 W SystemServiceRegistry: No service published for: uimode
10-31 13:01:10.841  1806  1806 E asset   : setgid: Operation not permitted
10-31 13:01:10.844 14595 14595 E WorkerRegistryImpl: getWorker() is called after WorkerRegistry disposal.
10-31 13:01:10.844 14595 14595 E WorkerRegistryImpl: getWorker() is called after WorkerRegistry disposal.
10-31 13:01:10.848  1677  1766 I chromium: [INFO:child_process_service.cc(69)] ChildProcessService: Exiting child process.
10-31 13:01:10.848  1661  1716 I chromium: [INFO:child_process_service.cc(69)] ChildProcessService: Exiting child process.
10-31 13:01:10.851   422   422 E lowmemorykiller: Error writing /proc/1677/oom_score_adj; errno=22
10-31 13:01:10.852  1691  1753 I chromium: [INFO:child_process_service.cc(69)] ChildProcessService: Exiting child process.
10-31 13:01:10.852   772 10895 I ActivityManager: Killing 1677:com.android.chrome:sandboxed_process3/u0a60i774 (adj 0): isolated not needed
10-31 13:01:10.853   772   790 W zygote64: failed to open /acct/uid_99774/pid_1677/cgroup.procs: No such file or directory
10-31 13:01:10.856   422   422 E lowmemorykiller: Error writing /proc/1661/oom_score_adj; errno=22
10-31 13:01:10.856   772   785 I ActivityManager: Killing 1661:com.android.chrome:sandboxed_process2/u0a60i773 (adj 0): isolated not needed
10-31 13:01:10.858   772   790 W zygote64: failed to open /acct/uid_99773/pid_1661/cgroup.procs: No such file or directory
10-31 13:01:10.859   422   422 E lowmemorykiller: Error writing /proc/1691/oom_score_adj; errno=22
10-31 13:01:10.860   772  1259 I ActivityManager: Killing 1691:com.android.chrome:sandboxed_process4/u0a60i775 (adj 0): isolated not needed
10-31 13:01:10.892   772   790 W zygote64: failed to open /acct/uid_99775/pid_1691/cgroup.procs: No such file or directory
10-31 13:01:10.896  1722  1722 I cr_ChildProcessService: Creating new ChildProcessService pid=1722
10-31 13:01:10.896  1746  1746 I cr_SplitCompatApp: Launched version=106.0.5249.79 minSdkVersion=24 isBundle=true processName=com.android.chrome:sandboxed_process8 isIsolated=true
10-31 13:01:10.901  1732  1732 I cr_SplitCompatApp: Launched version=106.0.5249.79 minSdkVersion=24 isBundle=true processName=com.android.chrome:sandboxed_process7 isIsolated=true
10-31 13:01:10.905  1746  1746 W SystemServiceRegistry: No service published for: uimode
10-31 13:01:10.917  1705  1775 I chromium: [INFO:child_process_service.cc(69)] ChildProcessService: Exiting child process.
10-31 13:01:10.919   422   422 E lowmemorykiller: Error writing /proc/1705/oom_score_adj; errno=22
10-31 13:01:10.920   772 13021 I ActivityManager: Killing 1705:com.android.chrome:sandboxed_process5/u0a60i776 (adj 0): isolated not needed
10-31 13:01:10.920   772   790 W zygote64: failed to open /acct/uid_99776/pid_1705/cgroup.procs: No such file or directory
10-31 13:01:10.929  1428  1428 W chromium: [WARNING:compositor_view.cc(342)] Child process died (type=6) pid=1691)
10-31 13:01:10.932  1755  1755 I cr_SplitCompatApp: Launched version=106.0.5249.79 minSdkVersion=24 isBundle=true processName=com.android.chrome:sandboxed_process9 isIsolated=true
10-31 13:01:10.932  1722  1817 E WebViewFactory: can't load with relro file; address space not reserved
10-31 13:01:10.935  1746  1746 I cr_ChildProcessService: Creating new ChildProcessService pid=1746
10-31 13:01:10.938  1732  1732 W SystemServiceRegistry: No service published for: uimode
10-31 13:01:10.938  1755  1755 W SystemServiceRegistry: No service published for: uimode
10-31 13:01:10.940  1428  1428 W chromium: [WARNING:compositor_view.cc(342)] Child process died (type=6) pid=1677)
10-31 13:01:10.945  1755  1755 I cr_ChildProcessService: Creating new ChildProcessService pid=1755
10-31 13:01:10.956  1722  1817 I cr_LibraryLoader: Successfully loaded native library
10-31 13:01:10.957  1722  1817 I cr_CachingUmaRecorder: Flushed 3 samples from 3 histograms.
10-31 13:01:10.963  1732  1732 I cr_ChildProcessService: Creating new ChildProcessService pid=1732
10-31 13:01:10.967  1746  1746 E WebViewFactory: can't load with relro file; address space not reserved
10-31 13:01:10.969  1428  1428 W chromium: [WARNING:compositor_view.cc(342)] Child process died (type=6) pid=1661)
10-31 13:01:10.975  1755  1819 E WebViewFactory: can't load with relro file; address space not reserved
10-31 13:01:10.983  1746  1818 I cr_LibraryLoader: Successfully loaded native library
10-31 13:01:10.984  1746  1818 I cr_CachingUmaRecorder: Flushed 3 samples from 3 histograms.
10-31 13:01:10.988  1732  1732 E WebViewFactory: can't load with relro file; address space not reserved
10-31 13:01:10.989  1755  1819 I cr_LibraryLoader: Successfully loaded native library
10-31 13:01:10.990  1755  1819 I cr_CachingUmaRecorder: Flushed 3 samples from 3 histograms.
10-31 13:01:11.002  1732  1821 I cr_LibraryLoader: Successfully loaded native library
10-31 13:01:11.004  1732  1821 I cr_CachingUmaRecorder: Flushed 3 samples from 3 histograms.
10-31 13:01:11.019  1722  1817 I chromium: [INFO:child_process_service.cc(69)] ChildProcessService: Exiting child process.
10-31 13:01:11.019  1428  1428 W chromium: [WARNING:compositor_view.cc(342)] Child process died (type=6) pid=1705)
10-31 13:01:11.021   422   422 E lowmemorykiller: Error writing /proc/1722/oom_score_adj; errno=22
10-31 13:01:11.022   772  3037 I ActivityManager: Killing 1722:com.android.chrome:sandboxed_process6/u0a60i777 (adj 0): isolated not needed
10-31 13:01:11.024   772   790 W zygote64: failed to open /acct/uid_99777/pid_1722/cgroup.procs: No such file or directory
10-31 13:01:11.034  1746  1818 I chromium: [INFO:child_process_service.cc(69)] ChildProcessService: Exiting child process.
10-31 13:01:11.036   422   422 E lowmemorykiller: Error writing /proc/1746/oom_score_adj; errno=22
10-31 13:01:11.041   772 10895 I ActivityManager: Killing 1746:com.android.chrome:sandboxed_process8/u0a60i779 (adj 0): isolated not needed
10-31 13:01:11.042   772   790 W zygote64: failed to open /acct/uid_99779/pid_1746/cgroup.procs: No such file or directory
