10-31 13:01:11.043  1732  1821 I chromium: [INFO:child_process_service.cc(69)] ChildProcessService: Exiting child process.
10-31 13:01:11.045   422   422 E lowmemorykiller: Error writing /proc/1732/oom_score_adj; errno=22
10-31 13:01:11.046   772  4540 I ActivityManager: Killing 1732:com.android.chrome:sandboxed_process7/u0a60i778 (adj 0): isolated not needed
10-31 13:01:11.047   772   790 W zygote64: failed to open /acct/uid_99778/pid_1732/cgroup.procs: No such file or directory
10-31 13:01:11.072  1428  1428 W chromium: [WARNING:compositor_view.cc(342)] Child process died (type=6) pid=1732)
10-31 13:01:11.080  1755  1819 I chromium: [INFO:child_process_service.cc(69)] ChildProcessService: Exiting child process.
10-31 13:01:11.088   422   422 E lowmemorykiller: Error writing /proc/1755/oom_score_adj; errno=22
10-31 13:01:11.095   772 10895 I ActivityManager: Killing 1755:com.android.chrome:sandboxed_process9/u0a60i780 (adj 0): isolated not needed
10-31 13:01:11.096   772   790 W zygote64: failed to open /acct/uid_99780/pid_1755/cgroup.procs: No such file or directory
10-31 13:01:11.096  1428  1428 W chromium: [WARNING:compositor_view.cc(342)] Child process died (type=6) pid=1722)
10-31 13:01:11.100  1428  1428 W chromium: [WARNING:compositor_view.cc(342)] Child process died (type=6) pid=1746)
10-31 13:01:11.119  1428  1428 W chromium: [WARNING:compositor_view.cc(342)] Child process died (type=6) pid=1755)
10-31 13:01:11.145  1850  1850 E /system/bin/webview_zygote32: failed to make and chown /acct/uid_99781: Permission denied
10-31 13:01:11.145  1850  1850 E Zygote  : createProcessGroup(99781, 0) failed: Permission denied
10-31 13:01:11.147   772  1259 I ActivityManager: Start proc 1850:com.android.chrome:sandboxed_process10/u0i781 for webview_service com.android.chrome/org.chromium.content.app.SandboxedProcessService10
10-31 13:01:11.168  1850  1850 I SamplingProfilerIntegration: Profiling disabled.
10-31 13:01:11.195  1863  1863 E asset   : setgid: Operation not permitted
10-31 13:01:11.214  1428  1499 W cr_CrashFileManager: /data/user/0/com.android.chrome/cache/Crash Reports does not exist or is not a directory
10-31 13:01:11.214  1428  1499 I chatty  : uid=10060(u0_a60) identical 1 line
10-31 13:01:11.214  1428  1499 W cr_CrashFileManager: /data/user/0/com.android.chrome/cache/Crash Reports does not exist or is not a directory
10-31 13:01:11.219  1428  1475 I cr_BindingManager: Moderate binding enabled: maxSize=40
10-31 13:01:11.236  1850  1850 I cr_SplitCompatApp: Launched version=106.0.5249.79 minSdkVersion=24 isBundle=true processName=com.android.chrome:sandboxed_process10 isIsolated=true
10-31 13:01:11.240  1850  1850 W SystemServiceRegistry: No service published for: uimode
10-31 13:01:11.248  1850  1850 I cr_ChildProcessService: Creating new ChildProcessService pid=1850
10-31 13:01:11.257  1850  1850 E WebViewFactory: can't load with relro file; address space not reserved
10-31 13:01:11.274  1850  1865 I cr_LibraryLoader: Successfully loaded native library
10-31 13:01:11.275  1850  1865 I cr_CachingUmaRecorder: Flushed 3 samples from 3 histograms.
10-31 13:01:11.296   772  1324 W AppOps  : Bad call: specified package com.google.android.gms under uid 10045 but it is really 10020
10-31 13:01:11.296   772  1324 W AppOps  : java.lang.RuntimeException: here
10-31 13:01:11.296   772  1324 W AppOps  : 	at com.android.server.AppOpsService.getOpsRawLocked(AppOpsService.java:1319)
10-31 13:01:11.296   772  1324 W AppOps  : 	at com.android.server.AppOpsService.checkPackage(AppOpsService.java:1038)
10-31 13:01:11.296   772  1324 W AppOps  : 	at com.android.internal.app.IAppOpsService$Stub.onTransact(IAppOpsService.java:169)
10-31 13:01:11.296   772  1324 W AppOps  : 	at android.os.Binder.execTransact(Binder.java:674)
10-31 13:01:11.315   772 10860 W AppOps  : Bad call: specified package com.google.android.gms under uid 10045 but it is really 10020
10-31 13:01:11.315   772 10860 W AppOps  : java.lang.RuntimeException: here
10-31 13:01:11.315   772 10860 W AppOps  : 	at com.android.server.AppOpsService.getOpsRawLocked(AppOpsService.java:1319)
10-31 13:01:11.315   772 10860 W AppOps  : 	at com.android.server.AppOpsService.checkPackage(AppOpsService.java:1038)
10-31 13:01:11.315   772 10860 W AppOps  : 	at com.android.internal.app.IAppOpsService$Stub.onTransact(IAppOpsService.java:169)
10-31 13:01:11.315   772 10860 W AppOps  : 	at android.os.Binder.execTransact(Binder.java:674)
10-31 13:01:11.318   772  4540 I ActivityManager: Start proc 1879:com.android.chrome:sandboxed_process11/u0i782 for webview_service com.android.chrome/org.chromium.content.app.SandboxedProcessService11
10-31 13:01:11.332  1879  1879 E /system/bin/webview_zygote32: failed to make and chown /acct/uid_99782: Permission denied
10-31 13:01:11.332  1879  1879 E Zygote  : createProcessGroup(99782, 0) failed: Permission denied
10-31 13:01:11.347  1850  1865 I chromium: [INFO:child_process_service.cc(69)] ChildProcessService: Exiting child process.
10-31 13:01:11.349  1879  1879 I SamplingProfilerIntegration: Profiling disabled.
10-31 13:01:11.357   772 32228 I ActivityManager: Start proc 1891:com.android.chrome:sandboxed_process12/u0i783 for webview_service com.android.chrome/org.chromium.content.app.SandboxedProcessService12
10-31 13:01:11.361  1891  1891 E /system/bin/webview_zygote32: failed to make and chown /acct/uid_99783: Permission denied
10-31 13:01:11.361  1891  1891 E Zygote  : createProcessGroup(99783, 0) failed: Permission denied
10-31 13:01:11.369   422   422 E lowmemorykiller: Error writing /proc/1850/oom_score_adj; errno=22
10-31 13:01:11.369   772 20193 I ActivityManager: Killing 1850:com.android.chrome:sandboxed_process10/u0a60i781 (adj 0): isolated not needed
10-31 13:01:11.370   772   790 W zygote64: failed to open /acct/uid_99781/pid_1850/cgroup.procs: No such file or directory
10-31 13:01:11.378  1428  1428 W chromium: [WARNING:compositor_view.cc(342)] Child process died (type=6) pid=1850)
10-31 13:01:11.395  1905  1905 E asset   : setgid: Operation not permitted
10-31 13:01:11.398   772   784 I ActivityManager: START u0 {act=android.intent.action.VIEW dat=http://192.168.178.178:5500/... flg=0x10000000 cmp=com.android.chrome/com.google.android.apps.chrome.Main} from uid 2000
10-31 13:01:11.400  1891  1891 I SamplingProfilerIntegration: Profiling disabled.
10-31 13:01:11.415  1909  1909 E /system/bin/webview_zygote32: failed to make and chown /acct/uid_99784: Permission denied
10-31 13:01:11.416  1909  1909 E Zygote  : createProcessGroup(99784, 0) failed: Permission denied
10-31 13:01:11.419   772 13071 I ActivityManager: Start proc 1909:com.android.chrome:sandboxed_process13/u0i784 for webview_service com.android.chrome/org.chromium.content.app.SandboxedProcessService13
10-31 13:01:11.426  1879  1879 I cr_SplitCompatApp: Launched version=106.0.5249.79 minSdkVersion=24 isBundle=true processName=com.android.chrome:sandboxed_process11 isIsolated=true
10-31 13:01:11.431  1879  1879 W SystemServiceRegistry: No service published for: uimode
10-31 13:01:11.437  1879  1879 I cr_ChildProcessService: Creating new ChildProcessService pid=1879
10-31 13:01:11.440  1909  1909 I SamplingProfilerIntegration: Profiling disabled.
10-31 13:01:11.442  1924  1924 E asset   : setgid: Operation not permitted
10-31 13:01:11.450  1879  1879 E WebViewFactory: can't load with relro file; address space not reserved
10-31 13:01:11.461  1925  1925 E asset   : setgid: Operation not permitted
10-31 13:01:11.465  1879  1922 I cr_LibraryLoader: Successfully loaded native library
10-31 13:01:11.466  1879  1922 I cr_CachingUmaRecorder: Flushed 3 samples from 3 histograms.
10-31 13:01:11.467  1428  1428 E cr_IntentUtils: getInt failed on bundle null
10-31 13:01:11.469  1428  1428 E ResourceType: Style contains key with bad entry: 0x0101062c
10-31 13:01:11.489  1891  1891 I cr_SplitCompatApp: Launched version=106.0.5249.79 minSdkVersion=24 isBundle=true processName=com.android.chrome:sandboxed_process12 isIsolated=true
10-31 13:01:11.490   772   784 I ActivityManager: Start proc 1930:com.android.chrome:sandboxed_process14/u0i785 for webview_service com.android.chrome/org.chromium.content.app.SandboxedProcessService14
10-31 13:01:11.490  1428  1428 I cr_tabmodel: Appending tabs being restored to metadata lists, 0, startingNormalCount: 2, startingIncognitoCount: 0
10-31 13:01:11.490  1428  1428 I cr_tabmodel: Serializing tab lists; counts: 2, 0
10-31 13:01:11.498  1930  1930 E /system/bin/webview_zygote32: failed to make and chown /acct/uid_99785: Permission denied
10-31 13:01:11.499  1930  1930 E Zygote  : createProcessGroup(99785, 0) failed: Permission denied
10-31 13:01:11.509  1891  1891 W SystemServiceRegistry: No service published for: uimode
10-31 13:01:11.510  1909  1909 I cr_SplitCompatApp: Launched version=106.0.5249.79 minSdkVersion=24 isBundle=true processName=com.android.chrome:sandboxed_process13 isIsolated=true
10-31 13:01:11.517  1909  1909 W SystemServiceRegistry: No service published for: uimode
10-31 13:01:11.526  1891  1891 I cr_ChildProcessService: Creating new ChildProcessService pid=1891
10-31 13:01:11.526  1930  1930 I SamplingProfilerIntegration: Profiling disabled.
10-31 13:01:11.529  1428  1428 I cr_OfflineDetector: Running updateState mConnectivityDetectorInitialized: true, mTimeWhenLastForegrounded: 1093725695, getElapsedTime: 1093725695, mTimeWhenLastOfflineNotificationReceived: 0, mTimeWhenLastOnline: 1093724123, mApplicationState: 1, mIsOfflineLastReportedByConnectivityDetector: false, mIsEffectivelyOffline: false
10-31 13:01:11.529  1428  1428 I cr_OfflineDetector: updateState(): timeSinceLastForeground: 0, timeSinceOfflineNotificationReceived: 1093725695, timeSinceLastOnline: 1572, timeNeededForForeground: 2000, timeNeededForOffline: -1093723695
10-31 13:01:11.533  1909  1909 I cr_ChildProcessService: Creating new ChildProcessService pid=1909
10-31 13:01:11.533  1891  1891 E WebViewFactory: can't load with relro file; address space not reserved
10-31 13:01:11.544  1909  1909 E WebViewFactory: can't load with relro file; address space not reserved
10-31 13:01:11.546  1954  1954 E asset   : setgid: Operation not permitted
10-31 13:01:11.550  1891  1952 I cr_LibraryLoader: Successfully loaded native library
10-31 13:01:11.551  1891  1952 I cr_CachingUmaRecorder: Flushed 3 samples from 3 histograms.
10-31 13:01:11.554  1909  1953 I cr_LibraryLoader: Successfully loaded native library
10-31 13:01:11.555  1909  1953 I cr_CachingUmaRecorder: Flushed 3 samples from 3 histograms.
10-31 13:01:11.572  1879  1922 I chromium: [INFO:child_process_service.cc(69)] ChildProcessService: Exiting child process.
10-31 13:01:11.575   772 32228 I ActivityManager: Start proc 1959:com.android.chrome:sandboxed_process15/u0i786 for webview_service com.android.chrome/org.chromium.content.app.SandboxedProcessService15
10-31 13:01:11.582  1428  1428 W ResourceType: Failure getting entry for 0x7f010216 (t=0 e=534) (error -75)
10-31 13:01:11.583  1428  1428 W ResourceType: Failure getting entry for 0x7f0107c9 (t=0 e=1993) (error -75)
10-31 13:01:11.591  1959  1959 E /system/bin/webview_zygote32: failed to make and chown /acct/uid_99786: Permission denied
10-31 13:01:11.591  1959  1959 E Zygote  : createProcessGroup(99786, 0) failed: Permission denied
10-31 13:01:11.605  1428  1428 W chromium: [WARNING:compositor_view.cc(342)] Child process died (type=6) pid=1879)
10-31 13:01:11.609  1930  1930 I cr_SplitCompatApp: Launched version=106.0.5249.79 minSdkVersion=24 isBundle=true processName=com.android.chrome:sandboxed_process14 isIsolated=true
10-31 13:01:11.611   772 10895 I ActivityManager: Start proc 1980:com.android.chrome:sandboxed_process16/u0i787 for webview_service com.android.chrome/org.chromium.content.app.SandboxedProcessService16
10-31 13:01:11.613   772  1324 I ActivityManager: Process com.android.chrome:sandboxed_process11 (pid 1879) has died: vis  TOP 
10-31 13:01:11.613   772  1324 W ActivityManager: Scheduling restart of crashed service com.android.chrome/org.chromium.content.app.SandboxedProcessService11 in 1000ms
10-31 13:01:11.613  1980  1980 E /system/bin/webview_zygote32: failed to make and chown /acct/uid_99787: Permission denied
10-31 13:01:11.613  1980  1980 E Zygote  : createProcessGroup(99787, 0) failed: Permission denied
10-31 13:01:11.614   772   790 W zygote64: failed to open /acct/uid_99782/pid_1879/cgroup.procs: No such file or directory
10-31 13:01:11.623  1891  1952 I chromium: [INFO:child_process_service.cc(69)] ChildProcessService: Exiting child process.
10-31 13:01:11.624  1930  1930 W SystemServiceRegistry: No service published for: uimode
10-31 13:01:11.624 13325 13325 I MemoryTrimmer: Trimming objects from memory, since app is in the background.
10-31 13:01:11.629  1930  1930 I cr_ChildProcessService: Creating new ChildProcessService pid=1930
10-31 13:01:11.633  1959  1959 I SamplingProfilerIntegration: Profiling disabled.
10-31 13:01:11.639  1980  1980 I SamplingProfilerIntegration: Profiling disabled.
10-31 13:01:11.640  1909  1953 I chromium: [INFO:child_process_service.cc(69)] ChildProcessService: Exiting child process.
10-31 13:01:11.646 13325 32271 V rsC++   : RS Message thread exiting.
10-31 13:01:11.648  1930  1930 E WebViewFactory: can't load with relro file; address space not reserved
10-31 13:01:11.648 14595 14595 I MemoryTrimmer: Trimming objects from memory, since app is in the background.
10-31 13:01:11.655   772 10895 I ActivityManager: Start proc 1999:com.android.chrome:sandboxed_process17/u0i788 for webview_service com.android.chrome/org.chromium.content.app.SandboxedProcessService17
10-31 13:01:11.655   772 32228 I ActivityManager: Process com.android.chrome:sandboxed_process13 (pid 1909) has died: vis  TOP 
10-31 13:01:11.655   772 32228 W ActivityManager: Scheduling restart of crashed service com.android.chrome/org.chromium.content.app.SandboxedProcessService13 in 10958ms
10-31 13:01:11.656   772   790 W zygote64: failed to open /acct/uid_99784/pid_1909/cgroup.procs: No such file or directory
10-31 13:01:11.676  1999  1999 E /system/bin/webview_zygote32: failed to make and chown /acct/uid_99788: Permission denied
10-31 13:01:11.677  1428  1428 W chromium: [WARNING:compositor_view.cc(342)] Child process died (type=6) pid=1909)
10-31 13:01:11.679  1999  1999 E Zygote  : createProcessGroup(99788, 0) failed: Permission denied
10-31 13:01:11.680  2007  2007 E asset   : setgid: Operation not permitted
10-31 13:01:11.685  2009  2009 E asset   : setgid: Operation not permitted
10-31 13:01:11.686  1428  1428 W chromium: [WARNING:compositor_view.cc(342)] Child process died (type=6) pid=1891)
10-31 13:01:11.695   772  4539 I ActivityManager: Start proc 2015:com.android.chrome:sandboxed_process18/u0i789 for webview_service com.android.chrome/org.chromium.content.app.SandboxedProcessService18
10-31 13:01:11.695  1999  1999 I SamplingProfilerIntegration: Profiling disabled.
10-31 13:01:11.696   772  3854 I ActivityManager: Process com.android.chrome:sandboxed_process12 (pid 1891) has died: vis  TOP 
10-31 13:01:11.696   772  3854 W ActivityManager: Scheduling restart of crashed service com.android.chrome/org.chromium.content.app.SandboxedProcessService12 in 20917ms
10-31 13:01:11.697   772   790 W zygote64: failed to open /acct/uid_99783/pid_1891/cgroup.procs: No such file or directory
10-31 13:01:11.699  2015  2015 E /system/bin/webview_zygote32: failed to make and chown /acct/uid_99789: Permission denied
10-31 13:01:11.699  2015  2015 E Zygote  : createProcessGroup(99789, 0) failed: Permission denied
10-31 13:01:11.720  1959  1959 I cr_SplitCompatApp: Launched version=106.0.5249.79 minSdkVersion=24 isBundle=true processName=com.android.chrome:sandboxed_process15 isIsolated=true
10-31 13:01:11.722   772 10860 I ActivityManager: Start proc 2030:com.android.chrome:sandboxed_process19/u0i790 for webview_service com.android.chrome/org.chromium.content.app.SandboxedProcessService19
10-31 13:01:11.725  2030  2030 E /system/bin/webview_zygote32: failed to make and chown /acct/uid_99790: Permission denied
10-31 13:01:11.727  2015  2015 I SamplingProfilerIntegration: Profiling disabled.
10-31 13:01:11.727  2030  2030 E Zygote  : createProcessGroup(99790, 0) failed: Permission denied
10-31 13:01:11.728  1980  1980 I cr_SplitCompatApp: Launched version=106.0.5249.79 minSdkVersion=24 isBundle=true processName=com.android.chrome:sandboxed_process16 isIsolated=true
10-31 13:01:11.730  1959  1959 W SystemServiceRegistry: No service published for: uimode
10-31 13:01:11.738  1980  1980 W SystemServiceRegistry: No service published for: uimode
10-31 13:01:11.740  1959  1959 I cr_ChildProcessService: Creating new ChildProcessService pid=1959
10-31 13:01:11.747  1980  1980 I cr_ChildProcessService: Creating new ChildProcessService pid=1980
10-31 13:01:11.751  2030  2030 I SamplingProfilerIntegration: Profiling disabled.
10-31 13:01:11.751   772 10860 I ActivityManager: Start proc 2047:com.android.chrome:sandboxed_process20/u0i791 for webview_service com.android.chrome/org.chromium.content.app.SandboxedProcessService20
10-31 13:01:11.753  2052  2052 E asset   : setgid: Operation not permitted
10-31 13:01:11.755  2053  2053 E asset   : setgid: Operation not permitted
10-31 13:01:11.757  2047  2047 E /system/bin/webview_zygote32: failed to make and chown /acct/uid_99791: Permission denied
10-31 13:01:11.757  2047  2047 E Zygote  : createProcessGroup(99791, 0) failed: Permission denied
10-31 13:01:11.774  2047  2047 I SamplingProfilerIntegration: Profiling disabled.
10-31 13:01:11.780  2063  2063 E asset   : setgid: Operation not permitted
10-31 13:01:11.783   772 13071 I ActivityManager: Start proc 2064:com.android.chrome:sandboxed_process21/u0i792 for webview_service com.android.chrome/org.chromium.content.app.SandboxedProcessService21
10-31 13:01:11.796  2064  2064 E /system/bin/webview_zygote32: failed to make and chown /acct/uid_99792: Permission denied
10-31 13:01:11.796  2064  2064 E Zygote  : createProcessGroup(99792, 0) failed: Permission denied
10-31 13:01:11.799  1959  1959 E WebViewFactory: can't load with relro file; address space not reserved
10-31 13:01:11.800  1428  1475 I cr_BindingManager: onTrimMemory: level=5, size=0
10-31 13:01:11.803  1980  1980 E WebViewFactory: can't load with relro file; address space not reserved
10-31 13:01:11.803  1999  1999 I cr_SplitCompatApp: Launched version=106.0.5249.79 minSdkVersion=24 isBundle=true processName=com.android.chrome:sandboxed_process17 isIsolated=true
10-31 13:01:11.813  2015  2015 I cr_SplitCompatApp: Launched version=106.0.5249.79 minSdkVersion=24 isBundle=true processName=com.android.chrome:sandboxed_process18 isIsolated=true
10-31 13:01:11.817  1959  2042 I cr_LibraryLoader: Successfully loaded native library
10-31 13:01:11.818  1959  2042 I cr_CachingUmaRecorder: Flushed 3 samples from 3 histograms.
10-31 13:01:11.819  1980  2046 I cr_LibraryLoader: Successfully loaded native library
10-31 13:01:11.819  1980  2046 I cr_CachingUmaRecorder: Flushed 3 samples from 3 histograms.
10-31 13:01:11.823  1999  1999 W SystemServiceRegistry: No service published for: uimode
10-31 13:01:11.826  1930  1991 I cr_LibraryLoader: Successfully loaded native library
10-31 13:01:11.828  1930  1991 I cr_CachingUmaRecorder: Flushed 3 samples from 3 histograms.
10-31 13:01:11.831  2015  2015 W SystemServiceRegistry: No service published for: uimode
10-31 13:01:11.834  2064  2064 I SamplingProfilerIntegration: Profiling disabled.
10-31 13:01:11.837  2030  2030 I cr_SplitCompatApp: Launched version=106.0.5249.79 minSdkVersion=24 isBundle=true processName=com.android.chrome:sandboxed_process19 isIsolated=true
10-31 13:01:11.838  1999  1999 I cr_ChildProcessService: Creating new ChildProcessService pid=1999
10-31 13:01:11.841  2075  2075 E asset   : setgid: Operation not permitted
10-31 13:01:11.852  1999  1999 E WebViewFactory: can't load with relro file; address space not reserved
10-31 13:01:11.854  2015  2015 I cr_ChildProcessService: Creating new ChildProcessService pid=2015
10-31 13:01:11.858  2030  2030 W SystemServiceRegistry: No service published for: uimode
10-31 13:01:11.868  1959  2042 I chromium: [INFO:child_process_service.cc(69)] ChildProcessService: Exiting child process.
10-31 13:01:11.868  1980  2046 I chromium: [INFO:child_process_service.cc(69)] ChildProcessService: Exiting child process.
10-31 13:01:11.869  2015  2015 E WebViewFactory: can't load with relro file; address space not reserved
10-31 13:01:11.876   422   422 E lowmemorykiller: Error writing /proc/1980/oom_score_adj; errno=22
10-31 13:01:11.876  2015  2098 I cr_LibraryLoader: Successfully loaded native library
10-31 13:01:11.876  2015  2098 I cr_CachingUmaRecorder: Flushed 3 samples from 3 histograms.
10-31 13:01:11.876   772 32228 I ActivityManager: Killing 1980:com.android.chrome:sandboxed_process16/u0a60i787 (adj 0): isolated not needed
10-31 13:01:11.877   772   790 W zygote64: failed to open /acct/uid_99787/pid_1980/cgroup.procs: No such file or directory
10-31 13:01:11.879   422   422 E lowmemorykiller: Error writing /proc/1959/oom_score_adj; errno=22
10-31 13:01:11.879   772 10895 I ActivityManager: Killing 1959:com.android.chrome:sandboxed_process15/u0a60i786 (adj 0): isolated not needed
10-31 13:01:11.881   772   790 W zygote64: failed to open /acct/uid_99786/pid_1959/cgroup.procs: No such file or directory
10-31 13:01:11.884  2100  2100 E asset   : setgid: Operation not permitted
10-31 13:01:11.889  2030  2030 I cr_ChildProcessService: Creating new ChildProcessService pid=2030
10-31 13:01:11.892  1428  1428 W chromium: [WARNING:compositor_view.cc(342)] Child process died (type=6) pid=1959)
10-31 13:01:11.895  1999  2094 I cr_LibraryLoader: Successfully loaded native library
10-31 13:01:11.896  1999  2094 I cr_CachingUmaRecorder: Flushed 3 samples from 3 histograms.
10-31 13:01:11.906  2047  2047 I cr_SplitCompatApp: Launched version=106.0.5249.79 minSdkVersion=24 isBundle=true processName=com.android.chrome:sandboxed_process20 isIsolated=true
10-31 13:01:11.916  2047  2047 W SystemServiceRegistry: No service published for: uimode
10-31 13:01:11.917  1428  1428 W chromium: [WARNING:compositor_view.cc(342)] Child process died (type=6) pid=1980)
10-31 13:01:11.918  2030  2030 E WebViewFactory: can't load with relro file; address space not reserved
10-31 13:01:11.940  2030  2107 I cr_LibraryLoader: Successfully loaded native library
10-31 13:01:11.943  2030  2107 I cr_CachingUmaRecorder: Flushed 3 samples from 3 histograms.
10-31 13:01:11.943  2047  2047 I cr_ChildProcessService: Creating new ChildProcessService pid=2047
10-31 13:01:11.951  2015  2098 I chromium: [INFO:child_process_service.cc(69)] ChildProcessService: Exiting child process.
10-31 13:01:11.953   422   422 E lowmemorykiller: Error writing /proc/2015/oom_score_adj; errno=22
10-31 13:01:11.954   772 10893 I ActivityManager: Killing 2015:com.android.chrome:sandboxed_process18/u0a60i789 (adj 0): isolated not needed
10-31 13:01:11.955  2064  2064 I cr_SplitCompatApp: Launched version=106.0.5249.79 minSdkVersion=24 isBundle=true processName=com.android.chrome:sandboxed_process21 isIsolated=true
10-31 13:01:11.956   772   790 W zygote64: failed to open /acct/uid_99789/pid_2015/cgroup.procs: No such file or directory
10-31 13:01:11.969  2064  2064 W SystemServiceRegistry: No service published for: uimode
10-31 13:01:11.972  1999  2014 I /system/bin/webview_zygote32: Background concurrent copying GC freed 3889(1239KB) AllocSpace objects, 3(76KB) LOS objects, 92% free, 129KB/1665KB, paused 14.167ms total 62.397ms
10-31 13:01:11.974  2047  2047 E WebViewFactory: can't load with relro file; address space not reserved
10-31 13:01:11.979  1999  2094 I chromium: [INFO:child_process_service.cc(69)] ChildProcessService: Exiting child process.
10-31 13:01:11.984   422   422 E lowmemorykiller: Error writing /proc/1999/oom_score_adj; errno=22
10-31 13:01:11.985   772  3854 I ActivityManager: Killing 1999:com.android.chrome:sandboxed_process17/u0a60i788 (adj 0): isolated not needed
10-31 13:01:11.986   772   790 W zygote64: failed to open /acct/uid_99788/pid_1999/cgroup.procs: No such file or directory
10-31 13:01:11.997  2047  2130 I cr_LibraryLoader: Successfully loaded native library
10-31 13:01:11.998  2047  2130 I cr_CachingUmaRecorder: Flushed 3 samples from 3 histograms.
10-31 13:01:12.008  1428  1428 W chromium: [WARNING:compositor_view.cc(342)] Child process died (type=6) pid=2015)
10-31 13:01:12.020  2064  2064 I cr_ChildProcessService: Creating new ChildProcessService pid=2064
10-31 13:01:12.030  2064  2064 E WebViewFactory: can't load with relro file; address space not reserved
10-31 13:01:12.032  1428  1428 W chromium: [WARNING:compositor_view.cc(342)] Child process died (type=6) pid=1999)
10-31 13:01:12.038  2030  2107 I chromium: [INFO:child_process_service.cc(69)] ChildProcessService: Exiting child process.
10-31 13:01:12.046   422   422 E lowmemorykiller: Error writing /proc/2030/oom_score_adj; errno=22
10-31 13:01:12.046   772   996 I ActivityManager: Killing 2030:com.android.chrome:sandboxed_process19/u0a60i790 (adj 0): isolated not needed
10-31 13:01:12.047   772   790 W zygote64: failed to open /acct/uid_99790/pid_2030/cgroup.procs: No such file or directory
10-31 13:01:12.051  2064  2142 I cr_LibraryLoader: Successfully loaded native library
10-31 13:01:12.055  2064  2142 I cr_CachingUmaRecorder: Flushed 3 samples from 3 histograms.
10-31 13:01:12.059  1428  1428 W chromium: [WARNING:compositor_view.cc(342)] Child process died (type=6) pid=2030)
10-31 13:01:12.086  2047  2130 I chromium: [INFO:child_process_service.cc(69)] ChildProcessService: Exiting child process.
10-31 13:01:12.088   422   422 E lowmemorykiller: Error writing /proc/2047/oom_score_adj; errno=22
10-31 13:01:12.089   772  3037 I ActivityManager: Killing 2047:com.android.chrome:sandboxed_process20/u0a60i791 (adj 0): isolated not needed
10-31 13:01:12.089   772   790 W zygote64: failed to open /acct/uid_99791/pid_2047/cgroup.procs: No such file or directory
10-31 13:01:12.134  1428  1428 W chromium: [WARNING:compositor_view.cc(342)] Child process died (type=6) pid=2047)
10-31 13:01:12.146  2064  2142 I chromium: [INFO:child_process_service.cc(69)] ChildProcessService: Exiting child process.
10-31 13:01:12.149   422   422 E lowmemorykiller: Error writing /proc/2064/oom_score_adj; errno=22
10-31 13:01:12.150   772  2969 I ActivityManager: Killing 2064:com.android.chrome:sandboxed_process21/u0a60i792 (adj 0): isolated not needed
10-31 13:01:12.151   772   790 W zygote64: failed to open /acct/uid_99792/pid_2064/cgroup.procs: No such file or directory
10-31 13:01:12.186  1428  1428 W chromium: [WARNING:compositor_view.cc(342)] Child process died (type=6) pid=2064)
10-31 13:01:13.018  1511  1523 I vndksupport: sphal namespace is not configured for this process. Loading libutils.so from the current namespace instead.
10-31 13:01:13.019  1428  1439 I vndksupport: sphal namespace is not configured for this process. Loading libutils.so from the current namespace instead.
10-31 13:01:13.019  1476  1489 I vndksupport: sphal namespace is not configured for this process. Loading libutils.so from the current namespace instead.
10-31 13:01:13.022  1930  1950 I vndksupport: sphal namespace is not configured for this process. Loading libutils.so from the current namespace instead.
10-31 13:01:13.030   556   688 E Parcel  : Reading a NULL string not supported here.
10-31 13:01:13.030   556   688 W Parcel  : **** enforceInterface() expected 'IAAudioService' but read ''
10-31 13:01:13.030   360   360 E SELinux : avc:  denied  { find } for service=android.service.gatekeeper.IGateKeeperService pid=2173 uid=2000 scontext=u:r:shell:s0 tcontext=u:object_r:gatekeeper_service:s0 tclass=service_manager
10-31 13:01:13.031  2173  2173 W atrace  : type=1400 audit(0.0:14615): avc: denied { call } for scontext=u:r:shell:s0 tcontext=u:r:wificond:s0 tclass=binder permissive=0
10-31 13:01:13.031   360   360 E SELinux : avc:  denied  { find } for service=netd pid=2173 uid=2000 scontext=u:r:shell:s0 tcontext=u:object_r:netd_service:s0 tclass=service_manager
10-31 13:01:13.038   360   360 E SELinux : avc:  denied  { find } for service=installd pid=2173 uid=2000 scontext=u:r:shell:s0 tcontext=u:object_r:installd_service:s0 tclass=service_manager
10-31 13:01:13.042   361   361 E SELinux : avc:  denied  { find } for interface=android.frameworks.displayservice::IDisplayService pid=2173 scontext=u:r:shell:s0 tcontext=u:object_r:fwk_display_hwservice:s0 tclass=hwservice_manager
10-31 13:01:13.043   361   361 E SELinux : avc:  denied  { find } for interface=android.frameworks.schedulerservice::ISchedulingPolicyService pid=2173 scontext=u:r:shell:s0 tcontext=u:object_r:fwk_scheduler_hwservice:s0 tclass=hwservice_manager
10-31 13:01:13.044   361   361 E SELinux : avc:  denied  { find } for interface=android.frameworks.sensorservice::ISensorManager pid=2173 scontext=u:r:shell:s0 tcontext=u:object_r:fwk_sensor_hwservice:s0 tclass=hwservice_manager
10-31 13:01:13.045   361   361 E SELinux : avc:  denied  { find } for interface=android.hardware.biometrics.fingerprint::IBiometricsFingerprint pid=2173 scontext=u:r:shell:s0 tcontext=u:object_r:hal_fingerprint_hwservice:s0 tclass=hwservice_manager
10-31 13:01:13.046   361   361 E SELinux : avc:  denied  { find } for interface=android.hardware.dumpstate::IDumpstateDevice pid=2173 scontext=u:r:shell:s0 tcontext=u:object_r:hal_dumpstate_hwservice:s0 tclass=hwservice_manager
10-31 13:01:13.048   361   361 E SELinux : avc:  denied  { find } for interface=android.hardware.radio.deprecated::IOemHook pid=2173 scontext=u:r:shell:s0 tcontext=u:object_r:hal_telephony_hwservice:s0 tclass=hwservice_manager
10-31 13:01:13.048   361   361 E SELinux : avc:  denied  { find } for interface=android.hardware.radio::IRadio pid=2173 scontext=u:r:shell:s0 tcontext=u:object_r:hal_telephony_hwservice:s0 tclass=hwservice_manager
10-31 13:01:13.049   361   361 E SELinux : avc:  denied  { find } for interface=android.hardware.radio::ISap pid=2173 scontext=u:r:shell:s0 tcontext=u:object_r:hal_telephony_hwservice:s0 tclass=hwservice_manager
10-31 13:01:13.049   361   361 E SELinux : avc:  denied  { find } for interface=android.hardware.usb::IUsb pid=2173 scontext=u:r:shell:s0 tcontext=u:object_r:hal_usb_hwservice:s0 tclass=hwservice_manager
10-31 13:01:13.050   361   361 E SELinux : avc:  denied  { find } for interface=android.hardware.wifi.supplicant::ISupplicant pid=2173 scontext=u:r:shell:s0 tcontext=u:object_r:hal_wifi_supplicant_hwservice:s0 tclass=hwservice_manager
10-31 13:01:13.051   361   361 E SELinux : avc:  denied  { find } for interface=android.hardware.wifi::IWifi pid=2173 scontext=u:r:shell:s0 tcontext=u:object_r:hal_wifi_hwservice:s0 tclass=hwservice_manager
10-31 13:01:13.052   361   361 E SELinux : avc:  denied  { find } for interface=android.hidl.base::IBase pid=2173 scontext=u:r:shell:s0 tcontext=u:object_r:hidl_base_hwservice:s0 tclass=hwservice_manager
10-31 13:01:13.052   361   361 I chatty  : uid=1000(system) hwservicemanage identical 1 line
10-31 13:01:13.053   361   361 E SELinux : avc:  denied  { find } for interface=android.hidl.base::IBase pid=2173 scontext=u:r:shell:s0 tcontext=u:object_r:hidl_base_hwservice:s0 tclass=hwservice_manager
10-31 13:01:13.056   361   361 E SELinux : avc:  denied  { find } for interface=android.system.wifi.keystore::IKeystore pid=2173 scontext=u:r:shell:s0 tcontext=u:object_r:system_wifi_keystore_hwservice:s0 tclass=hwservice_manager
10-31 13:01:13.315  1428  1428 W chromium: [WARNING:controller_impl.cc(1190)] Background download complete, client: 6, completion type: 0, file size:16643
10-31 13:01:13.344  2175  2175 E /system/bin/webview_zygote32: failed to make and chown /acct/uid_99793: Permission denied
10-31 13:01:13.344  2175  2175 E Zygote  : createProcessGroup(99793, 0) failed: Permission denied
10-31 13:01:13.347   772  4540 I ActivityManager: Start proc 2175:com.android.chrome:sandboxed_process22/u0i793 for webview_service com.android.chrome/org.chromium.content.app.SandboxedProcessService22
10-31 13:01:13.383  2175  2175 I SamplingProfilerIntegration: Profiling disabled.
10-31 13:01:13.409  2190  2190 E asset   : setgid: Operation not permitted
10-31 13:01:13.425  1428  1428 W chromium: [WARNING:controller_impl.cc(1190)] Background download complete, client: 6, completion type: 0, file size:18160
10-31 13:01:13.448  1428  1428 W chromium: [WARNING:controller_impl.cc(1190)] Background download complete, client: 6, completion type: 0, file size:265060
10-31 13:01:13.457  2192  2192 E /system/bin/webview_zygote32: failed to make and chown /acct/uid_99794: Permission denied
10-31 13:01:13.457  2192  2192 E Zygote  : createProcessGroup(99794, 0) failed: Permission denied
10-31 13:01:13.458  2175  2175 I cr_SplitCompatApp: Launched version=106.0.5249.79 minSdkVersion=24 isBundle=true processName=com.android.chrome:sandboxed_process22 isIsolated=true
10-31 13:01:13.459   772  3037 I ActivityManager: Start proc 2192:com.android.chrome:sandboxed_process23/u0i794 for webview_service com.android.chrome/org.chromium.content.app.SandboxedProcessService23
10-31 13:01:13.469  2175  2175 W SystemServiceRegistry: No service published for: uimode
10-31 13:01:13.478  2192  2192 I SamplingProfilerIntegration: Profiling disabled.
10-31 13:01:13.491  2175  2175 I cr_ChildProcessService: Creating new ChildProcessService pid=2175
10-31 13:01:13.493  2205  2205 E /system/bin/webview_zygote32: failed to make and chown /acct/uid_99795: Permission denied
10-31 13:01:13.493  2205  2205 E Zygote  : createProcessGroup(99795, 0) failed: Permission denied
10-31 13:01:13.497   772 13071 I ActivityManager: Start proc 2205:com.android.chrome:sandboxed_process24/u0i795 for webview_service com.android.chrome/org.chromium.content.app.SandboxedProcessService24
10-31 13:01:13.501  1428  1428 W chromium: [WARNING:controller_impl.cc(1190)] Background download complete, client: 6, completion type: 0, file size:15859
10-31 13:01:13.536  2175  2175 E WebViewFactory: can't load with relro file; address space not reserved
10-31 13:01:13.537  2221  2221 E asset   : setgid: Operation not permitted
10-31 13:01:13.544  2205  2205 I SamplingProfilerIntegration: Profiling disabled.
10-31 13:01:13.546  2222  2222 E /system/bin/webview_zygote32: failed to make and chown /acct/uid_99796: Permission denied
10-31 13:01:13.546  2222  2222 E Zygote  : createProcessGroup(99796, 0) failed: Permission denied
10-31 13:01:13.548   772   785 I ActivityManager: Start proc 2222:com.android.chrome:sandboxed_process25/u0i796 for webview_service com.android.chrome/org.chromium.content.app.SandboxedProcessService25
10-31 13:01:13.552  1428  1428 W chromium: [WARNING:controller_impl.cc(1190)] Background download complete, client: 6, completion type: 0, file size:4951
10-31 13:01:13.554  2175  2206 I cr_LibraryLoader: Successfully loaded native library
10-31 13:01:13.556  2175  2206 I cr_CachingUmaRecorder: Flushed 3 samples from 3 histograms.
10-31 13:01:13.571  2192  2192 I cr_SplitCompatApp: Launched version=106.0.5249.79 minSdkVersion=24 isBundle=true processName=com.android.chrome:sandboxed_process23 isIsolated=true
10-31 13:01:13.574  2222  2222 I SamplingProfilerIntegration: Profiling disabled.
10-31 13:01:13.576  2192  2192 W SystemServiceRegistry: No service published for: uimode
10-31 13:01:13.579  2242  2242 E asset   : setgid: Operation not permitted
10-31 13:01:13.584  2192  2192 I cr_ChildProcessService: Creating new ChildProcessService pid=2192
10-31 13:01:13.584  1428  1428 W chromium: [WARNING:controller_impl.cc(1190)] Background download complete, client: 6, completion type: 0, file size:2759
10-31 13:01:13.588  2236  2236 W ThreadPoolForeg: type=1400 audit(0.0:14616): avc: denied { setattr } for name="model-info.pb" dev="dm-2" ino=1504771 scontext=u:r:isolated_app:s0:c512,c768 tcontext=u:object_r:app_data_file:s0:c512,c768 tclass=file permissive=0
10-31 13:01:13.591  2245  2245 E /system/bin/webview_zygote32: failed to make and chown /acct/uid_99797: Permission denied
10-31 13:01:13.592  2245  2245 E Zygote  : createProcessGroup(99797, 0) failed: Permission denied
10-31 13:01:13.595  2236  2236 W ThreadPoolForeg: type=1400 audit(0.0:14617): avc: denied { setattr } for name="model.tflite" dev="dm-2" ino=1504806 scontext=u:r:isolated_app:s0:c512,c768 tcontext=u:object_r:app_data_file:s0:c512,c768 tclass=file permissive=0
10-31 13:01:13.596   772 10894 I ActivityManager: Start proc 2245:com.android.chrome:sandboxed_process26/u0i797 for webview_service com.android.chrome/org.chromium.content.app.SandboxedProcessService26
10-31 13:01:13.603  2175  2206 I chromium: [INFO:child_process_service.cc(69)] ChildProcessService: Exiting child process.
10-31 13:01:13.612  2192  2192 E WebViewFactory: can't load with relro file; address space not reserved
10-31 13:01:13.612   422   422 E lowmemorykiller: Error writing /proc/2175/oom_score_adj; errno=22
10-31 13:01:13.613   772 10860 I ActivityManager: Killing 2175:com.android.chrome:sandboxed_process22/u0a60i793 (adj 0): isolated not needed
10-31 13:01:13.616  2205  2205 I cr_SplitCompatApp: Launched version=106.0.5249.79 minSdkVersion=24 isBundle=true processName=com.android.chrome:sandboxed_process24 isIsolated=true
10-31 13:01:13.617   772   790 W zygote64: failed to open /acct/uid_99793/pid_2175/cgroup.procs: No such file or directory
10-31 13:01:13.624  2205  2205 W SystemServiceRegistry: No service published for: uimode
10-31 13:01:13.626  2254  2254 E asset   : setgid: Operation not permitted
10-31 13:01:13.631  2192  2243 I cr_LibraryLoader: Successfully loaded native library
10-31 13:01:13.632  2192  2243 I cr_CachingUmaRecorder: Flushed 3 samples from 3 histograms.
10-31 13:01:13.636   772 10895 I ActivityManager: Start proc 2259:com.android.chrome:sandboxed_process27/u0i798 for webview_service com.android.chrome/org.chromium.content.app.SandboxedProcessService27
10-31 13:01:13.638  2205  2205 I cr_ChildProcessService: Creating new ChildProcessService pid=2205
10-31 13:01:13.639  2259  2259 E /system/bin/webview_zygote32: failed to make and chown /acct/uid_99798: Permission denied
10-31 13:01:13.639  2259  2259 E Zygote  : createProcessGroup(99798, 0) failed: Permission denied
10-31 13:01:13.647  2205  2205 E WebViewFactory: can't load with relro file; address space not reserved
10-31 13:01:13.650  2245  2245 I SamplingProfilerIntegration: Profiling disabled.
10-31 13:01:13.658  2205  2264 I cr_LibraryLoader: Successfully loaded native library
10-31 13:01:13.659  2205  2264 I cr_CachingUmaRecorder: Flushed 3 samples from 3 histograms.
10-31 13:01:13.668  1428  1428 W chromium: [WARNING:compositor_view.cc(342)] Child process died (type=6) pid=2175)
10-31 13:01:13.680  1428  1428 W chromium: [WARNING:controller_impl.cc(1190)] Background download complete, client: 6, completion type: 0, file size:116031
10-31 13:01:13.681  2259  2259 I SamplingProfilerIntegration: Profiling disabled.
10-31 13:01:13.691  2289  2289 W ThreadPoolForeg: type=1400 audit(0.0:14618): avc: denied { setattr } for name="model-info.pb" dev="dm-2" ino=1504693 scontext=u:r:isolated_app:s0:c512,c768 tcontext=u:object_r:app_data_file:s0:c512,c768 tclass=file permissive=0
10-31 13:01:13.698  2278  2278 W ThreadPoolForeg: type=1400 audit(0.0:14619): avc: denied { setattr } for name="model-info.pb" dev="dm-2" ino=1504810 scontext=u:r:isolated_app:s0:c512,c768 tcontext=u:object_r:app_data_file:s0:c512,c768 tclass=file permissive=0
10-31 13:01:13.698  2222  2222 I cr_SplitCompatApp: Launched version=106.0.5249.79 minSdkVersion=24 isBundle=true processName=com.android.chrome:sandboxed_process25 isIsolated=true
10-31 13:01:13.700  2291  2291 E asset   : setgid: Operation not permitted
10-31 13:01:13.707  2222  2222 W SystemServiceRegistry: No service published for: uimode
10-31 13:01:13.708  2278  2278 W ThreadPoolForeg: type=1400 audit(0.0:14620): avc: denied { setattr } for name="model.tflite" dev="dm-2" ino=1504812 scontext=u:r:isolated_app:s0:c512,c768 tcontext=u:object_r:app_data_file:s0:c512,c768 tclass=file permissive=0
10-31 13:01:13.715  2289  2289 W ThreadPoolForeg: type=1400 audit(0.0:14621): avc: denied { setattr } for name="model.tflite" dev="dm-2" ino=1504771 scontext=u:r:isolated_app:s0:c512,c768 tcontext=u:object_r:app_data_file:s0:c512,c768 tclass=file permissive=0
10-31 13:01:13.721  2192  2243 I chromium: [INFO:child_process_service.cc(69)] ChildProcessService: Exiting child process.
10-31 13:01:13.724  2205  2264 I chromium: [INFO:child_process_service.cc(69)] ChildProcessService: Exiting child process.
10-31 13:01:13.726  2222  2222 I cr_ChildProcessService: Creating new ChildProcessService pid=2222
10-31 13:01:13.727  1930  1991 I tflite  : Initialized TensorFlow Lite runtime.
10-31 13:01:13.727  1476  1507 I tflite  : Initialized TensorFlow Lite runtime.
10-31 13:01:13.737   772  2969 I ActivityManager: Start proc 2295:com.android.chrome:sandboxed_process28/u0i799 for webview_service com.android.chrome/org.chromium.content.app.SandboxedProcessService28
10-31 13:01:13.742  2295  2295 E /system/bin/webview_zygote32: failed to make and chown /acct/uid_99799: Permission denied
10-31 13:01:13.742  2295  2295 E Zygote  : createProcessGroup(99799, 0) failed: Permission denied
10-31 13:01:13.742  2294  2294 E asset   : setgid: Operation not permitted
10-31 13:01:13.744   422   422 E lowmemorykiller: Error writing /proc/2192/oom_score_adj; errno=22
10-31 13:01:13.744   772  1259 I ActivityManager: Killing 2192:com.android.chrome:sandboxed_process23/u0a60i794 (adj 0): isolated not needed
10-31 13:01:13.745   772   790 W zygote64: failed to open /acct/uid_99794/pid_2192/cgroup.procs: No such file or directory
10-31 13:01:13.747  2222  2222 E WebViewFactory: can't load with relro file; address space not reserved
10-31 13:01:13.751   422   422 E lowmemorykiller: Error writing /proc/2205/oom_score_adj; errno=22
10-31 13:01:13.752   772 13071 I ActivityManager: Killing 2205:com.android.chrome:sandboxed_process24/u0a60i795 (adj 0): isolated not needed
10-31 13:01:13.752   772   790 W zygote64: failed to open /acct/uid_99795/pid_2205/cgroup.procs: No such file or directory
10-31 13:01:13.757  1428  1428 W chromium: [WARNING:compositor_view.cc(342)] Child process died (type=6) pid=2192)
10-31 13:01:13.765  2245  2245 I cr_SplitCompatApp: Launched version=106.0.5249.79 minSdkVersion=24 isBundle=true processName=com.android.chrome:sandboxed_process26 isIsolated=true
10-31 13:01:13.770  2245  2245 W SystemServiceRegistry: No service published for: uimode
10-31 13:01:13.778  2245  2245 I cr_ChildProcessService: Creating new ChildProcessService pid=2245
10-31 13:01:13.778  2222  2293 I cr_LibraryLoader: Successfully loaded native library
10-31 13:01:13.780  2222  2293 I cr_CachingUmaRecorder: Flushed 3 samples from 3 histograms.
10-31 13:01:13.783  1428  1428 W chromium: [WARNING:compositor_view.cc(342)] Child process died (type=6) pid=2205)
10-31 13:01:13.791  2259  2259 I cr_SplitCompatApp: Launched version=106.0.5249.79 minSdkVersion=24 isBundle=true processName=com.android.chrome:sandboxed_process27 isIsolated=true
10-31 13:01:13.797  2245  2245 E WebViewFactory: can't load with relro file; address space not reserved
10-31 13:01:13.803  2259  2259 W SystemServiceRegistry: No service published for: uimode
10-31 13:01:13.807  2245  2307 I cr_LibraryLoader: Successfully loaded native library
10-31 13:01:13.808  2245  2307 I cr_CachingUmaRecorder: Flushed 3 samples from 3 histograms.
10-31 13:01:13.811  2313  2313 W ThreadPoolForeg: type=1400 audit(0.0:14622): avc: denied { setattr } for name="model-info.pb" dev="dm-2" ino=1504693 scontext=u:r:isolated_app:s0:c512,c768 tcontext=u:object_r:app_data_file:s0:c512,c768 tclass=file permissive=0
10-31 13:01:13.813  2259  2259 I cr_ChildProcessService: Creating new ChildProcessService pid=2259
10-31 13:01:13.815  2313  2313 W ThreadPoolForeg: type=1400 audit(0.0:14623): avc: denied { setattr } for name="model.tflite" dev="dm-2" ino=1504761 scontext=u:r:isolated_app:s0:c512,c768 tcontext=u:object_r:app_data_file:s0:c512,c768 tclass=file permissive=0
10-31 13:01:13.821  2295  2295 I SamplingProfilerIntegration: Profiling disabled.
10-31 13:01:13.824  2222  2293 I chromium: [INFO:child_process_service.cc(69)] ChildProcessService: Exiting child process.
10-31 13:01:13.825   772   781 I zygote64: Background concurrent copying GC freed 98334(6MB) AllocSpace objects, 219(7MB) LOS objects, 42% free, 19MB/33MB, paused 256us total 150.640ms
10-31 13:01:13.832   422   422 E lowmemorykiller: Error writing /proc/2222/oom_score_adj; errno=22
10-31 13:01:13.833   772  4539 I ActivityManager: Killing 2222:com.android.chrome:sandboxed_process25/u0a60i796 (adj 0): isolated not needed
10-31 13:01:13.833   772   790 W zygote64: failed to open /acct/uid_99796/pid_2222/cgroup.procs: No such file or directory
10-31 13:01:13.835  2259  2259 E WebViewFactory: can't load with relro file; address space not reserved
10-31 13:01:13.841  2326  2326 W ThreadPoolForeg: type=1400 audit(0.0:14624): avc: denied { setattr } for name="model-info.pb" dev="dm-2" ino=1504693 scontext=u:r:isolated_app:s0:c512,c768 tcontext=u:object_r:app_data_file:s0:c512,c768 tclass=file permissive=0
10-31 13:01:13.841  2328  2328 E asset   : setgid: Operation not permitted
10-31 13:01:13.842  1428  1428 W chromium: [WARNING:compositor_view.cc(342)] Child process died (type=6) pid=2222)
10-31 13:01:13.845  2326  2326 W ThreadPoolForeg: type=1400 audit(0.0:14625): avc: denied { setattr } for name="model.tflite" dev="dm-2" ino=1504769 scontext=u:r:isolated_app:s0:c512,c768 tcontext=u:object_r:app_data_file:s0:c512,c768 tclass=file permissive=0
10-31 13:01:13.851  2259  2319 I cr_LibraryLoader: Successfully loaded native library
10-31 13:01:13.851  2259  2319 I cr_CachingUmaRecorder: Flushed 3 samples from 3 histograms.
10-31 13:01:13.852  2245  2307 I chromium: [INFO:child_process_service.cc(69)] ChildProcessService: Exiting child process.
10-31 13:01:13.855   422   422 E lowmemorykiller: Error writing /proc/2245/oom_score_adj; errno=22
10-31 13:01:13.856   772  3037 I ActivityManager: Killing 2245:com.android.chrome:sandboxed_process26/u0a60i797 (adj 0): isolated not needed
10-31 13:01:13.856   772   790 W zygote64: failed to open /acct/uid_99797/pid_2245/cgroup.procs: No such file or directory
10-31 13:01:13.865  2334  2334 W ThreadPoolForeg: type=1400 audit(0.0:14626): avc: denied { setattr } for name="model-info.pb" dev="dm-2" ino=1504693 scontext=u:r:isolated_app:s0:c512,c768 tcontext=u:object_r:app_data_file:s0:c512,c768 tclass=file permissive=0
10-31 13:01:13.865  2334  2334 W ThreadPoolForeg: type=1400 audit(0.0:14627): avc: denied { setattr } for name="model.tflite" dev="dm-2" ino=1504770 scontext=u:r:isolated_app:s0:c512,c768 tcontext=u:object_r:app_data_file:s0:c512,c768 tclass=file permissive=0
10-31 13:01:13.875  2259  2319 I chromium: [INFO:child_process_service.cc(69)] ChildProcessService: Exiting child process.
10-31 13:01:13.877   422   422 E lowmemorykiller: Error writing /proc/2259/oom_score_adj; errno=22
10-31 13:01:13.878   772   996 I ActivityManager: Killing 2259:com.android.chrome:sandboxed_process27/u0a60i798 (adj 0): isolated not needed
10-31 13:01:13.878  2295  2295 I cr_SplitCompatApp: Launched version=106.0.5249.79 minSdkVersion=24 isBundle=true processName=com.android.chrome:sandboxed_process28 isIsolated=true
10-31 13:01:13.878   772   790 W zygote64: failed to open /acct/uid_99798/pid_2259/cgroup.procs: No such file or directory
10-31 13:01:13.882  2295  2295 W SystemServiceRegistry: No service published for: uimode
10-31 13:01:13.886  1428  1428 W chromium: [WARNING:compositor_view.cc(342)] Child process died (type=6) pid=2245)
10-31 13:01:13.888  2295  2295 I cr_ChildProcessService: Creating new ChildProcessService pid=2295
10-31 13:01:13.902  2295  2295 E WebViewFactory: can't load with relro file; address space not reserved
10-31 13:01:13.921  2295  2337 I cr_LibraryLoader: Successfully loaded native library
10-31 13:01:13.922  2295  2337 I cr_CachingUmaRecorder: Flushed 3 samples from 3 histograms.
10-31 13:01:13.933  1428  1428 W chromium: [WARNING:compositor_view.cc(342)] Child process died (type=6) pid=2259)
10-31 13:01:13.945  2340  2340 W ThreadPoolForeg: type=1400 audit(0.0:14628): avc: denied { setattr } for name="model-info.pb" dev="dm-2" ino=1504807 scontext=u:r:isolated_app:s0:c512,c768 tcontext=u:object_r:app_data_file:s0:c512,c768 tclass=file permissive=0
10-31 13:01:13.951  2340  2340 W ThreadPoolForeg: type=1400 audit(0.0:14629): avc: denied { setattr } for name="model.tflite" dev="dm-2" ino=1504818 scontext=u:r:isolated_app:s0:c512,c768 tcontext=u:object_r:app_data_file:s0:c512,c768 tclass=file permissive=0
10-31 13:01:13.957  2295  2337 I chromium: [INFO:child_process_service.cc(69)] ChildProcessService: Exiting child process.
10-31 13:01:13.958   422   422 E lowmemorykiller: Error writing /proc/2295/oom_score_adj; errno=22
10-31 13:01:13.959   772  1259 I ActivityManager: Killing 2295:com.android.chrome:sandboxed_process28/u0a60i799 (adj 0): isolated not needed
10-31 13:01:13.960   772   790 W zygote64: failed to open /acct/uid_99799/pid_2295/cgroup.procs: No such file or directory
10-31 13:01:13.974  1428  1428 W chromium: [WARNING:compositor_view.cc(342)] Child process died (type=6) pid=2295)
10-31 13:01:14.931 13542 13673 I Icing   : IndexChimeraService.getServiceInterface callingPackage=com.google.android.gms componentName=null serviceId=30
10-31 13:01:14.955 13542 13542 D BoundBrokerSvc: onBind: Intent { act=com.google.android.gms.common.BIND_SHARED_PREFS pkg=com.google.android.gms }
10-31 13:01:14.955 13542 13542 D BoundBrokerSvc: Loading bound service for intent: Intent { act=com.google.android.gms.common.BIND_SHARED_PREFS pkg=com.google.android.gms }
