10-31 13:02:05.218   625  2440 D QC-time-services: Daemon:Received base = 13, unit = 1, operation = 2,value = 0
10-31 13:02:05.218   625  2440 D QC-time-services: Daemon:genoff_opr: Base = 13, val = 0, operation = 2
10-31 13:02:05.218   625  2440 D QC-time-services: offset is: 0 for base: 13
10-31 13:02:05.218   372   376 E QC-time-services: Receive Passed == base = 13, unit = 1, operation = 2, result = 0
10-31 13:02:05.218   372   376 D DrmLibTime: QSEE Time Listener: ATS_MODEM is not set. Fallback to Android system time.
10-31 13:02:05.218   372   376 D DrmLibTime: QSEE Time Listener: Retrieved Android system time: 1667217725
10-31 13:02:05.218   372   376 D DrmLibTime: time_getutcsec returns 0, sec = 1667217725; nsec = 0
10-31 13:02:05.218   372   376 D DrmLibTime: time_getutcsec finished! 
10-31 13:02:05.218   372   376 D DrmLibTime: iotcl_continue_command finished! and return 0 
10-31 13:02:05.218   372   376 D DrmLibTime: before calling ioctl to read the next time_cmd
10-31 13:02:05.218   625   647 E QC-time-services: Daemon: Time-services: Waiting to acceptconnection
10-31 13:02:05.242   562 28303 D WVCdm   : OEMCrypto_Initialize Level 1 success. I will use level 1.
10-31 13:02:05.242   562 28303 D WVCdm   : CryptoSession::Open: Lock: requested_security_level: Default
10-31 13:02:05.308   562 28303 E DrmWidevineDash: OEMCrypto_GenerateSignature : input wrapped_rsa_key == NULL!, return short buffer
10-31 13:02:05.310  1428  1428 I cr_media: Provisioning origin ID 214EE2E9D3AB42CC477F769D101F85C2
10-31 13:02:05.312  1428  1428 W chromium: [WARNING:compositor_view.cc(342)] Child process died (type=6) pid=2409)
10-31 13:02:05.314  1428  1428 I MediaDrm: Drm event (1,0)
10-31 13:02:05.314  1428  1428 E cr_media: EventListener: No session for event 1.
10-31 13:02:05.399   562   644 E DrmWidevineDash: OEMCrypto_RewrapDeviceRSAKey : input wrapped_rsa_key == NULL!, return short buffer
10-31 13:02:05.419   562   644 D QSEECOMAPI: : QSEECom_dealloc_memory 
10-31 13:02:05.419   562   644 D QSEECOMAPI: : QSEECom_shutdown_app, app_id = 2245
10-31 13:02:06.943  2442  2442 E /system/bin/webview_zygote32: failed to make and chown /acct/uid_99802: Permission denied
10-31 13:02:06.943  2442  2442 E Zygote  : createProcessGroup(99802, 0) failed: Permission denied
10-31 13:02:06.946   772 10860 I ActivityManager: Start proc 2442:com.android.chrome:sandboxed_process31/u0i802 for webview_service com.android.chrome/org.chromium.content.app.SandboxedProcessService31
10-31 13:02:06.957  2442  2442 I SamplingProfilerIntegration: Profiling disabled.
10-31 13:02:06.976  2455  2455 E asset   : setgid: Operation not permitted
10-31 13:02:07.007  2442  2442 I cr_SplitCompatApp: Launched version=106.0.5249.79 minSdkVersion=24 isBundle=true processName=com.android.chrome:sandboxed_process31 isIsolated=true
10-31 13:02:07.014  2442  2442 W SystemServiceRegistry: No service published for: uimode
10-31 13:02:07.026  2442  2442 I cr_ChildProcessService: Creating new ChildProcessService pid=2442
10-31 13:02:07.034  2442  2442 E WebViewFactory: can't load with relro file; address space not reserved
10-31 13:02:07.044  2442  2457 I cr_LibraryLoader: Successfully loaded native library
10-31 13:02:07.045  2442  2457 I cr_CachingUmaRecorder: Flushed 3 samples from 3 histograms.
10-31 13:02:07.128  2462  2462 W ThreadPoolForeg: type=1400 audit(0.0:14636): avc: denied { setattr } for name="tl_en-us_2022-10-24_484508980_100000_index.bin" dev="dm-2" ino=1504975 scontext=u:r:isolated_app:s0:c512,c768 tcontext=u:object_r:app_data_file:s0:c512,c768 tclass=file permissive=0
10-31 13:02:07.131  2462  2462 W ThreadPoolForeg: type=1400 audit(0.0:14637): avc: denied { setattr } for name="manifest.json" dev="dm-2" ino=1504976 scontext=u:r:isolated_app:s0:c512,c768 tcontext=u:object_r:app_data_file:s0:c512,c768 tclass=file permissive=0
10-31 13:02:07.138  2462  2462 W ThreadPoolForeg: type=1400 audit(0.0:14638): avc: denied { setattr } for name="verified_contents.json" dev="dm-2" ino=1504978 scontext=u:r:isolated_app:s0:c512,c768 tcontext=u:object_r:app_data_file:s0:c512,c768 tclass=file permissive=0
10-31 13:02:07.149  2442  2457 I chromium: [INFO:child_process_service.cc(69)] ChildProcessService: Exiting child process.
10-31 13:02:07.152   422   422 E lowmemorykiller: Error writing /proc/2442/oom_score_adj; errno=22
10-31 13:02:07.152   772 10860 I ActivityManager: Killing 2442:com.android.chrome:sandboxed_process31/u0a60i802 (adj 0): isolated not needed
10-31 13:02:07.154   772   790 W zygote64: failed to open /acct/uid_99802/pid_2442/cgroup.procs: No such file or directory
10-31 13:02:07.162  1428  1428 W chromium: [WARNING:compositor_view.cc(342)] Child process died (type=6) pid=2442)
10-31 13:02:09.048  2464  2464 E /system/bin/webview_zygote32: failed to make and chown /acct/uid_99803: Permission denied
10-31 13:02:09.048  2464  2464 E Zygote  : createProcessGroup(99803, 0) failed: Permission denied
10-31 13:02:09.055   772  3041 I ActivityManager: Start proc 2464:com.android.chrome:sandboxed_process32/u0i803 for webview_service com.android.chrome/org.chromium.content.app.SandboxedProcessService32
10-31 13:02:09.090  2464  2464 I SamplingProfilerIntegration: Profiling disabled.
10-31 13:02:09.116  2477  2477 E asset   : setgid: Operation not permitted
10-31 13:02:09.161  2464  2464 I cr_SplitCompatApp: Launched version=106.0.5249.79 minSdkVersion=24 isBundle=true processName=com.android.chrome:sandboxed_process32 isIsolated=true
10-31 13:02:09.170  2464  2464 W SystemServiceRegistry: No service published for: uimode
10-31 13:02:09.184  2464  2464 I cr_ChildProcessService: Creating new ChildProcessService pid=2464
10-31 13:02:09.195  2464  2464 E WebViewFactory: can't load with relro file; address space not reserved
10-31 13:02:09.209  2464  2479 I cr_LibraryLoader: Successfully loaded native library
10-31 13:02:09.211  2464  2479 I cr_CachingUmaRecorder: Flushed 3 samples from 3 histograms.
10-31 13:02:09.251  2483  2483 W ThreadPoolForeg: type=1400 audit(0.0:14639): avc: denied { setattr } for name="optimization-hints.pb" dev="dm-2" ino=1504981 scontext=u:r:isolated_app:s0:c512,c768 tcontext=u:object_r:app_data_file:s0:c512,c768 tclass=file permissive=0
10-31 13:02:09.251  2483  2483 W ThreadPoolForeg: type=1400 audit(0.0:14640): avc: denied { setattr } for name="manifest.json" dev="dm-2" ino=1504982 scontext=u:r:isolated_app:s0:c512,c768 tcontext=u:object_r:app_data_file:s0:c512,c768 tclass=file permissive=0
10-31 13:02:09.258  2483  2483 W ThreadPoolForeg: type=1400 audit(0.0:14641): avc: denied { setattr } for name="verified_contents.json" dev="dm-2" ino=1504984 scontext=u:r:isolated_app:s0:c512,c768 tcontext=u:object_r:app_data_file:s0:c512,c768 tclass=file permissive=0
10-31 13:02:09.269  2464  2479 I chromium: [INFO:child_process_service.cc(69)] ChildProcessService: Exiting child process.
10-31 13:02:09.274   422   422 E lowmemorykiller: Error writing /proc/2464/oom_score_adj; errno=22
10-31 13:02:09.275   772  1324 I ActivityManager: Killing 2464:com.android.chrome:sandboxed_process32/u0a60i803 (adj 0): isolated not needed
10-31 13:02:09.276   772   790 W zygote64: failed to open /acct/uid_99803/pid_2464/cgroup.procs: No such file or directory
10-31 13:02:09.289  1428  1428 W chromium: [WARNING:compositor_view.cc(342)] Child process died (type=6) pid=2464)
10-31 13:02:11.607  2488  2488 E /system/bin/webview_zygote32: failed to make and chown /acct/uid_99804: Permission denied
10-31 13:02:11.608  2488  2488 E Zygote  : createProcessGroup(99804, 0) failed: Permission denied
10-31 13:02:11.612   772 13021 I ActivityManager: Start proc 2488:com.android.chrome:sandboxed_process33/u0i804 for webview_service com.android.chrome/org.chromium.content.app.SandboxedProcessService33
10-31 13:02:11.643  2488  2488 I SamplingProfilerIntegration: Profiling disabled.
10-31 13:02:11.667  2501  2501 E asset   : setgid: Operation not permitted
10-31 13:02:11.702  2488  2488 I cr_SplitCompatApp: Launched version=106.0.5249.79 minSdkVersion=24 isBundle=true processName=com.android.chrome:sandboxed_process33 isIsolated=true
10-31 13:02:11.708  2488  2488 W SystemServiceRegistry: No service published for: uimode
10-31 13:02:11.722  2488  2488 I cr_ChildProcessService: Creating new ChildProcessService pid=2488
10-31 13:02:11.731  2488  2488 E WebViewFactory: can't load with relro file; address space not reserved
10-31 13:02:11.744  2488  2502 I cr_LibraryLoader: Successfully loaded native library
10-31 13:02:11.745  2488  2502 I cr_CachingUmaRecorder: Flushed 3 samples from 3 histograms.
10-31 13:02:11.795  2506  2506 W ThreadPoolForeg: type=1400 audit(0.0:14642): avc: denied { setattr } for name="ssl_error_assistant.pb" dev="dm-2" ino=1504987 scontext=u:r:isolated_app:s0:c512,c768 tcontext=u:object_r:app_data_file:s0:c512,c768 tclass=file permissive=0
10-31 13:02:11.795  2506  2506 W ThreadPoolForeg: type=1400 audit(0.0:14643): avc: denied { setattr } for name="ssl_error_assistant.pb" dev="dm-2" ino=1504987 scontext=u:r:isolated_app:s0:c512,c768 tcontext=u:object_r:app_data_file:s0:c512,c768 tclass=file permissive=0
10-31 13:02:11.798  2506  2506 W ThreadPoolForeg: type=1400 audit(0.0:14644): avc: denied { setattr } for name="manifest.json" dev="dm-2" ino=1504988 scontext=u:r:isolated_app:s0:c512,c768 tcontext=u:object_r:app_data_file:s0:c512,c768 tclass=file permissive=0
10-31 13:02:11.805  2506  2506 W ThreadPoolForeg: type=1400 audit(0.0:14645): avc: denied { setattr } for name="verified_contents.json" dev="dm-2" ino=1504990 scontext=u:r:isolated_app:s0:c512,c768 tcontext=u:object_r:app_data_file:s0:c512,c768 tclass=file permissive=0
10-31 13:02:11.814  2488  2502 I chromium: [INFO:child_process_service.cc(69)] ChildProcessService: Exiting child process.
10-31 13:02:11.817   422   422 E lowmemorykiller: Error writing /proc/2488/oom_score_adj; errno=22
10-31 13:02:11.817   772  3037 I ActivityManager: Killing 2488:com.android.chrome:sandboxed_process33/u0a60i804 (adj 0): isolated not needed
10-31 13:02:11.818   772   790 W zygote64: failed to open /acct/uid_99804/pid_2488/cgroup.procs: No such file or directory
10-31 13:02:11.842  1428  1428 W chromium: [WARNING:compositor_view.cc(342)] Child process died (type=6) pid=2488)
10-31 13:02:14.571  2513  2513 E /system/bin/webview_zygote32: failed to make and chown /acct/uid_99805: Permission denied
10-31 13:02:14.571  2513  2513 E Zygote  : createProcessGroup(99805, 0) failed: Permission denied
10-31 13:02:14.576   772   996 I ActivityManager: Start proc 2513:com.android.chrome:sandboxed_process34/u0i805 for webview_service com.android.chrome/org.chromium.content.app.SandboxedProcessService34
10-31 13:02:14.611  2513  2513 I SamplingProfilerIntegration: Profiling disabled.
10-31 13:02:14.639  2526  2526 E asset   : setgid: Operation not permitted
10-31 13:02:14.683  2513  2513 I cr_SplitCompatApp: Launched version=106.0.5249.79 minSdkVersion=24 isBundle=true processName=com.android.chrome:sandboxed_process34 isIsolated=true
10-31 13:02:14.690  2513  2513 W SystemServiceRegistry: No service published for: uimode
10-31 13:02:14.703  2513  2513 I cr_ChildProcessService: Creating new ChildProcessService pid=2513
10-31 13:02:14.713  2513  2513 E WebViewFactory: can't load with relro file; address space not reserved
10-31 13:02:14.725  2513  2528 I cr_LibraryLoader: Successfully loaded native library
10-31 13:02:14.726  2513  2528 I cr_CachingUmaRecorder: Flushed 3 samples from 3 histograms.
10-31 13:02:14.771  2531  2531 W ThreadPoolForeg: type=1400 audit(0.0:14646): avc: denied { setattr } for name="download_file_types.pb" dev="dm-2" ino=1504993 scontext=u:r:isolated_app:s0:c512,c768 tcontext=u:object_r:app_data_file:s0:c512,c768 tclass=file permissive=0
10-31 13:02:14.771  2531  2531 W ThreadPoolForeg: type=1400 audit(0.0:14647): avc: denied { setattr } for name="download_file_types.pb" dev="dm-2" ino=1504993 scontext=u:r:isolated_app:s0:c512,c768 tcontext=u:object_r:app_data_file:s0:c512,c768 tclass=file permissive=0
10-31 13:02:14.771  2531  2531 W ThreadPoolForeg: type=1400 audit(0.0:14648): avc: denied { setattr } for name="manifest.json" dev="dm-2" ino=1504994 scontext=u:r:isolated_app:s0:c512,c768 tcontext=u:object_r:app_data_file:s0:c512,c768 tclass=file permissive=0
10-31 13:02:14.778  2531  2531 W ThreadPoolForeg: type=1400 audit(0.0:14649): avc: denied { setattr } for name="verified_contents.json" dev="dm-2" ino=1504996 scontext=u:r:isolated_app:s0:c512,c768 tcontext=u:object_r:app_data_file:s0:c512,c768 tclass=file permissive=0
10-31 13:02:14.786  2513  2528 I chromium: [INFO:child_process_service.cc(69)] ChildProcessService: Exiting child process.
10-31 13:02:14.790   422   422 E lowmemorykiller: Error writing /proc/2513/oom_score_adj; errno=22
10-31 13:02:14.793   772 32228 I ActivityManager: Killing 2513:com.android.chrome:sandboxed_process34/u0a60i805 (adj 0): isolated not needed
10-31 13:02:14.794   772   790 W zygote64: failed to open /acct/uid_99805/pid_2513/cgroup.procs: No such file or directory
10-31 13:02:14.808  1428  1428 W chromium: [WARNING:compositor_view.cc(342)] Child process died (type=6) pid=2513)
10-31 13:02:17.064   772 13021 I ActivityManager: Force stopping com.android.chrome appid=10060 user=0: from pid 2546
10-31 13:02:17.064   772 13021 I ActivityManager: Killing 1511:com.android.chrome:privileged_process0/u0a60 (adj 0): stop com.android.chrome
10-31 13:02:17.066   772 13021 W ActivityManager: Scheduling restart of crashed service com.android.chrome/org.chromium.content.app.PrivilegedProcessService0 in 1000ms
10-31 13:02:17.070   772 13021 I ActivityManager: Killing 1428:com.android.chrome/u0a60 (adj 0): stop com.android.chrome
10-31 13:02:17.078 13542 13542 D BoundBrokerSvc: onUnbind: Intent { act=com.google.android.gms.auth.key.retrieval.service.START dat=chimera-action:com.google.android.gms.auth.key.retrieval.service.START cmp=com.google.android.gms/.chimera.GmsApiService }
10-31 13:02:17.082   772 13021 W ActivityManager: Force removing ActivityRecord{7f8e15e u0 com.android.chrome/com.google.android.apps.chrome.Main t761}: app died, no saved state
10-31 13:02:17.083  1476  1476 I cr_ChildProcessService: Destroying ChildProcessService pid=1476
10-31 13:02:17.086   772 13021 I WindowManager: Failed to capture screenshot of Token{656c93f ActivityRecord{7f8e15e u0 com.android.chrome/com.google.android.apps.chrome.Main t761 f}} appWin=Window{198f04b u0 com.android.chrome/com.google.android.apps.chrome.Main} drawState=4
10-31 13:02:17.090  1930  1930 I cr_ChildProcessService: Destroying ChildProcessService pid=1930
10-31 13:02:17.094   772 13021 I ActivityManager: Killing 1930:com.android.chrome:sandboxed_process14/u0a60i785 (adj 0): isolated not needed
10-31 13:02:17.094   772 13021 I ActivityManager: Killing 1476:com.android.chrome:sandboxed_process0/u0a60i771 (adj 0): isolated not needed
10-31 13:02:17.101 14595 14595 I MemoryTrimmer: Trimming objects from memory, since app is in the background.
10-31 13:02:17.110  1311  1311 D CarrierSvcBindHelper: No carrier app for: 0
10-31 13:02:17.127  2964  2964 D RegisteredNfcFServicesCache: Service unchanged, not updating
10-31 13:02:17.149   772  1259 E JavaBinder: !!! FAILED BINDER TRANSACTION !!!  (parcel size = 108)
10-31 13:02:17.149   772  1259 W InputMethodManagerService: Got RemoteException sending setActive(false) notification to pid 1428 uid 10060
10-31 13:02:17.149   772  1259 E JavaBinder: !!! FAILED BINDER TRANSACTION !!!  (parcel size = 108)
10-31 13:02:17.152 13325 13387 I Adreno  : QUALCOMM build                   : 7142022, Ib5823dd10c
10-31 13:02:17.152 13325 13387 I Adreno  : Build Date                       : 06/23/17
10-31 13:02:17.152 13325 13387 I Adreno  : OpenGL ES Shader Compiler Version: EV031.18.00.00
10-31 13:02:17.152 13325 13387 I Adreno  : Local Branch                     : O11A
10-31 13:02:17.152 13325 13387 I Adreno  : Remote Branch                    : 
10-31 13:02:17.152 13325 13387 I Adreno  : Remote Branch                    : 
10-31 13:02:17.152 13325 13387 I Adreno  : Reconstruct Branch               : 
10-31 13:02:17.173   772  1259 D ConnectivityService: ConnectivityService NetworkRequestInfo binderDied(NetworkRequest [ LISTEN id=1854, [ Capabilities: INTERNET&NOT_RESTRICTED&TRUSTED&FOREGROUND] ], android.os.BinderProxy@247f001)
10-31 13:02:17.174   772  1259 D ConnectivityService: ConnectivityService NetworkRequestInfo binderDied(NetworkRequest [ LISTEN id=1852, [ Capabilities: INTERNET&NOT_RESTRICTED&TRUSTED&FOREGROUND] ], android.os.BinderProxy@587aea6)
10-31 13:02:17.174   772  4540 D ConnectivityService: ConnectivityService NetworkRequestInfo binderDied(NetworkRequest [ LISTEN id=1853, [ Capabilities: INTERNET&NOT_RESTRICTED&TRUSTED&FOREGROUND] ], android.os.BinderProxy@c6020e7)
10-31 13:02:17.175   772   862 E ConnectivityService: RemoteException caught trying to send a callback msg for NetworkRequest [ LISTEN id=1854, [ Capabilities: INTERNET&NOT_RESTRICTED&TRUSTED&FOREGROUND] ]
10-31 13:02:17.176   772   797 W ActivityManager: setHasOverlayUi called on unknown pid: 1428
10-31 13:02:17.177   772   862 E ConnectivityService: RemoteException caught trying to send a callback msg for NetworkRequest [ LISTEN id=1853, [ Capabilities: INTERNET&NOT_RESTRICTED&TRUSTED&FOREGROUND] ]
10-31 13:02:17.178   772   862 E ConnectivityService: RemoteException caught trying to send a callback msg for NetworkRequest [ LISTEN id=1852, [ Capabilities: INTERNET&NOT_RESTRICTED&TRUSTED&FOREGROUND] ]
10-31 13:02:17.187   772  4539 W ActivityManager: Unable to start service Intent { act=com.google.android.gms.speech.service.START pkg=com.google.android.gms } U=0: not found
10-31 13:02:17.188   772  2969 W ActivityManager: Unbind failed: could not find connection for android.os.BinderProxy@83e483
10-31 13:02:17.188 14595 14781 E GmsClient: unable to connect to service: com.google.android.gms.speech.service.START on com.google.android.gms
10-31 13:02:17.194   772   790 W zygote64: failed to open /acct/uid_99785/pid_1930/cgroup.procs: No such file or directory
10-31 13:02:17.195   772   790 W zygote64: failed to open /acct/uid_99771/pid_1476/cgroup.procs: No such file or directory
10-31 13:02:17.229 13325 13387 I vndksupport: sphal namespace is not configured for this process. Loading /vendor/lib64/hw/gralloc.msm8992.so from the current namespace instead.
10-31 13:02:17.250 13325 13387 I Adreno  : PFP: 0x00000000, ME: 0x00000000
10-31 13:02:17.287 13325 13387 I OpenGLRenderer: Initialized EGL, version 1.4
10-31 13:02:17.288 13325 13387 D OpenGLRenderer: Swap behavior 2
10-31 13:02:17.362 14595 16571 W SessionLifecycleManager: Handover failed. Creating new session controller.
10-31 13:02:17.366 14595 14595 I OptInState: There is a new client and it does not support opt-in. Dropping request.
10-31 13:02:17.397 14595 14595 I MicroDetectionWorker: #updateMicroDetector [detectionMode: [mDetectionMode: [1]]]
10-31 13:02:17.397 14595 14595 I MicroDetectionWorker: #startMicroDetector [speakerMode: 0]
10-31 13:02:17.401 14595 14595 I MicroDetectionWorker: onReady
10-31 13:02:17.402 14595 14621 I MicroRecognitionRunner: Starting detection.
10-31 13:02:17.406 14595 14620 I MicrophoneInputStream: mic_starting com.google.android.apps.gsa.speech.audio.af@21d190b
10-31 13:02:17.407   556  7524 W DeviceHAL: Device 0xefa2d000 open_input_stream: Invalid argument
10-31 13:02:17.410   556  2560 I AudioFlinger: AudioFlinger's thread 0xec603380 tid=2560 ready to run
10-31 13:02:17.418   556   753 I SoundTriggerHwService::Module: onCallbackEvent no clients
10-31 13:02:17.419 14595 14620 I MicrophoneInputStream: mic_started com.google.android.apps.gsa.speech.audio.af@21d190b
10-31 13:02:17.422   556  2561 D sound_trigger_platform: platform_stdev_check_and_update_concurrency: concurrency active 0, tx 1, rx 0, concurrency session_allowed 0
10-31 13:02:17.422   556  2561 D audio_hw_primary: enable_snd_device: snd_device(72: voice-rec-mic)
10-31 13:02:17.430   556  2561 D audio_hw_primary: enable_audio_route: usecase(9) apply and update mixer path: audio-record
10-31 13:02:17.496 14595 14595 I MicroDetectionWorker: onReady
10-31 13:02:17.677 13325 13387 W OpenGLRenderer: Incorrectly called buildLayer on View: ShortcutAndWidgetContainer, destroying layer...
10-31 13:02:17.695  2550  2550 D AndroidRuntime: >>>>>> START com.android.internal.os.RuntimeInit uid 2000 <<<<<<
10-31 13:02:17.944  2550  2550 D AndroidRuntime: Calling main entry com.android.commands.pm.Pm
10-31 13:02:17.962   772 13021 I ActivityManager: Force stopping com.android.chrome appid=10060 user=0: clear data
10-31 13:02:17.965   772   788 I ActivityManager: Force stopping com.android.chrome appid=10060 user=-1: clearApplicationUserData
10-31 13:02:18.069   560   560 I keystore: clear_uid 10060
10-31 13:02:18.090  1311  1311 D CarrierSvcBindHelper: No carrier app for: 0
10-31 13:02:18.093   772   787 W ResourceType: No known package when getting value for resource number 0x7f0904db
10-31 13:02:18.093   772   787 W ResourceType: No known package when getting value for resource number 0x7f140670
10-31 13:02:18.093   772   787 W ResourceType: No known package when getting value for resource number 0x7f0904da
10-31 13:02:18.093   772   787 W ResourceType: No known package when getting value for resource number 0x7f14018b
10-31 13:02:18.093   772   787 W ResourceType: No known package when getting value for resource number 0x7f14066f
10-31 13:02:18.093   772   787 W ResourceType: No known package when getting value for resource number 0x7f140434
10-31 13:02:18.094   772   787 E ShortcutService: Ignoring excessive intent tag.
10-31 13:02:18.095  2550  2550 I app_process: System.exit called, status: 0
10-31 13:02:18.096  2550  2550 I AndroidRuntime: VM exiting with result code 0.
10-31 13:02:18.113  2964  2964 D RegisteredNfcFServicesCache: Service unchanged, not updating
10-31 13:02:18.129  3960  2575 I Fitness : FitCleanupIntentOperation received Intent android.intent.action.PACKAGE_DATA_CLEARED [CONTEXT service_id=17 ]
10-31 13:02:18.162 13542 27495 I Icing   : doRemovePackageData com.android.chrome
10-31 13:02:18.162 13542 27495 I Icing   : Removing corpus key com.android.chrome-omnibox for package com.android.chrome
10-31 13:02:18.186 13542 27495 I native  : I0000 00:00:1667217738.186226   27495 flash-index.cc:1535] Flash index sort hb 7 prefix-hits 14 -> 13 at 7.799ms
10-31 13:02:18.222 13542 27495 I Icing   : Removing corpus key com.android.chrome-.implicit: for package com.android.chrome
10-31 13:02:18.300 13542 27495 I Icing   : Starting compaction min disk 99.985% min index 99.987%
10-31 13:02:18.391 13542 27495 I native  : I0000 00:00:1667217738.391834   27495 document-store.cc:1684] Scored 908 usage reports, missing_corpora 348 update_failed 0
10-31 13:02:18.451 13542 27495 W native  : W0000 00:00:1667217738.451363   27495 words-map.cc:36] INVALID_ARGUMENT: Empty URI
10-31 13:02:18.451 13542 27495 W native  : W0000 00:00:1667217738.451537   27495 words-map.cc:40] WordsMap was not properly initialized
10-31 13:02:18.518 13542 27495 E native  : E0000 00:00:1667217738.518305   27495 compactor.cc:77] Could not index embedding for docid 1: INTERNAL: Unable to find Thing Proto section 
10-31 13:02:18.519 13542 27495 E native  : E0000 00:00:1667217738.519421   27495 compactor.cc:77] Could not index embedding for docid 3: INTERNAL: Unable to find Thing Proto section 
10-31 13:02:18.520 13542 27495 E native  : E0000 00:00:1667217738.520046   27495 compactor.cc:77] Could not index embedding for docid 5: INTERNAL: Unable to find Thing Proto section 
10-31 13:02:18.520 13542 27495 E native  : E0000 00:00:1667217738.520597   27495 compactor.cc:77] Could not index embedding for docid 7: INTERNAL: Unable to find Thing Proto section 
10-31 13:02:18.521 13542 27495 E native  : E0000 00:00:1667217738.521331   27495 compactor.cc:77] Could not index embedding for docid 9: INTERNAL: Unable to find Thing Proto section 
10-31 13:02:18.521 13542 27495 E native  : E0000 00:00:1667217738.521925   27495 compactor.cc:77] Could not index embedding for docid 11: INTERNAL: Unable to find Thing Proto section 
10-31 13:02:18.522 13542 27495 E native  : E0000 00:00:1667217738.522422   27495 compactor.cc:77] Could not index embedding for docid 13: INTERNAL: Unable to find Thing Proto section 
10-31 13:02:18.523 13542 27495 E native  : E0000 00:00:1667217738.522980   27495 compactor.cc:77] Could not index embedding for docid 15: INTERNAL: Unable to find Thing Proto section 
10-31 13:02:18.523 13542 27495 E native  : E0000 00:00:1667217738.523522   27495 compactor.cc:77] Could not index embedding for docid 17: INTERNAL: Unable to find Thing Proto section 
10-31 13:02:18.524 13542 27495 E native  : E0000 00:00:1667217738.524002   27495 compactor.cc:77] Could not index embedding for docid 19: INTERNAL: Unable to find Thing Proto section 
10-31 13:02:18.524 13542 27495 E native  : E0000 00:00:1667217738.524697   27495 compactor.cc:77] Could not index embedding for docid 21: INTERNAL: Unable to find Thing Proto section 
10-31 13:02:18.525 13542 27495 E native  : E0000 00:00:1667217738.525287   27495 compactor.cc:77] Could not index embedding for docid 23: INTERNAL: Unable to find Thing Proto section 
10-31 13:02:18.525 13542 27495 E native  : E0000 00:00:1667217738.525779   27495 compactor.cc:77] Could not index embedding for docid 25: INTERNAL: Unable to find Thing Proto section 
10-31 13:02:18.531 13542 27495 E native  : E0000 00:00:1667217738.531090   27495 compactor.cc:77] Could not index embedding for docid 26: INTERNAL: Unable to find Thing Proto section 
10-31 13:02:18.536 13542 27495 E native  : E0000 00:00:1667217738.536200   27495 compactor.cc:77] Could not index embedding for docid 27: INTERNAL: Unable to find Thing Proto section 
10-31 13:02:18.577 13542 27495 I native  : I0000 00:00:1667217738.577760   27495 flash-index.cc:1535] Flash index sort hb 40 prefix-hits 68 -> 67 at 24.685ms
10-31 13:02:18.590   772 10860 I ActivityManager: Force stopping com.android.chrome appid=10060 user=0: from pid 2600
10-31 13:02:18.595  1311  1311 D CarrierSvcBindHelper: No carrier app for: 0
10-31 13:02:18.606  2964  2964 D RegisteredNfcFServicesCache: Service unchanged, not updating
10-31 13:02:18.617 13542 27495 W native  : W0000 00:00:1667217738.617668   27495 words-map.cc:36] INVALID_ARGUMENT: Empty URI
10-31 13:02:18.617 13542 27495 W native  : W0000 00:00:1667217738.617788   27495 words-map.cc:40] WordsMap was not properly initialized
10-31 13:02:18.669 13542 27495 I Icing   : updateResources: need to parse anue{com.android.chrome}
10-31 13:02:18.754 13542 27495 I Icing   : Indexing com.android.chrome-omnibox from com.android.chrome
10-31 13:02:18.772   772  3037 I ActivityManager: Start proc 2604:com.android.chrome/u0a60 for content provider com.android.chrome/com.google.android.apps.chrome.icing.IcingProvider
10-31 13:02:18.826  2604  2604 I cr_SplitCompatApp: Launched version=106.0.5249.79 minSdkVersion=24 isBundle=true processName=com.android.chrome isIsolated=false
10-31 13:02:18.993  2602  2602 D AndroidRuntime: >>>>>> START com.android.internal.os.RuntimeInit uid 2000 <<<<<<
10-31 13:02:19.015  3960  4245 I FontLog : Received query Google Sans, URI content://com.google.android.gms.fonts [CONTEXT service_id=132 ]
10-31 13:02:19.016  3960  4245 I FontLog : Query [Google Sans] resolved to {Google Sans, wdth 100.0, wght 400, ital 0.0, bestEffort false} [CONTEXT service_id=132 ]
10-31 13:02:19.018  3960  4245 I FontLog : Font PFD returned from cache for {Google Sans, wdth 100.0, wght 400, ital 0.0, bestEffort false} [CONTEXT service_id=132 ]
10-31 13:02:19.018  3960  4245 I FontLog : Fetch {Google Sans, wdth 100.0, wght 400, ital 0.0, bestEffort false} end status Status{statusCode=SUCCESS, resolution=null} [CONTEXT service_id=132 ]
10-31 13:02:19.035 13542 27495 I Icing   : Indexing done com.android.chrome-omnibox
10-31 13:02:19.101  3960  4217 I FontLog : Pulling font file for id = 2241, cache size = 11 [CONTEXT service_id=132 ]
10-31 13:02:19.119  2602  2602 D AndroidRuntime: Calling main entry com.android.commands.pm.Pm
10-31 13:02:19.129   772  4540 I ActivityManager: Force stopping com.android.chrome appid=10060 user=0: clear data
10-31 13:02:19.129   772  4540 I ActivityManager: Killing 2604:com.android.chrome/u0a60 (adj 700): stop com.android.chrome
10-31 13:02:19.135   560   560 I keystore: clear_uid 10060
10-31 13:02:19.137   772   788 I ActivityManager: Force stopping com.android.chrome appid=10060 user=-1: clearApplicationUserData
10-31 13:02:19.164  1311  1311 D CarrierSvcBindHelper: No carrier app for: 0
10-31 13:02:19.168  2602  2602 I app_process: System.exit called, status: 0
10-31 13:02:19.168  2602  2602 I AndroidRuntime: VM exiting with result code 0.
10-31 13:02:19.168   772   787 W ResourceType: No known package when getting value for resource number 0x7f0904db
10-31 13:02:19.168   772   787 W ResourceType: No known package when getting value for resource number 0x7f140670
10-31 13:02:19.168   772   787 W ResourceType: No known package when getting value for resource number 0x7f0904da
10-31 13:02:19.168   772   787 W ResourceType: No known package when getting value for resource number 0x7f14018b
10-31 13:02:19.168   772   787 W ResourceType: No known package when getting value for resource number 0x7f14066f
10-31 13:02:19.168   772   787 W ResourceType: No known package when getting value for resource number 0x7f140434
10-31 13:02:19.168   772   787 E ShortcutService: Ignoring excessive intent tag.
10-31 13:02:19.182  2964  2964 D RegisteredNfcFServicesCache: Service unchanged, not updating
10-31 13:02:19.215 13542 27495 I Icing   : doRemovePackageData com.android.chrome
10-31 13:02:19.215 13542 27495 I Icing   : Removing corpus key com.android.chrome-omnibox for package com.android.chrome
10-31 13:02:19.219  3960  2575 I Fitness : FitCleanupIntentOperation received Intent android.intent.action.PACKAGE_DATA_CLEARED [CONTEXT service_id=17 ]
10-31 13:02:19.354 13542 27495 I Icing   : updateResources: need to parse anue{com.android.chrome}
10-31 13:02:19.458 13542 27495 I Icing   : Indexing com.android.chrome-omnibox from com.android.chrome
10-31 13:02:19.473   772   785 I ActivityManager: Start proc 2640:com.android.chrome/u0a60 for content provider com.android.chrome/com.google.android.apps.chrome.icing.IcingProvider
10-31 13:02:19.525  2640  2640 I cr_SplitCompatApp: Launched version=106.0.5249.79 minSdkVersion=24 isBundle=true processName=com.android.chrome isIsolated=false
10-31 13:02:19.626  3960  4151 I FontLog : Received query Google Sans, URI content://com.google.android.gms.fonts [CONTEXT service_id=132 ]
10-31 13:02:19.627  3960  4151 I FontLog : Query [Google Sans] resolved to {Google Sans, wdth 100.0, wght 400, ital 0.0, bestEffort false} [CONTEXT service_id=132 ]
10-31 13:02:19.628  3960  4151 I FontLog : Font PFD returned from cache for {Google Sans, wdth 100.0, wght 400, ital 0.0, bestEffort false} [CONTEXT service_id=132 ]
10-31 13:02:19.629  3960  4151 I FontLog : Fetch {Google Sans, wdth 100.0, wght 400, ital 0.0, bestEffort false} end status Status{statusCode=SUCCESS, resolution=null} [CONTEXT service_id=132 ]
10-31 13:02:19.739  3960  3972 I FontLog : Pulling font file for id = 2242, cache size = 8 [CONTEXT service_id=132 ]
10-31 13:02:19.796 13542 27495 I Icing   : Indexing done com.android.chrome-omnibox
10-31 13:02:19.831  2640  2659 I cr_LibraryLoader: Successfully loaded native library
10-31 13:02:19.833  2640  2659 I cr_CachingUmaRecorder: Flushed 20 samples from 19 histograms.
10-31 13:02:19.914  3960  4245 I FontLog : Received query Google Sans:500, URI content://com.google.android.gms.fonts [CONTEXT service_id=132 ]
10-31 13:02:19.918  3960  4245 I FontLog : Query [Google Sans:500] resolved to {Google Sans, wdth 100.0, wght 500, ital 0.0, bestEffort false} [CONTEXT service_id=132 ]
10-31 13:02:19.920  3960  4245 I FontLog : Font PFD returned from cache for {Google Sans, wdth 100.0, wght 500, ital 0.0, bestEffort false} [CONTEXT service_id=132 ]
10-31 13:02:19.920  3960  4245 I FontLog : Fetch {Google Sans, wdth 100.0, wght 500, ital 0.0, bestEffort false} end status Status{statusCode=SUCCESS, resolution=null} [CONTEXT service_id=132 ]
10-31 13:02:19.955  3960  6244 I FontLog : Pulling font file for id = 2243, cache size = 5 [CONTEXT service_id=132 ]
10-31 13:02:19.985  3960  3971 I FontLog : Received query Google Sans:700, URI content://com.google.android.gms.fonts [CONTEXT service_id=132 ]
10-31 13:02:19.985  3960  3971 I FontLog : Query [Google Sans:700] resolved to {Google Sans, wdth 100.0, wght 700, ital 0.0, bestEffort false} [CONTEXT service_id=132 ]
10-31 13:02:19.989  3960  3971 I FontLog : Fetch {Google Sans, wdth 100.0, wght 700, ital 0.0, bestEffort false} end status Status{statusCode=SUCCESS, resolution=null} [CONTEXT service_id=132 ]
10-31 13:02:20.000  3960  4245 I FontLog : Pulling font file for id = 2244, cache size = 6 [CONTEXT service_id=132 ]
