--------- beginning of system
10-31 00:19:47.546   772   791 E BatteryStatsService: no controller energy info supplied
10-31 00:23:53.306   772   791 E BatteryStatsService: no controller energy info supplied
10-31 00:24:04.209   772 13071 I ActivityManager: Force stopping com.android.chrome appid=10060 user=0: from pid 12028
10-31 00:24:04.210   772 13071 I ActivityManager: Killing 11922:com.android.chrome/u0a60 (adj 900): stop com.android.chrome
--------- beginning of main
10-31 00:24:04.222  1311  1311 D CarrierSvcBindHelper: No carrier app for: 0
10-31 00:24:04.235  2964  2964 D RegisteredNfcFServicesCache: Service unchanged, not updating
10-31 00:24:04.470   772 13071 I ActivityManager: START u0 {act=android.intent.action.VIEW flg=0x10008000 cmp=com.android.chrome/com.google.android.apps.chrome.Main} from uid 2000
10-31 00:24:04.485   772   830 E ResourceType: Style contains key with bad entry: 0x0101062c
10-31 00:24:04.497   772   830 E ResourceType: Style contains key with bad entry: 0x0101062c
10-31 00:24:04.520   772  3041 I ActivityManager: Start proc 12030:com.android.chrome/u0a60 for activity com.android.chrome/com.google.android.apps.chrome.Main
10-31 00:24:04.618 12030 12030 I cr_SplitCompatApp: Launched version=106.0.5249.79 minSdkVersion=24 isBundle=true processName=com.android.chrome isIsolated=false
10-31 00:24:04.674  3960  4244 I FontLog : Received query Google Sans, URI content://com.google.android.gms.fonts [CONTEXT service_id=132 ]
10-31 00:24:04.674  3960  4244 I FontLog : Query [Google Sans] resolved to {Google Sans, wdth 100.0, wght 400, ital 0.0, bestEffort false} [CONTEXT service_id=132 ]
10-31 00:24:04.676  3960  4244 I FontLog : Font PFD returned from cache for {Google Sans, wdth 100.0, wght 400, ital 0.0, bestEffort false} [CONTEXT service_id=132 ]
10-31 00:24:04.676  3960  4244 I FontLog : Fetch {Google Sans, wdth 100.0, wght 400, ital 0.0, bestEffort false} end status Status{statusCode=SUCCESS, resolution=null} [CONTEXT service_id=132 ]
10-31 00:24:04.687  3960  4151 I FontLog : Pulling font file for id = 1497, cache size = 9 [CONTEXT service_id=132 ]
10-31 00:24:04.705  3960  3971 I FontLog : Received query Google Sans:500, URI content://com.google.android.gms.fonts [CONTEXT service_id=132 ]
10-31 00:24:04.705  3960  3971 I FontLog : Query [Google Sans:500] resolved to {Google Sans, wdth 100.0, wght 500, ital 0.0, bestEffort false} [CONTEXT service_id=132 ]
10-31 00:24:04.709  3960  3971 I FontLog : Font PFD returned from cache for {Google Sans, wdth 100.0, wght 500, ital 0.0, bestEffort false} [CONTEXT service_id=132 ]
10-31 00:24:04.709  3960  3971 I FontLog : Fetch {Google Sans, wdth 100.0, wght 500, ital 0.0, bestEffort false} end status Status{statusCode=SUCCESS, resolution=null} [CONTEXT service_id=132 ]
10-31 00:24:04.716  3960  3972 I FontLog : Pulling font file for id = 1498, cache size = 8 [CONTEXT service_id=132 ]
10-31 00:24:04.725  3960  4217 I FontLog : Received query Google Sans:700, URI content://com.google.android.gms.fonts [CONTEXT service_id=132 ]
10-31 00:24:04.726  3960  4217 I FontLog : Query [Google Sans:700] resolved to {Google Sans, wdth 100.0, wght 700, ital 0.0, bestEffort false} [CONTEXT service_id=132 ]
10-31 00:24:04.727  3960  4217 I FontLog : Fetch {Google Sans, wdth 100.0, wght 700, ital 0.0, bestEffort false} end status Status{statusCode=SUCCESS, resolution=null} [CONTEXT service_id=132 ]
10-31 00:24:04.735  3960  3971 I FontLog : Pulling font file for id = 1499, cache size = 6 [CONTEXT service_id=132 ]
10-31 00:24:04.774 12030 12050 I cr_LibraryLoader: Successfully loaded native library
10-31 00:24:04.775 12030 12050 I cr_CachingUmaRecorder: Flushed 19 samples from 19 histograms.
10-31 00:24:04.963 12030 12030 E ResourceType: Style contains key with bad entry: 0x0101062c
10-31 00:24:04.998 12030 12053 W DynamiteModule: Local module descriptor class for com.google.android.gms.googlecertificates not found.
10-31 00:24:05.020 12030 12053 W zygote  : Skipping duplicate class check due to unrecognized classloader
10-31 00:24:05.025 12030 12053 I DynamiteModule: Considering local module com.google.android.gms.googlecertificates:0 and remote module com.google.android.gms.googlecertificates:7
10-31 00:24:05.025   772   996 I ActivityManager: START u0 {cmp=com.android.chrome/org.chromium.chrome.browser.firstrun.FirstRunActivity (has extras)} from uid 10060
10-31 00:24:05.025 12030 12053 I DynamiteModule: Selected remote version of com.google.android.gms.googlecertificates, version >= 7
10-31 00:24:05.058 12030 12030 E ResourceType: Style contains key with bad entry: 0x0101062c
10-31 00:24:05.082 12030 12053 W zygote  : Skipping duplicate class check due to unrecognized classloader
10-31 00:24:05.117   772 13022 W AppOps  : Bad call: specified package com.google.android.gms under uid 10060 but it is really 10020
10-31 00:24:05.117   772 13022 W AppOps  : java.lang.RuntimeException: here
10-31 00:24:05.117   772 13022 W AppOps  : 	at com.android.server.AppOpsService.getOpsRawLocked(AppOpsService.java:1319)
10-31 00:24:05.117   772 13022 W AppOps  : 	at com.android.server.AppOpsService.checkPackage(AppOpsService.java:1038)
10-31 00:24:05.117   772 13022 W AppOps  : 	at com.android.internal.app.IAppOpsService$Stub.onTransact(IAppOpsService.java:169)
10-31 00:24:05.117   772 13022 W AppOps  : 	at android.os.Binder.execTransact(Binder.java:674)
10-31 00:24:05.118   772 20193 W AppOps  : Bad call: specified package com.google.android.gms under uid 10060 but it is really 10020
10-31 00:24:05.118   772 20193 W AppOps  : java.lang.RuntimeException: here
10-31 00:24:05.118   772 20193 W AppOps  : 	at com.android.server.AppOpsService.getOpsRawLocked(AppOpsService.java:1319)
10-31 00:24:05.118   772 20193 W AppOps  : 	at com.android.server.AppOpsService.checkPackage(AppOpsService.java:1038)
10-31 00:24:05.118   772 20193 W AppOps  : 	at com.android.internal.app.IAppOpsService$Stub.onTransact(IAppOpsService.java:169)
10-31 00:24:05.118   772 20193 W AppOps  : 	at android.os.Binder.execTransact(Binder.java:674)
10-31 00:24:05.123   772 13071 W AppOps  : Bad call: specified package com.google.android.gms under uid 10060 but it is really 10020
10-31 00:24:05.123   772 13071 W AppOps  : java.lang.RuntimeException: here
10-31 00:24:05.123   772 13071 W AppOps  : 	at com.android.server.AppOpsService.getOpsRawLocked(AppOpsService.java:1319)
10-31 00:24:05.123   772 13071 W AppOps  : 	at com.android.server.AppOpsService.checkPackage(AppOpsService.java:1038)
10-31 00:24:05.123   772 13071 W AppOps  : 	at com.android.internal.app.IAppOpsService$Stub.onTransact(IAppOpsService.java:169)
10-31 00:24:05.123   772 13071 W AppOps  : 	at android.os.Binder.execTransact(Binder.java:674)
10-31 00:24:05.126   772  1324 W AppOps  : Bad call: specified package com.google.android.gms under uid 10060 but it is really 10020
10-31 00:24:05.126   772  1324 W AppOps  : java.lang.RuntimeException: here
10-31 00:24:05.126   772  1324 W AppOps  : 	at com.android.server.AppOpsService.getOpsRawLocked(AppOpsService.java:1319)
10-31 00:24:05.126   772  1324 W AppOps  : 	at com.android.server.AppOpsService.checkPackage(AppOpsService.java:1038)
10-31 00:24:05.126   772  1324 W AppOps  : 	at com.android.internal.app.IAppOpsService$Stub.onTransact(IAppOpsService.java:169)
10-31 00:24:05.126   772  1324 W AppOps  : 	at android.os.Binder.execTransact(Binder.java:674)
10-31 00:24:05.244 12030 12030 W ResourceType: Failure getting entry for 0x7f010055 (t=0 e=85) (error -75)
10-31 00:24:05.270 12030 12061 D OpenGLRenderer: HWUI GL Pipeline
10-31 00:24:05.308 12030 12061 I Adreno  : QUALCOMM build                   : 7142022, Ib5823dd10c
10-31 00:24:05.308 12030 12061 I Adreno  : Build Date                       : 06/23/17
10-31 00:24:05.308 12030 12061 I Adreno  : OpenGL ES Shader Compiler Version: EV031.18.00.00
10-31 00:24:05.308 12030 12061 I Adreno  : Local Branch                     : O11A
10-31 00:24:05.308 12030 12061 I Adreno  : Remote Branch                    : 
10-31 00:24:05.308 12030 12061 I Adreno  : Remote Branch                    : 
10-31 00:24:05.308 12030 12061 I Adreno  : Reconstruct Branch               : 
10-31 00:24:05.310 12030 12061 I vndksupport: sphal namespace is not configured for this process. Loading /vendor/lib/hw/gralloc.msm8992.so from the current namespace instead.
10-31 00:24:05.314 12030 12030 W RecyclerView: No adapter attached; skipping layout
10-31 00:24:05.330 12030 12030 I cr_StartSurfaceConfig: Recorded Startup.Android.FirstDrawCompletedTime.NoInstant = 153 ms
10-31 00:24:05.336 12030 12046 D NetworkSecurityConfig: Using Network Security Config from resource 0_resource_name_obfuscated debugBuild: false
10-31 00:24:05.341 12030 12061 I Adreno  : PFP: 0x00000000, ME: 0x00000000
10-31 00:24:05.347  3960  4307 E bfry    : Phenotype API error. Event # ddoj@76d2fa86, EventCode: 7 [CONTEXT service_id=51 ]
10-31 00:24:05.347  3960  4307 E bfry    : bfra: 29505: No config packages for log source, or config package not registered
10-31 00:24:05.347  3960  4307 E bfry    : 	at bfst.b(:com.google.android.gms@223616019@22.36.16 (040400-476895098):4)
10-31 00:24:05.347  3960  4307 E bfry    : 	at bfsq.g(:com.google.android.gms@223616019@22.36.16 (040400-476895098):0)
10-31 00:24:05.347  3960  4307 E bfry    : 	at bfry.e(:com.google.android.gms@223616019@22.36.16 (040400-476895098):4)
10-31 00:24:05.347  3960  4307 E bfry    : 	at bfry.f(:com.google.android.gms@223616019@22.36.16 (040400-476895098):2)
10-31 00:24:05.347  3960  4307 E bfry    : 	at arjg.ep(:com.google.android.gms@223616019@22.36.16 (040400-476895098):1)
10-31 00:24:05.347  3960  4307 E bfry    : 	at arjm.run(:com.google.android.gms@223616019@22.36.16 (040400-476895098):12)
10-31 00:24:05.347  3960  4307 E bfry    : 	at cjoq.run(:com.google.android.gms@223616019@22.36.16 (040400-476895098):2)
10-31 00:24:05.347  3960  4307 E bfry    : 	at aarl.c(:com.google.android.gms@223616019@22.36.16 (040400-476895098):6)
10-31 00:24:05.347  3960  4307 E bfry    : 	at aarl.run(:com.google.android.gms@223616019@22.36.16 (040400-476895098):7)
10-31 00:24:05.347  3960  4307 E bfry    : 	at java.util.concurrent.ThreadPoolExecutor.runWorker(ThreadPoolExecutor.java:1162)
10-31 00:24:05.347  3960  4307 E bfry    : 	at java.util.concurrent.ThreadPoolExecutor$Worker.run(ThreadPoolExecutor.java:636)
10-31 00:24:05.347  3960  4307 E bfry    : 	at aaws.run(:com.google.android.gms@223616019@22.36.16 (040400-476895098):0)
10-31 00:24:05.347  3960  4307 E bfry    : 	at java.lang.Thread.run(Thread.java:764)
10-31 00:24:05.348  3960  4307 W AsyncOperation: operation=GetExperimentTokensOperationCall, opStatusCode=29505 [CONTEXT service_id=51 ]
10-31 00:24:05.348  3960  4307 W AsyncOperation: OperationException[Status{statusCode=No config packages for log source, or config package not registered, resolution=null}]
10-31 00:24:05.348  3960  4307 W AsyncOperation: 	at bfry.e(:com.google.android.gms@223616019@22.36.16 (040400-476895098):6)
10-31 00:24:05.348  3960  4307 W AsyncOperation: 	at bfry.f(:com.google.android.gms@223616019@22.36.16 (040400-476895098):2)
10-31 00:24:05.348  3960  4307 W AsyncOperation: 	at arjg.ep(:com.google.android.gms@223616019@22.36.16 (040400-476895098):1)
10-31 00:24:05.348  3960  4307 W AsyncOperation: 	at arjm.run(:com.google.android.gms@223616019@22.36.16 (040400-476895098):12)
10-31 00:24:05.348  3960  4307 W AsyncOperation: 	at cjoq.run(:com.google.android.gms@223616019@22.36.16 (040400-476895098):2)
10-31 00:24:05.348  3960  4307 W AsyncOperation: 	at aarl.c(:com.google.android.gms@223616019@22.36.16 (040400-476895098):6)
10-31 00:24:05.348  3960  4307 W AsyncOperation: 	at aarl.run(:com.google.android.gms@223616019@22.36.16 (040400-476895098):7)
10-31 00:24:05.348  3960  4307 W AsyncOperation: 	at java.util.concurrent.ThreadPoolExecutor.runWorker(ThreadPoolExecutor.java:1162)
10-31 00:24:05.348  3960  4307 W AsyncOperation: 	at java.util.concurrent.ThreadPoolExecutor$Worker.run(ThreadPoolExecutor.java:636)
10-31 00:24:05.348  3960  4307 W AsyncOperation: 	at aaws.run(:com.google.android.gms@223616019@22.36.16 (040400-476895098):0)
10-31 00:24:05.348  3960  4307 W AsyncOperation: 	at java.lang.Thread.run(Thread.java:764)
10-31 00:24:05.350 12030 12061 I OpenGLRenderer: Initialized EGL, version 1.4
10-31 00:24:05.350 12030 12061 D OpenGLRenderer: Swap behavior 2
10-31 00:24:05.626   361   361 W /system/bin/hwservicemanager: getTransportFromManifest: Cannot find entry android.hardware.graphics.mapper@2.0::IMapper in either framework or device manifest, using default transport.
10-31 00:24:05.631 12030 12061 I vndksupport: sphal namespace is not configured for this process. Loading /vendor/lib/hw/gralloc.msm8992.so from the current namespace instead.
10-31 00:24:05.675   772   797 I ActivityManager: Displayed com.android.chrome/org.chromium.chrome.browser.firstrun.FirstRunActivity: +539ms (total +1s172ms)
10-31 00:24:05.700 11801 11828 I PBSessionCacheImpl: Deleted sessionId[6201424628252] from persistence.
10-31 00:24:05.721 11801 11801 I MicroDetector: Keeping mic open: false
10-31 00:24:05.721 11801 11826 I DeviceStateChecker: DeviceStateChecker cancelled
10-31 00:24:05.725 11801 12041 I AudioController: internalShutdown
10-31 00:24:05.725 11801 12041 I MicrophoneInputStream: mic_close com.google.android.apps.gsa.speech.audio.af@310f986
10-31 00:24:05.726 11801 11836 I MicroRecognitionRunner: Stopping hotword detection.
10-31 00:24:05.747 13325 13325 I MemoryTrimmer: Trimming objects from memory, since app is in the background.
10-31 00:24:05.750 13325 11820 V rsC++   : RS Message thread exiting.
10-31 00:24:05.788   556 11839 D audio_hw_primary: disable_audio_route: usecase(9) reset and update mixer path: audio-record
10-31 00:24:05.789   556 11839 D audio_hw_primary: disable_snd_device: snd_device(72: voice-rec-mic)
10-31 00:24:05.793   556 11839 D sound_trigger_platform: platform_stdev_check_and_update_concurrency: concurrency active 0, tx 0, rx 0, concurrency session_allowed 1
10-31 00:24:05.796   556   753 I SoundTriggerHwService::Module: onCallbackEvent no clients
10-31 00:24:05.800 11801 11829 I MicroRecognitionRunner: Detection finished
10-31 00:24:05.823 12030 12046 I cr_VariationsSeedFetch: Fetched first run seed in 490 ms
10-31 00:24:05.853 12071 12071 E /system/bin/webview_zygote32: failed to make and chown /acct/uid_99482: Permission denied
10-31 00:24:05.853 12071 12071 E Zygote  : createProcessGroup(99482, 0) failed: Permission denied
10-31 00:24:05.859   772  2969 I ActivityManager: Start proc 12071:com.android.chrome:sandboxed_process0/u0i482 for webview_service com.android.chrome/org.chromium.content.app.SandboxedProcessService0
10-31 00:24:05.874 12071 12071 I SamplingProfilerIntegration: Profiling disabled.
10-31 00:24:05.891 12084 12084 E asset   : setgid: Operation not permitted
10-31 00:24:05.914 12071 12071 I cr_SplitCompatApp: Launched version=106.0.5249.79 minSdkVersion=24 isBundle=true processName=com.android.chrome:sandboxed_process0 isIsolated=true
10-31 00:24:05.918 12071 12071 W SystemServiceRegistry: No service published for: uimode
10-31 00:24:05.925 12071 12071 I cr_ChildProcessService: Creating new ChildProcessService pid=12071
10-31 00:24:05.930 12071 12071 E WebViewFactory: can't load with relro file; address space not reserved
10-31 00:24:06.155   772 13022 I ActivityManager: Start proc 12100:com.android.chrome:privileged_process0/u0a60 for service com.android.chrome/org.chromium.content.app.PrivilegedProcessService0
10-31 00:24:06.218 12030 12030 I cr_SmsProviderGms: construction successfull y93@48d2629, v93@2a7674f
10-31 00:24:06.230 12100 12100 I cr_SplitCompatApp: Launched version=106.0.5249.79 minSdkVersion=24 isBundle=true processName=com.android.chrome:privileged_process0 isIsolated=false
10-31 00:24:06.247 12100 12100 I cr_ChildProcessService: Creating new ChildProcessService pid=12100
10-31 00:24:06.254 13542 13542 D BoundBrokerSvc: onBind: Intent { act=com.google.android.gms.auth.key.retrieval.service.START dat=chimera-action:com.google.android.gms.auth.key.retrieval.service.START cmp=com.google.android.gms/.chimera.GmsApiService }
10-31 00:24:06.254 13542 13542 D BoundBrokerSvc: Loading bound service for intent: Intent { act=com.google.android.gms.auth.key.retrieval.service.START dat=chimera-action:com.google.android.gms.auth.key.retrieval.service.START cmp=com.google.android.gms/.chimera.GmsApiService }
10-31 00:24:06.300 12030 12030 W cr_KnoxSettingsProvider: Permission to read device policy denied.
10-31 00:24:06.307 12100 12117 I cr_LibraryLoader: Successfully loaded native library
10-31 00:24:06.308 12100 12117 I cr_CachingUmaRecorder: Flushed 3 samples from 3 histograms.
10-31 00:24:06.320   772   781 I zygote64: Background concurrent copying GC freed 61883(3MB) AllocSpace objects, 41(976KB) LOS objects, 42% free, 16MB/29MB, paused 286us total 102.558ms
10-31 00:24:06.326 12100 12117 I Adreno  : QUALCOMM build                   : 7142022, Ib5823dd10c
10-31 00:24:06.326 12100 12117 I Adreno  : Build Date                       : 06/23/17
10-31 00:24:06.326 12100 12117 I Adreno  : OpenGL ES Shader Compiler Version: EV031.18.00.00
10-31 00:24:06.326 12100 12117 I Adreno  : Local Branch                     : O11A
10-31 00:24:06.326 12100 12117 I Adreno  : Remote Branch                    : 
10-31 00:24:06.326 12100 12117 I Adreno  : Remote Branch                    : 
10-31 00:24:06.326 12100 12117 I Adreno  : Reconstruct Branch               : 
10-31 00:24:06.326 12100 12117 I vndksupport: sphal namespace is not configured for this process. Loading /vendor/lib/hw/gralloc.msm8992.so from the current namespace instead.
10-31 00:24:06.330 12100 12117 I Adreno  : PFP: 0x00000000, ME: 0x00000000
10-31 00:24:06.986 12126 12126 E /system/bin/webview_zygote32: failed to make and chown /acct/uid_99483: Permission denied
10-31 00:24:06.986 12126 12126 E Zygote  : createProcessGroup(99483, 0) failed: Permission denied
10-31 00:24:06.989   772 10895 I ActivityManager: Start proc 12126:com.android.chrome:sandboxed_process1/u0i483 for webview_service com.android.chrome/org.chromium.content.app.SandboxedProcessService1
10-31 00:24:07.007 12126 12126 I SamplingProfilerIntegration: Profiling disabled.
10-31 00:24:07.024 12139 12139 E asset   : setgid: Operation not permitted
10-31 00:24:07.055 12126 12126 I cr_SplitCompatApp: Launched version=106.0.5249.79 minSdkVersion=24 isBundle=true processName=com.android.chrome:sandboxed_process1 isIsolated=true
10-31 00:24:07.063 12126 12126 W SystemServiceRegistry: No service published for: uimode
10-31 00:24:07.073 12126 12126 I cr_ChildProcessService: Creating new ChildProcessService pid=12126
10-31 00:24:07.080 12126 12126 E WebViewFactory: can't load with relro file; address space not reserved
10-31 00:24:07.091 12126 12141 I cr_LibraryLoader: Successfully loaded native library
10-31 00:24:07.092 12126 12141 I cr_CachingUmaRecorder: Flushed 3 samples from 3 histograms.
10-31 00:24:07.126 12126 12141 I chromium: [INFO:child_process_service.cc(69)] ChildProcessService: Exiting child process.
10-31 00:24:07.128   422   422 E lowmemorykiller: Error writing /proc/12126/oom_score_adj; errno=22
10-31 00:24:07.129   772 10895 I ActivityManager: Killing 12126:com.android.chrome:sandboxed_process1/u0a60i483 (adj 0): isolated not needed
10-31 00:24:07.129   772   790 W zygote64: failed to open /acct/uid_99483/pid_12126/cgroup.procs: No such file or directory
10-31 00:24:08.482 12030 12030 E cr_BTSPrefs: No data found for task id: 53
10-31 00:24:08.483 12030 12030 E cr_BkgrdTaskScheduler: Task cannot be canceled because no data was found instorage or data was invalid
10-31 00:24:10.795 11801 11829 I EventLogSendingHelper: Sending log events.
10-31 00:24:11.265 12170 12170 D AndroidRuntime: >>>>>> START com.android.internal.os.RuntimeInit uid 2000 <<<<<<
10-31 00:24:11.420 12170 12170 D AndroidRuntime: Calling main entry com.android.commands.input.Input
10-31 00:24:11.439 12170 12170 I Input   : injectMotionEvent: MotionEvent { action=ACTION_DOWN, actionButton=0, id[0]=0, x[0]=540.0, y[0]=1660.0, toolType[0]=TOOL_TYPE_UNKNOWN, buttonState=0, metaState=0, flags=0x0, edgeFlags=0x0, pointerCount=1, historySize=0, eventTime=490749690, downTime=490749690, deviceId=8, source=0x1002 }
10-31 00:24:11.445 12170 12170 I Input   : injectMotionEvent: MotionEvent { action=ACTION_UP, actionButton=0, id[0]=0, x[0]=540.0, y[0]=1660.0, toolType[0]=TOOL_TYPE_UNKNOWN, buttonState=0, metaState=0, flags=0x0, edgeFlags=0x0, pointerCount=1, historySize=0, eventTime=490749690, downTime=490749690, deviceId=8, source=0x1002 }
10-31 00:24:11.453 12170 12170 D AndroidRuntime: Shutting down VM
10-31 00:24:11.478   556  6498 D audio_hw_primary: enable_snd_device: snd_device(88: vi-feedback)
10-31 00:24:11.478   556  6498 D audio_hw_primary: enable_audio_route: usecase(23) apply and update mixer path: spkr-vi-record
10-31 00:24:11.504   556  6498 D audio_hw_primary: enable_audio_route: usecase(1) apply and update mixer path: low-latency-playback
10-31 00:24:12.035   556   731 D audio_hw_primary: disable_audio_route: usecase(1) reset and update mixer path: low-latency-playback
10-31 00:24:12.052   556   731 D audio_hw_primary: disable_snd_device: snd_device(88: vi-feedback)
10-31 00:24:12.052   556   731 D audio_hw_primary: disable_audio_route: usecase(23) reset and update mixer path: spkr-vi-record
10-31 00:24:12.882 12188 12188 D AndroidRuntime: >>>>>> START com.android.internal.os.RuntimeInit uid 2000 <<<<<<
10-31 00:24:13.015 12188 12188 D AndroidRuntime: Calling main entry com.android.commands.input.Input
10-31 00:24:13.034 12188 12188 I Input   : injectMotionEvent: MotionEvent { action=ACTION_DOWN, actionButton=0, id[0]=0, x[0]=180.0, y[0]=1690.0, toolType[0]=TOOL_TYPE_UNKNOWN, buttonState=0, metaState=0, flags=0x0, edgeFlags=0x0, pointerCount=1, historySize=0, eventTime=490751297, downTime=490751297, deviceId=8, source=0x1002 }
10-31 00:24:13.040 12188 12188 I Input   : injectMotionEvent: MotionEvent { action=ACTION_UP, actionButton=0, id[0]=0, x[0]=180.0, y[0]=1690.0, toolType[0]=TOOL_TYPE_UNKNOWN, buttonState=0, metaState=0, flags=0x0, edgeFlags=0x0, pointerCount=1, historySize=0, eventTime=490751297, downTime=490751297, deviceId=8, source=0x1002 }
10-31 00:24:13.043 12188 12188 D AndroidRuntime: Shutting down VM
10-31 00:24:13.054   772 20193 I ActivityManager: START u0 {act=android.intent.action.VIEW flg=0x10008000 cmp=com.android.chrome/com.google.android.apps.chrome.Main (has extras)} from uid 10060
10-31 00:24:13.058   556  6498 D audio_hw_primary: enable_snd_device: snd_device(88: vi-feedback)
10-31 00:24:13.058   556  6498 D audio_hw_primary: enable_audio_route: usecase(23) apply and update mixer path: spkr-vi-record
10-31 00:24:13.059   772   830 E ResourceType: Style contains key with bad entry: 0x0101062c
10-31 00:24:13.062   772   830 E ResourceType: Style contains key with bad entry: 0x0101062c
10-31 00:24:13.079 12030 12030 E ResourceType: Style contains key with bad entry: 0x0101062c
10-31 00:24:13.082 12030 12030 E ResourceType: Style contains key with bad entry: 0x0101062c
10-31 00:24:13.087   556  6498 D audio_hw_primary: enable_audio_route: usecase(1) apply and update mixer path: low-latency-playback
10-31 00:24:13.114 12030 12030 W ResourceType: Failure getting entry for 0x7f010055 (t=0 e=85) (error -75)
10-31 00:24:13.124 12030 12030 I cr_CompositorSurfaceMgr: Transitioning to surface with format: -1
10-31 00:24:13.134 12030 12030 W ResourceType: Failure getting entry for 0x7f010530 (t=0 e=1328) (error -75)
10-31 00:24:13.184 12030 12097 W cr_tabmodel: Starting to perform legacy migration.
10-31 00:24:13.187 12030 12097 W cr_tabmodel: Finished performing legacy migration.
10-31 00:24:13.187 12030 12097 W cr_tabmodel: Starting to perform multi-instance migration.
10-31 00:24:13.187 12030 12097 W cr_tabmodel: Finished performing multi-instance migration.
10-31 00:24:13.187 12030 12097 I cr_tabmodel: Starting to fetch tab list for tab_state0
10-31 00:24:13.187 12030 12097 I cr_tabmodel: State file does not exist.
10-31 00:24:13.188 12030 12097 I cr_tabmodel: Starting to fetch tab list for tab_state1
10-31 00:24:13.188 12030 12097 I cr_tabmodel: State file does not exist.
10-31 00:24:13.219   772 32228 W ActivityManager: Duplicate finish request for ActivityRecord{e82e247 u0 com.android.chrome/org.chromium.chrome.browser.firstrun.FirstRunActivity t673 f}
10-31 00:24:13.222 12030 12097 W cr_PartnerCustomize: Partner homepage must be HTTP(S) or NewTabPage. Got invalid URL "org.chromium.url.GURL@0"
10-31 00:24:13.261 12030 12030 I cr_StartSurfaceConfig: Recorded Startup.Android.FirstDrawCompletedTime.NoInstant = 168 ms
10-31 00:24:13.266 12030 12061 D OpenGLRenderer: endAllActiveAnimators on 0xc5ac4d80 (RippleDrawable) with handle 0xcdf83450
10-31 00:24:13.274 12030 12030 I cr_CompositorSurfaceMgr: Transitioning to surface with format: -1
10-31 00:24:13.277 12030 12030 I cr_CompositorSurfaceMgr: surfaceCreated format: 0
10-31 00:24:13.285 12030 12030 I cr_ChromeTabbedActivity: #initializeState
10-31 00:24:13.285 12030 12030 I cr_CipherFactory: #restoreFromBundle, no savedInstanceState.
10-31 00:24:13.286 12030 12030 I cr_tabmodel: #loadState, ignoreIncognitoFiles? true
10-31 00:24:13.292 12030 12030 I cr_tabmodel: Loaded tab lists; counts: 0,0
10-31 00:24:13.292 12030 12030 I cr_ChromeTabbedActivity: #createInitialTab executed.
10-31 00:24:13.320 12030 12030 E ResourceType: Style contains key with bad entry: 0x0101062c
10-31 00:24:13.372 12030 12030 W ResourceType: Failure getting entry for 0x7f010565 (t=0 e=1381) (error -75)
10-31 00:24:13.381 12030 12030 W ResourceType: Failure getting entry for 0x7f010551 (t=0 e=1361) (error -75)
10-31 00:24:13.389   772  2970 E BatteryStatsService: no controller energy info supplied
10-31 00:24:13.389   772  2970 E BatteryStatsService: no controller energy info supplied
10-31 00:24:13.406   772   788 W ProcessCpuTracker: Skipping unknown process pid 12223
10-31 00:24:13.497 12030 12030 W ResourceType: Failure getting entry for 0x7f01059a (t=0 e=1434) (error -75)
10-31 00:24:13.531   772  4540 W AppOps  : Bad call: specified package com.google.android.gms under uid 10060 but it is really 10020
10-31 00:24:13.531   772  4540 W AppOps  : java.lang.RuntimeException: here
10-31 00:24:13.531   772  4540 W AppOps  : 	at com.android.server.AppOpsService.getOpsRawLocked(AppOpsService.java:1319)
10-31 00:24:13.531   772  4540 W AppOps  : 	at com.android.server.AppOpsService.checkPackage(AppOpsService.java:1038)
10-31 00:24:13.531   772  4540 W AppOps  : 	at com.android.internal.app.IAppOpsService$Stub.onTransact(IAppOpsService.java:169)
10-31 00:24:13.531   772  4540 W AppOps  : 	at android.os.Binder.execTransact(Binder.java:674)
10-31 00:24:13.532   772   785 W AppOps  : Bad call: specified package com.google.android.gms under uid 10060 but it is really 10020
10-31 00:24:13.532   772   785 W AppOps  : java.lang.RuntimeException: here
10-31 00:24:13.532   772   785 W AppOps  : 	at com.android.server.AppOpsService.getOpsRawLocked(AppOpsService.java:1319)
10-31 00:24:13.532   772   785 W AppOps  : 	at com.android.server.AppOpsService.checkPackage(AppOpsService.java:1038)
10-31 00:24:13.532   772   785 W AppOps  : 	at com.android.internal.app.IAppOpsService$Stub.onTransact(IAppOpsService.java:169)
10-31 00:24:13.532   772   785 W AppOps  : 	at android.os.Binder.execTransact(Binder.java:674)
10-31 00:24:13.533   772 20193 W AppOps  : Bad call: specified package com.google.android.gms under uid 10060 but it is really 10020
10-31 00:24:13.533   772 20193 W AppOps  : java.lang.RuntimeException: here
10-31 00:24:13.533   772 20193 W AppOps  : 	at com.android.server.AppOpsService.getOpsRawLocked(AppOpsService.java:1319)
10-31 00:24:13.533   772 20193 W AppOps  : 	at com.android.server.AppOpsService.checkPackage(AppOpsService.java:1038)
10-31 00:24:13.533   772 20193 W AppOps  : 	at com.android.internal.app.IAppOpsService$Stub.onTransact(IAppOpsService.java:169)
10-31 00:24:13.533   772 20193 W AppOps  : 	at android.os.Binder.execTransact(Binder.java:674)
10-31 00:24:13.534   772  4539 W AppOps  : Bad call: specified package com.google.android.gms under uid 10060 but it is really 10020
10-31 00:24:13.534   772  4539 W AppOps  : java.lang.RuntimeException: here
10-31 00:24:13.534   772  4539 W AppOps  : 	at com.android.server.AppOpsService.getOpsRawLocked(AppOpsService.java:1319)
10-31 00:24:13.534   772  4539 W AppOps  : 	at com.android.server.AppOpsService.checkPackage(AppOpsService.java:1038)
10-31 00:24:13.534   772  4539 W AppOps  : 	at com.android.internal.app.IAppOpsService$Stub.onTransact(IAppOpsService.java:169)
10-31 00:24:13.534   772  4539 W AppOps  : 	at android.os.Binder.execTransact(Binder.java:674)
10-31 00:24:13.561 12030 12030 E cr_IntentUtils: getBooleanExtra failed on intent null
10-31 00:24:13.561 12030 12030 E cr_IntentUtils: getBooleanExtra failed on intent null
10-31 00:24:13.564 12071 12085 I cr_LibraryLoader: Successfully loaded native library
10-31 00:24:13.566 12071 12085 I cr_CachingUmaRecorder: Flushed 3 samples from 3 histograms.
10-31 00:24:13.601  3960  3971 I FontLog : Received query name=Google Sans&weight=700&besteffort=false, URI content://com.google.android.gms.fonts [CONTEXT service_id=132 ]
10-31 00:24:13.602  3960  3971 I FontLog : Query [name=Google Sans&weight=700&besteffort=false] resolved to {Google Sans, wdth 100.0, wght 700, ital 0.0, bestEffort false} [CONTEXT service_id=132 ]
10-31 00:24:13.604  3960  3971 I FontLog : Fetch {Google Sans, wdth 100.0, wght 700, ital 0.0, bestEffort false} end status Status{statusCode=SUCCESS, resolution=null} [CONTEXT service_id=132 ]
10-31 00:24:13.606 12030 12030 W ResourceType: Failure getting entry for 0x7f010888 (t=0 e=2184) (error -75)
10-31 00:24:13.613 12030 12030 W ResourceType: Failure getting entry for 0x7f010888 (t=0 e=2184) (error -75)
10-31 00:24:13.614  3960  4151 I FontLog : Pulling font file for id = 1500, cache size = 7 [CONTEXT service_id=132 ]
10-31 00:24:13.615 12030 12030 W ResourceType: Failure getting entry for 0x7f010888 (t=0 e=2184) (error -75)
10-31 00:24:13.617   556   731 D audio_hw_primary: disable_audio_route: usecase(1) reset and update mixer path: low-latency-playback
10-31 00:24:13.617 12030 12030 W ResourceType: Failure getting entry for 0x7f010888 (t=0 e=2184) (error -75)
10-31 00:24:13.620 12030 12030 W ResourceType: Failure getting entry for 0x7f010888 (t=0 e=2184) (error -75)
10-31 00:24:13.622  3960  4245 I FontLog : Received query name=Noto Color Emoji Compat&weight=400&besteffort=false, URI content://com.google.android.gms.fonts [CONTEXT service_id=132 ]
10-31 00:24:13.622 12030 12030 W ResourceType: Failure getting entry for 0x7f010888 (t=0 e=2184) (error -75)
10-31 00:24:13.623  3960  4245 I FontLog : Query [name=Noto Color Emoji Compat&weight=400&besteffort=false] resolved to {Noto Color Emoji Compat, wdth 100.0, wght 400, ital 0.0, bestEffort false} [CONTEXT service_id=132 ]
10-31 00:24:13.624 12030 12030 W ResourceType: Failure getting entry for 0x7f010888 (t=0 e=2184) (error -75)
10-31 00:24:13.625 12030 12030 W ResourceType: Failure getting entry for 0x7f010888 (t=0 e=2184) (error -75)
10-31 00:24:13.627 12030 12030 I cr_TopSites: Start a new task.
10-31 00:24:13.627 12030 12090 I cr_TopSites: Serializing top sites lists finished; count: 8
10-31 00:24:13.632  3960  4245 I FontLog : Fetch {Noto Color Emoji Compat, wdth 100.0, wght 400, ital 0.0, bestEffort false} end status Status{statusCode=SUCCESS, resolution=null} [CONTEXT service_id=132 ]
10-31 00:24:13.633   556   731 D audio_hw_primary: disable_snd_device: snd_device(88: vi-feedback)
10-31 00:24:13.633   556   731 D audio_hw_primary: disable_audio_route: usecase(23) reset and update mixer path: spkr-vi-record
10-31 00:24:13.640 12030 12090 I cr_TopSites: Finished saving top sites list to file:/data/user/0/com.android.chrome/app_top_sites/top_sites
10-31 00:24:13.656   772   996 I ActivityManager: Start proc 12245:com.android.chrome:sandboxed_process2/u0i484 for webview_service com.android.chrome/org.chromium.content.app.SandboxedProcessService2
10-31 00:24:13.658  3960  3971 I FontLog : Pulling font file for id = 1501, cache size = 8 [CONTEXT service_id=132 ]
10-31 00:24:13.667 12245 12245 E /system/bin/webview_zygote32: failed to make and chown /acct/uid_99484: Permission denied
10-31 00:24:13.667 12245 12245 E Zygote  : createProcessGroup(99484, 0) failed: Permission denied
10-31 00:24:13.670   361   361 W /system/bin/hwservicemanager: getTransportFromManifest: Cannot find entry android.hardware.graphics.mapper@2.0::IMapper in either framework or device manifest, using default transport.
10-31 00:24:13.676 12100 12117 I vndksupport: sphal namespace is not configured for this process. Loading /vendor/lib/hw/gralloc.msm8992.so from the current namespace instead.
10-31 00:24:13.683 12257 12257 E /system/bin/webview_zygote32: failed to make and chown /acct/uid_99485: Permission denied
10-31 00:24:13.683 12257 12257 E Zygote  : createProcessGroup(99485, 0) failed: Permission denied
10-31 00:24:13.686 12245 12245 I SamplingProfilerIntegration: Profiling disabled.
10-31 00:24:13.687   772  4539 I ActivityManager: Start proc 12257:com.android.chrome:sandboxed_process3/u0i485 for webview_service com.android.chrome/org.chromium.content.app.SandboxedProcessService3
10-31 00:24:13.699 12270 12270 E /system/bin/webview_zygote32: failed to make and chown /acct/uid_99486: Permission denied
10-31 00:24:13.700 12270 12270 E Zygote  : createProcessGroup(99486, 0) failed: Permission denied
10-31 00:24:13.701   772 13071 I ActivityManager: Start proc 12270:com.android.chrome:sandboxed_process4/u0i486 for webview_service com.android.chrome/org.chromium.content.app.SandboxedProcessService4
10-31 00:24:13.707  3960  4217 I FontLog : Received query name=Google Sans&weight=400&besteffort=false, URI content://com.google.android.gms.fonts [CONTEXT service_id=132 ]
10-31 00:24:13.708  3960  4217 I FontLog : Query [name=Google Sans&weight=400&besteffort=false] resolved to {Google Sans, wdth 100.0, wght 400, ital 0.0, bestEffort false} [CONTEXT service_id=132 ]
10-31 00:24:13.711  3960  4217 I FontLog : Font PFD returned from cache for {Google Sans, wdth 100.0, wght 400, ital 0.0, bestEffort false} [CONTEXT service_id=132 ]
10-31 00:24:13.711  3960  4217 I FontLog : Fetch {Google Sans, wdth 100.0, wght 400, ital 0.0, bestEffort false} end status Status{statusCode=SUCCESS, resolution=null} [CONTEXT service_id=132 ]
10-31 00:24:13.716 12257 12257 I SamplingProfilerIntegration: Profiling disabled.
10-31 00:24:13.718 12283 12283 E asset   : setgid: Operation not permitted
10-31 00:24:13.723 12286 12286 E /system/bin/webview_zygote32: failed to make and chown /acct/uid_99487: Permission denied
10-31 00:24:13.723 12286 12286 E Zygote  : createProcessGroup(99487, 0) failed: Permission denied
10-31 00:24:13.723 12270 12270 I SamplingProfilerIntegration: Profiling disabled.
10-31 00:24:13.726 12030 12030 I cr_tabmodel: Appending tabs being restored to metadata lists, 0, startingNormalCount: 1, startingIncognitoCount: 0
10-31 00:24:13.726 12030 12030 I cr_tabmodel: Serializing tab lists; counts: 1, 0
10-31 00:24:13.729   772   996 I ActivityManager: Start proc 12286:com.android.chrome:sandboxed_process5/u0i487 for webview_service com.android.chrome/org.chromium.content.app.SandboxedProcessService5
10-31 00:24:13.740 12286 12286 I SamplingProfilerIntegration: Profiling disabled.
10-31 00:24:13.752 12300 12300 E asset   : setgid: Operation not permitted
10-31 00:24:13.753 12299 12299 E /system/bin/webview_zygote32: failed to make and chown /acct/uid_99488: Permission denied
10-31 00:24:13.753 12299 12299 E Zygote  : createProcessGroup(99488, 0) failed: Permission denied
10-31 00:24:13.754 12301 12301 E asset   : setgid: Operation not permitted
10-31 00:24:13.765   772 10893 I ActivityManager: Start proc 12299:com.android.chrome:sandboxed_process6/u0i488 for webview_service com.android.chrome/org.chromium.content.app.SandboxedProcessService6
10-31 00:24:13.766 12245 12245 I cr_SplitCompatApp: Launched version=106.0.5249.79 minSdkVersion=24 isBundle=true processName=com.android.chrome:sandboxed_process2 isIsolated=true
10-31 00:24:13.768 12299 12299 I SamplingProfilerIntegration: Profiling disabled.
10-31 00:24:13.771  3960  3971 I FontLog : Pulling font file for id = 1502, cache size = 9 [CONTEXT service_id=132 ]
10-31 00:24:13.773 12245 12245 W SystemServiceRegistry: No service published for: uimode
10-31 00:24:13.778 12030 12030 W ResourceType: Failure getting entry for 0x7f010216 (t=0 e=534) (error -75)
10-31 00:24:13.782 12030 12030 W ResourceType: Failure getting entry for 0x7f0107c9 (t=0 e=1993) (error -75)
10-31 00:24:13.783 12245 12245 I cr_ChildProcessService: Creating new ChildProcessService pid=12245
10-31 00:24:13.788 12316 12316 E asset   : setgid: Operation not permitted
10-31 00:24:13.791 12318 12318 E asset   : setgid: Operation not permitted
10-31 00:24:13.792   772 13071 I ActivityManager: Start proc 12319:com.android.chrome:sandboxed_process7/u0i489 for webview_service com.android.chrome/org.chromium.content.app.SandboxedProcessService7
10-31 00:24:13.794  3960  4244 I FontLog : Received query name=Google Sans&weight=500&besteffort=false, URI content://com.google.android.gms.fonts [CONTEXT service_id=132 ]
10-31 00:24:13.795  3960  4244 I FontLog : Query [name=Google Sans&weight=500&besteffort=false] resolved to {Google Sans, wdth 100.0, wght 500, ital 0.0, bestEffort false} [CONTEXT service_id=132 ]
10-31 00:24:13.797  3960  4244 I FontLog : Font PFD returned from cache for {Google Sans, wdth 100.0, wght 500, ital 0.0, bestEffort false} [CONTEXT service_id=132 ]
10-31 00:24:13.798  3960  4244 I FontLog : Fetch {Google Sans, wdth 100.0, wght 500, ital 0.0, bestEffort false} end status Status{statusCode=SUCCESS, resolution=null} [CONTEXT service_id=132 ]
10-31 00:24:13.800 12319 12319 E /system/bin/webview_zygote32: failed to make and chown /acct/uid_99489: Permission denied
10-31 00:24:13.800 12319 12319 E Zygote  : createProcessGroup(99489, 0) failed: Permission denied
10-31 00:24:13.800 12245 12245 E WebViewFactory: can't load with relro file; address space not reserved
10-31 00:24:13.801 12270 12270 I cr_SplitCompatApp: Launched version=106.0.5249.79 minSdkVersion=24 isBundle=true processName=com.android.chrome:sandboxed_process4 isIsolated=true
10-31 00:24:13.806 12030 12030 W ResourceType: Failure getting entry for 0x7f010827 (t=0 e=2087) (error -75)
10-31 00:24:13.808 12270 12270 W SystemServiceRegistry: No service published for: uimode
10-31 00:24:13.811 12257 12257 I cr_SplitCompatApp: Launched version=106.0.5249.79 minSdkVersion=24 isBundle=true processName=com.android.chrome:sandboxed_process3 isIsolated=true
10-31 00:24:13.813   772 13022 I ActivityManager: Start proc 12327:com.android.chrome:sandboxed_process8/u0i490 for webview_service com.android.chrome/org.chromium.content.app.SandboxedProcessService8
10-31 00:24:13.814 12270 12270 I cr_ChildProcessService: Creating new ChildProcessService pid=12270
10-31 00:24:13.816  3960  3971 I FontLog : Pulling font file for id = 1503, cache size = 10 [CONTEXT service_id=132 ]
10-31 00:24:13.820 12257 12257 W SystemServiceRegistry: No service published for: uimode
10-31 00:24:13.821 12327 12327 E /system/bin/webview_zygote32: failed to make and chown /acct/uid_99490: Permission denied
10-31 00:24:13.821 12327 12327 E Zygote  : createProcessGroup(99490, 0) failed: Permission denied
10-31 00:24:13.823 12030 12030 I cr_OfflineIndicator: onConnectionTypeChanged 2
10-31 00:24:13.823 12030 12030 I cr_OfflineIndicator: Reported by system: [ Transports: WIFI Capabilities: NOT_METERED&INTERNET&NOT_RESTRICTED&TRUSTED&NOT_VPN&VALIDATED&FOREGROUND LinkUpBandwidth>=1048576Kbps LinkDnBandwidth>=1048576Kbps SignalStrength: -56]
10-31 00:24:13.823 12030 12030 I cr_OfflineIndicator: setConnectionState connectionState=4
10-31 00:24:13.823 12030 12030 I cr_OfflineDetector: Running updateState mConnectivityDetectorInitialized: true, mTimeWhenLastForegrounded: 1048307989, getElapsedTime: 1048307990, mTimeWhenLastOfflineNotificationReceived: 0, mTimeWhenLastOnline: 1048307990, mApplicationState: 1, mIsOfflineLastReportedByConnectivityDetector: false, mIsEffectivelyOffline: false
10-31 00:24:13.823 12030 12030 I cr_OfflineDetector: updateState(): timeSinceLastForeground: 1, timeSinceOfflineNotificationReceived: 1048307990, timeSinceLastOnline: 0, timeNeededForForeground: 1999, timeNeededForOffline: -1048305990
10-31 00:24:13.824 12030 12030 I cr_OfflineIndicator: processConnectivityCheckResult mConnectionState=4 mConnectivityCheckingStage=1
10-31 00:24:13.826 12257 12257 I cr_ChildProcessService: Creating new ChildProcessService pid=12257
10-31 00:24:13.827 12299 12299 I cr_SplitCompatApp: Launched version=106.0.5249.79 minSdkVersion=24 isBundle=true processName=com.android.chrome:sandboxed_process6 isIsolated=true
10-31 00:24:13.835 12299 12299 W SystemServiceRegistry: No service published for: uimode
10-31 00:24:13.836 12319 12319 I SamplingProfilerIntegration: Profiling disabled.
10-31 00:24:13.838   772   785 I ActivityManager: Start proc 12346:com.android.chrome:sandboxed_process9/u0i491 for webview_service com.android.chrome/org.chromium.content.app.SandboxedProcessService9
10-31 00:24:13.841 12346 12346 E /system/bin/webview_zygote32: failed to make and chown /acct/uid_99491: Permission denied
10-31 00:24:13.841 12346 12346 E Zygote  : createProcessGroup(99491, 0) failed: Permission denied
10-31 00:24:13.844 12299 12299 I cr_ChildProcessService: Creating new ChildProcessService pid=12299
10-31 00:24:13.848 12286 12286 I cr_SplitCompatApp: Launched version=106.0.5249.79 minSdkVersion=24 isBundle=true processName=com.android.chrome:sandboxed_process5 isIsolated=true
10-31 00:24:13.856 12245 12315 I cr_LibraryLoader: Successfully loaded native library
10-31 00:24:13.856 12270 12270 E WebViewFactory: can't load with relro file; address space not reserved
10-31 00:24:13.856 12257 12257 E WebViewFactory: can't load with relro file; address space not reserved
10-31 00:24:13.858 12358 12358 E asset   : setgid: Operation not permitted
10-31 00:24:13.859 12327 12327 I SamplingProfilerIntegration: Profiling disabled.
10-31 00:24:13.861 12245 12315 I cr_CachingUmaRecorder: Flushed 3 samples from 3 histograms.
10-31 00:24:13.863 12270 12332 I cr_LibraryLoader: Successfully loaded native library
10-31 00:24:13.863 12299 12299 E WebViewFactory: can't load with relro file; address space not reserved
10-31 00:24:13.863 12270 12332 I cr_CachingUmaRecorder: Flushed 3 samples from 3 histograms.
10-31 00:24:13.865 12286 12286 W SystemServiceRegistry: No service published for: uimode
10-31 00:24:13.870 12346 12346 I SamplingProfilerIntegration: Profiling disabled.
10-31 00:24:13.872 12257 12340 I cr_LibraryLoader: Successfully loaded native library
10-31 00:24:13.874 12257 12340 I cr_CachingUmaRecorder: Flushed 3 samples from 3 histograms.
10-31 00:24:13.875 12299 12353 I cr_LibraryLoader: Successfully loaded native library
10-31 00:24:13.875 12286 12286 I cr_ChildProcessService: Creating new ChildProcessService pid=12286
10-31 00:24:13.875 12299 12353 I cr_CachingUmaRecorder: Flushed 3 samples from 3 histograms.
10-31 00:24:13.894 12389 12389 E asset   : setgid: Operation not permitted
10-31 00:24:13.895 12286 12286 E WebViewFactory: can't load with relro file; address space not reserved
10-31 00:24:13.900 12030 12030 W ResourceType: Failure getting entry for 0x7f010415 (t=0 e=1045) (error -75)
10-31 00:24:13.903 12286 12369 I cr_LibraryLoader: Successfully loaded native library
10-31 00:24:13.904 12286 12369 I cr_CachingUmaRecorder: Flushed 3 samples from 3 histograms.
10-31 00:24:13.908 12392 12392 E asset   : setgid: Operation not permitted
10-31 00:24:13.929 12319 12319 I cr_SplitCompatApp: Launched version=106.0.5249.79 minSdkVersion=24 isBundle=true processName=com.android.chrome:sandboxed_process7 isIsolated=true
10-31 00:24:13.934 12270 12332 I chromium: [INFO:child_process_service.cc(69)] ChildProcessService: Exiting child process.
10-31 00:24:13.936   422   422 E lowmemorykiller: Error writing /proc/12270/oom_score_adj; errno=22
10-31 00:24:13.936 12257 12340 I chromium: [INFO:child_process_service.cc(69)] ChildProcessService: Exiting child process.
10-31 00:24:13.936   772  1324 I ActivityManager: Killing 12270:com.android.chrome:sandboxed_process4/u0a60i486 (adj 0): isolated not needed
10-31 00:24:13.938   772   790 W zygote64: failed to open /acct/uid_99486/pid_12270/cgroup.procs: No such file or directory
10-31 00:24:13.940 12327 12327 I cr_SplitCompatApp: Launched version=106.0.5249.79 minSdkVersion=24 isBundle=true processName=com.android.chrome:sandboxed_process8 isIsolated=true
10-31 00:24:13.940   422   422 E lowmemorykiller: Error writing /proc/12257/oom_score_adj; errno=22
10-31 00:24:13.941   772 10860 I ActivityManager: Killing 12257:com.android.chrome:sandboxed_process3/u0a60i485 (adj 0): isolated not needed
10-31 00:24:13.943   772   790 W zygote64: failed to open /acct/uid_99485/pid_12257/cgroup.procs: No such file or directory
10-31 00:24:13.946 12319 12319 W SystemServiceRegistry: No service published for: uimode
10-31 00:24:13.948 12299 12353 I chromium: [INFO:child_process_service.cc(69)] ChildProcessService: Exiting child process.
10-31 00:24:13.948   772 13021 I ActivityManager: Killing 12299:com.android.chrome:sandboxed_process6/u0a60i488 (adj 0): isolated not needed
10-31 00:24:13.950 12346 12346 I cr_SplitCompatApp: Launched version=106.0.5249.79 minSdkVersion=24 isBundle=true processName=com.android.chrome:sandboxed_process9 isIsolated=true
10-31 00:24:13.952 12327 12327 W SystemServiceRegistry: No service published for: uimode
10-31 00:24:13.954 12245 12315 I chromium: [INFO:child_process_service.cc(69)] ChildProcessService: Exiting child process.
10-31 00:24:13.955   772   790 W zygote64: failed to open /acct/uid_99488/pid_12299/cgroup.procs: No such file or directory
10-31 00:24:13.959   422   422 E lowmemorykiller: Error writing /proc/12245/oom_score_adj; errno=22
10-31 00:24:13.960   772 13071 I ActivityManager: Killing 12245:com.android.chrome:sandboxed_process2/u0a60i484 (adj 0): isolated not needed
10-31 00:24:13.961 12346 12346 W SystemServiceRegistry: No service published for: uimode
10-31 00:24:13.962 12319 12319 I cr_ChildProcessService: Creating new ChildProcessService pid=12319
10-31 00:24:13.965 12286 12369 I chromium: [INFO:child_process_service.cc(69)] ChildProcessService: Exiting child process.
10-31 00:24:13.967   772   790 W zygote64: failed to open /acct/uid_99484/pid_12245/cgroup.procs: No such file or directory
10-31 00:24:13.976 12346 12346 I cr_ChildProcessService: Creating new ChildProcessService pid=12346
10-31 00:24:13.979 12402 12402 E /system/bin/webview_zygote32: failed to make and chown /acct/uid_99492: Permission denied
10-31 00:24:13.979 12402 12402 E Zygote  : createProcessGroup(99492, 0) failed: Permission denied
10-31 00:24:13.980 12327 12327 I cr_ChildProcessService: Creating new ChildProcessService pid=12327
10-31 00:24:13.986   772   996 I ActivityManager: Start proc 12402:com.android.chrome:sandboxed_process10/u0i492 for webview_service com.android.chrome/org.chromium.content.app.SandboxedProcessService10
10-31 00:24:13.989 12030 12030 W chromium: [WARNING:compositor_view.cc(342)] Child process died (type=6) pid=12270)
10-31 00:24:13.990 12030 12030 W chromium: [WARNING:compositor_view.cc(342)] Child process died (type=6) pid=12245)
10-31 00:24:13.990 12030 12030 W chromium: [WARNING:compositor_view.cc(342)] Child process died (type=6) pid=12257)
10-31 00:24:13.991 12030 12030 W chromium: [WARNING:compositor_view.cc(342)] Child process died (type=6) pid=12299)
10-31 00:24:14.023 12030 12030 W chromium: [WARNING:compositor_view.cc(342)] Child process died (type=6) pid=12286)
10-31 00:24:14.028 12402 12402 I SamplingProfilerIntegration: Profiling disabled.
10-31 00:24:14.034 12319 12319 E WebViewFactory: can't load with relro file; address space not reserved
10-31 00:24:14.040   772  4539 I ActivityManager: Process com.android.chrome:sandboxed_process5 (pid 12286) has died: vis  TOP 
10-31 00:24:14.040   772  4539 W ActivityManager: Scheduling restart of crashed service com.android.chrome/org.chromium.content.app.SandboxedProcessService5 in 1000ms
10-31 00:24:14.041   772   790 W zygote64: failed to open /acct/uid_99487/pid_12286/cgroup.procs: No such file or directory
10-31 00:24:14.045 12327 12327 E WebViewFactory: can't load with relro file; address space not reserved
10-31 00:24:14.079 12346 12346 E WebViewFactory: can't load with relro file; address space not reserved
10-31 00:24:14.085 12417 12417 E asset   : setgid: Operation not permitted
10-31 00:24:14.090 12319 12400 I cr_LibraryLoader: Successfully loaded native library
10-31 00:24:14.091 12319 12400 I cr_CachingUmaRecorder: Flushed 3 samples from 3 histograms.
10-31 00:24:14.097 12327 12405 I cr_LibraryLoader: Successfully loaded native library
10-31 00:24:14.099 12327 12405 I cr_CachingUmaRecorder: Flushed 3 samples from 3 histograms.
10-31 00:24:14.106 12346 12401 I cr_LibraryLoader: Successfully loaded native library
10-31 00:24:14.107 12346 12401 I cr_CachingUmaRecorder: Flushed 3 samples from 3 histograms.
10-31 00:24:14.115 12030 12030 W ResourceType: Failure getting entry for 0x7f0100f9 (t=0 e=249) (error -75)
10-31 00:24:14.118 12030 12030 W ResourceType: Failure getting entry for 0x7f010828 (t=0 e=2088) (error -75)
10-31 00:24:14.120 12402 12402 I cr_SplitCompatApp: Launched version=106.0.5249.79 minSdkVersion=24 isBundle=true processName=com.android.chrome:sandboxed_process10 isIsolated=true
10-31 00:24:14.128 12402 12402 W SystemServiceRegistry: No service published for: uimode
