10-31 00:24:17.799   422   422 E lowmemorykiller: Error writing /proc/12870/oom_score_adj; errno=22
10-31 00:24:17.800   772 10860 I ActivityManager: Killing 12870:com.android.chrome:sandboxed_process28/u0a60i510 (adj 0): isolated not needed
10-31 00:24:17.801   772   790 W zygote64: failed to open /acct/uid_99510/pid_12870/cgroup.procs: No such file or directory
10-31 00:24:17.812 12030 12030 W chromium: [WARNING:compositor_view.cc(342)] Child process died (type=6) pid=12870)
10-31 00:24:17.906 12030 12030 W chromium: [WARNING:controller_impl.cc(1190)] Background download complete, client: 6, completion type: 0, file size:9419
10-31 00:24:17.940 12898 12898 E /system/bin/webview_zygote32: failed to make and chown /acct/uid_99511: Permission denied
10-31 00:24:17.940 12898 12898 E Zygote  : createProcessGroup(99511, 0) failed: Permission denied
10-31 00:24:17.952   772   785 I ActivityManager: Start proc 12898:com.android.chrome:sandboxed_process29/u0i511 for webview_service com.android.chrome/org.chromium.content.app.SandboxedProcessService29
10-31 00:24:17.962 12898 12898 I SamplingProfilerIntegration: Profiling disabled.
10-31 00:24:17.984 12911 12911 E asset   : setgid: Operation not permitted
10-31 00:24:18.044 12898 12898 I cr_SplitCompatApp: Launched version=106.0.5249.79 minSdkVersion=24 isBundle=true processName=com.android.chrome:sandboxed_process29 isIsolated=true
10-31 00:24:18.058 12898 12898 W SystemServiceRegistry: No service published for: uimode
10-31 00:24:18.077 12898 12898 I cr_ChildProcessService: Creating new ChildProcessService pid=12898
10-31 00:24:18.086 12898 12898 E WebViewFactory: can't load with relro file; address space not reserved
10-31 00:24:18.105 12898 12915 I cr_LibraryLoader: Successfully loaded native library
10-31 00:24:18.106 12898 12915 I cr_CachingUmaRecorder: Flushed 3 samples from 3 histograms.
10-31 00:24:18.147 12918 12918 W ThreadPoolForeg: type=1400 audit(0.0:12301): avc: denied { setattr } for name="model-info.pb" dev="dm-2" ino=1504946 scontext=u:r:isolated_app:s0:c512,c768 tcontext=u:object_r:app_data_file:s0:c512,c768 tclass=file permissive=0
10-31 00:24:18.150 12918 12918 W ThreadPoolForeg: type=1400 audit(0.0:12302): avc: denied { setattr } for name="model.tflite" dev="dm-2" ino=1504947 scontext=u:r:isolated_app:s0:c512,c768 tcontext=u:object_r:app_data_file:s0:c512,c768 tclass=file permissive=0
10-31 00:24:18.167 12898 12915 I chromium: [INFO:child_process_service.cc(69)] ChildProcessService: Exiting child process.
10-31 00:24:18.177   422   422 E lowmemorykiller: Error writing /proc/12898/oom_score_adj; errno=22
10-31 00:24:18.178   772   996 I ActivityManager: Killing 12898:com.android.chrome:sandboxed_process29/u0a60i511 (adj 0): isolated not needed
10-31 00:24:18.178   772   790 W zygote64: failed to open /acct/uid_99511/pid_12898/cgroup.procs: No such file or directory
10-31 00:24:18.199 12030 12030 W chromium: [WARNING:compositor_view.cc(342)] Child process died (type=6) pid=12898)
10-31 00:24:18.263 13542 13542 D BoundBrokerSvc: onBind: Intent { act=com.google.android.gms.common.BIND_SHARED_PREFS pkg=com.google.android.gms }
10-31 00:24:18.263 13542 13542 D BoundBrokerSvc: Loading bound service for intent: Intent { act=com.google.android.gms.common.BIND_SHARED_PREFS pkg=com.google.android.gms }
10-31 00:24:18.267 13542 13674 I Icing   : IndexChimeraService.getServiceInterface callingPackage=com.google.android.gms componentName=null serviceId=30
10-31 00:24:18.276 13542 13542 D BoundBrokerSvc: onUnbind: Intent { act=com.google.android.gms.common.BIND_SHARED_PREFS pkg=com.google.android.gms }
10-31 00:24:18.290 13542 13645 I GmsCoreXrpcWrapper: Returning a channel provider with trafficStatsTag=12803 trafficStatsUid=-1
10-31 00:24:18.434 13542 13645 I Icing   : Usage reports ok 2, Failed Usage reports 0, indexed 1, rejected 0
10-31 00:24:19.078 12030 12096 I cr_omaha: OmahaBase::generateAndPostRequest(): Sending request to Omaha:
10-31 00:24:19.078 12030 12096 I cr_omaha: <?xml version='1.0' encoding='UTF-8' standalone='yes' ?><request protocol="3.0" updater="Android" updaterversion="106.0.5249.79" updaterchannel="chrome" ismachine="1" requestid="{3e6169cc-6621-41d1-9ae0-fe201f9d2186}" sessionid="{b3fb67f6-723b-45fe-ad01-b1e8d4dae1f8}" installsource="system_image" dedup="cr"><os platform="android" version="8.0.0" arch="arm" /><app brand="" client="ms-android-google" appid="{387E11AD-7109-45F6-83CF-CAA241ADC9DF}" version="106.0.5249.79" nextversion="" lang="en-US" installage="-1" ap="chrome;google;nexus 5x"><event eventtype="2" eventresult="1" /></app></request>
10-31 00:24:19.234 12030 12096 I cr_omaha: OmahaBase::generateAndPostRequest(): Received response from Omaha:
10-31 00:24:19.234 12030 12096 I cr_omaha: <?xml version="1.0" encoding="UTF-8"?><response protocol="3.0" server="prod"><daystart elapsed_days="5781" elapsed_seconds="59057"/><app appid="{387E11AD-7109-45F6-83CF-CAA241ADC9DF}" status="ok"><event status="ok"/></app></response>
10-31 00:24:19.238 12030 12096 I cr_omaha: Request to Server Successful. Timestamp for next request:1667175859238
10-31 00:24:19.248 12030 12096 I cr_omaha: OmahaBase::generateAndPostRequest(): Sending request to Omaha:
10-31 00:24:19.248 12030 12096 I cr_omaha: <?xml version='1.0' encoding='UTF-8' standalone='yes' ?><request protocol="3.0" updater="Android" updaterversion="106.0.5249.79" updaterchannel="chrome" ismachine="1" requestid="{31a5884a-4973-4724-87eb-dbd8b152c1da}" sessionid="{b3fb67f6-723b-45fe-ad01-b1e8d4dae1f8}" installsource="system_image" dedup="cr"><os platform="android" version="8.0.0" arch="arm" /><app brand="" client="ms-android-google" appid="{387E11AD-7109-45F6-83CF-CAA241ADC9DF}" version="106.0.5249.79" nextversion="" lang="en-US" installage="0" ap="chrome;google;nexus 5x"><updatecheck /><ping active="1" ad="5781" rd="5781" /></app></request>
10-31 00:24:19.299 12030 12096 I cr_omaha: OmahaBase::generateAndPostRequest(): Received response from Omaha:
10-31 00:24:19.299 12030 12096 I cr_omaha: <?xml version="1.0" encoding="UTF-8"?><response protocol="3.0" server="prod"><daystart elapsed_days="5781" elapsed_seconds="59057"/><app appid="{387E11AD-7109-45F6-83CF-CAA241ADC9DF}" cohort="1:hyx:" cohortname="Stable Chrome" status="ok"><updatecheck status="noupdate"/><ping status="ok"/></app></response>
10-31 00:24:19.301 12030 12096 I cr_omaha: Request to Server Successful. Timestamp for next request:1667175859301
10-31 00:24:19.301 12030 12096 I cr_omaha: Attempting to schedule next job for: Mon Oct 31 05:24:19 GMT+01:00 2022
10-31 00:24:19.303 12030 12030 I cr_omaha: Scheduled using JobService
10-31 00:24:19.304 12030 12030 E cr_BkgrdTaskJS: Tried finishing non-current BackgroundTask.
10-31 00:24:20.236   551   618 I ThermalEngine: ACTION: LCD - Setting max LCD brightness to 232
10-31 00:24:22.561 12030 12030 I cr_tabmodel: Appending tabs being restored to metadata lists, 0, startingNormalCount: 2, startingIncognitoCount: 0
10-31 00:24:22.561 12030 12030 I cr_tabmodel: Serializing tab lists; counts: 2, 0
10-31 00:24:24.525 12030 12030 E cr_BTSPrefs: No data found for task id: 56
10-31 00:24:24.526 12030 12030 E cr_BkgrdTaskScheduler: Task cannot be canceled because no data was found instorage or data was invalid
10-31 00:24:28.026   551   618 I ThermalEngine: ACTION: BATTERY - Setting battery charging mitigation to 3
10-31 00:24:28.642 12030 12030 W ResourceType: Failure getting entry for 0x7f010888 (t=0 e=2184) (error -75)
10-31 00:24:28.679 12030 12030 I chatty  : uid=10060(u0_a60) identical 7 lines
10-31 00:24:28.683 12030 12030 W ResourceType: Failure getting entry for 0x7f010888 (t=0 e=2184) (error -75)
10-31 00:24:28.687 12030 12030 I cr_TopSites: Start a new task.
10-31 00:24:28.688 12030 12097 I cr_TopSites: Serializing top sites lists finished; count: 9
10-31 00:24:28.694 12030 12097 I cr_TopSites: Finished saving top sites list to file:/data/user/0/com.android.chrome/app_top_sites/top_sites
10-31 00:24:48.037   551   618 I ThermalEngine: ACTION: BATTERY - Setting battery charging mitigation to 0
10-31 00:24:59.327   551   618 I ThermalEngine: ACTION: LCD - Setting max LCD brightness to 255
10-31 00:25:00.478   772   791 E BatteryStatsService: no controller energy info supplied
10-31 00:25:06.188 12030 12030 I cr_media: Create MediaDrmBridge with level L3 and origin A8A0F3FABBE19D9E80339B8777AD4E3A
10-31 00:25:06.191   361   361 W /system/bin/hwservicemanager: getTransportFromManifest: Cannot find entry android.hardware.drm@1.0::IDrmFactory in either framework or device manifest, using default transport.
10-31 00:25:06.222   562  5487 I DrmHal  : makeDrmFactories: using default drm instance
10-31 00:25:06.230   361   361 W /system/bin/hwservicemanager: getTransportFromManifest: Cannot find entry android.hardware.drm@1.0::IDrmFactory in either framework or device manifest, using default transport.
10-31 00:25:06.286   562   644 I DrmHal  : makeDrmFactories: using default drm instance
10-31 00:25:06.286   562 19051 D WVCdm   : Instantiating CDM.
10-31 00:25:06.289   562   644 I WVCdm   : CdmEngine::QueryStatus
10-31 00:25:06.290   562   644 I WVCdm   : Level3 Library 4445 May 19 2017 17:17:20
10-31 00:25:06.295   562   644 D QSEECOMAPI: : QSEECom_get_handle sb_length = 0x19000
10-31 00:25:06.295   562   644 D QSEECOMAPI: : App is not loaded in QSEE
10-31 00:25:06.344   562   644 D QSEECOMAPI: : Loaded image: APP id = 1670
10-31 00:25:06.346   562   644 D QSAPPSVER: qsapps_get_capabilities: Capability from secure side: 0x0
10-31 00:25:06.346   562   644 D QSAPPSVER: qsapps_get_capabilities: returns 0
10-31 00:25:06.346   562   644 E DrmWidevineDash: sion_buffer g_wv_fhandle->ion_sbuffer  0x0xefaf3000
10-31 00:25:06.350   372   376 D DrmLibTime: got the req here! ret=0
10-31 00:25:06.350   372   376 D DrmLibTime: command id, time_cmd_id = 770
10-31 00:25:06.350   372   376 D DrmLibTime: time_getutcsec starts!
10-31 00:25:06.350   372   376 D DrmLibTime: QSEE Time Listener: time_getutcsec
10-31 00:25:06.350   372   376 D DrmLibTime: QSEE Time Listener: get_utc_seconds
10-31 00:25:06.350   372   376 D DrmLibTime: QSEE Time Listener: time_get_modem_time
10-31 00:25:06.350   372   376 D DrmLibTime: QSEE Time Listener: Checking if ATS_MODEM is set or not.
10-31 00:25:06.350   372   376 D QC-time-services: Lib:time_genoff_operation: pargs->base = 13
10-31 00:25:06.350   372   376 D QC-time-services: Lib:time_genoff_operation: pargs->operation = 2
10-31 00:25:06.350   372   376 D QC-time-services: Lib:time_genoff_operation: pargs->ts_val = 0
10-31 00:25:06.350   372   376 D QC-time-services: Lib:time_genoff_operation: Send to server  passed!!
10-31 00:25:06.351   625   647 D QC-time-services: Daemon: Connection accepted:time_genoff
10-31 00:25:06.351   625 12939 D QC-time-services: Daemon:Received base = 13, unit = 1, operation = 2,value = 0
10-31 00:25:06.351   625 12939 D QC-time-services: Daemon:genoff_opr: Base = 13, val = 0, operation = 2
10-31 00:25:06.351   625 12939 D QC-time-services: offset is: 0 for base: 13
10-31 00:25:06.351   372   376 E QC-time-services: Receive Passed == base = 13, unit = 1, operation = 2, result = 0
10-31 00:25:06.351   372   376 D DrmLibTime: QSEE Time Listener: ATS_MODEM is not set. Fallback to Android system time.
10-31 00:25:06.351   372   376 D DrmLibTime: QSEE Time Listener: Retrieved Android system time: 1667172306
10-31 00:25:06.351   372   376 D DrmLibTime: time_getutcsec returns 0, sec = 1667172306; nsec = 0
10-31 00:25:06.351   372   376 D DrmLibTime: time_getutcsec finished! 
10-31 00:25:06.351   372   376 D DrmLibTime: iotcl_continue_command finished! and return 0 
10-31 00:25:06.351   372   376 D DrmLibTime: before calling ioctl to read the next time_cmd
10-31 00:25:06.352   625   647 E QC-time-services: Daemon: Time-services: Waiting to acceptconnection
10-31 00:25:06.361  3960 10241 I LockboxService: Completed task: true [CONTEXT service_id=26 ]
10-31 00:25:06.384   562   644 D WVCdm   : OEMCrypto_Initialize Level 1 success. I will use level 1.
10-31 00:25:06.385   562   644 D QSEECOMAPI: : QSEECom_dealloc_memory 
10-31 00:25:06.385   562   644 D QSEECOMAPI: : QSEECom_shutdown_app, app_id = 1670
10-31 00:25:06.392   562 28303 I WVCdm   : CdmEngine::OpenSession
10-31 00:25:06.393   562 28303 I WVCdm   : Level3 Library 4445 May 19 2017 17:17:20
10-31 00:25:06.396   562 28303 D QSEECOMAPI: : QSEECom_get_handle sb_length = 0x19000
10-31 00:25:06.396   562 28303 D QSEECOMAPI: : App is not loaded in QSEE
10-31 00:25:06.439   562 28303 D QSEECOMAPI: : Loaded image: APP id = 1671
10-31 00:25:06.441   562 28303 D QSAPPSVER: qsapps_get_capabilities: Capability from secure side: 0x0
10-31 00:25:06.441   562 28303 D QSAPPSVER: qsapps_get_capabilities: returns 0
10-31 00:25:06.441   562 28303 E DrmWidevineDash: sion_buffer g_wv_fhandle->ion_sbuffer  0x0xefaf3000
10-31 00:25:06.444   372   376 D DrmLibTime: got the req here! ret=0
10-31 00:25:06.444   372   376 D DrmLibTime: command id, time_cmd_id = 770
10-31 00:25:06.444   372   376 D DrmLibTime: time_getutcsec starts!
10-31 00:25:06.444   372   376 D DrmLibTime: QSEE Time Listener: time_getutcsec
10-31 00:25:06.444   372   376 D DrmLibTime: QSEE Time Listener: get_utc_seconds
10-31 00:25:06.444   372   376 D DrmLibTime: QSEE Time Listener: time_get_modem_time
10-31 00:25:06.444   372   376 D DrmLibTime: QSEE Time Listener: Checking if ATS_MODEM is set or not.
10-31 00:25:06.444   372   376 D QC-time-services: Lib:time_genoff_operation: pargs->base = 13
10-31 00:25:06.444   372   376 D QC-time-services: Lib:time_genoff_operation: pargs->operation = 2
10-31 00:25:06.444   372   376 D QC-time-services: Lib:time_genoff_operation: pargs->ts_val = 0
10-31 00:25:06.445   372   376 D QC-time-services: Lib:time_genoff_operation: Send to server  passed!!
10-31 00:25:06.445   625   647 D QC-time-services: Daemon: Connection accepted:time_genoff
10-31 00:25:06.445   625 12940 D QC-time-services: Daemon:Received base = 13, unit = 1, operation = 2,value = 0
10-31 00:25:06.445   625 12940 D QC-time-services: Daemon:genoff_opr: Base = 13, val = 0, operation = 2
10-31 00:25:06.445   625 12940 D QC-time-services: offset is: 0 for base: 13
10-31 00:25:06.445   372   376 E QC-time-services: Receive Passed == base = 13, unit = 1, operation = 2, result = 0
10-31 00:25:06.445   372   376 D DrmLibTime: QSEE Time Listener: ATS_MODEM is not set. Fallback to Android system time.
10-31 00:25:06.445   372   376 D DrmLibTime: QSEE Time Listener: Retrieved Android system time: 1667172306
10-31 00:25:06.445   372   376 D DrmLibTime: time_getutcsec returns 0, sec = 1667172306; nsec = 0
10-31 00:25:06.445   372   376 D DrmLibTime: time_getutcsec finished! 
10-31 00:25:06.445   372   376 D DrmLibTime: iotcl_continue_command finished! and return 0 
10-31 00:25:06.445   372   376 D DrmLibTime: before calling ioctl to read the next time_cmd
10-31 00:25:06.445   625   647 E QC-time-services: Daemon: Time-services: Waiting to acceptconnection
10-31 00:25:06.468   562 28303 D WVCdm   : OEMCrypto_Initialize Level 1 success. I will use level 1.
10-31 00:25:06.468   562 28303 D WVCdm   : CryptoSession::Open: Lock: requested_security_level: L3
10-31 00:25:06.473   562 28303 W WVCdm   : DeviceFiles::RetrieveHashedFile: /data/mediadrm/IDM1013/L3/cert.bin does not exist
10-31 00:25:06.474   562 28303 D QSEECOMAPI: : QSEECom_dealloc_memory 
10-31 00:25:06.474   562 28303 D QSEECOMAPI: : QSEECom_shutdown_app, app_id = 1671
10-31 00:25:06.482   562 19051 I WVCdm   : Level3 Library 4445 May 19 2017 17:17:20
10-31 00:25:06.485   562 19051 D QSEECOMAPI: : QSEECom_get_handle sb_length = 0x19000
10-31 00:25:06.485   562 19051 D QSEECOMAPI: : App is not loaded in QSEE
10-31 00:25:06.532   562 19051 D QSEECOMAPI: : Loaded image: APP id = 1672
10-31 00:25:06.535   562 19051 D QSAPPSVER: qsapps_get_capabilities: Capability from secure side: 0x0
10-31 00:25:06.535   562 19051 D QSAPPSVER: qsapps_get_capabilities: returns 0
10-31 00:25:06.535   562 19051 E DrmWidevineDash: sion_buffer g_wv_fhandle->ion_sbuffer  0x0xefaf3000
10-31 00:25:06.540   372   376 D DrmLibTime: got the req here! ret=0
10-31 00:25:06.540   372   376 D DrmLibTime: command id, time_cmd_id = 770
10-31 00:25:06.540   372   376 D DrmLibTime: time_getutcsec starts!
10-31 00:25:06.540   372   376 D DrmLibTime: QSEE Time Listener: time_getutcsec
10-31 00:25:06.540   372   376 D DrmLibTime: QSEE Time Listener: get_utc_seconds
10-31 00:25:06.540   372   376 D DrmLibTime: QSEE Time Listener: time_get_modem_time
10-31 00:25:06.540   372   376 D DrmLibTime: QSEE Time Listener: Checking if ATS_MODEM is set or not.
10-31 00:25:06.540   372   376 D QC-time-services: Lib:time_genoff_operation: pargs->base = 13
10-31 00:25:06.540   372   376 D QC-time-services: Lib:time_genoff_operation: pargs->operation = 2
10-31 00:25:06.540   372   376 D QC-time-services: Lib:time_genoff_operation: pargs->ts_val = 0
10-31 00:25:06.541   372   376 D QC-time-services: Lib:time_genoff_operation: Send to server  passed!!
10-31 00:25:06.541   625   647 D QC-time-services: Daemon: Connection accepted:time_genoff
10-31 00:25:06.542   625 12941 D QC-time-services: Daemon:Received base = 13, unit = 1, operation = 2,value = 0
10-31 00:25:06.542   625 12941 D QC-time-services: Daemon:genoff_opr: Base = 13, val = 0, operation = 2
10-31 00:25:06.542   625 12941 D QC-time-services: offset is: 0 for base: 13
10-31 00:25:06.542   372   376 E QC-time-services: Receive Passed == base = 13, unit = 1, operation = 2, result = 0
10-31 00:25:06.542   372   376 D DrmLibTime: QSEE Time Listener: ATS_MODEM is not set. Fallback to Android system time.
10-31 00:25:06.542   372   376 D DrmLibTime: QSEE Time Listener: Retrieved Android system time: 1667172306
10-31 00:25:06.542   372   376 D DrmLibTime: time_getutcsec returns 0, sec = 1667172306; nsec = 0
10-31 00:25:06.542   372   376 D DrmLibTime: time_getutcsec finished! 
10-31 00:25:06.542   372   376 D DrmLibTime: iotcl_continue_command finished! and return 0 
10-31 00:25:06.542   372   376 D DrmLibTime: before calling ioctl to read the next time_cmd
10-31 00:25:06.543   625   647 E QC-time-services: Daemon: Time-services: Waiting to acceptconnection
10-31 00:25:06.567   562 19051 D WVCdm   : OEMCrypto_Initialize Level 1 success. I will use level 1.
10-31 00:25:06.567   562 19051 D WVCdm   : CryptoSession::Open: Lock: requested_security_level: L3
10-31 00:25:06.576 12030 12030 I cr_media: Provisioning origin ID A8A0F3FABBE19D9E80339B8777AD4E3A
10-31 00:25:06.581 12030 12030 I MediaDrm: Drm event (1,0)
10-31 00:25:06.582 12030 12030 E cr_media: EventListener: No session for event 1.
10-31 00:25:06.596   772   791 E BatteryStatsService: no controller energy info supplied
10-31 00:25:06.895  3960  3970 I zygote64: Background concurrent copying GC freed 170587(6MB) AllocSpace objects, 3(60KB) LOS objects, 49% free, 11MB/23MB, paused 862us total 143.457ms
10-31 00:25:06.906   562  5487 D QSEECOMAPI: : QSEECom_dealloc_memory 
10-31 00:25:06.906   562  5487 D QSEECOMAPI: : QSEECom_shutdown_app, app_id = 1672
10-31 00:25:06.916 12030 12030 I cr_media: Create MediaDrmBridge with level L1 and origin A8A0F3FABBE19D9E80339B8777AD4E3A
10-31 00:25:06.917   361   361 W /system/bin/hwservicemanager: getTransportFromManifest: Cannot find entry android.hardware.drm@1.0::IDrmFactory in either framework or device manifest, using default transport.
10-31 00:25:06.920   562   562 I DrmHal  : makeDrmFactories: using default drm instance
10-31 00:25:06.923   361   361 W /system/bin/hwservicemanager: getTransportFromManifest: Cannot find entry android.hardware.drm@1.0::IDrmFactory in either framework or device manifest, using default transport.
10-31 00:25:06.925   562 19051 I DrmHal  : makeDrmFactories: using default drm instance
10-31 00:25:06.927   562   644 I WVCdm   : CdmEngine::QueryStatus
10-31 00:25:06.927   562   644 I WVCdm   : Level3 Library 4445 May 19 2017 17:17:20
10-31 00:25:06.930   562   644 D QSEECOMAPI: : QSEECom_get_handle sb_length = 0x19000
10-31 00:25:06.931   562   644 D QSEECOMAPI: : App is not loaded in QSEE
10-31 00:25:06.972   562   644 D QSEECOMAPI: : Loaded image: APP id = 1673
10-31 00:25:06.975   562   644 D QSAPPSVER: qsapps_get_capabilities: Capability from secure side: 0x0
10-31 00:25:06.975   562   644 D QSAPPSVER: qsapps_get_capabilities: returns 0
10-31 00:25:06.975   562   644 E DrmWidevineDash: sion_buffer g_wv_fhandle->ion_sbuffer  0x0xefad5000
10-31 00:25:06.978   372   376 D DrmLibTime: got the req here! ret=0
10-31 00:25:06.978   372   376 D DrmLibTime: command id, time_cmd_id = 770
10-31 00:25:06.978   372   376 D DrmLibTime: time_getutcsec starts!
10-31 00:25:06.978   372   376 D DrmLibTime: QSEE Time Listener: time_getutcsec
10-31 00:25:06.978   372   376 D DrmLibTime: QSEE Time Listener: get_utc_seconds
10-31 00:25:06.978   372   376 D DrmLibTime: QSEE Time Listener: time_get_modem_time
10-31 00:25:06.978   372   376 D DrmLibTime: QSEE Time Listener: Checking if ATS_MODEM is set or not.
10-31 00:25:06.978   372   376 D QC-time-services: Lib:time_genoff_operation: pargs->base = 13
10-31 00:25:06.978   372   376 D QC-time-services: Lib:time_genoff_operation: pargs->operation = 2
10-31 00:25:06.978   372   376 D QC-time-services: Lib:time_genoff_operation: pargs->ts_val = 0
10-31 00:25:06.979   372   376 D QC-time-services: Lib:time_genoff_operation: Send to server  passed!!
10-31 00:25:06.979   625   647 D QC-time-services: Daemon: Connection accepted:time_genoff
10-31 00:25:06.979   625 12946 D QC-time-services: Daemon:Received base = 13, unit = 1, operation = 2,value = 0
10-31 00:25:06.979   625 12946 D QC-time-services: Daemon:genoff_opr: Base = 13, val = 0, operation = 2
10-31 00:25:06.979   625 12946 D QC-time-services: offset is: 0 for base: 13
10-31 00:25:06.979   372   376 E QC-time-services: Receive Passed == base = 13, unit = 1, operation = 2, result = 0
10-31 00:25:06.979   372   376 D DrmLibTime: QSEE Time Listener: ATS_MODEM is not set. Fallback to Android system time.
10-31 00:25:06.979   372   376 D DrmLibTime: QSEE Time Listener: Retrieved Android system time: 1667172306
10-31 00:25:06.979   372   376 D DrmLibTime: time_getutcsec returns 0, sec = 1667172306; nsec = 0
10-31 00:25:06.979   372   376 D DrmLibTime: time_getutcsec finished! 
10-31 00:25:06.980   372   376 D DrmLibTime: iotcl_continue_command finished! and return 0 
10-31 00:25:06.980   372   376 D DrmLibTime: before calling ioctl to read the next time_cmd
10-31 00:25:06.980   625   647 E QC-time-services: Daemon: Time-services: Waiting to acceptconnection
10-31 00:25:07.010   562   644 D WVCdm   : OEMCrypto_Initialize Level 1 success. I will use level 1.
10-31 00:25:07.010   562   644 D QSEECOMAPI: : QSEECom_dealloc_memory 
10-31 00:25:07.010   562   644 D QSEECOMAPI: : QSEECom_shutdown_app, app_id = 1673
10-31 00:25:07.017   562   562 I WVCdm   : CdmEngine::OpenSession
10-31 00:25:07.018   562   562 I WVCdm   : Level3 Library 4445 May 19 2017 17:17:20
10-31 00:25:07.022   562   562 D QSEECOMAPI: : QSEECom_get_handle sb_length = 0x19000
10-31 00:25:07.022   562   562 D QSEECOMAPI: : App is not loaded in QSEE
10-31 00:25:07.067   562   562 D QSEECOMAPI: : Loaded image: APP id = 1674
10-31 00:25:07.070   562   562 D QSAPPSVER: qsapps_get_capabilities: Capability from secure side: 0x0
10-31 00:25:07.070   562   562 D QSAPPSVER: qsapps_get_capabilities: returns 0
10-31 00:25:07.070   562   562 E DrmWidevineDash: sion_buffer g_wv_fhandle->ion_sbuffer  0x0xefad5000
10-31 00:25:07.074   372   376 D DrmLibTime: got the req here! ret=0
10-31 00:25:07.074   372   376 D DrmLibTime: command id, time_cmd_id = 770
10-31 00:25:07.074   372   376 D DrmLibTime: time_getutcsec starts!
10-31 00:25:07.074   372   376 D DrmLibTime: QSEE Time Listener: time_getutcsec
10-31 00:25:07.074   372   376 D DrmLibTime: QSEE Time Listener: get_utc_seconds
10-31 00:25:07.074   372   376 D DrmLibTime: QSEE Time Listener: time_get_modem_time
10-31 00:25:07.074   372   376 D DrmLibTime: QSEE Time Listener: Checking if ATS_MODEM is set or not.
10-31 00:25:07.074   372   376 D QC-time-services: Lib:time_genoff_operation: pargs->base = 13
10-31 00:25:07.074   372   376 D QC-time-services: Lib:time_genoff_operation: pargs->operation = 2
10-31 00:25:07.074   372   376 D QC-time-services: Lib:time_genoff_operation: pargs->ts_val = 0
10-31 00:25:07.074   372   376 D QC-time-services: Lib:time_genoff_operation: Send to server  passed!!
10-31 00:25:07.074   625   647 D QC-time-services: Daemon: Connection accepted:time_genoff
10-31 00:25:07.075   625 12947 D QC-time-services: Daemon:Received base = 13, unit = 1, operation = 2,value = 0
10-31 00:25:07.075   625 12947 D QC-time-services: Daemon:genoff_opr: Base = 13, val = 0, operation = 2
10-31 00:25:07.075   625 12947 D QC-time-services: offset is: 0 for base: 13
10-31 00:25:07.075   372   376 E QC-time-services: Receive Passed == base = 13, unit = 1, operation = 2, result = 0
10-31 00:25:07.075   372   376 D DrmLibTime: QSEE Time Listener: ATS_MODEM is not set. Fallback to Android system time.
10-31 00:25:07.075   372   376 D DrmLibTime: QSEE Time Listener: Retrieved Android system time: 1667172307
10-31 00:25:07.075   372   376 D DrmLibTime: time_getutcsec returns 0, sec = 1667172307; nsec = 0
10-31 00:25:07.075   372   376 D DrmLibTime: time_getutcsec finished! 
10-31 00:25:07.075   372   376 D DrmLibTime: iotcl_continue_command finished! and return 0 
10-31 00:25:07.075   372   376 D DrmLibTime: before calling ioctl to read the next time_cmd
10-31 00:25:07.075   625   647 E QC-time-services: Daemon: Time-services: Waiting to acceptconnection
10-31 00:25:07.105   562   562 D WVCdm   : OEMCrypto_Initialize Level 1 success. I will use level 1.
10-31 00:25:07.105   562   562 D WVCdm   : CryptoSession::Open: Lock: requested_security_level: Default
10-31 00:25:07.108   562   562 W WVCdm   : DeviceFiles::RetrieveHashedFile: /data/mediadrm/IDM1013/L1/cert.bin does not exist
10-31 00:25:07.109   562   562 D QSEECOMAPI: : QSEECom_dealloc_memory 
10-31 00:25:07.109   562   562 D QSEECOMAPI: : QSEECom_shutdown_app, app_id = 1674
10-31 00:25:07.116   562  5487 I WVCdm   : Level3 Library 4445 May 19 2017 17:17:20
10-31 00:25:07.118   562  5487 D QSEECOMAPI: : QSEECom_get_handle sb_length = 0x19000
10-31 00:25:07.119   562  5487 D QSEECOMAPI: : App is not loaded in QSEE
10-31 00:25:07.163   562  5487 D QSEECOMAPI: : Loaded image: APP id = 1675
10-31 00:25:07.165   562  5487 D QSAPPSVER: qsapps_get_capabilities: Capability from secure side: 0x0
10-31 00:25:07.165   562  5487 D QSAPPSVER: qsapps_get_capabilities: returns 0
10-31 00:25:07.165   562  5487 E DrmWidevineDash: sion_buffer g_wv_fhandle->ion_sbuffer  0x0xefb2f000
10-31 00:25:07.168   372   376 D DrmLibTime: got the req here! ret=0
10-31 00:25:07.168   372   376 D DrmLibTime: command id, time_cmd_id = 770
10-31 00:25:07.168   372   376 D DrmLibTime: time_getutcsec starts!
10-31 00:25:07.169   372   376 D DrmLibTime: QSEE Time Listener: time_getutcsec
10-31 00:25:07.169   372   376 D DrmLibTime: QSEE Time Listener: get_utc_seconds
10-31 00:25:07.169   372   376 D DrmLibTime: QSEE Time Listener: time_get_modem_time
10-31 00:25:07.169   372   376 D DrmLibTime: QSEE Time Listener: Checking if ATS_MODEM is set or not.
10-31 00:25:07.169   372   376 D QC-time-services: Lib:time_genoff_operation: pargs->base = 13
10-31 00:25:07.169   372   376 D QC-time-services: Lib:time_genoff_operation: pargs->operation = 2
10-31 00:25:07.169   372   376 D QC-time-services: Lib:time_genoff_operation: pargs->ts_val = 0
10-31 00:25:07.169   372   376 D QC-time-services: Lib:time_genoff_operation: Send to server  passed!!
10-31 00:25:07.169   625   647 D QC-time-services: Daemon: Connection accepted:time_genoff
10-31 00:25:07.169   625 12948 D QC-time-services: Daemon:Received base = 13, unit = 1, operation = 2,value = 0
10-31 00:25:07.169   625 12948 D QC-time-services: Daemon:genoff_opr: Base = 13, val = 0, operation = 2
10-31 00:25:07.170   625 12948 D QC-time-services: offset is: 0 for base: 13
10-31 00:25:07.170   372   376 E QC-time-services: Receive Passed == base = 13, unit = 1, operation = 2, result = 0
10-31 00:25:07.170   372   376 D DrmLibTime: QSEE Time Listener: ATS_MODEM is not set. Fallback to Android system time.
10-31 00:25:07.170   372   376 D DrmLibTime: QSEE Time Listener: Retrieved Android system time: 1667172307
10-31 00:25:07.170   372   376 D DrmLibTime: time_getutcsec returns 0, sec = 1667172307; nsec = 0
10-31 00:25:07.170   372   376 D DrmLibTime: time_getutcsec finished! 
10-31 00:25:07.170   372   376 D DrmLibTime: iotcl_continue_command finished! and return 0 
10-31 00:25:07.170   372   376 D DrmLibTime: before calling ioctl to read the next time_cmd
10-31 00:25:07.170   625   647 E QC-time-services: Daemon: Time-services: Waiting to acceptconnection
10-31 00:25:07.200   562  5487 D WVCdm   : OEMCrypto_Initialize Level 1 success. I will use level 1.
10-31 00:25:07.200   562  5487 D WVCdm   : CryptoSession::Open: Lock: requested_security_level: Default
10-31 00:25:07.285   562  5487 E DrmWidevineDash: OEMCrypto_GenerateSignature : input wrapped_rsa_key == NULL!, return short buffer
10-31 00:25:07.287 12030 12030 I cr_media: Provisioning origin ID A8A0F3FABBE19D9E80339B8777AD4E3A
10-31 00:25:07.288 12030 12030 I MediaDrm: Drm event (1,0)
10-31 00:25:07.288 12030 12030 E cr_media: EventListener: No session for event 1.
10-31 00:25:07.314 12949 12949 E /system/bin/webview_zygote32: failed to make and chown /acct/uid_99512: Permission denied
10-31 00:25:07.314 12949 12949 E Zygote  : createProcessGroup(99512, 0) failed: Permission denied
10-31 00:25:07.316   772  3037 I ActivityManager: Start proc 12949:com.android.chrome:sandboxed_process30/u0i512 for webview_service com.android.chrome/org.chromium.content.app.SandboxedProcessService30
10-31 00:25:07.323   562 19050 E DrmWidevineDash: OEMCrypto_RewrapDeviceRSAKey : input wrapped_rsa_key == NULL!, return short buffer
10-31 00:25:07.335   562 19050 D QSEECOMAPI: : QSEECom_dealloc_memory 
10-31 00:25:07.335   562 19050 D QSEECOMAPI: : QSEECom_shutdown_app, app_id = 1675
10-31 00:25:07.340 12949 12949 I SamplingProfilerIntegration: Profiling disabled.
10-31 00:25:07.345 12030 12030 I cr_media: Create MediaDrmBridge with level L3 and origin DC2D88012B57AC30408C9F270367FF1F
10-31 00:25:07.347   361   361 W /system/bin/hwservicemanager: getTransportFromManifest: Cannot find entry android.hardware.drm@1.0::IDrmFactory in either framework or device manifest, using default transport.
10-31 00:25:07.362 12962 12962 E asset   : setgid: Operation not permitted
10-31 00:25:07.390 12949 12949 I cr_SplitCompatApp: Launched version=106.0.5249.79 minSdkVersion=24 isBundle=true processName=com.android.chrome:sandboxed_process30 isIsolated=true
10-31 00:25:07.397 12949 12949 W SystemServiceRegistry: No service published for: uimode
10-31 00:25:07.399   562   562 I DrmHal  : makeDrmFactories: using default drm instance
10-31 00:25:07.401   361   361 W /system/bin/hwservicemanager: getTransportFromManifest: Cannot find entry android.hardware.drm@1.0::IDrmFactory in either framework or device manifest, using default transport.
10-31 00:25:07.405 12949 12949 I cr_ChildProcessService: Creating new ChildProcessService pid=12949
10-31 00:25:07.413 12949 12949 E WebViewFactory: can't load with relro file; address space not reserved
10-31 00:25:07.423 12949 12964 I cr_LibraryLoader: Successfully loaded native library
10-31 00:25:07.424 12949 12964 I cr_CachingUmaRecorder: Flushed 3 samples from 3 histograms.
10-31 00:25:07.446   562   644 I DrmHal  : makeDrmFactories: using default drm instance
10-31 00:25:07.447   562 19050 D WVCdm   : Instantiating CDM.
10-31 00:25:07.448   562 19051 I WVCdm   : CdmEngine::QueryStatus
10-31 00:25:07.449   562 19051 I WVCdm   : Level3 Library 4445 May 19 2017 17:17:20
10-31 00:25:07.450 12968 12968 W ThreadPoolForeg: type=1400 audit(0.0:12303): avc: denied { setattr } for name="LICENSE.txt" dev="dm-2" ino=1505111 scontext=u:r:isolated_app:s0:c512,c768 tcontext=u:object_r:app_data_file:s0:c512,c768 tclass=file permissive=0
10-31 00:25:07.453 12968 12968 W ThreadPoolForeg: type=1400 audit(0.0:12304): avc: denied { setattr } for name=46696C746572696E672052756C6573 dev="dm-2" ino=1505112 scontext=u:r:isolated_app:s0:c512,c768 tcontext=u:object_r:app_data_file:s0:c512,c768 tclass=file permissive=0
10-31 00:25:07.453   562 19051 D QSEECOMAPI: : QSEECom_get_handle sb_length = 0x19000
10-31 00:25:07.453   562 19051 D QSEECOMAPI: : App is not loaded in QSEE
10-31 00:25:07.457 12968 12968 W ThreadPoolForeg: type=1400 audit(0.0:12305): avc: denied { setattr } for name="manifest.json" dev="dm-2" ino=1505113 scontext=u:r:isolated_app:s0:c512,c768 tcontext=u:object_r:app_data_file:s0:c512,c768 tclass=file permissive=0
10-31 00:25:07.463 12968 12968 W ThreadPoolForeg: type=1400 audit(0.0:12306): avc: denied { setattr } for name="verified_contents.json" dev="dm-2" ino=1505115 scontext=u:r:isolated_app:s0:c512,c768 tcontext=u:object_r:app_data_file:s0:c512,c768 tclass=file permissive=0
10-31 00:25:07.472 12949 12964 I chromium: [INFO:child_process_service.cc(69)] ChildProcessService: Exiting child process.
10-31 00:25:07.473   422   422 E lowmemorykiller: Error writing /proc/12949/oom_score_adj; errno=22
10-31 00:25:07.473   772   785 I ActivityManager: Killing 12949:com.android.chrome:sandboxed_process30/u0a60i512 (adj 0): isolated not needed
10-31 00:25:07.474   772   790 W zygote64: failed to open /acct/uid_99512/pid_12949/cgroup.procs: No such file or directory
10-31 00:25:07.501   562 19051 D QSEECOMAPI: : Loaded image: APP id = 1676
10-31 00:25:07.505   562 19051 D QSAPPSVER: qsapps_get_capabilities: Capability from secure side: 0x0
10-31 00:25:07.505   562 19051 D QSAPPSVER: qsapps_get_capabilities: returns 0
10-31 00:25:07.505   562 19051 E DrmWidevineDash: sion_buffer g_wv_fhandle->ion_sbuffer  0x0xefae9000
10-31 00:25:07.509   372   376 D DrmLibTime: got the req here! ret=0
10-31 00:25:07.509   372   376 D DrmLibTime: command id, time_cmd_id = 770
10-31 00:25:07.509   372   376 D DrmLibTime: time_getutcsec starts!
10-31 00:25:07.509   372   376 D DrmLibTime: QSEE Time Listener: time_getutcsec
10-31 00:25:07.509   372   376 D DrmLibTime: QSEE Time Listener: get_utc_seconds
10-31 00:25:07.509   372   376 D DrmLibTime: QSEE Time Listener: time_get_modem_time
10-31 00:25:07.509   372   376 D DrmLibTime: QSEE Time Listener: Checking if ATS_MODEM is set or not.
10-31 00:25:07.509   372   376 D QC-time-services: Lib:time_genoff_operation: pargs->base = 13
10-31 00:25:07.509   372   376 D QC-time-services: Lib:time_genoff_operation: pargs->operation = 2
10-31 00:25:07.509   372   376 D QC-time-services: Lib:time_genoff_operation: pargs->ts_val = 0
10-31 00:25:07.509   372   376 D QC-time-services: Lib:time_genoff_operation: Send to server  passed!!
10-31 00:25:07.509   625   647 D QC-time-services: Daemon: Connection accepted:time_genoff
10-31 00:25:07.510   625 12975 D QC-time-services: Daemon:Received base = 13, unit = 1, operation = 2,value = 0
10-31 00:25:07.510   625 12975 D QC-time-services: Daemon:genoff_opr: Base = 13, val = 0, operation = 2
10-31 00:25:07.510   625 12975 D QC-time-services: offset is: 0 for base: 13
10-31 00:25:07.510   372   376 E QC-time-services: Receive Passed == base = 13, unit = 1, operation = 2, result = 0
10-31 00:25:07.510   372   376 D DrmLibTime: QSEE Time Listener: ATS_MODEM is not set. Fallback to Android system time.
10-31 00:25:07.510   372   376 D DrmLibTime: QSEE Time Listener: Retrieved Android system time: 1667172307
10-31 00:25:07.510   372   376 D DrmLibTime: time_getutcsec returns 0, sec = 1667172307; nsec = 0
10-31 00:25:07.510   372   376 D DrmLibTime: time_getutcsec finished! 
10-31 00:25:07.510   372   376 D DrmLibTime: iotcl_continue_command finished! and return 0 
10-31 00:25:07.510   372   376 D DrmLibTime: before calling ioctl to read the next time_cmd
10-31 00:25:07.510   625   647 E QC-time-services: Daemon: Time-services: Waiting to acceptconnection
10-31 00:25:07.546   562 19051 D WVCdm   : OEMCrypto_Initialize Level 1 success. I will use level 1.
10-31 00:25:07.547   562 19051 D QSEECOMAPI: : QSEECom_dealloc_memory 
10-31 00:25:07.547   562 19051 D QSEECOMAPI: : QSEECom_shutdown_app, app_id = 1676
10-31 00:25:07.554   562 19050 I WVCdm   : CdmEngine::OpenSession
10-31 00:25:07.555   562 19050 I WVCdm   : Level3 Library 4445 May 19 2017 17:17:20
10-31 00:25:07.558   562 19050 D QSEECOMAPI: : QSEECom_get_handle sb_length = 0x19000
10-31 00:25:07.558   562 19050 D QSEECOMAPI: : App is not loaded in QSEE
10-31 00:25:07.604   562 19050 D QSEECOMAPI: : Loaded image: APP id = 1677
10-31 00:25:07.607   562 19050 D QSAPPSVER: qsapps_get_capabilities: Capability from secure side: 0x0
10-31 00:25:07.607   562 19050 D QSAPPSVER: qsapps_get_capabilities: returns 0
10-31 00:25:07.607   562 19050 E DrmWidevineDash: sion_buffer g_wv_fhandle->ion_sbuffer  0x0xefae9000
10-31 00:25:07.611   372   376 D DrmLibTime: got the req here! ret=0
10-31 00:25:07.611   372   376 D DrmLibTime: command id, time_cmd_id = 770
10-31 00:25:07.611   372   376 D DrmLibTime: time_getutcsec starts!
10-31 00:25:07.611   372   376 D DrmLibTime: QSEE Time Listener: time_getutcsec
10-31 00:25:07.611   372   376 D DrmLibTime: QSEE Time Listener: get_utc_seconds
10-31 00:25:07.611   372   376 D DrmLibTime: QSEE Time Listener: time_get_modem_time
10-31 00:25:07.611   372   376 D DrmLibTime: QSEE Time Listener: Checking if ATS_MODEM is set or not.
10-31 00:25:07.611   372   376 D QC-time-services: Lib:time_genoff_operation: pargs->base = 13
10-31 00:25:07.611   372   376 D QC-time-services: Lib:time_genoff_operation: pargs->operation = 2
10-31 00:25:07.611   372   376 D QC-time-services: Lib:time_genoff_operation: pargs->ts_val = 0
10-31 00:25:07.611   372   376 D QC-time-services: Lib:time_genoff_operation: Send to server  passed!!
10-31 00:25:07.611   625   647 D QC-time-services: Daemon: Connection accepted:time_genoff
10-31 00:25:07.612   625 12976 D QC-time-services: Daemon:Received base = 13, unit = 1, operation = 2,value = 0
10-31 00:25:07.612   625 12976 D QC-time-services: Daemon:genoff_opr: Base = 13, val = 0, operation = 2
10-31 00:25:07.612   625 12976 D QC-time-services: offset is: 0 for base: 13
10-31 00:25:07.612   372   376 E QC-time-services: Receive Passed == base = 13, unit = 1, operation = 2, result = 0
10-31 00:25:07.612   372   376 D DrmLibTime: QSEE Time Listener: ATS_MODEM is not set. Fallback to Android system time.
10-31 00:25:07.612   372   376 D DrmLibTime: QSEE Time Listener: Retrieved Android system time: 1667172307
10-31 00:25:07.612   372   376 D DrmLibTime: time_getutcsec returns 0, sec = 1667172307; nsec = 0
10-31 00:25:07.612   372   376 D DrmLibTime: time_getutcsec finished! 
10-31 00:25:07.612   372   376 D DrmLibTime: iotcl_continue_command finished! and return 0 
10-31 00:25:07.612   372   376 D DrmLibTime: before calling ioctl to read the next time_cmd
10-31 00:25:07.612   625   647 E QC-time-services: Daemon: Time-services: Waiting to acceptconnection
10-31 00:25:07.646   562 19050 D WVCdm   : OEMCrypto_Initialize Level 1 success. I will use level 1.
10-31 00:25:07.646   562 19050 D WVCdm   : CryptoSession::Open: Lock: requested_security_level: L3
10-31 00:25:07.653   562 19050 W WVCdm   : DeviceFiles::RetrieveHashedFile: /data/mediadrm/IDM1013/L3/cert.bin does not exist
10-31 00:25:07.654   562 19050 D QSEECOMAPI: : QSEECom_dealloc_memory 
10-31 00:25:07.654   562 19050 D QSEECOMAPI: : QSEECom_shutdown_app, app_id = 1677
10-31 00:25:07.663   562 19050 I WVCdm   : Level3 Library 4445 May 19 2017 17:17:20
10-31 00:25:07.667   562 19050 D QSEECOMAPI: : QSEECom_get_handle sb_length = 0x19000
10-31 00:25:07.667   562 19050 D QSEECOMAPI: : App is not loaded in QSEE
10-31 00:25:07.712   562 19050 D QSEECOMAPI: : Loaded image: APP id = 1678
10-31 00:25:07.715   562 19050 D QSAPPSVER: qsapps_get_capabilities: Capability from secure side: 0x0
10-31 00:25:07.715   562 19050 D QSAPPSVER: qsapps_get_capabilities: returns 0
10-31 00:25:07.715   562 19050 E DrmWidevineDash: sion_buffer g_wv_fhandle->ion_sbuffer  0x0xefae9000
10-31 00:25:07.718   372   376 D DrmLibTime: got the req here! ret=0
10-31 00:25:07.718   372   376 D DrmLibTime: command id, time_cmd_id = 770
10-31 00:25:07.718   372   376 D DrmLibTime: time_getutcsec starts!
10-31 00:25:07.718   372   376 D DrmLibTime: QSEE Time Listener: time_getutcsec
10-31 00:25:07.718   372   376 D DrmLibTime: QSEE Time Listener: get_utc_seconds
10-31 00:25:07.718   372   376 D DrmLibTime: QSEE Time Listener: time_get_modem_time
10-31 00:25:07.718   372   376 D DrmLibTime: QSEE Time Listener: Checking if ATS_MODEM is set or not.
10-31 00:25:07.718   372   376 D QC-time-services: Lib:time_genoff_operation: pargs->base = 13
10-31 00:25:07.719   372   376 D QC-time-services: Lib:time_genoff_operation: pargs->operation = 2
10-31 00:25:07.719   372   376 D QC-time-services: Lib:time_genoff_operation: pargs->ts_val = 0
10-31 00:25:07.719   372   376 D QC-time-services: Lib:time_genoff_operation: Send to server  passed!!
10-31 00:25:07.719   625   647 D QC-time-services: Daemon: Connection accepted:time_genoff
10-31 00:25:07.719   625 12977 D QC-time-services: Daemon:Received base = 13, unit = 1, operation = 2,value = 0
10-31 00:25:07.719   625 12977 D QC-time-services: Daemon:genoff_opr: Base = 13, val = 0, operation = 2
10-31 00:25:07.719   625 12977 D QC-time-services: offset is: 0 for base: 13
10-31 00:25:07.719   372   376 E QC-time-services: Receive Passed == base = 13, unit = 1, operation = 2, result = 0
10-31 00:25:07.719   372   376 D DrmLibTime: QSEE Time Listener: ATS_MODEM is not set. Fallback to Android system time.
10-31 00:25:07.719   372   376 D DrmLibTime: QSEE Time Listener: Retrieved Android system time: 1667172307
10-31 00:25:07.719   372   376 D DrmLibTime: time_getutcsec returns 0, sec = 1667172307; nsec = 0
10-31 00:25:07.719   372   376 D DrmLibTime: time_getutcsec finished! 
10-31 00:25:07.720   372   376 D DrmLibTime: iotcl_continue_command finished! and return 0 
10-31 00:25:07.720   372   376 D DrmLibTime: before calling ioctl to read the next time_cmd
10-31 00:25:07.720   625   647 E QC-time-services: Daemon: Time-services: Waiting to acceptconnection
10-31 00:25:07.754   562 19050 D WVCdm   : OEMCrypto_Initialize Level 1 success. I will use level 1.
10-31 00:25:07.755   562 19050 D WVCdm   : CryptoSession::Open: Lock: requested_security_level: L3
10-31 00:25:07.763 12030 12030 I cr_media: Provisioning origin ID DC2D88012B57AC30408C9F270367FF1F
10-31 00:25:07.766 12030 12030 W chromium: [WARNING:compositor_view.cc(342)] Child process died (type=6) pid=12949)
10-31 00:25:07.768 12030 12030 I MediaDrm: Drm event (1,0)
10-31 00:25:07.768 12030 12030 E cr_media: EventListener: No session for event 1.
10-31 00:25:07.918   562  5487 D QSEECOMAPI: : QSEECom_dealloc_memory 
10-31 00:25:07.918   562  5487 D QSEECOMAPI: : QSEECom_shutdown_app, app_id = 1678
10-31 00:25:07.928 12030 12030 I cr_media: Create MediaDrmBridge with level L1 and origin DC2D88012B57AC30408C9F270367FF1F
10-31 00:25:07.930   361   361 W /system/bin/hwservicemanager: getTransportFromManifest: Cannot find entry android.hardware.drm@1.0::IDrmFactory in either framework or device manifest, using default transport.
10-31 00:25:07.933   562 28303 I DrmHal  : makeDrmFactories: using default drm instance
10-31 00:25:07.936   361   361 W /system/bin/hwservicemanager: getTransportFromManifest: Cannot find entry android.hardware.drm@1.0::IDrmFactory in either framework or device manifest, using default transport.
10-31 00:25:07.938   562  5487 I DrmHal  : makeDrmFactories: using default drm instance
10-31 00:25:07.940   562   644 I WVCdm   : CdmEngine::QueryStatus
10-31 00:25:07.940   562   644 I WVCdm   : Level3 Library 4445 May 19 2017 17:17:20
10-31 00:25:07.944   562   644 D QSEECOMAPI: : QSEECom_get_handle sb_length = 0x19000
10-31 00:25:07.944   562   644 D QSEECOMAPI: : App is not loaded in QSEE
10-31 00:25:07.993   562   644 D QSEECOMAPI: : Loaded image: APP id = 1679
10-31 00:25:07.998   562   644 D QSAPPSVER: qsapps_get_capabilities: Capability from secure side: 0x0
10-31 00:25:07.998   562   644 D QSAPPSVER: qsapps_get_capabilities: returns 0
10-31 00:25:07.998   562   644 E DrmWidevineDash: sion_buffer g_wv_fhandle->ion_sbuffer  0x0xefaaf000
10-31 00:25:08.002   372   376 D DrmLibTime: got the req here! ret=0
10-31 00:25:08.002   372   376 D DrmLibTime: command id, time_cmd_id = 770
10-31 00:25:08.002   372   376 D DrmLibTime: time_getutcsec starts!
10-31 00:25:08.002   372   376 D DrmLibTime: QSEE Time Listener: time_getutcsec
10-31 00:25:08.002   372   376 D DrmLibTime: QSEE Time Listener: get_utc_seconds
10-31 00:25:08.002   372   376 D DrmLibTime: QSEE Time Listener: time_get_modem_time
10-31 00:25:08.002   372   376 D DrmLibTime: QSEE Time Listener: Checking if ATS_MODEM is set or not.
10-31 00:25:08.002   372   376 D QC-time-services: Lib:time_genoff_operation: pargs->base = 13
10-31 00:25:08.002   372   376 D QC-time-services: Lib:time_genoff_operation: pargs->operation = 2
10-31 00:25:08.002   372   376 D QC-time-services: Lib:time_genoff_operation: pargs->ts_val = 0
10-31 00:25:08.002   372   376 D QC-time-services: Lib:time_genoff_operation: Send to server  passed!!
10-31 00:25:08.002   625   647 D QC-time-services: Daemon: Connection accepted:time_genoff
10-31 00:25:08.003   625 12982 D QC-time-services: Daemon:Received base = 13, unit = 1, operation = 2,value = 0
10-31 00:25:08.003   625 12982 D QC-time-services: Daemon:genoff_opr: Base = 13, val = 0, operation = 2
10-31 00:25:08.003   625 12982 D QC-time-services: offset is: 0 for base: 13
10-31 00:25:08.003   372   376 E QC-time-services: Receive Passed == base = 13, unit = 1, operation = 2, result = 0
10-31 00:25:08.003   372   376 D DrmLibTime: QSEE Time Listener: ATS_MODEM is not set. Fallback to Android system time.
10-31 00:25:08.003   372   376 D DrmLibTime: QSEE Time Listener: Retrieved Android system time: 1667172308
10-31 00:25:08.003   372   376 D DrmLibTime: time_getutcsec returns 0, sec = 1667172308; nsec = 0
10-31 00:25:08.003   372   376 D DrmLibTime: time_getutcsec finished! 
10-31 00:25:08.003   372   376 D DrmLibTime: iotcl_continue_command finished! and return 0 
10-31 00:25:08.003   372   376 D DrmLibTime: before calling ioctl to read the next time_cmd
10-31 00:25:08.004   625   647 E QC-time-services: Daemon: Time-services: Waiting to acceptconnection
10-31 00:25:08.039   562   644 D WVCdm   : OEMCrypto_Initialize Level 1 success. I will use level 1.
10-31 00:25:08.040   562   644 D QSEECOMAPI: : QSEECom_dealloc_memory 
10-31 00:25:08.040   562   644 D QSEECOMAPI: : QSEECom_shutdown_app, app_id = 1679
10-31 00:25:08.048   562  5487 I WVCdm   : CdmEngine::OpenSession
10-31 00:25:08.049   562  5487 I WVCdm   : Level3 Library 4445 May 19 2017 17:17:20
10-31 00:25:08.053   562  5487 D QSEECOMAPI: : QSEECom_get_handle sb_length = 0x19000
10-31 00:25:08.053   562  5487 D QSEECOMAPI: : App is not loaded in QSEE
10-31 00:25:08.100   562  5487 D QSEECOMAPI: : Loaded image: APP id = 1680
10-31 00:25:08.103   562  5487 D QSAPPSVER: qsapps_get_capabilities: Capability from secure side: 0x0
10-31 00:25:08.103   562  5487 D QSAPPSVER: qsapps_get_capabilities: returns 0
10-31 00:25:08.103   562  5487 E DrmWidevineDash: sion_buffer g_wv_fhandle->ion_sbuffer  0x0xefaaf000
10-31 00:25:08.107   372   376 D DrmLibTime: got the req here! ret=0
10-31 00:25:08.107   372   376 D DrmLibTime: command id, time_cmd_id = 770
10-31 00:25:08.107   372   376 D DrmLibTime: time_getutcsec starts!
10-31 00:25:08.107   372   376 D DrmLibTime: QSEE Time Listener: time_getutcsec
10-31 00:25:08.107   372   376 D DrmLibTime: QSEE Time Listener: get_utc_seconds
10-31 00:25:08.107   372   376 D DrmLibTime: QSEE Time Listener: time_get_modem_time
10-31 00:25:08.107   372   376 D DrmLibTime: QSEE Time Listener: Checking if ATS_MODEM is set or not.
10-31 00:25:08.107   372   376 D QC-time-services: Lib:time_genoff_operation: pargs->base = 13
10-31 00:25:08.107   372   376 D QC-time-services: Lib:time_genoff_operation: pargs->operation = 2
10-31 00:25:08.107   372   376 D QC-time-services: Lib:time_genoff_operation: pargs->ts_val = 0
10-31 00:25:08.107   372   376 D QC-time-services: Lib:time_genoff_operation: Send to server  passed!!
10-31 00:25:08.107   625   647 D QC-time-services: Daemon: Connection accepted:time_genoff
10-31 00:25:08.108   625 12983 D QC-time-services: Daemon:Received base = 13, unit = 1, operation = 2,value = 0
10-31 00:25:08.108   625 12983 D QC-time-services: Daemon:genoff_opr: Base = 13, val = 0, operation = 2
10-31 00:25:08.108   625 12983 D QC-time-services: offset is: 0 for base: 13
10-31 00:25:08.108   372   376 E QC-time-services: Receive Passed == base = 13, unit = 1, operation = 2, result = 0
10-31 00:25:08.108   372   376 D DrmLibTime: QSEE Time Listener: ATS_MODEM is not set. Fallback to Android system time.
10-31 00:25:08.108   372   376 D DrmLibTime: QSEE Time Listener: Retrieved Android system time: 1667172308
10-31 00:25:08.108   372   376 D DrmLibTime: time_getutcsec returns 0, sec = 1667172308; nsec = 0
10-31 00:25:08.108   372   376 D DrmLibTime: time_getutcsec finished! 
10-31 00:25:08.108   372   376 D DrmLibTime: iotcl_continue_command finished! and return 0 
10-31 00:25:08.108   372   376 D DrmLibTime: before calling ioctl to read the next time_cmd
10-31 00:25:08.108   625   647 E QC-time-services: Daemon: Time-services: Waiting to acceptconnection
10-31 00:25:08.139   562  5487 D WVCdm   : OEMCrypto_Initialize Level 1 success. I will use level 1.
10-31 00:25:08.139   562  5487 D WVCdm   : CryptoSession::Open: Lock: requested_security_level: Default
