10-30 20:45:35.200   625 29115 D QC-time-services: Daemon:Received base = 13, unit = 1, operation = 2,value = 0
10-30 20:45:35.200   625 29115 D QC-time-services: Daemon:genoff_opr: Base = 13, val = 0, operation = 2
10-30 20:45:35.200   625 29115 D QC-time-services: offset is: 0 for base: 13
10-30 20:45:35.200   372   376 E QC-time-services: Receive Passed == base = 13, unit = 1, operation = 2, result = 0
10-30 20:45:35.200   372   376 D DrmLibTime: QSEE Time Listener: ATS_MODEM is not set. Fallback to Android system time.
10-30 20:45:35.201   372   376 D DrmLibTime: QSEE Time Listener: Retrieved Android system time: 1667159135
10-30 20:45:35.201   372   376 D DrmLibTime: time_getutcsec returns 0, sec = 1667159135; nsec = 0
10-30 20:45:35.201   372   376 D DrmLibTime: time_getutcsec finished! 
10-30 20:45:35.201   372   376 D DrmLibTime: iotcl_continue_command finished! and return 0 
10-30 20:45:35.201   372   376 D DrmLibTime: before calling ioctl to read the next time_cmd
10-30 20:45:35.201   625   647 E QC-time-services: Daemon: Time-services: Waiting to acceptconnection
10-30 20:45:35.405   772 13021 I ActivityManager: Start proc 29120:com.opera.browser:sandboxed_process0/u0a99 for service com.opera.browser/com.opera.android.browser.chromium.services.SandboxedProcessService0
10-30 20:45:35.410  3960 29119 W NetworkScheduler: Error inserting period=6015000 preferred_charging_state=1 preferred_network_type=1 target_class=com.google.android.gms.measurement.PackageMeasurementTaskService required_network_type=0 runtime=1667159135397 required_idleness_state=0 source=16 service_kind=0 target_package=com.google.android.gms persistence_level=1 source_version=223616000 last_runtime=0 user_id=0 job_id=-1 requires_charging=0 tag=Measurement.PackageMeasurementTaskService.UPLOAD_TASK_TAG flex_time=3007000 task_type=0 retry_strategy={"maximum_backoff_seconds":{"3600":0},"initial_backoff_seconds":{"30":0},"retry_policy":{"0":0}} [CONTEXT service_id=218 ]
10-30 20:45:35.410  3960 29119 W NetworkScheduler: android.database.sqlite.SQLiteConstraintException: UNIQUE constraint failed: pending_ops.tag, pending_ops.target_class, pending_ops.target_package, pending_ops.user_id (code 2067)
10-30 20:45:35.410  3960 29119 W NetworkScheduler: 	at android.database.sqlite.SQLiteConnection.nativeExecuteForLastInsertedRowId(Native Method)
10-30 20:45:35.410  3960 29119 W NetworkScheduler: 	at android.database.sqlite.SQLiteConnection.executeForLastInsertedRowId(SQLiteConnection.java:782)
10-30 20:45:35.410  3960 29119 W NetworkScheduler: 	at android.database.sqlite.SQLiteSession.executeForLastInsertedRowId(SQLiteSession.java:788)
10-30 20:45:35.410  3960 29119 W NetworkScheduler: 	at android.database.sqlite.SQLiteStatement.executeInsert(SQLiteStatement.java:86)
10-30 20:45:35.410  3960 29119 W NetworkScheduler: 	at android.database.sqlite.SQLiteDatabase.insertWithOnConflict(SQLiteDatabase.java:1474)
10-30 20:45:35.410  3960 29119 W NetworkScheduler: 	at android.database.sqlite.SQLiteDatabase.insertOrThrow(SQLiteDatabase.java:1369)
10-30 20:45:35.410  3960 29119 W NetworkScheduler: 	at biel.g(:com.google.android.gms@223616019@22.36.16 (040400-476895098):52)
10-30 20:45:35.410  3960 29119 W NetworkScheduler: 	at bide.n(:com.google.android.gms@223616019@22.36.16 (040400-476895098):3)
10-30 20:45:35.410  3960 29119 W NetworkScheduler: 	at bide.u(:com.google.android.gms@223616019@22.36.16 (040400-476895098):20)
10-30 20:45:35.410  3960 29119 W NetworkScheduler: 	at bide.h(:com.google.android.gms@223616019@22.36.16 (040400-476895098):3)
10-30 20:45:35.410  3960 29119 W NetworkScheduler: 	at bhyv.run(:com.google.android.gms@223616019@22.36.16 (040400-476895098):9)
10-30 20:45:35.410  3960 29119 W NetworkScheduler: 	at aarl.c(:com.google.android.gms@223616019@22.36.16 (040400-476895098):6)
10-30 20:45:35.410  3960 29119 W NetworkScheduler: 	at aarl.run(:com.google.android.gms@223616019@22.36.16 (040400-476895098):7)
10-30 20:45:35.410  3960 29119 W NetworkScheduler: 	at java.util.concurrent.ThreadPoolExecutor.runWorker(ThreadPoolExecutor.java:1162)
10-30 20:45:35.410  3960 29119 W NetworkScheduler: 	at java.util.concurrent.ThreadPoolExecutor$Worker.run(ThreadPoolExecutor.java:636)
10-30 20:45:35.410  3960 29119 W NetworkScheduler: 	at aaws.run(:com.google.android.gms@223616019@22.36.16 (040400-476895098):0)
10-30 20:45:35.410  3960 29119 W NetworkScheduler: 	at java.lang.Thread.run(Thread.java:764)
10-30 20:45:35.482 29120 29120 I LoadedApk: No resource references to update in package com.opera.browser.nord_vpn
10-30 20:45:35.642  3960  4217 I FontLog : Received query name=Google Sans&weight=700&besteffort=false, URI content://com.google.android.gms.fonts [CONTEXT service_id=132 ]
10-30 20:45:35.642  3960  4217 I FontLog : Query [name=Google Sans&weight=700&besteffort=false] resolved to {Google Sans, wdth 100.0, wght 700, ital 0.0, bestEffort false} [CONTEXT service_id=132 ]
10-30 20:45:35.644  3960  4217 I FontLog : Fetch {Google Sans, wdth 100.0, wght 700, ital 0.0, bestEffort false} end status Status{statusCode=SUCCESS, resolution=null} [CONTEXT service_id=132 ]
10-30 20:45:35.653  3960  4245 I FontLog : Pulling font file for id = 482, cache size = 5 [CONTEXT service_id=132 ]
10-30 20:45:35.667  3960  3971 I FontLog : Received query name=Noto Color Emoji Compat&weight=400&besteffort=false, URI content://com.google.android.gms.fonts [CONTEXT service_id=132 ]
10-30 20:45:35.667  3960  3971 I FontLog : Query [name=Noto Color Emoji Compat&weight=400&besteffort=false] resolved to {Noto Color Emoji Compat, wdth 100.0, wght 400, ital 0.0, bestEffort false} [CONTEXT service_id=132 ]
10-30 20:45:35.670  3960  3971 I FontLog : Fetch {Noto Color Emoji Compat, wdth 100.0, wght 400, ital 0.0, bestEffort false} end status Status{statusCode=SUCCESS, resolution=null} [CONTEXT service_id=132 ]
10-30 20:45:35.674   361   361 W /system/bin/hwservicemanager: getTransportFromManifest: Cannot find entry android.hardware.graphics.mapper@2.0::IMapper in either framework or device manifest, using default transport.
10-30 20:45:35.678  3960  3972 I FontLog : Pulling font file for id = 483, cache size = 6 [CONTEXT service_id=132 ]
10-30 20:45:35.682 28770 28787 I vndksupport: sphal namespace is not configured for this process. Loading /vendor/lib/hw/gralloc.msm8992.so from the current namespace instead.
10-30 20:45:35.702  3960  4244 I FontLog : Received query name=Google Sans&weight=400&besteffort=false, URI content://com.google.android.gms.fonts [CONTEXT service_id=132 ]
10-30 20:45:35.703  3960  4244 I FontLog : Query [name=Google Sans&weight=400&besteffort=false] resolved to {Google Sans, wdth 100.0, wght 400, ital 0.0, bestEffort false} [CONTEXT service_id=132 ]
10-30 20:45:35.704  3960  4244 I FontLog : Font PFD returned from cache for {Google Sans, wdth 100.0, wght 400, ital 0.0, bestEffort false} [CONTEXT service_id=132 ]
10-30 20:45:35.705  3960  4244 I FontLog : Fetch {Google Sans, wdth 100.0, wght 400, ital 0.0, bestEffort false} end status Status{statusCode=SUCCESS, resolution=null} [CONTEXT service_id=132 ]
10-30 20:45:35.719  3960  4151 I FontLog : Pulling font file for id = 484, cache size = 7 [CONTEXT service_id=132 ]
10-30 20:45:35.726  3960  3971 I FontLog : Received query name=Google Sans&weight=500&besteffort=false, URI content://com.google.android.gms.fonts [CONTEXT service_id=132 ]
10-30 20:45:35.727  3960  3971 I FontLog : Query [name=Google Sans&weight=500&besteffort=false] resolved to {Google Sans, wdth 100.0, wght 500, ital 0.0, bestEffort false} [CONTEXT service_id=132 ]
10-30 20:45:35.729  3960  3971 I FontLog : Font PFD returned from cache for {Google Sans, wdth 100.0, wght 500, ital 0.0, bestEffort false} [CONTEXT service_id=132 ]
10-30 20:45:35.730  3960  3971 I FontLog : Fetch {Google Sans, wdth 100.0, wght 500, ital 0.0, bestEffort false} end status Status{statusCode=SUCCESS, resolution=null} [CONTEXT service_id=132 ]
10-30 20:45:35.735  3960  4245 I FontLog : Pulling font file for id = 485, cache size = 8 [CONTEXT service_id=132 ]
10-30 20:45:35.837 28630 28640 I zygote  : Background concurrent copying GC freed 185695(8MB) AllocSpace objects, 24(532KB) LOS objects, 49% free, 8MB/16MB, paused 685us total 187.608ms
10-30 20:45:35.927 28770 28782 I vndksupport: sphal namespace is not configured for this process. Loading libutils.so from the current namespace instead.
10-30 20:45:35.927 29120 29131 I vndksupport: sphal namespace is not configured for this process. Loading libutils.so from the current namespace instead.
10-30 20:45:35.928 28630 28642 I vndksupport: sphal namespace is not configured for this process. Loading libutils.so from the current namespace instead.
10-30 20:45:35.939   556   688 E Parcel  : Reading a NULL string not supported here.
10-30 20:45:35.939   556   688 W Parcel  : **** enforceInterface() expected 'IAAudioService' but read ''
10-30 20:45:35.942   360   360 E SELinux : avc:  denied  { find } for service=android.service.gatekeeper.IGateKeeperService pid=29147 uid=2000 scontext=u:r:shell:s0 tcontext=u:object_r:gatekeeper_service:s0 tclass=service_manager
10-30 20:45:35.943   360   360 E SELinux : avc:  denied  { find } for service=netd pid=29147 uid=2000 scontext=u:r:shell:s0 tcontext=u:object_r:netd_service:s0 tclass=service_manager
10-30 20:45:35.945 29147 29147 W atrace  : type=1400 audit(0.0:9721): avc: denied { call } for scontext=u:r:shell:s0 tcontext=u:r:wificond:s0 tclass=binder permissive=0
10-30 20:45:35.950   360   360 E SELinux : avc:  denied  { find } for service=installd pid=29147 uid=2000 scontext=u:r:shell:s0 tcontext=u:object_r:installd_service:s0 tclass=service_manager
10-30 20:45:35.957   361   361 E SELinux : avc:  denied  { find } for interface=android.frameworks.displayservice::IDisplayService pid=29147 scontext=u:r:shell:s0 tcontext=u:object_r:fwk_display_hwservice:s0 tclass=hwservice_manager
10-30 20:45:35.958   361   361 E SELinux : avc:  denied  { find } for interface=android.frameworks.schedulerservice::ISchedulingPolicyService pid=29147 scontext=u:r:shell:s0 tcontext=u:object_r:fwk_scheduler_hwservice:s0 tclass=hwservice_manager
10-30 20:45:35.959   361   361 E SELinux : avc:  denied  { find } for interface=android.frameworks.sensorservice::ISensorManager pid=29147 scontext=u:r:shell:s0 tcontext=u:object_r:fwk_sensor_hwservice:s0 tclass=hwservice_manager
10-30 20:45:35.963   361   361 E SELinux : avc:  denied  { find } for interface=android.hardware.biometrics.fingerprint::IBiometricsFingerprint pid=29147 scontext=u:r:shell:s0 tcontext=u:object_r:hal_fingerprint_hwservice:s0 tclass=hwservice_manager
10-30 20:45:35.965   361   361 E SELinux : avc:  denied  { find } for interface=android.hardware.dumpstate::IDumpstateDevice pid=29147 scontext=u:r:shell:s0 tcontext=u:object_r:hal_dumpstate_hwservice:s0 tclass=hwservice_manager
10-30 20:45:35.967   361   361 E SELinux : avc:  denied  { find } for interface=android.hardware.radio.deprecated::IOemHook pid=29147 scontext=u:r:shell:s0 tcontext=u:object_r:hal_telephony_hwservice:s0 tclass=hwservice_manager
10-30 20:45:35.968   361   361 E SELinux : avc:  denied  { find } for interface=android.hardware.radio::IRadio pid=29147 scontext=u:r:shell:s0 tcontext=u:object_r:hal_telephony_hwservice:s0 tclass=hwservice_manager
10-30 20:45:35.969   361   361 E SELinux : avc:  denied  { find } for interface=android.hardware.radio::ISap pid=29147 scontext=u:r:shell:s0 tcontext=u:object_r:hal_telephony_hwservice:s0 tclass=hwservice_manager
10-30 20:45:35.970   361   361 E SELinux : avc:  denied  { find } for interface=android.hardware.usb::IUsb pid=29147 scontext=u:r:shell:s0 tcontext=u:object_r:hal_usb_hwservice:s0 tclass=hwservice_manager
10-30 20:45:35.971   361   361 E SELinux : avc:  denied  { find } for interface=android.hardware.wifi.supplicant::ISupplicant pid=29147 scontext=u:r:shell:s0 tcontext=u:object_r:hal_wifi_supplicant_hwservice:s0 tclass=hwservice_manager
10-30 20:45:35.972   361   361 E SELinux : avc:  denied  { find } for interface=android.hardware.wifi::IWifi pid=29147 scontext=u:r:shell:s0 tcontext=u:object_r:hal_wifi_hwservice:s0 tclass=hwservice_manager
10-30 20:45:35.974   361   361 E SELinux : avc:  denied  { find } for interface=android.hidl.base::IBase pid=29147 scontext=u:r:shell:s0 tcontext=u:object_r:hidl_base_hwservice:s0 tclass=hwservice_manager
10-30 20:45:35.975   361   361 I chatty  : uid=1000(system) hwservicemanage identical 1 line
10-30 20:45:35.977   361   361 E SELinux : avc:  denied  { find } for interface=android.hidl.base::IBase pid=29147 scontext=u:r:shell:s0 tcontext=u:object_r:hidl_base_hwservice:s0 tclass=hwservice_manager
10-30 20:45:35.981   361   361 E SELinux : avc:  denied  { find } for interface=android.system.wifi.keystore::IKeystore pid=29147 scontext=u:r:shell:s0 tcontext=u:object_r:system_wifi_keystore_hwservice:s0 tclass=hwservice_manager
10-30 20:45:36.017 28630 28630 I zygote  : Deoptimizing boolean p73.a(java.util.Collection, java.util.Iterator) due to JIT inline cache
10-30 20:45:36.098 28630 28630 I zygote  : Deoptimizing void yn3.<init>(yn3$b) due to JIT inline cache
10-30 20:45:36.161 28630 28635 I zygote  : Do partial code cache collection, code=508KB, data=369KB
10-30 20:45:36.162 28630 28635 I zygote  : After code cache collection, code=499KB, data=365KB
10-30 20:45:36.162 28630 28635 I zygote  : Increasing code cache capacity to 2MB
10-30 20:45:39.259 28630 28630 I zygote  : Deoptimizing int zd3.b(android.view.View) due to JIT inline cache
10-30 20:45:45.384  3535  3535 D BoundBrokerSvc: onUnbind: Intent { act=com.google.android.gms.measurement.START pkg=com.google.android.gms }
10-30 20:46:40.651   772 10893 I ActivityManager: Force stopping com.opera.browser appid=10099 user=0: from pid 29234
10-30 20:46:40.651   772 10893 I ActivityManager: Killing 28770:com.opera.browser:privileged_process0/u0a99 (adj 0): stop com.opera.browser
10-30 20:46:40.652   772 10893 W ActivityManager: Scheduling restart of crashed service com.opera.browser/com.opera.android.browser.chromium.services.PrivilegedProcessService0 in 1000ms
10-30 20:46:40.654   772 10893 I ActivityManager: Killing 28630:com.opera.browser/u0a99 (adj 0): stop com.opera.browser
10-30 20:46:40.664   772 10893 W ActivityManager: Force removing ActivityRecord{a7ab7a5 u0 com.opera.browser/com.opera.android.BrowserActivity t564}: app died, no saved state
10-30 20:46:40.667   772 10893 I WindowManager: Failed to capture screenshot of Token{8d2a77a ActivityRecord{a7ab7a5 u0 com.opera.browser/com.opera.android.BrowserActivity t564 f}} appWin=Window{f7970cd u0 com.opera.browser/com.opera.android.BrowserActivity} drawState=4
10-30 20:46:40.669 29120 29120 I zygote  : System.exit called, status: 0
10-30 20:46:40.669 29120 29120 I AndroidRuntime: VM exiting with result code 0, cleanup skipped.
10-30 20:46:40.695   772 10893 I ActivityManager: Killing 29120:com.opera.browser:sandboxed_process0/u0a99 (adj 0): stop com.opera.browser
10-30 20:46:40.705  1311  1311 D CarrierSvcBindHelper: No carrier app for: 0
10-30 20:46:40.711  2964  2964 D RegisteredNfcFServicesCache: Service unchanged, not updating
10-30 20:46:40.723   772  1324 D ConnectivityService: ConnectivityService NetworkRequestInfo binderDied(NetworkRequest [ LISTEN id=1330, [ Capabilities: INTERNET&NOT_RESTRICTED&TRUSTED&FOREGROUND] ], android.os.BinderProxy@35bf49b)
10-30 20:46:40.723   772 32228 D ConnectivityService: ConnectivityService NetworkRequestInfo binderDied(NetworkRequest [ LISTEN id=1331, [ Capabilities: INTERNET&NOT_RESTRICTED&TRUSTED&FOREGROUND] ], android.os.BinderProxy@d909038)
10-30 20:46:40.724   772   862 E ConnectivityService: RemoteException caught trying to send a callback msg for NetworkRequest [ LISTEN id=1330, [ Capabilities: INTERNET&NOT_RESTRICTED&TRUSTED&FOREGROUND] ]
10-30 20:46:40.724   772   797 W ActivityManager: setHasOverlayUi called on unknown pid: 28630
10-30 20:46:40.725   772   862 E ConnectivityService: RemoteException caught trying to send a callback msg for NetworkRequest [ LISTEN id=1331, [ Capabilities: INTERNET&NOT_RESTRICTED&TRUSTED&FOREGROUND] ]
10-30 20:46:40.728   772  4539 D WindowManager: relayoutVisibleWindow: Window{54c675f u0 com.google.android.googlequicksearchbox/com.google.android.launcher.GEL EXITING} mAnimatingExit=true, mRemoveOnExit=false, mDestroying=true
10-30 20:46:40.735 29214 29297 I Adreno  : QUALCOMM build                   : 7142022, Ib5823dd10c
10-30 20:46:40.735 29214 29297 I Adreno  : Build Date                       : 06/23/17
10-30 20:46:40.735 29214 29297 I Adreno  : OpenGL ES Shader Compiler Version: EV031.18.00.00
10-30 20:46:40.735 29214 29297 I Adreno  : Local Branch                     : O11A
10-30 20:46:40.735 29214 29297 I Adreno  : Remote Branch                    : 
10-30 20:46:40.735 29214 29297 I Adreno  : Remote Branch                    : 
10-30 20:46:40.735 29214 29297 I Adreno  : Reconstruct Branch               : 
10-30 20:46:40.738 29214 29297 I vndksupport: sphal namespace is not configured for this process. Loading /vendor/lib64/hw/gralloc.msm8992.so from the current namespace instead.
10-30 20:46:40.744 29214 29297 I Adreno  : PFP: 0x00000000, ME: 0x00000000
10-30 20:46:40.758 29214 29297 I OpenGLRenderer: Initialized EGL, version 1.4
10-30 20:46:40.758 29214 29297 D OpenGLRenderer: Swap behavior 2
10-30 20:46:40.790   772  1259 W ActivityManager: Unable to start service Intent { act=com.google.android.gms.speech.service.START pkg=com.google.android.gms } U=0: not found
10-30 20:46:40.791   772   785 W ActivityManager: Unbind failed: could not find connection for android.os.BinderProxy@884f467
10-30 20:46:40.792 25727 25794 E GmsClient: unable to connect to service: com.google.android.gms.speech.service.START on com.google.android.gms
10-30 20:46:40.811 25727 25739 W SessionLifecycleManager: Handover failed. Creating new session controller.
10-30 20:46:40.815 25727 25727 I OptInState: There is a new client and it does not support opt-in. Dropping request.
10-30 20:46:40.834 25727 25727 I MicroDetectionWorker: #updateMicroDetector [detectionMode: [mDetectionMode: [1]]]
10-30 20:46:40.835 25727 25727 I MicroDetectionWorker: #startMicroDetector [speakerMode: 0]
10-30 20:46:40.840 25727 25727 I MicroDetectionWorker: onReady
10-30 20:46:40.842 25727 25759 I MicroRecognitionRunner: Starting detection.
10-30 20:46:40.845 25727 25761 I MicrophoneInputStream: mic_starting com.google.android.apps.gsa.speech.audio.af@684190f
10-30 20:46:40.846   556   688 W DeviceHAL: Device 0xefa2d000 open_input_stream: Invalid argument
10-30 20:46:40.850   556 29251 I AudioFlinger: AudioFlinger's thread 0xec603240 tid=29251 ready to run
10-30 20:46:40.858   556   753 I SoundTriggerHwService::Module: onCallbackEvent no clients
10-30 20:46:40.858 25727 25761 I MicrophoneInputStream: mic_started com.google.android.apps.gsa.speech.audio.af@684190f
10-30 20:46:40.863   556 29252 D sound_trigger_platform: platform_stdev_check_and_update_concurrency: concurrency active 0, tx 1, rx 0, concurrency session_allowed 0
10-30 20:46:40.863   556 29252 D audio_hw_primary: enable_snd_device: snd_device(72: voice-rec-mic)
10-30 20:46:40.872   556 29252 D audio_hw_primary: enable_audio_route: usecase(9) apply and update mixer path: audio-record
10-30 20:46:40.939 25727 25727 I MicroDetectionWorker: onReady
10-30 20:46:41.099 29238 29238 D AndroidRuntime: >>>>>> START com.android.internal.os.RuntimeInit uid 2000 <<<<<<
10-30 20:46:41.242 29238 29238 D AndroidRuntime: Calling main entry com.android.commands.pm.Pm
10-30 20:46:41.255   772 10895 I ActivityManager: Force stopping com.opera.browser appid=10099 user=0: clear data
10-30 20:46:41.261   772   788 I ActivityManager: Force stopping com.opera.browser appid=10099 user=-1: clearApplicationUserData
10-30 20:46:41.275 29214 29297 W OpenGLRenderer: Incorrectly called buildLayer on View: ShortcutAndWidgetContainer, destroying layer...
10-30 20:46:41.335   560   560 I keystore: clear_uid 10099
10-30 20:46:41.384  1311  1311 D CarrierSvcBindHelper: No carrier app for: 0
10-30 20:46:41.385 29238 29238 I app_process: System.exit called, status: 0
10-30 20:46:41.385 29238 29238 I AndroidRuntime: VM exiting with result code 0.
10-30 20:46:41.388   772   787 W ResourceType: No known package when getting value for resource number 0x7f100007
10-30 20:46:41.389   772   787 W ResourceType: No known package when getting value for resource number 0x7f13090c
10-30 20:46:41.389   772   787 W ResourceType: No known package when getting value for resource number 0x7f100005
10-30 20:46:41.389   772   787 W ResourceType: No known package when getting value for resource number 0x7f13090a
10-30 20:46:41.389   772   787 W ResourceType: No known package when getting value for resource number 0x7f100004
10-30 20:46:41.389   772   787 W ResourceType: No known package when getting value for resource number 0x7f130909
10-30 20:46:41.389   772   787 W ResourceType: No known package when getting value for resource number 0x7f100006
10-30 20:46:41.389   772   787 W ResourceType: No known package when getting value for resource number 0x7f13090b
10-30 20:46:41.403  2964  2964 D RegisteredNfcFServicesCache: Service unchanged, not updating
10-30 20:46:41.452  3960 29274 I Fitness : FitCleanupIntentOperation received Intent android.intent.action.PACKAGE_DATA_CLEARED [CONTEXT service_id=17 ]
10-30 20:46:41.493  3535 23658 I Icing   : doRemovePackageData com.opera.browser
10-30 20:46:41.711   772  2969 I ActivityManager: Force stopping com.opera.browser appid=10099 user=0: from pid 29299
10-30 20:46:41.716  1311  1311 D CarrierSvcBindHelper: No carrier app for: 0
10-30 20:46:41.744  2964  2964 D RegisteredNfcFServicesCache: Service unchanged, not updating
10-30 20:46:42.163 29301 29301 D AndroidRuntime: >>>>>> START com.android.internal.os.RuntimeInit uid 2000 <<<<<<
10-30 20:46:42.310 29301 29301 D AndroidRuntime: Calling main entry com.android.commands.pm.Pm
10-30 20:46:42.319   772  2970 I ActivityManager: Force stopping com.opera.browser appid=10099 user=0: clear data
10-30 20:46:42.322   772   788 I ActivityManager: Force stopping com.opera.browser appid=10099 user=-1: clearApplicationUserData
10-30 20:46:42.324   560   560 I keystore: clear_uid 10099
10-30 20:46:42.371  1311  1311 D CarrierSvcBindHelper: No carrier app for: 0
10-30 20:46:42.374 29301 29301 I app_process: System.exit called, status: 0
10-30 20:46:42.374 29301 29301 I AndroidRuntime: VM exiting with result code 0.
10-30 20:46:42.379   772   787 W ResourceType: No known package when getting value for resource number 0x7f100007
10-30 20:46:42.379   772   787 W ResourceType: No known package when getting value for resource number 0x7f13090c
10-30 20:46:42.379   772   787 W ResourceType: No known package when getting value for resource number 0x7f100005
10-30 20:46:42.379   772   787 W ResourceType: No known package when getting value for resource number 0x7f13090a
10-30 20:46:42.379   772   787 W ResourceType: No known package when getting value for resource number 0x7f100004
10-30 20:46:42.379   772   787 W ResourceType: No known package when getting value for resource number 0x7f130909
10-30 20:46:42.379   772   787 W ResourceType: No known package when getting value for resource number 0x7f100006
10-30 20:46:42.379   772   787 W ResourceType: No known package when getting value for resource number 0x7f13090b
10-30 20:46:42.398  2964  2964 D RegisteredNfcFServicesCache: Service unchanged, not updating
10-30 20:46:42.416  3960 29270 I Fitness : FitCleanupIntentOperation received Intent android.intent.action.PACKAGE_DATA_CLEARED [CONTEXT service_id=17 ]
10-30 20:46:42.439  3535  3572 I Icing   : doRemovePackageData com.opera.browser
