10-30 14:49:31.002 11904 11935 I cr_CachingUmaRecorder: Flushed 3 samples from 3 histograms.
10-30 14:49:31.010 11939 11939 W ThreadPoolForeg: type=1400 audit(0.0:7952): avc: denied { setattr } for name="model-info.pb" dev="dm-2" ino=1504910 scontext=u:r:isolated_app:s0:c512,c768 tcontext=u:object_r:app_data_file:s0:c512,c768 tclass=file permissive=0
10-30 14:49:31.017 11939 11939 W ThreadPoolForeg: type=1400 audit(0.0:7953): avc: denied { setattr } for name="model.tflite" dev="dm-2" ino=1504916 scontext=u:r:isolated_app:s0:c512,c768 tcontext=u:object_r:app_data_file:s0:c512,c768 tclass=file permissive=0
10-30 14:49:31.028 11897 11934 I chromium: [INFO:child_process_service.cc(69)] ChildProcessService: Exiting child process.
10-30 14:49:31.033   422   422 E lowmemorykiller: Error writing /proc/11897/oom_score_adj; errno=22
10-30 14:49:31.033   772 10895 I ActivityManager: Killing 11897:com.android.chrome:sandboxed_process27/u0a60i514 (adj 0): isolated not needed
10-30 14:49:31.034   772   790 W zygote64: failed to open /acct/uid_99514/pid_11897/cgroup.procs: No such file or directory
10-30 14:49:31.047 11945 11945 W ThreadPoolForeg: type=1400 audit(0.0:7954): avc: denied { setattr } for name="model-info.pb" dev="dm-2" ino=1504910 scontext=u:r:isolated_app:s0:c512,c768 tcontext=u:object_r:app_data_file:s0:c512,c768 tclass=file permissive=0
10-30 14:49:31.047 11945 11945 W ThreadPoolForeg: type=1400 audit(0.0:7955): avc: denied { setattr } for name="model.tflite" dev="dm-2" ino=1504923 scontext=u:r:isolated_app:s0:c512,c768 tcontext=u:object_r:app_data_file:s0:c512,c768 tclass=file permissive=0
10-30 14:49:31.059 11904 11935 I chromium: [INFO:child_process_service.cc(69)] ChildProcessService: Exiting child process.
10-30 14:49:31.061 11076 11076 W chromium: [WARNING:compositor_view.cc(342)] Child process died (type=6) pid=11897)
10-30 14:49:31.064   422   422 E lowmemorykiller: Error writing /proc/11904/oom_score_adj; errno=22
10-30 14:49:31.068   772 13021 I ActivityManager: Killing 11904:com.android.chrome:sandboxed_process28/u0a60i515 (adj 0): isolated not needed
10-30 14:49:31.068   772   790 W zygote64: failed to open /acct/uid_99515/pid_11904/cgroup.procs: No such file or directory
10-30 14:49:31.091 11076 11076 W chromium: [WARNING:compositor_view.cc(342)] Child process died (type=6) pid=11904)
10-30 14:49:31.095 11640 11679 I tflite  : Initialized TensorFlow Lite runtime.
10-30 14:49:32.513 11076 11142 I cr_omaha: OmahaBase::generateAndPostRequest(): Sending request to Omaha:
10-30 14:49:32.513 11076 11142 I cr_omaha: <?xml version='1.0' encoding='UTF-8' standalone='yes' ?><request protocol="3.0" updater="Android" updaterversion="106.0.5249.79" updaterchannel="chrome" ismachine="1" requestid="{36657338-6ea3-4eb0-9ef6-543e61ef4b96}" sessionid="{03125c5c-ca94-4345-9341-255e41456dbc}" installsource="system_image" dedup="cr"><os platform="android" version="8.0.0" arch="arm" /><app brand="" client="ms-android-google" appid="{387E11AD-7109-45F6-83CF-CAA241ADC9DF}" version="106.0.5249.79" nextversion="" lang="en-US" installage="-1" ap="chrome;google;nexus 5x"><event eventtype="2" eventresult="1" /></app></request>
10-30 14:49:32.770 11076 11076 I cr_tabmodel: Appending tabs being restored to metadata lists, 0, startingNormalCount: 2, startingIncognitoCount: 0
10-30 14:49:32.771 11076 11076 I cr_tabmodel: Serializing tab lists; counts: 2, 0
10-30 14:49:32.814 11076 11142 I cr_omaha: OmahaBase::generateAndPostRequest(): Received response from Omaha:
10-30 14:49:32.814 11076 11142 I cr_omaha: <?xml version="1.0" encoding="UTF-8"?><response protocol="3.0" server="prod"><daystart elapsed_days="5781" elapsed_seconds="24571"/><app appid="{387E11AD-7109-45F6-83CF-CAA241ADC9DF}" status="ok"><event status="ok"/></app></response>
10-30 14:49:32.821 11076 11142 I cr_omaha: Request to Server Successful. Timestamp for next request:1667141372821
10-30 14:49:32.832 11076 11142 I cr_omaha: OmahaBase::generateAndPostRequest(): Sending request to Omaha:
10-30 14:49:32.832 11076 11142 I cr_omaha: <?xml version='1.0' encoding='UTF-8' standalone='yes' ?><request protocol="3.0" updater="Android" updaterversion="106.0.5249.79" updaterchannel="chrome" ismachine="1" requestid="{996e7258-4ee1-44fe-8717-e10d8a66ce56}" sessionid="{03125c5c-ca94-4345-9341-255e41456dbc}" installsource="system_image" dedup="cr"><os platform="android" version="8.0.0" arch="arm" /><app brand="" client="ms-android-google" appid="{387E11AD-7109-45F6-83CF-CAA241ADC9DF}" version="106.0.5249.79" nextversion="" lang="en-US" installage="0" ap="chrome;google;nexus 5x"><updatecheck /><ping active="1" ad="5781" rd="5781" /></app></request>
10-30 14:49:32.888 11076 11142 I cr_omaha: OmahaBase::generateAndPostRequest(): Received response from Omaha:
10-30 14:49:32.888 11076 11142 I cr_omaha: <?xml version="1.0" encoding="UTF-8"?><response protocol="3.0" server="prod"><daystart elapsed_days="5781" elapsed_seconds="24571"/><app appid="{387E11AD-7109-45F6-83CF-CAA241ADC9DF}" cohort="1:hyx:" cohortname="Stable Chrome" status="ok"><updatecheck status="noupdate"/><ping status="ok"/></app></response>
10-30 14:49:32.890 11076 11142 I cr_omaha: Request to Server Successful. Timestamp for next request:1667141372890
10-30 14:49:32.899 11076 11142 I cr_omaha: Attempting to schedule next job for: Sun Oct 30 19:49:32 GMT+01:00 2022
10-30 14:49:32.903 11076 11076 I cr_omaha: Scheduled using JobService
10-30 14:49:32.904 11076 11076 E cr_BkgrdTaskJS: Tried finishing non-current BackgroundTask.
10-30 14:49:32.906 11076 11076 W chromium: [WARNING:controller_impl.cc(1190)] Background download complete, client: 6, completion type: 0, file size:9419
10-30 14:49:32.932 11950 11950 E /system/bin/webview_zygote32: failed to make and chown /acct/uid_99516: Permission denied
10-30 14:49:32.932 11950 11950 E Zygote  : createProcessGroup(99516, 0) failed: Permission denied
10-30 14:49:32.934   772  1259 I ActivityManager: Start proc 11950:com.android.chrome:sandboxed_process29/u0i516 for webview_service com.android.chrome/org.chromium.content.app.SandboxedProcessService29
10-30 14:49:32.955 11950 11950 I SamplingProfilerIntegration: Profiling disabled.
10-30 14:49:32.974 11963 11963 E asset   : setgid: Operation not permitted
10-30 14:49:33.004 11950 11950 I cr_SplitCompatApp: Launched version=106.0.5249.79 minSdkVersion=24 isBundle=true processName=com.android.chrome:sandboxed_process29 isIsolated=true
10-30 14:49:33.012 11950 11950 W SystemServiceRegistry: No service published for: uimode
10-30 14:49:33.020 26466 26466 D BoundBrokerSvc: onBind: Intent { act=com.google.android.gms.common.BIND_SHARED_PREFS pkg=com.google.android.gms }
10-30 14:49:33.020 26466 26466 D BoundBrokerSvc: Loading bound service for intent: Intent { act=com.google.android.gms.common.BIND_SHARED_PREFS pkg=com.google.android.gms }
10-30 14:49:33.023 11950 11950 I cr_ChildProcessService: Creating new ChildProcessService pid=11950
10-30 14:49:33.028 26466 26466 D BoundBrokerSvc: onUnbind: Intent { act=com.google.android.gms.common.BIND_SHARED_PREFS pkg=com.google.android.gms }
10-30 14:49:33.034 11950 11950 E WebViewFactory: can't load with relro file; address space not reserved
10-30 14:49:33.054 11950 11966 I cr_LibraryLoader: Successfully loaded native library
10-30 14:49:33.056 11950 11966 I cr_CachingUmaRecorder: Flushed 3 samples from 3 histograms.
10-30 14:49:33.080 11971 11971 W ThreadPoolForeg: type=1400 audit(0.0:7956): avc: denied { setattr } for name="model-info.pb" dev="dm-2" ino=1504948 scontext=u:r:isolated_app:s0:c512,c768 tcontext=u:object_r:app_data_file:s0:c512,c768 tclass=file permissive=0
10-30 14:49:33.080 11971 11971 W ThreadPoolForeg: type=1400 audit(0.0:7957): avc: denied { setattr } for name="model.tflite" dev="dm-2" ino=1504949 scontext=u:r:isolated_app:s0:c512,c768 tcontext=u:object_r:app_data_file:s0:c512,c768 tclass=file permissive=0
10-30 14:49:33.087 11950 11966 I chromium: [INFO:child_process_service.cc(69)] ChildProcessService: Exiting child process.
10-30 14:49:33.092   422   422 E lowmemorykiller: Error writing /proc/11950/oom_score_adj; errno=22
10-30 14:49:33.093   772  2970 I ActivityManager: Killing 11950:com.android.chrome:sandboxed_process29/u0a60i516 (adj 0): isolated not needed
10-30 14:49:33.093   772   790 W zygote64: failed to open /acct/uid_99516/pid_11950/cgroup.procs: No such file or directory
10-30 14:49:33.100 11076 11076 W chromium: [WARNING:compositor_view.cc(342)] Child process died (type=6) pid=11950)
10-30 14:49:37.846 11076 11076 E cr_BTSPrefs: No data found for task id: 56
10-30 14:49:37.847 11076 11076 E cr_BkgrdTaskScheduler: Task cannot be canceled because no data was found instorage or data was invalid
10-30 14:49:41.945 11076 11076 W ResourceType: Failure getting entry for 0x7f010888 (t=0 e=2184) (error -75)
10-30 14:49:41.988 11076 11076 I chatty  : uid=10060(u0_a60) com.android.chrome:sandboxed identical 7 lines
10-30 14:49:41.992 11076 11076 W ResourceType: Failure getting entry for 0x7f010888 (t=0 e=2184) (error -75)
10-30 14:49:41.997 11076 11076 I cr_TopSites: Start a new task.
10-30 14:49:41.998 11076 11142 I cr_TopSites: Serializing top sites lists finished; count: 9
10-30 14:49:42.004 11076 11142 I cr_TopSites: Finished saving top sites list to file:/data/user/0/com.android.chrome/app_top_sites/top_sites
10-30 14:50:19.650 11076 11076 I cr_media: Create MediaDrmBridge with level L3 and origin FEABFD8D2188AE33E04F532856C3E690
10-30 14:50:19.677   361   361 W /system/bin/hwservicemanager: getTransportFromManifest: Cannot find entry android.hardware.drm@1.0::IDrmFactory in either framework or device manifest, using default transport.
10-30 14:50:19.737   562 19051 I DrmHal  : makeDrmFactories: using default drm instance
10-30 14:50:19.750   361   361 W /system/bin/hwservicemanager: getTransportFromManifest: Cannot find entry android.hardware.drm@1.0::IDrmFactory in either framework or device manifest, using default transport.
10-30 14:50:19.787   562 19050 I DrmHal  : makeDrmFactories: using default drm instance
10-30 14:50:19.787   562 19051 D WVCdm   : Instantiating CDM.
10-30 14:50:19.798   562   562 I WVCdm   : CdmEngine::QueryStatus
10-30 14:50:19.798   562   562 I WVCdm   : Level3 Library 4445 May 19 2017 17:17:20
10-30 14:50:19.810   562   562 D QSEECOMAPI: : QSEECom_get_handle sb_length = 0x19000
10-30 14:50:19.810   562   562 D QSEECOMAPI: : App is not loaded in QSEE
10-30 14:50:19.870   562   562 D QSEECOMAPI: : Loaded image: APP id = 461
10-30 14:50:19.872   562   562 D QSAPPSVER: qsapps_get_capabilities: Capability from secure side: 0x0
10-30 14:50:19.872   562   562 D QSAPPSVER: qsapps_get_capabilities: returns 0
10-30 14:50:19.872   562   562 E DrmWidevineDash: sion_buffer g_wv_fhandle->ion_sbuffer  0x0xf0292000
10-30 14:50:19.876   372   376 D DrmLibTime: got the req here! ret=0
10-30 14:50:19.876   372   376 D DrmLibTime: command id, time_cmd_id = 770
10-30 14:50:19.876   372   376 D DrmLibTime: time_getutcsec starts!
10-30 14:50:19.876   372   376 D DrmLibTime: QSEE Time Listener: time_getutcsec
10-30 14:50:19.876   372   376 D DrmLibTime: QSEE Time Listener: get_utc_seconds
10-30 14:50:19.876   372   376 D DrmLibTime: QSEE Time Listener: time_get_modem_time
10-30 14:50:19.876   372   376 D DrmLibTime: QSEE Time Listener: Checking if ATS_MODEM is set or not.
10-30 14:50:19.876   372   376 D QC-time-services: Lib:time_genoff_operation: pargs->base = 13
10-30 14:50:19.876   372   376 D QC-time-services: Lib:time_genoff_operation: pargs->operation = 2
10-30 14:50:19.876   372   376 D QC-time-services: Lib:time_genoff_operation: pargs->ts_val = 0
10-30 14:50:19.877   372   376 D QC-time-services: Lib:time_genoff_operation: Send to server  passed!!
10-30 14:50:19.877   625   647 D QC-time-services: Daemon: Connection accepted:time_genoff
10-30 14:50:19.877   625 11983 D QC-time-services: Daemon:Received base = 13, unit = 1, operation = 2,value = 0
10-30 14:50:19.877   625 11983 D QC-time-services: Daemon:genoff_opr: Base = 13, val = 0, operation = 2
10-30 14:50:19.877   625 11983 D QC-time-services: offset is: 0 for base: 13
10-30 14:50:19.878   372   376 E QC-time-services: Receive Passed == base = 13, unit = 1, operation = 2, result = 0
10-30 14:50:19.878   372   376 D DrmLibTime: QSEE Time Listener: ATS_MODEM is not set. Fallback to Android system time.
10-30 14:50:19.878   372   376 D DrmLibTime: QSEE Time Listener: Retrieved Android system time: 1667137819
10-30 14:50:19.878   372   376 D DrmLibTime: time_getutcsec returns 0, sec = 1667137819; nsec = 0
10-30 14:50:19.878   372   376 D DrmLibTime: time_getutcsec finished! 
10-30 14:50:19.878   372   376 D DrmLibTime: iotcl_continue_command finished! and return 0 
10-30 14:50:19.878   372   376 D DrmLibTime: before calling ioctl to read the next time_cmd
10-30 14:50:19.878   625   647 E QC-time-services: Daemon: Time-services: Waiting to acceptconnection
10-30 14:50:19.918   562   562 D WVCdm   : OEMCrypto_Initialize Level 1 success. I will use level 1.
10-30 14:50:19.919   562   562 D QSEECOMAPI: : QSEECom_dealloc_memory 
10-30 14:50:19.919   562   562 D QSEECOMAPI: : QSEECom_shutdown_app, app_id = 461
10-30 14:50:19.925   562   644 I WVCdm   : CdmEngine::OpenSession
10-30 14:50:19.926   562   644 I WVCdm   : Level3 Library 4445 May 19 2017 17:17:20
10-30 14:50:19.929   562   644 D QSEECOMAPI: : QSEECom_get_handle sb_length = 0x19000
10-30 14:50:19.929   562   644 D QSEECOMAPI: : App is not loaded in QSEE
10-30 14:50:19.978   562   644 D QSEECOMAPI: : Loaded image: APP id = 462
10-30 14:50:19.981   562   644 D QSAPPSVER: qsapps_get_capabilities: Capability from secure side: 0x0
10-30 14:50:19.981   562   644 D QSAPPSVER: qsapps_get_capabilities: returns 0
10-30 14:50:19.981   562   644 E DrmWidevineDash: sion_buffer g_wv_fhandle->ion_sbuffer  0x0xf0292000
10-30 14:50:19.985   372   376 D DrmLibTime: got the req here! ret=0
10-30 14:50:19.985   372   376 D DrmLibTime: command id, time_cmd_id = 770
10-30 14:50:19.985   372   376 D DrmLibTime: time_getutcsec starts!
10-30 14:50:19.985   372   376 D DrmLibTime: QSEE Time Listener: time_getutcsec
10-30 14:50:19.985   372   376 D DrmLibTime: QSEE Time Listener: get_utc_seconds
10-30 14:50:19.985   372   376 D DrmLibTime: QSEE Time Listener: time_get_modem_time
10-30 14:50:19.985   372   376 D DrmLibTime: QSEE Time Listener: Checking if ATS_MODEM is set or not.
10-30 14:50:19.985   372   376 D QC-time-services: Lib:time_genoff_operation: pargs->base = 13
10-30 14:50:19.985   372   376 D QC-time-services: Lib:time_genoff_operation: pargs->operation = 2
10-30 14:50:19.985   372   376 D QC-time-services: Lib:time_genoff_operation: pargs->ts_val = 0
10-30 14:50:19.985   372   376 D QC-time-services: Lib:time_genoff_operation: Send to server  passed!!
10-30 14:50:19.986   625   647 D QC-time-services: Daemon: Connection accepted:time_genoff
10-30 14:50:19.986   625 11984 D QC-time-services: Daemon:Received base = 13, unit = 1, operation = 2,value = 0
10-30 14:50:19.986   625 11984 D QC-time-services: Daemon:genoff_opr: Base = 13, val = 0, operation = 2
10-30 14:50:19.986   625 11984 D QC-time-services: offset is: 0 for base: 13
10-30 14:50:19.986   372   376 E QC-time-services: Receive Passed == base = 13, unit = 1, operation = 2, result = 0
10-30 14:50:19.986   372   376 D DrmLibTime: QSEE Time Listener: ATS_MODEM is not set. Fallback to Android system time.
10-30 14:50:19.986   372   376 D DrmLibTime: QSEE Time Listener: Retrieved Android system time: 1667137819
10-30 14:50:19.986   372   376 D DrmLibTime: time_getutcsec returns 0, sec = 1667137819; nsec = 0
10-30 14:50:19.986   372   376 D DrmLibTime: time_getutcsec finished! 
10-30 14:50:19.986   372   376 D DrmLibTime: iotcl_continue_command finished! and return 0 
10-30 14:50:19.986   372   376 D DrmLibTime: before calling ioctl to read the next time_cmd
10-30 14:50:19.987   625   647 E QC-time-services: Daemon: Time-services: Waiting to acceptconnection
10-30 14:50:20.020   562   644 D WVCdm   : OEMCrypto_Initialize Level 1 success. I will use level 1.
10-30 14:50:20.020   562   644 D WVCdm   : CryptoSession::Open: Lock: requested_security_level: L3
10-30 14:50:20.037   562   644 W WVCdm   : DeviceFiles::RetrieveHashedFile: /data/mediadrm/IDM1013/L3/cert.bin does not exist
10-30 14:50:20.038   562   644 D QSEECOMAPI: : QSEECom_dealloc_memory 
10-30 14:50:20.038   562   644 D QSEECOMAPI: : QSEECom_shutdown_app, app_id = 462
10-30 14:50:20.057   562 19050 I WVCdm   : Level3 Library 4445 May 19 2017 17:17:20
10-30 14:50:20.062   562 19050 D QSEECOMAPI: : QSEECom_get_handle sb_length = 0x19000
10-30 14:50:20.062   562 19050 D QSEECOMAPI: : App is not loaded in QSEE
10-30 14:50:20.115   562 19050 D QSEECOMAPI: : Loaded image: APP id = 463
10-30 14:50:20.120   562 19050 D QSAPPSVER: qsapps_get_capabilities: Capability from secure side: 0x0
10-30 14:50:20.120   562 19050 D QSAPPSVER: qsapps_get_capabilities: returns 0
10-30 14:50:20.120   562 19050 E DrmWidevineDash: sion_buffer g_wv_fhandle->ion_sbuffer  0x0xf0292000
10-30 14:50:20.125   372   376 D DrmLibTime: got the req here! ret=0
10-30 14:50:20.125   372   376 D DrmLibTime: command id, time_cmd_id = 770
10-30 14:50:20.125   372   376 D DrmLibTime: time_getutcsec starts!
10-30 14:50:20.125   372   376 D DrmLibTime: QSEE Time Listener: time_getutcsec
10-30 14:50:20.125   372   376 D DrmLibTime: QSEE Time Listener: get_utc_seconds
10-30 14:50:20.125   372   376 D DrmLibTime: QSEE Time Listener: time_get_modem_time
10-30 14:50:20.125   372   376 D DrmLibTime: QSEE Time Listener: Checking if ATS_MODEM is set or not.
10-30 14:50:20.125   372   376 D QC-time-services: Lib:time_genoff_operation: pargs->base = 13
10-30 14:50:20.125   372   376 D QC-time-services: Lib:time_genoff_operation: pargs->operation = 2
10-30 14:50:20.125   372   376 D QC-time-services: Lib:time_genoff_operation: pargs->ts_val = 0
10-30 14:50:20.125   372   376 D QC-time-services: Lib:time_genoff_operation: Send to server  passed!!
10-30 14:50:20.125   625   647 D QC-time-services: Daemon: Connection accepted:time_genoff
10-30 14:50:20.126   625 11985 D QC-time-services: Daemon:Received base = 13, unit = 1, operation = 2,value = 0
10-30 14:50:20.126   625 11985 D QC-time-services: Daemon:genoff_opr: Base = 13, val = 0, operation = 2
10-30 14:50:20.126   625 11985 D QC-time-services: offset is: 0 for base: 13
10-30 14:50:20.126   372   376 E QC-time-services: Receive Passed == base = 13, unit = 1, operation = 2, result = 0
10-30 14:50:20.126   372   376 D DrmLibTime: QSEE Time Listener: ATS_MODEM is not set. Fallback to Android system time.
10-30 14:50:20.126   372   376 D DrmLibTime: QSEE Time Listener: Retrieved Android system time: 1667137820
10-30 14:50:20.126   372   376 D DrmLibTime: time_getutcsec returns 0, sec = 1667137820; nsec = 0
10-30 14:50:20.126   372   376 D DrmLibTime: time_getutcsec finished! 
10-30 14:50:20.126   372   376 D DrmLibTime: iotcl_continue_command finished! and return 0 
10-30 14:50:20.126   372   376 D DrmLibTime: before calling ioctl to read the next time_cmd
10-30 14:50:20.127   625   647 E QC-time-services: Daemon: Time-services: Waiting to acceptconnection
10-30 14:50:20.159   562 19050 D WVCdm   : OEMCrypto_Initialize Level 1 success. I will use level 1.
10-30 14:50:20.160   562 19050 D WVCdm   : CryptoSession::Open: Lock: requested_security_level: L3
10-30 14:50:20.170 11076 11076 I cr_media: Provisioning origin ID FEABFD8D2188AE33E04F532856C3E690
10-30 14:50:20.174 11076 11076 I MediaDrm: Drm event (1,0)
10-30 14:50:20.174 11076 11076 E cr_media: EventListener: No session for event 1.
10-30 14:50:20.467   562  5487 D QSEECOMAPI: : QSEECom_dealloc_memory 
10-30 14:50:20.467   562  5487 D QSEECOMAPI: : QSEECom_shutdown_app, app_id = 463
10-30 14:50:20.472 11076 11076 I cr_media: Create MediaDrmBridge with level L1 and origin FEABFD8D2188AE33E04F532856C3E690
10-30 14:50:20.474   361   361 W /system/bin/hwservicemanager: getTransportFromManifest: Cannot find entry android.hardware.drm@1.0::IDrmFactory in either framework or device manifest, using default transport.
10-30 14:50:20.477   562 19051 I DrmHal  : makeDrmFactories: using default drm instance
10-30 14:50:20.480   361   361 W /system/bin/hwservicemanager: getTransportFromManifest: Cannot find entry android.hardware.drm@1.0::IDrmFactory in either framework or device manifest, using default transport.
10-30 14:50:20.482   562 19051 I DrmHal  : makeDrmFactories: using default drm instance
10-30 14:50:20.484   562  5487 I WVCdm   : CdmEngine::QueryStatus
10-30 14:50:20.484   562  5487 I WVCdm   : Level3 Library 4445 May 19 2017 17:17:20
10-30 14:50:20.488   562  5487 D QSEECOMAPI: : QSEECom_get_handle sb_length = 0x19000
10-30 14:50:20.488   562  5487 D QSEECOMAPI: : App is not loaded in QSEE
10-30 14:50:20.541   562  5487 D QSEECOMAPI: : Loaded image: APP id = 464
10-30 14:50:20.544   562  5487 D QSAPPSVER: qsapps_get_capabilities: Capability from secure side: 0x0
10-30 14:50:20.544   562  5487 D QSAPPSVER: qsapps_get_capabilities: returns 0
10-30 14:50:20.544   562  5487 E DrmWidevineDash: sion_buffer g_wv_fhandle->ion_sbuffer  0x0xf0283000
10-30 14:50:20.549   372   376 D DrmLibTime: got the req here! ret=0
10-30 14:50:20.549   372   376 D DrmLibTime: command id, time_cmd_id = 770
10-30 14:50:20.549   372   376 D DrmLibTime: time_getutcsec starts!
10-30 14:50:20.549   372   376 D DrmLibTime: QSEE Time Listener: time_getutcsec
10-30 14:50:20.549   372   376 D DrmLibTime: QSEE Time Listener: get_utc_seconds
10-30 14:50:20.549   372   376 D DrmLibTime: QSEE Time Listener: time_get_modem_time
10-30 14:50:20.549   372   376 D DrmLibTime: QSEE Time Listener: Checking if ATS_MODEM is set or not.
10-30 14:50:20.549   372   376 D QC-time-services: Lib:time_genoff_operation: pargs->base = 13
10-30 14:50:20.549   372   376 D QC-time-services: Lib:time_genoff_operation: pargs->operation = 2
10-30 14:50:20.549   372   376 D QC-time-services: Lib:time_genoff_operation: pargs->ts_val = 0
10-30 14:50:20.549   372   376 D QC-time-services: Lib:time_genoff_operation: Send to server  passed!!
10-30 14:50:20.549   625   647 D QC-time-services: Daemon: Connection accepted:time_genoff
10-30 14:50:20.550   625 11990 D QC-time-services: Daemon:Received base = 13, unit = 1, operation = 2,value = 0
10-30 14:50:20.550   625 11990 D QC-time-services: Daemon:genoff_opr: Base = 13, val = 0, operation = 2
10-30 14:50:20.550   625 11990 D QC-time-services: offset is: 0 for base: 13
10-30 14:50:20.550   372   376 E QC-time-services: Receive Passed == base = 13, unit = 1, operation = 2, result = 0
10-30 14:50:20.550   372   376 D DrmLibTime: QSEE Time Listener: ATS_MODEM is not set. Fallback to Android system time.
10-30 14:50:20.550   372   376 D DrmLibTime: QSEE Time Listener: Retrieved Android system time: 1667137820
10-30 14:50:20.550   372   376 D DrmLibTime: time_getutcsec returns 0, sec = 1667137820; nsec = 0
10-30 14:50:20.550   372   376 D DrmLibTime: time_getutcsec finished! 
10-30 14:50:20.550   372   376 D DrmLibTime: iotcl_continue_command finished! and return 0 
10-30 14:50:20.550   372   376 D DrmLibTime: before calling ioctl to read the next time_cmd
10-30 14:50:20.550   625   647 E QC-time-services: Daemon: Time-services: Waiting to acceptconnection
10-30 14:50:20.585   562  5487 D WVCdm   : OEMCrypto_Initialize Level 1 success. I will use level 1.
10-30 14:50:20.586   562  5487 D QSEECOMAPI: : QSEECom_dealloc_memory 
10-30 14:50:20.586   562  5487 D QSEECOMAPI: : QSEECom_shutdown_app, app_id = 464
10-30 14:50:20.591   562   644 I WVCdm   : CdmEngine::OpenSession
10-30 14:50:20.591   562   644 I WVCdm   : Level3 Library 4445 May 19 2017 17:17:20
10-30 14:50:20.595   562   644 D QSEECOMAPI: : QSEECom_get_handle sb_length = 0x19000
10-30 14:50:20.595   562   644 D QSEECOMAPI: : App is not loaded in QSEE
10-30 14:50:20.647   562   644 D QSEECOMAPI: : Loaded image: APP id = 465
10-30 14:50:20.651   562   644 D QSAPPSVER: qsapps_get_capabilities: Capability from secure side: 0x0
10-30 14:50:20.651   562   644 D QSAPPSVER: qsapps_get_capabilities: returns 0
10-30 14:50:20.651   562   644 E DrmWidevineDash: sion_buffer g_wv_fhandle->ion_sbuffer  0x0xf0283000
10-30 14:50:20.655   372   376 D DrmLibTime: got the req here! ret=0
10-30 14:50:20.655   372   376 D DrmLibTime: command id, time_cmd_id = 770
10-30 14:50:20.655   372   376 D DrmLibTime: time_getutcsec starts!
10-30 14:50:20.655   372   376 D DrmLibTime: QSEE Time Listener: time_getutcsec
10-30 14:50:20.655   372   376 D DrmLibTime: QSEE Time Listener: get_utc_seconds
10-30 14:50:20.655   372   376 D DrmLibTime: QSEE Time Listener: time_get_modem_time
10-30 14:50:20.655   372   376 D DrmLibTime: QSEE Time Listener: Checking if ATS_MODEM is set or not.
10-30 14:50:20.655   372   376 D QC-time-services: Lib:time_genoff_operation: pargs->base = 13
10-30 14:50:20.655   372   376 D QC-time-services: Lib:time_genoff_operation: pargs->operation = 2
10-30 14:50:20.655   372   376 D QC-time-services: Lib:time_genoff_operation: pargs->ts_val = 0
10-30 14:50:20.656   372   376 D QC-time-services: Lib:time_genoff_operation: Send to server  passed!!
10-30 14:50:20.656   625   647 D QC-time-services: Daemon: Connection accepted:time_genoff
10-30 14:50:20.656   625 11991 D QC-time-services: Daemon:Received base = 13, unit = 1, operation = 2,value = 0
10-30 14:50:20.656   625 11991 D QC-time-services: Daemon:genoff_opr: Base = 13, val = 0, operation = 2
10-30 14:50:20.656   625 11991 D QC-time-services: offset is: 0 for base: 13
10-30 14:50:20.656   372   376 E QC-time-services: Receive Passed == base = 13, unit = 1, operation = 2, result = 0
10-30 14:50:20.656   372   376 D DrmLibTime: QSEE Time Listener: ATS_MODEM is not set. Fallback to Android system time.
10-30 14:50:20.656   372   376 D DrmLibTime: QSEE Time Listener: Retrieved Android system time: 1667137820
10-30 14:50:20.656   372   376 D DrmLibTime: time_getutcsec returns 0, sec = 1667137820; nsec = 0
10-30 14:50:20.656   372   376 D DrmLibTime: time_getutcsec finished! 
10-30 14:50:20.656   372   376 D DrmLibTime: iotcl_continue_command finished! and return 0 
10-30 14:50:20.656   372   376 D DrmLibTime: before calling ioctl to read the next time_cmd
10-30 14:50:20.657   625   647 E QC-time-services: Daemon: Time-services: Waiting to acceptconnection
10-30 14:50:20.692   562   644 D WVCdm   : OEMCrypto_Initialize Level 1 success. I will use level 1.
10-30 14:50:20.692   562   644 D WVCdm   : CryptoSession::Open: Lock: requested_security_level: Default
10-30 14:50:20.695   562   644 W WVCdm   : DeviceFiles::RetrieveHashedFile: /data/mediadrm/IDM1013/L1/cert.bin does not exist
10-30 14:50:20.697   562   644 D QSEECOMAPI: : QSEECom_dealloc_memory 
10-30 14:50:20.697   562   644 D QSEECOMAPI: : QSEECom_shutdown_app, app_id = 465
10-30 14:50:20.700   562  5487 I WVCdm   : Level3 Library 4445 May 19 2017 17:17:20
10-30 14:50:20.708   562  5487 D QSEECOMAPI: : QSEECom_get_handle sb_length = 0x19000
10-30 14:50:20.708   562  5487 D QSEECOMAPI: : App is not loaded in QSEE
10-30 14:50:20.753   562  5487 D QSEECOMAPI: : Loaded image: APP id = 466
10-30 14:50:20.757   562  5487 D QSAPPSVER: qsapps_get_capabilities: Capability from secure side: 0x0
10-30 14:50:20.757   562  5487 D QSAPPSVER: qsapps_get_capabilities: returns 0
10-30 14:50:20.757   562  5487 E DrmWidevineDash: sion_buffer g_wv_fhandle->ion_sbuffer  0x0xf0283000
10-30 14:50:20.760   372   376 D DrmLibTime: got the req here! ret=0
10-30 14:50:20.760   372   376 D DrmLibTime: command id, time_cmd_id = 770
10-30 14:50:20.760   372   376 D DrmLibTime: time_getutcsec starts!
10-30 14:50:20.761   372   376 D DrmLibTime: QSEE Time Listener: time_getutcsec
10-30 14:50:20.761   372   376 D DrmLibTime: QSEE Time Listener: get_utc_seconds
10-30 14:50:20.761   372   376 D DrmLibTime: QSEE Time Listener: time_get_modem_time
10-30 14:50:20.761   372   376 D DrmLibTime: QSEE Time Listener: Checking if ATS_MODEM is set or not.
10-30 14:50:20.761   372   376 D QC-time-services: Lib:time_genoff_operation: pargs->base = 13
10-30 14:50:20.761   372   376 D QC-time-services: Lib:time_genoff_operation: pargs->operation = 2
10-30 14:50:20.761   372   376 D QC-time-services: Lib:time_genoff_operation: pargs->ts_val = 0
10-30 14:50:20.761   372   376 D QC-time-services: Lib:time_genoff_operation: Send to server  passed!!
10-30 14:50:20.761   625   647 D QC-time-services: Daemon: Connection accepted:time_genoff
10-30 14:50:20.762   625 11992 D QC-time-services: Daemon:Received base = 13, unit = 1, operation = 2,value = 0
10-30 14:50:20.762   625 11992 D QC-time-services: Daemon:genoff_opr: Base = 13, val = 0, operation = 2
10-30 14:50:20.762   625 11992 D QC-time-services: offset is: 0 for base: 13
10-30 14:50:20.762   372   376 E QC-time-services: Receive Passed == base = 13, unit = 1, operation = 2, result = 0
10-30 14:50:20.762   372   376 D DrmLibTime: QSEE Time Listener: ATS_MODEM is not set. Fallback to Android system time.
10-30 14:50:20.762   372   376 D DrmLibTime: QSEE Time Listener: Retrieved Android system time: 1667137820
10-30 14:50:20.762   372   376 D DrmLibTime: time_getutcsec returns 0, sec = 1667137820; nsec = 0
10-30 14:50:20.762   372   376 D DrmLibTime: time_getutcsec finished! 
10-30 14:50:20.762   372   376 D DrmLibTime: iotcl_continue_command finished! and return 0 
10-30 14:50:20.762   372   376 D DrmLibTime: before calling ioctl to read the next time_cmd
10-30 14:50:20.763   625   647 E QC-time-services: Daemon: Time-services: Waiting to acceptconnection
10-30 14:50:20.799   562  5487 D WVCdm   : OEMCrypto_Initialize Level 1 success. I will use level 1.
10-30 14:50:20.799   562  5487 D WVCdm   : CryptoSession::Open: Lock: requested_security_level: Default
10-30 14:50:20.899   562  5487 E DrmWidevineDash: OEMCrypto_GenerateSignature : input wrapped_rsa_key == NULL!, return short buffer
10-30 14:50:20.902 11076 11076 I cr_media: Provisioning origin ID FEABFD8D2188AE33E04F532856C3E690
10-30 14:50:20.925 11076 11076 I MediaDrm: Drm event (1,0)
10-30 14:50:20.925 11076 11076 E cr_media: EventListener: No session for event 1.
10-30 14:50:20.949   562   562 E DrmWidevineDash: OEMCrypto_RewrapDeviceRSAKey : input wrapped_rsa_key == NULL!, return short buffer
10-30 14:50:20.965   562   562 D QSEECOMAPI: : QSEECom_dealloc_memory 
10-30 14:50:20.965   562   562 D QSEECOMAPI: : QSEECom_shutdown_app, app_id = 466
10-30 14:50:20.972 11076 11076 I cr_media: Create MediaDrmBridge with level L3 and origin 40F4EDBB7F6702C6918F1FB8E2197652
10-30 14:50:20.975   361   361 W /system/bin/hwservicemanager: getTransportFromManifest: Cannot find entry android.hardware.drm@1.0::IDrmFactory in either framework or device manifest, using default transport.
10-30 14:50:21.014   562  5487 I DrmHal  : makeDrmFactories: using default drm instance
10-30 14:50:21.017   361   361 W /system/bin/hwservicemanager: getTransportFromManifest: Cannot find entry android.hardware.drm@1.0::IDrmFactory in either framework or device manifest, using default transport.
10-30 14:50:21.060   562  5487 I DrmHal  : makeDrmFactories: using default drm instance
10-30 14:50:21.061   562   562 D WVCdm   : Instantiating CDM.
10-30 14:50:21.062   562   562 I WVCdm   : CdmEngine::QueryStatus
10-30 14:50:21.063   562   562 I WVCdm   : Level3 Library 4445 May 19 2017 17:17:20
10-30 14:50:21.068   562   562 D QSEECOMAPI: : QSEECom_get_handle sb_length = 0x19000
10-30 14:50:21.068   562   562 D QSEECOMAPI: : App is not loaded in QSEE
10-30 14:50:21.121   562   562 D QSEECOMAPI: : Loaded image: APP id = 467
10-30 14:50:21.125   562   562 D QSAPPSVER: qsapps_get_capabilities: Capability from secure side: 0x0
10-30 14:50:21.125   562   562 D QSAPPSVER: qsapps_get_capabilities: returns 0
10-30 14:50:21.125   562   562 E DrmWidevineDash: sion_buffer g_wv_fhandle->ion_sbuffer  0x0xf0292000
10-30 14:50:21.129   372   376 D DrmLibTime: got the req here! ret=0
10-30 14:50:21.129   372   376 D DrmLibTime: command id, time_cmd_id = 770
10-30 14:50:21.129   372   376 D DrmLibTime: time_getutcsec starts!
10-30 14:50:21.129   372   376 D DrmLibTime: QSEE Time Listener: time_getutcsec
10-30 14:50:21.129   372   376 D DrmLibTime: QSEE Time Listener: get_utc_seconds
10-30 14:50:21.129   372   376 D DrmLibTime: QSEE Time Listener: time_get_modem_time
10-30 14:50:21.129   372   376 D DrmLibTime: QSEE Time Listener: Checking if ATS_MODEM is set or not.
10-30 14:50:21.129   372   376 D QC-time-services: Lib:time_genoff_operation: pargs->base = 13
10-30 14:50:21.129   372   376 D QC-time-services: Lib:time_genoff_operation: pargs->operation = 2
10-30 14:50:21.129   372   376 D QC-time-services: Lib:time_genoff_operation: pargs->ts_val = 0
10-30 14:50:21.130   372   376 D QC-time-services: Lib:time_genoff_operation: Send to server  passed!!
10-30 14:50:21.130   625   647 D QC-time-services: Daemon: Connection accepted:time_genoff
10-30 14:50:21.130   625 11997 D QC-time-services: Daemon:Received base = 13, unit = 1, operation = 2,value = 0
10-30 14:50:21.130   625 11997 D QC-time-services: Daemon:genoff_opr: Base = 13, val = 0, operation = 2
10-30 14:50:21.130   625 11997 D QC-time-services: offset is: 0 for base: 13
10-30 14:50:21.130   372   376 E QC-time-services: Receive Passed == base = 13, unit = 1, operation = 2, result = 0
10-30 14:50:21.130   372   376 D DrmLibTime: QSEE Time Listener: ATS_MODEM is not set. Fallback to Android system time.
10-30 14:50:21.130   372   376 D DrmLibTime: QSEE Time Listener: Retrieved Android system time: 1667137821
10-30 14:50:21.130   372   376 D DrmLibTime: time_getutcsec returns 0, sec = 1667137821; nsec = 0
10-30 14:50:21.130   372   376 D DrmLibTime: time_getutcsec finished! 
10-30 14:50:21.130   372   376 D DrmLibTime: iotcl_continue_command finished! and return 0 
10-30 14:50:21.130   372   376 D DrmLibTime: before calling ioctl to read the next time_cmd
10-30 14:50:21.131   625   647 E QC-time-services: Daemon: Time-services: Waiting to acceptconnection
10-30 14:50:21.168   562   562 D WVCdm   : OEMCrypto_Initialize Level 1 success. I will use level 1.
10-30 14:50:21.170   562   562 D QSEECOMAPI: : QSEECom_dealloc_memory 
10-30 14:50:21.170   562   562 D QSEECOMAPI: : QSEECom_shutdown_app, app_id = 467
10-30 14:50:21.174   562  5487 I WVCdm   : CdmEngine::OpenSession
10-30 14:50:21.174   562  5487 I WVCdm   : Level3 Library 4445 May 19 2017 17:17:20
10-30 14:50:21.178   562  5487 D QSEECOMAPI: : QSEECom_get_handle sb_length = 0x19000
10-30 14:50:21.179   562  5487 D QSEECOMAPI: : App is not loaded in QSEE
10-30 14:50:21.231   562  5487 D QSEECOMAPI: : Loaded image: APP id = 468
10-30 14:50:21.235   562  5487 D QSAPPSVER: qsapps_get_capabilities: Capability from secure side: 0x0
10-30 14:50:21.235   562  5487 D QSAPPSVER: qsapps_get_capabilities: returns 0
10-30 14:50:21.235   562  5487 E DrmWidevineDash: sion_buffer g_wv_fhandle->ion_sbuffer  0x0xf0292000
10-30 14:50:21.241   372   376 D DrmLibTime: got the req here! ret=0
10-30 14:50:21.241   372   376 D DrmLibTime: command id, time_cmd_id = 770
10-30 14:50:21.241   372   376 D DrmLibTime: time_getutcsec starts!
10-30 14:50:21.241   372   376 D DrmLibTime: QSEE Time Listener: time_getutcsec
10-30 14:50:21.241   372   376 D DrmLibTime: QSEE Time Listener: get_utc_seconds
10-30 14:50:21.241   372   376 D DrmLibTime: QSEE Time Listener: time_get_modem_time
10-30 14:50:21.241   372   376 D DrmLibTime: QSEE Time Listener: Checking if ATS_MODEM is set or not.
10-30 14:50:21.241   372   376 D QC-time-services: Lib:time_genoff_operation: pargs->base = 13
10-30 14:50:21.241   372   376 D QC-time-services: Lib:time_genoff_operation: pargs->operation = 2
10-30 14:50:21.241   372   376 D QC-time-services: Lib:time_genoff_operation: pargs->ts_val = 0
10-30 14:50:21.241   372   376 D QC-time-services: Lib:time_genoff_operation: Send to server  passed!!
10-30 14:50:21.241   625   647 D QC-time-services: Daemon: Connection accepted:time_genoff
10-30 14:50:21.242   625 11998 D QC-time-services: Daemon:Received base = 13, unit = 1, operation = 2,value = 0
10-30 14:50:21.242   625 11998 D QC-time-services: Daemon:genoff_opr: Base = 13, val = 0, operation = 2
10-30 14:50:21.242   625 11998 D QC-time-services: offset is: 0 for base: 13
10-30 14:50:21.242   372   376 E QC-time-services: Receive Passed == base = 13, unit = 1, operation = 2, result = 0
10-30 14:50:21.243   372   376 D DrmLibTime: QSEE Time Listener: ATS_MODEM is not set. Fallback to Android system time.
10-30 14:50:21.243   372   376 D DrmLibTime: QSEE Time Listener: Retrieved Android system time: 1667137821
10-30 14:50:21.243   372   376 D DrmLibTime: time_getutcsec returns 0, sec = 1667137821; nsec = 0
10-30 14:50:21.243   372   376 D DrmLibTime: time_getutcsec finished! 
10-30 14:50:21.243   372   376 D DrmLibTime: iotcl_continue_command finished! and return 0 
10-30 14:50:21.243   372   376 D DrmLibTime: before calling ioctl to read the next time_cmd
10-30 14:50:21.243   625   647 E QC-time-services: Daemon: Time-services: Waiting to acceptconnection
10-30 14:50:21.279   562  5487 D WVCdm   : OEMCrypto_Initialize Level 1 success. I will use level 1.
10-30 14:50:21.279   562  5487 D WVCdm   : CryptoSession::Open: Lock: requested_security_level: L3
10-30 14:50:21.285   562  5487 W WVCdm   : DeviceFiles::RetrieveHashedFile: /data/mediadrm/IDM1013/L3/cert.bin does not exist
10-30 14:50:21.287   562  5487 D QSEECOMAPI: : QSEECom_dealloc_memory 
10-30 14:50:21.287   562  5487 D QSEECOMAPI: : QSEECom_shutdown_app, app_id = 468
10-30 14:50:21.291   562 19050 I WVCdm   : Level3 Library 4445 May 19 2017 17:17:20
10-30 14:50:21.300   562 19050 D QSEECOMAPI: : QSEECom_get_handle sb_length = 0x19000
10-30 14:50:21.300   562 19050 D QSEECOMAPI: : App is not loaded in QSEE
10-30 14:50:21.356   562 19050 D QSEECOMAPI: : Loaded image: APP id = 469
10-30 14:50:21.362   562 19050 D QSAPPSVER: qsapps_get_capabilities: Capability from secure side: 0x0
10-30 14:50:21.362   562 19050 D QSAPPSVER: qsapps_get_capabilities: returns 0
10-30 14:50:21.362   562 19050 E DrmWidevineDash: sion_buffer g_wv_fhandle->ion_sbuffer  0x0xf0292000
10-30 14:50:21.365   372   376 D DrmLibTime: got the req here! ret=0
10-30 14:50:21.365   372   376 D DrmLibTime: command id, time_cmd_id = 770
10-30 14:50:21.365   372   376 D DrmLibTime: time_getutcsec starts!
10-30 14:50:21.365   372   376 D DrmLibTime: QSEE Time Listener: time_getutcsec
10-30 14:50:21.365   372   376 D DrmLibTime: QSEE Time Listener: get_utc_seconds
10-30 14:50:21.365   372   376 D DrmLibTime: QSEE Time Listener: time_get_modem_time
10-30 14:50:21.365   372   376 D DrmLibTime: QSEE Time Listener: Checking if ATS_MODEM is set or not.
10-30 14:50:21.365   372   376 D QC-time-services: Lib:time_genoff_operation: pargs->base = 13
10-30 14:50:21.365   372   376 D QC-time-services: Lib:time_genoff_operation: pargs->operation = 2
10-30 14:50:21.365   372   376 D QC-time-services: Lib:time_genoff_operation: pargs->ts_val = 0
10-30 14:50:21.365   372   376 D QC-time-services: Lib:time_genoff_operation: Send to server  passed!!
10-30 14:50:21.365   625   647 D QC-time-services: Daemon: Connection accepted:time_genoff
10-30 14:50:21.366   625 11999 D QC-time-services: Daemon:Received base = 13, unit = 1, operation = 2,value = 0
10-30 14:50:21.366   625 11999 D QC-time-services: Daemon:genoff_opr: Base = 13, val = 0, operation = 2
10-30 14:50:21.366   625 11999 D QC-time-services: offset is: 0 for base: 13
10-30 14:50:21.366   372   376 E QC-time-services: Receive Passed == base = 13, unit = 1, operation = 2, result = 0
10-30 14:50:21.366   372   376 D DrmLibTime: QSEE Time Listener: ATS_MODEM is not set. Fallback to Android system time.
10-30 14:50:21.366   372   376 D DrmLibTime: QSEE Time Listener: Retrieved Android system time: 1667137821
10-30 14:50:21.366   372   376 D DrmLibTime: time_getutcsec returns 0, sec = 1667137821; nsec = 0
10-30 14:50:21.366   372   376 D DrmLibTime: time_getutcsec finished! 
10-30 14:50:21.366   372   376 D DrmLibTime: iotcl_continue_command finished! and return 0 
10-30 14:50:21.366   372   376 D DrmLibTime: before calling ioctl to read the next time_cmd
10-30 14:50:21.367   625   647 E QC-time-services: Daemon: Time-services: Waiting to acceptconnection
10-30 14:50:21.394   562 19050 D WVCdm   : OEMCrypto_Initialize Level 1 success. I will use level 1.
10-30 14:50:21.395   562 19050 D WVCdm   : CryptoSession::Open: Lock: requested_security_level: L3
10-30 14:50:21.407 11076 11076 I cr_media: Provisioning origin ID 40F4EDBB7F6702C6918F1FB8E2197652
10-30 14:50:21.409 11076 11076 I MediaDrm: Drm event (1,0)
10-30 14:50:21.409 11076 11076 E cr_media: EventListener: No session for event 1.
10-30 14:50:21.429 12000 12000 E /system/bin/webview_zygote32: failed to make and chown /acct/uid_99517: Permission denied
10-30 14:50:21.429 12000 12000 E Zygote  : createProcessGroup(99517, 0) failed: Permission denied
10-30 14:50:21.431   772   785 I ActivityManager: Start proc 12000:com.android.chrome:sandboxed_process30/u0i517 for webview_service com.android.chrome/org.chromium.content.app.SandboxedProcessService30
10-30 14:50:21.450 12000 12000 I SamplingProfilerIntegration: Profiling disabled.
10-30 14:50:21.458   562   644 D QSEECOMAPI: : QSEECom_dealloc_memory 
10-30 14:50:21.458   562   644 D QSEECOMAPI: : QSEECom_shutdown_app, app_id = 469
10-30 14:50:21.461 11076 11076 I cr_media: Create MediaDrmBridge with level L1 and origin 40F4EDBB7F6702C6918F1FB8E2197652
10-30 14:50:21.463   361   361 W /system/bin/hwservicemanager: getTransportFromManifest: Cannot find entry android.hardware.drm@1.0::IDrmFactory in either framework or device manifest, using default transport.
10-30 14:50:21.466   562 19051 I DrmHal  : makeDrmFactories: using default drm instance
10-30 14:50:21.469 12014 12014 E asset   : setgid: Operation not permitted
10-30 14:50:21.469   361   361 W /system/bin/hwservicemanager: getTransportFromManifest: Cannot find entry android.hardware.drm@1.0::IDrmFactory in either framework or device manifest, using default transport.
10-30 14:50:21.472   562 19050 I DrmHal  : makeDrmFactories: using default drm instance
10-30 14:50:21.473   562 19050 I WVCdm   : CdmEngine::QueryStatus
10-30 14:50:21.474   562 19050 I WVCdm   : Level3 Library 4445 May 19 2017 17:17:20
10-30 14:50:21.478   562 19050 D QSEECOMAPI: : QSEECom_get_handle sb_length = 0x19000
10-30 14:50:21.478   562 19050 D QSEECOMAPI: : App is not loaded in QSEE
10-30 14:50:21.501 12000 12000 I cr_SplitCompatApp: Launched version=106.0.5249.79 minSdkVersion=24 isBundle=true processName=com.android.chrome:sandboxed_process30 isIsolated=true
10-30 14:50:21.510 12000 12000 W SystemServiceRegistry: No service published for: uimode
10-30 14:50:21.521 12000 12000 I cr_ChildProcessService: Creating new ChildProcessService pid=12000
10-30 14:50:21.530 12000 12000 E WebViewFactory: can't load with relro file; address space not reserved
10-30 14:50:21.530   562 19050 D QSEECOMAPI: : Loaded image: APP id = 470
10-30 14:50:21.533   562 19050 D QSAPPSVER: qsapps_get_capabilities: Capability from secure side: 0x0
10-30 14:50:21.533   562 19050 D QSAPPSVER: qsapps_get_capabilities: returns 0
10-30 14:50:21.533   562 19050 E DrmWidevineDash: sion_buffer g_wv_fhandle->ion_sbuffer  0x0xf027e000
10-30 14:50:21.537   372   376 D DrmLibTime: got the req here! ret=0
10-30 14:50:21.537   372   376 D DrmLibTime: command id, time_cmd_id = 770
10-30 14:50:21.537   372   376 D DrmLibTime: time_getutcsec starts!
10-30 14:50:21.537   372   376 D DrmLibTime: QSEE Time Listener: time_getutcsec
10-30 14:50:21.537   372   376 D DrmLibTime: QSEE Time Listener: get_utc_seconds
10-30 14:50:21.537   372   376 D DrmLibTime: QSEE Time Listener: time_get_modem_time
10-30 14:50:21.537   372   376 D DrmLibTime: QSEE Time Listener: Checking if ATS_MODEM is set or not.
10-30 14:50:21.537   372   376 D QC-time-services: Lib:time_genoff_operation: pargs->base = 13
10-30 14:50:21.537   372   376 D QC-time-services: Lib:time_genoff_operation: pargs->operation = 2
10-30 14:50:21.537   372   376 D QC-time-services: Lib:time_genoff_operation: pargs->ts_val = 0
10-30 14:50:21.538   372   376 D QC-time-services: Lib:time_genoff_operation: Send to server  passed!!
10-30 14:50:21.538   625   647 D QC-time-services: Daemon: Connection accepted:time_genoff
10-30 14:50:21.539   625 12019 D QC-time-services: Daemon:Received base = 13, unit = 1, operation = 2,value = 0
10-30 14:50:21.539   625 12019 D QC-time-services: Daemon:genoff_opr: Base = 13, val = 0, operation = 2
10-30 14:50:21.539   625 12019 D QC-time-services: offset is: 0 for base: 13
10-30 14:50:21.539   372   376 E QC-time-services: Receive Passed == base = 13, unit = 1, operation = 2, result = 0
10-30 14:50:21.539   372   376 D DrmLibTime: QSEE Time Listener: ATS_MODEM is not set. Fallback to Android system time.
10-30 14:50:21.539   372   376 D DrmLibTime: QSEE Time Listener: Retrieved Android system time: 1667137821
10-30 14:50:21.539   372   376 D DrmLibTime: time_getutcsec returns 0, sec = 1667137821; nsec = 0
10-30 14:50:21.539   372   376 D DrmLibTime: time_getutcsec finished! 
10-30 14:50:21.539   372   376 D DrmLibTime: iotcl_continue_command finished! and return 0 
10-30 14:50:21.539   372   376 D DrmLibTime: before calling ioctl to read the next time_cmd
10-30 14:50:21.540   625   647 E QC-time-services: Daemon: Time-services: Waiting to acceptconnection
10-30 14:50:21.543 12000 12018 I cr_LibraryLoader: Successfully loaded native library
10-30 14:50:21.544 12000 12018 I cr_CachingUmaRecorder: Flushed 3 samples from 3 histograms.
10-30 14:50:21.575   562 19050 D WVCdm   : OEMCrypto_Initialize Level 1 success. I will use level 1.
10-30 14:50:21.576   562 19050 D QSEECOMAPI: : QSEECom_dealloc_memory 
10-30 14:50:21.576   562 19050 D QSEECOMAPI: : QSEECom_shutdown_app, app_id = 470
10-30 14:50:21.580 12022 12022 W ThreadPoolForeg: type=1400 audit(0.0:7958): avc: denied { setattr } for name="LICENSE.txt" dev="dm-2" ino=1504965 scontext=u:r:isolated_app:s0:c512,c768 tcontext=u:object_r:app_data_file:s0:c512,c768 tclass=file permissive=0
10-30 14:50:21.580   562  5487 I WVCdm   : CdmEngine::OpenSession
10-30 14:50:21.580   562  5487 I WVCdm   : Level3 Library 4445 May 19 2017 17:17:20
10-30 14:50:21.583 12022 12022 W ThreadPoolForeg: type=1400 audit(0.0:7959): avc: denied { setattr } for name=46696C746572696E672052756C6573 dev="dm-2" ino=1504966 scontext=u:r:isolated_app:s0:c512,c768 tcontext=u:object_r:app_data_file:s0:c512,c768 tclass=file permissive=0
10-30 14:50:21.584   562  5487 D QSEECOMAPI: : QSEECom_get_handle sb_length = 0x19000
10-30 14:50:21.584   562  5487 D QSEECOMAPI: : App is not loaded in QSEE
10-30 14:50:21.587 12022 12022 W ThreadPoolForeg: type=1400 audit(0.0:7960): avc: denied { setattr } for name="manifest.json" dev="dm-2" ino=1504967 scontext=u:r:isolated_app:s0:c512,c768 tcontext=u:object_r:app_data_file:s0:c512,c768 tclass=file permissive=0
10-30 14:50:21.593 12022 12022 W ThreadPoolForeg: type=1400 audit(0.0:7961): avc: denied { setattr } for name="verified_contents.json" dev="dm-2" ino=1504971 scontext=u:r:isolated_app:s0:c512,c768 tcontext=u:object_r:app_data_file:s0:c512,c768 tclass=file permissive=0
10-30 14:50:21.600 12000 12018 I chromium: [INFO:child_process_service.cc(69)] ChildProcessService: Exiting child process.
10-30 14:50:21.602   422   422 E lowmemorykiller: Error writing /proc/12000/oom_score_adj; errno=22
10-30 14:50:21.603   772 10860 I ActivityManager: Killing 12000:com.android.chrome:sandboxed_process30/u0a60i517 (adj 0): isolated not needed
10-30 14:50:21.603   772   790 W zygote64: failed to open /acct/uid_99517/pid_12000/cgroup.procs: No such file or directory
10-30 14:50:21.632   562  5487 D QSEECOMAPI: : Loaded image: APP id = 471
10-30 14:50:21.635   562  5487 D QSAPPSVER: qsapps_get_capabilities: Capability from secure side: 0x0
10-30 14:50:21.635   562  5487 D QSAPPSVER: qsapps_get_capabilities: returns 0
10-30 14:50:21.635   562  5487 E DrmWidevineDash: sion_buffer g_wv_fhandle->ion_sbuffer  0x0xf027e000
10-30 14:50:21.639   372   376 D DrmLibTime: got the req here! ret=0
10-30 14:50:21.639   372   376 D DrmLibTime: command id, time_cmd_id = 770
10-30 14:50:21.639   372   376 D DrmLibTime: time_getutcsec starts!
10-30 14:50:21.639   372   376 D DrmLibTime: QSEE Time Listener: time_getutcsec
10-30 14:50:21.639   372   376 D DrmLibTime: QSEE Time Listener: get_utc_seconds
10-30 14:50:21.639   372   376 D DrmLibTime: QSEE Time Listener: time_get_modem_time
10-30 14:50:21.639   372   376 D DrmLibTime: QSEE Time Listener: Checking if ATS_MODEM is set or not.
10-30 14:50:21.639   372   376 D QC-time-services: Lib:time_genoff_operation: pargs->base = 13
10-30 14:50:21.639   372   376 D QC-time-services: Lib:time_genoff_operation: pargs->operation = 2
10-30 14:50:21.639   372   376 D QC-time-services: Lib:time_genoff_operation: pargs->ts_val = 0
10-30 14:50:21.639   372   376 D QC-time-services: Lib:time_genoff_operation: Send to server  passed!!
10-30 14:50:21.639   625   647 D QC-time-services: Daemon: Connection accepted:time_genoff
10-30 14:50:21.640   625 12026 D QC-time-services: Daemon:Received base = 13, unit = 1, operation = 2,value = 0
10-30 14:50:21.640   625 12026 D QC-time-services: Daemon:genoff_opr: Base = 13, val = 0, operation = 2
10-30 14:50:21.640   625 12026 D QC-time-services: offset is: 0 for base: 13
10-30 14:50:21.640   372   376 E QC-time-services: Receive Passed == base = 13, unit = 1, operation = 2, result = 0
10-30 14:50:21.640   372   376 D DrmLibTime: QSEE Time Listener: ATS_MODEM is not set. Fallback to Android system time.
10-30 14:50:21.640   372   376 D DrmLibTime: QSEE Time Listener: Retrieved Android system time: 1667137821
10-30 14:50:21.640   372   376 D DrmLibTime: time_getutcsec returns 0, sec = 1667137821; nsec = 0
10-30 14:50:21.640   372   376 D DrmLibTime: time_getutcsec finished! 
