10-30 19:44:39.107 22567 22665 I cr_CachingUmaRecorder: Flushed 3 samples from 3 histograms.
10-30 19:44:39.133 22227 22237 I zygote  : Background concurrent copying GC freed 37050(1933KB) AllocSpace objects, 1(20KB) LOS objects, 49% free, 5MB/10MB, paused 6.505ms total 73.583ms
10-30 19:44:39.147 22595 22595 E WebViewFactory: can't load with relro file; address space not reserved
10-30 19:44:39.154 22623 22623 I cr_SplitCompatApp: Launched version=106.0.5249.79 minSdkVersion=24 isBundle=true processName=com.android.chrome:sandboxed_process10 isIsolated=true
10-30 19:44:39.161 22595 22668 I cr_LibraryLoader: Successfully loaded native library
10-30 19:44:39.161 22595 22668 I cr_CachingUmaRecorder: Flushed 3 samples from 3 histograms.
10-30 19:44:39.166 22623 22623 W SystemServiceRegistry: No service published for: uimode
10-30 19:44:39.174 22227 22344 I cr_VrCoreVersionChecker: Unable to find VrCore.
10-30 19:44:39.177 22623 22623 I cr_ChildProcessService: Creating new ChildProcessService pid=22623
10-30 19:44:39.183 22227 22227 W ResourceType: Failure getting entry for 0x7f0100f9 (t=0 e=249) (error -75)
10-30 19:44:39.186 22227 22227 W ResourceType: Failure getting entry for 0x7f010828 (t=0 e=2088) (error -75)
10-30 19:44:39.189 22623 22623 E WebViewFactory: can't load with relro file; address space not reserved
10-30 19:44:39.195 22227 22227 W ResourceType: Failure getting entry for 0x7f010827 (t=0 e=2087) (error -75)
10-30 19:44:39.203 22623 22688 I cr_LibraryLoader: Successfully loaded native library
10-30 19:44:39.204 22623 22688 I cr_CachingUmaRecorder: Flushed 3 samples from 3 histograms.
10-30 19:44:39.215 22227 22227 W chromium: [WARNING:compositor_view.cc(342)] Child process died (type=6) pid=22496)
10-30 19:44:39.217 22524 22598 I chromium: [INFO:child_process_service.cc(69)] ChildProcessService: Exiting child process.
10-30 19:44:39.217 22227 22227 W chromium: [WARNING:compositor_view.cc(342)] Child process died (type=6) pid=22537)
10-30 19:44:39.218 22550 22621 I chromium: [INFO:child_process_service.cc(69)] ChildProcessService: Exiting child process.
10-30 19:44:39.219   422   422 E lowmemorykiller: Error writing /proc/22524/oom_score_adj; errno=22
10-30 19:44:39.220   772 10860 I ActivityManager: Killing 22524:com.android.chrome:sandboxed_process4/u0a60i477 (adj 0): isolated not needed
10-30 19:44:39.221   772   790 W zygote64: failed to open /acct/uid_99477/pid_22524/cgroup.procs: No such file or directory
10-30 19:44:39.223   422   422 E lowmemorykiller: Error writing /proc/22550/oom_score_adj; errno=22
10-30 19:44:39.223   772 32228 I ActivityManager: Killing 22550:com.android.chrome:sandboxed_process6/u0a60i479 (adj 0): isolated not needed
10-30 19:44:39.225   772   790 W zygote64: failed to open /acct/uid_99479/pid_22550/cgroup.procs: No such file or directory
10-30 19:44:39.227 22567 22665 I chromium: [INFO:child_process_service.cc(69)] ChildProcessService: Exiting child process.
10-30 19:44:39.227 22580 22658 I chromium: [INFO:child_process_service.cc(69)] ChildProcessService: Exiting child process.
10-30 19:44:39.231 22595 22668 I chromium: [INFO:child_process_service.cc(69)] ChildProcessService: Exiting child process.
10-30 19:44:39.233   422   422 E lowmemorykiller: Error writing /proc/22567/oom_score_adj; errno=22
10-30 19:44:39.233   772   784 I ActivityManager: Killing 22567:com.android.chrome:sandboxed_process7/u0a60i480 (adj 0): isolated not needed
10-30 19:44:39.237   772   790 W zygote64: failed to open /acct/uid_99480/pid_22567/cgroup.procs: No such file or directory
10-30 19:44:39.254 22703 22703 E /system/bin/webview_zygote32: failed to make and chown /acct/uid_99484: Permission denied
10-30 19:44:39.255 22703 22703 E Zygote  : createProcessGroup(99484, 0) failed: Permission denied
10-30 19:44:39.259   772  2970 I ActivityManager: Start proc 22703:com.android.chrome:sandboxed_process11/u0i484 for webview_service com.android.chrome/org.chromium.content.app.SandboxedProcessService11
10-30 19:44:39.268 22227 22227 W chromium: [WARNING:compositor_view.cc(342)] Child process died (type=6) pid=22595)
10-30 19:44:39.268 22227 22227 W chromium: [WARNING:compositor_view.cc(342)] Child process died (type=6) pid=22524)
10-30 19:44:39.269 22227 22227 W chromium: [WARNING:compositor_view.cc(342)] Child process died (type=6) pid=22567)
10-30 19:44:39.269 22227 22227 W chromium: [WARNING:compositor_view.cc(342)] Child process died (type=6) pid=22580)
10-30 19:44:39.269 22227 22227 W chromium: [WARNING:compositor_view.cc(342)] Child process died (type=6) pid=22550)
10-30 19:44:39.271 22623 22688 I chromium: [INFO:child_process_service.cc(69)] ChildProcessService: Exiting child process.
10-30 19:44:39.274 22227 22227 I Choreographer: Skipped 60 frames!  The application may be doing too much work on its main thread.
10-30 19:44:39.277   772   784 I ActivityManager: Process com.android.chrome:sandboxed_process8 (pid 22580) has died: vis  TOP 
10-30 19:44:39.277   772   790 W zygote64: failed to open /acct/uid_99481/pid_22580/cgroup.procs: No such file or directory
10-30 19:44:39.278   772   784 W ActivityManager: Scheduling restart of crashed service com.android.chrome/org.chromium.content.app.SandboxedProcessService8 in 1000ms
10-30 19:44:39.279 22703 22703 I SamplingProfilerIntegration: Profiling disabled.
10-30 19:44:39.305   772  3041 I ActivityManager: Process com.android.chrome:sandboxed_process9 (pid 22595) has died: vis  TOP 
10-30 19:44:39.305   772   790 W zygote64: failed to open /acct/uid_99482/pid_22595/cgroup.procs: No such file or directory
10-30 19:44:39.305   772  3041 W ActivityManager: Scheduling restart of crashed service com.android.chrome/org.chromium.content.app.SandboxedProcessService9 in 10972ms
10-30 19:44:39.311   772 13021 I ActivityManager: Process com.android.chrome:sandboxed_process10 (pid 22623) has died: vis  TOP 
10-30 19:44:39.311   772   790 W zygote64: failed to open /acct/uid_99483/pid_22623/cgroup.procs: No such file or directory
10-30 19:44:39.312   772 13021 W ActivityManager: Scheduling restart of crashed service com.android.chrome/org.chromium.content.app.SandboxedProcessService10 in 20966ms
10-30 19:44:39.323 22227 22227 W ResourceType: Failure getting entry for 0x7f010646 (t=0 e=1606) (error -75)
10-30 19:44:39.326 22227 22227 W ResourceType: Failure getting entry for 0x7f010644 (t=0 e=1604) (error -75)
10-30 19:44:39.327 22227 22227 W ResourceType: Failure getting entry for 0x7f010644 (t=0 e=1604) (error -75)
10-30 19:44:39.336 22717 22717 E asset   : setgid: Operation not permitted
10-30 19:44:39.372 22703 22703 I cr_SplitCompatApp: Launched version=106.0.5249.79 minSdkVersion=24 isBundle=true processName=com.android.chrome:sandboxed_process11 isIsolated=true
10-30 19:44:39.379 22703 22703 W SystemServiceRegistry: No service published for: uimode
10-30 19:44:39.390 22703 22703 I cr_ChildProcessService: Creating new ChildProcessService pid=22703
10-30 19:44:39.399 22227 22227 W StaticLayout: maxLineHeight should not be -1.  maxLines:1 lineCount:1
10-30 19:44:39.401 22703 22703 E WebViewFactory: can't load with relro file; address space not reserved
10-30 19:44:39.414 22703 22724 I cr_LibraryLoader: Successfully loaded native library
10-30 19:44:39.415 22703 22724 I cr_CachingUmaRecorder: Flushed 3 samples from 3 histograms.
10-30 19:44:39.486 22227 22227 W chromium: [WARNING:compositor_view.cc(342)] Child process died (type=6) pid=22623)
10-30 19:44:39.500 22703 22724 I chromium: [INFO:child_process_service.cc(69)] ChildProcessService: Exiting child process.
10-30 19:44:39.515   772  4540 I ActivityManager: Start proc 22737:com.android.chrome:sandboxed_process12/u0i485 for webview_service com.android.chrome/org.chromium.content.app.SandboxedProcessService12
10-30 19:44:39.522 22737 22737 E /system/bin/webview_zygote32: failed to make and chown /acct/uid_99485: Permission denied
10-30 19:44:39.522 22737 22737 E Zygote  : createProcessGroup(99485, 0) failed: Permission denied
10-30 19:44:39.546 22752 22752 E /system/bin/webview_zygote32: failed to make and chown /acct/uid_99486: Permission denied
10-30 19:44:39.546 22752 22752 E Zygote  : createProcessGroup(99486, 0) failed: Permission denied
10-30 19:44:39.548   772  1327 I ActivityManager: Start proc 22752:com.android.chrome:sandboxed_process13/u0i486 for webview_service com.android.chrome/org.chromium.content.app.SandboxedProcessService13
10-30 19:44:39.549 22737 22737 I SamplingProfilerIntegration: Profiling disabled.
10-30 19:44:39.550   772 10894 I ActivityManager: Process com.android.chrome:sandboxed_process11 (pid 22703) has died: vis  TOP 
10-30 19:44:39.550   772 10894 W ActivityManager: Scheduling restart of crashed service com.android.chrome/org.chromium.content.app.SandboxedProcessService11 in 1000ms
10-30 19:44:39.550   772   790 W zygote64: failed to open /acct/uid_99484/pid_22703/cgroup.procs: No such file or directory
10-30 19:44:39.551 22227 22227 W chromium: [WARNING:compositor_view.cc(342)] Child process died (type=6) pid=22703)
10-30 19:44:39.557   772  3854 I ActivityManager: START u0 {act=android.intent.action.VIEW dat=http://192.168.178.178:5500/... flg=0x10000000 cmp=com.android.chrome/com.google.android.apps.chrome.Main} from uid 2000
10-30 19:44:39.558 22227 22227 W ResourceType: Failure getting entry for 0x7f010646 (t=0 e=1606) (error -75)
10-30 19:44:39.559 22227 22227 W ResourceType: Failure getting entry for 0x7f010644 (t=0 e=1604) (error -75)
10-30 19:44:39.559 22227 22227 W ResourceType: Failure getting entry for 0x7f010644 (t=0 e=1604) (error -75)
10-30 19:44:39.572 22752 22752 I SamplingProfilerIntegration: Profiling disabled.
10-30 19:44:39.588 22766 22766 E asset   : setgid: Operation not permitted
10-30 19:44:39.590 22767 22767 E /system/bin/webview_zygote32: failed to make and chown /acct/uid_99487: Permission denied
10-30 19:44:39.590 22767 22767 E Zygote  : createProcessGroup(99487, 0) failed: Permission denied
10-30 19:44:39.593   772   784 I ActivityManager: Start proc 22767:com.android.chrome:sandboxed_process14/u0i487 for webview_service com.android.chrome/org.chromium.content.app.SandboxedProcessService14
10-30 19:44:39.596 22773 22773 E asset   : setgid: Operation not permitted
10-30 19:44:39.608   423   423 D SurfaceFlinger: duplicate layer name: changing com.android.chrome/com.google.android.apps.chrome.Main to com.android.chrome/com.google.android.apps.chrome.Main#1
10-30 19:44:39.624 22752 22752 I cr_SplitCompatApp: Launched version=106.0.5249.79 minSdkVersion=24 isBundle=true processName=com.android.chrome:sandboxed_process13 isIsolated=true
10-30 19:44:39.629 22752 22752 W SystemServiceRegistry: No service published for: uimode
10-30 19:44:39.638 22752 22752 I cr_ChildProcessService: Creating new ChildProcessService pid=22752
10-30 19:44:39.638   772  1259 I ActivityManager: Start proc 22780:com.android.chrome:sandboxed_process15/u0i488 for webview_service com.android.chrome/org.chromium.content.app.SandboxedProcessService15
10-30 19:44:39.638 22780 22780 E /system/bin/webview_zygote32: failed to make and chown /acct/uid_99488: Permission denied
10-30 19:44:39.638 22780 22780 E Zygote  : createProcessGroup(99488, 0) failed: Permission denied
10-30 19:44:39.642 22737 22737 I cr_SplitCompatApp: Launched version=106.0.5249.79 minSdkVersion=24 isBundle=true processName=com.android.chrome:sandboxed_process12 isIsolated=true
10-30 19:44:39.647 22752 22752 E WebViewFactory: can't load with relro file; address space not reserved
10-30 19:44:39.648 22737 22737 W SystemServiceRegistry: No service published for: uimode
10-30 19:44:39.650 22767 22767 I SamplingProfilerIntegration: Profiling disabled.
10-30 19:44:39.659 22737 22737 I cr_ChildProcessService: Creating new ChildProcessService pid=22737
10-30 19:44:39.669   772  2970 I ActivityManager: Start proc 22795:com.android.chrome:sandboxed_process16/u0i489 for webview_service com.android.chrome/org.chromium.content.app.SandboxedProcessService16
10-30 19:44:39.675 22780 22780 I SamplingProfilerIntegration: Profiling disabled.
10-30 19:44:39.675 22795 22795 E /system/bin/webview_zygote32: failed to make and chown /acct/uid_99489: Permission denied
10-30 19:44:39.675 22795 22795 E Zygote  : createProcessGroup(99489, 0) failed: Permission denied
10-30 19:44:39.685   423   423 D SurfaceFlinger: duplicate layer name: changing com.android.chrome/com.google.android.apps.chrome.Main to com.android.chrome/com.google.android.apps.chrome.Main#2
10-30 19:44:39.695 22814 22814 E asset   : setgid: Operation not permitted
10-30 19:44:39.700 22795 22795 I SamplingProfilerIntegration: Profiling disabled.
10-30 19:44:39.717 22737 22737 E WebViewFactory: can't load with relro file; address space not reserved
10-30 19:44:39.732 22818 22818 E asset   : setgid: Operation not permitted
10-30 19:44:39.733 22752 22786 I cr_LibraryLoader: Successfully loaded native library
10-30 19:44:39.734 22752 22786 I cr_CachingUmaRecorder: Flushed 3 samples from 3 histograms.
10-30 19:44:39.741 22737 22794 I cr_LibraryLoader: Successfully loaded native library
10-30 19:44:39.742 22819 22819 E asset   : setgid: Operation not permitted
10-30 19:44:39.743 22737 22794 I cr_CachingUmaRecorder: Flushed 3 samples from 3 histograms.
10-30 19:44:39.749 22767 22767 I cr_SplitCompatApp: Launched version=106.0.5249.79 minSdkVersion=24 isBundle=true processName=com.android.chrome:sandboxed_process14 isIsolated=true
10-30 19:44:39.758 22767 22767 W SystemServiceRegistry: No service published for: uimode
10-30 19:44:39.767 22767 22767 I cr_ChildProcessService: Creating new ChildProcessService pid=22767
10-30 19:44:39.776 22767 22767 E WebViewFactory: can't load with relro file; address space not reserved
10-30 19:44:39.778 22227 22227 E cr_IntentUtils: getInt failed on bundle null
10-30 19:44:39.783 22227 22227 E ResourceType: Style contains key with bad entry: 0x0101062c
10-30 19:44:39.785 22780 22780 I cr_SplitCompatApp: Launched version=106.0.5249.79 minSdkVersion=24 isBundle=true processName=com.android.chrome:sandboxed_process15 isIsolated=true
10-30 19:44:39.789 22795 22795 I cr_SplitCompatApp: Launched version=106.0.5249.79 minSdkVersion=24 isBundle=true processName=com.android.chrome:sandboxed_process16 isIsolated=true
10-30 19:44:39.792 22780 22780 W SystemServiceRegistry: No service published for: uimode
10-30 19:44:39.797 22795 22795 W SystemServiceRegistry: No service published for: uimode
10-30 19:44:39.805   772 10894 I ActivityManager: Start proc 22837:com.android.chrome:sandboxed_process17/u0i490 for webview_service com.android.chrome/org.chromium.content.app.SandboxedProcessService17
10-30 19:44:39.808 22767 22833 I cr_LibraryLoader: Successfully loaded native library
10-30 19:44:39.809 22767 22833 I cr_CachingUmaRecorder: Flushed 3 samples from 3 histograms.
10-30 19:44:39.810 22780 22780 I cr_ChildProcessService: Creating new ChildProcessService pid=22780
10-30 19:44:39.814 22837 22837 E /system/bin/webview_zygote32: failed to make and chown /acct/uid_99490: Permission denied
10-30 19:44:39.814 22837 22837 E Zygote  : createProcessGroup(99490, 0) failed: Permission denied
10-30 19:44:39.817 22780 22780 E WebViewFactory: can't load with relro file; address space not reserved
10-30 19:44:39.819 22795 22795 I cr_ChildProcessService: Creating new ChildProcessService pid=22795
10-30 19:44:39.827 22795 22795 E WebViewFactory: can't load with relro file; address space not reserved
10-30 19:44:39.833 22227 22227 I cr_tabmodel: Appending tabs being restored to metadata lists, 0, startingNormalCount: 2, startingIncognitoCount: 0
10-30 19:44:39.833 22227 22227 I cr_tabmodel: Serializing tab lists; counts: 2, 0
10-30 19:44:39.844 22780 22842 I cr_LibraryLoader: Successfully loaded native library
10-30 19:44:39.848 22780 22842 I cr_CachingUmaRecorder: Flushed 3 samples from 3 histograms.
10-30 19:44:39.849 22837 22837 I SamplingProfilerIntegration: Profiling disabled.
10-30 19:44:39.850 22795 22845 I cr_LibraryLoader: Successfully loaded native library
10-30 19:44:39.852 22795 22845 I cr_CachingUmaRecorder: Flushed 3 samples from 3 histograms.
10-30 19:44:39.863 22227 22227 I cr_OfflineDetector: Running updateState mConnectivityDetectorInitialized: true, mTimeWhenLastForegrounded: 1031534030, getElapsedTime: 1031534030, mTimeWhenLastOfflineNotificationReceived: 0, mTimeWhenLastOnline: 1031532998, mApplicationState: 1, mIsOfflineLastReportedByConnectivityDetector: false, mIsEffectivelyOffline: false
10-30 19:44:39.863 22227 22227 I cr_OfflineDetector: updateState(): timeSinceLastForeground: 0, timeSinceOfflineNotificationReceived: 1031534030, timeSinceLastOnline: 1032, timeNeededForForeground: 2000, timeNeededForOffline: -1031532030
10-30 19:44:39.873 22864 22864 E asset   : setgid: Operation not permitted
10-30 19:44:39.889 22752 22786 I chromium: [INFO:child_process_service.cc(69)] ChildProcessService: Exiting child process.
10-30 19:44:39.891   422   422 E lowmemorykiller: Error writing /proc/22752/oom_score_adj; errno=22
10-30 19:44:39.892   772 32228 I ActivityManager: Killing 22752:com.android.chrome:sandboxed_process13/u0a60i486 (adj 0): isolated not needed
10-30 19:44:39.893   772   790 W zygote64: failed to open /acct/uid_99486/pid_22752/cgroup.procs: No such file or directory
10-30 19:44:39.896 22737 22794 I chromium: [INFO:child_process_service.cc(69)] ChildProcessService: Exiting child process.
10-30 19:44:39.898 22767 22833 I chromium: [INFO:child_process_service.cc(69)] ChildProcessService: Exiting child process.
10-30 19:44:39.898   422   422 E lowmemorykiller: Error writing /proc/22737/oom_score_adj; errno=22
10-30 19:44:39.899   772  4539 I ActivityManager: Killing 22737:com.android.chrome:sandboxed_process12/u0a60i485 (adj 0): isolated not needed
10-30 19:44:39.904   422   422 E lowmemorykiller: Error writing /proc/22767/oom_score_adj; errno=22
10-30 19:44:39.905   772 10895 I ActivityManager: Killing 22767:com.android.chrome:sandboxed_process14/u0a60i487 (adj 0): isolated not needed
10-30 19:44:39.907 22227 22227 W ResourceType: Failure getting entry for 0x7f010216 (t=0 e=534) (error -75)
10-30 19:44:39.908 22227 22227 W ResourceType: Failure getting entry for 0x7f0107c9 (t=0 e=1993) (error -75)
10-30 19:44:39.911   772   790 W zygote64: failed to open /acct/uid_99485/pid_22737/cgroup.procs: No such file or directory
10-30 19:44:39.914   772   790 W zygote64: failed to open /acct/uid_99487/pid_22767/cgroup.procs: No such file or directory
10-30 19:44:39.943 22837 22837 I cr_SplitCompatApp: Launched version=106.0.5249.79 minSdkVersion=24 isBundle=true processName=com.android.chrome:sandboxed_process17 isIsolated=true
10-30 19:44:39.953 22837 22837 W SystemServiceRegistry: No service published for: uimode
10-30 19:44:39.970 22837 22837 I cr_ChildProcessService: Creating new ChildProcessService pid=22837
10-30 19:44:39.978   772   797 I ActivityManager: Displayed com.android.chrome/com.google.android.apps.chrome.Main: +1s997ms
10-30 19:44:39.983 22837 22837 E WebViewFactory: can't load with relro file; address space not reserved
10-30 19:44:39.989 22227 22227 W chromium: [WARNING:compositor_view.cc(342)] Child process died (type=6) pid=22767)
10-30 19:44:39.994 22780 22842 I chromium: [INFO:child_process_service.cc(69)] ChildProcessService: Exiting child process.
10-30 19:44:39.996 22227 22227 W chromium: [WARNING:compositor_view.cc(342)] Child process died (type=6) pid=22737)
10-30 19:44:39.998 22227 22227 W chromium: [WARNING:compositor_view.cc(342)] Child process died (type=6) pid=22752)
10-30 19:44:39.999   422   422 E lowmemorykiller: Error writing /proc/22780/oom_score_adj; errno=22
10-30 19:44:40.000   772 32228 I ActivityManager: Killing 22780:com.android.chrome:sandboxed_process15/u0a60i488 (adj 0): isolated not needed
10-30 19:44:40.002   772   790 W zygote64: failed to open /acct/uid_99488/pid_22780/cgroup.procs: No such file or directory
10-30 19:44:40.004 22795 22845 I chromium: [INFO:child_process_service.cc(69)] ChildProcessService: Exiting child process.
10-30 19:44:40.007   422   422 E lowmemorykiller: Error writing /proc/22795/oom_score_adj; errno=22
10-30 19:44:40.008   772  2970 I ActivityManager: Killing 22795:com.android.chrome:sandboxed_process16/u0a60i489 (adj 0): isolated not needed
10-30 19:44:40.008   772   790 W zygote64: failed to open /acct/uid_99489/pid_22795/cgroup.procs: No such file or directory
10-30 19:44:40.011 22837 22876 I cr_LibraryLoader: Successfully loaded native library
10-30 19:44:40.012 22837 22876 I cr_CachingUmaRecorder: Flushed 3 samples from 3 histograms.
10-30 19:44:40.046 22227 22227 W chromium: [WARNING:compositor_view.cc(342)] Child process died (type=6) pid=22780)
10-30 19:44:40.048 22227 22227 W chromium: [WARNING:compositor_view.cc(342)] Child process died (type=6) pid=22795)
10-30 19:44:40.129   772  2970 I ActivityManager: Start proc 22888:com.android.chrome:sandboxed_process18/u0i491 for webview_service com.android.chrome/org.chromium.content.app.SandboxedProcessService18
10-30 19:44:40.133 22888 22888 E /system/bin/webview_zygote32: failed to make and chown /acct/uid_99491: Permission denied
10-30 19:44:40.133 22888 22888 E Zygote  : createProcessGroup(99491, 0) failed: Permission denied
10-30 19:44:40.153   772 10894 I ActivityManager: Start proc 22899:com.android.chrome:sandboxed_process19/u0i492 for webview_service com.android.chrome/org.chromium.content.app.SandboxedProcessService19
10-30 19:44:40.154 22899 22899 E /system/bin/webview_zygote32: failed to make and chown /acct/uid_99492: Permission denied
10-30 19:44:40.154 22899 22899 E Zygote  : createProcessGroup(99492, 0) failed: Permission denied
10-30 19:44:40.161 22888 22888 I SamplingProfilerIntegration: Profiling disabled.
10-30 19:44:40.189 22899 22899 I SamplingProfilerIntegration: Profiling disabled.
10-30 19:44:40.193 22914 22914 E /system/bin/webview_zygote32: failed to make and chown /acct/uid_99493: Permission denied
10-30 19:44:40.193 22914 22914 E Zygote  : createProcessGroup(99493, 0) failed: Permission denied
10-30 19:44:40.198   772  3037 I ActivityManager: Start proc 22914:com.android.chrome:sandboxed_process20/u0i493 for webview_service com.android.chrome/org.chromium.content.app.SandboxedProcessService20
10-30 19:44:40.228 22928 22928 E /system/bin/webview_zygote32: failed to make and chown /acct/uid_99494: Permission denied
10-30 19:44:40.228 22928 22928 E Zygote  : createProcessGroup(99494, 0) failed: Permission denied
10-30 19:44:40.230   772  1324 I ActivityManager: Start proc 22928:com.android.chrome:sandboxed_process21/u0i494 for webview_service com.android.chrome/org.chromium.content.app.SandboxedProcessService21
10-30 19:44:40.230 22929 22929 E asset   : setgid: Operation not permitted
10-30 19:44:40.235 22914 22914 I SamplingProfilerIntegration: Profiling disabled.
10-30 19:44:40.244 22934 22934 E asset   : setgid: Operation not permitted
10-30 19:44:40.251 22252 22263 W DynamiteModule: Local module descriptor class for com.google.android.gms.googlecertificates not found.
10-30 19:44:40.255 22928 22928 I SamplingProfilerIntegration: Profiling disabled.
10-30 19:44:40.260 22943 22943 E asset   : setgid: Operation not permitted
10-30 19:44:40.261 22227 22322 I cr_BindingManager: Moderate binding enabled: maxSize=40
10-30 19:44:40.267 22227 22346 W cr_CrashFileManager: /data/user/0/com.android.chrome/cache/Crash Reports does not exist or is not a directory
10-30 19:44:40.267 22227 22346 I chatty  : uid=10060(u0_a60) identical 1 line
10-30 19:44:40.267 22227 22346 W cr_CrashFileManager: /data/user/0/com.android.chrome/cache/Crash Reports does not exist or is not a directory
10-30 19:44:40.286 22888 22888 I cr_SplitCompatApp: Launched version=106.0.5249.79 minSdkVersion=24 isBundle=true processName=com.android.chrome:sandboxed_process18 isIsolated=true
10-30 19:44:40.296 22888 22888 W SystemServiceRegistry: No service published for: uimode
10-30 19:44:40.298 22899 22899 I cr_SplitCompatApp: Launched version=106.0.5249.79 minSdkVersion=24 isBundle=true processName=com.android.chrome:sandboxed_process19 isIsolated=true
10-30 19:44:40.316 22914 22914 I cr_SplitCompatApp: Launched version=106.0.5249.79 minSdkVersion=24 isBundle=true processName=com.android.chrome:sandboxed_process20 isIsolated=true
10-30 19:44:40.318 22888 22888 I cr_ChildProcessService: Creating new ChildProcessService pid=22888
10-30 19:44:40.322 22899 22899 W SystemServiceRegistry: No service published for: uimode
10-30 19:44:40.326 22950 22950 E asset   : setgid: Operation not permitted
10-30 19:44:40.332 22899 22899 I cr_ChildProcessService: Creating new ChildProcessService pid=22899
10-30 19:44:40.333 22888 22888 E WebViewFactory: can't load with relro file; address space not reserved
10-30 19:44:40.335 22914 22914 W SystemServiceRegistry: No service published for: uimode
10-30 19:44:40.352 22899 22899 E WebViewFactory: can't load with relro file; address space not reserved
10-30 19:44:40.358 22914 22914 I cr_ChildProcessService: Creating new ChildProcessService pid=22914
10-30 19:44:40.375 22888 22949 I cr_LibraryLoader: Successfully loaded native library
10-30 19:44:40.376 22888 22949 I cr_CachingUmaRecorder: Flushed 3 samples from 3 histograms.
10-30 19:44:40.392 22928 22928 I cr_SplitCompatApp: Launched version=106.0.5249.79 minSdkVersion=24 isBundle=true processName=com.android.chrome:sandboxed_process21 isIsolated=true
10-30 19:44:40.392 22914 22914 E WebViewFactory: can't load with relro file; address space not reserved
10-30 19:44:40.399 22899 22952 I cr_LibraryLoader: Successfully loaded native library
10-30 19:44:40.400 22928 22928 W SystemServiceRegistry: No service published for: uimode
10-30 19:44:40.403 22914 22956 I cr_LibraryLoader: Successfully loaded native library
10-30 19:44:40.405 22914 22956 I cr_CachingUmaRecorder: Flushed 3 samples from 3 histograms.
10-30 19:44:40.408 22899 22952 I cr_CachingUmaRecorder: Flushed 3 samples from 3 histograms.
10-30 19:44:40.426 22928 22928 I cr_ChildProcessService: Creating new ChildProcessService pid=22928
10-30 19:44:40.426 22888 22949 I chromium: [INFO:child_process_service.cc(69)] ChildProcessService: Exiting child process.
10-30 19:44:40.434   422   422 E lowmemorykiller: Error writing /proc/22888/oom_score_adj; errno=22
10-30 19:44:40.435   772 32228 I ActivityManager: Killing 22888:com.android.chrome:sandboxed_process18/u0a60i491 (adj 0): isolated not needed
10-30 19:44:40.436   772   790 W zygote64: failed to open /acct/uid_99491/pid_22888/cgroup.procs: No such file or directory
10-30 19:44:40.456 22928 22928 E WebViewFactory: can't load with relro file; address space not reserved
10-30 19:44:40.473 22928 22968 I cr_LibraryLoader: Successfully loaded native library
10-30 19:44:40.474 22928 22968 I cr_CachingUmaRecorder: Flushed 3 samples from 3 histograms.
10-30 19:44:40.491 22899 22952 I chromium: [INFO:child_process_service.cc(69)] ChildProcessService: Exiting child process.
10-30 19:44:40.492 22914 22956 I chromium: [INFO:child_process_service.cc(69)] ChildProcessService: Exiting child process.
10-30 19:44:40.494   422   422 E lowmemorykiller: Error writing /proc/22899/oom_score_adj; errno=22
10-30 19:44:40.495   772 10894 I ActivityManager: Killing 22899:com.android.chrome:sandboxed_process19/u0a60i492 (adj 0): isolated not needed
10-30 19:44:40.497   422   422 E lowmemorykiller: Error writing /proc/22914/oom_score_adj; errno=22
10-30 19:44:40.497   772   790 W zygote64: failed to open /acct/uid_99492/pid_22899/cgroup.procs: No such file or directory
10-30 19:44:40.498   772  4540 I ActivityManager: Killing 22914:com.android.chrome:sandboxed_process20/u0a60i493 (adj 0): isolated not needed
10-30 19:44:40.507   772   790 W zygote64: failed to open /acct/uid_99493/pid_22914/cgroup.procs: No such file or directory
10-30 19:44:40.551 22928 22968 I chromium: [INFO:child_process_service.cc(69)] ChildProcessService: Exiting child process.
10-30 19:44:40.554   772  1324 I ActivityManager: Killing 22928:com.android.chrome:sandboxed_process21/u0a60i494 (adj 0): isolated not needed
10-30 19:44:40.555   772   790 W zygote64: failed to open /acct/uid_99494/pid_22928/cgroup.procs: No such file or directory
10-30 19:44:40.598 22227 22227 W chromium: [WARNING:compositor_view.cc(342)] Child process died (type=6) pid=22888)
10-30 19:44:40.599 22227 22227 W chromium: [WARNING:compositor_view.cc(342)] Child process died (type=6) pid=22899)
10-30 19:44:40.600 22227 22227 W chromium: [WARNING:compositor_view.cc(342)] Child process died (type=6) pid=22914)
10-30 19:44:40.601 22227 22227 W chromium: [WARNING:compositor_view.cc(342)] Child process died (type=6) pid=22928)
10-30 19:44:40.663  3535  3545 I zygote64: Background concurrent copying GC freed 17252(1228KB) AllocSpace objects, 12(240KB) LOS objects, 50% free, 5MB/10MB, paused 6.790ms total 67.180ms
10-30 19:44:40.756 22358 22371 I vndksupport: sphal namespace is not configured for this process. Loading libutils.so from the current namespace instead.
10-30 19:44:40.756 22252 22303 I vndksupport: sphal namespace is not configured for this process. Loading libutils.so from the current namespace instead.
10-30 19:44:40.757 22837 22857 I vndksupport: sphal namespace is not configured for this process. Loading libutils.so from the current namespace instead.
10-30 19:44:40.757 22227 22238 I vndksupport: sphal namespace is not configured for this process. Loading libutils.so from the current namespace instead.
10-30 19:44:40.758 22288 22302 I vndksupport: sphal namespace is not configured for this process. Loading libutils.so from the current namespace instead.
10-30 19:44:40.758 22323 22335 I vndksupport: sphal namespace is not configured for this process. Loading libutils.so from the current namespace instead.
10-30 19:44:40.759 22309 22320 I vndksupport: sphal namespace is not configured for this process. Loading libutils.so from the current namespace instead.
10-30 19:44:40.763   556   556 E Parcel  : Reading a NULL string not supported here.
10-30 19:44:40.764   556   556 W Parcel  : **** enforceInterface() expected 'IAAudioService' but read ''
10-30 19:44:40.764   360   360 E SELinux : avc:  denied  { find } for service=android.service.gatekeeper.IGateKeeperService pid=22967 uid=2000 scontext=u:r:shell:s0 tcontext=u:object_r:gatekeeper_service:s0 tclass=service_manager
10-30 19:44:40.765   360   360 E SELinux : avc:  denied  { find } for service=netd pid=22967 uid=2000 scontext=u:r:shell:s0 tcontext=u:object_r:netd_service:s0 tclass=service_manager
10-30 19:44:40.768 22967 22967 W atrace  : type=1400 audit(0.0:9597): avc: denied { call } for scontext=u:r:shell:s0 tcontext=u:r:wificond:s0 tclass=binder permissive=0
10-30 19:44:40.772   360   360 E SELinux : avc:  denied  { find } for service=installd pid=22967 uid=2000 scontext=u:r:shell:s0 tcontext=u:object_r:installd_service:s0 tclass=service_manager
10-30 19:44:40.777   361   361 E SELinux : avc:  denied  { find } for interface=android.frameworks.displayservice::IDisplayService pid=22967 scontext=u:r:shell:s0 tcontext=u:object_r:fwk_display_hwservice:s0 tclass=hwservice_manager
10-30 19:44:40.778   361   361 E SELinux : avc:  denied  { find } for interface=android.frameworks.schedulerservice::ISchedulingPolicyService pid=22967 scontext=u:r:shell:s0 tcontext=u:object_r:fwk_scheduler_hwservice:s0 tclass=hwservice_manager
10-30 19:44:40.778   361   361 E SELinux : avc:  denied  { find } for interface=android.frameworks.sensorservice::ISensorManager pid=22967 scontext=u:r:shell:s0 tcontext=u:object_r:fwk_sensor_hwservice:s0 tclass=hwservice_manager
10-30 19:44:40.779   361   361 E SELinux : avc:  denied  { find } for interface=android.hardware.biometrics.fingerprint::IBiometricsFingerprint pid=22967 scontext=u:r:shell:s0 tcontext=u:object_r:hal_fingerprint_hwservice:s0 tclass=hwservice_manager
10-30 19:44:40.780   361   361 E SELinux : avc:  denied  { find } for interface=android.hardware.dumpstate::IDumpstateDevice pid=22967 scontext=u:r:shell:s0 tcontext=u:object_r:hal_dumpstate_hwservice:s0 tclass=hwservice_manager
10-30 19:44:40.782   361   361 E SELinux : avc:  denied  { find } for interface=android.hardware.radio.deprecated::IOemHook pid=22967 scontext=u:r:shell:s0 tcontext=u:object_r:hal_telephony_hwservice:s0 tclass=hwservice_manager
10-30 19:44:40.782   361   361 E SELinux : avc:  denied  { find } for interface=android.hardware.radio::IRadio pid=22967 scontext=u:r:shell:s0 tcontext=u:object_r:hal_telephony_hwservice:s0 tclass=hwservice_manager
10-30 19:44:40.784   361   361 E SELinux : avc:  denied  { find } for interface=android.hardware.radio::ISap pid=22967 scontext=u:r:shell:s0 tcontext=u:object_r:hal_telephony_hwservice:s0 tclass=hwservice_manager
10-30 19:44:40.784   361   361 E SELinux : avc:  denied  { find } for interface=android.hardware.usb::IUsb pid=22967 scontext=u:r:shell:s0 tcontext=u:object_r:hal_usb_hwservice:s0 tclass=hwservice_manager
10-30 19:44:40.785   361   361 E SELinux : avc:  denied  { find } for interface=android.hardware.wifi.supplicant::ISupplicant pid=22967 scontext=u:r:shell:s0 tcontext=u:object_r:hal_wifi_supplicant_hwservice:s0 tclass=hwservice_manager
10-30 19:44:40.786   361   361 E SELinux : avc:  denied  { find } for interface=android.hardware.wifi::IWifi pid=22967 scontext=u:r:shell:s0 tcontext=u:object_r:hal_wifi_hwservice:s0 tclass=hwservice_manager
10-30 19:44:40.787   361   361 E SELinux : avc:  denied  { find } for interface=android.hidl.base::IBase pid=22967 scontext=u:r:shell:s0 tcontext=u:object_r:hidl_base_hwservice:s0 tclass=hwservice_manager
10-30 19:44:40.787   361   361 I chatty  : uid=1000(system) hwservicemanage identical 1 line
10-30 19:44:40.788   361   361 E SELinux : avc:  denied  { find } for interface=android.hidl.base::IBase pid=22967 scontext=u:r:shell:s0 tcontext=u:object_r:hidl_base_hwservice:s0 tclass=hwservice_manager
10-30 19:44:40.790   361   361 E SELinux : avc:  denied  { find } for interface=android.system.wifi.keystore::IKeystore pid=22967 scontext=u:r:shell:s0 tcontext=u:object_r:system_wifi_keystore_hwservice:s0 tclass=hwservice_manager
10-30 19:44:40.807 22252 22263 I DynamiteModule: Considering local module com.google.android.gms.googlecertificates:0 and remote module com.google.android.gms.googlecertificates:7
10-30 19:44:40.807 22252 22263 I DynamiteModule: Selected remote version of com.google.android.gms.googlecertificates, version >= 7
10-30 19:44:41.028 22252 22263 W zygote64: Skipping duplicate class check due to unrecognized classloader
10-30 19:44:41.060 22252 22263 D GoogleCertificates: com.google.android.gms.googlecertificates module is loaded
10-30 19:44:41.099   772  2969 W AppOps  : Bad call: specified package com.google.android.gms under uid 10045 but it is really 10020
10-30 19:44:41.099   772  2969 W AppOps  : java.lang.RuntimeException: here
10-30 19:44:41.099   772  2969 W AppOps  : 	at com.android.server.AppOpsService.getOpsRawLocked(AppOpsService.java:1319)
10-30 19:44:41.099   772  2969 W AppOps  : 	at com.android.server.AppOpsService.checkPackage(AppOpsService.java:1038)
10-30 19:44:41.099   772  2969 W AppOps  : 	at com.android.internal.app.IAppOpsService$Stub.onTransact(IAppOpsService.java:169)
10-30 19:44:41.099   772  2969 W AppOps  : 	at android.os.Binder.execTransact(Binder.java:674)
10-30 19:44:41.101   772 32228 W AppOps  : Bad call: specified package com.google.android.gms under uid 10045 but it is really 10020
10-30 19:44:41.101   772 32228 W AppOps  : java.lang.RuntimeException: here
10-30 19:44:41.101   772 32228 W AppOps  : 	at com.android.server.AppOpsService.getOpsRawLocked(AppOpsService.java:1319)
10-30 19:44:41.101   772 32228 W AppOps  : 	at com.android.server.AppOpsService.checkPackage(AppOpsService.java:1038)
10-30 19:44:41.101   772 32228 W AppOps  : 	at com.android.internal.app.IAppOpsService$Stub.onTransact(IAppOpsService.java:169)
10-30 19:44:41.101   772 32228 W AppOps  : 	at android.os.Binder.execTransact(Binder.java:674)
10-30 19:44:41.136 22252 22252 I MemoryTrimmer: Trimming objects from memory, since app is in the background.
10-30 19:44:41.255  3535  3535 D BoundBrokerSvc: onBind: Intent { act=com.google.android.gms.common.BIND_SHARED_PREFS pkg=com.google.android.gms }
10-30 19:44:41.255  3535  3535 D BoundBrokerSvc: Loading bound service for intent: Intent { act=com.google.android.gms.common.BIND_SHARED_PREFS pkg=com.google.android.gms }
10-30 19:44:41.268  3535  3535 D BoundBrokerSvc: onUnbind: Intent { act=com.google.android.gms.common.BIND_SHARED_PREFS pkg=com.google.android.gms }
10-30 19:44:41.270  3535  3753 I Icing   : IndexChimeraService.getServiceInterface callingPackage=com.google.android.gms componentName=null serviceId=30
10-30 19:44:41.321  3535  3574 I GmsCoreXrpcWrapper: Returning a channel provider with trafficStatsTag=12803 trafficStatsUid=-1
10-30 19:44:41.583  3535  3574 I Icing   : Usage reports ok 3, Failed Usage reports 0, indexed 1, rejected 0
10-30 19:44:42.209 22227 22227 W chromium: [WARNING:controller_impl.cc(1190)] Background download complete, client: 6, completion type: 0, file size:16643
10-30 19:44:42.244   772  3041 I ActivityManager: Start proc 22993:com.android.chrome:sandboxed_process22/u0i495 for webview_service com.android.chrome/org.chromium.content.app.SandboxedProcessService22
10-30 19:44:42.245 22993 22993 E /system/bin/webview_zygote32: failed to make and chown /acct/uid_99495: Permission denied
10-30 19:44:42.245 22993 22993 E Zygote  : createProcessGroup(99495, 0) failed: Permission denied
10-30 19:44:42.288 22993 22993 I SamplingProfilerIntegration: Profiling disabled.
10-30 19:44:42.316 23006 23006 E asset   : setgid: Operation not permitted
10-30 19:44:42.347 22993 22993 I cr_SplitCompatApp: Launched version=106.0.5249.79 minSdkVersion=24 isBundle=true processName=com.android.chrome:sandboxed_process22 isIsolated=true
10-30 19:44:42.351 22993 22993 W SystemServiceRegistry: No service published for: uimode
10-30 19:44:42.359 22993 22993 I cr_ChildProcessService: Creating new ChildProcessService pid=22993
10-30 19:44:42.368 22993 22993 E WebViewFactory: can't load with relro file; address space not reserved
10-30 19:44:42.392 22993 23008 I cr_LibraryLoader: Successfully loaded native library
10-30 19:44:42.393 22993 23008 I cr_CachingUmaRecorder: Flushed 3 samples from 3 histograms.
10-30 19:44:42.421 22227 22227 W chromium: [WARNING:controller_impl.cc(1190)] Background download complete, client: 6, completion type: 0, file size:18160
10-30 19:44:42.435 23014 23014 W ThreadPoolForeg: type=1400 audit(0.0:9598): avc: denied { setattr } for name="model-info.pb" dev="dm-2" ino=1504892 scontext=u:r:isolated_app:s0:c512,c768 tcontext=u:object_r:app_data_file:s0:c512,c768 tclass=file permissive=0
10-30 19:44:42.437 22227 22227 W chromium: [WARNING:controller_impl.cc(1190)] Background download complete, client: 6, completion type: 0, file size:265060
10-30 19:44:42.442 23014 23014 W ThreadPoolForeg: type=1400 audit(0.0:9599): avc: denied { setattr } for name="model.tflite" dev="dm-2" ino=1504893 scontext=u:r:isolated_app:s0:c512,c768 tcontext=u:object_r:app_data_file:s0:c512,c768 tclass=file permissive=0
10-30 19:44:42.459 22993 23008 I chromium: [INFO:child_process_service.cc(69)] ChildProcessService: Exiting child process.
10-30 19:44:42.476 22227 22227 W chromium: [WARNING:compositor_view.cc(342)] Child process died (type=6) pid=22993)
10-30 19:44:42.477 23016 23016 E /system/bin/webview_zygote32: failed to make and chown /acct/uid_99496: Permission denied
10-30 19:44:42.477 23016 23016 E Zygote  : createProcessGroup(99496, 0) failed: Permission denied
10-30 19:44:42.477   772 10895 I ActivityManager: Start proc 23016:com.android.chrome:sandboxed_process23/u0i496 for webview_service com.android.chrome/org.chromium.content.app.SandboxedProcessService23
10-30 19:44:42.479   772 13071 I ActivityManager: Process com.android.chrome:sandboxed_process22 (pid 22993) has died: vis  TOP 
10-30 19:44:42.479   772   790 W zygote64: failed to open /acct/uid_99495/pid_22993/cgroup.procs: No such file or directory
10-30 19:44:42.479   772 13071 W ActivityManager: Scheduling restart of crashed service com.android.chrome/org.chromium.content.app.SandboxedProcessService22 in 1000ms
10-30 19:44:42.528 23016 23016 I SamplingProfilerIntegration: Profiling disabled.
10-30 19:44:42.537 23029 23029 E /system/bin/webview_zygote32: failed to make and chown /acct/uid_99497: Permission denied
10-30 19:44:42.537 23029 23029 E Zygote  : createProcessGroup(99497, 0) failed: Permission denied
10-30 19:44:42.543   772  4539 I ActivityManager: Start proc 23029:com.android.chrome:sandboxed_process24/u0i497 for webview_service com.android.chrome/org.chromium.content.app.SandboxedProcessService24
10-30 19:44:42.564 23029 23029 I SamplingProfilerIntegration: Profiling disabled.
10-30 19:44:42.565 23042 23042 E asset   : setgid: Operation not permitted
10-30 19:44:42.587 23044 23044 E asset   : setgid: Operation not permitted
10-30 19:44:42.603 23016 23016 I cr_SplitCompatApp: Launched version=106.0.5249.79 minSdkVersion=24 isBundle=true processName=com.android.chrome:sandboxed_process23 isIsolated=true
10-30 19:44:42.607 23016 23016 W SystemServiceRegistry: No service published for: uimode
10-30 19:44:42.618 23016 23016 I cr_ChildProcessService: Creating new ChildProcessService pid=23016
10-30 19:44:42.620 23029 23029 I cr_SplitCompatApp: Launched version=106.0.5249.79 minSdkVersion=24 isBundle=true processName=com.android.chrome:sandboxed_process24 isIsolated=true
10-30 19:44:42.624 23016 23016 E WebViewFactory: can't load with relro file; address space not reserved
10-30 19:44:42.626 23029 23029 W SystemServiceRegistry: No service published for: uimode
10-30 19:44:42.631 23029 23029 I cr_ChildProcessService: Creating new ChildProcessService pid=23029
10-30 19:44:42.634 23016 23046 I cr_LibraryLoader: Successfully loaded native library
10-30 19:44:42.635 23016 23046 I cr_CachingUmaRecorder: Flushed 3 samples from 3 histograms.
10-30 19:44:42.638 23029 23029 E WebViewFactory: can't load with relro file; address space not reserved
10-30 19:44:42.652 23029 23047 I cr_LibraryLoader: Successfully loaded native library
10-30 19:44:42.654 23029 23047 I cr_CachingUmaRecorder: Flushed 3 samples from 3 histograms.
10-30 19:44:42.668 23051 23051 W ThreadPoolForeg: type=1400 audit(0.0:9600): avc: denied { setattr } for name="model-info.pb" dev="dm-2" ino=1504907 scontext=u:r:isolated_app:s0:c512,c768 tcontext=u:object_r:app_data_file:s0:c512,c768 tclass=file permissive=0
10-30 19:44:42.672 23051 23051 W ThreadPoolForeg: type=1400 audit(0.0:9601): avc: denied { setattr } for name="model.tflite" dev="dm-2" ino=1504908 scontext=u:r:isolated_app:s0:c512,c768 tcontext=u:object_r:app_data_file:s0:c512,c768 tclass=file permissive=0
10-30 19:44:42.675 23055 23055 W ThreadPoolForeg: type=1400 audit(0.0:9602): avc: denied { setattr } for name="model-info.pb" dev="dm-2" ino=1504909 scontext=u:r:isolated_app:s0:c512,c768 tcontext=u:object_r:app_data_file:s0:c512,c768 tclass=file permissive=0
10-30 19:44:42.677 23016 23046 I chromium: [INFO:child_process_service.cc(69)] ChildProcessService: Exiting child process.
10-30 19:44:42.678   422   422 E lowmemorykiller: Error writing /proc/23016/oom_score_adj; errno=22
10-30 19:44:42.681   772  4540 I ActivityManager: Killing 23016:com.android.chrome:sandboxed_process23/u0a60i496 (adj 0): isolated not needed
10-30 19:44:42.681   772   790 W zygote64: failed to open /acct/uid_99496/pid_23016/cgroup.procs: No such file or directory
10-30 19:44:42.715 23055 23055 W ThreadPoolForeg: type=1400 audit(0.0:9603): avc: denied { setattr } for name="model.tflite" dev="dm-2" ino=1504895 scontext=u:r:isolated_app:s0:c512,c768 tcontext=u:object_r:app_data_file:s0:c512,c768 tclass=file permissive=0
10-30 19:44:42.722 22227 22227 W chromium: [WARNING:controller_impl.cc(1190)] Background download complete, client: 6, completion type: 0, file size:15859
10-30 19:44:42.724 23029 23047 I chromium: [INFO:child_process_service.cc(69)] ChildProcessService: Exiting child process.
10-30 19:44:42.725   422   422 E lowmemorykiller: Error writing /proc/23029/oom_score_adj; errno=22
10-30 19:44:42.726   772  3037 I ActivityManager: Killing 23029:com.android.chrome:sandboxed_process24/u0a60i497 (adj 0): isolated not needed
10-30 19:44:42.726   772   790 W zygote64: failed to open /acct/uid_99497/pid_23029/cgroup.procs: No such file or directory
10-30 19:44:42.737 22227 22227 W chromium: [WARNING:compositor_view.cc(342)] Child process died (type=6) pid=23016)
10-30 19:44:42.742 22323 22345 I tflite  : Initialized TensorFlow Lite runtime.
10-30 19:44:42.756 22227 22227 W chromium: [WARNING:compositor_view.cc(342)] Child process died (type=6) pid=23029)
10-30 19:44:42.758 23061 23061 E /system/bin/webview_zygote32: failed to make and chown /acct/uid_99498: Permission denied
10-30 19:44:42.758 23061 23061 E Zygote  : createProcessGroup(99498, 0) failed: Permission denied
10-30 19:44:42.760   772 10860 I ActivityManager: Start proc 23061:com.android.chrome:sandboxed_process25/u0i498 for webview_service com.android.chrome/org.chromium.content.app.SandboxedProcessService25
10-30 19:44:42.811 23061 23061 I SamplingProfilerIntegration: Profiling disabled.
10-30 19:44:42.825 22227 22227 W chromium: [WARNING:controller_impl.cc(1190)] Background download complete, client: 6, completion type: 0, file size:2759
10-30 19:44:42.841 23074 23074 E asset   : setgid: Operation not permitted
10-30 19:44:42.861   772   781 I zygote64: Background concurrent copying GC freed 110128(6MB) AllocSpace objects, 210(6MB) LOS objects, 42% free, 17MB/30MB, paused 506us total 100.568ms
10-30 19:44:42.869   772  2970 I ActivityManager: Start proc 23075:com.android.chrome:sandboxed_process26/u0i499 for webview_service com.android.chrome/org.chromium.content.app.SandboxedProcessService26
10-30 19:44:42.883 23075 23075 E /system/bin/webview_zygote32: failed to make and chown /acct/uid_99499: Permission denied
10-30 19:44:42.883 23075 23075 E Zygote  : createProcessGroup(99499, 0) failed: Permission denied
10-30 19:44:42.895 23061 23061 I cr_SplitCompatApp: Launched version=106.0.5249.79 minSdkVersion=24 isBundle=true processName=com.android.chrome:sandboxed_process25 isIsolated=true
10-30 19:44:42.903 23061 23061 W SystemServiceRegistry: No service published for: uimode
10-30 19:44:42.907 23075 23075 I SamplingProfilerIntegration: Profiling disabled.
10-30 19:44:42.925 23061 23061 I cr_ChildProcessService: Creating new ChildProcessService pid=23061
10-30 19:44:42.931 23061 23061 E WebViewFactory: can't load with relro file; address space not reserved
10-30 19:44:42.941 23089 23089 E asset   : setgid: Operation not permitted
10-30 19:44:42.942 22837 22876 I tflite  : Initialized TensorFlow Lite runtime.
10-30 19:44:42.948 23061 23088 I cr_LibraryLoader: Successfully loaded native library
10-30 19:44:42.949 23061 23088 I cr_CachingUmaRecorder: Flushed 3 samples from 3 histograms.
10-30 19:44:42.978 23092 23092 W ThreadPoolForeg: type=1400 audit(0.0:9604): avc: denied { setattr } for name="model-info.pb" dev="dm-2" ino=1504915 scontext=u:r:isolated_app:s0:c512,c768 tcontext=u:object_r:app_data_file:s0:c512,c768 tclass=file permissive=0
10-30 19:44:42.979 23075 23075 I cr_SplitCompatApp: Launched version=106.0.5249.79 minSdkVersion=24 isBundle=true processName=com.android.chrome:sandboxed_process26 isIsolated=true
10-30 19:44:42.982 23092 23092 W ThreadPoolForeg: type=1400 audit(0.0:9605): avc: denied { setattr } for name="model.tflite" dev="dm-2" ino=1504916 scontext=u:r:isolated_app:s0:c512,c768 tcontext=u:object_r:app_data_file:s0:c512,c768 tclass=file permissive=0
10-30 19:44:42.983 23075 23075 W SystemServiceRegistry: No service published for: uimode
10-30 19:44:42.988 23061 23088 I chromium: [INFO:child_process_service.cc(69)] ChildProcessService: Exiting child process.
10-30 19:44:42.990 23075 23075 I cr_ChildProcessService: Creating new ChildProcessService pid=23075
10-30 19:44:42.993   422   422 E lowmemorykiller: Error writing /proc/23061/oom_score_adj; errno=22
10-30 19:44:42.994   772  2969 I ActivityManager: Killing 23061:com.android.chrome:sandboxed_process25/u0a60i498 (adj 0): isolated not needed
10-30 19:44:42.997   772   790 W zygote64: failed to open /acct/uid_99498/pid_23061/cgroup.procs: No such file or directory
10-30 19:44:43.001 23075 23075 E WebViewFactory: can't load with relro file; address space not reserved
10-30 19:44:43.014 22227 22227 W chromium: [WARNING:compositor_view.cc(342)] Child process died (type=6) pid=23061)
10-30 19:44:43.018 23075 23097 I cr_LibraryLoader: Successfully loaded native library
10-30 19:44:43.020 23075 23097 I cr_CachingUmaRecorder: Flushed 3 samples from 3 histograms.
10-30 19:44:43.038 23101 23101 W ThreadPoolForeg: type=1400 audit(0.0:9606): avc: denied { setattr } for name="model-info.pb" dev="dm-2" ino=1504915 scontext=u:r:isolated_app:s0:c512,c768 tcontext=u:object_r:app_data_file:s0:c512,c768 tclass=file permissive=0
10-30 19:44:43.042 23101 23101 W ThreadPoolForeg: type=1400 audit(0.0:9607): avc: denied { setattr } for name="model.tflite" dev="dm-2" ino=1504920 scontext=u:r:isolated_app:s0:c512,c768 tcontext=u:object_r:app_data_file:s0:c512,c768 tclass=file permissive=0
10-30 19:44:43.049 23075 23097 I chromium: [INFO:child_process_service.cc(69)] ChildProcessService: Exiting child process.
10-30 19:44:43.050   422   422 E lowmemorykiller: Error writing /proc/23075/oom_score_adj; errno=22
10-30 19:44:43.051   772  3037 I ActivityManager: Killing 23075:com.android.chrome:sandboxed_process26/u0a60i499 (adj 0): isolated not needed
10-30 19:44:43.052   772   790 W zygote64: failed to open /acct/uid_99499/pid_23075/cgroup.procs: No such file or directory
10-30 19:44:43.070 22227 22227 W chromium: [WARNING:controller_impl.cc(1190)] Background download complete, client: 6, completion type: 0, file size:116031
