--------- beginning of system
10-30 19:38:05.007   772   791 E BatteryStatsService: no controller energy info supplied
10-30 19:43:53.109   772  3041 E BatteryStatsService: no controller energy info supplied
10-30 19:44:29.060   772 13022 I ActivityManager: Force stopping com.android.chrome appid=10060 user=0: from pid 22225
10-30 19:44:29.061   772 13022 I ActivityManager: Killing 19696:com.android.chrome:webview_service/u0a60 (adj 906): stop com.android.chrome
10-30 19:44:29.064   772 13022 I ActivityManager: Killing 6761:com.google.android.googlequicksearchbox:search/u0a45 (adj 100): stop com.android.chrome
10-30 19:44:29.066   772 13022 W ActivityManager: Scheduling restart of crashed service com.google.android.googlequicksearchbox/com.google.android.apps.gsa.search.core.service.SearchService in 1000ms
10-30 19:44:29.069   772 13022 I ActivityManager: Killing 19780:com.android.chrome/u0a60 (adj 904): stop com.android.chrome
--------- beginning of main
10-30 19:44:29.081  1311  1311 D CarrierSvcBindHelper: No carrier app for: 0
10-30 19:44:29.092  2964  2964 D RegisteredNfcFServicesCache: Service unchanged, not updating
10-30 19:44:29.110   772 13021 D ConnectivityService: ConnectivityService NetworkRequestInfo binderDied(NetworkRequest [ LISTEN id=1307, [ Capabilities: INTERNET&NOT_RESTRICTED&TRUSTED] ], android.os.BinderProxy@5c43d84)
10-30 19:44:29.111   772   862 E ConnectivityService: RemoteException caught trying to send a callback msg for NetworkRequest [ LISTEN id=1307, [ Capabilities: INTERNET&NOT_RESTRICTED&TRUSTED] ]
10-30 19:44:29.155   556 22078 D audio_hw_primary: disable_audio_route: usecase(9) reset and update mixer path: audio-record
10-30 19:44:29.156   556 22078 D audio_hw_primary: disable_snd_device: snd_device(72: voice-rec-mic)
10-30 19:44:29.159   556 22078 D sound_trigger_platform: platform_stdev_check_and_update_concurrency: concurrency active 0, tx 0, rx 0, concurrency session_allowed 1
10-30 19:44:29.161   556   753 I SoundTriggerHwService::Module: onCallbackEvent no clients
10-30 19:44:29.334   772 13022 I ActivityManager: START u0 {act=android.intent.action.VIEW flg=0x10008000 cmp=com.android.chrome/com.google.android.apps.chrome.Main} from uid 2000
10-30 19:44:29.346   772   830 E ResourceType: Style contains key with bad entry: 0x0101062c
10-30 19:44:29.362   772   830 E ResourceType: Style contains key with bad entry: 0x0101062c
10-30 19:44:29.384   772   785 I ActivityManager: Start proc 22227:com.android.chrome/u0a60 for activity com.android.chrome/com.google.android.apps.chrome.Main
10-30 19:44:29.482 22227 22227 I cr_SplitCompatApp: Launched version=106.0.5249.79 minSdkVersion=24 isBundle=true processName=com.android.chrome isIsolated=false
10-30 19:44:29.649  3960  3971 I FontLog : Received query Google Sans, URI content://com.google.android.gms.fonts [CONTEXT service_id=132 ]
10-30 19:44:29.650  3960  3971 I FontLog : Query [Google Sans] resolved to {Google Sans, wdth 100.0, wght 400, ital 0.0, bestEffort false} [CONTEXT service_id=132 ]
10-30 19:44:29.653  3960  3971 I FontLog : Font PFD returned from cache for {Google Sans, wdth 100.0, wght 400, ital 0.0, bestEffort false} [CONTEXT service_id=132 ]
10-30 19:44:29.653  3960  3971 I FontLog : Fetch {Google Sans, wdth 100.0, wght 400, ital 0.0, bestEffort false} end status Status{statusCode=SUCCESS, resolution=null} [CONTEXT service_id=132 ]
10-30 19:44:29.665  3960  4245 I FontLog : Pulling font file for id = 430, cache size = 6 [CONTEXT service_id=132 ]
10-30 19:44:29.686  3960  3971 I FontLog : Received query Google Sans:500, URI content://com.google.android.gms.fonts [CONTEXT service_id=132 ]
10-30 19:44:29.686  3960  3971 I FontLog : Query [Google Sans:500] resolved to {Google Sans, wdth 100.0, wght 500, ital 0.0, bestEffort false} [CONTEXT service_id=132 ]
10-30 19:44:29.688  3960  3971 I FontLog : Font PFD returned from cache for {Google Sans, wdth 100.0, wght 500, ital 0.0, bestEffort false} [CONTEXT service_id=132 ]
10-30 19:44:29.688  3960  3971 I FontLog : Fetch {Google Sans, wdth 100.0, wght 500, ital 0.0, bestEffort false} end status Status{statusCode=SUCCESS, resolution=null} [CONTEXT service_id=132 ]
10-30 19:44:29.694  3960  3972 I FontLog : Pulling font file for id = 431, cache size = 7 [CONTEXT service_id=132 ]
10-30 19:44:29.706  3960  4244 I FontLog : Received query Google Sans:700, URI content://com.google.android.gms.fonts [CONTEXT service_id=132 ]
10-30 19:44:29.706  3960  4244 I FontLog : Query [Google Sans:700] resolved to {Google Sans, wdth 100.0, wght 700, ital 0.0, bestEffort false} [CONTEXT service_id=132 ]
10-30 19:44:29.708  3960  4244 I FontLog : Fetch {Google Sans, wdth 100.0, wght 700, ital 0.0, bestEffort false} end status Status{statusCode=SUCCESS, resolution=null} [CONTEXT service_id=132 ]
10-30 19:44:29.717  3960  3971 I FontLog : Pulling font file for id = 432, cache size = 7 [CONTEXT service_id=132 ]
10-30 19:44:29.792 22227 22246 I cr_LibraryLoader: Successfully loaded native library
10-30 19:44:29.794 22227 22246 I cr_CachingUmaRecorder: Flushed 19 samples from 19 histograms.
10-30 19:44:29.931 22227 22227 E ResourceType: Style contains key with bad entry: 0x0101062c
10-30 19:44:29.986 22227 22249 W DynamiteModule: Local module descriptor class for com.google.android.gms.googlecertificates not found.
10-30 19:44:30.007 22227 22249 W zygote  : Skipping duplicate class check due to unrecognized classloader
10-30 19:44:30.014 22227 22249 I DynamiteModule: Considering local module com.google.android.gms.googlecertificates:0 and remote module com.google.android.gms.googlecertificates:7
10-30 19:44:30.014 22227 22249 I DynamiteModule: Selected remote version of com.google.android.gms.googlecertificates, version >= 7
10-30 19:44:30.018   772   785 I ActivityManager: START u0 {cmp=com.android.chrome/org.chromium.chrome.browser.firstrun.FirstRunActivity (has extras)} from uid 10060
10-30 19:44:30.049 22227 22227 E ResourceType: Style contains key with bad entry: 0x0101062c
10-30 19:44:30.062 22227 22249 W zygote  : Skipping duplicate class check due to unrecognized classloader
10-30 19:44:30.083   772   788 I ActivityManager: Start proc 22252:com.google.android.googlequicksearchbox:search/u0a45 for service com.google.android.googlequicksearchbox/com.google.android.apps.gsa.search.core.service.SearchService
10-30 19:44:30.118   772 32228 W AppOps  : Bad call: specified package com.google.android.gms under uid 10060 but it is really 10020
10-30 19:44:30.118   772 32228 W AppOps  : java.lang.RuntimeException: here
10-30 19:44:30.118   772 32228 W AppOps  : 	at com.android.server.AppOpsService.getOpsRawLocked(AppOpsService.java:1319)
10-30 19:44:30.118   772 32228 W AppOps  : 	at com.android.server.AppOpsService.checkPackage(AppOpsService.java:1038)
10-30 19:44:30.118   772 32228 W AppOps  : 	at com.android.internal.app.IAppOpsService$Stub.onTransact(IAppOpsService.java:169)
10-30 19:44:30.118   772 32228 W AppOps  : 	at android.os.Binder.execTransact(Binder.java:674)
10-30 19:44:30.119   772  3854 W AppOps  : Bad call: specified package com.google.android.gms under uid 10060 but it is really 10020
10-30 19:44:30.119   772  3854 W AppOps  : java.lang.RuntimeException: here
10-30 19:44:30.119   772  3854 W AppOps  : 	at com.android.server.AppOpsService.getOpsRawLocked(AppOpsService.java:1319)
10-30 19:44:30.119   772  3854 W AppOps  : 	at com.android.server.AppOpsService.checkPackage(AppOpsService.java:1038)
10-30 19:44:30.119   772  3854 W AppOps  : 	at com.android.internal.app.IAppOpsService$Stub.onTransact(IAppOpsService.java:169)
10-30 19:44:30.119   772  3854 W AppOps  : 	at android.os.Binder.execTransact(Binder.java:674)
10-30 19:44:30.125   772  4539 W AppOps  : Bad call: specified package com.google.android.gms under uid 10060 but it is really 10020
10-30 19:44:30.125   772  4539 W AppOps  : java.lang.RuntimeException: here
10-30 19:44:30.125   772  4539 W AppOps  : 	at com.android.server.AppOpsService.getOpsRawLocked(AppOpsService.java:1319)
10-30 19:44:30.125   772  4539 W AppOps  : 	at com.android.server.AppOpsService.checkPackage(AppOpsService.java:1038)
10-30 19:44:30.125   772  4539 W AppOps  : 	at com.android.internal.app.IAppOpsService$Stub.onTransact(IAppOpsService.java:169)
10-30 19:44:30.125   772  4539 W AppOps  : 	at android.os.Binder.execTransact(Binder.java:674)
10-30 19:44:30.127   772  3041 W AppOps  : Bad call: specified package com.google.android.gms under uid 10060 but it is really 10020
10-30 19:44:30.127   772  3041 W AppOps  : java.lang.RuntimeException: here
10-30 19:44:30.127   772  3041 W AppOps  : 	at com.android.server.AppOpsService.getOpsRawLocked(AppOpsService.java:1319)
10-30 19:44:30.127   772  3041 W AppOps  : 	at com.android.server.AppOpsService.checkPackage(AppOpsService.java:1038)
10-30 19:44:30.127   772  3041 W AppOps  : 	at com.android.internal.app.IAppOpsService$Stub.onTransact(IAppOpsService.java:169)
10-30 19:44:30.127   772  3041 W AppOps  : 	at android.os.Binder.execTransact(Binder.java:674)
10-30 19:44:30.316 22227 22227 W ResourceType: Failure getting entry for 0x7f010055 (t=0 e=85) (error -75)
10-30 19:44:30.347 22227 22271 D OpenGLRenderer: HWUI GL Pipeline
10-30 19:44:30.381 22227 22271 I Adreno  : QUALCOMM build                   : 7142022, Ib5823dd10c
10-30 19:44:30.381 22227 22271 I Adreno  : Build Date                       : 06/23/17
10-30 19:44:30.381 22227 22271 I Adreno  : OpenGL ES Shader Compiler Version: EV031.18.00.00
10-30 19:44:30.381 22227 22271 I Adreno  : Local Branch                     : O11A
10-30 19:44:30.381 22227 22271 I Adreno  : Remote Branch                    : 
10-30 19:44:30.381 22227 22271 I Adreno  : Remote Branch                    : 
10-30 19:44:30.381 22227 22271 I Adreno  : Reconstruct Branch               : 
10-30 19:44:30.381 22227 22271 I vndksupport: sphal namespace is not configured for this process. Loading /vendor/lib/hw/gralloc.msm8992.so from the current namespace instead.
10-30 19:44:30.383 22227 22227 W RecyclerView: No adapter attached; skipping layout
10-30 19:44:30.386 22227 22227 I cr_StartSurfaceConfig: Recorded Startup.Android.FirstDrawCompletedTime.NoInstant = 167 ms
10-30 19:44:30.392 22227 22271 I Adreno  : PFP: 0x00000000, ME: 0x00000000
10-30 19:44:30.397 22227 22271 I OpenGLRenderer: Initialized EGL, version 1.4
10-30 19:44:30.397 22227 22271 D OpenGLRenderer: Swap behavior 2
10-30 19:44:30.398 22227 22250 D NetworkSecurityConfig: Using Network Security Config from resource 0_resource_name_obfuscated debugBuild: false
10-30 19:44:30.433  3960  4181 E bfry    : Phenotype API error. Event # ddoj@e7d6454f, EventCode: 7 [CONTEXT service_id=51 ]
10-30 19:44:30.433  3960  4181 E bfry    : bfra: 29505: No config packages for log source, or config package not registered
10-30 19:44:30.433  3960  4181 E bfry    : 	at bfst.b(:com.google.android.gms@223616019@22.36.16 (040400-476895098):4)
10-30 19:44:30.433  3960  4181 E bfry    : 	at bfsq.g(:com.google.android.gms@223616019@22.36.16 (040400-476895098):0)
10-30 19:44:30.433  3960  4181 E bfry    : 	at bfry.e(:com.google.android.gms@223616019@22.36.16 (040400-476895098):4)
10-30 19:44:30.433  3960  4181 E bfry    : 	at bfry.f(:com.google.android.gms@223616019@22.36.16 (040400-476895098):2)
10-30 19:44:30.433  3960  4181 E bfry    : 	at arjg.ep(:com.google.android.gms@223616019@22.36.16 (040400-476895098):1)
10-30 19:44:30.433  3960  4181 E bfry    : 	at arjm.run(:com.google.android.gms@223616019@22.36.16 (040400-476895098):12)
10-30 19:44:30.433  3960  4181 E bfry    : 	at cjoq.run(:com.google.android.gms@223616019@22.36.16 (040400-476895098):2)
10-30 19:44:30.433  3960  4181 E bfry    : 	at aarl.c(:com.google.android.gms@223616019@22.36.16 (040400-476895098):6)
10-30 19:44:30.433  3960  4181 E bfry    : 	at aarl.run(:com.google.android.gms@223616019@22.36.16 (040400-476895098):7)
10-30 19:44:30.433  3960  4181 E bfry    : 	at java.util.concurrent.ThreadPoolExecutor.runWorker(ThreadPoolExecutor.java:1162)
10-30 19:44:30.433  3960  4181 E bfry    : 	at java.util.concurrent.ThreadPoolExecutor$Worker.run(ThreadPoolExecutor.java:636)
10-30 19:44:30.433  3960  4181 E bfry    : 	at aaws.run(:com.google.android.gms@223616019@22.36.16 (040400-476895098):0)
10-30 19:44:30.433  3960  4181 E bfry    : 	at java.lang.Thread.run(Thread.java:764)
10-30 19:44:30.437  3960  4181 W AsyncOperation: operation=GetExperimentTokensOperationCall, opStatusCode=29505 [CONTEXT service_id=51 ]
10-30 19:44:30.437  3960  4181 W AsyncOperation: OperationException[Status{statusCode=No config packages for log source, or config package not registered, resolution=null}]
10-30 19:44:30.437  3960  4181 W AsyncOperation: 	at bfry.e(:com.google.android.gms@223616019@22.36.16 (040400-476895098):6)
10-30 19:44:30.437  3960  4181 W AsyncOperation: 	at bfry.f(:com.google.android.gms@223616019@22.36.16 (040400-476895098):2)
10-30 19:44:30.437  3960  4181 W AsyncOperation: 	at arjg.ep(:com.google.android.gms@223616019@22.36.16 (040400-476895098):1)
10-30 19:44:30.437  3960  4181 W AsyncOperation: 	at arjm.run(:com.google.android.gms@223616019@22.36.16 (040400-476895098):12)
10-30 19:44:30.437  3960  4181 W AsyncOperation: 	at cjoq.run(:com.google.android.gms@223616019@22.36.16 (040400-476895098):2)
10-30 19:44:30.437  3960  4181 W AsyncOperation: 	at aarl.c(:com.google.android.gms@223616019@22.36.16 (040400-476895098):6)
10-30 19:44:30.437  3960  4181 W AsyncOperation: 	at aarl.run(:com.google.android.gms@223616019@22.36.16 (040400-476895098):7)
10-30 19:44:30.437  3960  4181 W AsyncOperation: 	at java.util.concurrent.ThreadPoolExecutor.runWorker(ThreadPoolExecutor.java:1162)
10-30 19:44:30.437  3960  4181 W AsyncOperation: 	at java.util.concurrent.ThreadPoolExecutor$Worker.run(ThreadPoolExecutor.java:636)
10-30 19:44:30.437  3960  4181 W AsyncOperation: 	at aaws.run(:com.google.android.gms@223616019@22.36.16 (040400-476895098):0)
10-30 19:44:30.437  3960  4181 W AsyncOperation: 	at java.lang.Thread.run(Thread.java:764)
10-30 19:44:30.837   772   996 I ActivityManager: Start proc 22288:com.google.android.partnersetup/u0a26 for content provider com.google.android.partnersetup/.RlzAppProvider
10-30 19:44:30.849   361   361 W /system/bin/hwservicemanager: getTransportFromManifest: Cannot find entry android.hardware.graphics.mapper@2.0::IMapper in either framework or device manifest, using default transport.
10-30 19:44:30.852 22227 22271 I vndksupport: sphal namespace is not configured for this process. Loading /vendor/lib/hw/gralloc.msm8992.so from the current namespace instead.
10-30 19:44:30.867 22252 22264 W SessionLifecycleManager: Handover failed. Creating new session controller.
10-30 19:44:30.870 22252 22276 W com.google.protobuf.fi: copyMemory is missing from platform - proto runtime falling back to safer methods.
10-30 19:44:30.888   772  2969 W ActivityManager: Unable to start service Intent { act=com.google.android.gms.speech.service.START pkg=com.google.android.gms } U=0: not found
10-30 19:44:30.888   772 20193 W ActivityManager: Unbind failed: could not find connection for android.os.BinderProxy@74c5d6a
10-30 19:44:30.889 22252 22304 E GmsClient: unable to connect to service: com.google.android.gms.speech.service.START on com.google.android.gms
10-30 19:44:30.896 22252 22252 I MicroDetectionWorker: #initializeDataManager [recognitionLocale: en-US, isForced: false, initGHRecognizer: false]
10-30 19:44:30.897   772   797 I ActivityManager: Displayed com.android.chrome/org.chromium.chrome.browser.firstrun.FirstRunActivity: +781ms (total +1s535ms)
10-30 19:44:30.911 22252 22303 W SearchService: Abort, client detached.
10-30 19:44:30.915  1311  1326 I zygote64: Background concurrent copying GC freed 29894(1375KB) AllocSpace objects, 0(0B) LOS objects, 58% free, 1067KB/2MB, paused 5.424ms total 25.911ms
10-30 19:44:30.917 29214 29214 I MemoryTrimmer: Trimming objects from memory, since app is in the background.
10-30 19:44:30.921 29214 22075 V rsC++   : RS Message thread exiting.
10-30 19:44:30.922 22252 22252 E SearchService: Trying to activate client, AttachedClient[128486197924820331, ClientConfig[mFlags=[default, launch_result_activity_for_results, use_music_detector, clear_current_action_on_start, support_transparent_background, requires_full_srp_on_hotword, requires_opaque_actions_from_text, supports_toasts, consider_application_launch, client_handles_doodles, legacy_leave_behind_dirty_session_fixme] mSuggestFlags=[now_promo_suggestion_eligible, wants_lightweight_suggestions, enable_suggestions, enable_qsb_discoverability] mClientId=gel mSessionType=search]] and it is not started
10-30 19:44:30.986   772   784 I ActivityManager: Start proc 22309:com.google.process.gapps/u0a20 for content provider com.google.android.gsf/.gservices.GservicesProvider
10-30 19:44:30.997 22227 22250 I cr_VariationsSeedFetch: Fetched first run seed in 603 ms
10-30 19:44:31.044   772 10893 I ActivityManager: Start proc 22323:com.android.chrome:sandboxed_process0/u0i473 for webview_service com.android.chrome/org.chromium.content.app.SandboxedProcessService0
10-30 19:44:31.048 22323 22323 E /system/bin/webview_zygote32: failed to make and chown /acct/uid_99473: Permission denied
10-30 19:44:31.048 22323 22323 E Zygote  : createProcessGroup(99473, 0) failed: Permission denied
10-30 19:44:31.086 22323 22323 I SamplingProfilerIntegration: Profiling disabled.
10-30 19:44:31.112 22309 22309 I GservicesProvider: Gservices pushing to system: true; secure/global: true
10-30 19:44:31.145 22338 22338 E asset   : setgid: Operation not permitted
10-30 19:44:31.330 22323 22323 I cr_SplitCompatApp: Launched version=106.0.5249.79 minSdkVersion=24 isBundle=true processName=com.android.chrome:sandboxed_process0 isIsolated=true
10-30 19:44:31.334 22309 22309 I GoogleHttpClient: GMS http client unavailable, use old client
10-30 19:44:31.356 22323 22323 W SystemServiceRegistry: No service published for: uimode
10-30 19:44:31.376 22323 22323 I cr_ChildProcessService: Creating new ChildProcessService pid=22323
10-30 19:44:31.391 22323 22323 E WebViewFactory: can't load with relro file; address space not reserved
10-30 19:44:31.560   772   784 I ActivityManager: Start proc 22358:com.android.chrome:privileged_process0/u0a60 for service com.android.chrome/org.chromium.content.app.PrivilegedProcessService0
10-30 19:44:31.611 22227 22227 I cr_SmsProviderGms: construction successfull y93@458cef3, v93@bd057b0
10-30 19:44:31.632 22358 22358 I cr_SplitCompatApp: Launched version=106.0.5249.79 minSdkVersion=24 isBundle=true processName=com.android.chrome:privileged_process0 isIsolated=false
10-30 19:44:31.644 22358 22358 I cr_ChildProcessService: Creating new ChildProcessService pid=22358
10-30 19:44:31.656  3535  3535 D BoundBrokerSvc: onBind: Intent { act=com.google.android.gms.auth.key.retrieval.service.START dat=chimera-action:com.google.android.gms.auth.key.retrieval.service.START cmp=com.google.android.gms/.chimera.GmsApiService }
10-30 19:44:31.656  3535  3535 D BoundBrokerSvc: Loading bound service for intent: Intent { act=com.google.android.gms.auth.key.retrieval.service.START dat=chimera-action:com.google.android.gms.auth.key.retrieval.service.START cmp=com.google.android.gms/.chimera.GmsApiService }
10-30 19:44:31.697 22358 22376 I cr_LibraryLoader: Successfully loaded native library
10-30 19:44:31.698 22358 22376 I cr_CachingUmaRecorder: Flushed 3 samples from 3 histograms.
10-30 19:44:31.720 22358 22376 I Adreno  : QUALCOMM build                   : 7142022, Ib5823dd10c
10-30 19:44:31.720 22358 22376 I Adreno  : Build Date                       : 06/23/17
10-30 19:44:31.720 22358 22376 I Adreno  : OpenGL ES Shader Compiler Version: EV031.18.00.00
10-30 19:44:31.720 22358 22376 I Adreno  : Local Branch                     : O11A
10-30 19:44:31.720 22358 22376 I Adreno  : Remote Branch                    : 
10-30 19:44:31.720 22358 22376 I Adreno  : Remote Branch                    : 
10-30 19:44:31.720 22358 22376 I Adreno  : Reconstruct Branch               : 
10-30 19:44:31.720 22358 22376 I vndksupport: sphal namespace is not configured for this process. Loading /vendor/lib/hw/gralloc.msm8992.so from the current namespace instead.
10-30 19:44:31.724 22358 22376 I Adreno  : PFP: 0x00000000, ME: 0x00000000
10-30 19:44:31.728 22227 22227 W cr_KnoxSettingsProvider: Permission to read device policy denied.
10-30 19:44:31.795 22227 22227 I Choreographer: Skipped 44 frames!  The application may be doing too much work on its main thread.
10-30 19:44:32.646 22384 22384 E /system/bin/webview_zygote32: failed to make and chown /acct/uid_99474: Permission denied
10-30 19:44:32.646 22384 22384 E Zygote  : createProcessGroup(99474, 0) failed: Permission denied
10-30 19:44:32.649   772  4539 I ActivityManager: Start proc 22384:com.android.chrome:sandboxed_process1/u0i474 for webview_service com.android.chrome/org.chromium.content.app.SandboxedProcessService1
10-30 19:44:32.670 22384 22384 I SamplingProfilerIntegration: Profiling disabled.
10-30 19:44:32.694 22397 22397 E asset   : setgid: Operation not permitted
10-30 19:44:32.728 22384 22384 I cr_SplitCompatApp: Launched version=106.0.5249.79 minSdkVersion=24 isBundle=true processName=com.android.chrome:sandboxed_process1 isIsolated=true
10-30 19:44:32.735 22384 22384 W SystemServiceRegistry: No service published for: uimode
10-30 19:44:32.746 22384 22384 I cr_ChildProcessService: Creating new ChildProcessService pid=22384
10-30 19:44:32.753 22384 22384 E WebViewFactory: can't load with relro file; address space not reserved
10-30 19:44:32.766 22384 22399 I cr_LibraryLoader: Successfully loaded native library
10-30 19:44:32.767 22384 22399 I cr_CachingUmaRecorder: Flushed 3 samples from 3 histograms.
10-30 19:44:32.804 22384 22399 I chromium: [INFO:child_process_service.cc(69)] ChildProcessService: Exiting child process.
10-30 19:44:32.807   422   422 E lowmemorykiller: Error writing /proc/22384/oom_score_adj; errno=22
10-30 19:44:32.807   772  4539 I ActivityManager: Killing 22384:com.android.chrome:sandboxed_process1/u0a60i474 (adj 0): isolated not needed
10-30 19:44:32.808   772   790 W zygote64: failed to open /acct/uid_99474/pid_22384/cgroup.procs: No such file or directory
10-30 19:44:33.875 22227 22227 E cr_BTSPrefs: No data found for task id: 53
10-30 19:44:33.877 22227 22227 E cr_BkgrdTaskScheduler: Task cannot be canceled because no data was found instorage or data was invalid
10-30 19:44:35.925 22288 22305 I zygote64: Waiting for a blocking GC ProfileSaver
10-30 19:44:35.960 22288 22305 I zygote64: WaitForGcToComplete blocked for 36.544ms for cause ProfileSaver
10-30 19:44:36.157 22425 22425 D AndroidRuntime: >>>>>> START com.android.internal.os.RuntimeInit uid 2000 <<<<<<
10-30 19:44:36.316 22425 22425 D AndroidRuntime: Calling main entry com.android.commands.input.Input
10-30 19:44:36.328 22425 22425 I Input   : injectMotionEvent: MotionEvent { action=ACTION_DOWN, actionButton=0, id[0]=0, x[0]=540.0, y[0]=1660.0, toolType[0]=TOOL_TYPE_UNKNOWN, buttonState=0, metaState=0, flags=0x0, edgeFlags=0x0, pointerCount=1, historySize=0, eventTime=473974585, downTime=473974585, deviceId=8, source=0x1002 }
10-30 19:44:36.335 22425 22425 I Input   : injectMotionEvent: MotionEvent { action=ACTION_UP, actionButton=0, id[0]=0, x[0]=540.0, y[0]=1660.0, toolType[0]=TOOL_TYPE_UNKNOWN, buttonState=0, metaState=0, flags=0x0, edgeFlags=0x0, pointerCount=1, historySize=0, eventTime=473974585, downTime=473974585, deviceId=8, source=0x1002 }
10-30 19:44:36.337 22425 22425 D AndroidRuntime: Shutting down VM
10-30 19:44:36.356   556  6498 D audio_hw_primary: enable_snd_device: snd_device(88: vi-feedback)
10-30 19:44:36.356   556  6498 D audio_hw_primary: enable_audio_route: usecase(23) apply and update mixer path: spkr-vi-record
10-30 19:44:36.382   556  6498 D audio_hw_primary: enable_audio_route: usecase(1) apply and update mixer path: low-latency-playback
10-30 19:44:36.907   556   731 D audio_hw_primary: disable_audio_route: usecase(1) reset and update mixer path: low-latency-playback
10-30 19:44:36.924   556   731 D audio_hw_primary: disable_snd_device: snd_device(88: vi-feedback)
10-30 19:44:36.924   556   731 D audio_hw_primary: disable_audio_route: usecase(23) reset and update mixer path: spkr-vi-record
10-30 19:44:37.776 22440 22440 D AndroidRuntime: >>>>>> START com.android.internal.os.RuntimeInit uid 2000 <<<<<<
10-30 19:44:37.905 22440 22440 D AndroidRuntime: Calling main entry com.android.commands.input.Input
10-30 19:44:37.920 22440 22440 I Input   : injectMotionEvent: MotionEvent { action=ACTION_DOWN, actionButton=0, id[0]=0, x[0]=180.0, y[0]=1690.0, toolType[0]=TOOL_TYPE_UNKNOWN, buttonState=0, metaState=0, flags=0x0, edgeFlags=0x0, pointerCount=1, historySize=0, eventTime=473976176, downTime=473976176, deviceId=8, source=0x1002 }
10-30 19:44:37.924 22440 22440 I Input   : injectMotionEvent: MotionEvent { action=ACTION_UP, actionButton=0, id[0]=0, x[0]=180.0, y[0]=1690.0, toolType[0]=TOOL_TYPE_UNKNOWN, buttonState=0, metaState=0, flags=0x0, edgeFlags=0x0, pointerCount=1, historySize=0, eventTime=473976176, downTime=473976176, deviceId=8, source=0x1002 }
10-30 19:44:37.927 22440 22440 D AndroidRuntime: Shutting down VM
10-30 19:44:37.954   556  6498 D audio_hw_primary: enable_snd_device: snd_device(88: vi-feedback)
10-30 19:44:37.954   556  6498 D audio_hw_primary: enable_audio_route: usecase(23) apply and update mixer path: spkr-vi-record
10-30 19:44:37.956   772  1259 I ActivityManager: START u0 {act=android.intent.action.VIEW flg=0x10008000 cmp=com.android.chrome/com.google.android.apps.chrome.Main (has extras)} from uid 10060
10-30 19:44:37.962   772   830 E ResourceType: Style contains key with bad entry: 0x0101062c
10-30 19:44:37.963   772   830 E ResourceType: Style contains key with bad entry: 0x0101062c
10-30 19:44:37.980   556  6498 D audio_hw_primary: enable_audio_route: usecase(1) apply and update mixer path: low-latency-playback
10-30 19:44:37.981 22227 22227 E ResourceType: Style contains key with bad entry: 0x0101062c
10-30 19:44:37.985 22227 22227 E ResourceType: Style contains key with bad entry: 0x0101062c
10-30 19:44:38.032 22227 22227 W ResourceType: Failure getting entry for 0x7f010055 (t=0 e=85) (error -75)
10-30 19:44:38.044 22227 22227 I cr_CompositorSurfaceMgr: Transitioning to surface with format: -1
10-30 19:44:38.051 22227 22227 W ResourceType: Failure getting entry for 0x7f010530 (t=0 e=1328) (error -75)
10-30 19:44:38.134 22227 22354 W cr_tabmodel: Starting to perform legacy migration.
10-30 19:44:38.135 22227 22354 W cr_tabmodel: Finished performing legacy migration.
10-30 19:44:38.135 22227 22354 W cr_tabmodel: Starting to perform multi-instance migration.
10-30 19:44:38.136 22227 22354 W cr_tabmodel: Finished performing multi-instance migration.
10-30 19:44:38.136 22227 22354 I cr_tabmodel: Starting to fetch tab list for tab_state0
10-30 19:44:38.136 22227 22354 I cr_tabmodel: State file does not exist.
10-30 19:44:38.136 22227 22354 I cr_tabmodel: Starting to fetch tab list for tab_state1
10-30 19:44:38.136 22227 22354 I cr_tabmodel: State file does not exist.
10-30 19:44:38.201   772  1259 W ActivityManager: Duplicate finish request for ActivityRecord{6af029b u0 com.android.chrome/org.chromium.chrome.browser.firstrun.FirstRunActivity t558 f}
10-30 19:44:38.204 22227 22354 W cr_PartnerCustomize: Partner homepage must be HTTP(S) or NewTabPage. Got invalid URL "org.chromium.url.GURL@0"
10-30 19:44:38.258 22227 22227 I cr_StartSurfaceConfig: Recorded Startup.Android.FirstDrawCompletedTime.NoInstant = 264 ms
10-30 19:44:38.261 22227 22271 D OpenGLRenderer: endAllActiveAnimators on 0xca6bfb00 (RippleDrawable) with handle 0xe984dd90
10-30 19:44:38.271 22227 22227 I cr_CompositorSurfaceMgr: Transitioning to surface with format: -1
10-30 19:44:38.274 22227 22227 I cr_CompositorSurfaceMgr: surfaceCreated format: 0
10-30 19:44:38.283 22227 22227 I cr_ChromeTabbedActivity: #initializeState
10-30 19:44:38.283 22227 22227 I cr_CipherFactory: #restoreFromBundle, no savedInstanceState.
10-30 19:44:38.283 22227 22227 I cr_tabmodel: #loadState, ignoreIncognitoFiles? true
10-30 19:44:38.290 22227 22227 I cr_tabmodel: Loaded tab lists; counts: 0,0
10-30 19:44:38.290 22227 22227 I cr_ChromeTabbedActivity: #createInitialTab executed.
10-30 19:44:38.316   772  3041 E BatteryStatsService: no controller energy info supplied
10-30 19:44:38.316   772  3041 E BatteryStatsService: no controller energy info supplied
10-30 19:44:38.325 22227 22227 E ResourceType: Style contains key with bad entry: 0x0101062c
10-30 19:44:38.336   772   788 W ProcessCpuTracker: Skipping unknown process pid 22474
10-30 19:44:38.382 22227 22227 W ResourceType: Failure getting entry for 0x7f010565 (t=0 e=1381) (error -75)
10-30 19:44:38.392 22227 22227 W ResourceType: Failure getting entry for 0x7f010551 (t=0 e=1361) (error -75)
10-30 19:44:38.510   556   731 D audio_hw_primary: disable_audio_route: usecase(1) reset and update mixer path: low-latency-playback
10-30 19:44:38.524   556   731 D audio_hw_primary: disable_snd_device: snd_device(88: vi-feedback)
10-30 19:44:38.524   556   731 D audio_hw_primary: disable_audio_route: usecase(23) reset and update mixer path: spkr-vi-record
10-30 19:44:38.575 22227 22227 W ResourceType: Failure getting entry for 0x7f01059a (t=0 e=1434) (error -75)
10-30 19:44:38.606   772   784 W AppOps  : Bad call: specified package com.google.android.gms under uid 10060 but it is really 10020
10-30 19:44:38.606   772   784 W AppOps  : java.lang.RuntimeException: here
10-30 19:44:38.606   772   784 W AppOps  : 	at com.android.server.AppOpsService.getOpsRawLocked(AppOpsService.java:1319)
10-30 19:44:38.606   772   784 W AppOps  : 	at com.android.server.AppOpsService.checkPackage(AppOpsService.java:1038)
10-30 19:44:38.606   772   784 W AppOps  : 	at com.android.internal.app.IAppOpsService$Stub.onTransact(IAppOpsService.java:169)
10-30 19:44:38.606   772   784 W AppOps  : 	at android.os.Binder.execTransact(Binder.java:674)
10-30 19:44:38.608   772 10895 W AppOps  : Bad call: specified package com.google.android.gms under uid 10060 but it is really 10020
10-30 19:44:38.608   772 10895 W AppOps  : java.lang.RuntimeException: here
10-30 19:44:38.608   772 10895 W AppOps  : 	at com.android.server.AppOpsService.getOpsRawLocked(AppOpsService.java:1319)
10-30 19:44:38.608   772 10895 W AppOps  : 	at com.android.server.AppOpsService.checkPackage(AppOpsService.java:1038)
10-30 19:44:38.608   772 10895 W AppOps  : 	at com.android.internal.app.IAppOpsService$Stub.onTransact(IAppOpsService.java:169)
10-30 19:44:38.608   772 10895 W AppOps  : 	at android.os.Binder.execTransact(Binder.java:674)
10-30 19:44:38.611   772 13071 W AppOps  : Bad call: specified package com.google.android.gms under uid 10060 but it is really 10020
10-30 19:44:38.611   772 13071 W AppOps  : java.lang.RuntimeException: here
10-30 19:44:38.611   772 13071 W AppOps  : 	at com.android.server.AppOpsService.getOpsRawLocked(AppOpsService.java:1319)
10-30 19:44:38.611   772 13071 W AppOps  : 	at com.android.server.AppOpsService.checkPackage(AppOpsService.java:1038)
10-30 19:44:38.611   772 13071 W AppOps  : 	at com.android.internal.app.IAppOpsService$Stub.onTransact(IAppOpsService.java:169)
10-30 19:44:38.611   772 13071 W AppOps  : 	at android.os.Binder.execTransact(Binder.java:674)
10-30 19:44:38.611   772  4540 W AppOps  : Bad call: specified package com.google.android.gms under uid 10060 but it is really 10020
10-30 19:44:38.611   772  4540 W AppOps  : java.lang.RuntimeException: here
10-30 19:44:38.611   772  4540 W AppOps  : 	at com.android.server.AppOpsService.getOpsRawLocked(AppOpsService.java:1319)
10-30 19:44:38.611   772  4540 W AppOps  : 	at com.android.server.AppOpsService.checkPackage(AppOpsService.java:1038)
10-30 19:44:38.611   772  4540 W AppOps  : 	at com.android.internal.app.IAppOpsService$Stub.onTransact(IAppOpsService.java:169)
10-30 19:44:38.611   772  4540 W AppOps  : 	at android.os.Binder.execTransact(Binder.java:674)
10-30 19:44:38.636 22227 22227 E cr_IntentUtils: getBooleanExtra failed on intent null
10-30 19:44:38.636 22227 22227 E cr_IntentUtils: getBooleanExtra failed on intent null
10-30 19:44:38.639 22323 22345 I cr_LibraryLoader: Successfully loaded native library
10-30 19:44:38.640 22323 22345 I cr_CachingUmaRecorder: Flushed 3 samples from 3 histograms.
10-30 19:44:38.670 22227 22227 W ResourceType: Failure getting entry for 0x7f010888 (t=0 e=2184) (error -75)
10-30 19:44:38.684 22227 22227 I chatty  : uid=10060(u0_a60) identical 6 lines
10-30 19:44:38.686 22227 22227 W ResourceType: Failure getting entry for 0x7f010888 (t=0 e=2184) (error -75)
10-30 19:44:38.687 22227 22227 I cr_TopSites: Start a new task.
10-30 19:44:38.688 22227 22355 I cr_TopSites: Serializing top sites lists finished; count: 8
10-30 19:44:38.692  3960  4151 I FontLog : Received query name=Google Sans&weight=700&besteffort=false, URI content://com.google.android.gms.fonts [CONTEXT service_id=132 ]
10-30 19:44:38.692  3960  4151 I FontLog : Query [name=Google Sans&weight=700&besteffort=false] resolved to {Google Sans, wdth 100.0, wght 700, ital 0.0, bestEffort false} [CONTEXT service_id=132 ]
10-30 19:44:38.696  3960  4151 I FontLog : Fetch {Google Sans, wdth 100.0, wght 700, ital 0.0, bestEffort false} end status Status{statusCode=SUCCESS, resolution=null} [CONTEXT service_id=132 ]
10-30 19:44:38.699   361   361 W /system/bin/hwservicemanager: getTransportFromManifest: Cannot find entry android.hardware.graphics.mapper@2.0::IMapper in either framework or device manifest, using default transport.
10-30 19:44:38.704 22358 22376 I vndksupport: sphal namespace is not configured for this process. Loading /vendor/lib/hw/gralloc.msm8992.so from the current namespace instead.
10-30 19:44:38.704 22227 22355 I cr_TopSites: Finished saving top sites list to file:/data/user/0/com.android.chrome/app_top_sites/top_sites
10-30 19:44:38.721   772 10894 I ActivityManager: Start proc 22496:com.android.chrome:sandboxed_process2/u0i475 for webview_service com.android.chrome/org.chromium.content.app.SandboxedProcessService2
10-30 19:44:38.728 22496 22496 E /system/bin/webview_zygote32: failed to make and chown /acct/uid_99475: Permission denied
10-30 19:44:38.728 22496 22496 E Zygote  : createProcessGroup(99475, 0) failed: Permission denied
10-30 19:44:38.741 22509 22509 E /system/bin/webview_zygote32: failed to make and chown /acct/uid_99476: Permission denied
10-30 19:44:38.741 22509 22509 E Zygote  : createProcessGroup(99476, 0) failed: Permission denied
10-30 19:44:38.742   772  1259 I ActivityManager: Start proc 22509:com.android.chrome:sandboxed_process3/u0i476 for webview_service com.android.chrome/org.chromium.content.app.SandboxedProcessService3
10-30 19:44:38.745  3960  4245 I FontLog : Pulling font file for id = 433, cache size = 8 [CONTEXT service_id=132 ]
10-30 19:44:38.758 22509 22509 I SamplingProfilerIntegration: Profiling disabled.
10-30 19:44:38.759 22496 22496 I SamplingProfilerIntegration: Profiling disabled.
10-30 19:44:38.764 22524 22524 E /system/bin/webview_zygote32: failed to make and chown /acct/uid_99477: Permission denied
10-30 19:44:38.764 22524 22524 E Zygote  : createProcessGroup(99477, 0) failed: Permission denied
10-30 19:44:38.764   772 10895 I ActivityManager: Start proc 22524:com.android.chrome:sandboxed_process4/u0i477 for webview_service com.android.chrome/org.chromium.content.app.SandboxedProcessService4
10-30 19:44:38.789 22535 22535 E asset   : setgid: Operation not permitted
10-30 19:44:38.792 22537 22537 E /system/bin/webview_zygote32: failed to make and chown /acct/uid_99478: Permission denied
10-30 19:44:38.792 22537 22537 E Zygote  : createProcessGroup(99478, 0) failed: Permission denied
10-30 19:44:38.792   772   996 I ActivityManager: Start proc 22537:com.android.chrome:sandboxed_process5/u0i478 for webview_service com.android.chrome/org.chromium.content.app.SandboxedProcessService5
10-30 19:44:38.793 22524 22524 I SamplingProfilerIntegration: Profiling disabled.
10-30 19:44:38.795 22542 22542 E asset   : setgid: Operation not permitted
10-30 19:44:38.795  3960  4217 I FontLog : Received query name=Noto Color Emoji Compat&weight=400&besteffort=false, URI content://com.google.android.gms.fonts [CONTEXT service_id=132 ]
10-30 19:44:38.795  3960  4217 I FontLog : Query [name=Noto Color Emoji Compat&weight=400&besteffort=false] resolved to {Noto Color Emoji Compat, wdth 100.0, wght 400, ital 0.0, bestEffort false} [CONTEXT service_id=132 ]
10-30 19:44:38.796 22227 22227 W ResourceType: Failure getting entry for 0x7f010216 (t=0 e=534) (error -75)
10-30 19:44:38.799 22227 22227 W ResourceType: Failure getting entry for 0x7f0107c9 (t=0 e=1993) (error -75)
10-30 19:44:38.800  3960  4217 I FontLog : Fetch {Noto Color Emoji Compat, wdth 100.0, wght 400, ital 0.0, bestEffort false} end status Status{statusCode=SUCCESS, resolution=null} [CONTEXT service_id=132 ]
10-30 19:44:38.811 22550 22550 E /system/bin/webview_zygote32: failed to make and chown /acct/uid_99479: Permission denied
10-30 19:44:38.812 22550 22550 E Zygote  : createProcessGroup(99479, 0) failed: Permission denied
10-30 19:44:38.816 22227 22227 W ResourceType: Failure getting entry for 0x7f010827 (t=0 e=2087) (error -75)
10-30 19:44:38.817   772  3041 I ActivityManager: Start proc 22550:com.android.chrome:sandboxed_process6/u0i479 for webview_service com.android.chrome/org.chromium.content.app.SandboxedProcessService6
10-30 19:44:38.822 22537 22537 I SamplingProfilerIntegration: Profiling disabled.
10-30 19:44:38.826 22509 22509 I cr_SplitCompatApp: Launched version=106.0.5249.79 minSdkVersion=24 isBundle=true processName=com.android.chrome:sandboxed_process3 isIsolated=true
10-30 19:44:38.830 22227 22227 I cr_OfflineIndicator: onConnectionTypeChanged 2
10-30 19:44:38.831 22227 22227 I cr_OfflineIndicator: Reported by system: [ Transports: WIFI Capabilities: NOT_METERED&INTERNET&NOT_RESTRICTED&TRUSTED&NOT_VPN&VALIDATED&FOREGROUND LinkUpBandwidth>=1048576Kbps LinkDnBandwidth>=1048576Kbps SignalStrength: -56]
10-30 19:44:38.831 22227 22227 I cr_OfflineIndicator: setConnectionState connectionState=4
10-30 19:44:38.831 22227 22227 I cr_OfflineDetector: Running updateState mConnectivityDetectorInitialized: true, mTimeWhenLastForegrounded: 1031532996, getElapsedTime: 1031532998, mTimeWhenLastOfflineNotificationReceived: 0, mTimeWhenLastOnline: 1031532998, mApplicationState: 1, mIsOfflineLastReportedByConnectivityDetector: false, mIsEffectivelyOffline: false
10-30 19:44:38.832 22227 22227 I cr_OfflineDetector: updateState(): timeSinceLastForeground: 2, timeSinceOfflineNotificationReceived: 1031532998, timeSinceLastOnline: 0, timeNeededForForeground: 1998, timeNeededForOffline: -1031530998
10-30 19:44:38.832 22227 22227 I cr_OfflineIndicator: processConnectivityCheckResult mConnectionState=4 mConnectivityCheckingStage=1
10-30 19:44:38.834 22509 22509 W SystemServiceRegistry: No service published for: uimode
10-30 19:44:38.835 22496 22496 I cr_SplitCompatApp: Launched version=106.0.5249.79 minSdkVersion=24 isBundle=true processName=com.android.chrome:sandboxed_process2 isIsolated=true
10-30 19:44:38.840 22563 22563 E asset   : setgid: Operation not permitted
10-30 19:44:38.842 22509 22509 I cr_ChildProcessService: Creating new ChildProcessService pid=22509
10-30 19:44:38.842 22496 22496 W SystemServiceRegistry: No service published for: uimode
10-30 19:44:38.846 22550 22550 I SamplingProfilerIntegration: Profiling disabled.
10-30 19:44:38.853   772  1259 I ActivityManager: Start proc 22567:com.android.chrome:sandboxed_process7/u0i480 for webview_service com.android.chrome/org.chromium.content.app.SandboxedProcessService7
10-30 19:44:38.855  3960  4217 I FontLog : Pulling font file for id = 434, cache size = 7 [CONTEXT service_id=132 ]
10-30 19:44:38.855 22567 22567 E /system/bin/webview_zygote32: failed to make and chown /acct/uid_99480: Permission denied
10-30 19:44:38.855 22567 22567 E Zygote  : createProcessGroup(99480, 0) failed: Permission denied
10-30 19:44:38.859 22496 22496 I cr_ChildProcessService: Creating new ChildProcessService pid=22496
10-30 19:44:38.860 22509 22509 E WebViewFactory: can't load with relro file; address space not reserved
10-30 19:44:38.863 22576 22576 E asset   : setgid: Operation not permitted
10-30 19:44:38.872 22580 22580 E /system/bin/webview_zygote32: failed to make and chown /acct/uid_99481: Permission denied
10-30 19:44:38.872 22580 22580 E Zygote  : createProcessGroup(99481, 0) failed: Permission denied
10-30 19:44:38.873   772  2970 I ActivityManager: Start proc 22580:com.android.chrome:sandboxed_process8/u0i481 for webview_service com.android.chrome/org.chromium.content.app.SandboxedProcessService8
10-30 19:44:38.878  3960  3971 I FontLog : Received query name=Google Sans&weight=400&besteffort=false, URI content://com.google.android.gms.fonts [CONTEXT service_id=132 ]
10-30 19:44:38.879  3960  3971 I FontLog : Query [name=Google Sans&weight=400&besteffort=false] resolved to {Google Sans, wdth 100.0, wght 400, ital 0.0, bestEffort false} [CONTEXT service_id=132 ]
10-30 19:44:38.879 22567 22567 I SamplingProfilerIntegration: Profiling disabled.
10-30 19:44:38.881  3960  3971 I FontLog : Font PFD returned from cache for {Google Sans, wdth 100.0, wght 400, ital 0.0, bestEffort false} [CONTEXT service_id=132 ]
10-30 19:44:38.882  3960  3971 I FontLog : Fetch {Google Sans, wdth 100.0, wght 400, ital 0.0, bestEffort false} end status Status{statusCode=SUCCESS, resolution=null} [CONTEXT service_id=132 ]
10-30 19:44:38.883 22524 22524 I cr_SplitCompatApp: Launched version=106.0.5249.79 minSdkVersion=24 isBundle=true processName=com.android.chrome:sandboxed_process4 isIsolated=true
10-30 19:44:38.888 22227 22227 W ResourceType: Failure getting entry for 0x7f010415 (t=0 e=1045) (error -75)
10-30 19:44:38.892 22496 22496 E WebViewFactory: can't load with relro file; address space not reserved
10-30 19:44:38.895 22524 22524 W SystemServiceRegistry: No service published for: uimode
10-30 19:44:38.895 22537 22537 I cr_SplitCompatApp: Launched version=106.0.5249.79 minSdkVersion=24 isBundle=true processName=com.android.chrome:sandboxed_process5 isIsolated=true
10-30 19:44:38.899 22594 22594 E asset   : setgid: Operation not permitted
10-30 19:44:38.899 22537 22537 W SystemServiceRegistry: No service published for: uimode
10-30 19:44:38.903 22580 22580 I SamplingProfilerIntegration: Profiling disabled.
10-30 19:44:38.905 22524 22524 I cr_ChildProcessService: Creating new ChildProcessService pid=22524
10-30 19:44:38.906 22599 22599 E asset   : setgid: Operation not permitted
10-30 19:44:38.907 22595 22595 E /system/bin/webview_zygote32: failed to make and chown /acct/uid_99482: Permission denied
10-30 19:44:38.907 22595 22595 E Zygote  : createProcessGroup(99482, 0) failed: Permission denied
10-30 19:44:38.911 22537 22537 I cr_ChildProcessService: Creating new ChildProcessService pid=22537
10-30 19:44:38.913   772   784 I ActivityManager: Start proc 22595:com.android.chrome:sandboxed_process9/u0i482 for webview_service com.android.chrome/org.chromium.content.app.SandboxedProcessService9
10-30 19:44:38.915  3960  4217 I FontLog : Pulling font file for id = 435, cache size = 8 [CONTEXT service_id=132 ]
10-30 19:44:38.929  3960  3971 I FontLog : Received query name=Google Sans&weight=500&besteffort=false, URI content://com.google.android.gms.fonts [CONTEXT service_id=132 ]
10-30 19:44:38.929  3960  3971 I FontLog : Query [name=Google Sans&weight=500&besteffort=false] resolved to {Google Sans, wdth 100.0, wght 500, ital 0.0, bestEffort false} [CONTEXT service_id=132 ]
10-30 19:44:38.931  3960  3971 I FontLog : Font PFD returned from cache for {Google Sans, wdth 100.0, wght 500, ital 0.0, bestEffort false} [CONTEXT service_id=132 ]
10-30 19:44:38.931  3960  3971 I FontLog : Fetch {Google Sans, wdth 100.0, wght 500, ital 0.0, bestEffort false} end status Status{statusCode=SUCCESS, resolution=null} [CONTEXT service_id=132 ]
10-30 19:44:38.932 22524 22524 E WebViewFactory: can't load with relro file; address space not reserved
10-30 19:44:38.933 22537 22537 E WebViewFactory: can't load with relro file; address space not reserved
10-30 19:44:38.935 22509 22565 I cr_LibraryLoader: Successfully loaded native library
10-30 19:44:38.936 22509 22565 I cr_CachingUmaRecorder: Flushed 3 samples from 3 histograms.
10-30 19:44:38.940  3960  4151 I FontLog : Pulling font file for id = 436, cache size = 7 [CONTEXT service_id=132 ]
10-30 19:44:38.943 22550 22550 I cr_SplitCompatApp: Launched version=106.0.5249.79 minSdkVersion=24 isBundle=true processName=com.android.chrome:sandboxed_process6 isIsolated=true
10-30 19:44:38.944 22496 22573 I cr_LibraryLoader: Successfully loaded native library
10-30 19:44:38.954 22524 22598 I cr_LibraryLoader: Successfully loaded native library
10-30 19:44:38.954 22496 22573 I cr_CachingUmaRecorder: Flushed 3 samples from 3 histograms.
10-30 19:44:38.955 22524 22598 I cr_CachingUmaRecorder: Flushed 3 samples from 3 histograms.
10-30 19:44:38.956 22612 22612 E asset   : setgid: Operation not permitted
10-30 19:44:38.956 22227 22227 I cr_tabmodel: Appending tabs being restored to metadata lists, 0, startingNormalCount: 1, startingIncognitoCount: 0
10-30 19:44:38.956 22227 22227 I cr_tabmodel: Serializing tab lists; counts: 1, 0
10-30 19:44:38.960 22537 22605 I cr_LibraryLoader: Successfully loaded native library
10-30 19:44:38.961 22537 22605 I cr_CachingUmaRecorder: Flushed 3 samples from 3 histograms.
10-30 19:44:38.962 22550 22550 W SystemServiceRegistry: No service published for: uimode
10-30 19:44:38.962 22595 22595 I SamplingProfilerIntegration: Profiling disabled.
10-30 19:44:38.972 22550 22550 I cr_ChildProcessService: Creating new ChildProcessService pid=22550
10-30 19:44:38.974 22509 22565 I chromium: [INFO:child_process_service.cc(69)] ChildProcessService: Exiting child process.
10-30 19:44:38.985 22623 22623 E /system/bin/webview_zygote32: failed to make and chown /acct/uid_99483: Permission denied
10-30 19:44:38.985 22623 22623 E Zygote  : createProcessGroup(99483, 0) failed: Permission denied
10-30 19:44:38.988   772 32228 I ActivityManager: Start proc 22623:com.android.chrome:sandboxed_process10/u0i483 for webview_service com.android.chrome/org.chromium.content.app.SandboxedProcessService10
10-30 19:44:38.995   422   422 E lowmemorykiller: Error writing /proc/22509/oom_score_adj; errno=22
10-30 19:44:38.996   772   784 I ActivityManager: Killing 22509:com.android.chrome:sandboxed_process3/u0a60i476 (adj 0): isolated not needed
10-30 19:44:38.997   772   790 W zygote64: failed to open /acct/uid_99476/pid_22509/cgroup.procs: No such file or directory
10-30 19:44:39.002 22550 22550 E WebViewFactory: can't load with relro file; address space not reserved
10-30 19:44:39.012 22580 22580 I cr_SplitCompatApp: Launched version=106.0.5249.79 minSdkVersion=24 isBundle=true processName=com.android.chrome:sandboxed_process8 isIsolated=true
10-30 19:44:39.014 22550 22621 I cr_LibraryLoader: Successfully loaded native library
10-30 19:44:39.015 22550 22621 I cr_CachingUmaRecorder: Flushed 3 samples from 3 histograms.
10-30 19:44:39.017 22650 22650 E asset   : setgid: Operation not permitted
10-30 19:44:39.020 22580 22580 W SystemServiceRegistry: No service published for: uimode
10-30 19:44:39.021 22567 22567 I cr_SplitCompatApp: Launched version=106.0.5249.79 minSdkVersion=24 isBundle=true processName=com.android.chrome:sandboxed_process7 isIsolated=true
10-30 19:44:39.031 22567 22567 W SystemServiceRegistry: No service published for: uimode
10-30 19:44:39.034 22537 22605 I chromium: [INFO:child_process_service.cc(69)] ChildProcessService: Exiting child process.
10-30 19:44:39.035   422   422 E lowmemorykiller: Error writing /proc/22537/oom_score_adj; errno=22
10-30 19:44:39.035   772 13021 I ActivityManager: Killing 22537:com.android.chrome:sandboxed_process5/u0a60i478 (adj 0): isolated not needed
10-30 19:44:39.035   772   790 W zygote64: failed to open /acct/uid_99478/pid_22537/cgroup.procs: No such file or directory
10-30 19:44:39.047 22227 22227 W chromium: [WARNING:compositor_view.cc(342)] Child process died (type=6) pid=22509)
10-30 19:44:39.049 22580 22580 I cr_ChildProcessService: Creating new ChildProcessService pid=22580
10-30 19:44:39.051 22496 22573 I chromium: [INFO:child_process_service.cc(69)] ChildProcessService: Exiting child process.
10-30 19:44:39.054 22623 22623 I SamplingProfilerIntegration: Profiling disabled.
10-30 19:44:39.060 22567 22567 I cr_ChildProcessService: Creating new ChildProcessService pid=22567
10-30 19:44:39.071   422   422 E lowmemorykiller: Error writing /proc/22496/oom_score_adj; errno=22
10-30 19:44:39.071 22595 22595 I cr_SplitCompatApp: Launched version=106.0.5249.79 minSdkVersion=24 isBundle=true processName=com.android.chrome:sandboxed_process9 isIsolated=true
10-30 19:44:39.072   772 13071 I ActivityManager: Killing 22496:com.android.chrome:sandboxed_process2/u0a60i475 (adj 0): isolated not needed
10-30 19:44:39.073   772   790 W zygote64: failed to open /acct/uid_99475/pid_22496/cgroup.procs: No such file or directory
10-30 19:44:39.076 22580 22580 E WebViewFactory: can't load with relro file; address space not reserved
10-30 19:44:39.077 22567 22567 E WebViewFactory: can't load with relro file; address space not reserved
10-30 19:44:39.078 22595 22595 W SystemServiceRegistry: No service published for: uimode
10-30 19:44:39.097 22567 22665 I cr_LibraryLoader: Successfully loaded native library
10-30 19:44:39.099 22667 22667 E asset   : setgid: Operation not permitted
10-30 19:44:39.099 22595 22595 I cr_ChildProcessService: Creating new ChildProcessService pid=22595
10-30 19:44:39.104 22580 22658 I cr_LibraryLoader: Successfully loaded native library
10-30 19:44:39.105 22580 22658 I cr_CachingUmaRecorder: Flushed 3 samples from 3 histograms.
