10-30 19:45:33.506   361   361 W /system/bin/hwservicemanager: getTransportFromManifest: Cannot find entry android.hardware.drm@1.0::IDrmFactory in either framework or device manifest, using default transport.
10-30 19:45:33.509   562   562 I DrmHal  : makeDrmFactories: using default drm instance
10-30 19:45:33.511   562  5487 I WVCdm   : CdmEngine::QueryStatus
10-30 19:45:33.511   562  5487 I WVCdm   : Level3 Library 4445 May 19 2017 17:17:20
10-30 19:45:33.516   562  5487 D QSEECOMAPI: : QSEECom_get_handle sb_length = 0x19000
10-30 19:45:33.516   562  5487 D QSEECOMAPI: : App is not loaded in QSEE
10-30 19:45:33.568   562  5487 D QSEECOMAPI: : Loaded image: APP id = 875
10-30 19:45:33.572   562  5487 D QSAPPSVER: qsapps_get_capabilities: Capability from secure side: 0x0
10-30 19:45:33.572   562  5487 D QSAPPSVER: qsapps_get_capabilities: returns 0
10-30 19:45:33.572   562  5487 E DrmWidevineDash: sion_buffer g_wv_fhandle->ion_sbuffer  0x0xf0071000
10-30 19:45:33.576   372   376 D DrmLibTime: got the req here! ret=0
10-30 19:45:33.576   372   376 D DrmLibTime: command id, time_cmd_id = 770
10-30 19:45:33.576   372   376 D DrmLibTime: time_getutcsec starts!
10-30 19:45:33.576   372   376 D DrmLibTime: QSEE Time Listener: time_getutcsec
10-30 19:45:33.576   372   376 D DrmLibTime: QSEE Time Listener: get_utc_seconds
10-30 19:45:33.576   372   376 D DrmLibTime: QSEE Time Listener: time_get_modem_time
10-30 19:45:33.576   372   376 D DrmLibTime: QSEE Time Listener: Checking if ATS_MODEM is set or not.
10-30 19:45:33.576   372   376 D QC-time-services: Lib:time_genoff_operation: pargs->base = 13
10-30 19:45:33.576   372   376 D QC-time-services: Lib:time_genoff_operation: pargs->operation = 2
10-30 19:45:33.576   372   376 D QC-time-services: Lib:time_genoff_operation: pargs->ts_val = 0
10-30 19:45:33.576   372   376 D QC-time-services: Lib:time_genoff_operation: Send to server  passed!!
10-30 19:45:33.576   625   647 D QC-time-services: Daemon: Connection accepted:time_genoff
10-30 19:45:33.577   625 23250 D QC-time-services: Daemon:Received base = 13, unit = 1, operation = 2,value = 0
10-30 19:45:33.577   625 23250 D QC-time-services: Daemon:genoff_opr: Base = 13, val = 0, operation = 2
10-30 19:45:33.577   625 23250 D QC-time-services: offset is: 0 for base: 13
10-30 19:45:33.577   372   376 E QC-time-services: Receive Passed == base = 13, unit = 1, operation = 2, result = 0
10-30 19:45:33.577   372   376 D DrmLibTime: QSEE Time Listener: ATS_MODEM is not set. Fallback to Android system time.
10-30 19:45:33.577   372   376 D DrmLibTime: QSEE Time Listener: Retrieved Android system time: 1667155533
10-30 19:45:33.577   372   376 D DrmLibTime: time_getutcsec returns 0, sec = 1667155533; nsec = 0
10-30 19:45:33.577   372   376 D DrmLibTime: time_getutcsec finished! 
10-30 19:45:33.577   372   376 D DrmLibTime: iotcl_continue_command finished! and return 0 
10-30 19:45:33.577   372   376 D DrmLibTime: before calling ioctl to read the next time_cmd
10-30 19:45:33.577   625   647 E QC-time-services: Daemon: Time-services: Waiting to acceptconnection
10-30 19:45:33.603   562  5487 D WVCdm   : OEMCrypto_Initialize Level 1 success. I will use level 1.
10-30 19:45:33.604   562  5487 D QSEECOMAPI: : QSEECom_dealloc_memory 
10-30 19:45:33.604   562  5487 D QSEECOMAPI: : QSEECom_shutdown_app, app_id = 875
10-30 19:45:33.609   562   562 I WVCdm   : CdmEngine::OpenSession
10-30 19:45:33.610   562   562 I WVCdm   : Level3 Library 4445 May 19 2017 17:17:20
10-30 19:45:33.614   562   562 D QSEECOMAPI: : QSEECom_get_handle sb_length = 0x19000
10-30 19:45:33.614   562   562 D QSEECOMAPI: : App is not loaded in QSEE
10-30 19:45:33.656   562   562 D QSEECOMAPI: : Loaded image: APP id = 876
10-30 19:45:33.658   562   562 D QSAPPSVER: qsapps_get_capabilities: Capability from secure side: 0x0
10-30 19:45:33.658   562   562 D QSAPPSVER: qsapps_get_capabilities: returns 0
10-30 19:45:33.658   562   562 E DrmWidevineDash: sion_buffer g_wv_fhandle->ion_sbuffer  0x0xf0071000
10-30 19:45:33.661   372   376 D DrmLibTime: got the req here! ret=0
10-30 19:45:33.661   372   376 D DrmLibTime: command id, time_cmd_id = 770
10-30 19:45:33.661   372   376 D DrmLibTime: time_getutcsec starts!
10-30 19:45:33.661   372   376 D DrmLibTime: QSEE Time Listener: time_getutcsec
10-30 19:45:33.661   372   376 D DrmLibTime: QSEE Time Listener: get_utc_seconds
10-30 19:45:33.661   372   376 D DrmLibTime: QSEE Time Listener: time_get_modem_time
10-30 19:45:33.661   372   376 D DrmLibTime: QSEE Time Listener: Checking if ATS_MODEM is set or not.
10-30 19:45:33.661   372   376 D QC-time-services: Lib:time_genoff_operation: pargs->base = 13
10-30 19:45:33.661   372   376 D QC-time-services: Lib:time_genoff_operation: pargs->operation = 2
10-30 19:45:33.661   372   376 D QC-time-services: Lib:time_genoff_operation: pargs->ts_val = 0
10-30 19:45:33.661   372   376 D QC-time-services: Lib:time_genoff_operation: Send to server  passed!!
10-30 19:45:33.661   625   647 D QC-time-services: Daemon: Connection accepted:time_genoff
10-30 19:45:33.662   625 23251 D QC-time-services: Daemon:Received base = 13, unit = 1, operation = 2,value = 0
10-30 19:45:33.662   625 23251 D QC-time-services: Daemon:genoff_opr: Base = 13, val = 0, operation = 2
10-30 19:45:33.662   625 23251 D QC-time-services: offset is: 0 for base: 13
10-30 19:45:33.662   372   376 E QC-time-services: Receive Passed == base = 13, unit = 1, operation = 2, result = 0
10-30 19:45:33.662   372   376 D DrmLibTime: QSEE Time Listener: ATS_MODEM is not set. Fallback to Android system time.
10-30 19:45:33.662   372   376 D DrmLibTime: QSEE Time Listener: Retrieved Android system time: 1667155533
10-30 19:45:33.662   372   376 D DrmLibTime: time_getutcsec returns 0, sec = 1667155533; nsec = 0
10-30 19:45:33.662   372   376 D DrmLibTime: time_getutcsec finished! 
10-30 19:45:33.662   372   376 D DrmLibTime: iotcl_continue_command finished! and return 0 
10-30 19:45:33.662   372   376 D DrmLibTime: before calling ioctl to read the next time_cmd
10-30 19:45:33.662   625   647 E QC-time-services: Daemon: Time-services: Waiting to acceptconnection
10-30 19:45:33.684   562   562 D WVCdm   : OEMCrypto_Initialize Level 1 success. I will use level 1.
10-30 19:45:33.684   562   562 D WVCdm   : CryptoSession::Open: Lock: requested_security_level: Default
10-30 19:45:33.687   562   562 W WVCdm   : DeviceFiles::RetrieveHashedFile: /data/mediadrm/IDM1013/L1/cert.bin does not exist
10-30 19:45:33.688   562   562 D QSEECOMAPI: : QSEECom_dealloc_memory 
10-30 19:45:33.688   562   562 D QSEECOMAPI: : QSEECom_shutdown_app, app_id = 876
10-30 19:45:33.692   562   644 I WVCdm   : Level3 Library 4445 May 19 2017 17:17:20
10-30 19:45:33.700   562   644 D QSEECOMAPI: : QSEECom_get_handle sb_length = 0x19000
10-30 19:45:33.700   562   644 D QSEECOMAPI: : App is not loaded in QSEE
10-30 19:45:33.744   562   644 D QSEECOMAPI: : Loaded image: APP id = 877
10-30 19:45:33.747   562   644 D QSAPPSVER: qsapps_get_capabilities: Capability from secure side: 0x0
10-30 19:45:33.747   562   644 D QSAPPSVER: qsapps_get_capabilities: returns 0
10-30 19:45:33.747   562   644 E DrmWidevineDash: sion_buffer g_wv_fhandle->ion_sbuffer  0x0xf00bf000
10-30 19:45:33.751   372   376 D DrmLibTime: got the req here! ret=0
10-30 19:45:33.751   372   376 D DrmLibTime: command id, time_cmd_id = 770
10-30 19:45:33.751   372   376 D DrmLibTime: time_getutcsec starts!
10-30 19:45:33.751   372   376 D DrmLibTime: QSEE Time Listener: time_getutcsec
10-30 19:45:33.751   372   376 D DrmLibTime: QSEE Time Listener: get_utc_seconds
10-30 19:45:33.751   372   376 D DrmLibTime: QSEE Time Listener: time_get_modem_time
10-30 19:45:33.751   372   376 D DrmLibTime: QSEE Time Listener: Checking if ATS_MODEM is set or not.
10-30 19:45:33.751   372   376 D QC-time-services: Lib:time_genoff_operation: pargs->base = 13
10-30 19:45:33.751   372   376 D QC-time-services: Lib:time_genoff_operation: pargs->operation = 2
10-30 19:45:33.751   372   376 D QC-time-services: Lib:time_genoff_operation: pargs->ts_val = 0
10-30 19:45:33.751   372   376 D QC-time-services: Lib:time_genoff_operation: Send to server  passed!!
10-30 19:45:33.751   625   647 D QC-time-services: Daemon: Connection accepted:time_genoff
10-30 19:45:33.752   625 23252 D QC-time-services: Daemon:Received base = 13, unit = 1, operation = 2,value = 0
10-30 19:45:33.752   625 23252 D QC-time-services: Daemon:genoff_opr: Base = 13, val = 0, operation = 2
10-30 19:45:33.752   625 23252 D QC-time-services: offset is: 0 for base: 13
10-30 19:45:33.752   372   376 E QC-time-services: Receive Passed == base = 13, unit = 1, operation = 2, result = 0
10-30 19:45:33.752   372   376 D DrmLibTime: QSEE Time Listener: ATS_MODEM is not set. Fallback to Android system time.
10-30 19:45:33.752   372   376 D DrmLibTime: QSEE Time Listener: Retrieved Android system time: 1667155533
10-30 19:45:33.752   372   376 D DrmLibTime: time_getutcsec returns 0, sec = 1667155533; nsec = 0
10-30 19:45:33.752   372   376 D DrmLibTime: time_getutcsec finished! 
10-30 19:45:33.753   372   376 D DrmLibTime: iotcl_continue_command finished! and return 0 
10-30 19:45:33.753   372   376 D DrmLibTime: before calling ioctl to read the next time_cmd
10-30 19:45:33.753   625   647 E QC-time-services: Daemon: Time-services: Waiting to acceptconnection
10-30 19:45:33.780   562   644 D WVCdm   : OEMCrypto_Initialize Level 1 success. I will use level 1.
10-30 19:45:33.780   562   644 D WVCdm   : CryptoSession::Open: Lock: requested_security_level: Default
10-30 19:45:33.866   562   644 E DrmWidevineDash: OEMCrypto_GenerateSignature : input wrapped_rsa_key == NULL!, return short buffer
10-30 19:45:33.868 22227 22227 I cr_media: Provisioning origin ID 05C4004C5B74496E567412874493418C
10-30 19:45:33.873 22227 22227 I MediaDrm: Drm event (1,0)
10-30 19:45:33.873 22227 22227 E cr_media: EventListener: No session for event 1.
10-30 19:45:33.951   562 19051 E DrmWidevineDash: OEMCrypto_RewrapDeviceRSAKey : input wrapped_rsa_key == NULL!, return short buffer
10-30 19:45:33.974   562 19051 D QSEECOMAPI: : QSEECom_dealloc_memory 
10-30 19:45:33.975   562 19051 D QSEECOMAPI: : QSEECom_shutdown_app, app_id = 877
10-30 19:45:34.154 22227 22227 I cr_tabmodel: Appending tabs being restored to metadata lists, 0, startingNormalCount: 2, startingIncognitoCount: 0
10-30 19:45:34.154 22227 22227 I cr_tabmodel: Serializing tab lists; counts: 2, 0
10-30 19:45:35.331 23254 23254 E /system/bin/webview_zygote32: failed to make and chown /acct/uid_99505: Permission denied
10-30 19:45:35.331 23254 23254 E Zygote  : createProcessGroup(99505, 0) failed: Permission denied
10-30 19:45:35.333   772 13021 I ActivityManager: Start proc 23254:com.android.chrome:sandboxed_process32/u0i505 for webview_service com.android.chrome/org.chromium.content.app.SandboxedProcessService32
10-30 19:45:35.347 23254 23254 I SamplingProfilerIntegration: Profiling disabled.
10-30 19:45:35.366 23267 23267 E asset   : setgid: Operation not permitted
10-30 19:45:35.398 23254 23254 I cr_SplitCompatApp: Launched version=106.0.5249.79 minSdkVersion=24 isBundle=true processName=com.android.chrome:sandboxed_process32 isIsolated=true
10-30 19:45:35.405 23254 23254 W SystemServiceRegistry: No service published for: uimode
10-30 19:45:35.416 23254 23254 I cr_ChildProcessService: Creating new ChildProcessService pid=23254
10-30 19:45:35.425 23254 23254 E WebViewFactory: can't load with relro file; address space not reserved
10-30 19:45:35.438 23254 23269 I cr_LibraryLoader: Successfully loaded native library
10-30 19:45:35.439 23254 23269 I cr_CachingUmaRecorder: Flushed 3 samples from 3 histograms.
10-30 19:45:35.528 23273 23273 W ThreadPoolForeg: type=1400 audit(0.0:9622): avc: denied { setattr } for name="tl_en-us_2022-10-17_483521407_100000_index.bin" dev="dm-2" ino=1504997 scontext=u:r:isolated_app:s0:c512,c768 tcontext=u:object_r:app_data_file:s0:c512,c768 tclass=file permissive=0
10-30 19:45:35.532 23273 23273 W ThreadPoolForeg: type=1400 audit(0.0:9623): avc: denied { setattr } for name="manifest.json" dev="dm-2" ino=1504998 scontext=u:r:isolated_app:s0:c512,c768 tcontext=u:object_r:app_data_file:s0:c512,c768 tclass=file permissive=0
10-30 19:45:35.545 23273 23273 W ThreadPoolForeg: type=1400 audit(0.0:9624): avc: denied { setattr } for name="verified_contents.json" dev="dm-2" ino=1505003 scontext=u:r:isolated_app:s0:c512,c768 tcontext=u:object_r:app_data_file:s0:c512,c768 tclass=file permissive=0
10-30 19:45:35.556 23254 23269 I chromium: [INFO:child_process_service.cc(69)] ChildProcessService: Exiting child process.
10-30 19:45:35.559   422   422 E lowmemorykiller: Error writing /proc/23254/oom_score_adj; errno=22
10-30 19:45:35.559   772 13021 I ActivityManager: Killing 23254:com.android.chrome:sandboxed_process32/u0a60i505 (adj 0): isolated not needed
10-30 19:45:35.560   772   790 W zygote64: failed to open /acct/uid_99505/pid_23254/cgroup.procs: No such file or directory
10-30 19:45:35.571 22227 22227 W chromium: [WARNING:compositor_view.cc(342)] Child process died (type=6) pid=23254)
10-30 19:45:37.517 23276 23276 E /system/bin/webview_zygote32: failed to make and chown /acct/uid_99506: Permission denied
10-30 19:45:37.517 23276 23276 E Zygote  : createProcessGroup(99506, 0) failed: Permission denied
10-30 19:45:37.522   772  3041 I ActivityManager: Start proc 23276:com.android.chrome:sandboxed_process33/u0i506 for webview_service com.android.chrome/org.chromium.content.app.SandboxedProcessService33
10-30 19:45:37.556 23276 23276 I SamplingProfilerIntegration: Profiling disabled.
10-30 19:45:37.586 23289 23289 E asset   : setgid: Operation not permitted
10-30 19:45:37.628 23276 23276 I cr_SplitCompatApp: Launched version=106.0.5249.79 minSdkVersion=24 isBundle=true processName=com.android.chrome:sandboxed_process33 isIsolated=true
10-30 19:45:37.634 23276 23276 W SystemServiceRegistry: No service published for: uimode
10-30 19:45:37.647 23276 23276 I cr_ChildProcessService: Creating new ChildProcessService pid=23276
10-30 19:45:37.658 23276 23276 E WebViewFactory: can't load with relro file; address space not reserved
10-30 19:45:37.670 23276 23291 I cr_LibraryLoader: Successfully loaded native library
10-30 19:45:37.672 23276 23291 I cr_CachingUmaRecorder: Flushed 3 samples from 3 histograms.
10-30 19:45:37.722 23294 23294 W ThreadPoolForeg: type=1400 audit(0.0:9625): avc: denied { setattr } for name="optimization-hints.pb" dev="dm-2" ino=1505006 scontext=u:r:isolated_app:s0:c512,c768 tcontext=u:object_r:app_data_file:s0:c512,c768 tclass=file permissive=0
10-30 19:45:37.722 23294 23294 W ThreadPoolForeg: type=1400 audit(0.0:9626): avc: denied { setattr } for name="manifest.json" dev="dm-2" ino=1505008 scontext=u:r:isolated_app:s0:c512,c768 tcontext=u:object_r:app_data_file:s0:c512,c768 tclass=file permissive=0
10-30 19:45:37.735 23294 23294 W ThreadPoolForeg: type=1400 audit(0.0:9627): avc: denied { setattr } for name="verified_contents.json" dev="dm-2" ino=1505025 scontext=u:r:isolated_app:s0:c512,c768 tcontext=u:object_r:app_data_file:s0:c512,c768 tclass=file permissive=0
10-30 19:45:37.744 23276 23291 I chromium: [INFO:child_process_service.cc(69)] ChildProcessService: Exiting child process.
10-30 19:45:37.746   422   422 E lowmemorykiller: Error writing /proc/23276/oom_score_adj; errno=22
10-30 19:45:37.747   772  3041 I ActivityManager: Killing 23276:com.android.chrome:sandboxed_process33/u0a60i506 (adj 0): isolated not needed
10-30 19:45:37.747   772   790 W zygote64: failed to open /acct/uid_99506/pid_23276/cgroup.procs: No such file or directory
10-30 19:45:37.774 22227 22227 W chromium: [WARNING:compositor_view.cc(342)] Child process died (type=6) pid=23276)
10-30 19:45:40.136 23298 23298 E /system/bin/webview_zygote32: failed to make and chown /acct/uid_99507: Permission denied
10-30 19:45:40.136 23298 23298 E Zygote  : createProcessGroup(99507, 0) failed: Permission denied
10-30 19:45:40.142   772   785 I ActivityManager: Start proc 23298:com.android.chrome:sandboxed_process34/u0i507 for webview_service com.android.chrome/org.chromium.content.app.SandboxedProcessService34
10-30 19:45:40.180 23298 23298 I SamplingProfilerIntegration: Profiling disabled.
10-30 19:45:40.205 23311 23311 E asset   : setgid: Operation not permitted
10-30 19:45:40.245 23298 23298 I cr_SplitCompatApp: Launched version=106.0.5249.79 minSdkVersion=24 isBundle=true processName=com.android.chrome:sandboxed_process34 isIsolated=true
10-30 19:45:40.252 23298 23298 W SystemServiceRegistry: No service published for: uimode
10-30 19:45:40.265 23298 23298 I cr_ChildProcessService: Creating new ChildProcessService pid=23298
10-30 19:45:40.274 23298 23298 E WebViewFactory: can't load with relro file; address space not reserved
10-30 19:45:40.286 23298 23313 I cr_LibraryLoader: Successfully loaded native library
10-30 19:45:40.287 23298 23313 I cr_CachingUmaRecorder: Flushed 3 samples from 3 histograms.
10-30 19:45:40.332 23318 23318 W ThreadPoolForeg: type=1400 audit(0.0:9628): avc: denied { setattr } for name="ssl_error_assistant.pb" dev="dm-2" ino=1505028 scontext=u:r:isolated_app:s0:c512,c768 tcontext=u:object_r:app_data_file:s0:c512,c768 tclass=file permissive=0
10-30 19:45:40.332 23318 23318 W ThreadPoolForeg: type=1400 audit(0.0:9629): avc: denied { setattr } for name="ssl_error_assistant.pb" dev="dm-2" ino=1505028 scontext=u:r:isolated_app:s0:c512,c768 tcontext=u:object_r:app_data_file:s0:c512,c768 tclass=file permissive=0
10-30 19:45:40.335 23318 23318 W ThreadPoolForeg: type=1400 audit(0.0:9630): avc: denied { setattr } for name="manifest.json" dev="dm-2" ino=1505029 scontext=u:r:isolated_app:s0:c512,c768 tcontext=u:object_r:app_data_file:s0:c512,c768 tclass=file permissive=0
10-30 19:45:40.338 23318 23318 W ThreadPoolForeg: type=1400 audit(0.0:9631): avc: denied { setattr } for name="verified_contents.json" dev="dm-2" ino=1505032 scontext=u:r:isolated_app:s0:c512,c768 tcontext=u:object_r:app_data_file:s0:c512,c768 tclass=file permissive=0
10-30 19:45:40.353 23298 23313 I chromium: [INFO:child_process_service.cc(69)] ChildProcessService: Exiting child process.
10-30 19:45:40.355   422   422 E lowmemorykiller: Error writing /proc/23298/oom_score_adj; errno=22
10-30 19:45:40.356   772   785 I ActivityManager: Killing 23298:com.android.chrome:sandboxed_process34/u0a60i507 (adj 0): isolated not needed
10-30 19:45:40.356   772   790 W zygote64: failed to open /acct/uid_99507/pid_23298/cgroup.procs: No such file or directory
10-30 19:45:40.368 22227 22227 W chromium: [WARNING:compositor_view.cc(342)] Child process died (type=6) pid=23298)
10-30 19:45:43.055 23320 23320 E /system/bin/webview_zygote32: failed to make and chown /acct/uid_99508: Permission denied
10-30 19:45:43.055 23320 23320 E Zygote  : createProcessGroup(99508, 0) failed: Permission denied
10-30 19:45:43.059   772  2969 I ActivityManager: Start proc 23320:com.android.chrome:sandboxed_process35/u0i508 for webview_service com.android.chrome/org.chromium.content.app.SandboxedProcessService35
10-30 19:45:43.094 23320 23320 I SamplingProfilerIntegration: Profiling disabled.
10-30 19:45:43.119 23333 23333 E asset   : setgid: Operation not permitted
10-30 19:45:43.155 23320 23320 I cr_SplitCompatApp: Launched version=106.0.5249.79 minSdkVersion=24 isBundle=true processName=com.android.chrome:sandboxed_process35 isIsolated=true
10-30 19:45:43.166 23320 23320 W SystemServiceRegistry: No service published for: uimode
10-30 19:45:43.179 23320 23320 I cr_ChildProcessService: Creating new ChildProcessService pid=23320
10-30 19:45:43.188 23320 23320 E WebViewFactory: can't load with relro file; address space not reserved
10-30 19:45:43.200 23320 23335 I cr_LibraryLoader: Successfully loaded native library
10-30 19:45:43.202 23320 23335 I cr_CachingUmaRecorder: Flushed 3 samples from 3 histograms.
10-30 19:45:43.262 23338 23338 W ThreadPoolForeg: type=1400 audit(0.0:9632): avc: denied { setattr } for name="download_file_types.pb" dev="dm-2" ino=1505042 scontext=u:r:isolated_app:s0:c512,c768 tcontext=u:object_r:app_data_file:s0:c512,c768 tclass=file permissive=0
10-30 19:45:43.262 23338 23338 W ThreadPoolForeg: type=1400 audit(0.0:9633): avc: denied { setattr } for name="download_file_types.pb" dev="dm-2" ino=1505042 scontext=u:r:isolated_app:s0:c512,c768 tcontext=u:object_r:app_data_file:s0:c512,c768 tclass=file permissive=0
10-30 19:45:43.262 23338 23338 W ThreadPoolForeg: type=1400 audit(0.0:9634): avc: denied { setattr } for name="manifest.json" dev="dm-2" ino=1505043 scontext=u:r:isolated_app:s0:c512,c768 tcontext=u:object_r:app_data_file:s0:c512,c768 tclass=file permissive=0
10-30 19:45:43.268 23338 23338 W ThreadPoolForeg: type=1400 audit(0.0:9635): avc: denied { setattr } for name="verified_contents.json" dev="dm-2" ino=1505049 scontext=u:r:isolated_app:s0:c512,c768 tcontext=u:object_r:app_data_file:s0:c512,c768 tclass=file permissive=0
10-30 19:45:43.279 23320 23335 I chromium: [INFO:child_process_service.cc(69)] ChildProcessService: Exiting child process.
10-30 19:45:43.281   422   422 E lowmemorykiller: Error writing /proc/23320/oom_score_adj; errno=22
10-30 19:45:43.282   772  4540 I ActivityManager: Killing 23320:com.android.chrome:sandboxed_process35/u0a60i508 (adj 0): isolated not needed
10-30 19:45:43.284   772   790 W zygote64: failed to open /acct/uid_99508/pid_23320/cgroup.procs: No such file or directory
10-30 19:45:43.309 22227 22227 W chromium: [WARNING:compositor_view.cc(342)] Child process died (type=6) pid=23320)
10-30 19:45:45.181   772  2970 I ActivityManager: Force stopping com.android.chrome appid=10060 user=0: from pid 23352
10-30 19:45:45.182   772  2970 I ActivityManager: Killing 22358:com.android.chrome:privileged_process0/u0a60 (adj 0): stop com.android.chrome
10-30 19:45:45.184   772  2970 W ActivityManager: Scheduling restart of crashed service com.android.chrome/org.chromium.content.app.PrivilegedProcessService0 in 1000ms
10-30 19:45:45.189   772  2970 I ActivityManager: Killing 22227:com.android.chrome/u0a60 (adj 0): stop com.android.chrome
10-30 19:45:45.203   772  2970 W ActivityManager: Force removing ActivityRecord{e9cb185 u0 com.android.chrome/com.google.android.apps.chrome.Main t558}: app died, no saved state
10-30 19:45:45.207  3535  3535 D BoundBrokerSvc: onUnbind: Intent { act=com.google.android.gms.auth.key.retrieval.service.START dat=chimera-action:com.google.android.gms.auth.key.retrieval.service.START cmp=com.google.android.gms/.chimera.GmsApiService }
10-30 19:45:45.208   772  2970 I WindowManager: Failed to capture screenshot of Token{8ac4bda ActivityRecord{e9cb185 u0 com.android.chrome/com.google.android.apps.chrome.Main t558 f}} appWin=Window{c2e10e4 u0 com.android.chrome/com.google.android.apps.chrome.Main} drawState=4
10-30 19:45:45.209 22323 22323 I cr_ChildProcessService: Destroying ChildProcessService pid=22323
10-30 19:45:45.219 22837 22837 I cr_ChildProcessService: Destroying ChildProcessService pid=22837
10-30 19:45:45.223   772  2970 I ActivityManager: Killing 22837:com.android.chrome:sandboxed_process17/u0a60i490 (adj 0): isolated not needed
10-30 19:45:45.223   772  2970 I ActivityManager: Killing 22323:com.android.chrome:sandboxed_process0/u0a60i473 (adj 0): isolated not needed
10-30 19:45:45.236  1311  1311 D CarrierSvcBindHelper: No carrier app for: 0
10-30 19:45:45.254  2964  2964 D RegisteredNfcFServicesCache: Service unchanged, not updating
10-30 19:45:45.267 29214 29297 I Adreno  : QUALCOMM build                   : 7142022, Ib5823dd10c
10-30 19:45:45.267 29214 29297 I Adreno  : Build Date                       : 06/23/17
10-30 19:45:45.267 29214 29297 I Adreno  : OpenGL ES Shader Compiler Version: EV031.18.00.00
10-30 19:45:45.267 29214 29297 I Adreno  : Local Branch                     : O11A
10-30 19:45:45.267 29214 29297 I Adreno  : Remote Branch                    : 
10-30 19:45:45.267 29214 29297 I Adreno  : Remote Branch                    : 
10-30 19:45:45.267 29214 29297 I Adreno  : Reconstruct Branch               : 
10-30 19:45:45.269 29214 29297 I vndksupport: sphal namespace is not configured for this process. Loading /vendor/lib64/hw/gralloc.msm8992.so from the current namespace instead.
10-30 19:45:45.274 29214 29297 I Adreno  : PFP: 0x00000000, ME: 0x00000000
10-30 19:45:45.278 29214 29297 I OpenGLRenderer: Initialized EGL, version 1.4
10-30 19:45:45.280 29214 29297 D OpenGLRenderer: Swap behavior 2
10-30 19:45:45.284   772  1324 D ConnectivityService: ConnectivityService NetworkRequestInfo binderDied(NetworkRequest [ LISTEN id=1315, [ Capabilities: INTERNET&NOT_RESTRICTED&TRUSTED&FOREGROUND] ], android.os.BinderProxy@1bdf108)
10-30 19:45:45.284   772 32228 D ConnectivityService: ConnectivityService NetworkRequestInfo binderDied(NetworkRequest [ LISTEN id=1314, [ Capabilities: INTERNET&NOT_RESTRICTED&TRUSTED&FOREGROUND] ], android.os.BinderProxy@18040a1)
10-30 19:45:45.284   772 10895 D ConnectivityService: ConnectivityService NetworkRequestInfo binderDied(NetworkRequest [ LISTEN id=1316, [ Capabilities: INTERNET&NOT_RESTRICTED&TRUSTED&FOREGROUND] ], android.os.BinderProxy@4d2c2c6)
10-30 19:45:45.285   772   862 E ConnectivityService: RemoteException caught trying to send a callback msg for NetworkRequest [ LISTEN id=1316, [ Capabilities: INTERNET&NOT_RESTRICTED&TRUSTED&FOREGROUND] ]
10-30 19:45:45.286   772   862 E ConnectivityService: RemoteException caught trying to send a callback msg for NetworkRequest [ LISTEN id=1314, [ Capabilities: INTERNET&NOT_RESTRICTED&TRUSTED&FOREGROUND] ]
10-30 19:45:45.287   772   797 W ActivityManager: setHasOverlayUi called on unknown pid: 22227
10-30 19:45:45.289   772   862 E ConnectivityService: RemoteException caught trying to send a callback msg for NetworkRequest [ LISTEN id=1315, [ Capabilities: INTERNET&NOT_RESTRICTED&TRUSTED&FOREGROUND] ]
10-30 19:45:45.303   772   790 W zygote64: failed to open /acct/uid_99490/pid_22837/cgroup.procs: No such file or directory
10-30 19:45:45.303   772   790 W zygote64: failed to open /acct/uid_99473/pid_22323/cgroup.procs: No such file or directory
10-30 19:45:45.331   772  3037 W ActivityManager: Unable to start service Intent { act=com.google.android.gms.speech.service.START pkg=com.google.android.gms } U=0: not found
10-30 19:45:45.339   772 10860 W ActivityManager: Unbind failed: could not find connection for android.os.BinderProxy@f699411
10-30 19:45:45.339 22252 23364 E GmsClient: unable to connect to service: com.google.android.gms.speech.service.START on com.google.android.gms
10-30 19:45:45.351 22252 22263 W SessionLifecycleManager: Handover failed. Creating new session controller.
10-30 19:45:45.366 22252 22252 I OptInState: There is a new client and it does not support opt-in. Dropping request.
10-30 19:45:45.421 22252 22252 I MicroDetectionWorker: #updateMicroDetector [detectionMode: [mDetectionMode: [1]]]
10-30 19:45:45.421 22252 22252 I MicroDetectionWorker: #startMicroDetector [speakerMode: 0]
10-30 19:45:45.430 22252 22252 I MicroDetectionWorker: onReady
10-30 19:45:45.443 22252 22257 I zygote64: Do partial code cache collection, code=0B, data=12KB
10-30 19:45:45.443 22252 23365 I GsaNativeCrashHandler: Loaded shared library: nativecrashreporter
10-30 19:45:45.443 22252 22257 I zygote64: After code cache collection, code=0B, data=12KB
10-30 19:45:45.443 22252 22257 I zygote64: Increasing code cache capacity to 128KB
10-30 19:45:45.447 22252 22257 I zygote64: Do partial code cache collection, code=0B, data=12KB
10-30 19:45:45.448 22252 22257 I zygote64: After code cache collection, code=0B, data=12KB
10-30 19:45:45.448 22252 22257 I zygote64: Increasing code cache capacity to 256KB
10-30 19:45:45.451 22252 22257 I zygote64: Method exceeds compiler instruction limit: 25337 in void org.ccil.cowan.tagsoup.HTMLSchema.<init>()
10-30 19:45:45.477 22252 22262 I zygote64: Background concurrent copying GC freed 5288(362KB) AllocSpace objects, 0(0B) LOS objects, 50% free, 2MB/4MB, paused 6ms total 47.088ms
10-30 19:45:45.477 22252 23365 I MicroDataManager: Created a new hotword model for:
10-30 19:45:45.477 22252 23365 I MicroDataManager: # com.google.android.apps.gsa.speech.microdetection.h@36410d17
10-30 19:45:45.479 22252 22283 I MicroRecognitionRunner: Starting detection.
10-30 19:45:45.480 22252 22285 I MicrophoneInputStream: mic_starting com.google.android.apps.gsa.speech.audio.af@7ca0592
10-30 19:45:45.481   556   687 W DeviceHAL: Device 0xefa2d000 open_input_stream: Invalid argument
10-30 19:45:45.482   556 23368 I AudioFlinger: AudioFlinger's thread 0xec907100 tid=23368 ready to run
10-30 19:45:45.488   556   753 I SoundTriggerHwService::Module: onCallbackEvent no clients
10-30 19:45:45.491 22252 22285 I MicrophoneInputStream: mic_started com.google.android.apps.gsa.speech.audio.af@7ca0592
10-30 19:45:45.493   556 23369 D sound_trigger_platform: platform_stdev_check_and_update_concurrency: concurrency active 0, tx 1, rx 0, concurrency session_allowed 0
10-30 19:45:45.493   556 23369 D audio_hw_primary: enable_snd_device: snd_device(72: voice-rec-mic)
10-30 19:45:45.498   556 23369 D audio_hw_primary: enable_audio_route: usecase(9) apply and update mixer path: audio-record
10-30 19:45:45.565 22252 22252 I MicroDetectionWorker: onReady
10-30 19:45:45.631 23356 23356 D AndroidRuntime: >>>>>> START com.android.internal.os.RuntimeInit uid 2000 <<<<<<
10-30 19:45:45.758 23356 23356 D AndroidRuntime: Calling main entry com.android.commands.pm.Pm
10-30 19:45:45.781   772  3854 I ActivityManager: Force stopping com.android.chrome appid=10060 user=0: clear data
10-30 19:45:45.785   772   788 I ActivityManager: Force stopping com.android.chrome appid=10060 user=-1: clearApplicationUserData
10-30 19:45:45.803 29214 29297 W OpenGLRenderer: Incorrectly called buildLayer on View: ShortcutAndWidgetContainer, destroying layer...
10-30 19:45:45.890   560   560 I keystore: clear_uid 10060
10-30 19:45:45.909 23356 23356 I app_process: System.exit called, status: 0
10-30 19:45:45.909 23356 23356 I AndroidRuntime: VM exiting with result code 0.
10-30 19:45:45.910  1311  1311 D CarrierSvcBindHelper: No carrier app for: 0
10-30 19:45:45.914   772   787 W ResourceType: No known package when getting value for resource number 0x7f0904db
10-30 19:45:45.914   772   787 W ResourceType: No known package when getting value for resource number 0x7f140670
10-30 19:45:45.914   772   787 W ResourceType: No known package when getting value for resource number 0x7f0904da
10-30 19:45:45.914   772   787 W ResourceType: No known package when getting value for resource number 0x7f14018b
10-30 19:45:45.914   772   787 W ResourceType: No known package when getting value for resource number 0x7f14066f
10-30 19:45:45.914   772   787 W ResourceType: No known package when getting value for resource number 0x7f140434
10-30 19:45:45.914   772   787 E ShortcutService: Ignoring excessive intent tag.
10-30 19:45:45.941  2964  2964 D RegisteredNfcFServicesCache: Service unchanged, not updating
10-30 19:45:45.947  3960 23384 I Fitness : FitCleanupIntentOperation received Intent android.intent.action.PACKAGE_DATA_CLEARED [CONTEXT service_id=17 ]
10-30 19:45:45.975  3535  3759 I Icing   : doRemovePackageData com.android.chrome
10-30 19:45:45.975  3535  3759 I Icing   : Removing corpus key com.android.chrome-omnibox for package com.android.chrome
10-30 19:45:46.013  3535  3759 I native  : I0000 00:00:1667155546.013483    3759 flash-index.cc:1535] Flash index sort hb 20 prefix-hits 40 -> 36 at 15.692ms
10-30 19:45:46.060  3535  3759 I Icing   : Removing corpus key com.android.chrome-.implicit: for package com.android.chrome
10-30 19:45:46.097  3535  3759 I Icing   : Removing corpus key com.android.chrome-internal.3p:WebPage for package com.android.chrome
10-30 19:45:46.166  3535  3759 I Icing   : Starting compaction min disk 99.985% min index 99.988%
10-30 19:45:46.212   772  3041 I ActivityManager: Force stopping com.android.chrome appid=10060 user=0: from pid 23407
10-30 19:45:46.217  1311  1311 D CarrierSvcBindHelper: No carrier app for: 0
10-30 19:45:46.228  2964  2964 D RegisteredNfcFServicesCache: Service unchanged, not updating
10-30 19:45:46.269  3535  3759 I native  : I0000 00:00:1667155546.269914    3759 document-store.cc:1684] Scored 618 usage reports, missing_corpora 215 update_failed 0
10-30 19:45:46.325  3535  3759 W native  : W0000 00:00:1667155546.325695    3759 words-map.cc:36] INVALID_ARGUMENT: Empty URI
10-30 19:45:46.325  3535  3759 W native  : W0000 00:00:1667155546.325895    3759 words-map.cc:40] WordsMap was not properly initialized
10-30 19:45:46.385  3535  3759 E native  : E0000 00:00:1667155546.385626    3759 compactor.cc:77] Could not index embedding for docid 1: INTERNAL: Unable to find Thing Proto section 
10-30 19:45:46.386  3535  3759 E native  : E0000 00:00:1667155546.386450    3759 compactor.cc:77] Could not index embedding for docid 3: INTERNAL: Unable to find Thing Proto section 
10-30 19:45:46.386  3535  3759 E native  : E0000 00:00:1667155546.386933    3759 compactor.cc:77] Could not index embedding for docid 5: INTERNAL: Unable to find Thing Proto section 
10-30 19:45:46.387  3535  3759 E native  : E0000 00:00:1667155546.387474    3759 compactor.cc:77] Could not index embedding for docid 7: INTERNAL: Unable to find Thing Proto section 
10-30 19:45:46.388  3535  3759 E native  : E0000 00:00:1667155546.387984    3759 compactor.cc:77] Could not index embedding for docid 9: INTERNAL: Unable to find Thing Proto section 
10-30 19:45:46.388  3535  3759 E native  : E0000 00:00:1667155546.388434    3759 compactor.cc:77] Could not index embedding for docid 11: INTERNAL: Unable to find Thing Proto section 
10-30 19:45:46.388  3535  3759 E native  : E0000 00:00:1667155546.388883    3759 compactor.cc:77] Could not index embedding for docid 13: INTERNAL: Unable to find Thing Proto section 
10-30 19:45:46.389  3535  3759 E native  : E0000 00:00:1667155546.389349    3759 compactor.cc:77] Could not index embedding for docid 15: INTERNAL: Unable to find Thing Proto section 
10-30 19:45:46.389  3535  3759 E native  : E0000 00:00:1667155546.389821    3759 compactor.cc:77] Could not index embedding for docid 17: INTERNAL: Unable to find Thing Proto section 
10-30 19:45:46.390  3535  3759 E native  : E0000 00:00:1667155546.390289    3759 compactor.cc:77] Could not index embedding for docid 19: INTERNAL: Unable to find Thing Proto section 
10-30 19:45:46.390  3535  3759 E native  : E0000 00:00:1667155546.390886    3759 compactor.cc:77] Could not index embedding for docid 21: INTERNAL: Unable to find Thing Proto section 
10-30 19:45:46.391  3535  3759 E native  : E0000 00:00:1667155546.391432    3759 compactor.cc:77] Could not index embedding for docid 23: INTERNAL: Unable to find Thing Proto section 
10-30 19:45:46.391  3535  3759 E native  : E0000 00:00:1667155546.391901    3759 compactor.cc:77] Could not index embedding for docid 25: INTERNAL: Unable to find Thing Proto section 
10-30 19:45:46.396  3535  3759 E native  : E0000 00:00:1667155546.395991    3759 compactor.cc:77] Could not index embedding for docid 26: INTERNAL: Unable to find Thing Proto section 
10-30 19:45:46.399  3535  3759 E native  : E0000 00:00:1667155546.399664    3759 compactor.cc:77] Could not index embedding for docid 27: INTERNAL: Unable to find Thing Proto section 
10-30 19:45:46.438  3535  3759 I native  : I0000 00:00:1667155546.438552    3759 flash-index.cc:1535] Flash index sort hb 40 prefix-hits 68 -> 67 at 21.011ms
10-30 19:45:46.468  3535  3759 W native  : W0000 00:00:1667155546.468757    3759 words-map.cc:36] INVALID_ARGUMENT: Empty URI
10-30 19:45:46.468  3535  3759 W native  : W0000 00:00:1667155546.468915    3759 words-map.cc:40] WordsMap was not properly initialized
10-30 19:45:46.519  3535  3759 I Icing   : updateResources: need to parse anue{com.android.chrome}
10-30 19:45:46.599  3535  3759 I Icing   : Indexing com.android.chrome-omnibox from com.android.chrome
10-30 19:45:46.606 23409 23409 D AndroidRuntime: >>>>>> START com.android.internal.os.RuntimeInit uid 2000 <<<<<<
10-30 19:45:46.616   772 10894 I ActivityManager: Start proc 23411:com.android.chrome/u0a60 for content provider com.android.chrome/com.google.android.apps.chrome.icing.IcingProvider
10-30 19:45:46.669 23411 23411 I cr_SplitCompatApp: Launched version=106.0.5249.79 minSdkVersion=24 isBundle=true processName=com.android.chrome isIsolated=false
10-30 19:45:46.742 23409 23409 D AndroidRuntime: Calling main entry com.android.commands.pm.Pm
10-30 19:45:46.749   772  1324 I ActivityManager: Force stopping com.android.chrome appid=10060 user=0: clear data
10-30 19:45:46.749   772  1324 I ActivityManager: Killing 23411:com.android.chrome/u0a60 (adj 200): stop com.android.chrome
10-30 19:45:46.750  3535  3535 I ActivityThread: Removing dead content provider:android.content.ContentProviderProxy@c37a89c
10-30 19:45:46.753   772   788 I ActivityManager: Force stopping com.android.chrome appid=10060 user=-1: clearApplicationUserData
10-30 19:45:46.756   560   560 I keystore: clear_uid 10060
10-30 19:45:46.776  1311  1311 D CarrierSvcBindHelper: No carrier app for: 0
10-30 19:45:46.780   772   787 W ResourceType: No known package when getting value for resource number 0x7f0904db
10-30 19:45:46.780   772   787 W ResourceType: No known package when getting value for resource number 0x7f140670
10-30 19:45:46.782   772   787 W ResourceType: No known package when getting value for resource number 0x7f0904da
10-30 19:45:46.782   772   787 W ResourceType: No known package when getting value for resource number 0x7f14018b
10-30 19:45:46.782   772   787 W ResourceType: No known package when getting value for resource number 0x7f14066f
10-30 19:45:46.782   772   787 W ResourceType: No known package when getting value for resource number 0x7f140434
10-30 19:45:46.782   772   787 E ShortcutService: Ignoring excessive intent tag.
10-30 19:45:46.782 23409 23409 I app_process: System.exit called, status: 0
10-30 19:45:46.782 23409 23409 I AndroidRuntime: VM exiting with result code 0.
10-30 19:45:46.790  3535  3759 E Icing   : Cursor call threw an exception: null
10-30 19:45:46.791  3535  3759 E Icing   : Indexing content provider failed; will retry 3 times
10-30 19:45:46.791  3535  3759 I Icing   : Indexing done com.android.chrome-omnibox
10-30 19:45:46.791  3535  3759 E Icing   : Aborting indexing of corpus omnibox
10-30 19:45:46.791  3535  3759 I Icing   : Retrying indexing in 300000ms
10-30 19:45:46.791  3535  3759 W GmsTaskScheduler: com.google.android.gms.icing.service.IcingGcmTaskChimeraService is not available. This may cause the task to be lost.
10-30 19:45:46.794  2964  2964 D RegisteredNfcFServicesCache: Service unchanged, not updating
10-30 19:45:46.808  3960 23384 I Fitness : FitCleanupIntentOperation received Intent android.intent.action.PACKAGE_DATA_CLEARED [CONTEXT service_id=17 ]
10-30 19:45:46.833  3535  3759 I Icing   : doRemovePackageData com.android.chrome
10-30 19:45:46.833  3535  3759 I Icing   : Removing corpus key com.android.chrome-omnibox for package com.android.chrome
10-30 19:45:46.900  3535  3759 I Icing   : updateResources: need to parse anue{com.android.chrome}
10-30 19:45:46.952  3535  3759 I Icing   : Indexing com.android.chrome-omnibox from com.android.chrome
10-30 19:45:46.963   772  1327 I ActivityManager: Start proc 23445:com.android.chrome/u0a60 for content provider com.android.chrome/com.google.android.apps.chrome.icing.IcingProvider
10-30 19:45:47.007 23445 23445 I cr_SplitCompatApp: Launched version=106.0.5249.79 minSdkVersion=24 isBundle=true processName=com.android.chrome isIsolated=false
10-30 19:45:47.155  3960  3971 I FontLog : Received query Google Sans, URI content://com.google.android.gms.fonts [CONTEXT service_id=132 ]
10-30 19:45:47.155  3960  3971 I FontLog : Query [Google Sans] resolved to {Google Sans, wdth 100.0, wght 400, ital 0.0, bestEffort false} [CONTEXT service_id=132 ]
10-30 19:45:47.159  3960  3971 I FontLog : Font PFD returned from cache for {Google Sans, wdth 100.0, wght 400, ital 0.0, bestEffort false} [CONTEXT service_id=132 ]
10-30 19:45:47.160  3960  3971 I FontLog : Fetch {Google Sans, wdth 100.0, wght 400, ital 0.0, bestEffort false} end status Status{statusCode=SUCCESS, resolution=null} [CONTEXT service_id=132 ]
10-30 19:45:47.192  3535  3759 I Icing   : Indexing done com.android.chrome-omnibox
10-30 19:45:47.271  3960  4245 I FontLog : Pulling font file for id = 437, cache size = 7 [CONTEXT service_id=132 ]
10-30 19:45:47.297 23445 23464 I cr_LibraryLoader: Successfully loaded native library
10-30 19:45:47.298 23445 23464 I cr_CachingUmaRecorder: Flushed 20 samples from 19 histograms.
10-30 19:45:47.386  3960  4217 I FontLog : Received query Google Sans:500, URI content://com.google.android.gms.fonts [CONTEXT service_id=132 ]
10-30 19:45:47.391  3960  4217 I FontLog : Query [Google Sans:500] resolved to {Google Sans, wdth 100.0, wght 500, ital 0.0, bestEffort false} [CONTEXT service_id=132 ]
10-30 19:45:47.394  3960  4217 I FontLog : Font PFD returned from cache for {Google Sans, wdth 100.0, wght 500, ital 0.0, bestEffort false} [CONTEXT service_id=132 ]
10-30 19:45:47.394  3960  4217 I FontLog : Fetch {Google Sans, wdth 100.0, wght 500, ital 0.0, bestEffort false} end status Status{statusCode=SUCCESS, resolution=null} [CONTEXT service_id=132 ]
10-30 19:45:47.444  3960  4244 I FontLog : Pulling font file for id = 438, cache size = 8 [CONTEXT service_id=132 ]
10-30 19:45:47.467  3960  4245 I FontLog : Received query Google Sans:700, URI content://com.google.android.gms.fonts [CONTEXT service_id=132 ]
10-30 19:45:47.468  3960  4245 I FontLog : Query [Google Sans:700] resolved to {Google Sans, wdth 100.0, wght 700, ital 0.0, bestEffort false} [CONTEXT service_id=132 ]
10-30 19:45:47.470  3960  4245 I FontLog : Fetch {Google Sans, wdth 100.0, wght 700, ital 0.0, bestEffort false} end status Status{statusCode=SUCCESS, resolution=null} [CONTEXT service_id=132 ]
10-30 19:45:47.484  3960  3971 I FontLog : Pulling font file for id = 439, cache size = 7 [CONTEXT service_id=132 ]
