10-31 14:52:16.168 29511 29511 W chromium: [WARNING:controller_impl.cc(1190)] Background download complete, client: 6, completion type: 0, file size:4951
10-31 14:52:16.193 30352 30352 E /system/bin/webview_zygote32: failed to make and chown /acct/uid_99298: Permission denied
10-31 14:52:16.194 30352 30352 E Zygote  : createProcessGroup(99298, 0) failed: Permission denied
10-31 14:52:16.194   772 10894 I ActivityManager: Start proc 30352:com.android.chrome:sandboxed_process28/u0i298 for webview_service com.android.chrome/org.chromium.content.app.SandboxedProcessService28
10-31 14:52:16.211 30352 30352 I SamplingProfilerIntegration: Profiling disabled.
10-31 14:52:16.236 30365 30365 E asset   : setgid: Operation not permitted
10-31 14:52:16.271 30352 30352 I cr_SplitCompatApp: Launched version=106.0.5249.79 minSdkVersion=24 isBundle=true processName=com.android.chrome:sandboxed_process28 isIsolated=true
10-31 14:52:16.288 30352 30352 W SystemServiceRegistry: No service published for: uimode
10-31 14:52:16.289 29511 29567 I cr_omaha: OmahaBase::generateAndPostRequest(): Sending request to Omaha:
10-31 14:52:16.289 29511 29567 I cr_omaha: <?xml version='1.0' encoding='UTF-8' standalone='yes' ?><request protocol="3.0" updater="Android" updaterversion="106.0.5249.79" updaterchannel="chrome" ismachine="1" requestid="{de197e7c-7bb9-40f2-8818-fa24f8318be7}" sessionid="{c0bb5233-5527-4717-a5e0-809dae4fbf47}" installsource="system_image" dedup="cr"><os platform="android" version="8.0.0" arch="arm" /><app brand="" client="ms-android-google" appid="{387E11AD-7109-45F6-83CF-CAA241ADC9DF}" version="106.0.5249.79" nextversion="" lang="en-US" installage="-1" ap="chrome;google;nexus 5x"><event eventtype="2" eventresult="1" /></app></request>
10-31 14:52:16.296 30352 30352 I cr_ChildProcessService: Creating new ChildProcessService pid=30352
10-31 14:52:16.302 30352 30352 E WebViewFactory: can't load with relro file; address space not reserved
10-31 14:52:16.310 30352 30368 I cr_LibraryLoader: Successfully loaded native library
10-31 14:52:16.311 30352 30368 I cr_CachingUmaRecorder: Flushed 3 samples from 3 histograms.
10-31 14:52:16.329 30373 30373 W ThreadPoolForeg: type=1400 audit(0.0:15267): avc: denied { setattr } for name="model-info.pb" dev="dm-2" ino=1504929 scontext=u:r:isolated_app:s0:c512,c768 tcontext=u:object_r:app_data_file:s0:c512,c768 tclass=file permissive=0
10-31 14:52:16.329 30373 30373 W ThreadPoolForeg: type=1400 audit(0.0:15268): avc: denied { setattr } for name="model.tflite" dev="dm-2" ino=1504930 scontext=u:r:isolated_app:s0:c512,c768 tcontext=u:object_r:app_data_file:s0:c512,c768 tclass=file permissive=0
10-31 14:52:16.335 30352 30368 I chromium: [INFO:child_process_service.cc(69)] ChildProcessService: Exiting child process.
10-31 14:52:16.337   422   422 E lowmemorykiller: Error writing /proc/30352/oom_score_adj; errno=22
10-31 14:52:16.337   772  2970 I ActivityManager: Killing 30352:com.android.chrome:sandboxed_process28/u0a60i298 (adj 0): isolated not needed
10-31 14:52:16.338   772   790 W zygote64: failed to open /acct/uid_99298/pid_30352/cgroup.procs: No such file or directory
10-31 14:52:16.347 29511 29511 W chromium: [WARNING:compositor_view.cc(342)] Child process died (type=6) pid=30352)
10-31 14:52:16.437 29511 29567 I cr_omaha: OmahaBase::generateAndPostRequest(): Received response from Omaha:
10-31 14:52:16.437 29511 29567 I cr_omaha: <?xml version="1.0" encoding="UTF-8"?><response protocol="3.0" server="prod"><daystart elapsed_days="5782" elapsed_seconds="24734"/><app appid="{387E11AD-7109-45F6-83CF-CAA241ADC9DF}" status="ok"><event status="ok"/></app></response>
10-31 14:52:16.444 29511 29567 I cr_omaha: Request to Server Successful. Timestamp for next request:1667227936444
10-31 14:52:16.458 29511 29567 I cr_omaha: OmahaBase::generateAndPostRequest(): Sending request to Omaha:
10-31 14:52:16.458 29511 29567 I cr_omaha: <?xml version='1.0' encoding='UTF-8' standalone='yes' ?><request protocol="3.0" updater="Android" updaterversion="106.0.5249.79" updaterchannel="chrome" ismachine="1" requestid="{2cd25a5e-758b-4af9-b8f9-0ec08269a095}" sessionid="{c0bb5233-5527-4717-a5e0-809dae4fbf47}" installsource="system_image" dedup="cr"><os platform="android" version="8.0.0" arch="arm" /><app brand="" client="ms-android-google" appid="{387E11AD-7109-45F6-83CF-CAA241ADC9DF}" version="106.0.5249.79" nextversion="" lang="en-US" installage="0" ap="chrome;google;nexus 5x"><updatecheck /><ping active="1" ad="5782" rd="5782" /></app></request>
10-31 14:52:16.492 29511 29567 I cr_omaha: OmahaBase::generateAndPostRequest(): Received response from Omaha:
10-31 14:52:16.492 29511 29567 I cr_omaha: <?xml version="1.0" encoding="UTF-8"?><response protocol="3.0" server="prod"><daystart elapsed_days="5782" elapsed_seconds="24735"/><app appid="{387E11AD-7109-45F6-83CF-CAA241ADC9DF}" cohort="1:hyx:" cohortname="Stable Chrome" status="ok"><updatecheck status="noupdate"/><ping status="ok"/></app></response>
10-31 14:52:16.494 29511 29567 I cr_omaha: Request to Server Successful. Timestamp for next request:1667227936494
10-31 14:52:16.494 29511 29567 I cr_omaha: Attempting to schedule next job for: Mon Oct 31 19:52:16 GMT+01:00 2022
10-31 14:52:16.497 29511 29511 I cr_omaha: Scheduled using JobService
10-31 14:52:16.497 29511 29511 E cr_BkgrdTaskJS: Tried finishing non-current BackgroundTask.
10-31 14:52:16.812 29511 29511 W chromium: [WARNING:controller_impl.cc(1190)] Background download complete, client: 6, completion type: 0, file size:9419
10-31 14:52:16.836   772  1324 I ActivityManager: Start proc 30376:com.android.chrome:sandboxed_process29/u0i299 for webview_service com.android.chrome/org.chromium.content.app.SandboxedProcessService29
10-31 14:52:16.839 30376 30376 E /system/bin/webview_zygote32: failed to make and chown /acct/uid_99299: Permission denied
10-31 14:52:16.839 30376 30376 E Zygote  : createProcessGroup(99299, 0) failed: Permission denied
10-31 14:52:16.855 30376 30376 I SamplingProfilerIntegration: Profiling disabled.
10-31 14:52:16.877 30389 30389 E asset   : setgid: Operation not permitted
10-31 14:52:16.901 30376 30376 I cr_SplitCompatApp: Launched version=106.0.5249.79 minSdkVersion=24 isBundle=true processName=com.android.chrome:sandboxed_process29 isIsolated=true
10-31 14:52:16.904 30376 30376 W SystemServiceRegistry: No service published for: uimode
10-31 14:52:16.912 30376 30376 I cr_ChildProcessService: Creating new ChildProcessService pid=30376
10-31 14:52:16.918 30376 30376 E WebViewFactory: can't load with relro file; address space not reserved
10-31 14:52:16.932 30376 30391 I cr_LibraryLoader: Successfully loaded native library
10-31 14:52:16.933 30376 30391 I cr_CachingUmaRecorder: Flushed 3 samples from 3 histograms.
10-31 14:52:16.949 30394 30394 W ThreadPoolForeg: type=1400 audit(0.0:15269): avc: denied { setattr } for name="model-info.pb" dev="dm-2" ino=1504934 scontext=u:r:isolated_app:s0:c512,c768 tcontext=u:object_r:app_data_file:s0:c512,c768 tclass=file permissive=0
10-31 14:52:16.952 30394 30394 W ThreadPoolForeg: type=1400 audit(0.0:15270): avc: denied { setattr } for name="model.tflite" dev="dm-2" ino=1504935 scontext=u:r:isolated_app:s0:c512,c768 tcontext=u:object_r:app_data_file:s0:c512,c768 tclass=file permissive=0
10-31 14:52:16.956 30376 30391 I chromium: [INFO:child_process_service.cc(69)] ChildProcessService: Exiting child process.
10-31 14:52:16.958   422   422 E lowmemorykiller: Error writing /proc/30376/oom_score_adj; errno=22
10-31 14:52:16.958   772  1259 I ActivityManager: Killing 30376:com.android.chrome:sandboxed_process29/u0a60i299 (adj 0): isolated not needed
10-31 14:52:16.960   772   790 W zygote64: failed to open /acct/uid_99299/pid_30376/cgroup.procs: No such file or directory
10-31 14:52:16.981 29511 29511 W chromium: [WARNING:compositor_view.cc(342)] Child process died (type=6) pid=30376)
10-31 14:52:17.135   772 10894 D WificondControl: Scan result ready event
10-31 14:52:17.164  3960  4245 I ChimeraSrvcProxy: NullBinder for android.net.action.RECOMMEND_NETWORKS triggering remote TransactionTooLargeException due to Service without Chimera impl
10-31 14:52:17.318 29511 29511 I cr_tabmodel: Appending tabs being restored to metadata lists, 0, startingNormalCount: 2, startingIncognitoCount: 0
10-31 14:52:17.318 29511 29511 I cr_tabmodel: Serializing tab lists; counts: 2, 0
10-31 14:52:17.554 13542 13542 D BoundBrokerSvc: onBind: Intent { act=com.google.android.gms.common.BIND_SHARED_PREFS pkg=com.google.android.gms }
10-31 14:52:17.554 13542 13542 D BoundBrokerSvc: Loading bound service for intent: Intent { act=com.google.android.gms.common.BIND_SHARED_PREFS pkg=com.google.android.gms }
10-31 14:52:17.558 13542 13542 D BoundBrokerSvc: onUnbind: Intent { act=com.google.android.gms.common.BIND_SHARED_PREFS pkg=com.google.android.gms }
10-31 14:52:21.736 29511 29511 E cr_BTSPrefs: No data found for task id: 56
10-31 14:52:21.737 29511 29511 E cr_BkgrdTaskScheduler: Task cannot be canceled because no data was found instorage or data was invalid
10-31 14:52:25.849 29511 29511 W ResourceType: Failure getting entry for 0x7f010888 (t=0 e=2184) (error -75)
10-31 14:52:25.885 29511 29511 I chatty  : uid=10060(u0_a60) identical 7 lines
10-31 14:52:25.890 29511 29511 W ResourceType: Failure getting entry for 0x7f010888 (t=0 e=2184) (error -75)
10-31 14:52:25.895 29511 29511 I cr_TopSites: Start a new task.
10-31 14:52:25.895 29511 29575 I cr_TopSites: Serializing top sites lists finished; count: 9
10-31 14:52:25.907 29511 29575 I cr_TopSites: Finished saving top sites list to file:/data/user/0/com.android.chrome/app_top_sites/top_sites
10-31 14:53:01.769  3960  3960 W GCM     : broadcast intent callback: result=CANCELLED forIntent { act=com.google.android.c2dm.intent.RECEIVE pkg=com.opera.browser (has extras) }
10-31 14:53:03.679 29511 29511 I cr_media: Create MediaDrmBridge with level L3 and origin 159DC2BDDCD314BD29188F71BA7DC8A4
10-31 14:53:03.714   361   361 W /system/bin/hwservicemanager: getTransportFromManifest: Cannot find entry android.hardware.drm@1.0::IDrmFactory in either framework or device manifest, using default transport.
10-31 14:53:03.865   562   644 I DrmHal  : makeDrmFactories: using default drm instance
10-31 14:53:03.876   361   361 W /system/bin/hwservicemanager: getTransportFromManifest: Cannot find entry android.hardware.drm@1.0::IDrmFactory in either framework or device manifest, using default transport.
10-31 14:53:03.944   562  5487 I DrmHal  : makeDrmFactories: using default drm instance
10-31 14:53:03.945   562 19050 D WVCdm   : Instantiating CDM.
10-31 14:53:03.956   562   562 I WVCdm   : CdmEngine::QueryStatus
10-31 14:53:03.956   562   562 I WVCdm   : Level3 Library 4445 May 19 2017 17:17:20
10-31 14:53:03.977   562   562 D QSEECOMAPI: : QSEECom_get_handle sb_length = 0x19000
10-31 14:53:03.977   562   562 D QSEECOMAPI: : App is not loaded in QSEE
10-31 14:53:04.029   562   562 D QSEECOMAPI: : Loaded image: APP id = 2438
10-31 14:53:04.033   562   562 D QSAPPSVER: qsapps_get_capabilities: Capability from secure side: 0x0
10-31 14:53:04.033   562   562 D QSAPPSVER: qsapps_get_capabilities: returns 0
10-31 14:53:04.033   562   562 E DrmWidevineDash: sion_buffer g_wv_fhandle->ion_sbuffer  0x0xef348000
10-31 14:53:04.037   372   376 D DrmLibTime: got the req here! ret=0
10-31 14:53:04.037   372   376 D DrmLibTime: command id, time_cmd_id = 770
10-31 14:53:04.037   372   376 D DrmLibTime: time_getutcsec starts!
10-31 14:53:04.037   372   376 D DrmLibTime: QSEE Time Listener: time_getutcsec
10-31 14:53:04.037   372   376 D DrmLibTime: QSEE Time Listener: get_utc_seconds
10-31 14:53:04.037   372   376 D DrmLibTime: QSEE Time Listener: time_get_modem_time
10-31 14:53:04.037   372   376 D DrmLibTime: QSEE Time Listener: Checking if ATS_MODEM is set or not.
10-31 14:53:04.037   372   376 D QC-time-services: Lib:time_genoff_operation: pargs->base = 13
10-31 14:53:04.037   372   376 D QC-time-services: Lib:time_genoff_operation: pargs->operation = 2
10-31 14:53:04.037   372   376 D QC-time-services: Lib:time_genoff_operation: pargs->ts_val = 0
10-31 14:53:04.037   372   376 D QC-time-services: Lib:time_genoff_operation: Send to server  passed!!
10-31 14:53:04.037   625   647 D QC-time-services: Daemon: Connection accepted:time_genoff
10-31 14:53:04.038   625 30414 D QC-time-services: Daemon:Received base = 13, unit = 1, operation = 2,value = 0
10-31 14:53:04.038   625 30414 D QC-time-services: Daemon:genoff_opr: Base = 13, val = 0, operation = 2
10-31 14:53:04.038   625 30414 D QC-time-services: offset is: 0 for base: 13
10-31 14:53:04.038   372   376 E QC-time-services: Receive Passed == base = 13, unit = 1, operation = 2, result = 0
10-31 14:53:04.038   372   376 D DrmLibTime: QSEE Time Listener: ATS_MODEM is not set. Fallback to Android system time.
10-31 14:53:04.038   372   376 D DrmLibTime: QSEE Time Listener: Retrieved Android system time: 1667224384
10-31 14:53:04.038   372   376 D DrmLibTime: time_getutcsec returns 0, sec = 1667224384; nsec = 0
10-31 14:53:04.038   372   376 D DrmLibTime: time_getutcsec finished! 
10-31 14:53:04.038   372   376 D DrmLibTime: iotcl_continue_command finished! and return 0 
10-31 14:53:04.038   372   376 D DrmLibTime: before calling ioctl to read the next time_cmd
10-31 14:53:04.038   625   647 E QC-time-services: Daemon: Time-services: Waiting to acceptconnection
10-31 14:53:04.073   562   562 D WVCdm   : OEMCrypto_Initialize Level 1 success. I will use level 1.
10-31 14:53:04.074   562   562 D QSEECOMAPI: : QSEECom_dealloc_memory 
10-31 14:53:04.074   562   562 D QSEECOMAPI: : QSEECom_shutdown_app, app_id = 2438
10-31 14:53:04.082   562 19050 I WVCdm   : CdmEngine::OpenSession
10-31 14:53:04.082   562 19050 I WVCdm   : Level3 Library 4445 May 19 2017 17:17:20
10-31 14:53:04.085   562 19050 D QSEECOMAPI: : QSEECom_get_handle sb_length = 0x19000
10-31 14:53:04.085   562 19050 D QSEECOMAPI: : App is not loaded in QSEE
10-31 14:53:04.132   562 19050 D QSEECOMAPI: : Loaded image: APP id = 2439
10-31 14:53:04.136   562 19050 D QSAPPSVER: qsapps_get_capabilities: Capability from secure side: 0x0
10-31 14:53:04.136   562 19050 D QSAPPSVER: qsapps_get_capabilities: returns 0
10-31 14:53:04.136   562 19050 E DrmWidevineDash: sion_buffer g_wv_fhandle->ion_sbuffer  0x0xef348000
10-31 14:53:04.140   372   376 D DrmLibTime: got the req here! ret=0
10-31 14:53:04.140   372   376 D DrmLibTime: command id, time_cmd_id = 770
10-31 14:53:04.140   372   376 D DrmLibTime: time_getutcsec starts!
10-31 14:53:04.140   372   376 D DrmLibTime: QSEE Time Listener: time_getutcsec
10-31 14:53:04.140   372   376 D DrmLibTime: QSEE Time Listener: get_utc_seconds
10-31 14:53:04.140   372   376 D DrmLibTime: QSEE Time Listener: time_get_modem_time
10-31 14:53:04.140   372   376 D DrmLibTime: QSEE Time Listener: Checking if ATS_MODEM is set or not.
10-31 14:53:04.140   372   376 D QC-time-services: Lib:time_genoff_operation: pargs->base = 13
10-31 14:53:04.140   372   376 D QC-time-services: Lib:time_genoff_operation: pargs->operation = 2
10-31 14:53:04.140   372   376 D QC-time-services: Lib:time_genoff_operation: pargs->ts_val = 0
10-31 14:53:04.140   372   376 D QC-time-services: Lib:time_genoff_operation: Send to server  passed!!
10-31 14:53:04.140   625   647 D QC-time-services: Daemon: Connection accepted:time_genoff
10-31 14:53:04.140   625 30415 D QC-time-services: Daemon:Received base = 13, unit = 1, operation = 2,value = 0
10-31 14:53:04.140   625 30415 D QC-time-services: Daemon:genoff_opr: Base = 13, val = 0, operation = 2
10-31 14:53:04.140   625 30415 D QC-time-services: offset is: 0 for base: 13
10-31 14:53:04.141   372   376 E QC-time-services: Receive Passed == base = 13, unit = 1, operation = 2, result = 0
10-31 14:53:04.141   372   376 D DrmLibTime: QSEE Time Listener: ATS_MODEM is not set. Fallback to Android system time.
10-31 14:53:04.141   372   376 D DrmLibTime: QSEE Time Listener: Retrieved Android system time: 1667224384
10-31 14:53:04.141   372   376 D DrmLibTime: time_getutcsec returns 0, sec = 1667224384; nsec = 0
10-31 14:53:04.141   372   376 D DrmLibTime: time_getutcsec finished! 
10-31 14:53:04.141   372   376 D DrmLibTime: iotcl_continue_command finished! and return 0 
10-31 14:53:04.141   372   376 D DrmLibTime: before calling ioctl to read the next time_cmd
10-31 14:53:04.141   625   647 E QC-time-services: Daemon: Time-services: Waiting to acceptconnection
10-31 14:53:04.177   562 19050 D WVCdm   : OEMCrypto_Initialize Level 1 success. I will use level 1.
10-31 14:53:04.177   562 19050 D WVCdm   : CryptoSession::Open: Lock: requested_security_level: L3
10-31 14:53:04.218   562 19050 W WVCdm   : DeviceFiles::RetrieveHashedFile: /data/mediadrm/IDM1013/L3/cert.bin does not exist
10-31 14:53:04.219   562 19050 D QSEECOMAPI: : QSEECom_dealloc_memory 
10-31 14:53:04.219   562 19050 D QSEECOMAPI: : QSEECom_shutdown_app, app_id = 2439
10-31 14:53:04.233   562 28303 I WVCdm   : Level3 Library 4445 May 19 2017 17:17:20
10-31 14:53:04.237   562 28303 D QSEECOMAPI: : QSEECom_get_handle sb_length = 0x19000
10-31 14:53:04.237   562 28303 D QSEECOMAPI: : App is not loaded in QSEE
10-31 14:53:04.285   562 28303 D QSEECOMAPI: : Loaded image: APP id = 2440
10-31 14:53:04.289   562 28303 D QSAPPSVER: qsapps_get_capabilities: Capability from secure side: 0x0
10-31 14:53:04.289   562 28303 D QSAPPSVER: qsapps_get_capabilities: returns 0
10-31 14:53:04.289   562 28303 E DrmWidevineDash: sion_buffer g_wv_fhandle->ion_sbuffer  0x0xef348000
10-31 14:53:04.293   372   376 D DrmLibTime: got the req here! ret=0
10-31 14:53:04.293   372   376 D DrmLibTime: command id, time_cmd_id = 770
10-31 14:53:04.293   372   376 D DrmLibTime: time_getutcsec starts!
10-31 14:53:04.293   372   376 D DrmLibTime: QSEE Time Listener: time_getutcsec
10-31 14:53:04.293   372   376 D DrmLibTime: QSEE Time Listener: get_utc_seconds
10-31 14:53:04.293   372   376 D DrmLibTime: QSEE Time Listener: time_get_modem_time
10-31 14:53:04.293   372   376 D DrmLibTime: QSEE Time Listener: Checking if ATS_MODEM is set or not.
10-31 14:53:04.293   372   376 D QC-time-services: Lib:time_genoff_operation: pargs->base = 13
10-31 14:53:04.293   372   376 D QC-time-services: Lib:time_genoff_operation: pargs->operation = 2
10-31 14:53:04.293   372   376 D QC-time-services: Lib:time_genoff_operation: pargs->ts_val = 0
10-31 14:53:04.293   372   376 D QC-time-services: Lib:time_genoff_operation: Send to server  passed!!
10-31 14:53:04.293   625   647 D QC-time-services: Daemon: Connection accepted:time_genoff
10-31 14:53:04.293   625 30416 D QC-time-services: Daemon:Received base = 13, unit = 1, operation = 2,value = 0
10-31 14:53:04.293   625 30416 D QC-time-services: Daemon:genoff_opr: Base = 13, val = 0, operation = 2
10-31 14:53:04.294   625 30416 D QC-time-services: offset is: 0 for base: 13
10-31 14:53:04.294   372   376 E QC-time-services: Receive Passed == base = 13, unit = 1, operation = 2, result = 0
10-31 14:53:04.294   372   376 D DrmLibTime: QSEE Time Listener: ATS_MODEM is not set. Fallback to Android system time.
10-31 14:53:04.294   372   376 D DrmLibTime: QSEE Time Listener: Retrieved Android system time: 1667224384
10-31 14:53:04.294   372   376 D DrmLibTime: time_getutcsec returns 0, sec = 1667224384; nsec = 0
10-31 14:53:04.294   372   376 D DrmLibTime: time_getutcsec finished! 
10-31 14:53:04.294   372   376 D DrmLibTime: iotcl_continue_command finished! and return 0 
10-31 14:53:04.294   372   376 D DrmLibTime: before calling ioctl to read the next time_cmd
10-31 14:53:04.294   625   647 E QC-time-services: Daemon: Time-services: Waiting to acceptconnection
10-31 14:53:04.331   562 28303 D WVCdm   : OEMCrypto_Initialize Level 1 success. I will use level 1.
10-31 14:53:04.331   562 28303 D WVCdm   : CryptoSession::Open: Lock: requested_security_level: L3
10-31 14:53:04.340 29511 29511 I cr_media: Provisioning origin ID 159DC2BDDCD314BD29188F71BA7DC8A4
10-31 14:53:04.392 29511 29511 I MediaDrm: Drm event (1,0)
10-31 14:53:04.393 29511 29511 E cr_media: EventListener: No session for event 1.
10-31 14:53:04.595   562  5487 D QSEECOMAPI: : QSEECom_dealloc_memory 
10-31 14:53:04.595   562  5487 D QSEECOMAPI: : QSEECom_shutdown_app, app_id = 2440
10-31 14:53:04.614 29511 29511 I cr_media: Create MediaDrmBridge with level L1 and origin 159DC2BDDCD314BD29188F71BA7DC8A4
10-31 14:53:04.616   361   361 W /system/bin/hwservicemanager: getTransportFromManifest: Cannot find entry android.hardware.drm@1.0::IDrmFactory in either framework or device manifest, using default transport.
10-31 14:53:04.619   562   644 I DrmHal  : makeDrmFactories: using default drm instance
10-31 14:53:04.622   361   361 W /system/bin/hwservicemanager: getTransportFromManifest: Cannot find entry android.hardware.drm@1.0::IDrmFactory in either framework or device manifest, using default transport.
10-31 14:53:04.626   562  5487 I DrmHal  : makeDrmFactories: using default drm instance
10-31 14:53:04.628   562 19051 I WVCdm   : CdmEngine::QueryStatus
10-31 14:53:04.629   562 19051 I WVCdm   : Level3 Library 4445 May 19 2017 17:17:20
10-31 14:53:04.635   562 19051 D QSEECOMAPI: : QSEECom_get_handle sb_length = 0x19000
10-31 14:53:04.635   562 19051 D QSEECOMAPI: : App is not loaded in QSEE
10-31 14:53:04.688   562 19051 D QSEECOMAPI: : Loaded image: APP id = 2441
10-31 14:53:04.693   562 19051 D QSAPPSVER: qsapps_get_capabilities: Capability from secure side: 0x0
10-31 14:53:04.693   562 19051 D QSAPPSVER: qsapps_get_capabilities: returns 0
10-31 14:53:04.693   562 19051 E DrmWidevineDash: sion_buffer g_wv_fhandle->ion_sbuffer  0x0xef246000
10-31 14:53:04.698   372   376 D DrmLibTime: got the req here! ret=0
10-31 14:53:04.698   372   376 D DrmLibTime: command id, time_cmd_id = 770
10-31 14:53:04.698   372   376 D DrmLibTime: time_getutcsec starts!
10-31 14:53:04.698   372   376 D DrmLibTime: QSEE Time Listener: time_getutcsec
10-31 14:53:04.698   372   376 D DrmLibTime: QSEE Time Listener: get_utc_seconds
10-31 14:53:04.699   372   376 D DrmLibTime: QSEE Time Listener: time_get_modem_time
10-31 14:53:04.699   372   376 D DrmLibTime: QSEE Time Listener: Checking if ATS_MODEM is set or not.
10-31 14:53:04.699   372   376 D QC-time-services: Lib:time_genoff_operation: pargs->base = 13
10-31 14:53:04.699   372   376 D QC-time-services: Lib:time_genoff_operation: pargs->operation = 2
10-31 14:53:04.699   372   376 D QC-time-services: Lib:time_genoff_operation: pargs->ts_val = 0
10-31 14:53:04.699   372   376 D QC-time-services: Lib:time_genoff_operation: Send to server  passed!!
10-31 14:53:04.699   625   647 D QC-time-services: Daemon: Connection accepted:time_genoff
10-31 14:53:04.700   625 30421 D QC-time-services: Daemon:Received base = 13, unit = 1, operation = 2,value = 0
10-31 14:53:04.700   625 30421 D QC-time-services: Daemon:genoff_opr: Base = 13, val = 0, operation = 2
10-31 14:53:04.700   625 30421 D QC-time-services: offset is: 0 for base: 13
10-31 14:53:04.700   372   376 E QC-time-services: Receive Passed == base = 13, unit = 1, operation = 2, result = 0
10-31 14:53:04.700   372   376 D DrmLibTime: QSEE Time Listener: ATS_MODEM is not set. Fallback to Android system time.
10-31 14:53:04.700   372   376 D DrmLibTime: QSEE Time Listener: Retrieved Android system time: 1667224384
10-31 14:53:04.700   372   376 D DrmLibTime: time_getutcsec returns 0, sec = 1667224384; nsec = 0
10-31 14:53:04.700   372   376 D DrmLibTime: time_getutcsec finished! 
10-31 14:53:04.700   372   376 D DrmLibTime: iotcl_continue_command finished! and return 0 
10-31 14:53:04.700   372   376 D DrmLibTime: before calling ioctl to read the next time_cmd
10-31 14:53:04.700   625   647 E QC-time-services: Daemon: Time-services: Waiting to acceptconnection
10-31 14:53:04.730   562 19051 D WVCdm   : OEMCrypto_Initialize Level 1 success. I will use level 1.
10-31 14:53:04.731   562 19051 D QSEECOMAPI: : QSEECom_dealloc_memory 
10-31 14:53:04.731   562 19051 D QSEECOMAPI: : QSEECom_shutdown_app, app_id = 2441
10-31 14:53:04.748   562   644 I WVCdm   : CdmEngine::OpenSession
10-31 14:53:04.748   562   644 I WVCdm   : Level3 Library 4445 May 19 2017 17:17:20
10-31 14:53:04.753   562   644 D QSEECOMAPI: : QSEECom_get_handle sb_length = 0x19000
10-31 14:53:04.753   562   644 D QSEECOMAPI: : App is not loaded in QSEE
10-31 14:53:04.808   562   644 D QSEECOMAPI: : Loaded image: APP id = 2442
10-31 14:53:04.812   562   644 D QSAPPSVER: qsapps_get_capabilities: Capability from secure side: 0x0
10-31 14:53:04.812   562   644 D QSAPPSVER: qsapps_get_capabilities: returns 0
10-31 14:53:04.812   562   644 E DrmWidevineDash: sion_buffer g_wv_fhandle->ion_sbuffer  0x0xef35c000
10-31 14:53:04.817   372   376 D DrmLibTime: got the req here! ret=0
10-31 14:53:04.817   372   376 D DrmLibTime: command id, time_cmd_id = 770
10-31 14:53:04.817   372   376 D DrmLibTime: time_getutcsec starts!
10-31 14:53:04.817   372   376 D DrmLibTime: QSEE Time Listener: time_getutcsec
10-31 14:53:04.817   372   376 D DrmLibTime: QSEE Time Listener: get_utc_seconds
10-31 14:53:04.817   372   376 D DrmLibTime: QSEE Time Listener: time_get_modem_time
10-31 14:53:04.817   372   376 D DrmLibTime: QSEE Time Listener: Checking if ATS_MODEM is set or not.
10-31 14:53:04.817   372   376 D QC-time-services: Lib:time_genoff_operation: pargs->base = 13
10-31 14:53:04.817   372   376 D QC-time-services: Lib:time_genoff_operation: pargs->operation = 2
10-31 14:53:04.817   372   376 D QC-time-services: Lib:time_genoff_operation: pargs->ts_val = 0
10-31 14:53:04.818   372   376 D QC-time-services: Lib:time_genoff_operation: Send to server  passed!!
10-31 14:53:04.818   625   647 D QC-time-services: Daemon: Connection accepted:time_genoff
10-31 14:53:04.818   625 30422 D QC-time-services: Daemon:Received base = 13, unit = 1, operation = 2,value = 0
10-31 14:53:04.818   625 30422 D QC-time-services: Daemon:genoff_opr: Base = 13, val = 0, operation = 2
10-31 14:53:04.818   625 30422 D QC-time-services: offset is: 0 for base: 13
10-31 14:53:04.818   372   376 E QC-time-services: Receive Passed == base = 13, unit = 1, operation = 2, result = 0
10-31 14:53:04.818   372   376 D DrmLibTime: QSEE Time Listener: ATS_MODEM is not set. Fallback to Android system time.
10-31 14:53:04.818   372   376 D DrmLibTime: QSEE Time Listener: Retrieved Android system time: 1667224384
10-31 14:53:04.818   372   376 D DrmLibTime: time_getutcsec returns 0, sec = 1667224384; nsec = 0
10-31 14:53:04.818   372   376 D DrmLibTime: time_getutcsec finished! 
10-31 14:53:04.818   372   376 D DrmLibTime: iotcl_continue_command finished! and return 0 
10-31 14:53:04.818   372   376 D DrmLibTime: before calling ioctl to read the next time_cmd
10-31 14:53:04.819   625   647 E QC-time-services: Daemon: Time-services: Waiting to acceptconnection
10-31 14:53:04.857   562   644 D WVCdm   : OEMCrypto_Initialize Level 1 success. I will use level 1.
10-31 14:53:04.857   562   644 D WVCdm   : CryptoSession::Open: Lock: requested_security_level: Default
10-31 14:53:04.864   562   644 W WVCdm   : DeviceFiles::RetrieveHashedFile: /data/mediadrm/IDM1013/L1/cert.bin does not exist
10-31 14:53:04.866   562   644 D QSEECOMAPI: : QSEECom_dealloc_memory 
10-31 14:53:04.866   562   644 D QSEECOMAPI: : QSEECom_shutdown_app, app_id = 2442
10-31 14:53:04.879   562  5487 I WVCdm   : Level3 Library 4445 May 19 2017 17:17:20
10-31 14:53:04.887   562  5487 D QSEECOMAPI: : QSEECom_get_handle sb_length = 0x19000
10-31 14:53:04.887   562  5487 D QSEECOMAPI: : App is not loaded in QSEE
10-31 14:53:04.934   562  5487 D QSEECOMAPI: : Loaded image: APP id = 2443
10-31 14:53:04.937   562  5487 D QSAPPSVER: qsapps_get_capabilities: Capability from secure side: 0x0
10-31 14:53:04.937   562  5487 D QSAPPSVER: qsapps_get_capabilities: returns 0
10-31 14:53:04.937   562  5487 E DrmWidevineDash: sion_buffer g_wv_fhandle->ion_sbuffer  0x0xef366000
10-31 14:53:04.941   372   376 D DrmLibTime: got the req here! ret=0
10-31 14:53:04.941   372   376 D DrmLibTime: command id, time_cmd_id = 770
10-31 14:53:04.941   372   376 D DrmLibTime: time_getutcsec starts!
10-31 14:53:04.941   372   376 D DrmLibTime: QSEE Time Listener: time_getutcsec
10-31 14:53:04.941   372   376 D DrmLibTime: QSEE Time Listener: get_utc_seconds
10-31 14:53:04.941   372   376 D DrmLibTime: QSEE Time Listener: time_get_modem_time
10-31 14:53:04.941   372   376 D DrmLibTime: QSEE Time Listener: Checking if ATS_MODEM is set or not.
10-31 14:53:04.941   372   376 D QC-time-services: Lib:time_genoff_operation: pargs->base = 13
10-31 14:53:04.941   372   376 D QC-time-services: Lib:time_genoff_operation: pargs->operation = 2
10-31 14:53:04.941   372   376 D QC-time-services: Lib:time_genoff_operation: pargs->ts_val = 0
10-31 14:53:04.941   372   376 D QC-time-services: Lib:time_genoff_operation: Send to server  passed!!
10-31 14:53:04.941   625   647 D QC-time-services: Daemon: Connection accepted:time_genoff
10-31 14:53:04.942   625 30423 D QC-time-services: Daemon:Received base = 13, unit = 1, operation = 2,value = 0
10-31 14:53:04.942   625 30423 D QC-time-services: Daemon:genoff_opr: Base = 13, val = 0, operation = 2
10-31 14:53:04.942   625 30423 D QC-time-services: offset is: 0 for base: 13
10-31 14:53:04.942   372   376 E QC-time-services: Receive Passed == base = 13, unit = 1, operation = 2, result = 0
10-31 14:53:04.942   372   376 D DrmLibTime: QSEE Time Listener: ATS_MODEM is not set. Fallback to Android system time.
10-31 14:53:04.942   372   376 D DrmLibTime: QSEE Time Listener: Retrieved Android system time: 1667224384
10-31 14:53:04.942   372   376 D DrmLibTime: time_getutcsec returns 0, sec = 1667224384; nsec = 0
10-31 14:53:04.942   372   376 D DrmLibTime: time_getutcsec finished! 
10-31 14:53:04.942   372   376 D DrmLibTime: iotcl_continue_command finished! and return 0 
10-31 14:53:04.942   372   376 D DrmLibTime: before calling ioctl to read the next time_cmd
10-31 14:53:04.942   625   647 E QC-time-services: Daemon: Time-services: Waiting to acceptconnection
10-31 14:53:04.976   562  5487 D WVCdm   : OEMCrypto_Initialize Level 1 success. I will use level 1.
10-31 14:53:04.976   562  5487 D WVCdm   : CryptoSession::Open: Lock: requested_security_level: Default
10-31 14:53:05.072   562  5487 E DrmWidevineDash: OEMCrypto_GenerateSignature : input wrapped_rsa_key == NULL!, return short buffer
10-31 14:53:05.075 29511 29511 I cr_media: Provisioning origin ID 159DC2BDDCD314BD29188F71BA7DC8A4
10-31 14:53:05.140   562 19051 E DrmWidevineDash: OEMCrypto_RewrapDeviceRSAKey : input wrapped_rsa_key == NULL!, return short buffer
10-31 14:53:05.157   562 19051 D QSEECOMAPI: : QSEECom_dealloc_memory 
10-31 14:53:05.157   562 19051 D QSEECOMAPI: : QSEECom_shutdown_app, app_id = 2443
10-31 14:53:05.173 29511 29511 I cr_media: Create MediaDrmBridge with level L3 and origin 02F4A412F4131FAD8CE50A8F69AE819B
10-31 14:53:05.175   361   361 W /system/bin/hwservicemanager: getTransportFromManifest: Cannot find entry android.hardware.drm@1.0::IDrmFactory in either framework or device manifest, using default transport.
10-31 14:53:05.235   562 28303 I DrmHal  : makeDrmFactories: using default drm instance
10-31 14:53:05.237   361   361 W /system/bin/hwservicemanager: getTransportFromManifest: Cannot find entry android.hardware.drm@1.0::IDrmFactory in either framework or device manifest, using default transport.
10-31 14:53:05.297   562   562 I DrmHal  : makeDrmFactories: using default drm instance
10-31 14:53:05.297   562  5487 D WVCdm   : Instantiating CDM.
10-31 14:53:05.299   562   562 I WVCdm   : CdmEngine::QueryStatus
10-31 14:53:05.299   562   562 I WVCdm   : Level3 Library 4445 May 19 2017 17:17:20
10-31 14:53:05.304   562   562 D QSEECOMAPI: : QSEECom_get_handle sb_length = 0x19000
10-31 14:53:05.304   562   562 D QSEECOMAPI: : App is not loaded in QSEE
10-31 14:53:05.355   562   562 D QSEECOMAPI: : Loaded image: APP id = 2444
10-31 14:53:05.359   562   562 D QSAPPSVER: qsapps_get_capabilities: Capability from secure side: 0x0
10-31 14:53:05.360   562   562 D QSAPPSVER: qsapps_get_capabilities: returns 0
10-31 14:53:05.360   562   562 E DrmWidevineDash: sion_buffer g_wv_fhandle->ion_sbuffer  0x0xef341000
10-31 14:53:05.365   372   376 D DrmLibTime: got the req here! ret=0
10-31 14:53:05.365   372   376 D DrmLibTime: command id, time_cmd_id = 770
10-31 14:53:05.365   372   376 D DrmLibTime: time_getutcsec starts!
10-31 14:53:05.365   372   376 D DrmLibTime: QSEE Time Listener: time_getutcsec
10-31 14:53:05.365   372   376 D DrmLibTime: QSEE Time Listener: get_utc_seconds
10-31 14:53:05.365   372   376 D DrmLibTime: QSEE Time Listener: time_get_modem_time
10-31 14:53:05.365   372   376 D DrmLibTime: QSEE Time Listener: Checking if ATS_MODEM is set or not.
10-31 14:53:05.365   372   376 D QC-time-services: Lib:time_genoff_operation: pargs->base = 13
10-31 14:53:05.365   372   376 D QC-time-services: Lib:time_genoff_operation: pargs->operation = 2
10-31 14:53:05.365   372   376 D QC-time-services: Lib:time_genoff_operation: pargs->ts_val = 0
10-31 14:53:05.365   372   376 D QC-time-services: Lib:time_genoff_operation: Send to server  passed!!
10-31 14:53:05.365   625   647 D QC-time-services: Daemon: Connection accepted:time_genoff
10-31 14:53:05.366   625 30428 D QC-time-services: Daemon:Received base = 13, unit = 1, operation = 2,value = 0
10-31 14:53:05.366   625 30428 D QC-time-services: Daemon:genoff_opr: Base = 13, val = 0, operation = 2
10-31 14:53:05.366   625 30428 D QC-time-services: offset is: 0 for base: 13
10-31 14:53:05.366   372   376 E QC-time-services: Receive Passed == base = 13, unit = 1, operation = 2, result = 0
10-31 14:53:05.366   372   376 D DrmLibTime: QSEE Time Listener: ATS_MODEM is not set. Fallback to Android system time.
10-31 14:53:05.366   372   376 D DrmLibTime: QSEE Time Listener: Retrieved Android system time: 1667224385
10-31 14:53:05.366   372   376 D DrmLibTime: time_getutcsec returns 0, sec = 1667224385; nsec = 0
10-31 14:53:05.366   372   376 D DrmLibTime: time_getutcsec finished! 
10-31 14:53:05.366   372   376 D DrmLibTime: iotcl_continue_command finished! and return 0 
10-31 14:53:05.366   372   376 D DrmLibTime: before calling ioctl to read the next time_cmd
10-31 14:53:05.367   625   647 E QC-time-services: Daemon: Time-services: Waiting to acceptconnection
10-31 14:53:05.413   562   562 D WVCdm   : OEMCrypto_Initialize Level 1 success. I will use level 1.
10-31 14:53:05.414   562   562 D QSEECOMAPI: : QSEECom_dealloc_memory 
10-31 14:53:05.414   562   562 D QSEECOMAPI: : QSEECom_shutdown_app, app_id = 2444
10-31 14:53:05.428   562 19051 I WVCdm   : CdmEngine::OpenSession
10-31 14:53:05.429   562 19051 I WVCdm   : Level3 Library 4445 May 19 2017 17:17:20
10-31 14:53:05.432   562 19051 D QSEECOMAPI: : QSEECom_get_handle sb_length = 0x19000
10-31 14:53:05.433   562 19051 D QSEECOMAPI: : App is not loaded in QSEE
10-31 14:53:05.487   562 19051 D QSEECOMAPI: : Loaded image: APP id = 2445
10-31 14:53:05.492   562 19051 D QSAPPSVER: qsapps_get_capabilities: Capability from secure side: 0x0
10-31 14:53:05.492   562 19051 D QSAPPSVER: qsapps_get_capabilities: returns 0
10-31 14:53:05.492   562 19051 E DrmWidevineDash: sion_buffer g_wv_fhandle->ion_sbuffer  0x0xef341000
10-31 14:53:05.494   372   376 D DrmLibTime: got the req here! ret=0
10-31 14:53:05.494   372   376 D DrmLibTime: command id, time_cmd_id = 770
10-31 14:53:05.494   372   376 D DrmLibTime: time_getutcsec starts!
10-31 14:53:05.494   372   376 D DrmLibTime: QSEE Time Listener: time_getutcsec
10-31 14:53:05.494   372   376 D DrmLibTime: QSEE Time Listener: get_utc_seconds
10-31 14:53:05.494   372   376 D DrmLibTime: QSEE Time Listener: time_get_modem_time
10-31 14:53:05.494   372   376 D DrmLibTime: QSEE Time Listener: Checking if ATS_MODEM is set or not.
10-31 14:53:05.494   372   376 D QC-time-services: Lib:time_genoff_operation: pargs->base = 13
10-31 14:53:05.494   372   376 D QC-time-services: Lib:time_genoff_operation: pargs->operation = 2
10-31 14:53:05.494   372   376 D QC-time-services: Lib:time_genoff_operation: pargs->ts_val = 0
10-31 14:53:05.494   372   376 D QC-time-services: Lib:time_genoff_operation: Send to server  passed!!
10-31 14:53:05.495   625   647 D QC-time-services: Daemon: Connection accepted:time_genoff
10-31 14:53:05.495   625 30429 D QC-time-services: Daemon:Received base = 13, unit = 1, operation = 2,value = 0
10-31 14:53:05.495   625 30429 D QC-time-services: Daemon:genoff_opr: Base = 13, val = 0, operation = 2
10-31 14:53:05.495   625 30429 D QC-time-services: offset is: 0 for base: 13
10-31 14:53:05.495   372   376 E QC-time-services: Receive Passed == base = 13, unit = 1, operation = 2, result = 0
10-31 14:53:05.495   372   376 D DrmLibTime: QSEE Time Listener: ATS_MODEM is not set. Fallback to Android system time.
10-31 14:53:05.495   372   376 D DrmLibTime: QSEE Time Listener: Retrieved Android system time: 1667224385
10-31 14:53:05.495   372   376 D DrmLibTime: time_getutcsec returns 0, sec = 1667224385; nsec = 0
10-31 14:53:05.495   372   376 D DrmLibTime: time_getutcsec finished! 
10-31 14:53:05.495   372   376 D DrmLibTime: iotcl_continue_command finished! and return 0 
10-31 14:53:05.495   372   376 D DrmLibTime: before calling ioctl to read the next time_cmd
10-31 14:53:05.495   625   647 E QC-time-services: Daemon: Time-services: Waiting to acceptconnection
10-31 14:53:05.520   562 19051 D WVCdm   : OEMCrypto_Initialize Level 1 success. I will use level 1.
10-31 14:53:05.520   562 19051 D WVCdm   : CryptoSession::Open: Lock: requested_security_level: L3
10-31 14:53:05.525   562 19051 W WVCdm   : DeviceFiles::RetrieveHashedFile: /data/mediadrm/IDM1013/L3/cert.bin does not exist
10-31 14:53:05.526   562 19051 D QSEECOMAPI: : QSEECom_dealloc_memory 
10-31 14:53:05.526   562 19051 D QSEECOMAPI: : QSEECom_shutdown_app, app_id = 2445
10-31 14:53:05.539   562 28303 I WVCdm   : Level3 Library 4445 May 19 2017 17:17:20
10-31 14:53:05.543   562 28303 D QSEECOMAPI: : QSEECom_get_handle sb_length = 0x19000
10-31 14:53:05.543   562 28303 D QSEECOMAPI: : App is not loaded in QSEE
10-31 14:53:05.592   562 28303 D QSEECOMAPI: : Loaded image: APP id = 2446
10-31 14:53:05.597   562 28303 D QSAPPSVER: qsapps_get_capabilities: Capability from secure side: 0x0
10-31 14:53:05.597   562 28303 D QSAPPSVER: qsapps_get_capabilities: returns 0
10-31 14:53:05.597   562 28303 E DrmWidevineDash: sion_buffer g_wv_fhandle->ion_sbuffer  0x0xef341000
10-31 14:53:05.599   372   376 D DrmLibTime: got the req here! ret=0
10-31 14:53:05.600   372   376 D DrmLibTime: command id, time_cmd_id = 770
10-31 14:53:05.600   372   376 D DrmLibTime: time_getutcsec starts!
10-31 14:53:05.600   372   376 D DrmLibTime: QSEE Time Listener: time_getutcsec
10-31 14:53:05.600   372   376 D DrmLibTime: QSEE Time Listener: get_utc_seconds
10-31 14:53:05.600   372   376 D DrmLibTime: QSEE Time Listener: time_get_modem_time
10-31 14:53:05.600   372   376 D DrmLibTime: QSEE Time Listener: Checking if ATS_MODEM is set or not.
10-31 14:53:05.600   372   376 D QC-time-services: Lib:time_genoff_operation: pargs->base = 13
10-31 14:53:05.600   372   376 D QC-time-services: Lib:time_genoff_operation: pargs->operation = 2
10-31 14:53:05.600   372   376 D QC-time-services: Lib:time_genoff_operation: pargs->ts_val = 0
10-31 14:53:05.600   372   376 D QC-time-services: Lib:time_genoff_operation: Send to server  passed!!
10-31 14:53:05.600   625   647 D QC-time-services: Daemon: Connection accepted:time_genoff
10-31 14:53:05.600   625 30430 D QC-time-services: Daemon:Received base = 13, unit = 1, operation = 2,value = 0
10-31 14:53:05.600   625 30430 D QC-time-services: Daemon:genoff_opr: Base = 13, val = 0, operation = 2
10-31 14:53:05.600   625 30430 D QC-time-services: offset is: 0 for base: 13
10-31 14:53:05.600   372   376 E QC-time-services: Receive Passed == base = 13, unit = 1, operation = 2, result = 0
10-31 14:53:05.600   372   376 D DrmLibTime: QSEE Time Listener: ATS_MODEM is not set. Fallback to Android system time.
10-31 14:53:05.600   372   376 D DrmLibTime: QSEE Time Listener: Retrieved Android system time: 1667224385
10-31 14:53:05.600   372   376 D DrmLibTime: time_getutcsec returns 0, sec = 1667224385; nsec = 0
10-31 14:53:05.600   372   376 D DrmLibTime: time_getutcsec finished! 
10-31 14:53:05.600   372   376 D DrmLibTime: iotcl_continue_command finished! and return 0 
10-31 14:53:05.600   372   376 D DrmLibTime: before calling ioctl to read the next time_cmd
10-31 14:53:05.601   625   647 E QC-time-services: Daemon: Time-services: Waiting to acceptconnection
10-31 14:53:05.637   562 28303 D WVCdm   : OEMCrypto_Initialize Level 1 success. I will use level 1.
10-31 14:53:05.637   562 28303 D WVCdm   : CryptoSession::Open: Lock: requested_security_level: L3
10-31 14:53:05.648 29511 29511 I cr_media: Provisioning origin ID 02F4A412F4131FAD8CE50A8F69AE819B
10-31 14:53:05.654 29511 29511 W MediaDrm: MediaDrm went away with unhandled events
10-31 14:53:05.654 29511 29511 I MediaDrm: Drm event (1,0)
10-31 14:53:05.655 29511 29511 E cr_media: EventListener: No session for event 1.
10-31 14:53:05.734   562   644 D QSEECOMAPI: : QSEECom_dealloc_memory 
10-31 14:53:05.734   562   644 D QSEECOMAPI: : QSEECom_shutdown_app, app_id = 2446
10-31 14:53:05.747 29511 29511 I cr_media: Create MediaDrmBridge with level L1 and origin 02F4A412F4131FAD8CE50A8F69AE819B
10-31 14:53:05.749   361   361 W /system/bin/hwservicemanager: getTransportFromManifest: Cannot find entry android.hardware.drm@1.0::IDrmFactory in either framework or device manifest, using default transport.
10-31 14:53:05.751   562  5487 I DrmHal  : makeDrmFactories: using default drm instance
10-31 14:53:05.754   361   361 W /system/bin/hwservicemanager: getTransportFromManifest: Cannot find entry android.hardware.drm@1.0::IDrmFactory in either framework or device manifest, using default transport.
10-31 14:53:05.757   562   644 I DrmHal  : makeDrmFactories: using default drm instance
10-31 14:53:05.758   562   562 I WVCdm   : CdmEngine::QueryStatus
10-31 14:53:05.759   562   562 I WVCdm   : Level3 Library 4445 May 19 2017 17:17:20
10-31 14:53:05.762   562   562 D QSEECOMAPI: : QSEECom_get_handle sb_length = 0x19000
10-31 14:53:05.763   562   562 D QSEECOMAPI: : App is not loaded in QSEE
10-31 14:53:05.816   562   562 D QSEECOMAPI: : Loaded image: APP id = 2447
10-31 14:53:05.819   562   562 D QSAPPSVER: qsapps_get_capabilities: Capability from secure side: 0x0
10-31 14:53:05.819   562   562 D QSAPPSVER: qsapps_get_capabilities: returns 0
10-31 14:53:05.819   562   562 E DrmWidevineDash: sion_buffer g_wv_fhandle->ion_sbuffer  0x0xef26e000
10-31 14:53:05.824   372   376 D DrmLibTime: got the req here! ret=0
10-31 14:53:05.824   372   376 D DrmLibTime: command id, time_cmd_id = 770
10-31 14:53:05.824   372   376 D DrmLibTime: time_getutcsec starts!
10-31 14:53:05.824   372   376 D DrmLibTime: QSEE Time Listener: time_getutcsec
10-31 14:53:05.824   372   376 D DrmLibTime: QSEE Time Listener: get_utc_seconds
10-31 14:53:05.824   372   376 D DrmLibTime: QSEE Time Listener: time_get_modem_time
10-31 14:53:05.824   372   376 D DrmLibTime: QSEE Time Listener: Checking if ATS_MODEM is set or not.
10-31 14:53:05.824   372   376 D QC-time-services: Lib:time_genoff_operation: pargs->base = 13
10-31 14:53:05.824   372   376 D QC-time-services: Lib:time_genoff_operation: pargs->operation = 2
10-31 14:53:05.824   372   376 D QC-time-services: Lib:time_genoff_operation: pargs->ts_val = 0
10-31 14:53:05.825   372   376 D QC-time-services: Lib:time_genoff_operation: Send to server  passed!!
10-31 14:53:05.825   625   647 D QC-time-services: Daemon: Connection accepted:time_genoff
10-31 14:53:05.825   625 30435 D QC-time-services: Daemon:Received base = 13, unit = 1, operation = 2,value = 0
10-31 14:53:05.825   625 30435 D QC-time-services: Daemon:genoff_opr: Base = 13, val = 0, operation = 2
10-31 14:53:05.825   625 30435 D QC-time-services: offset is: 0 for base: 13
10-31 14:53:05.825   372   376 E QC-time-services: Receive Passed == base = 13, unit = 1, operation = 2, result = 0
10-31 14:53:05.825   372   376 D DrmLibTime: QSEE Time Listener: ATS_MODEM is not set. Fallback to Android system time.
10-31 14:53:05.825   372   376 D DrmLibTime: QSEE Time Listener: Retrieved Android system time: 1667224385
10-31 14:53:05.825   372   376 D DrmLibTime: time_getutcsec returns 0, sec = 1667224385; nsec = 0
10-31 14:53:05.825   372   376 D DrmLibTime: time_getutcsec finished! 
10-31 14:53:05.825   372   376 D DrmLibTime: iotcl_continue_command finished! and return 0 
10-31 14:53:05.825   372   376 D DrmLibTime: before calling ioctl to read the next time_cmd
10-31 14:53:05.825   625   647 E QC-time-services: Daemon: Time-services: Waiting to acceptconnection
10-31 14:53:05.859   562   562 D WVCdm   : OEMCrypto_Initialize Level 1 success. I will use level 1.
10-31 14:53:05.861   562   562 D QSEECOMAPI: : QSEECom_dealloc_memory 
10-31 14:53:05.861   562   562 D QSEECOMAPI: : QSEECom_shutdown_app, app_id = 2447
10-31 14:53:05.877   562   644 I WVCdm   : CdmEngine::OpenSession
10-31 14:53:05.878   562   644 I WVCdm   : Level3 Library 4445 May 19 2017 17:17:20
10-31 14:53:05.881   562   644 D QSEECOMAPI: : QSEECom_get_handle sb_length = 0x19000
10-31 14:53:05.881   562   644 D QSEECOMAPI: : App is not loaded in QSEE
10-31 14:53:05.925   562   644 D QSEECOMAPI: : Loaded image: APP id = 2448
10-31 14:53:05.928   562   644 D QSAPPSVER: qsapps_get_capabilities: Capability from secure side: 0x0
10-31 14:53:05.928   562   644 D QSAPPSVER: qsapps_get_capabilities: returns 0
10-31 14:53:05.928   562   644 E DrmWidevineDash: sion_buffer g_wv_fhandle->ion_sbuffer  0x0xef355000
10-31 14:53:05.930   372   376 D DrmLibTime: got the req here! ret=0
10-31 14:53:05.930   372   376 D DrmLibTime: command id, time_cmd_id = 770
10-31 14:53:05.930   372   376 D DrmLibTime: time_getutcsec starts!
10-31 14:53:05.931   372   376 D DrmLibTime: QSEE Time Listener: time_getutcsec
10-31 14:53:05.931   372   376 D DrmLibTime: QSEE Time Listener: get_utc_seconds
10-31 14:53:05.931   372   376 D DrmLibTime: QSEE Time Listener: time_get_modem_time
10-31 14:53:05.931   372   376 D DrmLibTime: QSEE Time Listener: Checking if ATS_MODEM is set or not.
10-31 14:53:05.931   372   376 D QC-time-services: Lib:time_genoff_operation: pargs->base = 13
10-31 14:53:05.931   372   376 D QC-time-services: Lib:time_genoff_operation: pargs->operation = 2
10-31 14:53:05.931   372   376 D QC-time-services: Lib:time_genoff_operation: pargs->ts_val = 0
10-31 14:53:05.931   372   376 D QC-time-services: Lib:time_genoff_operation: Send to server  passed!!
10-31 14:53:05.931   625   647 D QC-time-services: Daemon: Connection accepted:time_genoff
10-31 14:53:05.931   625 30436 D QC-time-services: Daemon:Received base = 13, unit = 1, operation = 2,value = 0
10-31 14:53:05.931   625 30436 D QC-time-services: Daemon:genoff_opr: Base = 13, val = 0, operation = 2
10-31 14:53:05.931   625 30436 D QC-time-services: offset is: 0 for base: 13
10-31 14:53:05.931   372   376 E QC-time-services: Receive Passed == base = 13, unit = 1, operation = 2, result = 0
10-31 14:53:05.931   372   376 D DrmLibTime: QSEE Time Listener: ATS_MODEM is not set. Fallback to Android system time.
10-31 14:53:05.931   372   376 D DrmLibTime: QSEE Time Listener: Retrieved Android system time: 1667224385
10-31 14:53:05.931   372   376 D DrmLibTime: time_getutcsec returns 0, sec = 1667224385; nsec = 0
10-31 14:53:05.931   372   376 D DrmLibTime: time_getutcsec finished! 
10-31 14:53:05.931   372   376 D DrmLibTime: iotcl_continue_command finished! and return 0 
10-31 14:53:05.931   372   376 D DrmLibTime: before calling ioctl to read the next time_cmd
10-31 14:53:05.932   625   647 E QC-time-services: Daemon: Time-services: Waiting to acceptconnection
10-31 14:53:05.954   562   644 D WVCdm   : OEMCrypto_Initialize Level 1 success. I will use level 1.
10-31 14:53:05.955   562   644 D WVCdm   : CryptoSession::Open: Lock: requested_security_level: Default
10-31 14:53:05.957   562   644 W WVCdm   : DeviceFiles::RetrieveHashedFile: /data/mediadrm/IDM1013/L1/cert.bin does not exist
10-31 14:53:05.958   562   644 D QSEECOMAPI: : QSEECom_dealloc_memory 
10-31 14:53:05.958   562   644 D QSEECOMAPI: : QSEECom_shutdown_app, app_id = 2448
10-31 14:53:05.967   562 28303 I WVCdm   : Level3 Library 4445 May 19 2017 17:17:20
10-31 14:53:05.970   562 28303 D QSEECOMAPI: : QSEECom_get_handle sb_length = 0x19000
10-31 14:53:05.970   562 28303 D QSEECOMAPI: : App is not loaded in QSEE
10-31 14:53:06.024   562 28303 D QSEECOMAPI: : Loaded image: APP id = 2449
10-31 14:53:06.028   562 28303 D QSAPPSVER: qsapps_get_capabilities: Capability from secure side: 0x0
10-31 14:53:06.028   562 28303 D QSAPPSVER: qsapps_get_capabilities: returns 0
10-31 14:53:06.028   562 28303 E DrmWidevineDash: sion_buffer g_wv_fhandle->ion_sbuffer  0x0xef35f000
10-31 14:53:06.031   372   376 D DrmLibTime: got the req here! ret=0
10-31 14:53:06.031   372   376 D DrmLibTime: command id, time_cmd_id = 770
10-31 14:53:06.031   372   376 D DrmLibTime: time_getutcsec starts!
10-31 14:53:06.031   372   376 D DrmLibTime: QSEE Time Listener: time_getutcsec
10-31 14:53:06.031   372   376 D DrmLibTime: QSEE Time Listener: get_utc_seconds
10-31 14:53:06.031   372   376 D DrmLibTime: QSEE Time Listener: time_get_modem_time
10-31 14:53:06.031   372   376 D DrmLibTime: QSEE Time Listener: Checking if ATS_MODEM is set or not.
10-31 14:53:06.031   372   376 D QC-time-services: Lib:time_genoff_operation: pargs->base = 13
10-31 14:53:06.031   372   376 D QC-time-services: Lib:time_genoff_operation: pargs->operation = 2
10-31 14:53:06.031   372   376 D QC-time-services: Lib:time_genoff_operation: pargs->ts_val = 0
10-31 14:53:06.031   372   376 D QC-time-services: Lib:time_genoff_operation: Send to server  passed!!
