10-31 14:53:06.031   625   647 D QC-time-services: Daemon: Connection accepted:time_genoff
10-31 14:53:06.032   625 30437 D QC-time-services: Daemon:Received base = 13, unit = 1, operation = 2,value = 0
10-31 14:53:06.032   625 30437 D QC-time-services: Daemon:genoff_opr: Base = 13, val = 0, operation = 2
10-31 14:53:06.032   625 30437 D QC-time-services: offset is: 0 for base: 13
10-31 14:53:06.032   372   376 E QC-time-services: Receive Passed == base = 13, unit = 1, operation = 2, result = 0
10-31 14:53:06.032   372   376 D DrmLibTime: QSEE Time Listener: ATS_MODEM is not set. Fallback to Android system time.
10-31 14:53:06.032   372   376 D DrmLibTime: QSEE Time Listener: Retrieved Android system time: 1667224386
10-31 14:53:06.032   372   376 D DrmLibTime: time_getutcsec returns 0, sec = 1667224386; nsec = 0
10-31 14:53:06.032   372   376 D DrmLibTime: time_getutcsec finished! 
10-31 14:53:06.032   372   376 D DrmLibTime: iotcl_continue_command finished! and return 0 
10-31 14:53:06.032   372   376 D DrmLibTime: before calling ioctl to read the next time_cmd
10-31 14:53:06.032   625   647 E QC-time-services: Daemon: Time-services: Waiting to acceptconnection
10-31 14:53:06.058   562 28303 D WVCdm   : OEMCrypto_Initialize Level 1 success. I will use level 1.
10-31 14:53:06.058   562 28303 D WVCdm   : CryptoSession::Open: Lock: requested_security_level: Default
10-31 14:53:06.135   562 28303 E DrmWidevineDash: OEMCrypto_GenerateSignature : input wrapped_rsa_key == NULL!, return short buffer
10-31 14:53:06.137 29511 29511 I cr_media: Provisioning origin ID 02F4A412F4131FAD8CE50A8F69AE819B
10-31 14:53:06.150 29511 29511 I MediaDrm: Drm event (1,0)
10-31 14:53:06.150 29511 29511 E cr_media: EventListener: No session for event 1.
10-31 14:53:06.181 30438 30438 E /system/bin/webview_zygote32: failed to make and chown /acct/uid_99300: Permission denied
10-31 14:53:06.181 30438 30438 E Zygote  : createProcessGroup(99300, 0) failed: Permission denied
10-31 14:53:06.185   772  3041 I ActivityManager: Start proc 30438:com.android.chrome:sandboxed_process30/u0i300 for webview_service com.android.chrome/org.chromium.content.app.SandboxedProcessService30
10-31 14:53:06.198   562 19051 E DrmWidevineDash: OEMCrypto_RewrapDeviceRSAKey : input wrapped_rsa_key == NULL!, return short buffer
10-31 14:53:06.218   562 19051 D QSEECOMAPI: : QSEECom_dealloc_memory 
10-31 14:53:06.218   562 19051 D QSEECOMAPI: : QSEECom_shutdown_app, app_id = 2449
10-31 14:53:06.241 30438 30438 I SamplingProfilerIntegration: Profiling disabled.
10-31 14:53:06.261 30451 30451 E asset   : setgid: Operation not permitted
10-31 14:53:06.286 30438 30438 I cr_SplitCompatApp: Launched version=106.0.5249.79 minSdkVersion=24 isBundle=true processName=com.android.chrome:sandboxed_process30 isIsolated=true
10-31 14:53:06.291 30438 30438 W SystemServiceRegistry: No service published for: uimode
10-31 14:53:06.297 30438 30438 I cr_ChildProcessService: Creating new ChildProcessService pid=30438
10-31 14:53:06.305 30438 30438 E WebViewFactory: can't load with relro file; address space not reserved
10-31 14:53:06.315 30438 30452 I cr_LibraryLoader: Successfully loaded native library
10-31 14:53:06.316 30438 30452 I cr_CachingUmaRecorder: Flushed 3 samples from 3 histograms.
10-31 14:53:06.372 30456 30456 W ThreadPoolForeg: type=1400 audit(0.0:15271): avc: denied { setattr } for name="LICENSE.txt" dev="dm-2" ino=1504959 scontext=u:r:isolated_app:s0:c512,c768 tcontext=u:object_r:app_data_file:s0:c512,c768 tclass=file permissive=0
10-31 14:53:06.379 30456 30456 W ThreadPoolForeg: type=1400 audit(0.0:15272): avc: denied { setattr } for name=46696C746572696E672052756C6573 dev="dm-2" ino=1504960 scontext=u:r:isolated_app:s0:c512,c768 tcontext=u:object_r:app_data_file:s0:c512,c768 tclass=file permissive=0
10-31 14:53:06.382 30456 30456 W ThreadPoolForeg: type=1400 audit(0.0:15273): avc: denied { setattr } for name="manifest.json" dev="dm-2" ino=1504961 scontext=u:r:isolated_app:s0:c512,c768 tcontext=u:object_r:app_data_file:s0:c512,c768 tclass=file permissive=0
10-31 14:53:06.389 30456 30456 W ThreadPoolForeg: type=1400 audit(0.0:15274): avc: denied { setattr } for name="verified_contents.json" dev="dm-2" ino=1504963 scontext=u:r:isolated_app:s0:c512,c768 tcontext=u:object_r:app_data_file:s0:c512,c768 tclass=file permissive=0
10-31 14:53:06.398 30438 30452 I chromium: [INFO:child_process_service.cc(69)] ChildProcessService: Exiting child process.
10-31 14:53:06.401   422   422 E lowmemorykiller: Error writing /proc/30438/oom_score_adj; errno=22
10-31 14:53:06.401   772  4539 I ActivityManager: Killing 30438:com.android.chrome:sandboxed_process30/u0a60i300 (adj 0): isolated not needed
10-31 14:53:06.402   772   790 W zygote64: failed to open /acct/uid_99300/pid_30438/cgroup.procs: No such file or directory
10-31 14:53:06.428 29511 29511 W chromium: [WARNING:compositor_view.cc(342)] Child process died (type=6) pid=30438)
10-31 14:53:06.517 29511 29511 I cr_tabmodel: Appending tabs being restored to metadata lists, 0, startingNormalCount: 2, startingIncognitoCount: 0
10-31 14:53:06.517 29511 29511 I cr_tabmodel: Serializing tab lists; counts: 2, 0
10-31 14:53:07.683 30459 30459 E /system/bin/webview_zygote32: failed to make and chown /acct/uid_99301: Permission denied
10-31 14:53:07.683 30459 30459 E Zygote  : createProcessGroup(99301, 0) failed: Permission denied
10-31 14:53:07.685   772   785 I ActivityManager: Start proc 30459:com.android.chrome:sandboxed_process31/u0i301 for webview_service com.android.chrome/org.chromium.content.app.SandboxedProcessService31
10-31 14:53:07.704 30459 30459 I SamplingProfilerIntegration: Profiling disabled.
10-31 14:53:07.725 30472 30472 E asset   : setgid: Operation not permitted
10-31 14:53:07.758 30459 30459 I cr_SplitCompatApp: Launched version=106.0.5249.79 minSdkVersion=24 isBundle=true processName=com.android.chrome:sandboxed_process31 isIsolated=true
10-31 14:53:07.767 30459 30459 W SystemServiceRegistry: No service published for: uimode
10-31 14:53:07.777 30459 30459 I cr_ChildProcessService: Creating new ChildProcessService pid=30459
10-31 14:53:07.788 30459 30459 E WebViewFactory: can't load with relro file; address space not reserved
10-31 14:53:07.800 30459 30474 I cr_LibraryLoader: Successfully loaded native library
10-31 14:53:07.801 30459 30474 I cr_CachingUmaRecorder: Flushed 3 samples from 3 histograms.
10-31 14:53:07.885 30478 30478 W ThreadPoolForeg: type=1400 audit(0.0:15275): avc: denied { setattr } for name="tl_en-us_2022-10-24_484508980_100000_index.bin" dev="dm-2" ino=1504974 scontext=u:r:isolated_app:s0:c512,c768 tcontext=u:object_r:app_data_file:s0:c512,c768 tclass=file permissive=0
10-31 14:53:07.889 30478 30478 W ThreadPoolForeg: type=1400 audit(0.0:15276): avc: denied { setattr } for name="manifest.json" dev="dm-2" ino=1504975 scontext=u:r:isolated_app:s0:c512,c768 tcontext=u:object_r:app_data_file:s0:c512,c768 tclass=file permissive=0
10-31 14:53:07.902 30478 30478 W ThreadPoolForeg: type=1400 audit(0.0:15277): avc: denied { setattr } for name="verified_contents.json" dev="dm-2" ino=1504977 scontext=u:r:isolated_app:s0:c512,c768 tcontext=u:object_r:app_data_file:s0:c512,c768 tclass=file permissive=0
10-31 14:53:07.912 30459 30474 I chromium: [INFO:child_process_service.cc(69)] ChildProcessService: Exiting child process.
10-31 14:53:07.915   422   422 E lowmemorykiller: Error writing /proc/30459/oom_score_adj; errno=22
10-31 14:53:07.916   772   785 I ActivityManager: Killing 30459:com.android.chrome:sandboxed_process31/u0a60i301 (adj 0): isolated not needed
10-31 14:53:07.916   772   790 W zygote64: failed to open /acct/uid_99301/pid_30459/cgroup.procs: No such file or directory
10-31 14:53:07.929 29511 29511 W chromium: [WARNING:compositor_view.cc(342)] Child process died (type=6) pid=30459)
10-31 14:53:09.588 30481 30481 E /system/bin/webview_zygote32: failed to make and chown /acct/uid_99302: Permission denied
10-31 14:53:09.588 30481 30481 E Zygote  : createProcessGroup(99302, 0) failed: Permission denied
10-31 14:53:09.595   772 10894 I ActivityManager: Start proc 30481:com.android.chrome:sandboxed_process32/u0i302 for webview_service com.android.chrome/org.chromium.content.app.SandboxedProcessService32
10-31 14:53:09.656 30481 30481 I SamplingProfilerIntegration: Profiling disabled.
10-31 14:53:09.701 30494 30494 E asset   : setgid: Operation not permitted
10-31 14:53:09.761 30481 30481 I cr_SplitCompatApp: Launched version=106.0.5249.79 minSdkVersion=24 isBundle=true processName=com.android.chrome:sandboxed_process32 isIsolated=true
10-31 14:53:09.773 30481 30481 W SystemServiceRegistry: No service published for: uimode
10-31 14:53:09.791 30481 30481 I cr_ChildProcessService: Creating new ChildProcessService pid=30481
10-31 14:53:09.804 30481 30481 E WebViewFactory: can't load with relro file; address space not reserved
10-31 14:53:09.820 30481 30496 I cr_LibraryLoader: Successfully loaded native library
10-31 14:53:09.822 30481 30496 I cr_CachingUmaRecorder: Flushed 3 samples from 3 histograms.
10-31 14:53:09.875 30500 30500 W ThreadPoolForeg: type=1400 audit(0.0:15278): avc: denied { setattr } for name="optimization-hints.pb" dev="dm-2" ino=1504980 scontext=u:r:isolated_app:s0:c512,c768 tcontext=u:object_r:app_data_file:s0:c512,c768 tclass=file permissive=0
10-31 14:53:09.875 30500 30500 W ThreadPoolForeg: type=1400 audit(0.0:15279): avc: denied { setattr } for name="manifest.json" dev="dm-2" ino=1504981 scontext=u:r:isolated_app:s0:c512,c768 tcontext=u:object_r:app_data_file:s0:c512,c768 tclass=file permissive=0
10-31 14:53:09.882 30500 30500 W ThreadPoolForeg: type=1400 audit(0.0:15280): avc: denied { setattr } for name="verified_contents.json" dev="dm-2" ino=1504983 scontext=u:r:isolated_app:s0:c512,c768 tcontext=u:object_r:app_data_file:s0:c512,c768 tclass=file permissive=0
10-31 14:53:09.894 30481 30496 I chromium: [INFO:child_process_service.cc(69)] ChildProcessService: Exiting child process.
10-31 14:53:09.897   422   422 E lowmemorykiller: Error writing /proc/30481/oom_score_adj; errno=22
10-31 14:53:09.898   772  4540 I ActivityManager: Killing 30481:com.android.chrome:sandboxed_process32/u0a60i302 (adj 0): isolated not needed
10-31 14:53:09.900   772   790 W zygote64: failed to open /acct/uid_99302/pid_30481/cgroup.procs: No such file or directory
10-31 14:53:09.922 29511 29511 W chromium: [WARNING:compositor_view.cc(342)] Child process died (type=6) pid=30481)
10-31 14:53:12.137 30503 30503 E /system/bin/webview_zygote32: failed to make and chown /acct/uid_99303: Permission denied
10-31 14:53:12.137 30503 30503 E Zygote  : createProcessGroup(99303, 0) failed: Permission denied
10-31 14:53:12.140   772  3037 I ActivityManager: Start proc 30503:com.android.chrome:sandboxed_process33/u0i303 for webview_service com.android.chrome/org.chromium.content.app.SandboxedProcessService33
10-31 14:53:12.163 30503 30503 I SamplingProfilerIntegration: Profiling disabled.
10-31 14:53:12.189 30516 30516 E asset   : setgid: Operation not permitted
10-31 14:53:12.230 30503 30503 I cr_SplitCompatApp: Launched version=106.0.5249.79 minSdkVersion=24 isBundle=true processName=com.android.chrome:sandboxed_process33 isIsolated=true
10-31 14:53:12.239 30503 30503 W SystemServiceRegistry: No service published for: uimode
10-31 14:53:12.252 30503 30503 I cr_ChildProcessService: Creating new ChildProcessService pid=30503
10-31 14:53:12.265 30503 30503 E WebViewFactory: can't load with relro file; address space not reserved
10-31 14:53:12.277 30503 30517 I cr_LibraryLoader: Successfully loaded native library
10-31 14:53:12.278 30503 30517 I cr_CachingUmaRecorder: Flushed 3 samples from 3 histograms.
10-31 14:53:12.335 30521 30521 W ThreadPoolForeg: type=1400 audit(0.0:15281): avc: denied { setattr } for name="ssl_error_assistant.pb" dev="dm-2" ino=1504986 scontext=u:r:isolated_app:s0:c512,c768 tcontext=u:object_r:app_data_file:s0:c512,c768 tclass=file permissive=0
10-31 14:53:12.335 30521 30521 W ThreadPoolForeg: type=1400 audit(0.0:15282): avc: denied { setattr } for name="ssl_error_assistant.pb" dev="dm-2" ino=1504986 scontext=u:r:isolated_app:s0:c512,c768 tcontext=u:object_r:app_data_file:s0:c512,c768 tclass=file permissive=0
10-31 14:53:12.339 30521 30521 W ThreadPoolForeg: type=1400 audit(0.0:15283): avc: denied { setattr } for name="manifest.json" dev="dm-2" ino=1504987 scontext=u:r:isolated_app:s0:c512,c768 tcontext=u:object_r:app_data_file:s0:c512,c768 tclass=file permissive=0
10-31 14:53:12.345 30521 30521 W ThreadPoolForeg: type=1400 audit(0.0:15284): avc: denied { setattr } for name="verified_contents.json" dev="dm-2" ino=1504989 scontext=u:r:isolated_app:s0:c512,c768 tcontext=u:object_r:app_data_file:s0:c512,c768 tclass=file permissive=0
10-31 14:53:12.358 30503 30517 I chromium: [INFO:child_process_service.cc(69)] ChildProcessService: Exiting child process.
10-31 14:53:12.360   422   422 E lowmemorykiller: Error writing /proc/30503/oom_score_adj; errno=22
10-31 14:53:12.361   772 10895 I ActivityManager: Killing 30503:com.android.chrome:sandboxed_process33/u0a60i303 (adj 0): isolated not needed
10-31 14:53:12.362   772   790 W zygote64: failed to open /acct/uid_99303/pid_30503/cgroup.procs: No such file or directory
10-31 14:53:12.381 29511 29511 W chromium: [WARNING:compositor_view.cc(342)] Child process died (type=6) pid=30503)
10-31 14:53:15.114 30524 30524 E /system/bin/webview_zygote32: failed to make and chown /acct/uid_99304: Permission denied
10-31 14:53:15.114 30524 30524 E Zygote  : createProcessGroup(99304, 0) failed: Permission denied
10-31 14:53:15.118   772 10860 I ActivityManager: Start proc 30524:com.android.chrome:sandboxed_process34/u0i304 for webview_service com.android.chrome/org.chromium.content.app.SandboxedProcessService34
10-31 14:53:15.157 30524 30524 I SamplingProfilerIntegration: Profiling disabled.
10-31 14:53:15.184 30537 30537 E asset   : setgid: Operation not permitted
10-31 14:53:15.229 30524 30524 I cr_SplitCompatApp: Launched version=106.0.5249.79 minSdkVersion=24 isBundle=true processName=com.android.chrome:sandboxed_process34 isIsolated=true
10-31 14:53:15.235 30524 30524 W SystemServiceRegistry: No service published for: uimode
10-31 14:53:15.249 30524 30524 I cr_ChildProcessService: Creating new ChildProcessService pid=30524
10-31 14:53:15.260 30524 30524 E WebViewFactory: can't load with relro file; address space not reserved
10-31 14:53:15.272 30524 30539 I cr_LibraryLoader: Successfully loaded native library
10-31 14:53:15.273 30524 30539 I cr_CachingUmaRecorder: Flushed 3 samples from 3 histograms.
10-31 14:53:15.315 30543 30543 W ThreadPoolForeg: type=1400 audit(0.0:15285): avc: denied { setattr } for name="download_file_types.pb" dev="dm-2" ino=1504992 scontext=u:r:isolated_app:s0:c512,c768 tcontext=u:object_r:app_data_file:s0:c512,c768 tclass=file permissive=0
10-31 14:53:15.315 30543 30543 W ThreadPoolForeg: type=1400 audit(0.0:15286): avc: denied { setattr } for name="download_file_types.pb" dev="dm-2" ino=1504992 scontext=u:r:isolated_app:s0:c512,c768 tcontext=u:object_r:app_data_file:s0:c512,c768 tclass=file permissive=0
10-31 14:53:15.319 30543 30543 W ThreadPoolForeg: type=1400 audit(0.0:15287): avc: denied { setattr } for name="manifest.json" dev="dm-2" ino=1504993 scontext=u:r:isolated_app:s0:c512,c768 tcontext=u:object_r:app_data_file:s0:c512,c768 tclass=file permissive=0
10-31 14:53:15.325 30543 30543 W ThreadPoolForeg: type=1400 audit(0.0:15288): avc: denied { setattr } for name="verified_contents.json" dev="dm-2" ino=1504995 scontext=u:r:isolated_app:s0:c512,c768 tcontext=u:object_r:app_data_file:s0:c512,c768 tclass=file permissive=0
10-31 14:53:15.331 30524 30539 I chromium: [INFO:child_process_service.cc(69)] ChildProcessService: Exiting child process.
10-31 14:53:15.333   422   422 E lowmemorykiller: Error writing /proc/30524/oom_score_adj; errno=22
10-31 14:53:15.334   772 10860 I ActivityManager: Killing 30524:com.android.chrome:sandboxed_process34/u0a60i304 (adj 0): isolated not needed
10-31 14:53:15.335   772   790 W zygote64: failed to open /acct/uid_99304/pid_30524/cgroup.procs: No such file or directory
10-31 14:53:15.349 29511 29511 W chromium: [WARNING:compositor_view.cc(342)] Child process died (type=6) pid=30524)
10-31 14:53:17.533   772  3037 I ActivityManager: Force stopping com.android.chrome appid=10060 user=0: from pid 30556
10-31 14:53:17.533   772  3037 I ActivityManager: Killing 29580:com.android.chrome:privileged_process0/u0a60 (adj 0): stop com.android.chrome
10-31 14:53:17.534   772  3037 W ActivityManager: Scheduling restart of crashed service com.android.chrome/org.chromium.content.app.PrivilegedProcessService0 in 1000ms
10-31 14:53:17.539   772  3037 I ActivityManager: Killing 29511:com.android.chrome/u0a60 (adj 0): stop com.android.chrome
10-31 14:53:17.548 13542 13542 D BoundBrokerSvc: onUnbind: Intent { act=com.google.android.gms.auth.key.retrieval.service.START dat=chimera-action:com.google.android.gms.auth.key.retrieval.service.START cmp=com.google.android.gms/.chimera.GmsApiService }
10-31 14:53:17.551   772  3037 I ActivityManager: Killing 30067:com.android.chrome:sandboxed_process17/u0a60i287 (adj 0): isolated not needed
10-31 14:53:17.557   772  3037 W ActivityManager: Force removing ActivityRecord{25aac13 u0 com.android.chrome/com.google.android.apps.chrome.Main t788}: app died, no saved state
10-31 14:53:17.558 29549 29549 I cr_ChildProcessService: Destroying ChildProcessService pid=29549
10-31 14:53:17.560   772  3037 I WindowManager: Failed to capture screenshot of Token{abb3e50 ActivityRecord{25aac13 u0 com.android.chrome/com.google.android.apps.chrome.Main t788 f}} appWin=Window{efa2fac u0 com.android.chrome/com.google.android.apps.chrome.Main} drawState=4
10-31 14:53:17.564 27001 27001 I MemoryTrimmer: Trimming objects from memory, since app is in the background.
10-31 14:53:17.567   772  3037 I ActivityManager: Killing 29549:com.android.chrome:sandboxed_process0/u0a60i270 (adj 0): isolated not needed
10-31 14:53:17.579  1311  1311 D CarrierSvcBindHelper: No carrier app for: 0
10-31 14:53:17.596  2964  2964 D RegisteredNfcFServicesCache: Service unchanged, not updating
10-31 14:53:17.602   772  3854 D ConnectivityService: ConnectivityService NetworkRequestInfo binderDied(NetworkRequest [ LISTEN id=1926, [ Capabilities: INTERNET&NOT_RESTRICTED&TRUSTED&FOREGROUND] ], android.os.BinderProxy@f0dcb6c)
10-31 14:53:17.602   772 10894 D ConnectivityService: ConnectivityService NetworkRequestInfo binderDied(NetworkRequest [ LISTEN id=1925, [ Capabilities: INTERNET&NOT_RESTRICTED&TRUSTED&FOREGROUND] ], android.os.BinderProxy@fb10c1f)
10-31 14:53:17.604   772 13071 D ConnectivityService: ConnectivityService NetworkRequestInfo binderDied(NetworkRequest [ LISTEN id=1927, [ Capabilities: INTERNET&NOT_RESTRICTED&TRUSTED&FOREGROUND] ], android.os.BinderProxy@e62b535)
10-31 14:53:17.604   772   862 E ConnectivityService: RemoteException caught trying to send a callback msg for NetworkRequest [ LISTEN id=1926, [ Capabilities: INTERNET&NOT_RESTRICTED&TRUSTED&FOREGROUND] ]
10-31 14:53:17.605   772   862 E ConnectivityService: RemoteException caught trying to send a callback msg for NetworkRequest [ LISTEN id=1925, [ Capabilities: INTERNET&NOT_RESTRICTED&TRUSTED&FOREGROUND] ]
10-31 14:53:17.607   772   862 E ConnectivityService: RemoteException caught trying to send a callback msg for NetworkRequest [ LISTEN id=1927, [ Capabilities: INTERNET&NOT_RESTRICTED&TRUSTED&FOREGROUND] ]
10-31 14:53:17.607 13325 13387 I Adreno  : QUALCOMM build                   : 7142022, Ib5823dd10c
10-31 14:53:17.607 13325 13387 I Adreno  : Build Date                       : 06/23/17
10-31 14:53:17.607 13325 13387 I Adreno  : OpenGL ES Shader Compiler Version: EV031.18.00.00
10-31 14:53:17.607 13325 13387 I Adreno  : Local Branch                     : O11A
10-31 14:53:17.607 13325 13387 I Adreno  : Remote Branch                    : 
10-31 14:53:17.607 13325 13387 I Adreno  : Remote Branch                    : 
10-31 14:53:17.607 13325 13387 I Adreno  : Reconstruct Branch               : 
10-31 14:53:17.612   772   797 W ActivityManager: setHasOverlayUi called on unknown pid: 29511
10-31 14:53:17.612 13325 13387 I vndksupport: sphal namespace is not configured for this process. Loading /vendor/lib64/hw/gralloc.msm8992.so from the current namespace instead.
10-31 14:53:17.616 13325 13387 I Adreno  : PFP: 0x00000000, ME: 0x00000000
10-31 14:53:17.620 13325 13387 I OpenGLRenderer: Initialized EGL, version 1.4
10-31 14:53:17.621 13325 13387 D OpenGLRenderer: Swap behavior 2
10-31 14:53:17.634   772   790 W zygote64: failed to open /acct/uid_99287/pid_30067/cgroup.procs: No such file or directory
10-31 14:53:17.634   772   790 W zygote64: failed to open /acct/uid_99270/pid_29549/cgroup.procs: No such file or directory
10-31 14:53:17.666   772  1327 W ActivityManager: Unable to start service Intent { act=com.google.android.gms.speech.service.START pkg=com.google.android.gms } U=0: not found
10-31 14:53:17.667   772  2969 W ActivityManager: Unbind failed: could not find connection for android.os.BinderProxy@8fa792b
10-31 14:53:17.667 27001 27047 E GmsClient: unable to connect to service: com.google.android.gms.speech.service.START on com.google.android.gms
10-31 14:53:17.688 27001 27012 W SessionLifecycleManager: Handover failed. Creating new session controller.
10-31 14:53:17.692 27001 27001 I OptInState: There is a new client and it does not support opt-in. Dropping request.
10-31 14:53:17.715 27001 27001 I MicroDetectionWorker: #updateMicroDetector [detectionMode: [mDetectionMode: [1]]]
10-31 14:53:17.716 27001 27001 I MicroDetectionWorker: #startMicroDetector [speakerMode: 0]
10-31 14:53:17.727 27001 27001 I MicroDetectionWorker: onReady
10-31 14:53:17.729 27001 27191 I MicroRecognitionRunner: Starting detection.
10-31 14:53:17.730 27001 27059 I MicrophoneInputStream: mic_starting com.google.android.apps.gsa.speech.audio.af@cab0891
10-31 14:53:17.731   556  6508 W DeviceHAL: Device 0xefa2d000 open_input_stream: Invalid argument
10-31 14:53:17.732   556 30569 I AudioFlinger: AudioFlinger's thread 0xec907b40 tid=30569 ready to run
10-31 14:53:17.742 27001 27059 I MicrophoneInputStream: mic_started com.google.android.apps.gsa.speech.audio.af@cab0891
10-31 14:53:17.742   556   753 I SoundTriggerHwService::Module: onCallbackEvent no clients
10-31 14:53:17.749   556 30570 D sound_trigger_platform: platform_stdev_check_and_update_concurrency: concurrency active 0, tx 1, rx 0, concurrency session_allowed 0
10-31 14:53:17.749   556 30570 D audio_hw_primary: enable_snd_device: snd_device(72: voice-rec-mic)
10-31 14:53:17.755   556 30570 D audio_hw_primary: enable_audio_route: usecase(9) apply and update mixer path: audio-record
10-31 14:53:17.761   772  3086 I OpenGLRenderer: Initialized EGL, version 1.4
10-31 14:53:17.761   772  3086 D OpenGLRenderer: Swap behavior 2
10-31 14:53:17.821 27001 27001 I MicroDetectionWorker: onReady
10-31 14:53:17.973 30559 30559 D AndroidRuntime: >>>>>> START com.android.internal.os.RuntimeInit uid 2000 <<<<<<
10-31 14:53:18.099 30559 30559 D AndroidRuntime: Calling main entry com.android.commands.pm.Pm
10-31 14:53:18.111   772   996 I ActivityManager: Force stopping com.android.chrome appid=10060 user=0: clear data
10-31 14:53:18.116   772   788 I ActivityManager: Force stopping com.android.chrome appid=10060 user=-1: clearApplicationUserData
10-31 14:53:18.156 13325 13387 W OpenGLRenderer: Incorrectly called buildLayer on View: ShortcutAndWidgetContainer, destroying layer...
10-31 14:53:18.207   560   560 I keystore: clear_uid 10060
10-31 14:53:18.225  1311  1311 D CarrierSvcBindHelper: No carrier app for: 0
10-31 14:53:18.225   772   787 W ResourceType: No known package when getting value for resource number 0x7f0904db
10-31 14:53:18.225   772   787 W ResourceType: No known package when getting value for resource number 0x7f140670
10-31 14:53:18.225   772   787 W ResourceType: No known package when getting value for resource number 0x7f0904da
10-31 14:53:18.225   772   787 W ResourceType: No known package when getting value for resource number 0x7f14018b
10-31 14:53:18.225   772   787 W ResourceType: No known package when getting value for resource number 0x7f14066f
10-31 14:53:18.225   772   787 W ResourceType: No known package when getting value for resource number 0x7f140434
10-31 14:53:18.225   772   787 E ShortcutService: Ignoring excessive intent tag.
10-31 14:53:18.227 30559 30559 I app_process: System.exit called, status: 0
10-31 14:53:18.227 30559 30559 I AndroidRuntime: VM exiting with result code 0.
10-31 14:53:18.250  2964  2964 D RegisteredNfcFServicesCache: Service unchanged, not updating
10-31 14:53:18.256  3960 30586 I Fitness : FitCleanupIntentOperation received Intent android.intent.action.PACKAGE_DATA_CLEARED [CONTEXT service_id=17 ]
10-31 14:53:18.286 13542 20573 I Icing   : doRemovePackageData com.android.chrome
10-31 14:53:18.287 13542 20573 I Icing   : Removing corpus key com.android.chrome-omnibox for package com.android.chrome
10-31 14:53:18.317 13542 20573 I native  : I0000 00:00:1667224398.317338   20573 flash-index.cc:1535] Flash index sort hb 29 prefix-hits 61 -> 54 at 23.466ms
10-31 14:53:18.357 13542 20573 I Icing   : Removing corpus key com.android.chrome-.implicit: for package com.android.chrome
10-31 14:53:18.388 13542 20573 I Icing   : Removing corpus key com.android.chrome-internal.3p:WebPage for package com.android.chrome
10-31 14:53:18.450 13542 20573 I Icing   : Starting compaction min disk 99.985% min index 99.987%
10-31 14:53:18.535 13542 20573 I native  : I0000 00:00:1667224398.535690   20573 document-store.cc:1684] Scored 953 usage reports, missing_corpora 370 update_failed 0
10-31 14:53:18.541   772  3037 I ActivityManager: Force stopping com.android.chrome appid=10060 user=0: from pid 30609
10-31 14:53:18.545  1311  1311 D CarrierSvcBindHelper: No carrier app for: 0
10-31 14:53:18.554  2964  2964 D RegisteredNfcFServicesCache: Service unchanged, not updating
10-31 14:53:18.601 13542 20573 W native  : W0000 00:00:1667224398.601124   20573 words-map.cc:36] INVALID_ARGUMENT: Empty URI
10-31 14:53:18.601 13542 20573 W native  : W0000 00:00:1667224398.601327   20573 words-map.cc:40] WordsMap was not properly initialized
10-31 14:53:18.658 13542 20573 E native  : E0000 00:00:1667224398.658889   20573 compactor.cc:77] Could not index embedding for docid 1: INTERNAL: Unable to find Thing Proto section 
10-31 14:53:18.659 13542 20573 E native  : E0000 00:00:1667224398.659686   20573 compactor.cc:77] Could not index embedding for docid 3: INTERNAL: Unable to find Thing Proto section 
10-31 14:53:18.660 13542 20573 E native  : E0000 00:00:1667224398.660848   20573 compactor.cc:77] Could not index embedding for docid 5: INTERNAL: Unable to find Thing Proto section 
10-31 14:53:18.661 13542 20573 E native  : E0000 00:00:1667224398.661537   20573 compactor.cc:77] Could not index embedding for docid 7: INTERNAL: Unable to find Thing Proto section 
10-31 14:53:18.662 13542 20573 E native  : E0000 00:00:1667224398.662050   20573 compactor.cc:77] Could not index embedding for docid 9: INTERNAL: Unable to find Thing Proto section 
10-31 14:53:18.662 13542 20573 E native  : E0000 00:00:1667224398.662494   20573 compactor.cc:77] Could not index embedding for docid 11: INTERNAL: Unable to find Thing Proto section 
10-31 14:53:18.662 13542 20573 E native  : E0000 00:00:1667224398.662942   20573 compactor.cc:77] Could not index embedding for docid 13: INTERNAL: Unable to find Thing Proto section 
10-31 14:53:18.663 13542 20573 E native  : E0000 00:00:1667224398.663408   20573 compactor.cc:77] Could not index embedding for docid 15: INTERNAL: Unable to find Thing Proto section 
10-31 14:53:18.664 13542 20573 E native  : E0000 00:00:1667224398.663978   20573 compactor.cc:77] Could not index embedding for docid 17: INTERNAL: Unable to find Thing Proto section 
10-31 14:53:18.664 13542 20573 E native  : E0000 00:00:1667224398.664470   20573 compactor.cc:77] Could not index embedding for docid 19: INTERNAL: Unable to find Thing Proto section 
10-31 14:53:18.665 13542 20573 E native  : E0000 00:00:1667224398.665286   20573 compactor.cc:77] Could not index embedding for docid 21: INTERNAL: Unable to find Thing Proto section 
10-31 14:53:18.665 13542 20573 E native  : E0000 00:00:1667224398.665838   20573 compactor.cc:77] Could not index embedding for docid 23: INTERNAL: Unable to find Thing Proto section 
10-31 14:53:18.666 13542 20573 E native  : E0000 00:00:1667224398.666299   20573 compactor.cc:77] Could not index embedding for docid 25: INTERNAL: Unable to find Thing Proto section 
10-31 14:53:18.670 13542 20573 E native  : E0000 00:00:1667224398.670091   20573 compactor.cc:77] Could not index embedding for docid 26: INTERNAL: Unable to find Thing Proto section 
10-31 14:53:18.673 13542 20573 E native  : E0000 00:00:1667224398.673642   20573 compactor.cc:77] Could not index embedding for docid 27: INTERNAL: Unable to find Thing Proto section 
10-31 14:53:18.709 13542 20573 I native  : I0000 00:00:1667224398.709777   20573 flash-index.cc:1535] Flash index sort hb 40 prefix-hits 68 -> 67 at 18.751ms
10-31 14:53:18.743 13542 20573 W native  : W0000 00:00:1667224398.743237   20573 words-map.cc:36] INVALID_ARGUMENT: Empty URI
10-31 14:53:18.743 13542 20573 W native  : W0000 00:00:1667224398.743398   20573 words-map.cc:40] WordsMap was not properly initialized
10-31 14:53:18.795 13542 20573 I Icing   : updateResources: need to parse anue{com.android.chrome}
10-31 14:53:18.876 13542 20573 I Icing   : Indexing com.android.chrome-omnibox from com.android.chrome
10-31 14:53:18.892   772  1327 I ActivityManager: Start proc 30613:com.android.chrome/u0a60 for content provider com.android.chrome/com.google.android.apps.chrome.icing.IcingProvider
10-31 14:53:18.937 30611 30611 D AndroidRuntime: >>>>>> START com.android.internal.os.RuntimeInit uid 2000 <<<<<<
10-31 14:53:18.946 30613 30613 I cr_SplitCompatApp: Launched version=106.0.5249.79 minSdkVersion=24 isBundle=true processName=com.android.chrome isIsolated=false
10-31 14:53:19.058 30611 30611 D AndroidRuntime: Calling main entry com.android.commands.pm.Pm
10-31 14:53:19.064   772   784 I ActivityManager: Force stopping com.android.chrome appid=10060 user=0: clear data
10-31 14:53:19.065   772   784 I ActivityManager: Killing 30613:com.android.chrome/u0a60 (adj 200): stop com.android.chrome
10-31 14:53:19.066 13542 13542 I ActivityThread: Removing dead content provider:android.content.ContentProviderProxy@9bed152
10-31 14:53:19.069   772   788 I ActivityManager: Force stopping com.android.chrome appid=10060 user=-1: clearApplicationUserData
10-31 14:53:19.072   560   560 I keystore: clear_uid 10060
10-31 14:53:19.098  1311  1311 D CarrierSvcBindHelper: No carrier app for: 0
10-31 14:53:19.100 30611 30611 I app_process: System.exit called, status: 0
10-31 14:53:19.100 30611 30611 I AndroidRuntime: VM exiting with result code 0.
10-31 14:53:19.100   772   787 W ResourceType: No known package when getting value for resource number 0x7f0904db
10-31 14:53:19.100   772   787 W ResourceType: No known package when getting value for resource number 0x7f140670
10-31 14:53:19.100   772   787 W ResourceType: No known package when getting value for resource number 0x7f0904da
10-31 14:53:19.101   772   787 W ResourceType: No known package when getting value for resource number 0x7f14018b
10-31 14:53:19.101   772   787 W ResourceType: No known package when getting value for resource number 0x7f14066f
10-31 14:53:19.101   772   787 W ResourceType: No known package when getting value for resource number 0x7f140434
10-31 14:53:19.101   772   787 E ShortcutService: Ignoring excessive intent tag.
10-31 14:53:19.113  2964  2964 D RegisteredNfcFServicesCache: Service unchanged, not updating
10-31 14:53:19.115 13542 20573 E Icing   : Cursor call threw an exception: null
10-31 14:53:19.115 13542 20573 E Icing   : Indexing content provider failed; will retry 3 times
10-31 14:53:19.115 13542 20573 I Icing   : Indexing done com.android.chrome-omnibox
10-31 14:53:19.115 13542 20573 E Icing   : Aborting indexing of corpus omnibox
10-31 14:53:19.115 13542 20573 I Icing   : Retrying indexing in 300000ms
10-31 14:53:19.126  3960 30586 I Fitness : FitCleanupIntentOperation received Intent android.intent.action.PACKAGE_DATA_CLEARED [CONTEXT service_id=17 ]
10-31 14:53:19.143 13542 20573 W GmsTaskScheduler: com.google.android.gms.icing.service.IcingGcmTaskChimeraService is not available. This may cause the task to be lost.
10-31 14:53:19.154 13542 20573 I Icing   : doRemovePackageData com.android.chrome
10-31 14:53:19.154 13542 20573 I Icing   : Removing corpus key com.android.chrome-omnibox for package com.android.chrome
10-31 14:53:19.235 13542 20573 I Icing   : updateResources: need to parse anue{com.android.chrome}
10-31 14:53:19.292 13542 20573 I Icing   : Indexing com.android.chrome-omnibox from com.android.chrome
10-31 14:53:19.304   772   784 I ActivityManager: Start proc 30647:com.android.chrome/u0a60 for content provider com.android.chrome/com.google.android.apps.chrome.icing.IcingProvider
10-31 14:53:19.356 30647 30647 I cr_SplitCompatApp: Launched version=106.0.5249.79 minSdkVersion=24 isBundle=true processName=com.android.chrome isIsolated=false
10-31 14:53:19.472  3960  3972 I FontLog : Received query Google Sans, URI content://com.google.android.gms.fonts [CONTEXT service_id=132 ]
10-31 14:53:19.472  3960  3972 I FontLog : Query [Google Sans] resolved to {Google Sans, wdth 100.0, wght 400, ital 0.0, bestEffort false} [CONTEXT service_id=132 ]
10-31 14:53:19.477  3960  3972 I FontLog : Font PFD returned from cache for {Google Sans, wdth 100.0, wght 400, ital 0.0, bestEffort false} [CONTEXT service_id=132 ]
10-31 14:53:19.477  3960  3972 I FontLog : Fetch {Google Sans, wdth 100.0, wght 400, ital 0.0, bestEffort false} end status Status{statusCode=SUCCESS, resolution=null} [CONTEXT service_id=132 ]
10-31 14:53:19.550 13542 20573 I Icing   : Indexing done com.android.chrome-omnibox
10-31 14:53:19.591  3960  4245 I FontLog : Pulling font file for id = 2489, cache size = 8 [CONTEXT service_id=132 ]
10-31 14:53:19.653 30647 30666 I cr_LibraryLoader: Successfully loaded native library
10-31 14:53:19.664 30647 30666 I cr_CachingUmaRecorder: Flushed 20 samples from 19 histograms.
10-31 14:53:19.729  3960  3971 I FontLog : Received query Google Sans:500, URI content://com.google.android.gms.fonts [CONTEXT service_id=132 ]
10-31 14:53:19.729  3960  3971 I FontLog : Query [Google Sans:500] resolved to {Google Sans, wdth 100.0, wght 500, ital 0.0, bestEffort false} [CONTEXT service_id=132 ]
10-31 14:53:19.731  3960  3971 I FontLog : Font PFD returned from cache for {Google Sans, wdth 100.0, wght 500, ital 0.0, bestEffort false} [CONTEXT service_id=132 ]
10-31 14:53:19.731  3960  3971 I FontLog : Fetch {Google Sans, wdth 100.0, wght 500, ital 0.0, bestEffort false} end status Status{statusCode=SUCCESS, resolution=null} [CONTEXT service_id=132 ]
10-31 14:53:19.776  3960  3972 I FontLog : Pulling font file for id = 2490, cache size = 9 [CONTEXT service_id=132 ]
10-31 14:53:19.806  3960  4244 I FontLog : Received query Google Sans:700, URI content://com.google.android.gms.fonts [CONTEXT service_id=132 ]
10-31 14:53:19.807  3960  4244 I FontLog : Query [Google Sans:700] resolved to {Google Sans, wdth 100.0, wght 700, ital 0.0, bestEffort false} [CONTEXT service_id=132 ]
10-31 14:53:19.809  3960  4244 I FontLog : Fetch {Google Sans, wdth 100.0, wght 700, ital 0.0, bestEffort false} end status Status{statusCode=SUCCESS, resolution=null} [CONTEXT service_id=132 ]
10-31 14:53:19.819  3960  4217 I FontLog : Pulling font file for id = 2491, cache size = 8 [CONTEXT service_id=132 ]
