--------- beginning of system
10-30 14:49:17.473   772 10894 I ActivityManager: Force stopping com.android.chrome appid=10060 user=0: from pid 11074
10-30 14:49:17.473   772 10894 I ActivityManager: Killing 10889:com.android.chrome/u0a60 (adj 900): stop com.android.chrome
--------- beginning of main
10-30 14:49:17.485  1311  1311 D CarrierSvcBindHelper: No carrier app for: 0
10-30 14:49:17.500  2964  2964 D RegisteredNfcFServicesCache: Service unchanged, not updating
10-30 14:49:17.730   772 10894 I ActivityManager: START u0 {act=android.intent.action.VIEW flg=0x10008000 cmp=com.android.chrome/com.google.android.apps.chrome.Main} from uid 2000
10-30 14:49:17.741   772   830 E ResourceType: Style contains key with bad entry: 0x0101062c
10-30 14:49:17.769   772  2969 I ActivityManager: Start proc 11076:com.android.chrome/u0a60 for activity com.android.chrome/com.google.android.apps.chrome.Main
10-30 14:49:17.779   772   830 E ResourceType: Style contains key with bad entry: 0x0101062c
10-30 14:49:17.839 11076 11076 I cr_SplitCompatApp: Launched version=106.0.5249.79 minSdkVersion=24 isBundle=true processName=com.android.chrome isIsolated=false
10-30 14:49:17.884 31420 31465 I FontLog : Received query Google Sans, URI content://com.google.android.gms.fonts [CONTEXT service_id=132 ]
10-30 14:49:17.884 31420 31465 I FontLog : Query [Google Sans] resolved to {Google Sans, wdth 100.0, wght 400, ital 0.0, bestEffort false} [CONTEXT service_id=132 ]
10-30 14:49:17.886 31420 31465 I FontLog : Font PFD returned from cache for {Google Sans, wdth 100.0, wght 400, ital 0.0, bestEffort false} [CONTEXT service_id=132 ]
10-30 14:49:17.889 31420 31465 I FontLog : Fetch {Google Sans, wdth 100.0, wght 400, ital 0.0, bestEffort false} end status Status{statusCode=SUCCESS, resolution=null} [CONTEXT service_id=132 ]
10-30 14:49:17.894 31420 31431 I FontLog : Pulling font file for id = 2003, cache size = 8 [CONTEXT service_id=132 ]
10-30 14:49:17.905 31420 31501 I FontLog : Received query Google Sans:500, URI content://com.google.android.gms.fonts [CONTEXT service_id=132 ]
10-30 14:49:17.906 31420 31501 I FontLog : Query [Google Sans:500] resolved to {Google Sans, wdth 100.0, wght 500, ital 0.0, bestEffort false} [CONTEXT service_id=132 ]
10-30 14:49:17.908 31420 31501 I FontLog : Font PFD returned from cache for {Google Sans, wdth 100.0, wght 500, ital 0.0, bestEffort false} [CONTEXT service_id=132 ]
10-30 14:49:17.909 31420 31501 I FontLog : Fetch {Google Sans, wdth 100.0, wght 500, ital 0.0, bestEffort false} end status Status{statusCode=SUCCESS, resolution=null} [CONTEXT service_id=132 ]
10-30 14:49:17.912 31420  2270 I FontLog : Pulling font file for id = 2004, cache size = 9 [CONTEXT service_id=132 ]
10-30 14:49:17.920 31420 25451 I FontLog : Received query Google Sans:700, URI content://com.google.android.gms.fonts [CONTEXT service_id=132 ]
10-30 14:49:17.920 31420 25451 I FontLog : Query [Google Sans:700] resolved to {Google Sans, wdth 100.0, wght 700, ital 0.0, bestEffort false} [CONTEXT service_id=132 ]
10-30 14:49:17.921 31420 25451 I FontLog : Fetch {Google Sans, wdth 100.0, wght 700, ital 0.0, bestEffort false} end status Status{statusCode=SUCCESS, resolution=null} [CONTEXT service_id=132 ]
10-30 14:49:17.926 31420 31501 I FontLog : Pulling font file for id = 2005, cache size = 9 [CONTEXT service_id=132 ]
10-30 14:49:17.943 11076 11095 I cr_LibraryLoader: Successfully loaded native library
10-30 14:49:17.944 11076 11095 I cr_CachingUmaRecorder: Flushed 19 samples from 19 histograms.
10-30 14:49:18.000 11076 11076 E ResourceType: Style contains key with bad entry: 0x0101062c
10-30 14:49:18.031 11076 11098 W DynamiteModule: Local module descriptor class for com.google.android.gms.googlecertificates not found.
10-30 14:49:18.062 11076 11098 W zygote  : Skipping duplicate class check due to unrecognized classloader
10-30 14:49:18.066 11076 11098 I DynamiteModule: Considering local module com.google.android.gms.googlecertificates:0 and remote module com.google.android.gms.googlecertificates:7
10-30 14:49:18.066 11076 11098 I DynamiteModule: Selected remote version of com.google.android.gms.googlecertificates, version >= 7
10-30 14:49:18.077   772 10893 I ActivityManager: START u0 {cmp=com.android.chrome/org.chromium.chrome.browser.firstrun.FirstRunActivity (has extras)} from uid 10060
10-30 14:49:18.109 11076 11098 W zygote  : Skipping duplicate class check due to unrecognized classloader
10-30 14:49:18.113 11076 11076 E ResourceType: Style contains key with bad entry: 0x0101062c
10-30 14:49:18.158   772 10893 W AppOps  : Bad call: specified package com.google.android.gms under uid 10060 but it is really 10020
10-30 14:49:18.158   772 10893 W AppOps  : java.lang.RuntimeException: here
10-30 14:49:18.158   772 10893 W AppOps  : 	at com.android.server.AppOpsService.getOpsRawLocked(AppOpsService.java:1319)
10-30 14:49:18.158   772 10893 W AppOps  : 	at com.android.server.AppOpsService.checkPackage(AppOpsService.java:1038)
10-30 14:49:18.158   772 10893 W AppOps  : 	at com.android.internal.app.IAppOpsService$Stub.onTransact(IAppOpsService.java:169)
10-30 14:49:18.158   772 10893 W AppOps  : 	at android.os.Binder.execTransact(Binder.java:674)
10-30 14:49:18.159   772 10860 W AppOps  : Bad call: specified package com.google.android.gms under uid 10060 but it is really 10020
10-30 14:49:18.159   772 10860 W AppOps  : java.lang.RuntimeException: here
10-30 14:49:18.159   772 10860 W AppOps  : 	at com.android.server.AppOpsService.getOpsRawLocked(AppOpsService.java:1319)
10-30 14:49:18.159   772 10860 W AppOps  : 	at com.android.server.AppOpsService.checkPackage(AppOpsService.java:1038)
10-30 14:49:18.159   772 10860 W AppOps  : 	at com.android.internal.app.IAppOpsService$Stub.onTransact(IAppOpsService.java:169)
10-30 14:49:18.159   772 10860 W AppOps  : 	at android.os.Binder.execTransact(Binder.java:674)
10-30 14:49:18.164   772  3037 W AppOps  : Bad call: specified package com.google.android.gms under uid 10060 but it is really 10020
10-30 14:49:18.164   772  3037 W AppOps  : java.lang.RuntimeException: here
10-30 14:49:18.164   772  3037 W AppOps  : 	at com.android.server.AppOpsService.getOpsRawLocked(AppOpsService.java:1319)
10-30 14:49:18.164   772  3037 W AppOps  : 	at com.android.server.AppOpsService.checkPackage(AppOpsService.java:1038)
10-30 14:49:18.164   772  3037 W AppOps  : 	at com.android.internal.app.IAppOpsService$Stub.onTransact(IAppOpsService.java:169)
10-30 14:49:18.164   772  3037 W AppOps  : 	at android.os.Binder.execTransact(Binder.java:674)
10-30 14:49:18.166   772  1259 W AppOps  : Bad call: specified package com.google.android.gms under uid 10060 but it is really 10020
10-30 14:49:18.166   772  1259 W AppOps  : java.lang.RuntimeException: here
10-30 14:49:18.166   772  1259 W AppOps  : 	at com.android.server.AppOpsService.getOpsRawLocked(AppOpsService.java:1319)
10-30 14:49:18.166   772  1259 W AppOps  : 	at com.android.server.AppOpsService.checkPackage(AppOpsService.java:1038)
10-30 14:49:18.166   772  1259 W AppOps  : 	at com.android.internal.app.IAppOpsService$Stub.onTransact(IAppOpsService.java:169)
10-30 14:49:18.166   772  1259 W AppOps  : 	at android.os.Binder.execTransact(Binder.java:674)
10-30 14:49:18.269 31420 31461 E bfry    : Phenotype API error. Event # ddoj@92ebbf6d, EventCode: 7 [CONTEXT service_id=51 ]
10-30 14:49:18.269 31420 31461 E bfry    : bfra: 29505: No config packages for log source, or config package not registered
10-30 14:49:18.269 31420 31461 E bfry    : 	at bfst.b(:com.google.android.gms@223616019@22.36.16 (040400-476895098):4)
10-30 14:49:18.269 31420 31461 E bfry    : 	at bfsq.g(:com.google.android.gms@223616019@22.36.16 (040400-476895098):0)
10-30 14:49:18.269 31420 31461 E bfry    : 	at bfry.e(:com.google.android.gms@223616019@22.36.16 (040400-476895098):4)
10-30 14:49:18.269 31420 31461 E bfry    : 	at bfry.f(:com.google.android.gms@223616019@22.36.16 (040400-476895098):2)
10-30 14:49:18.269 31420 31461 E bfry    : 	at arjg.ep(:com.google.android.gms@223616019@22.36.16 (040400-476895098):1)
10-30 14:49:18.269 31420 31461 E bfry    : 	at arjm.run(:com.google.android.gms@223616019@22.36.16 (040400-476895098):12)
10-30 14:49:18.269 31420 31461 E bfry    : 	at cjoq.run(:com.google.android.gms@223616019@22.36.16 (040400-476895098):2)
10-30 14:49:18.269 31420 31461 E bfry    : 	at aarl.c(:com.google.android.gms@223616019@22.36.16 (040400-476895098):6)
10-30 14:49:18.269 31420 31461 E bfry    : 	at aarl.run(:com.google.android.gms@223616019@22.36.16 (040400-476895098):7)
10-30 14:49:18.269 31420 31461 E bfry    : 	at java.util.concurrent.ThreadPoolExecutor.runWorker(ThreadPoolExecutor.java:1162)
10-30 14:49:18.269 31420 31461 E bfry    : 	at java.util.concurrent.ThreadPoolExecutor$Worker.run(ThreadPoolExecutor.java:636)
10-30 14:49:18.269 31420 31461 E bfry    : 	at aaws.run(:com.google.android.gms@223616019@22.36.16 (040400-476895098):0)
10-30 14:49:18.269 31420 31461 E bfry    : 	at java.lang.Thread.run(Thread.java:764)
10-30 14:49:18.274 31420 31461 W AsyncOperation: operation=GetExperimentTokensOperationCall, opStatusCode=29505 [CONTEXT service_id=51 ]
10-30 14:49:18.274 31420 31461 W AsyncOperation: OperationException[Status{statusCode=No config packages for log source, or config package not registered, resolution=null}]
10-30 14:49:18.274 31420 31461 W AsyncOperation: 	at bfry.e(:com.google.android.gms@223616019@22.36.16 (040400-476895098):6)
10-30 14:49:18.274 31420 31461 W AsyncOperation: 	at bfry.f(:com.google.android.gms@223616019@22.36.16 (040400-476895098):2)
10-30 14:49:18.274 31420 31461 W AsyncOperation: 	at arjg.ep(:com.google.android.gms@223616019@22.36.16 (040400-476895098):1)
10-30 14:49:18.274 31420 31461 W AsyncOperation: 	at arjm.run(:com.google.android.gms@223616019@22.36.16 (040400-476895098):12)
10-30 14:49:18.274 31420 31461 W AsyncOperation: 	at cjoq.run(:com.google.android.gms@223616019@22.36.16 (040400-476895098):2)
10-30 14:49:18.274 31420 31461 W AsyncOperation: 	at aarl.c(:com.google.android.gms@223616019@22.36.16 (040400-476895098):6)
10-30 14:49:18.274 31420 31461 W AsyncOperation: 	at aarl.run(:com.google.android.gms@223616019@22.36.16 (040400-476895098):7)
10-30 14:49:18.274 31420 31461 W AsyncOperation: 	at java.util.concurrent.ThreadPoolExecutor.runWorker(ThreadPoolExecutor.java:1162)
10-30 14:49:18.274 31420 31461 W AsyncOperation: 	at java.util.concurrent.ThreadPoolExecutor$Worker.run(ThreadPoolExecutor.java:636)
10-30 14:49:18.274 31420 31461 W AsyncOperation: 	at aaws.run(:com.google.android.gms@223616019@22.36.16 (040400-476895098):0)
10-30 14:49:18.274 31420 31461 W AsyncOperation: 	at java.lang.Thread.run(Thread.java:764)
10-30 14:49:18.342 11076 11076 W ResourceType: Failure getting entry for 0x7f010055 (t=0 e=85) (error -75)
10-30 14:49:18.376 11076 11106 D OpenGLRenderer: HWUI GL Pipeline
10-30 14:49:18.401 11076 11106 I Adreno  : QUALCOMM build                   : 7142022, Ib5823dd10c
10-30 14:49:18.401 11076 11106 I Adreno  : Build Date                       : 06/23/17
10-30 14:49:18.401 11076 11106 I Adreno  : OpenGL ES Shader Compiler Version: EV031.18.00.00
10-30 14:49:18.401 11076 11106 I Adreno  : Local Branch                     : O11A
10-30 14:49:18.401 11076 11106 I Adreno  : Remote Branch                    : 
10-30 14:49:18.401 11076 11106 I Adreno  : Remote Branch                    : 
10-30 14:49:18.401 11076 11106 I Adreno  : Reconstruct Branch               : 
10-30 14:49:18.403 11076 11106 I vndksupport: sphal namespace is not configured for this process. Loading /vendor/lib/hw/gralloc.msm8992.so from the current namespace instead.
10-30 14:49:18.406 11076 11076 W RecyclerView: No adapter attached; skipping layout
10-30 14:49:18.415 11076 11076 I cr_StartSurfaceConfig: Recorded Startup.Android.FirstDrawCompletedTime.NoInstant = 147 ms
10-30 14:49:18.428 11076 11106 I Adreno  : PFP: 0x00000000, ME: 0x00000000
10-30 14:49:18.434 11076 11106 I OpenGLRenderer: Initialized EGL, version 1.4
10-30 14:49:18.434 11076 11106 D OpenGLRenderer: Swap behavior 2
10-30 14:49:18.438 11076 11093 D NetworkSecurityConfig: Using Network Security Config from resource 0_resource_name_obfuscated debugBuild: false
10-30 14:49:18.455   772   791 E BatteryStatsService: no controller energy info supplied
10-30 14:49:18.587   772   781 I zygote64: Background concurrent copying GC freed 78353(3MB) AllocSpace objects, 33(740KB) LOS objects, 42% free, 16MB/28MB, paused 353us total 101.390ms
10-30 14:49:18.728   361   361 W /system/bin/hwservicemanager: getTransportFromManifest: Cannot find entry android.hardware.graphics.mapper@2.0::IMapper in either framework or device manifest, using default transport.
10-30 14:49:18.733 11076 11106 I vndksupport: sphal namespace is not configured for this process. Loading /vendor/lib/hw/gralloc.msm8992.so from the current namespace instead.
10-30 14:49:18.769   772   797 I ActivityManager: Displayed com.android.chrome/org.chromium.chrome.browser.firstrun.FirstRunActivity: +572ms (total +1s14ms)
10-30 14:49:18.819  3042  3042 I MemoryTrimmer: Trimming objects from memory, since app is in the background.
10-30 14:49:18.822  3042 10804 V rsC++   : RS Message thread exiting.
10-30 14:49:18.836 10786 10811 I PBSessionCacheImpl: Deleted sessionId[4620876318435] from persistence.
10-30 14:49:18.849 10786 10786 I MicroDetector: Keeping mic open: false
10-30 14:49:18.850 10786 10852 I MicroRecognitionRunner: Stopping hotword detection.
10-30 14:49:18.852 10786 10809 I DeviceStateChecker: DeviceStateChecker cancelled
10-30 14:49:18.852 10786 10815 I AudioController: internalShutdown
10-30 14:49:18.852 10786 10815 I MicrophoneInputStream: mic_close com.google.android.apps.gsa.speech.audio.af@940dbba
10-30 14:49:18.905   556 10856 D audio_hw_primary: disable_audio_route: usecase(9) reset and update mixer path: audio-record
10-30 14:49:18.906   556 10856 D audio_hw_primary: disable_snd_device: snd_device(72: voice-rec-mic)
10-30 14:49:18.909   556 10856 D sound_trigger_platform: platform_stdev_check_and_update_concurrency: concurrency active 0, tx 0, rx 0, concurrency session_allowed 1
10-30 14:49:18.912   556   753 I SoundTriggerHwService::Module: onCallbackEvent no clients
10-30 14:49:18.915 10786 10813 I MicroRecognitionRunner: Detection finished
10-30 14:49:19.205 11076 11093 I cr_VariationsSeedFetch: Fetched first run seed in 784 ms
10-30 14:49:19.263 11115 11115 E /system/bin/webview_zygote32: failed to make and chown /acct/uid_99487: Permission denied
10-30 14:49:19.263 11115 11115 E Zygote  : createProcessGroup(99487, 0) failed: Permission denied
10-30 14:49:19.265   772  4540 I ActivityManager: Start proc 11115:com.android.chrome:sandboxed_process0/u0i487 for webview_service com.android.chrome/org.chromium.content.app.SandboxedProcessService0
10-30 14:49:19.304 11115 11115 I SamplingProfilerIntegration: Profiling disabled.
10-30 14:49:19.344 11129 11129 E asset   : setgid: Operation not permitted
10-30 14:49:19.413 11115 11115 I cr_SplitCompatApp: Launched version=106.0.5249.79 minSdkVersion=24 isBundle=true processName=com.android.chrome:sandboxed_process0 isIsolated=true
10-30 14:49:19.427 11115 11115 W SystemServiceRegistry: No service published for: uimode
10-30 14:49:19.447 11115 11115 I cr_ChildProcessService: Creating new ChildProcessService pid=11115
10-30 14:49:19.454 11115 11115 E WebViewFactory: can't load with relro file; address space not reserved
10-30 14:49:19.532   772  3041 I ActivityManager: Start proc 11146:com.android.chrome:privileged_process0/u0a60 for service com.android.chrome/org.chromium.content.app.PrivilegedProcessService0
10-30 14:49:19.576 11076 11076 I cr_SmsProviderGms: construction successfull y93@458cef3, v93@bd057b0
10-30 14:49:19.592 26466 26466 D BoundBrokerSvc: onBind: Intent { act=com.google.android.gms.auth.key.retrieval.service.START dat=chimera-action:com.google.android.gms.auth.key.retrieval.service.START cmp=com.google.android.gms/.chimera.GmsApiService }
10-30 14:49:19.592 26466 26466 D BoundBrokerSvc: Loading bound service for intent: Intent { act=com.google.android.gms.auth.key.retrieval.service.START dat=chimera-action:com.google.android.gms.auth.key.retrieval.service.START cmp=com.google.android.gms/.chimera.GmsApiService }
10-30 14:49:19.598 11146 11146 I cr_SplitCompatApp: Launched version=106.0.5249.79 minSdkVersion=24 isBundle=true processName=com.android.chrome:privileged_process0 isIsolated=false
10-30 14:49:19.610 11146 11146 I cr_ChildProcessService: Creating new ChildProcessService pid=11146
10-30 14:49:19.653 11076 11076 W cr_KnoxSettingsProvider: Permission to read device policy denied.
10-30 14:49:19.662 11146 11164 I cr_LibraryLoader: Successfully loaded native library
10-30 14:49:19.663 11146 11164 I cr_CachingUmaRecorder: Flushed 3 samples from 3 histograms.
10-30 14:49:19.679 11146 11164 I Adreno  : QUALCOMM build                   : 7142022, Ib5823dd10c
10-30 14:49:19.679 11146 11164 I Adreno  : Build Date                       : 06/23/17
10-30 14:49:19.679 11146 11164 I Adreno  : OpenGL ES Shader Compiler Version: EV031.18.00.00
10-30 14:49:19.679 11146 11164 I Adreno  : Local Branch                     : O11A
10-30 14:49:19.679 11146 11164 I Adreno  : Remote Branch                    : 
10-30 14:49:19.679 11146 11164 I Adreno  : Remote Branch                    : 
10-30 14:49:19.679 11146 11164 I Adreno  : Reconstruct Branch               : 
10-30 14:49:19.679 11146 11164 I vndksupport: sphal namespace is not configured for this process. Loading /vendor/lib/hw/gralloc.msm8992.so from the current namespace instead.
10-30 14:49:19.683 11146 11164 I Adreno  : PFP: 0x00000000, ME: 0x00000000
10-30 14:49:20.317 11173 11173 E /system/bin/webview_zygote32: failed to make and chown /acct/uid_99488: Permission denied
10-30 14:49:20.317 11173 11173 E Zygote  : createProcessGroup(99488, 0) failed: Permission denied
10-30 14:49:20.320   772  3041 I ActivityManager: Start proc 11173:com.android.chrome:sandboxed_process1/u0i488 for webview_service com.android.chrome/org.chromium.content.app.SandboxedProcessService1
10-30 14:49:20.342 11173 11173 I SamplingProfilerIntegration: Profiling disabled.
10-30 14:49:20.365 11186 11186 E asset   : setgid: Operation not permitted
10-30 14:49:20.399 11173 11173 I cr_SplitCompatApp: Launched version=106.0.5249.79 minSdkVersion=24 isBundle=true processName=com.android.chrome:sandboxed_process1 isIsolated=true
10-30 14:49:20.406 11173 11173 W SystemServiceRegistry: No service published for: uimode
10-30 14:49:20.417 11173 11173 I cr_ChildProcessService: Creating new ChildProcessService pid=11173
10-30 14:49:20.425 11173 11173 E WebViewFactory: can't load with relro file; address space not reserved
10-30 14:49:20.437 11173 11188 I cr_LibraryLoader: Successfully loaded native library
10-30 14:49:20.438 11173 11188 I cr_CachingUmaRecorder: Flushed 3 samples from 3 histograms.
10-30 14:49:20.475 11173 11188 I chromium: [INFO:child_process_service.cc(69)] ChildProcessService: Exiting child process.
10-30 14:49:20.477   422   422 E lowmemorykiller: Error writing /proc/11173/oom_score_adj; errno=22
10-30 14:49:20.478   772  2970 I ActivityManager: Killing 11173:com.android.chrome:sandboxed_process1/u0a60i488 (adj 0): isolated not needed
10-30 14:49:20.479   772   790 W zygote64: failed to open /acct/uid_99488/pid_11173/cgroup.procs: No such file or directory
10-30 14:49:21.949 11076 11076 E cr_BTSPrefs: No data found for task id: 53
10-30 14:49:21.951 11076 11076 E cr_BkgrdTaskScheduler: Task cannot be canceled because no data was found instorage or data was invalid
10-30 14:49:23.935 10786 10809 I EventLogSendingHelper: Sending log events.
10-30 14:49:24.629 11218 11218 D AndroidRuntime: >>>>>> START com.android.internal.os.RuntimeInit uid 2000 <<<<<<
10-30 14:49:24.792 11218 11218 D AndroidRuntime: Calling main entry com.android.commands.input.Input
10-30 14:49:24.812 11218 11218 I Input   : injectMotionEvent: MotionEvent { action=ACTION_DOWN, actionButton=0, id[0]=0, x[0]=540.0, y[0]=1660.0, toolType[0]=TOOL_TYPE_UNKNOWN, buttonState=0, metaState=0, flags=0x0, edgeFlags=0x0, pointerCount=1, historySize=0, eventTime=456263063, downTime=456263063, deviceId=8, source=0x1002 }
10-30 14:49:24.820 11218 11218 I Input   : injectMotionEvent: MotionEvent { action=ACTION_UP, actionButton=0, id[0]=0, x[0]=540.0, y[0]=1660.0, toolType[0]=TOOL_TYPE_UNKNOWN, buttonState=0, metaState=0, flags=0x0, edgeFlags=0x0, pointerCount=1, historySize=0, eventTime=456263063, downTime=456263063, deviceId=8, source=0x1002 }
10-30 14:49:24.824 11218 11218 D AndroidRuntime: Shutting down VM
10-30 14:49:24.847   556  6498 D audio_hw_primary: enable_snd_device: snd_device(88: vi-feedback)
10-30 14:49:24.847   556  6498 D audio_hw_primary: enable_audio_route: usecase(23) apply and update mixer path: spkr-vi-record
10-30 14:49:24.872   556  6498 D audio_hw_primary: enable_audio_route: usecase(1) apply and update mixer path: low-latency-playback
10-30 14:49:25.390   556   731 D audio_hw_primary: disable_audio_route: usecase(1) reset and update mixer path: low-latency-playback
10-30 14:49:25.404   556   731 D audio_hw_primary: disable_snd_device: snd_device(88: vi-feedback)
10-30 14:49:25.404   556   731 D audio_hw_primary: disable_audio_route: usecase(23) reset and update mixer path: spkr-vi-record
10-30 14:49:26.242 11233 11233 D AndroidRuntime: >>>>>> START com.android.internal.os.RuntimeInit uid 2000 <<<<<<
10-30 14:49:26.366 11233 11233 D AndroidRuntime: Calling main entry com.android.commands.input.Input
10-30 14:49:26.371 11233 11233 I Input   : injectMotionEvent: MotionEvent { action=ACTION_DOWN, actionButton=0, id[0]=0, x[0]=180.0, y[0]=1690.0, toolType[0]=TOOL_TYPE_UNKNOWN, buttonState=0, metaState=0, flags=0x0, edgeFlags=0x0, pointerCount=1, historySize=0, eventTime=456264635, downTime=456264635, deviceId=8, source=0x1002 }
10-30 14:49:26.375 11233 11233 I Input   : injectMotionEvent: MotionEvent { action=ACTION_UP, actionButton=0, id[0]=0, x[0]=180.0, y[0]=1690.0, toolType[0]=TOOL_TYPE_UNKNOWN, buttonState=0, metaState=0, flags=0x0, edgeFlags=0x0, pointerCount=1, historySize=0, eventTime=456264635, downTime=456264635, deviceId=8, source=0x1002 }
10-30 14:49:26.377 11233 11233 D AndroidRuntime: Shutting down VM
10-30 14:49:26.388   556  6498 D audio_hw_primary: enable_snd_device: snd_device(88: vi-feedback)
10-30 14:49:26.388   556  6498 D audio_hw_primary: enable_audio_route: usecase(23) apply and update mixer path: spkr-vi-record
10-30 14:49:26.392   772 13071 I ActivityManager: START u0 {act=android.intent.action.VIEW flg=0x10008000 cmp=com.android.chrome/com.google.android.apps.chrome.Main (has extras)} from uid 10060
10-30 14:49:26.397   772   830 E ResourceType: Style contains key with bad entry: 0x0101062c
10-30 14:49:26.397   772   830 E ResourceType: Style contains key with bad entry: 0x0101062c
10-30 14:49:26.415   556  6498 D audio_hw_primary: enable_audio_route: usecase(1) apply and update mixer path: low-latency-playback
10-30 14:49:26.419 11076 11076 E ResourceType: Style contains key with bad entry: 0x0101062c
10-30 14:49:26.422 11076 11076 E ResourceType: Style contains key with bad entry: 0x0101062c
10-30 14:49:26.459 11076 11076 W ResourceType: Failure getting entry for 0x7f010055 (t=0 e=85) (error -75)
10-30 14:49:26.468 11076 11076 I cr_CompositorSurfaceMgr: Transitioning to surface with format: -1
10-30 14:49:26.476 11076 11076 W ResourceType: Failure getting entry for 0x7f010530 (t=0 e=1328) (error -75)
10-30 14:49:26.530 11076 11143 W cr_tabmodel: Starting to perform legacy migration.
10-30 14:49:26.534 11076 11143 W cr_tabmodel: Finished performing legacy migration.
10-30 14:49:26.534 11076 11143 W cr_tabmodel: Starting to perform multi-instance migration.
10-30 14:49:26.534 11076 11143 W cr_tabmodel: Finished performing multi-instance migration.
10-30 14:49:26.534 11076 11143 I cr_tabmodel: Starting to fetch tab list for tab_state0
10-30 14:49:26.535 11076 11143 I cr_tabmodel: State file does not exist.
10-30 14:49:26.535 11076 11143 I cr_tabmodel: Starting to fetch tab list for tab_state1
10-30 14:49:26.535 11076 11143 I cr_tabmodel: State file does not exist.
10-30 14:49:26.578   772  4540 W ActivityManager: Duplicate finish request for ActivityRecord{346bad9 u0 com.android.chrome/org.chromium.chrome.browser.firstrun.FirstRunActivity t481 f}
10-30 14:49:26.582 11076 11143 W cr_PartnerCustomize: Partner homepage must be HTTP(S) or NewTabPage. Got invalid URL "org.chromium.url.GURL@0"
10-30 14:49:26.613 11076 11076 I cr_StartSurfaceConfig: Recorded Startup.Android.FirstDrawCompletedTime.NoInstant = 184 ms
10-30 14:49:26.615 11076 11106 D OpenGLRenderer: endAllActiveAnimators on 0xc60c3b80 (RippleDrawable) with handle 0xc5f57e40
10-30 14:49:26.620 11076 11076 I cr_CompositorSurfaceMgr: Transitioning to surface with format: -1
10-30 14:49:26.621 11076 11076 I cr_CompositorSurfaceMgr: surfaceCreated format: 0
10-30 14:49:26.629 11076 11076 I cr_ChromeTabbedActivity: #initializeState
10-30 14:49:26.629 11076 11076 I cr_CipherFactory: #restoreFromBundle, no savedInstanceState.
10-30 14:49:26.629 11076 11076 I cr_tabmodel: #loadState, ignoreIncognitoFiles? true
10-30 14:49:26.636 11076 11076 I cr_tabmodel: Loaded tab lists; counts: 0,0
10-30 14:49:26.636 11076 11076 I cr_ChromeTabbedActivity: #createInitialTab executed.
10-30 14:49:26.664 11076 11076 E ResourceType: Style contains key with bad entry: 0x0101062c
10-30 14:49:26.702 11076 11076 W ResourceType: Failure getting entry for 0x7f010565 (t=0 e=1381) (error -75)
10-30 14:49:26.710 11076 11076 W ResourceType: Failure getting entry for 0x7f010551 (t=0 e=1361) (error -75)
10-30 14:49:26.721   772   784 E BatteryStatsService: no controller energy info supplied
10-30 14:49:26.721   772   784 E BatteryStatsService: no controller energy info supplied
10-30 14:49:26.740   772   788 W ProcessCpuTracker: Skipping unknown process pid 11269
10-30 14:49:26.824 11076 11076 W ResourceType: Failure getting entry for 0x7f01059a (t=0 e=1434) (error -75)
10-30 14:49:26.850   772   996 W AppOps  : Bad call: specified package com.google.android.gms under uid 10060 but it is really 10020
10-30 14:49:26.850   772   996 W AppOps  : java.lang.RuntimeException: here
10-30 14:49:26.850   772   996 W AppOps  : 	at com.android.server.AppOpsService.getOpsRawLocked(AppOpsService.java:1319)
10-30 14:49:26.850   772   996 W AppOps  : 	at com.android.server.AppOpsService.checkPackage(AppOpsService.java:1038)
10-30 14:49:26.850   772   996 W AppOps  : 	at com.android.internal.app.IAppOpsService$Stub.onTransact(IAppOpsService.java:169)
10-30 14:49:26.850   772   996 W AppOps  : 	at android.os.Binder.execTransact(Binder.java:674)
10-30 14:49:26.851   772 10895 W AppOps  : Bad call: specified package com.google.android.gms under uid 10060 but it is really 10020
10-30 14:49:26.851   772 10895 W AppOps  : java.lang.RuntimeException: here
10-30 14:49:26.851   772 10895 W AppOps  : 	at com.android.server.AppOpsService.getOpsRawLocked(AppOpsService.java:1319)
10-30 14:49:26.851   772 10895 W AppOps  : 	at com.android.server.AppOpsService.checkPackage(AppOpsService.java:1038)
10-30 14:49:26.851   772 10895 W AppOps  : 	at com.android.internal.app.IAppOpsService$Stub.onTransact(IAppOpsService.java:169)
10-30 14:49:26.851   772 10895 W AppOps  : 	at android.os.Binder.execTransact(Binder.java:674)
10-30 14:49:26.852   772  3037 W AppOps  : Bad call: specified package com.google.android.gms under uid 10060 but it is really 10020
10-30 14:49:26.852   772  3037 W AppOps  : java.lang.RuntimeException: here
10-30 14:49:26.852   772  3037 W AppOps  : 	at com.android.server.AppOpsService.getOpsRawLocked(AppOpsService.java:1319)
10-30 14:49:26.852   772  3037 W AppOps  : 	at com.android.server.AppOpsService.checkPackage(AppOpsService.java:1038)
10-30 14:49:26.852   772  3037 W AppOps  : 	at com.android.internal.app.IAppOpsService$Stub.onTransact(IAppOpsService.java:169)
10-30 14:49:26.852   772  3037 W AppOps  : 	at android.os.Binder.execTransact(Binder.java:674)
10-30 14:49:26.853   772  4540 W AppOps  : Bad call: specified package com.google.android.gms under uid 10060 but it is really 10020
10-30 14:49:26.853   772  4540 W AppOps  : java.lang.RuntimeException: here
10-30 14:49:26.853   772  4540 W AppOps  : 	at com.android.server.AppOpsService.getOpsRawLocked(AppOpsService.java:1319)
10-30 14:49:26.853   772  4540 W AppOps  : 	at com.android.server.AppOpsService.checkPackage(AppOpsService.java:1038)
10-30 14:49:26.853   772  4540 W AppOps  : 	at com.android.internal.app.IAppOpsService$Stub.onTransact(IAppOpsService.java:169)
10-30 14:49:26.853   772  4540 W AppOps  : 	at android.os.Binder.execTransact(Binder.java:674)
10-30 14:49:26.872 11115 11131 I cr_LibraryLoader: Successfully loaded native library
10-30 14:49:26.873 11115 11131 I cr_CachingUmaRecorder: Flushed 3 samples from 3 histograms.
10-30 14:49:26.875 11076 11076 E cr_IntentUtils: getBooleanExtra failed on intent null
10-30 14:49:26.875 11076 11076 E cr_IntentUtils: getBooleanExtra failed on intent null
10-30 14:49:26.901 31420 31501 I FontLog : Received query name=Google Sans&weight=700&besteffort=false, URI content://com.google.android.gms.fonts [CONTEXT service_id=132 ]
10-30 14:49:26.901 31420 31501 I FontLog : Query [name=Google Sans&weight=700&besteffort=false] resolved to {Google Sans, wdth 100.0, wght 700, ital 0.0, bestEffort false} [CONTEXT service_id=132 ]
10-30 14:49:26.901 11076 11076 W ResourceType: Failure getting entry for 0x7f010888 (t=0 e=2184) (error -75)
10-30 14:49:26.903 31420 31501 I FontLog : Fetch {Google Sans, wdth 100.0, wght 700, ital 0.0, bestEffort false} end status Status{statusCode=SUCCESS, resolution=null} [CONTEXT service_id=132 ]
10-30 14:49:26.907 11076 11076 W ResourceType: Failure getting entry for 0x7f010888 (t=0 e=2184) (error -75)
10-30 14:49:26.908 31420 25451 I FontLog : Pulling font file for id = 2006, cache size = 7 [CONTEXT service_id=132 ]
10-30 14:49:26.909 11076 11076 W ResourceType: Failure getting entry for 0x7f010888 (t=0 e=2184) (error -75)
10-30 14:49:26.911 11076 11076 I chatty  : uid=10060(u0_a60) com.android.chrome:sandboxed identical 1 line
10-30 14:49:26.914 11076 11076 W ResourceType: Failure getting entry for 0x7f010888 (t=0 e=2184) (error -75)
10-30 14:49:26.915 31420 31432 I FontLog : Received query name=Noto Color Emoji Compat&weight=400&besteffort=false, URI content://com.google.android.gms.fonts [CONTEXT service_id=132 ]
10-30 14:49:26.915 31420 31432 I FontLog : Query [name=Noto Color Emoji Compat&weight=400&besteffort=false] resolved to {Noto Color Emoji Compat, wdth 100.0, wght 400, ital 0.0, bestEffort false} [CONTEXT service_id=132 ]
10-30 14:49:26.915 11076 11076 W ResourceType: Failure getting entry for 0x7f010888 (t=0 e=2184) (error -75)
10-30 14:49:26.917 11076 11076 W ResourceType: Failure getting entry for 0x7f010888 (t=0 e=2184) (error -75)
10-30 14:49:26.917 31420 31432 I FontLog : Fetch {Noto Color Emoji Compat, wdth 100.0, wght 400, ital 0.0, bestEffort false} end status Status{statusCode=SUCCESS, resolution=null} [CONTEXT service_id=132 ]
10-30 14:49:26.918 11076 11076 W ResourceType: Failure getting entry for 0x7f010888 (t=0 e=2184) (error -75)
10-30 14:49:26.920 11076 11076 I cr_TopSites: Start a new task.
10-30 14:49:26.920 11076 11142 I cr_TopSites: Serializing top sites lists finished; count: 8
10-30 14:49:26.921 31420 31465 I FontLog : Pulling font file for id = 2007, cache size = 8 [CONTEXT service_id=132 ]
10-30 14:49:26.926 31420 31431 I FontLog : Received query name=Google Sans&weight=400&besteffort=false, URI content://com.google.android.gms.fonts [CONTEXT service_id=132 ]
10-30 14:49:26.926 31420 31431 I FontLog : Query [name=Google Sans&weight=400&besteffort=false] resolved to {Google Sans, wdth 100.0, wght 400, ital 0.0, bestEffort false} [CONTEXT service_id=132 ]
10-30 14:49:26.928 31420 31431 I FontLog : Font PFD returned from cache for {Google Sans, wdth 100.0, wght 400, ital 0.0, bestEffort false} [CONTEXT service_id=132 ]
10-30 14:49:26.928 31420 31431 I FontLog : Fetch {Google Sans, wdth 100.0, wght 400, ital 0.0, bestEffort false} end status Status{statusCode=SUCCESS, resolution=null} [CONTEXT service_id=132 ]
10-30 14:49:26.931 11076 11142 I cr_TopSites: Finished saving top sites list to file:/data/user/0/com.android.chrome/app_top_sites/top_sites
10-30 14:49:26.943   556   731 D audio_hw_primary: disable_audio_route: usecase(1) reset and update mixer path: low-latency-playback
10-30 14:49:26.956   556   731 D audio_hw_primary: disable_snd_device: snd_device(88: vi-feedback)
10-30 14:49:26.956   556   731 D audio_hw_primary: disable_audio_route: usecase(23) reset and update mixer path: spkr-vi-record
10-30 14:49:26.967 11290 11290 E /system/bin/webview_zygote32: failed to make and chown /acct/uid_99489: Permission denied
10-30 14:49:26.967 11290 11290 E Zygote  : createProcessGroup(99489, 0) failed: Permission denied
10-30 14:49:26.973   772 20193 I ActivityManager: Start proc 11290:com.android.chrome:sandboxed_process2/u0i489 for webview_service com.android.chrome/org.chromium.content.app.SandboxedProcessService2
10-30 14:49:26.980 31420  2270 I FontLog : Pulling font file for id = 2008, cache size = 9 [CONTEXT service_id=132 ]
10-30 14:49:26.984 11290 11290 I SamplingProfilerIntegration: Profiling disabled.
10-30 14:49:26.988 11305 11305 E /system/bin/webview_zygote32: failed to make and chown /acct/uid_99490: Permission denied
10-30 14:49:26.988 11305 11305 E Zygote  : createProcessGroup(99490, 0) failed: Permission denied
10-30 14:49:26.993   772   996 I ActivityManager: Start proc 11305:com.android.chrome:sandboxed_process3/u0i490 for webview_service com.android.chrome/org.chromium.content.app.SandboxedProcessService3
10-30 14:49:27.003   361   361 W /system/bin/hwservicemanager: getTransportFromManifest: Cannot find entry android.hardware.graphics.mapper@2.0::IMapper in either framework or device manifest, using default transport.
10-30 14:49:27.006 11146 11164 I vndksupport: sphal namespace is not configured for this process. Loading /vendor/lib/hw/gralloc.msm8992.so from the current namespace instead.
10-30 14:49:27.007 11076 11076 I cr_tabmodel: Appending tabs being restored to metadata lists, 0, startingNormalCount: 1, startingIncognitoCount: 0
10-30 14:49:27.007 11076 11076 I cr_tabmodel: Serializing tab lists; counts: 1, 0
10-30 14:49:27.012   772  3037 I ActivityManager: Start proc 11317:com.android.chrome:sandboxed_process4/u0i491 for webview_service com.android.chrome/org.chromium.content.app.SandboxedProcessService4
10-30 14:49:27.017 31420 31465 I FontLog : Received query name=Google Sans&weight=500&besteffort=false, URI content://com.google.android.gms.fonts [CONTEXT service_id=132 ]
10-30 14:49:27.017 31420 31465 I FontLog : Query [name=Google Sans&weight=500&besteffort=false] resolved to {Google Sans, wdth 100.0, wght 500, ital 0.0, bestEffort false} [CONTEXT service_id=132 ]
10-30 14:49:27.018 11317 11317 E /system/bin/webview_zygote32: failed to make and chown /acct/uid_99491: Permission denied
10-30 14:49:27.019 11317 11317 E Zygote  : createProcessGroup(99491, 0) failed: Permission denied
10-30 14:49:27.020 31420 31465 I FontLog : Font PFD returned from cache for {Google Sans, wdth 100.0, wght 500, ital 0.0, bestEffort false} [CONTEXT service_id=132 ]
10-30 14:49:27.021 11324 11324 E asset   : setgid: Operation not permitted
10-30 14:49:27.021 31420 31465 I FontLog : Fetch {Google Sans, wdth 100.0, wght 500, ital 0.0, bestEffort false} end status Status{statusCode=SUCCESS, resolution=null} [CONTEXT service_id=132 ]
10-30 14:49:27.028 11305 11305 I SamplingProfilerIntegration: Profiling disabled.
10-30 14:49:27.034 11328 11328 E /system/bin/webview_zygote32: failed to make and chown /acct/uid_99492: Permission denied
10-30 14:49:27.034 11328 11328 E Zygote  : createProcessGroup(99492, 0) failed: Permission denied
10-30 14:49:27.035   772  2970 I ActivityManager: Start proc 11328:com.android.chrome:sandboxed_process5/u0i492 for webview_service com.android.chrome/org.chromium.content.app.SandboxedProcessService5
10-30 14:49:27.047 31420  2270 I FontLog : Pulling font file for id = 2009, cache size = 10 [CONTEXT service_id=132 ]
10-30 14:49:27.050 11076 11076 W ResourceType: Failure getting entry for 0x7f010216 (t=0 e=534) (error -75)
10-30 14:49:27.053 11076 11076 W ResourceType: Failure getting entry for 0x7f0107c9 (t=0 e=1993) (error -75)
10-30 14:49:27.055 11342 11342 E asset   : setgid: Operation not permitted
10-30 14:49:27.058 11344 11344 E /system/bin/webview_zygote32: failed to make and chown /acct/uid_99493: Permission denied
10-30 14:49:27.058 11344 11344 E Zygote  : createProcessGroup(99493, 0) failed: Permission denied
10-30 14:49:27.058   772  3037 I ActivityManager: Start proc 11344:com.android.chrome:sandboxed_process6/u0i493 for webview_service com.android.chrome/org.chromium.content.app.SandboxedProcessService6
10-30 14:49:27.062 11317 11317 I SamplingProfilerIntegration: Profiling disabled.
10-30 14:49:27.063 11328 11328 I SamplingProfilerIntegration: Profiling disabled.
10-30 14:49:27.065 11290 11290 I cr_SplitCompatApp: Launched version=106.0.5249.79 minSdkVersion=24 isBundle=true processName=com.android.chrome:sandboxed_process2 isIsolated=true
10-30 14:49:27.073 11290 11290 W SystemServiceRegistry: No service published for: uimode
10-30 14:49:27.085 11361 11361 E /system/bin/webview_zygote32: failed to make and chown /acct/uid_99494: Permission denied
10-30 14:49:27.085 11361 11361 E Zygote  : createProcessGroup(99494, 0) failed: Permission denied
10-30 14:49:27.086   772 10860 I ActivityManager: Start proc 11361:com.android.chrome:sandboxed_process7/u0i494 for webview_service com.android.chrome/org.chromium.content.app.SandboxedProcessService7
10-30 14:49:27.086 11366 11366 E asset   : setgid: Operation not permitted
10-30 14:49:27.087 11367 11367 E asset   : setgid: Operation not permitted
10-30 14:49:27.087 11290 11290 I cr_ChildProcessService: Creating new ChildProcessService pid=11290
10-30 14:49:27.090 11305 11305 I cr_SplitCompatApp: Launched version=106.0.5249.79 minSdkVersion=24 isBundle=true processName=com.android.chrome:sandboxed_process3 isIsolated=true
10-30 14:49:27.092 11344 11344 I SamplingProfilerIntegration: Profiling disabled.
10-30 14:49:27.094 11305 11305 W SystemServiceRegistry: No service published for: uimode
10-30 14:49:27.100 11076 11076 W ResourceType: Failure getting entry for 0x7f010827 (t=0 e=2087) (error -75)
10-30 14:49:27.101 11305 11305 I cr_ChildProcessService: Creating new ChildProcessService pid=11305
10-30 14:49:27.102   772 13022 I ActivityManager: Start proc 11376:com.android.chrome:sandboxed_process8/u0i495 for webview_service com.android.chrome/org.chromium.content.app.SandboxedProcessService8
10-30 14:49:27.102 11376 11376 E /system/bin/webview_zygote32: failed to make and chown /acct/uid_99495: Permission denied
10-30 14:49:27.102 11376 11376 E Zygote  : createProcessGroup(99495, 0) failed: Permission denied
10-30 14:49:27.103 11361 11361 I SamplingProfilerIntegration: Profiling disabled.
10-30 14:49:27.113 11305 11305 E WebViewFactory: can't load with relro file; address space not reserved
10-30 14:49:27.116 11076 11076 I cr_OfflineIndicator: onConnectionTypeChanged 2
10-30 14:49:27.117 11076 11076 I cr_OfflineIndicator: Reported by system: [ Transports: WIFI Capabilities: NOT_METERED&INTERNET&NOT_RESTRICTED&TRUSTED&NOT_VPN&VALIDATED&FOREGROUND LinkUpBandwidth>=1048576Kbps LinkDnBandwidth>=1048576Kbps SignalStrength: -56]
10-30 14:49:27.117 11076 11076 I cr_OfflineIndicator: setConnectionState connectionState=4
10-30 14:49:27.117 11076 11076 I cr_OfflineDetector: Running updateState mConnectivityDetectorInitialized: true, mTimeWhenLastForegrounded: 1013821283, getElapsedTime: 1013821284, mTimeWhenLastOfflineNotificationReceived: 0, mTimeWhenLastOnline: 1013821284, mApplicationState: 1, mIsOfflineLastReportedByConnectivityDetector: false, mIsEffectivelyOffline: false
10-30 14:49:27.117 11076 11076 I cr_OfflineDetector: updateState(): timeSinceLastForeground: 1, timeSinceOfflineNotificationReceived: 1013821284, timeSinceLastOnline: 0, timeNeededForForeground: 1999, timeNeededForOffline: -1013819284
10-30 14:49:27.118 11076 11076 I cr_OfflineIndicator: processConnectivityCheckResult mConnectionState=4 mConnectivityCheckingStage=1
10-30 14:49:27.123 11376 11376 I SamplingProfilerIntegration: Profiling disabled.
10-30 14:49:27.126 11328 11328 I cr_SplitCompatApp: Launched version=106.0.5249.79 minSdkVersion=24 isBundle=true processName=com.android.chrome:sandboxed_process5 isIsolated=true
10-30 14:49:27.126 11390 11390 E asset   : setgid: Operation not permitted
10-30 14:49:27.130 11393 11393 E /system/bin/webview_zygote32: failed to make and chown /acct/uid_99496: Permission denied
10-30 14:49:27.130 11393 11393 E Zygote  : createProcessGroup(99496, 0) failed: Permission denied
10-30 14:49:27.130   772 20193 I ActivityManager: Start proc 11393:com.android.chrome:sandboxed_process9/u0i496 for webview_service com.android.chrome/org.chromium.content.app.SandboxedProcessService9
10-30 14:49:27.133 11317 11317 I cr_SplitCompatApp: Launched version=106.0.5249.79 minSdkVersion=24 isBundle=true processName=com.android.chrome:sandboxed_process4 isIsolated=true
10-30 14:49:27.135 11328 11328 W SystemServiceRegistry: No service published for: uimode
10-30 14:49:27.137 11290 11290 E WebViewFactory: can't load with relro file; address space not reserved
10-30 14:49:27.145 11317 11317 W SystemServiceRegistry: No service published for: uimode
10-30 14:49:27.146 11328 11328 I cr_ChildProcessService: Creating new ChildProcessService pid=11328
10-30 14:49:27.153 11328 11328 E WebViewFactory: can't load with relro file; address space not reserved
10-30 14:49:27.155 11305 11382 I cr_LibraryLoader: Successfully loaded native library
10-30 14:49:27.156 11305 11382 I cr_CachingUmaRecorder: Flushed 3 samples from 3 histograms.
10-30 14:49:27.156 11317 11317 I cr_ChildProcessService: Creating new ChildProcessService pid=11317
10-30 14:49:27.159 11290 11368 I cr_LibraryLoader: Successfully loaded native library
10-30 14:49:27.160 11290 11368 I cr_CachingUmaRecorder: Flushed 3 samples from 3 histograms.
10-30 14:49:27.160 11344 11344 I cr_SplitCompatApp: Launched version=106.0.5249.79 minSdkVersion=24 isBundle=true processName=com.android.chrome:sandboxed_process6 isIsolated=true
10-30 14:49:27.165 11393 11393 I SamplingProfilerIntegration: Profiling disabled.
10-30 14:49:27.166 11408 11408 E asset   : setgid: Operation not permitted
10-30 14:49:27.169 11344 11344 W SystemServiceRegistry: No service published for: uimode
10-30 14:49:27.170 11328 11404 I cr_LibraryLoader: Successfully loaded native library
10-30 14:49:27.171 11317 11317 E WebViewFactory: can't load with relro file; address space not reserved
10-30 14:49:27.171 11328 11404 I cr_CachingUmaRecorder: Flushed 3 samples from 3 histograms.
10-30 14:49:27.176 11076 11076 W ResourceType: Failure getting entry for 0x7f010415 (t=0 e=1045) (error -75)
10-30 14:49:27.187 11317 11406 I cr_LibraryLoader: Successfully loaded native library
10-30 14:49:27.187 11422 11422 E asset   : setgid: Operation not permitted
10-30 14:49:27.188 11317 11406 I cr_CachingUmaRecorder: Flushed 3 samples from 3 histograms.
10-30 14:49:27.193 11432 11432 E asset   : setgid: Operation not permitted
10-30 14:49:27.194 11344 11344 I cr_ChildProcessService: Creating new ChildProcessService pid=11344
10-30 14:49:27.199 11344 11344 E WebViewFactory: can't load with relro file; address space not reserved
10-30 14:49:27.215 11290 11368 I chromium: [INFO:child_process_service.cc(69)] ChildProcessService: Exiting child process.
10-30 14:49:27.215 11305 11382 I chromium: [INFO:child_process_service.cc(69)] ChildProcessService: Exiting child process.
10-30 14:49:27.219 11344 11433 I cr_LibraryLoader: Successfully loaded native library
10-30 14:49:27.219 11344 11433 I cr_CachingUmaRecorder: Flushed 3 samples from 3 histograms.
10-30 14:49:27.224   772 13022 I ActivityManager: Start proc 11441:com.android.chrome:sandboxed_process10/u0i497 for webview_service com.android.chrome/org.chromium.content.app.SandboxedProcessService10
10-30 14:49:27.233 11441 11441 E /system/bin/webview_zygote32: failed to make and chown /acct/uid_99497: Permission denied
10-30 14:49:27.233 11441 11441 E Zygote  : createProcessGroup(99497, 0) failed: Permission denied
10-30 14:49:27.234   422   422 E lowmemorykiller: Error writing /proc/11290/oom_score_adj; errno=22
10-30 14:49:27.234   772  1324 I ActivityManager: Killing 11290:com.android.chrome:sandboxed_process2/u0a60i489 (adj 0): isolated not needed
10-30 14:49:27.236   772   790 W zygote64: failed to open /acct/uid_99489/pid_11290/cgroup.procs: No such file or directory
10-30 14:49:27.238   422   422 E lowmemorykiller: Error writing /proc/11305/oom_score_adj; errno=22
10-30 14:49:27.239   772 13021 I ActivityManager: Killing 11305:com.android.chrome:sandboxed_process3/u0a60i490 (adj 0): isolated not needed
10-30 14:49:27.241 11361 11361 I cr_SplitCompatApp: Launched version=106.0.5249.79 minSdkVersion=24 isBundle=true processName=com.android.chrome:sandboxed_process7 isIsolated=true
10-30 14:49:27.242   772   790 W zygote64: failed to open /acct/uid_99490/pid_11305/cgroup.procs: No such file or directory
10-30 14:49:27.252 11376 11376 I cr_SplitCompatApp: Launched version=106.0.5249.79 minSdkVersion=24 isBundle=true processName=com.android.chrome:sandboxed_process8 isIsolated=true
10-30 14:49:27.257 11361 11361 W SystemServiceRegistry: No service published for: uimode
10-30 14:49:27.258 11076 11076 W chromium: [WARNING:compositor_view.cc(342)] Child process died (type=6) pid=11290)
10-30 14:49:27.260 11376 11376 W SystemServiceRegistry: No service published for: uimode
10-30 14:49:27.264 11076 11076 W chromium: [WARNING:compositor_view.cc(342)] Child process died (type=6) pid=11305)
10-30 14:49:27.266 11328 11404 I chromium: [INFO:child_process_service.cc(69)] ChildProcessService: Exiting child process.
10-30 14:49:27.266 11317 11406 I chromium: [INFO:child_process_service.cc(69)] ChildProcessService: Exiting child process.
10-30 14:49:27.271 11441 11441 I SamplingProfilerIntegration: Profiling disabled.
10-30 14:49:27.274 11344 11433 I chromium: [INFO:child_process_service.cc(69)] ChildProcessService: Exiting child process.
10-30 14:49:27.277 11376 11376 I cr_ChildProcessService: Creating new ChildProcessService pid=11376
10-30 14:49:27.281 11361 11361 I cr_ChildProcessService: Creating new ChildProcessService pid=11361
10-30 14:49:27.290 11393 11393 I cr_SplitCompatApp: Launched version=106.0.5249.79 minSdkVersion=24 isBundle=true processName=com.android.chrome:sandboxed_process9 isIsolated=true
10-30 14:49:27.295   422   422 E lowmemorykiller: Error opening /proc/11317/oom_score_adj; errno=2
10-30 14:49:27.296   772   785 W ActivityManager: Exception when unbinding service com.android.chrome/org.chromium.content.app.SandboxedProcessService4
10-30 14:49:27.296   772   785 W ActivityManager: android.os.DeadObjectException
10-30 14:49:27.296   772   785 W ActivityManager: 	at android.os.BinderProxy.transactNative(Native Method)
10-30 14:49:27.296   772   785 W ActivityManager: 	at android.os.BinderProxy.transact(Binder.java:748)
10-30 14:49:27.296   772   785 W ActivityManager: 	at android.app.IApplicationThread$Stub$Proxy.scheduleUnbindService(IApplicationThread.java:1522)
10-30 14:49:27.296   772   785 W ActivityManager: 	at com.android.server.am.ActiveServices.removeConnectionLocked(ActiveServices.java:2640)
10-30 14:49:27.296   772   785 W ActivityManager: 	at com.android.server.am.ActiveServices.unbindServiceLocked(ActiveServices.java:1551)
10-30 14:49:27.296   772   785 W ActivityManager: 	at com.android.server.am.ActivityManagerService.unbindService(ActivityManagerService.java:18297)
10-30 14:49:27.296   772   785 W ActivityManager: 	at android.app.IActivityManager$Stub.onTransact(IActivityManager.java:594)
10-30 14:49:27.296   772   785 W ActivityManager: 	at com.android.server.am.ActivityManagerService.onTransact(ActivityManagerService.java:2935)
10-30 14:49:27.296   772   785 W ActivityManager: 	at android.os.Binder.execTransact(Binder.java:674)
10-30 14:49:27.296   422   422 E lowmemorykiller: Error opening /proc/11317/oom_score_adj; errno=2
10-30 14:49:27.297   772   785 I ActivityManager: Killing 11317:com.android.chrome:sandboxed_process4/u0a60i491 (adj 900): isolated not needed
10-30 14:49:27.298   772   790 W zygote64: failed to open /acct/uid_99491/pid_11317/cgroup.procs: No such file or directory
10-30 14:49:27.299 11393 11393 W SystemServiceRegistry: No service published for: uimode
10-30 14:49:27.299   772 32228 I ActivityManager: Process com.android.chrome:sandboxed_process5 (pid 11328) has died: vis  TOP 
10-30 14:49:27.300   772 32228 W ActivityManager: Scheduling restart of crashed service com.android.chrome/org.chromium.content.app.SandboxedProcessService5 in 1000ms
10-30 14:49:27.300   772   790 W zygote64: failed to open /acct/uid_99492/pid_11328/cgroup.procs: No such file or directory
10-30 14:49:27.311 11468 11468 E asset   : setgid: Operation not permitted
10-30 14:49:27.318 11376 11376 E WebViewFactory: can't load with relro file; address space not reserved
10-30 14:49:27.322 11393 11393 I cr_ChildProcessService: Creating new ChildProcessService pid=11393
10-30 14:49:27.328 11361 11361 E WebViewFactory: can't load with relro file; address space not reserved
10-30 14:49:27.329   422   422 E lowmemorykiller: Error writing /proc/11344/oom_score_adj; errno=22
10-30 14:49:27.329 11393 11393 E WebViewFactory: can't load with relro file; address space not reserved
10-30 14:49:27.329   772  2969 I ActivityManager: Killing 11344:com.android.chrome:sandboxed_process6/u0a60i493 (adj 0): isolated not needed
