10-30 14:50:21.640   372   376 D DrmLibTime: iotcl_continue_command finished! and return 0 
10-30 14:50:21.640   372   376 D DrmLibTime: before calling ioctl to read the next time_cmd
10-30 14:50:21.640   625   647 E QC-time-services: Daemon: Time-services: Waiting to acceptconnection
10-30 14:50:21.676   562  5487 D WVCdm   : OEMCrypto_Initialize Level 1 success. I will use level 1.
10-30 14:50:21.677   562  5487 D WVCdm   : CryptoSession::Open: Lock: requested_security_level: Default
10-30 14:50:21.680   562  5487 W WVCdm   : DeviceFiles::RetrieveHashedFile: /data/mediadrm/IDM1013/L1/cert.bin does not exist
10-30 14:50:21.681   562  5487 D QSEECOMAPI: : QSEECom_dealloc_memory 
10-30 14:50:21.681   562  5487 D QSEECOMAPI: : QSEECom_shutdown_app, app_id = 471
10-30 14:50:21.685   562 19051 I WVCdm   : Level3 Library 4445 May 19 2017 17:17:20
10-30 14:50:21.691   562 19051 D QSEECOMAPI: : QSEECom_get_handle sb_length = 0x19000
10-30 14:50:21.691   562 19051 D QSEECOMAPI: : App is not loaded in QSEE
10-30 14:50:21.742   562 19051 D QSEECOMAPI: : Loaded image: APP id = 472
10-30 14:50:21.746   562 19051 D QSAPPSVER: qsapps_get_capabilities: Capability from secure side: 0x0
10-30 14:50:21.746   562 19051 D QSAPPSVER: qsapps_get_capabilities: returns 0
10-30 14:50:21.746   562 19051 E DrmWidevineDash: sion_buffer g_wv_fhandle->ion_sbuffer  0x0xf027e000
10-30 14:50:21.750   372   376 D DrmLibTime: got the req here! ret=0
10-30 14:50:21.750   372   376 D DrmLibTime: command id, time_cmd_id = 770
10-30 14:50:21.750   372   376 D DrmLibTime: time_getutcsec starts!
10-30 14:50:21.750   372   376 D DrmLibTime: QSEE Time Listener: time_getutcsec
10-30 14:50:21.750   372   376 D DrmLibTime: QSEE Time Listener: get_utc_seconds
10-30 14:50:21.750   372   376 D DrmLibTime: QSEE Time Listener: time_get_modem_time
10-30 14:50:21.750   372   376 D DrmLibTime: QSEE Time Listener: Checking if ATS_MODEM is set or not.
10-30 14:50:21.750   372   376 D QC-time-services: Lib:time_genoff_operation: pargs->base = 13
10-30 14:50:21.750   372   376 D QC-time-services: Lib:time_genoff_operation: pargs->operation = 2
10-30 14:50:21.750   372   376 D QC-time-services: Lib:time_genoff_operation: pargs->ts_val = 0
10-30 14:50:21.750   372   376 D QC-time-services: Lib:time_genoff_operation: Send to server  passed!!
10-30 14:50:21.750   625   647 D QC-time-services: Daemon: Connection accepted:time_genoff
10-30 14:50:21.750   625 12027 D QC-time-services: Daemon:Received base = 13, unit = 1, operation = 2,value = 0
10-30 14:50:21.750   625 12027 D QC-time-services: Daemon:genoff_opr: Base = 13, val = 0, operation = 2
10-30 14:50:21.751   625 12027 D QC-time-services: offset is: 0 for base: 13
10-30 14:50:21.751   372   376 E QC-time-services: Receive Passed == base = 13, unit = 1, operation = 2, result = 0
10-30 14:50:21.751   372   376 D DrmLibTime: QSEE Time Listener: ATS_MODEM is not set. Fallback to Android system time.
10-30 14:50:21.751   372   376 D DrmLibTime: QSEE Time Listener: Retrieved Android system time: 1667137821
10-30 14:50:21.751   372   376 D DrmLibTime: time_getutcsec returns 0, sec = 1667137821; nsec = 0
10-30 14:50:21.751   372   376 D DrmLibTime: time_getutcsec finished! 
10-30 14:50:21.751   372   376 D DrmLibTime: iotcl_continue_command finished! and return 0 
10-30 14:50:21.751   372   376 D DrmLibTime: before calling ioctl to read the next time_cmd
10-30 14:50:21.751   625   647 E QC-time-services: Daemon: Time-services: Waiting to acceptconnection
10-30 14:50:21.787   562 19051 D WVCdm   : OEMCrypto_Initialize Level 1 success. I will use level 1.
10-30 14:50:21.787   562 19051 D WVCdm   : CryptoSession::Open: Lock: requested_security_level: Default
10-30 14:50:21.885   562 19051 E DrmWidevineDash: OEMCrypto_GenerateSignature : input wrapped_rsa_key == NULL!, return short buffer
10-30 14:50:21.888 11076 11076 I cr_media: Provisioning origin ID 40F4EDBB7F6702C6918F1FB8E2197652
10-30 14:50:21.892 11076 11076 W chromium: [WARNING:compositor_view.cc(342)] Child process died (type=6) pid=12000)
10-30 14:50:21.896 11076 11076 I MediaDrm: Drm event (1,0)
10-30 14:50:21.896 11076 11076 E cr_media: EventListener: No session for event 1.
10-30 14:50:21.930   562   644 E DrmWidevineDash: OEMCrypto_RewrapDeviceRSAKey : input wrapped_rsa_key == NULL!, return short buffer
10-30 14:50:21.946   562   644 D QSEECOMAPI: : QSEECom_dealloc_memory 
10-30 14:50:21.946   562   644 D QSEECOMAPI: : QSEECom_shutdown_app, app_id = 472
10-30 14:50:23.950 12029 12029 E /system/bin/webview_zygote32: failed to make and chown /acct/uid_99518: Permission denied
10-30 14:50:23.950 12029 12029 E Zygote  : createProcessGroup(99518, 0) failed: Permission denied
10-30 14:50:23.952   772 10895 I ActivityManager: Start proc 12029:com.android.chrome:sandboxed_process31/u0i518 for webview_service com.android.chrome/org.chromium.content.app.SandboxedProcessService31
10-30 14:50:23.978 12029 12029 I SamplingProfilerIntegration: Profiling disabled.
10-30 14:50:24.001 12042 12042 E asset   : setgid: Operation not permitted
10-30 14:50:24.031 12029 12029 I cr_SplitCompatApp: Launched version=106.0.5249.79 minSdkVersion=24 isBundle=true processName=com.android.chrome:sandboxed_process31 isIsolated=true
10-30 14:50:24.041 12029 12029 W SystemServiceRegistry: No service published for: uimode
10-30 14:50:24.052 12029 12029 I cr_ChildProcessService: Creating new ChildProcessService pid=12029
10-30 14:50:24.061 12029 12029 E WebViewFactory: can't load with relro file; address space not reserved
10-30 14:50:24.073 12029 12043 I cr_LibraryLoader: Successfully loaded native library
10-30 14:50:24.074 12029 12043 I cr_CachingUmaRecorder: Flushed 3 samples from 3 histograms.
10-30 14:50:24.160 12047 12047 W ThreadPoolForeg: type=1400 audit(0.0:7962): avc: denied { setattr } for name="tl_en-us_2022-10-17_483521407_100000_index.bin" dev="dm-2" ino=1504978 scontext=u:r:isolated_app:s0:c512,c768 tcontext=u:object_r:app_data_file:s0:c512,c768 tclass=file permissive=0
10-30 14:50:24.163 12047 12047 W ThreadPoolForeg: type=1400 audit(0.0:7963): avc: denied { setattr } for name="manifest.json" dev="dm-2" ino=1504979 scontext=u:r:isolated_app:s0:c512,c768 tcontext=u:object_r:app_data_file:s0:c512,c768 tclass=file permissive=0
10-30 14:50:24.167 12047 12047 W ThreadPoolForeg: type=1400 audit(0.0:7964): avc: denied { setattr } for name="verified_contents.json" dev="dm-2" ino=1504981 scontext=u:r:isolated_app:s0:c512,c768 tcontext=u:object_r:app_data_file:s0:c512,c768 tclass=file permissive=0
10-30 14:50:24.177 12029 12043 I chromium: [INFO:child_process_service.cc(69)] ChildProcessService: Exiting child process.
10-30 14:50:24.181   422   422 E lowmemorykiller: Error writing /proc/12029/oom_score_adj; errno=22
10-30 14:50:24.181   772  1324 I ActivityManager: Killing 12029:com.android.chrome:sandboxed_process31/u0a60i518 (adj 0): isolated not needed
10-30 14:50:24.182   772   790 W zygote64: failed to open /acct/uid_99518/pid_12029/cgroup.procs: No such file or directory
10-30 14:50:24.189 11076 11076 W chromium: [WARNING:compositor_view.cc(342)] Child process died (type=6) pid=12029)
10-30 14:50:26.137 11076 11076 I cr_tabmodel: Appending tabs being restored to metadata lists, 0, startingNormalCount: 2, startingIncognitoCount: 0
10-30 14:50:26.137 11076 11076 I cr_tabmodel: Serializing tab lists; counts: 2, 0
10-30 14:50:26.583 12051 12051 E /system/bin/webview_zygote32: failed to make and chown /acct/uid_99519: Permission denied
10-30 14:50:26.583 12051 12051 E Zygote  : createProcessGroup(99519, 0) failed: Permission denied
10-30 14:50:26.587   772  1327 I ActivityManager: Start proc 12051:com.android.chrome:sandboxed_process32/u0i519 for webview_service com.android.chrome/org.chromium.content.app.SandboxedProcessService32
10-30 14:50:26.627 12051 12051 I SamplingProfilerIntegration: Profiling disabled.
10-30 14:50:26.662 12064 12064 E asset   : setgid: Operation not permitted
10-30 14:50:26.707 12051 12051 I cr_SplitCompatApp: Launched version=106.0.5249.79 minSdkVersion=24 isBundle=true processName=com.android.chrome:sandboxed_process32 isIsolated=true
10-30 14:50:26.715 12051 12051 W SystemServiceRegistry: No service published for: uimode
10-30 14:50:26.727 12051 12051 I cr_ChildProcessService: Creating new ChildProcessService pid=12051
10-30 14:50:26.737 12051 12051 E WebViewFactory: can't load with relro file; address space not reserved
10-30 14:50:26.749 12051 12065 I cr_LibraryLoader: Successfully loaded native library
10-30 14:50:26.750 12051 12065 I cr_CachingUmaRecorder: Flushed 3 samples from 3 histograms.
10-30 14:50:26.790 12068 12068 W ThreadPoolForeg: type=1400 audit(0.0:7965): avc: denied { setattr } for name="optimization-hints.pb" dev="dm-2" ino=1504986 scontext=u:r:isolated_app:s0:c512,c768 tcontext=u:object_r:app_data_file:s0:c512,c768 tclass=file permissive=0
10-30 14:50:26.790 12068 12068 W ThreadPoolForeg: type=1400 audit(0.0:7966): avc: denied { setattr } for name="manifest.json" dev="dm-2" ino=1504987 scontext=u:r:isolated_app:s0:c512,c768 tcontext=u:object_r:app_data_file:s0:c512,c768 tclass=file permissive=0
10-30 14:50:26.797 12068 12068 W ThreadPoolForeg: type=1400 audit(0.0:7967): avc: denied { setattr } for name="verified_contents.json" dev="dm-2" ino=1504989 scontext=u:r:isolated_app:s0:c512,c768 tcontext=u:object_r:app_data_file:s0:c512,c768 tclass=file permissive=0
10-30 14:50:26.809 12051 12065 I chromium: [INFO:child_process_service.cc(69)] ChildProcessService: Exiting child process.
10-30 14:50:26.812   422   422 E lowmemorykiller: Error writing /proc/12051/oom_score_adj; errno=22
10-30 14:50:26.813   772  3041 I ActivityManager: Killing 12051:com.android.chrome:sandboxed_process32/u0a60i519 (adj 0): isolated not needed
10-30 14:50:26.814   772   790 W zygote64: failed to open /acct/uid_99519/pid_12051/cgroup.procs: No such file or directory
10-30 14:50:26.826 11076 11076 W chromium: [WARNING:compositor_view.cc(342)] Child process died (type=6) pid=12051)
10-30 14:50:29.759 12072 12072 E /system/bin/webview_zygote32: failed to make and chown /acct/uid_99520: Permission denied
10-30 14:50:29.760 12072 12072 E Zygote  : createProcessGroup(99520, 0) failed: Permission denied
10-30 14:50:29.762   772 13021 I ActivityManager: Start proc 12072:com.android.chrome:sandboxed_process33/u0i520 for webview_service com.android.chrome/org.chromium.content.app.SandboxedProcessService33
10-30 14:50:29.790 12072 12072 I SamplingProfilerIntegration: Profiling disabled.
10-30 14:50:29.813 12085 12085 E asset   : setgid: Operation not permitted
10-30 14:50:29.850 12072 12072 I cr_SplitCompatApp: Launched version=106.0.5249.79 minSdkVersion=24 isBundle=true processName=com.android.chrome:sandboxed_process33 isIsolated=true
10-30 14:50:29.859 12072 12072 W SystemServiceRegistry: No service published for: uimode
10-30 14:50:29.870 12072 12072 I cr_ChildProcessService: Creating new ChildProcessService pid=12072
10-30 14:50:29.887 12072 12072 E WebViewFactory: can't load with relro file; address space not reserved
10-30 14:50:29.900 12072 12086 I cr_LibraryLoader: Successfully loaded native library
10-30 14:50:29.902 12072 12086 I cr_CachingUmaRecorder: Flushed 3 samples from 3 histograms.
10-30 14:50:29.947 12089 12089 W ThreadPoolForeg: type=1400 audit(0.0:7968): avc: denied { setattr } for name="ssl_error_assistant.pb" dev="dm-2" ino=1504992 scontext=u:r:isolated_app:s0:c512,c768 tcontext=u:object_r:app_data_file:s0:c512,c768 tclass=file permissive=0
10-30 14:50:29.947 12089 12089 W ThreadPoolForeg: type=1400 audit(0.0:7969): avc: denied { setattr } for name="ssl_error_assistant.pb" dev="dm-2" ino=1504992 scontext=u:r:isolated_app:s0:c512,c768 tcontext=u:object_r:app_data_file:s0:c512,c768 tclass=file permissive=0
10-30 14:50:29.950 12089 12089 W ThreadPoolForeg: type=1400 audit(0.0:7970): avc: denied { setattr } for name="manifest.json" dev="dm-2" ino=1504993 scontext=u:r:isolated_app:s0:c512,c768 tcontext=u:object_r:app_data_file:s0:c512,c768 tclass=file permissive=0
10-30 14:50:29.953 12089 12089 W ThreadPoolForeg: type=1400 audit(0.0:7971): avc: denied { setattr } for name="verified_contents.json" dev="dm-2" ino=1504995 scontext=u:r:isolated_app:s0:c512,c768 tcontext=u:object_r:app_data_file:s0:c512,c768 tclass=file permissive=0
10-30 14:50:29.962 12072 12086 I chromium: [INFO:child_process_service.cc(69)] ChildProcessService: Exiting child process.
10-30 14:50:29.964   422   422 E lowmemorykiller: Error writing /proc/12072/oom_score_adj; errno=22
10-30 14:50:29.965   772  2969 I ActivityManager: Killing 12072:com.android.chrome:sandboxed_process33/u0a60i520 (adj 0): isolated not needed
10-30 14:50:29.966   772   790 W zygote64: failed to open /acct/uid_99520/pid_12072/cgroup.procs: No such file or directory
10-30 14:50:29.986 11076 11076 W chromium: [WARNING:compositor_view.cc(342)] Child process died (type=6) pid=12072)
10-30 14:50:33.287 12096 12096 E /system/bin/webview_zygote32: failed to make and chown /acct/uid_99521: Permission denied
10-30 14:50:33.287 12096 12096 E Zygote  : createProcessGroup(99521, 0) failed: Permission denied
10-30 14:50:33.289   772  2970 I ActivityManager: Start proc 12096:com.android.chrome:sandboxed_process34/u0i521 for webview_service com.android.chrome/org.chromium.content.app.SandboxedProcessService34
10-30 14:50:33.310 12096 12096 I SamplingProfilerIntegration: Profiling disabled.
10-30 14:50:33.330 12111 12111 E asset   : setgid: Operation not permitted
10-30 14:50:33.361 12096 12096 I cr_SplitCompatApp: Launched version=106.0.5249.79 minSdkVersion=24 isBundle=true processName=com.android.chrome:sandboxed_process34 isIsolated=true
10-30 14:50:33.370 12096 12096 W SystemServiceRegistry: No service published for: uimode
10-30 14:50:33.381 12096 12096 I cr_ChildProcessService: Creating new ChildProcessService pid=12096
10-30 14:50:33.393 12096 12096 E WebViewFactory: can't load with relro file; address space not reserved
10-30 14:50:33.404 12096 12114 I cr_LibraryLoader: Successfully loaded native library
10-30 14:50:33.405 12096 12114 I cr_CachingUmaRecorder: Flushed 3 samples from 3 histograms.
10-30 14:50:33.447 12117 12117 W ThreadPoolForeg: type=1400 audit(0.0:7972): avc: denied { setattr } for name="download_file_types.pb" dev="dm-2" ino=1504998 scontext=u:r:isolated_app:s0:c512,c768 tcontext=u:object_r:app_data_file:s0:c512,c768 tclass=file permissive=0
10-30 14:50:33.447 12117 12117 W ThreadPoolForeg: type=1400 audit(0.0:7973): avc: denied { setattr } for name="download_file_types.pb" dev="dm-2" ino=1504998 scontext=u:r:isolated_app:s0:c512,c768 tcontext=u:object_r:app_data_file:s0:c512,c768 tclass=file permissive=0
10-30 14:50:33.450 12117 12117 W ThreadPoolForeg: type=1400 audit(0.0:7974): avc: denied { setattr } for name="manifest.json" dev="dm-2" ino=1505002 scontext=u:r:isolated_app:s0:c512,c768 tcontext=u:object_r:app_data_file:s0:c512,c768 tclass=file permissive=0
10-30 14:50:33.453 12117 12117 W ThreadPoolForeg: type=1400 audit(0.0:7975): avc: denied { setattr } for name="verified_contents.json" dev="dm-2" ino=1505006 scontext=u:r:isolated_app:s0:c512,c768 tcontext=u:object_r:app_data_file:s0:c512,c768 tclass=file permissive=0
10-30 14:50:33.461 12096 12114 I chromium: [INFO:child_process_service.cc(69)] ChildProcessService: Exiting child process.
10-30 14:50:33.463   422   422 E lowmemorykiller: Error writing /proc/12096/oom_score_adj; errno=22
10-30 14:50:33.464   772 20193 I ActivityManager: Killing 12096:com.android.chrome:sandboxed_process34/u0a60i521 (adj 0): isolated not needed
10-30 14:50:33.464   772   790 W zygote64: failed to open /acct/uid_99521/pid_12096/cgroup.procs: No such file or directory
10-30 14:50:33.482 11076 11076 W chromium: [WARNING:compositor_view.cc(342)] Child process died (type=6) pid=12096)
10-30 14:50:33.563   772  1327 I ActivityManager: Force stopping com.android.chrome appid=10060 user=0: from pid 12125
10-30 14:50:33.563   772  1327 I ActivityManager: Killing 11146:com.android.chrome:privileged_process0/u0a60 (adj 0): stop com.android.chrome
10-30 14:50:33.564   772  1327 W ActivityManager: Scheduling restart of crashed service com.android.chrome/org.chromium.content.app.PrivilegedProcessService0 in 1000ms
10-30 14:50:33.566   772  1327 I ActivityManager: Killing 11076:com.android.chrome/u0a60 (adj 0): stop com.android.chrome
10-30 14:50:33.572   772  1327 W ActivityManager: Force removing ActivityRecord{ef16207 u0 com.android.chrome/com.google.android.apps.chrome.Main t481}: app died, no saved state
10-30 14:50:33.576   772  1327 I WindowManager: Failed to capture screenshot of Token{10f0f34 ActivityRecord{ef16207 u0 com.android.chrome/com.google.android.apps.chrome.Main t481 f}} appWin=Window{8db3bd0 u0 com.android.chrome/com.google.android.apps.chrome.Main} drawState=4
10-30 14:50:33.578 11115 11115 I cr_ChildProcessService: Destroying ChildProcessService pid=11115
10-30 14:50:33.586 26466 26466 D BoundBrokerSvc: onUnbind: Intent { act=com.google.android.gms.auth.key.retrieval.service.START dat=chimera-action:com.google.android.gms.auth.key.retrieval.service.START cmp=com.google.android.gms/.chimera.GmsApiService }
10-30 14:50:33.589   772  1327 I ActivityManager: Killing 11640:com.android.chrome:sandboxed_process17/u0a60i504 (adj 0): isolated not needed
10-30 14:50:33.589   772  1327 I ActivityManager: Killing 11115:com.android.chrome:sandboxed_process0/u0a60i487 (adj 0): isolated not needed
10-30 14:50:33.593 10786 10786 I MemoryTrimmer: Trimming objects from memory, since app is in the background.
10-30 14:50:33.601  1311  1311 D CarrierSvcBindHelper: No carrier app for: 0
10-30 14:50:33.613  2964  2964 D RegisteredNfcFServicesCache: Service unchanged, not updating
10-30 14:50:33.619   772   790 W zygote64: kill(11146, 9) failed: No such process
10-30 14:50:33.637  3042  3179 I Adreno  : QUALCOMM build                   : 7142022, Ib5823dd10c
10-30 14:50:33.637  3042  3179 I Adreno  : Build Date                       : 06/23/17
10-30 14:50:33.637  3042  3179 I Adreno  : OpenGL ES Shader Compiler Version: EV031.18.00.00
10-30 14:50:33.637  3042  3179 I Adreno  : Local Branch                     : O11A
10-30 14:50:33.637  3042  3179 I Adreno  : Remote Branch                    : 
10-30 14:50:33.637  3042  3179 I Adreno  : Remote Branch                    : 
10-30 14:50:33.637  3042  3179 I Adreno  : Reconstruct Branch               : 
10-30 14:50:33.640  3042  3179 I vndksupport: sphal namespace is not configured for this process. Loading /vendor/lib64/hw/gralloc.msm8992.so from the current namespace instead.
10-30 14:50:33.645  3042  3179 I Adreno  : PFP: 0x00000000, ME: 0x00000000
10-30 14:50:33.648  3042  3179 I OpenGLRenderer: Initialized EGL, version 1.4
10-30 14:50:33.648  3042  3179 D OpenGLRenderer: Swap behavior 2
10-30 14:50:33.654   772  2969 E JavaBinder: !!! FAILED BINDER TRANSACTION !!!  (parcel size = 108)
10-30 14:50:33.655   772  2969 W InputMethodManagerService: Got RemoteException sending setActive(false) notification to pid 11076 uid 10060
10-30 14:50:33.655   772  2969 E JavaBinder: !!! FAILED BINDER TRANSACTION !!!  (parcel size = 108)
10-30 14:50:33.656   772 32228 D ConnectivityService: ConnectivityService NetworkRequestInfo binderDied(NetworkRequest [ LISTEN id=1092, [ Capabilities: INTERNET&NOT_RESTRICTED&TRUSTED&FOREGROUND] ], android.os.BinderProxy@6023b19)
10-30 14:50:33.657   772  2969 D ConnectivityService: ConnectivityService NetworkRequestInfo binderDied(NetworkRequest [ LISTEN id=1090, [ Capabilities: INTERNET&NOT_RESTRICTED&TRUSTED&FOREGROUND] ], android.os.BinderProxy@a255dbf)
10-30 14:50:33.657   772  2969 D ConnectivityService: ConnectivityService NetworkRequestInfo binderDied(NetworkRequest [ LISTEN id=1091, [ Capabilities: INTERNET&NOT_RESTRICTED&TRUSTED&FOREGROUND] ], android.os.BinderProxy@5334c8c)
10-30 14:50:33.657   772   862 E ConnectivityService: RemoteException caught trying to send a callback msg for NetworkRequest [ LISTEN id=1092, [ Capabilities: INTERNET&NOT_RESTRICTED&TRUSTED&FOREGROUND] ]
10-30 14:50:33.658   772   862 E ConnectivityService: RemoteException caught trying to send a callback msg for NetworkRequest [ LISTEN id=1090, [ Capabilities: INTERNET&NOT_RESTRICTED&TRUSTED&FOREGROUND] ]
10-30 14:50:33.659   913 20813 W InputMethodWrapper: Session is already finished: android.inputmethodservice.IInputMethodSessionWrapper@4154eee
10-30 14:50:33.659   772   862 E ConnectivityService: RemoteException caught trying to send a callback msg for NetworkRequest [ LISTEN id=1091, [ Capabilities: INTERNET&NOT_RESTRICTED&TRUSTED&FOREGROUND] ]
10-30 14:50:33.659   772   797 W ActivityManager: setHasOverlayUi called on unknown pid: 11076
10-30 14:50:33.666   772   790 W zygote64: failed to open /acct/uid_99504/pid_11640/cgroup.procs: No such file or directory
10-30 14:50:33.666   772   790 W zygote64: failed to open /acct/uid_99487/pid_11115/cgroup.procs: No such file or directory
10-30 14:50:33.694   772 10894 W ActivityManager: Unable to start service Intent { act=com.google.android.gms.speech.service.START pkg=com.google.android.gms } U=0: not found
10-30 14:50:33.695   772 13021 W ActivityManager: Unbind failed: could not find connection for android.os.BinderProxy@793148e
10-30 14:50:33.695 10786 10999 E GmsClient: unable to connect to service: com.google.android.gms.speech.service.START on com.google.android.gms
10-30 14:50:33.774 10786 10798 W SessionLifecycleManager: Handover failed. Creating new session controller.
10-30 14:50:33.779 10786 10786 I OptInState: There is a new client and it does not support opt-in. Dropping request.
10-30 14:50:33.815 10786 10786 I MicroDetectionWorker: #updateMicroDetector [detectionMode: [mDetectionMode: [1]]]
10-30 14:50:33.815 10786 10786 I MicroDetectionWorker: #startMicroDetector [speakerMode: 0]
10-30 14:50:33.820 10786 10786 I MicroDetectionWorker: onReady
10-30 14:50:33.821 10786 10809 I MicroRecognitionRunner: Starting detection.
10-30 14:50:33.821 10786 10815 I MicrophoneInputStream: mic_starting com.google.android.apps.gsa.speech.audio.af@a9da85f
10-30 14:50:33.822   556  7524 W DeviceHAL: Device 0xefa2d000 open_input_stream: Invalid argument
10-30 14:50:33.824   556 12138 I AudioFlinger: AudioFlinger's thread 0xec603dc0 tid=12138 ready to run
10-30 14:50:33.831   556   753 I SoundTriggerHwService::Module: onCallbackEvent no clients
10-30 14:50:33.832 10786 10815 I MicrophoneInputStream: mic_started com.google.android.apps.gsa.speech.audio.af@a9da85f
10-30 14:50:33.835   556 12139 D sound_trigger_platform: platform_stdev_check_and_update_concurrency: concurrency active 0, tx 1, rx 0, concurrency session_allowed 0
10-30 14:50:33.835   556 12139 D audio_hw_primary: enable_snd_device: snd_device(72: voice-rec-mic)
10-30 14:50:33.841   556 12139 D audio_hw_primary: enable_audio_route: usecase(9) apply and update mixer path: audio-record
10-30 14:50:33.903 10786 10786 I MicroDetectionWorker: onReady
10-30 14:50:34.076 12128 12128 D AndroidRuntime: >>>>>> START com.android.internal.os.RuntimeInit uid 2000 <<<<<<
10-30 14:50:34.175  3042  3179 W OpenGLRenderer: Incorrectly called buildLayer on View: ShortcutAndWidgetContainer, destroying layer...
10-30 14:50:34.278 12128 12128 D AndroidRuntime: Calling main entry com.android.commands.pm.Pm
10-30 14:50:34.320   772 13021 I ActivityManager: Force stopping com.android.chrome appid=10060 user=0: clear data
10-30 14:50:34.324   772   788 I ActivityManager: Force stopping com.android.chrome appid=10060 user=-1: clearApplicationUserData
10-30 14:50:34.420   560   560 I keystore: clear_uid 10060
10-30 14:50:34.448  1311  1311 D CarrierSvcBindHelper: No carrier app for: 0
10-30 14:50:34.452 12128 12128 I app_process: System.exit called, status: 0
10-30 14:50:34.452 12128 12128 I AndroidRuntime: VM exiting with result code 0.
10-30 14:50:34.452   772   787 W ResourceType: No known package when getting value for resource number 0x7f0904db
10-30 14:50:34.453   772   787 W ResourceType: No known package when getting value for resource number 0x7f140670
10-30 14:50:34.453   772   787 W ResourceType: No known package when getting value for resource number 0x7f0904da
10-30 14:50:34.453   772   787 W ResourceType: No known package when getting value for resource number 0x7f14018b
10-30 14:50:34.453   772   787 W ResourceType: No known package when getting value for resource number 0x7f14066f
10-30 14:50:34.453   772   787 W ResourceType: No known package when getting value for resource number 0x7f140434
10-30 14:50:34.453   772   787 E ShortcutService: Ignoring excessive intent tag.
10-30 14:50:34.475  2964  2964 D RegisteredNfcFServicesCache: Service unchanged, not updating
10-30 14:50:34.486 31420 12155 I Fitness : FitCleanupIntentOperation received Intent android.intent.action.PACKAGE_DATA_CLEARED [CONTEXT service_id=17 ]
10-30 14:50:34.522 26466 25116 I Icing   : doRemovePackageData com.android.chrome
10-30 14:50:34.523 26466 25116 I Icing   : Removing corpus key com.android.chrome-omnibox for package com.android.chrome
10-30 14:50:34.556 26466 25116 I native  : I0000 00:00:1667137834.556378   25116 flash-index.cc:1535] Flash index sort hb 10 prefix-hits 20 -> 18 at 8.904ms
10-30 14:50:34.652 26466 25116 I Icing   : Removing corpus key com.android.chrome-internal.3p:WebPage for package com.android.chrome
10-30 14:50:34.799 26466 25116 I Icing   : updateResources: need to parse anue{com.android.chrome}
10-30 14:50:34.804   772  4539 I ActivityManager: Force stopping com.android.chrome appid=10060 user=0: from pid 12177
10-30 14:50:34.809  1311  1311 D CarrierSvcBindHelper: No carrier app for: 0
10-30 14:50:34.820  2964  2964 D RegisteredNfcFServicesCache: Service unchanged, not updating
10-30 14:50:34.877 26466 25116 I Icing   : Indexing com.android.chrome-omnibox from com.android.chrome
10-30 14:50:34.896   772   784 I ActivityManager: Start proc 12181:com.android.chrome/u0a60 for content provider com.android.chrome/com.google.android.apps.chrome.icing.IcingProvider
10-30 14:50:34.945 12181 12181 I cr_SplitCompatApp: Launched version=106.0.5249.79 minSdkVersion=24 isBundle=true processName=com.android.chrome isIsolated=false
10-30 14:50:35.033 31420 31501 I FontLog : Received query Google Sans, URI content://com.google.android.gms.fonts [CONTEXT service_id=132 ]
10-30 14:50:35.033 31420 31501 I FontLog : Query [Google Sans] resolved to {Google Sans, wdth 100.0, wght 400, ital 0.0, bestEffort false} [CONTEXT service_id=132 ]
10-30 14:50:35.034 31420 31501 I FontLog : Font PFD returned from cache for {Google Sans, wdth 100.0, wght 400, ital 0.0, bestEffort false} [CONTEXT service_id=132 ]
10-30 14:50:35.034 31420 31501 I FontLog : Fetch {Google Sans, wdth 100.0, wght 400, ital 0.0, bestEffort false} end status Status{statusCode=SUCCESS, resolution=null} [CONTEXT service_id=132 ]
10-30 14:50:35.149 31420 31431 I FontLog : Pulling font file for id = 2010, cache size = 9 [CONTEXT service_id=132 ]
10-30 14:50:35.176 26466 25116 I Icing   : Indexing done com.android.chrome-omnibox
10-30 14:50:35.187 12179 12179 D AndroidRuntime: >>>>>> START com.android.internal.os.RuntimeInit uid 2000 <<<<<<
10-30 14:50:35.220 12181 12200 I cr_LibraryLoader: Successfully loaded native library
10-30 14:50:35.221 12181 12200 I cr_CachingUmaRecorder: Flushed 20 samples from 19 histograms.
10-30 14:50:35.263 31420 25451 I FontLog : Received query Google Sans:500, URI content://com.google.android.gms.fonts [CONTEXT service_id=132 ]
10-30 14:50:35.263 31420 25451 I FontLog : Query [Google Sans:500] resolved to {Google Sans, wdth 100.0, wght 500, ital 0.0, bestEffort false} [CONTEXT service_id=132 ]
10-30 14:50:35.264 31420 25451 I FontLog : Font PFD returned from cache for {Google Sans, wdth 100.0, wght 500, ital 0.0, bestEffort false} [CONTEXT service_id=132 ]
10-30 14:50:35.265 31420 25451 I FontLog : Fetch {Google Sans, wdth 100.0, wght 500, ital 0.0, bestEffort false} end status Status{statusCode=SUCCESS, resolution=null} [CONTEXT service_id=132 ]
10-30 14:50:35.295 31420 31432 I FontLog : Pulling font file for id = 2011, cache size = 10 [CONTEXT service_id=132 ]
10-30 14:50:35.307 12179 12179 D AndroidRuntime: Calling main entry com.android.commands.pm.Pm
10-30 14:50:35.312   772   785 I ActivityManager: Force stopping com.android.chrome appid=10060 user=0: clear data
10-30 14:50:35.312   772   785 I ActivityManager: Killing 12181:com.android.chrome/u0a60 (adj 700): stop com.android.chrome
10-30 14:50:35.316   772   788 I ActivityManager: Force stopping com.android.chrome appid=10060 user=-1: clearApplicationUserData
10-30 14:50:35.317   560   560 I keystore: clear_uid 10060
10-30 14:50:35.341  1311  1311 D CarrierSvcBindHelper: No carrier app for: 0
10-30 14:50:35.343   772   787 W ResourceType: No known package when getting value for resource number 0x7f0904db
10-30 14:50:35.343   772   787 W ResourceType: No known package when getting value for resource number 0x7f140670
10-30 14:50:35.343   772   787 W ResourceType: No known package when getting value for resource number 0x7f0904da
10-30 14:50:35.344   772   787 W ResourceType: No known package when getting value for resource number 0x7f14018b
10-30 14:50:35.344   772   787 W ResourceType: No known package when getting value for resource number 0x7f14066f
10-30 14:50:35.344   772   787 W ResourceType: No known package when getting value for resource number 0x7f140434
10-30 14:50:35.344   772   787 E ShortcutService: Ignoring excessive intent tag.
10-30 14:50:35.345 12179 12179 I app_process: System.exit called, status: 0
10-30 14:50:35.345 12179 12179 I AndroidRuntime: VM exiting with result code 0.
10-30 14:50:35.366  2964  2964 D RegisteredNfcFServicesCache: Service unchanged, not updating
10-30 14:50:35.386 31420 12152 I Fitness : FitCleanupIntentOperation received Intent android.intent.action.PACKAGE_DATA_CLEARED [CONTEXT service_id=17 ]
10-30 14:50:35.389 26466 25116 I Icing   : doRemovePackageData com.android.chrome
10-30 14:50:35.389 26466 25116 I Icing   : Removing corpus key com.android.chrome-omnibox for package com.android.chrome
10-30 14:50:35.446 26466 25116 I Icing   : updateResources: need to parse anue{com.android.chrome}
10-30 14:50:35.504 26466 25116 I Icing   : Indexing com.android.chrome-omnibox from com.android.chrome
10-30 14:50:35.517   772 10860 I ActivityManager: Start proc 12217:com.android.chrome/u0a60 for content provider com.android.chrome/com.google.android.apps.chrome.icing.IcingProvider
10-30 14:50:35.568 12217 12217 I cr_SplitCompatApp: Launched version=106.0.5249.79 minSdkVersion=24 isBundle=true processName=com.android.chrome isIsolated=false
10-30 14:50:35.713 31420 31465 I FontLog : Received query Google Sans, URI content://com.google.android.gms.fonts [CONTEXT service_id=132 ]
10-30 14:50:35.714 31420 31465 I FontLog : Query [Google Sans] resolved to {Google Sans, wdth 100.0, wght 400, ital 0.0, bestEffort false} [CONTEXT service_id=132 ]
10-30 14:50:35.718 31420 31465 I FontLog : Font PFD returned from cache for {Google Sans, wdth 100.0, wght 400, ital 0.0, bestEffort false} [CONTEXT service_id=132 ]
10-30 14:50:35.719 31420 31465 I FontLog : Fetch {Google Sans, wdth 100.0, wght 400, ital 0.0, bestEffort false} end status Status{statusCode=SUCCESS, resolution=null} [CONTEXT service_id=132 ]
10-30 14:50:35.783 31420  2270 I FontLog : Pulling font file for id = 2012, cache size = 9 [CONTEXT service_id=132 ]
10-30 14:50:35.846 26466 25116 I Icing   : Indexing done com.android.chrome-omnibox
10-30 14:50:35.865 12217 12236 I cr_LibraryLoader: Successfully loaded native library
10-30 14:50:35.866 12217 12236 I cr_CachingUmaRecorder: Flushed 20 samples from 19 histograms.
10-30 14:50:35.900 31420 31431 I FontLog : Received query Google Sans:500, URI content://com.google.android.gms.fonts [CONTEXT service_id=132 ]
10-30 14:50:35.900 31420 31431 I FontLog : Query [Google Sans:500] resolved to {Google Sans, wdth 100.0, wght 500, ital 0.0, bestEffort false} [CONTEXT service_id=132 ]
10-30 14:50:35.902 31420 31431 I FontLog : Font PFD returned from cache for {Google Sans, wdth 100.0, wght 500, ital 0.0, bestEffort false} [CONTEXT service_id=132 ]
10-30 14:50:35.905 31420 31431 I FontLog : Fetch {Google Sans, wdth 100.0, wght 500, ital 0.0, bestEffort false} end status Status{statusCode=SUCCESS, resolution=null} [CONTEXT service_id=132 ]
10-30 14:50:35.943 31420 31501 I FontLog : Pulling font file for id = 2013, cache size = 10 [CONTEXT service_id=132 ]
10-30 14:50:35.999 31420 31431 I FontLog : Received query Google Sans:700, URI content://com.google.android.gms.fonts [CONTEXT service_id=132 ]
10-30 14:50:36.000 31420 31431 I FontLog : Query [Google Sans:700] resolved to {Google Sans, wdth 100.0, wght 700, ital 0.0, bestEffort false} [CONTEXT service_id=132 ]
10-30 14:50:36.001 31420 31431 I FontLog : Fetch {Google Sans, wdth 100.0, wght 700, ital 0.0, bestEffort false} end status Status{statusCode=SUCCESS, resolution=null} [CONTEXT service_id=132 ]
10-30 14:50:36.011 31420 31501 I FontLog : Pulling font file for id = 2014, cache size = 8 [CONTEXT service_id=132 ]
