10-30 19:44:43.105 23105 23105 E /system/bin/webview_zygote32: failed to make and chown /acct/uid_99500: Permission denied
10-30 19:44:43.105 23105 23105 E Zygote  : createProcessGroup(99500, 0) failed: Permission denied
10-30 19:44:43.114   772  4540 I ActivityManager: Start proc 23105:com.android.chrome:sandboxed_process27/u0i500 for webview_service com.android.chrome/org.chromium.content.app.SandboxedProcessService27
10-30 19:44:43.123 22227 22227 W chromium: [WARNING:compositor_view.cc(342)] Child process died (type=6) pid=23075)
10-30 19:44:43.145 23105 23105 I SamplingProfilerIntegration: Profiling disabled.
10-30 19:44:43.169 23120 23120 E asset   : setgid: Operation not permitted
10-30 19:44:43.198 23105 23105 I cr_SplitCompatApp: Launched version=106.0.5249.79 minSdkVersion=24 isBundle=true processName=com.android.chrome:sandboxed_process27 isIsolated=true
10-30 19:44:43.201 23105 23105 W SystemServiceRegistry: No service published for: uimode
10-30 19:44:43.208 23105 23105 I cr_ChildProcessService: Creating new ChildProcessService pid=23105
10-30 19:44:43.220 23105 23105 E WebViewFactory: can't load with relro file; address space not reserved
10-30 19:44:43.230 23105 23122 I cr_LibraryLoader: Successfully loaded native library
10-30 19:44:43.231 23105 23122 I cr_CachingUmaRecorder: Flushed 3 samples from 3 histograms.
10-30 19:44:43.248 23126 23126 W ThreadPoolForeg: type=1400 audit(0.0:9608): avc: denied { setattr } for name="model-info.pb" dev="dm-2" ino=1504937 scontext=u:r:isolated_app:s0:c512,c768 tcontext=u:object_r:app_data_file:s0:c512,c768 tclass=file permissive=0
10-30 19:44:43.262 23126 23126 W ThreadPoolForeg: type=1400 audit(0.0:9609): avc: denied { setattr } for name="model.tflite" dev="dm-2" ino=1504938 scontext=u:r:isolated_app:s0:c512,c768 tcontext=u:object_r:app_data_file:s0:c512,c768 tclass=file permissive=0
10-30 19:44:43.275 23105 23122 I chromium: [INFO:child_process_service.cc(69)] ChildProcessService: Exiting child process.
10-30 19:44:43.276   422   422 E lowmemorykiller: Error writing /proc/23105/oom_score_adj; errno=22
10-30 19:44:43.277   772 13071 I ActivityManager: Killing 23105:com.android.chrome:sandboxed_process27/u0a60i500 (adj 0): isolated not needed
10-30 19:44:43.277   772   790 W zygote64: failed to open /acct/uid_99500/pid_23105/cgroup.procs: No such file or directory
10-30 19:44:43.302 22227 22227 W chromium: [WARNING:compositor_view.cc(342)] Child process died (type=6) pid=23105)
10-30 19:44:44.155 22227 22227 W chromium: [WARNING:controller_impl.cc(1190)] Background download complete, client: 6, completion type: 0, file size:1008531
10-30 19:44:44.171 22227 22346 I cr_omaha: OmahaBase::generateAndPostRequest(): Sending request to Omaha:
10-30 19:44:44.171 22227 22346 I cr_omaha: <?xml version='1.0' encoding='UTF-8' standalone='yes' ?><request protocol="3.0" updater="Android" updaterversion="106.0.5249.79" updaterchannel="chrome" ismachine="1" requestid="{c69be75d-449d-4391-9744-9e8cea3baf54}" sessionid="{869c7464-da35-4959-b195-a91181e84581}" installsource="system_image" dedup="cr"><os platform="android" version="8.0.0" arch="arm" /><app brand="" client="ms-android-google" appid="{387E11AD-7109-45F6-83CF-CAA241ADC9DF}" version="106.0.5249.79" nextversion="" lang="en-US" installage="-1" ap="chrome;google;nexus 5x"><event eventtype="2" eventresult="1" /></app></request>
10-30 19:44:44.187 23130 23130 E /system/bin/webview_zygote32: failed to make and chown /acct/uid_99501: Permission denied
10-30 19:44:44.187 23130 23130 E Zygote  : createProcessGroup(99501, 0) failed: Permission denied
10-30 19:44:44.187   772  3037 I ActivityManager: Start proc 23130:com.android.chrome:sandboxed_process28/u0i501 for webview_service com.android.chrome/org.chromium.content.app.SandboxedProcessService28
10-30 19:44:44.204 23130 23130 I SamplingProfilerIntegration: Profiling disabled.
10-30 19:44:44.235 23143 23143 E asset   : setgid: Operation not permitted
10-30 19:44:44.268 23130 23130 I cr_SplitCompatApp: Launched version=106.0.5249.79 minSdkVersion=24 isBundle=true processName=com.android.chrome:sandboxed_process28 isIsolated=true
10-30 19:44:44.272 23130 23130 W SystemServiceRegistry: No service published for: uimode
10-30 19:44:44.280 23130 23130 I cr_ChildProcessService: Creating new ChildProcessService pid=23130
10-30 19:44:44.285 23130 23130 E WebViewFactory: can't load with relro file; address space not reserved
10-30 19:44:44.299 23130 23145 I cr_LibraryLoader: Successfully loaded native library
10-30 19:44:44.300 23130 23145 I cr_CachingUmaRecorder: Flushed 3 samples from 3 histograms.
10-30 19:44:44.315 23150 23150 W ThreadPoolForeg: type=1400 audit(0.0:9610): avc: denied { setattr } for name="model-info.pb" dev="dm-2" ino=1504948 scontext=u:r:isolated_app:s0:c512,c768 tcontext=u:object_r:app_data_file:s0:c512,c768 tclass=file permissive=0
10-30 19:44:44.315 23150 23150 W ThreadPoolForeg: type=1400 audit(0.0:9611): avc: denied { setattr } for name="VERSION.txt" dev="dm-2" ino=1504949 scontext=u:r:isolated_app:s0:c512,c768 tcontext=u:object_r:app_data_file:s0:c512,c768 tclass=file permissive=0
10-30 19:44:44.318 23150 23150 W ThreadPoolForeg: type=1400 audit(0.0:9612): avc: denied { setattr } for name="override_list.pb.gz" dev="dm-2" ino=1504950 scontext=u:r:isolated_app:s0:c512,c768 tcontext=u:object_r:app_data_file:s0:c512,c768 tclass=file permissive=0
10-30 19:44:44.351 22227 22346 I cr_omaha: OmahaBase::generateAndPostRequest(): Received response from Omaha:
10-30 19:44:44.351 22227 22346 I cr_omaha: <?xml version="1.0" encoding="UTF-8"?><response protocol="3.0" server="prod"><daystart elapsed_days="5781" elapsed_seconds="42282"/><app appid="{387E11AD-7109-45F6-83CF-CAA241ADC9DF}" status="ok"><event status="ok"/></app></response>
10-30 19:44:44.361 22227 22346 I cr_omaha: Request to Server Successful. Timestamp for next request:1667159084361
10-30 19:44:44.365 23150 23150 W ThreadPoolForeg: type=1400 audit(0.0:9613): avc: denied { setattr } for name="model.tflite" dev="dm-2" ino=1504951 scontext=u:r:isolated_app:s0:c512,c768 tcontext=u:object_r:app_data_file:s0:c512,c768 tclass=file permissive=0
10-30 19:44:44.370 22227 22346 I cr_omaha: OmahaBase::generateAndPostRequest(): Sending request to Omaha:
10-30 19:44:44.370 22227 22346 I cr_omaha: <?xml version='1.0' encoding='UTF-8' standalone='yes' ?><request protocol="3.0" updater="Android" updaterversion="106.0.5249.79" updaterchannel="chrome" ismachine="1" requestid="{81d2fe4f-d5ea-471c-ac45-7623ed5bebe1}" sessionid="{869c7464-da35-4959-b195-a91181e84581}" installsource="system_image" dedup="cr"><os platform="android" version="8.0.0" arch="arm" /><app brand="" client="ms-android-google" appid="{387E11AD-7109-45F6-83CF-CAA241ADC9DF}" version="106.0.5249.79" nextversion="" lang="en-US" installage="0" ap="chrome;google;nexus 5x"><updatecheck /><ping active="1" ad="5781" rd="5781" /></app></request>
10-30 19:44:44.375 23130 23145 I chromium: [INFO:child_process_service.cc(69)] ChildProcessService: Exiting child process.
10-30 19:44:44.377   422   422 E lowmemorykiller: Error writing /proc/23130/oom_score_adj; errno=22
10-30 19:44:44.378   772 10895 I ActivityManager: Killing 23130:com.android.chrome:sandboxed_process28/u0a60i501 (adj 0): isolated not needed
10-30 19:44:44.378   772   790 W zygote64: failed to open /acct/uid_99501/pid_23130/cgroup.procs: No such file or directory
10-30 19:44:44.387 22227 22227 W chromium: [WARNING:compositor_view.cc(342)] Child process died (type=6) pid=23130)
10-30 19:44:44.406 22227 22346 I cr_omaha: OmahaBase::generateAndPostRequest(): Received response from Omaha:
10-30 19:44:44.406 22227 22346 I cr_omaha: <?xml version="1.0" encoding="UTF-8"?><response protocol="3.0" server="prod"><daystart elapsed_days="5781" elapsed_seconds="42282"/><app appid="{387E11AD-7109-45F6-83CF-CAA241ADC9DF}" cohort="1:hyx:" cohortname="Stable Chrome" status="ok"><updatecheck status="noupdate"/><ping status="ok"/></app></response>
10-30 19:44:44.408 22227 22346 I cr_omaha: Request to Server Successful. Timestamp for next request:1667159084408
10-30 19:44:44.408 22227 22346 I cr_omaha: Attempting to schedule next job for: Mon Oct 31 00:44:44 GMT+01:00 2022
10-30 19:44:44.412 22227 22227 I cr_omaha: Scheduled using JobService
10-30 19:44:44.413 22227 22227 E cr_BkgrdTaskJS: Tried finishing non-current BackgroundTask.
10-30 19:44:44.413 22227 22227 W chromium: [WARNING:controller_impl.cc(1190)] Background download complete, client: 6, completion type: 0, file size:9419
10-30 19:44:44.432 23152 23152 E /system/bin/webview_zygote32: failed to make and chown /acct/uid_99502: Permission denied
10-30 19:44:44.432 23152 23152 E Zygote  : createProcessGroup(99502, 0) failed: Permission denied
10-30 19:44:44.437   772   784 I ActivityManager: Start proc 23152:com.android.chrome:sandboxed_process29/u0i502 for webview_service com.android.chrome/org.chromium.content.app.SandboxedProcessService29
10-30 19:44:44.455 23152 23152 I SamplingProfilerIntegration: Profiling disabled.
10-30 19:44:44.471 23165 23165 E asset   : setgid: Operation not permitted
10-30 19:44:44.495 23152 23152 I cr_SplitCompatApp: Launched version=106.0.5249.79 minSdkVersion=24 isBundle=true processName=com.android.chrome:sandboxed_process29 isIsolated=true
10-30 19:44:44.506 23152 23152 W SystemServiceRegistry: No service published for: uimode
10-30 19:44:44.513 23152 23152 I cr_ChildProcessService: Creating new ChildProcessService pid=23152
10-30 19:44:44.518 23152 23152 E WebViewFactory: can't load with relro file; address space not reserved
10-30 19:44:44.527 23152 23167 I cr_LibraryLoader: Successfully loaded native library
10-30 19:44:44.528 23152 23167 I cr_CachingUmaRecorder: Flushed 3 samples from 3 histograms.
10-30 19:44:44.542 23171 23171 W ThreadPoolForeg: type=1400 audit(0.0:9614): avc: denied { setattr } for name="model-info.pb" dev="dm-2" ino=1504954 scontext=u:r:isolated_app:s0:c512,c768 tcontext=u:object_r:app_data_file:s0:c512,c768 tclass=file permissive=0
10-30 19:44:44.545 23171 23171 W ThreadPoolForeg: type=1400 audit(0.0:9615): avc: denied { setattr } for name="model.tflite" dev="dm-2" ino=1504955 scontext=u:r:isolated_app:s0:c512,c768 tcontext=u:object_r:app_data_file:s0:c512,c768 tclass=file permissive=0
10-30 19:44:44.549 23152 23167 I chromium: [INFO:child_process_service.cc(69)] ChildProcessService: Exiting child process.
10-30 19:44:44.551   422   422 E lowmemorykiller: Error writing /proc/23152/oom_score_adj; errno=22
10-30 19:44:44.552   772 10894 I ActivityManager: Killing 23152:com.android.chrome:sandboxed_process29/u0a60i502 (adj 0): isolated not needed
10-30 19:44:44.552   772   790 W zygote64: failed to open /acct/uid_99502/pid_23152/cgroup.procs: No such file or directory
10-30 19:44:44.567 22227 22227 W chromium: [WARNING:compositor_view.cc(342)] Child process died (type=6) pid=23152)
10-30 19:44:44.646 22227 22227 I cr_tabmodel: Appending tabs being restored to metadata lists, 0, startingNormalCount: 2, startingIncognitoCount: 0
10-30 19:44:44.646 22227 22227 I cr_tabmodel: Serializing tab lists; counts: 2, 0
10-30 19:44:44.768 22227 22227 W chromium: [WARNING:controller_impl.cc(1190)] Background download complete, client: 6, completion type: 0, file size:4951
10-30 19:44:44.794 23178 23178 E /system/bin/webview_zygote32: failed to make and chown /acct/uid_99503: Permission denied
10-30 19:44:44.794 23178 23178 E Zygote  : createProcessGroup(99503, 0) failed: Permission denied
10-30 19:44:44.797   772  4540 I ActivityManager: Start proc 23178:com.android.chrome:sandboxed_process30/u0i503 for webview_service com.android.chrome/org.chromium.content.app.SandboxedProcessService30
10-30 19:44:44.810 23178 23178 I SamplingProfilerIntegration: Profiling disabled.
10-30 19:44:44.824  3535  3535 D BoundBrokerSvc: onBind: Intent { act=com.google.android.gms.common.BIND_SHARED_PREFS pkg=com.google.android.gms }
10-30 19:44:44.824  3535  3535 D BoundBrokerSvc: Loading bound service for intent: Intent { act=com.google.android.gms.common.BIND_SHARED_PREFS pkg=com.google.android.gms }
10-30 19:44:44.830  3535  3535 D BoundBrokerSvc: onUnbind: Intent { act=com.google.android.gms.common.BIND_SHARED_PREFS pkg=com.google.android.gms }
10-30 19:44:44.833 23191 23191 E asset   : setgid: Operation not permitted
10-30 19:44:44.874 23178 23178 I cr_SplitCompatApp: Launched version=106.0.5249.79 minSdkVersion=24 isBundle=true processName=com.android.chrome:sandboxed_process30 isIsolated=true
10-30 19:44:44.879 23178 23178 W SystemServiceRegistry: No service published for: uimode
10-30 19:44:44.888 23178 23178 I cr_ChildProcessService: Creating new ChildProcessService pid=23178
10-30 19:44:44.893 23178 23178 E WebViewFactory: can't load with relro file; address space not reserved
10-30 19:44:44.903 23178 23192 I cr_LibraryLoader: Successfully loaded native library
10-30 19:44:44.904 23178 23192 I cr_CachingUmaRecorder: Flushed 3 samples from 3 histograms.
10-30 19:44:44.928 23195 23195 W ThreadPoolForeg: type=1400 audit(0.0:9616): avc: denied { setattr } for name="model-info.pb" dev="dm-2" ino=1504959 scontext=u:r:isolated_app:s0:c512,c768 tcontext=u:object_r:app_data_file:s0:c512,c768 tclass=file permissive=0
10-30 19:44:44.932 23195 23195 W ThreadPoolForeg: type=1400 audit(0.0:9617): avc: denied { setattr } for name="model.tflite" dev="dm-2" ino=1504960 scontext=u:r:isolated_app:s0:c512,c768 tcontext=u:object_r:app_data_file:s0:c512,c768 tclass=file permissive=0
10-30 19:44:44.938 23178 23192 I chromium: [INFO:child_process_service.cc(69)] ChildProcessService: Exiting child process.
10-30 19:44:44.939   422   422 E lowmemorykiller: Error writing /proc/23178/oom_score_adj; errno=22
10-30 19:44:44.940   772 13022 I ActivityManager: Killing 23178:com.android.chrome:sandboxed_process30/u0a60i503 (adj 0): isolated not needed
10-30 19:44:44.941   772   790 W zygote64: failed to open /acct/uid_99503/pid_23178/cgroup.procs: No such file or directory
10-30 19:44:44.952 22227 22227 W chromium: [WARNING:compositor_view.cc(342)] Child process died (type=6) pid=23178)
10-30 19:44:49.596 22227 22227 E cr_BTSPrefs: No data found for task id: 56
10-30 19:44:49.598 22227 22227 E cr_BkgrdTaskScheduler: Task cannot be canceled because no data was found instorage or data was invalid
10-30 19:44:53.709 22227 22227 W ResourceType: Failure getting entry for 0x7f010888 (t=0 e=2184) (error -75)
10-30 19:44:53.753 22227 22227 I chatty  : uid=10060(u0_a60) identical 7 lines
10-30 19:44:53.758 22227 22227 W ResourceType: Failure getting entry for 0x7f010888 (t=0 e=2184) (error -75)
10-30 19:44:53.762 22227 22227 I cr_TopSites: Start a new task.
10-30 19:44:53.762 22227 22346 I cr_TopSites: Serializing top sites lists finished; count: 9
10-30 19:44:53.768 22227 22346 I cr_TopSites: Finished saving top sites list to file:/data/user/0/com.android.chrome/app_top_sites/top_sites
10-30 19:45:13.017   772 32228 D WificondControl: Scan result ready event
10-30 19:45:13.051  3960  3972 I ChimeraSrvcProxy: NullBinder for android.net.action.RECOMMEND_NETWORKS triggering remote TransactionTooLargeException due to Service without Chimera impl
10-30 19:45:31.600 22227 22227 I cr_media: Create MediaDrmBridge with level L3 and origin C2EB4873F2515024213D13CB9817C266
10-30 19:45:31.621   361   361 W /system/bin/hwservicemanager: getTransportFromManifest: Cannot find entry android.hardware.drm@1.0::IDrmFactory in either framework or device manifest, using default transport.
10-30 19:45:31.731   562  5487 I DrmHal  : makeDrmFactories: using default drm instance
10-30 19:45:31.743   361   361 W /system/bin/hwservicemanager: getTransportFromManifest: Cannot find entry android.hardware.drm@1.0::IDrmFactory in either framework or device manifest, using default transport.
10-30 19:45:31.755   562   562 I DrmHal  : makeDrmFactories: using default drm instance
10-30 19:45:31.755   562  5487 D WVCdm   : Instantiating CDM.
10-30 19:45:31.764   562   562 I WVCdm   : CdmEngine::QueryStatus
10-30 19:45:31.764   562   562 I WVCdm   : Level3 Library 4445 May 19 2017 17:17:20
10-30 19:45:31.778   562   562 D QSEECOMAPI: : QSEECom_get_handle sb_length = 0x19000
10-30 19:45:31.778   562   562 D QSEECOMAPI: : App is not loaded in QSEE
10-30 19:45:31.835   562   562 D QSEECOMAPI: : Loaded image: APP id = 866
10-30 19:45:31.841   562   562 D QSAPPSVER: qsapps_get_capabilities: Capability from secure side: 0x0
10-30 19:45:31.841   562   562 D QSAPPSVER: qsapps_get_capabilities: returns 0
10-30 19:45:31.841   562   562 E DrmWidevineDash: sion_buffer g_wv_fhandle->ion_sbuffer  0x0xf00a7000
10-30 19:45:31.845   372   376 D DrmLibTime: got the req here! ret=0
10-30 19:45:31.845   372   376 D DrmLibTime: command id, time_cmd_id = 770
10-30 19:45:31.845   372   376 D DrmLibTime: time_getutcsec starts!
10-30 19:45:31.845   372   376 D DrmLibTime: QSEE Time Listener: time_getutcsec
10-30 19:45:31.845   372   376 D DrmLibTime: QSEE Time Listener: get_utc_seconds
10-30 19:45:31.845   372   376 D DrmLibTime: QSEE Time Listener: time_get_modem_time
10-30 19:45:31.845   372   376 D DrmLibTime: QSEE Time Listener: Checking if ATS_MODEM is set or not.
10-30 19:45:31.845   372   376 D QC-time-services: Lib:time_genoff_operation: pargs->base = 13
10-30 19:45:31.845   372   376 D QC-time-services: Lib:time_genoff_operation: pargs->operation = 2
10-30 19:45:31.845   372   376 D QC-time-services: Lib:time_genoff_operation: pargs->ts_val = 0
10-30 19:45:31.846   372   376 D QC-time-services: Lib:time_genoff_operation: Send to server  passed!!
10-30 19:45:31.846   625   647 D QC-time-services: Daemon: Connection accepted:time_genoff
10-30 19:45:31.846   625 23208 D QC-time-services: Daemon:Received base = 13, unit = 1, operation = 2,value = 0
10-30 19:45:31.846   625 23208 D QC-time-services: Daemon:genoff_opr: Base = 13, val = 0, operation = 2
10-30 19:45:31.847   625 23208 D QC-time-services: offset is: 0 for base: 13
10-30 19:45:31.847   372   376 E QC-time-services: Receive Passed == base = 13, unit = 1, operation = 2, result = 0
10-30 19:45:31.847   372   376 D DrmLibTime: QSEE Time Listener: ATS_MODEM is not set. Fallback to Android system time.
10-30 19:45:31.847   372   376 D DrmLibTime: QSEE Time Listener: Retrieved Android system time: 1667155531
10-30 19:45:31.847   372   376 D DrmLibTime: time_getutcsec returns 0, sec = 1667155531; nsec = 0
10-30 19:45:31.847   372   376 D DrmLibTime: time_getutcsec finished! 
10-30 19:45:31.847   372   376 D DrmLibTime: iotcl_continue_command finished! and return 0 
10-30 19:45:31.847   372   376 D DrmLibTime: before calling ioctl to read the next time_cmd
10-30 19:45:31.847   625   647 E QC-time-services: Daemon: Time-services: Waiting to acceptconnection
10-30 19:45:31.888   562   562 D WVCdm   : OEMCrypto_Initialize Level 1 success. I will use level 1.
10-30 19:45:31.889   562   562 D QSEECOMAPI: : QSEECom_dealloc_memory 
10-30 19:45:31.889   562   562 D QSEECOMAPI: : QSEECom_shutdown_app, app_id = 866
10-30 19:45:31.897   562 19051 I WVCdm   : CdmEngine::OpenSession
10-30 19:45:31.898   562 19051 I WVCdm   : Level3 Library 4445 May 19 2017 17:17:20
10-30 19:45:31.904   562 19051 D QSEECOMAPI: : QSEECom_get_handle sb_length = 0x19000
10-30 19:45:31.904   562 19051 D QSEECOMAPI: : App is not loaded in QSEE
10-30 19:45:31.955   562 19051 D QSEECOMAPI: : Loaded image: APP id = 867
10-30 19:45:31.960   562 19051 D QSAPPSVER: qsapps_get_capabilities: Capability from secure side: 0x0
10-30 19:45:31.960   562 19051 D QSAPPSVER: qsapps_get_capabilities: returns 0
10-30 19:45:31.960   562 19051 E DrmWidevineDash: sion_buffer g_wv_fhandle->ion_sbuffer  0x0xf00a7000
10-30 19:45:31.963   372   376 D DrmLibTime: got the req here! ret=0
10-30 19:45:31.963   372   376 D DrmLibTime: command id, time_cmd_id = 770
10-30 19:45:31.963   372   376 D DrmLibTime: time_getutcsec starts!
10-30 19:45:31.963   372   376 D DrmLibTime: QSEE Time Listener: time_getutcsec
10-30 19:45:31.963   372   376 D DrmLibTime: QSEE Time Listener: get_utc_seconds
10-30 19:45:31.963   372   376 D DrmLibTime: QSEE Time Listener: time_get_modem_time
10-30 19:45:31.963   372   376 D DrmLibTime: QSEE Time Listener: Checking if ATS_MODEM is set or not.
10-30 19:45:31.963   372   376 D QC-time-services: Lib:time_genoff_operation: pargs->base = 13
10-30 19:45:31.963   372   376 D QC-time-services: Lib:time_genoff_operation: pargs->operation = 2
10-30 19:45:31.963   372   376 D QC-time-services: Lib:time_genoff_operation: pargs->ts_val = 0
10-30 19:45:31.963   372   376 D QC-time-services: Lib:time_genoff_operation: Send to server  passed!!
10-30 19:45:31.964   625   647 D QC-time-services: Daemon: Connection accepted:time_genoff
10-30 19:45:31.964   625 23209 D QC-time-services: Daemon:Received base = 13, unit = 1, operation = 2,value = 0
10-30 19:45:31.964   625 23209 D QC-time-services: Daemon:genoff_opr: Base = 13, val = 0, operation = 2
10-30 19:45:31.964   625 23209 D QC-time-services: offset is: 0 for base: 13
10-30 19:45:31.964   372   376 E QC-time-services: Receive Passed == base = 13, unit = 1, operation = 2, result = 0
10-30 19:45:31.964   372   376 D DrmLibTime: QSEE Time Listener: ATS_MODEM is not set. Fallback to Android system time.
10-30 19:45:31.964   372   376 D DrmLibTime: QSEE Time Listener: Retrieved Android system time: 1667155531
10-30 19:45:31.964   372   376 D DrmLibTime: time_getutcsec returns 0, sec = 1667155531; nsec = 0
10-30 19:45:31.964   372   376 D DrmLibTime: time_getutcsec finished! 
10-30 19:45:31.964   372   376 D DrmLibTime: iotcl_continue_command finished! and return 0 
10-30 19:45:31.964   372   376 D DrmLibTime: before calling ioctl to read the next time_cmd
10-30 19:45:31.965   625   647 E QC-time-services: Daemon: Time-services: Waiting to acceptconnection
10-30 19:45:31.988   562 19051 D WVCdm   : OEMCrypto_Initialize Level 1 success. I will use level 1.
10-30 19:45:31.988   562 19051 D WVCdm   : CryptoSession::Open: Lock: requested_security_level: L3
10-30 19:45:32.006   562 19051 W WVCdm   : DeviceFiles::RetrieveHashedFile: /data/mediadrm/IDM1013/L3/cert.bin does not exist
10-30 19:45:32.007   562 19051 D QSEECOMAPI: : QSEECom_dealloc_memory 
10-30 19:45:32.007   562 19051 D QSEECOMAPI: : QSEECom_shutdown_app, app_id = 867
10-30 19:45:32.038   562  5487 I WVCdm   : Level3 Library 4445 May 19 2017 17:17:20
10-30 19:45:32.044   562  5487 D QSEECOMAPI: : QSEECom_get_handle sb_length = 0x19000
10-30 19:45:32.044   562  5487 D QSEECOMAPI: : App is not loaded in QSEE
10-30 19:45:32.094   562  5487 D QSEECOMAPI: : Loaded image: APP id = 868
10-30 19:45:32.098   562  5487 D QSAPPSVER: qsapps_get_capabilities: Capability from secure side: 0x0
10-30 19:45:32.098   562  5487 D QSAPPSVER: qsapps_get_capabilities: returns 0
10-30 19:45:32.098   562  5487 E DrmWidevineDash: sion_buffer g_wv_fhandle->ion_sbuffer  0x0xf00a7000
10-30 19:45:32.102   372   376 D DrmLibTime: got the req here! ret=0
10-30 19:45:32.102   372   376 D DrmLibTime: command id, time_cmd_id = 770
10-30 19:45:32.102   372   376 D DrmLibTime: time_getutcsec starts!
10-30 19:45:32.102   372   376 D DrmLibTime: QSEE Time Listener: time_getutcsec
10-30 19:45:32.102   372   376 D DrmLibTime: QSEE Time Listener: get_utc_seconds
10-30 19:45:32.102   372   376 D DrmLibTime: QSEE Time Listener: time_get_modem_time
10-30 19:45:32.102   372   376 D DrmLibTime: QSEE Time Listener: Checking if ATS_MODEM is set or not.
10-30 19:45:32.102   372   376 D QC-time-services: Lib:time_genoff_operation: pargs->base = 13
10-30 19:45:32.102   372   376 D QC-time-services: Lib:time_genoff_operation: pargs->operation = 2
10-30 19:45:32.102   372   376 D QC-time-services: Lib:time_genoff_operation: pargs->ts_val = 0
10-30 19:45:32.102   372   376 D QC-time-services: Lib:time_genoff_operation: Send to server  passed!!
10-30 19:45:32.102   625   647 D QC-time-services: Daemon: Connection accepted:time_genoff
10-30 19:45:32.103   625 23210 D QC-time-services: Daemon:Received base = 13, unit = 1, operation = 2,value = 0
10-30 19:45:32.103   625 23210 D QC-time-services: Daemon:genoff_opr: Base = 13, val = 0, operation = 2
10-30 19:45:32.103   625 23210 D QC-time-services: offset is: 0 for base: 13
10-30 19:45:32.103   372   376 E QC-time-services: Receive Passed == base = 13, unit = 1, operation = 2, result = 0
10-30 19:45:32.103   372   376 D DrmLibTime: QSEE Time Listener: ATS_MODEM is not set. Fallback to Android system time.
10-30 19:45:32.103   372   376 D DrmLibTime: QSEE Time Listener: Retrieved Android system time: 1667155532
10-30 19:45:32.103   372   376 D DrmLibTime: time_getutcsec returns 0, sec = 1667155532; nsec = 0
10-30 19:45:32.103   372   376 D DrmLibTime: time_getutcsec finished! 
10-30 19:45:32.103   372   376 D DrmLibTime: iotcl_continue_command finished! and return 0 
10-30 19:45:32.103   372   376 D DrmLibTime: before calling ioctl to read the next time_cmd
10-30 19:45:32.103   625   647 E QC-time-services: Daemon: Time-services: Waiting to acceptconnection
10-30 19:45:32.138   562  5487 D WVCdm   : OEMCrypto_Initialize Level 1 success. I will use level 1.
10-30 19:45:32.138   562  5487 D WVCdm   : CryptoSession::Open: Lock: requested_security_level: L3
10-30 19:45:32.148 22227 22227 I cr_media: Provisioning origin ID C2EB4873F2515024213D13CB9817C266
10-30 19:45:32.153 22227 22227 I MediaDrm: Drm event (1,0)
10-30 19:45:32.153 22227 22227 E cr_media: EventListener: No session for event 1.
10-30 19:45:32.448   562 19050 D QSEECOMAPI: : QSEECom_dealloc_memory 
10-30 19:45:32.448   562 19050 D QSEECOMAPI: : QSEECom_shutdown_app, app_id = 868
10-30 19:45:32.455 22227 22227 I cr_media: Create MediaDrmBridge with level L1 and origin C2EB4873F2515024213D13CB9817C266
10-30 19:45:32.457   361   361 W /system/bin/hwservicemanager: getTransportFromManifest: Cannot find entry android.hardware.drm@1.0::IDrmFactory in either framework or device manifest, using default transport.
10-30 19:45:32.461   562   644 I DrmHal  : makeDrmFactories: using default drm instance
10-30 19:45:32.464   361   361 W /system/bin/hwservicemanager: getTransportFromManifest: Cannot find entry android.hardware.drm@1.0::IDrmFactory in either framework or device manifest, using default transport.
10-30 19:45:32.468   562 19050 I DrmHal  : makeDrmFactories: using default drm instance
10-30 19:45:32.470   562   644 I WVCdm   : CdmEngine::QueryStatus
10-30 19:45:32.470   562   644 I WVCdm   : Level3 Library 4445 May 19 2017 17:17:20
10-30 19:45:32.474   562   644 D QSEECOMAPI: : QSEECom_get_handle sb_length = 0x19000
10-30 19:45:32.474   562   644 D QSEECOMAPI: : App is not loaded in QSEE
10-30 19:45:32.527   562   644 D QSEECOMAPI: : Loaded image: APP id = 869
10-30 19:45:32.530   562   644 D QSAPPSVER: qsapps_get_capabilities: Capability from secure side: 0x0
10-30 19:45:32.530   562   644 D QSAPPSVER: qsapps_get_capabilities: returns 0
10-30 19:45:32.530   562   644 E DrmWidevineDash: sion_buffer g_wv_fhandle->ion_sbuffer  0x0xf0076000
10-30 19:45:32.535   372   376 D DrmLibTime: got the req here! ret=0
10-30 19:45:32.535   372   376 D DrmLibTime: command id, time_cmd_id = 770
10-30 19:45:32.535   372   376 D DrmLibTime: time_getutcsec starts!
10-30 19:45:32.535   372   376 D DrmLibTime: QSEE Time Listener: time_getutcsec
10-30 19:45:32.535   372   376 D DrmLibTime: QSEE Time Listener: get_utc_seconds
10-30 19:45:32.535   372   376 D DrmLibTime: QSEE Time Listener: time_get_modem_time
10-30 19:45:32.535   372   376 D DrmLibTime: QSEE Time Listener: Checking if ATS_MODEM is set or not.
10-30 19:45:32.535   372   376 D QC-time-services: Lib:time_genoff_operation: pargs->base = 13
10-30 19:45:32.535   372   376 D QC-time-services: Lib:time_genoff_operation: pargs->operation = 2
10-30 19:45:32.535   372   376 D QC-time-services: Lib:time_genoff_operation: pargs->ts_val = 0
10-30 19:45:32.535   372   376 D QC-time-services: Lib:time_genoff_operation: Send to server  passed!!
10-30 19:45:32.535   625   647 D QC-time-services: Daemon: Connection accepted:time_genoff
10-30 19:45:32.536   625 23215 D QC-time-services: Daemon:Received base = 13, unit = 1, operation = 2,value = 0
10-30 19:45:32.536   625 23215 D QC-time-services: Daemon:genoff_opr: Base = 13, val = 0, operation = 2
10-30 19:45:32.536   625 23215 D QC-time-services: offset is: 0 for base: 13
10-30 19:45:32.536   372   376 E QC-time-services: Receive Passed == base = 13, unit = 1, operation = 2, result = 0
10-30 19:45:32.536   372   376 D DrmLibTime: QSEE Time Listener: ATS_MODEM is not set. Fallback to Android system time.
10-30 19:45:32.536   372   376 D DrmLibTime: QSEE Time Listener: Retrieved Android system time: 1667155532
10-30 19:45:32.536   372   376 D DrmLibTime: time_getutcsec returns 0, sec = 1667155532; nsec = 0
10-30 19:45:32.536   372   376 D DrmLibTime: time_getutcsec finished! 
10-30 19:45:32.536   372   376 D DrmLibTime: iotcl_continue_command finished! and return 0 
10-30 19:45:32.536   372   376 D DrmLibTime: before calling ioctl to read the next time_cmd
10-30 19:45:32.536   625   647 E QC-time-services: Daemon: Time-services: Waiting to acceptconnection
10-30 19:45:32.572   562   644 D WVCdm   : OEMCrypto_Initialize Level 1 success. I will use level 1.
10-30 19:45:32.573   562   644 D QSEECOMAPI: : QSEECom_dealloc_memory 
10-30 19:45:32.573   562   644 D QSEECOMAPI: : QSEECom_shutdown_app, app_id = 869
10-30 19:45:32.579   562  5487 I WVCdm   : CdmEngine::OpenSession
10-30 19:45:32.579   562  5487 I WVCdm   : Level3 Library 4445 May 19 2017 17:17:20
10-30 19:45:32.583   562  5487 D QSEECOMAPI: : QSEECom_get_handle sb_length = 0x19000
10-30 19:45:32.583   562  5487 D QSEECOMAPI: : App is not loaded in QSEE
10-30 19:45:32.634   562  5487 D QSEECOMAPI: : Loaded image: APP id = 870
10-30 19:45:32.637   562  5487 D QSAPPSVER: qsapps_get_capabilities: Capability from secure side: 0x0
10-30 19:45:32.637   562  5487 D QSAPPSVER: qsapps_get_capabilities: returns 0
10-30 19:45:32.637   562  5487 E DrmWidevineDash: sion_buffer g_wv_fhandle->ion_sbuffer  0x0xf0076000
10-30 19:45:32.641   372   376 D DrmLibTime: got the req here! ret=0
10-30 19:45:32.641   372   376 D DrmLibTime: command id, time_cmd_id = 770
10-30 19:45:32.641   372   376 D DrmLibTime: time_getutcsec starts!
10-30 19:45:32.641   372   376 D DrmLibTime: QSEE Time Listener: time_getutcsec
10-30 19:45:32.641   372   376 D DrmLibTime: QSEE Time Listener: get_utc_seconds
10-30 19:45:32.641   372   376 D DrmLibTime: QSEE Time Listener: time_get_modem_time
10-30 19:45:32.641   372   376 D DrmLibTime: QSEE Time Listener: Checking if ATS_MODEM is set or not.
10-30 19:45:32.641   372   376 D QC-time-services: Lib:time_genoff_operation: pargs->base = 13
10-30 19:45:32.642   372   376 D QC-time-services: Lib:time_genoff_operation: pargs->operation = 2
10-30 19:45:32.642   372   376 D QC-time-services: Lib:time_genoff_operation: pargs->ts_val = 0
10-30 19:45:32.642   372   376 D QC-time-services: Lib:time_genoff_operation: Send to server  passed!!
10-30 19:45:32.642   625   647 D QC-time-services: Daemon: Connection accepted:time_genoff
10-30 19:45:32.642   625 23216 D QC-time-services: Daemon:Received base = 13, unit = 1, operation = 2,value = 0
10-30 19:45:32.642   625 23216 D QC-time-services: Daemon:genoff_opr: Base = 13, val = 0, operation = 2
10-30 19:45:32.642   625 23216 D QC-time-services: offset is: 0 for base: 13
10-30 19:45:32.642   372   376 E QC-time-services: Receive Passed == base = 13, unit = 1, operation = 2, result = 0
10-30 19:45:32.642   372   376 D DrmLibTime: QSEE Time Listener: ATS_MODEM is not set. Fallback to Android system time.
10-30 19:45:32.642   372   376 D DrmLibTime: QSEE Time Listener: Retrieved Android system time: 1667155532
10-30 19:45:32.642   372   376 D DrmLibTime: time_getutcsec returns 0, sec = 1667155532; nsec = 0
10-30 19:45:32.642   372   376 D DrmLibTime: time_getutcsec finished! 
10-30 19:45:32.642   372   376 D DrmLibTime: iotcl_continue_command finished! and return 0 
10-30 19:45:32.642   372   376 D DrmLibTime: before calling ioctl to read the next time_cmd
10-30 19:45:32.643   625   647 E QC-time-services: Daemon: Time-services: Waiting to acceptconnection
10-30 19:45:32.678   562  5487 D WVCdm   : OEMCrypto_Initialize Level 1 success. I will use level 1.
10-30 19:45:32.678   562  5487 D WVCdm   : CryptoSession::Open: Lock: requested_security_level: Default
10-30 19:45:32.681   562  5487 W WVCdm   : DeviceFiles::RetrieveHashedFile: /data/mediadrm/IDM1013/L1/cert.bin does not exist
10-30 19:45:32.683   562  5487 D QSEECOMAPI: : QSEECom_dealloc_memory 
10-30 19:45:32.683   562  5487 D QSEECOMAPI: : QSEECom_shutdown_app, app_id = 870
10-30 19:45:32.688   562 19051 I WVCdm   : Level3 Library 4445 May 19 2017 17:17:20
10-30 19:45:32.695   562 19051 D QSEECOMAPI: : QSEECom_get_handle sb_length = 0x19000
10-30 19:45:32.695   562 19051 D QSEECOMAPI: : App is not loaded in QSEE
10-30 19:45:32.747   562 19051 D QSEECOMAPI: : Loaded image: APP id = 871
10-30 19:45:32.750   562 19051 D QSAPPSVER: qsapps_get_capabilities: Capability from secure side: 0x0
10-30 19:45:32.750   562 19051 D QSAPPSVER: qsapps_get_capabilities: returns 0
10-30 19:45:32.750   562 19051 E DrmWidevineDash: sion_buffer g_wv_fhandle->ion_sbuffer  0x0xf00c5000
10-30 19:45:32.754   372   376 D DrmLibTime: got the req here! ret=0
10-30 19:45:32.754   372   376 D DrmLibTime: command id, time_cmd_id = 770
10-30 19:45:32.754   372   376 D DrmLibTime: time_getutcsec starts!
10-30 19:45:32.754   372   376 D DrmLibTime: QSEE Time Listener: time_getutcsec
10-30 19:45:32.754   372   376 D DrmLibTime: QSEE Time Listener: get_utc_seconds
10-30 19:45:32.754   372   376 D DrmLibTime: QSEE Time Listener: time_get_modem_time
10-30 19:45:32.754   372   376 D DrmLibTime: QSEE Time Listener: Checking if ATS_MODEM is set or not.
10-30 19:45:32.754   372   376 D QC-time-services: Lib:time_genoff_operation: pargs->base = 13
10-30 19:45:32.754   372   376 D QC-time-services: Lib:time_genoff_operation: pargs->operation = 2
10-30 19:45:32.754   372   376 D QC-time-services: Lib:time_genoff_operation: pargs->ts_val = 0
10-30 19:45:32.754   372   376 D QC-time-services: Lib:time_genoff_operation: Send to server  passed!!
10-30 19:45:32.754   625   647 D QC-time-services: Daemon: Connection accepted:time_genoff
10-30 19:45:32.755   625 23217 D QC-time-services: Daemon:Received base = 13, unit = 1, operation = 2,value = 0
10-30 19:45:32.755   625 23217 D QC-time-services: Daemon:genoff_opr: Base = 13, val = 0, operation = 2
10-30 19:45:32.755   625 23217 D QC-time-services: offset is: 0 for base: 13
10-30 19:45:32.755   372   376 E QC-time-services: Receive Passed == base = 13, unit = 1, operation = 2, result = 0
10-30 19:45:32.755   372   376 D DrmLibTime: QSEE Time Listener: ATS_MODEM is not set. Fallback to Android system time.
10-30 19:45:32.755   372   376 D DrmLibTime: QSEE Time Listener: Retrieved Android system time: 1667155532
10-30 19:45:32.755   372   376 D DrmLibTime: time_getutcsec returns 0, sec = 1667155532; nsec = 0
10-30 19:45:32.755   372   376 D DrmLibTime: time_getutcsec finished! 
10-30 19:45:32.755   372   376 D DrmLibTime: iotcl_continue_command finished! and return 0 
10-30 19:45:32.755   372   376 D DrmLibTime: before calling ioctl to read the next time_cmd
10-30 19:45:32.756   625   647 E QC-time-services: Daemon: Time-services: Waiting to acceptconnection
10-30 19:45:32.793   562 19051 D WVCdm   : OEMCrypto_Initialize Level 1 success. I will use level 1.
10-30 19:45:32.793   562 19051 D WVCdm   : CryptoSession::Open: Lock: requested_security_level: Default
10-30 19:45:32.895   562 19051 E DrmWidevineDash: OEMCrypto_GenerateSignature : input wrapped_rsa_key == NULL!, return short buffer
10-30 19:45:32.897 22227 22227 I cr_media: Provisioning origin ID C2EB4873F2515024213D13CB9817C266
10-30 19:45:32.925 22227 22227 I MediaDrm: Drm event (1,0)
10-30 19:45:32.925 22227 22227 E cr_media: EventListener: No session for event 1.
10-30 19:45:32.942   562   644 E DrmWidevineDash: OEMCrypto_RewrapDeviceRSAKey : input wrapped_rsa_key == NULL!, return short buffer
10-30 19:45:32.953 23218 23218 E /system/bin/webview_zygote32: failed to make and chown /acct/uid_99504: Permission denied
10-30 19:45:32.953 23218 23218 E Zygote  : createProcessGroup(99504, 0) failed: Permission denied
10-30 19:45:32.955   772 20193 I ActivityManager: Start proc 23218:com.android.chrome:sandboxed_process31/u0i504 for webview_service com.android.chrome/org.chromium.content.app.SandboxedProcessService31
10-30 19:45:32.959   562   644 D QSEECOMAPI: : QSEECom_dealloc_memory 
10-30 19:45:32.959   562   644 D QSEECOMAPI: : QSEECom_shutdown_app, app_id = 871
10-30 19:45:32.969 22227 22227 I cr_media: Create MediaDrmBridge with level L3 and origin 05C4004C5B74496E567412874493418C
10-30 19:45:32.972   361   361 W /system/bin/hwservicemanager: getTransportFromManifest: Cannot find entry android.hardware.drm@1.0::IDrmFactory in either framework or device manifest, using default transport.
10-30 19:45:32.974 23218 23218 I SamplingProfilerIntegration: Profiling disabled.
10-30 19:45:32.992 23231 23231 E asset   : setgid: Operation not permitted
10-30 19:45:33.019   562  5487 I DrmHal  : makeDrmFactories: using default drm instance
10-30 19:45:33.022   361   361 W /system/bin/hwservicemanager: getTransportFromManifest: Cannot find entry android.hardware.drm@1.0::IDrmFactory in either framework or device manifest, using default transport.
10-30 19:45:33.030 23218 23218 I cr_SplitCompatApp: Launched version=106.0.5249.79 minSdkVersion=24 isBundle=true processName=com.android.chrome:sandboxed_process31 isIsolated=true
10-30 19:45:33.037 23218 23218 W SystemServiceRegistry: No service published for: uimode
10-30 19:45:33.049 23218 23218 I cr_ChildProcessService: Creating new ChildProcessService pid=23218
10-30 19:45:33.061 23218 23218 E WebViewFactory: can't load with relro file; address space not reserved
10-30 19:45:33.067   562 19051 I DrmHal  : makeDrmFactories: using default drm instance
10-30 19:45:33.068   562  5487 D WVCdm   : Instantiating CDM.
10-30 19:45:33.069   562   644 I WVCdm   : CdmEngine::QueryStatus
10-30 19:45:33.070   562   644 I WVCdm   : Level3 Library 4445 May 19 2017 17:17:20
10-30 19:45:33.072 23218 23233 I cr_LibraryLoader: Successfully loaded native library
10-30 19:45:33.074 23218 23233 I cr_CachingUmaRecorder: Flushed 3 samples from 3 histograms.
10-30 19:45:33.074   562   644 D QSEECOMAPI: : QSEECom_get_handle sb_length = 0x19000
10-30 19:45:33.074   562   644 D QSEECOMAPI: : App is not loaded in QSEE
10-30 19:45:33.112 23239 23239 W ThreadPoolForeg: type=1400 audit(0.0:9618): avc: denied { setattr } for name="LICENSE.txt" dev="dm-2" ino=1504983 scontext=u:r:isolated_app:s0:c512,c768 tcontext=u:object_r:app_data_file:s0:c512,c768 tclass=file permissive=0
10-30 19:45:33.118 23239 23239 W ThreadPoolForeg: type=1400 audit(0.0:9619): avc: denied { setattr } for name=46696C746572696E672052756C6573 dev="dm-2" ino=1504984 scontext=u:r:isolated_app:s0:c512,c768 tcontext=u:object_r:app_data_file:s0:c512,c768 tclass=file permissive=0
10-30 19:45:33.118 23239 23239 W ThreadPoolForeg: type=1400 audit(0.0:9620): avc: denied { setattr } for name="manifest.json" dev="dm-2" ino=1504985 scontext=u:r:isolated_app:s0:c512,c768 tcontext=u:object_r:app_data_file:s0:c512,c768 tclass=file permissive=0
10-30 19:45:33.125 23239 23239 W ThreadPoolForeg: type=1400 audit(0.0:9621): avc: denied { setattr } for name="verified_contents.json" dev="dm-2" ino=1504987 scontext=u:r:isolated_app:s0:c512,c768 tcontext=u:object_r:app_data_file:s0:c512,c768 tclass=file permissive=0
10-30 19:45:33.130   562   644 D QSEECOMAPI: : Loaded image: APP id = 872
10-30 19:45:33.133   562   644 D QSAPPSVER: qsapps_get_capabilities: Capability from secure side: 0x0
10-30 19:45:33.133   562   644 D QSAPPSVER: qsapps_get_capabilities: returns 0
10-30 19:45:33.134   562   644 E DrmWidevineDash: sion_buffer g_wv_fhandle->ion_sbuffer  0x0xf00a1000
10-30 19:45:33.134 23218 23233 I chromium: [INFO:child_process_service.cc(69)] ChildProcessService: Exiting child process.
10-30 19:45:33.134   772 20193 I ActivityManager: Killing 23218:com.android.chrome:sandboxed_process31/u0a60i504 (adj 0): isolated not needed
10-30 19:45:33.135   772   790 W zygote64: failed to open /acct/uid_99504/pid_23218/cgroup.procs: No such file or directory
10-30 19:45:33.138   372   376 D DrmLibTime: got the req here! ret=0
10-30 19:45:33.138   372   376 D DrmLibTime: command id, time_cmd_id = 770
10-30 19:45:33.138   372   376 D DrmLibTime: time_getutcsec starts!
10-30 19:45:33.138   372   376 D DrmLibTime: QSEE Time Listener: time_getutcsec
10-30 19:45:33.138   372   376 D DrmLibTime: QSEE Time Listener: get_utc_seconds
10-30 19:45:33.138   372   376 D DrmLibTime: QSEE Time Listener: time_get_modem_time
10-30 19:45:33.138   372   376 D DrmLibTime: QSEE Time Listener: Checking if ATS_MODEM is set or not.
10-30 19:45:33.138   372   376 D QC-time-services: Lib:time_genoff_operation: pargs->base = 13
10-30 19:45:33.138   372   376 D QC-time-services: Lib:time_genoff_operation: pargs->operation = 2
10-30 19:45:33.138   372   376 D QC-time-services: Lib:time_genoff_operation: pargs->ts_val = 0
10-30 19:45:33.138   372   376 D QC-time-services: Lib:time_genoff_operation: Send to server  passed!!
10-30 19:45:33.139   625   647 D QC-time-services: Daemon: Connection accepted:time_genoff
10-30 19:45:33.139   625 23243 D QC-time-services: Daemon:Received base = 13, unit = 1, operation = 2,value = 0
10-30 19:45:33.139   625 23243 D QC-time-services: Daemon:genoff_opr: Base = 13, val = 0, operation = 2
10-30 19:45:33.139   625 23243 D QC-time-services: offset is: 0 for base: 13
10-30 19:45:33.139   372   376 E QC-time-services: Receive Passed == base = 13, unit = 1, operation = 2, result = 0
10-30 19:45:33.139   372   376 D DrmLibTime: QSEE Time Listener: ATS_MODEM is not set. Fallback to Android system time.
10-30 19:45:33.139   372   376 D DrmLibTime: QSEE Time Listener: Retrieved Android system time: 1667155533
10-30 19:45:33.139   372   376 D DrmLibTime: time_getutcsec returns 0, sec = 1667155533; nsec = 0
10-30 19:45:33.139   372   376 D DrmLibTime: time_getutcsec finished! 
10-30 19:45:33.139   372   376 D DrmLibTime: iotcl_continue_command finished! and return 0 
10-30 19:45:33.139   372   376 D DrmLibTime: before calling ioctl to read the next time_cmd
10-30 19:45:33.140   625   647 E QC-time-services: Daemon: Time-services: Waiting to acceptconnection
10-30 19:45:33.181   562   644 D WVCdm   : OEMCrypto_Initialize Level 1 success. I will use level 1.
10-30 19:45:33.182   562   644 D QSEECOMAPI: : QSEECom_dealloc_memory 
10-30 19:45:33.182   562   644 D QSEECOMAPI: : QSEECom_shutdown_app, app_id = 872
10-30 19:45:33.187   562 19050 I WVCdm   : CdmEngine::OpenSession
10-30 19:45:33.188   562 19050 I WVCdm   : Level3 Library 4445 May 19 2017 17:17:20
10-30 19:45:33.191   562 19050 D QSEECOMAPI: : QSEECom_get_handle sb_length = 0x19000
10-30 19:45:33.191   562 19050 D QSEECOMAPI: : App is not loaded in QSEE
10-30 19:45:33.239   562 19050 D QSEECOMAPI: : Loaded image: APP id = 873
10-30 19:45:33.242   562 19050 D QSAPPSVER: qsapps_get_capabilities: Capability from secure side: 0x0
10-30 19:45:33.242   562 19050 D QSAPPSVER: qsapps_get_capabilities: returns 0
10-30 19:45:33.242   562 19050 E DrmWidevineDash: sion_buffer g_wv_fhandle->ion_sbuffer  0x0xf00a1000
10-30 19:45:33.246   372   376 D DrmLibTime: got the req here! ret=0
10-30 19:45:33.246   372   376 D DrmLibTime: command id, time_cmd_id = 770
10-30 19:45:33.246   372   376 D DrmLibTime: time_getutcsec starts!
10-30 19:45:33.246   372   376 D DrmLibTime: QSEE Time Listener: time_getutcsec
10-30 19:45:33.246   372   376 D DrmLibTime: QSEE Time Listener: get_utc_seconds
10-30 19:45:33.246   372   376 D DrmLibTime: QSEE Time Listener: time_get_modem_time
10-30 19:45:33.246   372   376 D DrmLibTime: QSEE Time Listener: Checking if ATS_MODEM is set or not.
10-30 19:45:33.246   372   376 D QC-time-services: Lib:time_genoff_operation: pargs->base = 13
10-30 19:45:33.246   372   376 D QC-time-services: Lib:time_genoff_operation: pargs->operation = 2
10-30 19:45:33.246   372   376 D QC-time-services: Lib:time_genoff_operation: pargs->ts_val = 0
10-30 19:45:33.247   372   376 D QC-time-services: Lib:time_genoff_operation: Send to server  passed!!
10-30 19:45:33.247   625   647 D QC-time-services: Daemon: Connection accepted:time_genoff
10-30 19:45:33.248   625 23244 D QC-time-services: Daemon:Received base = 13, unit = 1, operation = 2,value = 0
10-30 19:45:33.248   625 23244 D QC-time-services: Daemon:genoff_opr: Base = 13, val = 0, operation = 2
10-30 19:45:33.248   625 23244 D QC-time-services: offset is: 0 for base: 13
10-30 19:45:33.248   372   376 E QC-time-services: Receive Passed == base = 13, unit = 1, operation = 2, result = 0
10-30 19:45:33.248   372   376 D DrmLibTime: QSEE Time Listener: ATS_MODEM is not set. Fallback to Android system time.
10-30 19:45:33.248   372   376 D DrmLibTime: QSEE Time Listener: Retrieved Android system time: 1667155533
10-30 19:45:33.248   372   376 D DrmLibTime: time_getutcsec returns 0, sec = 1667155533; nsec = 0
10-30 19:45:33.248   372   376 D DrmLibTime: time_getutcsec finished! 
10-30 19:45:33.248   372   376 D DrmLibTime: iotcl_continue_command finished! and return 0 
10-30 19:45:33.248   372   376 D DrmLibTime: before calling ioctl to read the next time_cmd
10-30 19:45:33.249   625   647 E QC-time-services: Daemon: Time-services: Waiting to acceptconnection
10-30 19:45:33.282   562 19050 D WVCdm   : OEMCrypto_Initialize Level 1 success. I will use level 1.
10-30 19:45:33.282   562 19050 D WVCdm   : CryptoSession::Open: Lock: requested_security_level: L3
10-30 19:45:33.289   562 19050 W WVCdm   : DeviceFiles::RetrieveHashedFile: /data/mediadrm/IDM1013/L3/cert.bin does not exist
10-30 19:45:33.290   562 19050 D QSEECOMAPI: : QSEECom_dealloc_memory 
10-30 19:45:33.290   562 19050 D QSEECOMAPI: : QSEECom_shutdown_app, app_id = 873
10-30 19:45:33.296   562 19050 I WVCdm   : Level3 Library 4445 May 19 2017 17:17:20
10-30 19:45:33.301   562 19050 D QSEECOMAPI: : QSEECom_get_handle sb_length = 0x19000
10-30 19:45:33.301   562 19050 D QSEECOMAPI: : App is not loaded in QSEE
10-30 19:45:33.348   562 19050 D QSEECOMAPI: : Loaded image: APP id = 874
10-30 19:45:33.351   562 19050 D QSAPPSVER: qsapps_get_capabilities: Capability from secure side: 0x0
10-30 19:45:33.351   562 19050 D QSAPPSVER: qsapps_get_capabilities: returns 0
10-30 19:45:33.351   562 19050 E DrmWidevineDash: sion_buffer g_wv_fhandle->ion_sbuffer  0x0xf00a1000
10-30 19:45:33.355   372   376 D DrmLibTime: got the req here! ret=0
10-30 19:45:33.355   372   376 D DrmLibTime: command id, time_cmd_id = 770
10-30 19:45:33.355   372   376 D DrmLibTime: time_getutcsec starts!
10-30 19:45:33.355   372   376 D DrmLibTime: QSEE Time Listener: time_getutcsec
10-30 19:45:33.355   372   376 D DrmLibTime: QSEE Time Listener: get_utc_seconds
10-30 19:45:33.355   372   376 D DrmLibTime: QSEE Time Listener: time_get_modem_time
10-30 19:45:33.355   372   376 D DrmLibTime: QSEE Time Listener: Checking if ATS_MODEM is set or not.
10-30 19:45:33.355   372   376 D QC-time-services: Lib:time_genoff_operation: pargs->base = 13
10-30 19:45:33.355   372   376 D QC-time-services: Lib:time_genoff_operation: pargs->operation = 2
10-30 19:45:33.355   372   376 D QC-time-services: Lib:time_genoff_operation: pargs->ts_val = 0
10-30 19:45:33.355   372   376 D QC-time-services: Lib:time_genoff_operation: Send to server  passed!!
10-30 19:45:33.355   625   647 D QC-time-services: Daemon: Connection accepted:time_genoff
10-30 19:45:33.356   625 23245 D QC-time-services: Daemon:Received base = 13, unit = 1, operation = 2,value = 0
10-30 19:45:33.356   625 23245 D QC-time-services: Daemon:genoff_opr: Base = 13, val = 0, operation = 2
10-30 19:45:33.356   625 23245 D QC-time-services: offset is: 0 for base: 13
10-30 19:45:33.356   372   376 E QC-time-services: Receive Passed == base = 13, unit = 1, operation = 2, result = 0
10-30 19:45:33.356   372   376 D DrmLibTime: QSEE Time Listener: ATS_MODEM is not set. Fallback to Android system time.
10-30 19:45:33.356   372   376 D DrmLibTime: QSEE Time Listener: Retrieved Android system time: 1667155533
10-30 19:45:33.356   372   376 D DrmLibTime: time_getutcsec returns 0, sec = 1667155533; nsec = 0
10-30 19:45:33.356   372   376 D DrmLibTime: time_getutcsec finished! 
10-30 19:45:33.356   372   376 D DrmLibTime: iotcl_continue_command finished! and return 0 
10-30 19:45:33.356   372   376 D DrmLibTime: before calling ioctl to read the next time_cmd
10-30 19:45:33.356   625   647 E QC-time-services: Daemon: Time-services: Waiting to acceptconnection
10-30 19:45:33.390   562 19050 D WVCdm   : OEMCrypto_Initialize Level 1 success. I will use level 1.
10-30 19:45:33.391   562 19050 D WVCdm   : CryptoSession::Open: Lock: requested_security_level: L3
10-30 19:45:33.400 22227 22227 I cr_media: Provisioning origin ID 05C4004C5B74496E567412874493418C
10-30 19:45:33.425 22227 22227 W chromium: [WARNING:compositor_view.cc(342)] Child process died (type=6) pid=23218)
10-30 19:45:33.427 22227 22227 I MediaDrm: Drm event (1,0)
10-30 19:45:33.427 22227 22227 E cr_media: EventListener: No session for event 1.
10-30 19:45:33.487   562   562 D QSEECOMAPI: : QSEECom_dealloc_memory 
10-30 19:45:33.487   562   562 D QSEECOMAPI: : QSEECom_shutdown_app, app_id = 874
10-30 19:45:33.495 22227 22227 I cr_media: Create MediaDrmBridge with level L1 and origin 05C4004C5B74496E567412874493418C
10-30 19:45:33.498   361   361 W /system/bin/hwservicemanager: getTransportFromManifest: Cannot find entry android.hardware.drm@1.0::IDrmFactory in either framework or device manifest, using default transport.
10-30 19:45:33.503   562   644 I DrmHal  : makeDrmFactories: using default drm instance
