10-30 14:49:27.330   772   790 W zygote64: failed to open /acct/uid_99493/pid_11344/cgroup.procs: No such file or directory
10-30 14:49:27.348 11376 11462 I cr_LibraryLoader: Successfully loaded native library
10-30 14:49:27.349 11376 11462 I cr_CachingUmaRecorder: Flushed 3 samples from 3 histograms.
10-30 14:49:27.360 11361 11465 I cr_LibraryLoader: Successfully loaded native library
10-30 14:49:27.361 11361 11465 I cr_CachingUmaRecorder: Flushed 3 samples from 3 histograms.
10-30 14:49:27.364 11441 11441 I cr_SplitCompatApp: Launched version=106.0.5249.79 minSdkVersion=24 isBundle=true processName=com.android.chrome:sandboxed_process10 isIsolated=true
10-30 14:49:27.365 11393 11469 I cr_LibraryLoader: Successfully loaded native library
10-30 14:49:27.366 11393 11469 I cr_CachingUmaRecorder: Flushed 3 samples from 3 histograms.
10-30 14:49:27.374 11441 11441 W SystemServiceRegistry: No service published for: uimode
10-30 14:49:27.381 11441 11441 I cr_ChildProcessService: Creating new ChildProcessService pid=11441
10-30 14:49:27.383 11076 11086 I zygote  : Background concurrent copying GC freed 24920(1554KB) AllocSpace objects, 2(40KB) LOS objects, 49% free, 4MB/9MB, paused 678us total 137.687ms
10-30 14:49:27.392 11441 11441 E WebViewFactory: can't load with relro file; address space not reserved
10-30 14:49:27.404 11441 11483 I cr_LibraryLoader: Successfully loaded native library
10-30 14:49:27.407 11441 11483 I cr_CachingUmaRecorder: Flushed 3 samples from 3 histograms.
10-30 14:49:27.425 11076 11143 I cr_VrCoreVersionChecker: Unable to find VrCore.
10-30 14:49:27.434 11076 11076 W ResourceType: Failure getting entry for 0x7f0100f9 (t=0 e=249) (error -75)
10-30 14:49:27.443 11076 11076 W ResourceType: Failure getting entry for 0x7f010828 (t=0 e=2088) (error -75)
10-30 14:49:27.457 11076 11076 W ResourceType: Failure getting entry for 0x7f010827 (t=0 e=2087) (error -75)
10-30 14:49:27.474 11076 11076 W chromium: [WARNING:compositor_view.cc(342)] Child process died (type=6) pid=11317)
10-30 14:49:27.475 11076 11076 W chromium: [WARNING:compositor_view.cc(342)] Child process died (type=6) pid=11328)
10-30 14:49:27.476 11076 11076 W chromium: [WARNING:compositor_view.cc(342)] Child process died (type=6) pid=11344)
10-30 14:49:27.482 11376 11462 I chromium: [INFO:child_process_service.cc(69)] ChildProcessService: Exiting child process.
10-30 14:49:27.484 11361 11465 I chromium: [INFO:child_process_service.cc(69)] ChildProcessService: Exiting child process.
10-30 14:49:27.485   422   422 E lowmemorykiller: Error writing /proc/11376/oom_score_adj; errno=22
10-30 14:49:27.485   772  2969 I ActivityManager: Killing 11376:com.android.chrome:sandboxed_process8/u0a60i495 (adj 0): isolated not needed
10-30 14:49:27.486   772   790 W zygote64: failed to open /acct/uid_99495/pid_11376/cgroup.procs: No such file or directory
10-30 14:49:27.488   422   422 E lowmemorykiller: Error writing /proc/11361/oom_score_adj; errno=22
10-30 14:49:27.489   772 20193 I ActivityManager: Killing 11361:com.android.chrome:sandboxed_process7/u0a60i494 (adj 0): isolated not needed
10-30 14:49:27.489   772   790 W zygote64: failed to open /acct/uid_99494/pid_11361/cgroup.procs: No such file or directory
10-30 14:49:27.496 11441 11483 I chromium: [INFO:child_process_service.cc(69)] ChildProcessService: Exiting child process.
10-30 14:49:27.496 11393 11469 I chromium: [INFO:child_process_service.cc(69)] ChildProcessService: Exiting child process.
10-30 14:49:27.497   422   422 E lowmemorykiller: Error writing /proc/11441/oom_score_adj; errno=22
10-30 14:49:27.500   772  4540 I ActivityManager: Killing 11441:com.android.chrome:sandboxed_process10/u0a60i497 (adj 0): isolated not needed
10-30 14:49:27.505   772   790 W zygote64: failed to open /acct/uid_99497/pid_11441/cgroup.procs: No such file or directory
10-30 14:49:27.506 11076 11076 W chromium: [WARNING:compositor_view.cc(342)] Child process died (type=6) pid=11361)
10-30 14:49:27.520 11505 11505 E /system/bin/webview_zygote32: failed to make and chown /acct/uid_99498: Permission denied
10-30 14:49:27.520 11505 11505 E Zygote  : createProcessGroup(99498, 0) failed: Permission denied
10-30 14:49:27.539 11505 11505 I SamplingProfilerIntegration: Profiling disabled.
10-30 14:49:27.556   772  3041 I ActivityManager: Start proc 11505:com.android.chrome:sandboxed_process11/u0i498 for webview_service com.android.chrome/org.chromium.content.app.SandboxedProcessService11
10-30 14:49:27.559   772 10860 I ActivityManager: Process com.android.chrome:sandboxed_process9 (pid 11393) has died: vis  TOP 
10-30 14:49:27.559   772   790 W zygote64: failed to open /acct/uid_99496/pid_11393/cgroup.procs: No such file or directory
10-30 14:49:27.559   772 10860 W ActivityManager: Scheduling restart of crashed service com.android.chrome/org.chromium.content.app.SandboxedProcessService9 in 1000ms
10-30 14:49:27.565 11076 11076 W chromium: [WARNING:compositor_view.cc(342)] Child process died (type=6) pid=11393)
10-30 14:49:27.565 11076 11076 W chromium: [WARNING:compositor_view.cc(342)] Child process died (type=6) pid=11376)
10-30 14:49:27.566 11076 11076 W chromium: [WARNING:compositor_view.cc(342)] Child process died (type=6) pid=11441)
10-30 14:49:27.569 11076 11076 I Choreographer: Skipped 56 frames!  The application may be doing too much work on its main thread.
10-30 14:49:27.586 11519 11519 E asset   : setgid: Operation not permitted
10-30 14:49:27.616 11505 11505 I cr_SplitCompatApp: Launched version=106.0.5249.79 minSdkVersion=24 isBundle=true processName=com.android.chrome:sandboxed_process11 isIsolated=true
10-30 14:49:27.624 11505 11505 W SystemServiceRegistry: No service published for: uimode
10-30 14:49:27.630 11505 11505 I cr_ChildProcessService: Creating new ChildProcessService pid=11505
10-30 14:49:27.635 11505 11505 E WebViewFactory: can't load with relro file; address space not reserved
10-30 14:49:27.644 11505 11522 I cr_LibraryLoader: Successfully loaded native library
10-30 14:49:27.645 11505 11522 I cr_CachingUmaRecorder: Flushed 3 samples from 3 histograms.
10-30 14:49:27.683 11076 11076 W StaticLayout: maxLineHeight should not be -1.  maxLines:1 lineCount:1
10-30 14:49:27.765 11505 11522 I chromium: [INFO:child_process_service.cc(69)] ChildProcessService: Exiting child process.
10-30 14:49:27.766   422   422 E lowmemorykiller: Error writing /proc/11505/oom_score_adj; errno=22
10-30 14:49:27.776   772 13071 I ActivityManager: Killing 11505:com.android.chrome:sandboxed_process11/u0a60i498 (adj 0): isolated not needed
10-30 14:49:27.776   772   790 W zygote64: failed to open /acct/uid_99498/pid_11505/cgroup.procs: No such file or directory
10-30 14:49:27.777   772   797 I ActivityManager: Displayed com.android.chrome/com.google.android.apps.chrome.Main: +1s352ms
10-30 14:49:27.790   772 13022 I ActivityManager: Start proc 11535:com.android.chrome:sandboxed_process12/u0i499 for webview_service com.android.chrome/org.chromium.content.app.SandboxedProcessService12
10-30 14:49:27.801 11535 11535 E /system/bin/webview_zygote32: failed to make and chown /acct/uid_99499: Permission denied
10-30 14:49:27.801 11535 11535 E Zygote  : createProcessGroup(99499, 0) failed: Permission denied
10-30 14:49:27.816 11535 11535 I SamplingProfilerIntegration: Profiling disabled.
10-30 14:49:27.817   772  1324 I ActivityManager: Start proc 11551:com.android.chrome:sandboxed_process13/u0i500 for webview_service com.android.chrome/org.chromium.content.app.SandboxedProcessService13
10-30 14:49:27.819 11551 11551 E /system/bin/webview_zygote32: failed to make and chown /acct/uid_99500: Permission denied
10-30 14:49:27.819 11551 11551 E Zygote  : createProcessGroup(99500, 0) failed: Permission denied
10-30 14:49:27.823 11076 11076 W chromium: [WARNING:compositor_view.cc(342)] Child process died (type=6) pid=11505)
10-30 14:49:27.839 10786 10786 E WorkerRegistryImpl: getWorker() is called after WorkerRegistry disposal.
10-30 14:49:27.843 10786 10786 E WorkerRegistryImpl: getWorker() is called after WorkerRegistry disposal.
10-30 14:49:27.846 11563 11563 E /system/bin/webview_zygote32: failed to make and chown /acct/uid_99501: Permission denied
10-30 14:49:27.846 11563 11563 E Zygote  : createProcessGroup(99501, 0) failed: Permission denied
10-30 14:49:27.849   772  1327 I ActivityManager: Start proc 11563:com.android.chrome:sandboxed_process14/u0i501 for webview_service com.android.chrome/org.chromium.content.app.SandboxedProcessService14
10-30 14:49:27.868 11551 11551 I SamplingProfilerIntegration: Profiling disabled.
10-30 14:49:27.870 11563 11563 I SamplingProfilerIntegration: Profiling disabled.
10-30 14:49:27.879   772  1324 I ActivityManager: Start proc 11578:com.android.chrome:sandboxed_process15/u0i502 for webview_service com.android.chrome/org.chromium.content.app.SandboxedProcessService15
10-30 14:49:27.881 11583 11583 E asset   : setgid: Operation not permitted
10-30 14:49:27.885 11578 11578 E /system/bin/webview_zygote32: failed to make and chown /acct/uid_99502: Permission denied
10-30 14:49:27.892 11578 11578 E Zygote  : createProcessGroup(99502, 0) failed: Permission denied
10-30 14:49:27.896 10786 10786 I MemoryTrimmer: Trimming objects from memory, since app is in the background.
10-30 14:49:27.917 11535 11535 I cr_SplitCompatApp: Launched version=106.0.5249.79 minSdkVersion=24 isBundle=true processName=com.android.chrome:sandboxed_process12 isIsolated=true
10-30 14:49:27.924 11578 11578 I SamplingProfilerIntegration: Profiling disabled.
10-30 14:49:27.927 11596 11596 E /system/bin/webview_zygote32: failed to make and chown /acct/uid_99503: Permission denied
10-30 14:49:27.927 11596 11596 E Zygote  : createProcessGroup(99503, 0) failed: Permission denied
10-30 14:49:27.927 11599 11599 E asset   : setgid: Operation not permitted
10-30 14:49:27.930   772  1324 I ActivityManager: Start proc 11596:com.android.chrome:sandboxed_process16/u0i503 for webview_service com.android.chrome/org.chromium.content.app.SandboxedProcessService16
10-30 14:49:27.933 11595 11595 E asset   : setgid: Operation not permitted
10-30 14:49:27.939 11535 11535 W SystemServiceRegistry: No service published for: uimode
10-30 14:49:27.951 11535 11535 I cr_ChildProcessService: Creating new ChildProcessService pid=11535
10-30 14:49:27.965   772 10860 I ActivityManager: START u0 {act=android.intent.action.VIEW dat=http://192.168.178.178:5500/... flg=0x10000000 cmp=com.android.chrome/com.google.android.apps.chrome.Main} from uid 2000
10-30 14:49:27.967 11535 11535 E WebViewFactory: can't load with relro file; address space not reserved
10-30 14:49:27.983 11616 11616 E asset   : setgid: Operation not permitted
10-30 14:49:27.984 11535 11606 I cr_LibraryLoader: Successfully loaded native library
10-30 14:49:27.985 11535 11606 I cr_CachingUmaRecorder: Flushed 3 samples from 3 histograms.
10-30 14:49:27.989 11563 11563 I cr_SplitCompatApp: Launched version=106.0.5249.79 minSdkVersion=24 isBundle=true processName=com.android.chrome:sandboxed_process14 isIsolated=true
10-30 14:49:27.991 11596 11596 I SamplingProfilerIntegration: Profiling disabled.
10-30 14:49:28.002 11551 11551 I cr_SplitCompatApp: Launched version=106.0.5249.79 minSdkVersion=24 isBundle=true processName=com.android.chrome:sandboxed_process13 isIsolated=true
10-30 14:49:28.004 11563 11563 W SystemServiceRegistry: No service published for: uimode
10-30 14:49:28.010 11551 11551 W SystemServiceRegistry: No service published for: uimode
10-30 14:49:28.021 11563 11563 I cr_ChildProcessService: Creating new ChildProcessService pid=11563
10-30 14:49:28.028 11551 11551 I cr_ChildProcessService: Creating new ChildProcessService pid=11551
10-30 14:49:28.031 11563 11563 E WebViewFactory: can't load with relro file; address space not reserved
10-30 14:49:28.036 11630 11630 E asset   : setgid: Operation not permitted
10-30 14:49:28.042 11551 11551 E WebViewFactory: can't load with relro file; address space not reserved
10-30 14:49:28.044 11578 11578 I cr_SplitCompatApp: Launched version=106.0.5249.79 minSdkVersion=24 isBundle=true processName=com.android.chrome:sandboxed_process15 isIsolated=true
10-30 14:49:28.050 11563 11628 I cr_LibraryLoader: Successfully loaded native library
10-30 14:49:28.050 11563 11628 I cr_CachingUmaRecorder: Flushed 3 samples from 3 histograms.
10-30 14:49:28.051 11551 11629 I cr_LibraryLoader: Successfully loaded native library
10-30 14:49:28.051 11578 11578 W SystemServiceRegistry: No service published for: uimode
10-30 14:49:28.052 11551 11629 I cr_CachingUmaRecorder: Flushed 3 samples from 3 histograms.
10-30 14:49:28.059 11076 11076 E cr_IntentUtils: getInt failed on bundle null
10-30 14:49:28.062 11076 11076 E ResourceType: Style contains key with bad entry: 0x0101062c
10-30 14:49:28.070 11578 11578 I cr_ChildProcessService: Creating new ChildProcessService pid=11578
10-30 14:49:28.085 11596 11596 I cr_SplitCompatApp: Launched version=106.0.5249.79 minSdkVersion=24 isBundle=true processName=com.android.chrome:sandboxed_process16 isIsolated=true
10-30 14:49:28.086 11076 11076 I cr_tabmodel: Appending tabs being restored to metadata lists, 0, startingNormalCount: 2, startingIncognitoCount: 0
10-30 14:49:28.086 11076 11076 I cr_tabmodel: Serializing tab lists; counts: 2, 0
10-30 14:49:28.088   772   996 I ActivityManager: Start proc 11640:com.android.chrome:sandboxed_process17/u0i504 for webview_service com.android.chrome/org.chromium.content.app.SandboxedProcessService17
10-30 14:49:28.091 11640 11640 E /system/bin/webview_zygote32: failed to make and chown /acct/uid_99504: Permission denied
10-30 14:49:28.091 11640 11640 E Zygote  : createProcessGroup(99504, 0) failed: Permission denied
10-30 14:49:28.093 11596 11596 W SystemServiceRegistry: No service published for: uimode
10-30 14:49:28.102 11578 11578 E WebViewFactory: can't load with relro file; address space not reserved
10-30 14:49:28.123 11578 11634 I cr_LibraryLoader: Successfully loaded native library
10-30 14:49:28.125 11596 11596 I cr_ChildProcessService: Creating new ChildProcessService pid=11596
10-30 14:49:28.125 11578 11634 I cr_CachingUmaRecorder: Flushed 3 samples from 3 histograms.
10-30 14:49:28.126 11640 11640 I SamplingProfilerIntegration: Profiling disabled.
10-30 14:49:28.145 11596 11596 E WebViewFactory: can't load with relro file; address space not reserved
10-30 14:49:28.157 11596 11661 I cr_LibraryLoader: Successfully loaded native library
10-30 14:49:28.159 11596 11661 I cr_CachingUmaRecorder: Flushed 3 samples from 3 histograms.
10-30 14:49:28.167 11076 11076 I cr_OfflineDetector: Running updateState mConnectivityDetectorInitialized: true, mTimeWhenLastForegrounded: 1013822334, getElapsedTime: 1013822334, mTimeWhenLastOfflineNotificationReceived: 0, mTimeWhenLastOnline: 1013821284, mApplicationState: 1, mIsOfflineLastReportedByConnectivityDetector: false, mIsEffectivelyOffline: false
10-30 14:49:28.167 11076 11076 I cr_OfflineDetector: updateState(): timeSinceLastForeground: 0, timeSinceOfflineNotificationReceived: 1013822334, timeSinceLastOnline: 1050, timeNeededForForeground: 2000, timeNeededForOffline: -1013820334
10-30 14:49:28.174 11669 11669 E asset   : setgid: Operation not permitted
10-30 14:49:28.203 11535 11606 I chromium: [INFO:child_process_service.cc(69)] ChildProcessService: Exiting child process.
10-30 14:49:28.208   422   422 E lowmemorykiller: Error writing /proc/11535/oom_score_adj; errno=22
10-30 14:49:28.208   772 32228 I ActivityManager: Killing 11535:com.android.chrome:sandboxed_process12/u0a60i499 (adj 0): isolated not needed
10-30 14:49:28.210   772   790 W zygote64: failed to open /acct/uid_99499/pid_11535/cgroup.procs: No such file or directory
10-30 14:49:28.218 11551 11629 I chromium: [INFO:child_process_service.cc(69)] ChildProcessService: Exiting child process.
10-30 14:49:28.218 11563 11628 I chromium: [INFO:child_process_service.cc(69)] ChildProcessService: Exiting child process.
10-30 14:49:28.220   422   422 E lowmemorykiller: Error writing /proc/11551/oom_score_adj; errno=22
10-30 14:49:28.221   772 13071 I ActivityManager: Killing 11551:com.android.chrome:sandboxed_process13/u0a60i500 (adj 0): isolated not needed
10-30 14:49:28.222 11578 11634 I chromium: [INFO:child_process_service.cc(69)] ChildProcessService: Exiting child process.
10-30 14:49:28.225   422   422 E lowmemorykiller: Error writing /proc/11563/oom_score_adj; errno=22
10-30 14:49:28.225   772   790 W zygote64: failed to open /acct/uid_99500/pid_11551/cgroup.procs: No such file or directory
10-30 14:49:28.226   772  4539 I ActivityManager: Killing 11563:com.android.chrome:sandboxed_process14/u0a60i501 (adj 0): isolated not needed
10-30 14:49:28.228   422   422 E lowmemorykiller: Error writing /proc/11578/oom_score_adj; errno=22
10-30 14:49:28.229   772  3041 I ActivityManager: Killing 11578:com.android.chrome:sandboxed_process15/u0a60i502 (adj 0): isolated not needed
10-30 14:49:28.230 11076 11076 W ResourceType: Failure getting entry for 0x7f010216 (t=0 e=534) (error -75)
10-30 14:49:28.231 11076 11076 W ResourceType: Failure getting entry for 0x7f0107c9 (t=0 e=1993) (error -75)
10-30 14:49:28.234 11596 11661 I chromium: [INFO:child_process_service.cc(69)] ChildProcessService: Exiting child process.
10-30 14:49:28.237   772 13021 I ActivityManager: Killing 11596:com.android.chrome:sandboxed_process16/u0a60i503 (adj 0): isolated not needed
10-30 14:49:28.237   772   790 W zygote64: failed to open /acct/uid_99501/pid_11563/cgroup.procs: No such file or directory
10-30 14:49:28.238   772   790 W zygote64: failed to open /acct/uid_99502/pid_11578/cgroup.procs: No such file or directory
10-30 14:49:28.238   772   790 W zygote64: failed to open /acct/uid_99503/pid_11596/cgroup.procs: No such file or directory
10-30 14:49:28.272 11640 11640 I cr_SplitCompatApp: Launched version=106.0.5249.79 minSdkVersion=24 isBundle=true processName=com.android.chrome:sandboxed_process17 isIsolated=true
10-30 14:49:28.276 11076 11076 W chromium: [WARNING:compositor_view.cc(342)] Child process died (type=6) pid=11563)
10-30 14:49:28.278 11076 11076 W chromium: [WARNING:compositor_view.cc(342)] Child process died (type=6) pid=11551)
10-30 14:49:28.280 11076 11076 W chromium: [WARNING:compositor_view.cc(342)] Child process died (type=6) pid=11535)
10-30 14:49:28.289 11640 11640 W SystemServiceRegistry: No service published for: uimode
10-30 14:49:28.313 11640 11640 I cr_ChildProcessService: Creating new ChildProcessService pid=11640
10-30 14:49:28.332 11640 11640 E WebViewFactory: can't load with relro file; address space not reserved
10-30 14:49:28.362 11640 11679 I cr_LibraryLoader: Successfully loaded native library
10-30 14:49:28.373 11640 11679 I cr_CachingUmaRecorder: Flushed 3 samples from 3 histograms.
10-30 14:49:28.405 10786 10797 W DynamiteModule: Local module descriptor class for com.google.android.gms.googlecertificates not found.
10-30 14:49:28.412 11076 11141 W cr_CrashFileManager: /data/user/0/com.android.chrome/cache/Crash Reports does not exist or is not a directory
10-30 14:49:28.412 11076 11141 I chatty  : uid=10060(u0_a60) com.android.chrome:sandboxed identical 1 line
10-30 14:49:28.412 11076 11141 W cr_CrashFileManager: /data/user/0/com.android.chrome/cache/Crash Reports does not exist or is not a directory
10-30 14:49:28.450 11076 11114 I cr_BindingManager: Moderate binding enabled: maxSize=40
10-30 14:49:28.454 11076 11086 I zygote  : Background concurrent copying GC freed 125817(5MB) AllocSpace objects, 7(140KB) LOS objects, 49% free, 4MB/9MB, paused 5.318ms total 163.785ms
10-30 14:49:28.459 11076 11076 W chromium: [WARNING:compositor_view.cc(342)] Child process died (type=6) pid=11578)
10-30 14:49:28.460 11076 11076 W chromium: [WARNING:compositor_view.cc(342)] Child process died (type=6) pid=11596)
10-30 14:49:28.507   772  3041 I ActivityManager: Start proc 11691:com.android.chrome:sandboxed_process18/u0i505 for webview_service com.android.chrome/org.chromium.content.app.SandboxedProcessService18
10-30 14:49:28.520 11691 11691 E /system/bin/webview_zygote32: failed to make and chown /acct/uid_99505: Permission denied
10-30 14:49:28.520 11691 11691 E Zygote  : createProcessGroup(99505, 0) failed: Permission denied
10-30 14:49:28.544 11691 11691 I SamplingProfilerIntegration: Profiling disabled.
10-30 14:49:28.549   772 13071 I ActivityManager: Start proc 11708:com.android.chrome:sandboxed_process19/u0i506 for webview_service com.android.chrome/org.chromium.content.app.SandboxedProcessService19
10-30 14:49:28.555 11708 11708 E /system/bin/webview_zygote32: failed to make and chown /acct/uid_99506: Permission denied
10-30 14:49:28.557 11708 11708 E Zygote  : createProcessGroup(99506, 0) failed: Permission denied
10-30 14:49:28.572   772  2970 I ActivityManager: Start proc 11714:com.android.chrome:sandboxed_process20/u0i507 for webview_service com.android.chrome/org.chromium.content.app.SandboxedProcessService20
10-30 14:49:28.581 11714 11714 E /system/bin/webview_zygote32: failed to make and chown /acct/uid_99507: Permission denied
10-30 14:49:28.582 11714 11714 E Zygote  : createProcessGroup(99507, 0) failed: Permission denied
10-30 14:49:28.600 11733 11733 E asset   : setgid: Operation not permitted
10-30 14:49:28.606 11708 11708 I SamplingProfilerIntegration: Profiling disabled.
10-30 14:49:28.611   772   784 I ActivityManager: Start proc 11735:com.android.chrome:sandboxed_process21/u0i508 for webview_service com.android.chrome/org.chromium.content.app.SandboxedProcessService21
10-30 14:49:28.612 11735 11735 E /system/bin/webview_zygote32: failed to make and chown /acct/uid_99508: Permission denied
10-30 14:49:28.612 11735 11735 E Zygote  : createProcessGroup(99508, 0) failed: Permission denied
10-30 14:49:28.627 11714 11714 I SamplingProfilerIntegration: Profiling disabled.
10-30 14:49:28.648 11691 11691 I cr_SplitCompatApp: Launched version=106.0.5249.79 minSdkVersion=24 isBundle=true processName=com.android.chrome:sandboxed_process18 isIsolated=true
10-30 14:49:28.658 11735 11735 I SamplingProfilerIntegration: Profiling disabled.
10-30 14:49:28.669 11691 11691 W SystemServiceRegistry: No service published for: uimode
10-30 14:49:28.669 11755 11755 E asset   : setgid: Operation not permitted
10-30 14:49:28.672 11756 11756 E asset   : setgid: Operation not permitted
10-30 14:49:28.677 11691 11691 I cr_ChildProcessService: Creating new ChildProcessService pid=11691
10-30 14:49:28.688 11691 11691 E WebViewFactory: can't load with relro file; address space not reserved
10-30 14:49:28.701 11758 11758 E asset   : setgid: Operation not permitted
10-30 14:49:28.709 11691 11757 I cr_LibraryLoader: Successfully loaded native library
10-30 14:49:28.710 11691 11757 I cr_CachingUmaRecorder: Flushed 3 samples from 3 histograms.
10-30 14:49:28.720 11708 11708 I cr_SplitCompatApp: Launched version=106.0.5249.79 minSdkVersion=24 isBundle=true processName=com.android.chrome:sandboxed_process19 isIsolated=true
10-30 14:49:28.745 11714 11714 I cr_SplitCompatApp: Launched version=106.0.5249.79 minSdkVersion=24 isBundle=true processName=com.android.chrome:sandboxed_process20 isIsolated=true
10-30 14:49:28.749 11708 11708 W SystemServiceRegistry: No service published for: uimode
10-30 14:49:28.756 11735 11735 I cr_SplitCompatApp: Launched version=106.0.5249.79 minSdkVersion=24 isBundle=true processName=com.android.chrome:sandboxed_process21 isIsolated=true
10-30 14:49:28.759 11714 11714 W SystemServiceRegistry: No service published for: uimode
10-30 14:49:28.761 11708 11708 I cr_ChildProcessService: Creating new ChildProcessService pid=11708
10-30 14:49:28.766 11691 11757 I chromium: [INFO:child_process_service.cc(69)] ChildProcessService: Exiting child process.
10-30 14:49:28.768 11735 11735 W SystemServiceRegistry: No service published for: uimode
10-30 14:49:28.769   422   422 E lowmemorykiller: Error writing /proc/11691/oom_score_adj; errno=22
10-30 14:49:28.769   772  2970 I ActivityManager: Killing 11691:com.android.chrome:sandboxed_process18/u0a60i505 (adj 0): isolated not needed
10-30 14:49:28.770   772   790 W zygote64: failed to open /acct/uid_99505/pid_11691/cgroup.procs: No such file or directory
10-30 14:49:28.792 11714 11714 I cr_ChildProcessService: Creating new ChildProcessService pid=11714
10-30 14:49:28.793 11708 11708 E WebViewFactory: can't load with relro file; address space not reserved
10-30 14:49:28.797 11735 11735 I cr_ChildProcessService: Creating new ChildProcessService pid=11735
10-30 14:49:28.808 11735 11735 E WebViewFactory: can't load with relro file; address space not reserved
10-30 14:49:28.809 11714 11714 E WebViewFactory: can't load with relro file; address space not reserved
10-30 14:49:28.820 11708 11767 I cr_LibraryLoader: Successfully loaded native library
10-30 14:49:28.821 11708 11767 I cr_CachingUmaRecorder: Flushed 3 samples from 3 histograms.
10-30 14:49:28.821 11735 11769 I cr_LibraryLoader: Successfully loaded native library
10-30 14:49:28.824 11714 11768 I cr_LibraryLoader: Successfully loaded native library
10-30 14:49:28.825 11714 11768 I cr_CachingUmaRecorder: Flushed 3 samples from 3 histograms.
10-30 14:49:28.833 11735 11769 I cr_CachingUmaRecorder: Flushed 3 samples from 3 histograms.
10-30 14:49:28.878 11708 11767 I chromium: [INFO:child_process_service.cc(69)] ChildProcessService: Exiting child process.
10-30 14:49:28.880   422   422 E lowmemorykiller: Error writing /proc/11708/oom_score_adj; errno=22
10-30 14:49:28.881   772  4540 I ActivityManager: Killing 11708:com.android.chrome:sandboxed_process19/u0a60i506 (adj 0): isolated not needed
10-30 14:49:28.881   772   790 W zygote64: failed to open /acct/uid_99506/pid_11708/cgroup.procs: No such file or directory
10-30 14:49:28.884 11076 11076 W chromium: [WARNING:compositor_view.cc(342)] Child process died (type=6) pid=11691)
10-30 14:49:28.886 11735 11769 I chromium: [INFO:child_process_service.cc(69)] ChildProcessService: Exiting child process.
10-30 14:49:28.889   422   422 E lowmemorykiller: Error writing /proc/11735/oom_score_adj; errno=22
10-30 14:49:28.889   772   996 I ActivityManager: Killing 11735:com.android.chrome:sandboxed_process21/u0a60i508 (adj 0): isolated not needed
10-30 14:49:28.890   772   790 W zygote64: failed to open /acct/uid_99508/pid_11735/cgroup.procs: No such file or directory
10-30 14:49:28.892 10786 10797 I DynamiteModule: Considering local module com.google.android.gms.googlecertificates:0 and remote module com.google.android.gms.googlecertificates:7
10-30 14:49:28.892 10786 10797 I DynamiteModule: Selected remote version of com.google.android.gms.googlecertificates, version >= 7
10-30 14:49:28.906 11714 11768 I chromium: [INFO:child_process_service.cc(69)] ChildProcessService: Exiting child process.
10-30 14:49:28.912   422   422 E lowmemorykiller: Error writing /proc/11714/oom_score_adj; errno=22
10-30 14:49:28.912 11076 11076 W chromium: [WARNING:compositor_view.cc(342)] Child process died (type=6) pid=11735)
10-30 14:49:28.914   772   785 I ActivityManager: Killing 11714:com.android.chrome:sandboxed_process20/u0a60i507 (adj 0): isolated not needed
10-30 14:49:28.914   772   790 W zygote64: failed to open /acct/uid_99507/pid_11714/cgroup.procs: No such file or directory
10-30 14:49:28.938 11076 11076 W chromium: [WARNING:compositor_view.cc(342)] Child process died (type=6) pid=11708)
10-30 14:49:28.942 11076 11076 W chromium: [WARNING:compositor_view.cc(342)] Child process died (type=6) pid=11714)
10-30 14:49:28.997 11146 11158 I vndksupport: sphal namespace is not configured for this process. Loading libutils.so from the current namespace instead.
10-30 14:49:28.998 11076 11087 I vndksupport: sphal namespace is not configured for this process. Loading libutils.so from the current namespace instead.
10-30 14:49:28.998 11640 11660 I vndksupport: sphal namespace is not configured for this process. Loading libutils.so from the current namespace instead.
10-30 14:49:28.999 11115 11127 I vndksupport: sphal namespace is not configured for this process. Loading libutils.so from the current namespace instead.
10-30 14:49:29.005   556   688 E Parcel  : Reading a NULL string not supported here.
10-30 14:49:29.005   556   688 W Parcel  : **** enforceInterface() expected 'IAAudioService' but read ''
10-30 14:49:29.006   360   360 E SELinux : avc:  denied  { find } for service=android.service.gatekeeper.IGateKeeperService pid=11751 uid=2000 scontext=u:r:shell:s0 tcontext=u:object_r:gatekeeper_service:s0 tclass=service_manager
10-30 14:49:29.007   360   360 E SELinux : avc:  denied  { find } for service=netd pid=11751 uid=2000 scontext=u:r:shell:s0 tcontext=u:object_r:netd_service:s0 tclass=service_manager
10-30 14:49:29.010 11751 11751 W atrace  : type=1400 audit(0.0:7941): avc: denied { call } for scontext=u:r:shell:s0 tcontext=u:r:wificond:s0 tclass=binder permissive=0
10-30 14:49:29.015   360   360 E SELinux : avc:  denied  { find } for service=installd pid=11751 uid=2000 scontext=u:r:shell:s0 tcontext=u:object_r:installd_service:s0 tclass=service_manager
10-30 14:49:29.023   361   361 E SELinux : avc:  denied  { find } for interface=android.frameworks.displayservice::IDisplayService pid=11751 scontext=u:r:shell:s0 tcontext=u:object_r:fwk_display_hwservice:s0 tclass=hwservice_manager
10-30 14:49:29.024   361   361 E SELinux : avc:  denied  { find } for interface=android.frameworks.schedulerservice::ISchedulingPolicyService pid=11751 scontext=u:r:shell:s0 tcontext=u:object_r:fwk_scheduler_hwservice:s0 tclass=hwservice_manager
10-30 14:49:29.025   361   361 E SELinux : avc:  denied  { find } for interface=android.frameworks.sensorservice::ISensorManager pid=11751 scontext=u:r:shell:s0 tcontext=u:object_r:fwk_sensor_hwservice:s0 tclass=hwservice_manager
10-30 14:49:29.025   361   361 E SELinux : avc:  denied  { find } for interface=android.hardware.biometrics.fingerprint::IBiometricsFingerprint pid=11751 scontext=u:r:shell:s0 tcontext=u:object_r:hal_fingerprint_hwservice:s0 tclass=hwservice_manager
10-30 14:49:29.027   361   361 E SELinux : avc:  denied  { find } for interface=android.hardware.dumpstate::IDumpstateDevice pid=11751 scontext=u:r:shell:s0 tcontext=u:object_r:hal_dumpstate_hwservice:s0 tclass=hwservice_manager
10-30 14:49:29.028   361   361 E SELinux : avc:  denied  { find } for interface=android.hardware.radio.deprecated::IOemHook pid=11751 scontext=u:r:shell:s0 tcontext=u:object_r:hal_telephony_hwservice:s0 tclass=hwservice_manager
10-30 14:49:29.030   361   361 E SELinux : avc:  denied  { find } for interface=android.hardware.radio::IRadio pid=11751 scontext=u:r:shell:s0 tcontext=u:object_r:hal_telephony_hwservice:s0 tclass=hwservice_manager
10-30 14:49:29.031   361   361 E SELinux : avc:  denied  { find } for interface=android.hardware.radio::ISap pid=11751 scontext=u:r:shell:s0 tcontext=u:object_r:hal_telephony_hwservice:s0 tclass=hwservice_manager
10-30 14:49:29.032   361   361 E SELinux : avc:  denied  { find } for interface=android.hardware.usb::IUsb pid=11751 scontext=u:r:shell:s0 tcontext=u:object_r:hal_usb_hwservice:s0 tclass=hwservice_manager
10-30 14:49:29.034   361   361 E SELinux : avc:  denied  { find } for interface=android.hardware.wifi.supplicant::ISupplicant pid=11751 scontext=u:r:shell:s0 tcontext=u:object_r:hal_wifi_supplicant_hwservice:s0 tclass=hwservice_manager
10-30 14:49:29.036   361   361 E SELinux : avc:  denied  { find } for interface=android.hardware.wifi::IWifi pid=11751 scontext=u:r:shell:s0 tcontext=u:object_r:hal_wifi_hwservice:s0 tclass=hwservice_manager
10-30 14:49:29.040   361   361 E SELinux : avc:  denied  { find } for interface=android.hidl.base::IBase pid=11751 scontext=u:r:shell:s0 tcontext=u:object_r:hidl_base_hwservice:s0 tclass=hwservice_manager
10-30 14:49:29.042   361   361 I chatty  : uid=1000(system) hwservicemanage identical 1 line
10-30 14:49:29.044   361   361 E SELinux : avc:  denied  { find } for interface=android.hidl.base::IBase pid=11751 scontext=u:r:shell:s0 tcontext=u:object_r:hidl_base_hwservice:s0 tclass=hwservice_manager
10-30 14:49:29.046   361   361 E SELinux : avc:  denied  { find } for interface=android.system.wifi.keystore::IKeystore pid=11751 scontext=u:r:shell:s0 tcontext=u:object_r:system_wifi_keystore_hwservice:s0 tclass=hwservice_manager
10-30 14:49:29.225 10786 10797 W zygote64: Skipping duplicate class check due to unrecognized classloader
10-30 14:49:29.238 26466 26466 D BoundBrokerSvc: onBind: Intent { act=com.google.android.gms.common.BIND_SHARED_PREFS pkg=com.google.android.gms }
10-30 14:49:29.238 26466 26466 D BoundBrokerSvc: Loading bound service for intent: Intent { act=com.google.android.gms.common.BIND_SHARED_PREFS pkg=com.google.android.gms }
10-30 14:49:29.245 26466 26466 D BoundBrokerSvc: onUnbind: Intent { act=com.google.android.gms.common.BIND_SHARED_PREFS pkg=com.google.android.gms }
10-30 14:49:29.251 10786 10797 D GoogleCertificates: com.google.android.gms.googlecertificates module is loaded
10-30 14:49:29.312   772 13071 W AppOps  : Bad call: specified package com.google.android.gms under uid 10045 but it is really 10020
10-30 14:49:29.312   772 13071 W AppOps  : java.lang.RuntimeException: here
10-30 14:49:29.312   772 13071 W AppOps  : 	at com.android.server.AppOpsService.getOpsRawLocked(AppOpsService.java:1319)
10-30 14:49:29.312   772 13071 W AppOps  : 	at com.android.server.AppOpsService.checkPackage(AppOpsService.java:1038)
10-30 14:49:29.312   772 13071 W AppOps  : 	at com.android.internal.app.IAppOpsService$Stub.onTransact(IAppOpsService.java:169)
10-30 14:49:29.312   772 13071 W AppOps  : 	at android.os.Binder.execTransact(Binder.java:674)
10-30 14:49:29.316   772 10893 W AppOps  : Bad call: specified package com.google.android.gms under uid 10045 but it is really 10020
10-30 14:49:29.316   772 10893 W AppOps  : java.lang.RuntimeException: here
10-30 14:49:29.316   772 10893 W AppOps  : 	at com.android.server.AppOpsService.getOpsRawLocked(AppOpsService.java:1319)
10-30 14:49:29.316   772 10893 W AppOps  : 	at com.android.server.AppOpsService.checkPackage(AppOpsService.java:1038)
10-30 14:49:29.316   772 10893 W AppOps  : 	at com.android.internal.app.IAppOpsService$Stub.onTransact(IAppOpsService.java:169)
10-30 14:49:29.316   772 10893 W AppOps  : 	at android.os.Binder.execTransact(Binder.java:674)
10-30 14:49:29.326 10786 10786 I MemoryTrimmer: Trimming objects from memory, since app is in the background.
10-30 14:49:30.312 11076 11076 W chromium: [WARNING:controller_impl.cc(1190)] Background download complete, client: 6, completion type: 0, file size:16643
10-30 14:49:30.342 11796 11796 E /system/bin/webview_zygote32: failed to make and chown /acct/uid_99509: Permission denied
10-30 14:49:30.342 11796 11796 E Zygote  : createProcessGroup(99509, 0) failed: Permission denied
10-30 14:49:30.344   772  1259 I ActivityManager: Start proc 11796:com.android.chrome:sandboxed_process22/u0i509 for webview_service com.android.chrome/org.chromium.content.app.SandboxedProcessService22
10-30 14:49:30.360 11796 11796 I SamplingProfilerIntegration: Profiling disabled.
10-30 14:49:30.377 11809 11809 E asset   : setgid: Operation not permitted
10-30 14:49:30.405 11796 11796 I cr_SplitCompatApp: Launched version=106.0.5249.79 minSdkVersion=24 isBundle=true processName=com.android.chrome:sandboxed_process22 isIsolated=true
10-30 14:49:30.409 11796 11796 W SystemServiceRegistry: No service published for: uimode
10-30 14:49:30.415 11796 11796 I cr_ChildProcessService: Creating new ChildProcessService pid=11796
10-30 14:49:30.430 11796 11796 E WebViewFactory: can't load with relro file; address space not reserved
10-30 14:49:30.451 11796 11810 I cr_LibraryLoader: Successfully loaded native library
10-30 14:49:30.452 11796 11810 I cr_CachingUmaRecorder: Flushed 3 samples from 3 histograms.
10-30 14:49:30.455 11076 11076 W chromium: [WARNING:controller_impl.cc(1190)] Background download complete, client: 6, completion type: 0, file size:265060
10-30 14:49:30.461 11076 11076 W chromium: [WARNING:controller_impl.cc(1190)] Background download complete, client: 6, completion type: 0, file size:18160
10-30 14:49:30.497   772 10893 I ActivityManager: Start proc 11817:com.android.chrome:sandboxed_process23/u0i510 for webview_service com.android.chrome/org.chromium.content.app.SandboxedProcessService23
10-30 14:49:30.507 11813 11813 W ThreadPoolForeg: type=1400 audit(0.0:7942): avc: denied { setattr } for name="model-info.pb" dev="dm-2" ino=1504910 scontext=u:r:isolated_app:s0:c512,c768 tcontext=u:object_r:app_data_file:s0:c512,c768 tclass=file permissive=0
10-30 14:49:30.508 11817 11817 E /system/bin/webview_zygote32: failed to make and chown /acct/uid_99510: Permission denied
10-30 14:49:30.508 11817 11817 E Zygote  : createProcessGroup(99510, 0) failed: Permission denied
10-30 14:49:30.510 11813 11813 W ThreadPoolForeg: type=1400 audit(0.0:7943): avc: denied { setattr } for name="model.tflite" dev="dm-2" ino=1504911 scontext=u:r:isolated_app:s0:c512,c768 tcontext=u:object_r:app_data_file:s0:c512,c768 tclass=file permissive=0
10-30 14:49:30.517 11796 11810 I chromium: [INFO:child_process_service.cc(69)] ChildProcessService: Exiting child process.
10-30 14:49:30.531   772 13022 I ActivityManager: Start proc 11828:com.android.chrome:sandboxed_process24/u0i511 for webview_service com.android.chrome/org.chromium.content.app.SandboxedProcessService24
10-30 14:49:30.532 11828 11828 E /system/bin/webview_zygote32: failed to make and chown /acct/uid_99511: Permission denied
10-30 14:49:30.532 11828 11828 E Zygote  : createProcessGroup(99511, 0) failed: Permission denied
10-30 14:49:30.533 11076 11076 W chromium: [WARNING:controller_impl.cc(1190)] Background download complete, client: 6, completion type: 0, file size:15859
10-30 14:49:30.533   422   422 E lowmemorykiller: Error writing /proc/11796/oom_score_adj; errno=22
10-30 14:49:30.533   772   996 I ActivityManager: Killing 11796:com.android.chrome:sandboxed_process22/u0a60i509 (adj 0): isolated not needed
10-30 14:49:30.535   772   790 W zygote64: failed to open /acct/uid_99509/pid_11796/cgroup.procs: No such file or directory
10-30 14:49:30.546 11817 11817 I SamplingProfilerIntegration: Profiling disabled.
10-30 14:49:30.550 11076 11076 W chromium: [WARNING:compositor_view.cc(342)] Child process died (type=6) pid=11796)
10-30 14:49:30.561 11841 11841 E /system/bin/webview_zygote32: failed to make and chown /acct/uid_99512: Permission denied
10-30 14:49:30.561 11841 11841 E Zygote  : createProcessGroup(99512, 0) failed: Permission denied
10-30 14:49:30.561   772  2970 I ActivityManager: Start proc 11841:com.android.chrome:sandboxed_process25/u0i512 for webview_service com.android.chrome/org.chromium.content.app.SandboxedProcessService25
10-30 14:49:30.584 11841 11841 I SamplingProfilerIntegration: Profiling disabled.
10-30 14:49:30.592 11828 11828 I SamplingProfilerIntegration: Profiling disabled.
10-30 14:49:30.595 11855 11855 E asset   : setgid: Operation not permitted
10-30 14:49:30.612 11076 11076 W chromium: [WARNING:controller_impl.cc(1190)] Background download complete, client: 6, completion type: 0, file size:2759
10-30 14:49:30.614 11857 11857 E asset   : setgid: Operation not permitted
10-30 14:49:30.637 11858 11858 E asset   : setgid: Operation not permitted
10-30 14:49:30.641 11817 11817 I cr_SplitCompatApp: Launched version=106.0.5249.79 minSdkVersion=24 isBundle=true processName=com.android.chrome:sandboxed_process23 isIsolated=true
10-30 14:49:30.649 11817 11817 W SystemServiceRegistry: No service published for: uimode
10-30 14:49:30.656 11859 11859 E /system/bin/webview_zygote32: failed to make and chown /acct/uid_99513: Permission denied
10-30 14:49:30.656 11859 11859 E Zygote  : createProcessGroup(99513, 0) failed: Permission denied
10-30 14:49:30.663 11817 11817 I cr_ChildProcessService: Creating new ChildProcessService pid=11817
10-30 14:49:30.678   772   996 I ActivityManager: Start proc 11859:com.android.chrome:sandboxed_process26/u0i513 for webview_service com.android.chrome/org.chromium.content.app.SandboxedProcessService26
10-30 14:49:30.689 11828 11828 I cr_SplitCompatApp: Launched version=106.0.5249.79 minSdkVersion=24 isBundle=true processName=com.android.chrome:sandboxed_process24 isIsolated=true
10-30 14:49:30.691 11859 11859 I SamplingProfilerIntegration: Profiling disabled.
10-30 14:49:30.693 11817 11817 E WebViewFactory: can't load with relro file; address space not reserved
10-30 14:49:30.700 11841 11841 I cr_SplitCompatApp: Launched version=106.0.5249.79 minSdkVersion=24 isBundle=true processName=com.android.chrome:sandboxed_process25 isIsolated=true
10-30 14:49:30.711 11841 11841 W SystemServiceRegistry: No service published for: uimode
10-30 14:49:30.714 11817 11864 I cr_LibraryLoader: Successfully loaded native library
10-30 14:49:30.715 11817 11864 I cr_CachingUmaRecorder: Flushed 3 samples from 3 histograms.
10-30 14:49:30.715 11828 11828 W SystemServiceRegistry: No service published for: uimode
10-30 14:49:30.730 11841 11841 I cr_ChildProcessService: Creating new ChildProcessService pid=11841
10-30 14:49:30.731 11874 11874 E asset   : setgid: Operation not permitted
10-30 14:49:30.735 11828 11828 I cr_ChildProcessService: Creating new ChildProcessService pid=11828
10-30 14:49:30.748 11828 11828 E WebViewFactory: can't load with relro file; address space not reserved
10-30 14:49:30.748 11841 11841 E WebViewFactory: can't load with relro file; address space not reserved
10-30 14:49:30.762 11076 11076 W chromium: [WARNING:controller_impl.cc(1190)] Background download complete, client: 6, completion type: 0, file size:116031
10-30 14:49:30.763 11882 11882 W ThreadPoolForeg: type=1400 audit(0.0:7944): avc: denied { setattr } for name="model-info.pb" dev="dm-2" ino=1504921 scontext=u:r:isolated_app:s0:c512,c768 tcontext=u:object_r:app_data_file:s0:c512,c768 tclass=file permissive=0
10-30 14:49:30.765 11841 11875 I cr_LibraryLoader: Successfully loaded native library
10-30 14:49:30.766 11841 11875 I cr_CachingUmaRecorder: Flushed 3 samples from 3 histograms.
10-30 14:49:30.767 11828 11876 I cr_LibraryLoader: Successfully loaded native library
10-30 14:49:30.769 11828 11876 I cr_CachingUmaRecorder: Flushed 3 samples from 3 histograms.
10-30 14:49:30.771 11076 11076 W chromium: [WARNING:controller_impl.cc(1190)] Background download complete, client: 6, completion type: 0, file size:4951
10-30 14:49:30.774   772   781 I zygote64: Background concurrent copying GC freed 99342(6MB) AllocSpace objects, 195(6MB) LOS objects, 42% free, 18MB/31MB, paused 418us total 155.335ms
10-30 14:49:30.797 11894 11894 W ThreadPoolForeg: type=1400 audit(0.0:7945): avc: denied { setattr } for name="model-info.pb" dev="dm-2" ino=1504925 scontext=u:r:isolated_app:s0:c512,c768 tcontext=u:object_r:app_data_file:s0:c512,c768 tclass=file permissive=0
10-30 14:49:30.797 11882 11882 W ThreadPoolForeg: type=1400 audit(0.0:7946): avc: denied { setattr } for name="model.tflite" dev="dm-2" ino=1504922 scontext=u:r:isolated_app:s0:c512,c768 tcontext=u:object_r:app_data_file:s0:c512,c768 tclass=file permissive=0
10-30 14:49:30.800 11894 11894 W ThreadPoolForeg: type=1400 audit(0.0:7947): avc: denied { setattr } for name="model.tflite" dev="dm-2" ino=1504927 scontext=u:r:isolated_app:s0:c512,c768 tcontext=u:object_r:app_data_file:s0:c512,c768 tclass=file permissive=0
10-30 14:49:30.800   772 10895 I ActivityManager: Start proc 11897:com.android.chrome:sandboxed_process27/u0i514 for webview_service com.android.chrome/org.chromium.content.app.SandboxedProcessService27
10-30 14:49:30.801 11859 11859 I cr_SplitCompatApp: Launched version=106.0.5249.79 minSdkVersion=24 isBundle=true processName=com.android.chrome:sandboxed_process26 isIsolated=true
10-30 14:49:30.805 11817 11864 I chromium: [INFO:child_process_service.cc(69)] ChildProcessService: Exiting child process.
10-30 14:49:30.807 11890 11890 W ThreadPoolForeg: type=1400 audit(0.0:7948): avc: denied { setattr } for name="model-info.pb" dev="dm-2" ino=1504926 scontext=u:r:isolated_app:s0:c512,c768 tcontext=u:object_r:app_data_file:s0:c512,c768 tclass=file permissive=0
10-30 14:49:30.807 11890 11890 W ThreadPoolForeg: type=1400 audit(0.0:7949): avc: denied { setattr } for name="model.tflite" dev="dm-2" ino=1504908 scontext=u:r:isolated_app:s0:c512,c768 tcontext=u:object_r:app_data_file:s0:c512,c768 tclass=file permissive=0
10-30 14:49:30.810 11897 11897 E /system/bin/webview_zygote32: failed to make and chown /acct/uid_99514: Permission denied
10-30 14:49:30.810 11897 11897 E Zygote  : createProcessGroup(99514, 0) failed: Permission denied
10-30 14:49:30.813 11828 11876 I chromium: [INFO:child_process_service.cc(69)] ChildProcessService: Exiting child process.
10-30 14:49:30.817 11859 11859 W SystemServiceRegistry: No service published for: uimode
10-30 14:49:30.817 11841 11875 I chromium: [INFO:child_process_service.cc(69)] ChildProcessService: Exiting child process.
10-30 14:49:30.828   772  4540 I ActivityManager: Start proc 11904:com.android.chrome:sandboxed_process28/u0i515 for webview_service com.android.chrome/org.chromium.content.app.SandboxedProcessService28
10-30 14:49:30.834   422   422 E lowmemorykiller: Error writing /proc/11817/oom_score_adj; errno=22
10-30 14:49:30.836   772  3041 I ActivityManager: Killing 11817:com.android.chrome:sandboxed_process23/u0a60i510 (adj 0): isolated not needed
10-30 14:49:30.837 11897 11897 I SamplingProfilerIntegration: Profiling disabled.
10-30 14:49:30.838   772   790 W zygote64: failed to open /acct/uid_99510/pid_11817/cgroup.procs: No such file or directory
10-30 14:49:30.841   772 10860 I ActivityManager: Process com.android.chrome:sandboxed_process24 (pid 11828) has died: vis  TOP 
10-30 14:49:30.841   772 10860 W ActivityManager: Scheduling restart of crashed service com.android.chrome/org.chromium.content.app.SandboxedProcessService24 in 1000ms
10-30 14:49:30.841 11904 11904 E /system/bin/webview_zygote32: failed to make and chown /acct/uid_99515: Permission denied
10-30 14:49:30.841   772   790 W zygote64: failed to open /acct/uid_99511/pid_11828/cgroup.procs: No such file or directory
10-30 14:49:30.841 11904 11904 E Zygote  : createProcessGroup(99515, 0) failed: Permission denied
10-30 14:49:30.844 11076 11076 W chromium: [WARNING:compositor_view.cc(342)] Child process died (type=6) pid=11828)
10-30 14:49:30.853 11859 11859 I cr_ChildProcessService: Creating new ChildProcessService pid=11859
10-30 14:49:30.854   422   422 E lowmemorykiller: Error writing /proc/11841/oom_score_adj; errno=22
10-30 14:49:30.855   772  1327 I ActivityManager: Killing 11841:com.android.chrome:sandboxed_process25/u0a60i512 (adj 0): isolated not needed
10-30 14:49:30.856   772   790 W zygote64: failed to open /acct/uid_99512/pid_11841/cgroup.procs: No such file or directory
10-30 14:49:30.867 11859 11859 E WebViewFactory: can't load with relro file; address space not reserved
10-30 14:49:30.880 11904 11904 I SamplingProfilerIntegration: Profiling disabled.
10-30 14:49:30.885 11859 11917 I cr_LibraryLoader: Successfully loaded native library
10-30 14:49:30.885 11923 11923 E asset   : setgid: Operation not permitted
10-30 14:49:30.888 11076 11076 W chromium: [WARNING:compositor_view.cc(342)] Child process died (type=6) pid=11841)
10-30 14:49:30.892 11859 11917 I cr_CachingUmaRecorder: Flushed 3 samples from 3 histograms.
10-30 14:49:30.902 11076 11076 W chromium: [WARNING:compositor_view.cc(342)] Child process died (type=6) pid=11817)
10-30 14:49:30.920 11927 11927 W ThreadPoolForeg: type=1400 audit(0.0:7950): avc: denied { setattr } for name="model-info.pb" dev="dm-2" ino=1504910 scontext=u:r:isolated_app:s0:c512,c768 tcontext=u:object_r:app_data_file:s0:c512,c768 tclass=file permissive=0
10-30 14:49:30.923 11927 11927 W ThreadPoolForeg: type=1400 audit(0.0:7951): avc: denied { setattr } for name="model.tflite" dev="dm-2" ino=1504921 scontext=u:r:isolated_app:s0:c512,c768 tcontext=u:object_r:app_data_file:s0:c512,c768 tclass=file permissive=0
10-30 14:49:30.924 11931 11931 E asset   : setgid: Operation not permitted
10-30 14:49:30.933 11859 11917 I chromium: [INFO:child_process_service.cc(69)] ChildProcessService: Exiting child process.
10-30 14:49:30.935   422   422 E lowmemorykiller: Error writing /proc/11859/oom_score_adj; errno=22
10-30 14:49:30.935   772 13071 I ActivityManager: Killing 11859:com.android.chrome:sandboxed_process26/u0a60i513 (adj 0): isolated not needed
10-30 14:49:30.936   772   790 W zygote64: failed to open /acct/uid_99513/pid_11859/cgroup.procs: No such file or directory
10-30 14:49:30.942 11897 11897 I cr_SplitCompatApp: Launched version=106.0.5249.79 minSdkVersion=24 isBundle=true processName=com.android.chrome:sandboxed_process27 isIsolated=true
10-30 14:49:30.947 11897 11897 W SystemServiceRegistry: No service published for: uimode
10-30 14:49:30.952 11076 11076 W chromium: [WARNING:compositor_view.cc(342)] Child process died (type=6) pid=11859)
10-30 14:49:30.954 11897 11897 I cr_ChildProcessService: Creating new ChildProcessService pid=11897
10-30 14:49:30.963 11897 11897 E WebViewFactory: can't load with relro file; address space not reserved
10-30 14:49:30.964 11904 11904 I cr_SplitCompatApp: Launched version=106.0.5249.79 minSdkVersion=24 isBundle=true processName=com.android.chrome:sandboxed_process28 isIsolated=true
10-30 14:49:30.969 11904 11904 W SystemServiceRegistry: No service published for: uimode
10-30 14:49:30.974 11897 11934 I cr_LibraryLoader: Successfully loaded native library
10-30 14:49:30.978 11897 11934 I cr_CachingUmaRecorder: Flushed 3 samples from 3 histograms.
10-30 14:49:30.981 11904 11904 I cr_ChildProcessService: Creating new ChildProcessService pid=11904
10-30 14:49:30.987 11904 11904 E WebViewFactory: can't load with relro file; address space not reserved
10-30 14:49:31.000 11904 11935 I cr_LibraryLoader: Successfully loaded native library
