--------- beginning of system
10-31 14:51:42.201   772   791 E BatteryStatsService: no controller energy info supplied
10-31 14:52:01.379   772   996 I ActivityManager: Force stopping com.android.chrome appid=10060 user=0: from pid 29509
10-31 14:52:01.380   772   996 I ActivityManager: Killing 27104:com.android.chrome/u0a60 (adj 900): stop com.android.chrome
--------- beginning of main
10-31 14:52:01.402  1311  1311 D CarrierSvcBindHelper: No carrier app for: 0
10-31 14:52:01.418  2964  2964 D RegisteredNfcFServicesCache: Service unchanged, not updating
10-31 14:52:01.644   772   996 I ActivityManager: START u0 {act=android.intent.action.VIEW flg=0x10008000 cmp=com.android.chrome/com.google.android.apps.chrome.Main} from uid 2000
10-31 14:52:01.649   772   830 E ResourceType: Style contains key with bad entry: 0x0101062c
10-31 14:52:01.671   772   784 I ActivityManager: Start proc 29511:com.android.chrome/u0a60 for activity com.android.chrome/com.google.android.apps.chrome.Main
10-31 14:52:01.720   772   830 E ResourceType: Style contains key with bad entry: 0x0101062c
10-31 14:52:01.811 29511 29511 I cr_SplitCompatApp: Launched version=106.0.5249.79 minSdkVersion=24 isBundle=true processName=com.android.chrome isIsolated=false
10-31 14:52:01.962  3960  3972 I FontLog : Received query Google Sans, URI content://com.google.android.gms.fonts [CONTEXT service_id=132 ]
10-31 14:52:01.963  3960  3972 I FontLog : Query [Google Sans] resolved to {Google Sans, wdth 100.0, wght 400, ital 0.0, bestEffort false} [CONTEXT service_id=132 ]
10-31 14:52:01.965  3960  3972 I FontLog : Font PFD returned from cache for {Google Sans, wdth 100.0, wght 400, ital 0.0, bestEffort false} [CONTEXT service_id=132 ]
10-31 14:52:01.965  3960  3972 I FontLog : Fetch {Google Sans, wdth 100.0, wght 400, ital 0.0, bestEffort false} end status Status{statusCode=SUCCESS, resolution=null} [CONTEXT service_id=132 ]
10-31 14:52:01.977  3960  4217 I FontLog : Pulling font file for id = 2482, cache size = 8 [CONTEXT service_id=132 ]
10-31 14:52:02.001  3960  3971 I FontLog : Received query Google Sans:500, URI content://com.google.android.gms.fonts [CONTEXT service_id=132 ]
10-31 14:52:02.001  3960  3971 I FontLog : Query [Google Sans:500] resolved to {Google Sans, wdth 100.0, wght 500, ital 0.0, bestEffort false} [CONTEXT service_id=132 ]
10-31 14:52:02.003  3960  3971 I FontLog : Font PFD returned from cache for {Google Sans, wdth 100.0, wght 500, ital 0.0, bestEffort false} [CONTEXT service_id=132 ]
10-31 14:52:02.006  3960  3971 I FontLog : Fetch {Google Sans, wdth 100.0, wght 500, ital 0.0, bestEffort false} end status Status{statusCode=SUCCESS, resolution=null} [CONTEXT service_id=132 ]
10-31 14:52:02.013  3960  6244 I FontLog : Pulling font file for id = 2483, cache size = 7 [CONTEXT service_id=132 ]
10-31 14:52:02.023  3960  4245 I FontLog : Received query Google Sans:700, URI content://com.google.android.gms.fonts [CONTEXT service_id=132 ]
10-31 14:52:02.024  3960  4245 I FontLog : Query [Google Sans:700] resolved to {Google Sans, wdth 100.0, wght 700, ital 0.0, bestEffort false} [CONTEXT service_id=132 ]
10-31 14:52:02.027  3960  4245 I FontLog : Fetch {Google Sans, wdth 100.0, wght 700, ital 0.0, bestEffort false} end status Status{statusCode=SUCCESS, resolution=null} [CONTEXT service_id=132 ]
10-31 14:52:02.037  3960  3971 I FontLog : Pulling font file for id = 2484, cache size = 5 [CONTEXT service_id=132 ]
10-31 14:52:02.188 29511 29530 I cr_LibraryLoader: Successfully loaded native library
10-31 14:52:02.218 29511 29530 I cr_CachingUmaRecorder: Flushed 19 samples from 19 histograms.
10-31 14:52:02.383 29511 29511 E ResourceType: Style contains key with bad entry: 0x0101062c
10-31 14:52:02.412 29511 29533 W DynamiteModule: Local module descriptor class for com.google.android.gms.googlecertificates not found.
10-31 14:52:02.434 29511 29533 W zygote  : Skipping duplicate class check due to unrecognized classloader
10-31 14:52:02.437 29511 29533 I DynamiteModule: Considering local module com.google.android.gms.googlecertificates:0 and remote module com.google.android.gms.googlecertificates:7
10-31 14:52:02.438 29511 29533 I DynamiteModule: Selected remote version of com.google.android.gms.googlecertificates, version >= 7
10-31 14:52:02.447   772   784 I ActivityManager: START u0 {cmp=com.android.chrome/org.chromium.chrome.browser.firstrun.FirstRunActivity (has extras)} from uid 10060
10-31 14:52:02.467 29511 29511 E ResourceType: Style contains key with bad entry: 0x0101062c
10-31 14:52:02.493 29511 29533 W zygote  : Skipping duplicate class check due to unrecognized classloader
10-31 14:52:02.532   772 10894 W AppOps  : Bad call: specified package com.google.android.gms under uid 10060 but it is really 10020
10-31 14:52:02.532   772 10894 W AppOps  : java.lang.RuntimeException: here
10-31 14:52:02.532   772 10894 W AppOps  : 	at com.android.server.AppOpsService.getOpsRawLocked(AppOpsService.java:1319)
10-31 14:52:02.532   772 10894 W AppOps  : 	at com.android.server.AppOpsService.checkPackage(AppOpsService.java:1038)
10-31 14:52:02.532   772 10894 W AppOps  : 	at com.android.internal.app.IAppOpsService$Stub.onTransact(IAppOpsService.java:169)
10-31 14:52:02.532   772 10894 W AppOps  : 	at android.os.Binder.execTransact(Binder.java:674)
10-31 14:52:02.533   772 20193 W AppOps  : Bad call: specified package com.google.android.gms under uid 10060 but it is really 10020
10-31 14:52:02.533   772 20193 W AppOps  : java.lang.RuntimeException: here
10-31 14:52:02.533   772 20193 W AppOps  : 	at com.android.server.AppOpsService.getOpsRawLocked(AppOpsService.java:1319)
10-31 14:52:02.533   772 20193 W AppOps  : 	at com.android.server.AppOpsService.checkPackage(AppOpsService.java:1038)
10-31 14:52:02.533   772 20193 W AppOps  : 	at com.android.internal.app.IAppOpsService$Stub.onTransact(IAppOpsService.java:169)
10-31 14:52:02.533   772 20193 W AppOps  : 	at android.os.Binder.execTransact(Binder.java:674)
10-31 14:52:02.538   772 13021 W AppOps  : Bad call: specified package com.google.android.gms under uid 10060 but it is really 10020
10-31 14:52:02.538   772 13021 W AppOps  : java.lang.RuntimeException: here
10-31 14:52:02.538   772 13021 W AppOps  : 	at com.android.server.AppOpsService.getOpsRawLocked(AppOpsService.java:1319)
10-31 14:52:02.538   772 13021 W AppOps  : 	at com.android.server.AppOpsService.checkPackage(AppOpsService.java:1038)
10-31 14:52:02.538   772 13021 W AppOps  : 	at com.android.internal.app.IAppOpsService$Stub.onTransact(IAppOpsService.java:169)
10-31 14:52:02.538   772 13021 W AppOps  : 	at android.os.Binder.execTransact(Binder.java:674)
10-31 14:52:02.541   772   996 W AppOps  : Bad call: specified package com.google.android.gms under uid 10060 but it is really 10020
10-31 14:52:02.541   772   996 W AppOps  : java.lang.RuntimeException: here
10-31 14:52:02.541   772   996 W AppOps  : 	at com.android.server.AppOpsService.getOpsRawLocked(AppOpsService.java:1319)
10-31 14:52:02.541   772   996 W AppOps  : 	at com.android.server.AppOpsService.checkPackage(AppOpsService.java:1038)
10-31 14:52:02.541   772   996 W AppOps  : 	at com.android.internal.app.IAppOpsService$Stub.onTransact(IAppOpsService.java:169)
10-31 14:52:02.541   772   996 W AppOps  : 	at android.os.Binder.execTransact(Binder.java:674)
10-31 14:52:02.547   772   781 I zygote64: Background concurrent copying GC freed 83752(4MB) AllocSpace objects, 38(872KB) LOS objects, 42% free, 17MB/30MB, paused 438us total 103.663ms
10-31 14:52:02.641 29511 29511 W ResourceType: Failure getting entry for 0x7f010055 (t=0 e=85) (error -75)
10-31 14:52:02.668 29511 29541 D OpenGLRenderer: HWUI GL Pipeline
10-31 14:52:02.701 29511 29541 I Adreno  : QUALCOMM build                   : 7142022, Ib5823dd10c
10-31 14:52:02.701 29511 29541 I Adreno  : Build Date                       : 06/23/17
10-31 14:52:02.701 29511 29541 I Adreno  : OpenGL ES Shader Compiler Version: EV031.18.00.00
10-31 14:52:02.701 29511 29541 I Adreno  : Local Branch                     : O11A
10-31 14:52:02.701 29511 29541 I Adreno  : Remote Branch                    : 
10-31 14:52:02.701 29511 29541 I Adreno  : Remote Branch                    : 
10-31 14:52:02.701 29511 29541 I Adreno  : Reconstruct Branch               : 
10-31 14:52:02.704 29511 29541 I vndksupport: sphal namespace is not configured for this process. Loading /vendor/lib/hw/gralloc.msm8992.so from the current namespace instead.
10-31 14:52:02.705 29511 29511 W RecyclerView: No adapter attached; skipping layout
10-31 14:52:02.717 29511 29541 I Adreno  : PFP: 0x00000000, ME: 0x00000000
10-31 14:52:02.722 29511 29511 I cr_StartSurfaceConfig: Recorded Startup.Android.FirstDrawCompletedTime.NoInstant = 140 ms
10-31 14:52:02.730 29511 29541 I OpenGLRenderer: Initialized EGL, version 1.4
10-31 14:52:02.730 29511 29541 D OpenGLRenderer: Swap behavior 2
10-31 14:52:02.731 29511 29534 D NetworkSecurityConfig: Using Network Security Config from resource 0_resource_name_obfuscated debugBuild: false
10-31 14:52:02.763  3960  4190 E bfry    : Phenotype API error. Event # ddoj@76d2fa86, EventCode: 7 [CONTEXT service_id=51 ]
10-31 14:52:02.763  3960  4190 E bfry    : bfra: 29505: No config packages for log source, or config package not registered
10-31 14:52:02.763  3960  4190 E bfry    : 	at bfst.b(:com.google.android.gms@223616019@22.36.16 (040400-476895098):4)
10-31 14:52:02.763  3960  4190 E bfry    : 	at bfsq.g(:com.google.android.gms@223616019@22.36.16 (040400-476895098):0)
10-31 14:52:02.763  3960  4190 E bfry    : 	at bfry.e(:com.google.android.gms@223616019@22.36.16 (040400-476895098):4)
10-31 14:52:02.763  3960  4190 E bfry    : 	at bfry.f(:com.google.android.gms@223616019@22.36.16 (040400-476895098):2)
10-31 14:52:02.763  3960  4190 E bfry    : 	at arjg.ep(:com.google.android.gms@223616019@22.36.16 (040400-476895098):1)
10-31 14:52:02.763  3960  4190 E bfry    : 	at arjm.run(:com.google.android.gms@223616019@22.36.16 (040400-476895098):12)
10-31 14:52:02.763  3960  4190 E bfry    : 	at cjoq.run(:com.google.android.gms@223616019@22.36.16 (040400-476895098):2)
10-31 14:52:02.763  3960  4190 E bfry    : 	at aarl.c(:com.google.android.gms@223616019@22.36.16 (040400-476895098):6)
10-31 14:52:02.763  3960  4190 E bfry    : 	at aarl.run(:com.google.android.gms@223616019@22.36.16 (040400-476895098):7)
10-31 14:52:02.763  3960  4190 E bfry    : 	at java.util.concurrent.ThreadPoolExecutor.runWorker(ThreadPoolExecutor.java:1162)
10-31 14:52:02.763  3960  4190 E bfry    : 	at java.util.concurrent.ThreadPoolExecutor$Worker.run(ThreadPoolExecutor.java:636)
10-31 14:52:02.763  3960  4190 E bfry    : 	at aaws.run(:com.google.android.gms@223616019@22.36.16 (040400-476895098):0)
10-31 14:52:02.763  3960  4190 E bfry    : 	at java.lang.Thread.run(Thread.java:764)
10-31 14:52:02.768  3960  4190 W AsyncOperation: operation=GetExperimentTokensOperationCall, opStatusCode=29505 [CONTEXT service_id=51 ]
10-31 14:52:02.768  3960  4190 W AsyncOperation: OperationException[Status{statusCode=No config packages for log source, or config package not registered, resolution=null}]
10-31 14:52:02.768  3960  4190 W AsyncOperation: 	at bfry.e(:com.google.android.gms@223616019@22.36.16 (040400-476895098):6)
10-31 14:52:02.768  3960  4190 W AsyncOperation: 	at bfry.f(:com.google.android.gms@223616019@22.36.16 (040400-476895098):2)
10-31 14:52:02.768  3960  4190 W AsyncOperation: 	at arjg.ep(:com.google.android.gms@223616019@22.36.16 (040400-476895098):1)
10-31 14:52:02.768  3960  4190 W AsyncOperation: 	at arjm.run(:com.google.android.gms@223616019@22.36.16 (040400-476895098):12)
10-31 14:52:02.768  3960  4190 W AsyncOperation: 	at cjoq.run(:com.google.android.gms@223616019@22.36.16 (040400-476895098):2)
10-31 14:52:02.768  3960  4190 W AsyncOperation: 	at aarl.c(:com.google.android.gms@223616019@22.36.16 (040400-476895098):6)
10-31 14:52:02.768  3960  4190 W AsyncOperation: 	at aarl.run(:com.google.android.gms@223616019@22.36.16 (040400-476895098):7)
10-31 14:52:02.768  3960  4190 W AsyncOperation: 	at java.util.concurrent.ThreadPoolExecutor.runWorker(ThreadPoolExecutor.java:1162)
10-31 14:52:02.768  3960  4190 W AsyncOperation: 	at java.util.concurrent.ThreadPoolExecutor$Worker.run(ThreadPoolExecutor.java:636)
10-31 14:52:02.768  3960  4190 W AsyncOperation: 	at aaws.run(:com.google.android.gms@223616019@22.36.16 (040400-476895098):0)
10-31 14:52:02.768  3960  4190 W AsyncOperation: 	at java.lang.Thread.run(Thread.java:764)
10-31 14:52:03.063   361   361 W /system/bin/hwservicemanager: getTransportFromManifest: Cannot find entry android.hardware.graphics.mapper@2.0::IMapper in either framework or device manifest, using default transport.
10-31 14:52:03.066 29511 29541 I vndksupport: sphal namespace is not configured for this process. Loading /vendor/lib/hw/gralloc.msm8992.so from the current namespace instead.
10-31 14:52:03.111   772   797 I ActivityManager: Displayed com.android.chrome/org.chromium.chrome.browser.firstrun.FirstRunActivity: +570ms (total +1s451ms)
10-31 14:52:03.134 27001 27030 I PBSessionCacheImpl: Deleted sessionId[6957339393122] from persistence.
10-31 14:52:03.143 13325 13325 I MemoryTrimmer: Trimming objects from memory, since app is in the background.
10-31 14:52:03.146 13325 29363 V rsC++   : RS Message thread exiting.
10-31 14:52:03.173 27001 27001 I MicroDetector: Keeping mic open: false
10-31 14:52:03.173 27001 27028 I DeviceStateChecker: DeviceStateChecker cancelled
10-31 14:52:03.175 27001 27030 I AudioController: internalShutdown
10-31 14:52:03.175 27001 27030 I MicrophoneInputStream: mic_close com.google.android.apps.gsa.speech.audio.af@ec3f35c
10-31 14:52:03.176 27001 27067 I MicroRecognitionRunner: Stopping hotword detection.
10-31 14:52:03.202 29511 29534 I cr_VariationsSeedFetch: Fetched first run seed in 473 ms
10-31 14:52:03.231   556 29366 D audio_hw_primary: disable_audio_route: usecase(9) reset and update mixer path: audio-record
10-31 14:52:03.231   556 29366 D audio_hw_primary: disable_snd_device: snd_device(72: voice-rec-mic)
10-31 14:52:03.235   556 29366 D sound_trigger_platform: platform_stdev_check_and_update_concurrency: concurrency active 0, tx 0, rx 0, concurrency session_allowed 1
10-31 14:52:03.239   556   753 I SoundTriggerHwService::Module: onCallbackEvent no clients
10-31 14:52:03.242 27001 27191 I MicroRecognitionRunner: Detection finished
10-31 14:52:03.264   772  1259 I ActivityManager: Start proc 29549:com.android.chrome:sandboxed_process0/u0i270 for webview_service com.android.chrome/org.chromium.content.app.SandboxedProcessService0
10-31 14:52:03.274 29549 29549 E /system/bin/webview_zygote32: failed to make and chown /acct/uid_99270: Permission denied
10-31 14:52:03.274 29549 29549 E Zygote  : createProcessGroup(99270, 0) failed: Permission denied
10-31 14:52:03.368 29549 29549 I SamplingProfilerIntegration: Profiling disabled.
10-31 14:52:03.419 29563 29563 E asset   : setgid: Operation not permitted
10-31 14:52:03.581 29549 29549 I cr_SplitCompatApp: Launched version=106.0.5249.79 minSdkVersion=24 isBundle=true processName=com.android.chrome:sandboxed_process0 isIsolated=true
10-31 14:52:03.596 29549 29549 W SystemServiceRegistry: No service published for: uimode
10-31 14:52:03.627 29549 29549 I cr_ChildProcessService: Creating new ChildProcessService pid=29549
10-31 14:52:03.641 29549 29549 E WebViewFactory: can't load with relro file; address space not reserved
10-31 14:52:03.652   772  4540 I ActivityManager: Start proc 29580:com.android.chrome:privileged_process0/u0a60 for service com.android.chrome/org.chromium.content.app.PrivilegedProcessService0
10-31 14:52:03.695 29511 29511 I cr_SmsProviderGms: construction successfull y93@acc0486, v93@7e2f147
10-31 14:52:03.718 13542 13542 D BoundBrokerSvc: onBind: Intent { act=com.google.android.gms.auth.key.retrieval.service.START dat=chimera-action:com.google.android.gms.auth.key.retrieval.service.START cmp=com.google.android.gms/.chimera.GmsApiService }
10-31 14:52:03.718 13542 13542 D BoundBrokerSvc: Loading bound service for intent: Intent { act=com.google.android.gms.auth.key.retrieval.service.START dat=chimera-action:com.google.android.gms.auth.key.retrieval.service.START cmp=com.google.android.gms/.chimera.GmsApiService }
10-31 14:52:03.719 29580 29580 I cr_SplitCompatApp: Launched version=106.0.5249.79 minSdkVersion=24 isBundle=true processName=com.android.chrome:privileged_process0 isIsolated=false
10-31 14:52:03.729 29580 29580 I cr_ChildProcessService: Creating new ChildProcessService pid=29580
10-31 14:52:03.774 29511 29511 W cr_KnoxSettingsProvider: Permission to read device policy denied.
10-31 14:52:03.778 29580 29597 I cr_LibraryLoader: Successfully loaded native library
10-31 14:52:03.779 29580 29597 I cr_CachingUmaRecorder: Flushed 3 samples from 3 histograms.
10-31 14:52:03.791 29580 29597 I Adreno  : QUALCOMM build                   : 7142022, Ib5823dd10c
10-31 14:52:03.791 29580 29597 I Adreno  : Build Date                       : 06/23/17
10-31 14:52:03.791 29580 29597 I Adreno  : OpenGL ES Shader Compiler Version: EV031.18.00.00
10-31 14:52:03.791 29580 29597 I Adreno  : Local Branch                     : O11A
10-31 14:52:03.791 29580 29597 I Adreno  : Remote Branch                    : 
10-31 14:52:03.791 29580 29597 I Adreno  : Remote Branch                    : 
10-31 14:52:03.791 29580 29597 I Adreno  : Reconstruct Branch               : 
10-31 14:52:03.791 29580 29597 I vndksupport: sphal namespace is not configured for this process. Loading /vendor/lib/hw/gralloc.msm8992.so from the current namespace instead.
10-31 14:52:03.795 29580 29597 I Adreno  : PFP: 0x00000000, ME: 0x00000000
10-31 14:52:03.796 29511 29511 I Choreographer: Skipped 31 frames!  The application may be doing too much work on its main thread.
10-31 14:52:04.658 29606 29606 E /system/bin/webview_zygote32: failed to make and chown /acct/uid_99271: Permission denied
10-31 14:52:04.658 29606 29606 E Zygote  : createProcessGroup(99271, 0) failed: Permission denied
10-31 14:52:04.662   772  2969 I ActivityManager: Start proc 29606:com.android.chrome:sandboxed_process1/u0i271 for webview_service com.android.chrome/org.chromium.content.app.SandboxedProcessService1
10-31 14:52:04.682 29606 29606 I SamplingProfilerIntegration: Profiling disabled.
10-31 14:52:04.711 29619 29619 E asset   : setgid: Operation not permitted
10-31 14:52:04.745 29606 29606 I cr_SplitCompatApp: Launched version=106.0.5249.79 minSdkVersion=24 isBundle=true processName=com.android.chrome:sandboxed_process1 isIsolated=true
10-31 14:52:04.751 29606 29606 W SystemServiceRegistry: No service published for: uimode
10-31 14:52:04.763 29606 29606 I cr_ChildProcessService: Creating new ChildProcessService pid=29606
10-31 14:52:04.771 29606 29606 E WebViewFactory: can't load with relro file; address space not reserved
10-31 14:52:04.785 29606 29621 I cr_LibraryLoader: Successfully loaded native library
10-31 14:52:04.787 29606 29621 I cr_CachingUmaRecorder: Flushed 3 samples from 3 histograms.
10-31 14:52:04.827 29606 29621 I chromium: [INFO:child_process_service.cc(69)] ChildProcessService: Exiting child process.
10-31 14:52:04.831   422   422 E lowmemorykiller: Error writing /proc/29606/oom_score_adj; errno=22
10-31 14:52:04.832   772  2969 I ActivityManager: Killing 29606:com.android.chrome:sandboxed_process1/u0a60i271 (adj 0): isolated not needed
10-31 14:52:04.834   772   790 W zygote64: failed to open /acct/uid_99271/pid_29606/cgroup.procs: No such file or directory
10-31 14:52:05.966 29511 29511 E cr_BTSPrefs: No data found for task id: 53
10-31 14:52:05.967 29511 29511 E cr_BkgrdTaskScheduler: Task cannot be canceled because no data was found instorage or data was invalid
10-31 14:52:08.207 27001 27191 I EventLogSendingHelper: Sending log events.
10-31 14:52:08.436 29648 29648 D AndroidRuntime: >>>>>> START com.android.internal.os.RuntimeInit uid 2000 <<<<<<
10-31 14:52:08.589 29648 29648 D AndroidRuntime: Calling main entry com.android.commands.input.Input
10-31 14:52:08.600 29648 29648 I Input   : injectMotionEvent: MotionEvent { action=ACTION_DOWN, actionButton=0, id[0]=0, x[0]=540.0, y[0]=1660.0, toolType[0]=TOOL_TYPE_UNKNOWN, buttonState=0, metaState=0, flags=0x0, edgeFlags=0x0, pointerCount=1, historySize=0, eventTime=542826859, downTime=542826859, deviceId=8, source=0x1002 }
10-31 14:52:08.607 29648 29648 I Input   : injectMotionEvent: MotionEvent { action=ACTION_UP, actionButton=0, id[0]=0, x[0]=540.0, y[0]=1660.0, toolType[0]=TOOL_TYPE_UNKNOWN, buttonState=0, metaState=0, flags=0x0, edgeFlags=0x0, pointerCount=1, historySize=0, eventTime=542826859, downTime=542826859, deviceId=8, source=0x1002 }
10-31 14:52:08.612 29648 29648 D AndroidRuntime: Shutting down VM
10-31 14:52:08.647   556  6498 D audio_hw_primary: enable_snd_device: snd_device(88: vi-feedback)
10-31 14:52:08.647   556  6498 D audio_hw_primary: enable_audio_route: usecase(23) apply and update mixer path: spkr-vi-record
10-31 14:52:08.673   556  6498 D audio_hw_primary: enable_audio_route: usecase(1) apply and update mixer path: low-latency-playback
10-31 14:52:09.203   556   731 D audio_hw_primary: disable_audio_route: usecase(1) reset and update mixer path: low-latency-playback
10-31 14:52:09.220   556   731 D audio_hw_primary: disable_snd_device: snd_device(88: vi-feedback)
10-31 14:52:09.220   556   731 D audio_hw_primary: disable_audio_route: usecase(23) reset and update mixer path: spkr-vi-record
10-31 14:52:10.030 29663 29663 D AndroidRuntime: >>>>>> START com.android.internal.os.RuntimeInit uid 2000 <<<<<<
10-31 14:52:10.159 29663 29663 D AndroidRuntime: Calling main entry com.android.commands.input.Input
10-31 14:52:10.173 29663 29663 I Input   : injectMotionEvent: MotionEvent { action=ACTION_DOWN, actionButton=0, id[0]=0, x[0]=180.0, y[0]=1690.0, toolType[0]=TOOL_TYPE_UNKNOWN, buttonState=0, metaState=0, flags=0x0, edgeFlags=0x0, pointerCount=1, historySize=0, eventTime=542828436, downTime=542828436, deviceId=8, source=0x1002 }
10-31 14:52:10.177 29663 29663 I Input   : injectMotionEvent: MotionEvent { action=ACTION_UP, actionButton=0, id[0]=0, x[0]=180.0, y[0]=1690.0, toolType[0]=TOOL_TYPE_UNKNOWN, buttonState=0, metaState=0, flags=0x0, edgeFlags=0x0, pointerCount=1, historySize=0, eventTime=542828436, downTime=542828436, deviceId=8, source=0x1002 }
10-31 14:52:10.180 29663 29663 D AndroidRuntime: Shutting down VM
10-31 14:52:10.204   772  1324 I ActivityManager: START u0 {act=android.intent.action.VIEW flg=0x10008000 cmp=com.android.chrome/com.google.android.apps.chrome.Main (has extras)} from uid 10060
10-31 14:52:10.205   556  6498 D audio_hw_primary: enable_snd_device: snd_device(88: vi-feedback)
10-31 14:52:10.205   556  6498 D audio_hw_primary: enable_audio_route: usecase(23) apply and update mixer path: spkr-vi-record
10-31 14:52:10.209   772   830 E ResourceType: Style contains key with bad entry: 0x0101062c
10-31 14:52:10.209   772   830 E ResourceType: Style contains key with bad entry: 0x0101062c
10-31 14:52:10.229 29511 29511 E ResourceType: Style contains key with bad entry: 0x0101062c
10-31 14:52:10.230   556  6498 D audio_hw_primary: enable_audio_route: usecase(1) apply and update mixer path: low-latency-playback
10-31 14:52:10.239 29511 29511 E ResourceType: Style contains key with bad entry: 0x0101062c
10-31 14:52:10.279 29511 29511 W ResourceType: Failure getting entry for 0x7f010055 (t=0 e=85) (error -75)
10-31 14:52:10.291 29511 29511 I cr_CompositorSurfaceMgr: Transitioning to surface with format: -1
10-31 14:52:10.296 29511 29511 W ResourceType: Failure getting entry for 0x7f010530 (t=0 e=1328) (error -75)
10-31 14:52:10.360 29511 29574 W cr_tabmodel: Starting to perform legacy migration.
10-31 14:52:10.364 29511 29574 W cr_tabmodel: Finished performing legacy migration.
10-31 14:52:10.365 29511 29574 W cr_tabmodel: Starting to perform multi-instance migration.
10-31 14:52:10.365 29511 29574 W cr_tabmodel: Finished performing multi-instance migration.
10-31 14:52:10.365 29511 29574 I cr_tabmodel: Starting to fetch tab list for tab_state0
10-31 14:52:10.365 29511 29574 I cr_tabmodel: State file does not exist.
10-31 14:52:10.365 29511 29574 I cr_tabmodel: Starting to fetch tab list for tab_state1
10-31 14:52:10.365 29511 29574 I cr_tabmodel: State file does not exist.
10-31 14:52:10.407   772  2970 W ActivityManager: Duplicate finish request for ActivityRecord{31dfc u0 com.android.chrome/org.chromium.chrome.browser.firstrun.FirstRunActivity t788 f}
10-31 14:52:10.410 29511 29574 W cr_PartnerCustomize: Partner homepage must be HTTP(S) or NewTabPage. Got invalid URL "org.chromium.url.GURL@0"
10-31 14:52:10.442 29511 29511 I cr_StartSurfaceConfig: Recorded Startup.Android.FirstDrawCompletedTime.NoInstant = 191 ms
10-31 14:52:10.447 29511 29541 D OpenGLRenderer: endAllActiveAnimators on 0xc84f6800 (RippleDrawable) with handle 0xca81c050
10-31 14:52:10.452 29511 29511 I cr_CompositorSurfaceMgr: Transitioning to surface with format: -1
10-31 14:52:10.455 29511 29511 I cr_CompositorSurfaceMgr: surfaceCreated format: 0
10-31 14:52:10.462 29511 29511 I cr_ChromeTabbedActivity: #initializeState
10-31 14:52:10.462 29511 29511 I cr_CipherFactory: #restoreFromBundle, no savedInstanceState.
10-31 14:52:10.463 29511 29511 I cr_tabmodel: #loadState, ignoreIncognitoFiles? true
10-31 14:52:10.469 29511 29511 I cr_tabmodel: Loaded tab lists; counts: 0,0
10-31 14:52:10.469 29511 29511 I cr_ChromeTabbedActivity: #createInitialTab executed.
10-31 14:52:10.490 29511 29511 E ResourceType: Style contains key with bad entry: 0x0101062c
10-31 14:52:10.531 29511 29511 W ResourceType: Failure getting entry for 0x7f010565 (t=0 e=1381) (error -75)
10-31 14:52:10.532   772 10893 E BatteryStatsService: no controller energy info supplied
10-31 14:52:10.532   772 10893 E BatteryStatsService: no controller energy info supplied
10-31 14:52:10.542 29511 29511 W ResourceType: Failure getting entry for 0x7f010551 (t=0 e=1361) (error -75)
10-31 14:52:10.713 29511 29511 W ResourceType: Failure getting entry for 0x7f01059a (t=0 e=1434) (error -75)
10-31 14:52:10.747   772 32228 W AppOps  : Bad call: specified package com.google.android.gms under uid 10060 but it is really 10020
10-31 14:52:10.747   772 32228 W AppOps  : java.lang.RuntimeException: here
10-31 14:52:10.747   772 32228 W AppOps  : 	at com.android.server.AppOpsService.getOpsRawLocked(AppOpsService.java:1319)
10-31 14:52:10.747   772 32228 W AppOps  : 	at com.android.server.AppOpsService.checkPackage(AppOpsService.java:1038)
10-31 14:52:10.747   772 32228 W AppOps  : 	at com.android.internal.app.IAppOpsService$Stub.onTransact(IAppOpsService.java:169)
10-31 14:52:10.747   772 32228 W AppOps  : 	at android.os.Binder.execTransact(Binder.java:674)
10-31 14:52:10.748   772  4539 W AppOps  : Bad call: specified package com.google.android.gms under uid 10060 but it is really 10020
10-31 14:52:10.748   772  4539 W AppOps  : java.lang.RuntimeException: here
10-31 14:52:10.748   772  4539 W AppOps  : 	at com.android.server.AppOpsService.getOpsRawLocked(AppOpsService.java:1319)
10-31 14:52:10.748   772  4539 W AppOps  : 	at com.android.server.AppOpsService.checkPackage(AppOpsService.java:1038)
10-31 14:52:10.748   772  4539 W AppOps  : 	at com.android.internal.app.IAppOpsService$Stub.onTransact(IAppOpsService.java:169)
10-31 14:52:10.748   772  4539 W AppOps  : 	at android.os.Binder.execTransact(Binder.java:674)
10-31 14:52:10.749   772  4540 W AppOps  : Bad call: specified package com.google.android.gms under uid 10060 but it is really 10020
10-31 14:52:10.749   772  4540 W AppOps  : java.lang.RuntimeException: here
10-31 14:52:10.749   772  4540 W AppOps  : 	at com.android.server.AppOpsService.getOpsRawLocked(AppOpsService.java:1319)
10-31 14:52:10.749   772  4540 W AppOps  : 	at com.android.server.AppOpsService.checkPackage(AppOpsService.java:1038)
10-31 14:52:10.749   772  4540 W AppOps  : 	at com.android.internal.app.IAppOpsService$Stub.onTransact(IAppOpsService.java:169)
10-31 14:52:10.749   772  4540 W AppOps  : 	at android.os.Binder.execTransact(Binder.java:674)
10-31 14:52:10.749   556   731 D audio_hw_primary: disable_audio_route: usecase(1) reset and update mixer path: low-latency-playback
10-31 14:52:10.750   772 20193 W AppOps  : Bad call: specified package com.google.android.gms under uid 10060 but it is really 10020
10-31 14:52:10.750   772 20193 W AppOps  : java.lang.RuntimeException: here
10-31 14:52:10.750   772 20193 W AppOps  : 	at com.android.server.AppOpsService.getOpsRawLocked(AppOpsService.java:1319)
10-31 14:52:10.750   772 20193 W AppOps  : 	at com.android.server.AppOpsService.checkPackage(AppOpsService.java:1038)
10-31 14:52:10.750   772 20193 W AppOps  : 	at com.android.internal.app.IAppOpsService$Stub.onTransact(IAppOpsService.java:169)
10-31 14:52:10.750   772 20193 W AppOps  : 	at android.os.Binder.execTransact(Binder.java:674)
10-31 14:52:10.764   556   731 D audio_hw_primary: disable_snd_device: snd_device(88: vi-feedback)
10-31 14:52:10.764   556   731 D audio_hw_primary: disable_audio_route: usecase(23) reset and update mixer path: spkr-vi-record
10-31 14:52:10.777 29549 29579 I cr_LibraryLoader: Successfully loaded native library
10-31 14:52:10.777 29511 29511 E cr_IntentUtils: getBooleanExtra failed on intent null
10-31 14:52:10.777 29511 29511 E cr_IntentUtils: getBooleanExtra failed on intent null
10-31 14:52:10.778 29549 29579 I cr_CachingUmaRecorder: Flushed 3 samples from 3 histograms.
10-31 14:52:10.811 29511 29511 W ResourceType: Failure getting entry for 0x7f010888 (t=0 e=2184) (error -75)
10-31 14:52:10.822  3960  3972 I FontLog : Received query name=Google Sans&weight=700&besteffort=false, URI content://com.google.android.gms.fonts [CONTEXT service_id=132 ]
10-31 14:52:10.822 29511 29511 W ResourceType: Failure getting entry for 0x7f010888 (t=0 e=2184) (error -75)
10-31 14:52:10.823  3960  3972 I FontLog : Query [name=Google Sans&weight=700&besteffort=false] resolved to {Google Sans, wdth 100.0, wght 700, ital 0.0, bestEffort false} [CONTEXT service_id=132 ]
10-31 14:52:10.824 29511 29511 W ResourceType: Failure getting entry for 0x7f010888 (t=0 e=2184) (error -75)
10-31 14:52:10.825 29511 29511 W ResourceType: Failure getting entry for 0x7f010888 (t=0 e=2184) (error -75)
10-31 14:52:10.825  3960  3972 I FontLog : Fetch {Google Sans, wdth 100.0, wght 700, ital 0.0, bestEffort false} end status Status{statusCode=SUCCESS, resolution=null} [CONTEXT service_id=132 ]
10-31 14:52:10.827 29511 29511 W ResourceType: Failure getting entry for 0x7f010888 (t=0 e=2184) (error -75)
10-31 14:52:10.831 29511 29511 I chatty  : uid=10060(u0_a60) identical 2 lines
10-31 14:52:10.833 29511 29511 W ResourceType: Failure getting entry for 0x7f010888 (t=0 e=2184) (error -75)
10-31 14:52:10.834 29511 29511 I cr_TopSites: Start a new task.
10-31 14:52:10.835 29511 29574 I cr_TopSites: Serializing top sites lists finished; count: 8
10-31 14:52:10.835  3960  4151 I FontLog : Pulling font file for id = 2485, cache size = 6 [CONTEXT service_id=132 ]
10-31 14:52:10.845 29511 29574 I cr_TopSites: Finished saving top sites list to file:/data/user/0/com.android.chrome/app_top_sites/top_sites
10-31 14:52:10.846  3960  4245 I FontLog : Received query name=Noto Color Emoji Compat&weight=400&besteffort=false, URI content://com.google.android.gms.fonts [CONTEXT service_id=132 ]
10-31 14:52:10.847  3960  4245 I FontLog : Query [name=Noto Color Emoji Compat&weight=400&besteffort=false] resolved to {Noto Color Emoji Compat, wdth 100.0, wght 400, ital 0.0, bestEffort false} [CONTEXT service_id=132 ]
10-31 14:52:10.851  3960  4245 I FontLog : Fetch {Noto Color Emoji Compat, wdth 100.0, wght 400, ital 0.0, bestEffort false} end status Status{statusCode=SUCCESS, resolution=null} [CONTEXT service_id=132 ]
10-31 14:52:10.852   361   361 W /system/bin/hwservicemanager: getTransportFromManifest: Cannot find entry android.hardware.graphics.mapper@2.0::IMapper in either framework or device manifest, using default transport.
10-31 14:52:10.859 29580 29597 I vndksupport: sphal namespace is not configured for this process. Loading /vendor/lib/hw/gralloc.msm8992.so from the current namespace instead.
10-31 14:52:10.860 29719 29719 E /system/bin/webview_zygote32: failed to make and chown /acct/uid_99272: Permission denied
10-31 14:52:10.860 29719 29719 E Zygote  : createProcessGroup(99272, 0) failed: Permission denied
10-31 14:52:10.865   772 13021 I ActivityManager: Start proc 29719:com.android.chrome:sandboxed_process2/u0i272 for webview_service com.android.chrome/org.chromium.content.app.SandboxedProcessService2
10-31 14:52:10.875  3960  3972 I FontLog : Pulling font file for id = 2486, cache size = 7 [CONTEXT service_id=132 ]
10-31 14:52:10.890   772 13022 I ActivityManager: Start proc 29731:com.android.chrome:sandboxed_process3/u0i273 for webview_service com.android.chrome/org.chromium.content.app.SandboxedProcessService3
10-31 14:52:10.899  3960  4217 I FontLog : Received query name=Google Sans&weight=400&besteffort=false, URI content://com.google.android.gms.fonts [CONTEXT service_id=132 ]
10-31 14:52:10.899  3960  4217 I FontLog : Query [name=Google Sans&weight=400&besteffort=false] resolved to {Google Sans, wdth 100.0, wght 400, ital 0.0, bestEffort false} [CONTEXT service_id=132 ]
10-31 14:52:10.901  3960  4217 I FontLog : Font PFD returned from cache for {Google Sans, wdth 100.0, wght 400, ital 0.0, bestEffort false} [CONTEXT service_id=132 ]
10-31 14:52:10.901  3960  4217 I FontLog : Fetch {Google Sans, wdth 100.0, wght 400, ital 0.0, bestEffort false} end status Status{statusCode=SUCCESS, resolution=null} [CONTEXT service_id=132 ]
10-31 14:52:10.905 29731 29731 E /system/bin/webview_zygote32: failed to make and chown /acct/uid_99273: Permission denied
10-31 14:52:10.905 29731 29731 E Zygote  : createProcessGroup(99273, 0) failed: Permission denied
10-31 14:52:10.906 29719 29719 I SamplingProfilerIntegration: Profiling disabled.
10-31 14:52:10.913 29746 29746 E /system/bin/webview_zygote32: failed to make and chown /acct/uid_99274: Permission denied
10-31 14:52:10.913 29746 29746 E Zygote  : createProcessGroup(99274, 0) failed: Permission denied
10-31 14:52:10.914   772 13021 I ActivityManager: Start proc 29746:com.android.chrome:sandboxed_process4/u0i274 for webview_service com.android.chrome/org.chromium.content.app.SandboxedProcessService4
10-31 14:52:10.923 29731 29731 I SamplingProfilerIntegration: Profiling disabled.
10-31 14:52:10.923  3960  4245 I FontLog : Pulling font file for id = 2487, cache size = 8 [CONTEXT service_id=132 ]
10-31 14:52:10.933 29759 29759 E /system/bin/webview_zygote32: failed to make and chown /acct/uid_99275: Permission denied
10-31 14:52:10.933 29759 29759 E Zygote  : createProcessGroup(99275, 0) failed: Permission denied
10-31 14:52:10.934 29764 29764 E asset   : setgid: Operation not permitted
10-31 14:52:10.935   772  3041 I ActivityManager: Start proc 29759:com.android.chrome:sandboxed_process5/u0i275 for webview_service com.android.chrome/org.chromium.content.app.SandboxedProcessService5
10-31 14:52:10.937 29746 29746 I SamplingProfilerIntegration: Profiling disabled.
10-31 14:52:10.940 29511 29511 W ResourceType: Failure getting entry for 0x7f010216 (t=0 e=534) (error -75)
10-31 14:52:10.942 29511 29511 W ResourceType: Failure getting entry for 0x7f0107c9 (t=0 e=1993) (error -75)
10-31 14:52:10.942  3960  3972 I FontLog : Received query name=Google Sans&weight=500&besteffort=false, URI content://com.google.android.gms.fonts [CONTEXT service_id=132 ]
10-31 14:52:10.943  3960  3972 I FontLog : Query [name=Google Sans&weight=500&besteffort=false] resolved to {Google Sans, wdth 100.0, wght 500, ital 0.0, bestEffort false} [CONTEXT service_id=132 ]
10-31 14:52:10.946  3960  3972 I FontLog : Font PFD returned from cache for {Google Sans, wdth 100.0, wght 500, ital 0.0, bestEffort false} [CONTEXT service_id=132 ]
10-31 14:52:10.946  3960  3972 I FontLog : Fetch {Google Sans, wdth 100.0, wght 500, ital 0.0, bestEffort false} end status Status{statusCode=SUCCESS, resolution=null} [CONTEXT service_id=132 ]
10-31 14:52:10.952 29773 29773 E /system/bin/webview_zygote32: failed to make and chown /acct/uid_99276: Permission denied
10-31 14:52:10.952 29773 29773 E Zygote  : createProcessGroup(99276, 0) failed: Permission denied
10-31 14:52:10.955 29774 29774 E asset   : setgid: Operation not permitted
10-31 14:52:10.957   772  4540 I ActivityManager: Start proc 29773:com.android.chrome:sandboxed_process6/u0i276 for webview_service com.android.chrome/org.chromium.content.app.SandboxedProcessService6
10-31 14:52:10.964 29511 29511 W ResourceType: Failure getting entry for 0x7f010827 (t=0 e=2087) (error -75)
10-31 14:52:10.965 29759 29759 I SamplingProfilerIntegration: Profiling disabled.
10-31 14:52:10.968 29719 29719 I cr_SplitCompatApp: Launched version=106.0.5249.79 minSdkVersion=24 isBundle=true processName=com.android.chrome:sandboxed_process2 isIsolated=true
10-31 14:52:10.972 29789 29789 E asset   : setgid: Operation not permitted
10-31 14:52:10.973 29773 29773 I SamplingProfilerIntegration: Profiling disabled.
10-31 14:52:10.975 29790 29790 E /system/bin/webview_zygote32: failed to make and chown /acct/uid_99277: Permission denied
10-31 14:52:10.975 29790 29790 E Zygote  : createProcessGroup(99277, 0) failed: Permission denied
10-31 14:52:10.975 29719 29719 W SystemServiceRegistry: No service published for: uimode
10-31 14:52:10.979 29511 29511 I cr_OfflineIndicator: onConnectionTypeChanged 2
10-31 14:52:10.981 29719 29719 I cr_ChildProcessService: Creating new ChildProcessService pid=29719
10-31 14:52:10.983   772  3854 I ActivityManager: Start proc 29790:com.android.chrome:sandboxed_process7/u0i277 for webview_service com.android.chrome/org.chromium.content.app.SandboxedProcessService7
10-31 14:52:10.984 29511 29511 I cr_OfflineIndicator: Reported by system: [ Transports: WIFI Capabilities: NOT_METERED&INTERNET&NOT_RESTRICTED&TRUSTED&NOT_VPN&VALIDATED&FOREGROUND LinkUpBandwidth>=1048576Kbps LinkDnBandwidth>=1048576Kbps SignalStrength: -65]
10-31 14:52:10.984 29511 29511 I cr_OfflineIndicator: setConnectionState connectionState=4
10-31 14:52:10.984 29511 29511 I cr_OfflineDetector: Running updateState mConnectivityDetectorInitialized: true, mTimeWhenLastForegrounded: 1100385145, getElapsedTime: 1100385151, mTimeWhenLastOfflineNotificationReceived: 0, mTimeWhenLastOnline: 1100385151, mApplicationState: 1, mIsOfflineLastReportedByConnectivityDetector: false, mIsEffectivelyOffline: false
10-31 14:52:10.984 29511 29511 I cr_OfflineDetector: updateState(): timeSinceLastForeground: 6, timeSinceOfflineNotificationReceived: 1100385151, timeSinceLastOnline: 0, timeNeededForForeground: 1994, timeNeededForOffline: -1100383151
10-31 14:52:10.985 29511 29511 I cr_OfflineIndicator: processConnectivityCheckResult mConnectionState=4 mConnectivityCheckingStage=1
10-31 14:52:10.987  3960  4244 I FontLog : Pulling font file for id = 2488, cache size = 9 [CONTEXT service_id=132 ]
10-31 14:52:10.990 29790 29790 I SamplingProfilerIntegration: Profiling disabled.
10-31 14:52:10.992 29731 29731 I cr_SplitCompatApp: Launched version=106.0.5249.79 minSdkVersion=24 isBundle=true processName=com.android.chrome:sandboxed_process3 isIsolated=true
10-31 14:52:10.996 29731 29731 W SystemServiceRegistry: No service published for: uimode
10-31 14:52:11.003 29731 29731 I cr_ChildProcessService: Creating new ChildProcessService pid=29731
10-31 14:52:11.006 29805 29805 E asset   : setgid: Operation not permitted
10-31 14:52:11.011 29746 29746 I cr_SplitCompatApp: Launched version=106.0.5249.79 minSdkVersion=24 isBundle=true processName=com.android.chrome:sandboxed_process4 isIsolated=true
10-31 14:52:11.012   772 13071 I ActivityManager: Start proc 29806:com.android.chrome:sandboxed_process8/u0i278 for webview_service com.android.chrome/org.chromium.content.app.SandboxedProcessService8
10-31 14:52:11.015 29811 29811 E asset   : setgid: Operation not permitted
10-31 14:52:11.017 29719 29719 E WebViewFactory: can't load with relro file; address space not reserved
10-31 14:52:11.018 29812 29812 E asset   : setgid: Operation not permitted
10-31 14:52:11.020 29806 29806 E /system/bin/webview_zygote32: failed to make and chown /acct/uid_99278: Permission denied
10-31 14:52:11.020 29806 29806 E Zygote  : createProcessGroup(99278, 0) failed: Permission denied
10-31 14:52:11.020 29731 29731 E WebViewFactory: can't load with relro file; address space not reserved
10-31 14:52:11.024 29746 29746 W SystemServiceRegistry: No service published for: uimode
10-31 14:52:11.031 29817 29817 E /system/bin/webview_zygote32: failed to make and chown /acct/uid_99279: Permission denied
10-31 14:52:11.031 29746 29746 I cr_ChildProcessService: Creating new ChildProcessService pid=29746
10-31 14:52:11.031 29817 29817 E Zygote  : createProcessGroup(99279, 0) failed: Permission denied
10-31 14:52:11.039   772   785 I ActivityManager: Start proc 29817:com.android.chrome:sandboxed_process9/u0i279 for webview_service com.android.chrome/org.chromium.content.app.SandboxedProcessService9
10-31 14:52:11.042 29511 29511 W ResourceType: Failure getting entry for 0x7f010415 (t=0 e=1045) (error -75)
10-31 14:52:11.048 29746 29746 E WebViewFactory: can't load with relro file; address space not reserved
10-31 14:52:11.053 29719 29799 I cr_LibraryLoader: Successfully loaded native library
10-31 14:52:11.053 29759 29759 I cr_SplitCompatApp: Launched version=106.0.5249.79 minSdkVersion=24 isBundle=true processName=com.android.chrome:sandboxed_process5 isIsolated=true
10-31 14:52:11.054 29719 29799 I cr_CachingUmaRecorder: Flushed 3 samples from 3 histograms.
10-31 14:52:11.056 29731 29804 I cr_LibraryLoader: Successfully loaded native library
10-31 14:52:11.058 29731 29804 I cr_CachingUmaRecorder: Flushed 3 samples from 3 histograms.
10-31 14:52:11.058 29746 29821 I cr_LibraryLoader: Successfully loaded native library
10-31 14:52:11.059 29746 29821 I cr_CachingUmaRecorder: Flushed 3 samples from 3 histograms.
10-31 14:52:11.064 29773 29773 I cr_SplitCompatApp: Launched version=106.0.5249.79 minSdkVersion=24 isBundle=true processName=com.android.chrome:sandboxed_process6 isIsolated=true
10-31 14:52:11.066 29806 29806 I SamplingProfilerIntegration: Profiling disabled.
10-31 14:52:11.067 29817 29817 I SamplingProfilerIntegration: Profiling disabled.
10-31 14:52:11.069 29759 29759 W SystemServiceRegistry: No service published for: uimode
10-31 14:52:11.077 29790 29790 I cr_SplitCompatApp: Launched version=106.0.5249.79 minSdkVersion=24 isBundle=true processName=com.android.chrome:sandboxed_process7 isIsolated=true
10-31 14:52:11.088 29759 29759 I cr_ChildProcessService: Creating new ChildProcessService pid=29759
10-31 14:52:11.089 29790 29790 W SystemServiceRegistry: No service published for: uimode
10-31 14:52:11.093   772  1327 I ActivityManager: Killing 29746:com.android.chrome:sandboxed_process4/u0a60i274 (adj 0): isolated not needed
10-31 14:52:11.094   772   790 W zygote64: failed to open /acct/uid_99274/pid_29746/cgroup.procs: No such file or directory
10-31 14:52:11.099 29759 29759 E WebViewFactory: can't load with relro file; address space not reserved
10-31 14:52:11.108 29773 29773 W SystemServiceRegistry: No service published for: uimode
10-31 14:52:11.117 29790 29790 I cr_ChildProcessService: Creating new ChildProcessService pid=29790
10-31 14:52:11.121 29773 29773 I cr_ChildProcessService: Creating new ChildProcessService pid=29773
10-31 14:52:11.125 29860 29860 E asset   : setgid: Operation not permitted
10-31 14:52:11.128 29759 29855 I cr_LibraryLoader: Successfully loaded native library
10-31 14:52:11.129 29773 29773 E WebViewFactory: can't load with relro file; address space not reserved
10-31 14:52:11.130 29759 29855 I cr_CachingUmaRecorder: Flushed 3 samples from 3 histograms.
10-31 14:52:11.132 29719 29799 I chromium: [INFO:child_process_service.cc(69)] ChildProcessService: Exiting child process.
10-31 14:52:11.134 29790 29859 E WebViewFactory: can't load with relro file; address space not reserved
10-31 14:52:11.135 29862 29862 E asset   : setgid: Operation not permitted
10-31 14:52:11.137   422   422 E lowmemorykiller: Error writing /proc/29719/oom_score_adj; errno=22
10-31 14:52:11.137   772  1259 I ActivityManager: Killing 29719:com.android.chrome:sandboxed_process2/u0a60i272 (adj 0): isolated not needed
10-31 14:52:11.138   772   790 W zygote64: failed to open /acct/uid_99272/pid_29719/cgroup.procs: No such file or directory
10-31 14:52:11.151 29790 29859 I cr_LibraryLoader: Successfully loaded native library
10-31 14:52:11.152 29790 29859 I cr_CachingUmaRecorder: Flushed 3 samples from 3 histograms.
10-31 14:52:11.153 29773 29861 I cr_LibraryLoader: Successfully loaded native library
10-31 14:52:11.156 29773 29861 I cr_CachingUmaRecorder: Flushed 3 samples from 3 histograms.
10-31 14:52:11.161 29731 29804 I chromium: [INFO:child_process_service.cc(69)] ChildProcessService: Exiting child process.
10-31 14:52:11.165   422   422 E lowmemorykiller: Error writing /proc/29731/oom_score_adj; errno=22
10-31 14:52:11.165   772  3854 I ActivityManager: Killing 29731:com.android.chrome:sandboxed_process3/u0a60i273 (adj 0): isolated not needed
10-31 14:52:11.166   772   790 W zygote64: failed to open /acct/uid_99273/pid_29731/cgroup.procs: No such file or directory
10-31 14:52:11.169 29511 29511 I cr_tabmodel: Appending tabs being restored to metadata lists, 0, startingNormalCount: 1, startingIncognitoCount: 0
10-31 14:52:11.169 29511 29511 I cr_tabmodel: Serializing tab lists; counts: 1, 0
10-31 14:52:11.195 29759 29855 I chromium: [INFO:child_process_service.cc(69)] ChildProcessService: Exiting child process.
10-31 14:52:11.201 29511 29511 W chromium: [WARNING:compositor_view.cc(342)] Child process died (type=6) pid=29746)
10-31 14:52:11.202 29511 29511 W chromium: [WARNING:compositor_view.cc(342)] Child process died (type=6) pid=29719)
10-31 14:52:11.203 29817 29817 I cr_SplitCompatApp: Launched version=106.0.5249.79 minSdkVersion=24 isBundle=true processName=com.android.chrome:sandboxed_process9 isIsolated=true
10-31 14:52:11.204 29806 29806 I cr_SplitCompatApp: Launched version=106.0.5249.79 minSdkVersion=24 isBundle=true processName=com.android.chrome:sandboxed_process8 isIsolated=true
10-31 14:52:11.213 29806 29806 W SystemServiceRegistry: No service published for: uimode
10-31 14:52:11.214 29511 29511 W chromium: [WARNING:compositor_view.cc(342)] Child process died (type=6) pid=29731)
10-31 14:52:11.214 29773 29861 I chromium: [INFO:child_process_service.cc(69)] ChildProcessService: Exiting child process.
10-31 14:52:11.217 29817 29817 W SystemServiceRegistry: No service published for: uimode
10-31 14:52:11.229 29806 29806 I cr_ChildProcessService: Creating new ChildProcessService pid=29806
10-31 14:52:11.230   772 13022 I ActivityManager: Start proc 29883:com.android.chrome:sandboxed_process10/u0i280 for webview_service com.android.chrome/org.chromium.content.app.SandboxedProcessService10
10-31 14:52:11.235 29883 29883 E /system/bin/webview_zygote32: failed to make and chown /acct/uid_99280: Permission denied
10-31 14:52:11.236 29883 29883 E Zygote  : createProcessGroup(99280, 0) failed: Permission denied
10-31 14:52:11.238 29817 29817 I cr_ChildProcessService: Creating new ChildProcessService pid=29817
10-31 14:52:11.247   772  1327 I ActivityManager: Process com.android.chrome:sandboxed_process5 (pid 29759) has died: vis  TOP 
10-31 14:52:11.248   772  1327 W ActivityManager: Scheduling restart of crashed service com.android.chrome/org.chromium.content.app.SandboxedProcessService5 in 1000ms
10-31 14:52:11.248   772   790 W zygote64: failed to open /acct/uid_99275/pid_29759/cgroup.procs: No such file or directory
10-31 14:52:11.262 29883 29883 I SamplingProfilerIntegration: Profiling disabled.
10-31 14:52:11.270   772   784 I ActivityManager: Process com.android.chrome:sandboxed_process6 (pid 29773) has died: vis  TOP 
10-31 14:52:11.270   772   784 W ActivityManager: Scheduling restart of crashed service com.android.chrome/org.chromium.content.app.SandboxedProcessService6 in 10977ms
10-31 14:52:11.270   772   790 W zygote64: failed to open /acct/uid_99276/pid_29773/cgroup.procs: No such file or directory
10-31 14:52:11.300 29806 29806 E WebViewFactory: can't load with relro file; address space not reserved
10-31 14:52:11.301 29817 29817 E WebViewFactory: can't load with relro file; address space not reserved
10-31 14:52:11.308 29902 29902 E asset   : setgid: Operation not permitted
10-31 14:52:11.318 29806 29888 I cr_LibraryLoader: Successfully loaded native library
10-31 14:52:11.319 29806 29888 I cr_CachingUmaRecorder: Flushed 3 samples from 3 histograms.
10-31 14:52:11.320 29817 29890 I cr_LibraryLoader: Successfully loaded native library
10-31 14:52:11.321 29817 29890 I cr_CachingUmaRecorder: Flushed 3 samples from 3 histograms.
10-31 14:52:11.335 29511 29568 I cr_VrCoreVersionChecker: Unable to find VrCore.
10-31 14:52:11.350 29511 29521 I zygote  : Background concurrent copying GC freed 38747(2007KB) AllocSpace objects, 1(20KB) LOS objects, 50% free, 5MB/10MB, paused 183us total 121.121ms
10-31 14:52:11.355 29511 29511 W ResourceType: Failure getting entry for 0x7f0100f9 (t=0 e=249) (error -75)
10-31 14:52:11.357   772   781 I zygote64: Background concurrent copying GC freed 28078(2002KB) AllocSpace objects, 33(740KB) LOS objects, 42% free, 17MB/31MB, paused 409us total 107.984ms
10-31 14:52:11.358 29511 29511 W ResourceType: Failure getting entry for 0x7f010828 (t=0 e=2088) (error -75)
10-31 14:52:11.366 29883 29883 I cr_SplitCompatApp: Launched version=106.0.5249.79 minSdkVersion=24 isBundle=true processName=com.android.chrome:sandboxed_process10 isIsolated=true
10-31 14:52:11.367 29511 29511 W ResourceType: Failure getting entry for 0x7f010827 (t=0 e=2087) (error -75)
