10-31 14:52:11.373 29883 29883 W SystemServiceRegistry: No service published for: uimode
10-31 14:52:11.381 29883 29883 I cr_ChildProcessService: Creating new ChildProcessService pid=29883
10-31 14:52:11.384 29511 29511 W chromium: [WARNING:compositor_view.cc(342)] Child process died (type=6) pid=29759)
10-31 14:52:11.385 29511 29511 W chromium: [WARNING:compositor_view.cc(342)] Child process died (type=6) pid=29773)
10-31 14:52:11.387 29790 29859 I chromium: [INFO:child_process_service.cc(69)] ChildProcessService: Exiting child process.
10-31 14:52:11.391   422   422 E lowmemorykiller: Error writing /proc/29790/oom_score_adj; errno=22
10-31 14:52:11.393   772 13071 I ActivityManager: Killing 29790:com.android.chrome:sandboxed_process7/u0a60i277 (adj 0): isolated not needed
10-31 14:52:11.393   772   790 W zygote64: failed to open /acct/uid_99277/pid_29790/cgroup.procs: No such file or directory
10-31 14:52:11.400 29883 29883 E WebViewFactory: can't load with relro file; address space not reserved
10-31 14:52:11.405 29511 29511 W chromium: [WARNING:compositor_view.cc(342)] Child process died (type=6) pid=29790)
10-31 14:52:11.412   772 13021 I ActivityManager: Killing 29806:com.android.chrome:sandboxed_process8/u0a60i278 (adj 0): isolated not needed
10-31 14:52:11.414 29817 29890 I chromium: [INFO:child_process_service.cc(69)] ChildProcessService: Exiting child process.
10-31 14:52:11.414   772   790 W zygote64: failed to open /acct/uid_99278/pid_29806/cgroup.procs: No such file or directory
10-31 14:52:11.416 29511 29511 I Choreographer: Skipped 58 frames!  The application may be doing too much work on its main thread.
10-31 14:52:11.416   422   422 E lowmemorykiller: Error writing /proc/29817/oom_score_adj; errno=22
10-31 14:52:11.417   772  1324 I ActivityManager: Killing 29817:com.android.chrome:sandboxed_process9/u0a60i279 (adj 0): isolated not needed
10-31 14:52:11.419   772   790 W zygote64: failed to open /acct/uid_99279/pid_29817/cgroup.procs: No such file or directory
10-31 14:52:11.425 29883 29920 I cr_LibraryLoader: Successfully loaded native library
10-31 14:52:11.426 29883 29920 I cr_CachingUmaRecorder: Flushed 3 samples from 3 histograms.
10-31 14:52:11.472 29511 29511 W StaticLayout: maxLineHeight should not be -1.  maxLines:1 lineCount:1
10-31 14:52:11.538 29511 29511 W chromium: [WARNING:compositor_view.cc(342)] Child process died (type=6) pid=29817)
10-31 14:52:11.539 29511 29511 W chromium: [WARNING:compositor_view.cc(342)] Child process died (type=6) pid=29806)
10-31 14:52:11.542   772   797 I ActivityManager: Displayed com.android.chrome/com.google.android.apps.chrome.Main: +1s323ms
10-31 14:52:11.542 29883 29920 I chromium: [INFO:child_process_service.cc(69)] ChildProcessService: Exiting child process.
10-31 14:52:11.553   422   422 E lowmemorykiller: Error writing /proc/29883/oom_score_adj; errno=22
10-31 14:52:11.554   772 20193 I ActivityManager: Killing 29883:com.android.chrome:sandboxed_process10/u0a60i280 (adj 0): isolated not needed
10-31 14:52:11.555   772   790 W zygote64: failed to open /acct/uid_99280/pid_29883/cgroup.procs: No such file or directory
10-31 14:52:11.578 29511 29511 W chromium: [WARNING:compositor_view.cc(342)] Child process died (type=6) pid=29883)
10-31 14:52:11.634 29940 29940 E /system/bin/webview_zygote32: failed to make and chown /acct/uid_99281: Permission denied
10-31 14:52:11.635 29940 29940 E Zygote  : createProcessGroup(99281, 0) failed: Permission denied
10-31 14:52:11.637   772   784 I ActivityManager: Start proc 29940:com.android.chrome:sandboxed_process11/u0i281 for webview_service com.android.chrome/org.chromium.content.app.SandboxedProcessService11
10-31 14:52:11.673 29940 29940 I SamplingProfilerIntegration: Profiling disabled.
10-31 14:52:11.687 29953 29953 E /system/bin/webview_zygote32: failed to make and chown /acct/uid_99282: Permission denied
10-31 14:52:11.688 29953 29953 E Zygote  : createProcessGroup(99282, 0) failed: Permission denied
10-31 14:52:11.691   772  3854 I ActivityManager: Start proc 29953:com.android.chrome:sandboxed_process12/u0i282 for webview_service com.android.chrome/org.chromium.content.app.SandboxedProcessService12
10-31 14:52:11.717 29511 29569 W cr_CrashFileManager: /data/user/0/com.android.chrome/cache/Crash Reports does not exist or is not a directory
10-31 14:52:11.717 29511 29569 I chatty  : uid=10060(u0_a60) identical 1 line
10-31 14:52:11.717 29511 29569 W cr_CrashFileManager: /data/user/0/com.android.chrome/cache/Crash Reports does not exist or is not a directory
10-31 14:52:11.726 29965 29965 E asset   : setgid: Operation not permitted
10-31 14:52:11.729 29953 29953 I SamplingProfilerIntegration: Profiling disabled.
10-31 14:52:11.745 29969 29969 E /system/bin/webview_zygote32: failed to make and chown /acct/uid_99283: Permission denied
10-31 14:52:11.745 29969 29969 E Zygote  : createProcessGroup(99283, 0) failed: Permission denied
10-31 14:52:11.753   772  4539 I ActivityManager: Start proc 29969:com.android.chrome:sandboxed_process13/u0i283 for webview_service com.android.chrome/org.chromium.content.app.SandboxedProcessService13
10-31 14:52:11.770 29940 29940 I cr_SplitCompatApp: Launched version=106.0.5249.79 minSdkVersion=24 isBundle=true processName=com.android.chrome:sandboxed_process11 isIsolated=true
10-31 14:52:11.780 29969 29969 I SamplingProfilerIntegration: Profiling disabled.
10-31 14:52:11.784   772  2970 I ActivityManager: Start proc 29984:com.android.chrome:sandboxed_process14/u0i284 for webview_service com.android.chrome/org.chromium.content.app.SandboxedProcessService14
10-31 14:52:11.789 29984 29984 E /system/bin/webview_zygote32: failed to make and chown /acct/uid_99284: Permission denied
10-31 14:52:11.789 29984 29984 E Zygote  : createProcessGroup(99284, 0) failed: Permission denied
10-31 14:52:11.791 29940 29940 W SystemServiceRegistry: No service published for: uimode
10-31 14:52:11.793 27001 27046 W DynamiteModule: Local module descriptor class for com.google.android.gms.googlecertificates not found.
10-31 14:52:11.812 29996 29996 E asset   : setgid: Operation not permitted
10-31 14:52:11.813 29940 29940 I cr_ChildProcessService: Creating new ChildProcessService pid=29940
10-31 14:52:11.815 30002 30002 E asset   : setgid: Operation not permitted
10-31 14:52:11.819   772 13022 I ActivityManager: Start proc 29997:com.android.chrome:sandboxed_process15/u0i285 for webview_service com.android.chrome/org.chromium.content.app.SandboxedProcessService15
10-31 14:52:11.820 29997 29997 E /system/bin/webview_zygote32: failed to make and chown /acct/uid_99285: Permission denied
10-31 14:52:11.820 29997 29997 E Zygote  : createProcessGroup(99285, 0) failed: Permission denied
10-31 14:52:11.832 29984 29984 I SamplingProfilerIntegration: Profiling disabled.
10-31 14:52:11.838 29940 29940 E WebViewFactory: can't load with relro file; address space not reserved
10-31 14:52:11.838 27001 27001 E WorkerRegistryImpl: getWorker() is called after WorkerRegistry disposal.
10-31 14:52:11.841 27001 27001 E WorkerRegistryImpl: getWorker() is called after WorkerRegistry disposal.
10-31 14:52:11.846 29997 29997 I SamplingProfilerIntegration: Profiling disabled.
10-31 14:52:11.850   772  4540 I ActivityManager: Start proc 30018:com.android.chrome:sandboxed_process16/u0i286 for webview_service com.android.chrome/org.chromium.content.app.SandboxedProcessService16
10-31 14:52:11.858 30018 30018 E /system/bin/webview_zygote32: failed to make and chown /acct/uid_99286: Permission denied
10-31 14:52:11.858 30018 30018 E Zygote  : createProcessGroup(99286, 0) failed: Permission denied
10-31 14:52:11.861 29511 29548 I cr_BindingManager: Moderate binding enabled: maxSize=40
10-31 14:52:11.864 29953 29953 I cr_SplitCompatApp: Launched version=106.0.5249.79 minSdkVersion=24 isBundle=true processName=com.android.chrome:sandboxed_process12 isIsolated=true
10-31 14:52:11.886   772  3041 I ActivityManager: START u0 {act=android.intent.action.VIEW dat=http://192.168.178.178:5500/... flg=0x10000000 cmp=com.android.chrome/com.google.android.apps.chrome.Main} from uid 2000
10-31 14:52:11.893 29953 29953 W SystemServiceRegistry: No service published for: uimode
10-31 14:52:11.893 29969 29969 I cr_SplitCompatApp: Launched version=106.0.5249.79 minSdkVersion=24 isBundle=true processName=com.android.chrome:sandboxed_process13 isIsolated=true
10-31 14:52:11.897 30018 30018 I SamplingProfilerIntegration: Profiling disabled.
10-31 14:52:11.900 29969 29969 W SystemServiceRegistry: No service published for: uimode
10-31 14:52:11.901 29940 30000 I cr_LibraryLoader: Successfully loaded native library
10-31 14:52:11.902 29940 30000 I cr_CachingUmaRecorder: Flushed 3 samples from 3 histograms.
10-31 14:52:11.911 30037 30037 E asset   : setgid: Operation not permitted
10-31 14:52:11.918 30036 30036 E asset   : setgid: Operation not permitted
10-31 14:52:11.919 29969 29969 I cr_ChildProcessService: Creating new ChildProcessService pid=29969
10-31 14:52:11.928 29953 29953 I cr_ChildProcessService: Creating new ChildProcessService pid=29953
10-31 14:52:11.944 29953 29953 E WebViewFactory: can't load with relro file; address space not reserved
10-31 14:52:11.957 29969 29969 E WebViewFactory: can't load with relro file; address space not reserved
10-31 14:52:11.958 29984 29984 I cr_SplitCompatApp: Launched version=106.0.5249.79 minSdkVersion=24 isBundle=true processName=com.android.chrome:sandboxed_process14 isIsolated=true
10-31 14:52:11.970 29984 29984 W SystemServiceRegistry: No service published for: uimode
10-31 14:52:11.970 29953 30042 I cr_LibraryLoader: Successfully loaded native library
10-31 14:52:11.972 29953 30042 I cr_CachingUmaRecorder: Flushed 3 samples from 3 histograms.
10-31 14:52:11.973 30050 30050 E asset   : setgid: Operation not permitted
10-31 14:52:11.978 29969 30039 I cr_LibraryLoader: Successfully loaded native library
10-31 14:52:11.979 29969 30039 I cr_CachingUmaRecorder: Flushed 3 samples from 3 histograms.
10-31 14:52:11.982  3960  3970 I zygote64: Background concurrent copying GC freed 91878(5MB) AllocSpace objects, 0(0B) LOS objects, 50% free, 10MB/21MB, paused 325us total 141.492ms
10-31 14:52:11.993 29984 29984 I cr_ChildProcessService: Creating new ChildProcessService pid=29984
10-31 14:52:11.994 29997 29997 I cr_SplitCompatApp: Launched version=106.0.5249.79 minSdkVersion=24 isBundle=true processName=com.android.chrome:sandboxed_process15 isIsolated=true
10-31 14:52:11.995 29511 29511 E cr_IntentUtils: getInt failed on bundle null
10-31 14:52:12.006 29511 29511 E ResourceType: Style contains key with bad entry: 0x0101062c
10-31 14:52:12.019 30018 30018 I cr_SplitCompatApp: Launched version=106.0.5249.79 minSdkVersion=24 isBundle=true processName=com.android.chrome:sandboxed_process16 isIsolated=true
10-31 14:52:12.020 29997 29997 W SystemServiceRegistry: No service published for: uimode
10-31 14:52:12.023 29984 30052 E WebViewFactory: can't load with relro file; address space not reserved
10-31 14:52:12.034 29997 29997 I cr_ChildProcessService: Creating new ChildProcessService pid=29997
10-31 14:52:12.035 30018 30018 W SystemServiceRegistry: No service published for: uimode
10-31 14:52:12.043 29984 30052 I cr_LibraryLoader: Successfully loaded native library
10-31 14:52:12.044 29984 30052 I cr_CachingUmaRecorder: Flushed 3 samples from 3 histograms.
10-31 14:52:12.044   772 13021 I ActivityManager: Start proc 30067:com.android.chrome:sandboxed_process17/u0i287 for webview_service com.android.chrome/org.chromium.content.app.SandboxedProcessService17
10-31 14:52:12.047 30067 30067 E /system/bin/webview_zygote32: failed to make and chown /acct/uid_99287: Permission denied
10-31 14:52:12.047 30067 30067 E Zygote  : createProcessGroup(99287, 0) failed: Permission denied
10-31 14:52:12.058 30018 30018 I cr_ChildProcessService: Creating new ChildProcessService pid=30018
10-31 14:52:12.070 29997 29997 E WebViewFactory: can't load with relro file; address space not reserved
10-31 14:52:12.074 30018 30018 E WebViewFactory: can't load with relro file; address space not reserved
10-31 14:52:12.082 30067 30067 I SamplingProfilerIntegration: Profiling disabled.
10-31 14:52:12.087 29511 29511 I cr_tabmodel: Appending tabs being restored to metadata lists, 0, startingNormalCount: 2, startingIncognitoCount: 0
10-31 14:52:12.087 29511 29511 I cr_tabmodel: Serializing tab lists; counts: 2, 0
10-31 14:52:12.088 30018 30075 I cr_LibraryLoader: Successfully loaded native library
10-31 14:52:12.092 30018 30075 I cr_CachingUmaRecorder: Flushed 3 samples from 3 histograms.
10-31 14:52:12.093 29997 30069 I cr_LibraryLoader: Successfully loaded native library
10-31 14:52:12.094 29997 30069 I cr_CachingUmaRecorder: Flushed 3 samples from 3 histograms.
10-31 14:52:12.109 30091 30091 E asset   : setgid: Operation not permitted
10-31 14:52:12.149 29511 29511 I cr_OfflineDetector: Running updateState mConnectivityDetectorInitialized: true, mTimeWhenLastForegrounded: 1100386316, getElapsedTime: 1100386316, mTimeWhenLastOfflineNotificationReceived: 0, mTimeWhenLastOnline: 1100385151, mApplicationState: 1, mIsOfflineLastReportedByConnectivityDetector: false, mIsEffectivelyOffline: false
10-31 14:52:12.149 29511 29511 I cr_OfflineDetector: updateState(): timeSinceLastForeground: 0, timeSinceOfflineNotificationReceived: 1100386316, timeSinceLastOnline: 1165, timeNeededForForeground: 2000, timeNeededForOffline: -1100384316
10-31 14:52:12.152 30067 30067 I cr_SplitCompatApp: Launched version=106.0.5249.79 minSdkVersion=24 isBundle=true processName=com.android.chrome:sandboxed_process17 isIsolated=true
10-31 14:52:12.160 30067 30067 W SystemServiceRegistry: No service published for: uimode
10-31 14:52:12.171 30067 30067 I cr_ChildProcessService: Creating new ChildProcessService pid=30067
10-31 14:52:12.180 30067 30067 E WebViewFactory: can't load with relro file; address space not reserved
10-31 14:52:12.183 27001 27046 I DynamiteModule: Considering local module com.google.android.gms.googlecertificates:0 and remote module com.google.android.gms.googlecertificates:7
10-31 14:52:12.183 27001 27046 I DynamiteModule: Selected remote version of com.google.android.gms.googlecertificates, version >= 7
10-31 14:52:12.196 29940 30000 I chromium: [INFO:child_process_service.cc(69)] ChildProcessService: Exiting child process.
10-31 14:52:12.198   422   422 E lowmemorykiller: Error writing /proc/29940/oom_score_adj; errno=22
10-31 14:52:12.199   772 13071 I ActivityManager: Killing 29940:com.android.chrome:sandboxed_process11/u0a60i281 (adj 0): isolated not needed
10-31 14:52:12.200   772   790 W zygote64: failed to open /acct/uid_99281/pid_29940/cgroup.procs: No such file or directory
10-31 14:52:12.206 30067 30105 I cr_LibraryLoader: Successfully loaded native library
10-31 14:52:12.207 29969 30039 I chromium: [INFO:child_process_service.cc(69)] ChildProcessService: Exiting child process.
10-31 14:52:12.209 30067 30105 I cr_CachingUmaRecorder: Flushed 3 samples from 3 histograms.
10-31 14:52:12.210   422   422 E lowmemorykiller: Error writing /proc/29969/oom_score_adj; errno=22
10-31 14:52:12.211   772  3854 I ActivityManager: Killing 29969:com.android.chrome:sandboxed_process13/u0a60i283 (adj 0): isolated not needed
10-31 14:52:12.215 29984 30052 I chromium: [INFO:child_process_service.cc(69)] ChildProcessService: Exiting child process.
10-31 14:52:12.217   772   790 W zygote64: failed to open /acct/uid_99283/pid_29969/cgroup.procs: No such file or directory
10-31 14:52:12.221 29953 30042 I chromium: [INFO:child_process_service.cc(69)] ChildProcessService: Exiting child process.
10-31 14:52:12.226 29997 30069 I chromium: [INFO:child_process_service.cc(69)] ChildProcessService: Exiting child process.
10-31 14:52:12.230 30018 30075 I chromium: [INFO:child_process_service.cc(69)] ChildProcessService: Exiting child process.
10-31 14:52:12.244   772 20193 I ActivityManager: Killing 29953:com.android.chrome:sandboxed_process12/u0a60i282 (adj 0): isolated not needed
10-31 14:52:12.245   772   790 W zygote64: failed to open /acct/uid_99282/pid_29953/cgroup.procs: No such file or directory
10-31 14:52:12.257 29511 29511 W chromium: [WARNING:compositor_view.cc(342)] Child process died (type=6) pid=29940)
10-31 14:52:12.259 29511 29511 W chromium: [WARNING:compositor_view.cc(342)] Child process died (type=6) pid=29969)
10-31 14:52:12.278 29511 29511 W ResourceType: Failure getting entry for 0x7f010216 (t=0 e=534) (error -75)
10-31 14:52:12.281 29511 29511 W ResourceType: Failure getting entry for 0x7f0107c9 (t=0 e=1993) (error -75)
10-31 14:52:12.295 30115 30115 E /system/bin/webview_zygote32: failed to make and chown /acct/uid_99288: Permission denied
10-31 14:52:12.295 30115 30115 E Zygote  : createProcessGroup(99288, 0) failed: Permission denied
10-31 14:52:12.300   772  1327 I ActivityManager: Start proc 30115:com.android.chrome:sandboxed_process18/u0i288 for webview_service com.android.chrome/org.chromium.content.app.SandboxedProcessService18
10-31 14:52:12.301   772  4539 I ActivityManager: Process com.android.chrome:sandboxed_process16 (pid 30018) has died: vis  TOP 
10-31 14:52:12.302   772  4539 W ActivityManager: Scheduling restart of crashed service com.android.chrome/org.chromium.content.app.SandboxedProcessService16 in 1000ms
10-31 14:52:12.302   772   790 W zygote64: failed to open /acct/uid_99286/pid_30018/cgroup.procs: No such file or directory
10-31 14:52:12.313   772  1259 I ActivityManager: Process com.android.chrome:sandboxed_process15 (pid 29997) has died: vis  TOP 
10-31 14:52:12.313   772  1259 W ActivityManager: Scheduling restart of crashed service com.android.chrome/org.chromium.content.app.SandboxedProcessService15 in 10989ms
10-31 14:52:12.313   772   790 W zygote64: failed to open /acct/uid_99285/pid_29997/cgroup.procs: No such file or directory
10-31 14:52:12.325   772 32228 I ActivityManager: Process com.android.chrome:sandboxed_process14 (pid 29984) has died: vis  TOP 
10-31 14:52:12.325   772   790 W zygote64: failed to open /acct/uid_99284/pid_29984/cgroup.procs: No such file or directory
10-31 14:52:12.325   772 32228 W ActivityManager: Scheduling restart of crashed service com.android.chrome/org.chromium.content.app.SandboxedProcessService14 in 20977ms
10-31 14:52:12.338 29511 29511 W chromium: [WARNING:compositor_view.cc(342)] Child process died (type=6) pid=30018)
10-31 14:52:12.341 29511 29511 W chromium: [WARNING:compositor_view.cc(342)] Child process died (type=6) pid=29997)
10-31 14:52:12.343 29511 29511 W chromium: [WARNING:compositor_view.cc(342)] Child process died (type=6) pid=29984)
10-31 14:52:12.348 29511 29511 W chromium: [WARNING:compositor_view.cc(342)] Child process died (type=6) pid=29953)
10-31 14:52:12.353 30115 30115 I SamplingProfilerIntegration: Profiling disabled.
10-31 14:52:12.373   772   996 I ActivityManager: Start proc 30134:com.android.chrome:sandboxed_process19/u0i289 for webview_service com.android.chrome/org.chromium.content.app.SandboxedProcessService19
10-31 14:52:12.387 30134 30134 E /system/bin/webview_zygote32: failed to make and chown /acct/uid_99289: Permission denied
10-31 14:52:12.387 30134 30134 E Zygote  : createProcessGroup(99289, 0) failed: Permission denied
10-31 14:52:12.408 30146 30146 E asset   : setgid: Operation not permitted
10-31 14:52:12.414 30134 30134 I SamplingProfilerIntegration: Profiling disabled.
10-31 14:52:12.431 30149 30149 E /system/bin/webview_zygote32: failed to make and chown /acct/uid_99290: Permission denied
10-31 14:52:12.431 30149 30149 E Zygote  : createProcessGroup(99290, 0) failed: Permission denied
10-31 14:52:12.431   772  3037 I ActivityManager: Start proc 30149:com.android.chrome:sandboxed_process20/u0i290 for webview_service com.android.chrome/org.chromium.content.app.SandboxedProcessService20
10-31 14:52:12.446 30115 30115 I cr_SplitCompatApp: Launched version=106.0.5249.79 minSdkVersion=24 isBundle=true processName=com.android.chrome:sandboxed_process18 isIsolated=true
10-31 14:52:12.459 30115 30115 W SystemServiceRegistry: No service published for: uimode
10-31 14:52:12.464 30161 30161 E asset   : setgid: Operation not permitted
10-31 14:52:12.471 30149 30149 I SamplingProfilerIntegration: Profiling disabled.
10-31 14:52:12.475 30115 30115 I cr_ChildProcessService: Creating new ChildProcessService pid=30115
10-31 14:52:12.477 30164 30164 E /system/bin/webview_zygote32: failed to make and chown /acct/uid_99291: Permission denied
10-31 14:52:12.477 30164 30164 E Zygote  : createProcessGroup(99291, 0) failed: Permission denied
10-31 14:52:12.480   772  1327 I ActivityManager: Start proc 30164:com.android.chrome:sandboxed_process21/u0i291 for webview_service com.android.chrome/org.chromium.content.app.SandboxedProcessService21
10-31 14:52:12.497 30115 30115 E WebViewFactory: can't load with relro file; address space not reserved
10-31 14:52:12.498 30164 30164 I SamplingProfilerIntegration: Profiling disabled.
10-31 14:52:12.505 30115 30165 I cr_LibraryLoader: Successfully loaded native library
10-31 14:52:12.508 30115 30165 I cr_CachingUmaRecorder: Flushed 3 samples from 3 histograms.
10-31 14:52:12.514 30134 30134 I cr_SplitCompatApp: Launched version=106.0.5249.79 minSdkVersion=24 isBundle=true processName=com.android.chrome:sandboxed_process19 isIsolated=true
10-31 14:52:12.517 30178 30178 E asset   : setgid: Operation not permitted
10-31 14:52:12.531 30134 30134 W SystemServiceRegistry: No service published for: uimode
10-31 14:52:12.536 30187 30187 E asset   : setgid: Operation not permitted
10-31 14:52:12.554 30134 30134 I cr_ChildProcessService: Creating new ChildProcessService pid=30134
10-31 14:52:12.555 27001 27046 W zygote64: Skipping duplicate class check due to unrecognized classloader
10-31 14:52:12.556 30115 30165 I chromium: [INFO:child_process_service.cc(69)] ChildProcessService: Exiting child process.
10-31 14:52:12.561   422   422 E lowmemorykiller: Error writing /proc/30115/oom_score_adj; errno=22
10-31 14:52:12.562   772  1259 I ActivityManager: Killing 30115:com.android.chrome:sandboxed_process18/u0a60i288 (adj 0): isolated not needed
10-31 14:52:12.562   772   790 W zygote64: failed to open /acct/uid_99288/pid_30115/cgroup.procs: No such file or directory
10-31 14:52:12.566 30149 30149 I cr_SplitCompatApp: Launched version=106.0.5249.79 minSdkVersion=24 isBundle=true processName=com.android.chrome:sandboxed_process20 isIsolated=true
10-31 14:52:12.567 30164 30164 I cr_SplitCompatApp: Launched version=106.0.5249.79 minSdkVersion=24 isBundle=true processName=com.android.chrome:sandboxed_process21 isIsolated=true
10-31 14:52:12.573 30164 30164 W SystemServiceRegistry: No service published for: uimode
10-31 14:52:12.575 30134 30190 E WebViewFactory: can't load with relro file; address space not reserved
10-31 14:52:12.578 30149 30149 W SystemServiceRegistry: No service published for: uimode
10-31 14:52:12.584 30164 30164 I cr_ChildProcessService: Creating new ChildProcessService pid=30164
10-31 14:52:12.586 30149 30149 I cr_ChildProcessService: Creating new ChildProcessService pid=30149
10-31 14:52:12.586 27001 27046 D GoogleCertificates: com.google.android.gms.googlecertificates module is loaded
10-31 14:52:12.586 30134 30190 I cr_LibraryLoader: Successfully loaded native library
10-31 14:52:12.589 30134 30190 I cr_CachingUmaRecorder: Flushed 3 samples from 3 histograms.
10-31 14:52:12.591 30149 30149 E WebViewFactory: can't load with relro file; address space not reserved
10-31 14:52:12.605 30149 30192 I cr_LibraryLoader: Successfully loaded native library
10-31 14:52:12.606 30149 30192 I cr_CachingUmaRecorder: Flushed 3 samples from 3 histograms.
10-31 14:52:12.607 30164 30164 E WebViewFactory: can't load with relro file; address space not reserved
10-31 14:52:12.630 30164 30191 I cr_LibraryLoader: Successfully loaded native library
10-31 14:52:12.631 30164 30191 I cr_CachingUmaRecorder: Flushed 3 samples from 3 histograms.
10-31 14:52:12.653 30134 30190 I chromium: [INFO:child_process_service.cc(69)] ChildProcessService: Exiting child process.
10-31 14:52:12.655   422   422 E lowmemorykiller: Error writing /proc/30134/oom_score_adj; errno=22
10-31 14:52:12.655   772  4540 I ActivityManager: Killing 30134:com.android.chrome:sandboxed_process19/u0a60i289 (adj 0): isolated not needed
10-31 14:52:12.656   772   790 W zygote64: failed to open /acct/uid_99289/pid_30134/cgroup.procs: No such file or directory
10-31 14:52:12.657   772 20193 W AppOps  : Bad call: specified package com.google.android.gms under uid 10045 but it is really 10020
10-31 14:52:12.657   772 20193 W AppOps  : java.lang.RuntimeException: here
10-31 14:52:12.657   772 20193 W AppOps  : 	at com.android.server.AppOpsService.getOpsRawLocked(AppOpsService.java:1319)
10-31 14:52:12.657   772 20193 W AppOps  : 	at com.android.server.AppOpsService.checkPackage(AppOpsService.java:1038)
10-31 14:52:12.657   772 20193 W AppOps  : 	at com.android.internal.app.IAppOpsService$Stub.onTransact(IAppOpsService.java:169)
10-31 14:52:12.657   772 20193 W AppOps  : 	at android.os.Binder.execTransact(Binder.java:674)
10-31 14:52:12.663   772 10894 W AppOps  : Bad call: specified package com.google.android.gms under uid 10045 but it is really 10020
10-31 14:52:12.663   772 10894 W AppOps  : java.lang.RuntimeException: here
10-31 14:52:12.663   772 10894 W AppOps  : 	at com.android.server.AppOpsService.getOpsRawLocked(AppOpsService.java:1319)
10-31 14:52:12.663   772 10894 W AppOps  : 	at com.android.server.AppOpsService.checkPackage(AppOpsService.java:1038)
10-31 14:52:12.663   772 10894 W AppOps  : 	at com.android.internal.app.IAppOpsService$Stub.onTransact(IAppOpsService.java:169)
10-31 14:52:12.663   772 10894 W AppOps  : 	at android.os.Binder.execTransact(Binder.java:674)
10-31 14:52:12.668 30164 30191 I chromium: [INFO:child_process_service.cc(69)] ChildProcessService: Exiting child process.
10-31 14:52:12.670   422   422 E lowmemorykiller: Error writing /proc/30164/oom_score_adj; errno=22
10-31 14:52:12.671   772 10860 I ActivityManager: Killing 30164:com.android.chrome:sandboxed_process21/u0a60i291 (adj 0): isolated not needed
10-31 14:52:12.672   772   790 W zygote64: failed to open /acct/uid_99291/pid_30164/cgroup.procs: No such file or directory
10-31 14:52:12.675   772 10893 I ActivityManager: Killing 30149:com.android.chrome:sandboxed_process20/u0a60i290 (adj 0): isolated not needed
10-31 14:52:12.677   772   790 W zygote64: failed to open /acct/uid_99290/pid_30149/cgroup.procs: No such file or directory
10-31 14:52:12.680 27001 27001 I MemoryTrimmer: Trimming objects from memory, since app is in the background.
10-31 14:52:12.713 29511 29511 W chromium: [WARNING:compositor_view.cc(342)] Child process died (type=6) pid=30115)
10-31 14:52:12.722 29511 29511 W chromium: [WARNING:compositor_view.cc(342)] Child process died (type=6) pid=30134)
10-31 14:52:12.723 29511 29511 W chromium: [WARNING:compositor_view.cc(342)] Child process died (type=6) pid=30149)
10-31 14:52:12.723 29511 29511 W chromium: [WARNING:compositor_view.cc(342)] Child process died (type=6) pid=30164)
10-31 14:52:12.833 30067 30088 I vndksupport: sphal namespace is not configured for this process. Loading libutils.so from the current namespace instead.
10-31 14:52:12.834 29549 29560 I vndksupport: sphal namespace is not configured for this process. Loading libutils.so from the current namespace instead.
10-31 14:52:12.834 29580 29593 I vndksupport: sphal namespace is not configured for this process. Loading libutils.so from the current namespace instead.
10-31 14:52:12.834 29511 29522 I vndksupport: sphal namespace is not configured for this process. Loading libutils.so from the current namespace instead.
10-31 14:52:12.846   556   556 E Parcel  : Reading a NULL string not supported here.
10-31 14:52:12.847   556   556 W Parcel  : **** enforceInterface() expected 'IAAudioService' but read ''
10-31 14:52:12.847   360   360 E SELinux : avc:  denied  { find } for service=android.service.gatekeeper.IGateKeeperService pid=30180 uid=2000 scontext=u:r:shell:s0 tcontext=u:object_r:gatekeeper_service:s0 tclass=service_manager
10-31 14:52:12.848   360   360 E SELinux : avc:  denied  { find } for service=netd pid=30180 uid=2000 scontext=u:r:shell:s0 tcontext=u:object_r:netd_service:s0 tclass=service_manager
10-31 14:52:12.849 30180 30180 W atrace  : type=1400 audit(0.0:15254): avc: denied { call } for scontext=u:r:shell:s0 tcontext=u:r:wificond:s0 tclass=binder permissive=0
10-31 14:52:12.853   360   360 E SELinux : avc:  denied  { find } for service=installd pid=30180 uid=2000 scontext=u:r:shell:s0 tcontext=u:object_r:installd_service:s0 tclass=service_manager
10-31 14:52:12.859   361   361 E SELinux : avc:  denied  { find } for interface=android.frameworks.displayservice::IDisplayService pid=30180 scontext=u:r:shell:s0 tcontext=u:object_r:fwk_display_hwservice:s0 tclass=hwservice_manager
10-31 14:52:12.859   361   361 E SELinux : avc:  denied  { find } for interface=android.frameworks.schedulerservice::ISchedulingPolicyService pid=30180 scontext=u:r:shell:s0 tcontext=u:object_r:fwk_scheduler_hwservice:s0 tclass=hwservice_manager
10-31 14:52:12.860   361   361 E SELinux : avc:  denied  { find } for interface=android.frameworks.sensorservice::ISensorManager pid=30180 scontext=u:r:shell:s0 tcontext=u:object_r:fwk_sensor_hwservice:s0 tclass=hwservice_manager
10-31 14:52:12.860   361   361 E SELinux : avc:  denied  { find } for interface=android.hardware.biometrics.fingerprint::IBiometricsFingerprint pid=30180 scontext=u:r:shell:s0 tcontext=u:object_r:hal_fingerprint_hwservice:s0 tclass=hwservice_manager
10-31 14:52:12.862   361   361 E SELinux : avc:  denied  { find } for interface=android.hardware.dumpstate::IDumpstateDevice pid=30180 scontext=u:r:shell:s0 tcontext=u:object_r:hal_dumpstate_hwservice:s0 tclass=hwservice_manager
10-31 14:52:12.863   361   361 E SELinux : avc:  denied  { find } for interface=android.hardware.radio.deprecated::IOemHook pid=30180 scontext=u:r:shell:s0 tcontext=u:object_r:hal_telephony_hwservice:s0 tclass=hwservice_manager
10-31 14:52:12.864   361   361 E SELinux : avc:  denied  { find } for interface=android.hardware.radio::IRadio pid=30180 scontext=u:r:shell:s0 tcontext=u:object_r:hal_telephony_hwservice:s0 tclass=hwservice_manager
10-31 14:52:12.865   361   361 E SELinux : avc:  denied  { find } for interface=android.hardware.radio::ISap pid=30180 scontext=u:r:shell:s0 tcontext=u:object_r:hal_telephony_hwservice:s0 tclass=hwservice_manager
10-31 14:52:12.866   361   361 E SELinux : avc:  denied  { find } for interface=android.hardware.usb::IUsb pid=30180 scontext=u:r:shell:s0 tcontext=u:object_r:hal_usb_hwservice:s0 tclass=hwservice_manager
10-31 14:52:12.867   361   361 E SELinux : avc:  denied  { find } for interface=android.hardware.wifi.supplicant::ISupplicant pid=30180 scontext=u:r:shell:s0 tcontext=u:object_r:hal_wifi_supplicant_hwservice:s0 tclass=hwservice_manager
10-31 14:52:12.868   361   361 E SELinux : avc:  denied  { find } for interface=android.hardware.wifi::IWifi pid=30180 scontext=u:r:shell:s0 tcontext=u:object_r:hal_wifi_hwservice:s0 tclass=hwservice_manager
10-31 14:52:12.870   361   361 E SELinux : avc:  denied  { find } for interface=android.hidl.base::IBase pid=30180 scontext=u:r:shell:s0 tcontext=u:object_r:hidl_base_hwservice:s0 tclass=hwservice_manager
10-31 14:52:12.871   361   361 I chatty  : uid=1000(system) hwservicemanage identical 1 line
10-31 14:52:12.872   361   361 E SELinux : avc:  denied  { find } for interface=android.hidl.base::IBase pid=30180 scontext=u:r:shell:s0 tcontext=u:object_r:hidl_base_hwservice:s0 tclass=hwservice_manager
10-31 14:52:12.874   361   361 E SELinux : avc:  denied  { find } for interface=android.system.wifi.keystore::IKeystore pid=30180 scontext=u:r:shell:s0 tcontext=u:object_r:system_wifi_keystore_hwservice:s0 tclass=hwservice_manager
10-31 14:52:13.833 13542 13673 I Icing   : IndexChimeraService.getServiceInterface callingPackage=com.google.android.gms componentName=null serviceId=30
10-31 14:52:13.843 13542 13542 D BoundBrokerSvc: onBind: Intent { act=com.google.android.gms.common.BIND_SHARED_PREFS pkg=com.google.android.gms }
10-31 14:52:13.843 13542 13542 D BoundBrokerSvc: Loading bound service for intent: Intent { act=com.google.android.gms.common.BIND_SHARED_PREFS pkg=com.google.android.gms }
10-31 14:52:13.852 13542 13542 D BoundBrokerSvc: onUnbind: Intent { act=com.google.android.gms.common.BIND_SHARED_PREFS pkg=com.google.android.gms }
10-31 14:52:13.881 13542 20573 I GmsCoreXrpcWrapper: Returning a channel provider with trafficStatsTag=12803 trafficStatsUid=-1
10-31 14:52:14.098 13542 20573 I Icing   : Usage reports ok 4, Failed Usage reports 0, indexed 2, rejected 0
10-31 14:52:14.272 29511 29511 W chromium: [WARNING:controller_impl.cc(1190)] Background download complete, client: 6, completion type: 0, file size:16643
10-31 14:52:14.299 30216 30216 E /system/bin/webview_zygote32: failed to make and chown /acct/uid_99292: Permission denied
10-31 14:52:14.299 30216 30216 E Zygote  : createProcessGroup(99292, 0) failed: Permission denied
10-31 14:52:14.306   772 10893 I ActivityManager: Start proc 30216:com.android.chrome:sandboxed_process22/u0i292 for webview_service com.android.chrome/org.chromium.content.app.SandboxedProcessService22
10-31 14:52:14.355 30216 30216 I SamplingProfilerIntegration: Profiling disabled.
10-31 14:52:14.393 30233 30233 E asset   : setgid: Operation not permitted
10-31 14:52:14.403 29511 29511 W chromium: [WARNING:controller_impl.cc(1190)] Background download complete, client: 6, completion type: 0, file size:18160
10-31 14:52:14.425 30216 30216 I cr_SplitCompatApp: Launched version=106.0.5249.79 minSdkVersion=24 isBundle=true processName=com.android.chrome:sandboxed_process22 isIsolated=true
10-31 14:52:14.429 30216 30216 W SystemServiceRegistry: No service published for: uimode
10-31 14:52:14.436 30216 30216 I cr_ChildProcessService: Creating new ChildProcessService pid=30216
10-31 14:52:14.438 30234 30234 E /system/bin/webview_zygote32: failed to make and chown /acct/uid_99293: Permission denied
10-31 14:52:14.438 30234 30234 E Zygote  : createProcessGroup(99293, 0) failed: Permission denied
10-31 14:52:14.443   772  3854 I ActivityManager: Start proc 30234:com.android.chrome:sandboxed_process23/u0i293 for webview_service com.android.chrome/org.chromium.content.app.SandboxedProcessService23
10-31 14:52:14.450 30216 30216 E WebViewFactory: can't load with relro file; address space not reserved
10-31 14:52:14.465 30216 30235 I cr_LibraryLoader: Successfully loaded native library
10-31 14:52:14.466 30216 30235 I cr_CachingUmaRecorder: Flushed 3 samples from 3 histograms.
10-31 14:52:14.475 30234 30234 I SamplingProfilerIntegration: Profiling disabled.
10-31 14:52:14.509 30251 30251 W ThreadPoolForeg: type=1400 audit(0.0:15255): avc: denied { setattr } for name="model-info.pb" dev="dm-2" ino=1504871 scontext=u:r:isolated_app:s0:c512,c768 tcontext=u:object_r:app_data_file:s0:c512,c768 tclass=file permissive=0
10-31 14:52:14.509 30251 30251 W ThreadPoolForeg: type=1400 audit(0.0:15256): avc: denied { setattr } for name="model.tflite" dev="dm-2" ino=1504872 scontext=u:r:isolated_app:s0:c512,c768 tcontext=u:object_r:app_data_file:s0:c512,c768 tclass=file permissive=0
10-31 14:52:14.509 30255 30255 E asset   : setgid: Operation not permitted
10-31 14:52:14.513 29511 29511 W chromium: [WARNING:controller_impl.cc(1190)] Background download complete, client: 6, completion type: 0, file size:15859
10-31 14:52:14.522 30216 30235 I chromium: [INFO:child_process_service.cc(69)] ChildProcessService: Exiting child process.
10-31 14:52:14.535   772  1259 I ActivityManager: Start proc 30256:com.android.chrome:sandboxed_process24/u0i294 for webview_service com.android.chrome/org.chromium.content.app.SandboxedProcessService24
10-31 14:52:14.537 30256 30256 E /system/bin/webview_zygote32: failed to make and chown /acct/uid_99294: Permission denied
10-31 14:52:14.537 30256 30256 E Zygote  : createProcessGroup(99294, 0) failed: Permission denied
10-31 14:52:14.540   422   422 E lowmemorykiller: Error writing /proc/30216/oom_score_adj; errno=22
10-31 14:52:14.540   772 10895 E JavaBinder: !!! FAILED BINDER TRANSACTION !!!  (parcel size = 76)
10-31 14:52:14.541   772 10895 E JavaBinder: !!! FAILED BINDER TRANSACTION !!!  (parcel size = 756)
10-31 14:52:14.541   772 10895 W ActivityManager: Exception when unbinding service com.android.chrome/org.chromium.content.app.SandboxedProcessService22
10-31 14:52:14.541   772 10895 W ActivityManager: android.os.DeadObjectException: Transaction failed on small parcel; remote process probably died
10-31 14:52:14.541   772 10895 W ActivityManager: 	at android.os.BinderProxy.transactNative(Native Method)
10-31 14:52:14.541   772 10895 W ActivityManager: 	at android.os.BinderProxy.transact(Binder.java:748)
10-31 14:52:14.541   772 10895 W ActivityManager: 	at android.app.IApplicationThread$Stub$Proxy.scheduleUnbindService(IApplicationThread.java:1522)
10-31 14:52:14.541   772 10895 W ActivityManager: 	at com.android.server.am.ActiveServices.removeConnectionLocked(ActiveServices.java:2640)
10-31 14:52:14.541   772 10895 W ActivityManager: 	at com.android.server.am.ActiveServices.unbindServiceLocked(ActiveServices.java:1551)
10-31 14:52:14.541   772 10895 W ActivityManager: 	at com.android.server.am.ActivityManagerService.unbindService(ActivityManagerService.java:18297)
10-31 14:52:14.541   772 10895 W ActivityManager: 	at android.app.IActivityManager$Stub.onTransact(IActivityManager.java:594)
10-31 14:52:14.541   772 10895 W ActivityManager: 	at com.android.server.am.ActivityManagerService.onTransact(ActivityManagerService.java:2935)
10-31 14:52:14.541   772 10895 W ActivityManager: 	at android.os.Binder.execTransact(Binder.java:674)
10-31 14:52:14.541   772 10895 E JavaBinder: !!! FAILED BINDER TRANSACTION !!!  (parcel size = 76)
10-31 14:52:14.542   422   422 E lowmemorykiller: Error writing /proc/30216/oom_score_adj; errno=22
10-31 14:52:14.542   772 10895 E JavaBinder: !!! FAILED BINDER TRANSACTION !!!  (parcel size = 76)
10-31 14:52:14.543   772 10895 I ActivityManager: Killing 30216:com.android.chrome:sandboxed_process22/u0a60i292 (adj 900): isolated not needed
10-31 14:52:14.543   772   790 W zygote64: failed to open /acct/uid_99292/pid_30216/cgroup.procs: No such file or directory
10-31 14:52:14.545 29511 29511 W chromium: [WARNING:compositor_view.cc(342)] Child process died (type=6) pid=30216)
10-31 14:52:14.546 27001 27001 I MemoryTrimmer: Trimming objects from memory, since app is in the background.
10-31 14:52:14.550 30234 30234 I cr_SplitCompatApp: Launched version=106.0.5249.79 minSdkVersion=24 isBundle=true processName=com.android.chrome:sandboxed_process23 isIsolated=true
10-31 14:52:14.555 30234 30234 W SystemServiceRegistry: No service published for: uimode
10-31 14:52:14.566 30234 30234 I cr_ChildProcessService: Creating new ChildProcessService pid=30234
10-31 14:52:14.574 30234 30234 E WebViewFactory: can't load with relro file; address space not reserved
10-31 14:52:14.582 30256 30256 I SamplingProfilerIntegration: Profiling disabled.
10-31 14:52:14.590 30234 30268 I cr_LibraryLoader: Successfully loaded native library
10-31 14:52:14.591 30234 30268 I cr_CachingUmaRecorder: Flushed 3 samples from 3 histograms.
10-31 14:52:14.610 30277 30277 E asset   : setgid: Operation not permitted
10-31 14:52:14.625 30273 30273 W ThreadPoolForeg: type=1400 audit(0.0:15257): avc: denied { setattr } for name="model-info.pb" dev="dm-2" ino=1504834 scontext=u:r:isolated_app:s0:c512,c768 tcontext=u:object_r:app_data_file:s0:c512,c768 tclass=file permissive=0
10-31 14:52:14.629 30273 30273 W ThreadPoolForeg: type=1400 audit(0.0:15258): avc: denied { setattr } for name="model.tflite" dev="dm-2" ino=1504871 scontext=u:r:isolated_app:s0:c512,c768 tcontext=u:object_r:app_data_file:s0:c512,c768 tclass=file permissive=0
10-31 14:52:14.638 30234 30268 I chromium: [INFO:child_process_service.cc(69)] ChildProcessService: Exiting child process.
10-31 14:52:14.641   422   422 E lowmemorykiller: Error writing /proc/30234/oom_score_adj; errno=22
10-31 14:52:14.641   772   784 I ActivityManager: Killing 30234:com.android.chrome:sandboxed_process23/u0a60i293 (adj 0): isolated not needed
10-31 14:52:14.642   772   790 W zygote64: failed to open /acct/uid_99293/pid_30234/cgroup.procs: No such file or directory
10-31 14:52:14.647 30256 30256 I cr_SplitCompatApp: Launched version=106.0.5249.79 minSdkVersion=24 isBundle=true processName=com.android.chrome:sandboxed_process24 isIsolated=true
10-31 14:52:14.658 30256 30256 W SystemServiceRegistry: No service published for: uimode
10-31 14:52:14.666 30256 30256 I cr_ChildProcessService: Creating new ChildProcessService pid=30256
10-31 14:52:14.668 29511 29511 W chromium: [WARNING:compositor_view.cc(342)] Child process died (type=6) pid=30234)
10-31 14:52:14.685 30256 30256 E WebViewFactory: can't load with relro file; address space not reserved
10-31 14:52:14.698 30256 30278 I cr_LibraryLoader: Successfully loaded native library
10-31 14:52:14.699 30256 30278 I cr_CachingUmaRecorder: Flushed 3 samples from 3 histograms.
10-31 14:52:14.745 30283 30283 W ThreadPoolForeg: type=1400 audit(0.0:15259): avc: denied { setattr } for name="model-info.pb" dev="dm-2" ino=1504881 scontext=u:r:isolated_app:s0:c512,c768 tcontext=u:object_r:app_data_file:s0:c512,c768 tclass=file permissive=0
10-31 14:52:14.745 30283 30283 W ThreadPoolForeg: type=1400 audit(0.0:15260): avc: denied { setattr } for name="model.tflite" dev="dm-2" ino=1504882 scontext=u:r:isolated_app:s0:c512,c768 tcontext=u:object_r:app_data_file:s0:c512,c768 tclass=file permissive=0
10-31 14:52:14.757 30256 30278 I chromium: [INFO:child_process_service.cc(69)] ChildProcessService: Exiting child process.
10-31 14:52:14.762   422   422 E lowmemorykiller: Error writing /proc/30256/oom_score_adj; errno=22
10-31 14:52:14.763   772 10895 I ActivityManager: Killing 30256:com.android.chrome:sandboxed_process24/u0a60i294 (adj 0): isolated not needed
10-31 14:52:14.763   772   790 W zygote64: failed to open /acct/uid_99294/pid_30256/cgroup.procs: No such file or directory
10-31 14:52:14.792 29511 29511 W chromium: [WARNING:compositor_view.cc(342)] Child process died (type=6) pid=30256)
10-31 14:52:15.662 29511 29511 W chromium: [WARNING:controller_impl.cc(1190)] Background download complete, client: 6, completion type: 0, file size:265060
10-31 14:52:15.687 30285 30285 E /system/bin/webview_zygote32: failed to make and chown /acct/uid_99295: Permission denied
10-31 14:52:15.687 30285 30285 E Zygote  : createProcessGroup(99295, 0) failed: Permission denied
10-31 14:52:15.693   772  2970 I ActivityManager: Start proc 30285:com.android.chrome:sandboxed_process25/u0i295 for webview_service com.android.chrome/org.chromium.content.app.SandboxedProcessService25
10-31 14:52:15.712 30285 30285 I SamplingProfilerIntegration: Profiling disabled.
10-31 14:52:15.733 29511 29511 W chromium: [WARNING:controller_impl.cc(1190)] Background download complete, client: 6, completion type: 0, file size:2759
10-31 14:52:15.744 30299 30299 E asset   : setgid: Operation not permitted
10-31 14:52:15.775   772  3041 I ActivityManager: Start proc 30300:com.android.chrome:sandboxed_process26/u0i296 for webview_service com.android.chrome/org.chromium.content.app.SandboxedProcessService26
10-31 14:52:15.778 30300 30300 E /system/bin/webview_zygote32: failed to make and chown /acct/uid_99296: Permission denied
10-31 14:52:15.778 30300 30300 E Zygote  : createProcessGroup(99296, 0) failed: Permission denied
10-31 14:52:15.804   772   781 I zygote64: Background concurrent copying GC freed 111812(7MB) AllocSpace objects, 223(6MB) LOS objects, 42% free, 19MB/34MB, paused 746us total 112.584ms
10-31 14:52:15.813 30285 30285 I cr_SplitCompatApp: Launched version=106.0.5249.79 minSdkVersion=24 isBundle=true processName=com.android.chrome:sandboxed_process25 isIsolated=true
10-31 14:52:15.817 30300 30300 I SamplingProfilerIntegration: Profiling disabled.
10-31 14:52:15.819 30285 30285 W SystemServiceRegistry: No service published for: uimode
10-31 14:52:15.825 30285 30285 I cr_ChildProcessService: Creating new ChildProcessService pid=30285
10-31 14:52:15.832 30285 30285 E WebViewFactory: can't load with relro file; address space not reserved
10-31 14:52:15.835 30315 30315 E asset   : setgid: Operation not permitted
10-31 14:52:15.849 30285 30314 I cr_LibraryLoader: Successfully loaded native library
10-31 14:52:15.851 30285 30314 I cr_CachingUmaRecorder: Flushed 3 samples from 3 histograms.
10-31 14:52:15.864 29511 29511 W chromium: [WARNING:controller_impl.cc(1190)] Background download complete, client: 6, completion type: 0, file size:116031
10-31 14:52:15.876 30300 30300 I cr_SplitCompatApp: Launched version=106.0.5249.79 minSdkVersion=24 isBundle=true processName=com.android.chrome:sandboxed_process26 isIsolated=true
10-31 14:52:15.882 30300 30300 W SystemServiceRegistry: No service published for: uimode
10-31 14:52:15.889 30300 30300 I cr_ChildProcessService: Creating new ChildProcessService pid=30300
10-31 14:52:15.903 30321 30321 E /system/bin/webview_zygote32: failed to make and chown /acct/uid_99297: Permission denied
10-31 14:52:15.904   772   784 I ActivityManager: Start proc 30321:com.android.chrome:sandboxed_process27/u0i297 for webview_service com.android.chrome/org.chromium.content.app.SandboxedProcessService27
10-31 14:52:15.904 30321 30321 E Zygote  : createProcessGroup(99297, 0) failed: Permission denied
10-31 14:52:15.912 30300 30300 E WebViewFactory: can't load with relro file; address space not reserved
10-31 14:52:15.919 30319 30319 W ThreadPoolForeg: type=1400 audit(0.0:15261): avc: denied { setattr } for name="model-info.pb" dev="dm-2" ino=1504927 scontext=u:r:isolated_app:s0:c512,c768 tcontext=u:object_r:app_data_file:s0:c512,c768 tclass=file permissive=0
10-31 14:52:15.932 30319 30319 W ThreadPoolForeg: type=1400 audit(0.0:15262): avc: denied { setattr } for name="model.tflite" dev="dm-2" ino=1504928 scontext=u:r:isolated_app:s0:c512,c768 tcontext=u:object_r:app_data_file:s0:c512,c768 tclass=file permissive=0
10-31 14:52:15.932 30300 30320 I cr_LibraryLoader: Successfully loaded native library
10-31 14:52:15.932 30321 30321 I SamplingProfilerIntegration: Profiling disabled.
10-31 14:52:15.933 30300 30320 I cr_CachingUmaRecorder: Flushed 3 samples from 3 histograms.
10-31 14:52:15.945 30285 30314 I chromium: [INFO:child_process_service.cc(69)] ChildProcessService: Exiting child process.
10-31 14:52:15.947   772  1259 I ActivityManager: Killing 30285:com.android.chrome:sandboxed_process25/u0a60i295 (adj 0): isolated not needed
10-31 14:52:15.947 29549 29579 I tflite  : Initialized TensorFlow Lite runtime.
10-31 14:52:15.947   772   790 W zygote64: failed to open /acct/uid_99295/pid_30285/cgroup.procs: No such file or directory
10-31 14:52:15.950 30337 30337 E asset   : setgid: Operation not permitted
10-31 14:52:15.962 30340 30340 W ThreadPoolForeg: type=1400 audit(0.0:15263): avc: denied { setattr } for name="model-info.pb" dev="dm-2" ino=1504922 scontext=u:r:isolated_app:s0:c512,c768 tcontext=u:object_r:app_data_file:s0:c512,c768 tclass=file permissive=0
10-31 14:52:15.965 30340 30340 W ThreadPoolForeg: type=1400 audit(0.0:15264): avc: denied { setattr } for name="model.tflite" dev="dm-2" ino=1504927 scontext=u:r:isolated_app:s0:c512,c768 tcontext=u:object_r:app_data_file:s0:c512,c768 tclass=file permissive=0
10-31 14:52:15.965 29511 29511 W chromium: [WARNING:compositor_view.cc(342)] Child process died (type=6) pid=30285)
10-31 14:52:15.976   772  3041 I ActivityManager: Killing 30300:com.android.chrome:sandboxed_process26/u0a60i296 (adj 0): isolated not needed
10-31 14:52:15.977   772   790 W zygote64: failed to open /acct/uid_99296/pid_30300/cgroup.procs: No such file or directory
10-31 14:52:15.982 30321 30321 I cr_SplitCompatApp: Launched version=106.0.5249.79 minSdkVersion=24 isBundle=true processName=com.android.chrome:sandboxed_process27 isIsolated=true
10-31 14:52:15.986 30321 30321 W SystemServiceRegistry: No service published for: uimode
10-31 14:52:15.992 30321 30321 I cr_ChildProcessService: Creating new ChildProcessService pid=30321
10-31 14:52:15.997 29511 29511 W chromium: [WARNING:compositor_view.cc(342)] Child process died (type=6) pid=30300)
10-31 14:52:16.000 30321 30321 E WebViewFactory: can't load with relro file; address space not reserved
10-31 14:52:16.014 30321 30345 I cr_LibraryLoader: Successfully loaded native library
10-31 14:52:16.016 30321 30345 I cr_CachingUmaRecorder: Flushed 3 samples from 3 histograms.
10-31 14:52:16.029 30348 30348 W ThreadPoolForeg: type=1400 audit(0.0:15265): avc: denied { setattr } for name="model-info.pb" dev="dm-2" ino=1504922 scontext=u:r:isolated_app:s0:c512,c768 tcontext=u:object_r:app_data_file:s0:c512,c768 tclass=file permissive=0
10-31 14:52:16.035 30348 30348 W ThreadPoolForeg: type=1400 audit(0.0:15266): avc: denied { setattr } for name="model.tflite" dev="dm-2" ino=1504924 scontext=u:r:isolated_app:s0:c512,c768 tcontext=u:object_r:app_data_file:s0:c512,c768 tclass=file permissive=0
10-31 14:52:16.038 30067 30105 I tflite  : Initialized TensorFlow Lite runtime.
10-31 14:52:16.045 30321 30345 I chromium: [INFO:child_process_service.cc(69)] ChildProcessService: Exiting child process.
10-31 14:52:16.047   422   422 E lowmemorykiller: Error writing /proc/30321/oom_score_adj; errno=22
10-31 14:52:16.048   772  3854 I ActivityManager: Killing 30321:com.android.chrome:sandboxed_process27/u0a60i297 (adj 0): isolated not needed
10-31 14:52:16.048   772   790 W zygote64: failed to open /acct/uid_99297/pid_30321/cgroup.procs: No such file or directory
10-31 14:52:16.061 29511 29511 W chromium: [WARNING:compositor_view.cc(342)] Child process died (type=6) pid=30321)
