10-30 23:35:53.278 19790 19805 I cr_CachingUmaRecorder: Flushed 3 samples from 3 histograms.
10-30 23:35:53.296 19810 19810 W ThreadPoolForeg: type=1400 audit(0.0:11694): avc: denied { setattr } for name="model-info.pb" dev="dm-2" ino=1504871 scontext=u:r:isolated_app:s0:c512,c768 tcontext=u:object_r:app_data_file:s0:c512,c768 tclass=file permissive=0
10-30 23:35:53.306 19810 19810 W ThreadPoolForeg: type=1400 audit(0.0:11695): avc: denied { setattr } for name="model.tflite" dev="dm-2" ino=1504875 scontext=u:r:isolated_app:s0:c512,c768 tcontext=u:object_r:app_data_file:s0:c512,c768 tclass=file permissive=0
10-30 23:35:53.314 19790 19805 I chromium: [INFO:child_process_service.cc(69)] ChildProcessService: Exiting child process.
10-30 23:35:53.316   422   422 E lowmemorykiller: Error writing /proc/19790/oom_score_adj; errno=22
10-30 23:35:53.316   772  1327 I ActivityManager: Killing 19790:com.android.chrome:sandboxed_process27/u0a60i48 (adj 0): isolated not needed
10-30 23:35:53.317   772   790 W zygote64: failed to open /acct/uid_99048/pid_19790/cgroup.procs: No such file or directory
10-30 23:35:53.327 18959 18959 W chromium: [WARNING:controller_impl.cc(1190)] Background download complete, client: 6, completion type: 0, file size:9419
10-30 23:35:53.342 18959 18959 W chromium: [WARNING:compositor_view.cc(342)] Child process died (type=6) pid=19790)
10-30 23:35:53.366 19812 19812 E /system/bin/webview_zygote32: failed to make and chown /acct/uid_99049: Permission denied
10-30 23:35:53.366 19812 19812 E Zygote  : createProcessGroup(99049, 0) failed: Permission denied
10-30 23:35:53.371   772 13071 I ActivityManager: Start proc 19812:com.android.chrome:sandboxed_process28/u0i49 for webview_service com.android.chrome/org.chromium.content.app.SandboxedProcessService28
10-30 23:35:53.385 19812 19812 I SamplingProfilerIntegration: Profiling disabled.
10-30 23:35:53.409 19825 19825 E asset   : setgid: Operation not permitted
10-30 23:35:53.441 19812 19812 I cr_SplitCompatApp: Launched version=106.0.5249.79 minSdkVersion=24 isBundle=true processName=com.android.chrome:sandboxed_process28 isIsolated=true
10-30 23:35:53.447 19812 19812 W SystemServiceRegistry: No service published for: uimode
10-30 23:35:53.459 19812 19812 I cr_ChildProcessService: Creating new ChildProcessService pid=19812
10-30 23:35:53.466 19812 19812 E WebViewFactory: can't load with relro file; address space not reserved
10-30 23:35:53.476 19812 19827 I cr_LibraryLoader: Successfully loaded native library
10-30 23:35:53.477 19812 19827 I cr_CachingUmaRecorder: Flushed 3 samples from 3 histograms.
10-30 23:35:53.500 19830 19830 W ThreadPoolForeg: type=1400 audit(0.0:11696): avc: denied { setattr } for name="model-info.pb" dev="dm-2" ino=1504871 scontext=u:r:isolated_app:s0:c512,c768 tcontext=u:object_r:app_data_file:s0:c512,c768 tclass=file permissive=0
10-30 23:35:53.500 19830 19830 W ThreadPoolForeg: type=1400 audit(0.0:11697): avc: denied { setattr } for name="model.tflite" dev="dm-2" ino=1504877 scontext=u:r:isolated_app:s0:c512,c768 tcontext=u:object_r:app_data_file:s0:c512,c768 tclass=file permissive=0
10-30 23:35:53.511 19812 19827 I chromium: [INFO:child_process_service.cc(69)] ChildProcessService: Exiting child process.
10-30 23:35:53.517   422   422 E lowmemorykiller: Error writing /proc/19812/oom_score_adj; errno=22
10-30 23:35:53.518   772 32228 I ActivityManager: Killing 19812:com.android.chrome:sandboxed_process28/u0a60i49 (adj 0): isolated not needed
10-30 23:35:53.518   772   790 W zygote64: failed to open /acct/uid_99049/pid_19812/cgroup.procs: No such file or directory
10-30 23:35:53.534 18959 18959 W chromium: [WARNING:compositor_view.cc(342)] Child process died (type=6) pid=19812)
10-30 23:35:54.069 18959 18959 W chromium: [WARNING:controller_impl.cc(1190)] Background download complete, client: 6, completion type: 0, file size:265060
10-30 23:35:54.094 19834 19834 E /system/bin/webview_zygote32: failed to make and chown /acct/uid_99050: Permission denied
10-30 23:35:54.094 19834 19834 E Zygote  : createProcessGroup(99050, 0) failed: Permission denied
10-30 23:35:54.098   772 10893 I ActivityManager: Start proc 19834:com.android.chrome:sandboxed_process29/u0i50 for webview_service com.android.chrome/org.chromium.content.app.SandboxedProcessService29
10-30 23:35:54.117 19834 19834 I SamplingProfilerIntegration: Profiling disabled.
10-30 23:35:54.134 19847 19847 E asset   : setgid: Operation not permitted
10-30 23:35:54.166 19834 19834 I cr_SplitCompatApp: Launched version=106.0.5249.79 minSdkVersion=24 isBundle=true processName=com.android.chrome:sandboxed_process29 isIsolated=true
10-30 23:35:54.173 19834 19834 W SystemServiceRegistry: No service published for: uimode
10-30 23:35:54.186 19834 19834 I cr_ChildProcessService: Creating new ChildProcessService pid=19834
10-30 23:35:54.193 19834 19834 E WebViewFactory: can't load with relro file; address space not reserved
10-30 23:35:54.202 19834 19849 I cr_LibraryLoader: Successfully loaded native library
10-30 23:35:54.203 19834 19849 I cr_CachingUmaRecorder: Flushed 3 samples from 3 histograms.
10-30 23:35:54.230 19852 19852 W ThreadPoolForeg: type=1400 audit(0.0:11698): avc: denied { setattr } for name="model-info.pb" dev="dm-2" ino=1504871 scontext=u:r:isolated_app:s0:c512,c768 tcontext=u:object_r:app_data_file:s0:c512,c768 tclass=file permissive=0
10-30 23:35:54.246 19852 19852 W ThreadPoolForeg: type=1400 audit(0.0:11699): avc: denied { setattr } for name="model.tflite" dev="dm-2" ino=1504885 scontext=u:r:isolated_app:s0:c512,c768 tcontext=u:object_r:app_data_file:s0:c512,c768 tclass=file permissive=0
10-30 23:35:54.259 19834 19849 I chromium: [INFO:child_process_service.cc(69)] ChildProcessService: Exiting child process.
10-30 23:35:54.260 19002 19031 I tflite  : Initialized TensorFlow Lite runtime.
10-30 23:35:54.261   422   422 E lowmemorykiller: Error writing /proc/19834/oom_score_adj; errno=22
10-30 23:35:54.261   772  1259 I ActivityManager: Killing 19834:com.android.chrome:sandboxed_process29/u0a60i50 (adj 0): isolated not needed
10-30 23:35:54.261   772   790 W zygote64: failed to open /acct/uid_99050/pid_19834/cgroup.procs: No such file or directory
10-30 23:35:54.269 19532 19565 I tflite  : Initialized TensorFlow Lite runtime.
10-30 23:35:54.276 18959 18959 W chromium: [WARNING:compositor_view.cc(342)] Child process died (type=6) pid=19834)
10-30 23:35:54.772 18959 19035 I cr_omaha: OmahaBase::generateAndPostRequest(): Sending request to Omaha:
10-30 23:35:54.772 18959 19035 I cr_omaha: <?xml version='1.0' encoding='UTF-8' standalone='yes' ?><request protocol="3.0" updater="Android" updaterversion="106.0.5249.79" updaterchannel="chrome" ismachine="1" requestid="{4f3ea2f1-35bd-4895-ad1a-b1a54cc757cb}" sessionid="{dddcf4d6-b2e8-411a-bdc0-febec4a1c4d9}" installsource="system_image" dedup="cr"><os platform="android" version="8.0.0" arch="arm" /><app brand="" client="ms-android-google" appid="{387E11AD-7109-45F6-83CF-CAA241ADC9DF}" version="106.0.5249.79" nextversion="" lang="en-US" installage="-1" ap="chrome;google;nexus 5x"><event eventtype="2" eventresult="1" /></app></request>
10-30 23:35:54.791 15052 15052 I MemoryTrimmer: Trimming objects from memory, since app is in the background.
10-30 23:35:55.006 18959 19035 I cr_omaha: OmahaBase::generateAndPostRequest(): Received response from Omaha:
10-30 23:35:55.006 18959 19035 I cr_omaha: <?xml version="1.0" encoding="UTF-8"?><response protocol="3.0" server="prod"><daystart elapsed_days="5781" elapsed_seconds="56153"/><app appid="{387E11AD-7109-45F6-83CF-CAA241ADC9DF}" status="ok"><event status="ok"/></app></response>
10-30 23:35:55.010 18959 19035 I cr_omaha: Request to Server Successful. Timestamp for next request:1667172955010
10-30 23:35:55.021 18959 19035 I cr_omaha: OmahaBase::generateAndPostRequest(): Sending request to Omaha:
10-30 23:35:55.021 18959 19035 I cr_omaha: <?xml version='1.0' encoding='UTF-8' standalone='yes' ?><request protocol="3.0" updater="Android" updaterversion="106.0.5249.79" updaterchannel="chrome" ismachine="1" requestid="{31018955-829c-499f-8be7-f4f1c4e5222b}" sessionid="{dddcf4d6-b2e8-411a-bdc0-febec4a1c4d9}" installsource="system_image" dedup="cr"><os platform="android" version="8.0.0" arch="arm" /><app brand="" client="ms-android-google" appid="{387E11AD-7109-45F6-83CF-CAA241ADC9DF}" version="106.0.5249.79" nextversion="" lang="en-US" installage="0" ap="chrome;google;nexus 5x"><updatecheck /><ping active="1" ad="5781" rd="5781" /></app></request>
10-30 23:35:55.058 18959 19035 I cr_omaha: OmahaBase::generateAndPostRequest(): Received response from Omaha:
10-30 23:35:55.058 18959 19035 I cr_omaha: <?xml version="1.0" encoding="UTF-8"?><response protocol="3.0" server="prod"><daystart elapsed_days="5781" elapsed_seconds="56153"/><app appid="{387E11AD-7109-45F6-83CF-CAA241ADC9DF}" cohort="1:hyx:" cohortname="Stable Chrome" status="ok"><updatecheck status="noupdate"/><ping status="ok"/></app></response>
10-30 23:35:55.060 18959 19035 I cr_omaha: Request to Server Successful. Timestamp for next request:1667172955060
10-30 23:35:55.060 18959 19035 I cr_omaha: Attempting to schedule next job for: Mon Oct 31 04:35:54 GMT+01:00 2022
10-30 23:35:55.062 18959 18959 I cr_omaha: Scheduled using JobService
10-30 23:35:55.063 18959 18959 E cr_BkgrdTaskJS: Tried finishing non-current BackgroundTask.
10-30 23:35:55.676 13542 13673 I Icing   : IndexChimeraService.getServiceInterface callingPackage=com.google.android.gms componentName=null serviceId=30
10-30 23:35:55.682 13542 13542 D BoundBrokerSvc: onBind: Intent { act=com.google.android.gms.common.BIND_SHARED_PREFS pkg=com.google.android.gms }
10-30 23:35:55.682 13542 13542 D BoundBrokerSvc: Loading bound service for intent: Intent { act=com.google.android.gms.common.BIND_SHARED_PREFS pkg=com.google.android.gms }
10-30 23:35:55.686 13542 13542 D BoundBrokerSvc: onUnbind: Intent { act=com.google.android.gms.common.BIND_SHARED_PREFS pkg=com.google.android.gms }
10-30 23:35:55.689 13542 10544 I GmsCoreXrpcWrapper: Returning a channel provider with trafficStatsTag=12803 trafficStatsUid=-1
10-30 23:35:55.808 13542 10544 I Icing   : Usage reports ok 2, Failed Usage reports 0, indexed 1, rejected 0
10-30 23:36:00.267 18959 18959 E cr_BTSPrefs: No data found for task id: 56
10-30 23:36:00.267 18959 18959 E cr_BkgrdTaskScheduler: Task cannot be canceled because no data was found instorage or data was invalid
10-30 23:36:04.376 18959 18959 W ResourceType: Failure getting entry for 0x7f010888 (t=0 e=2184) (error -75)
10-30 23:36:04.397 18959 18959 I chatty  : uid=10060(u0_a60) identical 7 lines
10-30 23:36:04.399 18959 18959 W ResourceType: Failure getting entry for 0x7f010888 (t=0 e=2184) (error -75)
10-30 23:36:04.400 18959 18959 I cr_TopSites: Start a new task.
10-30 23:36:04.401 18959 19034 I cr_TopSites: Serializing top sites lists finished; count: 9
10-30 23:36:04.407 18959 19034 I cr_TopSites: Finished saving top sites list to file:/data/user/0/com.android.chrome/app_top_sites/top_sites
10-30 23:36:05.069   551   618 I ThermalEngine: ACTION: LCD - Setting max LCD brightness to 232
10-30 23:36:07.036   551   618 I ThermalEngine: ACTION: BATTERY - Setting battery charging mitigation to 3
10-30 23:36:13.236 19038 19870 W VideoCapabilities: Unrecognized profile 2130706433 for video/avc
10-30 23:36:13.263 19038 19870 I VideoCapabilities: Unsupported profile 4 for video/mp4v-es
10-30 23:36:13.271 19038 19871 W VideoCapabilities: Unrecognized profile 2130706433 for video/avc
10-30 23:36:13.286 19038 19871 I VideoCapabilities: Unsupported profile 4 for video/mp4v-es
10-30 23:36:13.631 18959 18959 I cr_tabmodel: Appending tabs being restored to metadata lists, 0, startingNormalCount: 2, startingIncognitoCount: 0
10-30 23:36:13.631 18959 18959 I cr_tabmodel: Serializing tab lists; counts: 2, 0
10-30 23:36:25.577  3960 16248 E WakeLock: GCM_HB_ALARM release without a matched acquire!
10-30 23:36:25.642  3960 16248 I NetworkScheduler.Stats: Task com.google.android.gms/com.google.android.gms.chimera.container.ConfigService started execution. cause:2 exec_start_elapsed_seconds: 1045439 [CONTEXT service_id=218 ]
10-30 23:36:25.668 13542 10544 I ChimeraConfigurator: Starting update, reason: 2 urgentFeatures: 
10-30 23:36:25.682  3960 16248 I NetworkScheduler.Stats: Task com.google.android.gms/com.google.android.gms.ads.social.GcmSchedulerWakeupService started execution. cause:2 exec_start_elapsed_seconds: 1045439 [CONTEXT service_id=218 ]
10-30 23:36:25.891 13542 13552 I zygote64: Background concurrent copying GC freed 88212(3MB) AllocSpace objects, 9(180KB) LOS objects, 49% free, 5MB/11MB, paused 6.140ms total 62.241ms
10-30 23:36:25.949 13542 10551 W ProviderHelper: Unknown dynamite feature providerinstaller.dynamite
10-30 23:36:25.949 13542 10551 I DynamiteModule: Considering local module com.google.android.gms.providerinstaller.dynamite:1 and remote module com.google.android.gms.providerinstaller.dynamite:0
10-30 23:36:25.949 13542 10551 I DynamiteModule: Selected local version of com.google.android.gms.providerinstaller.dynamite
10-30 23:36:25.993 13542 10551 W Conscrypt: Could not set socket write timeout: java.net.SocketException: Socket closed
10-30 23:36:25.997 13542 10551 W Conscrypt: 	at com.google.android.gms.org.conscrypt.Platform.setSocketWriteTimeout(:com.google.android.gms@223616019@22.36.16 (040400-476895098):2)
10-30 23:36:25.998 13542 10551 W Conscrypt: 	at com.google.android.gms.org.conscrypt.ConscryptFileDescriptorSocket.setSoWriteTimeout(:com.google.android.gms@223616019@22.36.16 (040400-476895098):0)
10-30 23:36:26.001 13542 10544 I GmsDebugLogger: [50] ads_fdr:2231046005000000,container:2236169040400+maps_core+pay,tflite_dynamite:2231028025040400+tflite_dynamite,vision_ocr:2236109015000400+vision.ocr|5
10-30 23:36:26.045 13542 10544 I GmsModuleFndr: Beginning GMS chimera module scan
10-30 23:36:26.059 13542 10544 I ModuleSetMgr: Computing pending module set with APKs: [[AdsFdrDynamite.integ:222508000000000], [Cronetdynamite:223616040400], [Dynamiteloader:223616040000], [Dynamitemodulesa:223616040000], [Dynamitemodulesc:223616040000], [Googlecertificates:223616040000], [Mapsdynamite:223616040000], [Measurementdynamite:223616040000]]
10-30 23:36:26.074 13542 10544 I ModuleSetMgr: Pending container module APKs: []
10-30 23:36:26.074 13542 10544 I ModuleSetMgr: Pending non-container module APKs: []
10-30 23:36:26.098 13542 10551 W Conscrypt: Could not set socket write timeout: java.net.SocketException: Socket closed
10-30 23:36:26.098 13542 10544 W PackageParser: Unknown element under <manifest>: queries at /data/user_de/0/com.google.android.gms/app_chimera/m/00000006/AdsDynamite.apk Binary XML file line #11
10-30 23:36:26.099 13542 10551 W Conscrypt: 	at com.google.android.gms.org.conscrypt.Platform.setSocketWriteTimeout(:com.google.android.gms@223616019@22.36.16 (040400-476895098):2)
10-30 23:36:26.099 13542 10551 W Conscrypt: 	at com.google.android.gms.org.conscrypt.ConscryptFileDescriptorSocket.setSoWriteTimeout(:com.google.android.gms@223616019@22.36.16 (040400-476895098):0)
10-30 23:36:26.161  3960 19182 I NetworkScheduler.Stats: Task com.google.android.gms/com.google.android.gms.ads.social.GcmSchedulerWakeupService finished executing. cause:2 result: 1 elapsed_millis: 513 uptime_millis: 514 exec_start_elapsed_seconds: 1045439 [CONTEXT service_id=218 ]
10-30 23:36:26.233 13542 10544 I DynamicModuleDownloader: Patch being requested /data/user_de/0/com.google.android.gms/app_chimera/m/00000006/AdsDynamite.apk
10-30 23:36:26.236   772   785 W ActivityManager: Unable to start service Intent { act=com.google.android.finsky.BIND_PLAY_MODULE_SERVICE pkg=com.android.vending } U=0: not found
10-30 23:36:26.237 13542 10544 E ZappPhoneskyConn: Unable to bind to Phonesky
10-30 23:36:26.237 13542 10544 I GmsDebugLogger: [76] 
10-30 23:36:26.240   772  2970 W ActivityManager: Unable to start service Intent { act=com.google.android.finsky.BIND_PLAY_MODULE_SERVICE pkg=com.android.vending } U=0: not found
10-30 23:36:26.241 13542 10544 E ZappPhoneskyConn: Unable to bind to Phonesky
10-30 23:36:26.241 13542 10544 E DynamicModuleDownloader: Zapp module request failed: null
10-30 23:36:26.244 13542 10544 I GmsDebugLogger: [30] [TfliteDynamiteDynamite.integ:223102802000400],[VisionOcrDynamite.integ:223610901000400],[AdsFdrDynamite.integ:223104600000000],[Pay.optional:223616020000],[MapsCoreDynamite.integ:223110102020400]
10-30 23:36:26.256 13542 10544 I ChimeraConfigService: Scheduling checkin for one-off execution between [3300,43200] seconds from now (1667169386253) [CONTEXT service_id=264 ]
10-30 23:36:26.264  3960 18193 I NetworkScheduler.Stats: Task com.google.android.gms/com.google.android.gms.chimera.container.ConfigService finished executing. cause:2 result: 2 elapsed_millis: 657 uptime_millis: 657 exec_start_elapsed_seconds: 1045439 [CONTEXT service_id=218 ]
10-30 23:36:41.368 18959 18959 I cr_media: Create MediaDrmBridge with level L3 and origin FB4A157E03164C810E263589FB3705E7
10-30 23:36:41.371   361   361 W /system/bin/hwservicemanager: getTransportFromManifest: Cannot find entry android.hardware.drm@1.0::IDrmFactory in either framework or device manifest, using default transport.
10-30 23:36:41.399   562 19050 I DrmHal  : makeDrmFactories: using default drm instance
10-30 23:36:41.403   361   361 W /system/bin/hwservicemanager: getTransportFromManifest: Cannot find entry android.hardware.drm@1.0::IDrmFactory in either framework or device manifest, using default transport.
10-30 23:36:41.449   562   562 I DrmHal  : makeDrmFactories: using default drm instance
10-30 23:36:41.450   562  5487 D WVCdm   : Instantiating CDM.
10-30 23:36:41.452   562 28303 I WVCdm   : CdmEngine::QueryStatus
10-30 23:36:41.452   562 28303 I WVCdm   : Level3 Library 4445 May 19 2017 17:17:20
10-30 23:36:41.456   562 28303 D QSEECOMAPI: : QSEECom_get_handle sb_length = 0x19000
10-30 23:36:41.456   562 28303 D QSEECOMAPI: : App is not loaded in QSEE
10-30 23:36:41.503   562 28303 D QSEECOMAPI: : Loaded image: APP id = 1490
10-30 23:36:41.507   562 28303 D QSAPPSVER: qsapps_get_capabilities: Capability from secure side: 0x0
10-30 23:36:41.507   562 28303 D QSAPPSVER: qsapps_get_capabilities: returns 0
10-30 23:36:41.507   562 28303 E DrmWidevineDash: sion_buffer g_wv_fhandle->ion_sbuffer  0x0xefc46000
10-30 23:36:41.511   372   376 D DrmLibTime: got the req here! ret=0
10-30 23:36:41.511   372   376 D DrmLibTime: command id, time_cmd_id = 770
10-30 23:36:41.511   372   376 D DrmLibTime: time_getutcsec starts!
10-30 23:36:41.511   372   376 D DrmLibTime: QSEE Time Listener: time_getutcsec
10-30 23:36:41.511   372   376 D DrmLibTime: QSEE Time Listener: get_utc_seconds
10-30 23:36:41.511   372   376 D DrmLibTime: QSEE Time Listener: time_get_modem_time
10-30 23:36:41.511   372   376 D DrmLibTime: QSEE Time Listener: Checking if ATS_MODEM is set or not.
10-30 23:36:41.511   372   376 D QC-time-services: Lib:time_genoff_operation: pargs->base = 13
10-30 23:36:41.511   372   376 D QC-time-services: Lib:time_genoff_operation: pargs->operation = 2
10-30 23:36:41.511   372   376 D QC-time-services: Lib:time_genoff_operation: pargs->ts_val = 0
10-30 23:36:41.512   372   376 D QC-time-services: Lib:time_genoff_operation: Send to server  passed!!
10-30 23:36:41.512   625   647 D QC-time-services: Daemon: Connection accepted:time_genoff
10-30 23:36:41.512   625 19886 D QC-time-services: Daemon:Received base = 13, unit = 1, operation = 2,value = 0
10-30 23:36:41.513   625 19886 D QC-time-services: Daemon:genoff_opr: Base = 13, val = 0, operation = 2
10-30 23:36:41.513   625 19886 D QC-time-services: offset is: 0 for base: 13
10-30 23:36:41.513   372   376 E QC-time-services: Receive Passed == base = 13, unit = 1, operation = 2, result = 0
10-30 23:36:41.513   372   376 D DrmLibTime: QSEE Time Listener: ATS_MODEM is not set. Fallback to Android system time.
10-30 23:36:41.513   372   376 D DrmLibTime: QSEE Time Listener: Retrieved Android system time: 1667169401
10-30 23:36:41.513   372   376 D DrmLibTime: time_getutcsec returns 0, sec = 1667169401; nsec = 0
10-30 23:36:41.513   372   376 D DrmLibTime: time_getutcsec finished! 
10-30 23:36:41.513   372   376 D DrmLibTime: iotcl_continue_command finished! and return 0 
10-30 23:36:41.513   372   376 D DrmLibTime: before calling ioctl to read the next time_cmd
10-30 23:36:41.513   625   647 E QC-time-services: Daemon: Time-services: Waiting to acceptconnection
10-30 23:36:41.543   562 28303 D WVCdm   : OEMCrypto_Initialize Level 1 success. I will use level 1.
10-30 23:36:41.545   562 28303 D QSEECOMAPI: : QSEECom_dealloc_memory 
10-30 23:36:41.545   562 28303 D QSEECOMAPI: : QSEECom_shutdown_app, app_id = 1490
10-30 23:36:41.554   562   562 I WVCdm   : CdmEngine::OpenSession
10-30 23:36:41.555   562   562 I WVCdm   : Level3 Library 4445 May 19 2017 17:17:20
10-30 23:36:41.559   562   562 D QSEECOMAPI: : QSEECom_get_handle sb_length = 0x19000
10-30 23:36:41.559   562   562 D QSEECOMAPI: : App is not loaded in QSEE
10-30 23:36:41.607   562   562 D QSEECOMAPI: : Loaded image: APP id = 1491
10-30 23:36:41.612   562   562 D QSAPPSVER: qsapps_get_capabilities: Capability from secure side: 0x0
10-30 23:36:41.612   562   562 D QSAPPSVER: qsapps_get_capabilities: returns 0
10-30 23:36:41.612   562   562 E DrmWidevineDash: sion_buffer g_wv_fhandle->ion_sbuffer  0x0xefc46000
10-30 23:36:41.617   372   376 D DrmLibTime: got the req here! ret=0
10-30 23:36:41.617   372   376 D DrmLibTime: command id, time_cmd_id = 770
10-30 23:36:41.617   372   376 D DrmLibTime: time_getutcsec starts!
10-30 23:36:41.617   372   376 D DrmLibTime: QSEE Time Listener: time_getutcsec
10-30 23:36:41.617   372   376 D DrmLibTime: QSEE Time Listener: get_utc_seconds
10-30 23:36:41.617   372   376 D DrmLibTime: QSEE Time Listener: time_get_modem_time
10-30 23:36:41.617   372   376 D DrmLibTime: QSEE Time Listener: Checking if ATS_MODEM is set or not.
10-30 23:36:41.617   372   376 D QC-time-services: Lib:time_genoff_operation: pargs->base = 13
10-30 23:36:41.617   372   376 D QC-time-services: Lib:time_genoff_operation: pargs->operation = 2
10-30 23:36:41.618   372   376 D QC-time-services: Lib:time_genoff_operation: pargs->ts_val = 0
10-30 23:36:41.618   372   376 D QC-time-services: Lib:time_genoff_operation: Send to server  passed!!
10-30 23:36:41.618   625   647 D QC-time-services: Daemon: Connection accepted:time_genoff
10-30 23:36:41.619   625 19887 D QC-time-services: Daemon:Received base = 13, unit = 1, operation = 2,value = 0
10-30 23:36:41.619   625 19887 D QC-time-services: Daemon:genoff_opr: Base = 13, val = 0, operation = 2
10-30 23:36:41.619   625 19887 D QC-time-services: offset is: 0 for base: 13
10-30 23:36:41.619   372   376 E QC-time-services: Receive Passed == base = 13, unit = 1, operation = 2, result = 0
10-30 23:36:41.619   372   376 D DrmLibTime: QSEE Time Listener: ATS_MODEM is not set. Fallback to Android system time.
10-30 23:36:41.619   372   376 D DrmLibTime: QSEE Time Listener: Retrieved Android system time: 1667169401
10-30 23:36:41.619   372   376 D DrmLibTime: time_getutcsec returns 0, sec = 1667169401; nsec = 0
10-30 23:36:41.619   372   376 D DrmLibTime: time_getutcsec finished! 
10-30 23:36:41.619   372   376 D DrmLibTime: iotcl_continue_command finished! and return 0 
10-30 23:36:41.619   372   376 D DrmLibTime: before calling ioctl to read the next time_cmd
10-30 23:36:41.620   625   647 E QC-time-services: Daemon: Time-services: Waiting to acceptconnection
10-30 23:36:41.652   562   562 D WVCdm   : OEMCrypto_Initialize Level 1 success. I will use level 1.
10-30 23:36:41.652   562   562 D WVCdm   : CryptoSession::Open: Lock: requested_security_level: L3
10-30 23:36:41.659   562   562 W WVCdm   : DeviceFiles::RetrieveHashedFile: /data/mediadrm/IDM1013/L3/cert.bin does not exist
10-30 23:36:41.660   562   562 D QSEECOMAPI: : QSEECom_dealloc_memory 
10-30 23:36:41.660   562   562 D QSEECOMAPI: : QSEECom_shutdown_app, app_id = 1491
10-30 23:36:41.669   562 19051 I WVCdm   : Level3 Library 4445 May 19 2017 17:17:20
10-30 23:36:41.674   562 19051 D QSEECOMAPI: : QSEECom_get_handle sb_length = 0x19000
10-30 23:36:41.674   562 19051 D QSEECOMAPI: : App is not loaded in QSEE
10-30 23:36:41.721   562 19051 D QSEECOMAPI: : Loaded image: APP id = 1492
10-30 23:36:41.725   562 19051 D QSAPPSVER: qsapps_get_capabilities: Capability from secure side: 0x0
10-30 23:36:41.725   562 19051 D QSAPPSVER: qsapps_get_capabilities: returns 0
10-30 23:36:41.726   562 19051 E DrmWidevineDash: sion_buffer g_wv_fhandle->ion_sbuffer  0x0xefc46000
10-30 23:36:41.730   372   376 D DrmLibTime: got the req here! ret=0
10-30 23:36:41.730   372   376 D DrmLibTime: command id, time_cmd_id = 770
10-30 23:36:41.730   372   376 D DrmLibTime: time_getutcsec starts!
10-30 23:36:41.730   372   376 D DrmLibTime: QSEE Time Listener: time_getutcsec
10-30 23:36:41.730   372   376 D DrmLibTime: QSEE Time Listener: get_utc_seconds
10-30 23:36:41.730   372   376 D DrmLibTime: QSEE Time Listener: time_get_modem_time
10-30 23:36:41.730   372   376 D DrmLibTime: QSEE Time Listener: Checking if ATS_MODEM is set or not.
10-30 23:36:41.730   372   376 D QC-time-services: Lib:time_genoff_operation: pargs->base = 13
10-30 23:36:41.731   372   376 D QC-time-services: Lib:time_genoff_operation: pargs->operation = 2
10-30 23:36:41.731   372   376 D QC-time-services: Lib:time_genoff_operation: pargs->ts_val = 0
10-30 23:36:41.731   372   376 D QC-time-services: Lib:time_genoff_operation: Send to server  passed!!
10-30 23:36:41.731   625   647 D QC-time-services: Daemon: Connection accepted:time_genoff
10-30 23:36:41.732   625 19888 D QC-time-services: Daemon:Received base = 13, unit = 1, operation = 2,value = 0
10-30 23:36:41.732   625 19888 D QC-time-services: Daemon:genoff_opr: Base = 13, val = 0, operation = 2
10-30 23:36:41.732   625 19888 D QC-time-services: offset is: 0 for base: 13
10-30 23:36:41.732   372   376 E QC-time-services: Receive Passed == base = 13, unit = 1, operation = 2, result = 0
10-30 23:36:41.732   372   376 D DrmLibTime: QSEE Time Listener: ATS_MODEM is not set. Fallback to Android system time.
10-30 23:36:41.732   372   376 D DrmLibTime: QSEE Time Listener: Retrieved Android system time: 1667169401
10-30 23:36:41.732   372   376 D DrmLibTime: time_getutcsec returns 0, sec = 1667169401; nsec = 0
10-30 23:36:41.732   372   376 D DrmLibTime: time_getutcsec finished! 
10-30 23:36:41.733   372   376 D DrmLibTime: iotcl_continue_command finished! and return 0 
10-30 23:36:41.733   372   376 D DrmLibTime: before calling ioctl to read the next time_cmd
10-30 23:36:41.733   625   647 E QC-time-services: Daemon: Time-services: Waiting to acceptconnection
10-30 23:36:41.766   562 19051 D WVCdm   : OEMCrypto_Initialize Level 1 success. I will use level 1.
10-30 23:36:41.766   562 19051 D WVCdm   : CryptoSession::Open: Lock: requested_security_level: L3
10-30 23:36:41.780 18959 18959 I cr_media: Provisioning origin ID FB4A157E03164C810E263589FB3705E7
10-30 23:36:41.787 18959 18959 I MediaDrm: Drm event (1,0)
10-30 23:36:41.788 18959 18959 E cr_media: EventListener: No session for event 1.
10-30 23:36:42.126   562  5487 D QSEECOMAPI: : QSEECom_dealloc_memory 
10-30 23:36:42.126   562  5487 D QSEECOMAPI: : QSEECom_shutdown_app, app_id = 1492
10-30 23:36:42.134 18959 18959 I cr_media: Create MediaDrmBridge with level L1 and origin FB4A157E03164C810E263589FB3705E7
10-30 23:36:42.137   361   361 W /system/bin/hwservicemanager: getTransportFromManifest: Cannot find entry android.hardware.drm@1.0::IDrmFactory in either framework or device manifest, using default transport.
10-30 23:36:42.140   562   644 I DrmHal  : makeDrmFactories: using default drm instance
10-30 23:36:42.142   361   361 W /system/bin/hwservicemanager: getTransportFromManifest: Cannot find entry android.hardware.drm@1.0::IDrmFactory in either framework or device manifest, using default transport.
10-30 23:36:42.145   562  5487 I DrmHal  : makeDrmFactories: using default drm instance
10-30 23:36:42.147   562   644 I WVCdm   : CdmEngine::QueryStatus
10-30 23:36:42.147   562   644 I WVCdm   : Level3 Library 4445 May 19 2017 17:17:20
10-30 23:36:42.152   562   644 D QSEECOMAPI: : QSEECom_get_handle sb_length = 0x19000
10-30 23:36:42.152   562   644 D QSEECOMAPI: : App is not loaded in QSEE
10-30 23:36:42.198   562   644 D QSEECOMAPI: : Loaded image: APP id = 1493
10-30 23:36:42.201   562   644 D QSAPPSVER: qsapps_get_capabilities: Capability from secure side: 0x0
10-30 23:36:42.201   562   644 D QSAPPSVER: qsapps_get_capabilities: returns 0
10-30 23:36:42.201   562   644 E DrmWidevineDash: sion_buffer g_wv_fhandle->ion_sbuffer  0x0xefc28000
10-30 23:36:42.205   372   376 D DrmLibTime: got the req here! ret=0
10-30 23:36:42.205   372   376 D DrmLibTime: command id, time_cmd_id = 770
10-30 23:36:42.205   372   376 D DrmLibTime: time_getutcsec starts!
10-30 23:36:42.205   372   376 D DrmLibTime: QSEE Time Listener: time_getutcsec
10-30 23:36:42.205   372   376 D DrmLibTime: QSEE Time Listener: get_utc_seconds
10-30 23:36:42.205   372   376 D DrmLibTime: QSEE Time Listener: time_get_modem_time
10-30 23:36:42.205   372   376 D DrmLibTime: QSEE Time Listener: Checking if ATS_MODEM is set or not.
10-30 23:36:42.205   372   376 D QC-time-services: Lib:time_genoff_operation: pargs->base = 13
10-30 23:36:42.205   372   376 D QC-time-services: Lib:time_genoff_operation: pargs->operation = 2
10-30 23:36:42.205   372   376 D QC-time-services: Lib:time_genoff_operation: pargs->ts_val = 0
10-30 23:36:42.206   372   376 D QC-time-services: Lib:time_genoff_operation: Send to server  passed!!
10-30 23:36:42.206   625   647 D QC-time-services: Daemon: Connection accepted:time_genoff
10-30 23:36:42.206   625 19893 D QC-time-services: Daemon:Received base = 13, unit = 1, operation = 2,value = 0
10-30 23:36:42.206   625 19893 D QC-time-services: Daemon:genoff_opr: Base = 13, val = 0, operation = 2
10-30 23:36:42.206   625 19893 D QC-time-services: offset is: 0 for base: 13
10-30 23:36:42.206   372   376 E QC-time-services: Receive Passed == base = 13, unit = 1, operation = 2, result = 0
10-30 23:36:42.206   372   376 D DrmLibTime: QSEE Time Listener: ATS_MODEM is not set. Fallback to Android system time.
10-30 23:36:42.206   372   376 D DrmLibTime: QSEE Time Listener: Retrieved Android system time: 1667169402
10-30 23:36:42.206   372   376 D DrmLibTime: time_getutcsec returns 0, sec = 1667169402; nsec = 0
10-30 23:36:42.206   372   376 D DrmLibTime: time_getutcsec finished! 
10-30 23:36:42.206   372   376 D DrmLibTime: iotcl_continue_command finished! and return 0 
10-30 23:36:42.206   372   376 D DrmLibTime: before calling ioctl to read the next time_cmd
10-30 23:36:42.207   625   647 E QC-time-services: Daemon: Time-services: Waiting to acceptconnection
10-30 23:36:42.233   562   644 D WVCdm   : OEMCrypto_Initialize Level 1 success. I will use level 1.
10-30 23:36:42.234   562   644 D QSEECOMAPI: : QSEECom_dealloc_memory 
10-30 23:36:42.234   562   644 D QSEECOMAPI: : QSEECom_shutdown_app, app_id = 1493
10-30 23:36:42.243   562 19051 I WVCdm   : CdmEngine::OpenSession
10-30 23:36:42.243   562 19051 I WVCdm   : Level3 Library 4445 May 19 2017 17:17:20
10-30 23:36:42.250   562 19051 D QSEECOMAPI: : QSEECom_get_handle sb_length = 0x19000
10-30 23:36:42.250   562 19051 D QSEECOMAPI: : App is not loaded in QSEE
10-30 23:36:42.296   562 19051 D QSEECOMAPI: : Loaded image: APP id = 1494
10-30 23:36:42.299   562 19051 D QSAPPSVER: qsapps_get_capabilities: Capability from secure side: 0x0
10-30 23:36:42.299   562 19051 D QSAPPSVER: qsapps_get_capabilities: returns 0
10-30 23:36:42.299   562 19051 E DrmWidevineDash: sion_buffer g_wv_fhandle->ion_sbuffer  0x0xefc28000
10-30 23:36:42.302   372   376 D DrmLibTime: got the req here! ret=0
10-30 23:36:42.303   372   376 D DrmLibTime: command id, time_cmd_id = 770
10-30 23:36:42.303   372   376 D DrmLibTime: time_getutcsec starts!
10-30 23:36:42.303   372   376 D DrmLibTime: QSEE Time Listener: time_getutcsec
10-30 23:36:42.303   372   376 D DrmLibTime: QSEE Time Listener: get_utc_seconds
10-30 23:36:42.303   372   376 D DrmLibTime: QSEE Time Listener: time_get_modem_time
10-30 23:36:42.303   372   376 D DrmLibTime: QSEE Time Listener: Checking if ATS_MODEM is set or not.
10-30 23:36:42.303   372   376 D QC-time-services: Lib:time_genoff_operation: pargs->base = 13
10-30 23:36:42.303   372   376 D QC-time-services: Lib:time_genoff_operation: pargs->operation = 2
10-30 23:36:42.303   372   376 D QC-time-services: Lib:time_genoff_operation: pargs->ts_val = 0
10-30 23:36:42.303   372   376 D QC-time-services: Lib:time_genoff_operation: Send to server  passed!!
10-30 23:36:42.303   625   647 D QC-time-services: Daemon: Connection accepted:time_genoff
10-30 23:36:42.304   625 19894 D QC-time-services: Daemon:Received base = 13, unit = 1, operation = 2,value = 0
10-30 23:36:42.304   625 19894 D QC-time-services: Daemon:genoff_opr: Base = 13, val = 0, operation = 2
10-30 23:36:42.304   625 19894 D QC-time-services: offset is: 0 for base: 13
10-30 23:36:42.304   372   376 E QC-time-services: Receive Passed == base = 13, unit = 1, operation = 2, result = 0
10-30 23:36:42.304   372   376 D DrmLibTime: QSEE Time Listener: ATS_MODEM is not set. Fallback to Android system time.
10-30 23:36:42.305   372   376 D DrmLibTime: QSEE Time Listener: Retrieved Android system time: 1667169402
10-30 23:36:42.305   372   376 D DrmLibTime: time_getutcsec returns 0, sec = 1667169402; nsec = 0
10-30 23:36:42.305   372   376 D DrmLibTime: time_getutcsec finished! 
10-30 23:36:42.305   372   376 D DrmLibTime: iotcl_continue_command finished! and return 0 
10-30 23:36:42.305   372   376 D DrmLibTime: before calling ioctl to read the next time_cmd
10-30 23:36:42.305   625   647 E QC-time-services: Daemon: Time-services: Waiting to acceptconnection
10-30 23:36:42.337   562 19051 D WVCdm   : OEMCrypto_Initialize Level 1 success. I will use level 1.
10-30 23:36:42.337   562 19051 D WVCdm   : CryptoSession::Open: Lock: requested_security_level: Default
10-30 23:36:42.341   562 19051 W WVCdm   : DeviceFiles::RetrieveHashedFile: /data/mediadrm/IDM1013/L1/cert.bin does not exist
10-30 23:36:42.343   562 19051 D QSEECOMAPI: : QSEECom_dealloc_memory 
10-30 23:36:42.343   562 19051 D QSEECOMAPI: : QSEECom_shutdown_app, app_id = 1494
10-30 23:36:42.351   562  5487 I WVCdm   : Level3 Library 4445 May 19 2017 17:17:20
10-30 23:36:42.363   562  5487 D QSEECOMAPI: : QSEECom_get_handle sb_length = 0x19000
10-30 23:36:42.364   562  5487 D QSEECOMAPI: : App is not loaded in QSEE
10-30 23:36:42.420   562  5487 D QSEECOMAPI: : Loaded image: APP id = 1495
10-30 23:36:42.423   562  5487 D QSAPPSVER: qsapps_get_capabilities: Capability from secure side: 0x0
10-30 23:36:42.423   562  5487 D QSAPPSVER: qsapps_get_capabilities: returns 0
10-30 23:36:42.423   562  5487 E DrmWidevineDash: sion_buffer g_wv_fhandle->ion_sbuffer  0x0xefc28000
10-30 23:36:42.427   372   376 D DrmLibTime: got the req here! ret=0
10-30 23:36:42.427   372   376 D DrmLibTime: command id, time_cmd_id = 770
10-30 23:36:42.427   372   376 D DrmLibTime: time_getutcsec starts!
10-30 23:36:42.427   372   376 D DrmLibTime: QSEE Time Listener: time_getutcsec
10-30 23:36:42.427   372   376 D DrmLibTime: QSEE Time Listener: get_utc_seconds
10-30 23:36:42.427   372   376 D DrmLibTime: QSEE Time Listener: time_get_modem_time
10-30 23:36:42.427   372   376 D DrmLibTime: QSEE Time Listener: Checking if ATS_MODEM is set or not.
10-30 23:36:42.427   372   376 D QC-time-services: Lib:time_genoff_operation: pargs->base = 13
10-30 23:36:42.427   372   376 D QC-time-services: Lib:time_genoff_operation: pargs->operation = 2
10-30 23:36:42.427   372   376 D QC-time-services: Lib:time_genoff_operation: pargs->ts_val = 0
10-30 23:36:42.427   372   376 D QC-time-services: Lib:time_genoff_operation: Send to server  passed!!
10-30 23:36:42.427   625   647 D QC-time-services: Daemon: Connection accepted:time_genoff
10-30 23:36:42.428   625 19895 D QC-time-services: Daemon:Received base = 13, unit = 1, operation = 2,value = 0
10-30 23:36:42.428   625 19895 D QC-time-services: Daemon:genoff_opr: Base = 13, val = 0, operation = 2
10-30 23:36:42.428   625 19895 D QC-time-services: offset is: 0 for base: 13
10-30 23:36:42.428   372   376 E QC-time-services: Receive Passed == base = 13, unit = 1, operation = 2, result = 0
10-30 23:36:42.428   372   376 D DrmLibTime: QSEE Time Listener: ATS_MODEM is not set. Fallback to Android system time.
10-30 23:36:42.428   372   376 D DrmLibTime: QSEE Time Listener: Retrieved Android system time: 1667169402
10-30 23:36:42.428   372   376 D DrmLibTime: time_getutcsec returns 0, sec = 1667169402; nsec = 0
10-30 23:36:42.428   372   376 D DrmLibTime: time_getutcsec finished! 
10-30 23:36:42.428   372   376 D DrmLibTime: iotcl_continue_command finished! and return 0 
10-30 23:36:42.428   372   376 D DrmLibTime: before calling ioctl to read the next time_cmd
10-30 23:36:42.428   625   647 E QC-time-services: Daemon: Time-services: Waiting to acceptconnection
10-30 23:36:42.456   562  5487 D WVCdm   : OEMCrypto_Initialize Level 1 success. I will use level 1.
10-30 23:36:42.456   562  5487 D WVCdm   : CryptoSession::Open: Lock: requested_security_level: Default
10-30 23:36:42.532   562  5487 E DrmWidevineDash: OEMCrypto_GenerateSignature : input wrapped_rsa_key == NULL!, return short buffer
10-30 23:36:42.534 18959 18959 I cr_media: Provisioning origin ID FB4A157E03164C810E263589FB3705E7
10-30 23:36:42.555 18959 18959 I MediaDrm: Drm event (1,0)
10-30 23:36:42.555 18959 18959 E cr_media: EventListener: No session for event 1.
10-30 23:36:42.582   562 28303 E DrmWidevineDash: OEMCrypto_RewrapDeviceRSAKey : input wrapped_rsa_key == NULL!, return short buffer
10-30 23:36:42.599   562 28303 D QSEECOMAPI: : QSEECom_dealloc_memory 
10-30 23:36:42.599   562 28303 D QSEECOMAPI: : QSEECom_shutdown_app, app_id = 1495
10-30 23:36:42.613 18959 18959 I cr_media: Create MediaDrmBridge with level L3 and origin A950A11120AD00EFBECF782BE22691B7
10-30 23:36:42.615   361   361 W /system/bin/hwservicemanager: getTransportFromManifest: Cannot find entry android.hardware.drm@1.0::IDrmFactory in either framework or device manifest, using default transport.
10-30 23:36:42.662   562   644 I DrmHal  : makeDrmFactories: using default drm instance
10-30 23:36:42.666   361   361 W /system/bin/hwservicemanager: getTransportFromManifest: Cannot find entry android.hardware.drm@1.0::IDrmFactory in either framework or device manifest, using default transport.
10-30 23:36:42.669   562 19050 I DrmHal  : makeDrmFactories: using default drm instance
10-30 23:36:42.670   562 28303 D WVCdm   : Instantiating CDM.
10-30 23:36:42.671   562 19051 I WVCdm   : CdmEngine::QueryStatus
10-30 23:36:42.672   562 19051 I WVCdm   : Level3 Library 4445 May 19 2017 17:17:20
10-30 23:36:42.676   562 19051 D QSEECOMAPI: : QSEECom_get_handle sb_length = 0x19000
10-30 23:36:42.676   562 19051 D QSEECOMAPI: : App is not loaded in QSEE
10-30 23:36:42.721   562 19051 D QSEECOMAPI: : Loaded image: APP id = 1496
10-30 23:36:42.730   562 19051 D QSAPPSVER: qsapps_get_capabilities: Capability from secure side: 0x0
10-30 23:36:42.730   562 19051 D QSAPPSVER: qsapps_get_capabilities: returns 0
10-30 23:36:42.730   562 19051 E DrmWidevineDash: sion_buffer g_wv_fhandle->ion_sbuffer  0x0xefc3f000
10-30 23:36:42.734   372   376 D DrmLibTime: got the req here! ret=0
10-30 23:36:42.734   372   376 D DrmLibTime: command id, time_cmd_id = 770
10-30 23:36:42.734   372   376 D DrmLibTime: time_getutcsec starts!
10-30 23:36:42.734   372   376 D DrmLibTime: QSEE Time Listener: time_getutcsec
10-30 23:36:42.734   372   376 D DrmLibTime: QSEE Time Listener: get_utc_seconds
10-30 23:36:42.734   372   376 D DrmLibTime: QSEE Time Listener: time_get_modem_time
10-30 23:36:42.734   372   376 D DrmLibTime: QSEE Time Listener: Checking if ATS_MODEM is set or not.
10-30 23:36:42.734   372   376 D QC-time-services: Lib:time_genoff_operation: pargs->base = 13
10-30 23:36:42.734   372   376 D QC-time-services: Lib:time_genoff_operation: pargs->operation = 2
10-30 23:36:42.735   372   376 D QC-time-services: Lib:time_genoff_operation: pargs->ts_val = 0
10-30 23:36:42.735   372   376 D QC-time-services: Lib:time_genoff_operation: Send to server  passed!!
10-30 23:36:42.735   625   647 D QC-time-services: Daemon: Connection accepted:time_genoff
10-30 23:36:42.736   625 19900 D QC-time-services: Daemon:Received base = 13, unit = 1, operation = 2,value = 0
10-30 23:36:42.736   625 19900 D QC-time-services: Daemon:genoff_opr: Base = 13, val = 0, operation = 2
10-30 23:36:42.736   625 19900 D QC-time-services: offset is: 0 for base: 13
10-30 23:36:42.736   372   376 E QC-time-services: Receive Passed == base = 13, unit = 1, operation = 2, result = 0
10-30 23:36:42.736   372   376 D DrmLibTime: QSEE Time Listener: ATS_MODEM is not set. Fallback to Android system time.
10-30 23:36:42.736   372   376 D DrmLibTime: QSEE Time Listener: Retrieved Android system time: 1667169402
10-30 23:36:42.736   372   376 D DrmLibTime: time_getutcsec returns 0, sec = 1667169402; nsec = 0
10-30 23:36:42.736   372   376 D DrmLibTime: time_getutcsec finished! 
10-30 23:36:42.736   372   376 D DrmLibTime: iotcl_continue_command finished! and return 0 
10-30 23:36:42.736   372   376 D DrmLibTime: before calling ioctl to read the next time_cmd
10-30 23:36:42.736   625   647 E QC-time-services: Daemon: Time-services: Waiting to acceptconnection
10-30 23:36:42.758   562 19051 D WVCdm   : OEMCrypto_Initialize Level 1 success. I will use level 1.
10-30 23:36:42.760   562 19051 D QSEECOMAPI: : QSEECom_dealloc_memory 
10-30 23:36:42.760   562 19051 D QSEECOMAPI: : QSEECom_shutdown_app, app_id = 1496
10-30 23:36:42.769   562  5487 I WVCdm   : CdmEngine::OpenSession
10-30 23:36:42.769   562  5487 I WVCdm   : Level3 Library 4445 May 19 2017 17:17:20
10-30 23:36:42.773   562  5487 D QSEECOMAPI: : QSEECom_get_handle sb_length = 0x19000
10-30 23:36:42.773   562  5487 D QSEECOMAPI: : App is not loaded in QSEE
10-30 23:36:42.820   562  5487 D QSEECOMAPI: : Loaded image: APP id = 1497
10-30 23:36:42.822   562  5487 D QSAPPSVER: qsapps_get_capabilities: Capability from secure side: 0x0
10-30 23:36:42.822   562  5487 D QSAPPSVER: qsapps_get_capabilities: returns 0
10-30 23:36:42.822   562  5487 E DrmWidevineDash: sion_buffer g_wv_fhandle->ion_sbuffer  0x0xefc3f000
10-30 23:36:42.826   372   376 D DrmLibTime: got the req here! ret=0
10-30 23:36:42.826   372   376 D DrmLibTime: command id, time_cmd_id = 770
10-30 23:36:42.826   372   376 D DrmLibTime: time_getutcsec starts!
10-30 23:36:42.826   372   376 D DrmLibTime: QSEE Time Listener: time_getutcsec
10-30 23:36:42.826   372   376 D DrmLibTime: QSEE Time Listener: get_utc_seconds
10-30 23:36:42.826   372   376 D DrmLibTime: QSEE Time Listener: time_get_modem_time
10-30 23:36:42.826   372   376 D DrmLibTime: QSEE Time Listener: Checking if ATS_MODEM is set or not.
10-30 23:36:42.826   372   376 D QC-time-services: Lib:time_genoff_operation: pargs->base = 13
10-30 23:36:42.826   372   376 D QC-time-services: Lib:time_genoff_operation: pargs->operation = 2
10-30 23:36:42.826   372   376 D QC-time-services: Lib:time_genoff_operation: pargs->ts_val = 0
10-30 23:36:42.826   372   376 D QC-time-services: Lib:time_genoff_operation: Send to server  passed!!
10-30 23:36:42.826   625   647 D QC-time-services: Daemon: Connection accepted:time_genoff
10-30 23:36:42.827   625 19901 D QC-time-services: Daemon:Received base = 13, unit = 1, operation = 2,value = 0
10-30 23:36:42.827   625 19901 D QC-time-services: Daemon:genoff_opr: Base = 13, val = 0, operation = 2
10-30 23:36:42.827   625 19901 D QC-time-services: offset is: 0 for base: 13
10-30 23:36:42.827   372   376 E QC-time-services: Receive Passed == base = 13, unit = 1, operation = 2, result = 0
10-30 23:36:42.827   372   376 D DrmLibTime: QSEE Time Listener: ATS_MODEM is not set. Fallback to Android system time.
10-30 23:36:42.827   372   376 D DrmLibTime: QSEE Time Listener: Retrieved Android system time: 1667169402
10-30 23:36:42.827   372   376 D DrmLibTime: time_getutcsec returns 0, sec = 1667169402; nsec = 0
10-30 23:36:42.827   372   376 D DrmLibTime: time_getutcsec finished! 
10-30 23:36:42.827   372   376 D DrmLibTime: iotcl_continue_command finished! and return 0 
10-30 23:36:42.827   372   376 D DrmLibTime: before calling ioctl to read the next time_cmd
10-30 23:36:42.829   625   647 E QC-time-services: Daemon: Time-services: Waiting to acceptconnection
10-30 23:36:42.853   562  5487 D WVCdm   : OEMCrypto_Initialize Level 1 success. I will use level 1.
10-30 23:36:42.853   562  5487 D WVCdm   : CryptoSession::Open: Lock: requested_security_level: L3
10-30 23:36:42.859   562  5487 W WVCdm   : DeviceFiles::RetrieveHashedFile: /data/mediadrm/IDM1013/L3/cert.bin does not exist
10-30 23:36:42.860   562  5487 D QSEECOMAPI: : QSEECom_dealloc_memory 
10-30 23:36:42.860   562  5487 D QSEECOMAPI: : QSEECom_shutdown_app, app_id = 1497
10-30 23:36:42.870   562 19050 I WVCdm   : Level3 Library 4445 May 19 2017 17:17:20
10-30 23:36:42.874   562 19050 D QSEECOMAPI: : QSEECom_get_handle sb_length = 0x19000
10-30 23:36:42.874   562 19050 D QSEECOMAPI: : App is not loaded in QSEE
10-30 23:36:42.920   562 19050 D QSEECOMAPI: : Loaded image: APP id = 1498
10-30 23:36:42.922   562 19050 D QSAPPSVER: qsapps_get_capabilities: Capability from secure side: 0x0
10-30 23:36:42.922   562 19050 D QSAPPSVER: qsapps_get_capabilities: returns 0
10-30 23:36:42.922   562 19050 E DrmWidevineDash: sion_buffer g_wv_fhandle->ion_sbuffer  0x0xefc3f000
10-30 23:36:42.926   372   376 D DrmLibTime: got the req here! ret=0
10-30 23:36:42.926   372   376 D DrmLibTime: command id, time_cmd_id = 770
10-30 23:36:42.926   372   376 D DrmLibTime: time_getutcsec starts!
10-30 23:36:42.926   372   376 D DrmLibTime: QSEE Time Listener: time_getutcsec
10-30 23:36:42.926   372   376 D DrmLibTime: QSEE Time Listener: get_utc_seconds
10-30 23:36:42.926   372   376 D DrmLibTime: QSEE Time Listener: time_get_modem_time
10-30 23:36:42.926   372   376 D DrmLibTime: QSEE Time Listener: Checking if ATS_MODEM is set or not.
10-30 23:36:42.926   372   376 D QC-time-services: Lib:time_genoff_operation: pargs->base = 13
10-30 23:36:42.926   372   376 D QC-time-services: Lib:time_genoff_operation: pargs->operation = 2
10-30 23:36:42.926   372   376 D QC-time-services: Lib:time_genoff_operation: pargs->ts_val = 0
10-30 23:36:42.927   372   376 D QC-time-services: Lib:time_genoff_operation: Send to server  passed!!
10-30 23:36:42.927   625   647 D QC-time-services: Daemon: Connection accepted:time_genoff
10-30 23:36:42.927   625 19902 D QC-time-services: Daemon:Received base = 13, unit = 1, operation = 2,value = 0
10-30 23:36:42.927   625 19902 D QC-time-services: Daemon:genoff_opr: Base = 13, val = 0, operation = 2
10-30 23:36:42.927   625 19902 D QC-time-services: offset is: 0 for base: 13
10-30 23:36:42.927   372   376 E QC-time-services: Receive Passed == base = 13, unit = 1, operation = 2, result = 0
10-30 23:36:42.927   372   376 D DrmLibTime: QSEE Time Listener: ATS_MODEM is not set. Fallback to Android system time.
10-30 23:36:42.927   372   376 D DrmLibTime: QSEE Time Listener: Retrieved Android system time: 1667169402
10-30 23:36:42.927   372   376 D DrmLibTime: time_getutcsec returns 0, sec = 1667169402; nsec = 0
10-30 23:36:42.927   372   376 D DrmLibTime: time_getutcsec finished! 
10-30 23:36:42.927   372   376 D DrmLibTime: iotcl_continue_command finished! and return 0 
10-30 23:36:42.927   372   376 D DrmLibTime: before calling ioctl to read the next time_cmd
10-30 23:36:42.929   625   647 E QC-time-services: Daemon: Time-services: Waiting to acceptconnection
10-30 23:36:42.961   562 19050 D WVCdm   : OEMCrypto_Initialize Level 1 success. I will use level 1.
10-30 23:36:42.961   562 19050 D WVCdm   : CryptoSession::Open: Lock: requested_security_level: L3
10-30 23:36:42.973 18959 18959 I cr_media: Provisioning origin ID A950A11120AD00EFBECF782BE22691B7
10-30 23:36:42.975 18959 18959 I MediaDrm: Drm event (1,0)
10-30 23:36:42.976 18959 18959 E cr_media: EventListener: No session for event 1.
10-30 23:36:42.995 19903 19903 E /system/bin/webview_zygote32: failed to make and chown /acct/uid_99051: Permission denied
10-30 23:36:42.995 19903 19903 E Zygote  : createProcessGroup(99051, 0) failed: Permission denied
10-30 23:36:42.997   772  4540 I ActivityManager: Start proc 19903:com.android.chrome:sandboxed_process30/u0i51 for webview_service com.android.chrome/org.chromium.content.app.SandboxedProcessService30
10-30 23:36:43.013 19903 19903 I SamplingProfilerIntegration: Profiling disabled.
10-30 23:36:43.026   562   644 D QSEECOMAPI: : QSEECom_dealloc_memory 
10-30 23:36:43.026   562   644 D QSEECOMAPI: : QSEECom_shutdown_app, app_id = 1498
10-30 23:36:43.033 19916 19916 E asset   : setgid: Operation not permitted
10-30 23:36:43.034 18959 18959 I cr_media: Create MediaDrmBridge with level L1 and origin A950A11120AD00EFBECF782BE22691B7
10-30 23:36:43.036   361   361 W /system/bin/hwservicemanager: getTransportFromManifest: Cannot find entry android.hardware.drm@1.0::IDrmFactory in either framework or device manifest, using default transport.
10-30 23:36:43.038   562   562 I DrmHal  : makeDrmFactories: using default drm instance
10-30 23:36:43.041   361   361 W /system/bin/hwservicemanager: getTransportFromManifest: Cannot find entry android.hardware.drm@1.0::IDrmFactory in either framework or device manifest, using default transport.
10-30 23:36:43.044   562   644 I DrmHal  : makeDrmFactories: using default drm instance
10-30 23:36:43.046   562 19050 I WVCdm   : CdmEngine::QueryStatus
10-30 23:36:43.046   562 19050 I WVCdm   : Level3 Library 4445 May 19 2017 17:17:20
