--------- beginning of system
10-30 23:35:24.626   772   791 E BatteryStatsService: no controller energy info supplied
10-30 23:35:39.826   772  3037 I ActivityManager: Force stopping com.android.chrome appid=10060 user=0: from pid 18957
10-30 23:35:39.826   772  3037 I ActivityManager: Killing 18850:com.android.chrome/u0a60 (adj 902): stop com.android.chrome
--------- beginning of main
10-30 23:35:39.837  1311  1311 D CarrierSvcBindHelper: No carrier app for: 0
10-30 23:35:39.847  2964  2964 D RegisteredNfcFServicesCache: Service unchanged, not updating
10-30 23:35:40.086   772  3037 I ActivityManager: START u0 {act=android.intent.action.VIEW flg=0x10008000 cmp=com.android.chrome/com.google.android.apps.chrome.Main} from uid 2000
10-30 23:35:40.101   772   830 E ResourceType: Style contains key with bad entry: 0x0101062c
10-30 23:35:40.113   772   830 E ResourceType: Style contains key with bad entry: 0x0101062c
10-30 23:35:40.136   772  4539 I ActivityManager: Start proc 18959:com.android.chrome/u0a60 for activity com.android.chrome/com.google.android.apps.chrome.Main
10-30 23:35:40.220 18959 18959 I cr_SplitCompatApp: Launched version=106.0.5249.79 minSdkVersion=24 isBundle=true processName=com.android.chrome isIsolated=false
10-30 23:35:40.277  3960  4245 I FontLog : Received query Google Sans, URI content://com.google.android.gms.fonts [CONTEXT service_id=132 ]
10-30 23:35:40.277  3960  4245 I FontLog : Query [Google Sans] resolved to {Google Sans, wdth 100.0, wght 400, ital 0.0, bestEffort false} [CONTEXT service_id=132 ]
10-30 23:35:40.283  3960  4245 I FontLog : Font PFD returned from cache for {Google Sans, wdth 100.0, wght 400, ital 0.0, bestEffort false} [CONTEXT service_id=132 ]
10-30 23:35:40.283  3960  4245 I FontLog : Fetch {Google Sans, wdth 100.0, wght 400, ital 0.0, bestEffort false} end status Status{statusCode=SUCCESS, resolution=null} [CONTEXT service_id=132 ]
10-30 23:35:40.296  3960  3972 I FontLog : Pulling font file for id = 1267, cache size = 10 [CONTEXT service_id=132 ]
10-30 23:35:40.361  3960  3971 I FontLog : Received query Google Sans:500, URI content://com.google.android.gms.fonts [CONTEXT service_id=132 ]
10-30 23:35:40.361  3960  3971 I FontLog : Query [Google Sans:500] resolved to {Google Sans, wdth 100.0, wght 500, ital 0.0, bestEffort false} [CONTEXT service_id=132 ]
10-30 23:35:40.363  3960  3971 I FontLog : Font PFD returned from cache for {Google Sans, wdth 100.0, wght 500, ital 0.0, bestEffort false} [CONTEXT service_id=132 ]
10-30 23:35:40.363  3960  3971 I FontLog : Fetch {Google Sans, wdth 100.0, wght 500, ital 0.0, bestEffort false} end status Status{statusCode=SUCCESS, resolution=null} [CONTEXT service_id=132 ]
10-30 23:35:40.369  3960  4245 I FontLog : Pulling font file for id = 1268, cache size = 11 [CONTEXT service_id=132 ]
10-30 23:35:40.378  3960  4244 I FontLog : Received query Google Sans:700, URI content://com.google.android.gms.fonts [CONTEXT service_id=132 ]
10-30 23:35:40.378  3960  4244 I FontLog : Query [Google Sans:700] resolved to {Google Sans, wdth 100.0, wght 700, ital 0.0, bestEffort false} [CONTEXT service_id=132 ]
10-30 23:35:40.380  3960  4244 I FontLog : Fetch {Google Sans, wdth 100.0, wght 700, ital 0.0, bestEffort false} end status Status{statusCode=SUCCESS, resolution=null} [CONTEXT service_id=132 ]
10-30 23:35:40.386  3960  3971 I FontLog : Pulling font file for id = 1269, cache size = 12 [CONTEXT service_id=132 ]
10-30 23:35:40.411 18959 18978 I cr_LibraryLoader: Successfully loaded native library
10-30 23:35:40.412 18959 18978 I cr_CachingUmaRecorder: Flushed 19 samples from 19 histograms.
10-30 23:35:40.472 18959 18959 E ResourceType: Style contains key with bad entry: 0x0101062c
10-30 23:35:40.484 18959 18981 W DynamiteModule: Local module descriptor class for com.google.android.gms.googlecertificates not found.
10-30 23:35:40.489   772 10893 I ActivityManager: START u0 {cmp=com.android.chrome/org.chromium.chrome.browser.firstrun.FirstRunActivity (has extras)} from uid 10060
10-30 23:35:40.530 18959 18959 E ResourceType: Style contains key with bad entry: 0x0101062c
10-30 23:35:40.530 18959 18981 W zygote  : Skipping duplicate class check due to unrecognized classloader
10-30 23:35:40.533 18959 18981 I DynamiteModule: Considering local module com.google.android.gms.googlecertificates:0 and remote module com.google.android.gms.googlecertificates:7
10-30 23:35:40.533 18959 18981 I DynamiteModule: Selected remote version of com.google.android.gms.googlecertificates, version >= 7
10-30 23:35:40.571 18959 18981 W zygote  : Skipping duplicate class check due to unrecognized classloader
10-30 23:35:40.606   772  3037 W AppOps  : Bad call: specified package com.google.android.gms under uid 10060 but it is really 10020
10-30 23:35:40.606   772  3037 W AppOps  : java.lang.RuntimeException: here
10-30 23:35:40.606   772  3037 W AppOps  : 	at com.android.server.AppOpsService.getOpsRawLocked(AppOpsService.java:1319)
10-30 23:35:40.606   772  3037 W AppOps  : 	at com.android.server.AppOpsService.checkPackage(AppOpsService.java:1038)
10-30 23:35:40.606   772  3037 W AppOps  : 	at com.android.internal.app.IAppOpsService$Stub.onTransact(IAppOpsService.java:169)
10-30 23:35:40.606   772  3037 W AppOps  : 	at android.os.Binder.execTransact(Binder.java:674)
10-30 23:35:40.607   772  4540 W AppOps  : Bad call: specified package com.google.android.gms under uid 10060 but it is really 10020
10-30 23:35:40.607   772  4540 W AppOps  : java.lang.RuntimeException: here
10-30 23:35:40.607   772  4540 W AppOps  : 	at com.android.server.AppOpsService.getOpsRawLocked(AppOpsService.java:1319)
10-30 23:35:40.607   772  4540 W AppOps  : 	at com.android.server.AppOpsService.checkPackage(AppOpsService.java:1038)
10-30 23:35:40.607   772  4540 W AppOps  : 	at com.android.internal.app.IAppOpsService$Stub.onTransact(IAppOpsService.java:169)
10-30 23:35:40.607   772  4540 W AppOps  : 	at android.os.Binder.execTransact(Binder.java:674)
10-30 23:35:40.612   772  1327 W AppOps  : Bad call: specified package com.google.android.gms under uid 10060 but it is really 10020
10-30 23:35:40.612   772  1327 W AppOps  : java.lang.RuntimeException: here
10-30 23:35:40.612   772  1327 W AppOps  : 	at com.android.server.AppOpsService.getOpsRawLocked(AppOpsService.java:1319)
10-30 23:35:40.612   772  1327 W AppOps  : 	at com.android.server.AppOpsService.checkPackage(AppOpsService.java:1038)
10-30 23:35:40.612   772  1327 W AppOps  : 	at com.android.internal.app.IAppOpsService$Stub.onTransact(IAppOpsService.java:169)
10-30 23:35:40.612   772  1327 W AppOps  : 	at android.os.Binder.execTransact(Binder.java:674)
10-30 23:35:40.616   772 13022 W AppOps  : Bad call: specified package com.google.android.gms under uid 10060 but it is really 10020
10-30 23:35:40.616   772 13022 W AppOps  : java.lang.RuntimeException: here
10-30 23:35:40.616   772 13022 W AppOps  : 	at com.android.server.AppOpsService.getOpsRawLocked(AppOpsService.java:1319)
10-30 23:35:40.616   772 13022 W AppOps  : 	at com.android.server.AppOpsService.checkPackage(AppOpsService.java:1038)
10-30 23:35:40.616   772 13022 W AppOps  : 	at com.android.internal.app.IAppOpsService$Stub.onTransact(IAppOpsService.java:169)
10-30 23:35:40.616   772 13022 W AppOps  : 	at android.os.Binder.execTransact(Binder.java:674)
10-30 23:35:40.636 18959 18959 W ResourceType: Failure getting entry for 0x7f010055 (t=0 e=85) (error -75)
10-30 23:35:40.672 18959 18988 D OpenGLRenderer: HWUI GL Pipeline
10-30 23:35:40.697 18959 18988 I Adreno  : QUALCOMM build                   : 7142022, Ib5823dd10c
10-30 23:35:40.697 18959 18988 I Adreno  : Build Date                       : 06/23/17
10-30 23:35:40.697 18959 18988 I Adreno  : OpenGL ES Shader Compiler Version: EV031.18.00.00
10-30 23:35:40.697 18959 18988 I Adreno  : Local Branch                     : O11A
10-30 23:35:40.697 18959 18988 I Adreno  : Remote Branch                    : 
10-30 23:35:40.697 18959 18988 I Adreno  : Remote Branch                    : 
10-30 23:35:40.697 18959 18988 I Adreno  : Reconstruct Branch               : 
10-30 23:35:40.698 18959 18988 I vndksupport: sphal namespace is not configured for this process. Loading /vendor/lib/hw/gralloc.msm8992.so from the current namespace instead.
10-30 23:35:40.700  3960  4307 E bfry    : Phenotype API error. Event # ddoj@20a8064a, EventCode: 7 [CONTEXT service_id=51 ]
10-30 23:35:40.700  3960  4307 E bfry    : bfra: 29505: No config packages for log source, or config package not registered
10-30 23:35:40.700  3960  4307 E bfry    : 	at bfst.b(:com.google.android.gms@223616019@22.36.16 (040400-476895098):4)
10-30 23:35:40.700  3960  4307 E bfry    : 	at bfsq.g(:com.google.android.gms@223616019@22.36.16 (040400-476895098):0)
10-30 23:35:40.700  3960  4307 E bfry    : 	at bfry.e(:com.google.android.gms@223616019@22.36.16 (040400-476895098):4)
10-30 23:35:40.700  3960  4307 E bfry    : 	at bfry.f(:com.google.android.gms@223616019@22.36.16 (040400-476895098):2)
10-30 23:35:40.700  3960  4307 E bfry    : 	at arjg.ep(:com.google.android.gms@223616019@22.36.16 (040400-476895098):1)
10-30 23:35:40.700  3960  4307 E bfry    : 	at arjm.run(:com.google.android.gms@223616019@22.36.16 (040400-476895098):12)
10-30 23:35:40.700  3960  4307 E bfry    : 	at cjoq.run(:com.google.android.gms@223616019@22.36.16 (040400-476895098):2)
10-30 23:35:40.700  3960  4307 E bfry    : 	at aarl.c(:com.google.android.gms@223616019@22.36.16 (040400-476895098):6)
10-30 23:35:40.700  3960  4307 E bfry    : 	at aarl.run(:com.google.android.gms@223616019@22.36.16 (040400-476895098):7)
10-30 23:35:40.700  3960  4307 E bfry    : 	at java.util.concurrent.ThreadPoolExecutor.runWorker(ThreadPoolExecutor.java:1162)
10-30 23:35:40.700  3960  4307 E bfry    : 	at java.util.concurrent.ThreadPoolExecutor$Worker.run(ThreadPoolExecutor.java:636)
10-30 23:35:40.700  3960  4307 E bfry    : 	at aaws.run(:com.google.android.gms@223616019@22.36.16 (040400-476895098):0)
10-30 23:35:40.700  3960  4307 E bfry    : 	at java.lang.Thread.run(Thread.java:764)
10-30 23:35:40.701  3960  4307 W AsyncOperation: operation=GetExperimentTokensOperationCall, opStatusCode=29505 [CONTEXT service_id=51 ]
10-30 23:35:40.701  3960  4307 W AsyncOperation: OperationException[Status{statusCode=No config packages for log source, or config package not registered, resolution=null}]
10-30 23:35:40.701  3960  4307 W AsyncOperation: 	at bfry.e(:com.google.android.gms@223616019@22.36.16 (040400-476895098):6)
10-30 23:35:40.701  3960  4307 W AsyncOperation: 	at bfry.f(:com.google.android.gms@223616019@22.36.16 (040400-476895098):2)
10-30 23:35:40.701  3960  4307 W AsyncOperation: 	at arjg.ep(:com.google.android.gms@223616019@22.36.16 (040400-476895098):1)
10-30 23:35:40.701  3960  4307 W AsyncOperation: 	at arjm.run(:com.google.android.gms@223616019@22.36.16 (040400-476895098):12)
10-30 23:35:40.701  3960  4307 W AsyncOperation: 	at cjoq.run(:com.google.android.gms@223616019@22.36.16 (040400-476895098):2)
10-30 23:35:40.701  3960  4307 W AsyncOperation: 	at aarl.c(:com.google.android.gms@223616019@22.36.16 (040400-476895098):6)
10-30 23:35:40.701  3960  4307 W AsyncOperation: 	at aarl.run(:com.google.android.gms@223616019@22.36.16 (040400-476895098):7)
10-30 23:35:40.701  3960  4307 W AsyncOperation: 	at java.util.concurrent.ThreadPoolExecutor.runWorker(ThreadPoolExecutor.java:1162)
10-30 23:35:40.701  3960  4307 W AsyncOperation: 	at java.util.concurrent.ThreadPoolExecutor$Worker.run(ThreadPoolExecutor.java:636)
10-30 23:35:40.701  3960  4307 W AsyncOperation: 	at aaws.run(:com.google.android.gms@223616019@22.36.16 (040400-476895098):0)
10-30 23:35:40.701  3960  4307 W AsyncOperation: 	at java.lang.Thread.run(Thread.java:764)
10-30 23:35:40.707 18959 18988 I Adreno  : PFP: 0x00000000, ME: 0x00000000
10-30 23:35:40.708 18959 18959 W RecyclerView: No adapter attached; skipping layout
10-30 23:35:40.713 18959 18988 I OpenGLRenderer: Initialized EGL, version 1.4
10-30 23:35:40.713 18959 18988 D OpenGLRenderer: Swap behavior 2
10-30 23:35:40.719 18959 18959 I cr_StartSurfaceConfig: Recorded Startup.Android.FirstDrawCompletedTime.NoInstant = 119 ms
10-30 23:35:40.726 18959 18974 D NetworkSecurityConfig: Using Network Security Config from resource 0_resource_name_obfuscated debugBuild: false
10-30 23:35:40.843  3960 16248 I NetworkScheduler.Stats: Task com.google.android.gms/com.google.android.gms.auth.account.be.accountstate.GcmTaskService started execution. cause:4 exec_start_elapsed_seconds: 1045394 [CONTEXT service_id=218 ]
10-30 23:35:40.870  3960 18194 I NetworkScheduler.Stats: Task com.google.android.gms/com.google.android.gms.auth.account.be.accountstate.GcmTaskService finished executing. cause:4 result: 1 elapsed_millis: 58 uptime_millis: 57 exec_start_elapsed_seconds: 1045394 [CONTEXT service_id=218 ]
10-30 23:35:40.951   361   361 W /system/bin/hwservicemanager: getTransportFromManifest: Cannot find entry android.hardware.graphics.mapper@2.0::IMapper in either framework or device manifest, using default transport.
10-30 23:35:40.954 18959 18988 I vndksupport: sphal namespace is not configured for this process. Loading /vendor/lib/hw/gralloc.msm8992.so from the current namespace instead.
10-30 23:35:40.966  3960 18193 I NetworkScheduler.Stats: Task com.google.android.gms/com.google.android.gms.checkin.EventLogService started execution. cause:5 exec_start_elapsed_seconds: 1045395 [CONTEXT service_id=218 ]
10-30 23:35:40.980  3960  3968 W SQLiteConnectionPool: A SQLiteConnection object for database '/data/user/0/com.google.android.gms/databases/metadata.db' was leaked!  Please fix your application to end transactions in progress properly and to close the database when it is no longer needed.
10-30 23:35:41.001   772   797 I ActivityManager: Displayed com.android.chrome/org.chromium.chrome.browser.firstrun.FirstRunActivity: +431ms (total +41s665ms)
10-30 23:35:41.003 13542 10551 I Checkin : [EventLogChimeraService] Opted in for usage reporting: false
10-30 23:35:41.007 13542 10551 I Checkin : [EventLogChimeraService] Aggregate from 1667167451518 (log), 1667167451518 (data)
10-30 23:35:41.035 18959 18974 I cr_VariationsSeedFetch: Fetched first run seed in 311 ms
10-30 23:35:41.046  3960 18194 I NetworkScheduler.Stats: Task com.google.android.gms/com.google.android.gms.common.stats.net.NetworkReportService started execution. cause:5 exec_start_elapsed_seconds: 1045395 [CONTEXT service_id=218 ]
10-30 23:35:41.063 13325 13325 I MemoryTrimmer: Trimming objects from memory, since app is in the background.
10-30 23:35:41.067 13325 18747 V rsC++   : RS Message thread exiting.
10-30 23:35:41.091 15052 15052 I MicroDetector: Keeping mic open: false
10-30 23:35:41.092 15052 15087 I MicroRecognitionRunner: Stopping hotword detection.
10-30 23:35:41.092 15052 15080 I DeviceStateChecker: DeviceStateChecker cancelled
10-30 23:35:41.093 15052 18998 I AudioController: internalShutdown
10-30 23:35:41.093 15052 18998 I MicrophoneInputStream: mic_close com.google.android.apps.gsa.speech.audio.af@2d090d0
10-30 23:35:41.094 15052 15293 I PBSessionCacheImpl: Deleted sessionId[5926546692291] from persistence.
10-30 23:35:41.133 13542 13542 D BoundBrokerSvc: onBind: Intent { act=com.google.android.gms.common.BIND_SHARED_PREFS pkg=com.google.android.gms }
10-30 23:35:41.133 13542 13542 D BoundBrokerSvc: Loading bound service for intent: Intent { act=com.google.android.gms.common.BIND_SHARED_PREFS pkg=com.google.android.gms }
10-30 23:35:41.146   556 18753 D audio_hw_primary: disable_audio_route: usecase(9) reset and update mixer path: audio-record
10-30 23:35:41.149   556 18753 D audio_hw_primary: disable_snd_device: snd_device(72: voice-rec-mic)
10-30 23:35:41.150 19002 19002 E /system/bin/webview_zygote32: failed to make and chown /acct/uid_99021: Permission denied
10-30 23:35:41.150 19002 19002 E Zygote  : createProcessGroup(99021, 0) failed: Permission denied
10-30 23:35:41.155   556 18753 D sound_trigger_platform: platform_stdev_check_and_update_concurrency: concurrency active 0, tx 0, rx 0, concurrency session_allowed 1
10-30 23:35:41.157   556   753 I SoundTriggerHwService::Module: onCallbackEvent no clients
10-30 23:35:41.162 15052 15220 I MicroRecognitionRunner: Detection finished
10-30 23:35:41.162   772   785 I ActivityManager: Start proc 19002:com.android.chrome:sandboxed_process0/u0i21 for webview_service com.android.chrome/org.chromium.content.app.SandboxedProcessService0
10-30 23:35:41.170   772   788 W BroadcastQueue: Background execution not allowed: receiving Intent { act=android.intent.action.DROPBOX_ENTRY_ADDED flg=0x10 (has extras) } to com.google.android.gms/.stats.service.DropBoxEntryAddedReceiver
10-30 23:35:41.170   772   788 W BroadcastQueue: Background execution not allowed: receiving Intent { act=android.intent.action.DROPBOX_ENTRY_ADDED flg=0x10 (has extras) } to com.google.android.gms/.chimera.GmsIntentOperationService$PersistentTrustedReceiver
10-30 23:35:41.174   772   788 W BroadcastQueue: Background execution not allowed: receiving Intent { act=android.intent.action.DROPBOX_ENTRY_ADDED flg=0x10 (has extras) } to com.google.android.gms/.stats.service.DropBoxEntryAddedReceiver
10-30 23:35:41.174   772   788 W BroadcastQueue: Background execution not allowed: receiving Intent { act=android.intent.action.DROPBOX_ENTRY_ADDED flg=0x10 (has extras) } to com.google.android.gms/.chimera.GmsIntentOperationService$PersistentTrustedReceiver
10-30 23:35:41.176 13542 13542 D BoundBrokerSvc: onUnbind: Intent { act=com.google.android.gms.common.BIND_SHARED_PREFS pkg=com.google.android.gms }
10-30 23:35:41.182 19002 19002 I SamplingProfilerIntegration: Profiling disabled.
10-30 23:35:41.186 13542 13542 D BoundBrokerSvc: onBind: Intent { act=com.google.android.gms.common.BIND_SHARED_PREFS pkg=com.google.android.gms }
10-30 23:35:41.186 13542 13542 D BoundBrokerSvc: Loading bound service for intent: Intent { act=com.google.android.gms.common.BIND_SHARED_PREFS pkg=com.google.android.gms }
10-30 23:35:41.198 13542 13542 D BoundBrokerSvc: onUnbind: Intent { act=com.google.android.gms.common.BIND_SHARED_PREFS pkg=com.google.android.gms }
10-30 23:35:41.209 19019 19019 E asset   : setgid: Operation not permitted
10-30 23:35:41.242 13542 10551 I Checkin : [ServiceDumpSys] dumping service [account]
10-30 23:35:41.248 19002 19002 I cr_SplitCompatApp: Launched version=106.0.5249.79 minSdkVersion=24 isBundle=true processName=com.android.chrome:sandboxed_process0 isIsolated=true
10-30 23:35:41.252 19002 19002 W SystemServiceRegistry: No service published for: uimode
10-30 23:35:41.260 19002 19002 I cr_ChildProcessService: Creating new ChildProcessService pid=19002
10-30 23:35:41.267 19002 19002 E WebViewFactory: can't load with relro file; address space not reserved
10-30 23:35:41.267   772   788 W BroadcastQueue: Background execution not allowed: receiving Intent { act=android.intent.action.DROPBOX_ENTRY_ADDED flg=0x10 (has extras) } to com.google.android.gms/.stats.service.DropBoxEntryAddedReceiver
10-30 23:35:41.268   772   788 W BroadcastQueue: Background execution not allowed: receiving Intent { act=android.intent.action.DROPBOX_ENTRY_ADDED flg=0x10 (has extras) } to com.google.android.gms/.chimera.GmsIntentOperationService$PersistentTrustedReceiver
10-30 23:35:41.272  3960 18193 I NetworkScheduler.Stats: Task com.google.android.gms/com.google.android.gms.checkin.EventLogService finished executing. cause:5 result: 1 elapsed_millis: 344 uptime_millis: 345 exec_start_elapsed_seconds: 1045395 [CONTEXT service_id=218 ]
10-30 23:35:41.347   772  1324 I ActivityManager: Start proc 19038:com.android.chrome:privileged_process0/u0a60 for service com.android.chrome/org.chromium.content.app.PrivilegedProcessService0
10-30 23:35:41.392 18959 18959 I cr_SmsProviderGms: construction successfull y93@bd057b0, v93@48d2629
10-30 23:35:41.400 13542 13542 D BoundBrokerSvc: onBind: Intent { act=com.google.android.gms.auth.key.retrieval.service.START dat=chimera-action:com.google.android.gms.auth.key.retrieval.service.START cmp=com.google.android.gms/.chimera.GmsApiService }
10-30 23:35:41.400 13542 13542 D BoundBrokerSvc: Loading bound service for intent: Intent { act=com.google.android.gms.auth.key.retrieval.service.START dat=chimera-action:com.google.android.gms.auth.key.retrieval.service.START cmp=com.google.android.gms/.chimera.GmsApiService }
10-30 23:35:41.422 19038 19038 I cr_SplitCompatApp: Launched version=106.0.5249.79 minSdkVersion=24 isBundle=true processName=com.android.chrome:privileged_process0 isIsolated=false
10-30 23:35:41.440 19038 19038 I cr_ChildProcessService: Creating new ChildProcessService pid=19038
10-30 23:35:41.491 18959 18959 W cr_KnoxSettingsProvider: Permission to read device policy denied.
10-30 23:35:41.502 19038 19058 I cr_LibraryLoader: Successfully loaded native library
10-30 23:35:41.503 19038 19058 I cr_CachingUmaRecorder: Flushed 3 samples from 3 histograms.
10-30 23:35:41.536 19038 19058 I Adreno  : QUALCOMM build                   : 7142022, Ib5823dd10c
10-30 23:35:41.536 19038 19058 I Adreno  : Build Date                       : 06/23/17
10-30 23:35:41.536 19038 19058 I Adreno  : OpenGL ES Shader Compiler Version: EV031.18.00.00
10-30 23:35:41.536 19038 19058 I Adreno  : Local Branch                     : O11A
10-30 23:35:41.536 19038 19058 I Adreno  : Remote Branch                    : 
10-30 23:35:41.536 19038 19058 I Adreno  : Remote Branch                    : 
10-30 23:35:41.536 19038 19058 I Adreno  : Reconstruct Branch               : 
10-30 23:35:41.537 19038 19058 I vndksupport: sphal namespace is not configured for this process. Loading /vendor/lib/hw/gralloc.msm8992.so from the current namespace instead.
10-30 23:35:41.542 19038 19058 I Adreno  : PFP: 0x00000000, ME: 0x00000000
10-30 23:35:42.228 19067 19067 E /system/bin/webview_zygote32: failed to make and chown /acct/uid_99022: Permission denied
10-30 23:35:42.228 19067 19067 E Zygote  : createProcessGroup(99022, 0) failed: Permission denied
10-30 23:35:42.233   772  1259 I ActivityManager: Start proc 19067:com.android.chrome:sandboxed_process1/u0i22 for webview_service com.android.chrome/org.chromium.content.app.SandboxedProcessService1
10-30 23:35:42.249 19067 19067 I SamplingProfilerIntegration: Profiling disabled.
10-30 23:35:42.268 19080 19080 E asset   : setgid: Operation not permitted
10-30 23:35:42.299 19067 19067 I cr_SplitCompatApp: Launched version=106.0.5249.79 minSdkVersion=24 isBundle=true processName=com.android.chrome:sandboxed_process1 isIsolated=true
10-30 23:35:42.307 19067 19067 W SystemServiceRegistry: No service published for: uimode
10-30 23:35:42.317 19067 19067 I cr_ChildProcessService: Creating new ChildProcessService pid=19067
10-30 23:35:42.329 19067 19067 E WebViewFactory: can't load with relro file; address space not reserved
10-30 23:35:42.340 19067 19081 I cr_LibraryLoader: Successfully loaded native library
10-30 23:35:42.341 19067 19081 I cr_CachingUmaRecorder: Flushed 3 samples from 3 histograms.
10-30 23:35:42.382 19067 19081 I chromium: [INFO:child_process_service.cc(69)] ChildProcessService: Exiting child process.
10-30 23:35:42.386   422   422 E lowmemorykiller: Error writing /proc/19067/oom_score_adj; errno=22
10-30 23:35:42.387   772 13021 I ActivityManager: Killing 19067:com.android.chrome:sandboxed_process1/u0a60i22 (adj 0): isolated not needed
10-30 23:35:42.388   772   790 W zygote64: failed to open /acct/uid_99022/pid_19067/cgroup.procs: No such file or directory
10-30 23:35:42.426   772   781 I zygote64: Background concurrent copying GC freed 9677(569KB) AllocSpace objects, 0(0B) LOS objects, 42% free, 16MB/28MB, paused 1.785ms total 102.828ms
10-30 23:35:42.574  3960 18193 I NetworkScheduler.Stats: Task com.google.android.gms/com.google.android.gms.common.stats.net.NetworkReportService finished executing. cause:5 result: 1 elapsed_millis: 1604 uptime_millis: 1603 exec_start_elapsed_seconds: 1045395 [CONTEXT service_id=218 ]
10-30 23:35:43.642 18959 18959 E cr_BTSPrefs: No data found for task id: 53
10-30 23:35:43.643 18959 18959 E cr_BkgrdTaskScheduler: Task cannot be canceled because no data was found instorage or data was invalid
10-30 23:35:46.127 15052 15220 I EventLogSendingHelper: Sending log events.
10-30 23:35:47.021 19109 19109 D AndroidRuntime: >>>>>> START com.android.internal.os.RuntimeInit uid 2000 <<<<<<
10-30 23:35:47.159 19109 19109 D AndroidRuntime: Calling main entry com.android.commands.input.Input
10-30 23:35:47.168 19109 19109 I Input   : injectMotionEvent: MotionEvent { action=ACTION_DOWN, actionButton=0, id[0]=0, x[0]=540.0, y[0]=1660.0, toolType[0]=TOOL_TYPE_UNKNOWN, buttonState=0, metaState=0, flags=0x0, edgeFlags=0x0, pointerCount=1, historySize=0, eventTime=487845429, downTime=487845429, deviceId=8, source=0x1002 }
10-30 23:35:47.174 19109 19109 I Input   : injectMotionEvent: MotionEvent { action=ACTION_UP, actionButton=0, id[0]=0, x[0]=540.0, y[0]=1660.0, toolType[0]=TOOL_TYPE_UNKNOWN, buttonState=0, metaState=0, flags=0x0, edgeFlags=0x0, pointerCount=1, historySize=0, eventTime=487845429, downTime=487845429, deviceId=8, source=0x1002 }
10-30 23:35:47.178 19109 19109 D AndroidRuntime: Shutting down VM
10-30 23:35:47.207   556  6498 D audio_hw_primary: enable_snd_device: snd_device(88: vi-feedback)
10-30 23:35:47.207   556  6498 D audio_hw_primary: enable_audio_route: usecase(23) apply and update mixer path: spkr-vi-record
10-30 23:35:47.213   772  2969 D WificondControl: Scan result ready event
10-30 23:35:47.232   556  6498 D audio_hw_primary: enable_audio_route: usecase(1) apply and update mixer path: low-latency-playback
10-30 23:35:47.246  3960  3971 I ChimeraSrvcProxy: NullBinder for android.net.action.RECOMMEND_NETWORKS triggering remote TransactionTooLargeException due to Service without Chimera impl
10-30 23:35:47.762   556   731 D audio_hw_primary: disable_audio_route: usecase(1) reset and update mixer path: low-latency-playback
10-30 23:35:47.776   556   731 D audio_hw_primary: disable_snd_device: snd_device(88: vi-feedback)
10-30 23:35:47.776   556   731 D audio_hw_primary: disable_audio_route: usecase(23) reset and update mixer path: spkr-vi-record
10-30 23:35:48.649 19124 19124 D AndroidRuntime: >>>>>> START com.android.internal.os.RuntimeInit uid 2000 <<<<<<
10-30 23:35:48.780 19124 19124 D AndroidRuntime: Calling main entry com.android.commands.input.Input
10-30 23:35:48.787 19124 19124 I Input   : injectMotionEvent: MotionEvent { action=ACTION_DOWN, actionButton=0, id[0]=0, x[0]=180.0, y[0]=1690.0, toolType[0]=TOOL_TYPE_UNKNOWN, buttonState=0, metaState=0, flags=0x0, edgeFlags=0x0, pointerCount=1, historySize=0, eventTime=487847049, downTime=487847049, deviceId=8, source=0x1002 }
10-30 23:35:48.793 19124 19124 I Input   : injectMotionEvent: MotionEvent { action=ACTION_UP, actionButton=0, id[0]=0, x[0]=180.0, y[0]=1690.0, toolType[0]=TOOL_TYPE_UNKNOWN, buttonState=0, metaState=0, flags=0x0, edgeFlags=0x0, pointerCount=1, historySize=0, eventTime=487847049, downTime=487847049, deviceId=8, source=0x1002 }
10-30 23:35:48.796 19124 19124 D AndroidRuntime: Shutting down VM
10-30 23:35:48.808   556  6498 D audio_hw_primary: enable_snd_device: snd_device(88: vi-feedback)
10-30 23:35:48.808   556  6498 D audio_hw_primary: enable_audio_route: usecase(23) apply and update mixer path: spkr-vi-record
10-30 23:35:48.812   772   784 I ActivityManager: START u0 {act=android.intent.action.VIEW flg=0x10008000 cmp=com.android.chrome/com.google.android.apps.chrome.Main (has extras)} from uid 10060
10-30 23:35:48.818   772   830 E ResourceType: Style contains key with bad entry: 0x0101062c
10-30 23:35:48.820   772   830 E ResourceType: Style contains key with bad entry: 0x0101062c
10-30 23:35:48.834   556  6498 D audio_hw_primary: enable_audio_route: usecase(1) apply and update mixer path: low-latency-playback
10-30 23:35:48.835 18959 18959 E ResourceType: Style contains key with bad entry: 0x0101062c
10-30 23:35:48.844 18959 18959 E ResourceType: Style contains key with bad entry: 0x0101062c
10-30 23:35:48.878 18959 18959 W ResourceType: Failure getting entry for 0x7f010055 (t=0 e=85) (error -75)
10-30 23:35:48.892 18959 18959 I cr_CompositorSurfaceMgr: Transitioning to surface with format: -1
10-30 23:35:48.897 18959 18959 W ResourceType: Failure getting entry for 0x7f010530 (t=0 e=1328) (error -75)
10-30 23:35:48.936 18959 19034 W cr_tabmodel: Starting to perform legacy migration.
10-30 23:35:48.938 18959 19034 W cr_tabmodel: Finished performing legacy migration.
10-30 23:35:48.938 18959 19034 W cr_tabmodel: Starting to perform multi-instance migration.
10-30 23:35:48.938 18959 19034 W cr_tabmodel: Finished performing multi-instance migration.
10-30 23:35:48.938 18959 19034 I cr_tabmodel: Starting to fetch tab list for tab_state0
10-30 23:35:48.938 18959 19034 I cr_tabmodel: State file does not exist.
10-30 23:35:48.939 18959 19034 I cr_tabmodel: Starting to fetch tab list for tab_state1
10-30 23:35:48.939 18959 19034 I cr_tabmodel: State file does not exist.
10-30 23:35:48.987   772   996 W ActivityManager: Duplicate finish request for ActivityRecord{af9131b u0 com.android.chrome/org.chromium.chrome.browser.firstrun.FirstRunActivity t649 f}
10-30 23:35:48.994 18959 19034 W cr_PartnerCustomize: Partner homepage must be HTTP(S) or NewTabPage. Got invalid URL "org.chromium.url.GURL@0"
10-30 23:35:49.046 18959 18959 I cr_StartSurfaceConfig: Recorded Startup.Android.FirstDrawCompletedTime.NoInstant = 192 ms
10-30 23:35:49.050 18959 18988 D OpenGLRenderer: endAllActiveAnimators on 0xc5fb9b80 (RippleDrawable) with handle 0xc5f173d0
10-30 23:35:49.055 18959 18959 I cr_CompositorSurfaceMgr: Transitioning to surface with format: -1
10-30 23:35:49.059 18959 18959 I cr_CompositorSurfaceMgr: surfaceCreated format: 0
10-30 23:35:49.067 18959 18959 I cr_ChromeTabbedActivity: #initializeState
10-30 23:35:49.068 18959 18959 I cr_CipherFactory: #restoreFromBundle, no savedInstanceState.
10-30 23:35:49.068 18959 18959 I cr_tabmodel: #loadState, ignoreIncognitoFiles? true
10-30 23:35:49.074 18959 18959 I cr_tabmodel: Loaded tab lists; counts: 0,0
10-30 23:35:49.075 18959 18959 I cr_ChromeTabbedActivity: #createInitialTab executed.
10-30 23:35:49.096 18959 18959 E ResourceType: Style contains key with bad entry: 0x0101062c
10-30 23:35:49.133 18959 18959 W ResourceType: Failure getting entry for 0x7f010565 (t=0 e=1381) (error -75)
10-30 23:35:49.141 18959 18959 W ResourceType: Failure getting entry for 0x7f010551 (t=0 e=1361) (error -75)
10-30 23:35:49.147   772  1324 E BatteryStatsService: no controller energy info supplied
10-30 23:35:49.147   772  1324 E BatteryStatsService: no controller energy info supplied
10-30 23:35:49.249 18959 18959 W ResourceType: Failure getting entry for 0x7f01059a (t=0 e=1434) (error -75)
10-30 23:35:49.272   772 10893 W AppOps  : Bad call: specified package com.google.android.gms under uid 10060 but it is really 10020
10-30 23:35:49.272   772 10893 W AppOps  : java.lang.RuntimeException: here
10-30 23:35:49.272   772 10893 W AppOps  : 	at com.android.server.AppOpsService.getOpsRawLocked(AppOpsService.java:1319)
10-30 23:35:49.272   772 10893 W AppOps  : 	at com.android.server.AppOpsService.checkPackage(AppOpsService.java:1038)
10-30 23:35:49.272   772 10893 W AppOps  : 	at com.android.internal.app.IAppOpsService$Stub.onTransact(IAppOpsService.java:169)
10-30 23:35:49.272   772 10893 W AppOps  : 	at android.os.Binder.execTransact(Binder.java:674)
10-30 23:35:49.273   772 10894 W AppOps  : Bad call: specified package com.google.android.gms under uid 10060 but it is really 10020
10-30 23:35:49.273   772 10894 W AppOps  : java.lang.RuntimeException: here
10-30 23:35:49.273   772 10894 W AppOps  : 	at com.android.server.AppOpsService.getOpsRawLocked(AppOpsService.java:1319)
10-30 23:35:49.273   772 10894 W AppOps  : 	at com.android.server.AppOpsService.checkPackage(AppOpsService.java:1038)
10-30 23:35:49.273   772 10894 W AppOps  : 	at com.android.internal.app.IAppOpsService$Stub.onTransact(IAppOpsService.java:169)
10-30 23:35:49.273   772 10894 W AppOps  : 	at android.os.Binder.execTransact(Binder.java:674)
10-30 23:35:49.275   772  1327 W AppOps  : Bad call: specified package com.google.android.gms under uid 10060 but it is really 10020
10-30 23:35:49.275   772  1327 W AppOps  : java.lang.RuntimeException: here
10-30 23:35:49.275   772  1327 W AppOps  : 	at com.android.server.AppOpsService.getOpsRawLocked(AppOpsService.java:1319)
10-30 23:35:49.275   772  1327 W AppOps  : 	at com.android.server.AppOpsService.checkPackage(AppOpsService.java:1038)
10-30 23:35:49.275   772  1327 W AppOps  : 	at com.android.internal.app.IAppOpsService$Stub.onTransact(IAppOpsService.java:169)
10-30 23:35:49.275   772  1327 W AppOps  : 	at android.os.Binder.execTransact(Binder.java:674)
10-30 23:35:49.276   772   996 W AppOps  : Bad call: specified package com.google.android.gms under uid 10060 but it is really 10020
10-30 23:35:49.276   772   996 W AppOps  : java.lang.RuntimeException: here
10-30 23:35:49.276   772   996 W AppOps  : 	at com.android.server.AppOpsService.getOpsRawLocked(AppOpsService.java:1319)
10-30 23:35:49.276   772   996 W AppOps  : 	at com.android.server.AppOpsService.checkPackage(AppOpsService.java:1038)
10-30 23:35:49.276   772   996 W AppOps  : 	at com.android.internal.app.IAppOpsService$Stub.onTransact(IAppOpsService.java:169)
10-30 23:35:49.276   772   996 W AppOps  : 	at android.os.Binder.execTransact(Binder.java:674)
10-30 23:35:49.307 18959 18959 E cr_IntentUtils: getBooleanExtra failed on intent null
10-30 23:35:49.308 18959 18959 E cr_IntentUtils: getBooleanExtra failed on intent null
10-30 23:35:49.308 19002 19031 I cr_LibraryLoader: Successfully loaded native library
10-30 23:35:49.309 19002 19031 I cr_CachingUmaRecorder: Flushed 3 samples from 3 histograms.
10-30 23:35:49.350 18959 18959 W ResourceType: Failure getting entry for 0x7f010888 (t=0 e=2184) (error -75)
10-30 23:35:49.357 18959 18959 I chatty  : uid=10060(u0_a60) identical 1 line
10-30 23:35:49.359 18959 18959 W ResourceType: Failure getting entry for 0x7f010888 (t=0 e=2184) (error -75)
10-30 23:35:49.361  3960  6244 I FontLog : Received query name=Google Sans&weight=700&besteffort=false, URI content://com.google.android.gms.fonts [CONTEXT service_id=132 ]
10-30 23:35:49.361 18959 18959 W ResourceType: Failure getting entry for 0x7f010888 (t=0 e=2184) (error -75)
10-30 23:35:49.361  3960  6244 I FontLog : Query [name=Google Sans&weight=700&besteffort=false] resolved to {Google Sans, wdth 100.0, wght 700, ital 0.0, bestEffort false} [CONTEXT service_id=132 ]
10-30 23:35:49.362 18959 18959 W ResourceType: Failure getting entry for 0x7f010888 (t=0 e=2184) (error -75)
10-30 23:35:49.363  3960  6244 I FontLog : Fetch {Google Sans, wdth 100.0, wght 700, ital 0.0, bestEffort false} end status Status{statusCode=SUCCESS, resolution=null} [CONTEXT service_id=132 ]
10-30 23:35:49.364 18959 18959 W ResourceType: Failure getting entry for 0x7f010888 (t=0 e=2184) (error -75)
10-30 23:35:49.366 18959 18959 I chatty  : uid=10060(u0_a60) identical 1 line
10-30 23:35:49.367 18959 18959 W ResourceType: Failure getting entry for 0x7f010888 (t=0 e=2184) (error -75)
10-30 23:35:49.368   556   731 D audio_hw_primary: disable_audio_route: usecase(1) reset and update mixer path: low-latency-playback
10-30 23:35:49.369  3960  3971 I FontLog : Pulling font file for id = 1270, cache size = 13 [CONTEXT service_id=132 ]
10-30 23:35:49.369 18959 18959 I cr_TopSites: Start a new task.
10-30 23:35:49.370 18959 19030 I cr_TopSites: Serializing top sites lists finished; count: 8
10-30 23:35:49.378  3960  4217 I FontLog : Received query name=Noto Color Emoji Compat&weight=400&besteffort=false, URI content://com.google.android.gms.fonts [CONTEXT service_id=132 ]
10-30 23:35:49.378  3960  4217 I FontLog : Query [name=Noto Color Emoji Compat&weight=400&besteffort=false] resolved to {Noto Color Emoji Compat, wdth 100.0, wght 400, ital 0.0, bestEffort false} [CONTEXT service_id=132 ]
10-30 23:35:49.378 18959 19030 I cr_TopSites: Finished saving top sites list to file:/data/user/0/com.android.chrome/app_top_sites/top_sites
10-30 23:35:49.381  3960  4217 I FontLog : Fetch {Noto Color Emoji Compat, wdth 100.0, wght 400, ital 0.0, bestEffort false} end status Status{statusCode=SUCCESS, resolution=null} [CONTEXT service_id=132 ]
10-30 23:35:49.382   556   731 D audio_hw_primary: disable_snd_device: snd_device(88: vi-feedback)
10-30 23:35:49.382   556   731 D audio_hw_primary: disable_audio_route: usecase(23) reset and update mixer path: spkr-vi-record
10-30 23:35:49.393   772 13021 I ActivityManager: Start proc 19183:com.android.chrome:sandboxed_process2/u0i23 for webview_service com.android.chrome/org.chromium.content.app.SandboxedProcessService2
10-30 23:35:49.397 19183 19183 E /system/bin/webview_zygote32: failed to make and chown /acct/uid_99023: Permission denied
10-30 23:35:49.397 19183 19183 E Zygote  : createProcessGroup(99023, 0) failed: Permission denied
10-30 23:35:49.400  3960  4245 I FontLog : Pulling font file for id = 1271, cache size = 14 [CONTEXT service_id=132 ]
10-30 23:35:49.425 19198 19198 E /system/bin/webview_zygote32: failed to make and chown /acct/uid_99024: Permission denied
10-30 23:35:49.425 19198 19198 E Zygote  : createProcessGroup(99024, 0) failed: Permission denied
10-30 23:35:49.428 19183 19183 I SamplingProfilerIntegration: Profiling disabled.
10-30 23:35:49.431   772 10860 I ActivityManager: Start proc 19198:com.android.chrome:sandboxed_process3/u0i24 for webview_service com.android.chrome/org.chromium.content.app.SandboxedProcessService3
10-30 23:35:49.433  3960  4244 I FontLog : Received query name=Google Sans&weight=400&besteffort=false, URI content://com.google.android.gms.fonts [CONTEXT service_id=132 ]
10-30 23:35:49.434  3960  4244 I FontLog : Query [name=Google Sans&weight=400&besteffort=false] resolved to {Google Sans, wdth 100.0, wght 400, ital 0.0, bestEffort false} [CONTEXT service_id=132 ]
10-30 23:35:49.435  3960  4244 I FontLog : Font PFD returned from cache for {Google Sans, wdth 100.0, wght 400, ital 0.0, bestEffort false} [CONTEXT service_id=132 ]
10-30 23:35:49.435  3960  4244 I FontLog : Fetch {Google Sans, wdth 100.0, wght 400, ital 0.0, bestEffort false} end status Status{statusCode=SUCCESS, resolution=null} [CONTEXT service_id=132 ]
10-30 23:35:49.447   361   361 W /system/bin/hwservicemanager: getTransportFromManifest: Cannot find entry android.hardware.graphics.mapper@2.0::IMapper in either framework or device manifest, using default transport.
10-30 23:35:49.451 19038 19058 I vndksupport: sphal namespace is not configured for this process. Loading /vendor/lib/hw/gralloc.msm8992.so from the current namespace instead.
10-30 23:35:49.452 19212 19212 E asset   : setgid: Operation not permitted
10-30 23:35:49.453 19198 19198 I SamplingProfilerIntegration: Profiling disabled.
10-30 23:35:49.461 19215 19215 E /system/bin/webview_zygote32: failed to make and chown /acct/uid_99025: Permission denied
10-30 23:35:49.461 19215 19215 E Zygote  : createProcessGroup(99025, 0) failed: Permission denied
10-30 23:35:49.470   772 13071 I ActivityManager: Start proc 19215:com.android.chrome:sandboxed_process4/u0i25 for webview_service com.android.chrome/org.chromium.content.app.SandboxedProcessService4
10-30 23:35:49.472  3960  3972 I FontLog : Pulling font file for id = 1272, cache size = 15 [CONTEXT service_id=132 ]
10-30 23:35:49.474 18959 18959 W ResourceType: Failure getting entry for 0x7f010216 (t=0 e=534) (error -75)
10-30 23:35:49.481 18959 18959 W ResourceType: Failure getting entry for 0x7f0107c9 (t=0 e=1993) (error -75)
10-30 23:35:49.482 19183 19183 I cr_SplitCompatApp: Launched version=106.0.5249.79 minSdkVersion=24 isBundle=true processName=com.android.chrome:sandboxed_process2 isIsolated=true
10-30 23:35:49.484 19215 19215 I SamplingProfilerIntegration: Profiling disabled.
10-30 23:35:49.489 19229 19229 E asset   : setgid: Operation not permitted
10-30 23:35:49.489 19183 19183 W SystemServiceRegistry: No service published for: uimode
10-30 23:35:49.490 19227 19227 E /system/bin/webview_zygote32: failed to make and chown /acct/uid_99026: Permission denied
10-30 23:35:49.490 19227 19227 E Zygote  : createProcessGroup(99026, 0) failed: Permission denied
10-30 23:35:49.496   772  4539 I ActivityManager: Start proc 19227:com.android.chrome:sandboxed_process5/u0i26 for webview_service com.android.chrome/org.chromium.content.app.SandboxedProcessService5
10-30 23:35:49.498  3960  4245 I FontLog : Received query name=Google Sans&weight=500&besteffort=false, URI content://com.google.android.gms.fonts [CONTEXT service_id=132 ]
10-30 23:35:49.498  3960  4245 I FontLog : Query [name=Google Sans&weight=500&besteffort=false] resolved to {Google Sans, wdth 100.0, wght 500, ital 0.0, bestEffort false} [CONTEXT service_id=132 ]
10-30 23:35:49.500  3960  4245 I FontLog : Font PFD returned from cache for {Google Sans, wdth 100.0, wght 500, ital 0.0, bestEffort false} [CONTEXT service_id=132 ]
10-30 23:35:49.500  3960  4245 I FontLog : Fetch {Google Sans, wdth 100.0, wght 500, ital 0.0, bestEffort false} end status Status{statusCode=SUCCESS, resolution=null} [CONTEXT service_id=132 ]
10-30 23:35:49.500 19183 19183 I cr_ChildProcessService: Creating new ChildProcessService pid=19183
10-30 23:35:49.504 19227 19227 I SamplingProfilerIntegration: Profiling disabled.
10-30 23:35:49.505 18959 18959 W ResourceType: Failure getting entry for 0x7f010827 (t=0 e=2087) (error -75)
10-30 23:35:49.514 19244 19244 E asset   : setgid: Operation not permitted
10-30 23:35:49.515 19243 19243 E /system/bin/webview_zygote32: failed to make and chown /acct/uid_99027: Permission denied
10-30 23:35:49.515 19243 19243 E Zygote  : createProcessGroup(99027, 0) failed: Permission denied
10-30 23:35:49.515 18959 18959 I cr_OfflineIndicator: onConnectionTypeChanged 2
10-30 23:35:49.516   772  4540 I ActivityManager: Start proc 19243:com.android.chrome:sandboxed_process6/u0i27 for webview_service com.android.chrome/org.chromium.content.app.SandboxedProcessService6
10-30 23:35:49.516 18959 18959 I cr_OfflineIndicator: Reported by system: [ Transports: WIFI Capabilities: NOT_METERED&INTERNET&NOT_RESTRICTED&TRUSTED&NOT_VPN&VALIDATED&FOREGROUND LinkUpBandwidth>=1048576Kbps LinkDnBandwidth>=1048576Kbps SignalStrength: -56]
10-30 23:35:49.516 18959 18959 I cr_OfflineIndicator: setConnectionState connectionState=4
10-30 23:35:49.516 18959 18959 I cr_OfflineDetector: Running updateState mConnectivityDetectorInitialized: true, mTimeWhenLastForegrounded: 1045403682, getElapsedTime: 1045403683, mTimeWhenLastOfflineNotificationReceived: 0, mTimeWhenLastOnline: 1045403683, mApplicationState: 1, mIsOfflineLastReportedByConnectivityDetector: false, mIsEffectivelyOffline: false
10-30 23:35:49.516 18959 18959 I cr_OfflineDetector: updateState(): timeSinceLastForeground: 1, timeSinceOfflineNotificationReceived: 1045403683, timeSinceLastOnline: 0, timeNeededForForeground: 1999, timeNeededForOffline: -1045401683
10-30 23:35:49.516 18959 18959 I cr_OfflineIndicator: processConnectivityCheckResult mConnectionState=4 mConnectivityCheckingStage=1
10-30 23:35:49.518  3960  3972 I FontLog : Pulling font file for id = 1273, cache size = 16 [CONTEXT service_id=132 ]
10-30 23:35:49.527 19183 19183 E WebViewFactory: can't load with relro file; address space not reserved
10-30 23:35:49.528 19198 19198 I cr_SplitCompatApp: Launched version=106.0.5249.79 minSdkVersion=24 isBundle=true processName=com.android.chrome:sandboxed_process3 isIsolated=true
10-30 23:35:49.533 19255 19255 E asset   : setgid: Operation not permitted
10-30 23:35:49.535 19198 19198 W SystemServiceRegistry: No service published for: uimode
10-30 23:35:49.541   772  1327 I ActivityManager: Start proc 19257:com.android.chrome:sandboxed_process7/u0i28 for webview_service com.android.chrome/org.chromium.content.app.SandboxedProcessService7
10-30 23:35:49.542 19198 19198 I cr_ChildProcessService: Creating new ChildProcessService pid=19198
10-30 23:35:49.545 19257 19257 E /system/bin/webview_zygote32: failed to make and chown /acct/uid_99028: Permission denied
10-30 23:35:49.545 19257 19257 E Zygote  : createProcessGroup(99028, 0) failed: Permission denied
10-30 23:35:49.551 19215 19215 I cr_SplitCompatApp: Launched version=106.0.5249.79 minSdkVersion=24 isBundle=true processName=com.android.chrome:sandboxed_process4 isIsolated=true
10-30 23:35:49.554 19243 19243 I SamplingProfilerIntegration: Profiling disabled.
10-30 23:35:49.558 19215 19215 W SystemServiceRegistry: No service published for: uimode
10-30 23:35:49.560   772  3854 I ActivityManager: Start proc 19271:com.android.chrome:sandboxed_process8/u0i29 for webview_service com.android.chrome/org.chromium.content.app.SandboxedProcessService8
10-30 23:35:49.562 18959 18959 W ResourceType: Failure getting entry for 0x7f010415 (t=0 e=1045) (error -75)
10-30 23:35:49.563 19271 19271 E /system/bin/webview_zygote32: failed to make and chown /acct/uid_99029: Permission denied
10-30 23:35:49.563 19271 19271 E Zygote  : createProcessGroup(99029, 0) failed: Permission denied
10-30 23:35:49.566 19198 19198 E WebViewFactory: can't load with relro file; address space not reserved
10-30 23:35:49.576 19257 19257 I SamplingProfilerIntegration: Profiling disabled.
10-30 23:35:49.578 19215 19215 I cr_ChildProcessService: Creating new ChildProcessService pid=19215
10-30 23:35:49.579 19271 19271 I SamplingProfilerIntegration: Profiling disabled.
10-30 23:35:49.583 19227 19227 I cr_SplitCompatApp: Launched version=106.0.5249.79 minSdkVersion=24 isBundle=true processName=com.android.chrome:sandboxed_process5 isIsolated=true
10-30 23:35:49.583 19284 19284 E asset   : setgid: Operation not permitted
10-30 23:35:49.590 19287 19287 E /system/bin/webview_zygote32: failed to make and chown /acct/uid_99030: Permission denied
10-30 23:35:49.590 19287 19287 E Zygote  : createProcessGroup(99030, 0) failed: Permission denied
10-30 23:35:49.590 19227 19227 W SystemServiceRegistry: No service published for: uimode
10-30 23:35:49.597   772  4540 I ActivityManager: Start proc 19287:com.android.chrome:sandboxed_process9/u0i30 for webview_service com.android.chrome/org.chromium.content.app.SandboxedProcessService9
10-30 23:35:49.610 19227 19227 I cr_ChildProcessService: Creating new ChildProcessService pid=19227
10-30 23:35:49.616 19243 19243 I cr_SplitCompatApp: Launched version=106.0.5249.79 minSdkVersion=24 isBundle=true processName=com.android.chrome:sandboxed_process6 isIsolated=true
10-30 23:35:49.619 19287 19287 I SamplingProfilerIntegration: Profiling disabled.
10-30 23:35:49.620 19300 19300 E asset   : setgid: Operation not permitted
10-30 23:35:49.622 18959 18959 I cr_tabmodel: Appending tabs being restored to metadata lists, 0, startingNormalCount: 1, startingIncognitoCount: 0
10-30 23:35:49.622 18959 18959 I cr_tabmodel: Serializing tab lists; counts: 1, 0
10-30 23:35:49.624 19215 19215 E WebViewFactory: can't load with relro file; address space not reserved
10-30 23:35:49.634 19243 19243 W SystemServiceRegistry: No service published for: uimode
10-30 23:35:49.634 19198 19262 I cr_LibraryLoader: Successfully loaded native library
10-30 23:35:49.636 19198 19262 I cr_CachingUmaRecorder: Flushed 3 samples from 3 histograms.
10-30 23:35:49.637 19183 19240 I cr_LibraryLoader: Successfully loaded native library
10-30 23:35:49.638 19183 19240 I cr_CachingUmaRecorder: Flushed 3 samples from 3 histograms.
10-30 23:35:49.639 19215 19286 I cr_LibraryLoader: Successfully loaded native library
10-30 23:35:49.639 19227 19227 E WebViewFactory: can't load with relro file; address space not reserved
10-30 23:35:49.639 19215 19286 I cr_CachingUmaRecorder: Flushed 3 samples from 3 histograms.
10-30 23:35:49.653 19301 19301 E asset   : setgid: Operation not permitted
10-30 23:35:49.656 19243 19243 I cr_ChildProcessService: Creating new ChildProcessService pid=19243
10-30 23:35:49.666 19227 19298 I cr_LibraryLoader: Successfully loaded native library
10-30 23:35:49.667 19227 19298 I cr_CachingUmaRecorder: Flushed 3 samples from 3 histograms.
10-30 23:35:49.667 19243 19243 E WebViewFactory: can't load with relro file; address space not reserved
10-30 23:35:49.687 19243 19309 I cr_LibraryLoader: Successfully loaded native library
10-30 23:35:49.691 19328 19328 E asset   : setgid: Operation not permitted
10-30 23:35:49.692 19243 19309 I cr_CachingUmaRecorder: Flushed 3 samples from 3 histograms.
10-30 23:35:49.696 19215 19286 I chromium: [INFO:child_process_service.cc(69)] ChildProcessService: Exiting child process.
10-30 23:35:49.698   422   422 E lowmemorykiller: Error writing /proc/19215/oom_score_adj; errno=22
10-30 23:35:49.699 19198 19262 I chromium: [INFO:child_process_service.cc(69)] ChildProcessService: Exiting child process.
10-30 23:35:49.699   772  4540 I ActivityManager: Killing 19215:com.android.chrome:sandboxed_process4/u0a60i25 (adj 0): isolated not needed
10-30 23:35:49.701   422   422 E lowmemorykiller: Error writing /proc/19198/oom_score_adj; errno=22
10-30 23:35:49.701   772   785 I ActivityManager: Killing 19198:com.android.chrome:sandboxed_process3/u0a60i24 (adj 0): isolated not needed
10-30 23:35:49.708 19257 19257 I cr_SplitCompatApp: Launched version=106.0.5249.79 minSdkVersion=24 isBundle=true processName=com.android.chrome:sandboxed_process7 isIsolated=true
10-30 23:35:49.709   772   790 W zygote64: failed to open /acct/uid_99025/pid_19215/cgroup.procs: No such file or directory
10-30 23:35:49.709   772   790 W zygote64: failed to open /acct/uid_99024/pid_19198/cgroup.procs: No such file or directory
10-30 23:35:49.722 19257 19257 W SystemServiceRegistry: No service published for: uimode
10-30 23:35:49.727 19271 19271 I cr_SplitCompatApp: Launched version=106.0.5249.79 minSdkVersion=24 isBundle=true processName=com.android.chrome:sandboxed_process8 isIsolated=true
