10-30 23:36:43.050   562 19050 D QSEECOMAPI: : QSEECom_get_handle sb_length = 0x19000
10-30 23:36:43.050   562 19050 D QSEECOMAPI: : App is not loaded in QSEE
10-30 23:36:43.062 19903 19903 I cr_SplitCompatApp: Launched version=106.0.5249.79 minSdkVersion=24 isBundle=true processName=com.android.chrome:sandboxed_process30 isIsolated=true
10-30 23:36:43.070 19903 19903 W SystemServiceRegistry: No service published for: uimode
10-30 23:36:43.079 19903 19903 I cr_ChildProcessService: Creating new ChildProcessService pid=19903
10-30 23:36:43.088 19903 19903 E WebViewFactory: can't load with relro file; address space not reserved
10-30 23:36:43.098   562 19050 D QSEECOMAPI: : Loaded image: APP id = 1499
10-30 23:36:43.102   562 19050 D QSAPPSVER: qsapps_get_capabilities: Capability from secure side: 0x0
10-30 23:36:43.102   562 19050 D QSAPPSVER: qsapps_get_capabilities: returns 0
10-30 23:36:43.102   562 19050 E DrmWidevineDash: sion_buffer g_wv_fhandle->ion_sbuffer  0x0xefc21000
10-30 23:36:43.106   372   376 D DrmLibTime: got the req here! ret=0
10-30 23:36:43.106   372   376 D DrmLibTime: command id, time_cmd_id = 770
10-30 23:36:43.106   372   376 D DrmLibTime: time_getutcsec starts!
10-30 23:36:43.106   372   376 D DrmLibTime: QSEE Time Listener: time_getutcsec
10-30 23:36:43.106   372   376 D DrmLibTime: QSEE Time Listener: get_utc_seconds
10-30 23:36:43.106   372   376 D DrmLibTime: QSEE Time Listener: time_get_modem_time
10-30 23:36:43.106   372   376 D DrmLibTime: QSEE Time Listener: Checking if ATS_MODEM is set or not.
10-30 23:36:43.106   372   376 D QC-time-services: Lib:time_genoff_operation: pargs->base = 13
10-30 23:36:43.106   372   376 D QC-time-services: Lib:time_genoff_operation: pargs->operation = 2
10-30 23:36:43.106   372   376 D QC-time-services: Lib:time_genoff_operation: pargs->ts_val = 0
10-30 23:36:43.107   372   376 D QC-time-services: Lib:time_genoff_operation: Send to server  passed!!
10-30 23:36:43.107   625   647 D QC-time-services: Daemon: Connection accepted:time_genoff
10-30 23:36:43.107   625 19922 D QC-time-services: Daemon:Received base = 13, unit = 1, operation = 2,value = 0
10-30 23:36:43.107   625 19922 D QC-time-services: Daemon:genoff_opr: Base = 13, val = 0, operation = 2
10-30 23:36:43.107   625 19922 D QC-time-services: offset is: 0 for base: 13
10-30 23:36:43.107   372   376 E QC-time-services: Receive Passed == base = 13, unit = 1, operation = 2, result = 0
10-30 23:36:43.107   372   376 D DrmLibTime: QSEE Time Listener: ATS_MODEM is not set. Fallback to Android system time.
10-30 23:36:43.107   372   376 D DrmLibTime: QSEE Time Listener: Retrieved Android system time: 1667169403
10-30 23:36:43.107   372   376 D DrmLibTime: time_getutcsec returns 0, sec = 1667169403; nsec = 0
10-30 23:36:43.107   372   376 D DrmLibTime: time_getutcsec finished! 
10-30 23:36:43.107   372   376 D DrmLibTime: iotcl_continue_command finished! and return 0 
10-30 23:36:43.107   372   376 D DrmLibTime: before calling ioctl to read the next time_cmd
10-30 23:36:43.108   625   647 E QC-time-services: Daemon: Time-services: Waiting to acceptconnection
10-30 23:36:43.114 19903 19921 I cr_LibraryLoader: Successfully loaded native library
10-30 23:36:43.115 19903 19921 I cr_CachingUmaRecorder: Flushed 3 samples from 3 histograms.
10-30 23:36:43.136   562 19050 D WVCdm   : OEMCrypto_Initialize Level 1 success. I will use level 1.
10-30 23:36:43.137   562 19050 D QSEECOMAPI: : QSEECom_dealloc_memory 
10-30 23:36:43.137   562 19050 D QSEECOMAPI: : QSEECom_shutdown_app, app_id = 1499
10-30 23:36:43.140 19925 19925 W ThreadPoolForeg: type=1400 audit(0.0:11700): avc: denied { setattr } for name="LICENSE.txt" dev="dm-2" ino=1505138 scontext=u:r:isolated_app:s0:c512,c768 tcontext=u:object_r:app_data_file:s0:c512,c768 tclass=file permissive=0
10-30 23:36:43.146 19925 19925 W ThreadPoolForeg: type=1400 audit(0.0:11701): avc: denied { setattr } for name=46696C746572696E672052756C6573 dev="dm-2" ino=1505139 scontext=u:r:isolated_app:s0:c512,c768 tcontext=u:object_r:app_data_file:s0:c512,c768 tclass=file permissive=0
10-30 23:36:43.146 19925 19925 W ThreadPoolForeg: type=1400 audit(0.0:11702): avc: denied { setattr } for name="manifest.json" dev="dm-2" ino=1505140 scontext=u:r:isolated_app:s0:c512,c768 tcontext=u:object_r:app_data_file:s0:c512,c768 tclass=file permissive=0
10-30 23:36:43.147   562  5487 I WVCdm   : CdmEngine::OpenSession
10-30 23:36:43.148   562  5487 I WVCdm   : Level3 Library 4445 May 19 2017 17:17:20
10-30 23:36:43.150 19925 19925 W ThreadPoolForeg: type=1400 audit(0.0:11703): avc: denied { setattr } for name="verified_contents.json" dev="dm-2" ino=1505142 scontext=u:r:isolated_app:s0:c512,c768 tcontext=u:object_r:app_data_file:s0:c512,c768 tclass=file permissive=0
10-30 23:36:43.152   562  5487 D QSEECOMAPI: : QSEECom_get_handle sb_length = 0x19000
10-30 23:36:43.152   562  5487 D QSEECOMAPI: : App is not loaded in QSEE
10-30 23:36:43.158 19903 19921 I chromium: [INFO:child_process_service.cc(69)] ChildProcessService: Exiting child process.
10-30 23:36:43.160   422   422 E lowmemorykiller: Error writing /proc/19903/oom_score_adj; errno=22
10-30 23:36:43.160   772  4540 I ActivityManager: Killing 19903:com.android.chrome:sandboxed_process30/u0a60i51 (adj 0): isolated not needed
10-30 23:36:43.161   772   790 W zygote64: failed to open /acct/uid_99051/pid_19903/cgroup.procs: No such file or directory
10-30 23:36:43.198   562  5487 D QSEECOMAPI: : Loaded image: APP id = 1500
10-30 23:36:43.201   562  5487 D QSAPPSVER: qsapps_get_capabilities: Capability from secure side: 0x0
10-30 23:36:43.201   562  5487 D QSAPPSVER: qsapps_get_capabilities: returns 0
10-30 23:36:43.201   562  5487 E DrmWidevineDash: sion_buffer g_wv_fhandle->ion_sbuffer  0x0xefc21000
10-30 23:36:43.205   372   376 D DrmLibTime: got the req here! ret=0
10-30 23:36:43.205   372   376 D DrmLibTime: command id, time_cmd_id = 770
10-30 23:36:43.205   372   376 D DrmLibTime: time_getutcsec starts!
10-30 23:36:43.205   372   376 D DrmLibTime: QSEE Time Listener: time_getutcsec
10-30 23:36:43.205   372   376 D DrmLibTime: QSEE Time Listener: get_utc_seconds
10-30 23:36:43.205   372   376 D DrmLibTime: QSEE Time Listener: time_get_modem_time
10-30 23:36:43.205   372   376 D DrmLibTime: QSEE Time Listener: Checking if ATS_MODEM is set or not.
10-30 23:36:43.205   372   376 D QC-time-services: Lib:time_genoff_operation: pargs->base = 13
10-30 23:36:43.205   372   376 D QC-time-services: Lib:time_genoff_operation: pargs->operation = 2
10-30 23:36:43.205   372   376 D QC-time-services: Lib:time_genoff_operation: pargs->ts_val = 0
10-30 23:36:43.205   372   376 D QC-time-services: Lib:time_genoff_operation: Send to server  passed!!
10-30 23:36:43.205   625   647 D QC-time-services: Daemon: Connection accepted:time_genoff
10-30 23:36:43.206   625 19929 D QC-time-services: Daemon:Received base = 13, unit = 1, operation = 2,value = 0
10-30 23:36:43.206   625 19929 D QC-time-services: Daemon:genoff_opr: Base = 13, val = 0, operation = 2
10-30 23:36:43.206   625 19929 D QC-time-services: offset is: 0 for base: 13
10-30 23:36:43.206   372   376 E QC-time-services: Receive Passed == base = 13, unit = 1, operation = 2, result = 0
10-30 23:36:43.206   372   376 D DrmLibTime: QSEE Time Listener: ATS_MODEM is not set. Fallback to Android system time.
10-30 23:36:43.206   372   376 D DrmLibTime: QSEE Time Listener: Retrieved Android system time: 1667169403
10-30 23:36:43.206   372   376 D DrmLibTime: time_getutcsec returns 0, sec = 1667169403; nsec = 0
10-30 23:36:43.206   372   376 D DrmLibTime: time_getutcsec finished! 
10-30 23:36:43.206   372   376 D DrmLibTime: iotcl_continue_command finished! and return 0 
10-30 23:36:43.206   372   376 D DrmLibTime: before calling ioctl to read the next time_cmd
10-30 23:36:43.206   625   647 E QC-time-services: Daemon: Time-services: Waiting to acceptconnection
10-30 23:36:43.234   562  5487 D WVCdm   : OEMCrypto_Initialize Level 1 success. I will use level 1.
10-30 23:36:43.235   562  5487 D WVCdm   : CryptoSession::Open: Lock: requested_security_level: Default
10-30 23:36:43.238   562  5487 W WVCdm   : DeviceFiles::RetrieveHashedFile: /data/mediadrm/IDM1013/L1/cert.bin does not exist
10-30 23:36:43.239   562  5487 D QSEECOMAPI: : QSEECom_dealloc_memory 
10-30 23:36:43.240   562  5487 D QSEECOMAPI: : QSEECom_shutdown_app, app_id = 1500
10-30 23:36:43.247   562   644 I WVCdm   : Level3 Library 4445 May 19 2017 17:17:20
10-30 23:36:43.252   562   644 D QSEECOMAPI: : QSEECom_get_handle sb_length = 0x19000
10-30 23:36:43.252   562   644 D QSEECOMAPI: : App is not loaded in QSEE
10-30 23:36:43.296   562   644 D QSEECOMAPI: : Loaded image: APP id = 1501
10-30 23:36:43.299   562   644 D QSAPPSVER: qsapps_get_capabilities: Capability from secure side: 0x0
10-30 23:36:43.300   562   644 D QSAPPSVER: qsapps_get_capabilities: returns 0
10-30 23:36:43.300   562   644 E DrmWidevineDash: sion_buffer g_wv_fhandle->ion_sbuffer  0x0xefc21000
10-30 23:36:43.303   372   376 D DrmLibTime: got the req here! ret=0
10-30 23:36:43.303   372   376 D DrmLibTime: command id, time_cmd_id = 770
10-30 23:36:43.303   372   376 D DrmLibTime: time_getutcsec starts!
10-30 23:36:43.304   372   376 D DrmLibTime: QSEE Time Listener: time_getutcsec
10-30 23:36:43.304   372   376 D DrmLibTime: QSEE Time Listener: get_utc_seconds
10-30 23:36:43.304   372   376 D DrmLibTime: QSEE Time Listener: time_get_modem_time
10-30 23:36:43.304   372   376 D DrmLibTime: QSEE Time Listener: Checking if ATS_MODEM is set or not.
10-30 23:36:43.304   372   376 D QC-time-services: Lib:time_genoff_operation: pargs->base = 13
10-30 23:36:43.304   372   376 D QC-time-services: Lib:time_genoff_operation: pargs->operation = 2
10-30 23:36:43.304   372   376 D QC-time-services: Lib:time_genoff_operation: pargs->ts_val = 0
10-30 23:36:43.304   372   376 D QC-time-services: Lib:time_genoff_operation: Send to server  passed!!
10-30 23:36:43.304   625   647 D QC-time-services: Daemon: Connection accepted:time_genoff
10-30 23:36:43.305   625 19930 D QC-time-services: Daemon:Received base = 13, unit = 1, operation = 2,value = 0
10-30 23:36:43.305   625 19930 D QC-time-services: Daemon:genoff_opr: Base = 13, val = 0, operation = 2
10-30 23:36:43.305   625 19930 D QC-time-services: offset is: 0 for base: 13
10-30 23:36:43.305   372   376 E QC-time-services: Receive Passed == base = 13, unit = 1, operation = 2, result = 0
10-30 23:36:43.305   372   376 D DrmLibTime: QSEE Time Listener: ATS_MODEM is not set. Fallback to Android system time.
10-30 23:36:43.306   372   376 D DrmLibTime: QSEE Time Listener: Retrieved Android system time: 1667169403
10-30 23:36:43.306   372   376 D DrmLibTime: time_getutcsec returns 0, sec = 1667169403; nsec = 0
10-30 23:36:43.306   372   376 D DrmLibTime: time_getutcsec finished! 
10-30 23:36:43.306   372   376 D DrmLibTime: iotcl_continue_command finished! and return 0 
10-30 23:36:43.306   372   376 D DrmLibTime: before calling ioctl to read the next time_cmd
10-30 23:36:43.306   625   647 E QC-time-services: Daemon: Time-services: Waiting to acceptconnection
10-30 23:36:43.336   562   644 D WVCdm   : OEMCrypto_Initialize Level 1 success. I will use level 1.
10-30 23:36:43.336   562   644 D WVCdm   : CryptoSession::Open: Lock: requested_security_level: Default
10-30 23:36:43.422   562   644 E DrmWidevineDash: OEMCrypto_GenerateSignature : input wrapped_rsa_key == NULL!, return short buffer
10-30 23:36:43.424 18959 18959 I cr_media: Provisioning origin ID A950A11120AD00EFBECF782BE22691B7
10-30 23:36:43.427 18959 18959 W chromium: [WARNING:compositor_view.cc(342)] Child process died (type=6) pid=19903)
10-30 23:36:43.430 18959 18959 I MediaDrm: Drm event (1,0)
10-30 23:36:43.430 18959 18959 E cr_media: EventListener: No session for event 1.
10-30 23:36:43.466   562 28303 E DrmWidevineDash: OEMCrypto_RewrapDeviceRSAKey : input wrapped_rsa_key == NULL!, return short buffer
10-30 23:36:43.484   562 28303 D QSEECOMAPI: : QSEECom_dealloc_memory 
10-30 23:36:43.484   562 28303 D QSEECOMAPI: : QSEECom_shutdown_app, app_id = 1501
10-30 23:36:44.849 19931 19931 E /system/bin/webview_zygote32: failed to make and chown /acct/uid_99052: Permission denied
10-30 23:36:44.849 19931 19931 E Zygote  : createProcessGroup(99052, 0) failed: Permission denied
10-30 23:36:44.850   772 13071 I ActivityManager: Start proc 19931:com.android.chrome:sandboxed_process31/u0i52 for webview_service com.android.chrome/org.chromium.content.app.SandboxedProcessService31
10-30 23:36:44.867 19931 19931 I SamplingProfilerIntegration: Profiling disabled.
10-30 23:36:44.885 19944 19944 E asset   : setgid: Operation not permitted
10-30 23:36:44.921 19931 19931 I cr_SplitCompatApp: Launched version=106.0.5249.79 minSdkVersion=24 isBundle=true processName=com.android.chrome:sandboxed_process31 isIsolated=true
10-30 23:36:44.927 19931 19931 W SystemServiceRegistry: No service published for: uimode
10-30 23:36:44.937 19931 19931 I cr_ChildProcessService: Creating new ChildProcessService pid=19931
10-30 23:36:44.948 19931 19931 E WebViewFactory: can't load with relro file; address space not reserved
10-30 23:36:44.958 19931 19945 I cr_LibraryLoader: Successfully loaded native library
10-30 23:36:44.959 19931 19945 I cr_CachingUmaRecorder: Flushed 3 samples from 3 histograms.
10-30 23:36:45.023 19950 19950 W ThreadPoolForeg: type=1400 audit(0.0:11704): avc: denied { setattr } for name="tl_en-us_2022-10-24_484508980_100000_index.bin" dev="dm-2" ino=1505149 scontext=u:r:isolated_app:s0:c512,c768 tcontext=u:object_r:app_data_file:s0:c512,c768 tclass=file permissive=0
10-30 23:36:45.026 19950 19950 W ThreadPoolForeg: type=1400 audit(0.0:11705): avc: denied { setattr } for name="manifest.json" dev="dm-2" ino=1505150 scontext=u:r:isolated_app:s0:c512,c768 tcontext=u:object_r:app_data_file:s0:c512,c768 tclass=file permissive=0
10-30 23:36:45.033 19950 19950 W ThreadPoolForeg: type=1400 audit(0.0:11706): avc: denied { setattr } for name="verified_contents.json" dev="dm-2" ino=1505152 scontext=u:r:isolated_app:s0:c512,c768 tcontext=u:object_r:app_data_file:s0:c512,c768 tclass=file permissive=0
10-30 23:36:45.043 19931 19945 I chromium: [INFO:child_process_service.cc(69)] ChildProcessService: Exiting child process.
10-30 23:36:45.047   422   422 E lowmemorykiller: Error writing /proc/19931/oom_score_adj; errno=22
10-30 23:36:45.047   772 13071 I ActivityManager: Killing 19931:com.android.chrome:sandboxed_process31/u0a60i52 (adj 0): isolated not needed
10-30 23:36:45.048   772   790 W zygote64: failed to open /acct/uid_99052/pid_19931/cgroup.procs: No such file or directory
10-30 23:36:45.073 18959 18959 W chromium: [WARNING:compositor_view.cc(342)] Child process died (type=6) pid=19931)
10-30 23:36:46.710 19952 19952 E /system/bin/webview_zygote32: failed to make and chown /acct/uid_99053: Permission denied
10-30 23:36:46.710 19952 19952 E Zygote  : createProcessGroup(99053, 0) failed: Permission denied
10-30 23:36:46.713   772   784 I ActivityManager: Start proc 19952:com.android.chrome:sandboxed_process32/u0i53 for webview_service com.android.chrome/org.chromium.content.app.SandboxedProcessService32
10-30 23:36:46.736 19952 19952 I SamplingProfilerIntegration: Profiling disabled.
10-30 23:36:46.762 19965 19965 E asset   : setgid: Operation not permitted
10-30 23:36:46.797 19952 19952 I cr_SplitCompatApp: Launched version=106.0.5249.79 minSdkVersion=24 isBundle=true processName=com.android.chrome:sandboxed_process32 isIsolated=true
10-30 23:36:46.803 19952 19952 W SystemServiceRegistry: No service published for: uimode
10-30 23:36:46.814 19952 19952 I cr_ChildProcessService: Creating new ChildProcessService pid=19952
10-30 23:36:46.822 19952 19952 E WebViewFactory: can't load with relro file; address space not reserved
10-30 23:36:46.834 19952 19966 I cr_LibraryLoader: Successfully loaded native library
10-30 23:36:46.835 19952 19966 I cr_CachingUmaRecorder: Flushed 3 samples from 3 histograms.
10-30 23:36:46.873 19970 19970 W ThreadPoolForeg: type=1400 audit(0.0:11707): avc: denied { setattr } for name="optimization-hints.pb" dev="dm-2" ino=1505155 scontext=u:r:isolated_app:s0:c512,c768 tcontext=u:object_r:app_data_file:s0:c512,c768 tclass=file permissive=0
10-30 23:36:46.873 19970 19970 W ThreadPoolForeg: type=1400 audit(0.0:11708): avc: denied { setattr } for name="manifest.json" dev="dm-2" ino=1505156 scontext=u:r:isolated_app:s0:c512,c768 tcontext=u:object_r:app_data_file:s0:c512,c768 tclass=file permissive=0
10-30 23:36:46.876 19970 19970 W ThreadPoolForeg: type=1400 audit(0.0:11709): avc: denied { setattr } for name="verified_contents.json" dev="dm-2" ino=1505158 scontext=u:r:isolated_app:s0:c512,c768 tcontext=u:object_r:app_data_file:s0:c512,c768 tclass=file permissive=0
10-30 23:36:46.888 19952 19966 I chromium: [INFO:child_process_service.cc(69)] ChildProcessService: Exiting child process.
10-30 23:36:46.891   422   422 E lowmemorykiller: Error writing /proc/19952/oom_score_adj; errno=22
10-30 23:36:46.892   772   784 I ActivityManager: Killing 19952:com.android.chrome:sandboxed_process32/u0a60i53 (adj 0): isolated not needed
10-30 23:36:46.893   772   790 W zygote64: failed to open /acct/uid_99053/pid_19952/cgroup.procs: No such file or directory
10-30 23:36:46.902 18959 18959 W chromium: [WARNING:compositor_view.cc(342)] Child process died (type=6) pid=19952)
10-30 23:36:48.925 19973 19973 E /system/bin/webview_zygote32: failed to make and chown /acct/uid_99054: Permission denied
10-30 23:36:48.926 19973 19973 E Zygote  : createProcessGroup(99054, 0) failed: Permission denied
10-30 23:36:48.930   772   996 I ActivityManager: Start proc 19973:com.android.chrome:sandboxed_process33/u0i54 for webview_service com.android.chrome/org.chromium.content.app.SandboxedProcessService33
10-30 23:36:48.956 19973 19973 I SamplingProfilerIntegration: Profiling disabled.
10-30 23:36:48.984 19986 19986 E asset   : setgid: Operation not permitted
10-30 23:36:49.025 19973 19973 I cr_SplitCompatApp: Launched version=106.0.5249.79 minSdkVersion=24 isBundle=true processName=com.android.chrome:sandboxed_process33 isIsolated=true
10-30 23:36:49.032 19973 19973 W SystemServiceRegistry: No service published for: uimode
10-30 23:36:49.043 19973 19973 I cr_ChildProcessService: Creating new ChildProcessService pid=19973
10-30 23:36:49.054 19973 19973 E WebViewFactory: can't load with relro file; address space not reserved
10-30 23:36:49.066 19973 19987 I cr_LibraryLoader: Successfully loaded native library
10-30 23:36:49.067 19973 19987 I cr_CachingUmaRecorder: Flushed 3 samples from 3 histograms.
10-30 23:36:49.093 19991 19991 W ThreadPoolForeg: type=1400 audit(0.0:11710): avc: denied { setattr } for name="ssl_error_assistant.pb" dev="dm-2" ino=1505161 scontext=u:r:isolated_app:s0:c512,c768 tcontext=u:object_r:app_data_file:s0:c512,c768 tclass=file permissive=0
10-30 23:36:49.093 19991 19991 W ThreadPoolForeg: type=1400 audit(0.0:11711): avc: denied { setattr } for name="ssl_error_assistant.pb" dev="dm-2" ino=1505161 scontext=u:r:isolated_app:s0:c512,c768 tcontext=u:object_r:app_data_file:s0:c512,c768 tclass=file permissive=0
10-30 23:36:49.096 19991 19991 W ThreadPoolForeg: type=1400 audit(0.0:11712): avc: denied { setattr } for name="manifest.json" dev="dm-2" ino=1505162 scontext=u:r:isolated_app:s0:c512,c768 tcontext=u:object_r:app_data_file:s0:c512,c768 tclass=file permissive=0
10-30 23:36:49.100 19991 19991 W ThreadPoolForeg: type=1400 audit(0.0:11713): avc: denied { setattr } for name="verified_contents.json" dev="dm-2" ino=1505164 scontext=u:r:isolated_app:s0:c512,c768 tcontext=u:object_r:app_data_file:s0:c512,c768 tclass=file permissive=0
10-30 23:36:49.110 19973 19987 I chromium: [INFO:child_process_service.cc(69)] ChildProcessService: Exiting child process.
10-30 23:36:49.113   422   422 E lowmemorykiller: Error writing /proc/19973/oom_score_adj; errno=22
10-30 23:36:49.113   772   996 I ActivityManager: Killing 19973:com.android.chrome:sandboxed_process33/u0a60i54 (adj 0): isolated not needed
10-30 23:36:49.114   772   790 W zygote64: failed to open /acct/uid_99054/pid_19973/cgroup.procs: No such file or directory
10-30 23:36:49.127 18959 18959 W chromium: [WARNING:compositor_view.cc(342)] Child process died (type=6) pid=19973)
10-30 23:36:51.436 19994 19994 E /system/bin/webview_zygote32: failed to make and chown /acct/uid_99055: Permission denied
10-30 23:36:51.436 19994 19994 E Zygote  : createProcessGroup(99055, 0) failed: Permission denied
10-30 23:36:51.438   772  1327 I ActivityManager: Start proc 19994:com.android.chrome:sandboxed_process34/u0i55 for webview_service com.android.chrome/org.chromium.content.app.SandboxedProcessService34
10-30 23:36:51.461 19994 19994 I SamplingProfilerIntegration: Profiling disabled.
10-30 23:36:51.485 20007 20007 E asset   : setgid: Operation not permitted
10-30 23:36:51.522 19994 19994 I cr_SplitCompatApp: Launched version=106.0.5249.79 minSdkVersion=24 isBundle=true processName=com.android.chrome:sandboxed_process34 isIsolated=true
10-30 23:36:51.528 19994 19994 W SystemServiceRegistry: No service published for: uimode
10-30 23:36:51.539 19994 19994 I cr_ChildProcessService: Creating new ChildProcessService pid=19994
10-30 23:36:51.547 19994 19994 E WebViewFactory: can't load with relro file; address space not reserved
10-30 23:36:51.557 19994 20009 I cr_LibraryLoader: Successfully loaded native library
10-30 23:36:51.558 19994 20009 I cr_CachingUmaRecorder: Flushed 3 samples from 3 histograms.
10-30 23:36:51.590 20013 20013 W ThreadPoolForeg: type=1400 audit(0.0:11714): avc: denied { setattr } for name="download_file_types.pb" dev="dm-2" ino=1505167 scontext=u:r:isolated_app:s0:c512,c768 tcontext=u:object_r:app_data_file:s0:c512,c768 tclass=file permissive=0
10-30 23:36:51.590 20013 20013 W ThreadPoolForeg: type=1400 audit(0.0:11715): avc: denied { setattr } for name="download_file_types.pb" dev="dm-2" ino=1505167 scontext=u:r:isolated_app:s0:c512,c768 tcontext=u:object_r:app_data_file:s0:c512,c768 tclass=file permissive=0
10-30 23:36:51.590 20013 20013 W ThreadPoolForeg: type=1400 audit(0.0:11716): avc: denied { setattr } for name="manifest.json" dev="dm-2" ino=1505168 scontext=u:r:isolated_app:s0:c512,c768 tcontext=u:object_r:app_data_file:s0:c512,c768 tclass=file permissive=0
10-30 23:36:51.593 20013 20013 W ThreadPoolForeg: type=1400 audit(0.0:11717): avc: denied { setattr } for name="verified_contents.json" dev="dm-2" ino=1505170 scontext=u:r:isolated_app:s0:c512,c768 tcontext=u:object_r:app_data_file:s0:c512,c768 tclass=file permissive=0
10-30 23:36:51.602 19994 20009 I chromium: [INFO:child_process_service.cc(69)] ChildProcessService: Exiting child process.
10-30 23:36:51.604   422   422 E lowmemorykiller: Error writing /proc/19994/oom_score_adj; errno=22
10-30 23:36:51.605   772 13022 I ActivityManager: Killing 19994:com.android.chrome:sandboxed_process34/u0a60i55 (adj 0): isolated not needed
10-30 23:36:51.608   772   790 W zygote64: failed to open /acct/uid_99055/pid_19994/cgroup.procs: No such file or directory
10-30 23:36:51.624 18959 18959 W chromium: [WARNING:compositor_view.cc(342)] Child process died (type=6) pid=19994)
10-30 23:36:54.254 20016 20016 E /system/bin/webview_zygote32: failed to make and chown /acct/uid_99056: Permission denied
10-30 23:36:54.254 20016 20016 E Zygote  : createProcessGroup(99056, 0) failed: Permission denied
10-30 23:36:54.256   772 13021 I ActivityManager: Start proc 20016:com.android.chrome:sandboxed_process35/u0i56 for webview_service com.android.chrome/org.chromium.content.app.SandboxedProcessService35
10-30 23:36:54.288 20016 20016 I SamplingProfilerIntegration: Profiling disabled.
10-30 23:36:54.318 20029 20029 E asset   : setgid: Operation not permitted
10-30 23:36:54.361 20016 20016 I cr_SplitCompatApp: Launched version=106.0.5249.79 minSdkVersion=24 isBundle=true processName=com.android.chrome:sandboxed_process35 isIsolated=true
10-30 23:36:54.368 20016 20016 W SystemServiceRegistry: No service published for: uimode
10-30 23:36:54.380 20016 20016 I cr_ChildProcessService: Creating new ChildProcessService pid=20016
10-30 23:36:54.390 20016 20016 E WebViewFactory: can't load with relro file; address space not reserved
10-30 23:36:54.403 20016 20030 I cr_LibraryLoader: Successfully loaded native library
10-30 23:36:54.404 20016 20030 I cr_CachingUmaRecorder: Flushed 3 samples from 3 histograms.
10-30 23:36:54.436 20034 20034 W ThreadPoolForeg: type=1400 audit(0.0:11718): avc: denied { setattr } for name="crl-set" dev="dm-2" ino=1505173 scontext=u:r:isolated_app:s0:c512,c768 tcontext=u:object_r:app_data_file:s0:c512,c768 tclass=file permissive=0
10-30 23:36:54.440 20034 20034 W ThreadPoolForeg: type=1400 audit(0.0:11719): avc: denied { setattr } for name="manifest.json" dev="dm-2" ino=1505174 scontext=u:r:isolated_app:s0:c512,c768 tcontext=u:object_r:app_data_file:s0:c512,c768 tclass=file permissive=0
10-30 23:36:54.440 20034 20034 W ThreadPoolForeg: type=1400 audit(0.0:11720): avc: denied { setattr } for name="LICENSE" dev="dm-2" ino=1505175 scontext=u:r:isolated_app:s0:c512,c768 tcontext=u:object_r:app_data_file:s0:c512,c768 tclass=file permissive=0
10-30 23:36:54.443 20034 20034 W ThreadPoolForeg: type=1400 audit(0.0:11721): avc: denied { setattr } for name="verified_contents.json" dev="dm-2" ino=1505177 scontext=u:r:isolated_app:s0:c512,c768 tcontext=u:object_r:app_data_file:s0:c512,c768 tclass=file permissive=0
10-30 23:36:54.454 20016 20030 I chromium: [INFO:child_process_service.cc(69)] ChildProcessService: Exiting child process.
10-30 23:36:54.456   422   422 E lowmemorykiller: Error writing /proc/20016/oom_score_adj; errno=22
10-30 23:36:54.457   772 13021 I ActivityManager: Killing 20016:com.android.chrome:sandboxed_process35/u0a60i56 (adj 0): isolated not needed
10-30 23:36:54.460   772   790 W zygote64: failed to open /acct/uid_99056/pid_20016/cgroup.procs: No such file or directory
10-30 23:36:54.475 18959 18959 W chromium: [WARNING:compositor_view.cc(342)] Child process died (type=6) pid=20016)
10-30 23:36:56.071   772  3854 I ActivityManager: Force stopping com.android.chrome appid=10060 user=0: from pid 20047
10-30 23:36:56.071   772  3854 I ActivityManager: Killing 19038:com.android.chrome:privileged_process0/u0a60 (adj 0): stop com.android.chrome
10-30 23:36:56.072   772  3854 W ActivityManager: Scheduling restart of crashed service com.android.chrome/org.chromium.content.app.PrivilegedProcessService0 in 1000ms
10-30 23:36:56.074   772  3854 I ActivityManager: Killing 18959:com.android.chrome/u0a60 (adj 0): stop com.android.chrome
10-30 23:36:56.079   772  3854 W ActivityManager: Force removing ActivityRecord{43da20a u0 com.android.chrome/com.google.android.apps.chrome.Main t649}: app died, no saved state
10-30 23:36:56.079 13542 13542 D BoundBrokerSvc: onUnbind: Intent { act=com.google.android.gms.auth.key.retrieval.service.START dat=chimera-action:com.google.android.gms.auth.key.retrieval.service.START cmp=com.google.android.gms/.chimera.GmsApiService }
10-30 23:36:56.080 19002 19002 I cr_ChildProcessService: Destroying ChildProcessService pid=19002
10-30 23:36:56.084 19532 19532 I cr_ChildProcessService: Destroying ChildProcessService pid=19532
10-30 23:36:56.084   772  3854 I WindowManager: Failed to capture screenshot of Token{3593a7b ActivityRecord{43da20a u0 com.android.chrome/com.google.android.apps.chrome.Main t649 f}} appWin=Window{b297047 u0 com.android.chrome/com.google.android.apps.chrome.Main} drawState=4
10-30 23:36:56.092   772  3854 I ActivityManager: Killing 19532:com.android.chrome:sandboxed_process17/u0a60i38 (adj 0): isolated not needed
10-30 23:36:56.092   772  3854 I ActivityManager: Killing 19002:com.android.chrome:sandboxed_process0/u0a60i21 (adj 0): isolated not needed
10-30 23:36:56.095 15052 15052 I MemoryTrimmer: Trimming objects from memory, since app is in the background.
10-30 23:36:56.109  1311  1311 D CarrierSvcBindHelper: No carrier app for: 0
10-30 23:36:56.127  2964  2964 D RegisteredNfcFServicesCache: Service unchanged, not updating
10-30 23:36:56.128 13325 13387 I Adreno  : QUALCOMM build                   : 7142022, Ib5823dd10c
10-30 23:36:56.128 13325 13387 I Adreno  : Build Date                       : 06/23/17
10-30 23:36:56.128 13325 13387 I Adreno  : OpenGL ES Shader Compiler Version: EV031.18.00.00
10-30 23:36:56.128 13325 13387 I Adreno  : Local Branch                     : O11A
10-30 23:36:56.128 13325 13387 I Adreno  : Remote Branch                    : 
10-30 23:36:56.128 13325 13387 I Adreno  : Remote Branch                    : 
10-30 23:36:56.128 13325 13387 I Adreno  : Reconstruct Branch               : 
10-30 23:36:56.130 13325 13387 I vndksupport: sphal namespace is not configured for this process. Loading /vendor/lib64/hw/gralloc.msm8992.so from the current namespace instead.
10-30 23:36:56.136 13325 13387 I Adreno  : PFP: 0x00000000, ME: 0x00000000
10-30 23:36:56.139 13325 13387 I OpenGLRenderer: Initialized EGL, version 1.4
10-30 23:36:56.139 13325 13387 D OpenGLRenderer: Swap behavior 2
10-30 23:36:56.178   772 10893 W ActivityManager: Unable to start service Intent { act=com.google.android.gms.speech.service.START pkg=com.google.android.gms } U=0: not found
10-30 23:36:56.179   772  1324 W ActivityManager: Unbind failed: could not find connection for android.os.BinderProxy@3128801
10-30 23:36:56.180 15052 15226 E GmsClient: unable to connect to service: com.google.android.gms.speech.service.START on com.google.android.gms
10-30 23:36:56.198   772   784 D ConnectivityService: ConnectivityService NetworkRequestInfo binderDied(NetworkRequest [ LISTEN id=1555, [ Capabilities: INTERNET&NOT_RESTRICTED&TRUSTED&FOREGROUND] ], android.os.BinderProxy@ee878e7)
10-30 23:36:56.198   772 10893 D ConnectivityService: ConnectivityService NetworkRequestInfo binderDied(NetworkRequest [ LISTEN id=1554, [ Capabilities: INTERNET&NOT_RESTRICTED&TRUSTED&FOREGROUND] ], android.os.BinderProxy@61a66a6)
10-30 23:36:56.198   772  2970 D ConnectivityService: ConnectivityService NetworkRequestInfo binderDied(NetworkRequest [ LISTEN id=1556, [ Capabilities: INTERNET&NOT_RESTRICTED&TRUSTED&FOREGROUND] ], android.os.BinderProxy@77c0c94)
10-30 23:36:56.199   772   797 W ActivityManager: setHasOverlayUi called on unknown pid: 18959
10-30 23:36:56.199   772   862 E ConnectivityService: RemoteException caught trying to send a callback msg for NetworkRequest [ LISTEN id=1555, [ Capabilities: INTERNET&NOT_RESTRICTED&TRUSTED&FOREGROUND] ]
10-30 23:36:56.200   772   862 E ConnectivityService: RemoteException caught trying to send a callback msg for NetworkRequest [ LISTEN id=1556, [ Capabilities: INTERNET&NOT_RESTRICTED&TRUSTED&FOREGROUND] ]
10-30 23:36:56.201   772   862 E ConnectivityService: RemoteException caught trying to send a callback msg for NetworkRequest [ LISTEN id=1554, [ Capabilities: INTERNET&NOT_RESTRICTED&TRUSTED&FOREGROUND] ]
10-30 23:36:56.204 15052 15064 W SessionLifecycleManager: Handover failed. Creating new session controller.
10-30 23:36:56.209 15052 15052 I OptInState: There is a new client and it does not support opt-in. Dropping request.
10-30 23:36:56.230 15052 15052 I MicroDetectionWorker: #updateMicroDetector [detectionMode: [mDetectionMode: [1]]]
10-30 23:36:56.230 15052 15052 I MicroDetectionWorker: #startMicroDetector [speakerMode: 0]
10-30 23:36:56.233 15052 15052 I MicroDetectionWorker: onReady
10-30 23:36:56.244 15052 15076 I MicroRecognitionRunner: Starting detection.
10-30 23:36:56.244 15052 18998 I MicrophoneInputStream: mic_starting com.google.android.apps.gsa.speech.audio.af@caf883b
10-30 23:36:56.245   556   688 W DeviceHAL: Device 0xefa2d000 open_input_stream: Invalid argument
10-30 23:36:56.247   772   790 W zygote64: failed to open /acct/uid_99038/pid_19532/cgroup.procs: No such file or directory
10-30 23:36:56.247   772   790 W zygote64: failed to open /acct/uid_99021/pid_19002/cgroup.procs: No such file or directory
10-30 23:36:56.249   556 20061 I AudioFlinger: AudioFlinger's thread 0xec6032c0 tid=20061 ready to run
10-30 23:36:56.257   556   753 I SoundTriggerHwService::Module: onCallbackEvent no clients
10-30 23:36:56.257 15052 18998 I MicrophoneInputStream: mic_started com.google.android.apps.gsa.speech.audio.af@caf883b
10-30 23:36:56.260   556 20062 D sound_trigger_platform: platform_stdev_check_and_update_concurrency: concurrency active 0, tx 1, rx 0, concurrency session_allowed 0
10-30 23:36:56.260   556 20062 D audio_hw_primary: enable_snd_device: snd_device(72: voice-rec-mic)
10-30 23:36:56.267   556 20062 D audio_hw_primary: enable_audio_route: usecase(9) apply and update mixer path: audio-record
10-30 23:36:56.287 15052 15063 I zygote64: Background concurrent copying GC freed 8826(557KB) AllocSpace objects, 7(188KB) LOS objects, 49% free, 2MB/4MB, paused 5.216ms total 53.614ms
10-30 23:36:56.330 15052 15052 I MicroDetectionWorker: onReady
10-30 23:36:56.629 20051 20051 D AndroidRuntime: >>>>>> START com.android.internal.os.RuntimeInit uid 2000 <<<<<<
10-30 23:36:56.672 13325 13387 W OpenGLRenderer: Incorrectly called buildLayer on View: ShortcutAndWidgetContainer, destroying layer...
10-30 23:36:56.818 20051 20051 D AndroidRuntime: Calling main entry com.android.commands.pm.Pm
10-30 23:36:56.844   772  3037 I ActivityManager: Force stopping com.android.chrome appid=10060 user=0: clear data
10-30 23:36:56.846   772   788 I ActivityManager: Force stopping com.android.chrome appid=10060 user=-1: clearApplicationUserData
10-30 23:36:56.966   560   560 I keystore: clear_uid 10060
10-30 23:36:56.991  1311  1311 D CarrierSvcBindHelper: No carrier app for: 0
10-30 23:36:56.998 20051 20051 I app_process: System.exit called, status: 0
10-30 23:36:56.998 20051 20051 I AndroidRuntime: VM exiting with result code 0.
10-30 23:36:57.000   772   787 W ResourceType: No known package when getting value for resource number 0x7f0904db
10-30 23:36:57.000   772   787 W ResourceType: No known package when getting value for resource number 0x7f140670
10-30 23:36:57.001   772   787 W ResourceType: No known package when getting value for resource number 0x7f0904da
10-30 23:36:57.001   772   787 W ResourceType: No known package when getting value for resource number 0x7f14018b
10-30 23:36:57.001   772   787 W ResourceType: No known package when getting value for resource number 0x7f14066f
10-30 23:36:57.001   772   787 W ResourceType: No known package when getting value for resource number 0x7f140434
10-30 23:36:57.001   772   787 E ShortcutService: Ignoring excessive intent tag.
10-30 23:36:57.017  2964  2964 D RegisteredNfcFServicesCache: Service unchanged, not updating
10-30 23:36:57.032  3960 20077 I Fitness : FitCleanupIntentOperation received Intent android.intent.action.PACKAGE_DATA_CLEARED [CONTEXT service_id=17 ]
10-30 23:36:57.068 13542 10544 I Icing   : doRemovePackageData com.android.chrome
10-30 23:36:57.069 13542 10544 I Icing   : Removing corpus key com.android.chrome-omnibox for package com.android.chrome
10-30 23:36:57.086 13542 10544 I native  : I0000 00:00:1667169417.086647   10544 flash-index.cc:1535] Flash index sort hb 11 prefix-hits 22 -> 21 at 8.800ms
10-30 23:36:57.167 13542 10544 I Icing   : Removing corpus key com.android.chrome-.implicit: for package com.android.chrome
10-30 23:36:57.310 13542 10544 I Icing   : Starting compaction min disk 99.985% min index 99.987%
10-30 23:36:57.357   772  1259 I ActivityManager: Force stopping com.android.chrome appid=10060 user=0: from pid 20101
10-30 23:36:57.361  1311  1311 D CarrierSvcBindHelper: No carrier app for: 0
10-30 23:36:57.371  2964  2964 D RegisteredNfcFServicesCache: Service unchanged, not updating
10-30 23:36:57.457 13542 10544 I native  : I0000 00:00:1667169417.457304   10544 document-store.cc:1684] Scored 745 usage reports, missing_corpora 276 update_failed 0
10-30 23:36:57.565 13542 10544 W native  : W0000 00:00:1667169417.565172   10544 words-map.cc:36] INVALID_ARGUMENT: Empty URI
10-30 23:36:57.565 13542 10544 W native  : W0000 00:00:1667169417.565304   10544 words-map.cc:40] WordsMap was not properly initialized
10-30 23:36:57.660 13542 10544 E native  : E0000 00:00:1667169417.660604   10544 compactor.cc:77] Could not index embedding for docid 1: INTERNAL: Unable to find Thing Proto section 
10-30 23:36:57.661 13542 10544 E native  : E0000 00:00:1667169417.661312   10544 compactor.cc:77] Could not index embedding for docid 3: INTERNAL: Unable to find Thing Proto section 
10-30 23:36:57.661 13542 10544 E native  : E0000 00:00:1667169417.661804   10544 compactor.cc:77] Could not index embedding for docid 5: INTERNAL: Unable to find Thing Proto section 
10-30 23:36:57.662 13542 10544 E native  : E0000 00:00:1667169417.662258   10544 compactor.cc:77] Could not index embedding for docid 7: INTERNAL: Unable to find Thing Proto section 
10-30 23:36:57.662 13542 10544 E native  : E0000 00:00:1667169417.662843   10544 compactor.cc:77] Could not index embedding for docid 9: INTERNAL: Unable to find Thing Proto section 
10-30 23:36:57.663 13542 10544 E native  : E0000 00:00:1667169417.663340   10544 compactor.cc:77] Could not index embedding for docid 11: INTERNAL: Unable to find Thing Proto section 
10-30 23:36:57.663 13542 10544 E native  : E0000 00:00:1667169417.663781   10544 compactor.cc:77] Could not index embedding for docid 13: INTERNAL: Unable to find Thing Proto section 
10-30 23:36:57.664 13542 10544 E native  : E0000 00:00:1667169417.664241   10544 compactor.cc:77] Could not index embedding for docid 15: INTERNAL: Unable to find Thing Proto section 
10-30 23:36:57.664 13542 10544 E native  : E0000 00:00:1667169417.664690   10544 compactor.cc:77] Could not index embedding for docid 17: INTERNAL: Unable to find Thing Proto section 
10-30 23:36:57.665 13542 10544 E native  : E0000 00:00:1667169417.665138   10544 compactor.cc:77] Could not index embedding for docid 19: INTERNAL: Unable to find Thing Proto section 
10-30 23:36:57.665 13542 10544 E native  : E0000 00:00:1667169417.665596   10544 compactor.cc:77] Could not index embedding for docid 21: INTERNAL: Unable to find Thing Proto section 
10-30 23:36:57.666 13542 10544 E native  : E0000 00:00:1667169417.666419   10544 compactor.cc:77] Could not index embedding for docid 23: INTERNAL: Unable to find Thing Proto section 
10-30 23:36:57.666 13542 10544 E native  : E0000 00:00:1667169417.666892   10544 compactor.cc:77] Could not index embedding for docid 25: INTERNAL: Unable to find Thing Proto section 
10-30 23:36:57.673 13542 10544 E native  : E0000 00:00:1667169417.673825   10544 compactor.cc:77] Could not index embedding for docid 26: INTERNAL: Unable to find Thing Proto section 
10-30 23:36:57.680 13542 10544 E native  : E0000 00:00:1667169417.680208   10544 compactor.cc:77] Could not index embedding for docid 27: INTERNAL: Unable to find Thing Proto section 
10-30 23:36:57.756 13542 10544 I native  : I0000 00:00:1667169417.756443   10544 flash-index.cc:1535] Flash index sort hb 40 prefix-hits 68 -> 67 at 43.458ms
10-30 23:36:57.820 13542 10544 W native  : W0000 00:00:1667169417.820327   10544 words-map.cc:36] INVALID_ARGUMENT: Empty URI
10-30 23:36:57.820 13542 10544 W native  : W0000 00:00:1667169417.820444   10544 words-map.cc:40] WordsMap was not properly initialized
10-30 23:36:57.867 20103 20103 D AndroidRuntime: >>>>>> START com.android.internal.os.RuntimeInit uid 2000 <<<<<<
10-30 23:36:57.888 13542 10544 I Icing   : updateResources: need to parse anue{com.android.chrome}
10-30 23:36:57.993 13542 10544 I Icing   : Indexing com.android.chrome-omnibox from com.android.chrome
10-30 23:36:58.006   772   785 I ActivityManager: Start proc 20111:com.android.chrome/u0a60 for content provider com.android.chrome/com.google.android.apps.chrome.icing.IcingProvider
10-30 23:36:58.039 20103 20103 D AndroidRuntime: Calling main entry com.android.commands.pm.Pm
10-30 23:36:58.047   772 13071 I ActivityManager: Force stopping com.android.chrome appid=10060 user=0: clear data
10-30 23:36:58.047   772 13071 I ActivityManager: Killing 20111:com.android.chrome/u0a60 (adj 200): stop com.android.chrome
10-30 23:36:58.059   772 13071 I ActivityManager: Start proc 20126:com.android.chrome/u0a60 for restart com.android.chrome
10-30 23:36:58.061   772   785 W ActivityManager: Unable to launch app com.android.chrome/10060 for provider com.android.chrome.icing: launching app became null
10-30 23:36:58.062 13542 10544 E ActivityThread: Failed to find provider info for com.android.chrome.icing
10-30 23:36:58.062 13542 10544 W Icing   : Could not connect to content provider content://com.android.chrome.icing
10-30 23:36:58.064   772   788 I ActivityManager: Force stopping com.android.chrome appid=10060 user=-1: clearApplicationUserData
10-30 23:36:58.064   772   781 I zygote64: Background concurrent copying GC freed 104482(6MB) AllocSpace objects, 152(4MB) LOS objects, 42% free, 16MB/28MB, paused 586us total 108.829ms
10-30 23:36:58.064   772   788 I ActivityManager: Killing 20126:com.android.chrome/u0a60 (adj 200): stop com.android.chrome
10-30 23:36:58.067   560   560 I keystore: clear_uid 10060
10-30 23:36:58.069   772  4540 E ActivityManager: Failure starting process com.android.chrome
10-30 23:36:58.069   772  4540 E ActivityManager: java.lang.SecurityException: Package com.android.chrome is currently frozen!
10-30 23:36:58.069   772  4540 E ActivityManager: 	at com.android.server.pm.PackageManagerService.checkPackageStartable(PackageManagerService.java:3610)
10-30 23:36:58.069   772  4540 E ActivityManager: 	at com.android.server.am.ActivityManagerService.startProcessLocked(ActivityManagerService.java:3791)
10-30 23:36:58.069   772  4540 E ActivityManager: 	at com.android.server.am.ActivityManagerService.startProcessLocked(ActivityManagerService.java:3751)
10-30 23:36:58.069   772  4540 E ActivityManager: 	at com.android.server.am.ActivityManagerService.startProcessLocked(ActivityManagerService.java:3640)
10-30 23:36:58.069   772  4540 E ActivityManager: 	at com.android.server.am.ActivityManagerService.getContentProviderImpl(ActivityManagerService.java:11563)
10-30 23:36:58.069   772  4540 E ActivityManager: 	at com.android.server.am.ActivityManagerService.getContentProvider(ActivityManagerService.java:11694)
10-30 23:36:58.069   772  4540 E ActivityManager: 	at android.app.IActivityManager$Stub.onTransact(IActivityManager.java:438)
10-30 23:36:58.069   772  4540 E ActivityManager: 	at com.android.server.am.ActivityManagerService.onTransact(ActivityManagerService.java:2935)
10-30 23:36:58.069   772  4540 E ActivityManager: 	at android.os.Binder.execTransact(Binder.java:674)
10-30 23:36:58.069   772  4540 I ActivityManager: Force stopping com.android.chrome appid=10060 user=0: start failure
10-30 23:36:58.070   772  4540 W ActivityManager: Unable to launch app com.android.chrome/10060 for provider com.android.chrome.icing: process is bad
10-30 23:36:58.071   772   788 I ActivityManager: Exiting empty application process 0:com.android.chrome/u0a60 (null)
10-30 23:36:58.073 13542 10544 E ActivityThread: Failed to find provider info for com.android.chrome.icing
10-30 23:36:58.073 13542 10544 W Icing   : Could not connect to content provider content://com.android.chrome.icing
10-30 23:36:58.074 13542 10544 I Icing   : Indexing done com.android.chrome-omnibox
10-30 23:36:58.090   772   787 W ResourceType: No known package when getting value for resource number 0x7f0904db
10-30 23:36:58.091   772   787 W ResourceType: No known package when getting value for resource number 0x7f140670
10-30 23:36:58.091   772   787 W ResourceType: No known package when getting value for resource number 0x7f0904da
10-30 23:36:58.091   772   787 W ResourceType: No known package when getting value for resource number 0x7f14018b
10-30 23:36:58.091   772   787 W ResourceType: No known package when getting value for resource number 0x7f14066f
10-30 23:36:58.091   772   787 W ResourceType: No known package when getting value for resource number 0x7f140434
10-30 23:36:58.091   772   787 E ShortcutService: Ignoring excessive intent tag.
10-30 23:36:58.093  1311  1311 D CarrierSvcBindHelper: No carrier app for: 0
10-30 23:36:58.096 20103 20103 I app_process: System.exit called, status: 0
10-30 23:36:58.096 20103 20103 I AndroidRuntime: VM exiting with result code 0.
10-30 23:36:58.112  2964  2964 D RegisteredNfcFServicesCache: Service unchanged, not updating
10-30 23:36:58.118  3960 20075 I Fitness : FitCleanupIntentOperation received Intent android.intent.action.PACKAGE_DATA_CLEARED [CONTEXT service_id=17 ]
10-30 23:36:58.145 13542 10544 I Icing   : doRemovePackageData com.android.chrome
10-30 23:36:58.145 13542 10544 I Icing   : Removing corpus key com.android.chrome-omnibox for package com.android.chrome
10-30 23:36:58.269 13542 10544 I Icing   : updateResources: need to parse anue{com.android.chrome}
10-30 23:36:58.351 13542 10544 I Icing   : Indexing com.android.chrome-omnibox from com.android.chrome
10-30 23:36:58.366   772 20193 I ActivityManager: Start proc 20142:com.android.chrome/u0a60 for content provider com.android.chrome/com.google.android.apps.chrome.icing.IcingProvider
10-30 23:36:58.415 20142 20142 I cr_SplitCompatApp: Launched version=106.0.5249.79 minSdkVersion=24 isBundle=true processName=com.android.chrome isIsolated=false
10-30 23:36:58.555  3960  6244 I FontLog : Received query Google Sans, URI content://com.google.android.gms.fonts [CONTEXT service_id=132 ]
10-30 23:36:58.555  3960  6244 I FontLog : Query [Google Sans] resolved to {Google Sans, wdth 100.0, wght 400, ital 0.0, bestEffort false} [CONTEXT service_id=132 ]
10-30 23:36:58.560  3960  6244 I FontLog : Font PFD returned from cache for {Google Sans, wdth 100.0, wght 400, ital 0.0, bestEffort false} [CONTEXT service_id=132 ]
10-30 23:36:58.560  3960  6244 I FontLog : Fetch {Google Sans, wdth 100.0, wght 400, ital 0.0, bestEffort false} end status Status{statusCode=SUCCESS, resolution=null} [CONTEXT service_id=132 ]
10-30 23:36:58.609 13542 10544 I Icing   : Indexing done com.android.chrome-omnibox
10-30 23:36:58.646  3960  4244 I FontLog : Pulling font file for id = 1274, cache size = 12 [CONTEXT service_id=132 ]
10-30 23:36:58.691 20142 20161 I cr_LibraryLoader: Successfully loaded native library
10-30 23:36:58.692 20142 20161 I cr_CachingUmaRecorder: Flushed 20 samples from 19 histograms.
10-30 23:36:58.761  3960  4245 I FontLog : Received query Google Sans:500, URI content://com.google.android.gms.fonts [CONTEXT service_id=132 ]
10-30 23:36:58.761  3960  4245 I FontLog : Query [Google Sans:500] resolved to {Google Sans, wdth 100.0, wght 500, ital 0.0, bestEffort false} [CONTEXT service_id=132 ]
10-30 23:36:58.762  3960  4245 I FontLog : Font PFD returned from cache for {Google Sans, wdth 100.0, wght 500, ital 0.0, bestEffort false} [CONTEXT service_id=132 ]
10-30 23:36:58.763  3960  4245 I FontLog : Fetch {Google Sans, wdth 100.0, wght 500, ital 0.0, bestEffort false} end status Status{statusCode=SUCCESS, resolution=null} [CONTEXT service_id=132 ]
10-30 23:36:58.788  3960  6244 I FontLog : Pulling font file for id = 1275, cache size = 10 [CONTEXT service_id=132 ]
10-30 23:36:58.832  3960  4244 I FontLog : Received query Google Sans:700, URI content://com.google.android.gms.fonts [CONTEXT service_id=132 ]
10-30 23:36:58.832  3960  4244 I FontLog : Query [Google Sans:700] resolved to {Google Sans, wdth 100.0, wght 700, ital 0.0, bestEffort false} [CONTEXT service_id=132 ]
10-30 23:36:58.834  3960  4244 I FontLog : Fetch {Google Sans, wdth 100.0, wght 700, ital 0.0, bestEffort false} end status Status{statusCode=SUCCESS, resolution=null} [CONTEXT service_id=132 ]
10-30 23:36:58.843  3960  4217 I FontLog : Pulling font file for id = 1276, cache size = 11 [CONTEXT service_id=132 ]
