10-30 23:35:49.734 19271 19271 W SystemServiceRegistry: No service published for: uimode
10-30 23:35:49.743 19287 19287 I cr_SplitCompatApp: Launched version=106.0.5249.79 minSdkVersion=24 isBundle=true processName=com.android.chrome:sandboxed_process9 isIsolated=true
10-30 23:35:49.749 19271 19271 I cr_ChildProcessService: Creating new ChildProcessService pid=19271
10-30 23:35:49.749 19257 19257 I cr_ChildProcessService: Creating new ChildProcessService pid=19257
10-30 23:35:49.753 19287 19287 W SystemServiceRegistry: No service published for: uimode
10-30 23:35:49.762 19257 19257 E WebViewFactory: can't load with relro file; address space not reserved
10-30 23:35:49.762 19287 19287 I cr_ChildProcessService: Creating new ChildProcessService pid=19287
10-30 23:35:49.764 19271 19271 E WebViewFactory: can't load with relro file; address space not reserved
10-30 23:35:49.770 19287 19287 E WebViewFactory: can't load with relro file; address space not reserved
10-30 23:35:49.776 19257 19344 I cr_LibraryLoader: Successfully loaded native library
10-30 23:35:49.777 19257 19344 I cr_CachingUmaRecorder: Flushed 3 samples from 3 histograms.
10-30 23:35:49.780 18959 18959 W ResourceType: Failure getting entry for 0x7f0100f9 (t=0 e=249) (error -75)
10-30 23:35:49.781 19271 19345 I cr_LibraryLoader: Successfully loaded native library
10-30 23:35:49.782 19287 19346 I cr_LibraryLoader: Successfully loaded native library
10-30 23:35:49.782 19271 19345 I cr_CachingUmaRecorder: Flushed 3 samples from 3 histograms.
10-30 23:35:49.783 18959 18959 W ResourceType: Failure getting entry for 0x7f010828 (t=0 e=2088) (error -75)
10-30 23:35:49.784 19287 19346 I cr_CachingUmaRecorder: Flushed 3 samples from 3 histograms.
10-30 23:35:49.823 18959 18959 W ResourceType: Failure getting entry for 0x7f010827 (t=0 e=2087) (error -75)
10-30 23:35:49.834 18959 19034 I cr_VrCoreVersionChecker: Unable to find VrCore.
10-30 23:35:49.851 19183 19240 I chromium: [INFO:child_process_service.cc(69)] ChildProcessService: Exiting child process.
10-30 23:35:49.851 18959 18959 W chromium: [WARNING:compositor_view.cc(342)] Child process died (type=6) pid=19198)
10-30 23:35:49.853   422   422 E lowmemorykiller: Error writing /proc/19183/oom_score_adj; errno=22
10-30 23:35:49.854   772  1324 I ActivityManager: Killing 19183:com.android.chrome:sandboxed_process2/u0a60i23 (adj 0): isolated not needed
10-30 23:35:49.855 18959 18959 W chromium: [WARNING:compositor_view.cc(342)] Child process died (type=6) pid=19215)
10-30 23:35:49.855   772   790 W zygote64: failed to open /acct/uid_99023/pid_19183/cgroup.procs: No such file or directory
10-30 23:35:49.856 19227 19298 I chromium: [INFO:child_process_service.cc(69)] ChildProcessService: Exiting child process.
10-30 23:35:49.857 19243 19309 I chromium: [INFO:child_process_service.cc(69)] ChildProcessService: Exiting child process.
10-30 23:35:49.859   422   422 E lowmemorykiller: Error writing /proc/19227/oom_score_adj; errno=22
10-30 23:35:49.859   772 20193 I ActivityManager: Killing 19227:com.android.chrome:sandboxed_process5/u0a60i26 (adj 0): isolated not needed
10-30 23:35:49.860   772   790 W zygote64: failed to open /acct/uid_99026/pid_19227/cgroup.procs: No such file or directory
10-30 23:35:49.862   422   422 E lowmemorykiller: Error writing /proc/19243/oom_score_adj; errno=22
10-30 23:35:49.862   772  2970 I ActivityManager: Killing 19243:com.android.chrome:sandboxed_process6/u0a60i27 (adj 0): isolated not needed
10-30 23:35:49.863 19257 19344 I chromium: [INFO:child_process_service.cc(69)] ChildProcessService: Exiting child process.
10-30 23:35:49.864 19287 19346 I chromium: [INFO:child_process_service.cc(69)] ChildProcessService: Exiting child process.
10-30 23:35:49.865   422   422 E lowmemorykiller: Error writing /proc/19257/oom_score_adj; errno=22
10-30 23:35:49.866   772  4540 I ActivityManager: Killing 19257:com.android.chrome:sandboxed_process7/u0a60i28 (adj 0): isolated not needed
10-30 23:35:49.868 19271 19345 I chromium: [INFO:child_process_service.cc(69)] ChildProcessService: Exiting child process.
10-30 23:35:49.868   422   422 E lowmemorykiller: Error writing /proc/19287/oom_score_adj; errno=22
10-30 23:35:49.869   772 10860 I ActivityManager: Killing 19287:com.android.chrome:sandboxed_process9/u0a60i30 (adj 0): isolated not needed
10-30 23:35:49.873   772   790 W zygote64: failed to open /acct/uid_99027/pid_19243/cgroup.procs: No such file or directory
10-30 23:35:49.873   772   790 W zygote64: failed to open /acct/uid_99028/pid_19257/cgroup.procs: No such file or directory
10-30 23:35:49.873   772   790 W zygote64: failed to open /acct/uid_99030/pid_19287/cgroup.procs: No such file or directory
10-30 23:35:49.890 19367 19367 E /system/bin/webview_zygote32: failed to make and chown /acct/uid_99031: Permission denied
10-30 23:35:49.890 19367 19367 E Zygote  : createProcessGroup(99031, 0) failed: Permission denied
10-30 23:35:49.905   772 13021 I ActivityManager: Start proc 19367:com.android.chrome:sandboxed_process10/u0i31 for webview_service com.android.chrome/org.chromium.content.app.SandboxedProcessService10
10-30 23:35:49.915 19367 19367 I SamplingProfilerIntegration: Profiling disabled.
10-30 23:35:49.940 19380 19380 E asset   : setgid: Operation not permitted
10-30 23:35:49.946 18959 18959 W chromium: [WARNING:compositor_view.cc(342)] Child process died (type=6) pid=19243)
10-30 23:35:49.947 18959 18959 W chromium: [WARNING:compositor_view.cc(342)] Child process died (type=6) pid=19257)
10-30 23:35:49.949 18959 18959 W chromium: [WARNING:compositor_view.cc(342)] Child process died (type=6) pid=19271)
10-30 23:35:49.950 18959 18959 W chromium: [WARNING:compositor_view.cc(342)] Child process died (type=6) pid=19227)
10-30 23:35:49.951 18959 18959 W chromium: [WARNING:compositor_view.cc(342)] Child process died (type=6) pid=19183)
10-30 23:35:49.951 18959 18959 W chromium: [WARNING:compositor_view.cc(342)] Child process died (type=6) pid=19287)
10-30 23:35:49.969 18959 18959 I Choreographer: Skipped 55 frames!  The application may be doing too much work on its main thread.
10-30 23:35:49.975   772 32228 I ActivityManager: Process com.android.chrome:sandboxed_process8 (pid 19271) has died: vis  TOP 
10-30 23:35:49.975   772   790 W zygote64: failed to open /acct/uid_99029/pid_19271/cgroup.procs: No such file or directory
10-30 23:35:49.975   772 32228 W ActivityManager: Scheduling restart of crashed service com.android.chrome/org.chromium.content.app.SandboxedProcessService8 in 1000ms
10-30 23:35:49.979 19367 19367 I cr_SplitCompatApp: Launched version=106.0.5249.79 minSdkVersion=24 isBundle=true processName=com.android.chrome:sandboxed_process10 isIsolated=true
10-30 23:35:49.994 19367 19367 W SystemServiceRegistry: No service published for: uimode
10-30 23:35:50.003 19367 19367 I cr_ChildProcessService: Creating new ChildProcessService pid=19367
10-30 23:35:50.008 19367 19367 E WebViewFactory: can't load with relro file; address space not reserved
10-30 23:35:50.019 19367 19384 I cr_LibraryLoader: Successfully loaded native library
10-30 23:35:50.020 18959 18959 W StaticLayout: maxLineHeight should not be -1.  maxLines:1 lineCount:1
10-30 23:35:50.020 19367 19384 I cr_CachingUmaRecorder: Flushed 3 samples from 3 histograms.
10-30 23:35:50.102 19367 19384 I chromium: [INFO:child_process_service.cc(69)] ChildProcessService: Exiting child process.
10-30 23:35:50.103   772   797 I ActivityManager: Displayed com.android.chrome/com.google.android.apps.chrome.Main: +1s275ms
10-30 23:35:50.111   422   422 E lowmemorykiller: Error writing /proc/19367/oom_score_adj; errno=22
10-30 23:35:50.112   772  3854 I ActivityManager: Killing 19367:com.android.chrome:sandboxed_process10/u0a60i31 (adj 0): isolated not needed
10-30 23:35:50.115   772   790 W zygote64: failed to open /acct/uid_99031/pid_19367/cgroup.procs: No such file or directory
10-30 23:35:50.143 19391 19391 E /system/bin/webview_zygote32: failed to make and chown /acct/uid_99032: Permission denied
10-30 23:35:50.143 19391 19391 E Zygote  : createProcessGroup(99032, 0) failed: Permission denied
10-30 23:35:50.143   772   785 I ActivityManager: Start proc 19391:com.android.chrome:sandboxed_process11/u0i32 for webview_service com.android.chrome/org.chromium.content.app.SandboxedProcessService11
10-30 23:35:50.173 19401 19401 E /system/bin/webview_zygote32: failed to make and chown /acct/uid_99033: Permission denied
10-30 23:35:50.173 19401 19401 E Zygote  : createProcessGroup(99033, 0) failed: Permission denied
10-30 23:35:50.175 18959 18959 W chromium: [WARNING:compositor_view.cc(342)] Child process died (type=6) pid=19367)
10-30 23:35:50.183   772   784 I ActivityManager: Start proc 19401:com.android.chrome:sandboxed_process12/u0i33 for webview_service com.android.chrome/org.chromium.content.app.SandboxedProcessService12
10-30 23:35:50.196 19391 19391 I SamplingProfilerIntegration: Profiling disabled.
10-30 23:35:50.199 19401 19401 I SamplingProfilerIntegration: Profiling disabled.
10-30 23:35:50.209 19417 19417 E /system/bin/webview_zygote32: failed to make and chown /acct/uid_99034: Permission denied
10-30 23:35:50.209 19417 19417 E Zygote  : createProcessGroup(99034, 0) failed: Permission denied
10-30 23:35:50.213   772  2970 I ActivityManager: Start proc 19417:com.android.chrome:sandboxed_process13/u0i34 for webview_service com.android.chrome/org.chromium.content.app.SandboxedProcessService13
10-30 23:35:50.233 19417 19417 I SamplingProfilerIntegration: Profiling disabled.
10-30 23:35:50.238 19430 19430 E asset   : setgid: Operation not permitted
10-30 23:35:50.254 19431 19431 E /system/bin/webview_zygote32: failed to make and chown /acct/uid_99035: Permission denied
10-30 23:35:50.254 19431 19431 E Zygote  : createProcessGroup(99035, 0) failed: Permission denied
10-30 23:35:50.254 19432 19432 E asset   : setgid: Operation not permitted
10-30 23:35:50.258   772  3037 I ActivityManager: Start proc 19431:com.android.chrome:sandboxed_process14/u0i35 for webview_service com.android.chrome/org.chromium.content.app.SandboxedProcessService14
10-30 23:35:50.261 15052 15052 E WorkerRegistryImpl: getWorker() is called after WorkerRegistry disposal.
10-30 23:35:50.261 15052 15052 E WorkerRegistryImpl: getWorker() is called after WorkerRegistry disposal.
10-30 23:35:50.283 19431 19431 I SamplingProfilerIntegration: Profiling disabled.
10-30 23:35:50.284 19401 19401 I cr_SplitCompatApp: Launched version=106.0.5249.79 minSdkVersion=24 isBundle=true processName=com.android.chrome:sandboxed_process12 isIsolated=true
10-30 23:35:50.287   772  4539 I ActivityManager: Start proc 19445:com.android.chrome:sandboxed_process15/u0i36 for webview_service com.android.chrome/org.chromium.content.app.SandboxedProcessService15
10-30 23:35:50.294 19445 19445 E /system/bin/webview_zygote32: failed to make and chown /acct/uid_99036: Permission denied
10-30 23:35:50.294 19445 19445 E Zygote  : createProcessGroup(99036, 0) failed: Permission denied
10-30 23:35:50.297 19401 19401 W SystemServiceRegistry: No service published for: uimode
10-30 23:35:50.304 19401 19401 I cr_ChildProcessService: Creating new ChildProcessService pid=19401
10-30 23:35:50.311 18959 19027 W cr_CrashFileManager: /data/user/0/com.android.chrome/cache/Crash Reports does not exist or is not a directory
10-30 23:35:50.311 18959 19027 I chatty  : uid=10060(u0_a60) identical 1 line
10-30 23:35:50.311 18959 19027 W cr_CrashFileManager: /data/user/0/com.android.chrome/cache/Crash Reports does not exist or is not a directory
10-30 23:35:50.313 19391 19391 I cr_SplitCompatApp: Launched version=106.0.5249.79 minSdkVersion=24 isBundle=true processName=com.android.chrome:sandboxed_process11 isIsolated=true
10-30 23:35:50.318 19453 19453 E asset   : setgid: Operation not permitted
10-30 23:35:50.323   772 13022 I ActivityManager: Start proc 19458:com.android.chrome:sandboxed_process16/u0i37 for webview_service com.android.chrome/org.chromium.content.app.SandboxedProcessService16
10-30 23:35:50.326 19391 19391 W SystemServiceRegistry: No service published for: uimode
10-30 23:35:50.328 19458 19458 E /system/bin/webview_zygote32: failed to make and chown /acct/uid_99037: Permission denied
10-30 23:35:50.328 19458 19458 E Zygote  : createProcessGroup(99037, 0) failed: Permission denied
10-30 23:35:50.330 19464 19464 E asset   : setgid: Operation not permitted
10-30 23:35:50.330 19445 19445 I SamplingProfilerIntegration: Profiling disabled.
10-30 23:35:50.332 18959 19000 I cr_BindingManager: Moderate binding enabled: maxSize=40
10-30 23:35:50.342 19401 19401 E WebViewFactory: can't load with relro file; address space not reserved
10-30 23:35:50.348 19458 19458 I SamplingProfilerIntegration: Profiling disabled.
10-30 23:35:50.352 19391 19391 I cr_ChildProcessService: Creating new ChildProcessService pid=19391
10-30 23:35:50.354   772  3854 W AppOps  : Bad call: specified package com.google.android.gms under uid 10045 but it is really 10020
10-30 23:35:50.354   772  3854 W AppOps  : java.lang.RuntimeException: here
10-30 23:35:50.354   772  3854 W AppOps  : 	at com.android.server.AppOpsService.getOpsRawLocked(AppOpsService.java:1319)
10-30 23:35:50.354   772  3854 W AppOps  : 	at com.android.server.AppOpsService.checkPackage(AppOpsService.java:1038)
10-30 23:35:50.354   772  3854 W AppOps  : 	at com.android.internal.app.IAppOpsService$Stub.onTransact(IAppOpsService.java:169)
10-30 23:35:50.354   772  3854 W AppOps  : 	at android.os.Binder.execTransact(Binder.java:674)
10-30 23:35:50.364 19401 19452 I cr_LibraryLoader: Successfully loaded native library
10-30 23:35:50.366 19401 19452 I cr_CachingUmaRecorder: Flushed 3 samples from 3 histograms.
10-30 23:35:50.367 19417 19417 I cr_SplitCompatApp: Launched version=106.0.5249.79 minSdkVersion=24 isBundle=true processName=com.android.chrome:sandboxed_process13 isIsolated=true
10-30 23:35:50.369   772   785 W AppOps  : Bad call: specified package com.google.android.gms under uid 10045 but it is really 10020
10-30 23:35:50.369   772   785 W AppOps  : java.lang.RuntimeException: here
10-30 23:35:50.369   772   785 W AppOps  : 	at com.android.server.AppOpsService.getOpsRawLocked(AppOpsService.java:1319)
10-30 23:35:50.369   772   785 W AppOps  : 	at com.android.server.AppOpsService.checkPackage(AppOpsService.java:1038)
10-30 23:35:50.369   772   785 W AppOps  : 	at com.android.internal.app.IAppOpsService$Stub.onTransact(IAppOpsService.java:169)
10-30 23:35:50.369   772   785 W AppOps  : 	at android.os.Binder.execTransact(Binder.java:674)
10-30 23:35:50.380 15052 15052 I MemoryTrimmer: Trimming objects from memory, since app is in the background.
10-30 23:35:50.385 19391 19391 E WebViewFactory: can't load with relro file; address space not reserved
10-30 23:35:50.390 19417 19417 W SystemServiceRegistry: No service published for: uimode
10-30 23:35:50.392 19482 19482 E asset   : setgid: Operation not permitted
10-30 23:35:50.404 19417 19417 I cr_ChildProcessService: Creating new ChildProcessService pid=19417
10-30 23:35:50.407 19488 19488 E asset   : setgid: Operation not permitted
10-30 23:35:50.409 19391 19475 I cr_LibraryLoader: Successfully loaded native library
10-30 23:35:50.410 19391 19475 I cr_CachingUmaRecorder: Flushed 3 samples from 3 histograms.
10-30 23:35:50.427 19431 19431 I cr_SplitCompatApp: Launched version=106.0.5249.79 minSdkVersion=24 isBundle=true processName=com.android.chrome:sandboxed_process14 isIsolated=true
10-30 23:35:50.428 19445 19445 I cr_SplitCompatApp: Launched version=106.0.5249.79 minSdkVersion=24 isBundle=true processName=com.android.chrome:sandboxed_process15 isIsolated=true
10-30 23:35:50.432 19417 19417 E WebViewFactory: can't load with relro file; address space not reserved
10-30 23:35:50.437   772 32228 I ActivityManager: START u0 {act=android.intent.action.VIEW dat=http://192.168.178.178:5500/... flg=0x10000000 cmp=com.android.chrome/com.google.android.apps.chrome.Main} from uid 2000
10-30 23:35:50.440 19417 19487 I cr_LibraryLoader: Successfully loaded native library
10-30 23:35:50.440 19417 19487 I cr_CachingUmaRecorder: Flushed 3 samples from 3 histograms.
10-30 23:35:50.442 19401 19452 I chromium: [INFO:child_process_service.cc(69)] ChildProcessService: Exiting child process.
10-30 23:35:50.446 19445 19445 W SystemServiceRegistry: No service published for: uimode
10-30 23:35:50.447 19391 19475 I chromium: [INFO:child_process_service.cc(69)] ChildProcessService: Exiting child process.
10-30 23:35:50.447   422   422 E lowmemorykiller: Error writing /proc/19401/oom_score_adj; errno=22
10-30 23:35:50.448   772  4539 I ActivityManager: Killing 19401:com.android.chrome:sandboxed_process12/u0a60i33 (adj 0): isolated not needed
10-30 23:35:50.449   772   790 W zygote64: failed to open /acct/uid_99033/pid_19401/cgroup.procs: No such file or directory
10-30 23:35:50.450   422   422 E lowmemorykiller: Error writing /proc/19391/oom_score_adj; errno=22
10-30 23:35:50.451   772 20193 I ActivityManager: Killing 19391:com.android.chrome:sandboxed_process11/u0a60i32 (adj 0): isolated not needed
10-30 23:35:50.451 19431 19431 W SystemServiceRegistry: No service published for: uimode
10-30 23:35:50.453 19445 19445 I cr_ChildProcessService: Creating new ChildProcessService pid=19445
10-30 23:35:50.458 19431 19431 I cr_ChildProcessService: Creating new ChildProcessService pid=19431
10-30 23:35:50.459   772   790 W zygote64: failed to open /acct/uid_99032/pid_19391/cgroup.procs: No such file or directory
10-30 23:35:50.461 19445 19445 E WebViewFactory: can't load with relro file; address space not reserved
10-30 23:35:50.463 19431 19431 E WebViewFactory: can't load with relro file; address space not reserved
10-30 23:35:50.474 19445 19502 I cr_LibraryLoader: Successfully loaded native library
10-30 23:35:50.475 19445 19502 I cr_CachingUmaRecorder: Flushed 3 samples from 3 histograms.
10-30 23:35:50.475 19431 19503 I cr_LibraryLoader: Successfully loaded native library
10-30 23:35:50.476 19431 19503 I cr_CachingUmaRecorder: Flushed 3 samples from 3 histograms.
10-30 23:35:50.493 19458 19458 I cr_SplitCompatApp: Launched version=106.0.5249.79 minSdkVersion=24 isBundle=true processName=com.android.chrome:sandboxed_process16 isIsolated=true
10-30 23:35:50.504 19458 19458 W SystemServiceRegistry: No service published for: uimode
10-30 23:35:50.513 19458 19458 I cr_ChildProcessService: Creating new ChildProcessService pid=19458
10-30 23:35:50.519 19458 19458 E WebViewFactory: can't load with relro file; address space not reserved
10-30 23:35:50.528 18959 18959 E cr_IntentUtils: getInt failed on bundle null
10-30 23:35:50.530 19458 19524 I cr_LibraryLoader: Successfully loaded native library
10-30 23:35:50.531 19458 19524 I cr_CachingUmaRecorder: Flushed 3 samples from 3 histograms.
10-30 23:35:50.532 18959 18959 E ResourceType: Style contains key with bad entry: 0x0101062c
10-30 23:35:50.560 18959 18959 I cr_tabmodel: Appending tabs being restored to metadata lists, 0, startingNormalCount: 2, startingIncognitoCount: 0
10-30 23:35:50.560 18959 18959 I cr_tabmodel: Serializing tab lists; counts: 2, 0
10-30 23:35:50.562 19532 19532 E /system/bin/webview_zygote32: failed to make and chown /acct/uid_99038: Permission denied
10-30 23:35:50.562 19532 19532 E Zygote  : createProcessGroup(99038, 0) failed: Permission denied
10-30 23:35:50.563   772   784 I ActivityManager: Start proc 19532:com.android.chrome:sandboxed_process17/u0i38 for webview_service com.android.chrome/org.chromium.content.app.SandboxedProcessService17
10-30 23:35:50.583 19532 19532 I SamplingProfilerIntegration: Profiling disabled.
10-30 23:35:50.595 18959 18959 I cr_OfflineDetector: Running updateState mConnectivityDetectorInitialized: true, mTimeWhenLastForegrounded: 1045404762, getElapsedTime: 1045404762, mTimeWhenLastOfflineNotificationReceived: 0, mTimeWhenLastOnline: 1045403683, mApplicationState: 1, mIsOfflineLastReportedByConnectivityDetector: false, mIsEffectivelyOffline: false
10-30 23:35:50.595 18959 18959 I cr_OfflineDetector: updateState(): timeSinceLastForeground: 0, timeSinceOfflineNotificationReceived: 1045404762, timeSinceLastOnline: 1079, timeNeededForForeground: 2000, timeNeededForOffline: -1045402762
10-30 23:35:50.601 19545 19545 E asset   : setgid: Operation not permitted
10-30 23:35:50.615 18959 18959 W chromium: [WARNING:compositor_view.cc(342)] Child process died (type=6) pid=19401)
10-30 23:35:50.617 18959 18959 W chromium: [WARNING:compositor_view.cc(342)] Child process died (type=6) pid=19391)
10-30 23:35:50.624 19445 19502 I chromium: [INFO:child_process_service.cc(69)] ChildProcessService: Exiting child process.
10-30 23:35:50.625 19417 19487 I chromium: [INFO:child_process_service.cc(69)] ChildProcessService: Exiting child process.
10-30 23:35:50.628   772  1259 I ActivityManager: Killing 19431:com.android.chrome:sandboxed_process14/u0a60i35 (adj 0): isolated not needed
10-30 23:35:50.629   772   790 W zygote64: failed to open /acct/uid_99035/pid_19431/cgroup.procs: No such file or directory
10-30 23:35:50.633 19458 19524 I chromium: [INFO:child_process_service.cc(69)] ChildProcessService: Exiting child process.
10-30 23:35:50.644 19547 19547 E /system/bin/webview_zygote32: failed to make and chown /acct/uid_99039: Permission denied
10-30 23:35:50.644 19547 19547 E Zygote  : createProcessGroup(99039, 0) failed: Permission denied
10-30 23:35:50.647 18959 18959 W ResourceType: Failure getting entry for 0x7f010216 (t=0 e=534) (error -75)
10-30 23:35:50.650 18959 18959 W ResourceType: Failure getting entry for 0x7f0107c9 (t=0 e=1993) (error -75)
10-30 23:35:50.654   772 20193 I ActivityManager: Start proc 19547:com.android.chrome:sandboxed_process18/u0i39 for webview_service com.android.chrome/org.chromium.content.app.SandboxedProcessService18
10-30 23:35:50.660   772 13022 I ActivityManager: Process com.android.chrome:sandboxed_process16 (pid 19458) has died: vis  TOP 
10-30 23:35:50.660   772   790 W zygote64: failed to open /acct/uid_99037/pid_19458/cgroup.procs: No such file or directory
10-30 23:35:50.660   772 13022 W ActivityManager: Scheduling restart of crashed service com.android.chrome/org.chromium.content.app.SandboxedProcessService16 in 1000ms
10-30 23:35:50.667 19532 19532 I cr_SplitCompatApp: Launched version=106.0.5249.79 minSdkVersion=24 isBundle=true processName=com.android.chrome:sandboxed_process17 isIsolated=true
10-30 23:35:50.677 19532 19532 W SystemServiceRegistry: No service published for: uimode
10-30 23:35:50.681   772  1324 I ActivityManager: Start proc 19558:com.android.chrome:sandboxed_process19/u0i40 for webview_service com.android.chrome/org.chromium.content.app.SandboxedProcessService19
10-30 23:35:50.685 19558 19558 E /system/bin/webview_zygote32: failed to make and chown /acct/uid_99040: Permission denied
10-30 23:35:50.685 19558 19558 E Zygote  : createProcessGroup(99040, 0) failed: Permission denied
10-30 23:35:50.686 19532 19532 I cr_ChildProcessService: Creating new ChildProcessService pid=19532
10-30 23:35:50.687   772 10894 I ActivityManager: Process com.android.chrome:sandboxed_process15 (pid 19445) has died: vis  TOP 
10-30 23:35:50.688   772 10894 W ActivityManager: Scheduling restart of crashed service com.android.chrome/org.chromium.content.app.SandboxedProcessService15 in 10972ms
10-30 23:35:50.688   772   790 W zygote64: failed to open /acct/uid_99036/pid_19445/cgroup.procs: No such file or directory
10-30 23:35:50.692   772 13021 I ActivityManager: Process com.android.chrome:sandboxed_process13 (pid 19417) has died: vis  TOP 
10-30 23:35:50.693   772 13021 W ActivityManager: Scheduling restart of crashed service com.android.chrome/org.chromium.content.app.SandboxedProcessService13 in 20968ms
10-30 23:35:50.693   772   790 W zygote64: failed to open /acct/uid_99034/pid_19417/cgroup.procs: No such file or directory
10-30 23:35:50.697 19547 19547 I SamplingProfilerIntegration: Profiling disabled.
10-30 23:35:50.701 19558 19558 I SamplingProfilerIntegration: Profiling disabled.
10-30 23:35:50.717 18959 18959 W chromium: [WARNING:compositor_view.cc(342)] Child process died (type=6) pid=19458)
10-30 23:35:50.720 18959 18959 W chromium: [WARNING:compositor_view.cc(342)] Child process died (type=6) pid=19431)
10-30 23:35:50.721 18959 18959 W chromium: [WARNING:compositor_view.cc(342)] Child process died (type=6) pid=19445)
10-30 23:35:50.722 18959 18959 W chromium: [WARNING:compositor_view.cc(342)] Child process died (type=6) pid=19417)
10-30 23:35:50.726   772  2969 I ActivityManager: Start proc 19574:com.android.chrome:sandboxed_process20/u0i41 for webview_service com.android.chrome/org.chromium.content.app.SandboxedProcessService20
10-30 23:35:50.727 19579 19579 E asset   : setgid: Operation not permitted
10-30 23:35:50.734 19532 19532 E WebViewFactory: can't load with relro file; address space not reserved
10-30 23:35:50.753 19574 19574 E /system/bin/webview_zygote32: failed to make and chown /acct/uid_99041: Permission denied
10-30 23:35:50.753 19574 19574 E Zygote  : createProcessGroup(99041, 0) failed: Permission denied
10-30 23:35:50.755 19581 19581 E asset   : setgid: Operation not permitted
10-30 23:35:50.760   772  1327 I ActivityManager: Start proc 19584:com.android.chrome:sandboxed_process21/u0i42 for webview_service com.android.chrome/org.chromium.content.app.SandboxedProcessService21
10-30 23:35:50.767 19574 19574 I SamplingProfilerIntegration: Profiling disabled.
10-30 23:35:50.774 19547 19547 I cr_SplitCompatApp: Launched version=106.0.5249.79 minSdkVersion=24 isBundle=true processName=com.android.chrome:sandboxed_process18 isIsolated=true
10-30 23:35:50.784 19532 19565 I cr_LibraryLoader: Successfully loaded native library
10-30 23:35:50.785 19532 19565 I cr_CachingUmaRecorder: Flushed 3 samples from 3 histograms.
10-30 23:35:50.787 19547 19547 W SystemServiceRegistry: No service published for: uimode
10-30 23:35:50.788 19584 19584 E /system/bin/webview_zygote32: failed to make and chown /acct/uid_99042: Permission denied
10-30 23:35:50.788 19584 19584 E Zygote  : createProcessGroup(99042, 0) failed: Permission denied
10-30 23:35:50.803 19547 19547 I cr_ChildProcessService: Creating new ChildProcessService pid=19547
10-30 23:35:50.804 19584 19584 I SamplingProfilerIntegration: Profiling disabled.
10-30 23:35:50.807 19558 19558 I cr_SplitCompatApp: Launched version=106.0.5249.79 minSdkVersion=24 isBundle=true processName=com.android.chrome:sandboxed_process19 isIsolated=true
10-30 23:35:50.810 19612 19612 E asset   : setgid: Operation not permitted
10-30 23:35:50.815 19558 19558 W SystemServiceRegistry: No service published for: uimode
10-30 23:35:50.818 19547 19547 E WebViewFactory: can't load with relro file; address space not reserved
10-30 23:35:50.831 19558 19558 I cr_ChildProcessService: Creating new ChildProcessService pid=19558
10-30 23:35:50.843 19547 19610 I cr_LibraryLoader: Successfully loaded native library
10-30 23:35:50.846 19558 19558 E WebViewFactory: can't load with relro file; address space not reserved
10-30 23:35:50.848 19547 19610 I cr_CachingUmaRecorder: Flushed 3 samples from 3 histograms.
10-30 23:35:50.851 19618 19618 E asset   : setgid: Operation not permitted
10-30 23:35:50.853 19558 19617 I cr_LibraryLoader: Successfully loaded native library
10-30 23:35:50.854 19558 19617 I cr_CachingUmaRecorder: Flushed 3 samples from 3 histograms.
10-30 23:35:50.857 19574 19574 I cr_SplitCompatApp: Launched version=106.0.5249.79 minSdkVersion=24 isBundle=true processName=com.android.chrome:sandboxed_process20 isIsolated=true
10-30 23:35:50.862 19574 19574 W SystemServiceRegistry: No service published for: uimode
10-30 23:35:50.881 19574 19574 I cr_ChildProcessService: Creating new ChildProcessService pid=19574
10-30 23:35:50.889 19558 19617 I chromium: [INFO:child_process_service.cc(69)] ChildProcessService: Exiting child process.
10-30 23:35:50.890 19574 19574 E WebViewFactory: can't load with relro file; address space not reserved
10-30 23:35:50.891   422   422 E lowmemorykiller: Error writing /proc/19558/oom_score_adj; errno=22
10-30 23:35:50.892   772  4539 I ActivityManager: Killing 19558:com.android.chrome:sandboxed_process19/u0a60i40 (adj 0): isolated not needed
10-30 23:35:50.893   772   790 W zygote64: failed to open /acct/uid_99040/pid_19558/cgroup.procs: No such file or directory
10-30 23:35:50.894 19584 19584 I cr_SplitCompatApp: Launched version=106.0.5249.79 minSdkVersion=24 isBundle=true processName=com.android.chrome:sandboxed_process21 isIsolated=true
10-30 23:35:50.903 19574 19635 I cr_LibraryLoader: Successfully loaded native library
10-30 23:35:50.903 19547 19610 I chromium: [INFO:child_process_service.cc(69)] ChildProcessService: Exiting child process.
10-30 23:35:50.905 19574 19635 I cr_CachingUmaRecorder: Flushed 3 samples from 3 histograms.
10-30 23:35:50.905   422   422 E lowmemorykiller: Error writing /proc/19547/oom_score_adj; errno=22
10-30 23:35:50.906 19584 19584 W SystemServiceRegistry: No service published for: uimode
10-30 23:35:50.906   772  1327 I ActivityManager: Killing 19547:com.android.chrome:sandboxed_process18/u0a60i39 (adj 0): isolated not needed
10-30 23:35:50.906   772   790 W zygote64: failed to open /acct/uid_99039/pid_19547/cgroup.procs: No such file or directory
10-30 23:35:50.917 19584 19584 I cr_ChildProcessService: Creating new ChildProcessService pid=19584
10-30 23:35:50.930 19584 19584 E WebViewFactory: can't load with relro file; address space not reserved
10-30 23:35:50.934 18959 18959 W chromium: [WARNING:compositor_view.cc(342)] Child process died (type=6) pid=19558)
10-30 23:35:50.943 19574 19635 I chromium: [INFO:child_process_service.cc(69)] ChildProcessService: Exiting child process.
10-30 23:35:50.943 18959 18959 W chromium: [WARNING:compositor_view.cc(342)] Child process died (type=6) pid=19547)
10-30 23:35:50.946   422   422 E lowmemorykiller: Error writing /proc/19574/oom_score_adj; errno=22
10-30 23:35:50.946 19584 19639 I cr_LibraryLoader: Successfully loaded native library
10-30 23:35:50.947 19584 19639 I cr_CachingUmaRecorder: Flushed 3 samples from 3 histograms.
10-30 23:35:50.949   772 10895 I ActivityManager: Killing 19574:com.android.chrome:sandboxed_process20/u0a60i41 (adj 0): isolated not needed
10-30 23:35:50.949   772   790 W zygote64: failed to open /acct/uid_99041/pid_19574/cgroup.procs: No such file or directory
10-30 23:35:50.958 18959 18959 W chromium: [WARNING:compositor_view.cc(342)] Child process died (type=6) pid=19574)
10-30 23:35:50.983 19584 19639 I chromium: [INFO:child_process_service.cc(69)] ChildProcessService: Exiting child process.
10-30 23:35:50.988   422   422 E lowmemorykiller: Error writing /proc/19584/oom_score_adj; errno=22
10-30 23:35:50.988   772  2969 I ActivityManager: Killing 19584:com.android.chrome:sandboxed_process21/u0a60i42 (adj 0): isolated not needed
10-30 23:35:50.989   772   790 W zygote64: failed to open /acct/uid_99042/pid_19584/cgroup.procs: No such file or directory
10-30 23:35:51.049 18959 18959 W chromium: [WARNING:compositor_view.cc(342)] Child process died (type=6) pid=19584)
10-30 23:35:51.981 19038 19053 I vndksupport: sphal namespace is not configured for this process. Loading libutils.so from the current namespace instead.
10-30 23:35:51.982 19532 19544 I vndksupport: sphal namespace is not configured for this process. Loading libutils.so from the current namespace instead.
10-30 23:35:51.982 18959 19059 I vndksupport: sphal namespace is not configured for this process. Loading libutils.so from the current namespace instead.
10-30 23:35:51.982 19002 19015 I vndksupport: sphal namespace is not configured for this process. Loading libutils.so from the current namespace instead.
10-30 23:35:51.991   556  7524 E Parcel  : Reading a NULL string not supported here.
10-30 23:35:51.992   556  7524 W Parcel  : **** enforceInterface() expected 'IAAudioService' but read ''
10-30 23:35:51.992   360   360 E SELinux : avc:  denied  { find } for service=android.service.gatekeeper.IGateKeeperService pid=19681 uid=2000 scontext=u:r:shell:s0 tcontext=u:object_r:gatekeeper_service:s0 tclass=service_manager
10-30 23:35:51.993 19681 19681 W atrace  : type=1400 audit(0.0:11683): avc: denied { call } for scontext=u:r:shell:s0 tcontext=u:r:wificond:s0 tclass=binder permissive=0
10-30 23:35:51.993   360   360 E SELinux : avc:  denied  { find } for service=netd pid=19681 uid=2000 scontext=u:r:shell:s0 tcontext=u:object_r:netd_service:s0 tclass=service_manager
10-30 23:35:51.999   360   360 E SELinux : avc:  denied  { find } for service=installd pid=19681 uid=2000 scontext=u:r:shell:s0 tcontext=u:object_r:installd_service:s0 tclass=service_manager
10-30 23:35:52.006   361   361 E SELinux : avc:  denied  { find } for interface=android.frameworks.displayservice::IDisplayService pid=19681 scontext=u:r:shell:s0 tcontext=u:object_r:fwk_display_hwservice:s0 tclass=hwservice_manager
10-30 23:35:52.007   361   361 E SELinux : avc:  denied  { find } for interface=android.frameworks.schedulerservice::ISchedulingPolicyService pid=19681 scontext=u:r:shell:s0 tcontext=u:object_r:fwk_scheduler_hwservice:s0 tclass=hwservice_manager
10-30 23:35:52.007   361   361 E SELinux : avc:  denied  { find } for interface=android.frameworks.sensorservice::ISensorManager pid=19681 scontext=u:r:shell:s0 tcontext=u:object_r:fwk_sensor_hwservice:s0 tclass=hwservice_manager
10-30 23:35:52.008   361   361 E SELinux : avc:  denied  { find } for interface=android.hardware.biometrics.fingerprint::IBiometricsFingerprint pid=19681 scontext=u:r:shell:s0 tcontext=u:object_r:hal_fingerprint_hwservice:s0 tclass=hwservice_manager
10-30 23:35:52.009   361   361 E SELinux : avc:  denied  { find } for interface=android.hardware.dumpstate::IDumpstateDevice pid=19681 scontext=u:r:shell:s0 tcontext=u:object_r:hal_dumpstate_hwservice:s0 tclass=hwservice_manager
10-30 23:35:52.010   361   361 E SELinux : avc:  denied  { find } for interface=android.hardware.radio.deprecated::IOemHook pid=19681 scontext=u:r:shell:s0 tcontext=u:object_r:hal_telephony_hwservice:s0 tclass=hwservice_manager
10-30 23:35:52.011   361   361 E SELinux : avc:  denied  { find } for interface=android.hardware.radio::IRadio pid=19681 scontext=u:r:shell:s0 tcontext=u:object_r:hal_telephony_hwservice:s0 tclass=hwservice_manager
10-30 23:35:52.011   361   361 E SELinux : avc:  denied  { find } for interface=android.hardware.radio::ISap pid=19681 scontext=u:r:shell:s0 tcontext=u:object_r:hal_telephony_hwservice:s0 tclass=hwservice_manager
10-30 23:35:52.012   361   361 E SELinux : avc:  denied  { find } for interface=android.hardware.usb::IUsb pid=19681 scontext=u:r:shell:s0 tcontext=u:object_r:hal_usb_hwservice:s0 tclass=hwservice_manager
10-30 23:35:52.013   361   361 E SELinux : avc:  denied  { find } for interface=android.hardware.wifi.supplicant::ISupplicant pid=19681 scontext=u:r:shell:s0 tcontext=u:object_r:hal_wifi_supplicant_hwservice:s0 tclass=hwservice_manager
10-30 23:35:52.014   361   361 E SELinux : avc:  denied  { find } for interface=android.hardware.wifi::IWifi pid=19681 scontext=u:r:shell:s0 tcontext=u:object_r:hal_wifi_hwservice:s0 tclass=hwservice_manager
10-30 23:35:52.015   361   361 E SELinux : avc:  denied  { find } for interface=android.hidl.base::IBase pid=19681 scontext=u:r:shell:s0 tcontext=u:object_r:hidl_base_hwservice:s0 tclass=hwservice_manager
10-30 23:35:52.015   361   361 I chatty  : uid=1000(system) hwservicemanage identical 1 line
10-30 23:35:52.016   361   361 E SELinux : avc:  denied  { find } for interface=android.hidl.base::IBase pid=19681 scontext=u:r:shell:s0 tcontext=u:object_r:hidl_base_hwservice:s0 tclass=hwservice_manager
10-30 23:35:52.019   361   361 E SELinux : avc:  denied  { find } for interface=android.system.wifi.keystore::IKeystore pid=19681 scontext=u:r:shell:s0 tcontext=u:object_r:system_wifi_keystore_hwservice:s0 tclass=hwservice_manager
10-30 23:35:52.259 18959 18959 W chromium: [WARNING:controller_impl.cc(1190)] Background download complete, client: 6, completion type: 0, file size:16643
10-30 23:35:52.290 19683 19683 E /system/bin/webview_zygote32: failed to make and chown /acct/uid_99043: Permission denied
10-30 23:35:52.290 19683 19683 E Zygote  : createProcessGroup(99043, 0) failed: Permission denied
10-30 23:35:52.296   772  1259 I ActivityManager: Start proc 19683:com.android.chrome:sandboxed_process22/u0i43 for webview_service com.android.chrome/org.chromium.content.app.SandboxedProcessService22
10-30 23:35:52.334 19683 19683 I SamplingProfilerIntegration: Profiling disabled.
10-30 23:35:52.359 18959 18959 W chromium: [WARNING:controller_impl.cc(1190)] Background download complete, client: 6, completion type: 0, file size:18160
10-30 23:35:52.371 19696 19696 E asset   : setgid: Operation not permitted
10-30 23:35:52.386   772  3037 I ActivityManager: Start proc 19697:com.android.chrome:sandboxed_process23/u0i44 for webview_service com.android.chrome/org.chromium.content.app.SandboxedProcessService23
10-30 23:35:52.390 19697 19697 E /system/bin/webview_zygote32: failed to make and chown /acct/uid_99044: Permission denied
10-30 23:35:52.390 19697 19697 E Zygote  : createProcessGroup(99044, 0) failed: Permission denied
10-30 23:35:52.403 19683 19683 I cr_SplitCompatApp: Launched version=106.0.5249.79 minSdkVersion=24 isBundle=true processName=com.android.chrome:sandboxed_process22 isIsolated=true
10-30 23:35:52.408 19683 19683 W SystemServiceRegistry: No service published for: uimode
10-30 23:35:52.415 19683 19683 I cr_ChildProcessService: Creating new ChildProcessService pid=19683
10-30 23:35:52.428 19697 19697 I SamplingProfilerIntegration: Profiling disabled.
10-30 23:35:52.428 19683 19683 E WebViewFactory: can't load with relro file; address space not reserved
10-30 23:35:52.437 19683 19709 I cr_LibraryLoader: Successfully loaded native library
10-30 23:35:52.438 19683 19709 I cr_CachingUmaRecorder: Flushed 3 samples from 3 histograms.
10-30 23:35:52.457 19717 19717 E asset   : setgid: Operation not permitted
10-30 23:35:52.465 19683 19693 I /system/bin/webview_zygote32: Background concurrent copying GC freed 4106(1239KB) AllocSpace objects, 3(76KB) LOS objects, 93% free, 112KB/1648KB, paused 6.841ms total 19.655ms
10-30 23:35:52.470 19714 19714 W ThreadPoolForeg: type=1400 audit(0.0:11684): avc: denied { setattr } for name="model-info.pb" dev="dm-2" ino=1504845 scontext=u:r:isolated_app:s0:c512,c768 tcontext=u:object_r:app_data_file:s0:c512,c768 tclass=file permissive=0
10-30 23:35:52.476 19714 19714 W ThreadPoolForeg: type=1400 audit(0.0:11685): avc: denied { setattr } for name="model.tflite" dev="dm-2" ino=1504846 scontext=u:r:isolated_app:s0:c512,c768 tcontext=u:object_r:app_data_file:s0:c512,c768 tclass=file permissive=0
10-30 23:35:52.488 19683 19709 I chromium: [INFO:child_process_service.cc(69)] ChildProcessService: Exiting child process.
10-30 23:35:52.491   422   422 E lowmemorykiller: Error writing /proc/19683/oom_score_adj; errno=22
10-30 23:35:52.492   772 13071 I ActivityManager: Killing 19683:com.android.chrome:sandboxed_process22/u0a60i43 (adj 0): isolated not needed
10-30 23:35:52.493   772   790 W zygote64: failed to open /acct/uid_99043/pid_19683/cgroup.procs: No such file or directory
10-30 23:35:52.502 18959 18959 W chromium: [WARNING:controller_impl.cc(1190)] Background download complete, client: 6, completion type: 0, file size:15859
10-30 23:35:52.507 19697 19697 I cr_SplitCompatApp: Launched version=106.0.5249.79 minSdkVersion=24 isBundle=true processName=com.android.chrome:sandboxed_process23 isIsolated=true
10-30 23:35:52.513 19697 19697 W SystemServiceRegistry: No service published for: uimode
10-30 23:35:52.521 19697 19697 I cr_ChildProcessService: Creating new ChildProcessService pid=19697
10-30 23:35:52.523 19718 19718 E /system/bin/webview_zygote32: failed to make and chown /acct/uid_99045: Permission denied
10-30 23:35:52.524 19718 19718 E Zygote  : createProcessGroup(99045, 0) failed: Permission denied
10-30 23:35:52.526 18959 18959 W chromium: [WARNING:compositor_view.cc(342)] Child process died (type=6) pid=19683)
10-30 23:35:52.532   772 10893 I ActivityManager: Start proc 19718:com.android.chrome:sandboxed_process24/u0i45 for webview_service com.android.chrome/org.chromium.content.app.SandboxedProcessService24
10-30 23:35:52.544 19718 19718 I SamplingProfilerIntegration: Profiling disabled.
10-30 23:35:52.546 19697 19697 E WebViewFactory: can't load with relro file; address space not reserved
10-30 23:35:52.568 19697 19719 I cr_LibraryLoader: Successfully loaded native library
10-30 23:35:52.569 19697 19719 I cr_CachingUmaRecorder: Flushed 3 samples from 3 histograms.
10-30 23:35:52.571 19733 19733 E asset   : setgid: Operation not permitted
10-30 23:35:52.599 18959 18959 W chromium: [WARNING:controller_impl.cc(1190)] Background download complete, client: 6, completion type: 0, file size:4951
10-30 23:35:52.603 19718 19718 I cr_SplitCompatApp: Launched version=106.0.5249.79 minSdkVersion=24 isBundle=true processName=com.android.chrome:sandboxed_process24 isIsolated=true
10-30 23:35:52.608 19718 19718 W SystemServiceRegistry: No service published for: uimode
10-30 23:35:52.615 19718 19718 I cr_ChildProcessService: Creating new ChildProcessService pid=19718
10-30 23:35:52.616 19738 19738 W ThreadPoolForeg: type=1400 audit(0.0:11686): avc: denied { setattr } for name="model-info.pb" dev="dm-2" ino=1504859 scontext=u:r:isolated_app:s0:c512,c768 tcontext=u:object_r:app_data_file:s0:c512,c768 tclass=file permissive=0
10-30 23:35:52.620 19738 19738 W ThreadPoolForeg: type=1400 audit(0.0:11687): avc: denied { setattr } for name="model.tflite" dev="dm-2" ino=1504861 scontext=u:r:isolated_app:s0:c512,c768 tcontext=u:object_r:app_data_file:s0:c512,c768 tclass=file permissive=0
10-30 23:35:52.623 19741 19741 E /system/bin/webview_zygote32: failed to make and chown /acct/uid_99046: Permission denied
10-30 23:35:52.624 19741 19741 E Zygote  : createProcessGroup(99046, 0) failed: Permission denied
10-30 23:35:52.628 19697 19719 I chromium: [INFO:child_process_service.cc(69)] ChildProcessService: Exiting child process.
10-30 23:35:52.633   772   784 I ActivityManager: Start proc 19741:com.android.chrome:sandboxed_process25/u0i46 for webview_service com.android.chrome/org.chromium.content.app.SandboxedProcessService25
10-30 23:35:52.637   422   422 E lowmemorykiller: Error writing /proc/19697/oom_score_adj; errno=22
10-30 23:35:52.638   772 10894 I ActivityManager: Killing 19697:com.android.chrome:sandboxed_process23/u0a60i44 (adj 0): isolated not needed
10-30 23:35:52.639   772   790 W zygote64: failed to open /acct/uid_99044/pid_19697/cgroup.procs: No such file or directory
10-30 23:35:52.644 19718 19718 E WebViewFactory: can't load with relro file; address space not reserved
10-30 23:35:52.645 19741 19741 I SamplingProfilerIntegration: Profiling disabled.
10-30 23:35:52.655 19718 19740 I cr_LibraryLoader: Successfully loaded native library
10-30 23:35:52.657 19718 19740 I cr_CachingUmaRecorder: Flushed 3 samples from 3 histograms.
10-30 23:35:52.657 18959 18959 W chromium: [WARNING:compositor_view.cc(342)] Child process died (type=6) pid=19697)
10-30 23:35:52.661 19754 19754 E asset   : setgid: Operation not permitted
10-30 23:35:52.696 19741 19741 I cr_SplitCompatApp: Launched version=106.0.5249.79 minSdkVersion=24 isBundle=true processName=com.android.chrome:sandboxed_process25 isIsolated=true
10-30 23:35:52.700 19759 19759 W ThreadPoolForeg: type=1400 audit(0.0:11688): avc: denied { setattr } for name="model-info.pb" dev="dm-2" ino=1504844 scontext=u:r:isolated_app:s0:c512,c768 tcontext=u:object_r:app_data_file:s0:c512,c768 tclass=file permissive=0
10-30 23:35:52.701 19741 19741 W SystemServiceRegistry: No service published for: uimode
10-30 23:35:52.703 19759 19759 W ThreadPoolForeg: type=1400 audit(0.0:11689): avc: denied { setattr } for name="model.tflite" dev="dm-2" ino=1504859 scontext=u:r:isolated_app:s0:c512,c768 tcontext=u:object_r:app_data_file:s0:c512,c768 tclass=file permissive=0
10-30 23:35:52.705 18959 18959 W chromium: [WARNING:controller_impl.cc(1190)] Background download complete, client: 6, completion type: 0, file size:2759
10-30 23:35:52.708 19741 19741 I cr_ChildProcessService: Creating new ChildProcessService pid=19741
10-30 23:35:52.711 19718 19740 I chromium: [INFO:child_process_service.cc(69)] ChildProcessService: Exiting child process.
10-30 23:35:52.718   422   422 E lowmemorykiller: Error writing /proc/19718/oom_score_adj; errno=22
10-30 23:35:52.718   772  4539 I ActivityManager: Killing 19718:com.android.chrome:sandboxed_process24/u0a60i45 (adj 0): isolated not needed
10-30 23:35:52.719   772   790 W zygote64: failed to open /acct/uid_99045/pid_19718/cgroup.procs: No such file or directory
10-30 23:35:52.719 19741 19741 E WebViewFactory: can't load with relro file; address space not reserved
10-30 23:35:52.739 18959 18959 W chromium: [WARNING:compositor_view.cc(342)] Child process died (type=6) pid=19718)
10-30 23:35:52.745 19762 19762 E /system/bin/webview_zygote32: failed to make and chown /acct/uid_99047: Permission denied
10-30 23:35:52.745 19762 19762 E Zygote  : createProcessGroup(99047, 0) failed: Permission denied
10-30 23:35:52.747 19741 19761 I cr_LibraryLoader: Successfully loaded native library
10-30 23:35:52.747   772  2969 I ActivityManager: Start proc 19762:com.android.chrome:sandboxed_process26/u0i47 for webview_service com.android.chrome/org.chromium.content.app.SandboxedProcessService26
10-30 23:35:52.751 19741 19761 I cr_CachingUmaRecorder: Flushed 3 samples from 3 histograms.
10-30 23:35:52.771 19762 19762 I SamplingProfilerIntegration: Profiling disabled.
10-30 23:35:52.773 19775 19775 W ThreadPoolForeg: type=1400 audit(0.0:11690): avc: denied { setattr } for name="model-info.pb" dev="dm-2" ino=1504840 scontext=u:r:isolated_app:s0:c512,c768 tcontext=u:object_r:app_data_file:s0:c512,c768 tclass=file permissive=0
10-30 23:35:52.773 19775 19775 W ThreadPoolForeg: type=1400 audit(0.0:11691): avc: denied { setattr } for name="model.tflite" dev="dm-2" ino=1504844 scontext=u:r:isolated_app:s0:c512,c768 tcontext=u:object_r:app_data_file:s0:c512,c768 tclass=file permissive=0
10-30 23:35:52.782 19741 19761 I chromium: [INFO:child_process_service.cc(69)] ChildProcessService: Exiting child process.
10-30 23:35:52.783   422   422 E lowmemorykiller: Error writing /proc/19741/oom_score_adj; errno=22
10-30 23:35:52.784   772  3854 I ActivityManager: Killing 19741:com.android.chrome:sandboxed_process25/u0a60i46 (adj 0): isolated not needed
10-30 23:35:52.785   772   790 W zygote64: failed to open /acct/uid_99046/pid_19741/cgroup.procs: No such file or directory
10-30 23:35:52.791 19781 19781 E asset   : setgid: Operation not permitted
10-30 23:35:52.796 18959 18959 W chromium: [WARNING:compositor_view.cc(342)] Child process died (type=6) pid=19741)
10-30 23:35:52.823 19762 19762 I cr_SplitCompatApp: Launched version=106.0.5249.79 minSdkVersion=24 isBundle=true processName=com.android.chrome:sandboxed_process26 isIsolated=true
10-30 23:35:52.828 19762 19762 W SystemServiceRegistry: No service published for: uimode
10-30 23:35:52.839 19762 19762 I cr_ChildProcessService: Creating new ChildProcessService pid=19762
10-30 23:35:52.843 19762 19762 E WebViewFactory: can't load with relro file; address space not reserved
10-30 23:35:52.852 19762 19783 I cr_LibraryLoader: Successfully loaded native library
10-30 23:35:52.853 19762 19783 I cr_CachingUmaRecorder: Flushed 3 samples from 3 histograms.
10-30 23:35:52.866 19788 19788 W ThreadPoolForeg: type=1400 audit(0.0:11692): avc: denied { setattr } for name="model-info.pb" dev="dm-2" ino=1504840 scontext=u:r:isolated_app:s0:c512,c768 tcontext=u:object_r:app_data_file:s0:c512,c768 tclass=file permissive=0
10-30 23:35:52.870 19788 19788 W ThreadPoolForeg: type=1400 audit(0.0:11693): avc: denied { setattr } for name="model.tflite" dev="dm-2" ino=1504845 scontext=u:r:isolated_app:s0:c512,c768 tcontext=u:object_r:app_data_file:s0:c512,c768 tclass=file permissive=0
10-30 23:35:52.877 19762 19783 I chromium: [INFO:child_process_service.cc(69)] ChildProcessService: Exiting child process.
10-30 23:35:52.880   422   422 E lowmemorykiller: Error writing /proc/19762/oom_score_adj; errno=22
10-30 23:35:52.880   772  1324 I ActivityManager: Killing 19762:com.android.chrome:sandboxed_process26/u0a60i47 (adj 0): isolated not needed
10-30 23:35:52.881   772   790 W zygote64: failed to open /acct/uid_99047/pid_19762/cgroup.procs: No such file or directory
10-30 23:35:52.892 18959 18959 W chromium: [WARNING:compositor_view.cc(342)] Child process died (type=6) pid=19762)
10-30 23:35:53.132 18959 18959 W chromium: [WARNING:controller_impl.cc(1190)] Background download complete, client: 6, completion type: 0, file size:116031
10-30 23:35:53.158 19790 19790 E /system/bin/webview_zygote32: failed to make and chown /acct/uid_99048: Permission denied
10-30 23:35:53.158 19790 19790 E Zygote  : createProcessGroup(99048, 0) failed: Permission denied
10-30 23:35:53.163   772  4539 I ActivityManager: Start proc 19790:com.android.chrome:sandboxed_process27/u0i48 for webview_service com.android.chrome/org.chromium.content.app.SandboxedProcessService27
10-30 23:35:53.176 19790 19790 I SamplingProfilerIntegration: Profiling disabled.
10-30 23:35:53.209 19803 19803 E asset   : setgid: Operation not permitted
10-30 23:35:53.239 19790 19790 I cr_SplitCompatApp: Launched version=106.0.5249.79 minSdkVersion=24 isBundle=true processName=com.android.chrome:sandboxed_process27 isIsolated=true
10-30 23:35:53.245 19790 19790 W SystemServiceRegistry: No service published for: uimode
10-30 23:35:53.256 19790 19790 I cr_ChildProcessService: Creating new ChildProcessService pid=19790
10-30 23:35:53.264 19790 19790 E WebViewFactory: can't load with relro file; address space not reserved
10-30 23:35:53.277 19790 19805 I cr_LibraryLoader: Successfully loaded native library
