10-31 18:38:12.418   372   376 D DrmLibTime: QSEE Time Listener: time_get_modem_time
10-31 18:38:12.418   372   376 D DrmLibTime: QSEE Time Listener: Checking if ATS_MODEM is set or not.
10-31 18:38:12.418   372   376 D QC-time-services: Lib:time_genoff_operation: pargs->base = 13
10-31 18:38:12.418   372   376 D QC-time-services: Lib:time_genoff_operation: pargs->operation = 2
10-31 18:38:12.418   372   376 D QC-time-services: Lib:time_genoff_operation: pargs->ts_val = 0
10-31 18:38:12.418   372   376 D QC-time-services: Lib:time_genoff_operation: Send to server  passed!!
10-31 18:38:12.418   625   647 D QC-time-services: Daemon: Connection accepted:time_genoff
10-31 18:38:12.418   625 11113 D QC-time-services: Daemon:Received base = 13, unit = 1, operation = 2,value = 0
10-31 18:38:12.419   625 11113 D QC-time-services: Daemon:genoff_opr: Base = 13, val = 0, operation = 2
10-31 18:38:12.419   625 11113 D QC-time-services: offset is: 0 for base: 13
10-31 18:38:12.419   372   376 E QC-time-services: Receive Passed == base = 13, unit = 1, operation = 2, result = 0
10-31 18:38:12.419   372   376 D DrmLibTime: QSEE Time Listener: ATS_MODEM is not set. Fallback to Android system time.
10-31 18:38:12.419   372   376 D DrmLibTime: QSEE Time Listener: Retrieved Android system time: 1667237892
10-31 18:38:12.419   372   376 D DrmLibTime: time_getutcsec returns 0, sec = 1667237892; nsec = 0
10-31 18:38:12.419   372   376 D DrmLibTime: time_getutcsec finished! 
10-31 18:38:12.419   372   376 D DrmLibTime: iotcl_continue_command finished! and return 0 
10-31 18:38:12.419   372   376 D DrmLibTime: before calling ioctl to read the next time_cmd
10-31 18:38:12.419   625   647 E QC-time-services: Daemon: Time-services: Waiting to acceptconnection
10-31 18:38:12.450   562   562 D WVCdm   : OEMCrypto_Initialize Level 1 success. I will use level 1.
10-31 18:38:12.450   562   562 D WVCdm   : CryptoSession::Open: Lock: requested_security_level: Default
10-31 18:38:12.548   562   562 E DrmWidevineDash: OEMCrypto_GenerateSignature : input wrapped_rsa_key == NULL!, return short buffer
10-31 18:38:12.550 10305 10305 I cr_media: Provisioning origin ID 63B2A08AFCFADDD544E82614540F19FA
10-31 18:38:12.554 10305 10305 W chromium: [WARNING:compositor_view.cc(342)] Child process died (type=6) pid=11086)
10-31 18:38:12.558 10305 10305 I MediaDrm: Drm event (1,0)
10-31 18:38:12.558 10305 10305 E cr_media: EventListener: No session for event 1.
10-31 18:38:12.591   562 28303 E DrmWidevineDash: OEMCrypto_RewrapDeviceRSAKey : input wrapped_rsa_key == NULL!, return short buffer
10-31 18:38:12.608   562 28303 D QSEECOMAPI: : QSEECom_dealloc_memory 
10-31 18:38:12.608   562 28303 D QSEECOMAPI: : QSEECom_shutdown_app, app_id = 3121
10-31 18:38:14.130 11115 11115 E /system/bin/webview_zygote32: failed to make and chown /acct/uid_99910: Permission denied
10-31 18:38:14.131 11115 11115 E Zygote  : createProcessGroup(99910, 0) failed: Permission denied
10-31 18:38:14.132   772  2970 I ActivityManager: Start proc 11115:com.android.chrome:sandboxed_process22/u0i910 for webview_service com.android.chrome/org.chromium.content.app.SandboxedProcessService22
10-31 18:38:14.148 11115 11115 I SamplingProfilerIntegration: Profiling disabled.
10-31 18:38:14.168 11128 11128 E asset   : setgid: Operation not permitted
10-31 18:38:14.198 11115 11115 I cr_SplitCompatApp: Launched version=106.0.5249.79 minSdkVersion=24 isBundle=true processName=com.android.chrome:sandboxed_process22 isIsolated=true
10-31 18:38:14.206 11115 11115 W SystemServiceRegistry: No service published for: uimode
10-31 18:38:14.219 11115 11115 I cr_ChildProcessService: Creating new ChildProcessService pid=11115
10-31 18:38:14.228 11115 11115 E WebViewFactory: can't load with relro file; address space not reserved
10-31 18:38:14.239 11115 11130 I cr_LibraryLoader: Successfully loaded native library
10-31 18:38:14.240 11115 11130 I cr_CachingUmaRecorder: Flushed 3 samples from 3 histograms.
10-31 18:38:14.330 11133 11133 W ThreadPoolForeg: type=1400 audit(0.0:17455): avc: denied { setattr } for name="tl_en-us_2022-10-24_484508980_100000_index.bin" dev="dm-2" ino=1504766 scontext=u:r:isolated_app:s0:c512,c768 tcontext=u:object_r:app_data_file:s0:c512,c768 tclass=file permissive=0
10-31 18:38:14.333 11133 11133 W ThreadPoolForeg: type=1400 audit(0.0:17456): avc: denied { setattr } for name="manifest.json" dev="dm-2" ino=1504767 scontext=u:r:isolated_app:s0:c512,c768 tcontext=u:object_r:app_data_file:s0:c512,c768 tclass=file permissive=0
10-31 18:38:14.343 11133 11133 W ThreadPoolForeg: type=1400 audit(0.0:17457): avc: denied { setattr } for name="verified_contents.json" dev="dm-2" ino=1504769 scontext=u:r:isolated_app:s0:c512,c768 tcontext=u:object_r:app_data_file:s0:c512,c768 tclass=file permissive=0
10-31 18:38:14.355 11115 11130 I chromium: [INFO:child_process_service.cc(69)] ChildProcessService: Exiting child process.
10-31 18:38:14.358   422   422 E lowmemorykiller: Error writing /proc/11115/oom_score_adj; errno=22
10-31 18:38:14.360   772 29404 I ActivityManager: Killing 11115:com.android.chrome:sandboxed_process22/u0a60i910 (adj 0): isolated not needed
10-31 18:38:14.360   772   790 W zygote64: failed to open /acct/uid_99910/pid_11115/cgroup.procs: No such file or directory
10-31 18:38:14.382 10305 10305 W chromium: [WARNING:compositor_view.cc(342)] Child process died (type=6) pid=11115)
10-31 18:38:16.426 11138 11138 E /system/bin/webview_zygote32: failed to make and chown /acct/uid_99911: Permission denied
10-31 18:38:16.427 11138 11138 E Zygote  : createProcessGroup(99911, 0) failed: Permission denied
10-31 18:38:16.431   772 13071 I ActivityManager: Start proc 11138:com.android.chrome:sandboxed_process23/u0i911 for webview_service com.android.chrome/org.chromium.content.app.SandboxedProcessService23
10-31 18:38:16.472 11138 11138 I SamplingProfilerIntegration: Profiling disabled.
10-31 18:38:16.505 11151 11151 E asset   : setgid: Operation not permitted
10-31 18:38:16.547 11138 11138 I cr_SplitCompatApp: Launched version=106.0.5249.79 minSdkVersion=24 isBundle=true processName=com.android.chrome:sandboxed_process23 isIsolated=true
10-31 18:38:16.554 11138 11138 W SystemServiceRegistry: No service published for: uimode
10-31 18:38:16.567 11138 11138 I cr_ChildProcessService: Creating new ChildProcessService pid=11138
10-31 18:38:16.579 11138 11138 E WebViewFactory: can't load with relro file; address space not reserved
10-31 18:38:16.591 11138 11152 I cr_LibraryLoader: Successfully loaded native library
10-31 18:38:16.593 11138 11152 I cr_CachingUmaRecorder: Flushed 3 samples from 3 histograms.
10-31 18:38:16.683 11156 11156 W ThreadPoolForeg: type=1400 audit(0.0:17458): avc: denied { setattr } for name="optimization-hints.pb" dev="dm-2" ino=1504773 scontext=u:r:isolated_app:s0:c512,c768 tcontext=u:object_r:app_data_file:s0:c512,c768 tclass=file permissive=0
10-31 18:38:16.687 11156 11156 W ThreadPoolForeg: type=1400 audit(0.0:17459): avc: denied { setattr } for name="manifest.json" dev="dm-2" ino=1504774 scontext=u:r:isolated_app:s0:c512,c768 tcontext=u:object_r:app_data_file:s0:c512,c768 tclass=file permissive=0
10-31 18:38:16.690 11138 11148 I /system/bin/webview_zygote32: Background concurrent copying GC freed 3875(1239KB) AllocSpace objects, 3(76KB) LOS objects, 93% free, 113KB/1649KB, paused 21.082ms total 82.268ms
10-31 18:38:16.697 11156 11156 W ThreadPoolForeg: type=1400 audit(0.0:17460): avc: denied { setattr } for name="verified_contents.json" dev="dm-2" ino=1504776 scontext=u:r:isolated_app:s0:c512,c768 tcontext=u:object_r:app_data_file:s0:c512,c768 tclass=file permissive=0
10-31 18:38:16.708 11138 11152 I chromium: [INFO:child_process_service.cc(69)] ChildProcessService: Exiting child process.
10-31 18:38:16.715   422   422 E lowmemorykiller: Error writing /proc/11138/oom_score_adj; errno=22
10-31 18:38:16.716   772  1327 I ActivityManager: Killing 11138:com.android.chrome:sandboxed_process23/u0a60i911 (adj 0): isolated not needed
10-31 18:38:16.717   772   790 W zygote64: failed to open /acct/uid_99911/pid_11138/cgroup.procs: No such file or directory
10-31 18:38:16.724 10305 10305 W chromium: [WARNING:compositor_view.cc(342)] Child process died (type=6) pid=11138)
10-31 18:38:19.170 11160 11160 E /system/bin/webview_zygote32: failed to make and chown /acct/uid_99912: Permission denied
10-31 18:38:19.170 11160 11160 E Zygote  : createProcessGroup(99912, 0) failed: Permission denied
10-31 18:38:19.176   772 10860 I ActivityManager: Start proc 11160:com.android.chrome:sandboxed_process24/u0i912 for webview_service com.android.chrome/org.chromium.content.app.SandboxedProcessService24
10-31 18:38:19.198 11160 11160 I SamplingProfilerIntegration: Profiling disabled.
10-31 18:38:19.225 11173 11173 E asset   : setgid: Operation not permitted
10-31 18:38:19.260 11160 11160 I cr_SplitCompatApp: Launched version=106.0.5249.79 minSdkVersion=24 isBundle=true processName=com.android.chrome:sandboxed_process24 isIsolated=true
10-31 18:38:19.266 11160 11160 W SystemServiceRegistry: No service published for: uimode
10-31 18:38:19.280 11160 11160 I cr_ChildProcessService: Creating new ChildProcessService pid=11160
10-31 18:38:19.289 11160 11160 E WebViewFactory: can't load with relro file; address space not reserved
10-31 18:38:19.301 11160 11174 I cr_LibraryLoader: Successfully loaded native library
10-31 18:38:19.303 11160 11174 I cr_CachingUmaRecorder: Flushed 3 samples from 3 histograms.
10-31 18:38:19.343 11178 11178 W ThreadPoolForeg: type=1400 audit(0.0:17461): avc: denied { setattr } for name="ssl_error_assistant.pb" dev="dm-2" ino=1504779 scontext=u:r:isolated_app:s0:c512,c768 tcontext=u:object_r:app_data_file:s0:c512,c768 tclass=file permissive=0
10-31 18:38:19.343 11178 11178 W ThreadPoolForeg: type=1400 audit(0.0:17462): avc: denied { setattr } for name="ssl_error_assistant.pb" dev="dm-2" ino=1504779 scontext=u:r:isolated_app:s0:c512,c768 tcontext=u:object_r:app_data_file:s0:c512,c768 tclass=file permissive=0
10-31 18:38:19.347 11178 11178 W ThreadPoolForeg: type=1400 audit(0.0:17463): avc: denied { setattr } for name="manifest.json" dev="dm-2" ino=1504780 scontext=u:r:isolated_app:s0:c512,c768 tcontext=u:object_r:app_data_file:s0:c512,c768 tclass=file permissive=0
10-31 18:38:19.353 11178 11178 W ThreadPoolForeg: type=1400 audit(0.0:17464): avc: denied { setattr } for name="verified_contents.json" dev="dm-2" ino=1504785 scontext=u:r:isolated_app:s0:c512,c768 tcontext=u:object_r:app_data_file:s0:c512,c768 tclass=file permissive=0
10-31 18:38:19.360 11160 11174 I chromium: [INFO:child_process_service.cc(69)] ChildProcessService: Exiting child process.
10-31 18:38:19.362   422   422 E lowmemorykiller: Error writing /proc/11160/oom_score_adj; errno=22
10-31 18:38:19.363   772 10860 I ActivityManager: Killing 11160:com.android.chrome:sandboxed_process24/u0a60i912 (adj 0): isolated not needed
10-31 18:38:19.363   772   790 W zygote64: failed to open /acct/uid_99912/pid_11160/cgroup.procs: No such file or directory
10-31 18:38:19.379 10305 10305 W chromium: [WARNING:compositor_view.cc(342)] Child process died (type=6) pid=11160)
10-31 18:38:22.193 11182 11182 E /system/bin/webview_zygote32: failed to make and chown /acct/uid_99913: Permission denied
10-31 18:38:22.194 11182 11182 E Zygote  : createProcessGroup(99913, 0) failed: Permission denied
10-31 18:38:22.203   772  3037 I ActivityManager: Start proc 11182:com.android.chrome:sandboxed_process25/u0i913 for webview_service com.android.chrome/org.chromium.content.app.SandboxedProcessService25
10-31 18:38:22.227 11182 11182 I SamplingProfilerIntegration: Profiling disabled.
10-31 18:38:22.252 11195 11195 E asset   : setgid: Operation not permitted
10-31 18:38:22.287 11182 11182 I cr_SplitCompatApp: Launched version=106.0.5249.79 minSdkVersion=24 isBundle=true processName=com.android.chrome:sandboxed_process25 isIsolated=true
10-31 18:38:22.294 11182 11182 W SystemServiceRegistry: No service published for: uimode
10-31 18:38:22.308 11182 11182 I cr_ChildProcessService: Creating new ChildProcessService pid=11182
10-31 18:38:22.317 11182 11182 E WebViewFactory: can't load with relro file; address space not reserved
10-31 18:38:22.329 11182 11196 I cr_LibraryLoader: Successfully loaded native library
10-31 18:38:22.331 11182 11196 I cr_CachingUmaRecorder: Flushed 3 samples from 3 histograms.
10-31 18:38:22.376   772 13071 D WificondControl: Scan result ready event
10-31 18:38:22.393 11199 11199 W ThreadPoolForeg: type=1400 audit(0.0:17465): avc: denied { setattr } for name="download_file_types.pb" dev="dm-2" ino=1504794 scontext=u:r:isolated_app:s0:c512,c768 tcontext=u:object_r:app_data_file:s0:c512,c768 tclass=file permissive=0
10-31 18:38:22.393 11199 11199 W ThreadPoolForeg: type=1400 audit(0.0:17466): avc: denied { setattr } for name="download_file_types.pb" dev="dm-2" ino=1504794 scontext=u:r:isolated_app:s0:c512,c768 tcontext=u:object_r:app_data_file:s0:c512,c768 tclass=file permissive=0
10-31 18:38:22.397 11199 11199 W ThreadPoolForeg: type=1400 audit(0.0:17467): avc: denied { setattr } for name="manifest.json" dev="dm-2" ino=1504797 scontext=u:r:isolated_app:s0:c512,c768 tcontext=u:object_r:app_data_file:s0:c512,c768 tclass=file permissive=0
10-31 18:38:22.400 11199 11199 W ThreadPoolForeg: type=1400 audit(0.0:17468): avc: denied { setattr } for name="verified_contents.json" dev="dm-2" ino=1504799 scontext=u:r:isolated_app:s0:c512,c768 tcontext=u:object_r:app_data_file:s0:c512,c768 tclass=file permissive=0
10-31 18:38:22.409 11182 11196 I chromium: [INFO:child_process_service.cc(69)] ChildProcessService: Exiting child process.
10-31 18:38:22.410   422   422 E lowmemorykiller: Error writing /proc/11182/oom_score_adj; errno=22
10-31 18:38:22.411   772 20193 I ActivityManager: Killing 11182:com.android.chrome:sandboxed_process25/u0a60i913 (adj 0): isolated not needed
10-31 18:38:22.411   772   790 W zygote64: failed to open /acct/uid_99913/pid_11182/cgroup.procs: No such file or directory
10-31 18:38:22.423 10305 10305 W chromium: [WARNING:compositor_view.cc(342)] Child process died (type=6) pid=11182)
10-31 18:38:24.079   772 29404 I ActivityManager: Force stopping com.android.chrome appid=10060 user=0: from pid 11214
10-31 18:38:24.080   772 29404 I ActivityManager: Killing 10375:com.android.chrome:privileged_process0/u0a60 (adj 0): stop com.android.chrome
10-31 18:38:24.081   772 29404 W ActivityManager: Scheduling restart of crashed service com.android.chrome/org.chromium.content.app.PrivilegedProcessService0 in 1000ms
10-31 18:38:24.089   772 29404 I ActivityManager: Killing 10305:com.android.chrome/u0a60 (adj 0): stop com.android.chrome
10-31 18:38:24.097 29692 29692 D BoundBrokerSvc: onUnbind: Intent { act=com.google.android.gms.auth.key.retrieval.service.START dat=chimera-action:com.google.android.gms.auth.key.retrieval.service.START cmp=com.google.android.gms/.chimera.GmsApiService }
10-31 18:38:24.097   772 29404 W ActivityManager: Force removing ActivityRecord{bfdefa3 u0 com.android.chrome/com.google.android.apps.chrome.Main t900}: app died, no saved state
10-31 18:38:24.098 10342 10342 I cr_ChildProcessService: Destroying ChildProcessService pid=10342
10-31 18:38:24.101 10751 10751 I cr_ChildProcessService: Destroying ChildProcessService pid=10751
10-31 18:38:24.102   772 29404 I WindowManager: Failed to capture screenshot of Token{534e2a0 ActivityRecord{bfdefa3 u0 com.android.chrome/com.google.android.apps.chrome.Main t900 f}} appWin=Window{572bcfc u0 com.android.chrome/com.google.android.apps.chrome.Main} drawState=4
10-31 18:38:24.113   772 29404 I ActivityManager: Killing 10751:com.android.chrome:sandboxed_process11/u0a60i899 (adj 0): isolated not needed
10-31 18:38:24.113   772 29404 I ActivityManager: Killing 10342:com.android.chrome:sandboxed_process0/u0a60i888 (adj 0): isolated not needed
10-31 18:38:24.116 24117 24117 I MemoryTrimmer: Trimming objects from memory, since app is in the background.
10-31 18:38:24.130  1311  1311 D CarrierSvcBindHelper: No carrier app for: 0
10-31 18:38:24.144 29407 29511 I Adreno  : QUALCOMM build                   : 7142022, Ib5823dd10c
10-31 18:38:24.144 29407 29511 I Adreno  : Build Date                       : 06/23/17
10-31 18:38:24.144 29407 29511 I Adreno  : OpenGL ES Shader Compiler Version: EV031.18.00.00
10-31 18:38:24.144 29407 29511 I Adreno  : Local Branch                     : O11A
10-31 18:38:24.144 29407 29511 I Adreno  : Remote Branch                    : 
10-31 18:38:24.144 29407 29511 I Adreno  : Remote Branch                    : 
10-31 18:38:24.144 29407 29511 I Adreno  : Reconstruct Branch               : 
10-31 18:38:24.144  2964  2964 D RegisteredNfcFServicesCache: Service unchanged, not updating
10-31 18:38:24.146 29407 29511 I vndksupport: sphal namespace is not configured for this process. Loading /vendor/lib64/hw/gralloc.msm8992.so from the current namespace instead.
10-31 18:38:24.151 29407 29511 I Adreno  : PFP: 0x00000000, ME: 0x00000000
10-31 18:38:24.154 29407 29511 I OpenGLRenderer: Initialized EGL, version 1.4
10-31 18:38:24.154 29407 29511 D OpenGLRenderer: Swap behavior 2
10-31 18:38:24.158   772 10894 E JavaBinder: !!! FAILED BINDER TRANSACTION !!!  (parcel size = 108)
10-31 18:38:24.158   772 10894 W InputMethodManagerService: Got RemoteException sending setActive(false) notification to pid 10305 uid 10060
10-31 18:38:24.158   772 10894 E JavaBinder: !!! FAILED BINDER TRANSACTION !!!  (parcel size = 108)
10-31 18:38:24.165   772 13071 D ConnectivityService: ConnectivityService NetworkRequestInfo binderDied(NetworkRequest [ LISTEN id=2214, [ Capabilities: INTERNET&NOT_RESTRICTED&TRUSTED&FOREGROUND] ], android.os.BinderProxy@adce606)
10-31 18:38:24.166   772   862 E ConnectivityService: RemoteException caught trying to send a callback msg for NetworkRequest [ LISTEN id=2214, [ Capabilities: INTERNET&NOT_RESTRICTED&TRUSTED&FOREGROUND] ]
10-31 18:38:24.169   772 10895 D ConnectivityService: ConnectivityService NetworkRequestInfo binderDied(NetworkRequest [ LISTEN id=2213, [ Capabilities: INTERNET&NOT_RESTRICTED&TRUSTED&FOREGROUND] ], android.os.BinderProxy@cc7f4c7)
10-31 18:38:24.169   772   862 E ConnectivityService: RemoteException caught trying to send a callback msg for NetworkRequest [ LISTEN id=2213, [ Capabilities: INTERNET&NOT_RESTRICTED&TRUSTED&FOREGROUND] ]
10-31 18:38:24.170   772   797 W ActivityManager: setHasOverlayUi called on unknown pid: 10305
10-31 18:38:24.173   772 10894 D ConnectivityService: ConnectivityService NetworkRequestInfo binderDied(NetworkRequest [ LISTEN id=2215, [ Capabilities: INTERNET&NOT_RESTRICTED&TRUSTED&FOREGROUND] ], android.os.BinderProxy@d24afde)
10-31 18:38:24.174   772   862 E ConnectivityService: RemoteException caught trying to send a callback msg for NetworkRequest [ LISTEN id=2215, [ Capabilities: INTERNET&NOT_RESTRICTED&TRUSTED&FOREGROUND] ]
10-31 18:38:24.182   772   790 W zygote64: failed to open /acct/uid_99899/pid_10751/cgroup.procs: No such file or directory
10-31 18:38:24.183   772   790 W zygote64: failed to open /acct/uid_99888/pid_10342/cgroup.procs: No such file or directory
10-31 18:38:24.190   772  4539 W ActivityManager: Unable to start service Intent { act=com.google.android.gms.speech.service.START pkg=com.google.android.gms } U=0: not found
10-31 18:38:24.191   772 13071 W ActivityManager: Unbind failed: could not find connection for android.os.BinderProxy@8b0dcb6
10-31 18:38:24.191 24117 24264 E GmsClient: unable to connect to service: com.google.android.gms.speech.service.START on com.google.android.gms
10-31 18:38:24.214 24117 24134 W SessionLifecycleManager: Handover failed. Creating new session controller.
10-31 18:38:24.217 24117 24117 I OptInState: There is a new client and it does not support opt-in. Dropping request.
10-31 18:38:24.244 24117 24117 I MicroDetectionWorker: #updateMicroDetector [detectionMode: [mDetectionMode: [1]]]
10-31 18:38:24.244 24117 24117 I MicroDetectionWorker: #startMicroDetector [speakerMode: 0]
10-31 18:38:24.248 24117 24117 I MicroDetectionWorker: onReady
10-31 18:38:24.248 24117 24147 I MicroRecognitionRunner: Starting detection.
10-31 18:38:24.249 24117 24356 I MicrophoneInputStream: mic_starting com.google.android.apps.gsa.speech.audio.af@bfefc8
10-31 18:38:24.252   556  7524 W DeviceHAL: Device 0xefa2d000 open_input_stream: Invalid argument
10-31 18:38:24.253   556 11228 I AudioFlinger: AudioFlinger's thread 0xec603a80 tid=11228 ready to run
10-31 18:38:24.261   556   753 I SoundTriggerHwService::Module: onCallbackEvent no clients
10-31 18:38:24.261 24117 24356 I MicrophoneInputStream: mic_started com.google.android.apps.gsa.speech.audio.af@bfefc8
10-31 18:38:24.263   556 11229 D sound_trigger_platform: platform_stdev_check_and_update_concurrency: concurrency active 0, tx 1, rx 0, concurrency session_allowed 0
10-31 18:38:24.263   556 11229 D audio_hw_primary: enable_snd_device: snd_device(72: voice-rec-mic)
10-31 18:38:24.269   556 11229 D audio_hw_primary: enable_audio_route: usecase(9) apply and update mixer path: audio-record
10-31 18:38:24.335 24117 24117 I MicroDetectionWorker: onReady
10-31 18:38:24.532 11218 11218 D AndroidRuntime: >>>>>> START com.android.internal.os.RuntimeInit uid 2000 <<<<<<
10-31 18:38:24.674 11218 11218 D AndroidRuntime: Calling main entry com.android.commands.pm.Pm
10-31 18:38:24.679 29407 29511 W OpenGLRenderer: Incorrectly called buildLayer on View: ShortcutAndWidgetContainer, destroying layer...
10-31 18:38:24.682   772 13022 I ActivityManager: Force stopping com.android.chrome appid=10060 user=0: clear data
10-31 18:38:24.689   772   788 I ActivityManager: Force stopping com.android.chrome appid=10060 user=-1: clearApplicationUserData
10-31 18:38:24.761   560   560 I keystore: clear_uid 10060
10-31 18:38:24.777  1311  1311 D CarrierSvcBindHelper: No carrier app for: 0
10-31 18:38:24.782 11218 11218 I app_process: System.exit called, status: 0
10-31 18:38:24.782 11218 11218 I AndroidRuntime: VM exiting with result code 0.
10-31 18:38:24.784   772   787 W ResourceType: No known package when getting value for resource number 0x7f0904db
10-31 18:38:24.784   772   787 W ResourceType: No known package when getting value for resource number 0x7f140670
10-31 18:38:24.785   772   787 W ResourceType: No known package when getting value for resource number 0x7f0904da
10-31 18:38:24.785   772   787 W ResourceType: No known package when getting value for resource number 0x7f14018b
10-31 18:38:24.785   772   787 W ResourceType: No known package when getting value for resource number 0x7f14066f
10-31 18:38:24.785   772   787 W ResourceType: No known package when getting value for resource number 0x7f140434
10-31 18:38:24.785   772   787 E ShortcutService: Ignoring excessive intent tag.
10-31 18:38:24.799  2964  2964 D RegisteredNfcFServicesCache: Service unchanged, not updating
10-31 18:38:24.854 29486 11243 I Fitness : FitCleanupIntentOperation received Intent android.intent.action.PACKAGE_DATA_CLEARED [CONTEXT service_id=17 ]
10-31 18:38:24.883 29692  6326 I Icing   : doRemovePackageData com.android.chrome
10-31 18:38:24.884 29692  6326 I Icing   : Removing corpus key com.android.chrome-omnibox for package com.android.chrome
10-31 18:38:24.917 29692  6326 I native  : I0000 00:00:1667237904.917453    6326 flash-index.cc:1535] Flash index sort hb 7 prefix-hits 13 -> 10 at 6.608ms
10-31 18:38:24.961 29692  6326 I Icing   : Removing corpus key com.android.chrome-.implicit: for package com.android.chrome
10-31 18:38:25.036 29692  6326 I Icing   : updateResources: need to parse anue{com.android.chrome}
10-31 18:38:25.110 29692  6326 I Icing   : Indexing com.android.chrome-omnibox from com.android.chrome
10-31 18:38:25.127   772  3854 I ActivityManager: Start proc 11268:com.android.chrome/u0a60 for content provider com.android.chrome/com.google.android.apps.chrome.icing.IcingProvider
10-31 18:38:25.131   772 10894 I ActivityManager: Force stopping com.android.chrome appid=10060 user=0: from pid 11267
10-31 18:38:25.131   772 10894 I ActivityManager: Killing 11268:com.android.chrome/u0a60 (adj -10000): stop com.android.chrome
10-31 18:38:25.147   772 10894 I ActivityManager: Start proc 11277:com.android.chrome/u0a60 for restart com.android.chrome
10-31 18:38:25.150   772  3854 W ActivityManager: Unable to launch app com.android.chrome/10060 for provider com.android.chrome.icing: launching app became null
10-31 18:38:25.150 29692  6326 E ActivityThread: Failed to find provider info for com.android.chrome.icing
10-31 18:38:25.150 29692  6326 W Icing   : Could not connect to content provider content://com.android.chrome.icing
10-31 18:38:25.154  1311  1311 D CarrierSvcBindHelper: No carrier app for: 0
10-31 18:38:25.164  2964  2964 D RegisteredNfcFServicesCache: Service unchanged, not updating
10-31 18:38:25.205 11277 11277 I cr_SplitCompatApp: Launched version=106.0.5249.79 minSdkVersion=24 isBundle=true processName=com.android.chrome isIsolated=false
10-31 18:38:25.257 29692  6326 I Icing   : Indexing done com.android.chrome-omnibox
10-31 18:38:25.265 29486 29651 I FontLog : Received query Google Sans, URI content://com.google.android.gms.fonts [CONTEXT service_id=132 ]
10-31 18:38:25.265 29486 29651 I FontLog : Query [Google Sans] resolved to {Google Sans, wdth 100.0, wght 400, ital 0.0, bestEffort false} [CONTEXT service_id=132 ]
10-31 18:38:25.266 29486 29651 I FontLog : Font PFD returned from cache for {Google Sans, wdth 100.0, wght 400, ital 0.0, bestEffort false} [CONTEXT service_id=132 ]
10-31 18:38:25.266 29486 29651 I FontLog : Fetch {Google Sans, wdth 100.0, wght 400, ital 0.0, bestEffort false} end status Status{statusCode=SUCCESS, resolution=null} [CONTEXT service_id=132 ]
10-31 18:38:25.349 29486 29650 I FontLog : Pulling font file for id = 376, cache size = 8 [CONTEXT service_id=132 ]
10-31 18:38:25.444 11277 11298 I cr_LibraryLoader: Successfully loaded native library
10-31 18:38:25.445 11277 11298 I cr_CachingUmaRecorder: Flushed 20 samples from 19 histograms.
10-31 18:38:25.490 29486 29498 I FontLog : Received query Google Sans:500, URI content://com.google.android.gms.fonts [CONTEXT service_id=132 ]
10-31 18:38:25.490 29486 29498 I FontLog : Query [Google Sans:500] resolved to {Google Sans, wdth 100.0, wght 500, ital 0.0, bestEffort false} [CONTEXT service_id=132 ]
10-31 18:38:25.496 29486 29498 I FontLog : Font PFD returned from cache for {Google Sans, wdth 100.0, wght 500, ital 0.0, bestEffort false} [CONTEXT service_id=132 ]
10-31 18:38:25.497 29486 29498 I FontLog : Fetch {Google Sans, wdth 100.0, wght 500, ital 0.0, bestEffort false} end status Status{statusCode=SUCCESS, resolution=null} [CONTEXT service_id=132 ]
10-31 18:38:25.528 29486 30686 I FontLog : Pulling font file for id = 377, cache size = 9 [CONTEXT service_id=132 ]
10-31 18:38:25.544 11290 11290 D AndroidRuntime: >>>>>> START com.android.internal.os.RuntimeInit uid 2000 <<<<<<
10-31 18:38:25.556 29486 29498 I FontLog : Received query Google Sans:700, URI content://com.google.android.gms.fonts [CONTEXT service_id=132 ]
10-31 18:38:25.557 29486 29498 I FontLog : Query [Google Sans:700] resolved to {Google Sans, wdth 100.0, wght 700, ital 0.0, bestEffort false} [CONTEXT service_id=132 ]
10-31 18:38:25.558 29486 29498 I FontLog : Fetch {Google Sans, wdth 100.0, wght 700, ital 0.0, bestEffort false} end status Status{statusCode=SUCCESS, resolution=null} [CONTEXT service_id=132 ]
10-31 18:38:25.570 29486 30686 I FontLog : Pulling font file for id = 378, cache size = 7 [CONTEXT service_id=132 ]
10-31 18:38:25.671 11290 11290 D AndroidRuntime: Calling main entry com.android.commands.pm.Pm
10-31 18:38:25.681   772 13021 I ActivityManager: Force stopping com.android.chrome appid=10060 user=0: clear data
10-31 18:38:25.681   772 13021 I ActivityManager: Killing 11277:com.android.chrome/u0a60 (adj 700): stop com.android.chrome
10-31 18:38:25.694   560   560 I keystore: clear_uid 10060
10-31 18:38:25.697   772   788 I ActivityManager: Force stopping com.android.chrome appid=10060 user=-1: clearApplicationUserData
10-31 18:38:25.739  1311  1311 D CarrierSvcBindHelper: No carrier app for: 0
10-31 18:38:25.743 11290 11290 I app_process: System.exit called, status: 0
10-31 18:38:25.743 11290 11290 I AndroidRuntime: VM exiting with result code 0.
10-31 18:38:25.743   772   787 W ResourceType: No known package when getting value for resource number 0x7f0904db
10-31 18:38:25.744   772   787 W ResourceType: No known package when getting value for resource number 0x7f140670
10-31 18:38:25.744   772   787 W ResourceType: No known package when getting value for resource number 0x7f0904da
10-31 18:38:25.744   772   787 W ResourceType: No known package when getting value for resource number 0x7f14018b
10-31 18:38:25.744   772   787 W ResourceType: No known package when getting value for resource number 0x7f14066f
10-31 18:38:25.744   772   787 W ResourceType: No known package when getting value for resource number 0x7f140434
10-31 18:38:25.744   772   787 E ShortcutService: Ignoring excessive intent tag.
10-31 18:38:25.758  2964  2964 D RegisteredNfcFServicesCache: Service unchanged, not updating
10-31 18:38:25.776 29692  6326 I Icing   : doRemovePackageData com.android.chrome
10-31 18:38:25.776 29692  6326 I Icing   : Removing corpus key com.android.chrome-omnibox for package com.android.chrome
10-31 18:38:25.802 29486 11245 I Fitness : FitCleanupIntentOperation received Intent android.intent.action.PACKAGE_DATA_CLEARED [CONTEXT service_id=17 ]
10-31 18:38:25.855 29692  6326 I Icing   : updateResources: need to parse anue{com.android.chrome}
10-31 18:38:25.919 29692  6326 I Icing   : Indexing com.android.chrome-omnibox from com.android.chrome
10-31 18:38:25.932   772  1324 I ActivityManager: Start proc 11314:com.android.chrome/u0a60 for content provider com.android.chrome/com.google.android.apps.chrome.icing.IcingProvider
10-31 18:38:25.983 11314 11314 I cr_SplitCompatApp: Launched version=106.0.5249.79 minSdkVersion=24 isBundle=true processName=com.android.chrome isIsolated=false
10-31 18:38:26.041 29692  6326 I Icing   : Indexing done com.android.chrome-omnibox
10-31 18:38:26.063 29486 29497 I FontLog : Received query Google Sans, URI content://com.google.android.gms.fonts [CONTEXT service_id=132 ]
10-31 18:38:26.063 29486 29497 I FontLog : Query [Google Sans] resolved to {Google Sans, wdth 100.0, wght 400, ital 0.0, bestEffort false} [CONTEXT service_id=132 ]
10-31 18:38:26.064 29486 29497 I FontLog : Font PFD returned from cache for {Google Sans, wdth 100.0, wght 400, ital 0.0, bestEffort false} [CONTEXT service_id=132 ]
10-31 18:38:26.065 29486 29497 I FontLog : Fetch {Google Sans, wdth 100.0, wght 400, ital 0.0, bestEffort false} end status Status{statusCode=SUCCESS, resolution=null} [CONTEXT service_id=132 ]
10-31 18:38:26.136 29486 29498 I FontLog : Pulling font file for id = 379, cache size = 8 [CONTEXT service_id=132 ]
10-31 18:38:26.225 11314 11334 I cr_LibraryLoader: Successfully loaded native library
10-31 18:38:26.226 11314 11334 I cr_CachingUmaRecorder: Flushed 20 samples from 19 histograms.
10-31 18:38:26.265 29486 29650 I FontLog : Received query Google Sans:500, URI content://com.google.android.gms.fonts [CONTEXT service_id=132 ]
10-31 18:38:26.266 29486 29650 I FontLog : Query [Google Sans:500] resolved to {Google Sans, wdth 100.0, wght 500, ital 0.0, bestEffort false} [CONTEXT service_id=132 ]
10-31 18:38:26.267 29486 29650 I FontLog : Font PFD returned from cache for {Google Sans, wdth 100.0, wght 500, ital 0.0, bestEffort false} [CONTEXT service_id=132 ]
10-31 18:38:26.268 29486 29650 I FontLog : Fetch {Google Sans, wdth 100.0, wght 500, ital 0.0, bestEffort false} end status Status{statusCode=SUCCESS, resolution=null} [CONTEXT service_id=132 ]
10-31 18:38:26.296 29486 29651 I FontLog : Pulling font file for id = 380, cache size = 9 [CONTEXT service_id=132 ]
10-31 18:38:26.319 29486 29498 I FontLog : Received query Google Sans:700, URI content://com.google.android.gms.fonts [CONTEXT service_id=132 ]
10-31 18:38:26.319 29486 29498 I FontLog : Query [Google Sans:700] resolved to {Google Sans, wdth 100.0, wght 700, ital 0.0, bestEffort false} [CONTEXT service_id=132 ]
10-31 18:38:26.321 29486 29498 I FontLog : Fetch {Google Sans, wdth 100.0, wght 700, ital 0.0, bestEffort false} end status Status{statusCode=SUCCESS, resolution=null} [CONTEXT service_id=132 ]
10-31 18:38:26.331 29486 30686 I FontLog : Pulling font file for id = 381, cache size = 8 [CONTEXT service_id=132 ]
