10-31 18:37:18.088   422   422 E lowmemorykiller: Error writing /proc/10616/oom_score_adj; errno=22
10-31 18:37:18.088   772  3854 I ActivityManager: Killing 10616:com.android.chrome:sandboxed_process9/u0a60i897 (adj 0): isolated not needed
10-31 18:37:18.089   772   790 W zygote64: failed to open /acct/uid_99897/pid_10616/cgroup.procs: No such file or directory
10-31 18:37:18.111 10305 10305 W StaticLayout: maxLineHeight should not be -1.  maxLines:1 lineCount:1
10-31 18:37:18.183 10305 10305 W chromium: [WARNING:compositor_view.cc(342)] Child process died (type=6) pid=10595)
10-31 18:37:18.184 10305 10305 W chromium: [WARNING:compositor_view.cc(342)] Child process died (type=6) pid=10616)
10-31 18:37:18.185 10305 10305 W chromium: [WARNING:compositor_view.cc(342)] Child process died (type=6) pid=10585)
10-31 18:37:18.189   772   797 I ActivityManager: Displayed com.android.chrome/com.google.android.apps.chrome.Main: +1s353ms
10-31 18:37:18.235 10712 10712 E /system/bin/webview_zygote32: failed to make and chown /acct/uid_99898: Permission denied
10-31 18:37:18.236 10712 10712 E Zygote  : createProcessGroup(99898, 0) failed: Permission denied
10-31 18:37:18.244   772  1324 I ActivityManager: Start proc 10712:com.android.chrome:sandboxed_process10/u0i898 for webview_service com.android.chrome/org.chromium.content.app.SandboxedProcessService10
10-31 18:37:18.256 10712 10712 I SamplingProfilerIntegration: Profiling disabled.
10-31 18:37:18.299 10728 10728 E asset   : setgid: Operation not permitted
10-31 18:37:18.337 10305 10341 I cr_BindingManager: Moderate binding enabled: maxSize=40
10-31 18:37:18.341 10712 10712 I cr_SplitCompatApp: Launched version=106.0.5249.79 minSdkVersion=24 isBundle=true processName=com.android.chrome:sandboxed_process10 isIsolated=true
10-31 18:37:18.346 10305 10361 W cr_CrashFileManager: /data/user/0/com.android.chrome/cache/Crash Reports does not exist or is not a directory
10-31 18:37:18.346 10305 10361 W cr_CrashFileManager: /data/user/0/com.android.chrome/cache/Crash Reports does not exist or is not a directory
10-31 18:37:18.350 10712 10712 W SystemServiceRegistry: No service published for: uimode
10-31 18:37:18.351 10305 10361 W cr_CrashFileManager: /data/user/0/com.android.chrome/cache/Crash Reports does not exist or is not a directory
10-31 18:37:18.366 10712 10712 I cr_ChildProcessService: Creating new ChildProcessService pid=10712
10-31 18:37:18.374 10712 10712 E WebViewFactory: can't load with relro file; address space not reserved
10-31 18:37:18.380 24117 24117 E WorkerRegistryImpl: getWorker() is called after WorkerRegistry disposal.
10-31 18:37:18.381 24117 24117 E WorkerRegistryImpl: getWorker() is called after WorkerRegistry disposal.
10-31 18:37:18.391   772 10894 W AppOps  : Bad call: specified package com.google.android.gms under uid 10045 but it is really 10020
10-31 18:37:18.391   772 10894 W AppOps  : java.lang.RuntimeException: here
10-31 18:37:18.391   772 10894 W AppOps  : 	at com.android.server.AppOpsService.getOpsRawLocked(AppOpsService.java:1319)
10-31 18:37:18.391   772 10894 W AppOps  : 	at com.android.server.AppOpsService.checkPackage(AppOpsService.java:1038)
10-31 18:37:18.391   772 10894 W AppOps  : 	at com.android.internal.app.IAppOpsService$Stub.onTransact(IAppOpsService.java:169)
10-31 18:37:18.391   772 10894 W AppOps  : 	at android.os.Binder.execTransact(Binder.java:674)
10-31 18:37:18.399   772  2969 W AppOps  : Bad call: specified package com.google.android.gms under uid 10045 but it is really 10020
10-31 18:37:18.399   772  2969 W AppOps  : java.lang.RuntimeException: here
10-31 18:37:18.399   772  2969 W AppOps  : 	at com.android.server.AppOpsService.getOpsRawLocked(AppOpsService.java:1319)
10-31 18:37:18.399   772  2969 W AppOps  : 	at com.android.server.AppOpsService.checkPackage(AppOpsService.java:1038)
10-31 18:37:18.399   772  2969 W AppOps  : 	at com.android.internal.app.IAppOpsService$Stub.onTransact(IAppOpsService.java:169)
10-31 18:37:18.399   772  2969 W AppOps  : 	at android.os.Binder.execTransact(Binder.java:674)
10-31 18:37:18.405 10712 10735 I cr_LibraryLoader: Successfully loaded native library
10-31 18:37:18.407 10712 10735 I cr_CachingUmaRecorder: Flushed 3 samples from 3 histograms.
10-31 18:37:18.411   772 10860 I ActivityManager: START u0 {act=android.intent.action.VIEW dat=http://192.168.178.178:5500/... flg=0x10000000 cmp=com.android.chrome/com.google.android.apps.chrome.Main} from uid 2000
10-31 18:37:18.475 10305 10305 E cr_IntentUtils: getInt failed on bundle null
10-31 18:37:18.479 10305 10305 E ResourceType: Style contains key with bad entry: 0x0101062c
10-31 18:37:18.505   772 10893 I ActivityManager: Start proc 10751:com.android.chrome:sandboxed_process11/u0i899 for webview_service com.android.chrome/org.chromium.content.app.SandboxedProcessService11
10-31 18:37:18.509 10305 10305 I cr_tabmodel: Appending tabs being restored to metadata lists, 0, startingNormalCount: 2, startingIncognitoCount: 0
10-31 18:37:18.509 10305 10305 I cr_tabmodel: Serializing tab lists; counts: 2, 0
10-31 18:37:18.513 10751 10751 E /system/bin/webview_zygote32: failed to make and chown /acct/uid_99899: Permission denied
10-31 18:37:18.513 10751 10751 E Zygote  : createProcessGroup(99899, 0) failed: Permission denied
10-31 18:37:18.531 10751 10751 I SamplingProfilerIntegration: Profiling disabled.
10-31 18:37:18.554 10766 10766 E asset   : setgid: Operation not permitted
10-31 18:37:18.556 10305 10305 I cr_OfflineDetector: Running updateState mConnectivityDetectorInitialized: true, mTimeWhenLastForegrounded: 1113892722, getElapsedTime: 1113892723, mTimeWhenLastOfflineNotificationReceived: 0, mTimeWhenLastOnline: 1113891859, mApplicationState: 1, mIsOfflineLastReportedByConnectivityDetector: false, mIsEffectivelyOffline: false
10-31 18:37:18.556 10305 10305 I cr_OfflineDetector: updateState(): timeSinceLastForeground: 1, timeSinceOfflineNotificationReceived: 1113892723, timeSinceLastOnline: 864, timeNeededForForeground: 1999, timeNeededForOffline: -1113890723
10-31 18:37:18.589 10751 10751 I cr_SplitCompatApp: Launched version=106.0.5249.79 minSdkVersion=24 isBundle=true processName=com.android.chrome:sandboxed_process11 isIsolated=true
10-31 18:37:18.597 10712 10735 I chromium: [INFO:child_process_service.cc(69)] ChildProcessService: Exiting child process.
10-31 18:37:18.599 10751 10751 W SystemServiceRegistry: No service published for: uimode
10-31 18:37:18.605   422   422 E lowmemorykiller: Error writing /proc/10712/oom_score_adj; errno=22
10-31 18:37:18.610   772  1324 I ActivityManager: Killing 10712:com.android.chrome:sandboxed_process10/u0a60i898 (adj 0): isolated not needed
10-31 18:37:18.615   772   790 W zygote64: failed to open /acct/uid_99898/pid_10712/cgroup.procs: No such file or directory
10-31 18:37:18.629 10751 10751 I cr_ChildProcessService: Creating new ChildProcessService pid=10751
10-31 18:37:18.640   772   996 I ActivityManager: Start proc 10770:com.android.chrome:sandboxed_process12/u0i900 for webview_service com.android.chrome/org.chromium.content.app.SandboxedProcessService12
10-31 18:37:18.650 10751 10751 E WebViewFactory: can't load with relro file; address space not reserved
10-31 18:37:18.660 10770 10770 E /system/bin/webview_zygote32: failed to make and chown /acct/uid_99900: Permission denied
10-31 18:37:18.660 10770 10770 E Zygote  : createProcessGroup(99900, 0) failed: Permission denied
10-31 18:37:18.665 10751 10769 I cr_LibraryLoader: Successfully loaded native library
10-31 18:37:18.668 10751 10769 I cr_CachingUmaRecorder: Flushed 3 samples from 3 histograms.
10-31 18:37:18.671 10305 10305 W chromium: [WARNING:compositor_view.cc(342)] Child process died (type=6) pid=10712)
10-31 18:37:18.680   772 10894 I ActivityManager: Start proc 10781:com.android.chrome:sandboxed_process13/u0i901 for webview_service com.android.chrome/org.chromium.content.app.SandboxedProcessService13
10-31 18:37:18.684 10770 10770 I SamplingProfilerIntegration: Profiling disabled.
10-31 18:37:18.685 24117 24117 I MemoryTrimmer: Trimming objects from memory, since app is in the background.
10-31 18:37:18.697 10781 10781 E /system/bin/webview_zygote32: failed to make and chown /acct/uid_99901: Permission denied
10-31 18:37:18.697 10781 10781 E Zygote  : createProcessGroup(99901, 0) failed: Permission denied
10-31 18:37:18.697 10305 10305 W ResourceType: Failure getting entry for 0x7f010216 (t=0 e=534) (error -75)
10-31 18:37:18.700 10305 10305 W ResourceType: Failure getting entry for 0x7f0107c9 (t=0 e=1993) (error -75)
10-31 18:37:18.712   772  1324 I ActivityManager: Start proc 10800:com.android.chrome:sandboxed_process14/u0i902 for webview_service com.android.chrome/org.chromium.content.app.SandboxedProcessService14
10-31 18:37:18.723 10800 10800 E /system/bin/webview_zygote32: failed to make and chown /acct/uid_99902: Permission denied
10-31 18:37:18.723 10800 10800 E Zygote  : createProcessGroup(99902, 0) failed: Permission denied
10-31 18:37:18.725 10781 10781 I SamplingProfilerIntegration: Profiling disabled.
10-31 18:37:18.731 10808 10808 E asset   : setgid: Operation not permitted
10-31 18:37:18.741 10800 10800 I SamplingProfilerIntegration: Profiling disabled.
10-31 18:37:18.742   772  3041 I ActivityManager: Start proc 10815:com.android.chrome:sandboxed_process15/u0i903 for webview_service com.android.chrome/org.chromium.content.app.SandboxedProcessService15
10-31 18:37:18.747 10815 10815 E /system/bin/webview_zygote32: failed to make and chown /acct/uid_99903: Permission denied
10-31 18:37:18.747 10815 10815 E Zygote  : createProcessGroup(99903, 0) failed: Permission denied
10-31 18:37:18.768 10815 10815 I SamplingProfilerIntegration: Profiling disabled.
10-31 18:37:18.775 10828 10828 E asset   : setgid: Operation not permitted
10-31 18:37:18.780 10830 10830 E /system/bin/webview_zygote32: failed to make and chown /acct/uid_99904: Permission denied
10-31 18:37:18.780 10830 10830 E Zygote  : createProcessGroup(99904, 0) failed: Permission denied
10-31 18:37:18.785   772   785 I ActivityManager: Start proc 10830:com.android.chrome:sandboxed_process16/u0i904 for webview_service com.android.chrome/org.chromium.content.app.SandboxedProcessService16
10-31 18:37:18.788 10305 10315 I zygote  : Background concurrent copying GC freed 94543(3MB) AllocSpace objects, 7(140KB) LOS objects, 49% free, 5MB/10MB, paused 181us total 143.893ms
10-31 18:37:18.830 10843 10843 E asset   : setgid: Operation not permitted
10-31 18:37:18.837 10770 10770 I cr_SplitCompatApp: Launched version=106.0.5249.79 minSdkVersion=24 isBundle=true processName=com.android.chrome:sandboxed_process12 isIsolated=true
10-31 18:37:18.839 10781 10781 I cr_SplitCompatApp: Launched version=106.0.5249.79 minSdkVersion=24 isBundle=true processName=com.android.chrome:sandboxed_process13 isIsolated=true
10-31 18:37:18.848 10830 10830 I SamplingProfilerIntegration: Profiling disabled.
10-31 18:37:18.859 10770 10770 W SystemServiceRegistry: No service published for: uimode
10-31 18:37:18.859 10846 10846 E asset   : setgid: Operation not permitted
10-31 18:37:18.862 10781 10781 W SystemServiceRegistry: No service published for: uimode
10-31 18:37:18.895 10852 10852 E /system/bin/webview_zygote32: failed to make and chown /acct/uid_99905: Permission denied
10-31 18:37:18.895 10852 10852 E Zygote  : createProcessGroup(99905, 0) failed: Permission denied
10-31 18:37:18.897 10855 10855 E asset   : setgid: Operation not permitted
10-31 18:37:18.900   772  1324 I ActivityManager: Start proc 10852:com.android.chrome:sandboxed_process17/u0i905 for webview_service com.android.chrome/org.chromium.content.app.SandboxedProcessService17
10-31 18:37:18.901 10781 10781 I cr_ChildProcessService: Creating new ChildProcessService pid=10781
10-31 18:37:18.903 10770 10770 I cr_ChildProcessService: Creating new ChildProcessService pid=10770
10-31 18:37:18.922 10852 10852 I SamplingProfilerIntegration: Profiling disabled.
10-31 18:37:18.936 10815 10815 I cr_SplitCompatApp: Launched version=106.0.5249.79 minSdkVersion=24 isBundle=true processName=com.android.chrome:sandboxed_process15 isIsolated=true
10-31 18:37:18.943 10815 10815 W SystemServiceRegistry: No service published for: uimode
10-31 18:37:18.945 10872 10872 E /system/bin/webview_zygote32: failed to make and chown /acct/uid_99906: Permission denied
10-31 18:37:18.945 10872 10872 E Zygote  : createProcessGroup(99906, 0) failed: Permission denied
10-31 18:37:18.946 10800 10800 I cr_SplitCompatApp: Launched version=106.0.5249.79 minSdkVersion=24 isBundle=true processName=com.android.chrome:sandboxed_process14 isIsolated=true
10-31 18:37:18.947   772 13071 I ActivityManager: Start proc 10872:com.android.chrome:sandboxed_process18/u0i906 for webview_service com.android.chrome/org.chromium.content.app.SandboxedProcessService18
10-31 18:37:18.955 10770 10770 E WebViewFactory: can't load with relro file; address space not reserved
10-31 18:37:18.956 10815 10815 I cr_ChildProcessService: Creating new ChildProcessService pid=10815
10-31 18:37:18.964 10830 10830 I cr_SplitCompatApp: Launched version=106.0.5249.79 minSdkVersion=24 isBundle=true processName=com.android.chrome:sandboxed_process16 isIsolated=true
10-31 18:37:18.977 10880 10880 E asset   : setgid: Operation not permitted
10-31 18:37:18.978 10781 10781 E WebViewFactory: can't load with relro file; address space not reserved
10-31 18:37:18.978 10815 10815 E WebViewFactory: can't load with relro file; address space not reserved
10-31 18:37:18.981 10800 10800 W SystemServiceRegistry: No service published for: uimode
10-31 18:37:18.984   772 13021 I ActivityManager: Start proc 10881:com.android.chrome:sandboxed_process19/u0i907 for webview_service com.android.chrome/org.chromium.content.app.SandboxedProcessService19
10-31 18:37:18.984 10881 10881 E /system/bin/webview_zygote32: failed to make and chown /acct/uid_99907: Permission denied
10-31 18:37:18.984 10881 10881 E Zygote  : createProcessGroup(99907, 0) failed: Permission denied
10-31 18:37:18.987 10830 10830 W SystemServiceRegistry: No service published for: uimode
10-31 18:37:18.991 10800 10800 I cr_ChildProcessService: Creating new ChildProcessService pid=10800
10-31 18:37:19.007   772  1259 I ActivityManager: Start proc 10901:com.android.chrome:sandboxed_process20/u0i908 for webview_service com.android.chrome/org.chromium.content.app.SandboxedProcessService20
10-31 18:37:19.011 10872 10872 I SamplingProfilerIntegration: Profiling disabled.
10-31 18:37:19.011 10830 10830 I cr_ChildProcessService: Creating new ChildProcessService pid=10830
10-31 18:37:19.020 10901 10901 E /system/bin/webview_zygote32: failed to make and chown /acct/uid_99908: Permission denied
10-31 18:37:19.020 10901 10901 E Zygote  : createProcessGroup(99908, 0) failed: Permission denied
10-31 18:37:19.027 10800 10800 E WebViewFactory: can't load with relro file; address space not reserved
10-31 18:37:19.028 10881 10881 I SamplingProfilerIntegration: Profiling disabled.
10-31 18:37:19.038 10781 10862 I cr_LibraryLoader: Successfully loaded native library
10-31 18:37:19.038 10852 10852 I cr_SplitCompatApp: Launched version=106.0.5249.79 minSdkVersion=24 isBundle=true processName=com.android.chrome:sandboxed_process17 isIsolated=true
10-31 18:37:19.039 10830 10830 E WebViewFactory: can't load with relro file; address space not reserved
10-31 18:37:19.039 10781 10862 I cr_CachingUmaRecorder: Flushed 3 samples from 3 histograms.
10-31 18:37:19.040 10770 10861 I cr_LibraryLoader: Successfully loaded native library
10-31 18:37:19.041 10770 10861 I cr_CachingUmaRecorder: Flushed 3 samples from 3 histograms.
10-31 18:37:19.046 10815 10878 I cr_LibraryLoader: Successfully loaded native library
10-31 18:37:19.046 10800 10888 I cr_LibraryLoader: Successfully loaded native library
10-31 18:37:19.046 10830 10907 I cr_LibraryLoader: Successfully loaded native library
10-31 18:37:19.047 10815 10878 I cr_CachingUmaRecorder: Flushed 3 samples from 3 histograms.
10-31 18:37:19.047 10830 10907 I cr_CachingUmaRecorder: Flushed 3 samples from 3 histograms.
10-31 18:37:19.047 10800 10888 I cr_CachingUmaRecorder: Flushed 3 samples from 3 histograms.
10-31 18:37:19.064 10852 10852 W SystemServiceRegistry: No service published for: uimode
10-31 18:37:19.070 10942 10942 E asset   : setgid: Operation not permitted
10-31 18:37:19.073 10923 10923 E asset   : setgid: Operation not permitted
10-31 18:37:19.076 10830 10907 I chromium: [INFO:child_process_service.cc(69)] ChildProcessService: Exiting child process.
10-31 18:37:19.083   422   422 E lowmemorykiller: Error writing /proc/10830/oom_score_adj; errno=22
10-31 18:37:19.083   772 13021 I ActivityManager: Killing 10830:com.android.chrome:sandboxed_process16/u0a60i904 (adj 0): isolated not needed
10-31 18:37:19.084   772   790 W zygote64: failed to open /acct/uid_99904/pid_10830/cgroup.procs: No such file or directory
10-31 18:37:19.084 10852 10852 I cr_ChildProcessService: Creating new ChildProcessService pid=10852
10-31 18:37:19.091 10852 10852 E WebViewFactory: can't load with relro file; address space not reserved
10-31 18:37:19.094 10800 10888 I chromium: [INFO:child_process_service.cc(69)] ChildProcessService: Exiting child process.
10-31 18:37:19.095   422   422 E lowmemorykiller: Error writing /proc/10800/oom_score_adj; errno=22
10-31 18:37:19.096   772   785 I ActivityManager: Killing 10800:com.android.chrome:sandboxed_process14/u0a60i902 (adj 0): isolated not needed
10-31 18:37:19.099   772   790 W zygote64: failed to open /acct/uid_99902/pid_10800/cgroup.procs: No such file or directory
10-31 18:37:19.103 10852 10952 I cr_LibraryLoader: Successfully loaded native library
10-31 18:37:19.104 10852 10952 I cr_CachingUmaRecorder: Flushed 3 samples from 3 histograms.
10-31 18:37:19.107   772   781 I zygote64: Background concurrent copying GC freed 41108(2MB) AllocSpace objects, 51(1180KB) LOS objects, 42% free, 17MB/30MB, paused 239us total 157.617ms
10-31 18:37:19.111 10901 10901 I SamplingProfilerIntegration: Profiling disabled.
10-31 18:37:19.118 10305 10305 W chromium: [WARNING:compositor_view.cc(342)] Child process died (type=6) pid=10830)
10-31 18:37:19.128 10872 10872 I cr_SplitCompatApp: Launched version=106.0.5249.79 minSdkVersion=24 isBundle=true processName=com.android.chrome:sandboxed_process18 isIsolated=true
10-31 18:37:19.129   772 10894 I ActivityManager: Killing 10770:com.android.chrome:sandboxed_process12/u0a60i900 (adj 0): isolated not needed
10-31 18:37:19.130   772   790 W zygote64: failed to open /acct/uid_99900/pid_10770/cgroup.procs: No such file or directory
10-31 18:37:19.136 10815 10878 I chromium: [INFO:child_process_service.cc(69)] ChildProcessService: Exiting child process.
10-31 18:37:19.138   422   422 E lowmemorykiller: Error writing /proc/10815/oom_score_adj; errno=22
10-31 18:37:19.138   772 20193 I ActivityManager: Killing 10815:com.android.chrome:sandboxed_process15/u0a60i903 (adj 0): isolated not needed
10-31 18:37:19.139   772   790 W zygote64: failed to open /acct/uid_99903/pid_10815/cgroup.procs: No such file or directory
10-31 18:37:19.144 10872 10872 W SystemServiceRegistry: No service published for: uimode
10-31 18:37:19.153 10967 10967 E asset   : setgid: Operation not permitted
10-31 18:37:19.157 10872 10872 I cr_ChildProcessService: Creating new ChildProcessService pid=10872
10-31 18:37:19.176 10872 10872 E WebViewFactory: can't load with relro file; address space not reserved
10-31 18:37:19.177 10881 10881 I cr_SplitCompatApp: Launched version=106.0.5249.79 minSdkVersion=24 isBundle=true processName=com.android.chrome:sandboxed_process19 isIsolated=true
10-31 18:37:19.190 10852 10952 I chromium: [INFO:child_process_service.cc(69)] ChildProcessService: Exiting child process.
10-31 18:37:19.190 10781 10862 I chromium: [INFO:child_process_service.cc(69)] ChildProcessService: Exiting child process.
10-31 18:37:19.193   422   422 E lowmemorykiller: Error writing /proc/10852/oom_score_adj; errno=22
10-31 18:37:19.193 10872 10970 I cr_LibraryLoader: Successfully loaded native library
10-31 18:37:19.194   772  3037 I ActivityManager: Killing 10852:com.android.chrome:sandboxed_process17/u0a60i905 (adj 0): isolated not needed
10-31 18:37:19.196   772   790 W zygote64: failed to open /acct/uid_99905/pid_10852/cgroup.procs: No such file or directory
10-31 18:37:19.198 10305 10305 W chromium: [WARNING:compositor_view.cc(342)] Child process died (type=6) pid=10815)
10-31 18:37:19.199   422   422 E lowmemorykiller: Error writing /proc/10781/oom_score_adj; errno=22
10-31 18:37:19.200   772   996 I ActivityManager: Killing 10781:com.android.chrome:sandboxed_process13/u0a60i901 (adj 0): isolated not needed
10-31 18:37:19.201   772   790 W zygote64: failed to open /acct/uid_99901/pid_10781/cgroup.procs: No such file or directory
10-31 18:37:19.205 10881 10881 W SystemServiceRegistry: No service published for: uimode
10-31 18:37:19.210 10901 10901 I cr_SplitCompatApp: Launched version=106.0.5249.79 minSdkVersion=24 isBundle=true processName=com.android.chrome:sandboxed_process20 isIsolated=true
10-31 18:37:19.215 10872 10970 I cr_CachingUmaRecorder: Flushed 3 samples from 3 histograms.
10-31 18:37:19.222 10901 10901 W SystemServiceRegistry: No service published for: uimode
10-31 18:37:19.222 10881 10881 I cr_ChildProcessService: Creating new ChildProcessService pid=10881
10-31 18:37:19.233 10901 10901 I cr_ChildProcessService: Creating new ChildProcessService pid=10901
10-31 18:37:19.234 10881 10881 E WebViewFactory: can't load with relro file; address space not reserved
10-31 18:37:19.241 10881 10972 I cr_LibraryLoader: Successfully loaded native library
10-31 18:37:19.245 10881 10972 I cr_CachingUmaRecorder: Flushed 3 samples from 3 histograms.
10-31 18:37:19.268 10872 10970 I chromium: [INFO:child_process_service.cc(69)] ChildProcessService: Exiting child process.
10-31 18:37:19.272   422   422 E lowmemorykiller: Error writing /proc/10872/oom_score_adj; errno=22
10-31 18:37:19.272   772 13022 I ActivityManager: Killing 10872:com.android.chrome:sandboxed_process18/u0a60i906 (adj 0): isolated not needed
10-31 18:37:19.273   772   790 W zygote64: failed to open /acct/uid_99906/pid_10872/cgroup.procs: No such file or directory
10-31 18:37:19.274 10901 10901 E WebViewFactory: can't load with relro file; address space not reserved
10-31 18:37:19.288 10901 10974 I cr_LibraryLoader: Successfully loaded native library
10-31 18:37:19.290 10901 10974 I cr_CachingUmaRecorder: Flushed 3 samples from 3 histograms.
10-31 18:37:19.321 10881 10972 I chromium: [INFO:child_process_service.cc(69)] ChildProcessService: Exiting child process.
10-31 18:37:19.322   422   422 E lowmemorykiller: Error writing /proc/10881/oom_score_adj; errno=22
10-31 18:37:19.323   772  3037 I ActivityManager: Killing 10881:com.android.chrome:sandboxed_process19/u0a60i907 (adj 0): isolated not needed
10-31 18:37:19.323   772   790 W zygote64: failed to open /acct/uid_99907/pid_10881/cgroup.procs: No such file or directory
10-31 18:37:19.346 10305 10305 W chromium: [WARNING:compositor_view.cc(342)] Child process died (type=6) pid=10800)
10-31 18:37:19.347 10305 10305 W chromium: [WARNING:compositor_view.cc(342)] Child process died (type=6) pid=10770)
10-31 18:37:19.348 10901 10974 I chromium: [INFO:child_process_service.cc(69)] ChildProcessService: Exiting child process.
10-31 18:37:19.354 10305 10305 W chromium: [WARNING:compositor_view.cc(342)] Child process died (type=6) pid=10781)
10-31 18:37:19.355 10305 10305 W chromium: [WARNING:compositor_view.cc(342)] Child process died (type=6) pid=10852)
10-31 18:37:19.358 10305 10305 W chromium: [WARNING:compositor_view.cc(342)] Child process died (type=6) pid=10881)
10-31 18:37:19.371 10305 10305 W chromium: [WARNING:compositor_view.cc(342)] Child process died (type=6) pid=10901)
10-31 18:37:19.378   772  2969 I ActivityManager: Process com.android.chrome:sandboxed_process20 (pid 10901) has died: vis  TOP 
10-31 18:37:19.378   772   790 W zygote64: failed to open /acct/uid_99908/pid_10901/cgroup.procs: No such file or directory
10-31 18:37:19.378   772  2969 W ActivityManager: Scheduling restart of crashed service com.android.chrome/org.chromium.content.app.SandboxedProcessService20 in 1000ms
10-31 18:37:19.387 10305 10341 I cr_BindingManager: onTrimMemory: level=10, size=1
10-31 18:37:19.388 10305 10341 I cr_BindingManager: Reduce connections from 1 to 0
10-31 18:37:19.406 10305 10305 W chromium: [WARNING:compositor_view.cc(342)] Child process died (type=6) pid=10872)
10-31 18:37:19.450 10375 10386 I vndksupport: sphal namespace is not configured for this process. Loading libutils.so from the current namespace instead.
10-31 18:37:19.451 10751 10765 I vndksupport: sphal namespace is not configured for this process. Loading libutils.so from the current namespace instead.
10-31 18:37:19.451 10305 10370 I vndksupport: sphal namespace is not configured for this process. Loading libutils.so from the current namespace instead.
10-31 18:37:19.451 10342 10354 I vndksupport: sphal namespace is not configured for this process. Loading libutils.so from the current namespace instead.
10-31 18:37:19.458   556   687 E Parcel  : Reading a NULL string not supported here.
10-31 18:37:19.459   556   687 W Parcel  : **** enforceInterface() expected 'IAAudioService' but read ''
10-31 18:37:19.459   360   360 E SELinux : avc:  denied  { find } for service=android.service.gatekeeper.IGateKeeperService pid=10964 uid=2000 scontext=u:r:shell:s0 tcontext=u:object_r:gatekeeper_service:s0 tclass=service_manager
10-31 18:37:19.460   360   360 E SELinux : avc:  denied  { find } for service=netd pid=10964 uid=2000 scontext=u:r:shell:s0 tcontext=u:object_r:netd_service:s0 tclass=service_manager
10-31 18:37:19.463 10964 10964 W atrace  : type=1400 audit(0.0:17450): avc: denied { call } for scontext=u:r:shell:s0 tcontext=u:r:wificond:s0 tclass=binder permissive=0
10-31 18:37:19.468   360   360 E SELinux : avc:  denied  { find } for service=installd pid=10964 uid=2000 scontext=u:r:shell:s0 tcontext=u:object_r:installd_service:s0 tclass=service_manager
10-31 18:37:19.477   361   361 E SELinux : avc:  denied  { find } for interface=android.frameworks.displayservice::IDisplayService pid=10964 scontext=u:r:shell:s0 tcontext=u:object_r:fwk_display_hwservice:s0 tclass=hwservice_manager
10-31 18:37:19.478   361   361 E SELinux : avc:  denied  { find } for interface=android.frameworks.schedulerservice::ISchedulingPolicyService pid=10964 scontext=u:r:shell:s0 tcontext=u:object_r:fwk_scheduler_hwservice:s0 tclass=hwservice_manager
10-31 18:37:19.482   361   361 E SELinux : avc:  denied  { find } for interface=android.frameworks.sensorservice::ISensorManager pid=10964 scontext=u:r:shell:s0 tcontext=u:object_r:fwk_sensor_hwservice:s0 tclass=hwservice_manager
10-31 18:37:19.482   361   361 E SELinux : avc:  denied  { find } for interface=android.hardware.biometrics.fingerprint::IBiometricsFingerprint pid=10964 scontext=u:r:shell:s0 tcontext=u:object_r:hal_fingerprint_hwservice:s0 tclass=hwservice_manager
10-31 18:37:19.488   361   361 E SELinux : avc:  denied  { find } for interface=android.hardware.dumpstate::IDumpstateDevice pid=10964 scontext=u:r:shell:s0 tcontext=u:object_r:hal_dumpstate_hwservice:s0 tclass=hwservice_manager
10-31 18:37:19.490   361   361 E SELinux : avc:  denied  { find } for interface=android.hardware.radio.deprecated::IOemHook pid=10964 scontext=u:r:shell:s0 tcontext=u:object_r:hal_telephony_hwservice:s0 tclass=hwservice_manager
10-31 18:37:19.491   361   361 E SELinux : avc:  denied  { find } for interface=android.hardware.radio::IRadio pid=10964 scontext=u:r:shell:s0 tcontext=u:object_r:hal_telephony_hwservice:s0 tclass=hwservice_manager
10-31 18:37:19.492   361   361 E SELinux : avc:  denied  { find } for interface=android.hardware.radio::ISap pid=10964 scontext=u:r:shell:s0 tcontext=u:object_r:hal_telephony_hwservice:s0 tclass=hwservice_manager
10-31 18:37:19.492   361   361 E SELinux : avc:  denied  { find } for interface=android.hardware.usb::IUsb pid=10964 scontext=u:r:shell:s0 tcontext=u:object_r:hal_usb_hwservice:s0 tclass=hwservice_manager
10-31 18:37:19.494   361   361 E SELinux : avc:  denied  { find } for interface=android.hardware.wifi.supplicant::ISupplicant pid=10964 scontext=u:r:shell:s0 tcontext=u:object_r:hal_wifi_supplicant_hwservice:s0 tclass=hwservice_manager
10-31 18:37:19.494   361   361 E SELinux : avc:  denied  { find } for interface=android.hardware.wifi::IWifi pid=10964 scontext=u:r:shell:s0 tcontext=u:object_r:hal_wifi_hwservice:s0 tclass=hwservice_manager
10-31 18:37:19.496   361   361 E SELinux : avc:  denied  { find } for interface=android.hidl.base::IBase pid=10964 scontext=u:r:shell:s0 tcontext=u:object_r:hidl_base_hwservice:s0 tclass=hwservice_manager
10-31 18:37:19.497   361   361 I chatty  : uid=1000(system) hwservicemanage identical 1 line
10-31 18:37:19.498   361   361 E SELinux : avc:  denied  { find } for interface=android.hidl.base::IBase pid=10964 scontext=u:r:shell:s0 tcontext=u:object_r:hidl_base_hwservice:s0 tclass=hwservice_manager
10-31 18:37:19.505   361   361 E SELinux : avc:  denied  { find } for interface=android.system.wifi.keystore::IKeystore pid=10964 scontext=u:r:shell:s0 tcontext=u:object_r:system_wifi_keystore_hwservice:s0 tclass=hwservice_manager
10-31 18:37:19.617 29692 29692 D BoundBrokerSvc: onBind: Intent { act=com.google.android.gms.common.BIND_SHARED_PREFS pkg=com.google.android.gms }
10-31 18:37:19.617 29692 29692 D BoundBrokerSvc: Loading bound service for intent: Intent { act=com.google.android.gms.common.BIND_SHARED_PREFS pkg=com.google.android.gms }
10-31 18:37:19.624 29692 29770 I Icing   : IndexChimeraService.getServiceInterface callingPackage=com.google.android.gms componentName=null serviceId=30
10-31 18:37:19.625 29692 29692 D BoundBrokerSvc: onUnbind: Intent { act=com.google.android.gms.common.BIND_SHARED_PREFS pkg=com.google.android.gms }
10-31 18:37:19.634 29692  6326 I GmsCoreXrpcWrapper: Returning a channel provider with trafficStatsTag=12803 trafficStatsUid=-1
10-31 18:37:19.762 29692  6326 I Icing   : Usage reports ok 3, Failed Usage reports 0, indexed 1, rejected 0
10-31 18:37:23.065 10305 10361 I cr_omaha: OmahaBase::generateAndPostRequest(): Sending request to Omaha:
10-31 18:37:23.065 10305 10361 I cr_omaha: <?xml version='1.0' encoding='UTF-8' standalone='yes' ?><request protocol="3.0" updater="Android" updaterversion="106.0.5249.79" updaterchannel="chrome" ismachine="1" requestid="{56013c3e-40e6-46cb-84d7-6197dbdb28b6}" sessionid="{a213c6c6-253e-4558-bdd7-1e2fe9d85c04}" installsource="system_image" dedup="cr"><os platform="android" version="8.0.0" arch="arm" /><app brand="" client="ms-android-google" appid="{387E11AD-7109-45F6-83CF-CAA241ADC9DF}" version="106.0.5249.79" nextversion="" lang="en-US" installage="-1" ap="chrome;google;nexus 5x"><event eventtype="2" eventresult="1" /></app></request>
10-31 18:37:28.455 10305 10305 E cr_BTSPrefs: No data found for task id: 56
10-31 18:37:28.457 10305 10305 E cr_BkgrdTaskScheduler: Task cannot be canceled because no data was found instorage or data was invalid
10-31 18:37:40.444   772  5099 W IpReachabilityMonitor: ALERT: NeighborEvent{elapsedMs=1113914610, fe80::6a02:b8ff:fe40:f25a, [(null)], RTM_NEWNEIGH, NUD_FAILED}
10-31 18:37:40.444   772  5099 W IpReachabilityMonitor: FAILURE: LOST_PROVISIONING, NeighborEvent{elapsedMs=1113914610, fe80::6a02:b8ff:fe40:f25a, [(null)], RTM_NEWNEIGH, NUD_FAILED}
10-31 18:37:41.136  1361  1361 I wpa_supplicant: wlan0: CTRL-EVENT-DISCONNECTED bssid=68:02:b8:40:7b:b4 reason=3 locally_generated=1
10-31 18:37:41.148  1361  1361 E wpa_supplicant: nl80211: Failed to open /proc/sys/net/ipv4/conf/wlan0/drop_unicast_in_l2_multicast: No such file or directory
10-31 18:37:41.149  1361  1361 E wpa_supplicant: nl80211: Failed to set IPv4 unicast in multicast filter
10-31 18:37:41.150  1361  1361 E wpa_supplicant: nl80211: Failed to open /proc/sys/net/ipv4/conf/wlan0/drop_unicast_in_l2_multicast: No such file or directory
10-31 18:37:41.150  1361  1361 E wpa_supplicant: nl80211: Failed to set IPv4 unicast in multicast filter
10-31 18:37:41.151   772   857 D WifiStateMachine: WifiStateMachine: Leaving Connected state
10-31 18:37:41.154   772   858 D DhcpClient: doQuit
10-31 18:37:41.154  1361  1361 E hw-IPCThreadState: binder thread pool (1 threads) starved for 580 ms
10-31 18:37:41.160   772   857 E WifiVendorHal: stopRssiMonitoring(l.2115) failed {.code = ERROR_NOT_AVAILABLE, .description = }
10-31 18:37:41.160   772   857 W WifiConfigManager: Looking up network with invalid networkId -1
10-31 18:37:41.161   772  5100 D DhcpClient: Receive thread stopped
10-31 18:37:41.163   772   858 D ApfFilter: (wlan0): shutting down
10-31 18:37:41.166   772  5098 D DhcpClient: onQuitting
10-31 18:37:41.166   772   862 D ConnectivityService: NetworkAgentInfo [WIFI () - 135] EVENT_NETWORK_INFO_CHANGED, going from CONNECTED to DISCONNECTED
10-31 18:37:41.167   772   862 D ConnectivityService: NetworkAgentInfo [WIFI () - 135] got DISCONNECTED, was satisfying 11
10-31 18:37:41.170   568   717 D CommandListener: Setting iface cfg
10-31 18:37:41.180   568   709 I Netd    : Destroyed 14 sockets on 192.168.178.248 in 1.7 ms
10-31 18:37:41.193   568   717 D CommandListener: Clearing all IP addresses on wlan0
10-31 18:37:41.201   568   709 I Netd    : Destroyed 22 sockets on 2001:1c00:306:100:e1c9:736c:aab4:6782 in 6.5 ms
10-31 18:37:41.204  1361  1361 I wpa_supplicant: wlan0: CTRL-EVENT-REGDOM-CHANGE init=USER type=COUNTRY alpha2=00
10-31 18:37:41.208   772   857 D WifiCountryCode: Succeeded to set country code to: 00
10-31 18:37:41.209   772   857 D WifiStateMachine: Start Disconnecting Watchdog 19
10-31 18:37:41.214  2950  3047 W QCNEJ   : |CORE| network lost: 135
10-31 18:37:41.217  2950  3047 W QCNEJ   : |CORE| onLost: unbind the process to WIFI
10-31 18:37:41.217 29486 29685 V NativeCrypto: Read error: ssl=0x7a0b01c748: I/O error during system call, Software caused connection abort
10-31 18:37:41.217   772   857 E WifiVendorHal: stopRssiMonitoring(l.2115) failed {.code = ERROR_NOT_AVAILABLE, .description = }
10-31 18:37:41.217   772   857 W WifiConfigManager: Looking up network with invalid networkId -1
10-31 18:37:41.219   772   857 I WifiStateMachine: disconnectedstate enter
10-31 18:37:41.223 10305 10367 E chromium: [ERROR:ssl_client_socket_impl.cc(983)] handshake failed; returned -1, SSL error code 1, net_error -103
10-31 18:37:41.223   772   857 D WifiNetworkAgent: NetworkAgent: NetworkAgent channel lost
10-31 18:37:41.238   772   791 E BatteryStatsService: no controller energy info supplied
10-31 18:37:41.274 10305 10305 I cr_tabmodel: Appending tabs being restored to metadata lists, 0, startingNormalCount: 2, startingIncognitoCount: 0
10-31 18:37:41.275 10305 10305 I cr_tabmodel: Serializing tab lists; counts: 2, 0
10-31 18:37:41.344 29486 10085 V NativeCrypto: SSL shutdown failed: ssl=0x7a0b01c748: I/O error during system call, Broken pipe
10-31 18:37:41.346   568   717 V IdletimerController: runCmd(/system/bin/ip6tables -w -t raw -D idletimer_raw_PREROUTING -i wlan0 -j IDLETIMER --timeout 15 --label 1 --send_nl_msg 1) res_ipv4=0, res_ipv6=0
10-31 18:37:41.354 29486 10085 E WakeLock: GCM_HB_ALARM release without a matched acquire!
10-31 18:37:41.354 29486 10085 W WakeLock: GCM_HB_ALARM counter does not exist
10-31 18:37:41.386 29486 10085 E WakeLock: GCM_CONN_ALARM release without a matched acquire!
10-31 18:37:41.386 29486 10085 W WakeLock: GCM_CONN_ALARM counter does not exist
10-31 18:37:41.387   568   717 V IdletimerController: runCmd(/system/bin/ip6tables -w -t mangle -D idletimer_mangle_POSTROUTING -o wlan0 -j IDLETIMER --timeout 15 --label 1 --send_nl_msg 1) res_ipv4=0, res_ipv6=0
10-31 18:37:41.388   772   862 D ConnectivityService: Sending DISCONNECTED broadcast for type 1 NetworkAgentInfo [WIFI () - 135] isDefaultNetwork=true
10-31 18:37:41.401   772   791 E BatteryStatsService: no controller energy info supplied
10-31 18:37:41.402 10305 10305 I cr_OfflineIndicator: onConnectionTypeChanged 6
10-31 18:37:41.402 10305 10305 I cr_OfflineIndicator: setConnectionState connectionState=1
10-31 18:37:41.402 10305 10305 I cr_OfflineDetector: Running updateState mConnectivityDetectorInitialized: true, mTimeWhenLastForegrounded: 1113892722, getElapsedTime: 1113915568, mTimeWhenLastOfflineNotificationReceived: 1113915568, mTimeWhenLastOnline: 1113915568, mApplicationState: 1, mIsOfflineLastReportedByConnectivityDetector: true, mIsEffectivelyOffline: false
10-31 18:37:41.402 10305 10305 I cr_OfflineDetector: updateState(): timeSinceLastForeground: 22846, timeSinceOfflineNotificationReceived: 0, timeSinceLastOnline: 0, timeNeededForForeground: -20846, timeNeededForOffline: 2000
10-31 18:37:41.420 10305 10305 E cr_BTSPrefs: No data found for task id: 53
10-31 18:37:41.420 10305 10305 E cr_BkgrdTaskScheduler: Task cannot be canceled because no data was found instorage or data was invalid
10-31 18:37:42.133 10305 10361 E cr_omaha: Failed to contact server: 
10-31 18:37:42.137 10305 10361 I cr_omaha: Attempting to schedule next job for: Mon Oct 31 19:37:42 GMT+01:00 2022
10-31 18:37:42.141 10305 10305 I cr_omaha: Scheduled using JobService
10-31 18:37:42.142 10305 10305 E cr_BkgrdTaskJS: Tried finishing non-current BackgroundTask.
10-31 18:37:45.287   772  4539 D WificondControl: Scan result ready event
10-31 18:37:45.309   772   857 W WifiConfigManager: Looking up network with invalid networkId -1
10-31 18:37:45.317   772   857 W WifiConfigManager: Looking up network with invalid networkId -1
10-31 18:37:45.317   772   857 D WifiStateMachine: CMD_START_CONNECT sup state DisconnectedState my state DisconnectedState nid=5 roam=false
10-31 18:37:45.319   570   570 W wificond: Scan is not started. Ignore abort request
10-31 18:37:45.319   772   857 D SupplicantStaIfaceHal: connectToNetwork "Dan & Sush"WPA_PSK
10-31 18:37:45.319   772   857 D SupplicantStaIfaceHal: Network is already saved, will not trigger remove and add operation.
10-31 18:37:45.320  1361  1361 I wpa_supplicant: wlan0: Trying to associate with SSID 'Dan & Sush'
10-31 18:37:45.351 29486 29650 I ChimeraSrvcProxy: NullBinder for android.net.action.RECOMMEND_NETWORKS triggering remote TransactionTooLargeException due to Service without Chimera impl
10-31 18:37:45.531  1361  1361 I wpa_supplicant: wlan0: Associated with 68:02:b8:40:7b:b4
10-31 18:37:45.531  1361  1361 I wpa_supplicant: wlan0: CTRL-EVENT-SUBNET-STATUS-UPDATE status=0
10-31 18:37:45.532  1361  1361 I wpa_supplicant: wlan0: CTRL-EVENT-EAP-SUCCESS EAP authentication completed successfully (based on lower layer success)
10-31 18:37:45.555  1361  1361 I wpa_supplicant: wlan0: WPA: Key negotiation completed with 68:02:b8:40:7b:b4 [PTK=CCMP GTK=CCMP]
10-31 18:37:45.555  1361  1361 I wpa_supplicant: wlan0: CTRL-EVENT-CONNECTED - Connection to 68:02:b8:40:7b:b4 completed [id=0 id_str=%7B%22configKey%22%3A%22%5C%22Dan+%26+Sush%5C%22WPA_PSK%22%2C%22creatorUid%22%3A%221000%22%7D]
10-31 18:37:45.567   772   857 D ConnectivityService: registerNetworkAgent NetworkAgentInfo{ ni{[type: WIFI[], state: CONNECTING/CONNECTING, reason: (unspecified), extra: "Dan & Sush", failover: false, available: true, roaming: false, metered: false]}  network{136}  nethandle{584131988190}  lp{{LinkAddresses: []  Routes: [] DnsAddresses: [] Domains: null MTU: 0}}  nc{[ Transports: WIFI Capabilities: NOT_METERED&INTERNET&NOT_RESTRICTED&TRUSTED&NOT_VPN LinkUpBandwidth>=1048576Kbps LinkDnBandwidth>=1048576Kbps]}  Score{20}  everValidated{false}  lastValidated{false}  created{false} lingering{false} explicitlySelected{false} acceptUnvalidated{false} everCaptivePortalDetected{false} lastCaptivePortalDetected{false} }
10-31 18:37:45.567   772   862 D ConnectivityService: NetworkAgentInfo [WIFI () - 136] EVENT_NETWORK_INFO_CHANGED, going from null to CONNECTING
10-31 18:37:45.593   772 11041 D ApfFilter: (wlan0): begin monitoring
10-31 18:37:45.617   772 11045 D DhcpClient: Receive thread started
10-31 18:37:45.621   772 11043 D DhcpClient: Broadcasting DHCPDISCOVER
10-31 18:37:48.443   417  1342 E WifiHAL : Few pkt stats messages missed: rcvd = 1399, prev = 1389
10-31 18:37:48.444   417  1342 I WifiHAL : Fate Tx-Rx: Packet fate stats stop received
10-31 18:37:50.624   772 11043 D DhcpClient: Broadcasting DHCPDISCOVER
10-31 18:37:50.662   772 11045 D DhcpClient: Received packet: 2c:59:8a:5a:8a:b1 OFFER, ip /192.168.178.248, mask /255.255.255.0, DNS servers: /84.116.46.23 /84.116.46.22 , gateways [/192.168.178.1] lease time 86400, domain home
10-31 18:37:50.663   772 11043 D DhcpClient: Got pending lease: IP address 192.168.178.248/24 Gateway 192.168.178.1  DNS servers: [ 84.116.46.23 84.116.46.22 ] Domains home DHCP server /192.168.178.1 Vendor info null lease 86400 seconds
10-31 18:37:50.666   772 11043 D DhcpClient: Broadcasting DHCPREQUEST ciaddr=0.0.0.0 request=192.168.178.248 serverid=192.168.178.1
10-31 18:37:50.811   772 11045 D DhcpClient: Received packet: 2c:59:8a:5a:8a:b1 ACK: your new IP /192.168.178.248, netmask /255.255.255.0, gateways [/192.168.178.1] DNS servers: /84.116.46.23 /84.116.46.22 , lease time 86400
10-31 18:37:50.813   772 11043 D DhcpClient: Confirmed lease: IP address 192.168.178.248/24 Gateway 192.168.178.1  DNS servers: [ 84.116.46.23 84.116.46.22 ] Domains home DHCP server /192.168.178.1 Vendor info null lease 86400 seconds
10-31 18:37:50.825   568   717 D CommandListener: Setting iface cfg
10-31 18:37:50.846   772 11043 D DhcpClient: Scheduling renewal in 43199s
10-31 18:37:50.846   772 11043 D DhcpClient: Scheduling rebind in 75599s
10-31 18:37:50.846   772 11043 D DhcpClient: Scheduling expiry in 86399s
10-31 18:37:50.847   772   862 D ConnectivityService: NetworkAgentInfo [WIFI () - 136] EVENT_NETWORK_INFO_CHANGED, going from CONNECTING to CONNECTED
10-31 18:37:50.849   772   862 D ConnectivityService: Adding iface wlan0 to network 136
10-31 18:37:50.870   772   857 E WifiStateMachine: Did not find remoteAddress {192.168.178.1} in /proc/net/arp
10-31 18:37:50.877   772   862 D ConnectivityService: Setting DNS servers for network 136 to [/84.116.46.23, /84.116.46.22]
10-31 18:37:50.890   772   791 E BatteryStatsService: no controller energy info supplied
10-31 18:37:50.903 29486 30686 I ChimeraSrvcProxy: NullBinder for android.net.action.RECOMMEND_NETWORKS triggering remote TransactionTooLargeException due to Service without Chimera impl
10-31 18:37:50.972 29486 10085 E WakeLock: GCM_HB_ALARM release without a matched acquire!
10-31 18:37:50.972 29486 10085 W WakeLock: GCM_HB_ALARM counter does not exist
10-31 18:37:50.983 29486 10085 E WakeLock: GCM_CONN_ALARM release without a matched acquire!
10-31 18:37:50.992   772   857 D WifiNetworkAgent: NetworkAgent: Received signal strength thresholds: []
10-31 18:37:50.993   772   862 D ConnectivityService: Switching to new default network: NetworkAgentInfo{ ni{[type: WIFI[], state: CONNECTED/CONNECTED, reason: (unspecified), extra: "Dan & Sush", failover: false, available: true, roaming: false, metered: false]}  network{136}  nethandle{584131988190}  lp{{InterfaceName: wlan0 LinkAddresses: [fe80::2e59:8aff:fe5a:8ab1/64,192.168.178.248/24,]  Routes: [fe80::/64 -> :: wlan0,192.168.178.0/24 -> 0.0.0.0 wlan0,0.0.0.0/0 -> 192.168.178.1 wlan0,] DnsAddresses: [84.116.46.23,84.116.46.22,] Domains: home MTU: 0 TcpBufferSizes: 524288,6291456,8291456,524288,6291456,8291456}}  nc{[ Transports: WIFI Capabilities: NOT_METERED&INTERNET&NOT_RESTRICTED&TRUSTED&NOT_VPN&FOREGROUND LinkUpBandwidth>=1048576Kbps LinkDnBandwidth>=1048576Kbps SignalStrength: -65]}  Score{20}  everValidated{false}  lastValidated{false}  created{true} lingering{false} explicitlySelected{true} acceptUnvalidated{false} everCaptivePortalDetected{false} lastCaptivePortalDetected{false} }
10-31 18:37:50.996   772   857 E WifiVendorHal: stopRssiMonitoring(l.2115) failed {.code = ERROR_NOT_AVAILABLE, .description = }
10-31 18:37:51.025   568   717 V IdletimerController: runCmd(/system/bin/ip6tables -w -t raw -A idletimer_raw_PREROUTING -i wlan0 -j IDLETIMER --timeout 15 --label 1 --send_nl_msg 1) res_ipv4=0, res_ipv6=0
10-31 18:37:51.050   772 11049 D NetworkMonitor/NetworkAgentInfo [WIFI () - 136]: PROBE_DNS connectivitycheck.gstatic.com 55ms OK 142.250.179.131
10-31 18:37:51.051   772 11048 D NetworkMonitor/NetworkAgentInfo [WIFI () - 136]: PROBE_DNS www.google.com 57ms OK 142.251.36.4
10-31 18:37:51.053   568   717 V IdletimerController: runCmd(/system/bin/ip6tables -w -t mangle -A idletimer_mangle_POSTROUTING -o wlan0 -j IDLETIMER --timeout 15 --label 1 --send_nl_msg 1) res_ipv4=0, res_ipv6=0
10-31 18:37:51.064   772   791 E BatteryStatsService: no controller energy info supplied
10-31 18:37:51.068   772   874 I GnssLocationProvider: WakeLock acquired by sendMessage(DOWNLOAD_XTRA_DATA, 0, null)
10-31 18:37:51.068   772   874 I GnssLocationProvider: WakeLock acquired by sendMessage(UPDATE_NETWORK_STATE, 0, 136)
10-31 18:37:51.069  2950  3047 W QCNEJ   : |CORE| network available: 136
10-31 18:37:51.069   772   787 D GnssLocationProvider: handleDownloadXtraData() called when Xtra not supported
10-31 18:37:51.069   772   787 I GnssLocationProvider: WakeLock released by handleMessage(DOWNLOAD_XTRA_DATA, 0, null)
10-31 18:37:51.070   772   862 D ConnectivityService: Sending CONNECTED broadcast for type 1 NetworkAgentInfo [WIFI () - 136] isDefaultNetwork=true
10-31 18:37:51.074   772   787 I GnssLocationProvider: WakeLock released by handleMessage(UPDATE_NETWORK_STATE, 0, 136)
10-31 18:37:51.077  2950  3047 W QCNEJ   : |CORE| onAvailable: bind the process to WIFI
10-31 18:37:51.082  2950  3047 W QCNEJ   : |CORE| newLp: {InterfaceName: wlan0 LinkAddresses: [fe80::2e59:8aff:fe5a:8ab1/64,192.168.178.248/24,]  Routes: [fe80::/64 -> :: wlan0,192.168.178.0/24 -> 0.0.0.0 wlan0,0.0.0.0/0 -> 192.168.178.1 wlan0,] DnsAddresses: [84.116.46.23,84.116.46.22,] Domains: home MTU: 0 TcpBufferSizes: 524288,6291456,8291456,524288,6291456,8291456}
10-31 18:37:51.084  2950  3047 W QCNEJ   : |CORE| curLp: {InterfaceName: wlan0 LinkAddresses: [fe80::2e59:8aff:fe5a:8ab1/64,192.168.178.248/24,]  Routes: [fe80::/64 -> :: wlan0,192.168.178.0/24 -> 0.0.0.0 wlan0,0.0.0.0/0 -> 192.168.178.1 wlan0,] DnsAddresses: [84.116.46.23,84.116.46.22,] Domains: home MTU: 0}
10-31 18:37:51.098 10305 10305 I cr_OfflineIndicator: onConnectionTypeChanged 2
10-31 18:37:51.099 10305 10305 I cr_OfflineIndicator: Reported by system: [ Transports: WIFI Capabilities: NOT_METERED&INTERNET&NOT_RESTRICTED&TRUSTED&NOT_VPN&FOREGROUND LinkUpBandwidth>=1048576Kbps LinkDnBandwidth>=1048576Kbps SignalStrength: -65]
10-31 18:37:51.099 10305 10305 I cr_OfflineIndicator: setConnectionState connectionState=2
10-31 18:37:51.099 10305 10305 I cr_OfflineIndicator: processConnectivityCheckResult mConnectionState=2 mConnectivityCheckingStage=1
10-31 18:37:51.099 10305 10305 I cr_OfflineIndicator: scheduleNextConnectivityCheck
10-31 18:37:51.099 10305 10305 I cr_OfflineIndicator: Retry after 5000ms
10-31 18:37:51.107   772 11041 D ApfFilter: (wlan0): Adding RA fe80::6a02:b8ff:fe40:f25a -> fe80::2e59:8aff:fe5a:8ab1 1800s 2001:1c00:306:100::/64 1105263s/500463s DNS 360s 2001:b88:1002::10 2001:b88:1202::10 2001:730:3e42:1000::53
10-31 18:37:51.111   568   717 E Netd    : Error adding route 2001:1c00:306:100::/64 -> (null) wlan0 to table 1022: File exists
10-31 18:37:51.113   568   717 E Netd    : Error adding route ::/0 -> fe80::6a02:b8ff:fe40:f25a wlan0 to table 1022: File exists
10-31 18:37:51.115   568   717 E Netd    : Error adding route 2001:1c00:306:100::/64 -> fe80::6a02:b8ff:fe40:f25a wlan0 to table 1022: File exists
10-31 18:37:51.125  2950  3047 W QCNEJ   : |CORE| newLp: {InterfaceName: wlan0 LinkAddresses: [fe80::2e59:8aff:fe5a:8ab1/64,192.168.178.248/24,]  Routes: [fe80::/64 -> :: wlan0,::/0 -> fe80::6a02:b8ff:fe40:f25a wlan0,2001:1c00:306:100::/64 -> fe80::6a02:b8ff:fe40:f25a wlan0,2001:1c00:306:100::/64 -> :: wlan0,192.168.178.0/24 -> 0.0.0.0 wlan0,0.0.0.0/0 -> 192.168.178.1 wlan0,] DnsAddresses: [84.116.46.23,84.116.46.22,] Domains: home MTU: 0 TcpBufferSizes: 524288,6291456,8291456,524288,6291456,8291456}
10-31 18:37:51.126  2950  3047 W QCNEJ   : |CORE| curLp: {InterfaceName: wlan0 LinkAddresses: [fe80::2e59:8aff:fe5a:8ab1/64,192.168.178.248/24,]  Routes: [fe80::/64 -> :: wlan0,::/0 -> fe80::6a02:b8ff:fe40:f25a wlan0,2001:1c00:306:100::/64 -> fe80::6a02:b8ff:fe40:f25a wlan0,2001:1c00:306:100::/64 -> :: wlan0,192.168.178.0/24 -> 0.0.0.0 wlan0,0.0.0.0/0 -> 192.168.178.1 wlan0,] DnsAddresses: [84.116.46.23,84.116.46.22,] Domains: home MTU: 0}
10-31 18:37:51.129   772 11049 D NetworkMonitor/NetworkAgentInfo [WIFI () - 136]: PROBE_HTTP http://connectivitycheck.gstatic.com/generate_204 time=77ms ret=204 request={User-Agent=[Mozilla/5.0 (X11; Linux x86_64) AppleWebKit/537.36 (KHTML, like Gecko) Chrome/52.0.2743.82 Safari/537.36]} headers={null=[HTTP/1.1 204 No Content], Content-Length=[0], Cross-Origin-Resource-Policy=[cross-origin], Date=[Mon, 31 Oct 2022 17:37:49 GMT], X-Android-Received-Millis=[1667237871128], X-Android-Response-Source=[NETWORK 204], X-Android-Selected-Protocol=[http/1.1], X-Android-Sent-Millis=[1667237871103]}
10-31 18:37:51.161 29486 29685 I qtaguid : Tagging socket -1 with tag 2000040700000000(536871943) for uid -1 failed errno=-9
10-31 18:37:51.161 29486 29685 I NetworkManagementSocketTagger: tagSocketFd(-1, 536871943, -1) failed with errno-9
10-31 18:37:51.202   772   857 W AlarmManager: Unrecognized alarm listener com.android.server.wifi.WifiConfigStore$1@36537b
10-31 18:37:51.214   772   857 D WifiConfigStore: Writing to stores completed in 12 ms.
10-31 18:37:51.361 29486 10085 E WakeLock: GCM_CONN_ALARM release without a matched acquire!
10-31 18:37:51.362   772  2969 D ConnectivityService: reportNetworkConnectivity(136, true) by 10020
10-31 18:37:51.368   772 10860 D ConnectivityService: reportNetworkConnectivity(136, true) by 10020
