10-31 18:37:51.887   772 11048 D NetworkMonitor/NetworkAgentInfo [WIFI () - 136]: PROBE_HTTPS https://www.google.com/generate_204 time=836ms ret=204 request={User-Agent=[Mozilla/5.0 (X11; Linux x86_64) AppleWebKit/537.36 (KHTML, like Gecko) Chrome/52.0.2743.82 Safari/537.36]} headers={null=[HTTP/1.1 204 No Content], Alt-Svc=[h3=":443"; ma=2592000,h3-29=":443"; ma=2592000,h3-Q050=":443"; ma=2592000,h3-Q046=":443"; ma=2592000,h3-Q043=":443"; ma=2592000,quic=":443"; ma=2592000; v="46,43"], Content-Length=[0], Cross-Origin-Resource-Policy=[cross-origin], Date=[Mon, 31 Oct 2022 17:37:50 GMT], X-Android-Received-Millis=[1667237871887], X-Android-Response-Source=[NETWORK 204], X-Android-Selected-Protocol=[http/1.1], X-Android-Sent-Millis=[1667237871849]}
10-31 18:37:51.889   772 11040 D NetworkMonitor/NetworkAgentInfo [WIFI () - 136]: Forcing reevaluation for UID 10020
10-31 18:37:51.889   772   862 D ConnectivityService: NetworkAgentInfo [WIFI () - 136] validation passed
10-31 18:37:51.889   772   788 W BroadcastQueue: Background execution not allowed: receiving Intent { act=android.net.conn.NETWORK_CONDITIONS_MEASURED flg=0x10 (has extras) } to com.google.android.gms/.chimera.GmsIntentOperationService$PersistentTrustedReceiver
10-31 18:37:51.893   772 11058 D NetworkMonitor/NetworkAgentInfo [WIFI () - 136]: PROBE_DNS www.google.com 0ms OK 142.251.36.4
10-31 18:37:51.899   772 11059 D NetworkMonitor/NetworkAgentInfo [WIFI () - 136]: PROBE_DNS connectivitycheck.gstatic.com 1ms OK 142.250.179.131
10-31 18:37:51.919   772 11058 D NetworkMonitor/NetworkAgentInfo [WIFI () - 136]: PROBE_HTTPS https://www.google.com/generate_204 time=21ms ret=204 request={User-Agent=[Mozilla/5.0 (X11; Linux x86_64) AppleWebKit/537.36 (KHTML, like Gecko) Chrome/52.0.2743.82 Safari/537.36]} headers={null=[HTTP/1.1 204 No Content], Alt-Svc=[h3=":443"; ma=2592000,h3-29=":443"; ma=2592000,h3-Q050=":443"; ma=2592000,h3-Q046=":443"; ma=2592000,h3-Q043=":443"; ma=2592000,quic=":443"; ma=2592000; v="46,43"], Content-Length=[0], Cross-Origin-Resource-Policy=[cross-origin], Date=[Mon, 31 Oct 2022 17:37:50 GMT], X-Android-Received-Millis=[1667237871919], X-Android-Response-Source=[NETWORK 204], X-Android-Selected-Protocol=[http/1.1], X-Android-Sent-Millis=[1667237871897]}
10-31 18:37:51.921   772   788 W BroadcastQueue: Background execution not allowed: receiving Intent { act=android.net.conn.NETWORK_CONDITIONS_MEASURED flg=0x10 (has extras) } to com.google.android.gms/.chimera.GmsIntentOperationService$PersistentTrustedReceiver
10-31 18:37:51.921   772   862 D ConnectivityService: NetworkAgentInfo [WIFI () - 136] validation passed
10-31 18:37:51.921   772 11059 D NetworkMonitor/NetworkAgentInfo [WIFI () - 136]: PROBE_HTTP http://connectivitycheck.gstatic.com/generate_204 time=22ms ret=204 request={User-Agent=[Mozilla/5.0 (X11; Linux x86_64) AppleWebKit/537.36 (KHTML, like Gecko) Chrome/52.0.2743.82 Safari/537.36]} headers={null=[HTTP/1.1 204 No Content], Content-Length=[0], Cross-Origin-Resource-Policy=[cross-origin], Date=[Mon, 31 Oct 2022 17:37:50 GMT], X-Android-Received-Millis=[1667237871921], X-Android-Response-Source=[NETWORK 204], X-Android-Selected-Protocol=[http/1.1], X-Android-Sent-Millis=[1667237871900]}
10-31 18:37:52.110 10305 10305 E cr_BTSPrefs: No data found for task id: 56
10-31 18:37:52.110 10305 10305 E cr_BkgrdTaskScheduler: Task cannot be canceled because no data was found instorage or data was invalid
10-31 18:37:52.264   772   862 D ConnectivityService: Setting DNS servers for network 136 to [/2001:730:3e42:1000::53, /2001:b88:1002::10, /2001:b88:1202::10, /84.116.46.23, /84.116.46.22]
10-31 18:37:52.283  2950  3047 W QCNEJ   : |CORE| newLp: {InterfaceName: wlan0 LinkAddresses: [fe80::2e59:8aff:fe5a:8ab1/64,192.168.178.248/24,2001:1c00:306:100:2e59:8aff:fe5a:8ab1/64,]  Routes: [fe80::/64 -> :: wlan0,::/0 -> fe80::6a02:b8ff:fe40:f25a wlan0,2001:1c00:306:100::/64 -> fe80::6a02:b8ff:fe40:f25a wlan0,2001:1c00:306:100::/64 -> :: wlan0,192.168.178.0/24 -> 0.0.0.0 wlan0,0.0.0.0/0 -> 192.168.178.1 wlan0,] DnsAddresses: [2001:730:3e42:1000::53,2001:b88:1002::10,2001:b88:1202::10,84.116.46.23,84.116.46.22,] Domains: home MTU: 0 TcpBufferSizes: 524288,6291456,8291456,524288,6291456,8291456}
10-31 18:37:52.284  2950  3047 W QCNEJ   : |CORE| curLp: {InterfaceName: wlan0 LinkAddresses: [fe80::2e59:8aff:fe5a:8ab1/64,192.168.178.248/24,2001:1c00:306:100:2e59:8aff:fe5a:8ab1/64,]  Routes: [fe80::/64 -> :: wlan0,::/0 -> fe80::6a02:b8ff:fe40:f25a wlan0,2001:1c00:306:100::/64 -> fe80::6a02:b8ff:fe40:f25a wlan0,2001:1c00:306:100::/64 -> :: wlan0,192.168.178.0/24 -> 0.0.0.0 wlan0,0.0.0.0/0 -> 192.168.178.1 wlan0,] DnsAddresses: [2001:730:3e42:1000::53,2001:b88:1002::10,2001:b88:1202::10,84.116.46.23,84.116.46.22,] Domains: home MTU: 0}
10-31 18:37:52.957  2950  3047 W QCNEJ   : |CORE| newLp: {InterfaceName: wlan0 LinkAddresses: [fe80::2e59:8aff:fe5a:8ab1/64,192.168.178.248/24,2001:1c00:306:100:2e59:8aff:fe5a:8ab1/64,2001:1c00:306:100:e1c9:736c:aab4:6782/64,]  Routes: [fe80::/64 -> :: wlan0,::/0 -> fe80::6a02:b8ff:fe40:f25a wlan0,2001:1c00:306:100::/64 -> fe80::6a02:b8ff:fe40:f25a wlan0,2001:1c00:306:100::/64 -> :: wlan0,192.168.178.0/24 -> 0.0.0.0 wlan0,0.0.0.0/0 -> 192.168.178.1 wlan0,] DnsAddresses: [2001:730:3e42:1000::53,2001:b88:1002::10,2001:b88:1202::10,84.116.46.23,84.116.46.22,] Domains: home MTU: 0 TcpBufferSizes: 524288,6291456,8291456,524288,6291456,8291456}
10-31 18:37:52.958  2950  3047 W QCNEJ   : |CORE| curLp: {InterfaceName: wlan0 LinkAddresses: [fe80::2e59:8aff:fe5a:8ab1/64,192.168.178.248/24,2001:1c00:306:100:2e59:8aff:fe5a:8ab1/64,2001:1c00:306:100:e1c9:736c:aab4:6782/64,]  Routes: [fe80::/64 -> :: wlan0,::/0 -> fe80::6a02:b8ff:fe40:f25a wlan0,2001:1c00:306:100::/64 -> fe80::6a02:b8ff:fe40:f25a wlan0,2001:1c00:306:100::/64 -> :: wlan0,192.168.178.0/24 -> 0.0.0.0 wlan0,0.0.0.0/0 -> 192.168.178.1 wlan0,] DnsAddresses: [2001:730:3e42:1000::53,2001:b88:1002::10,2001:b88:1202::10,84.116.46.23,84.116.46.22,] Domains: home MTU: 0}
10-31 18:37:56.104 10305 10305 I cr_OfflineIndicator: Reported by system: [ Transports: WIFI Capabilities: NOT_METERED&INTERNET&NOT_RESTRICTED&TRUSTED&NOT_VPN&VALIDATED&FOREGROUND LinkUpBandwidth>=1048576Kbps LinkDnBandwidth>=1048576Kbps SignalStrength: -65]
10-31 18:37:56.104 10305 10305 I cr_OfflineIndicator: setConnectionState connectionState=4
10-31 18:37:56.104 10305 10305 I cr_OfflineDetector: Running updateState mConnectivityDetectorInitialized: true, mTimeWhenLastForegrounded: 1113892722, getElapsedTime: 1113930271, mTimeWhenLastOfflineNotificationReceived: 1113915568, mTimeWhenLastOnline: 1113930271, mApplicationState: 1, mIsOfflineLastReportedByConnectivityDetector: false, mIsEffectivelyOffline: true
10-31 18:37:56.105 10305 10305 I cr_OfflineDetector: updateState(): timeSinceLastForeground: 37549, timeSinceOfflineNotificationReceived: 14703, timeSinceLastOnline: 0, timeNeededForForeground: -35549, timeNeededForOffline: -12703
10-31 18:37:56.105 10305 10305 I cr_OfflineIndicator: processConnectivityCheckResult mConnectionState=4 mConnectivityCheckingStage=1
10-31 18:37:56.111 10305 10305 E cr_BTSPrefs: No data found for task id: 53
10-31 18:37:56.112 10305 10305 E cr_BkgrdTaskScheduler: Task cannot be canceled because no data was found instorage or data was invalid
10-31 18:38:01.906   772   857 W AlarmManager: Unrecognized alarm listener com.android.server.wifi.WifiConfigStore$1@36537b
10-31 18:38:01.944   772   857 D WifiConfigStore: Writing to stores completed in 37 ms.
10-31 18:38:02.223   772 10893 D WificondControl: Scan result ready event
10-31 18:38:10.307 10305 10305 I cr_media: Create MediaDrmBridge with level L3 and origin AB5AA90DF936D384D8B7CE066ABC716D
10-31 18:38:10.314   361   361 W /system/bin/hwservicemanager: getTransportFromManifest: Cannot find entry android.hardware.drm@1.0::IDrmFactory in either framework or device manifest, using default transport.
10-31 18:38:10.402   562  5487 I DrmHal  : makeDrmFactories: using default drm instance
10-31 18:38:10.418   361   361 W /system/bin/hwservicemanager: getTransportFromManifest: Cannot find entry android.hardware.drm@1.0::IDrmFactory in either framework or device manifest, using default transport.
10-31 18:38:10.489   562 28303 I DrmHal  : makeDrmFactories: using default drm instance
10-31 18:38:10.490   562 19050 D WVCdm   : Instantiating CDM.
10-31 18:38:10.497   562 28303 I WVCdm   : CdmEngine::QueryStatus
10-31 18:38:10.498   562 28303 I WVCdm   : Level3 Library 4445 May 19 2017 17:17:20
10-31 18:38:10.510   562 28303 D QSEECOMAPI: : QSEECom_get_handle sb_length = 0x19000
10-31 18:38:10.510   562 28303 D QSEECOMAPI: : App is not loaded in QSEE
10-31 18:38:10.564   562 28303 D QSEECOMAPI: : Loaded image: APP id = 3110
10-31 18:38:10.568   562 28303 D QSAPPSVER: qsapps_get_capabilities: Capability from secure side: 0x0
10-31 18:38:10.568   562 28303 D QSAPPSVER: qsapps_get_capabilities: returns 0
10-31 18:38:10.568   562 28303 E DrmWidevineDash: sion_buffer g_wv_fhandle->ion_sbuffer  0x0xeee97000
10-31 18:38:10.572   372   376 D DrmLibTime: got the req here! ret=0
10-31 18:38:10.572   372   376 D DrmLibTime: command id, time_cmd_id = 770
10-31 18:38:10.572   372   376 D DrmLibTime: time_getutcsec starts!
10-31 18:38:10.572   372   376 D DrmLibTime: QSEE Time Listener: time_getutcsec
10-31 18:38:10.572   372   376 D DrmLibTime: QSEE Time Listener: get_utc_seconds
10-31 18:38:10.572   372   376 D DrmLibTime: QSEE Time Listener: time_get_modem_time
10-31 18:38:10.572   372   376 D DrmLibTime: QSEE Time Listener: Checking if ATS_MODEM is set or not.
10-31 18:38:10.572   372   376 D QC-time-services: Lib:time_genoff_operation: pargs->base = 13
10-31 18:38:10.572   372   376 D QC-time-services: Lib:time_genoff_operation: pargs->operation = 2
10-31 18:38:10.572   372   376 D QC-time-services: Lib:time_genoff_operation: pargs->ts_val = 0
10-31 18:38:10.572   372   376 D QC-time-services: Lib:time_genoff_operation: Send to server  passed!!
10-31 18:38:10.573   625   647 D QC-time-services: Daemon: Connection accepted:time_genoff
10-31 18:38:10.573   625 11069 D QC-time-services: Daemon:Received base = 13, unit = 1, operation = 2,value = 0
10-31 18:38:10.573   625 11069 D QC-time-services: Daemon:genoff_opr: Base = 13, val = 0, operation = 2
10-31 18:38:10.573   625 11069 D QC-time-services: offset is: 0 for base: 13
10-31 18:38:10.573   372   376 E QC-time-services: Receive Passed == base = 13, unit = 1, operation = 2, result = 0
10-31 18:38:10.573   372   376 D DrmLibTime: QSEE Time Listener: ATS_MODEM is not set. Fallback to Android system time.
10-31 18:38:10.573   372   376 D DrmLibTime: QSEE Time Listener: Retrieved Android system time: 1667237890
10-31 18:38:10.573   372   376 D DrmLibTime: time_getutcsec returns 0, sec = 1667237890; nsec = 0
10-31 18:38:10.573   372   376 D DrmLibTime: time_getutcsec finished! 
10-31 18:38:10.573   372   376 D DrmLibTime: iotcl_continue_command finished! and return 0 
10-31 18:38:10.573   372   376 D DrmLibTime: before calling ioctl to read the next time_cmd
10-31 18:38:10.574   625   647 E QC-time-services: Daemon: Time-services: Waiting to acceptconnection
10-31 18:38:10.613   562 28303 D WVCdm   : OEMCrypto_Initialize Level 1 success. I will use level 1.
10-31 18:38:10.614   562 28303 D QSEECOMAPI: : QSEECom_dealloc_memory 
10-31 18:38:10.614   562 28303 D QSEECOMAPI: : QSEECom_shutdown_app, app_id = 3110
10-31 18:38:10.626   562   562 I WVCdm   : CdmEngine::OpenSession
10-31 18:38:10.627   562   562 I WVCdm   : Level3 Library 4445 May 19 2017 17:17:20
10-31 18:38:10.630   562   562 D QSEECOMAPI: : QSEECom_get_handle sb_length = 0x19000
10-31 18:38:10.630   562   562 D QSEECOMAPI: : App is not loaded in QSEE
10-31 18:38:10.673   562   562 D QSEECOMAPI: : Loaded image: APP id = 3111
10-31 18:38:10.677   562   562 D QSAPPSVER: qsapps_get_capabilities: Capability from secure side: 0x0
10-31 18:38:10.677   562   562 D QSAPPSVER: qsapps_get_capabilities: returns 0
10-31 18:38:10.677   562   562 E DrmWidevineDash: sion_buffer g_wv_fhandle->ion_sbuffer  0x0xeee97000
10-31 18:38:10.681   372   376 D DrmLibTime: got the req here! ret=0
10-31 18:38:10.681   372   376 D DrmLibTime: command id, time_cmd_id = 770
10-31 18:38:10.681   372   376 D DrmLibTime: time_getutcsec starts!
10-31 18:38:10.681   372   376 D DrmLibTime: QSEE Time Listener: time_getutcsec
10-31 18:38:10.681   372   376 D DrmLibTime: QSEE Time Listener: get_utc_seconds
10-31 18:38:10.681   372   376 D DrmLibTime: QSEE Time Listener: time_get_modem_time
10-31 18:38:10.681   372   376 D DrmLibTime: QSEE Time Listener: Checking if ATS_MODEM is set or not.
10-31 18:38:10.681   372   376 D QC-time-services: Lib:time_genoff_operation: pargs->base = 13
10-31 18:38:10.681   372   376 D QC-time-services: Lib:time_genoff_operation: pargs->operation = 2
10-31 18:38:10.681   372   376 D QC-time-services: Lib:time_genoff_operation: pargs->ts_val = 0
10-31 18:38:10.681   372   376 D QC-time-services: Lib:time_genoff_operation: Send to server  passed!!
10-31 18:38:10.682   625   647 D QC-time-services: Daemon: Connection accepted:time_genoff
10-31 18:38:10.683   625 11070 D QC-time-services: Daemon:Received base = 13, unit = 1, operation = 2,value = 0
10-31 18:38:10.683   625 11070 D QC-time-services: Daemon:genoff_opr: Base = 13, val = 0, operation = 2
10-31 18:38:10.683   625 11070 D QC-time-services: offset is: 0 for base: 13
10-31 18:38:10.683   372   376 E QC-time-services: Receive Passed == base = 13, unit = 1, operation = 2, result = 0
10-31 18:38:10.683   372   376 D DrmLibTime: QSEE Time Listener: ATS_MODEM is not set. Fallback to Android system time.
10-31 18:38:10.683   372   376 D DrmLibTime: QSEE Time Listener: Retrieved Android system time: 1667237890
10-31 18:38:10.683   372   376 D DrmLibTime: time_getutcsec returns 0, sec = 1667237890; nsec = 0
10-31 18:38:10.683   372   376 D DrmLibTime: time_getutcsec finished! 
10-31 18:38:10.683   372   376 D DrmLibTime: iotcl_continue_command finished! and return 0 
10-31 18:38:10.683   372   376 D DrmLibTime: before calling ioctl to read the next time_cmd
10-31 18:38:10.684   625   647 E QC-time-services: Daemon: Time-services: Waiting to acceptconnection
10-31 18:38:10.718   562   562 D WVCdm   : OEMCrypto_Initialize Level 1 success. I will use level 1.
10-31 18:38:10.718   562   562 D WVCdm   : CryptoSession::Open: Lock: requested_security_level: L3
10-31 18:38:10.745   562   562 W WVCdm   : DeviceFiles::RetrieveHashedFile: /data/mediadrm/IDM1013/L3/cert.bin does not exist
10-31 18:38:10.746   562   562 D QSEECOMAPI: : QSEECom_dealloc_memory 
10-31 18:38:10.746   562   562 D QSEECOMAPI: : QSEECom_shutdown_app, app_id = 3111
10-31 18:38:10.767   562 19051 I WVCdm   : Level3 Library 4445 May 19 2017 17:17:20
10-31 18:38:10.778   562 19051 D QSEECOMAPI: : QSEECom_get_handle sb_length = 0x19000
10-31 18:38:10.778   562 19051 D QSEECOMAPI: : App is not loaded in QSEE
10-31 18:38:10.833   562 19051 D QSEECOMAPI: : Loaded image: APP id = 3112
10-31 18:38:10.839   562 19051 D QSAPPSVER: qsapps_get_capabilities: Capability from secure side: 0x0
10-31 18:38:10.839   562 19051 D QSAPPSVER: qsapps_get_capabilities: returns 0
10-31 18:38:10.839   562 19051 E DrmWidevineDash: sion_buffer g_wv_fhandle->ion_sbuffer  0x0xeee97000
10-31 18:38:10.841   372   376 D DrmLibTime: got the req here! ret=0
10-31 18:38:10.841   372   376 D DrmLibTime: command id, time_cmd_id = 770
10-31 18:38:10.841   372   376 D DrmLibTime: time_getutcsec starts!
10-31 18:38:10.841   372   376 D DrmLibTime: QSEE Time Listener: time_getutcsec
10-31 18:38:10.841   372   376 D DrmLibTime: QSEE Time Listener: get_utc_seconds
10-31 18:38:10.841   372   376 D DrmLibTime: QSEE Time Listener: time_get_modem_time
10-31 18:38:10.841   372   376 D DrmLibTime: QSEE Time Listener: Checking if ATS_MODEM is set or not.
10-31 18:38:10.841   372   376 D QC-time-services: Lib:time_genoff_operation: pargs->base = 13
10-31 18:38:10.841   372   376 D QC-time-services: Lib:time_genoff_operation: pargs->operation = 2
10-31 18:38:10.841   372   376 D QC-time-services: Lib:time_genoff_operation: pargs->ts_val = 0
10-31 18:38:10.841   372   376 D QC-time-services: Lib:time_genoff_operation: Send to server  passed!!
10-31 18:38:10.841   625   647 D QC-time-services: Daemon: Connection accepted:time_genoff
10-31 18:38:10.842   625 11071 D QC-time-services: Daemon:Received base = 13, unit = 1, operation = 2,value = 0
10-31 18:38:10.842   625 11071 D QC-time-services: Daemon:genoff_opr: Base = 13, val = 0, operation = 2
10-31 18:38:10.842   625 11071 D QC-time-services: offset is: 0 for base: 13
10-31 18:38:10.842   372   376 E QC-time-services: Receive Passed == base = 13, unit = 1, operation = 2, result = 0
10-31 18:38:10.842   372   376 D DrmLibTime: QSEE Time Listener: ATS_MODEM is not set. Fallback to Android system time.
10-31 18:38:10.842   372   376 D DrmLibTime: QSEE Time Listener: Retrieved Android system time: 1667237890
10-31 18:38:10.842   372   376 D DrmLibTime: time_getutcsec returns 0, sec = 1667237890; nsec = 0
10-31 18:38:10.842   372   376 D DrmLibTime: time_getutcsec finished! 
10-31 18:38:10.842   372   376 D DrmLibTime: iotcl_continue_command finished! and return 0 
10-31 18:38:10.842   372   376 D DrmLibTime: before calling ioctl to read the next time_cmd
10-31 18:38:10.842   625   647 E QC-time-services: Daemon: Time-services: Waiting to acceptconnection
10-31 18:38:10.866   562 19051 D WVCdm   : OEMCrypto_Initialize Level 1 success. I will use level 1.
10-31 18:38:10.866   562 19051 D WVCdm   : CryptoSession::Open: Lock: requested_security_level: L3
10-31 18:38:10.882 10305 10305 I cr_media: Provisioning origin ID AB5AA90DF936D384D8B7CE066ABC716D
10-31 18:38:10.890 10305 10305 I MediaDrm: Drm event (1,0)
10-31 18:38:10.890 10305 10305 E cr_media: EventListener: No session for event 1.
10-31 18:38:11.078   562  5487 D QSEECOMAPI: : QSEECom_dealloc_memory 
10-31 18:38:11.078   562  5487 D QSEECOMAPI: : QSEECom_shutdown_app, app_id = 3112
10-31 18:38:11.098 10305 10305 I cr_media: Create MediaDrmBridge with level L1 and origin AB5AA90DF936D384D8B7CE066ABC716D
10-31 18:38:11.100   361   361 W /system/bin/hwservicemanager: getTransportFromManifest: Cannot find entry android.hardware.drm@1.0::IDrmFactory in either framework or device manifest, using default transport.
10-31 18:38:11.102   562   644 I DrmHal  : makeDrmFactories: using default drm instance
10-31 18:38:11.104   361   361 W /system/bin/hwservicemanager: getTransportFromManifest: Cannot find entry android.hardware.drm@1.0::IDrmFactory in either framework or device manifest, using default transport.
10-31 18:38:11.110   562 28303 I DrmHal  : makeDrmFactories: using default drm instance
10-31 18:38:11.111   562 19051 I WVCdm   : CdmEngine::QueryStatus
10-31 18:38:11.112   562 19051 I WVCdm   : Level3 Library 4445 May 19 2017 17:17:20
10-31 18:38:11.115   562 19051 D QSEECOMAPI: : QSEECom_get_handle sb_length = 0x19000
10-31 18:38:11.116   562 19051 D QSEECOMAPI: : App is not loaded in QSEE
10-31 18:38:11.164   562 19051 D QSEECOMAPI: : Loaded image: APP id = 3113
10-31 18:38:11.171   562 19051 D QSAPPSVER: qsapps_get_capabilities: Capability from secure side: 0x0
10-31 18:38:11.171   562 19051 D QSAPPSVER: qsapps_get_capabilities: returns 0
10-31 18:38:11.171   562 19051 E DrmWidevineDash: sion_buffer g_wv_fhandle->ion_sbuffer  0x0xeee58000
10-31 18:38:11.175   372   376 D DrmLibTime: got the req here! ret=0
10-31 18:38:11.175   372   376 D DrmLibTime: command id, time_cmd_id = 770
10-31 18:38:11.175   372   376 D DrmLibTime: time_getutcsec starts!
10-31 18:38:11.175   372   376 D DrmLibTime: QSEE Time Listener: time_getutcsec
10-31 18:38:11.175   372   376 D DrmLibTime: QSEE Time Listener: get_utc_seconds
10-31 18:38:11.175   372   376 D DrmLibTime: QSEE Time Listener: time_get_modem_time
10-31 18:38:11.175   372   376 D DrmLibTime: QSEE Time Listener: Checking if ATS_MODEM is set or not.
10-31 18:38:11.175   372   376 D QC-time-services: Lib:time_genoff_operation: pargs->base = 13
10-31 18:38:11.175   372   376 D QC-time-services: Lib:time_genoff_operation: pargs->operation = 2
10-31 18:38:11.175   372   376 D QC-time-services: Lib:time_genoff_operation: pargs->ts_val = 0
10-31 18:38:11.176   372   376 D QC-time-services: Lib:time_genoff_operation: Send to server  passed!!
10-31 18:38:11.176   625   647 D QC-time-services: Daemon: Connection accepted:time_genoff
10-31 18:38:11.177   625 11076 D QC-time-services: Daemon:Received base = 13, unit = 1, operation = 2,value = 0
10-31 18:38:11.177   625 11076 D QC-time-services: Daemon:genoff_opr: Base = 13, val = 0, operation = 2
10-31 18:38:11.177   625 11076 D QC-time-services: offset is: 0 for base: 13
10-31 18:38:11.177   372   376 E QC-time-services: Receive Passed == base = 13, unit = 1, operation = 2, result = 0
10-31 18:38:11.177   372   376 D DrmLibTime: QSEE Time Listener: ATS_MODEM is not set. Fallback to Android system time.
10-31 18:38:11.177   372   376 D DrmLibTime: QSEE Time Listener: Retrieved Android system time: 1667237891
10-31 18:38:11.177   372   376 D DrmLibTime: time_getutcsec returns 0, sec = 1667237891; nsec = 0
10-31 18:38:11.177   372   376 D DrmLibTime: time_getutcsec finished! 
10-31 18:38:11.177   372   376 D DrmLibTime: iotcl_continue_command finished! and return 0 
10-31 18:38:11.178   372   376 D DrmLibTime: before calling ioctl to read the next time_cmd
10-31 18:38:11.178   625   647 E QC-time-services: Daemon: Time-services: Waiting to acceptconnection
10-31 18:38:11.218   562 19051 D WVCdm   : OEMCrypto_Initialize Level 1 success. I will use level 1.
10-31 18:38:11.219   562 19051 D QSEECOMAPI: : QSEECom_dealloc_memory 
10-31 18:38:11.219   562 19051 D QSEECOMAPI: : QSEECom_shutdown_app, app_id = 3113
10-31 18:38:11.235   562 28303 I WVCdm   : CdmEngine::OpenSession
10-31 18:38:11.239   562 28303 I WVCdm   : Level3 Library 4445 May 19 2017 17:17:20
10-31 18:38:11.243   562 28303 D QSEECOMAPI: : QSEECom_get_handle sb_length = 0x19000
10-31 18:38:11.243   562 28303 D QSEECOMAPI: : App is not loaded in QSEE
10-31 18:38:11.300   562 28303 D QSEECOMAPI: : Loaded image: APP id = 3114
10-31 18:38:11.305   562 28303 D QSAPPSVER: qsapps_get_capabilities: Capability from secure side: 0x0
10-31 18:38:11.305   562 28303 D QSAPPSVER: qsapps_get_capabilities: returns 0
10-31 18:38:11.305   562 28303 E DrmWidevineDash: sion_buffer g_wv_fhandle->ion_sbuffer  0x0xeee58000
10-31 18:38:11.308   372   376 D DrmLibTime: got the req here! ret=0
10-31 18:38:11.308   372   376 D DrmLibTime: command id, time_cmd_id = 770
10-31 18:38:11.308   372   376 D DrmLibTime: time_getutcsec starts!
10-31 18:38:11.308   372   376 D DrmLibTime: QSEE Time Listener: time_getutcsec
10-31 18:38:11.308   372   376 D DrmLibTime: QSEE Time Listener: get_utc_seconds
10-31 18:38:11.308   372   376 D DrmLibTime: QSEE Time Listener: time_get_modem_time
10-31 18:38:11.308   372   376 D DrmLibTime: QSEE Time Listener: Checking if ATS_MODEM is set or not.
10-31 18:38:11.308   372   376 D QC-time-services: Lib:time_genoff_operation: pargs->base = 13
10-31 18:38:11.308   372   376 D QC-time-services: Lib:time_genoff_operation: pargs->operation = 2
10-31 18:38:11.308   372   376 D QC-time-services: Lib:time_genoff_operation: pargs->ts_val = 0
10-31 18:38:11.309   372   376 D QC-time-services: Lib:time_genoff_operation: Send to server  passed!!
10-31 18:38:11.309   625   647 D QC-time-services: Daemon: Connection accepted:time_genoff
10-31 18:38:11.309   625 11077 D QC-time-services: Daemon:Received base = 13, unit = 1, operation = 2,value = 0
10-31 18:38:11.309   625 11077 D QC-time-services: Daemon:genoff_opr: Base = 13, val = 0, operation = 2
10-31 18:38:11.309   625 11077 D QC-time-services: offset is: 0 for base: 13
10-31 18:38:11.309   372   376 E QC-time-services: Receive Passed == base = 13, unit = 1, operation = 2, result = 0
10-31 18:38:11.309   372   376 D DrmLibTime: QSEE Time Listener: ATS_MODEM is not set. Fallback to Android system time.
10-31 18:38:11.309   372   376 D DrmLibTime: QSEE Time Listener: Retrieved Android system time: 1667237891
10-31 18:38:11.309   372   376 D DrmLibTime: time_getutcsec returns 0, sec = 1667237891; nsec = 0
10-31 18:38:11.309   372   376 D DrmLibTime: time_getutcsec finished! 
10-31 18:38:11.309   372   376 D DrmLibTime: iotcl_continue_command finished! and return 0 
10-31 18:38:11.309   372   376 D DrmLibTime: before calling ioctl to read the next time_cmd
10-31 18:38:11.310   625   647 E QC-time-services: Daemon: Time-services: Waiting to acceptconnection
10-31 18:38:11.337   562 28303 D WVCdm   : OEMCrypto_Initialize Level 1 success. I will use level 1.
10-31 18:38:11.337   562 28303 D WVCdm   : CryptoSession::Open: Lock: requested_security_level: Default
10-31 18:38:11.344   562 28303 W WVCdm   : DeviceFiles::RetrieveHashedFile: /data/mediadrm/IDM1013/L1/cert.bin does not exist
10-31 18:38:11.346   562 28303 D QSEECOMAPI: : QSEECom_dealloc_memory 
10-31 18:38:11.346   562 28303 D QSEECOMAPI: : QSEECom_shutdown_app, app_id = 3114
10-31 18:38:11.369   562 19050 I WVCdm   : Level3 Library 4445 May 19 2017 17:17:20
10-31 18:38:11.375   562 19050 D QSEECOMAPI: : QSEECom_get_handle sb_length = 0x19000
10-31 18:38:11.375   562 19050 D QSEECOMAPI: : App is not loaded in QSEE
10-31 18:38:11.425   562 19050 D QSEECOMAPI: : Loaded image: APP id = 3115
10-31 18:38:11.429   562 19050 D QSAPPSVER: qsapps_get_capabilities: Capability from secure side: 0x0
10-31 18:38:11.429   562 19050 D QSAPPSVER: qsapps_get_capabilities: returns 0
10-31 18:38:11.429   562 19050 E DrmWidevineDash: sion_buffer g_wv_fhandle->ion_sbuffer  0x0xeeeb5000
10-31 18:38:11.434   372   376 D DrmLibTime: got the req here! ret=0
10-31 18:38:11.434   372   376 D DrmLibTime: command id, time_cmd_id = 770
10-31 18:38:11.434   372   376 D DrmLibTime: time_getutcsec starts!
10-31 18:38:11.434   372   376 D DrmLibTime: QSEE Time Listener: time_getutcsec
10-31 18:38:11.434   372   376 D DrmLibTime: QSEE Time Listener: get_utc_seconds
10-31 18:38:11.434   372   376 D DrmLibTime: QSEE Time Listener: time_get_modem_time
10-31 18:38:11.434   372   376 D DrmLibTime: QSEE Time Listener: Checking if ATS_MODEM is set or not.
10-31 18:38:11.434   372   376 D QC-time-services: Lib:time_genoff_operation: pargs->base = 13
10-31 18:38:11.434   372   376 D QC-time-services: Lib:time_genoff_operation: pargs->operation = 2
10-31 18:38:11.434   372   376 D QC-time-services: Lib:time_genoff_operation: pargs->ts_val = 0
10-31 18:38:11.434   372   376 D QC-time-services: Lib:time_genoff_operation: Send to server  passed!!
10-31 18:38:11.434   625   647 D QC-time-services: Daemon: Connection accepted:time_genoff
10-31 18:38:11.434   625 11078 D QC-time-services: Daemon:Received base = 13, unit = 1, operation = 2,value = 0
10-31 18:38:11.434   625 11078 D QC-time-services: Daemon:genoff_opr: Base = 13, val = 0, operation = 2
10-31 18:38:11.434   625 11078 D QC-time-services: offset is: 0 for base: 13
10-31 18:38:11.434   372   376 E QC-time-services: Receive Passed == base = 13, unit = 1, operation = 2, result = 0
10-31 18:38:11.434   372   376 D DrmLibTime: QSEE Time Listener: ATS_MODEM is not set. Fallback to Android system time.
10-31 18:38:11.434   372   376 D DrmLibTime: QSEE Time Listener: Retrieved Android system time: 1667237891
10-31 18:38:11.434   372   376 D DrmLibTime: time_getutcsec returns 0, sec = 1667237891; nsec = 0
10-31 18:38:11.434   372   376 D DrmLibTime: time_getutcsec finished! 
10-31 18:38:11.434   372   376 D DrmLibTime: iotcl_continue_command finished! and return 0 
10-31 18:38:11.434   372   376 D DrmLibTime: before calling ioctl to read the next time_cmd
10-31 18:38:11.435   625   647 E QC-time-services: Daemon: Time-services: Waiting to acceptconnection
10-31 18:38:11.466   562 19050 D WVCdm   : OEMCrypto_Initialize Level 1 success. I will use level 1.
10-31 18:38:11.466   562 19050 D WVCdm   : CryptoSession::Open: Lock: requested_security_level: Default
10-31 18:38:11.536   562 19050 E DrmWidevineDash: OEMCrypto_GenerateSignature : input wrapped_rsa_key == NULL!, return short buffer
10-31 18:38:11.538 10305 10305 I cr_media: Provisioning origin ID AB5AA90DF936D384D8B7CE066ABC716D
10-31 18:38:11.556 10305 10305 I MediaDrm: Drm event (1,0)
10-31 18:38:11.556 10305 10305 E cr_media: EventListener: No session for event 1.
10-31 18:38:11.571   562   644 E DrmWidevineDash: OEMCrypto_RewrapDeviceRSAKey : input wrapped_rsa_key == NULL!, return short buffer
10-31 18:38:11.584   562   644 D QSEECOMAPI: : QSEECom_dealloc_memory 
10-31 18:38:11.585   562   644 D QSEECOMAPI: : QSEECom_shutdown_app, app_id = 3115
10-31 18:38:11.605 10305 10305 I cr_media: Create MediaDrmBridge with level L3 and origin 63B2A08AFCFADDD544E82614540F19FA
10-31 18:38:11.607   361   361 W /system/bin/hwservicemanager: getTransportFromManifest: Cannot find entry android.hardware.drm@1.0::IDrmFactory in either framework or device manifest, using default transport.
10-31 18:38:11.671   562   562 I DrmHal  : makeDrmFactories: using default drm instance
10-31 18:38:11.673   361   361 W /system/bin/hwservicemanager: getTransportFromManifest: Cannot find entry android.hardware.drm@1.0::IDrmFactory in either framework or device manifest, using default transport.
10-31 18:38:11.731   562   644 I DrmHal  : makeDrmFactories: using default drm instance
10-31 18:38:11.731   562 19050 D WVCdm   : Instantiating CDM.
10-31 18:38:11.734   562 19050 I WVCdm   : CdmEngine::QueryStatus
10-31 18:38:11.734   562 19050 I WVCdm   : Level3 Library 4445 May 19 2017 17:17:20
10-31 18:38:11.738   562 19050 D QSEECOMAPI: : QSEECom_get_handle sb_length = 0x19000
10-31 18:38:11.738   562 19050 D QSEECOMAPI: : App is not loaded in QSEE
10-31 18:38:11.787   562 19050 D QSEECOMAPI: : Loaded image: APP id = 3116
10-31 18:38:11.791   562 19050 D QSAPPSVER: qsapps_get_capabilities: Capability from secure side: 0x0
10-31 18:38:11.791   562 19050 D QSAPPSVER: qsapps_get_capabilities: returns 0
10-31 18:38:11.791   562 19050 E DrmWidevineDash: sion_buffer g_wv_fhandle->ion_sbuffer  0x0xeee91000
10-31 18:38:11.794   372   376 D DrmLibTime: got the req here! ret=0
10-31 18:38:11.794   372   376 D DrmLibTime: command id, time_cmd_id = 770
10-31 18:38:11.794   372   376 D DrmLibTime: time_getutcsec starts!
10-31 18:38:11.794   372   376 D DrmLibTime: QSEE Time Listener: time_getutcsec
10-31 18:38:11.794   372   376 D DrmLibTime: QSEE Time Listener: get_utc_seconds
10-31 18:38:11.794   372   376 D DrmLibTime: QSEE Time Listener: time_get_modem_time
10-31 18:38:11.794   372   376 D DrmLibTime: QSEE Time Listener: Checking if ATS_MODEM is set or not.
10-31 18:38:11.794   372   376 D QC-time-services: Lib:time_genoff_operation: pargs->base = 13
10-31 18:38:11.794   372   376 D QC-time-services: Lib:time_genoff_operation: pargs->operation = 2
10-31 18:38:11.794   372   376 D QC-time-services: Lib:time_genoff_operation: pargs->ts_val = 0
10-31 18:38:11.794   372   376 D QC-time-services: Lib:time_genoff_operation: Send to server  passed!!
10-31 18:38:11.794   625   647 D QC-time-services: Daemon: Connection accepted:time_genoff
10-31 18:38:11.795   625 11083 D QC-time-services: Daemon:Received base = 13, unit = 1, operation = 2,value = 0
10-31 18:38:11.795   625 11083 D QC-time-services: Daemon:genoff_opr: Base = 13, val = 0, operation = 2
10-31 18:38:11.795   625 11083 D QC-time-services: offset is: 0 for base: 13
10-31 18:38:11.795   372   376 E QC-time-services: Receive Passed == base = 13, unit = 1, operation = 2, result = 0
10-31 18:38:11.795   372   376 D DrmLibTime: QSEE Time Listener: ATS_MODEM is not set. Fallback to Android system time.
10-31 18:38:11.795   372   376 D DrmLibTime: QSEE Time Listener: Retrieved Android system time: 1667237891
10-31 18:38:11.795   372   376 D DrmLibTime: time_getutcsec returns 0, sec = 1667237891; nsec = 0
10-31 18:38:11.795   372   376 D DrmLibTime: time_getutcsec finished! 
10-31 18:38:11.795   372   376 D DrmLibTime: iotcl_continue_command finished! and return 0 
10-31 18:38:11.795   372   376 D DrmLibTime: before calling ioctl to read the next time_cmd
10-31 18:38:11.795   625   647 E QC-time-services: Daemon: Time-services: Waiting to acceptconnection
10-31 18:38:11.827   562 19050 D WVCdm   : OEMCrypto_Initialize Level 1 success. I will use level 1.
10-31 18:38:11.828   562 19050 D QSEECOMAPI: : QSEECom_dealloc_memory 
10-31 18:38:11.828   562 19050 D QSEECOMAPI: : QSEECom_shutdown_app, app_id = 3116
10-31 18:38:11.840   562 19051 I WVCdm   : CdmEngine::OpenSession
10-31 18:38:11.840   562 19051 I WVCdm   : Level3 Library 4445 May 19 2017 17:17:20
10-31 18:38:11.843   562 19051 D QSEECOMAPI: : QSEECom_get_handle sb_length = 0x19000
10-31 18:38:11.843   562 19051 D QSEECOMAPI: : App is not loaded in QSEE
10-31 18:38:11.894   562 19051 D QSEECOMAPI: : Loaded image: APP id = 3117
10-31 18:38:11.899   562 19051 D QSAPPSVER: qsapps_get_capabilities: Capability from secure side: 0x0
10-31 18:38:11.899   562 19051 D QSAPPSVER: qsapps_get_capabilities: returns 0
10-31 18:38:11.899   562 19051 E DrmWidevineDash: sion_buffer g_wv_fhandle->ion_sbuffer  0x0xeee91000
10-31 18:38:11.901   372   376 D DrmLibTime: got the req here! ret=0
10-31 18:38:11.901   372   376 D DrmLibTime: command id, time_cmd_id = 770
10-31 18:38:11.901   372   376 D DrmLibTime: time_getutcsec starts!
10-31 18:38:11.901   372   376 D DrmLibTime: QSEE Time Listener: time_getutcsec
10-31 18:38:11.901   372   376 D DrmLibTime: QSEE Time Listener: get_utc_seconds
10-31 18:38:11.901   372   376 D DrmLibTime: QSEE Time Listener: time_get_modem_time
10-31 18:38:11.901   372   376 D DrmLibTime: QSEE Time Listener: Checking if ATS_MODEM is set or not.
10-31 18:38:11.901   372   376 D QC-time-services: Lib:time_genoff_operation: pargs->base = 13
10-31 18:38:11.901   372   376 D QC-time-services: Lib:time_genoff_operation: pargs->operation = 2
10-31 18:38:11.901   372   376 D QC-time-services: Lib:time_genoff_operation: pargs->ts_val = 0
10-31 18:38:11.902   372   376 D QC-time-services: Lib:time_genoff_operation: Send to server  passed!!
10-31 18:38:11.902   625   647 D QC-time-services: Daemon: Connection accepted:time_genoff
10-31 18:38:11.902   625 11084 D QC-time-services: Daemon:Received base = 13, unit = 1, operation = 2,value = 0
10-31 18:38:11.902   625 11084 D QC-time-services: Daemon:genoff_opr: Base = 13, val = 0, operation = 2
10-31 18:38:11.902   625 11084 D QC-time-services: offset is: 0 for base: 13
10-31 18:38:11.902   372   376 E QC-time-services: Receive Passed == base = 13, unit = 1, operation = 2, result = 0
10-31 18:38:11.902   372   376 D DrmLibTime: QSEE Time Listener: ATS_MODEM is not set. Fallback to Android system time.
10-31 18:38:11.902   372   376 D DrmLibTime: QSEE Time Listener: Retrieved Android system time: 1667237891
10-31 18:38:11.902   372   376 D DrmLibTime: time_getutcsec returns 0, sec = 1667237891; nsec = 0
10-31 18:38:11.902   372   376 D DrmLibTime: time_getutcsec finished! 
10-31 18:38:11.902   372   376 D DrmLibTime: iotcl_continue_command finished! and return 0 
10-31 18:38:11.902   372   376 D DrmLibTime: before calling ioctl to read the next time_cmd
10-31 18:38:11.903   625   647 E QC-time-services: Daemon: Time-services: Waiting to acceptconnection
10-31 18:38:11.927   562 19051 D WVCdm   : OEMCrypto_Initialize Level 1 success. I will use level 1.
10-31 18:38:11.927   562 19051 D WVCdm   : CryptoSession::Open: Lock: requested_security_level: L3
10-31 18:38:11.933   562 19051 W WVCdm   : DeviceFiles::RetrieveHashedFile: /data/mediadrm/IDM1013/L3/cert.bin does not exist
10-31 18:38:11.934   562 19051 D QSEECOMAPI: : QSEECom_dealloc_memory 
10-31 18:38:11.934   562 19051 D QSEECOMAPI: : QSEECom_shutdown_app, app_id = 3117
10-31 18:38:11.951   562   644 I WVCdm   : Level3 Library 4445 May 19 2017 17:17:20
10-31 18:38:11.954   562   644 D QSEECOMAPI: : QSEECom_get_handle sb_length = 0x19000
10-31 18:38:11.954   562   644 D QSEECOMAPI: : App is not loaded in QSEE
10-31 18:38:12.002   562   644 D QSEECOMAPI: : Loaded image: APP id = 3118
10-31 18:38:12.005   562   644 D QSAPPSVER: qsapps_get_capabilities: Capability from secure side: 0x0
10-31 18:38:12.005   562   644 D QSAPPSVER: qsapps_get_capabilities: returns 0
10-31 18:38:12.005   562   644 E DrmWidevineDash: sion_buffer g_wv_fhandle->ion_sbuffer  0x0xeee91000
10-31 18:38:12.008   372   376 D DrmLibTime: got the req here! ret=0
10-31 18:38:12.008   372   376 D DrmLibTime: command id, time_cmd_id = 770
10-31 18:38:12.008   372   376 D DrmLibTime: time_getutcsec starts!
10-31 18:38:12.008   372   376 D DrmLibTime: QSEE Time Listener: time_getutcsec
10-31 18:38:12.008   372   376 D DrmLibTime: QSEE Time Listener: get_utc_seconds
10-31 18:38:12.008   372   376 D DrmLibTime: QSEE Time Listener: time_get_modem_time
10-31 18:38:12.008   372   376 D DrmLibTime: QSEE Time Listener: Checking if ATS_MODEM is set or not.
10-31 18:38:12.008   372   376 D QC-time-services: Lib:time_genoff_operation: pargs->base = 13
10-31 18:38:12.008   372   376 D QC-time-services: Lib:time_genoff_operation: pargs->operation = 2
10-31 18:38:12.008   372   376 D QC-time-services: Lib:time_genoff_operation: pargs->ts_val = 0
10-31 18:38:12.008   372   376 D QC-time-services: Lib:time_genoff_operation: Send to server  passed!!
10-31 18:38:12.008   625   647 D QC-time-services: Daemon: Connection accepted:time_genoff
10-31 18:38:12.009   625 11085 D QC-time-services: Daemon:Received base = 13, unit = 1, operation = 2,value = 0
10-31 18:38:12.009   625 11085 D QC-time-services: Daemon:genoff_opr: Base = 13, val = 0, operation = 2
10-31 18:38:12.009   625 11085 D QC-time-services: offset is: 0 for base: 13
10-31 18:38:12.009   372   376 E QC-time-services: Receive Passed == base = 13, unit = 1, operation = 2, result = 0
10-31 18:38:12.009   372   376 D DrmLibTime: QSEE Time Listener: ATS_MODEM is not set. Fallback to Android system time.
10-31 18:38:12.009   372   376 D DrmLibTime: QSEE Time Listener: Retrieved Android system time: 1667237892
10-31 18:38:12.009   372   376 D DrmLibTime: time_getutcsec returns 0, sec = 1667237892; nsec = 0
10-31 18:38:12.009   372   376 D DrmLibTime: time_getutcsec finished! 
10-31 18:38:12.009   372   376 D DrmLibTime: iotcl_continue_command finished! and return 0 
10-31 18:38:12.009   372   376 D DrmLibTime: before calling ioctl to read the next time_cmd
10-31 18:38:12.009   625   647 E QC-time-services: Daemon: Time-services: Waiting to acceptconnection
10-31 18:38:12.045   562   644 D WVCdm   : OEMCrypto_Initialize Level 1 success. I will use level 1.
10-31 18:38:12.045   562   644 D WVCdm   : CryptoSession::Open: Lock: requested_security_level: L3
10-31 18:38:12.055 10305 10305 I cr_media: Provisioning origin ID 63B2A08AFCFADDD544E82614540F19FA
10-31 18:38:12.057 10305 10305 I MediaDrm: Drm event (1,0)
10-31 18:38:12.057 10305 10305 E cr_media: EventListener: No session for event 1.
10-31 18:38:12.090 11086 11086 E /system/bin/webview_zygote32: failed to make and chown /acct/uid_99909: Permission denied
10-31 18:38:12.090 11086 11086 E Zygote  : createProcessGroup(99909, 0) failed: Permission denied
10-31 18:38:12.095   772  3037 I ActivityManager: Start proc 11086:com.android.chrome:sandboxed_process21/u0i909 for webview_service com.android.chrome/org.chromium.content.app.SandboxedProcessService21
10-31 18:38:12.112   562   562 D QSEECOMAPI: : QSEECom_dealloc_memory 
10-31 18:38:12.112   562   562 D QSEECOMAPI: : QSEECom_shutdown_app, app_id = 3118
10-31 18:38:12.132 10305 10305 I cr_media: Create MediaDrmBridge with level L1 and origin 63B2A08AFCFADDD544E82614540F19FA
10-31 18:38:12.134   361   361 W /system/bin/hwservicemanager: getTransportFromManifest: Cannot find entry android.hardware.drm@1.0::IDrmFactory in either framework or device manifest, using default transport.
10-31 18:38:12.137   562  5487 I DrmHal  : makeDrmFactories: using default drm instance
10-31 18:38:12.138 11086 11086 I SamplingProfilerIntegration: Profiling disabled.
10-31 18:38:12.140   361   361 W /system/bin/hwservicemanager: getTransportFromManifest: Cannot find entry android.hardware.drm@1.0::IDrmFactory in either framework or device manifest, using default transport.
10-31 18:38:12.143   562 19051 I DrmHal  : makeDrmFactories: using default drm instance
10-31 18:38:12.144   562 19050 I WVCdm   : CdmEngine::QueryStatus
10-31 18:38:12.145   562 19050 I WVCdm   : Level3 Library 4445 May 19 2017 17:17:20
10-31 18:38:12.149   562 19050 D QSEECOMAPI: : QSEECom_get_handle sb_length = 0x19000
10-31 18:38:12.149   562 19050 D QSEECOMAPI: : App is not loaded in QSEE
10-31 18:38:12.158 11103 11103 E asset   : setgid: Operation not permitted
10-31 18:38:12.185 11086 11086 I cr_SplitCompatApp: Launched version=106.0.5249.79 minSdkVersion=24 isBundle=true processName=com.android.chrome:sandboxed_process21 isIsolated=true
10-31 18:38:12.191 11086 11086 W SystemServiceRegistry: No service published for: uimode
10-31 18:38:12.198   562 19050 D QSEECOMAPI: : Loaded image: APP id = 3119
10-31 18:38:12.202   562 19050 D QSAPPSVER: qsapps_get_capabilities: Capability from secure side: 0x0
10-31 18:38:12.202   562 19050 D QSAPPSVER: qsapps_get_capabilities: returns 0
10-31 18:38:12.202   562 19050 E DrmWidevineDash: sion_buffer g_wv_fhandle->ion_sbuffer  0x0xeee73000
10-31 18:38:12.204 11086 11086 I cr_ChildProcessService: Creating new ChildProcessService pid=11086
10-31 18:38:12.207   372   376 D DrmLibTime: got the req here! ret=0
10-31 18:38:12.207   372   376 D DrmLibTime: command id, time_cmd_id = 770
10-31 18:38:12.207   372   376 D DrmLibTime: time_getutcsec starts!
10-31 18:38:12.207   372   376 D DrmLibTime: QSEE Time Listener: time_getutcsec
10-31 18:38:12.207   372   376 D DrmLibTime: QSEE Time Listener: get_utc_seconds
10-31 18:38:12.207   372   376 D DrmLibTime: QSEE Time Listener: time_get_modem_time
10-31 18:38:12.207   372   376 D DrmLibTime: QSEE Time Listener: Checking if ATS_MODEM is set or not.
10-31 18:38:12.207   372   376 D QC-time-services: Lib:time_genoff_operation: pargs->base = 13
10-31 18:38:12.207   372   376 D QC-time-services: Lib:time_genoff_operation: pargs->operation = 2
10-31 18:38:12.207   372   376 D QC-time-services: Lib:time_genoff_operation: pargs->ts_val = 0
10-31 18:38:12.207   372   376 D QC-time-services: Lib:time_genoff_operation: Send to server  passed!!
10-31 18:38:12.208   625   647 D QC-time-services: Daemon: Connection accepted:time_genoff
10-31 18:38:12.208   625 11105 D QC-time-services: Daemon:Received base = 13, unit = 1, operation = 2,value = 0
10-31 18:38:12.208   625 11105 D QC-time-services: Daemon:genoff_opr: Base = 13, val = 0, operation = 2
10-31 18:38:12.208   625 11105 D QC-time-services: offset is: 0 for base: 13
10-31 18:38:12.208   372   376 E QC-time-services: Receive Passed == base = 13, unit = 1, operation = 2, result = 0
10-31 18:38:12.208   372   376 D DrmLibTime: QSEE Time Listener: ATS_MODEM is not set. Fallback to Android system time.
10-31 18:38:12.209   372   376 D DrmLibTime: QSEE Time Listener: Retrieved Android system time: 1667237892
10-31 18:38:12.209   372   376 D DrmLibTime: time_getutcsec returns 0, sec = 1667237892; nsec = 0
10-31 18:38:12.209   372   376 D DrmLibTime: time_getutcsec finished! 
10-31 18:38:12.209   372   376 D DrmLibTime: iotcl_continue_command finished! and return 0 
10-31 18:38:12.209   372   376 D DrmLibTime: before calling ioctl to read the next time_cmd
10-31 18:38:12.209   625   647 E QC-time-services: Daemon: Time-services: Waiting to acceptconnection
10-31 18:38:12.216 11086 11086 E WebViewFactory: can't load with relro file; address space not reserved
10-31 18:38:12.226 11086 11104 I cr_LibraryLoader: Successfully loaded native library
10-31 18:38:12.227 11086 11104 I cr_CachingUmaRecorder: Flushed 3 samples from 3 histograms.
10-31 18:38:12.238   562 19050 D WVCdm   : OEMCrypto_Initialize Level 1 success. I will use level 1.
10-31 18:38:12.239   562 19050 D QSEECOMAPI: : QSEECom_dealloc_memory 
10-31 18:38:12.239   562 19050 D QSEECOMAPI: : QSEECom_shutdown_app, app_id = 3119
10-31 18:38:12.256   562   644 I WVCdm   : CdmEngine::OpenSession
10-31 18:38:12.257 11109 11109 W ThreadPoolForeg: type=1400 audit(0.0:17451): avc: denied { setattr } for name="LICENSE.txt" dev="dm-2" ino=1504744 scontext=u:r:isolated_app:s0:c512,c768 tcontext=u:object_r:app_data_file:s0:c512,c768 tclass=file permissive=0
10-31 18:38:12.258   562   644 I WVCdm   : Level3 Library 4445 May 19 2017 17:17:20
10-31 18:38:12.260 11109 11109 W ThreadPoolForeg: type=1400 audit(0.0:17452): avc: denied { setattr } for name=46696C746572696E672052756C6573 dev="dm-2" ino=1504745 scontext=u:r:isolated_app:s0:c512,c768 tcontext=u:object_r:app_data_file:s0:c512,c768 tclass=file permissive=0
10-31 18:38:12.260 11109 11109 W ThreadPoolForeg: type=1400 audit(0.0:17453): avc: denied { setattr } for name="manifest.json" dev="dm-2" ino=1504750 scontext=u:r:isolated_app:s0:c512,c768 tcontext=u:object_r:app_data_file:s0:c512,c768 tclass=file permissive=0
10-31 18:38:12.261   562   644 D QSEECOMAPI: : QSEECom_get_handle sb_length = 0x19000
10-31 18:38:12.262   562   644 D QSEECOMAPI: : App is not loaded in QSEE
10-31 18:38:12.263 11109 11109 W ThreadPoolForeg: type=1400 audit(0.0:17454): avc: denied { setattr } for name="verified_contents.json" dev="dm-2" ino=1504752 scontext=u:r:isolated_app:s0:c512,c768 tcontext=u:object_r:app_data_file:s0:c512,c768 tclass=file permissive=0
10-31 18:38:12.274 11086 11104 I chromium: [INFO:child_process_service.cc(69)] ChildProcessService: Exiting child process.
10-31 18:38:12.276   422   422 E lowmemorykiller: Error writing /proc/11086/oom_score_adj; errno=22
10-31 18:38:12.277   772 13021 I ActivityManager: Killing 11086:com.android.chrome:sandboxed_process21/u0a60i909 (adj 0): isolated not needed
10-31 18:38:12.277   772   790 W zygote64: failed to open /acct/uid_99909/pid_11086/cgroup.procs: No such file or directory
10-31 18:38:12.308   562   644 D QSEECOMAPI: : Loaded image: APP id = 3120
10-31 18:38:12.312   562   644 D QSAPPSVER: qsapps_get_capabilities: Capability from secure side: 0x0
10-31 18:38:12.312   562   644 D QSAPPSVER: qsapps_get_capabilities: returns 0
10-31 18:38:12.312   562   644 E DrmWidevineDash: sion_buffer g_wv_fhandle->ion_sbuffer  0x0xeee73000
10-31 18:38:12.315   372   376 D DrmLibTime: got the req here! ret=0
10-31 18:38:12.315   372   376 D DrmLibTime: command id, time_cmd_id = 770
10-31 18:38:12.315   372   376 D DrmLibTime: time_getutcsec starts!
10-31 18:38:12.315   372   376 D DrmLibTime: QSEE Time Listener: time_getutcsec
10-31 18:38:12.315   372   376 D DrmLibTime: QSEE Time Listener: get_utc_seconds
10-31 18:38:12.315   372   376 D DrmLibTime: QSEE Time Listener: time_get_modem_time
10-31 18:38:12.315   372   376 D DrmLibTime: QSEE Time Listener: Checking if ATS_MODEM is set or not.
10-31 18:38:12.315   372   376 D QC-time-services: Lib:time_genoff_operation: pargs->base = 13
10-31 18:38:12.316   372   376 D QC-time-services: Lib:time_genoff_operation: pargs->operation = 2
10-31 18:38:12.316   372   376 D QC-time-services: Lib:time_genoff_operation: pargs->ts_val = 0
10-31 18:38:12.316   372   376 D QC-time-services: Lib:time_genoff_operation: Send to server  passed!!
10-31 18:38:12.316   625   647 D QC-time-services: Daemon: Connection accepted:time_genoff
10-31 18:38:12.316   625 11112 D QC-time-services: Daemon:Received base = 13, unit = 1, operation = 2,value = 0
10-31 18:38:12.316   625 11112 D QC-time-services: Daemon:genoff_opr: Base = 13, val = 0, operation = 2
10-31 18:38:12.316   625 11112 D QC-time-services: offset is: 0 for base: 13
10-31 18:38:12.316   372   376 E QC-time-services: Receive Passed == base = 13, unit = 1, operation = 2, result = 0
10-31 18:38:12.316   372   376 D DrmLibTime: QSEE Time Listener: ATS_MODEM is not set. Fallback to Android system time.
10-31 18:38:12.316   372   376 D DrmLibTime: QSEE Time Listener: Retrieved Android system time: 1667237892
10-31 18:38:12.316   372   376 D DrmLibTime: time_getutcsec returns 0, sec = 1667237892; nsec = 0
10-31 18:38:12.317   372   376 D DrmLibTime: time_getutcsec finished! 
10-31 18:38:12.317   372   376 D DrmLibTime: iotcl_continue_command finished! and return 0 
10-31 18:38:12.317   372   376 D DrmLibTime: before calling ioctl to read the next time_cmd
10-31 18:38:12.317   625   647 E QC-time-services: Daemon: Time-services: Waiting to acceptconnection
10-31 18:38:12.346   562   644 D WVCdm   : OEMCrypto_Initialize Level 1 success. I will use level 1.
10-31 18:38:12.346   562   644 D WVCdm   : CryptoSession::Open: Lock: requested_security_level: Default
10-31 18:38:12.348   562   644 W WVCdm   : DeviceFiles::RetrieveHashedFile: /data/mediadrm/IDM1013/L1/cert.bin does not exist
10-31 18:38:12.349   562   644 D QSEECOMAPI: : QSEECom_dealloc_memory 
10-31 18:38:12.349   562   644 D QSEECOMAPI: : QSEECom_shutdown_app, app_id = 3120
10-31 18:38:12.362   562   562 I WVCdm   : Level3 Library 4445 May 19 2017 17:17:20
10-31 18:38:12.368   562   562 D QSEECOMAPI: : QSEECom_get_handle sb_length = 0x19000
10-31 18:38:12.368   562   562 D QSEECOMAPI: : App is not loaded in QSEE
10-31 18:38:12.413   562   562 D QSEECOMAPI: : Loaded image: APP id = 3121
10-31 18:38:12.415   562   562 D QSAPPSVER: qsapps_get_capabilities: Capability from secure side: 0x0
10-31 18:38:12.415   562   562 D QSAPPSVER: qsapps_get_capabilities: returns 0
10-31 18:38:12.415   562   562 E DrmWidevineDash: sion_buffer g_wv_fhandle->ion_sbuffer  0x0xeeeaf000
10-31 18:38:12.417   372   376 D DrmLibTime: got the req here! ret=0
10-31 18:38:12.417   372   376 D DrmLibTime: command id, time_cmd_id = 770
10-31 18:38:12.418   372   376 D DrmLibTime: time_getutcsec starts!
10-31 18:38:12.418   372   376 D DrmLibTime: QSEE Time Listener: time_getutcsec
10-31 18:38:12.418   372   376 D DrmLibTime: QSEE Time Listener: get_utc_seconds
