--------- beginning of system
10-31 18:26:30.729   772   791 E BatteryStatsService: no controller energy info supplied
10-31 18:37:02.545   772   791 E BatteryStatsService: no controller energy info supplied
10-31 18:37:08.019   772  1259 I ActivityManager: Force stopping com.android.chrome appid=10060 user=0: from pid 10303
10-31 18:37:08.020   772  1259 I ActivityManager: Killing 8625:com.android.chrome/u0a60 (adj 900): stop com.android.chrome
--------- beginning of main
10-31 18:37:08.030  1311  1311 D CarrierSvcBindHelper: No carrier app for: 0
10-31 18:37:08.047  2964  2964 D RegisteredNfcFServicesCache: Service unchanged, not updating
10-31 18:37:08.280   772  1259 I ActivityManager: START u0 {act=android.intent.action.VIEW flg=0x10008000 cmp=com.android.chrome/com.google.android.apps.chrome.Main} from uid 2000
10-31 18:37:08.295   772   830 E ResourceType: Style contains key with bad entry: 0x0101062c
10-31 18:37:08.328   772   784 I ActivityManager: Start proc 10305:com.android.chrome/u0a60 for activity com.android.chrome/com.google.android.apps.chrome.Main
10-31 18:37:08.459   772   830 E ResourceType: Style contains key with bad entry: 0x0101062c
10-31 18:37:08.503 10305 10305 I cr_SplitCompatApp: Launched version=106.0.5249.79 minSdkVersion=24 isBundle=true processName=com.android.chrome isIsolated=false
10-31 18:37:08.589 29486 30686 I FontLog : Received query Google Sans, URI content://com.google.android.gms.fonts [CONTEXT service_id=132 ]
10-31 18:37:08.589 29486 30686 I FontLog : Query [Google Sans] resolved to {Google Sans, wdth 100.0, wght 400, ital 0.0, bestEffort false} [CONTEXT service_id=132 ]
10-31 18:37:08.593 29486 30686 I FontLog : Font PFD returned from cache for {Google Sans, wdth 100.0, wght 400, ital 0.0, bestEffort false} [CONTEXT service_id=132 ]
10-31 18:37:08.594 29486 30686 I FontLog : Fetch {Google Sans, wdth 100.0, wght 400, ital 0.0, bestEffort false} end status Status{statusCode=SUCCESS, resolution=null} [CONTEXT service_id=132 ]
10-31 18:37:08.604 29486 29650 I FontLog : Pulling font file for id = 369, cache size = 5 [CONTEXT service_id=132 ]
10-31 18:37:08.618 29486 30686 I FontLog : Received query Google Sans:500, URI content://com.google.android.gms.fonts [CONTEXT service_id=132 ]
10-31 18:37:08.618 29486 30686 I FontLog : Query [Google Sans:500] resolved to {Google Sans, wdth 100.0, wght 500, ital 0.0, bestEffort false} [CONTEXT service_id=132 ]
10-31 18:37:08.620 29486 30686 I FontLog : Font PFD returned from cache for {Google Sans, wdth 100.0, wght 500, ital 0.0, bestEffort false} [CONTEXT service_id=132 ]
10-31 18:37:08.620 29486 30686 I FontLog : Fetch {Google Sans, wdth 100.0, wght 500, ital 0.0, bestEffort false} end status Status{statusCode=SUCCESS, resolution=null} [CONTEXT service_id=132 ]
10-31 18:37:08.626 29486 29650 I FontLog : Pulling font file for id = 370, cache size = 5 [CONTEXT service_id=132 ]
10-31 18:37:08.634 29486 29498 I FontLog : Received query Google Sans:700, URI content://com.google.android.gms.fonts [CONTEXT service_id=132 ]
10-31 18:37:08.634 29486 29498 I FontLog : Query [Google Sans:700] resolved to {Google Sans, wdth 100.0, wght 700, ital 0.0, bestEffort false} [CONTEXT service_id=132 ]
10-31 18:37:08.636 29486 29498 I FontLog : Fetch {Google Sans, wdth 100.0, wght 700, ital 0.0, bestEffort false} end status Status{statusCode=SUCCESS, resolution=null} [CONTEXT service_id=132 ]
10-31 18:37:08.641 29486 29651 I FontLog : Pulling font file for id = 371, cache size = 6 [CONTEXT service_id=132 ]
10-31 18:37:08.690 10305 10324 I cr_LibraryLoader: Successfully loaded native library
10-31 18:37:08.692 10305 10324 I cr_CachingUmaRecorder: Flushed 19 samples from 19 histograms.
10-31 18:37:08.797 10305 10305 E ResourceType: Style contains key with bad entry: 0x0101062c
10-31 18:37:08.847 10305 10327 W DynamiteModule: Local module descriptor class for com.google.android.gms.googlecertificates not found.
10-31 18:37:08.860 10305 10327 W zygote  : Skipping duplicate class check due to unrecognized classloader
10-31 18:37:08.872 10305 10327 I DynamiteModule: Considering local module com.google.android.gms.googlecertificates:0 and remote module com.google.android.gms.googlecertificates:7
10-31 18:37:08.873 10305 10327 I DynamiteModule: Selected remote version of com.google.android.gms.googlecertificates, version >= 7
10-31 18:37:08.915   772  3041 I ActivityManager: START u0 {cmp=com.android.chrome/org.chromium.chrome.browser.firstrun.FirstRunActivity (has extras)} from uid 10060
10-31 18:37:08.922 10305 10327 W zygote  : Skipping duplicate class check due to unrecognized classloader
10-31 18:37:08.948 10305 10305 E ResourceType: Style contains key with bad entry: 0x0101062c
10-31 18:37:08.968   772  4539 W AppOps  : Bad call: specified package com.google.android.gms under uid 10060 but it is really 10020
10-31 18:37:08.968   772  4539 W AppOps  : java.lang.RuntimeException: here
10-31 18:37:08.968   772  4539 W AppOps  : 	at com.android.server.AppOpsService.getOpsRawLocked(AppOpsService.java:1319)
10-31 18:37:08.968   772  4539 W AppOps  : 	at com.android.server.AppOpsService.checkPackage(AppOpsService.java:1038)
10-31 18:37:08.968   772  4539 W AppOps  : 	at com.android.internal.app.IAppOpsService$Stub.onTransact(IAppOpsService.java:169)
10-31 18:37:08.968   772  4539 W AppOps  : 	at android.os.Binder.execTransact(Binder.java:674)
10-31 18:37:08.969   772 10894 W AppOps  : Bad call: specified package com.google.android.gms under uid 10060 but it is really 10020
10-31 18:37:08.969   772 10894 W AppOps  : java.lang.RuntimeException: here
10-31 18:37:08.969   772 10894 W AppOps  : 	at com.android.server.AppOpsService.getOpsRawLocked(AppOpsService.java:1319)
10-31 18:37:08.969   772 10894 W AppOps  : 	at com.android.server.AppOpsService.checkPackage(AppOpsService.java:1038)
10-31 18:37:08.969   772 10894 W AppOps  : 	at com.android.internal.app.IAppOpsService$Stub.onTransact(IAppOpsService.java:169)
10-31 18:37:08.969   772 10894 W AppOps  : 	at android.os.Binder.execTransact(Binder.java:674)
10-31 18:37:08.975   772  1259 W AppOps  : Bad call: specified package com.google.android.gms under uid 10060 but it is really 10020
10-31 18:37:08.975   772  1259 W AppOps  : java.lang.RuntimeException: here
10-31 18:37:08.975   772  1259 W AppOps  : 	at com.android.server.AppOpsService.getOpsRawLocked(AppOpsService.java:1319)
10-31 18:37:08.975   772  1259 W AppOps  : 	at com.android.server.AppOpsService.checkPackage(AppOpsService.java:1038)
10-31 18:37:08.975   772  1259 W AppOps  : 	at com.android.internal.app.IAppOpsService$Stub.onTransact(IAppOpsService.java:169)
10-31 18:37:08.975   772  1259 W AppOps  : 	at android.os.Binder.execTransact(Binder.java:674)
10-31 18:37:08.977   772   784 W AppOps  : Bad call: specified package com.google.android.gms under uid 10060 but it is really 10020
10-31 18:37:08.977   772   784 W AppOps  : java.lang.RuntimeException: here
10-31 18:37:08.977   772   784 W AppOps  : 	at com.android.server.AppOpsService.getOpsRawLocked(AppOpsService.java:1319)
10-31 18:37:08.977   772   784 W AppOps  : 	at com.android.server.AppOpsService.checkPackage(AppOpsService.java:1038)
10-31 18:37:08.977   772   784 W AppOps  : 	at com.android.internal.app.IAppOpsService$Stub.onTransact(IAppOpsService.java:169)
10-31 18:37:08.977   772   784 W AppOps  : 	at android.os.Binder.execTransact(Binder.java:674)
10-31 18:37:09.100 29486 29647 E bfry    : Phenotype API error. Event # ddoj@7632c359, EventCode: 7 [CONTEXT service_id=51 ]
10-31 18:37:09.100 29486 29647 E bfry    : bfra: 29505: No config packages for log source, or config package not registered
10-31 18:37:09.100 29486 29647 E bfry    : 	at bfst.b(:com.google.android.gms@223616019@22.36.16 (040400-476895098):4)
10-31 18:37:09.100 29486 29647 E bfry    : 	at bfsq.g(:com.google.android.gms@223616019@22.36.16 (040400-476895098):0)
10-31 18:37:09.100 29486 29647 E bfry    : 	at bfry.e(:com.google.android.gms@223616019@22.36.16 (040400-476895098):4)
10-31 18:37:09.100 29486 29647 E bfry    : 	at bfry.f(:com.google.android.gms@223616019@22.36.16 (040400-476895098):2)
10-31 18:37:09.100 29486 29647 E bfry    : 	at arjg.ep(:com.google.android.gms@223616019@22.36.16 (040400-476895098):1)
10-31 18:37:09.100 29486 29647 E bfry    : 	at arjm.run(:com.google.android.gms@223616019@22.36.16 (040400-476895098):12)
10-31 18:37:09.100 29486 29647 E bfry    : 	at cjoq.run(:com.google.android.gms@223616019@22.36.16 (040400-476895098):2)
10-31 18:37:09.100 29486 29647 E bfry    : 	at aarl.c(:com.google.android.gms@223616019@22.36.16 (040400-476895098):6)
10-31 18:37:09.100 29486 29647 E bfry    : 	at aarl.run(:com.google.android.gms@223616019@22.36.16 (040400-476895098):7)
10-31 18:37:09.100 29486 29647 E bfry    : 	at java.util.concurrent.ThreadPoolExecutor.runWorker(ThreadPoolExecutor.java:1162)
10-31 18:37:09.100 29486 29647 E bfry    : 	at java.util.concurrent.ThreadPoolExecutor$Worker.run(ThreadPoolExecutor.java:636)
10-31 18:37:09.100 29486 29647 E bfry    : 	at aaws.run(:com.google.android.gms@223616019@22.36.16 (040400-476895098):0)
10-31 18:37:09.100 29486 29647 E bfry    : 	at java.lang.Thread.run(Thread.java:764)
10-31 18:37:09.105 29486 29647 W AsyncOperation: operation=GetExperimentTokensOperationCall, opStatusCode=29505 [CONTEXT service_id=51 ]
10-31 18:37:09.105 29486 29647 W AsyncOperation: OperationException[Status{statusCode=No config packages for log source, or config package not registered, resolution=null}]
10-31 18:37:09.105 29486 29647 W AsyncOperation: 	at bfry.e(:com.google.android.gms@223616019@22.36.16 (040400-476895098):6)
10-31 18:37:09.105 29486 29647 W AsyncOperation: 	at bfry.f(:com.google.android.gms@223616019@22.36.16 (040400-476895098):2)
10-31 18:37:09.105 29486 29647 W AsyncOperation: 	at arjg.ep(:com.google.android.gms@223616019@22.36.16 (040400-476895098):1)
10-31 18:37:09.105 29486 29647 W AsyncOperation: 	at arjm.run(:com.google.android.gms@223616019@22.36.16 (040400-476895098):12)
10-31 18:37:09.105 29486 29647 W AsyncOperation: 	at cjoq.run(:com.google.android.gms@223616019@22.36.16 (040400-476895098):2)
10-31 18:37:09.105 29486 29647 W AsyncOperation: 	at aarl.c(:com.google.android.gms@223616019@22.36.16 (040400-476895098):6)
10-31 18:37:09.105 29486 29647 W AsyncOperation: 	at aarl.run(:com.google.android.gms@223616019@22.36.16 (040400-476895098):7)
10-31 18:37:09.105 29486 29647 W AsyncOperation: 	at java.util.concurrent.ThreadPoolExecutor.runWorker(ThreadPoolExecutor.java:1162)
10-31 18:37:09.105 29486 29647 W AsyncOperation: 	at java.util.concurrent.ThreadPoolExecutor$Worker.run(ThreadPoolExecutor.java:636)
10-31 18:37:09.105 29486 29647 W AsyncOperation: 	at aaws.run(:com.google.android.gms@223616019@22.36.16 (040400-476895098):0)
10-31 18:37:09.105 29486 29647 W AsyncOperation: 	at java.lang.Thread.run(Thread.java:764)
10-31 18:37:09.222 10305 10305 W ResourceType: Failure getting entry for 0x7f010055 (t=0 e=85) (error -75)
10-31 18:37:09.253 10305 10335 D OpenGLRenderer: HWUI GL Pipeline
10-31 18:37:09.282 10305 10335 I Adreno  : QUALCOMM build                   : 7142022, Ib5823dd10c
10-31 18:37:09.282 10305 10335 I Adreno  : Build Date                       : 06/23/17
10-31 18:37:09.282 10305 10335 I Adreno  : OpenGL ES Shader Compiler Version: EV031.18.00.00
10-31 18:37:09.282 10305 10335 I Adreno  : Local Branch                     : O11A
10-31 18:37:09.282 10305 10335 I Adreno  : Remote Branch                    : 
10-31 18:37:09.282 10305 10335 I Adreno  : Remote Branch                    : 
10-31 18:37:09.282 10305 10335 I Adreno  : Reconstruct Branch               : 
10-31 18:37:09.282 10305 10335 I vndksupport: sphal namespace is not configured for this process. Loading /vendor/lib/hw/gralloc.msm8992.so from the current namespace instead.
10-31 18:37:09.291 10305 10305 W RecyclerView: No adapter attached; skipping layout
10-31 18:37:09.299 10305 10335 I Adreno  : PFP: 0x00000000, ME: 0x00000000
10-31 18:37:09.303 10305 10305 I cr_StartSurfaceConfig: Recorded Startup.Android.FirstDrawCompletedTime.NoInstant = 187 ms
10-31 18:37:09.304 10305 10335 I OpenGLRenderer: Initialized EGL, version 1.4
10-31 18:37:09.304 10305 10335 D OpenGLRenderer: Swap behavior 2
10-31 18:37:09.313 10305 10322 D NetworkSecurityConfig: Using Network Security Config from resource 0_resource_name_obfuscated debugBuild: false
10-31 18:37:09.735   361   361 W /system/bin/hwservicemanager: getTransportFromManifest: Cannot find entry android.hardware.graphics.mapper@2.0::IMapper in either framework or device manifest, using default transport.
10-31 18:37:09.739 10305 10335 I vndksupport: sphal namespace is not configured for this process. Loading /vendor/lib/hw/gralloc.msm8992.so from the current namespace instead.
10-31 18:37:09.791 10305 10322 I cr_VariationsSeedFetch: Fetched first run seed in 481 ms
10-31 18:37:09.800   772   797 I ActivityManager: Displayed com.android.chrome/org.chromium.chrome.browser.firstrun.FirstRunActivity: +754ms (total +1s489ms)
10-31 18:37:09.836   772 13071 I ActivityManager: Start proc 10342:com.android.chrome:sandboxed_process0/u0i888 for webview_service com.android.chrome/org.chromium.content.app.SandboxedProcessService0
10-31 18:37:09.839 10342 10342 E /system/bin/webview_zygote32: failed to make and chown /acct/uid_99888: Permission denied
10-31 18:37:09.839 10342 10342 E Zygote  : createProcessGroup(99888, 0) failed: Permission denied
10-31 18:37:09.845 29407 29407 I MemoryTrimmer: Trimming objects from memory, since app is in the background.
10-31 18:37:09.848 29407 10159 V rsC++   : RS Message thread exiting.
10-31 18:37:09.874 24117 24117 I PBSessionCacheImpl: Deleted sessionId[7988131679204] from persistence.
10-31 18:37:09.891 10342 10342 I SamplingProfilerIntegration: Profiling disabled.
10-31 18:37:09.897 24117 24141 I DeviceStateChecker: DeviceStateChecker cancelled
10-31 18:37:09.899 24117 24117 I MicroDetector: Keeping mic open: false
10-31 18:37:09.905 24117 24356 I AudioController: internalShutdown
10-31 18:37:09.906 24117 24356 I MicrophoneInputStream: mic_close com.google.android.apps.gsa.speech.audio.af@795d3be
10-31 18:37:09.907 24117 24152 I MicroRecognitionRunner: Stopping hotword detection.
10-31 18:37:09.942 10356 10356 E asset   : setgid: Operation not permitted
10-31 18:37:09.962   556 10162 D audio_hw_primary: disable_audio_route: usecase(9) reset and update mixer path: audio-record
10-31 18:37:09.966   556 10162 D audio_hw_primary: disable_snd_device: snd_device(72: voice-rec-mic)
10-31 18:37:09.970   556 10162 D sound_trigger_platform: platform_stdev_check_and_update_concurrency: concurrency active 0, tx 0, rx 0, concurrency session_allowed 1
10-31 18:37:09.972   556   753 I SoundTriggerHwService::Module: onCallbackEvent no clients
10-31 18:37:09.975 24117 24147 I MicroRecognitionRunner: Detection finished
10-31 18:37:10.096 10342 10342 I cr_SplitCompatApp: Launched version=106.0.5249.79 minSdkVersion=24 isBundle=true processName=com.android.chrome:sandboxed_process0 isIsolated=true
10-31 18:37:10.111 10342 10342 W SystemServiceRegistry: No service published for: uimode
10-31 18:37:10.132 10342 10342 I cr_ChildProcessService: Creating new ChildProcessService pid=10342
10-31 18:37:10.141 10342 10342 E WebViewFactory: can't load with relro file; address space not reserved
10-31 18:37:10.227   772   996 I ActivityManager: Start proc 10375:com.android.chrome:privileged_process0/u0a60 for service com.android.chrome/org.chromium.content.app.PrivilegedProcessService0
10-31 18:37:10.279 10375 10375 I cr_SplitCompatApp: Launched version=106.0.5249.79 minSdkVersion=24 isBundle=true processName=com.android.chrome:privileged_process0 isIsolated=false
10-31 18:37:10.292 10375 10375 I cr_ChildProcessService: Creating new ChildProcessService pid=10375
10-31 18:37:10.308 10305 10305 I cr_SmsProviderGms: construction successfull y93@48d2629, v93@e6fedae
10-31 18:37:10.320 29692 29692 D BoundBrokerSvc: onBind: Intent { act=com.google.android.gms.auth.key.retrieval.service.START dat=chimera-action:com.google.android.gms.auth.key.retrieval.service.START cmp=com.google.android.gms/.chimera.GmsApiService }
10-31 18:37:10.320 29692 29692 D BoundBrokerSvc: Loading bound service for intent: Intent { act=com.google.android.gms.auth.key.retrieval.service.START dat=chimera-action:com.google.android.gms.auth.key.retrieval.service.START cmp=com.google.android.gms/.chimera.GmsApiService }
10-31 18:37:10.351 10375 10391 I cr_LibraryLoader: Successfully loaded native library
10-31 18:37:10.353 10375 10391 I cr_CachingUmaRecorder: Flushed 3 samples from 3 histograms.
10-31 18:37:10.369 10375 10391 I Adreno  : QUALCOMM build                   : 7142022, Ib5823dd10c
10-31 18:37:10.369 10375 10391 I Adreno  : Build Date                       : 06/23/17
10-31 18:37:10.369 10375 10391 I Adreno  : OpenGL ES Shader Compiler Version: EV031.18.00.00
10-31 18:37:10.369 10375 10391 I Adreno  : Local Branch                     : O11A
10-31 18:37:10.369 10375 10391 I Adreno  : Remote Branch                    : 
10-31 18:37:10.369 10375 10391 I Adreno  : Remote Branch                    : 
10-31 18:37:10.369 10375 10391 I Adreno  : Reconstruct Branch               : 
10-31 18:37:10.369 10375 10391 I vndksupport: sphal namespace is not configured for this process. Loading /vendor/lib/hw/gralloc.msm8992.so from the current namespace instead.
10-31 18:37:10.373 10375 10391 I Adreno  : PFP: 0x00000000, ME: 0x00000000
10-31 18:37:10.395 10305 10305 W cr_KnoxSettingsProvider: Permission to read device policy denied.
10-31 18:37:10.479 10305 10305 I Choreographer: Skipped 39 frames!  The application may be doing too much work on its main thread.
10-31 18:37:11.292 10402 10402 E /system/bin/webview_zygote32: failed to make and chown /acct/uid_99889: Permission denied
10-31 18:37:11.292 10402 10402 E Zygote  : createProcessGroup(99889, 0) failed: Permission denied
10-31 18:37:11.294   772  1259 I ActivityManager: Start proc 10402:com.android.chrome:sandboxed_process1/u0i889 for webview_service com.android.chrome/org.chromium.content.app.SandboxedProcessService1
10-31 18:37:11.312 10402 10402 I SamplingProfilerIntegration: Profiling disabled.
10-31 18:37:11.332 10415 10415 E asset   : setgid: Operation not permitted
10-31 18:37:11.363 10402 10402 I cr_SplitCompatApp: Launched version=106.0.5249.79 minSdkVersion=24 isBundle=true processName=com.android.chrome:sandboxed_process1 isIsolated=true
10-31 18:37:11.369 10402 10402 W SystemServiceRegistry: No service published for: uimode
10-31 18:37:11.380 10402 10402 I cr_ChildProcessService: Creating new ChildProcessService pid=10402
10-31 18:37:11.388 10402 10402 E WebViewFactory: can't load with relro file; address space not reserved
10-31 18:37:11.399 10402 10417 I cr_LibraryLoader: Successfully loaded native library
10-31 18:37:11.400 10402 10417 I cr_CachingUmaRecorder: Flushed 3 samples from 3 histograms.
10-31 18:37:11.435 10402 10417 I chromium: [INFO:child_process_service.cc(69)] ChildProcessService: Exiting child process.
10-31 18:37:11.437   422   422 E lowmemorykiller: Error writing /proc/10402/oom_score_adj; errno=22
10-31 18:37:11.438   772  3041 I ActivityManager: Killing 10402:com.android.chrome:sandboxed_process1/u0a60i889 (adj 0): isolated not needed
10-31 18:37:11.439   772   790 W zygote64: failed to open /acct/uid_99889/pid_10402/cgroup.procs: No such file or directory
10-31 18:37:12.573 10305 10305 E cr_BTSPrefs: No data found for task id: 53
10-31 18:37:12.575 10305 10305 E cr_BkgrdTaskScheduler: Task cannot be canceled because no data was found instorage or data was invalid
10-31 18:37:14.956 24117 24147 I EventLogSendingHelper: Sending log events.
10-31 18:37:15.100 10444 10444 D AndroidRuntime: >>>>>> START com.android.internal.os.RuntimeInit uid 2000 <<<<<<
10-31 18:37:15.104   772   781 I zygote64: Background concurrent copying GC freed 68662(3MB) AllocSpace objects, 41(916KB) LOS objects, 42% free, 16MB/29MB, paused 18.647ms total 170.709ms
10-31 18:37:15.230 10444 10444 D AndroidRuntime: Calling main entry com.android.commands.input.Input
10-31 18:37:15.236 10444 10444 I Input   : injectMotionEvent: MotionEvent { action=ACTION_DOWN, actionButton=0, id[0]=0, x[0]=540.0, y[0]=1660.0, toolType[0]=TOOL_TYPE_UNKNOWN, buttonState=0, metaState=0, flags=0x0, edgeFlags=0x0, pointerCount=1, historySize=0, eventTime=556333500, downTime=556333500, deviceId=8, source=0x1002 }
10-31 18:37:15.243 10444 10444 I Input   : injectMotionEvent: MotionEvent { action=ACTION_UP, actionButton=0, id[0]=0, x[0]=540.0, y[0]=1660.0, toolType[0]=TOOL_TYPE_UNKNOWN, buttonState=0, metaState=0, flags=0x0, edgeFlags=0x0, pointerCount=1, historySize=0, eventTime=556333500, downTime=556333500, deviceId=8, source=0x1002 }
10-31 18:37:15.245 10444 10444 D AndroidRuntime: Shutting down VM
10-31 18:37:15.271   556  6498 D audio_hw_primary: enable_snd_device: snd_device(88: vi-feedback)
10-31 18:37:15.271   556  6498 D audio_hw_primary: enable_audio_route: usecase(23) apply and update mixer path: spkr-vi-record
10-31 18:37:15.297   556  6498 D audio_hw_primary: enable_audio_route: usecase(1) apply and update mixer path: low-latency-playback
10-31 18:37:15.341   772  3037 D WificondControl: Scan result ready event
10-31 18:37:15.824   556   731 D audio_hw_primary: disable_audio_route: usecase(1) reset and update mixer path: low-latency-playback
10-31 18:37:15.842   556   731 D audio_hw_primary: disable_snd_device: snd_device(88: vi-feedback)
10-31 18:37:15.842   556   731 D audio_hw_primary: disable_audio_route: usecase(23) reset and update mixer path: spkr-vi-record
10-31 18:37:16.657 10459 10459 D AndroidRuntime: >>>>>> START com.android.internal.os.RuntimeInit uid 2000 <<<<<<
10-31 18:37:16.791 10459 10459 D AndroidRuntime: Calling main entry com.android.commands.input.Input
10-31 18:37:16.798 10459 10459 I Input   : injectMotionEvent: MotionEvent { action=ACTION_DOWN, actionButton=0, id[0]=0, x[0]=180.0, y[0]=1690.0, toolType[0]=TOOL_TYPE_UNKNOWN, buttonState=0, metaState=0, flags=0x0, edgeFlags=0x0, pointerCount=1, historySize=0, eventTime=556335062, downTime=556335062, deviceId=8, source=0x1002 }
10-31 18:37:16.802 10459 10459 I Input   : injectMotionEvent: MotionEvent { action=ACTION_UP, actionButton=0, id[0]=0, x[0]=180.0, y[0]=1690.0, toolType[0]=TOOL_TYPE_UNKNOWN, buttonState=0, metaState=0, flags=0x0, edgeFlags=0x0, pointerCount=1, historySize=0, eventTime=556335062, downTime=556335062, deviceId=8, source=0x1002 }
10-31 18:37:16.804 10459 10459 D AndroidRuntime: Shutting down VM
10-31 18:37:16.814   556  6498 D audio_hw_primary: enable_snd_device: snd_device(88: vi-feedback)
10-31 18:37:16.814   556  6498 D audio_hw_primary: enable_audio_route: usecase(23) apply and update mixer path: spkr-vi-record
10-31 18:37:16.817   772   785 I ActivityManager: START u0 {act=android.intent.action.VIEW flg=0x10008000 cmp=com.android.chrome/com.google.android.apps.chrome.Main (has extras)} from uid 10060
10-31 18:37:16.822   772   830 E ResourceType: Style contains key with bad entry: 0x0101062c
10-31 18:37:16.824   772   830 E ResourceType: Style contains key with bad entry: 0x0101062c
10-31 18:37:16.841   556  6498 D audio_hw_primary: enable_audio_route: usecase(1) apply and update mixer path: low-latency-playback
10-31 18:37:16.853 10305 10305 E ResourceType: Style contains key with bad entry: 0x0101062c
10-31 18:37:16.860 10305 10305 E ResourceType: Style contains key with bad entry: 0x0101062c
10-31 18:37:16.921 10305 10305 W ResourceType: Failure getting entry for 0x7f010055 (t=0 e=85) (error -75)
10-31 18:37:16.931 10305 10305 I cr_CompositorSurfaceMgr: Transitioning to surface with format: -1
10-31 18:37:16.938 10305 10305 W ResourceType: Failure getting entry for 0x7f010530 (t=0 e=1328) (error -75)
10-31 18:37:17.006 10305 10369 W cr_tabmodel: Starting to perform legacy migration.
10-31 18:37:17.011 10305 10369 W cr_tabmodel: Finished performing legacy migration.
10-31 18:37:17.011 10305 10369 W cr_tabmodel: Starting to perform multi-instance migration.
10-31 18:37:17.012 10305 10369 W cr_tabmodel: Finished performing multi-instance migration.
10-31 18:37:17.012 10305 10369 I cr_tabmodel: Starting to fetch tab list for tab_state0
10-31 18:37:17.012 10305 10369 I cr_tabmodel: State file does not exist.
10-31 18:37:17.012 10305 10369 I cr_tabmodel: Starting to fetch tab list for tab_state1
10-31 18:37:17.012 10305 10369 I cr_tabmodel: State file does not exist.
10-31 18:37:17.067   772   996 W ActivityManager: Duplicate finish request for ActivityRecord{d805caa u0 com.android.chrome/org.chromium.chrome.browser.firstrun.FirstRunActivity t900 f}
10-31 18:37:17.072 10305 10369 W cr_PartnerCustomize: Partner homepage must be HTTP(S) or NewTabPage. Got invalid URL "org.chromium.url.GURL@0"
10-31 18:37:17.128 10305 10305 I cr_StartSurfaceConfig: Recorded Startup.Android.FirstDrawCompletedTime.NoInstant = 244 ms
10-31 18:37:17.137 10305 10335 D OpenGLRenderer: endAllActiveAnimators on 0xc7a47080 (RippleDrawable) with handle 0xc58832e0
10-31 18:37:17.145   772  1259 E BatteryStatsService: no controller energy info supplied
10-31 18:37:17.145   772  1259 E BatteryStatsService: no controller energy info supplied
10-31 18:37:17.153 10305 10305 I cr_CompositorSurfaceMgr: Transitioning to surface with format: -1
10-31 18:37:17.155 10305 10305 I cr_CompositorSurfaceMgr: surfaceCreated format: 0
10-31 18:37:17.164 10305 10305 I cr_ChromeTabbedActivity: #initializeState
10-31 18:37:17.164 10305 10305 I cr_CipherFactory: #restoreFromBundle, no savedInstanceState.
10-31 18:37:17.164 10305 10305 I cr_tabmodel: #loadState, ignoreIncognitoFiles? true
10-31 18:37:17.167   772   788 W ProcessCpuTracker: Skipping unknown process pid 10493
10-31 18:37:17.170 10305 10305 I cr_tabmodel: Loaded tab lists; counts: 0,0
10-31 18:37:17.171 10305 10305 I cr_ChromeTabbedActivity: #createInitialTab executed.
10-31 18:37:17.196 10305 10305 E ResourceType: Style contains key with bad entry: 0x0101062c
10-31 18:37:17.247 10305 10305 W ResourceType: Failure getting entry for 0x7f010565 (t=0 e=1381) (error -75)
10-31 18:37:17.257 10305 10305 W ResourceType: Failure getting entry for 0x7f010551 (t=0 e=1361) (error -75)
10-31 18:37:17.365   556   731 D audio_hw_primary: disable_audio_route: usecase(1) reset and update mixer path: low-latency-playback
10-31 18:37:17.377   556   731 D audio_hw_primary: disable_snd_device: snd_device(88: vi-feedback)
10-31 18:37:17.377   556   731 D audio_hw_primary: disable_audio_route: usecase(23) reset and update mixer path: spkr-vi-record
10-31 18:37:17.433 10305 10305 W ResourceType: Failure getting entry for 0x7f01059a (t=0 e=1434) (error -75)
10-31 18:37:17.458   772  4539 W AppOps  : Bad call: specified package com.google.android.gms under uid 10060 but it is really 10020
10-31 18:37:17.458   772  4539 W AppOps  : java.lang.RuntimeException: here
10-31 18:37:17.458   772  4539 W AppOps  : 	at com.android.server.AppOpsService.getOpsRawLocked(AppOpsService.java:1319)
10-31 18:37:17.458   772  4539 W AppOps  : 	at com.android.server.AppOpsService.checkPackage(AppOpsService.java:1038)
10-31 18:37:17.458   772  4539 W AppOps  : 	at com.android.internal.app.IAppOpsService$Stub.onTransact(IAppOpsService.java:169)
10-31 18:37:17.458   772  4539 W AppOps  : 	at android.os.Binder.execTransact(Binder.java:674)
10-31 18:37:17.459   772 10895 W AppOps  : Bad call: specified package com.google.android.gms under uid 10060 but it is really 10020
10-31 18:37:17.459   772 10895 W AppOps  : java.lang.RuntimeException: here
10-31 18:37:17.459   772 10895 W AppOps  : 	at com.android.server.AppOpsService.getOpsRawLocked(AppOpsService.java:1319)
10-31 18:37:17.459   772 10895 W AppOps  : 	at com.android.server.AppOpsService.checkPackage(AppOpsService.java:1038)
10-31 18:37:17.459   772 10895 W AppOps  : 	at com.android.internal.app.IAppOpsService$Stub.onTransact(IAppOpsService.java:169)
10-31 18:37:17.459   772 10895 W AppOps  : 	at android.os.Binder.execTransact(Binder.java:674)
10-31 18:37:17.460   772 13022 W AppOps  : Bad call: specified package com.google.android.gms under uid 10060 but it is really 10020
10-31 18:37:17.460   772 13022 W AppOps  : java.lang.RuntimeException: here
10-31 18:37:17.460   772 13022 W AppOps  : 	at com.android.server.AppOpsService.getOpsRawLocked(AppOpsService.java:1319)
10-31 18:37:17.460   772 13022 W AppOps  : 	at com.android.server.AppOpsService.checkPackage(AppOpsService.java:1038)
10-31 18:37:17.460   772 13022 W AppOps  : 	at com.android.internal.app.IAppOpsService$Stub.onTransact(IAppOpsService.java:169)
10-31 18:37:17.460   772 13022 W AppOps  : 	at android.os.Binder.execTransact(Binder.java:674)
10-31 18:37:17.461   772  2970 W AppOps  : Bad call: specified package com.google.android.gms under uid 10060 but it is really 10020
10-31 18:37:17.461   772  2970 W AppOps  : java.lang.RuntimeException: here
10-31 18:37:17.461   772  2970 W AppOps  : 	at com.android.server.AppOpsService.getOpsRawLocked(AppOpsService.java:1319)
10-31 18:37:17.461   772  2970 W AppOps  : 	at com.android.server.AppOpsService.checkPackage(AppOpsService.java:1038)
10-31 18:37:17.461   772  2970 W AppOps  : 	at com.android.internal.app.IAppOpsService$Stub.onTransact(IAppOpsService.java:169)
10-31 18:37:17.461   772  2970 W AppOps  : 	at android.os.Binder.execTransact(Binder.java:674)
10-31 18:37:17.485 10305 10305 E cr_IntentUtils: getBooleanExtra failed on intent null
10-31 18:37:17.485 10305 10305 E cr_IntentUtils: getBooleanExtra failed on intent null
10-31 18:37:17.487 10342 10368 I cr_LibraryLoader: Successfully loaded native library
10-31 18:37:17.489 10342 10368 I cr_CachingUmaRecorder: Flushed 3 samples from 3 histograms.
10-31 18:37:17.528 10305 10305 W ResourceType: Failure getting entry for 0x7f010888 (t=0 e=2184) (error -75)
10-31 18:37:17.545 10305 10305 I chatty  : uid=10060(u0_a60) com.android.chrome:sandboxed identical 6 lines
10-31 18:37:17.546 10305 10305 W ResourceType: Failure getting entry for 0x7f010888 (t=0 e=2184) (error -75)
10-31 18:37:17.548 10305 10305 I cr_TopSites: Start a new task.
10-31 18:37:17.549 10305 10361 I cr_TopSites: Serializing top sites lists finished; count: 8
10-31 18:37:17.551 29486 30686 I FontLog : Received query name=Google Sans&weight=700&besteffort=false, URI content://com.google.android.gms.fonts [CONTEXT service_id=132 ]
10-31 18:37:17.552 29486 30686 I FontLog : Query [name=Google Sans&weight=700&besteffort=false] resolved to {Google Sans, wdth 100.0, wght 700, ital 0.0, bestEffort false} [CONTEXT service_id=132 ]
10-31 18:37:17.557   361   361 W /system/bin/hwservicemanager: getTransportFromManifest: Cannot find entry android.hardware.graphics.mapper@2.0::IMapper in either framework or device manifest, using default transport.
10-31 18:37:17.557 29486 30686 I FontLog : Fetch {Google Sans, wdth 100.0, wght 700, ital 0.0, bestEffort false} end status Status{statusCode=SUCCESS, resolution=null} [CONTEXT service_id=132 ]
10-31 18:37:17.559 10305 10361 I cr_TopSites: Finished saving top sites list to file:/data/user/0/com.android.chrome/app_top_sites/top_sites
10-31 18:37:17.560 10375 10391 I vndksupport: sphal namespace is not configured for this process. Loading /vendor/lib/hw/gralloc.msm8992.so from the current namespace instead.
10-31 18:37:17.578   772 10895 I ActivityManager: Start proc 10515:com.android.chrome:sandboxed_process2/u0i890 for webview_service com.android.chrome/org.chromium.content.app.SandboxedProcessService2
10-31 18:37:17.585 10515 10515 E /system/bin/webview_zygote32: failed to make and chown /acct/uid_99890: Permission denied
10-31 18:37:17.585 10515 10515 E Zygote  : createProcessGroup(99890, 0) failed: Permission denied
10-31 18:37:17.600   772 13021 I ActivityManager: Start proc 10529:com.android.chrome:sandboxed_process3/u0i891 for webview_service com.android.chrome/org.chromium.content.app.SandboxedProcessService3
10-31 18:37:17.600 10515 10515 I SamplingProfilerIntegration: Profiling disabled.
10-31 18:37:17.601 29486 29651 I FontLog : Pulling font file for id = 372, cache size = 6 [CONTEXT service_id=132 ]
10-31 18:37:17.613 10529 10529 E /system/bin/webview_zygote32: failed to make and chown /acct/uid_99891: Permission denied
10-31 18:37:17.613 10529 10529 E Zygote  : createProcessGroup(99891, 0) failed: Permission denied
10-31 18:37:17.615 10536 10536 E /system/bin/webview_zygote32: failed to make and chown /acct/uid_99892: Permission denied
10-31 18:37:17.615 10536 10536 E Zygote  : createProcessGroup(99892, 0) failed: Permission denied
10-31 18:37:17.615   772  1259 I ActivityManager: Start proc 10536:com.android.chrome:sandboxed_process4/u0i892 for webview_service com.android.chrome/org.chromium.content.app.SandboxedProcessService4
10-31 18:37:17.624 10529 10529 I SamplingProfilerIntegration: Profiling disabled.
10-31 18:37:17.627 29486 30686 I FontLog : Received query name=Noto Color Emoji Compat&weight=400&besteffort=false, URI content://com.google.android.gms.fonts [CONTEXT service_id=132 ]
10-31 18:37:17.627 29486 30686 I FontLog : Query [name=Noto Color Emoji Compat&weight=400&besteffort=false] resolved to {Noto Color Emoji Compat, wdth 100.0, wght 400, ital 0.0, bestEffort false} [CONTEXT service_id=132 ]
10-31 18:37:17.630 29486 30686 I FontLog : Fetch {Noto Color Emoji Compat, wdth 100.0, wght 400, ital 0.0, bestEffort false} end status Status{statusCode=SUCCESS, resolution=null} [CONTEXT service_id=132 ]
10-31 18:37:17.632 10554 10554 E asset   : setgid: Operation not permitted
10-31 18:37:17.637   772  3041 I ActivityManager: Start proc 10556:com.android.chrome:sandboxed_process5/u0i893 for webview_service com.android.chrome/org.chromium.content.app.SandboxedProcessService5
10-31 18:37:17.642 10536 10536 I SamplingProfilerIntegration: Profiling disabled.
10-31 18:37:17.642 10556 10556 E /system/bin/webview_zygote32: failed to make and chown /acct/uid_99893: Permission denied
10-31 18:37:17.642 10556 10556 E Zygote  : createProcessGroup(99893, 0) failed: Permission denied
10-31 18:37:17.644 29486 29497 I FontLog : Pulling font file for id = 373, cache size = 7 [CONTEXT service_id=132 ]
10-31 18:37:17.652 10305 10305 W ResourceType: Failure getting entry for 0x7f010216 (t=0 e=534) (error -75)
10-31 18:37:17.653 10570 10570 E asset   : setgid: Operation not permitted
10-31 18:37:17.655 10305 10305 W ResourceType: Failure getting entry for 0x7f0107c9 (t=0 e=1993) (error -75)
10-31 18:37:17.662   772  2969 I ActivityManager: Start proc 10571:com.android.chrome:sandboxed_process6/u0i894 for webview_service com.android.chrome/org.chromium.content.app.SandboxedProcessService6
10-31 18:37:17.669 29486 29498 I FontLog : Received query name=Google Sans&weight=400&besteffort=false, URI content://com.google.android.gms.fonts [CONTEXT service_id=132 ]
10-31 18:37:17.669 29486 29498 I FontLog : Query [name=Google Sans&weight=400&besteffort=false] resolved to {Google Sans, wdth 100.0, wght 400, ital 0.0, bestEffort false} [CONTEXT service_id=132 ]
10-31 18:37:17.670 10571 10571 E /system/bin/webview_zygote32: failed to make and chown /acct/uid_99894: Permission denied
10-31 18:37:17.670 10571 10571 E Zygote  : createProcessGroup(99894, 0) failed: Permission denied
10-31 18:37:17.671 29486 29498 I FontLog : Font PFD returned from cache for {Google Sans, wdth 100.0, wght 400, ital 0.0, bestEffort false} [CONTEXT service_id=132 ]
10-31 18:37:17.672 10305 10305 W ResourceType: Failure getting entry for 0x7f010827 (t=0 e=2087) (error -75)
10-31 18:37:17.672 29486 29498 I FontLog : Fetch {Google Sans, wdth 100.0, wght 400, ital 0.0, bestEffort false} end status Status{statusCode=SUCCESS, resolution=null} [CONTEXT service_id=132 ]
10-31 18:37:17.674 10556 10556 I SamplingProfilerIntegration: Profiling disabled.
10-31 18:37:17.682 10584 10584 E asset   : setgid: Operation not permitted
10-31 18:37:17.683 10515 10515 I cr_SplitCompatApp: Launched version=106.0.5249.79 minSdkVersion=24 isBundle=true processName=com.android.chrome:sandboxed_process2 isIsolated=true
10-31 18:37:17.685 10585 10585 E /system/bin/webview_zygote32: failed to make and chown /acct/uid_99895: Permission denied
10-31 18:37:17.685 10585 10585 E Zygote  : createProcessGroup(99895, 0) failed: Permission denied
10-31 18:37:17.686   772 13071 I ActivityManager: Start proc 10585:com.android.chrome:sandboxed_process7/u0i895 for webview_service com.android.chrome/org.chromium.content.app.SandboxedProcessService7
10-31 18:37:17.687 10305 10305 I cr_OfflineIndicator: onConnectionTypeChanged 2
10-31 18:37:17.690 10515 10515 W SystemServiceRegistry: No service published for: uimode
10-31 18:37:17.693 10305 10305 I cr_OfflineIndicator: Reported by system: [ Transports: WIFI Capabilities: NOT_METERED&INTERNET&NOT_RESTRICTED&TRUSTED&NOT_VPN&VALIDATED&FOREGROUND LinkUpBandwidth>=1048576Kbps LinkDnBandwidth>=1048576Kbps SignalStrength: -65]
10-31 18:37:17.693 10305 10305 I cr_OfflineIndicator: setConnectionState connectionState=4
10-31 18:37:17.693 29486 29650 I FontLog : Pulling font file for id = 374, cache size = 8 [CONTEXT service_id=132 ]
10-31 18:37:17.693 10305 10305 I cr_OfflineDetector: Running updateState mConnectivityDetectorInitialized: true, mTimeWhenLastForegrounded: 1113891853, getElapsedTime: 1113891859, mTimeWhenLastOfflineNotificationReceived: 0, mTimeWhenLastOnline: 1113891859, mApplicationState: 1, mIsOfflineLastReportedByConnectivityDetector: false, mIsEffectivelyOffline: false
10-31 18:37:17.693 10305 10305 I cr_OfflineDetector: updateState(): timeSinceLastForeground: 6, timeSinceOfflineNotificationReceived: 1113891859, timeSinceLastOnline: 0, timeNeededForForeground: 1994, timeNeededForOffline: -1113889859
10-31 18:37:17.693 10305 10305 I cr_OfflineIndicator: processConnectivityCheckResult mConnectionState=4 mConnectivityCheckingStage=1
10-31 18:37:17.694 10529 10529 I cr_SplitCompatApp: Launched version=106.0.5249.79 minSdkVersion=24 isBundle=true processName=com.android.chrome:sandboxed_process3 isIsolated=true
10-31 18:37:17.700 10529 10529 W SystemServiceRegistry: No service published for: uimode
10-31 18:37:17.704 10571 10571 I SamplingProfilerIntegration: Profiling disabled.
10-31 18:37:17.706 10515 10515 I cr_ChildProcessService: Creating new ChildProcessService pid=10515
10-31 18:37:17.709   772   784 I ActivityManager: Start proc 10595:com.android.chrome:sandboxed_process8/u0i896 for webview_service com.android.chrome/org.chromium.content.app.SandboxedProcessService8
10-31 18:37:17.710 10529 10529 I cr_ChildProcessService: Creating new ChildProcessService pid=10529
10-31 18:37:17.713 10602 10602 E asset   : setgid: Operation not permitted
10-31 18:37:17.713 10595 10595 E /system/bin/webview_zygote32: failed to make and chown /acct/uid_99896: Permission denied
10-31 18:37:17.713 10595 10595 E Zygote  : createProcessGroup(99896, 0) failed: Permission denied
10-31 18:37:17.717 29486 29498 I FontLog : Received query name=Google Sans&weight=500&besteffort=false, URI content://com.google.android.gms.fonts [CONTEXT service_id=132 ]
10-31 18:37:17.717 29486 29498 I FontLog : Query [name=Google Sans&weight=500&besteffort=false] resolved to {Google Sans, wdth 100.0, wght 500, ital 0.0, bestEffort false} [CONTEXT service_id=132 ]
10-31 18:37:17.719 29486 29498 I FontLog : Font PFD returned from cache for {Google Sans, wdth 100.0, wght 500, ital 0.0, bestEffort false} [CONTEXT service_id=132 ]
10-31 18:37:17.720 29486 29498 I FontLog : Fetch {Google Sans, wdth 100.0, wght 500, ital 0.0, bestEffort false} end status Status{statusCode=SUCCESS, resolution=null} [CONTEXT service_id=132 ]
10-31 18:37:17.723 10515 10515 E WebViewFactory: can't load with relro file; address space not reserved
10-31 18:37:17.728 10613 10613 E asset   : setgid: Operation not permitted
10-31 18:37:17.733 10585 10585 I SamplingProfilerIntegration: Profiling disabled.
10-31 18:37:17.734 10536 10536 I cr_SplitCompatApp: Launched version=106.0.5249.79 minSdkVersion=24 isBundle=true processName=com.android.chrome:sandboxed_process4 isIsolated=true
10-31 18:37:17.738 10595 10595 I SamplingProfilerIntegration: Profiling disabled.
10-31 18:37:17.739 10536 10536 W SystemServiceRegistry: No service published for: uimode
10-31 18:37:17.739 10616 10616 E /system/bin/webview_zygote32: failed to make and chown /acct/uid_99897: Permission denied
10-31 18:37:17.739 10616 10616 E Zygote  : createProcessGroup(99897, 0) failed: Permission denied
10-31 18:37:17.747 10536 10536 I cr_ChildProcessService: Creating new ChildProcessService pid=10536
10-31 18:37:17.750   772  1327 I ActivityManager: Start proc 10616:com.android.chrome:sandboxed_process9/u0i897 for webview_service com.android.chrome/org.chromium.content.app.SandboxedProcessService9
10-31 18:37:17.754 10556 10556 I cr_SplitCompatApp: Launched version=106.0.5249.79 minSdkVersion=24 isBundle=true processName=com.android.chrome:sandboxed_process5 isIsolated=true
10-31 18:37:17.755 10529 10529 E WebViewFactory: can't load with relro file; address space not reserved
10-31 18:37:17.755 10305 10305 W ResourceType: Failure getting entry for 0x7f010415 (t=0 e=1045) (error -75)
10-31 18:37:17.761 10556 10556 W SystemServiceRegistry: No service published for: uimode
10-31 18:37:17.764 10571 10571 I cr_SplitCompatApp: Launched version=106.0.5249.79 minSdkVersion=24 isBundle=true processName=com.android.chrome:sandboxed_process6 isIsolated=true
10-31 18:37:17.765 29486 29497 I FontLog : Pulling font file for id = 375, cache size = 9 [CONTEXT service_id=132 ]
10-31 18:37:17.769 10571 10571 W SystemServiceRegistry: No service published for: uimode
10-31 18:37:17.769 10616 10616 I SamplingProfilerIntegration: Profiling disabled.
10-31 18:37:17.772 10536 10536 E WebViewFactory: can't load with relro file; address space not reserved
10-31 18:37:17.776 10529 10605 I cr_LibraryLoader: Successfully loaded native library
10-31 18:37:17.776 10529 10605 I cr_CachingUmaRecorder: Flushed 3 samples from 3 histograms.
10-31 18:37:17.777 10632 10632 E asset   : setgid: Operation not permitted
10-31 18:37:17.777 10556 10556 I cr_ChildProcessService: Creating new ChildProcessService pid=10556
10-31 18:37:17.779 10571 10571 I cr_ChildProcessService: Creating new ChildProcessService pid=10571
10-31 18:37:17.780 10515 10594 I cr_LibraryLoader: Successfully loaded native library
10-31 18:37:17.782 10515 10594 I cr_CachingUmaRecorder: Flushed 3 samples from 3 histograms.
10-31 18:37:17.785 10633 10633 E asset   : setgid: Operation not permitted
10-31 18:37:17.793 10536 10626 I cr_LibraryLoader: Successfully loaded native library
10-31 18:37:17.795 10556 10556 E WebViewFactory: can't load with relro file; address space not reserved
10-31 18:37:17.799 10571 10635 E WebViewFactory: can't load with relro file; address space not reserved
10-31 18:37:17.801 10536 10626 I cr_CachingUmaRecorder: Flushed 3 samples from 3 histograms.
10-31 18:37:17.802 10556 10634 I cr_LibraryLoader: Successfully loaded native library
10-31 18:37:17.803 10556 10634 I cr_CachingUmaRecorder: Flushed 3 samples from 3 histograms.
10-31 18:37:17.812 10638 10638 E asset   : setgid: Operation not permitted
10-31 18:37:17.823 10571 10635 I cr_LibraryLoader: Successfully loaded native library
10-31 18:37:17.824 10571 10635 I cr_CachingUmaRecorder: Flushed 3 samples from 3 histograms.
10-31 18:37:17.853 10595 10595 I cr_SplitCompatApp: Launched version=106.0.5249.79 minSdkVersion=24 isBundle=true processName=com.android.chrome:sandboxed_process8 isIsolated=true
10-31 18:37:17.854 10585 10585 I cr_SplitCompatApp: Launched version=106.0.5249.79 minSdkVersion=24 isBundle=true processName=com.android.chrome:sandboxed_process7 isIsolated=true
10-31 18:37:17.875 10585 10585 W SystemServiceRegistry: No service published for: uimode
10-31 18:37:17.875 10529 10605 I chromium: [INFO:child_process_service.cc(69)] ChildProcessService: Exiting child process.
10-31 18:37:17.878 10595 10595 W SystemServiceRegistry: No service published for: uimode
10-31 18:37:17.884   422   422 E lowmemorykiller: Error writing /proc/10529/oom_score_adj; errno=22
10-31 18:37:17.884 10616 10616 I cr_SplitCompatApp: Launched version=106.0.5249.79 minSdkVersion=24 isBundle=true processName=com.android.chrome:sandboxed_process9 isIsolated=true
10-31 18:37:17.884   772 10895 I ActivityManager: Killing 10529:com.android.chrome:sandboxed_process3/u0a60i891 (adj 0): isolated not needed
10-31 18:37:17.885   772   790 W zygote64: failed to open /acct/uid_99891/pid_10529/cgroup.procs: No such file or directory
10-31 18:37:17.890 10305 10305 I cr_tabmodel: Appending tabs being restored to metadata lists, 0, startingNormalCount: 1, startingIncognitoCount: 0
10-31 18:37:17.890 10305 10305 I cr_tabmodel: Serializing tab lists; counts: 1, 0
10-31 18:37:17.892 10616 10616 W SystemServiceRegistry: No service published for: uimode
10-31 18:37:17.893 10585 10585 I cr_ChildProcessService: Creating new ChildProcessService pid=10585
10-31 18:37:17.902 10585 10585 E WebViewFactory: can't load with relro file; address space not reserved
10-31 18:37:17.903 10515 10594 I chromium: [INFO:child_process_service.cc(69)] ChildProcessService: Exiting child process.
10-31 18:37:17.903 10595 10595 I cr_ChildProcessService: Creating new ChildProcessService pid=10595
10-31 18:37:17.905   422   422 E lowmemorykiller: Error writing /proc/10515/oom_score_adj; errno=22
10-31 18:37:17.907   772 32228 I ActivityManager: Killing 10515:com.android.chrome:sandboxed_process2/u0a60i890 (adj 0): isolated not needed
10-31 18:37:17.908   772   790 W zygote64: failed to open /acct/uid_99890/pid_10515/cgroup.procs: No such file or directory
10-31 18:37:17.910 10556 10634 I chromium: [INFO:child_process_service.cc(69)] ChildProcessService: Exiting child process.
10-31 18:37:17.913 10616 10616 I cr_ChildProcessService: Creating new ChildProcessService pid=10616
10-31 18:37:17.914 10585 10672 I cr_LibraryLoader: Successfully loaded native library
10-31 18:37:17.916   422   422 E lowmemorykiller: Error writing /proc/10556/oom_score_adj; errno=22
10-31 18:37:17.917   772  4539 I ActivityManager: Killing 10556:com.android.chrome:sandboxed_process5/u0a60i893 (adj 0): isolated not needed
10-31 18:37:17.917   772   790 W zygote64: failed to open /acct/uid_99893/pid_10556/cgroup.procs: No such file or directory
10-31 18:37:17.920 10585 10672 I cr_CachingUmaRecorder: Flushed 3 samples from 3 histograms.
10-31 18:37:17.924 10305 10305 W chromium: [WARNING:compositor_view.cc(342)] Child process died (type=6) pid=10515)
10-31 18:37:17.927 10595 10595 E WebViewFactory: can't load with relro file; address space not reserved
10-31 18:37:17.931 10536 10626 I chromium: [INFO:child_process_service.cc(69)] ChildProcessService: Exiting child process.
10-31 18:37:17.933 10616 10616 E WebViewFactory: can't load with relro file; address space not reserved
10-31 18:37:17.935 10571 10635 I chromium: [INFO:child_process_service.cc(69)] ChildProcessService: Exiting child process.
10-31 18:37:17.939   422   422 E lowmemorykiller: Error writing /proc/10536/oom_score_adj; errno=22
10-31 18:37:17.940   772  1327 I ActivityManager: Killing 10536:com.android.chrome:sandboxed_process4/u0a60i892 (adj 0): isolated not needed
10-31 18:37:17.941   772   790 W zygote64: failed to open /acct/uid_99892/pid_10536/cgroup.procs: No such file or directory
10-31 18:37:17.943 10305 10305 W chromium: [WARNING:compositor_view.cc(342)] Child process died (type=6) pid=10529)
10-31 18:37:17.946   422   422 E lowmemorykiller: Error writing /proc/10571/oom_score_adj; errno=22
10-31 18:37:17.958 10616 10676 I cr_LibraryLoader: Successfully loaded native library
10-31 18:37:17.959 10595 10674 I cr_LibraryLoader: Successfully loaded native library
10-31 18:37:17.959 10595 10674 I cr_CachingUmaRecorder: Flushed 3 samples from 3 histograms.
10-31 18:37:17.959 10616 10676 I cr_CachingUmaRecorder: Flushed 3 samples from 3 histograms.
10-31 18:37:17.961   772   996 I ActivityManager: Killing 10571:com.android.chrome:sandboxed_process6/u0a60i894 (adj 0): isolated not needed
10-31 18:37:17.962   772   790 W zygote64: failed to open /acct/uid_99894/pid_10571/cgroup.procs: No such file or directory
10-31 18:37:18.021 10305 10361 I cr_VrCoreVersionChecker: Unable to find VrCore.
10-31 18:37:18.032 10305 10305 W ResourceType: Failure getting entry for 0x7f0100f9 (t=0 e=249) (error -75)
10-31 18:37:18.035 10305 10305 W ResourceType: Failure getting entry for 0x7f010828 (t=0 e=2088) (error -75)
10-31 18:37:18.043 10305 10305 W ResourceType: Failure getting entry for 0x7f010827 (t=0 e=2087) (error -75)
10-31 18:37:18.066 10305 10305 W chromium: [WARNING:compositor_view.cc(342)] Child process died (type=6) pid=10536)
10-31 18:37:18.067 10305 10305 W chromium: [WARNING:compositor_view.cc(342)] Child process died (type=6) pid=10556)
10-31 18:37:18.070 10305 10305 W chromium: [WARNING:compositor_view.cc(342)] Child process died (type=6) pid=10571)
10-31 18:37:18.074   772  3041 I ActivityManager: Killing 10585:com.android.chrome:sandboxed_process7/u0a60i895 (adj 0): isolated not needed
10-31 18:37:18.075   772   790 W zygote64: failed to open /acct/uid_99895/pid_10585/cgroup.procs: No such file or directory
10-31 18:37:18.075 10595 10674 I chromium: [INFO:child_process_service.cc(69)] ChildProcessService: Exiting child process.
10-31 18:37:18.078   422   422 E lowmemorykiller: Error writing /proc/10595/oom_score_adj; errno=22
10-31 18:37:18.079   772 10894 I ActivityManager: Killing 10595:com.android.chrome:sandboxed_process8/u0a60i896 (adj 0): isolated not needed
10-31 18:37:18.081   772   790 W zygote64: failed to open /acct/uid_99896/pid_10595/cgroup.procs: No such file or directory
10-31 18:37:18.084 10305 10305 I Choreographer: Skipped 56 frames!  The application may be doing too much work on its main thread.
10-31 18:37:18.087 10616 10676 I chromium: [INFO:child_process_service.cc(69)] ChildProcessService: Exiting child process.
