10-31 14:19:04.582  3960 20553 I NetworkScheduler.Stats: Task com.google.android.gms/com.google.android.gms.mdi.download.service.MddGcmTaskService started execution. cause:5 exec_start_elapsed_seconds: 1098398 [CONTEXT service_id=218 ]
10-31 14:19:04.632  3960 20519 I NetworkScheduler.Stats: Task com.google.android.gms/com.google.android.gms.mdi.download.service.MddGcmTaskService finished executing. cause:5 result: 1 elapsed_millis: 78 uptime_millis: 79 exec_start_elapsed_seconds: 1098398 [CONTEXT service_id=218 ]
10-31 14:19:04.645  3960 20519 I NetworkScheduler.Stats: Task com.google.android.gms/com.google.android.gms.ipa.base.IpaGcmTaskService started execution. cause:5 exec_start_elapsed_seconds: 1098398 [CONTEXT service_id=218 ]
10-31 14:19:04.646  3960 20519 I NetworkScheduler.Stats: Task com.google.android.gms/com.google.android.gms.ipa.base.IpaGcmTaskService finished executing. cause:5 result: 1 elapsed_millis: 32 uptime_millis: 32 exec_start_elapsed_seconds: 1098398 [CONTEXT service_id=218 ]
10-31 14:19:04.666 13542 13674 I Icing   : IndexChimeraService.getServiceInterface callingPackage=com.google.android.gms componentName=IpaAppsCorpus serviceId=32
10-31 14:19:04.680 13542 13674 I Icing   : Query from package: com.google.android.gms, component: IpaAppsCorpus, restrict package: com.google.android.gms, start: 0, num: 100
10-31 14:19:04.687 13542 20558 I GmsCoreXrpcWrapper: Returning a channel provider with trafficStatsTag=12803 trafficStatsUid=-1
10-31 14:19:04.719  3960 20519 I NetworkScheduler.Stats: Task com.google.android.gms/com.google.android.gms.contactinteractions.service.ContactInteractionsTaskService started execution. cause:5 exec_start_elapsed_seconds: 1098398 [CONTEXT service_id=218 ]
10-31 14:19:04.738 13542 13673 I Icing   : IndexChimeraService.getServiceInterface callingPackage=com.google.android.gms componentName=null serviceId=30
10-31 14:19:04.754 13542 20558 I Icing   : Usage reports ok 1, Failed Usage reports 0, indexed 0, rejected 0
10-31 14:19:04.758 13542 20558 I GmsCoreXrpcWrapper: Returning a channel provider with trafficStatsTag=12803 trafficStatsUid=-1
10-31 14:19:04.777   772   784 I ActivityManager: Start proc 20580:android.process.acore/u0a0 for content provider com.android.providers.contacts/.ContactsProvider2
10-31 14:19:04.777 13542 20558 I Icing   : Usage reports ok 0, Failed Usage reports 0, indexed 0, rejected 0
10-31 14:19:04.785  3960 13747 I NetworkScheduler.Stats: Task com.google.android.gms/com.google.android.gms.ipa.base.IpaGcmTaskService started execution. cause:5 exec_start_elapsed_seconds: 1098398 [CONTEXT service_id=218 ]
10-31 14:19:04.794  3960 20553 I NetworkScheduler.Stats: Task com.google.android.gms/com.google.android.gms.ipa.base.IpaGcmTaskService finished executing. cause:5 result: 1 elapsed_millis: 42 uptime_millis: 42 exec_start_elapsed_seconds: 1098398 [CONTEXT service_id=218 ]
10-31 14:19:04.853  3960 13747 I NetworkScheduler.Stats: Task com.google.android.gms/com.google.android.gms.checkin.EventLogService started execution. cause:5 exec_start_elapsed_seconds: 1098398 [CONTEXT service_id=218 ]
10-31 14:19:04.856 13542 20558 I Checkin : [EventLogChimeraService] Opted in for usage reporting: false
10-31 14:19:04.856 13542 20558 I Checkin : [EventLogChimeraService] Aggregate from 1667220493118 (log), 1667220493118 (data)
10-31 14:19:04.902   772   788 W BroadcastQueue: Background execution not allowed: receiving Intent { act=android.intent.action.DROPBOX_ENTRY_ADDED flg=0x10 (has extras) } to com.google.android.gms/.stats.service.DropBoxEntryAddedReceiver
10-31 14:19:04.903   772   788 W BroadcastQueue: Background execution not allowed: receiving Intent { act=android.intent.action.DROPBOX_ENTRY_ADDED flg=0x10 (has extras) } to com.google.android.gms/.chimera.GmsIntentOperationService$PersistentTrustedReceiver
10-31 14:19:04.917  6450  6450 I MemoryTrimmer: Trimming objects from memory, since app is in the background.
10-31 14:19:04.926 13542 20558 I Checkin : [ServiceDumpSys] dumping service [account]
10-31 14:19:04.935 20580 20580 I ContactsPerf: VoicemailContentProvider.onCreate start
10-31 14:19:04.937   772   788 W BroadcastQueue: Background execution not allowed: receiving Intent { act=android.intent.action.DROPBOX_ENTRY_ADDED flg=0x10 (has extras) } to com.google.android.gms/.stats.service.DropBoxEntryAddedReceiver
10-31 14:19:04.937   772   788 W BroadcastQueue: Background execution not allowed: receiving Intent { act=android.intent.action.DROPBOX_ENTRY_ADDED flg=0x10 (has extras) } to com.google.android.gms/.chimera.GmsIntentOperationService$PersistentTrustedReceiver
10-31 14:19:04.943  3960 20507 I NetworkScheduler.Stats: Task com.google.android.gms/com.google.android.gms.checkin.EventLogService finished executing. cause:5 result: 1 elapsed_millis: 109 uptime_millis: 110 exec_start_elapsed_seconds: 1098398 [CONTEXT service_id=218 ]
10-31 14:19:04.950 20580 20580 I ContactsPerf: VoicemailContentProvider.onCreate finish
10-31 14:19:04.975 20580 20596 D ContactsDatabaseHelper: WAL enabled for contacts2.db: true
10-31 14:19:05.111 20580 20596 I ContactLocale: AddressBook Labels [[en_US]]: [, A, B, C, D, E, F, G, H, I, J, K, L, M, N, O, P, Q, R, S, T, U, V, W, X, Y, Z, , , , , , , , , , , , , , , , , , , , , , , , , , , , , , , , , , , , , , , , , , , , , , , , , , , , , , , , , , , , , , , , , , , , , , , , , , , , , , , , , , , , , , , , , , , , , , , , , , , , , , , , , , , , , , , , , , , , , , , , , , , , , , , , , , , , , , , , , , , , , , , , , , , , , , , , , , , , , , , , , , , , , , , , , , , , , , , , , , , , , , , , , , , #, ]
10-31 14:19:05.162 20580 20596 D ContactsDatabaseHelper: WAL enabled for profile.db: true
10-31 14:19:05.264  3960 13747 I NetworkScheduler.Stats: Task com.google.android.gms/com.google.android.gms.contactinteractions.service.ContactInteractionsTaskService finished executing. cause:5 result: 1 elapsed_millis: 595 uptime_millis: 594 exec_start_elapsed_seconds: 1098398 [CONTEXT service_id=218 ]
10-31 14:19:05.321  3960 13747 I NetworkScheduler.Stats: Task com.google.android.gms/com.google.android.gms.icing.proxy.IcingInternalCorporaUpdateService started execution. cause:9 exec_start_elapsed_seconds: 1098399 [CONTEXT service_id=218 ]
10-31 14:19:05.324  3960 20507 I NetworkScheduler.Stats: Task com.google.android.gms/com.google.android.gms.icing.proxy.IcingInternalCorporaUpdateService finished executing. cause:9 result: 1 elapsed_millis: 35 uptime_millis: 35 exec_start_elapsed_seconds: 1098399 [CONTEXT service_id=218 ]
10-31 14:19:08.980   568   716 I Netd    : Destroyed 4 sockets for UidRanges{ 10000-2147483647 } skip={1000 1001 1027 2000 10005 10008 10012 10015 10017 10020 10041 10045} in 1.1 ms
10-31 14:19:09.023   772   791 E BatteryStatsService: no controller energy info supplied
10-31 14:19:29.859   772   791 E BatteryStatsService: no controller energy info supplied
10-31 14:20:58.079   772   787 I UsageStatsService: User[0] Flushing usage stats to disk
10-31 14:21:15.854  3960 20602 E WakeLock: GCM_HB_ALARM release without a matched acquire!
10-31 14:21:15.866   772   791 E BatteryStatsService: no controller energy info supplied
10-31 14:21:41.963   772   791 E BatteryStatsService: no controller energy info supplied
10-31 14:23:28.069   772   791 E BatteryStatsService: no controller energy info supplied
10-31 14:23:43.621   772   791 E BatteryStatsService: no controller energy info supplied
10-31 14:26:09.558   772   791 E BatteryStatsService: no controller energy info supplied
10-31 14:27:06.099  3960 20553 E WakeLock: GCM_HB_ALARM release without a matched acquire!
10-31 14:27:06.112   772   791 I chatty  : uid=1000(system) batterystats-sy identical 2 lines
10-31 14:27:21.276   772   791 E BatteryStatsService: no controller energy info supplied
10-31 14:28:48.375   772   791 E BatteryStatsService: no controller energy info supplied
10-31 14:29:03.406   772   791 E BatteryStatsService: no controller energy info supplied
10-31 14:29:59.081   772 10895 I ActivityManager: Force stopping com.android.chrome appid=10060 user=0: from pid 20631
10-31 14:29:59.082   772 10895 I ActivityManager: Killing 6450:com.google.android.googlequicksearchbox:search/u0a45 (adj 900): stop com.android.chrome
10-31 14:29:59.092   772 10895 I ActivityManager: Killing 20128:com.android.chrome:privileged_process0/u0a60 (adj 0): stop com.android.chrome
10-31 14:29:59.094   772 10895 W ActivityManager: Scheduling restart of crashed service com.android.chrome/org.chromium.content.app.PrivilegedProcessService0 in 1000ms
10-31 14:29:59.098   772 10895 I ActivityManager: Killing 20062:com.android.chrome/u0a60 (adj 0): stop com.android.chrome
10-31 14:29:59.100 20098 20098 I cr_ChildProcessService: Destroying ChildProcessService pid=20098
10-31 14:29:59.102   772 10895 I ActivityManager: Killing 20098:com.android.chrome:sandboxed_process0/u0a60i175 (adj 0): isolated not needed
10-31 14:29:59.102   772 10895 I ActivityManager:   Force finishing activity ActivityRecord{58753d4 u0 com.android.chrome/org.chromium.chrome.browser.firstrun.FirstRunActivity t777}
10-31 14:29:59.107   772 10895 I ActivityManager:   Force finishing activity ActivityRecord{58753d4 u0 com.android.chrome/org.chromium.chrome.browser.firstrun.FirstRunActivity t777 f}
10-31 14:29:59.107   772 10895 W ActivityManager: Duplicate finish request for ActivityRecord{58753d4 u0 com.android.chrome/org.chromium.chrome.browser.firstrun.FirstRunActivity t777 f}
10-31 14:29:59.122  1311  1311 D CarrierSvcBindHelper: No carrier app for: 0
10-31 14:29:59.135  2964  2964 D RegisteredNfcFServicesCache: Service unchanged, not updating
10-31 14:29:59.156   772  1259 D ConnectivityService: ConnectivityService NetworkRequestInfo binderDied(NetworkRequest [ LISTEN id=1898, [ Capabilities: INTERNET&NOT_RESTRICTED&TRUSTED&FOREGROUND] ], android.os.BinderProxy@a14140e)
10-31 14:29:59.156   772  1327 D ConnectivityService: ConnectivityService NetworkRequestInfo binderDied(NetworkRequest [ LISTEN id=1897, [ Capabilities: INTERNET&NOT_RESTRICTED&TRUSTED&FOREGROUND] ], android.os.BinderProxy@97cfe2f)
10-31 14:29:59.156   772   797 W ActivityManager: setHasOverlayUi called on unknown pid: 20062
10-31 14:29:59.157   772   862 E ConnectivityService: RemoteException caught trying to send a callback msg for NetworkRequest [ LISTEN id=1898, [ Capabilities: INTERNET&NOT_RESTRICTED&TRUSTED&FOREGROUND] ]
10-31 14:29:59.158   772   862 E ConnectivityService: RemoteException caught trying to send a callback msg for NetworkRequest [ LISTEN id=1897, [ Capabilities: INTERNET&NOT_RESTRICTED&TRUSTED&FOREGROUND] ]
10-31 14:29:59.162   772   785 D ConnectivityService: ConnectivityService NetworkRequestInfo binderDied(NetworkRequest [ LISTEN id=1900, [ Capabilities: INTERNET&NOT_RESTRICTED&TRUSTED] ], android.os.BinderProxy@704bc3c)
10-31 14:29:59.163   772   862 E ConnectivityService: RemoteException caught trying to send a callback msg for NetworkRequest [ LISTEN id=1900, [ Capabilities: INTERNET&NOT_RESTRICTED&TRUSTED] ]
10-31 14:29:59.164   772   790 W zygote64: failed to open /acct/uid_99175/pid_20098/cgroup.procs: No such file or directory
10-31 14:29:59.171   772   791 E BatteryStatsService: no controller energy info supplied
10-31 14:29:59.737 20634 20634 D AndroidRuntime: >>>>>> START com.android.internal.os.RuntimeInit uid 2000 <<<<<<
10-31 14:29:59.933 20634 20634 D AndroidRuntime: Calling main entry com.android.commands.pm.Pm
10-31 14:29:59.944   772 13022 I ActivityManager: Force stopping com.android.chrome appid=10060 user=0: clear data
10-31 14:29:59.948   772   788 I ActivityManager: Force stopping com.android.chrome appid=10060 user=-1: clearApplicationUserData
10-31 14:30:00.002   560   560 I keystore: clear_uid 10060
10-31 14:30:00.020  1311  1311 D CarrierSvcBindHelper: No carrier app for: 0
10-31 14:30:00.024 20634 20634 I app_process: System.exit called, status: 0
10-31 14:30:00.024 20634 20634 I AndroidRuntime: VM exiting with result code 0.
10-31 14:30:00.028   772   787 W ResourceType: No known package when getting value for resource number 0x7f0904db
10-31 14:30:00.028   772   787 W ResourceType: No known package when getting value for resource number 0x7f140670
10-31 14:30:00.028   772   787 W ResourceType: No known package when getting value for resource number 0x7f0904da
10-31 14:30:00.028   772   787 W ResourceType: No known package when getting value for resource number 0x7f14018b
10-31 14:30:00.028   772   787 W ResourceType: No known package when getting value for resource number 0x7f14066f
10-31 14:30:00.028   772   787 W ResourceType: No known package when getting value for resource number 0x7f140434
10-31 14:30:00.028   772   787 E ShortcutService: Ignoring excessive intent tag.
10-31 14:30:00.038  2964  2964 D RegisteredNfcFServicesCache: Service unchanged, not updating
10-31 14:30:00.060  3960 20650 I Fitness : FitCleanupIntentOperation received Intent android.intent.action.PACKAGE_DATA_CLEARED [CONTEXT service_id=17 ]
10-31 14:30:00.096 13542 20573 I Icing   : doRemovePackageData com.android.chrome
10-31 14:30:00.096 13542 20573 I Icing   : Removing corpus key com.android.chrome-omnibox for package com.android.chrome
10-31 14:30:00.172 13542 20573 I Icing   : updateResources: need to parse anue{com.android.chrome}
10-31 14:30:00.248 13542 20573 I Icing   : Indexing com.android.chrome-omnibox from com.android.chrome
10-31 14:30:00.266   772  3041 I ActivityManager: Start proc 20673:com.android.chrome/u0a60 for content provider com.android.chrome/com.google.android.apps.chrome.icing.IcingProvider
10-31 14:30:00.313 20673 20673 I cr_SplitCompatApp: Launched version=106.0.5249.79 minSdkVersion=24 isBundle=true processName=com.android.chrome isIsolated=false
10-31 14:30:00.475  3960  3971 I FontLog : Received query Google Sans, URI content://com.google.android.gms.fonts [CONTEXT service_id=132 ]
10-31 14:30:00.476  3960  3971 I FontLog : Query [Google Sans] resolved to {Google Sans, wdth 100.0, wght 400, ital 0.0, bestEffort false} [CONTEXT service_id=132 ]
10-31 14:30:00.481  3960  3971 I FontLog : Font PFD returned from cache for {Google Sans, wdth 100.0, wght 400, ital 0.0, bestEffort false} [CONTEXT service_id=132 ]
10-31 14:30:00.481  3960  3971 I FontLog : Fetch {Google Sans, wdth 100.0, wght 400, ital 0.0, bestEffort false} end status Status{statusCode=SUCCESS, resolution=null} [CONTEXT service_id=132 ]
10-31 14:30:00.580 13542 20573 I Icing   : Indexing done com.android.chrome-omnibox
10-31 14:30:00.584  3960  3972 I FontLog : Pulling font file for id = 2397, cache size = 4 [CONTEXT service_id=132 ]
10-31 14:30:00.654 20673 20692 I cr_LibraryLoader: Successfully loaded native library
10-31 14:30:00.656 20673 20692 I cr_CachingUmaRecorder: Flushed 20 samples from 19 histograms.
10-31 14:30:00.742  3960  4151 I FontLog : Received query Google Sans:500, URI content://com.google.android.gms.fonts [CONTEXT service_id=132 ]
10-31 14:30:00.743  3960  4151 I FontLog : Query [Google Sans:500] resolved to {Google Sans, wdth 100.0, wght 500, ital 0.0, bestEffort false} [CONTEXT service_id=132 ]
10-31 14:30:00.745  3960  4151 I FontLog : Font PFD returned from cache for {Google Sans, wdth 100.0, wght 500, ital 0.0, bestEffort false} [CONTEXT service_id=132 ]
10-31 14:30:00.745  3960  4151 I FontLog : Fetch {Google Sans, wdth 100.0, wght 500, ital 0.0, bestEffort false} end status Status{statusCode=SUCCESS, resolution=null} [CONTEXT service_id=132 ]
10-31 14:30:00.784  3960  4244 I FontLog : Pulling font file for id = 2398, cache size = 4 [CONTEXT service_id=132 ]
10-31 14:30:00.814  3960  4245 I FontLog : Received query Google Sans:700, URI content://com.google.android.gms.fonts [CONTEXT service_id=132 ]
10-31 14:30:00.815  3960  4245 I FontLog : Query [Google Sans:700] resolved to {Google Sans, wdth 100.0, wght 700, ital 0.0, bestEffort false} [CONTEXT service_id=132 ]
10-31 14:30:00.818  3960  4245 I FontLog : Fetch {Google Sans, wdth 100.0, wght 700, ital 0.0, bestEffort false} end status Status{statusCode=SUCCESS, resolution=null} [CONTEXT service_id=132 ]
10-31 14:30:00.832  3960  4217 I FontLog : Pulling font file for id = 2399, cache size = 4 [CONTEXT service_id=132 ]
10-31 14:30:19.946   772   791 E BatteryStatsService: no controller energy info supplied
10-31 14:30:21.963   772  5100 D DhcpClient: Received packet: fc:03:9f:6c:20:ea ACK: your new IP /192.168.178.199, netmask /255.255.255.0, gateways [/192.168.178.1] DNS servers: /84.116.46.23 /84.116.46.22 , lease time 86400
10-31 14:30:54.487   772   846 D MediaSessionService: dispatchVolumeKeyEvent, pid=772, uid=1000, event=KeyEvent { action=ACTION_DOWN, keyCode=KEYCODE_VOLUME_UP, scanCode=115, metaState=0, flags=0x8, repeatCount=0, eventTime=541552595, downTime=541552595, deviceId=5, source=0x101 }
10-31 14:30:54.487   772   846 D MediaSessionService: Adjusting null by 1. flags=4608, suggestedStream=-2147483648, preferSuggestedStream=false
10-31 14:30:54.489   772   846 D MediaSessionService: dispatchVolumeKeyEvent, pid=772, uid=1000, event=KeyEvent { action=ACTION_UP, keyCode=KEYCODE_VOLUME_UP, scanCode=115, metaState=0, flags=0x8, repeatCount=0, eventTime=541552738, downTime=541552595, deviceId=5, source=0x101 }
10-31 14:30:54.489   772   846 D MediaSessionService: Adjusting null by 0. flags=4608, suggestedStream=-2147483648, preferSuggestedStream=false
10-31 14:30:56.656   772   846 D MediaSessionService: dispatchVolumeKeyEvent, pid=772, uid=1000, event=KeyEvent { action=ACTION_DOWN, keyCode=KEYCODE_VOLUME_DOWN, scanCode=114, metaState=0, flags=0x8, repeatCount=0, eventTime=541554913, downTime=541554913, deviceId=7, source=0x101 }
10-31 14:30:56.656   772   846 D MediaSessionService: Adjusting null by -1. flags=4608, suggestedStream=-2147483648, preferSuggestedStream=false
10-31 14:30:56.839   772   846 D MediaSessionService: dispatchVolumeKeyEvent, pid=772, uid=1000, event=KeyEvent { action=ACTION_UP, keyCode=KEYCODE_VOLUME_DOWN, scanCode=114, metaState=0, flags=0x8, repeatCount=0, eventTime=541555106, downTime=541554913, deviceId=7, source=0x101 }
10-31 14:30:56.840   772   846 D MediaSessionService: Adjusting null by 0. flags=4608, suggestedStream=-2147483648, preferSuggestedStream=false
10-31 14:30:59.552   772   846 D MediaSessionService: dispatchVolumeKeyEvent, pid=772, uid=1000, event=KeyEvent { action=ACTION_DOWN, keyCode=KEYCODE_VOLUME_UP, scanCode=115, metaState=0, flags=0x8, repeatCount=0, eventTime=541557809, downTime=541557809, deviceId=5, source=0x101 }
10-31 14:30:59.552   772   846 D MediaSessionService: Adjusting null by 1. flags=4608, suggestedStream=-2147483648, preferSuggestedStream=false
10-31 14:30:59.734   772   846 D MediaSessionService: dispatchVolumeKeyEvent, pid=772, uid=1000, event=KeyEvent { action=ACTION_UP, keyCode=KEYCODE_VOLUME_UP, scanCode=115, metaState=0, flags=0x8, repeatCount=0, eventTime=541558001, downTime=541557809, deviceId=5, source=0x101 }
10-31 14:30:59.734   772   846 D MediaSessionService: Adjusting null by 0. flags=4608, suggestedStream=-2147483648, preferSuggestedStream=false
10-31 14:30:21.873   772   791 I chatty  : uid=1000(system) batterystats-sy identical 1 line
10-31 14:30:40.317   772   791 E BatteryStatsService: no controller energy info supplied
10-31 14:31:00.119   772   846 I PowerManagerService: Waking up from dozing (uid 1000)...
10-31 14:31:00.146   772   799 I DisplayPowerController: Blocking screen on until initial contents have been drawn.
10-31 14:31:00.148   772   797 I DisplayManagerService: Display device changed state: "Built-in Screen", ON
10-31 14:31:00.151   772   830 W LocalDisplayAdapter: Unable to find color mode 0, ignoring request.
10-31 14:31:00.152   423   423 D SurfaceFlinger: Set power mode=2, type=0 flinger=0x70b325e000
10-31 14:31:00.152   423   423 D qdhwcomposer: hwc_setPowerMode: Setting mode 2 on display: 0
10-31 14:31:00.155  3960  3960 I NearbyDiscovery: FastPairDisplayObserver: STATE_OFF -> STATE_ON [CONTEXT service_id=265 ]
10-31 14:31:00.160   772   846 I InputReader: Reconfiguring input devices.  changes=0x00000004
10-31 14:31:00.161  3960  2764 I NearbyDiscovery: FastPairScanner: isScreenOn=true, scanWithScreenOff=false, isLocationEnabled=false, disableLocationRequirement=false, isDiscoveryScanningEnabled=true, during24GhzWifiWarmingUpPeriod=false [CONTEXT service_id=265 ]
10-31 14:31:00.163  3960  2764 D BluetoothAdapter: isLeEnabled(): OFF
10-31 14:31:00.163  3960  2764 I NearbyDiscovery: FastPairScanner: eventType=SCREEN_ON_FROM_DISPLAY_OBSERVER, intReq=false, scanning=false, scanAllowed=false, bleEnabled=false, bleScanAvailable=true, lockScanRate=false [CONTEXT service_id=265 ]
10-31 14:31:00.194   772   799 I DisplayPowerController: Unblocked screen on after 47 ms
10-31 14:31:00.332  2964  3128 E NxpTml  : _i2c_write() errno : 5
10-31 14:31:00.332  2964  3128 E NxpTml  : PN54X - Error in I2C Write.....
10-31 14:31:00.332  2964  3130 E NxpHal  : write error status = 0x1ff
10-31 14:31:00.332  2964  3108 E NxpHal  : write_unlocked failed - PN54X Maybe in Standby Mode - Retry
10-31 14:31:00.334  3960 20553 I NetworkScheduler.Stats: Task com.google.android.gms/com.google.android.gms.auth.account.be.accountstate.GcmTaskService started execution. cause:11 exec_start_elapsed_seconds: 1099114 [CONTEXT service_id=218 ]
10-31 14:31:00.337  3960  4191 I NearbySharing: Screen is locked [CONTEXT service_id=194 ]
10-31 14:31:00.337  3960  4191 I NearbySharing: Failed to stop scanning because weren't scanning. [CONTEXT service_id=194 ]
10-31 14:31:00.337  3960  4191 I NearbySharing: Stopping discovery because the screen is locked. [CONTEXT service_id=194 ]
10-31 14:31:00.337  3960  4191 I NearbySharing: Can't stop advertising FastInitiation. Not advertising. [CONTEXT service_id=194 ]
10-31 14:31:00.337  3960  4191 I NearbySharing: Stopping Fast Init advertisement because Bluetooth is off. [CONTEXT service_id=194 ]
10-31 14:31:00.337  3960  4191 I NearbySharing: Stopping advertising because the screen is locked. [CONTEXT service_id=194 ]
10-31 14:31:00.337  3960  4191 I NearbySharing: Stopping FastInitiation scanning because the screen is locked. [CONTEXT service_id=194 ]
10-31 14:31:00.337  3960  4191 I NearbySharing: Can't stop scanning for FastInitiation. Not scanning. [CONTEXT service_id=194 ]
10-31 14:31:00.337  3960  4191 I NearbySharing: Cancelling in use notification [CONTEXT service_id=194 ]
10-31 14:31:00.338  3960  4191 I NearbySharing: Fast Initiation Scanning has stopped [CONTEXT service_id=194 ]
10-31 14:31:00.338  3960  4191 I NearbySharing: Dismissing HUN as there's no device nearby. [CONTEXT service_id=194 ]
10-31 14:31:00.338  3960  4191 I NearbySharing: Cancelling in use notification [CONTEXT service_id=194 ]
10-31 14:31:00.343  3960  2764 I NearbyDiscovery: FastPairHandler: Received action android.intent.action.SCREEN_ON [CONTEXT service_id=265 ]
10-31 14:31:00.349  3960  2764 I NearbyDiscovery: FastPairScanner: isScreenOn=true, scanWithScreenOff=false, isLocationEnabled=false, disableLocationRequirement=false, isDiscoveryScanningEnabled=true, during24GhzWifiWarmingUpPeriod=false [CONTEXT service_id=265 ]
10-31 14:31:00.352  3960  2764 D BluetoothAdapter: isLeEnabled(): OFF
10-31 14:31:00.353  3960  2764 I NearbyDiscovery: FastPairScanner: eventType=SCREEN_ON, intReq=false, scanning=false, scanAllowed=false, bleEnabled=false, bleScanAvailable=true, lockScanRate=false [CONTEXT service_id=265 ]
10-31 14:31:00.354  3960 20553 I NetworkScheduler.Stats: Task com.google.android.gms/com.google.android.gms.auth.account.be.accountstate.GcmTaskService finished executing. cause:11 result: 1 elapsed_millis: 68 uptime_millis: 67 exec_start_elapsed_seconds: 1099114 [CONTEXT service_id=218 ]
10-31 14:31:00.385   423   483 I qdhwcomposer: handle_blank_event: dpy:0 panel power state: 1
10-31 14:31:00.385   423   423 D qdhwcomposer: hwc_setPowerMode: Done setting mode 2 on display 0
10-31 14:31:00.386   772   892 D SurfaceControl: Excessive delay in setPowerMode(): 238ms
10-31 14:31:00.386   772   799 W PowerManagerService: Screen on took 276 ms
10-31 14:31:00.386   772   799 I DreamManagerService: Gently waking up from dream.
10-31 14:31:00.386   772   795 I DreamManagerService: Performing gentle wake from dream.
10-31 14:31:00.393   772  3854 I DreamManagerService: Leaving dreamland.
10-31 14:31:00.393   772   795 I DreamManagerService: Performing gentle wake from dream.
10-31 14:31:00.393   772   795 I DreamController: Stopping dream: name=ComponentInfo{com.android.systemui/com.android.systemui.doze.DozeService}, isTest=false, canDoze=true, userId=0
10-31 14:31:00.434  3960 13747 I NetworkScheduler.Stats: Task com.google.android.gms/com.google.android.gms.stats.PlatformStatsCollectorService started execution. cause:5 exec_start_elapsed_seconds: 1099114 [CONTEXT service_id=218 ]
10-31 14:31:00.468  3960 13747 I NetworkScheduler.Stats: Task com.google.android.gms/com.google.android.gms.stats.PlatformStatsCollectorService finished executing. cause:5 result: 1 elapsed_millis: 64 uptime_millis: 64 exec_start_elapsed_seconds: 1099114 [CONTEXT service_id=218 ]
10-31 14:31:00.483  3960 13747 I NetworkScheduler.Stats: Task com.google.android.gms/com.google.android.gms.clearcut.uploader.QosUploaderService started execution. cause:5 exec_start_elapsed_seconds: 1099114 [CONTEXT service_id=218 ]
10-31 14:31:00.524  3960 20553 I NetworkScheduler.Stats: Task com.google.android.gms/com.google.android.gms.clearcut.uploader.QosUploaderService started execution. cause:5 exec_start_elapsed_seconds: 1099114 [CONTEXT service_id=218 ]
10-31 14:31:00.601  3960 20738 I NetworkScheduler.Stats: Task com.google.android.gms/com.google.android.gms.clearcut.uploader.QosUploaderService finished executing. cause:5 result: 1 elapsed_millis: 162 uptime_millis: 161 exec_start_elapsed_seconds: 1099114 [CONTEXT service_id=218 ]
10-31 14:31:00.685  3960 20553 I NetworkScheduler.Stats: Task com.google.android.gms/com.google.android.gms.measurement.PackageMeasurementTaskService started execution. cause:5 exec_start_elapsed_seconds: 1099114 [CONTEXT service_id=218 ]
10-31 14:31:00.725   772   791 E BatteryStatsService: no controller energy info supplied
10-31 14:31:01.217 13542 20558 W FA-SVC  : Interrupted in onRunTask while uploading
10-31 14:31:01.247  3960 20745 E NetworkScheduler.ATC: Called cancelTask for already completed task com.google.android.gms/.measurement.PackageMeasurementTaskService{u=0 tag="Measurement.PackageMeasurementTaskService.UPLOAD_TASK_TAG" trigger=window{start=3594s,end=7190s,earliest=-130s,latest=3465s} requirements=[NET_CONNECTED] attributes=[PERSISTED] scheduled=-3724s last_run=0s exec_window_multiplier=1.0000 jid=N/A status=ACTIVE retries=0 client_lib=GMS_TASK_SCHEDULER-223616000} :1 [CONTEXT service_id=218 ]
10-31 14:31:01.812   926   926 D StatusBar: disable<e i a s b H R c s q >
10-31 14:31:01.880   772  2969 W LocalDisplayAdapter: Unable to find color mode 0, ignoring request.
10-31 14:31:01.883   926   926 D StatusBar: disable<e i a s b H R c s q >
10-31 14:31:01.887   772   846 I InputReader: Reconfiguring input devices.  changes=0x00000004
10-31 14:31:01.906 13325 13387 I Adreno  : QUALCOMM build                   : 7142022, Ib5823dd10c
10-31 14:31:01.906 13325 13387 I Adreno  : Build Date                       : 06/23/17
10-31 14:31:01.906 13325 13387 I Adreno  : OpenGL ES Shader Compiler Version: EV031.18.00.00
10-31 14:31:01.906 13325 13387 I Adreno  : Local Branch                     : O11A
10-31 14:31:01.906 13325 13387 I Adreno  : Remote Branch                    : 
10-31 14:31:01.906 13325 13387 I Adreno  : Remote Branch                    : 
10-31 14:31:01.906 13325 13387 I Adreno  : Reconstruct Branch               : 
10-31 14:31:01.912 13325 13387 I vndksupport: sphal namespace is not configured for this process. Loading /vendor/lib64/hw/gralloc.msm8992.so from the current namespace instead.
10-31 14:31:01.916 13325 13387 I Adreno  : PFP: 0x00000000, ME: 0x00000000
10-31 14:31:01.918 13325 13387 I OpenGLRenderer: Initialized EGL, version 1.4
10-31 14:31:01.919 13325 13387 D OpenGLRenderer: Swap behavior 2
10-31 14:31:01.967   926   926 D StatusBar: disable<e i a s b H R c s q >
10-31 14:31:01.967   926   926 D StatusBar: disable<e i a s b H R c s q >
10-31 14:31:01.982   772   788 W BroadcastQueue: Background execution not allowed: receiving Intent { act=android.intent.action.USER_PRESENT flg=0x24200010 } to com.android.chrome/org.chromium.chrome.browser.sharing.click_to_call.ClickToCallMessageHandler$PhoneUnlockedReceiver
10-31 14:31:01.982   772   788 W BroadcastQueue: Background execution not allowed: receiving Intent { act=android.intent.action.USER_PRESENT flg=0x24200010 } to com.google.android.gms/.auth.setup.devicesignals.LockScreenReceiver
10-31 14:31:01.985   772   788 W BroadcastQueue: Background execution not allowed: receiving Intent { act=android.intent.action.USER_PRESENT flg=0x24200010 } to com.google.android.gms/.chimera.GmsIntentOperationService$PersistentTrustedReceiver
10-31 14:31:01.985  3960  4307 I NearbySharing: Screen is unlocked [CONTEXT service_id=194 ]
10-31 14:31:01.986  2964  3128 E NxpTml  : _i2c_write() errno : 5
10-31 14:31:01.986  2964  3128 E NxpTml  : PN54X - Error in I2C Write.....
10-31 14:31:01.987  2964  3130 E NxpHal  : write error status = 0x1ff
10-31 14:31:01.987  2964  3108 E NxpHal  : write_unlocked failed - PN54X Maybe in Standby Mode - Retry
10-31 14:31:02.001   772 10894 I ActivityManager: Start proc 20760:com.google.android.googlequicksearchbox:search/u0a45 for service com.google.android.googlequicksearchbox/com.google.android.apps.gsa.search.core.service.SearchService
10-31 14:31:02.006   926   926 D StatusBar: disable<e i a s b h!r!c s q >
10-31 14:31:02.009  3960  4307 I NearbySharing: Failed to stop scanning because weren't scanning. [CONTEXT service_id=194 ]
10-31 14:31:02.009  3960  4307 I NearbySharing: Stopping discovery because Bluetooth is disabled. [CONTEXT service_id=194 ]
10-31 14:31:02.009  3960  4307 I NearbySharing: Can't stop advertising FastInitiation. Not advertising. [CONTEXT service_id=194 ]
10-31 14:31:02.009  3960  4307 I NearbySharing: Stopping Fast Init advertisement because Bluetooth is off. [CONTEXT service_id=194 ]
10-31 14:31:02.009  3960  4307 I NearbySharing: Stopping advertising because Bluetooth is disabled. [CONTEXT service_id=194 ]
10-31 14:31:02.019  3960  4307 I NearbySharing: Can't stop scanning for FastInitiation. Not scanning. [CONTEXT service_id=194 ]
10-31 14:31:02.019  3960  4307 I NearbySharing: Cancelling in use notification [CONTEXT service_id=194 ]
10-31 14:31:02.019  3960  4307 I NearbySharing: Fast Initiation Scanning has stopped [CONTEXT service_id=194 ]
10-31 14:31:02.019  3960  4307 I NearbySharing: Stopping FastInitiation scanning because location is disabled. [CONTEXT service_id=194 ]
10-31 14:31:02.020  3960  4307 I NearbySharing: Dismissing HUN as there's no device nearby. [CONTEXT service_id=194 ]
10-31 14:31:02.020  3960  4307 I NearbySharing: Cancelling in use notification [CONTEXT service_id=194 ]
10-31 14:31:02.071  3960  4307 I NearbyMediums: BluetoothAdapter's name was not set by Nearby Connections, ignoring call to restore default scan mode. [CONTEXT service_id=54 ]
10-31 14:31:02.072  3960  4307 I NearbyMediums: BluetoothAdapter's name was not set by Nearby Connections, ignoring call to restore device name [CONTEXT service_id=54 ]
10-31 14:31:02.149  3960 20602 I NetworkScheduler.Stats: Task com.google.android.gms/com.google.android.gms.clearcut.uploader.QosUploaderService finished executing. cause:5 result: 1 elapsed_millis: 1635 uptime_millis: 1634 exec_start_elapsed_seconds: 1099114 [CONTEXT service_id=218 ]
10-31 14:31:02.209  3960 20745 I NetworkScheduler.Stats: Task com.google.android.gms/com.google.android.gms.phenotype.service.sync.PhenotypeConfigurator started execution. cause:5 exec_start_elapsed_seconds: 1099116 [CONTEXT service_id=218 ]
10-31 14:31:02.439 13325 13387 W OpenGLRenderer: Incorrectly called buildLayer on View: ShortcutAndWidgetContainer, destroying layer...
10-31 14:31:02.485 20760 20774 W SessionLifecycleManager: Handover failed. Creating new session controller.
10-31 14:31:02.488 20760 20786 W com.google.protobuf.fi: copyMemory is missing from platform - proto runtime falling back to safer methods.
10-31 14:31:02.499   772 10895 W ActivityManager: Unable to start service Intent { act=com.google.android.gms.speech.service.START pkg=com.google.android.gms } U=0: not found
10-31 14:31:02.499 20760 20760 I MicroDetectionWorker: #initializeDataManager [recognitionLocale: en-US, isForced: false, initGHRecognizer: false]
10-31 14:31:02.499   772  1324 W ActivityManager: Unbind failed: could not find connection for android.os.BinderProxy@3acd8f2
10-31 14:31:02.500 20760 20798 E GmsClient: unable to connect to service: com.google.android.gms.speech.service.START on com.google.android.gms
10-31 14:31:02.500  3960 13747 W GoogleCertificatesImpl: Source stamp verification failed, package: com.google.android.webview status: CANNOT_VERIFY
10-31 14:31:02.519 20760 20760 I OptInState: There is a new client and it does not support opt-in. Dropping request.
10-31 14:31:02.576 20760 20760 I MicroDetectionWorker: #updateMicroDetector [detectionMode: [mDetectionMode: [1]]]
10-31 14:31:02.576 20760 20760 I MicroDetectionWorker: #startMicroDetector [speakerMode: 0]
10-31 14:31:02.581 20760 20760 I MicroDetectionWorker: onReady
10-31 14:31:02.591 20760 20766 I zygote64: Do partial code cache collection, code=0B, data=12KB
10-31 14:31:02.592 20760 20766 I zygote64: After code cache collection, code=0B, data=12KB
10-31 14:31:02.593 20760 20766 I zygote64: Increasing code cache capacity to 128KB
10-31 14:31:02.594 20760 20799 I GsaNativeCrashHandler: Loaded shared library: nativecrashreporter
10-31 14:31:02.597 20760 20766 I zygote64: Do partial code cache collection, code=0B, data=12KB
10-31 14:31:02.597 20760 20766 I zygote64: After code cache collection, code=0B, data=12KB
10-31 14:31:02.597 20760 20766 I zygote64: Increasing code cache capacity to 256KB
10-31 14:31:02.602 20760 20766 I zygote64: Method exceeds compiler instruction limit: 25337 in void org.ccil.cowan.tagsoup.HTMLSchema.<init>()
10-31 14:31:02.622 20760 20799 I MicroDataManager: Created a new hotword model for:
10-31 14:31:02.622 20760 20799 I MicroDataManager: # com.google.android.apps.gsa.speech.microdetection.h@36410d17
10-31 14:31:02.630 20760 20792 I MicroRecognitionRunner: Starting detection.
10-31 14:31:02.632 20760 20790 I MicrophoneInputStream: mic_starting com.google.android.apps.gsa.speech.audio.af@d0e1a61
10-31 14:31:02.633   556  6508 W DeviceHAL: Device 0xefa2d000 open_input_stream: Invalid argument
10-31 14:31:02.634   556 20802 I AudioFlinger: AudioFlinger's thread 0xec907000 tid=20802 ready to run
10-31 14:31:02.639   556   753 I SoundTriggerHwService::Module: onCallbackEvent no clients
10-31 14:31:02.639 20760 20790 I MicrophoneInputStream: mic_started com.google.android.apps.gsa.speech.audio.af@d0e1a61
10-31 14:31:02.642   556 20803 D sound_trigger_platform: platform_stdev_check_and_update_concurrency: concurrency active 0, tx 1, rx 0, concurrency session_allowed 0
10-31 14:31:02.642   556 20803 D audio_hw_primary: enable_snd_device: snd_device(72: voice-rec-mic)
10-31 14:31:02.647   556 20803 D audio_hw_primary: enable_audio_route: usecase(9) apply and update mixer path: audio-record
10-31 14:31:02.709 20760 20760 I MicroDetectionWorker: onReady
10-31 14:31:02.936  3960 13747 I bful    : Removed 0 invalid users [CONTEXT service_id=51 ]
10-31 14:31:04.394   772   784 I ActivityManager: Force stopping com.android.chrome appid=10060 user=0: from pid 20807
10-31 14:31:04.395   772   784 I ActivityManager: Killing 20673:com.android.chrome/u0a60 (adj 900): stop com.android.chrome
10-31 14:31:04.405  1311  1311 D CarrierSvcBindHelper: No carrier app for: 0
10-31 14:31:04.415  2964  2964 D RegisteredNfcFServicesCache: Service unchanged, not updating
10-31 14:31:05.011  3960 13747 I bfua    : Scheduling adaptive one off task with window [14400, 604800] in seconds [CONTEXT service_id=51 ]
10-31 14:31:05.113  3960 20738 I NetworkScheduler.Stats: Task com.google.android.gms/com.google.android.gms.phenotype.service.sync.PhenotypeConfigurator finished executing. cause:5 result: 1 elapsed_millis: 2929 uptime_millis: 2930 exec_start_elapsed_seconds: 1099116 [CONTEXT service_id=218 ]
10-31 14:31:05.193 20810 20810 D AndroidRuntime: >>>>>> START com.android.internal.os.RuntimeInit uid 2000 <<<<<<
10-31 14:31:05.240  3960 20765 W PhenotypeConfigurationU: Update for unknown DeviceConfig package com.google.android.gms.security [CONTEXT service_id=204 ]
10-31 14:31:05.240  3960 20765 W PhenotypeConfigurationU: bfvf: No package exists for config package: com.google.android.gms.security
10-31 14:31:05.240  3960 20765 W PhenotypeConfigurationU: 	at com.google.android.gms.platformconfigurator.PhenotypeConfigurationUpdateListener.a(:com.google.android.gms@223616019@22.36.16 (040400-476895098):7)
10-31 14:31:05.240  3960 20765 W PhenotypeConfigurationU: 	at com.google.android.gms.platformconfigurator.PhenotypeConfigurationUpdateListener.onHandleIntent(:com.google.android.gms@223616019@22.36.16 (040400-476895098):6)
10-31 14:31:05.240  3960 20765 W PhenotypeConfigurationU: 	at com.google.android.chimera.IntentOperation.onHandleIntent(:com.google.android.gms@223616019@22.36.16 (040400-476895098):2)
10-31 14:31:05.240  3960 20765 W PhenotypeConfigurationU: 	at ycj.onHandleIntent(:com.google.android.gms@223616019@22.36.16 (040400-476895098):4)
10-31 14:31:05.240  3960 20765 W PhenotypeConfigurationU: 	at gle.run(:com.google.android.gms@223616019@22.36.16 (040400-476895098):3)
10-31 14:31:05.240  3960 20765 W PhenotypeConfigurationU: 	at gld.run(:com.google.android.gms@223616019@22.36.16 (040400-476895098):11)
10-31 14:31:05.240  3960 20765 W PhenotypeConfigurationU: 	at cjoq.run(:com.google.android.gms@223616019@22.36.16 (040400-476895098):2)
10-31 14:31:05.240  3960 20765 W PhenotypeConfigurationU: 	at java.util.concurrent.ThreadPoolExecutor.runWorker(ThreadPoolExecutor.java:1162)
10-31 14:31:05.240  3960 20765 W PhenotypeConfigurationU: 	at java.util.concurrent.ThreadPoolExecutor$Worker.run(ThreadPoolExecutor.java:636)
10-31 14:31:05.240  3960 20765 W PhenotypeConfigurationU: 	at java.lang.Thread.run(Thread.java:764)
10-31 14:31:05.263  3960 20765 W PhenotypeConfigurationU: Update for unknown DeviceConfig package com.google.android.gms.findmydevice [CONTEXT service_id=204 ]
10-31 14:31:05.263  3960 20765 W PhenotypeConfigurationU: bfvf: No package exists for config package: com.google.android.gms.findmydevice
10-31 14:31:05.263  3960 20765 W PhenotypeConfigurationU: 	at com.google.android.gms.platformconfigurator.PhenotypeConfigurationUpdateListener.a(:com.google.android.gms@223616019@22.36.16 (040400-476895098):7)
10-31 14:31:05.263  3960 20765 W PhenotypeConfigurationU: 	at com.google.android.gms.platformconfigurator.PhenotypeConfigurationUpdateListener.onHandleIntent(:com.google.android.gms@223616019@22.36.16 (040400-476895098):6)
10-31 14:31:05.263  3960 20765 W PhenotypeConfigurationU: 	at com.google.android.chimera.IntentOperation.onHandleIntent(:com.google.android.gms@223616019@22.36.16 (040400-476895098):2)
10-31 14:31:05.263  3960 20765 W PhenotypeConfigurationU: 	at ycj.onHandleIntent(:com.google.android.gms@223616019@22.36.16 (040400-476895098):4)
10-31 14:31:05.263  3960 20765 W PhenotypeConfigurationU: 	at gle.run(:com.google.android.gms@223616019@22.36.16 (040400-476895098):3)
10-31 14:31:05.263  3960 20765 W PhenotypeConfigurationU: 	at gld.run(:com.google.android.gms@223616019@22.36.16 (040400-476895098):11)
10-31 14:31:05.263  3960 20765 W PhenotypeConfigurationU: 	at cjoq.run(:com.google.android.gms@223616019@22.36.16 (040400-476895098):2)
10-31 14:31:05.263  3960 20765 W PhenotypeConfigurationU: 	at java.util.concurrent.ThreadPoolExecutor.runWorker(ThreadPoolExecutor.java:1162)
10-31 14:31:05.263  3960 20765 W PhenotypeConfigurationU: 	at java.util.concurrent.ThreadPoolExecutor$Worker.run(ThreadPoolExecutor.java:636)
10-31 14:31:05.263  3960 20765 W PhenotypeConfigurationU: 	at java.lang.Thread.run(Thread.java:764)
10-31 14:31:05.289  3960 20772 W PhenotypeConfigurationU: Update for unknown DeviceConfig package com.google.android.gms.droidguard [CONTEXT service_id=204 ]
10-31 14:31:05.289  3960 20772 W PhenotypeConfigurationU: bfvf: No package exists for config package: com.google.android.gms.droidguard
10-31 14:31:05.289  3960 20772 W PhenotypeConfigurationU: 	at com.google.android.gms.platformconfigurator.PhenotypeConfigurationUpdateListener.a(:com.google.android.gms@223616019@22.36.16 (040400-476895098):7)
10-31 14:31:05.289  3960 20772 W PhenotypeConfigurationU: 	at com.google.android.gms.platformconfigurator.PhenotypeConfigurationUpdateListener.onHandleIntent(:com.google.android.gms@223616019@22.36.16 (040400-476895098):6)
10-31 14:31:05.289  3960 20772 W PhenotypeConfigurationU: 	at com.google.android.chimera.IntentOperation.onHandleIntent(:com.google.android.gms@223616019@22.36.16 (040400-476895098):2)
10-31 14:31:05.289  3960 20772 W PhenotypeConfigurationU: 	at ycj.onHandleIntent(:com.google.android.gms@223616019@22.36.16 (040400-476895098):4)
10-31 14:31:05.289  3960 20772 W PhenotypeConfigurationU: 	at gle.run(:com.google.android.gms@223616019@22.36.16 (040400-476895098):3)
10-31 14:31:05.289  3960 20772 W PhenotypeConfigurationU: 	at gld.run(:com.google.android.gms@223616019@22.36.16 (040400-476895098):11)
10-31 14:31:05.289  3960 20772 W PhenotypeConfigurationU: 	at cjoq.run(:com.google.android.gms@223616019@22.36.16 (040400-476895098):2)
10-31 14:31:05.289  3960 20772 W PhenotypeConfigurationU: 	at java.util.concurrent.ThreadPoolExecutor.runWorker(ThreadPoolExecutor.java:1162)
10-31 14:31:05.289  3960 20772 W PhenotypeConfigurationU: 	at java.util.concurrent.ThreadPoolExecutor$Worker.run(ThreadPoolExecutor.java:636)
10-31 14:31:05.289  3960 20772 W PhenotypeConfigurationU: 	at java.lang.Thread.run(Thread.java:764)
10-31 14:31:05.359 20810 20810 D AndroidRuntime: Calling main entry com.android.commands.pm.Pm
10-31 14:31:05.364   772 13071 I ActivityManager: Force stopping com.android.chrome appid=10060 user=0: clear data
10-31 14:31:05.364 13542 20777 W ModuleInitIntentOp: Dropping unexpected action com.google.android.gms.phenotype.COMMITTED
10-31 14:31:05.364   772   788 I ActivityManager: Force stopping com.android.chrome appid=10060 user=-1: clearApplicationUserData
10-31 14:31:05.366 13542 20775 W ModuleInitIntentOp: Dropping unexpected action com.google.android.gms.phenotype.COMMITTED
10-31 14:31:05.372  3960 20778 I PTCommittedOperation: Receive new configuration for com.google.android.gms.droidguard
10-31 14:31:05.373   560   560 I keystore: clear_uid 10060
10-31 14:31:05.399  1311  1311 D CarrierSvcBindHelper: No carrier app for: 0
10-31 14:31:05.410  2964  2964 D RegisteredNfcFServicesCache: Service unchanged, not updating
10-31 14:31:05.414 20810 20810 I app_process: System.exit called, status: 0
10-31 14:31:05.414 20810 20810 I AndroidRuntime: VM exiting with result code 0.
10-31 14:31:05.414   772   787 W ResourceType: No known package when getting value for resource number 0x7f0904db
10-31 14:31:05.414   772   787 W ResourceType: No known package when getting value for resource number 0x7f140670
10-31 14:31:05.414   772   787 W ResourceType: No known package when getting value for resource number 0x7f0904da
10-31 14:31:05.414   772   787 W ResourceType: No known package when getting value for resource number 0x7f14018b
10-31 14:31:05.414   772   787 W ResourceType: No known package when getting value for resource number 0x7f14066f
10-31 14:31:05.414   772   787 W ResourceType: No known package when getting value for resource number 0x7f140434
10-31 14:31:05.414   772   787 E ShortcutService: Ignoring excessive intent tag.
10-31 14:31:05.491  3960  3970 I zygote64: Background concurrent copying GC freed 189555(10MB) AllocSpace objects, 14(316KB) LOS objects, 49% free, 11MB/23MB, paused 7.935ms total 110.035ms
10-31 14:31:05.504 13542 20775 W ModuleInitIntentOp: Dropping unexpected action com.google.android.gms.phenotype.COMMITTED
10-31 14:31:05.514  3960 20812 I Fitness : FitCleanupIntentOperation received Intent android.intent.action.PACKAGE_DATA_CLEARED [CONTEXT service_id=17 ]
10-31 14:31:05.617 13542 20776 I SyncIntentOperation: Handling the intent: Intent { act=com.google.android.gms.phenotype.COMMITTED flg=0x10 pkg=com.google.android.gms cmp=com.google.android.gms/.chimera.GmsIntentOperationService (has extras) }. [CONTEXT service_id=80 ]
10-31 14:31:05.665 13542 20776 I MdiSyncModule: flag handling is skipping irrelevant intent.
10-31 14:31:05.706 13542 20776 W ModuleInitIntentOp: Dropping unexpected action com.google.android.gms.phenotype.COMMITTED
10-31 14:31:05.781 13542 20776 I GmsSyncPolicyEngine: Periodic sync 1 disabled by policy, cancelled.
10-31 14:31:05.787 13542 20777 I LocationHistory: [IntentOperation] Module is disabled [CONTEXT service_id=314 ]
10-31 14:31:05.790 13542 20776 I GmsSyncPolicyEngine: Periodic sync 2 disabled by policy, cancelled.
10-31 14:31:05.874 13542 20558 I Icing   : doRemovePackageData com.android.chrome
10-31 14:31:05.874 13542 20558 I Icing   : Removing corpus key com.android.chrome-omnibox for package com.android.chrome
10-31 14:31:05.942 13542 20558 I Icing   : updateResources: need to parse anue{com.android.chrome}
10-31 14:31:06.015 13542 20558 I Icing   : Indexing com.android.chrome-omnibox from com.android.chrome
10-31 14:31:06.033   772  4539 I ActivityManager: Start proc 20826:com.android.chrome/u0a60 for content provider com.android.chrome/com.google.android.apps.chrome.icing.IcingProvider
10-31 14:31:06.097 20826 20826 I cr_SplitCompatApp: Launched version=106.0.5249.79 minSdkVersion=24 isBundle=true processName=com.android.chrome isIsolated=false
10-31 14:31:06.298  3960  4245 I FontLog : Received query Google Sans, URI content://com.google.android.gms.fonts [CONTEXT service_id=132 ]
10-31 14:31:06.298  3960  4245 I FontLog : Query [Google Sans] resolved to {Google Sans, wdth 100.0, wght 400, ital 0.0, bestEffort false} [CONTEXT service_id=132 ]
10-31 14:31:06.300  3960  4245 I FontLog : Font PFD returned from cache for {Google Sans, wdth 100.0, wght 400, ital 0.0, bestEffort false} [CONTEXT service_id=132 ]
10-31 14:31:06.304  3960  4245 I FontLog : Fetch {Google Sans, wdth 100.0, wght 400, ital 0.0, bestEffort false} end status Status{statusCode=SUCCESS, resolution=null} [CONTEXT service_id=132 ]
10-31 14:31:06.365 13542 20558 I Icing   : Indexing done com.android.chrome-omnibox
10-31 14:31:06.376  3960  4217 I FontLog : Pulling font file for id = 2400, cache size = 4 [CONTEXT service_id=132 ]
10-31 14:31:06.457 20826 20845 I cr_LibraryLoader: Successfully loaded native library
10-31 14:31:06.458 20826 20845 I cr_CachingUmaRecorder: Flushed 20 samples from 19 histograms.
10-31 14:31:06.528  3960  3971 I FontLog : Received query Google Sans:500, URI content://com.google.android.gms.fonts [CONTEXT service_id=132 ]
10-31 14:31:06.529  3960  3971 I FontLog : Query [Google Sans:500] resolved to {Google Sans, wdth 100.0, wght 500, ital 0.0, bestEffort false} [CONTEXT service_id=132 ]
10-31 14:31:06.533  3960  3971 I FontLog : Font PFD returned from cache for {Google Sans, wdth 100.0, wght 500, ital 0.0, bestEffort false} [CONTEXT service_id=132 ]
10-31 14:31:06.534  3960  3971 I FontLog : Fetch {Google Sans, wdth 100.0, wght 500, ital 0.0, bestEffort false} end status Status{statusCode=SUCCESS, resolution=null} [CONTEXT service_id=132 ]
10-31 14:31:06.564  3960  6244 I FontLog : Pulling font file for id = 2401, cache size = 5 [CONTEXT service_id=132 ]
10-31 14:31:06.591  3960  3972 I FontLog : Received query Google Sans:700, URI content://com.google.android.gms.fonts [CONTEXT service_id=132 ]
10-31 14:31:06.592  3960  3972 I FontLog : Query [Google Sans:700] resolved to {Google Sans, wdth 100.0, wght 700, ital 0.0, bestEffort false} [CONTEXT service_id=132 ]
10-31 14:31:06.594  3960  3972 I FontLog : Fetch {Google Sans, wdth 100.0, wght 700, ital 0.0, bestEffort false} end status Status{statusCode=SUCCESS, resolution=null} [CONTEXT service_id=132 ]
10-31 14:31:06.604  3960  4245 I FontLog : Pulling font file for id = 2402, cache size = 5 [CONTEXT service_id=132 ]
10-31 14:31:06.776   772 13071 D WificondControl: Scan result ready event
10-31 14:31:06.844  3960  4244 I ChimeraSrvcProxy: NullBinder for android.net.action.RECOMMEND_NETWORKS triggering remote TransactionTooLargeException due to Service without Chimera impl
