10-31 14:03:48.942   372   376 D QC-time-services: Lib:time_genoff_operation: pargs->ts_val = 0
10-31 14:03:48.943   372   376 D QC-time-services: Lib:time_genoff_operation: Send to server  passed!!
10-31 14:03:48.943   625   647 D QC-time-services: Daemon: Connection accepted:time_genoff
10-31 14:03:48.943   625 20417 D QC-time-services: Daemon:Received base = 13, unit = 1, operation = 2,value = 0
10-31 14:03:48.943   625 20417 D QC-time-services: Daemon:genoff_opr: Base = 13, val = 0, operation = 2
10-31 14:03:48.943   625 20417 D QC-time-services: offset is: 0 for base: 13
10-31 14:03:48.943   372   376 E QC-time-services: Receive Passed == base = 13, unit = 1, operation = 2, result = 0
10-31 14:03:48.943   372   376 D DrmLibTime: QSEE Time Listener: ATS_MODEM is not set. Fallback to Android system time.
10-31 14:03:48.943   372   376 D DrmLibTime: QSEE Time Listener: Retrieved Android system time: 1667221428
10-31 14:03:48.943   372   376 D DrmLibTime: time_getutcsec returns 0, sec = 1667221428; nsec = 0
10-31 14:03:48.943   372   376 D DrmLibTime: time_getutcsec finished! 
10-31 14:03:48.943   372   376 D DrmLibTime: iotcl_continue_command finished! and return 0 
10-31 14:03:48.943   372   376 D DrmLibTime: before calling ioctl to read the next time_cmd
10-31 14:03:48.944   625   647 E QC-time-services: Daemon: Time-services: Waiting to acceptconnection
10-31 14:03:48.969   562   644 D WVCdm   : OEMCrypto_Initialize Level 1 success. I will use level 1.
10-31 14:03:48.970   562   644 D WVCdm   : CryptoSession::Open: Lock: requested_security_level: L3
10-31 14:03:48.980 20062 20062 I cr_media: Provisioning origin ID A6C5808F6B6F6A4559C860BEF5B6CBEC
10-31 14:03:48.986 20062 20062 I MediaDrm: Drm event (1,0)
10-31 14:03:48.986 20062 20062 E cr_media: EventListener: No session for event 1.
10-31 14:03:49.466   562  5487 D QSEECOMAPI: : QSEECom_dealloc_memory 
10-31 14:03:49.466   562  5487 D QSEECOMAPI: : QSEECom_shutdown_app, app_id = 2380
10-31 14:03:49.485 20062 20062 I cr_media: Create MediaDrmBridge with level L1 and origin A6C5808F6B6F6A4559C860BEF5B6CBEC
10-31 14:03:49.488   361   361 W /system/bin/hwservicemanager: getTransportFromManifest: Cannot find entry android.hardware.drm@1.0::IDrmFactory in either framework or device manifest, using default transport.
10-31 14:03:49.490   562   562 I DrmHal  : makeDrmFactories: using default drm instance
10-31 14:03:49.492   361   361 W /system/bin/hwservicemanager: getTransportFromManifest: Cannot find entry android.hardware.drm@1.0::IDrmFactory in either framework or device manifest, using default transport.
10-31 14:03:49.495   562  5487 I DrmHal  : makeDrmFactories: using default drm instance
10-31 14:03:49.496   562 19051 I WVCdm   : CdmEngine::QueryStatus
10-31 14:03:49.497   562 19051 I WVCdm   : Level3 Library 4445 May 19 2017 17:17:20
10-31 14:03:49.500   562 19051 D QSEECOMAPI: : QSEECom_get_handle sb_length = 0x19000
10-31 14:03:49.501   562 19051 D QSEECOMAPI: : App is not loaded in QSEE
10-31 14:03:49.548   562 19051 D QSEECOMAPI: : Loaded image: APP id = 2381
10-31 14:03:49.554   562 19051 D QSAPPSVER: qsapps_get_capabilities: Capability from secure side: 0x0
10-31 14:03:49.554   562 19051 D QSAPPSVER: qsapps_get_capabilities: returns 0
10-31 14:03:49.554   562 19051 E DrmWidevineDash: sion_buffer g_wv_fhandle->ion_sbuffer  0x0xef369000
10-31 14:03:49.557   372   376 D DrmLibTime: got the req here! ret=0
10-31 14:03:49.557   372   376 D DrmLibTime: command id, time_cmd_id = 770
10-31 14:03:49.557   372   376 D DrmLibTime: time_getutcsec starts!
10-31 14:03:49.557   372   376 D DrmLibTime: QSEE Time Listener: time_getutcsec
10-31 14:03:49.557   372   376 D DrmLibTime: QSEE Time Listener: get_utc_seconds
10-31 14:03:49.557   372   376 D DrmLibTime: QSEE Time Listener: time_get_modem_time
10-31 14:03:49.557   372   376 D DrmLibTime: QSEE Time Listener: Checking if ATS_MODEM is set or not.
10-31 14:03:49.557   372   376 D QC-time-services: Lib:time_genoff_operation: pargs->base = 13
10-31 14:03:49.557   372   376 D QC-time-services: Lib:time_genoff_operation: pargs->operation = 2
10-31 14:03:49.557   372   376 D QC-time-services: Lib:time_genoff_operation: pargs->ts_val = 0
10-31 14:03:49.558   372   376 D QC-time-services: Lib:time_genoff_operation: Send to server  passed!!
10-31 14:03:49.558   625   647 D QC-time-services: Daemon: Connection accepted:time_genoff
10-31 14:03:49.558   625 20422 D QC-time-services: Daemon:Received base = 13, unit = 1, operation = 2,value = 0
10-31 14:03:49.558   625 20422 D QC-time-services: Daemon:genoff_opr: Base = 13, val = 0, operation = 2
10-31 14:03:49.558   625 20422 D QC-time-services: offset is: 0 for base: 13
10-31 14:03:49.558   372   376 E QC-time-services: Receive Passed == base = 13, unit = 1, operation = 2, result = 0
10-31 14:03:49.558   372   376 D DrmLibTime: QSEE Time Listener: ATS_MODEM is not set. Fallback to Android system time.
10-31 14:03:49.558   372   376 D DrmLibTime: QSEE Time Listener: Retrieved Android system time: 1667221429
10-31 14:03:49.558   372   376 D DrmLibTime: time_getutcsec returns 0, sec = 1667221429; nsec = 0
10-31 14:03:49.558   372   376 D DrmLibTime: time_getutcsec finished! 
10-31 14:03:49.558   372   376 D DrmLibTime: iotcl_continue_command finished! and return 0 
10-31 14:03:49.558   372   376 D DrmLibTime: before calling ioctl to read the next time_cmd
10-31 14:03:49.559   625   647 E QC-time-services: Daemon: Time-services: Waiting to acceptconnection
10-31 14:03:49.597   562 19051 D WVCdm   : OEMCrypto_Initialize Level 1 success. I will use level 1.
10-31 14:03:49.598   562 19051 D QSEECOMAPI: : QSEECom_dealloc_memory 
10-31 14:03:49.598   562 19051 D QSEECOMAPI: : QSEECom_shutdown_app, app_id = 2381
10-31 14:03:49.609   562   562 I WVCdm   : CdmEngine::OpenSession
10-31 14:03:49.609   562   562 I WVCdm   : Level3 Library 4445 May 19 2017 17:17:20
10-31 14:03:49.616   562   562 D QSEECOMAPI: : QSEECom_get_handle sb_length = 0x19000
10-31 14:03:49.616   562   562 D QSEECOMAPI: : App is not loaded in QSEE
10-31 14:03:49.668   562   562 D QSEECOMAPI: : Loaded image: APP id = 2382
10-31 14:03:49.673   562   562 D QSAPPSVER: qsapps_get_capabilities: Capability from secure side: 0x0
10-31 14:03:49.673   562   562 D QSAPPSVER: qsapps_get_capabilities: returns 0
10-31 14:03:49.673   562   562 E DrmWidevineDash: sion_buffer g_wv_fhandle->ion_sbuffer  0x0xef369000
10-31 14:03:49.675   372   376 D DrmLibTime: got the req here! ret=0
10-31 14:03:49.675   372   376 D DrmLibTime: command id, time_cmd_id = 770
10-31 14:03:49.675   372   376 D DrmLibTime: time_getutcsec starts!
10-31 14:03:49.675   372   376 D DrmLibTime: QSEE Time Listener: time_getutcsec
10-31 14:03:49.675   372   376 D DrmLibTime: QSEE Time Listener: get_utc_seconds
10-31 14:03:49.675   372   376 D DrmLibTime: QSEE Time Listener: time_get_modem_time
10-31 14:03:49.675   372   376 D DrmLibTime: QSEE Time Listener: Checking if ATS_MODEM is set or not.
10-31 14:03:49.675   372   376 D QC-time-services: Lib:time_genoff_operation: pargs->base = 13
10-31 14:03:49.675   372   376 D QC-time-services: Lib:time_genoff_operation: pargs->operation = 2
10-31 14:03:49.675   372   376 D QC-time-services: Lib:time_genoff_operation: pargs->ts_val = 0
10-31 14:03:49.676   372   376 D QC-time-services: Lib:time_genoff_operation: Send to server  passed!!
10-31 14:03:49.676   625   647 D QC-time-services: Daemon: Connection accepted:time_genoff
10-31 14:03:49.676   625 20423 D QC-time-services: Daemon:Received base = 13, unit = 1, operation = 2,value = 0
10-31 14:03:49.676   625 20423 D QC-time-services: Daemon:genoff_opr: Base = 13, val = 0, operation = 2
10-31 14:03:49.676   625 20423 D QC-time-services: offset is: 0 for base: 13
10-31 14:03:49.676   372   376 E QC-time-services: Receive Passed == base = 13, unit = 1, operation = 2, result = 0
10-31 14:03:49.676   372   376 D DrmLibTime: QSEE Time Listener: ATS_MODEM is not set. Fallback to Android system time.
10-31 14:03:49.676   372   376 D DrmLibTime: QSEE Time Listener: Retrieved Android system time: 1667221429
10-31 14:03:49.676   372   376 D DrmLibTime: time_getutcsec returns 0, sec = 1667221429; nsec = 0
10-31 14:03:49.676   372   376 D DrmLibTime: time_getutcsec finished! 
10-31 14:03:49.676   372   376 D DrmLibTime: iotcl_continue_command finished! and return 0 
10-31 14:03:49.676   372   376 D DrmLibTime: before calling ioctl to read the next time_cmd
10-31 14:03:49.677   625   647 E QC-time-services: Daemon: Time-services: Waiting to acceptconnection
10-31 14:03:49.702   562   562 D WVCdm   : OEMCrypto_Initialize Level 1 success. I will use level 1.
10-31 14:03:49.702   562   562 D WVCdm   : CryptoSession::Open: Lock: requested_security_level: Default
10-31 14:03:49.705   562   562 W WVCdm   : DeviceFiles::RetrieveHashedFile: /data/mediadrm/IDM1013/L1/cert.bin does not exist
10-31 14:03:49.706   562   562 D QSEECOMAPI: : QSEECom_dealloc_memory 
10-31 14:03:49.706   562   562 D QSEECOMAPI: : QSEECom_shutdown_app, app_id = 2382
10-31 14:03:49.719   562  5487 I WVCdm   : Level3 Library 4445 May 19 2017 17:17:20
10-31 14:03:49.725   562  5487 D QSEECOMAPI: : QSEECom_get_handle sb_length = 0x19000
10-31 14:03:49.725   562  5487 D QSEECOMAPI: : App is not loaded in QSEE
10-31 14:03:49.773   562  5487 D QSEECOMAPI: : Loaded image: APP id = 2383
10-31 14:03:49.777   562  5487 D QSAPPSVER: qsapps_get_capabilities: Capability from secure side: 0x0
10-31 14:03:49.777   562  5487 D QSAPPSVER: qsapps_get_capabilities: returns 0
10-31 14:03:49.777   562  5487 E DrmWidevineDash: sion_buffer g_wv_fhandle->ion_sbuffer  0x0xef3a5000
10-31 14:03:49.779   372   376 D DrmLibTime: got the req here! ret=0
10-31 14:03:49.780   372   376 D DrmLibTime: command id, time_cmd_id = 770
10-31 14:03:49.780   372   376 D DrmLibTime: time_getutcsec starts!
10-31 14:03:49.780   372   376 D DrmLibTime: QSEE Time Listener: time_getutcsec
10-31 14:03:49.780   372   376 D DrmLibTime: QSEE Time Listener: get_utc_seconds
10-31 14:03:49.780   372   376 D DrmLibTime: QSEE Time Listener: time_get_modem_time
10-31 14:03:49.780   372   376 D DrmLibTime: QSEE Time Listener: Checking if ATS_MODEM is set or not.
10-31 14:03:49.780   372   376 D QC-time-services: Lib:time_genoff_operation: pargs->base = 13
10-31 14:03:49.780   372   376 D QC-time-services: Lib:time_genoff_operation: pargs->operation = 2
10-31 14:03:49.780   372   376 D QC-time-services: Lib:time_genoff_operation: pargs->ts_val = 0
10-31 14:03:49.780   372   376 D QC-time-services: Lib:time_genoff_operation: Send to server  passed!!
10-31 14:03:49.780   625   647 D QC-time-services: Daemon: Connection accepted:time_genoff
10-31 14:03:49.780   625 20424 D QC-time-services: Daemon:Received base = 13, unit = 1, operation = 2,value = 0
10-31 14:03:49.780   625 20424 D QC-time-services: Daemon:genoff_opr: Base = 13, val = 0, operation = 2
10-31 14:03:49.780   625 20424 D QC-time-services: offset is: 0 for base: 13
10-31 14:03:49.780   372   376 E QC-time-services: Receive Passed == base = 13, unit = 1, operation = 2, result = 0
10-31 14:03:49.780   372   376 D DrmLibTime: QSEE Time Listener: ATS_MODEM is not set. Fallback to Android system time.
10-31 14:03:49.780   372   376 D DrmLibTime: QSEE Time Listener: Retrieved Android system time: 1667221429
10-31 14:03:49.780   372   376 D DrmLibTime: time_getutcsec returns 0, sec = 1667221429; nsec = 0
10-31 14:03:49.780   372   376 D DrmLibTime: time_getutcsec finished! 
10-31 14:03:49.780   372   376 D DrmLibTime: iotcl_continue_command finished! and return 0 
10-31 14:03:49.780   372   376 D DrmLibTime: before calling ioctl to read the next time_cmd
10-31 14:03:49.781   625   647 E QC-time-services: Daemon: Time-services: Waiting to acceptconnection
10-31 14:03:49.805   562  5487 D WVCdm   : OEMCrypto_Initialize Level 1 success. I will use level 1.
10-31 14:03:49.805   562  5487 D WVCdm   : CryptoSession::Open: Lock: requested_security_level: Default
10-31 14:03:49.872   562  5487 E DrmWidevineDash: OEMCrypto_GenerateSignature : input wrapped_rsa_key == NULL!, return short buffer
10-31 14:03:49.874 20062 20062 I cr_media: Provisioning origin ID A6C5808F6B6F6A4559C860BEF5B6CBEC
10-31 14:03:49.891 20062 20062 I MediaDrm: Drm event (1,0)
10-31 14:03:49.891 20062 20062 E cr_media: EventListener: No session for event 1.
10-31 14:03:49.920   562 19050 E DrmWidevineDash: OEMCrypto_RewrapDeviceRSAKey : input wrapped_rsa_key == NULL!, return short buffer
10-31 14:03:49.933   562 19050 D QSEECOMAPI: : QSEECom_dealloc_memory 
10-31 14:03:49.933   562 19050 D QSEECOMAPI: : QSEECom_shutdown_app, app_id = 2383
10-31 14:03:49.946 20062 20062 I cr_media: Create MediaDrmBridge with level L3 and origin 18BE90716BB31268E69A4751DD236FA4
10-31 14:03:49.949   361   361 W /system/bin/hwservicemanager: getTransportFromManifest: Cannot find entry android.hardware.drm@1.0::IDrmFactory in either framework or device manifest, using default transport.
10-31 14:03:50.014   562 19051 I DrmHal  : makeDrmFactories: using default drm instance
10-31 14:03:50.016   361   361 W /system/bin/hwservicemanager: getTransportFromManifest: Cannot find entry android.hardware.drm@1.0::IDrmFactory in either framework or device manifest, using default transport.
10-31 14:03:50.068   562 19050 I DrmHal  : makeDrmFactories: using default drm instance
10-31 14:03:50.069   562  5487 D WVCdm   : Instantiating CDM.
10-31 14:03:50.070   562   644 I WVCdm   : CdmEngine::QueryStatus
10-31 14:03:50.071   562   644 I WVCdm   : Level3 Library 4445 May 19 2017 17:17:20
10-31 14:03:50.075   562   644 D QSEECOMAPI: : QSEECom_get_handle sb_length = 0x19000
10-31 14:03:50.075   562   644 D QSEECOMAPI: : App is not loaded in QSEE
10-31 14:03:50.124   562   644 D QSEECOMAPI: : Loaded image: APP id = 2384
10-31 14:03:50.128   562   644 D QSAPPSVER: qsapps_get_capabilities: Capability from secure side: 0x0
10-31 14:03:50.128   562   644 D QSAPPSVER: qsapps_get_capabilities: returns 0
10-31 14:03:50.128   562   644 E DrmWidevineDash: sion_buffer g_wv_fhandle->ion_sbuffer  0x0xef381000
10-31 14:03:50.130   372   376 D DrmLibTime: got the req here! ret=0
10-31 14:03:50.130   372   376 D DrmLibTime: command id, time_cmd_id = 770
10-31 14:03:50.130   372   376 D DrmLibTime: time_getutcsec starts!
10-31 14:03:50.130   372   376 D DrmLibTime: QSEE Time Listener: time_getutcsec
10-31 14:03:50.130   372   376 D DrmLibTime: QSEE Time Listener: get_utc_seconds
10-31 14:03:50.130   372   376 D DrmLibTime: QSEE Time Listener: time_get_modem_time
10-31 14:03:50.130   372   376 D DrmLibTime: QSEE Time Listener: Checking if ATS_MODEM is set or not.
10-31 14:03:50.130   372   376 D QC-time-services: Lib:time_genoff_operation: pargs->base = 13
10-31 14:03:50.130   372   376 D QC-time-services: Lib:time_genoff_operation: pargs->operation = 2
10-31 14:03:50.130   372   376 D QC-time-services: Lib:time_genoff_operation: pargs->ts_val = 0
10-31 14:03:50.130   372   376 D QC-time-services: Lib:time_genoff_operation: Send to server  passed!!
10-31 14:03:50.130   625   647 D QC-time-services: Daemon: Connection accepted:time_genoff
10-31 14:03:50.131   625 20429 D QC-time-services: Daemon:Received base = 13, unit = 1, operation = 2,value = 0
10-31 14:03:50.131   625 20429 D QC-time-services: Daemon:genoff_opr: Base = 13, val = 0, operation = 2
10-31 14:03:50.131   625 20429 D QC-time-services: offset is: 0 for base: 13
10-31 14:03:50.131   372   376 E QC-time-services: Receive Passed == base = 13, unit = 1, operation = 2, result = 0
10-31 14:03:50.131   372   376 D DrmLibTime: QSEE Time Listener: ATS_MODEM is not set. Fallback to Android system time.
10-31 14:03:50.131   372   376 D DrmLibTime: QSEE Time Listener: Retrieved Android system time: 1667221430
10-31 14:03:50.131   372   376 D DrmLibTime: time_getutcsec returns 0, sec = 1667221430; nsec = 0
10-31 14:03:50.131   372   376 D DrmLibTime: time_getutcsec finished! 
10-31 14:03:50.131   372   376 D DrmLibTime: iotcl_continue_command finished! and return 0 
10-31 14:03:50.131   372   376 D DrmLibTime: before calling ioctl to read the next time_cmd
10-31 14:03:50.131   625   647 E QC-time-services: Daemon: Time-services: Waiting to acceptconnection
10-31 14:03:50.169   562   644 D WVCdm   : OEMCrypto_Initialize Level 1 success. I will use level 1.
10-31 14:03:50.170   562   644 D QSEECOMAPI: : QSEECom_dealloc_memory 
10-31 14:03:50.170   562   644 D QSEECOMAPI: : QSEECom_shutdown_app, app_id = 2384
10-31 14:03:50.179   562 19050 I WVCdm   : CdmEngine::OpenSession
10-31 14:03:50.180   562 19050 I WVCdm   : Level3 Library 4445 May 19 2017 17:17:20
10-31 14:03:50.185   562 19050 D QSEECOMAPI: : QSEECom_get_handle sb_length = 0x19000
10-31 14:03:50.185   562 19050 D QSEECOMAPI: : App is not loaded in QSEE
10-31 14:03:50.229   562 19050 D QSEECOMAPI: : Loaded image: APP id = 2385
10-31 14:03:50.233   562 19050 D QSAPPSVER: qsapps_get_capabilities: Capability from secure side: 0x0
10-31 14:03:50.233   562 19050 D QSAPPSVER: qsapps_get_capabilities: returns 0
10-31 14:03:50.233   562 19050 E DrmWidevineDash: sion_buffer g_wv_fhandle->ion_sbuffer  0x0xef381000
10-31 14:03:50.236   372   376 D DrmLibTime: got the req here! ret=0
10-31 14:03:50.236   372   376 D DrmLibTime: command id, time_cmd_id = 770
10-31 14:03:50.236   372   376 D DrmLibTime: time_getutcsec starts!
10-31 14:03:50.236   372   376 D DrmLibTime: QSEE Time Listener: time_getutcsec
10-31 14:03:50.236   372   376 D DrmLibTime: QSEE Time Listener: get_utc_seconds
10-31 14:03:50.236   372   376 D DrmLibTime: QSEE Time Listener: time_get_modem_time
10-31 14:03:50.236   372   376 D DrmLibTime: QSEE Time Listener: Checking if ATS_MODEM is set or not.
10-31 14:03:50.236   372   376 D QC-time-services: Lib:time_genoff_operation: pargs->base = 13
10-31 14:03:50.236   372   376 D QC-time-services: Lib:time_genoff_operation: pargs->operation = 2
10-31 14:03:50.236   372   376 D QC-time-services: Lib:time_genoff_operation: pargs->ts_val = 0
10-31 14:03:50.236   372   376 D QC-time-services: Lib:time_genoff_operation: Send to server  passed!!
10-31 14:03:50.236   625   647 D QC-time-services: Daemon: Connection accepted:time_genoff
10-31 14:03:50.237   625 20430 D QC-time-services: Daemon:Received base = 13, unit = 1, operation = 2,value = 0
10-31 14:03:50.237   625 20430 D QC-time-services: Daemon:genoff_opr: Base = 13, val = 0, operation = 2
10-31 14:03:50.237   625 20430 D QC-time-services: offset is: 0 for base: 13
10-31 14:03:50.237   372   376 E QC-time-services: Receive Passed == base = 13, unit = 1, operation = 2, result = 0
10-31 14:03:50.237   372   376 D DrmLibTime: QSEE Time Listener: ATS_MODEM is not set. Fallback to Android system time.
10-31 14:03:50.237   372   376 D DrmLibTime: QSEE Time Listener: Retrieved Android system time: 1667221430
10-31 14:03:50.237   372   376 D DrmLibTime: time_getutcsec returns 0, sec = 1667221430; nsec = 0
10-31 14:03:50.237   372   376 D DrmLibTime: time_getutcsec finished! 
10-31 14:03:50.237   372   376 D DrmLibTime: iotcl_continue_command finished! and return 0 
10-31 14:03:50.237   372   376 D DrmLibTime: before calling ioctl to read the next time_cmd
10-31 14:03:50.238   625   647 E QC-time-services: Daemon: Time-services: Waiting to acceptconnection
10-31 14:03:50.272   562 19050 D WVCdm   : OEMCrypto_Initialize Level 1 success. I will use level 1.
10-31 14:03:50.272   562 19050 D WVCdm   : CryptoSession::Open: Lock: requested_security_level: L3
10-31 14:03:50.280   562 19050 W WVCdm   : DeviceFiles::RetrieveHashedFile: /data/mediadrm/IDM1013/L3/cert.bin does not exist
10-31 14:03:50.281   562 19050 D QSEECOMAPI: : QSEECom_dealloc_memory 
10-31 14:03:50.281   562 19050 D QSEECOMAPI: : QSEECom_shutdown_app, app_id = 2385
10-31 14:03:50.294   562 19051 I WVCdm   : Level3 Library 4445 May 19 2017 17:17:20
10-31 14:03:50.298   562 19051 D QSEECOMAPI: : QSEECom_get_handle sb_length = 0x19000
10-31 14:03:50.298   562 19051 D QSEECOMAPI: : App is not loaded in QSEE
10-31 14:03:50.355   562 19051 D QSEECOMAPI: : Loaded image: APP id = 2386
10-31 14:03:50.359   562 19051 D QSAPPSVER: qsapps_get_capabilities: Capability from secure side: 0x0
10-31 14:03:50.359   562 19051 D QSAPPSVER: qsapps_get_capabilities: returns 0
10-31 14:03:50.359   562 19051 E DrmWidevineDash: sion_buffer g_wv_fhandle->ion_sbuffer  0x0xef381000
10-31 14:03:50.361   372   376 D DrmLibTime: got the req here! ret=0
10-31 14:03:50.361   372   376 D DrmLibTime: command id, time_cmd_id = 770
10-31 14:03:50.361   372   376 D DrmLibTime: time_getutcsec starts!
10-31 14:03:50.361   372   376 D DrmLibTime: QSEE Time Listener: time_getutcsec
10-31 14:03:50.361   372   376 D DrmLibTime: QSEE Time Listener: get_utc_seconds
10-31 14:03:50.361   372   376 D DrmLibTime: QSEE Time Listener: time_get_modem_time
10-31 14:03:50.361   372   376 D DrmLibTime: QSEE Time Listener: Checking if ATS_MODEM is set or not.
10-31 14:03:50.361   372   376 D QC-time-services: Lib:time_genoff_operation: pargs->base = 13
10-31 14:03:50.361   372   376 D QC-time-services: Lib:time_genoff_operation: pargs->operation = 2
10-31 14:03:50.361   372   376 D QC-time-services: Lib:time_genoff_operation: pargs->ts_val = 0
10-31 14:03:50.362   372   376 D QC-time-services: Lib:time_genoff_operation: Send to server  passed!!
10-31 14:03:50.362   625   647 D QC-time-services: Daemon: Connection accepted:time_genoff
10-31 14:03:50.362   625 20431 D QC-time-services: Daemon:Received base = 13, unit = 1, operation = 2,value = 0
10-31 14:03:50.362   625 20431 D QC-time-services: Daemon:genoff_opr: Base = 13, val = 0, operation = 2
10-31 14:03:50.362   625 20431 D QC-time-services: offset is: 0 for base: 13
10-31 14:03:50.362   372   376 E QC-time-services: Receive Passed == base = 13, unit = 1, operation = 2, result = 0
10-31 14:03:50.362   372   376 D DrmLibTime: QSEE Time Listener: ATS_MODEM is not set. Fallback to Android system time.
10-31 14:03:50.362   372   376 D DrmLibTime: QSEE Time Listener: Retrieved Android system time: 1667221430
10-31 14:03:50.362   372   376 D DrmLibTime: time_getutcsec returns 0, sec = 1667221430; nsec = 0
10-31 14:03:50.362   372   376 D DrmLibTime: time_getutcsec finished! 
10-31 14:03:50.362   372   376 D DrmLibTime: iotcl_continue_command finished! and return 0 
10-31 14:03:50.362   372   376 D DrmLibTime: before calling ioctl to read the next time_cmd
10-31 14:03:50.363   625   647 E QC-time-services: Daemon: Time-services: Waiting to acceptconnection
10-31 14:03:50.388   562 19051 D WVCdm   : OEMCrypto_Initialize Level 1 success. I will use level 1.
10-31 14:03:50.388   562 19051 D WVCdm   : CryptoSession::Open: Lock: requested_security_level: L3
10-31 14:03:50.400 20062 20062 I cr_media: Provisioning origin ID 18BE90716BB31268E69A4751DD236FA4
10-31 14:03:50.403 20062 20062 I MediaDrm: Drm event (1,0)
10-31 14:03:50.403 20062 20062 E cr_media: EventListener: No session for event 1.
10-31 14:03:50.426 20432 20432 E /system/bin/webview_zygote32: failed to make and chown /acct/uid_99182: Permission denied
10-31 14:03:50.426 20432 20432 E Zygote  : createProcessGroup(99182, 0) failed: Permission denied
10-31 14:03:50.427   772  2970 I ActivityManager: Start proc 20432:com.android.chrome:sandboxed_process7/u0i182 for webview_service com.android.chrome/org.chromium.content.app.SandboxedProcessService7
10-31 14:03:50.471 20432 20432 I SamplingProfilerIntegration: Profiling disabled.
10-31 14:03:50.490 20445 20445 E asset   : setgid: Operation not permitted
10-31 14:03:50.523 20432 20432 I cr_SplitCompatApp: Launched version=106.0.5249.79 minSdkVersion=24 isBundle=true processName=com.android.chrome:sandboxed_process7 isIsolated=true
10-31 14:03:50.529 20432 20432 W SystemServiceRegistry: No service published for: uimode
10-31 14:03:50.536   562 28303 D QSEECOMAPI: : QSEECom_dealloc_memory 
10-31 14:03:50.536   562 28303 D QSEECOMAPI: : QSEECom_shutdown_app, app_id = 2386
10-31 14:03:50.539 20432 20432 I cr_ChildProcessService: Creating new ChildProcessService pid=20432
10-31 14:03:50.549 20062 20062 I cr_media: Create MediaDrmBridge with level L1 and origin 18BE90716BB31268E69A4751DD236FA4
10-31 14:03:50.550 20432 20432 E WebViewFactory: can't load with relro file; address space not reserved
10-31 14:03:50.551   361   361 W /system/bin/hwservicemanager: getTransportFromManifest: Cannot find entry android.hardware.drm@1.0::IDrmFactory in either framework or device manifest, using default transport.
10-31 14:03:50.554   562  5487 I DrmHal  : makeDrmFactories: using default drm instance
10-31 14:03:50.556   361   361 W /system/bin/hwservicemanager: getTransportFromManifest: Cannot find entry android.hardware.drm@1.0::IDrmFactory in either framework or device manifest, using default transport.
10-31 14:03:50.559   562   562 I DrmHal  : makeDrmFactories: using default drm instance
10-31 14:03:50.560 20432 20447 I cr_LibraryLoader: Successfully loaded native library
10-31 14:03:50.561   562 19051 I WVCdm   : CdmEngine::QueryStatus
10-31 14:03:50.561   562 19051 I WVCdm   : Level3 Library 4445 May 19 2017 17:17:20
10-31 14:03:50.561 20432 20447 I cr_CachingUmaRecorder: Flushed 3 samples from 3 histograms.
10-31 14:03:50.564   562 19051 D QSEECOMAPI: : QSEECom_get_handle sb_length = 0x19000
10-31 14:03:50.565   562 19051 D QSEECOMAPI: : App is not loaded in QSEE
10-31 14:03:50.605 20454 20454 W ThreadPoolForeg: type=1400 audit(0.0:15084): avc: denied { setattr } for name="LICENSE.txt" dev="dm-2" ino=1504637 scontext=u:r:isolated_app:s0:c512,c768 tcontext=u:object_r:app_data_file:s0:c512,c768 tclass=file permissive=0
10-31 14:03:50.606 20432 20442 I /system/bin/webview_zygote32: Background concurrent copying GC freed 3588(1240KB) AllocSpace objects, 3(76KB) LOS objects, 93% free, 112KB/1648KB, paused 7.538ms total 31.010ms
10-31 14:03:50.608 20454 20454 W ThreadPoolForeg: type=1400 audit(0.0:15085): avc: denied { setattr } for name=46696C746572696E672052756C6573 dev="dm-2" ino=1504638 scontext=u:r:isolated_app:s0:c512,c768 tcontext=u:object_r:app_data_file:s0:c512,c768 tclass=file permissive=0
10-31 14:03:50.612 20454 20454 W ThreadPoolForeg: type=1400 audit(0.0:15086): avc: denied { setattr } for name="manifest.json" dev="dm-2" ino=1504639 scontext=u:r:isolated_app:s0:c512,c768 tcontext=u:object_r:app_data_file:s0:c512,c768 tclass=file permissive=0
10-31 14:03:50.615 20454 20454 W ThreadPoolForeg: type=1400 audit(0.0:15087): avc: denied { setattr } for name="verified_contents.json" dev="dm-2" ino=1504641 scontext=u:r:isolated_app:s0:c512,c768 tcontext=u:object_r:app_data_file:s0:c512,c768 tclass=file permissive=0
10-31 14:03:50.621   562 19051 D QSEECOMAPI: : Loaded image: APP id = 2387
10-31 14:03:50.623 20432 20447 I chromium: [INFO:child_process_service.cc(69)] ChildProcessService: Exiting child process.
10-31 14:03:50.623   562 19051 D QSAPPSVER: qsapps_get_capabilities: Capability from secure side: 0x0
10-31 14:03:50.623   562 19051 D QSAPPSVER: qsapps_get_capabilities: returns 0
10-31 14:03:50.623   562 19051 E DrmWidevineDash: sion_buffer g_wv_fhandle->ion_sbuffer  0x0xef363000
10-31 14:03:50.624   422   422 E lowmemorykiller: Error writing /proc/20432/oom_score_adj; errno=22
10-31 14:03:50.625   772  2970 I ActivityManager: Killing 20432:com.android.chrome:sandboxed_process7/u0a60i182 (adj 0): isolated not needed
10-31 14:03:50.626   772   790 W zygote64: failed to open /acct/uid_99182/pid_20432/cgroup.procs: No such file or directory
10-31 14:03:50.628   372   376 D DrmLibTime: got the req here! ret=0
10-31 14:03:50.628   372   376 D DrmLibTime: command id, time_cmd_id = 770
10-31 14:03:50.628   372   376 D DrmLibTime: time_getutcsec starts!
10-31 14:03:50.628   372   376 D DrmLibTime: QSEE Time Listener: time_getutcsec
10-31 14:03:50.628   372   376 D DrmLibTime: QSEE Time Listener: get_utc_seconds
10-31 14:03:50.628   372   376 D DrmLibTime: QSEE Time Listener: time_get_modem_time
10-31 14:03:50.628   372   376 D DrmLibTime: QSEE Time Listener: Checking if ATS_MODEM is set or not.
10-31 14:03:50.628   372   376 D QC-time-services: Lib:time_genoff_operation: pargs->base = 13
10-31 14:03:50.628   372   376 D QC-time-services: Lib:time_genoff_operation: pargs->operation = 2
10-31 14:03:50.628   372   376 D QC-time-services: Lib:time_genoff_operation: pargs->ts_val = 0
10-31 14:03:50.628   372   376 D QC-time-services: Lib:time_genoff_operation: Send to server  passed!!
10-31 14:03:50.628   625   647 D QC-time-services: Daemon: Connection accepted:time_genoff
10-31 14:03:50.629   625 20458 D QC-time-services: Daemon:Received base = 13, unit = 1, operation = 2,value = 0
10-31 14:03:50.629   625 20458 D QC-time-services: Daemon:genoff_opr: Base = 13, val = 0, operation = 2
10-31 14:03:50.629   625 20458 D QC-time-services: offset is: 0 for base: 13
10-31 14:03:50.629   372   376 E QC-time-services: Receive Passed == base = 13, unit = 1, operation = 2, result = 0
10-31 14:03:50.629   372   376 D DrmLibTime: QSEE Time Listener: ATS_MODEM is not set. Fallback to Android system time.
10-31 14:03:50.629   372   376 D DrmLibTime: QSEE Time Listener: Retrieved Android system time: 1667221430
10-31 14:03:50.629   372   376 D DrmLibTime: time_getutcsec returns 0, sec = 1667221430; nsec = 0
10-31 14:03:50.629   372   376 D DrmLibTime: time_getutcsec finished! 
10-31 14:03:50.629   372   376 D DrmLibTime: iotcl_continue_command finished! and return 0 
10-31 14:03:50.629   372   376 D DrmLibTime: before calling ioctl to read the next time_cmd
10-31 14:03:50.629   625   647 E QC-time-services: Daemon: Time-services: Waiting to acceptconnection
10-31 14:03:50.658   562 19051 D WVCdm   : OEMCrypto_Initialize Level 1 success. I will use level 1.
10-31 14:03:50.659   562 19051 D QSEECOMAPI: : QSEECom_dealloc_memory 
10-31 14:03:50.659   562 19051 D QSEECOMAPI: : QSEECom_shutdown_app, app_id = 2387
10-31 14:03:50.668   562 19050 I WVCdm   : CdmEngine::OpenSession
10-31 14:03:50.669   562 19050 I WVCdm   : Level3 Library 4445 May 19 2017 17:17:20
10-31 14:03:50.672   562 19050 D QSEECOMAPI: : QSEECom_get_handle sb_length = 0x19000
10-31 14:03:50.673   562 19050 D QSEECOMAPI: : App is not loaded in QSEE
10-31 14:03:50.718   562 19050 D QSEECOMAPI: : Loaded image: APP id = 2388
10-31 14:03:50.721   562 19050 D QSAPPSVER: qsapps_get_capabilities: Capability from secure side: 0x0
10-31 14:03:50.721   562 19050 D QSAPPSVER: qsapps_get_capabilities: returns 0
10-31 14:03:50.721   562 19050 E DrmWidevineDash: sion_buffer g_wv_fhandle->ion_sbuffer  0x0xef363000
10-31 14:03:50.724   372   376 D DrmLibTime: got the req here! ret=0
10-31 14:03:50.724   372   376 D DrmLibTime: command id, time_cmd_id = 770
10-31 14:03:50.724   372   376 D DrmLibTime: time_getutcsec starts!
10-31 14:03:50.724   372   376 D DrmLibTime: QSEE Time Listener: time_getutcsec
10-31 14:03:50.724   372   376 D DrmLibTime: QSEE Time Listener: get_utc_seconds
10-31 14:03:50.724   372   376 D DrmLibTime: QSEE Time Listener: time_get_modem_time
10-31 14:03:50.724   372   376 D DrmLibTime: QSEE Time Listener: Checking if ATS_MODEM is set or not.
10-31 14:03:50.724   372   376 D QC-time-services: Lib:time_genoff_operation: pargs->base = 13
10-31 14:03:50.724   372   376 D QC-time-services: Lib:time_genoff_operation: pargs->operation = 2
10-31 14:03:50.724   372   376 D QC-time-services: Lib:time_genoff_operation: pargs->ts_val = 0
10-31 14:03:50.724   372   376 D QC-time-services: Lib:time_genoff_operation: Send to server  passed!!
10-31 14:03:50.724   625   647 D QC-time-services: Daemon: Connection accepted:time_genoff
10-31 14:03:50.724   625 20459 D QC-time-services: Daemon:Received base = 13, unit = 1, operation = 2,value = 0
10-31 14:03:50.724   625 20459 D QC-time-services: Daemon:genoff_opr: Base = 13, val = 0, operation = 2
10-31 14:03:50.724   625 20459 D QC-time-services: offset is: 0 for base: 13
10-31 14:03:50.724   372   376 E QC-time-services: Receive Passed == base = 13, unit = 1, operation = 2, result = 0
10-31 14:03:50.725   372   376 D DrmLibTime: QSEE Time Listener: ATS_MODEM is not set. Fallback to Android system time.
10-31 14:03:50.725   372   376 D DrmLibTime: QSEE Time Listener: Retrieved Android system time: 1667221430
10-31 14:03:50.725   372   376 D DrmLibTime: time_getutcsec returns 0, sec = 1667221430; nsec = 0
10-31 14:03:50.725   372   376 D DrmLibTime: time_getutcsec finished! 
10-31 14:03:50.725   372   376 D DrmLibTime: iotcl_continue_command finished! and return 0 
10-31 14:03:50.725   372   376 D DrmLibTime: before calling ioctl to read the next time_cmd
10-31 14:03:50.725   625   647 E QC-time-services: Daemon: Time-services: Waiting to acceptconnection
10-31 14:03:50.755   562 19050 D WVCdm   : OEMCrypto_Initialize Level 1 success. I will use level 1.
10-31 14:03:50.755   562 19050 D WVCdm   : CryptoSession::Open: Lock: requested_security_level: Default
10-31 14:03:50.758   562 19050 W WVCdm   : DeviceFiles::RetrieveHashedFile: /data/mediadrm/IDM1013/L1/cert.bin does not exist
10-31 14:03:50.759   562 19050 D QSEECOMAPI: : QSEECom_dealloc_memory 
10-31 14:03:50.759   562 19050 D QSEECOMAPI: : QSEECom_shutdown_app, app_id = 2388
10-31 14:03:50.768   562 28303 I WVCdm   : Level3 Library 4445 May 19 2017 17:17:20
10-31 14:03:50.783   562 28303 D QSEECOMAPI: : QSEECom_get_handle sb_length = 0x19000
10-31 14:03:50.783   562 28303 D QSEECOMAPI: : App is not loaded in QSEE
10-31 14:03:50.831   562 28303 D QSEECOMAPI: : Loaded image: APP id = 2389
10-31 14:03:50.833   562 28303 D QSAPPSVER: qsapps_get_capabilities: Capability from secure side: 0x0
10-31 14:03:50.833   562 28303 D QSAPPSVER: qsapps_get_capabilities: returns 0
10-31 14:03:50.833   562 28303 E DrmWidevineDash: sion_buffer g_wv_fhandle->ion_sbuffer  0x0xef39f000
10-31 14:03:50.836   372   376 D DrmLibTime: got the req here! ret=0
10-31 14:03:50.836   372   376 D DrmLibTime: command id, time_cmd_id = 770
10-31 14:03:50.836   372   376 D DrmLibTime: time_getutcsec starts!
10-31 14:03:50.836   372   376 D DrmLibTime: QSEE Time Listener: time_getutcsec
10-31 14:03:50.836   372   376 D DrmLibTime: QSEE Time Listener: get_utc_seconds
10-31 14:03:50.836   372   376 D DrmLibTime: QSEE Time Listener: time_get_modem_time
10-31 14:03:50.836   372   376 D DrmLibTime: QSEE Time Listener: Checking if ATS_MODEM is set or not.
10-31 14:03:50.836   372   376 D QC-time-services: Lib:time_genoff_operation: pargs->base = 13
10-31 14:03:50.836   372   376 D QC-time-services: Lib:time_genoff_operation: pargs->operation = 2
10-31 14:03:50.836   372   376 D QC-time-services: Lib:time_genoff_operation: pargs->ts_val = 0
10-31 14:03:50.837   372   376 D QC-time-services: Lib:time_genoff_operation: Send to server  passed!!
10-31 14:03:50.837   625   647 D QC-time-services: Daemon: Connection accepted:time_genoff
10-31 14:03:50.837   625 20461 D QC-time-services: Daemon:Received base = 13, unit = 1, operation = 2,value = 0
10-31 14:03:50.837   625 20461 D QC-time-services: Daemon:genoff_opr: Base = 13, val = 0, operation = 2
10-31 14:03:50.837   625 20461 D QC-time-services: offset is: 0 for base: 13
10-31 14:03:50.837   372   376 E QC-time-services: Receive Passed == base = 13, unit = 1, operation = 2, result = 0
10-31 14:03:50.837   372   376 D DrmLibTime: QSEE Time Listener: ATS_MODEM is not set. Fallback to Android system time.
10-31 14:03:50.837   372   376 D DrmLibTime: QSEE Time Listener: Retrieved Android system time: 1667221430
10-31 14:03:50.837   372   376 D DrmLibTime: time_getutcsec returns 0, sec = 1667221430; nsec = 0
10-31 14:03:50.837   372   376 D DrmLibTime: time_getutcsec finished! 
10-31 14:03:50.837   372   376 D DrmLibTime: iotcl_continue_command finished! and return 0 
10-31 14:03:50.837   372   376 D DrmLibTime: before calling ioctl to read the next time_cmd
10-31 14:03:50.837   625   647 E QC-time-services: Daemon: Time-services: Waiting to acceptconnection
10-31 14:03:50.871   562 28303 D WVCdm   : OEMCrypto_Initialize Level 1 success. I will use level 1.
10-31 14:03:50.871   562 28303 D WVCdm   : CryptoSession::Open: Lock: requested_security_level: Default
10-31 14:03:50.958   562 28303 E DrmWidevineDash: OEMCrypto_GenerateSignature : input wrapped_rsa_key == NULL!, return short buffer
10-31 14:03:50.959 20062 20062 I cr_media: Provisioning origin ID 18BE90716BB31268E69A4751DD236FA4
10-31 14:03:50.964 20062 20062 I MediaDrm: Drm event (1,0)
10-31 14:03:50.964 20062 20062 E cr_media: EventListener: No session for event 1.
10-31 14:03:50.996   562  5487 E DrmWidevineDash: OEMCrypto_RewrapDeviceRSAKey : input wrapped_rsa_key == NULL!, return short buffer
10-31 14:03:51.009   562  5487 D QSEECOMAPI: : QSEECom_dealloc_memory 
10-31 14:03:51.009   562  5487 D QSEECOMAPI: : QSEECom_shutdown_app, app_id = 2389
10-31 14:03:52.693 20463 20463 E /system/bin/webview_zygote32: failed to make and chown /acct/uid_99183: Permission denied
10-31 14:03:52.693 20463 20463 E Zygote  : createProcessGroup(99183, 0) failed: Permission denied
10-31 14:03:52.695   772 32228 I ActivityManager: Start proc 20463:com.android.chrome:sandboxed_process8/u0i183 for webview_service com.android.chrome/org.chromium.content.app.SandboxedProcessService8
10-31 14:03:52.712 20463 20463 I SamplingProfilerIntegration: Profiling disabled.
10-31 14:03:52.732 20476 20476 E asset   : setgid: Operation not permitted
10-31 14:03:52.764 20463 20463 I cr_SplitCompatApp: Launched version=106.0.5249.79 minSdkVersion=24 isBundle=true processName=com.android.chrome:sandboxed_process8 isIsolated=true
10-31 14:03:52.772 20463 20463 W SystemServiceRegistry: No service published for: uimode
10-31 14:03:52.784 20463 20463 I cr_ChildProcessService: Creating new ChildProcessService pid=20463
10-31 14:03:52.794 20463 20463 E WebViewFactory: can't load with relro file; address space not reserved
10-31 14:03:52.806 20463 20478 I cr_LibraryLoader: Successfully loaded native library
10-31 14:03:52.807 20463 20478 I cr_CachingUmaRecorder: Flushed 3 samples from 3 histograms.
10-31 14:03:52.915 20482 20482 W ThreadPoolForeg: type=1400 audit(0.0:15088): avc: denied { setattr } for name="tl_en-us_2022-10-24_484508980_100000_index.bin" dev="dm-2" ino=1504659 scontext=u:r:isolated_app:s0:c512,c768 tcontext=u:object_r:app_data_file:s0:c512,c768 tclass=file permissive=0
10-31 14:03:52.918 20482 20482 W ThreadPoolForeg: type=1400 audit(0.0:15089): avc: denied { setattr } for name="manifest.json" dev="dm-2" ino=1504661 scontext=u:r:isolated_app:s0:c512,c768 tcontext=u:object_r:app_data_file:s0:c512,c768 tclass=file permissive=0
10-31 14:03:52.922 20482 20482 W ThreadPoolForeg: type=1400 audit(0.0:15090): avc: denied { setattr } for name="verified_contents.json" dev="dm-2" ino=1504674 scontext=u:r:isolated_app:s0:c512,c768 tcontext=u:object_r:app_data_file:s0:c512,c768 tclass=file permissive=0
10-31 14:03:52.929 20463 20478 I chromium: [INFO:child_process_service.cc(69)] ChildProcessService: Exiting child process.
10-31 14:03:52.930   422   422 E lowmemorykiller: Error writing /proc/20463/oom_score_adj; errno=22
10-31 14:03:52.931   772  3041 I ActivityManager: Killing 20463:com.android.chrome:sandboxed_process8/u0a60i183 (adj 0): isolated not needed
10-31 14:03:52.932   772   790 W zygote64: failed to open /acct/uid_99183/pid_20463/cgroup.procs: No such file or directory
10-31 14:03:55.066 20485 20485 E /system/bin/webview_zygote32: failed to make and chown /acct/uid_99184: Permission denied
10-31 14:03:55.066 20485 20485 E Zygote  : createProcessGroup(99184, 0) failed: Permission denied
10-31 14:03:55.072   772  2970 I ActivityManager: Start proc 20485:com.android.chrome:sandboxed_process9/u0i184 for webview_service com.android.chrome/org.chromium.content.app.SandboxedProcessService9
10-31 14:03:55.128 20485 20485 I SamplingProfilerIntegration: Profiling disabled.
10-31 14:03:55.164 20498 20498 E asset   : setgid: Operation not permitted
10-31 14:03:55.220 20485 20485 I cr_SplitCompatApp: Launched version=106.0.5249.79 minSdkVersion=24 isBundle=true processName=com.android.chrome:sandboxed_process9 isIsolated=true
10-31 14:03:55.228 20485 20485 W SystemServiceRegistry: No service published for: uimode
10-31 14:03:55.244 20485 20485 I cr_ChildProcessService: Creating new ChildProcessService pid=20485
10-31 14:03:55.255 20485 20485 E WebViewFactory: can't load with relro file; address space not reserved
10-31 14:03:55.268 20485 20499 I cr_LibraryLoader: Successfully loaded native library
10-31 14:03:55.269 20485 20499 I cr_CachingUmaRecorder: Flushed 3 samples from 3 histograms.
10-31 14:03:55.335 20502 20502 W ThreadPoolForeg: type=1400 audit(0.0:15091): avc: denied { setattr } for name="optimization-hints.pb" dev="dm-2" ino=1504677 scontext=u:r:isolated_app:s0:c512,c768 tcontext=u:object_r:app_data_file:s0:c512,c768 tclass=file permissive=0
10-31 14:03:55.335 20502 20502 W ThreadPoolForeg: type=1400 audit(0.0:15092): avc: denied { setattr } for name="manifest.json" dev="dm-2" ino=1504678 scontext=u:r:isolated_app:s0:c512,c768 tcontext=u:object_r:app_data_file:s0:c512,c768 tclass=file permissive=0
10-31 14:03:55.342 20502 20502 W ThreadPoolForeg: type=1400 audit(0.0:15093): avc: denied { setattr } for name="verified_contents.json" dev="dm-2" ino=1504681 scontext=u:r:isolated_app:s0:c512,c768 tcontext=u:object_r:app_data_file:s0:c512,c768 tclass=file permissive=0
10-31 14:03:55.350 20485 20499 I chromium: [INFO:child_process_service.cc(69)] ChildProcessService: Exiting child process.
10-31 14:03:55.352   422   422 E lowmemorykiller: Error writing /proc/20485/oom_score_adj; errno=22
10-31 14:03:55.353   772  2970 I ActivityManager: Killing 20485:com.android.chrome:sandboxed_process9/u0a60i184 (adj 0): isolated not needed
10-31 14:03:55.353   772   790 W zygote64: failed to open /acct/uid_99184/pid_20485/cgroup.procs: No such file or directory
10-31 14:03:58.134   568  1020 I Netd    : Destroyed 8 sockets for UidRanges{ 10000-2147483647 } skip={1000 1001 1027 2000 10005 10008 10012 10015 10017 10020 10041 10045} in 2.4 ms
10-31 14:03:59.868  3960  2764 I NearbyDiscovery: FastPair: isDestroyable: Scanner is alive. [CONTEXT service_id=265 ]
10-31 14:03:59.868  3960  2764 I NearbyDiscovery: DiscoveryService: Skip stopSelf(), fast pair controller is not destroyable. [CONTEXT service_id=265 ]
10-31 14:04:13.382   772   791 E BatteryStatsService: no controller energy info supplied
10-31 14:05:02.980   772   791 I chatty  : uid=1000(system) batterystats-sy identical 3 lines
10-31 14:05:02.980   772   791 E BatteryStatsService: no controller energy info supplied
10-31 14:05:16.743   772   772 I EntropyMixer: Added HW RNG output to entropy pool
10-31 14:05:16.743   772   772 I EntropyMixer: Writing entropy...
10-31 14:05:17.638   568   713 D MDnsDS  : MDnsSdListener::Monitor poll timed out
10-31 14:05:17.639   568   713 D MDnsDS  : Going to poll with pollCount 1
10-31 14:06:05.811   772   791 E BatteryStatsService: no controller energy info supplied
10-31 14:07:53.561 13542 13542 D BoundBrokerSvc: onUnbind: Intent { act=com.google.android.gms.auth.key.retrieval.service.START dat=chimera-action:com.google.android.gms.auth.key.retrieval.service.START cmp=com.google.android.gms/.chimera.GmsApiService }
10-31 14:09:03.236   568  5481 I Netd    : Destroyed 4 sockets for UidRanges{ 10000-2147483647 } skip={1000 1001 1027 2000 10005 10008 10012 10015 10017 10020 10041 10045} in 1.3 ms
10-31 14:09:35.198  3960 13747 E WakeLock: GCM_HB_ALARM release without a matched acquire!
10-31 14:15:25.478  3960 20507 E WakeLock: GCM_HB_ALARM release without a matched acquire!
10-31 14:19:03.683  3960  3970 I zygote64: Background concurrent copying GC freed 119478(5MB) AllocSpace objects, 1(20KB) LOS objects, 49% free, 10MB/21MB, paused 332us total 148.877ms
10-31 14:19:03.941  6450  6450 I MemoryTrimmer: Trimming objects from memory, since app is in the background.
10-31 14:19:03.995  3960 20519 I NetworkScheduler.Stats: Task com.google.android.gms/com.google.android.gms.security.snet.SnetIdleTaskService started execution. cause:11 exec_start_elapsed_seconds: 1098398 [CONTEXT service_id=218 ]
10-31 14:19:04.017  3960 20553 I NetworkScheduler.Stats: Task com.google.android.gms/com.google.android.gms.security.snet.SnetIdleTaskService finished executing. cause:11 result: 1 elapsed_millis: 57 uptime_millis: 58 exec_start_elapsed_seconds: 1098398 [CONTEXT service_id=218 ]
10-31 14:19:04.047  3960 20553 I NetworkScheduler.Stats: Task com.google.android.gms/com.google.android.gms.mdi.download.service.MddGcmTaskService started execution. cause:11 exec_start_elapsed_seconds: 1098398 [CONTEXT service_id=218 ]
10-31 14:19:04.094  3960 20553 I NetworkScheduler.Stats: Task com.google.android.gms/com.google.android.gms.ipa.base.IpaGcmTaskService started execution. cause:5 exec_start_elapsed_seconds: 1098398 [CONTEXT service_id=218 ]
10-31 14:19:04.109 13542 20542 I GmscoreIpa: Starting mediastore batch index [CONTEXT service_id=255 ]
10-31 14:19:04.109  3960 20519 I NetworkScheduler.Stats: Task com.google.android.gms/com.google.android.gms.ipa.base.IpaGcmTaskService finished executing. cause:5 result: 1 elapsed_millis: 38 uptime_millis: 39 exec_start_elapsed_seconds: 1098398 [CONTEXT service_id=218 ]
10-31 14:18:35.414   772   791 I chatty  : uid=1000(system) batterystats-sy identical 28 lines
10-31 14:18:50.880   772   791 E BatteryStatsService: no controller energy info supplied
10-31 14:19:04.156   772   785 I ActivityManager: Start proc 20559:android.process.media/u0a15 for content provider com.android.providers.media/.MediaProvider
10-31 14:19:04.167 13542 13542 D BoundBrokerSvc: onBind: Intent { act=.people.service.wipeout.PeopleAndroidUriWipeoutTask.ACTION_TASK_READY dat=chimera-action:.people.service.wipeout.PeopleAndroidUriWipeoutTask.ACTION_TASK_READY cmp=com.google.android.gms/.chimera.GmsInternalBoundBrokerService }
10-31 14:19:04.167 13542 13542 D BoundBrokerSvc: Loading bound service for intent: Intent { act=.people.service.wipeout.PeopleAndroidUriWipeoutTask.ACTION_TASK_READY dat=chimera-action:.people.service.wipeout.PeopleAndroidUriWipeoutTask.ACTION_TASK_READY cmp=com.google.android.gms/.chimera.GmsInternalBoundBrokerService }
10-31 14:19:04.190  3960 20553 I NetworkScheduler.Stats: Task com.google.android.gms/.people.service.wipeout.PeopleAndroidUriWipeoutTask started execution. cause:5 exec_start_elapsed_seconds: 1098398 [CONTEXT service_id=218 ]
10-31 14:19:04.301  3960 20519 I NetworkScheduler.Stats: Task com.google.android.gms/com.google.android.gms.mdi.download.service.MddGcmTaskService finished executing. cause:11 result: 1 elapsed_millis: 306 uptime_millis: 305 exec_start_elapsed_seconds: 1098398 [CONTEXT service_id=218 ]
10-31 14:19:04.338 13542 20558 I AndroidUriWipeoutSvc: Running AndroidUriWipeout [CONTEXT service_id=5 ]
10-31 14:19:04.345 13542 13542 D BoundBrokerSvc: onBind: Intent { act=com.google.android.gms.location.fused.logging.FlpSettingsLoggerService.ACTION_TASK_READY dat=chimera-action:com.google.android.gms.location.fused.logging.FlpSettingsLoggerService.ACTION_TASK_READY cmp=com.google.android.gms/.chimera.GmsInternalBoundBrokerService }
10-31 14:19:04.346 13542 13542 D BoundBrokerSvc: Loading bound service for intent: Intent { act=com.google.android.gms.location.fused.logging.FlpSettingsLoggerService.ACTION_TASK_READY dat=chimera-action:com.google.android.gms.location.fused.logging.FlpSettingsLoggerService.ACTION_TASK_READY cmp=com.google.android.gms/.chimera.GmsInternalBoundBrokerService }
10-31 14:19:04.351  3960 20553 I NetworkScheduler.Stats: Task com.google.android.gms/.people.service.wipeout.PeopleAndroidUriWipeoutTask finished executing. cause:5 result: 1 elapsed_millis: 199 uptime_millis: 199 exec_start_elapsed_seconds: 1098398 [CONTEXT service_id=218 ]
10-31 14:19:04.386 13542 13542 D BoundBrokerSvc: onUnbind: Intent { act=.people.service.wipeout.PeopleAndroidUriWipeoutTask.ACTION_TASK_READY dat=chimera-action:.people.service.wipeout.PeopleAndroidUriWipeoutTask.ACTION_TASK_READY cmp=com.google.android.gms/.chimera.GmsInternalBoundBrokerService }
10-31 14:19:04.388  3960 20519 I NetworkScheduler.Stats: Task com.google.android.gms/com.google.android.gms.location.fused.logging.FlpSettingsLoggerService started execution. cause:5 exec_start_elapsed_seconds: 1098398 [CONTEXT service_id=218 ]
10-31 14:19:04.436  3960 20553 I NetworkScheduler.Stats: Task com.google.android.gms/com.google.android.gms.mdi.download.service.MddGcmTaskService started execution. cause:5 exec_start_elapsed_seconds: 1098398 [CONTEXT service_id=218 ]
10-31 14:19:04.494 13542 27495 I GmscoreIpa: Bulk mediastore status = true [CONTEXT service_id=255 ]
10-31 14:19:04.511  3960 20519 I NetworkScheduler.Stats: Task com.google.android.gms/com.google.android.gms.mdi.download.service.MddGcmTaskService finished executing. cause:5 result: 1 elapsed_millis: 109 uptime_millis: 109 exec_start_elapsed_seconds: 1098398 [CONTEXT service_id=218 ]
10-31 14:19:04.512  6450  6450 I MemoryTrimmer: Trimming objects from memory, since app is in the background.
10-31 14:19:04.536   772   781 I zygote64: Background concurrent copying GC freed 147316(6MB) AllocSpace objects, 148(4MB) LOS objects, 42% free, 17MB/30MB, paused 325us total 127.621ms
10-31 14:19:04.541 13542 26810 I GmscoreIpa: Batch indexing status=true [CONTEXT service_id=255 ]
10-31 14:19:04.571  3960 20553 I NetworkScheduler.Stats: Task com.google.android.gms/com.google.android.gms.location.fused.logging.FlpSettingsLoggerService finished executing. cause:5 result: 1 elapsed_millis: 228 uptime_millis: 228 exec_start_elapsed_seconds: 1098398 [CONTEXT service_id=218 ]
10-31 14:19:04.574 13542 13542 D BoundBrokerSvc: onUnbind: Intent { act=com.google.android.gms.location.fused.logging.FlpSettingsLoggerService.ACTION_TASK_READY dat=chimera-action:com.google.android.gms.location.fused.logging.FlpSettingsLoggerService.ACTION_TASK_READY cmp=com.google.android.gms/.chimera.GmsInternalBoundBrokerService }
