10-31 14:03:03.414  6450  6477 I zygote64:   at boolean com.google.android.apps.gsa.search.core.google.u.a(android.net.Uri, java.util.Map) (SourceFile:11)
10-31 14:03:03.414  6450  6477 I zygote64:   at com.google.android.apps.gsa.search.shared.api.UriRequest com.google.android.apps.gsa.search.core.google.dc.a(com.google.android.apps.gsa.search.core.google.dd) (SourceFile:42)
10-31 14:03:03.414  6450  6477 I zygote64:   at com.google.android.apps.gsa.search.shared.api.UriRequest com.google.android.apps.gsa.search.core.google.cv.t(com.google.android.apps.gsa.shared.search.Query) (SourceFile:204)
10-31 14:03:03.414  6450  6477 I zygote64:   at com.google.android.apps.gsa.search.core.google.a.g com.google.android.apps.gsa.search.core.google.a.h.e(com.google.android.apps.gsa.shared.search.Query, boolean) (SourceFile:18)
10-31 14:03:03.414  6450  6477 I zygote64:   at com.google.android.apps.gsa.taskgraph.Done com.google.android.apps.gsa.searchbox.client.gsa.a.d.aiq() (SourceFile:15)
10-31 14:03:03.414  6450  6477 I zygote64:   at java.lang.Object com.google.android.apps.gsa.searchbox.client.gsa.a.d.call() (SourceFile:28)
10-31 14:03:03.414  6450  6477 I zygote64:   at void java.util.concurrent.FutureTask.run() (FutureTask.java:266)
10-31 14:03:03.414  6450  6477 I zygote64:   at void com.google.android.apps.gsa.shared.util.concurrent.a.ax.run() (SourceFile:14)
10-31 14:03:03.414  6450  6477 I zygote64:   at void com.google.android.apps.gsa.shared.util.concurrent.a.bl.run() (SourceFile:4)
10-31 14:03:03.414  6450  6477 I zygote64:   at void com.google.android.apps.gsa.shared.util.concurrent.a.bl.run() (SourceFile:4)
10-31 14:03:03.414  6450  6477 I zygote64:   at void java.util.concurrent.ThreadPoolExecutor.runWorker(java.util.concurrent.ThreadPoolExecutor$Worker) (ThreadPoolExecutor.java:1162)
10-31 14:03:03.414  6450  6477 I zygote64:   at void java.util.concurrent.ThreadPoolExecutor$Worker.run() (ThreadPoolExecutor.java:636)
10-31 14:03:03.414  6450  6477 I zygote64:   at void java.lang.Thread.run() (Thread.java:764)
10-31 14:03:03.414  6450  6477 I zygote64:   at void com.google.android.apps.gsa.shared.util.concurrent.a.ai.run() (SourceFile:6)
10-31 14:03:03.414  6450  6477 I zygote64: Caused by: java.lang.ClassNotFoundException: Didn't find class "android.webkit.PacProcessor" on path: DexPathList[[zip file "/data/app/com.android.chrome-6miXT7Rhe2HDjAcD6FuDPg==/base.apk"],nativeLibraryDirectories=[/data/app/com.android.chrome-6miXT7Rhe2HDjAcD6FuDPg==/lib/arm64, /data/app/com.android.chrome-6miXT7Rhe2HDjAcD6FuDPg==/base.apk!/lib/arm64-v8a, /system/lib64, /vendor/lib64]]
10-31 14:03:03.414  6450  6477 I zygote64:   at java.lang.Class dalvik.system.BaseDexClassLoader.findClass(java.lang.String) (BaseDexClassLoader.java:93)
10-31 14:03:03.414  6450  6477 I zygote64:   at java.lang.Class java.lang.ClassLoader.loadClass(java.lang.String, boolean) (ClassLoader.java:379)
10-31 14:03:03.414  6450  6477 I zygote64:   at java.lang.Class java.lang.ClassLoader.loadClass(java.lang.String) (ClassLoader.java:312)
10-31 14:03:03.414  6450  6477 I zygote64:   at java.lang.Class java.lang.Class.classForName(java.lang.String, boolean, java.lang.ClassLoader) (Class.java:-2)
10-31 14:03:03.414  6450  6477 I zygote64:   at java.lang.Class java.lang.Class.forName(java.lang.String, boolean, java.lang.ClassLoader) (Class.java:453)
10-31 14:03:03.414  6450  6477 I zygote64:   at java.lang.Class android.webkit.WebViewFactory.getWebViewProviderClass(java.lang.ClassLoader) (WebViewFactory.java:150)
10-31 14:03:03.414  6450  6477 I zygote64:   at java.lang.Class android.webkit.WebViewFactory.getProviderClass() (WebViewFactory.java:417)
10-31 14:03:03.414  6450  6477 I zygote64:   at android.webkit.WebViewFactoryProvider android.webkit.WebViewFactory.getProvider() (WebViewFactory.java:211)
10-31 14:03:03.414  6450  6477 I zygote64:   at android.webkit.CookieManager android.webkit.CookieManager.getInstance() (CookieManager.java:39)
10-31 14:03:03.414  6450  6477 I zygote64:   at boolean com.google.android.apps.gsa.search.core.q.a.a.o.Oq() (SourceFile:32)
10-31 14:03:03.414  6450  6477 I zygote64:   at com.google.android.apps.gsa.search.core.q.a.a com.google.android.apps.gsa.search.core.q.a.a.o.dE(java.lang.String) (SourceFile:86)
10-31 14:03:03.414  6450  6477 I zygote64:   at com.google.android.apps.gsa.search.core.q.a.a com.google.android.apps.gsa.search.core.q.a.a.o.dz(java.lang.String) (SourceFile:54)
10-31 14:03:03.414  6450  6477 I zygote64:   at boolean com.google.android.apps.gsa.search.core.google.u.a(android.net.Uri, java.util.Map) (SourceFile:11)
10-31 14:03:03.414  6450  6477 I zygote64:   at com.google.android.apps.gsa.search.shared.api.UriRequest com.google.android.apps.gsa.search.core.google.dc.a(com.google.android.apps.gsa.search.core.google.dd) (SourceFile:42)
10-31 14:03:03.414  6450  6477 I zygote64:   at com.google.android.apps.gsa.search.shared.api.UriRequest com.google.android.apps.gsa.search.core.google.cv.t(com.google.android.apps.gsa.shared.search.Query) (SourceFile:204)
10-31 14:03:03.414  6450  6477 I zygote64:   at com.google.android.apps.gsa.search.core.google.a.g com.google.android.apps.gsa.search.core.google.a.h.e(com.google.android.apps.gsa.shared.search.Query, boolean) (SourceFile:18)
10-31 14:03:03.414  6450  6477 I zygote64:   at com.google.android.apps.gsa.taskgraph.Done com.google.android.apps.gsa.searchbox.client.gsa.a.d.aiq() (SourceFile:15)
10-31 14:03:03.414  6450  6477 I zygote64:   at java.lang.Object com.google.android.apps.gsa.searchbox.client.gsa.a.d.call() (SourceFile:28)
10-31 14:03:03.414  6450  6477 I zygote64:   at void java.util.concurrent.FutureTask.run() (FutureTask.java:266)
10-31 14:03:03.414  6450  6477 I zygote64:   at void com.google.android.apps.gsa.shared.util.concurrent.a.ax.run() (SourceFile:14)
10-31 14:03:03.414  6450  6477 I zygote64:   at void com.google.android.apps.gsa.shared.util.concurrent.a.bl.run() (SourceFile:4)
10-31 14:03:03.414  6450  6477 I zygote64:   at void com.google.android.apps.gsa.shared.util.concurrent.a.bl.run() (SourceFile:4)
10-31 14:03:03.414  6450  6477 I zygote64:   at void java.util.concurrent.ThreadPoolExecutor.runWorker(java.util.concurrent.ThreadPoolExecutor$Worker) (ThreadPoolExecutor.java:1162)
10-31 14:03:03.414  6450  6477 I zygote64:   at void java.util.concurrent.ThreadPoolExecutor$Worker.run() (ThreadPoolExecutor.java:636)
10-31 14:03:03.414  6450  6477 I zygote64:   at void java.lang.Thread.run() (Thread.java:764)
10-31 14:03:03.414  6450  6477 I zygote64:   at void com.google.android.apps.gsa.shared.util.concurrent.a.ai.run() (SourceFile:6)
10-31 14:03:03.414  6450  6477 I zygote64: 
10-31 14:03:03.415  6450  6477 I zygote64: Rejecting re-init on previously-failed class java.lang.Class<Se2>: java.lang.NoClassDefFoundError: Failed resolution of: Landroid/webkit/PacProcessor;
10-31 14:03:03.415  6450  6477 I zygote64:   at java.lang.Class java.lang.Class.classForName(java.lang.String, boolean, java.lang.ClassLoader) (Class.java:-2)
10-31 14:03:03.415  6450  6477 I zygote64:   at java.lang.Class java.lang.Class.forName(java.lang.String, boolean, java.lang.ClassLoader) (Class.java:453)
10-31 14:03:03.415  6450  6477 I zygote64:   at java.lang.Class android.webkit.WebViewFactory.getWebViewProviderClass(java.lang.ClassLoader) (WebViewFactory.java:150)
10-31 14:03:03.415  6450  6477 I zygote64:   at java.lang.Class android.webkit.WebViewFactory.getProviderClass() (WebViewFactory.java:417)
10-31 14:03:03.415  6450  6477 I zygote64:   at android.webkit.WebViewFactoryProvider android.webkit.WebViewFactory.getProvider() (WebViewFactory.java:211)
10-31 14:03:03.415  6450  6477 I zygote64:   at android.webkit.CookieManager android.webkit.CookieManager.getInstance() (CookieManager.java:39)
10-31 14:03:03.415  6450  6477 I zygote64:   at boolean com.google.android.apps.gsa.search.core.q.a.a.o.Oq() (SourceFile:32)
10-31 14:03:03.415  6450  6477 I zygote64:   at com.google.android.apps.gsa.search.core.q.a.a com.google.android.apps.gsa.search.core.q.a.a.o.dE(java.lang.String) (SourceFile:86)
10-31 14:03:03.415  6450  6477 I zygote64:   at com.google.android.apps.gsa.search.core.q.a.a com.google.android.apps.gsa.search.core.q.a.a.o.dz(java.lang.String) (SourceFile:54)
10-31 14:03:03.415  6450  6477 I zygote64:   at boolean com.google.android.apps.gsa.search.core.google.u.a(android.net.Uri, java.util.Map) (SourceFile:11)
10-31 14:03:03.415  6450  6477 I zygote64:   at com.google.android.apps.gsa.search.shared.api.UriRequest com.google.android.apps.gsa.search.core.google.dc.a(com.google.android.apps.gsa.search.core.google.dd) (SourceFile:42)
10-31 14:03:03.415  6450  6477 I zygote64:   at com.google.android.apps.gsa.search.shared.api.UriRequest com.google.android.apps.gsa.search.core.google.cv.t(com.google.android.apps.gsa.shared.search.Query) (SourceFile:204)
10-31 14:03:03.415  6450  6477 I zygote64:   at com.google.android.apps.gsa.search.core.google.a.g com.google.android.apps.gsa.search.core.google.a.h.e(com.google.android.apps.gsa.shared.search.Query, boolean) (SourceFile:18)
10-31 14:03:03.415  6450  6477 I zygote64:   at com.google.android.apps.gsa.taskgraph.Done com.google.android.apps.gsa.searchbox.client.gsa.a.d.aiq() (SourceFile:15)
10-31 14:03:03.415  6450  6477 I zygote64:   at java.lang.Object com.google.android.apps.gsa.searchbox.client.gsa.a.d.call() (SourceFile:28)
10-31 14:03:03.415  6450  6477 I zygote64:   at void java.util.concurrent.FutureTask.run() (FutureTask.java:266)
10-31 14:03:03.415  6450  6477 I zygote64:   at void com.google.android.apps.gsa.shared.util.concurrent.a.ax.run() (SourceFile:14)
10-31 14:03:03.415  6450  6477 I zygote64:   at void com.google.android.apps.gsa.shared.util.concurrent.a.bl.run() (SourceFile:4)
10-31 14:03:03.415  6450  6477 I zygote64:   at void com.google.android.apps.gsa.shared.util.concurrent.a.bl.run() (SourceFile:4)
10-31 14:03:03.415  6450  6477 I zygote64:   at void java.util.concurrent.ThreadPoolExecutor.runWorker(java.util.concurrent.ThreadPoolExecutor$Worker) (ThreadPoolExecutor.java:1162)
10-31 14:03:03.415  6450  6477 I zygote64:   at void java.util.concurrent.ThreadPoolExecutor$Worker.run() (ThreadPoolExecutor.java:636)
10-31 14:03:03.415  6450  6477 I zygote64:   at void java.lang.Thread.run() (Thread.java:764)
10-31 14:03:03.415  6450  6477 I zygote64:   at void com.google.android.apps.gsa.shared.util.concurrent.a.ai.run() (SourceFile:6)
10-31 14:03:03.415  6450  6477 I zygote64: Caused by: java.lang.ClassNotFoundException: Didn't find class "android.webkit.PacProcessor" on path: DexPathList[[zip file "/data/app/com.android.chrome-6miXT7Rhe2HDjAcD6FuDPg==/base.apk"],nativeLibraryDirectories=[/data/app/com.android.chrome-6miXT7Rhe2HDjAcD6FuDPg==/lib/arm64, /data/app/com.android.chrome-6miXT7Rhe2HDjAcD6FuDPg==/base.apk!/lib/arm64-v8a, /system/lib64, /vendor/lib64]]
10-31 14:03:03.415  6450  6477 I zygote64:   at java.lang.Class dalvik.system.BaseDexClassLoader.findClass(java.lang.String) (BaseDexClassLoader.java:93)
10-31 14:03:03.415  6450  6477 I zygote64:   at java.lang.Class java.lang.ClassLoader.loadClass(java.lang.String, boolean) (ClassLoader.java:379)
10-31 14:03:03.415  6450  6477 I zygote64:   at java.lang.Class java.lang.ClassLoader.loadClass(java.lang.String) (ClassLoader.java:312)
10-31 14:03:03.415  6450  6477 I zygote64:   at java.lang.Class java.lang.Class.classForName(java.lang.String, boolean, java.lang.ClassLoader) (Class.java:-2)
10-31 14:03:03.415  6450  6477 I zygote64:   at java.lang.Class java.lang.Class.forName(java.lang.String, boolean, java.lang.ClassLoader) (Class.java:453)
10-31 14:03:03.415  6450  6477 I zygote64:   at java.lang.Class android.webkit.WebViewFactory.getWebViewProviderClass(java.lang.ClassLoader) (WebViewFactory.java:150)
10-31 14:03:03.415  6450  6477 I zygote64:   at java.lang.Class android.webkit.WebViewFactory.getProviderClass() (WebViewFactory.java:417)
10-31 14:03:03.415  6450  6477 I zygote64:   at android.webkit.WebViewFactoryProvider android.webkit.WebViewFactory.getProvider() (WebViewFactory.java:211)
10-31 14:03:03.415  6450  6477 I zygote64:   at android.webkit.CookieManager android.webkit.CookieManager.getInstance() (CookieManager.java:39)
10-31 14:03:03.415  6450  6477 I zygote64:   at boolean com.google.android.apps.gsa.search.core.q.a.a.o.Oq() (SourceFile:32)
10-31 14:03:03.415  6450  6477 I zygote64:   at com.google.android.apps.gsa.search.core.q.a.a com.google.android.apps.gsa.search.core.q.a.a.o.dE(java.lang.String) (SourceFile:86)
10-31 14:03:03.415  6450  6477 I zygote64:   at com.google.android.apps.gsa.search.core.q.a.a com.google.android.apps.gsa.search.core.q.a.a.o.dz(java.lang.String) (SourceFile:54)
10-31 14:03:03.415  6450  6477 I zygote64:   at boolean com.google.android.apps.gsa.search.core.google.u.a(android.net.Uri, java.util.Map) (SourceFile:11)
10-31 14:03:03.415  6450  6477 I zygote64:   at com.google.android.apps.gsa.search.shared.api.UriRequest com.google.android.apps.gsa.search.core.google.dc.a(com.google.android.apps.gsa.search.core.google.dd) (SourceFile:42)
10-31 14:03:03.415  6450  6477 I zygote64:   at com.google.android.apps.gsa.search.shared.api.UriRequest com.google.android.apps.gsa.search.core.google.cv.t(com.google.android.apps.gsa.shared.search.Query) (SourceFile:204)
10-31 14:03:03.415  6450  6477 I zygote64:   at com.google.android.apps.gsa.search.core.google.a.g com.google.android.apps.gsa.search.core.google.a.h.e(com.google.android.apps.gsa.shared.search.Query, boolean) (SourceFile:18)
10-31 14:03:03.415  6450  6477 I zygote64:   at com.google.android.apps.gsa.taskgraph.Done com.google.android.apps.gsa.searchbox.client.gsa.a.d.aiq() (SourceFile:15)
10-31 14:03:03.415  6450  6477 I zygote64:   at java.lang.Object com.google.android.apps.gsa.searchbox.client.gsa.a.d.call() (SourceFile:28)
10-31 14:03:03.415  6450  6477 I zygote64:   at void java.util.concurrent.FutureTask.run() (FutureTask.java:266)
10-31 14:03:03.415  6450  6477 I zygote64:   at void com.google.android.apps.gsa.shared.util.concurrent.a.ax.run() (SourceFile:14)
10-31 14:03:03.415  6450  6477 I zygote64:   at void com.google.android.apps.gsa.shared.util.concurrent.a.bl.run() (SourceFile:4)
10-31 14:03:03.415  6450  6477 I zygote64:   at void com.google.android.apps.gsa.shared.util.concurrent.a.bl.run() (SourceFile:4)
10-31 14:03:03.415  6450  6477 I zygote64:   at void java.util.concurrent.ThreadPoolExecutor.runWorker(java.util.concurrent.ThreadPoolExecutor$Worker) (ThreadPoolExecutor.java:1162)
10-31 14:03:03.415  6450  6477 I zygote64:   at void java.util.concurrent.ThreadPoolExecutor$Worker.run() (ThreadPoolExecutor.java:636)
10-31 14:03:03.415  6450  6477 I zygote64:   at void java.lang.Thread.run() (Thread.java:764)
10-31 14:03:03.415  6450  6477 I zygote64:   at void com.google.android.apps.gsa.shared.util.concurrent.a.ai.run() (SourceFile:6)
10-31 14:03:03.415  6450  6477 I zygote64: 
10-31 14:03:03.458  6450  6477 I zygote64: Rejecting re-init on previously-failed class java.lang.Class<Se2>: java.lang.NoClassDefFoundError: Failed resolution of: Landroid/webkit/PacProcessor;
10-31 14:03:03.458  6450  6477 I zygote64:   at java.lang.Class java.lang.Class.classForName(java.lang.String, boolean, java.lang.ClassLoader) (Class.java:-2)
10-31 14:03:03.458  6450  6477 I zygote64:   at java.lang.Class java.lang.Class.forName(java.lang.String, boolean, java.lang.ClassLoader) (Class.java:453)
10-31 14:03:03.458  6450  6477 I zygote64:   at java.lang.Class android.webkit.WebViewFactory.getWebViewProviderClass(java.lang.ClassLoader) (WebViewFactory.java:150)
10-31 14:03:03.458  6450  6477 I zygote64:   at java.lang.Class android.webkit.WebViewFactory.getProviderClass() (WebViewFactory.java:417)
10-31 14:03:03.458  6450  6477 I zygote64:   at android.webkit.WebViewFactoryProvider android.webkit.WebViewFactory.getProvider() (WebViewFactory.java:211)
10-31 14:03:03.458  6450  6477 I zygote64:   at android.webkit.CookieManager android.webkit.CookieManager.getInstance() (CookieManager.java:39)
10-31 14:03:03.458  6450  6477 I zygote64:   at boolean com.google.android.apps.gsa.search.core.q.a.a.o.Oq() (SourceFile:32)
10-31 14:03:03.458  6450  6477 I zygote64:   at com.google.android.apps.gsa.search.core.q.a.a com.google.android.apps.gsa.search.core.q.a.a.o.dE(java.lang.String) (SourceFile:86)
10-31 14:03:03.458  6450  6477 I zygote64:   at com.google.android.apps.gsa.search.core.q.a.a com.google.android.apps.gsa.search.core.q.a.a.o.dz(java.lang.String) (SourceFile:54)
10-31 14:03:03.458  6450  6477 I zygote64:   at boolean com.google.android.apps.gsa.search.core.google.u.a(android.net.Uri, java.util.Map) (SourceFile:11)
10-31 14:03:03.458  6450  6477 I zygote64:   at com.google.android.apps.gsa.search.shared.api.UriRequest com.google.android.apps.gsa.search.core.google.dc.a(com.google.android.apps.gsa.search.core.google.dd) (SourceFile:42)
10-31 14:03:03.458  6450  6477 I zygote64:   at com.google.android.apps.gsa.search.shared.api.UriRequest com.google.android.apps.gsa.search.core.google.cv.t(com.google.android.apps.gsa.shared.search.Query) (SourceFile:204)
10-31 14:03:03.458  6450  6477 I zygote64:   at com.google.android.apps.gsa.search.core.google.a.g com.google.android.apps.gsa.search.core.google.a.h.e(com.google.android.apps.gsa.shared.search.Query, boolean) (SourceFile:18)
10-31 14:03:03.458  6450  6477 I zygote64:   at com.google.android.apps.gsa.taskgraph.Done com.google.android.apps.gsa.searchbox.client.gsa.a.d.aiq() (SourceFile:15)
10-31 14:03:03.458  6450  6477 I zygote64:   at java.lang.Object com.google.android.apps.gsa.searchbox.client.gsa.a.d.call() (SourceFile:28)
10-31 14:03:03.458  6450  6477 I zygote64:   at void java.util.concurrent.FutureTask.run() (FutureTask.java:266)
10-31 14:03:03.458  6450  6477 I zygote64:   at void com.google.android.apps.gsa.shared.util.concurrent.a.ax.run() (SourceFile:14)
10-31 14:03:03.458  6450  6477 I zygote64:   at void com.google.android.apps.gsa.shared.util.concurrent.a.bl.run() (SourceFile:4)
10-31 14:03:03.458  6450  6477 I zygote64:   at void com.google.android.apps.gsa.shared.util.concurrent.a.bl.run() (SourceFile:4)
10-31 14:03:03.458  6450  6477 I zygote64:   at void java.util.concurrent.ThreadPoolExecutor.runWorker(java.util.concurrent.ThreadPoolExecutor$Worker) (ThreadPoolExecutor.java:1162)
10-31 14:03:03.458  6450  6477 I zygote64:   at void java.util.concurrent.ThreadPoolExecutor$Worker.run() (ThreadPoolExecutor.java:636)
10-31 14:03:03.458  6450  6477 I zygote64:   at void java.lang.Thread.run() (Thread.java:764)
10-31 14:03:03.458  6450  6477 I zygote64:   at void com.google.android.apps.gsa.shared.util.concurrent.a.ai.run() (SourceFile:6)
10-31 14:03:03.458  6450  6477 I zygote64: Caused by: java.lang.ClassNotFoundException: Didn't find class "android.webkit.PacProcessor" on path: DexPathList[[zip file "/data/app/com.android.chrome-6miXT7Rhe2HDjAcD6FuDPg==/base.apk"],nativeLibraryDirectories=[/data/app/com.android.chrome-6miXT7Rhe2HDjAcD6FuDPg==/lib/arm64, /data/app/com.android.chrome-6miXT7Rhe2HDjAcD6FuDPg==/base.apk!/lib/arm64-v8a, /system/lib64, /vendor/lib64]]
10-31 14:03:03.458  6450  6477 I zygote64:   at java.lang.Class dalvik.system.BaseDexClassLoader.findClass(java.lang.String) (BaseDexClassLoader.java:93)
10-31 14:03:03.458  6450  6477 I zygote64:   at java.lang.Class java.lang.ClassLoader.loadClass(java.lang.String, boolean) (ClassLoader.java:379)
10-31 14:03:03.458  6450  6477 I zygote64:   at java.lang.Class java.lang.ClassLoader.loadClass(java.lang.String) (ClassLoader.java:312)
10-31 14:03:03.458  6450  6477 I zygote64:   at java.lang.Class java.lang.Class.classForName(java.lang.String, boolean, java.lang.ClassLoader) (Class.java:-2)
10-31 14:03:03.458  6450  6477 I zygote64:   at java.lang.Class java.lang.Class.forName(java.lang.String, boolean, java.lang.ClassLoader) (Class.java:453)
10-31 14:03:03.458  6450  6477 I zygote64:   at java.lang.Class android.webkit.WebViewFactory.getWebViewProviderClass(java.lang.ClassLoader) (WebViewFactory.java:150)
10-31 14:03:03.458  6450  6477 I zygote64:   at java.lang.Class android.webkit.WebViewFactory.getProviderClass() (WebViewFactory.java:417)
10-31 14:03:03.458  6450  6477 I zygote64:   at android.webkit.WebViewFactoryProvider android.webkit.WebViewFactory.getProvider() (WebViewFactory.java:211)
10-31 14:03:03.458  6450  6477 I zygote64:   at android.webkit.CookieManager android.webkit.CookieManager.getInstance() (CookieManager.java:39)
10-31 14:03:03.458  6450  6477 I zygote64:   at boolean com.google.android.apps.gsa.search.core.q.a.a.o.Oq() (SourceFile:32)
10-31 14:03:03.458  6450  6477 I zygote64:   at com.google.android.apps.gsa.search.core.q.a.a com.google.android.apps.gsa.search.core.q.a.a.o.dE(java.lang.String) (SourceFile:86)
10-31 14:03:03.458  6450  6477 I zygote64:   at com.google.android.apps.gsa.search.core.q.a.a com.google.android.apps.gsa.search.core.q.a.a.o.dz(java.lang.String) (SourceFile:54)
10-31 14:03:03.458  6450  6477 I zygote64:   at boolean com.google.android.apps.gsa.search.core.google.u.a(android.net.Uri, java.util.Map) (SourceFile:11)
10-31 14:03:03.458  6450  6477 I zygote64:   at com.google.android.apps.gsa.search.shared.api.UriRequest com.google.android.apps.gsa.search.core.google.dc.a(com.google.android.apps.gsa.search.core.google.dd) (SourceFile:42)
10-31 14:03:03.458  6450  6477 I zygote64:   at com.google.android.apps.gsa.search.shared.api.UriRequest com.google.android.apps.gsa.search.core.google.cv.t(com.google.android.apps.gsa.shared.search.Query) (SourceFile:204)
10-31 14:03:03.458  6450  6477 I zygote64:   at com.google.android.apps.gsa.search.core.google.a.g com.google.android.apps.gsa.search.core.google.a.h.e(com.google.android.apps.gsa.shared.search.Query, boolean) (SourceFile:18)
10-31 14:03:03.458  6450  6477 I zygote64:   at com.google.android.apps.gsa.taskgraph.Done com.google.android.apps.gsa.searchbox.client.gsa.a.d.aiq() (SourceFile:15)
10-31 14:03:03.458  6450  6477 I zygote64:   at java.lang.Object com.google.android.apps.gsa.searchbox.client.gsa.a.d.call() (SourceFile:28)
10-31 14:03:03.458  6450  6477 I zygote64:   at void java.util.concurrent.FutureTask.run() (FutureTask.java:266)
10-31 14:03:03.459  6450  6477 I zygote64:   at void com.google.android.apps.gsa.shared.util.concurrent.a.ax.run() (SourceFile:14)
10-31 14:03:03.459  6450  6477 I zygote64:   at void com.google.android.apps.gsa.shared.util.concurrent.a.bl.run() (SourceFile:4)
10-31 14:03:03.459  6450  6477 I zygote64:   at void com.google.android.apps.gsa.shared.util.concurrent.a.bl.run() (SourceFile:4)
10-31 14:03:03.459  6450  6477 I zygote64:   at void java.util.concurrent.ThreadPoolExecutor.runWorker(java.util.concurrent.ThreadPoolExecutor$Worker) (ThreadPoolExecutor.java:1162)
10-31 14:03:03.459  6450  6477 I zygote64:   at void java.util.concurrent.ThreadPoolExecutor$Worker.run() (ThreadPoolExecutor.java:636)
10-31 14:03:03.459  6450  6477 I zygote64:   at void java.lang.Thread.run() (Thread.java:764)
10-31 14:03:03.459  6450  6477 I zygote64:   at void com.google.android.apps.gsa.shared.util.concurrent.a.ai.run() (SourceFile:6)
10-31 14:03:03.459  6450  6477 I zygote64: 
10-31 14:03:03.459  6450  6477 I zygote64: Rejecting re-init on previously-failed class java.lang.Class<Se2>: java.lang.NoClassDefFoundError: Failed resolution of: Landroid/webkit/PacProcessor;
10-31 14:03:03.459  6450  6477 I zygote64:   at java.lang.Class java.lang.Class.classForName(java.lang.String, boolean, java.lang.ClassLoader) (Class.java:-2)
10-31 14:03:03.459  6450  6477 I zygote64:   at java.lang.Class java.lang.Class.forName(java.lang.String, boolean, java.lang.ClassLoader) (Class.java:453)
10-31 14:03:03.459  6450  6477 I zygote64:   at java.lang.Class android.webkit.WebViewFactory.getWebViewProviderClass(java.lang.ClassLoader) (WebViewFactory.java:150)
10-31 14:03:03.459  6450  6477 I zygote64:   at java.lang.Class android.webkit.WebViewFactory.getProviderClass() (WebViewFactory.java:417)
10-31 14:03:03.459  6450  6477 I zygote64:   at android.webkit.WebViewFactoryProvider android.webkit.WebViewFactory.getProvider() (WebViewFactory.java:211)
10-31 14:03:03.459  6450  6477 I zygote64:   at android.webkit.CookieManager android.webkit.CookieManager.getInstance() (CookieManager.java:39)
10-31 14:03:03.459  6450  6477 I zygote64:   at boolean com.google.android.apps.gsa.search.core.q.a.a.o.Oq() (SourceFile:32)
10-31 14:03:03.459  6450  6477 I zygote64:   at com.google.android.apps.gsa.search.core.q.a.a com.google.android.apps.gsa.search.core.q.a.a.o.dE(java.lang.String) (SourceFile:86)
10-31 14:03:03.459  6450  6477 I zygote64:   at com.google.android.apps.gsa.search.core.q.a.a com.google.android.apps.gsa.search.core.q.a.a.o.dz(java.lang.String) (SourceFile:54)
10-31 14:03:03.459  6450  6477 I zygote64:   at boolean com.google.android.apps.gsa.search.core.google.u.a(android.net.Uri, java.util.Map) (SourceFile:11)
10-31 14:03:03.459  6450  6477 I zygote64:   at com.google.android.apps.gsa.search.shared.api.UriRequest com.google.android.apps.gsa.search.core.google.dc.a(com.google.android.apps.gsa.search.core.google.dd) (SourceFile:42)
10-31 14:03:03.459  6450  6477 I zygote64:   at com.google.android.apps.gsa.search.shared.api.UriRequest com.google.android.apps.gsa.search.core.google.cv.t(com.google.android.apps.gsa.shared.search.Query) (SourceFile:204)
10-31 14:03:03.459  6450  6477 I zygote64:   at com.google.android.apps.gsa.search.core.google.a.g com.google.android.apps.gsa.search.core.google.a.h.e(com.google.android.apps.gsa.shared.search.Query, boolean) (SourceFile:18)
10-31 14:03:03.459  6450  6477 I zygote64:   at com.google.android.apps.gsa.taskgraph.Done com.google.android.apps.gsa.searchbox.client.gsa.a.d.aiq() (SourceFile:15)
10-31 14:03:03.459  6450  6477 I zygote64:   at java.lang.Object com.google.android.apps.gsa.searchbox.client.gsa.a.d.call() (SourceFile:28)
10-31 14:03:03.459  6450  6477 I zygote64:   at void java.util.concurrent.FutureTask.run() (FutureTask.java:266)
10-31 14:03:03.459  6450  6477 I zygote64:   at void com.google.android.apps.gsa.shared.util.concurrent.a.ax.run() (SourceFile:14)
10-31 14:03:03.459  6450  6477 I zygote64:   at void com.google.android.apps.gsa.shared.util.concurrent.a.bl.run() (SourceFile:4)
10-31 14:03:03.459  6450  6477 I zygote64:   at void com.google.android.apps.gsa.shared.util.concurrent.a.bl.run() (SourceFile:4)
10-31 14:03:03.459  6450  6477 I zygote64:   at void java.util.concurrent.ThreadPoolExecutor.runWorker(java.util.concurrent.ThreadPoolExecutor$Worker) (ThreadPoolExecutor.java:1162)
10-31 14:03:03.459  6450  6477 I zygote64:   at void java.util.concurrent.ThreadPoolExecutor$Worker.run() (ThreadPoolExecutor.java:636)
10-31 14:03:03.459  6450  6477 I zygote64:   at void java.lang.Thread.run() (Thread.java:764)
10-31 14:03:03.459  6450  6477 I zygote64:   at void com.google.android.apps.gsa.shared.util.concurrent.a.ai.run() (SourceFile:6)
10-31 14:03:03.459  6450  6477 I zygote64: Caused by: java.lang.ClassNotFoundException: Didn't find class "android.webkit.PacProcessor" on path: DexPathList[[zip file "/data/app/com.android.chrome-6miXT7Rhe2HDjAcD6FuDPg==/base.apk"],nativeLibraryDirectories=[/data/app/com.android.chrome-6miXT7Rhe2HDjAcD6FuDPg==/lib/arm64, /data/app/com.android.chrome-6miXT7Rhe2HDjAcD6FuDPg==/base.apk!/lib/arm64-v8a, /system/lib64, /vendor/lib64]]
10-31 14:03:03.459  6450  6477 I zygote64:   at java.lang.Class dalvik.system.BaseDexClassLoader.findClass(java.lang.String) (BaseDexClassLoader.java:93)
10-31 14:03:03.459  6450  6477 I zygote64:   at java.lang.Class java.lang.ClassLoader.loadClass(java.lang.String, boolean) (ClassLoader.java:379)
10-31 14:03:03.459  6450  6477 I zygote64:   at java.lang.Class java.lang.ClassLoader.loadClass(java.lang.String) (ClassLoader.java:312)
10-31 14:03:03.459  6450  6477 I zygote64:   at java.lang.Class java.lang.Class.classForName(java.lang.String, boolean, java.lang.ClassLoader) (Class.java:-2)
10-31 14:03:03.459  6450  6477 I zygote64:   at java.lang.Class java.lang.Class.forName(java.lang.String, boolean, java.lang.ClassLoader) (Class.java:453)
10-31 14:03:03.459  6450  6477 I zygote64:   at java.lang.Class android.webkit.WebViewFactory.getWebViewProviderClass(java.lang.ClassLoader) (WebViewFactory.java:150)
10-31 14:03:03.459  6450  6477 I zygote64:   at java.lang.Class android.webkit.WebViewFactory.getProviderClass() (WebViewFactory.java:417)
10-31 14:03:03.459  6450  6477 I zygote64:   at android.webkit.WebViewFactoryProvider android.webkit.WebViewFactory.getProvider() (WebViewFactory.java:211)
10-31 14:03:03.459  6450  6477 I zygote64:   at android.webkit.CookieManager android.webkit.CookieManager.getInstance() (CookieManager.java:39)
10-31 14:03:03.459  6450  6477 I zygote64:   at boolean com.google.android.apps.gsa.search.core.q.a.a.o.Oq() (SourceFile:32)
10-31 14:03:03.459  6450  6477 I zygote64:   at com.google.android.apps.gsa.search.core.q.a.a com.google.android.apps.gsa.search.core.q.a.a.o.dE(java.lang.String) (SourceFile:86)
10-31 14:03:03.459  6450  6477 I zygote64:   at com.google.android.apps.gsa.search.core.q.a.a com.google.android.apps.gsa.search.core.q.a.a.o.dz(java.lang.String) (SourceFile:54)
10-31 14:03:03.459  6450  6477 I zygote64:   at boolean com.google.android.apps.gsa.search.core.google.u.a(android.net.Uri, java.util.Map) (SourceFile:11)
10-31 14:03:03.459  6450  6477 I zygote64:   at com.google.android.apps.gsa.search.shared.api.UriRequest com.google.android.apps.gsa.search.core.google.dc.a(com.google.android.apps.gsa.search.core.google.dd) (SourceFile:42)
10-31 14:03:03.459  6450  6477 I zygote64:   at com.google.android.apps.gsa.search.shared.api.UriRequest com.google.android.apps.gsa.search.core.google.cv.t(com.google.android.apps.gsa.shared.search.Query) (SourceFile:204)
10-31 14:03:03.459  6450  6477 I zygote64:   at com.google.android.apps.gsa.search.core.google.a.g com.google.android.apps.gsa.search.core.google.a.h.e(com.google.android.apps.gsa.shared.search.Query, boolean) (SourceFile:18)
10-31 14:03:03.459  6450  6477 I zygote64:   at com.google.android.apps.gsa.taskgraph.Done com.google.android.apps.gsa.searchbox.client.gsa.a.d.aiq() (SourceFile:15)
10-31 14:03:03.459  6450  6477 I zygote64:   at java.lang.Object com.google.android.apps.gsa.searchbox.client.gsa.a.d.call() (SourceFile:28)
10-31 14:03:03.459  6450  6477 I zygote64:   at void java.util.concurrent.FutureTask.run() (FutureTask.java:266)
10-31 14:03:03.459  6450  6477 I zygote64:   at void com.google.android.apps.gsa.shared.util.concurrent.a.ax.run() (SourceFile:14)
10-31 14:03:03.459  6450  6477 I zygote64:   at void com.google.android.apps.gsa.shared.util.concurrent.a.bl.run() (SourceFile:4)
10-31 14:03:03.459  6450  6477 I zygote64:   at void com.google.android.apps.gsa.shared.util.concurrent.a.bl.run() (SourceFile:4)
10-31 14:03:03.459  6450  6477 I zygote64:   at void java.util.concurrent.ThreadPoolExecutor.runWorker(java.util.concurrent.ThreadPoolExecutor$Worker) (ThreadPoolExecutor.java:1162)
10-31 14:03:03.460  6450  6477 I zygote64:   at void java.util.concurrent.ThreadPoolExecutor$Worker.run() (ThreadPoolExecutor.java:636)
10-31 14:03:03.460  6450  6477 I zygote64:   at void java.lang.Thread.run() (Thread.java:764)
10-31 14:03:03.460  6450  6477 I zygote64:   at void com.google.android.apps.gsa.shared.util.concurrent.a.ai.run() (SourceFile:6)
10-31 14:03:03.460  6450  6477 I zygote64: 
10-31 14:03:03.468  6450  6477 I zygote64: Rejecting re-init on previously-failed class java.lang.Class<Se2>: java.lang.NoClassDefFoundError: Failed resolution of: Landroid/webkit/PacProcessor;
10-31 14:03:03.468  6450  6477 I zygote64:   at java.lang.Class java.lang.Class.classForName(java.lang.String, boolean, java.lang.ClassLoader) (Class.java:-2)
10-31 14:03:03.468  6450  6477 I zygote64:   at java.lang.Class java.lang.Class.forName(java.lang.String, boolean, java.lang.ClassLoader) (Class.java:453)
10-31 14:03:03.468  6450  6477 I zygote64:   at java.lang.Class android.webkit.WebViewFactory.getWebViewProviderClass(java.lang.ClassLoader) (WebViewFactory.java:150)
10-31 14:03:03.469  6450  6477 I zygote64:   at java.lang.Class android.webkit.WebViewFactory.getProviderClass() (WebViewFactory.java:417)
10-31 14:03:03.469  6450  6477 I zygote64:   at android.webkit.WebViewFactoryProvider android.webkit.WebViewFactory.getProvider() (WebViewFactory.java:211)
10-31 14:03:03.469  6450  6477 I zygote64:   at android.webkit.CookieManager android.webkit.CookieManager.getInstance() (CookieManager.java:39)
10-31 14:03:03.469  6450  6477 I zygote64:   at boolean com.google.android.apps.gsa.search.core.q.a.a.o.Oq() (SourceFile:32)
10-31 14:03:03.469  6450  6477 I zygote64:   at com.google.android.apps.gsa.search.core.q.a.a com.google.android.apps.gsa.search.core.q.a.a.o.dE(java.lang.String) (SourceFile:86)
10-31 14:03:03.469  6450  6477 I zygote64:   at com.google.android.apps.gsa.search.core.q.a.a com.google.android.apps.gsa.search.core.q.a.a.o.dz(java.lang.String) (SourceFile:54)
10-31 14:03:03.469  6450  6477 I zygote64:   at boolean com.google.android.apps.gsa.search.core.google.u.a(android.net.Uri, java.util.Map) (SourceFile:11)
10-31 14:03:03.469  6450  6477 I zygote64:   at com.google.android.apps.gsa.search.shared.api.UriRequest com.google.android.apps.gsa.search.core.google.dc.a(com.google.android.apps.gsa.search.core.google.dd) (SourceFile:42)
10-31 14:03:03.469  6450  6477 I zygote64:   at com.google.android.apps.gsa.search.shared.api.UriRequest com.google.android.apps.gsa.search.core.google.cv.t(com.google.android.apps.gsa.shared.search.Query) (SourceFile:204)
10-31 14:03:03.469  6450  6477 I zygote64:   at com.google.android.apps.gsa.search.core.google.a.g com.google.android.apps.gsa.search.core.google.a.h.e(com.google.android.apps.gsa.shared.search.Query, boolean) (SourceFile:18)
10-31 14:03:03.469  6450  6477 I zygote64:   at com.google.android.apps.gsa.taskgraph.Done com.google.android.apps.gsa.searchbox.client.gsa.a.d.aiq() (SourceFile:15)
10-31 14:03:03.469  6450  6477 I zygote64:   at java.lang.Object com.google.android.apps.gsa.searchbox.client.gsa.a.d.call() (SourceFile:28)
10-31 14:03:03.469  6450  6477 I zygote64:   at void java.util.concurrent.FutureTask.run() (FutureTask.java:266)
10-31 14:03:03.469  6450  6477 I zygote64:   at void com.google.android.apps.gsa.shared.util.concurrent.a.ax.run() (SourceFile:14)
10-31 14:03:03.469  6450  6477 I zygote64:   at void com.google.android.apps.gsa.shared.util.concurrent.a.bl.run() (SourceFile:4)
10-31 14:03:03.469  6450  6477 I zygote64:   at void com.google.android.apps.gsa.shared.util.concurrent.a.bl.run() (SourceFile:4)
10-31 14:03:03.469  6450  6477 I zygote64:   at void java.util.concurrent.ThreadPoolExecutor.runWorker(java.util.concurrent.ThreadPoolExecutor$Worker) (ThreadPoolExecutor.java:1162)
10-31 14:03:03.469  6450  6477 I zygote64:   at void java.util.concurrent.ThreadPoolExecutor$Worker.run() (ThreadPoolExecutor.java:636)
10-31 14:03:03.469  6450  6477 I zygote64:   at void java.lang.Thread.run() (Thread.java:764)
10-31 14:03:03.469  6450  6477 I zygote64:   at void com.google.android.apps.gsa.shared.util.concurrent.a.ai.run() (SourceFile:6)
10-31 14:03:03.469  6450  6477 I zygote64: Caused by: java.lang.ClassNotFoundException: Didn't find class "android.webkit.PacProcessor" on path: DexPathList[[zip file "/data/app/com.android.chrome-6miXT7Rhe2HDjAcD6FuDPg==/base.apk"],nativeLibraryDirectories=[/data/app/com.android.chrome-6miXT7Rhe2HDjAcD6FuDPg==/lib/arm64, /data/app/com.android.chrome-6miXT7Rhe2HDjAcD6FuDPg==/base.apk!/lib/arm64-v8a, /system/lib64, /vendor/lib64]]
10-31 14:03:03.469  6450  6477 I zygote64:   at java.lang.Class dalvik.system.BaseDexClassLoader.findClass(java.lang.String) (BaseDexClassLoader.java:93)
10-31 14:03:03.469  6450  6477 I zygote64:   at java.lang.Class java.lang.ClassLoader.loadClass(java.lang.String, boolean) (ClassLoader.java:379)
10-31 14:03:03.469  6450  6477 I zygote64:   at java.lang.Class java.lang.ClassLoader.loadClass(java.lang.String) (ClassLoader.java:312)
10-31 14:03:03.469  6450  6477 I zygote64:   at java.lang.Class java.lang.Class.classForName(java.lang.String, boolean, java.lang.ClassLoader) (Class.java:-2)
10-31 14:03:03.469  6450  6477 I zygote64:   at java.lang.Class java.lang.Class.forName(java.lang.String, boolean, java.lang.ClassLoader) (Class.java:453)
10-31 14:03:03.469  6450  6477 I zygote64:   at java.lang.Class android.webkit.WebViewFactory.getWebViewProviderClass(java.lang.ClassLoader) (WebViewFactory.java:150)
10-31 14:03:03.469  6450  6477 I zygote64:   at java.lang.Class android.webkit.WebViewFactory.getProviderClass() (WebViewFactory.java:417)
10-31 14:03:03.469  6450  6477 I zygote64:   at android.webkit.WebViewFactoryProvider android.webkit.WebViewFactory.getProvider() (WebViewFactory.java:211)
10-31 14:03:03.469  6450  6477 I zygote64:   at android.webkit.CookieManager android.webkit.CookieManager.getInstance() (CookieManager.java:39)
10-31 14:03:03.469  6450  6477 I zygote64:   at boolean com.google.android.apps.gsa.search.core.q.a.a.o.Oq() (SourceFile:32)
10-31 14:03:03.469  6450  6477 I zygote64:   at com.google.android.apps.gsa.search.core.q.a.a com.google.android.apps.gsa.search.core.q.a.a.o.dE(java.lang.String) (SourceFile:86)
10-31 14:03:03.469  6450  6477 I zygote64:   at com.google.android.apps.gsa.search.core.q.a.a com.google.android.apps.gsa.search.core.q.a.a.o.dz(java.lang.String) (SourceFile:54)
10-31 14:03:03.469  6450  6477 I zygote64:   at boolean com.google.android.apps.gsa.search.core.google.u.a(android.net.Uri, java.util.Map) (SourceFile:11)
10-31 14:03:03.469  6450  6477 I zygote64:   at com.google.android.apps.gsa.search.shared.api.UriRequest com.google.android.apps.gsa.search.core.google.dc.a(com.google.android.apps.gsa.search.core.google.dd) (SourceFile:42)
10-31 14:03:03.469  6450  6477 I zygote64:   at com.google.android.apps.gsa.search.shared.api.UriRequest com.google.android.apps.gsa.search.core.google.cv.t(com.google.android.apps.gsa.shared.search.Query) (SourceFile:204)
10-31 14:03:03.469  6450  6477 I zygote64:   at com.google.android.apps.gsa.search.core.google.a.g com.google.android.apps.gsa.search.core.google.a.h.e(com.google.android.apps.gsa.shared.search.Query, boolean) (SourceFile:18)
10-31 14:03:03.469  6450  6477 I zygote64:   at com.google.android.apps.gsa.taskgraph.Done com.google.android.apps.gsa.searchbox.client.gsa.a.d.aiq() (SourceFile:15)
10-31 14:03:03.469  6450  6477 I zygote64:   at java.lang.Object com.google.android.apps.gsa.searchbox.client.gsa.a.d.call() (SourceFile:28)
10-31 14:03:03.469  6450  6477 I zygote64:   at void java.util.concurrent.FutureTask.run() (FutureTask.java:266)
10-31 14:03:03.469  6450  6477 I zygote64:   at void com.google.android.apps.gsa.shared.util.concurrent.a.ax.run() (SourceFile:14)
10-31 14:03:03.469  6450  6477 I zygote64:   at void com.google.android.apps.gsa.shared.util.concurrent.a.bl.run() (SourceFile:4)
10-31 14:03:03.469  6450  6477 I zygote64:   at void com.google.android.apps.gsa.shared.util.concurrent.a.bl.run() (SourceFile:4)
10-31 14:03:03.469  6450  6477 I zygote64:   at void java.util.concurrent.ThreadPoolExecutor.runWorker(java.util.concurrent.ThreadPoolExecutor$Worker) (ThreadPoolExecutor.java:1162)
10-31 14:03:03.469  6450  6477 I zygote64:   at void java.util.concurrent.ThreadPoolExecutor$Worker.run() (ThreadPoolExecutor.java:636)
10-31 14:03:03.469  6450  6477 I zygote64:   at void java.lang.Thread.run() (Thread.java:764)
10-31 14:03:03.469  6450  6477 I zygote64:   at void com.google.android.apps.gsa.shared.util.concurrent.a.ai.run() (SourceFile:6)
10-31 14:03:03.469  6450  6477 I zygote64: 
10-31 14:03:03.564  6450  6477 I cr_WVCFactoryProvider: Loaded version=106.0.5249.79 minSdkVersion=24 isBundle=true multiprocess=true packageId=2
10-31 14:03:03.639  6450  6477 W ResourceType: For resource 0x7f14094c, entry index(2380) is beyond type entryCount(16)
10-31 14:03:03.639  6450  6477 W ResourceType: Failure getting entry for 0x7f14094c (t=19 e=2380) (error -75)
10-31 14:03:03.694  6450  6477 I cr_LibraryLoader: Successfully loaded native library
10-31 14:03:03.700  6450  6477 I cr_CachingUmaRecorder: Flushed 8 samples from 8 histograms.
10-31 14:03:03.939  6450 20031 I cr_CronetLibraryLoader: Cronet version: 59.0.3071.25, arch: aarch64
10-31 14:03:04.519  6450 20403 D NetworkSecurityConfig: Using Network Security Config from resource network_security_config debugBuild: false
10-31 14:03:04.794  6450  6450 I MemoryTrimmer: Trimming objects from memory, since app is in the background.
10-31 14:03:29.648   772   791 E BatteryStatsService: no controller energy info supplied
10-31 14:03:45.070  3960 19849 E WakeLock: GCM_HB_ALARM release without a matched acquire!
10-31 14:03:45.085   772   791 E BatteryStatsService: no controller energy info supplied
10-31 14:03:45.312  3960 19849 I NetworkScheduler.Stats: Task com.google.android.gms/com.google.android.gms.auth.folsom.service.FolsomPublicKeyUpdateService started execution. cause:2 exec_start_elapsed_seconds: 1097479 [CONTEXT service_id=218 ]
10-31 14:03:45.484  3960 13747 I NetworkScheduler.Stats: Task com.google.android.gms/com.google.android.gms.auth.folsom.service.FolsomPublicKeyUpdateService finished executing. cause:2 result: 1 elapsed_millis: 366 uptime_millis: 365 exec_start_elapsed_seconds: 1097479 [CONTEXT service_id=218 ]
10-31 14:03:48.473 20062 20062 I cr_media: Create MediaDrmBridge with level L3 and origin A6C5808F6B6F6A4559C860BEF5B6CBEC
10-31 14:03:48.480   361   361 W /system/bin/hwservicemanager: getTransportFromManifest: Cannot find entry android.hardware.drm@1.0::IDrmFactory in either framework or device manifest, using default transport.
10-31 14:03:48.516   562   644 I DrmHal  : makeDrmFactories: using default drm instance
10-31 14:03:48.551   361   361 W /system/bin/hwservicemanager: getTransportFromManifest: Cannot find entry android.hardware.drm@1.0::IDrmFactory in either framework or device manifest, using default transport.
10-31 14:03:48.616   562   562 I DrmHal  : makeDrmFactories: using default drm instance
10-31 14:03:48.616   562 28303 D WVCdm   : Instantiating CDM.
10-31 14:03:48.622   562 28303 I WVCdm   : CdmEngine::QueryStatus
10-31 14:03:48.622   562 28303 I WVCdm   : Level3 Library 4445 May 19 2017 17:17:20
10-31 14:03:48.629   562 28303 D QSEECOMAPI: : QSEECom_get_handle sb_length = 0x19000
10-31 14:03:48.630   562 28303 D QSEECOMAPI: : App is not loaded in QSEE
10-31 14:03:48.681   562 28303 D QSEECOMAPI: : Loaded image: APP id = 2378
10-31 14:03:48.686   562 28303 D QSAPPSVER: qsapps_get_capabilities: Capability from secure side: 0x0
10-31 14:03:48.686   562 28303 D QSAPPSVER: qsapps_get_capabilities: returns 0
10-31 14:03:48.686   562 28303 E DrmWidevineDash: sion_buffer g_wv_fhandle->ion_sbuffer  0x0xef387000
10-31 14:03:48.690   372   376 D DrmLibTime: got the req here! ret=0
10-31 14:03:48.690   372   376 D DrmLibTime: command id, time_cmd_id = 770
10-31 14:03:48.690   372   376 D DrmLibTime: time_getutcsec starts!
10-31 14:03:48.690   372   376 D DrmLibTime: QSEE Time Listener: time_getutcsec
10-31 14:03:48.690   372   376 D DrmLibTime: QSEE Time Listener: get_utc_seconds
10-31 14:03:48.690   372   376 D DrmLibTime: QSEE Time Listener: time_get_modem_time
10-31 14:03:48.690   372   376 D DrmLibTime: QSEE Time Listener: Checking if ATS_MODEM is set or not.
10-31 14:03:48.690   372   376 D QC-time-services: Lib:time_genoff_operation: pargs->base = 13
10-31 14:03:48.690   372   376 D QC-time-services: Lib:time_genoff_operation: pargs->operation = 2
10-31 14:03:48.690   372   376 D QC-time-services: Lib:time_genoff_operation: pargs->ts_val = 0
10-31 14:03:48.691   372   376 D QC-time-services: Lib:time_genoff_operation: Send to server  passed!!
10-31 14:03:48.691   625   647 D QC-time-services: Daemon: Connection accepted:time_genoff
10-31 14:03:48.691   625 20415 D QC-time-services: Daemon:Received base = 13, unit = 1, operation = 2,value = 0
10-31 14:03:48.691   625 20415 D QC-time-services: Daemon:genoff_opr: Base = 13, val = 0, operation = 2
10-31 14:03:48.691   625 20415 D QC-time-services: offset is: 0 for base: 13
10-31 14:03:48.691   372   376 E QC-time-services: Receive Passed == base = 13, unit = 1, operation = 2, result = 0
10-31 14:03:48.691   372   376 D DrmLibTime: QSEE Time Listener: ATS_MODEM is not set. Fallback to Android system time.
10-31 14:03:48.691   372   376 D DrmLibTime: QSEE Time Listener: Retrieved Android system time: 1667221428
10-31 14:03:48.691   372   376 D DrmLibTime: time_getutcsec returns 0, sec = 1667221428; nsec = 0
10-31 14:03:48.691   372   376 D DrmLibTime: time_getutcsec finished! 
10-31 14:03:48.691   372   376 D DrmLibTime: iotcl_continue_command finished! and return 0 
10-31 14:03:48.691   372   376 D DrmLibTime: before calling ioctl to read the next time_cmd
10-31 14:03:48.692   625   647 E QC-time-services: Daemon: Time-services: Waiting to acceptconnection
10-31 14:03:48.728   562 28303 D WVCdm   : OEMCrypto_Initialize Level 1 success. I will use level 1.
10-31 14:03:48.729   562 28303 D QSEECOMAPI: : QSEECom_dealloc_memory 
10-31 14:03:48.729   562 28303 D QSEECOMAPI: : QSEECom_shutdown_app, app_id = 2378
10-31 14:03:48.746   562   644 I WVCdm   : CdmEngine::OpenSession
10-31 14:03:48.748   562   644 I WVCdm   : Level3 Library 4445 May 19 2017 17:17:20
10-31 14:03:48.761   562   644 D QSEECOMAPI: : QSEECom_get_handle sb_length = 0x19000
10-31 14:03:48.761   562   644 D QSEECOMAPI: : App is not loaded in QSEE
10-31 14:03:48.815   562   644 D QSEECOMAPI: : Loaded image: APP id = 2379
10-31 14:03:48.819   562   644 D QSAPPSVER: qsapps_get_capabilities: Capability from secure side: 0x0
10-31 14:03:48.819   562   644 D QSAPPSVER: qsapps_get_capabilities: returns 0
10-31 14:03:48.819   562   644 E DrmWidevineDash: sion_buffer g_wv_fhandle->ion_sbuffer  0x0xef387000
10-31 14:03:48.822   372   376 D DrmLibTime: got the req here! ret=0
10-31 14:03:48.822   372   376 D DrmLibTime: command id, time_cmd_id = 770
10-31 14:03:48.822   372   376 D DrmLibTime: time_getutcsec starts!
10-31 14:03:48.822   372   376 D DrmLibTime: QSEE Time Listener: time_getutcsec
10-31 14:03:48.822   372   376 D DrmLibTime: QSEE Time Listener: get_utc_seconds
10-31 14:03:48.822   372   376 D DrmLibTime: QSEE Time Listener: time_get_modem_time
10-31 14:03:48.822   372   376 D DrmLibTime: QSEE Time Listener: Checking if ATS_MODEM is set or not.
10-31 14:03:48.822   372   376 D QC-time-services: Lib:time_genoff_operation: pargs->base = 13
10-31 14:03:48.822   372   376 D QC-time-services: Lib:time_genoff_operation: pargs->operation = 2
10-31 14:03:48.822   372   376 D QC-time-services: Lib:time_genoff_operation: pargs->ts_val = 0
10-31 14:03:48.822   372   376 D QC-time-services: Lib:time_genoff_operation: Send to server  passed!!
10-31 14:03:48.822   625   647 D QC-time-services: Daemon: Connection accepted:time_genoff
10-31 14:03:48.823   625 20416 D QC-time-services: Daemon:Received base = 13, unit = 1, operation = 2,value = 0
10-31 14:03:48.823   625 20416 D QC-time-services: Daemon:genoff_opr: Base = 13, val = 0, operation = 2
10-31 14:03:48.823   625 20416 D QC-time-services: offset is: 0 for base: 13
10-31 14:03:48.823   372   376 E QC-time-services: Receive Passed == base = 13, unit = 1, operation = 2, result = 0
10-31 14:03:48.823   372   376 D DrmLibTime: QSEE Time Listener: ATS_MODEM is not set. Fallback to Android system time.
10-31 14:03:48.823   372   376 D DrmLibTime: QSEE Time Listener: Retrieved Android system time: 1667221428
10-31 14:03:48.823   372   376 D DrmLibTime: time_getutcsec returns 0, sec = 1667221428; nsec = 0
10-31 14:03:48.823   372   376 D DrmLibTime: time_getutcsec finished! 
10-31 14:03:48.823   372   376 D DrmLibTime: iotcl_continue_command finished! and return 0 
10-31 14:03:48.823   372   376 D DrmLibTime: before calling ioctl to read the next time_cmd
10-31 14:03:48.823   625   647 E QC-time-services: Daemon: Time-services: Waiting to acceptconnection
10-31 14:03:48.849   562   644 D WVCdm   : OEMCrypto_Initialize Level 1 success. I will use level 1.
10-31 14:03:48.849   562   644 D WVCdm   : CryptoSession::Open: Lock: requested_security_level: L3
10-31 14:03:48.856   562   644 W WVCdm   : DeviceFiles::RetrieveHashedFile: /data/mediadrm/IDM1013/L3/cert.bin does not exist
10-31 14:03:48.856   562   644 D QSEECOMAPI: : QSEECom_dealloc_memory 
10-31 14:03:48.856   562   644 D QSEECOMAPI: : QSEECom_shutdown_app, app_id = 2379
10-31 14:03:48.876   562   644 I WVCdm   : Level3 Library 4445 May 19 2017 17:17:20
10-31 14:03:48.882   562   644 D QSEECOMAPI: : QSEECom_get_handle sb_length = 0x19000
10-31 14:03:48.882   562   644 D QSEECOMAPI: : App is not loaded in QSEE
10-31 14:03:48.936   562   644 D QSEECOMAPI: : Loaded image: APP id = 2380
10-31 14:03:48.940   562   644 D QSAPPSVER: qsapps_get_capabilities: Capability from secure side: 0x0
10-31 14:03:48.940   562   644 D QSAPPSVER: qsapps_get_capabilities: returns 0
10-31 14:03:48.940   562   644 E DrmWidevineDash: sion_buffer g_wv_fhandle->ion_sbuffer  0x0xef387000
10-31 14:03:48.942   372   376 D DrmLibTime: got the req here! ret=0
10-31 14:03:48.942   372   376 D DrmLibTime: command id, time_cmd_id = 770
10-31 14:03:48.942   372   376 D DrmLibTime: time_getutcsec starts!
10-31 14:03:48.942   372   376 D DrmLibTime: QSEE Time Listener: time_getutcsec
10-31 14:03:48.942   372   376 D DrmLibTime: QSEE Time Listener: get_utc_seconds
10-31 14:03:48.942   372   376 D DrmLibTime: QSEE Time Listener: time_get_modem_time
10-31 14:03:48.942   372   376 D DrmLibTime: QSEE Time Listener: Checking if ATS_MODEM is set or not.
10-31 14:03:48.942   372   376 D QC-time-services: Lib:time_genoff_operation: pargs->base = 13
10-31 14:03:48.942   372   376 D QC-time-services: Lib:time_genoff_operation: pargs->operation = 2
