10-31 14:56:48.113  1934  1969 I TTS     : Couldn't read preferred locale from settings.
10-31 14:56:48.114  1934  1946 I TTS     : Couldn't read preferred locale from settings.
10-31 14:56:48.115  1934  1962 I TTS     : Couldn't read preferred locale from settings.
10-31 14:56:48.115  1934  1962 W TTS     : No local or network voice found, failing dispatch
10-31 14:56:48.115  1934  1962 W TTS     : Could not find voice for zu
10-31 14:56:48.116  1934  1970 I TTS     : Couldn't read preferred locale from settings.
10-31 14:56:48.116  1934  1970 W TTS     : No local or network voice found, failing dispatch
10-31 14:56:48.116  1934  1970 W TTS     : Could not find voice for zu_ZA
10-31 14:56:49.181   551   618 I ThermalEngine: ACTION: LCD - Setting max LCD brightness to 232
10-31 14:56:49.219  1934  1961 I TTS     : Done initializing en-us-x-sfg-lstm-embedded
10-31 14:56:49.579   551   618 I ThermalEngine: ACTION: BATTERY - Setting battery charging mitigation to 3
10-31 14:56:52.001   950   950 E cr_BTSPrefs: No data found for task id: 56
10-31 14:56:52.002   950   950 E cr_BkgrdTaskScheduler: Task cannot be canceled because no data was found instorage or data was invalid
10-31 14:56:54.309   950   950 I cr_tabmodel: Appending tabs being restored to metadata lists, 0, startingNormalCount: 2, startingIncognitoCount: 0
10-31 14:56:54.309   950   950 I cr_tabmodel: Serializing tab lists; counts: 2, 0
10-31 14:56:56.101   950   950 W ResourceType: Failure getting entry for 0x7f010888 (t=0 e=2184) (error -75)
10-31 14:56:56.145   950   950 I chatty  : uid=10060(u0_a60) identical 7 lines
10-31 14:56:56.149   950   950 W ResourceType: Failure getting entry for 0x7f010888 (t=0 e=2184) (error -75)
10-31 14:56:56.152   950   950 I cr_TopSites: Start a new task.
10-31 14:56:56.153   950  1025 I cr_TopSites: Serializing top sites lists finished; count: 9
10-31 14:56:56.157   950  1025 I cr_TopSites: Finished saving top sites list to file:/data/user/0/com.android.chrome/app_top_sites/top_sites
10-31 14:57:19.591   551   618 I ThermalEngine: ACTION: BATTERY - Setting battery charging mitigation to 0
10-31 14:57:24.260   551   618 I ThermalEngine: ACTION: LCD - Setting max LCD brightness to 255
10-31 14:57:33.150   950   950 I cr_media: Create MediaDrmBridge with level L3 and origin 6C9F42372038ECCAF5F08847DE9C42FB
10-31 14:57:33.161   361   361 W /system/bin/hwservicemanager: getTransportFromManifest: Cannot find entry android.hardware.drm@1.0::IDrmFactory in either framework or device manifest, using default transport.
10-31 14:57:33.224   562 19050 I DrmHal  : makeDrmFactories: using default drm instance
10-31 14:57:33.229   361   361 W /system/bin/hwservicemanager: getTransportFromManifest: Cannot find entry android.hardware.drm@1.0::IDrmFactory in either framework or device manifest, using default transport.
10-31 14:57:33.308   562 28303 I DrmHal  : makeDrmFactories: using default drm instance
10-31 14:57:33.309   562 19051 D WVCdm   : Instantiating CDM.
10-31 14:57:33.312   562 28303 I WVCdm   : CdmEngine::QueryStatus
10-31 14:57:33.312   562 28303 I WVCdm   : Level3 Library 4445 May 19 2017 17:17:20
10-31 14:57:33.320   562 28303 D QSEECOMAPI: : QSEECom_get_handle sb_length = 0x19000
10-31 14:57:33.320   562 28303 D QSEECOMAPI: : App is not loaded in QSEE
10-31 14:57:33.372   562 28303 D QSEECOMAPI: : Loaded image: APP id = 2462
10-31 14:57:33.383   562 28303 D QSAPPSVER: qsapps_get_capabilities: Capability from secure side: 0x0
10-31 14:57:33.383   562 28303 D QSAPPSVER: qsapps_get_capabilities: returns 0
10-31 14:57:33.383   562 28303 E DrmWidevineDash: sion_buffer g_wv_fhandle->ion_sbuffer  0x0xef318000
10-31 14:57:33.387   372   376 D DrmLibTime: got the req here! ret=0
10-31 14:57:33.387   372   376 D DrmLibTime: command id, time_cmd_id = 770
10-31 14:57:33.387   372   376 D DrmLibTime: time_getutcsec starts!
10-31 14:57:33.387   372   376 D DrmLibTime: QSEE Time Listener: time_getutcsec
10-31 14:57:33.387   372   376 D DrmLibTime: QSEE Time Listener: get_utc_seconds
10-31 14:57:33.387   372   376 D DrmLibTime: QSEE Time Listener: time_get_modem_time
10-31 14:57:33.387   372   376 D DrmLibTime: QSEE Time Listener: Checking if ATS_MODEM is set or not.
10-31 14:57:33.387   372   376 D QC-time-services: Lib:time_genoff_operation: pargs->base = 13
10-31 14:57:33.387   372   376 D QC-time-services: Lib:time_genoff_operation: pargs->operation = 2
10-31 14:57:33.387   372   376 D QC-time-services: Lib:time_genoff_operation: pargs->ts_val = 0
10-31 14:57:33.388   372   376 D QC-time-services: Lib:time_genoff_operation: Send to server  passed!!
10-31 14:57:33.388   625   647 D QC-time-services: Daemon: Connection accepted:time_genoff
10-31 14:57:33.389   625  1995 D QC-time-services: Daemon:Received base = 13, unit = 1, operation = 2,value = 0
10-31 14:57:33.389   625  1995 D QC-time-services: Daemon:genoff_opr: Base = 13, val = 0, operation = 2
10-31 14:57:33.389   625  1995 D QC-time-services: offset is: 0 for base: 13
10-31 14:57:33.389   372   376 E QC-time-services: Receive Passed == base = 13, unit = 1, operation = 2, result = 0
10-31 14:57:33.389   372   376 D DrmLibTime: QSEE Time Listener: ATS_MODEM is not set. Fallback to Android system time.
10-31 14:57:33.389   372   376 D DrmLibTime: QSEE Time Listener: Retrieved Android system time: 1667224653
10-31 14:57:33.389   372   376 D DrmLibTime: time_getutcsec returns 0, sec = 1667224653; nsec = 0
10-31 14:57:33.389   372   376 D DrmLibTime: time_getutcsec finished! 
10-31 14:57:33.389   372   376 D DrmLibTime: iotcl_continue_command finished! and return 0 
10-31 14:57:33.389   372   376 D DrmLibTime: before calling ioctl to read the next time_cmd
10-31 14:57:33.390   625   647 E QC-time-services: Daemon: Time-services: Waiting to acceptconnection
10-31 14:57:33.437   562 28303 D WVCdm   : OEMCrypto_Initialize Level 1 success. I will use level 1.
10-31 14:57:33.438   562 28303 D QSEECOMAPI: : QSEECom_dealloc_memory 
10-31 14:57:33.438   562 28303 D QSEECOMAPI: : QSEECom_shutdown_app, app_id = 2462
10-31 14:57:33.452   562   644 I WVCdm   : CdmEngine::OpenSession
10-31 14:57:33.452   562   644 I WVCdm   : Level3 Library 4445 May 19 2017 17:17:20
10-31 14:57:33.457   562   644 D QSEECOMAPI: : QSEECom_get_handle sb_length = 0x19000
10-31 14:57:33.457   562   644 D QSEECOMAPI: : App is not loaded in QSEE
10-31 14:57:33.511   562   644 D QSEECOMAPI: : Loaded image: APP id = 2463
10-31 14:57:33.515   562   644 D QSAPPSVER: qsapps_get_capabilities: Capability from secure side: 0x0
10-31 14:57:33.515   562   644 D QSAPPSVER: qsapps_get_capabilities: returns 0
10-31 14:57:33.515   562   644 E DrmWidevineDash: sion_buffer g_wv_fhandle->ion_sbuffer  0x0xef318000
10-31 14:57:33.518   372   376 D DrmLibTime: got the req here! ret=0
10-31 14:57:33.518   372   376 D DrmLibTime: command id, time_cmd_id = 770
10-31 14:57:33.518   372   376 D DrmLibTime: time_getutcsec starts!
10-31 14:57:33.518   372   376 D DrmLibTime: QSEE Time Listener: time_getutcsec
10-31 14:57:33.518   372   376 D DrmLibTime: QSEE Time Listener: get_utc_seconds
10-31 14:57:33.518   372   376 D DrmLibTime: QSEE Time Listener: time_get_modem_time
10-31 14:57:33.518   372   376 D DrmLibTime: QSEE Time Listener: Checking if ATS_MODEM is set or not.
10-31 14:57:33.518   372   376 D QC-time-services: Lib:time_genoff_operation: pargs->base = 13
10-31 14:57:33.518   372   376 D QC-time-services: Lib:time_genoff_operation: pargs->operation = 2
10-31 14:57:33.518   372   376 D QC-time-services: Lib:time_genoff_operation: pargs->ts_val = 0
10-31 14:57:33.518   372   376 D QC-time-services: Lib:time_genoff_operation: Send to server  passed!!
10-31 14:57:33.518   625   647 D QC-time-services: Daemon: Connection accepted:time_genoff
10-31 14:57:33.519   625  1996 D QC-time-services: Daemon:Received base = 13, unit = 1, operation = 2,value = 0
10-31 14:57:33.519   625  1996 D QC-time-services: Daemon:genoff_opr: Base = 13, val = 0, operation = 2
10-31 14:57:33.519   625  1996 D QC-time-services: offset is: 0 for base: 13
10-31 14:57:33.519   372   376 E QC-time-services: Receive Passed == base = 13, unit = 1, operation = 2, result = 0
10-31 14:57:33.519   372   376 D DrmLibTime: QSEE Time Listener: ATS_MODEM is not set. Fallback to Android system time.
10-31 14:57:33.519   372   376 D DrmLibTime: QSEE Time Listener: Retrieved Android system time: 1667224653
10-31 14:57:33.519   372   376 D DrmLibTime: time_getutcsec returns 0, sec = 1667224653; nsec = 0
10-31 14:57:33.519   372   376 D DrmLibTime: time_getutcsec finished! 
10-31 14:57:33.519   372   376 D DrmLibTime: iotcl_continue_command finished! and return 0 
10-31 14:57:33.519   372   376 D DrmLibTime: before calling ioctl to read the next time_cmd
10-31 14:57:33.519   625   647 E QC-time-services: Daemon: Time-services: Waiting to acceptconnection
10-31 14:57:33.543   562   644 D WVCdm   : OEMCrypto_Initialize Level 1 success. I will use level 1.
10-31 14:57:33.543   562   644 D WVCdm   : CryptoSession::Open: Lock: requested_security_level: L3
10-31 14:57:33.549   562   644 W WVCdm   : DeviceFiles::RetrieveHashedFile: /data/mediadrm/IDM1013/L3/cert.bin does not exist
10-31 14:57:33.550   562   644 D QSEECOMAPI: : QSEECom_dealloc_memory 
10-31 14:57:33.550   562   644 D QSEECOMAPI: : QSEECom_shutdown_app, app_id = 2463
10-31 14:57:33.570   562 19050 I WVCdm   : Level3 Library 4445 May 19 2017 17:17:20
10-31 14:57:33.573   562 19050 D QSEECOMAPI: : QSEECom_get_handle sb_length = 0x19000
10-31 14:57:33.573   562 19050 D QSEECOMAPI: : App is not loaded in QSEE
10-31 14:57:33.623   562 19050 D QSEECOMAPI: : Loaded image: APP id = 2464
10-31 14:57:33.626   562 19050 D QSAPPSVER: qsapps_get_capabilities: Capability from secure side: 0x0
10-31 14:57:33.626   562 19050 D QSAPPSVER: qsapps_get_capabilities: returns 0
10-31 14:57:33.626   562 19050 E DrmWidevineDash: sion_buffer g_wv_fhandle->ion_sbuffer  0x0xef318000
10-31 14:57:33.629   372   376 D DrmLibTime: got the req here! ret=0
10-31 14:57:33.629   372   376 D DrmLibTime: command id, time_cmd_id = 770
10-31 14:57:33.629   372   376 D DrmLibTime: time_getutcsec starts!
10-31 14:57:33.629   372   376 D DrmLibTime: QSEE Time Listener: time_getutcsec
10-31 14:57:33.629   372   376 D DrmLibTime: QSEE Time Listener: get_utc_seconds
10-31 14:57:33.629   372   376 D DrmLibTime: QSEE Time Listener: time_get_modem_time
10-31 14:57:33.629   372   376 D DrmLibTime: QSEE Time Listener: Checking if ATS_MODEM is set or not.
10-31 14:57:33.629   372   376 D QC-time-services: Lib:time_genoff_operation: pargs->base = 13
10-31 14:57:33.629   372   376 D QC-time-services: Lib:time_genoff_operation: pargs->operation = 2
10-31 14:57:33.629   372   376 D QC-time-services: Lib:time_genoff_operation: pargs->ts_val = 0
10-31 14:57:33.630   372   376 D QC-time-services: Lib:time_genoff_operation: Send to server  passed!!
10-31 14:57:33.630   625   647 D QC-time-services: Daemon: Connection accepted:time_genoff
10-31 14:57:33.630   625  1997 D QC-time-services: Daemon:Received base = 13, unit = 1, operation = 2,value = 0
10-31 14:57:33.630   625  1997 D QC-time-services: Daemon:genoff_opr: Base = 13, val = 0, operation = 2
10-31 14:57:33.630   625  1997 D QC-time-services: offset is: 0 for base: 13
10-31 14:57:33.630   372   376 E QC-time-services: Receive Passed == base = 13, unit = 1, operation = 2, result = 0
10-31 14:57:33.630   372   376 D DrmLibTime: QSEE Time Listener: ATS_MODEM is not set. Fallback to Android system time.
10-31 14:57:33.630   372   376 D DrmLibTime: QSEE Time Listener: Retrieved Android system time: 1667224653
10-31 14:57:33.630   372   376 D DrmLibTime: time_getutcsec returns 0, sec = 1667224653; nsec = 0
10-31 14:57:33.630   372   376 D DrmLibTime: time_getutcsec finished! 
10-31 14:57:33.630   372   376 D DrmLibTime: iotcl_continue_command finished! and return 0 
10-31 14:57:33.630   372   376 D DrmLibTime: before calling ioctl to read the next time_cmd
10-31 14:57:33.630   625   647 E QC-time-services: Daemon: Time-services: Waiting to acceptconnection
10-31 14:57:33.664   562 19050 D WVCdm   : OEMCrypto_Initialize Level 1 success. I will use level 1.
10-31 14:57:33.664   562 19050 D WVCdm   : CryptoSession::Open: Lock: requested_security_level: L3
10-31 14:57:33.675   950   950 I cr_media: Provisioning origin ID 6C9F42372038ECCAF5F08847DE9C42FB
10-31 14:57:33.679   950   950 I MediaDrm: Drm event (1,0)
10-31 14:57:33.679   950   950 E cr_media: EventListener: No session for event 1.
10-31 14:57:33.917   562   562 D QSEECOMAPI: : QSEECom_dealloc_memory 
10-31 14:57:33.917   562   562 D QSEECOMAPI: : QSEECom_shutdown_app, app_id = 2464
10-31 14:57:33.930   950   950 I cr_media: Create MediaDrmBridge with level L1 and origin 6C9F42372038ECCAF5F08847DE9C42FB
10-31 14:57:33.932   361   361 W /system/bin/hwservicemanager: getTransportFromManifest: Cannot find entry android.hardware.drm@1.0::IDrmFactory in either framework or device manifest, using default transport.
10-31 14:57:33.935   562  5487 I DrmHal  : makeDrmFactories: using default drm instance
10-31 14:57:33.937   361   361 W /system/bin/hwservicemanager: getTransportFromManifest: Cannot find entry android.hardware.drm@1.0::IDrmFactory in either framework or device manifest, using default transport.
10-31 14:57:33.940   562 19050 I DrmHal  : makeDrmFactories: using default drm instance
10-31 14:57:33.942   562 28303 I WVCdm   : CdmEngine::QueryStatus
10-31 14:57:33.942   562 28303 I WVCdm   : Level3 Library 4445 May 19 2017 17:17:20
10-31 14:57:33.946   562 28303 D QSEECOMAPI: : QSEECom_get_handle sb_length = 0x19000
10-31 14:57:33.946   562 28303 D QSEECOMAPI: : App is not loaded in QSEE
10-31 14:57:33.988   562 28303 D QSEECOMAPI: : Loaded image: APP id = 2465
10-31 14:57:33.990   562 28303 D QSAPPSVER: qsapps_get_capabilities: Capability from secure side: 0x0
10-31 14:57:33.990   562 28303 D QSAPPSVER: qsapps_get_capabilities: returns 0
10-31 14:57:33.990   562 28303 E DrmWidevineDash: sion_buffer g_wv_fhandle->ion_sbuffer  0x0xef304000
10-31 14:57:33.993   372   376 D DrmLibTime: got the req here! ret=0
10-31 14:57:33.993   372   376 D DrmLibTime: command id, time_cmd_id = 770
10-31 14:57:33.993   372   376 D DrmLibTime: time_getutcsec starts!
10-31 14:57:33.993   372   376 D DrmLibTime: QSEE Time Listener: time_getutcsec
10-31 14:57:33.993   372   376 D DrmLibTime: QSEE Time Listener: get_utc_seconds
10-31 14:57:33.993   372   376 D DrmLibTime: QSEE Time Listener: time_get_modem_time
10-31 14:57:33.994   372   376 D DrmLibTime: QSEE Time Listener: Checking if ATS_MODEM is set or not.
10-31 14:57:33.994   372   376 D QC-time-services: Lib:time_genoff_operation: pargs->base = 13
10-31 14:57:33.994   372   376 D QC-time-services: Lib:time_genoff_operation: pargs->operation = 2
10-31 14:57:33.994   372   376 D QC-time-services: Lib:time_genoff_operation: pargs->ts_val = 0
10-31 14:57:33.994   372   376 D QC-time-services: Lib:time_genoff_operation: Send to server  passed!!
10-31 14:57:33.994   625   647 D QC-time-services: Daemon: Connection accepted:time_genoff
10-31 14:57:33.994   625  2002 D QC-time-services: Daemon:Received base = 13, unit = 1, operation = 2,value = 0
10-31 14:57:33.994   625  2002 D QC-time-services: Daemon:genoff_opr: Base = 13, val = 0, operation = 2
10-31 14:57:33.994   625  2002 D QC-time-services: offset is: 0 for base: 13
10-31 14:57:33.994   372   376 E QC-time-services: Receive Passed == base = 13, unit = 1, operation = 2, result = 0
10-31 14:57:33.994   372   376 D DrmLibTime: QSEE Time Listener: ATS_MODEM is not set. Fallback to Android system time.
10-31 14:57:33.994   372   376 D DrmLibTime: QSEE Time Listener: Retrieved Android system time: 1667224653
10-31 14:57:33.994   372   376 D DrmLibTime: time_getutcsec returns 0, sec = 1667224653; nsec = 0
10-31 14:57:33.994   372   376 D DrmLibTime: time_getutcsec finished! 
10-31 14:57:33.995   372   376 D DrmLibTime: iotcl_continue_command finished! and return 0 
10-31 14:57:33.995   372   376 D DrmLibTime: before calling ioctl to read the next time_cmd
10-31 14:57:33.995   625   647 E QC-time-services: Daemon: Time-services: Waiting to acceptconnection
10-31 14:57:34.020   562 28303 D WVCdm   : OEMCrypto_Initialize Level 1 success. I will use level 1.
10-31 14:57:34.021   562 28303 D QSEECOMAPI: : QSEECom_dealloc_memory 
10-31 14:57:34.021   562 28303 D QSEECOMAPI: : QSEECom_shutdown_app, app_id = 2465
10-31 14:57:34.029   562 19051 I WVCdm   : CdmEngine::OpenSession
10-31 14:57:34.029   562 19051 I WVCdm   : Level3 Library 4445 May 19 2017 17:17:20
10-31 14:57:34.036   562 19051 D QSEECOMAPI: : QSEECom_get_handle sb_length = 0x19000
10-31 14:57:34.037   562 19051 D QSEECOMAPI: : App is not loaded in QSEE
10-31 14:57:34.081   562 19051 D QSEECOMAPI: : Loaded image: APP id = 2466
10-31 14:57:34.084   562 19051 D QSAPPSVER: qsapps_get_capabilities: Capability from secure side: 0x0
10-31 14:57:34.084   562 19051 D QSAPPSVER: qsapps_get_capabilities: returns 0
10-31 14:57:34.084   562 19051 E DrmWidevineDash: sion_buffer g_wv_fhandle->ion_sbuffer  0x0xef304000
10-31 14:57:34.087   372   376 D DrmLibTime: got the req here! ret=0
10-31 14:57:34.087   372   376 D DrmLibTime: command id, time_cmd_id = 770
10-31 14:57:34.087   372   376 D DrmLibTime: time_getutcsec starts!
10-31 14:57:34.087   372   376 D DrmLibTime: QSEE Time Listener: time_getutcsec
10-31 14:57:34.087   372   376 D DrmLibTime: QSEE Time Listener: get_utc_seconds
10-31 14:57:34.087   372   376 D DrmLibTime: QSEE Time Listener: time_get_modem_time
10-31 14:57:34.087   372   376 D DrmLibTime: QSEE Time Listener: Checking if ATS_MODEM is set or not.
10-31 14:57:34.087   372   376 D QC-time-services: Lib:time_genoff_operation: pargs->base = 13
10-31 14:57:34.087   372   376 D QC-time-services: Lib:time_genoff_operation: pargs->operation = 2
10-31 14:57:34.087   372   376 D QC-time-services: Lib:time_genoff_operation: pargs->ts_val = 0
10-31 14:57:34.087   372   376 D QC-time-services: Lib:time_genoff_operation: Send to server  passed!!
10-31 14:57:34.087   625   647 D QC-time-services: Daemon: Connection accepted:time_genoff
10-31 14:57:34.088   625  2003 D QC-time-services: Daemon:Received base = 13, unit = 1, operation = 2,value = 0
10-31 14:57:34.088   625  2003 D QC-time-services: Daemon:genoff_opr: Base = 13, val = 0, operation = 2
10-31 14:57:34.088   625  2003 D QC-time-services: offset is: 0 for base: 13
10-31 14:57:34.088   372   376 E QC-time-services: Receive Passed == base = 13, unit = 1, operation = 2, result = 0
10-31 14:57:34.088   372   376 D DrmLibTime: QSEE Time Listener: ATS_MODEM is not set. Fallback to Android system time.
10-31 14:57:34.088   372   376 D DrmLibTime: QSEE Time Listener: Retrieved Android system time: 1667224654
10-31 14:57:34.088   372   376 D DrmLibTime: time_getutcsec returns 0, sec = 1667224654; nsec = 0
10-31 14:57:34.088   372   376 D DrmLibTime: time_getutcsec finished! 
10-31 14:57:34.088   372   376 D DrmLibTime: iotcl_continue_command finished! and return 0 
10-31 14:57:34.088   372   376 D DrmLibTime: before calling ioctl to read the next time_cmd
10-31 14:57:34.088   625   647 E QC-time-services: Daemon: Time-services: Waiting to acceptconnection
10-31 14:57:34.119   562 19051 D WVCdm   : OEMCrypto_Initialize Level 1 success. I will use level 1.
10-31 14:57:34.119   562 19051 D WVCdm   : CryptoSession::Open: Lock: requested_security_level: Default
10-31 14:57:34.121   562 19051 W WVCdm   : DeviceFiles::RetrieveHashedFile: /data/mediadrm/IDM1013/L1/cert.bin does not exist
10-31 14:57:34.122   562 19051 D QSEECOMAPI: : QSEECom_dealloc_memory 
10-31 14:57:34.122   562 19051 D QSEECOMAPI: : QSEECom_shutdown_app, app_id = 2466
10-31 14:57:34.131   562 19050 I WVCdm   : Level3 Library 4445 May 19 2017 17:17:20
10-31 14:57:34.133   562 19050 D QSEECOMAPI: : QSEECom_get_handle sb_length = 0x19000
10-31 14:57:34.133   562 19050 D QSEECOMAPI: : App is not loaded in QSEE
10-31 14:57:34.173   562 19050 D QSEECOMAPI: : Loaded image: APP id = 2467
10-31 14:57:34.176   562 19050 D QSAPPSVER: qsapps_get_capabilities: Capability from secure side: 0x0
10-31 14:57:34.176   562 19050 D QSAPPSVER: qsapps_get_capabilities: returns 0
10-31 14:57:34.176   562 19050 E DrmWidevineDash: sion_buffer g_wv_fhandle->ion_sbuffer  0x0xef34c000
10-31 14:57:34.179   372   376 D DrmLibTime: got the req here! ret=0
10-31 14:57:34.179   372   376 D DrmLibTime: command id, time_cmd_id = 770
10-31 14:57:34.179   372   376 D DrmLibTime: time_getutcsec starts!
10-31 14:57:34.179   372   376 D DrmLibTime: QSEE Time Listener: time_getutcsec
10-31 14:57:34.179   372   376 D DrmLibTime: QSEE Time Listener: get_utc_seconds
10-31 14:57:34.179   372   376 D DrmLibTime: QSEE Time Listener: time_get_modem_time
10-31 14:57:34.179   372   376 D DrmLibTime: QSEE Time Listener: Checking if ATS_MODEM is set or not.
10-31 14:57:34.179   372   376 D QC-time-services: Lib:time_genoff_operation: pargs->base = 13
10-31 14:57:34.179   372   376 D QC-time-services: Lib:time_genoff_operation: pargs->operation = 2
10-31 14:57:34.179   372   376 D QC-time-services: Lib:time_genoff_operation: pargs->ts_val = 0
10-31 14:57:34.179   372   376 D QC-time-services: Lib:time_genoff_operation: Send to server  passed!!
10-31 14:57:34.179   625   647 D QC-time-services: Daemon: Connection accepted:time_genoff
10-31 14:57:34.179   625  2004 D QC-time-services: Daemon:Received base = 13, unit = 1, operation = 2,value = 0
10-31 14:57:34.179   625  2004 D QC-time-services: Daemon:genoff_opr: Base = 13, val = 0, operation = 2
10-31 14:57:34.179   625  2004 D QC-time-services: offset is: 0 for base: 13
10-31 14:57:34.179   372   376 E QC-time-services: Receive Passed == base = 13, unit = 1, operation = 2, result = 0
10-31 14:57:34.180   372   376 D DrmLibTime: QSEE Time Listener: ATS_MODEM is not set. Fallback to Android system time.
10-31 14:57:34.180   372   376 D DrmLibTime: QSEE Time Listener: Retrieved Android system time: 1667224654
10-31 14:57:34.180   372   376 D DrmLibTime: time_getutcsec returns 0, sec = 1667224654; nsec = 0
10-31 14:57:34.180   372   376 D DrmLibTime: time_getutcsec finished! 
10-31 14:57:34.180   372   376 D DrmLibTime: iotcl_continue_command finished! and return 0 
10-31 14:57:34.180   372   376 D DrmLibTime: before calling ioctl to read the next time_cmd
10-31 14:57:34.180   625   647 E QC-time-services: Daemon: Time-services: Waiting to acceptconnection
10-31 14:57:34.208   562 19050 D WVCdm   : OEMCrypto_Initialize Level 1 success. I will use level 1.
10-31 14:57:34.208   562 19050 D WVCdm   : CryptoSession::Open: Lock: requested_security_level: Default
10-31 14:57:34.296   562 19050 E DrmWidevineDash: OEMCrypto_GenerateSignature : input wrapped_rsa_key == NULL!, return short buffer
10-31 14:57:34.298   950   950 I cr_media: Provisioning origin ID 6C9F42372038ECCAF5F08847DE9C42FB
10-31 14:57:34.314   950   950 I MediaDrm: Drm event (1,0)
10-31 14:57:34.314   950   950 E cr_media: EventListener: No session for event 1.
10-31 14:57:34.346   562   644 E DrmWidevineDash: OEMCrypto_RewrapDeviceRSAKey : input wrapped_rsa_key == NULL!, return short buffer
10-31 14:57:34.379   562   644 D QSEECOMAPI: : QSEECom_dealloc_memory 
10-31 14:57:34.380   562   644 D QSEECOMAPI: : QSEECom_shutdown_app, app_id = 2467
10-31 14:57:34.394   950   950 I cr_media: Create MediaDrmBridge with level L3 and origin 87B8B6CC4258F88447264ADBF3980D09
10-31 14:57:34.397   361   361 W /system/bin/hwservicemanager: getTransportFromManifest: Cannot find entry android.hardware.drm@1.0::IDrmFactory in either framework or device manifest, using default transport.
10-31 14:57:34.453   562   562 I DrmHal  : makeDrmFactories: using default drm instance
10-31 14:57:34.455   361   361 W /system/bin/hwservicemanager: getTransportFromManifest: Cannot find entry android.hardware.drm@1.0::IDrmFactory in either framework or device manifest, using default transport.
10-31 14:57:34.512   562  5487 I DrmHal  : makeDrmFactories: using default drm instance
10-31 14:57:34.513   562 19050 D WVCdm   : Instantiating CDM.
10-31 14:57:34.515   562 19050 I WVCdm   : CdmEngine::QueryStatus
10-31 14:57:34.515   562 19050 I WVCdm   : Level3 Library 4445 May 19 2017 17:17:20
10-31 14:57:34.522   562 19050 D QSEECOMAPI: : QSEECom_get_handle sb_length = 0x19000
10-31 14:57:34.522   562 19050 D QSEECOMAPI: : App is not loaded in QSEE
10-31 14:57:34.570   562 19050 D QSEECOMAPI: : Loaded image: APP id = 2468
10-31 14:57:34.573   562 19050 D QSAPPSVER: qsapps_get_capabilities: Capability from secure side: 0x0
10-31 14:57:34.573   562 19050 D QSAPPSVER: qsapps_get_capabilities: returns 0
10-31 14:57:34.573   562 19050 E DrmWidevineDash: sion_buffer g_wv_fhandle->ion_sbuffer  0x0xef245000
10-31 14:57:34.576   372   376 D DrmLibTime: got the req here! ret=0
10-31 14:57:34.576   372   376 D DrmLibTime: command id, time_cmd_id = 770
10-31 14:57:34.576   372   376 D DrmLibTime: time_getutcsec starts!
10-31 14:57:34.576   372   376 D DrmLibTime: QSEE Time Listener: time_getutcsec
10-31 14:57:34.576   372   376 D DrmLibTime: QSEE Time Listener: get_utc_seconds
10-31 14:57:34.576   372   376 D DrmLibTime: QSEE Time Listener: time_get_modem_time
10-31 14:57:34.576   372   376 D DrmLibTime: QSEE Time Listener: Checking if ATS_MODEM is set or not.
10-31 14:57:34.576   372   376 D QC-time-services: Lib:time_genoff_operation: pargs->base = 13
10-31 14:57:34.576   372   376 D QC-time-services: Lib:time_genoff_operation: pargs->operation = 2
10-31 14:57:34.576   372   376 D QC-time-services: Lib:time_genoff_operation: pargs->ts_val = 0
10-31 14:57:34.576   372   376 D QC-time-services: Lib:time_genoff_operation: Send to server  passed!!
10-31 14:57:34.577   625   647 D QC-time-services: Daemon: Connection accepted:time_genoff
10-31 14:57:34.577   625  2009 D QC-time-services: Daemon:Received base = 13, unit = 1, operation = 2,value = 0
10-31 14:57:34.577   625  2009 D QC-time-services: Daemon:genoff_opr: Base = 13, val = 0, operation = 2
10-31 14:57:34.577   625  2009 D QC-time-services: offset is: 0 for base: 13
10-31 14:57:34.577   372   376 E QC-time-services: Receive Passed == base = 13, unit = 1, operation = 2, result = 0
10-31 14:57:34.577   372   376 D DrmLibTime: QSEE Time Listener: ATS_MODEM is not set. Fallback to Android system time.
10-31 14:57:34.577   372   376 D DrmLibTime: QSEE Time Listener: Retrieved Android system time: 1667224654
10-31 14:57:34.577   372   376 D DrmLibTime: time_getutcsec returns 0, sec = 1667224654; nsec = 0
10-31 14:57:34.577   372   376 D DrmLibTime: time_getutcsec finished! 
10-31 14:57:34.577   372   376 D DrmLibTime: iotcl_continue_command finished! and return 0 
10-31 14:57:34.577   372   376 D DrmLibTime: before calling ioctl to read the next time_cmd
10-31 14:57:34.577   625   647 E QC-time-services: Daemon: Time-services: Waiting to acceptconnection
10-31 14:57:34.619   562 19050 D WVCdm   : OEMCrypto_Initialize Level 1 success. I will use level 1.
10-31 14:57:34.621   562 19050 D QSEECOMAPI: : QSEECom_dealloc_memory 
10-31 14:57:34.621   562 19050 D QSEECOMAPI: : QSEECom_shutdown_app, app_id = 2468
10-31 14:57:34.634   562  5487 I WVCdm   : CdmEngine::OpenSession
10-31 14:57:34.635   562  5487 I WVCdm   : Level3 Library 4445 May 19 2017 17:17:20
10-31 14:57:34.638   562  5487 D QSEECOMAPI: : QSEECom_get_handle sb_length = 0x19000
10-31 14:57:34.638   562  5487 D QSEECOMAPI: : App is not loaded in QSEE
10-31 14:57:34.683   562  5487 D QSEECOMAPI: : Loaded image: APP id = 2469
10-31 14:57:34.686   562  5487 D QSAPPSVER: qsapps_get_capabilities: Capability from secure side: 0x0
10-31 14:57:34.686   562  5487 D QSAPPSVER: qsapps_get_capabilities: returns 0
10-31 14:57:34.686   562  5487 E DrmWidevineDash: sion_buffer g_wv_fhandle->ion_sbuffer  0x0xef245000
10-31 14:57:34.690   372   376 D DrmLibTime: got the req here! ret=0
10-31 14:57:34.690   372   376 D DrmLibTime: command id, time_cmd_id = 770
10-31 14:57:34.690   372   376 D DrmLibTime: time_getutcsec starts!
10-31 14:57:34.690   372   376 D DrmLibTime: QSEE Time Listener: time_getutcsec
10-31 14:57:34.690   372   376 D DrmLibTime: QSEE Time Listener: get_utc_seconds
10-31 14:57:34.690   372   376 D DrmLibTime: QSEE Time Listener: time_get_modem_time
10-31 14:57:34.690   372   376 D DrmLibTime: QSEE Time Listener: Checking if ATS_MODEM is set or not.
10-31 14:57:34.690   372   376 D QC-time-services: Lib:time_genoff_operation: pargs->base = 13
10-31 14:57:34.690   372   376 D QC-time-services: Lib:time_genoff_operation: pargs->operation = 2
10-31 14:57:34.690   372   376 D QC-time-services: Lib:time_genoff_operation: pargs->ts_val = 0
10-31 14:57:34.690   372   376 D QC-time-services: Lib:time_genoff_operation: Send to server  passed!!
10-31 14:57:34.690   625   647 D QC-time-services: Daemon: Connection accepted:time_genoff
10-31 14:57:34.691   625  2010 D QC-time-services: Daemon:Received base = 13, unit = 1, operation = 2,value = 0
10-31 14:57:34.691   625  2010 D QC-time-services: Daemon:genoff_opr: Base = 13, val = 0, operation = 2
10-31 14:57:34.691   625  2010 D QC-time-services: offset is: 0 for base: 13
10-31 14:57:34.691   372   376 E QC-time-services: Receive Passed == base = 13, unit = 1, operation = 2, result = 0
10-31 14:57:34.691   372   376 D DrmLibTime: QSEE Time Listener: ATS_MODEM is not set. Fallback to Android system time.
10-31 14:57:34.691   372   376 D DrmLibTime: QSEE Time Listener: Retrieved Android system time: 1667224654
10-31 14:57:34.691   372   376 D DrmLibTime: time_getutcsec returns 0, sec = 1667224654; nsec = 0
10-31 14:57:34.691   372   376 D DrmLibTime: time_getutcsec finished! 
10-31 14:57:34.691   372   376 D DrmLibTime: iotcl_continue_command finished! and return 0 
10-31 14:57:34.691   372   376 D DrmLibTime: before calling ioctl to read the next time_cmd
10-31 14:57:34.691   625   647 E QC-time-services: Daemon: Time-services: Waiting to acceptconnection
10-31 14:57:34.721   562  5487 D WVCdm   : OEMCrypto_Initialize Level 1 success. I will use level 1.
10-31 14:57:34.721   562  5487 D WVCdm   : CryptoSession::Open: Lock: requested_security_level: L3
10-31 14:57:34.726   562  5487 W WVCdm   : DeviceFiles::RetrieveHashedFile: /data/mediadrm/IDM1013/L3/cert.bin does not exist
10-31 14:57:34.727   562  5487 D QSEECOMAPI: : QSEECom_dealloc_memory 
10-31 14:57:34.727   562  5487 D QSEECOMAPI: : QSEECom_shutdown_app, app_id = 2469
10-31 14:57:34.736   562 19051 I WVCdm   : Level3 Library 4445 May 19 2017 17:17:20
10-31 14:57:34.738   562 19051 D QSEECOMAPI: : QSEECom_get_handle sb_length = 0x19000
10-31 14:57:34.738   562 19051 D QSEECOMAPI: : App is not loaded in QSEE
10-31 14:57:34.778   562 19051 D QSEECOMAPI: : Loaded image: APP id = 2470
10-31 14:57:34.780   562 19051 D QSAPPSVER: qsapps_get_capabilities: Capability from secure side: 0x0
10-31 14:57:34.780   562 19051 D QSAPPSVER: qsapps_get_capabilities: returns 0
10-31 14:57:34.780   562 19051 E DrmWidevineDash: sion_buffer g_wv_fhandle->ion_sbuffer  0x0xef245000
10-31 14:57:34.783   372   376 D DrmLibTime: got the req here! ret=0
10-31 14:57:34.783   372   376 D DrmLibTime: command id, time_cmd_id = 770
10-31 14:57:34.783   372   376 D DrmLibTime: time_getutcsec starts!
10-31 14:57:34.783   372   376 D DrmLibTime: QSEE Time Listener: time_getutcsec
10-31 14:57:34.783   372   376 D DrmLibTime: QSEE Time Listener: get_utc_seconds
10-31 14:57:34.783   372   376 D DrmLibTime: QSEE Time Listener: time_get_modem_time
10-31 14:57:34.783   372   376 D DrmLibTime: QSEE Time Listener: Checking if ATS_MODEM is set or not.
10-31 14:57:34.783   372   376 D QC-time-services: Lib:time_genoff_operation: pargs->base = 13
10-31 14:57:34.784   372   376 D QC-time-services: Lib:time_genoff_operation: pargs->operation = 2
10-31 14:57:34.784   372   376 D QC-time-services: Lib:time_genoff_operation: pargs->ts_val = 0
10-31 14:57:34.784   372   376 D QC-time-services: Lib:time_genoff_operation: Send to server  passed!!
10-31 14:57:34.784   625   647 D QC-time-services: Daemon: Connection accepted:time_genoff
10-31 14:57:34.784   625  2011 D QC-time-services: Daemon:Received base = 13, unit = 1, operation = 2,value = 0
10-31 14:57:34.784   625  2011 D QC-time-services: Daemon:genoff_opr: Base = 13, val = 0, operation = 2
10-31 14:57:34.784   625  2011 D QC-time-services: offset is: 0 for base: 13
10-31 14:57:34.784   372   376 E QC-time-services: Receive Passed == base = 13, unit = 1, operation = 2, result = 0
10-31 14:57:34.784   372   376 D DrmLibTime: QSEE Time Listener: ATS_MODEM is not set. Fallback to Android system time.
10-31 14:57:34.784   372   376 D DrmLibTime: QSEE Time Listener: Retrieved Android system time: 1667224654
10-31 14:57:34.784   372   376 D DrmLibTime: time_getutcsec returns 0, sec = 1667224654; nsec = 0
10-31 14:57:34.784   372   376 D DrmLibTime: time_getutcsec finished! 
10-31 14:57:34.784   372   376 D DrmLibTime: iotcl_continue_command finished! and return 0 
10-31 14:57:34.784   372   376 D DrmLibTime: before calling ioctl to read the next time_cmd
10-31 14:57:34.785   625   647 E QC-time-services: Daemon: Time-services: Waiting to acceptconnection
10-31 14:57:34.818   562 19051 D WVCdm   : OEMCrypto_Initialize Level 1 success. I will use level 1.
10-31 14:57:34.818   562 19051 D WVCdm   : CryptoSession::Open: Lock: requested_security_level: L3
10-31 14:57:34.827   950   950 I cr_media: Provisioning origin ID 87B8B6CC4258F88447264ADBF3980D09
10-31 14:57:34.828   950   950 I MediaDrm: Drm event (1,0)
10-31 14:57:34.828   950   950 E cr_media: EventListener: No session for event 1.
10-31 14:57:34.849  2012  2012 E /system/bin/webview_zygote32: failed to make and chown /acct/uid_99370: Permission denied
10-31 14:57:34.850  2012  2012 E Zygote  : createProcessGroup(99370, 0) failed: Permission denied
10-31 14:57:34.852   772  3041 I ActivityManager: Start proc 2012:com.android.chrome:sandboxed_process30/u0i370 for webview_service com.android.chrome/org.chromium.content.app.SandboxedProcessService30
10-31 14:57:34.877   562   562 D QSEECOMAPI: : QSEECom_dealloc_memory 
10-31 14:57:34.877   562   562 D QSEECOMAPI: : QSEECom_shutdown_app, app_id = 2470
10-31 14:57:34.890  2012  2012 I SamplingProfilerIntegration: Profiling disabled.
10-31 14:57:34.893   950   950 I cr_media: Create MediaDrmBridge with level L1 and origin 87B8B6CC4258F88447264ADBF3980D09
10-31 14:57:34.895   361   361 W /system/bin/hwservicemanager: getTransportFromManifest: Cannot find entry android.hardware.drm@1.0::IDrmFactory in either framework or device manifest, using default transport.
10-31 14:57:34.899   562 28303 I DrmHal  : makeDrmFactories: using default drm instance
10-31 14:57:34.902   361   361 W /system/bin/hwservicemanager: getTransportFromManifest: Cannot find entry android.hardware.drm@1.0::IDrmFactory in either framework or device manifest, using default transport.
10-31 14:57:34.905   562   562 I DrmHal  : makeDrmFactories: using default drm instance
10-31 14:57:34.907   562   562 I WVCdm   : CdmEngine::QueryStatus
10-31 14:57:34.908   562   562 I WVCdm   : Level3 Library 4445 May 19 2017 17:17:20
10-31 14:57:34.911   562   562 D QSEECOMAPI: : QSEECom_get_handle sb_length = 0x19000
10-31 14:57:34.912   562   562 D QSEECOMAPI: : App is not loaded in QSEE
10-31 14:57:34.916  2029  2029 E asset   : setgid: Operation not permitted
10-31 14:57:34.945  2012  2012 I cr_SplitCompatApp: Launched version=106.0.5249.79 minSdkVersion=24 isBundle=true processName=com.android.chrome:sandboxed_process30 isIsolated=true
10-31 14:57:34.949  2012  2012 W SystemServiceRegistry: No service published for: uimode
10-31 14:57:34.959  2012  2012 I cr_ChildProcessService: Creating new ChildProcessService pid=2012
10-31 14:57:34.963   562   562 D QSEECOMAPI: : Loaded image: APP id = 2471
10-31 14:57:34.965  2012  2012 E WebViewFactory: can't load with relro file; address space not reserved
10-31 14:57:34.966   562   562 D QSAPPSVER: qsapps_get_capabilities: Capability from secure side: 0x0
10-31 14:57:34.966   562   562 D QSAPPSVER: qsapps_get_capabilities: returns 0
10-31 14:57:34.966   562   562 E DrmWidevineDash: sion_buffer g_wv_fhandle->ion_sbuffer  0x0xef245000
10-31 14:57:34.970   372   376 D DrmLibTime: got the req here! ret=0
10-31 14:57:34.970   372   376 D DrmLibTime: command id, time_cmd_id = 770
10-31 14:57:34.970   372   376 D DrmLibTime: time_getutcsec starts!
10-31 14:57:34.970   372   376 D DrmLibTime: QSEE Time Listener: time_getutcsec
10-31 14:57:34.970   372   376 D DrmLibTime: QSEE Time Listener: get_utc_seconds
10-31 14:57:34.970   372   376 D DrmLibTime: QSEE Time Listener: time_get_modem_time
10-31 14:57:34.970   372   376 D DrmLibTime: QSEE Time Listener: Checking if ATS_MODEM is set or not.
10-31 14:57:34.970   372   376 D QC-time-services: Lib:time_genoff_operation: pargs->base = 13
10-31 14:57:34.970   372   376 D QC-time-services: Lib:time_genoff_operation: pargs->operation = 2
10-31 14:57:34.970   372   376 D QC-time-services: Lib:time_genoff_operation: pargs->ts_val = 0
10-31 14:57:34.970   372   376 D QC-time-services: Lib:time_genoff_operation: Send to server  passed!!
10-31 14:57:34.970   625   647 D QC-time-services: Daemon: Connection accepted:time_genoff
10-31 14:57:34.971   625  2031 D QC-time-services: Daemon:Received base = 13, unit = 1, operation = 2,value = 0
10-31 14:57:34.971   625  2031 D QC-time-services: Daemon:genoff_opr: Base = 13, val = 0, operation = 2
10-31 14:57:34.971   625  2031 D QC-time-services: offset is: 0 for base: 13
10-31 14:57:34.971   372   376 E QC-time-services: Receive Passed == base = 13, unit = 1, operation = 2, result = 0
10-31 14:57:34.971   372   376 D DrmLibTime: QSEE Time Listener: ATS_MODEM is not set. Fallback to Android system time.
10-31 14:57:34.971   372   376 D DrmLibTime: QSEE Time Listener: Retrieved Android system time: 1667224654
10-31 14:57:34.971   372   376 D DrmLibTime: time_getutcsec returns 0, sec = 1667224654; nsec = 0
10-31 14:57:34.971   372   376 D DrmLibTime: time_getutcsec finished! 
10-31 14:57:34.971   372   376 D DrmLibTime: iotcl_continue_command finished! and return 0 
10-31 14:57:34.971   372   376 D DrmLibTime: before calling ioctl to read the next time_cmd
10-31 14:57:34.971   625   647 E QC-time-services: Daemon: Time-services: Waiting to acceptconnection
10-31 14:57:34.976  2012  2030 I cr_LibraryLoader: Successfully loaded native library
10-31 14:57:34.978  2012  2030 I cr_CachingUmaRecorder: Flushed 3 samples from 3 histograms.
10-31 14:57:35.007   562   562 D WVCdm   : OEMCrypto_Initialize Level 1 success. I will use level 1.
10-31 14:57:35.008   562   562 D QSEECOMAPI: : QSEECom_dealloc_memory 
10-31 14:57:35.008   562   562 D QSEECOMAPI: : QSEECom_shutdown_app, app_id = 2471
10-31 14:57:35.015  2036  2036 W ThreadPoolForeg: type=1400 audit(0.0:15348): avc: denied { setattr } for name="LICENSE.txt" dev="dm-2" ino=1505172 scontext=u:r:isolated_app:s0:c512,c768 tcontext=u:object_r:app_data_file:s0:c512,c768 tclass=file permissive=0
10-31 14:57:35.019  2036  2036 W ThreadPoolForeg: type=1400 audit(0.0:15349): avc: denied { setattr } for name=46696C746572696E672052756C6573 dev="dm-2" ino=1505173 scontext=u:r:isolated_app:s0:c512,c768 tcontext=u:object_r:app_data_file:s0:c512,c768 tclass=file permissive=0
10-31 14:57:35.021   562 19051 I WVCdm   : CdmEngine::OpenSession
10-31 14:57:35.021   562 19051 I WVCdm   : Level3 Library 4445 May 19 2017 17:17:20
10-31 14:57:35.022  2036  2036 W ThreadPoolForeg: type=1400 audit(0.0:15350): avc: denied { setattr } for name="manifest.json" dev="dm-2" ino=1505174 scontext=u:r:isolated_app:s0:c512,c768 tcontext=u:object_r:app_data_file:s0:c512,c768 tclass=file permissive=0
10-31 14:57:35.024   562 19051 D QSEECOMAPI: : QSEECom_get_handle sb_length = 0x19000
10-31 14:57:35.024   562 19051 D QSEECOMAPI: : App is not loaded in QSEE
10-31 14:57:35.025  2036  2036 W ThreadPoolForeg: type=1400 audit(0.0:15351): avc: denied { setattr } for name="verified_contents.json" dev="dm-2" ino=1505176 scontext=u:r:isolated_app:s0:c512,c768 tcontext=u:object_r:app_data_file:s0:c512,c768 tclass=file permissive=0
10-31 14:57:35.034  2012  2030 I chromium: [INFO:child_process_service.cc(69)] ChildProcessService: Exiting child process.
10-31 14:57:35.036   422   422 E lowmemorykiller: Error writing /proc/2012/oom_score_adj; errno=22
10-31 14:57:35.037   772 10895 I ActivityManager: Killing 2012:com.android.chrome:sandboxed_process30/u0a60i370 (adj 0): isolated not needed
10-31 14:57:35.037   772   790 W zygote64: failed to open /acct/uid_99370/pid_2012/cgroup.procs: No such file or directory
10-31 14:57:35.068   562 19051 D QSEECOMAPI: : Loaded image: APP id = 2472
10-31 14:57:35.071   562 19051 D QSAPPSVER: qsapps_get_capabilities: Capability from secure side: 0x0
10-31 14:57:35.071   562 19051 D QSAPPSVER: qsapps_get_capabilities: returns 0
10-31 14:57:35.071   562 19051 E DrmWidevineDash: sion_buffer g_wv_fhandle->ion_sbuffer  0x0xef245000
10-31 14:57:35.074   372   376 D DrmLibTime: got the req here! ret=0
10-31 14:57:35.074   372   376 D DrmLibTime: command id, time_cmd_id = 770
10-31 14:57:35.074   372   376 D DrmLibTime: time_getutcsec starts!
10-31 14:57:35.074   372   376 D DrmLibTime: QSEE Time Listener: time_getutcsec
10-31 14:57:35.074   372   376 D DrmLibTime: QSEE Time Listener: get_utc_seconds
10-31 14:57:35.074   372   376 D DrmLibTime: QSEE Time Listener: time_get_modem_time
10-31 14:57:35.074   372   376 D DrmLibTime: QSEE Time Listener: Checking if ATS_MODEM is set or not.
10-31 14:57:35.074   372   376 D QC-time-services: Lib:time_genoff_operation: pargs->base = 13
10-31 14:57:35.074   372   376 D QC-time-services: Lib:time_genoff_operation: pargs->operation = 2
10-31 14:57:35.074   372   376 D QC-time-services: Lib:time_genoff_operation: pargs->ts_val = 0
10-31 14:57:35.074   372   376 D QC-time-services: Lib:time_genoff_operation: Send to server  passed!!
10-31 14:57:35.075   625   647 D QC-time-services: Daemon: Connection accepted:time_genoff
10-31 14:57:35.075   625  2038 D QC-time-services: Daemon:Received base = 13, unit = 1, operation = 2,value = 0
10-31 14:57:35.075   625  2038 D QC-time-services: Daemon:genoff_opr: Base = 13, val = 0, operation = 2
10-31 14:57:35.075   625  2038 D QC-time-services: offset is: 0 for base: 13
10-31 14:57:35.075   372   376 E QC-time-services: Receive Passed == base = 13, unit = 1, operation = 2, result = 0
10-31 14:57:35.075   372   376 D DrmLibTime: QSEE Time Listener: ATS_MODEM is not set. Fallback to Android system time.
10-31 14:57:35.075   372   376 D DrmLibTime: QSEE Time Listener: Retrieved Android system time: 1667224655
10-31 14:57:35.075   372   376 D DrmLibTime: time_getutcsec returns 0, sec = 1667224655; nsec = 0
10-31 14:57:35.075   372   376 D DrmLibTime: time_getutcsec finished! 
10-31 14:57:35.075   372   376 D DrmLibTime: iotcl_continue_command finished! and return 0 
10-31 14:57:35.075   372   376 D DrmLibTime: before calling ioctl to read the next time_cmd
10-31 14:57:35.075   625   647 E QC-time-services: Daemon: Time-services: Waiting to acceptconnection
10-31 14:57:35.111   562 19051 D WVCdm   : OEMCrypto_Initialize Level 1 success. I will use level 1.
10-31 14:57:35.111   562 19051 D WVCdm   : CryptoSession::Open: Lock: requested_security_level: Default
10-31 14:57:35.113   562 19051 W WVCdm   : DeviceFiles::RetrieveHashedFile: /data/mediadrm/IDM1013/L1/cert.bin does not exist
10-31 14:57:35.114   562 19051 D QSEECOMAPI: : QSEECom_dealloc_memory 
10-31 14:57:35.114   562 19051 D QSEECOMAPI: : QSEECom_shutdown_app, app_id = 2472
10-31 14:57:35.123   562  5487 I WVCdm   : Level3 Library 4445 May 19 2017 17:17:20
10-31 14:57:35.128   562  5487 D QSEECOMAPI: : QSEECom_get_handle sb_length = 0x19000
10-31 14:57:35.128   562  5487 D QSEECOMAPI: : App is not loaded in QSEE
10-31 14:57:35.168   562  5487 D QSEECOMAPI: : Loaded image: APP id = 2473
10-31 14:57:35.170   562  5487 D QSAPPSVER: qsapps_get_capabilities: Capability from secure side: 0x0
10-31 14:57:35.170   562  5487 D QSAPPSVER: qsapps_get_capabilities: returns 0
10-31 14:57:35.170   562  5487 E DrmWidevineDash: sion_buffer g_wv_fhandle->ion_sbuffer  0x0xef346000
10-31 14:57:35.174   372   376 D DrmLibTime: got the req here! ret=0
10-31 14:57:35.174   372   376 D DrmLibTime: command id, time_cmd_id = 770
10-31 14:57:35.174   372   376 D DrmLibTime: time_getutcsec starts!
10-31 14:57:35.174   372   376 D DrmLibTime: QSEE Time Listener: time_getutcsec
10-31 14:57:35.174   372   376 D DrmLibTime: QSEE Time Listener: get_utc_seconds
10-31 14:57:35.174   372   376 D DrmLibTime: QSEE Time Listener: time_get_modem_time
10-31 14:57:35.174   372   376 D DrmLibTime: QSEE Time Listener: Checking if ATS_MODEM is set or not.
10-31 14:57:35.174   372   376 D QC-time-services: Lib:time_genoff_operation: pargs->base = 13
10-31 14:57:35.174   372   376 D QC-time-services: Lib:time_genoff_operation: pargs->operation = 2
10-31 14:57:35.174   372   376 D QC-time-services: Lib:time_genoff_operation: pargs->ts_val = 0
10-31 14:57:35.174   372   376 D QC-time-services: Lib:time_genoff_operation: Send to server  passed!!
10-31 14:57:35.174   625   647 D QC-time-services: Daemon: Connection accepted:time_genoff
10-31 14:57:35.175   625  2039 D QC-time-services: Daemon:Received base = 13, unit = 1, operation = 2,value = 0
10-31 14:57:35.175   625  2039 D QC-time-services: Daemon:genoff_opr: Base = 13, val = 0, operation = 2
10-31 14:57:35.175   625  2039 D QC-time-services: offset is: 0 for base: 13
10-31 14:57:35.175   372   376 E QC-time-services: Receive Passed == base = 13, unit = 1, operation = 2, result = 0
10-31 14:57:35.176   372   376 D DrmLibTime: QSEE Time Listener: ATS_MODEM is not set. Fallback to Android system time.
10-31 14:57:35.176   372   376 D DrmLibTime: QSEE Time Listener: Retrieved Android system time: 1667224655
10-31 14:57:35.176   372   376 D DrmLibTime: time_getutcsec returns 0, sec = 1667224655; nsec = 0
10-31 14:57:35.176   372   376 D DrmLibTime: time_getutcsec finished! 
10-31 14:57:35.176   372   376 D DrmLibTime: iotcl_continue_command finished! and return 0 
10-31 14:57:35.176   372   376 D DrmLibTime: before calling ioctl to read the next time_cmd
10-31 14:57:35.176   625   647 E QC-time-services: Daemon: Time-services: Waiting to acceptconnection
10-31 14:57:35.213   562  5487 D WVCdm   : OEMCrypto_Initialize Level 1 success. I will use level 1.
10-31 14:57:35.213   562  5487 D WVCdm   : CryptoSession::Open: Lock: requested_security_level: Default
10-31 14:57:35.320   562  5487 E DrmWidevineDash: OEMCrypto_GenerateSignature : input wrapped_rsa_key == NULL!, return short buffer
10-31 14:57:35.322   950   950 I cr_media: Provisioning origin ID 87B8B6CC4258F88447264ADBF3980D09
10-31 14:57:35.329   950   950 W chromium: [WARNING:compositor_view.cc(342)] Child process died (type=6) pid=2012)
10-31 14:57:35.335   950   950 I MediaDrm: Drm event (1,0)
10-31 14:57:35.335   950   950 E cr_media: EventListener: No session for event 1.
10-31 14:57:35.369   562 28303 E DrmWidevineDash: OEMCrypto_RewrapDeviceRSAKey : input wrapped_rsa_key == NULL!, return short buffer
10-31 14:57:35.386   562 28303 D QSEECOMAPI: : QSEECom_dealloc_memory 
10-31 14:57:35.386   562 28303 D QSEECOMAPI: : QSEECom_shutdown_app, app_id = 2473
10-31 14:57:37.264   772  2969 D WificondControl: Scan result ready event
10-31 14:57:37.289  2040  2040 E /system/bin/webview_zygote32: failed to make and chown /acct/uid_99371: Permission denied
10-31 14:57:37.289  2040  2040 E Zygote  : createProcessGroup(99371, 0) failed: Permission denied
10-31 14:57:37.290   772   996 I ActivityManager: Start proc 2040:com.android.chrome:sandboxed_process31/u0i371 for webview_service com.android.chrome/org.chromium.content.app.SandboxedProcessService31
10-31 14:57:37.305  3960  3972 I ChimeraSrvcProxy: NullBinder for android.net.action.RECOMMEND_NETWORKS triggering remote TransactionTooLargeException due to Service without Chimera impl
10-31 14:57:37.306  2040  2040 I SamplingProfilerIntegration: Profiling disabled.
10-31 14:57:37.326  2055  2055 E asset   : setgid: Operation not permitted
10-31 14:57:37.355  2040  2040 I cr_SplitCompatApp: Launched version=106.0.5249.79 minSdkVersion=24 isBundle=true processName=com.android.chrome:sandboxed_process31 isIsolated=true
10-31 14:57:37.363  2040  2040 W SystemServiceRegistry: No service published for: uimode
10-31 14:57:37.375  2040  2040 I cr_ChildProcessService: Creating new ChildProcessService pid=2040
10-31 14:57:37.391  2040  2040 E WebViewFactory: can't load with relro file; address space not reserved
10-31 14:57:37.407  2040  2056 I cr_LibraryLoader: Successfully loaded native library
10-31 14:57:37.409  2040  2056 I cr_CachingUmaRecorder: Flushed 3 samples from 3 histograms.
10-31 14:57:37.499  2061  2061 W ThreadPoolForeg: type=1400 audit(0.0:15352): avc: denied { setattr } for name="tl_en-us_2022-10-24_484508980_100000_index.bin" dev="dm-2" ino=1505183 scontext=u:r:isolated_app:s0:c512,c768 tcontext=u:object_r:app_data_file:s0:c512,c768 tclass=file permissive=0
10-31 14:57:37.502  2061  2061 W ThreadPoolForeg: type=1400 audit(0.0:15353): avc: denied { setattr } for name="manifest.json" dev="dm-2" ino=1505184 scontext=u:r:isolated_app:s0:c512,c768 tcontext=u:object_r:app_data_file:s0:c512,c768 tclass=file permissive=0
10-31 14:57:37.525  2061  2061 W ThreadPoolForeg: type=1400 audit(0.0:15354): avc: denied { setattr } for name="verified_contents.json" dev="dm-2" ino=1505186 scontext=u:r:isolated_app:s0:c512,c768 tcontext=u:object_r:app_data_file:s0:c512,c768 tclass=file permissive=0
10-31 14:57:37.534  2040  2056 I chromium: [INFO:child_process_service.cc(69)] ChildProcessService: Exiting child process.
10-31 14:57:37.542   422   422 E lowmemorykiller: Error writing /proc/2040/oom_score_adj; errno=22
