10-31 14:56:41.592   772  2970 I ActivityManager: Process com.android.chrome:sandboxed_process8 (pid 1292) has died: vis  TOP 
10-31 14:56:41.592   772   790 W zygote64: failed to open /acct/uid_99348/pid_1292/cgroup.procs: No such file or directory
10-31 14:56:41.592   772  2970 W ActivityManager: Scheduling restart of crashed service com.android.chrome/org.chromium.content.app.SandboxedProcessService8 in 30952ms
10-31 14:56:41.616   950  1026 I cr_VrCoreVersionChecker: Unable to find VrCore.
10-31 14:56:41.617  1434  1434 E asset   : setgid: Operation not permitted
10-31 14:56:41.619   950   950 W ResourceType: Failure getting entry for 0x7f0100f9 (t=0 e=249) (error -75)
10-31 14:56:41.620   950   950 W ResourceType: Failure getting entry for 0x7f010828 (t=0 e=2088) (error -75)
10-31 14:56:41.629   950   950 W ResourceType: Failure getting entry for 0x7f010827 (t=0 e=2087) (error -75)
10-31 14:56:41.646   950   950 W chromium: [WARNING:compositor_view.cc(342)] Child process died (type=6) pid=1232)
10-31 14:56:41.647   950   950 W chromium: [WARNING:compositor_view.cc(342)] Child process died (type=6) pid=1310)
10-31 14:56:41.647  1415  1415 I cr_SplitCompatApp: Launched version=106.0.5249.79 minSdkVersion=24 isBundle=true processName=com.android.chrome:sandboxed_process10 isIsolated=true
10-31 14:56:41.650   950   950 W chromium: [WARNING:compositor_view.cc(342)] Child process died (type=6) pid=1292)
10-31 14:56:41.656  1415  1415 W SystemServiceRegistry: No service published for: uimode
10-31 14:56:41.663  1415  1415 I cr_ChildProcessService: Creating new ChildProcessService pid=1415
10-31 14:56:41.668  1415  1415 E WebViewFactory: can't load with relro file; address space not reserved
10-31 14:56:41.668   950   950 I Choreographer: Skipped 49 frames!  The application may be doing too much work on its main thread.
10-31 14:56:41.678  1415  1435 I cr_LibraryLoader: Successfully loaded native library
10-31 14:56:41.679  1415  1435 I cr_CachingUmaRecorder: Flushed 3 samples from 3 histograms.
10-31 14:56:41.829   950   950 W StaticLayout: maxLineHeight should not be -1.  maxLines:1 lineCount:1
10-31 14:56:41.905   772   797 I ActivityManager: Displayed com.android.chrome/com.google.android.apps.chrome.Main: +1s255ms
10-31 14:56:41.912  1415  1435 I chromium: [INFO:child_process_service.cc(69)] ChildProcessService: Exiting child process.
10-31 14:56:41.926  1457  1457 E /system/bin/webview_zygote32: failed to make and chown /acct/uid_99351: Permission denied
10-31 14:56:41.926  1457  1457 E Zygote  : createProcessGroup(99351, 0) failed: Permission denied
10-31 14:56:41.926   772 32228 I ActivityManager: Start proc 1457:com.android.chrome:sandboxed_process11/u0i351 for webview_service com.android.chrome/org.chromium.content.app.SandboxedProcessService11
10-31 14:56:41.946   950   950 W chromium: [WARNING:compositor_view.cc(342)] Child process died (type=6) pid=1415)
10-31 14:56:41.958   772  3037 I ActivityManager: Start proc 1473:com.android.chrome:sandboxed_process12/u0i352 for webview_service com.android.chrome/org.chromium.content.app.SandboxedProcessService12
10-31 14:56:41.959   772  2969 I ActivityManager: Process com.android.chrome:sandboxed_process10 (pid 1415) has died: vis  TOP 
10-31 14:56:41.959   772  2969 W ActivityManager: Scheduling restart of crashed service com.android.chrome/org.chromium.content.app.SandboxedProcessService10 in 1000ms
10-31 14:56:41.959   772   790 W zygote64: failed to open /acct/uid_99350/pid_1415/cgroup.procs: No such file or directory
10-31 14:56:41.961  1457  1457 I SamplingProfilerIntegration: Profiling disabled.
10-31 14:56:41.964  1473  1473 E /system/bin/webview_zygote32: failed to make and chown /acct/uid_99352: Permission denied
10-31 14:56:41.964  1473  1473 E Zygote  : createProcessGroup(99352, 0) failed: Permission denied
10-31 14:56:41.996  1487  1487 E /system/bin/webview_zygote32: failed to make and chown /acct/uid_99353: Permission denied
10-31 14:56:41.996  1487  1487 E Zygote  : createProcessGroup(99353, 0) failed: Permission denied
10-31 14:56:41.999  1490  1490 E asset   : setgid: Operation not permitted
10-31 14:56:42.003   772  3854 I ActivityManager: Start proc 1487:com.android.chrome:sandboxed_process13/u0i353 for webview_service com.android.chrome/org.chromium.content.app.SandboxedProcessService13
10-31 14:56:42.007  1473  1473 I SamplingProfilerIntegration: Profiling disabled.
10-31 14:56:42.026   772 13021 I ActivityManager: Start proc 1503:com.android.chrome:sandboxed_process14/u0i354 for webview_service com.android.chrome/org.chromium.content.app.SandboxedProcessService14
10-31 14:56:42.029  1503  1503 E /system/bin/webview_zygote32: failed to make and chown /acct/uid_99354: Permission denied
10-31 14:56:42.029  1503  1503 E Zygote  : createProcessGroup(99354, 0) failed: Permission denied
10-31 14:56:42.033  1487  1487 I SamplingProfilerIntegration: Profiling disabled.
10-31 14:56:42.037  1457  1457 I cr_SplitCompatApp: Launched version=106.0.5249.79 minSdkVersion=24 isBundle=true processName=com.android.chrome:sandboxed_process11 isIsolated=true
10-31 14:56:42.046  1457  1457 W SystemServiceRegistry: No service published for: uimode
10-31 14:56:42.054  1457  1457 I cr_ChildProcessService: Creating new ChildProcessService pid=1457
10-31 14:56:42.061  1503  1503 I SamplingProfilerIntegration: Profiling disabled.
10-31 14:56:42.061   772 20193 I ActivityManager: Start proc 1520:com.android.chrome:sandboxed_process15/u0i355 for webview_service com.android.chrome/org.chromium.content.app.SandboxedProcessService15
10-31 14:56:42.065  1520  1520 E /system/bin/webview_zygote32: failed to make and chown /acct/uid_99355: Permission denied
10-31 14:56:42.065  1520  1520 E Zygote  : createProcessGroup(99355, 0) failed: Permission denied
10-31 14:56:42.072  1457  1457 E WebViewFactory: can't load with relro file; address space not reserved
10-31 14:56:42.083  1532  1532 E asset   : setgid: Operation not permitted
10-31 14:56:42.087   772 32228 I ActivityManager: Start proc 1536:com.android.chrome:sandboxed_process16/u0i356 for webview_service com.android.chrome/org.chromium.content.app.SandboxedProcessService16
10-31 14:56:42.090  1534  1534 E asset   : setgid: Operation not permitted
10-31 14:56:42.091  1536  1536 E /system/bin/webview_zygote32: failed to make and chown /acct/uid_99356: Permission denied
10-31 14:56:42.091  1536  1536 E Zygote  : createProcessGroup(99356, 0) failed: Permission denied
10-31 14:56:42.108 27001 27001 E WorkerRegistryImpl: getWorker() is called after WorkerRegistry disposal.
10-31 14:56:42.109 27001 27001 E WorkerRegistryImpl: getWorker() is called after WorkerRegistry disposal.
10-31 14:56:42.113  1550  1550 E asset   : setgid: Operation not permitted
10-31 14:56:42.114  1457  1518 I cr_LibraryLoader: Successfully loaded native library
10-31 14:56:42.115  1457  1518 I cr_CachingUmaRecorder: Flushed 3 samples from 3 histograms.
10-31 14:56:42.122  1520  1520 I SamplingProfilerIntegration: Profiling disabled.
10-31 14:56:42.135  1487  1487 I cr_SplitCompatApp: Launched version=106.0.5249.79 minSdkVersion=24 isBundle=true processName=com.android.chrome:sandboxed_process13 isIsolated=true
10-31 14:56:42.141  1487  1487 W SystemServiceRegistry: No service published for: uimode
10-31 14:56:42.145  1473  1473 I cr_SplitCompatApp: Launched version=106.0.5249.79 minSdkVersion=24 isBundle=true processName=com.android.chrome:sandboxed_process12 isIsolated=true
10-31 14:56:42.151  1536  1536 I SamplingProfilerIntegration: Profiling disabled.
10-31 14:56:42.155  1487  1487 I cr_ChildProcessService: Creating new ChildProcessService pid=1487
10-31 14:56:42.156  1473  1473 W SystemServiceRegistry: No service published for: uimode
10-31 14:56:42.159   950  1024 W cr_CrashFileManager: /data/user/0/com.android.chrome/cache/Crash Reports does not exist or is not a directory
10-31 14:56:42.159   950  1024 I chatty  : uid=10060(u0_a60) identical 1 line
10-31 14:56:42.159   950  1024 W cr_CrashFileManager: /data/user/0/com.android.chrome/cache/Crash Reports does not exist or is not a directory
10-31 14:56:42.165   950   994 I cr_BindingManager: Moderate binding enabled: maxSize=40
10-31 14:56:42.167  1561  1561 E asset   : setgid: Operation not permitted
10-31 14:56:42.169   772 20193 W AppOps  : Bad call: specified package com.google.android.gms under uid 10045 but it is really 10020
10-31 14:56:42.169   772 20193 W AppOps  : java.lang.RuntimeException: here
10-31 14:56:42.169   772 20193 W AppOps  : 	at com.android.server.AppOpsService.getOpsRawLocked(AppOpsService.java:1319)
10-31 14:56:42.169   772 20193 W AppOps  : 	at com.android.server.AppOpsService.checkPackage(AppOpsService.java:1038)
10-31 14:56:42.169   772 20193 W AppOps  : 	at com.android.internal.app.IAppOpsService$Stub.onTransact(IAppOpsService.java:169)
10-31 14:56:42.169   772 20193 W AppOps  : 	at android.os.Binder.execTransact(Binder.java:674)
10-31 14:56:42.171   772  1324 W AppOps  : Bad call: specified package com.google.android.gms under uid 10045 but it is really 10020
10-31 14:56:42.171   772  1324 W AppOps  : java.lang.RuntimeException: here
10-31 14:56:42.171   772  1324 W AppOps  : 	at com.android.server.AppOpsService.getOpsRawLocked(AppOpsService.java:1319)
10-31 14:56:42.171   772  1324 W AppOps  : 	at com.android.server.AppOpsService.checkPackage(AppOpsService.java:1038)
10-31 14:56:42.171   772  1324 W AppOps  : 	at com.android.internal.app.IAppOpsService$Stub.onTransact(IAppOpsService.java:169)
10-31 14:56:42.171   772  1324 W AppOps  : 	at android.os.Binder.execTransact(Binder.java:674)
10-31 14:56:42.182  1487  1487 E WebViewFactory: can't load with relro file; address space not reserved
10-31 14:56:42.185  1473  1473 I cr_ChildProcessService: Creating new ChildProcessService pid=1473
10-31 14:56:42.188 27001 27001 I MemoryTrimmer: Trimming objects from memory, since app is in the background.
10-31 14:56:42.194  1487  1557 I cr_LibraryLoader: Successfully loaded native library
10-31 14:56:42.195  1487  1557 I cr_CachingUmaRecorder: Flushed 3 samples from 3 histograms.
10-31 14:56:42.198  1503  1503 I cr_SplitCompatApp: Launched version=106.0.5249.79 minSdkVersion=24 isBundle=true processName=com.android.chrome:sandboxed_process14 isIsolated=true
10-31 14:56:42.213  1503  1503 W SystemServiceRegistry: No service published for: uimode
10-31 14:56:42.219  1520  1520 I cr_SplitCompatApp: Launched version=106.0.5249.79 minSdkVersion=24 isBundle=true processName=com.android.chrome:sandboxed_process15 isIsolated=true
10-31 14:56:42.222  1568  1568 E asset   : setgid: Operation not permitted
10-31 14:56:42.227  1473  1473 E WebViewFactory: can't load with relro file; address space not reserved
10-31 14:56:42.235  1520  1520 W SystemServiceRegistry: No service published for: uimode
10-31 14:56:42.241  1473  1566 I cr_LibraryLoader: Successfully loaded native library
10-31 14:56:42.242  1503  1503 I cr_ChildProcessService: Creating new ChildProcessService pid=1503
10-31 14:56:42.245  1473  1566 I cr_CachingUmaRecorder: Flushed 3 samples from 3 histograms.
10-31 14:56:42.247  1457  1518 I chromium: [INFO:child_process_service.cc(69)] ChildProcessService: Exiting child process.
10-31 14:56:42.253   422   422 E lowmemorykiller: Error writing /proc/1457/oom_score_adj; errno=22
10-31 14:56:42.253   772  2970 I ActivityManager: Killing 1457:com.android.chrome:sandboxed_process11/u0a60i351 (adj 0): isolated not needed
10-31 14:56:42.254   772   790 W zygote64: failed to open /acct/uid_99351/pid_1457/cgroup.procs: No such file or directory
10-31 14:56:42.256  1520  1520 I cr_ChildProcessService: Creating new ChildProcessService pid=1520
10-31 14:56:42.257  1503  1503 E WebViewFactory: can't load with relro file; address space not reserved
10-31 14:56:42.275  1536  1536 I cr_SplitCompatApp: Launched version=106.0.5249.79 minSdkVersion=24 isBundle=true processName=com.android.chrome:sandboxed_process16 isIsolated=true
10-31 14:56:42.281  1520  1520 E WebViewFactory: can't load with relro file; address space not reserved
10-31 14:56:42.281  1536  1536 W SystemServiceRegistry: No service published for: uimode
10-31 14:56:42.286  1503  1574 I cr_LibraryLoader: Successfully loaded native library
10-31 14:56:42.287  1503  1574 I cr_CachingUmaRecorder: Flushed 3 samples from 3 histograms.
10-31 14:56:42.289  1520  1577 I cr_LibraryLoader: Successfully loaded native library
10-31 14:56:42.291  1520  1577 I cr_CachingUmaRecorder: Flushed 3 samples from 3 histograms.
10-31 14:56:42.304   950   950 W chromium: [WARNING:compositor_view.cc(342)] Child process died (type=6) pid=1457)
10-31 14:56:42.306  1487  1557 I chromium: [INFO:child_process_service.cc(69)] ChildProcessService: Exiting child process.
10-31 14:56:42.309   772 32228 I ActivityManager: Killing 1487:com.android.chrome:sandboxed_process13/u0a60i353 (adj 0): isolated not needed
10-31 14:56:42.309   772   790 W zygote64: failed to open /acct/uid_99353/pid_1487/cgroup.procs: No such file or directory
10-31 14:56:42.313  1536  1536 I cr_ChildProcessService: Creating new ChildProcessService pid=1536
10-31 14:56:42.319  1536  1536 E WebViewFactory: can't load with relro file; address space not reserved
10-31 14:56:42.330  1536  1603 I cr_LibraryLoader: Successfully loaded native library
10-31 14:56:42.330  1536  1603 I cr_CachingUmaRecorder: Flushed 3 samples from 3 histograms.
10-31 14:56:42.334   772 13071 I ActivityManager: START u0 {act=android.intent.action.VIEW dat=http://192.168.178.178:5500/... flg=0x10000000 cmp=com.android.chrome/com.google.android.apps.chrome.Main} from uid 2000
10-31 14:56:42.357  1473  1566 I chromium: [INFO:child_process_service.cc(69)] ChildProcessService: Exiting child process.
10-31 14:56:42.358   422   422 E lowmemorykiller: Error writing /proc/1473/oom_score_adj; errno=22
10-31 14:56:42.359   772   996 I ActivityManager: Killing 1473:com.android.chrome:sandboxed_process12/u0a60i352 (adj 0): isolated not needed
10-31 14:56:42.359   772   790 W zygote64: failed to open /acct/uid_99352/pid_1473/cgroup.procs: No such file or directory
10-31 14:56:42.364  1520  1577 I chromium: [INFO:child_process_service.cc(69)] ChildProcessService: Exiting child process.
10-31 14:56:42.368   422   422 E lowmemorykiller: Error writing /proc/1520/oom_score_adj; errno=22
10-31 14:56:42.369   772 10895 I ActivityManager: Killing 1520:com.android.chrome:sandboxed_process15/u0a60i355 (adj 0): isolated not needed
10-31 14:56:42.369  1503  1574 I chromium: [INFO:child_process_service.cc(69)] ChildProcessService: Exiting child process.
10-31 14:56:42.372   422   422 E lowmemorykiller: Error writing /proc/1503/oom_score_adj; errno=22
10-31 14:56:42.372   772   790 W zygote64: failed to open /acct/uid_99355/pid_1520/cgroup.procs: No such file or directory
10-31 14:56:42.372   772 10894 I ActivityManager: Killing 1503:com.android.chrome:sandboxed_process14/u0a60i354 (adj 0): isolated not needed
10-31 14:56:42.376   772   790 W zygote64: failed to open /acct/uid_99354/pid_1503/cgroup.procs: No such file or directory
10-31 14:56:42.387   950   950 W chromium: [WARNING:compositor_view.cc(342)] Child process died (type=6) pid=1473)
10-31 14:56:42.389  1536  1603 I chromium: [INFO:child_process_service.cc(69)] ChildProcessService: Exiting child process.
10-31 14:56:42.391   422   422 E lowmemorykiller: Error writing /proc/1536/oom_score_adj; errno=22
10-31 14:56:42.391   772  2969 I ActivityManager: Killing 1536:com.android.chrome:sandboxed_process16/u0a60i356 (adj 0): isolated not needed
10-31 14:56:42.394   772   790 W zygote64: failed to open /acct/uid_99356/pid_1536/cgroup.procs: No such file or directory
10-31 14:56:42.408   772   781 I zygote64: Background concurrent copying GC freed 39588(2MB) AllocSpace objects, 58(1336KB) LOS objects, 42% free, 18MB/32MB, paused 1.831ms total 214.850ms
10-31 14:56:42.419   950   950 W chromium: [WARNING:compositor_view.cc(342)] Child process died (type=6) pid=1520)
10-31 14:56:42.426   950   950 W chromium: [WARNING:compositor_view.cc(342)] Child process died (type=6) pid=1503)
10-31 14:56:42.435   950   950 W chromium: [WARNING:compositor_view.cc(342)] Child process died (type=6) pid=1536)
10-31 14:56:42.437   950   950 W chromium: [WARNING:compositor_view.cc(342)] Child process died (type=6) pid=1487)
10-31 14:56:42.479   950   950 E cr_IntentUtils: getInt failed on bundle null
10-31 14:56:42.482   950   950 E ResourceType: Style contains key with bad entry: 0x0101062c
10-31 14:56:42.505   772  1327 I ActivityManager: Start proc 1623:com.android.chrome:sandboxed_process17/u0i357 for webview_service com.android.chrome/org.chromium.content.app.SandboxedProcessService17
10-31 14:56:42.507  1623  1623 E /system/bin/webview_zygote32: failed to make and chown /acct/uid_99357: Permission denied
10-31 14:56:42.507  1623  1623 E Zygote  : createProcessGroup(99357, 0) failed: Permission denied
10-31 14:56:42.508   950   950 I cr_tabmodel: Appending tabs being restored to metadata lists, 0, startingNormalCount: 2, startingIncognitoCount: 0
10-31 14:56:42.508   950   950 I cr_tabmodel: Serializing tab lists; counts: 2, 0
10-31 14:56:42.542  1623  1623 I SamplingProfilerIntegration: Profiling disabled.
10-31 14:56:42.567  1637  1637 E asset   : setgid: Operation not permitted
10-31 14:56:42.574   950   950 I cr_OfflineDetector: Running updateState mConnectivityDetectorInitialized: true, mTimeWhenLastForegrounded: 1100656740, getElapsedTime: 1100656740, mTimeWhenLastOfflineNotificationReceived: 0, mTimeWhenLastOnline: 1100655449, mApplicationState: 1, mIsOfflineLastReportedByConnectivityDetector: false, mIsEffectivelyOffline: false
10-31 14:56:42.574   950   950 I cr_OfflineDetector: updateState(): timeSinceLastForeground: 0, timeSinceOfflineNotificationReceived: 1100656740, timeSinceLastOnline: 1291, timeNeededForForeground: 2000, timeNeededForOffline: -1100654740
10-31 14:56:42.605  1623  1623 I cr_SplitCompatApp: Launched version=106.0.5249.79 minSdkVersion=24 isBundle=true processName=com.android.chrome:sandboxed_process17 isIsolated=true
10-31 14:56:42.613  1623  1623 W SystemServiceRegistry: No service published for: uimode
10-31 14:56:42.624  1623  1623 I cr_ChildProcessService: Creating new ChildProcessService pid=1623
10-31 14:56:42.633  1623  1623 E WebViewFactory: can't load with relro file; address space not reserved
10-31 14:56:42.655  1623  1639 I cr_LibraryLoader: Successfully loaded native library
10-31 14:56:42.655  1623  1639 I cr_CachingUmaRecorder: Flushed 3 samples from 3 histograms.
10-31 14:56:42.660   772  3854 I ActivityManager: Start proc 1640:com.android.chrome:sandboxed_process18/u0i358 for webview_service com.android.chrome/org.chromium.content.app.SandboxedProcessService18
10-31 14:56:42.666  1640  1640 E /system/bin/webview_zygote32: failed to make and chown /acct/uid_99358: Permission denied
10-31 14:56:42.666  1640  1640 E Zygote  : createProcessGroup(99358, 0) failed: Permission denied
10-31 14:56:42.668   950   950 W ResourceType: Failure getting entry for 0x7f010216 (t=0 e=534) (error -75)
10-31 14:56:42.669   950   950 W ResourceType: Failure getting entry for 0x7f0107c9 (t=0 e=1993) (error -75)
10-31 14:56:42.685  1650  1650 E /system/bin/webview_zygote32: failed to make and chown /acct/uid_99359: Permission denied
10-31 14:56:42.689  1650  1650 E Zygote  : createProcessGroup(99359, 0) failed: Permission denied
10-31 14:56:42.690   772  2970 I ActivityManager: Start proc 1650:com.android.chrome:sandboxed_process19/u0i359 for webview_service com.android.chrome/org.chromium.content.app.SandboxedProcessService19
10-31 14:56:42.717  1640  1640 I SamplingProfilerIntegration: Profiling disabled.
10-31 14:56:42.721  1650  1650 I SamplingProfilerIntegration: Profiling disabled.
10-31 14:56:42.721   772  3854 I ActivityManager: Start proc 1677:com.android.chrome:sandboxed_process20/u0i360 for webview_service com.android.chrome/org.chromium.content.app.SandboxedProcessService20
10-31 14:56:42.730  1677  1677 E /system/bin/webview_zygote32: failed to make and chown /acct/uid_99360: Permission denied
10-31 14:56:42.730  1677  1677 E Zygote  : createProcessGroup(99360, 0) failed: Permission denied
10-31 14:56:42.753   772 10893 I ActivityManager: Start proc 1695:com.android.chrome:sandboxed_process21/u0i361 for webview_service com.android.chrome/org.chromium.content.app.SandboxedProcessService21
10-31 14:56:42.754  1695  1695 E /system/bin/webview_zygote32: failed to make and chown /acct/uid_99361: Permission denied
10-31 14:56:42.754  1695  1695 E Zygote  : createProcessGroup(99361, 0) failed: Permission denied
10-31 14:56:42.758  1640  1673 I /system/bin/webview_zygote32: Background concurrent copying GC freed 2977(1520KB) AllocSpace objects, 0(0B) LOS objects, 96% free, 49KB/1585KB, paused 7.345ms total 34.074ms
10-31 14:56:42.772  1695  1695 I SamplingProfilerIntegration: Profiling disabled.
10-31 14:56:42.774  1677  1677 I SamplingProfilerIntegration: Profiling disabled.
10-31 14:56:42.781  1712  1712 E asset   : setgid: Operation not permitted
10-31 14:56:42.787  1714  1714 E asset   : setgid: Operation not permitted
10-31 14:56:42.814  1715  1715 E asset   : setgid: Operation not permitted
10-31 14:56:42.833  1650  1650 I cr_SplitCompatApp: Launched version=106.0.5249.79 minSdkVersion=24 isBundle=true processName=com.android.chrome:sandboxed_process19 isIsolated=true
10-31 14:56:42.839  1718  1718 E asset   : setgid: Operation not permitted
10-31 14:56:42.839  1650  1650 W SystemServiceRegistry: No service published for: uimode
10-31 14:56:42.848  1640  1640 I cr_SplitCompatApp: Launched version=106.0.5249.79 minSdkVersion=24 isBundle=true processName=com.android.chrome:sandboxed_process18 isIsolated=true
10-31 14:56:42.864  1695  1695 I cr_SplitCompatApp: Launched version=106.0.5249.79 minSdkVersion=24 isBundle=true processName=com.android.chrome:sandboxed_process21 isIsolated=true
10-31 14:56:42.869  1650  1650 I cr_ChildProcessService: Creating new ChildProcessService pid=1650
10-31 14:56:42.874  1640  1640 W SystemServiceRegistry: No service published for: uimode
10-31 14:56:42.878  1695  1695 W SystemServiceRegistry: No service published for: uimode
10-31 14:56:42.884  1650  1650 E WebViewFactory: can't load with relro file; address space not reserved
10-31 14:56:42.888  1677  1677 I cr_SplitCompatApp: Launched version=106.0.5249.79 minSdkVersion=24 isBundle=true processName=com.android.chrome:sandboxed_process20 isIsolated=true
10-31 14:56:42.903  1695  1695 I cr_ChildProcessService: Creating new ChildProcessService pid=1695
10-31 14:56:42.904  1650  1722 I cr_LibraryLoader: Successfully loaded native library
10-31 14:56:42.906  1650  1722 I cr_CachingUmaRecorder: Flushed 3 samples from 3 histograms.
10-31 14:56:42.919  1640  1640 I cr_ChildProcessService: Creating new ChildProcessService pid=1640
10-31 14:56:42.946  1695  1695 E WebViewFactory: can't load with relro file; address space not reserved
10-31 14:56:42.947  1677  1677 W SystemServiceRegistry: No service published for: uimode
10-31 14:56:42.960  1640  1640 E WebViewFactory: can't load with relro file; address space not reserved
10-31 14:56:42.964  1677  1677 I cr_ChildProcessService: Creating new ChildProcessService pid=1677
10-31 14:56:42.968  1650  1722 I chromium: [INFO:child_process_service.cc(69)] ChildProcessService: Exiting child process.
10-31 14:56:42.969  1695  1724 I cr_LibraryLoader: Successfully loaded native library
10-31 14:56:42.969   422   422 E lowmemorykiller: Error writing /proc/1650/oom_score_adj; errno=22
10-31 14:56:42.970   772 32228 I ActivityManager: Killing 1650:com.android.chrome:sandboxed_process19/u0a60i359 (adj 0): isolated not needed
10-31 14:56:42.971   772   790 W zygote64: failed to open /acct/uid_99359/pid_1650/cgroup.procs: No such file or directory
10-31 14:56:42.984  1695  1724 I cr_CachingUmaRecorder: Flushed 3 samples from 3 histograms.
10-31 14:56:42.985  1677  1677 E WebViewFactory: can't load with relro file; address space not reserved
10-31 14:56:42.988  1640  1723 I cr_LibraryLoader: Successfully loaded native library
10-31 14:56:42.989  1640  1723 I cr_CachingUmaRecorder: Flushed 3 samples from 3 histograms.
10-31 14:56:43.004  1677  1732 I cr_LibraryLoader: Successfully loaded native library
10-31 14:56:43.005  1677  1732 I cr_CachingUmaRecorder: Flushed 3 samples from 3 histograms.
10-31 14:56:43.060  1695  1724 I chromium: [INFO:child_process_service.cc(69)] ChildProcessService: Exiting child process.
10-31 14:56:43.063  1640  1723 I chromium: [INFO:child_process_service.cc(69)] ChildProcessService: Exiting child process.
10-31 14:56:43.064   772 10860 I ActivityManager: Killing 1640:com.android.chrome:sandboxed_process18/u0a60i358 (adj 0): isolated not needed
10-31 14:56:43.065   772   790 W zygote64: failed to open /acct/uid_99358/pid_1640/cgroup.procs: No such file or directory
10-31 14:56:43.068   422   422 E lowmemorykiller: Error writing /proc/1695/oom_score_adj; errno=22
10-31 14:56:43.069   772  4540 I ActivityManager: Killing 1695:com.android.chrome:sandboxed_process21/u0a60i361 (adj 0): isolated not needed
10-31 14:56:43.070   772   790 W zygote64: failed to open /acct/uid_99361/pid_1695/cgroup.procs: No such file or directory
10-31 14:56:43.095  1677  1732 I chromium: [INFO:child_process_service.cc(69)] ChildProcessService: Exiting child process.
10-31 14:56:43.096   422   422 E lowmemorykiller: Error writing /proc/1677/oom_score_adj; errno=22
10-31 14:56:43.097   772 20193 I ActivityManager: Killing 1677:com.android.chrome:sandboxed_process20/u0a60i360 (adj 0): isolated not needed
10-31 14:56:43.098   772   790 W zygote64: failed to open /acct/uid_99360/pid_1677/cgroup.procs: No such file or directory
10-31 14:56:43.110   950   950 W chromium: [WARNING:compositor_view.cc(342)] Child process died (type=6) pid=1640)
10-31 14:56:43.113   950   950 W chromium: [WARNING:compositor_view.cc(342)] Child process died (type=6) pid=1695)
10-31 14:56:43.118   950   950 W chromium: [WARNING:compositor_view.cc(342)] Child process died (type=6) pid=1650)
10-31 14:56:43.137   950   950 W chromium: [WARNING:compositor_view.cc(342)] Child process died (type=6) pid=1677)
10-31 14:56:43.201   950   991 I vndksupport: sphal namespace is not configured for this process. Loading libutils.so from the current namespace instead.
10-31 14:56:43.201  1029  1044 I vndksupport: sphal namespace is not configured for this process. Loading libutils.so from the current namespace instead.
10-31 14:56:43.201  1623  1638 I vndksupport: sphal namespace is not configured for this process. Loading libutils.so from the current namespace instead.
10-31 14:56:43.201   995  1009 I vndksupport: sphal namespace is not configured for this process. Loading libutils.so from the current namespace instead.
10-31 14:56:43.208   556   556 E Parcel  : Reading a NULL string not supported here.
10-31 14:56:43.208   556   556 W Parcel  : **** enforceInterface() expected 'IAAudioService' but read ''
10-31 14:56:43.209   360   360 E SELinux : avc:  denied  { find } for service=android.service.gatekeeper.IGateKeeperService pid=1721 uid=2000 scontext=u:r:shell:s0 tcontext=u:object_r:gatekeeper_service:s0 tclass=service_manager
10-31 14:56:43.209   360   360 E SELinux : avc:  denied  { find } for service=netd pid=1721 uid=2000 scontext=u:r:shell:s0 tcontext=u:object_r:netd_service:s0 tclass=service_manager
10-31 14:56:43.212  1721  1721 W atrace  : type=1400 audit(0.0:15331): avc: denied { call } for scontext=u:r:shell:s0 tcontext=u:r:wificond:s0 tclass=binder permissive=0
10-31 14:56:43.215   360   360 E SELinux : avc:  denied  { find } for service=installd pid=1721 uid=2000 scontext=u:r:shell:s0 tcontext=u:object_r:installd_service:s0 tclass=service_manager
10-31 14:56:43.220   361   361 E SELinux : avc:  denied  { find } for interface=android.frameworks.displayservice::IDisplayService pid=1721 scontext=u:r:shell:s0 tcontext=u:object_r:fwk_display_hwservice:s0 tclass=hwservice_manager
10-31 14:56:43.221   361   361 E SELinux : avc:  denied  { find } for interface=android.frameworks.schedulerservice::ISchedulingPolicyService pid=1721 scontext=u:r:shell:s0 tcontext=u:object_r:fwk_scheduler_hwservice:s0 tclass=hwservice_manager
10-31 14:56:43.222   361   361 E SELinux : avc:  denied  { find } for interface=android.frameworks.sensorservice::ISensorManager pid=1721 scontext=u:r:shell:s0 tcontext=u:object_r:fwk_sensor_hwservice:s0 tclass=hwservice_manager
10-31 14:56:43.222   361   361 E SELinux : avc:  denied  { find } for interface=android.hardware.biometrics.fingerprint::IBiometricsFingerprint pid=1721 scontext=u:r:shell:s0 tcontext=u:object_r:hal_fingerprint_hwservice:s0 tclass=hwservice_manager
10-31 14:56:43.223   361   361 E SELinux : avc:  denied  { find } for interface=android.hardware.dumpstate::IDumpstateDevice pid=1721 scontext=u:r:shell:s0 tcontext=u:object_r:hal_dumpstate_hwservice:s0 tclass=hwservice_manager
10-31 14:56:43.224   361   361 E SELinux : avc:  denied  { find } for interface=android.hardware.radio.deprecated::IOemHook pid=1721 scontext=u:r:shell:s0 tcontext=u:object_r:hal_telephony_hwservice:s0 tclass=hwservice_manager
10-31 14:56:43.225   361   361 E SELinux : avc:  denied  { find } for interface=android.hardware.radio::IRadio pid=1721 scontext=u:r:shell:s0 tcontext=u:object_r:hal_telephony_hwservice:s0 tclass=hwservice_manager
10-31 14:56:43.225   361   361 E SELinux : avc:  denied  { find } for interface=android.hardware.radio::ISap pid=1721 scontext=u:r:shell:s0 tcontext=u:object_r:hal_telephony_hwservice:s0 tclass=hwservice_manager
10-31 14:56:43.225   361   361 E SELinux : avc:  denied  { find } for interface=android.hardware.usb::IUsb pid=1721 scontext=u:r:shell:s0 tcontext=u:object_r:hal_usb_hwservice:s0 tclass=hwservice_manager
10-31 14:56:43.225   361   361 E SELinux : avc:  denied  { find } for interface=android.hardware.wifi.supplicant::ISupplicant pid=1721 scontext=u:r:shell:s0 tcontext=u:object_r:hal_wifi_supplicant_hwservice:s0 tclass=hwservice_manager
10-31 14:56:43.226   361   361 E SELinux : avc:  denied  { find } for interface=android.hardware.wifi::IWifi pid=1721 scontext=u:r:shell:s0 tcontext=u:object_r:hal_wifi_hwservice:s0 tclass=hwservice_manager
10-31 14:56:43.227   361   361 E SELinux : avc:  denied  { find } for interface=android.hidl.base::IBase pid=1721 scontext=u:r:shell:s0 tcontext=u:object_r:hidl_base_hwservice:s0 tclass=hwservice_manager
10-31 14:56:43.228   361   361 I chatty  : uid=1000(system) hwservicemanage identical 1 line
10-31 14:56:43.228   361   361 E SELinux : avc:  denied  { find } for interface=android.hidl.base::IBase pid=1721 scontext=u:r:shell:s0 tcontext=u:object_r:hidl_base_hwservice:s0 tclass=hwservice_manager
10-31 14:56:43.230   361   361 E SELinux : avc:  denied  { find } for interface=android.system.wifi.keystore::IKeystore pid=1721 scontext=u:r:shell:s0 tcontext=u:object_r:system_wifi_keystore_hwservice:s0 tclass=hwservice_manager
10-31 14:56:43.723   950   950 W chromium: [WARNING:controller_impl.cc(1190)] Background download complete, client: 6, completion type: 0, file size:16643
10-31 14:56:43.747  1752  1752 E /system/bin/webview_zygote32: failed to make and chown /acct/uid_99362: Permission denied
10-31 14:56:43.747  1752  1752 E Zygote  : createProcessGroup(99362, 0) failed: Permission denied
10-31 14:56:43.755   772 10894 I ActivityManager: Start proc 1752:com.android.chrome:sandboxed_process22/u0i362 for webview_service com.android.chrome/org.chromium.content.app.SandboxedProcessService22
10-31 14:56:43.771  1752  1752 I SamplingProfilerIntegration: Profiling disabled.
10-31 14:56:43.790  1765  1765 E asset   : setgid: Operation not permitted
10-31 14:56:43.822   950   950 W chromium: [WARNING:controller_impl.cc(1190)] Background download complete, client: 6, completion type: 0, file size:18160
10-31 14:56:43.830  1752  1752 I cr_SplitCompatApp: Launched version=106.0.5249.79 minSdkVersion=24 isBundle=true processName=com.android.chrome:sandboxed_process22 isIsolated=true
10-31 14:56:43.837  1752  1752 W SystemServiceRegistry: No service published for: uimode
10-31 14:56:43.849  1752  1752 I cr_ChildProcessService: Creating new ChildProcessService pid=1752
10-31 14:56:43.850   772  1327 I ActivityManager: Start proc 1767:com.android.chrome:sandboxed_process23/u0i363 for webview_service com.android.chrome/org.chromium.content.app.SandboxedProcessService23
10-31 14:56:43.858  1767  1767 E /system/bin/webview_zygote32: failed to make and chown /acct/uid_99363: Permission denied
10-31 14:56:43.858  1767  1767 E Zygote  : createProcessGroup(99363, 0) failed: Permission denied
10-31 14:56:43.858  1752  1752 E WebViewFactory: can't load with relro file; address space not reserved
10-31 14:56:43.870  1752  1770 I cr_LibraryLoader: Successfully loaded native library
10-31 14:56:43.872  1752  1770 I cr_CachingUmaRecorder: Flushed 3 samples from 3 histograms.
10-31 14:56:43.883  1767  1767 I SamplingProfilerIntegration: Profiling disabled.
10-31 14:56:43.902  1786  1786 W ThreadPoolForeg: type=1400 audit(0.0:15332): avc: denied { setattr } for name="model-info.pb" dev="dm-2" ino=1504782 scontext=u:r:isolated_app:s0:c512,c768 tcontext=u:object_r:app_data_file:s0:c512,c768 tclass=file permissive=0
10-31 14:56:43.905  1786  1786 W ThreadPoolForeg: type=1400 audit(0.0:15333): avc: denied { setattr } for name="model.tflite" dev="dm-2" ino=1504783 scontext=u:r:isolated_app:s0:c512,c768 tcontext=u:object_r:app_data_file:s0:c512,c768 tclass=file permissive=0
10-31 14:56:43.907  1788  1788 E asset   : setgid: Operation not permitted
10-31 14:56:43.913  1752  1770 I chromium: [INFO:child_process_service.cc(69)] ChildProcessService: Exiting child process.
10-31 14:56:43.914   422   422 E lowmemorykiller: Error writing /proc/1752/oom_score_adj; errno=22
10-31 14:56:43.916   772 10860 I ActivityManager: Killing 1752:com.android.chrome:sandboxed_process22/u0a60i362 (adj 0): isolated not needed
10-31 14:56:43.917   772   790 W zygote64: failed to open /acct/uid_99362/pid_1752/cgroup.procs: No such file or directory
10-31 14:56:43.927   950   950 W chromium: [WARNING:controller_impl.cc(1190)] Background download complete, client: 6, completion type: 0, file size:15859
10-31 14:56:43.949   950   950 W chromium: [WARNING:compositor_view.cc(342)] Child process died (type=6) pid=1752)
10-31 14:56:43.959  1790  1790 E /system/bin/webview_zygote32: failed to make and chown /acct/uid_99364: Permission denied
10-31 14:56:43.963  1790  1790 E Zygote  : createProcessGroup(99364, 0) failed: Permission denied
10-31 14:56:43.964  1767  1767 I cr_SplitCompatApp: Launched version=106.0.5249.79 minSdkVersion=24 isBundle=true processName=com.android.chrome:sandboxed_process23 isIsolated=true
10-31 14:56:43.969  1767  1767 W SystemServiceRegistry: No service published for: uimode
10-31 14:56:43.974   772 10895 I ActivityManager: Start proc 1790:com.android.chrome:sandboxed_process24/u0i364 for webview_service com.android.chrome/org.chromium.content.app.SandboxedProcessService24
10-31 14:56:43.976  1767  1767 I cr_ChildProcessService: Creating new ChildProcessService pid=1767
10-31 14:56:43.991  1767  1767 E WebViewFactory: can't load with relro file; address space not reserved
10-31 14:56:43.998  1790  1790 I SamplingProfilerIntegration: Profiling disabled.
10-31 14:56:44.012  1767  1802 I cr_LibraryLoader: Successfully loaded native library
10-31 14:56:44.012  1767  1802 I cr_CachingUmaRecorder: Flushed 3 samples from 3 histograms.
10-31 14:56:44.022  1808  1808 E asset   : setgid: Operation not permitted
10-31 14:56:44.042  1810  1810 W ThreadPoolForeg: type=1400 audit(0.0:15334): avc: denied { setattr } for name="model-info.pb" dev="dm-2" ino=1504798 scontext=u:r:isolated_app:s0:c512,c768 tcontext=u:object_r:app_data_file:s0:c512,c768 tclass=file permissive=0
10-31 14:56:44.045  1810  1810 W ThreadPoolForeg: type=1400 audit(0.0:15335): avc: denied { setattr } for name="model.tflite" dev="dm-2" ino=1504799 scontext=u:r:isolated_app:s0:c512,c768 tcontext=u:object_r:app_data_file:s0:c512,c768 tclass=file permissive=0
10-31 14:56:44.050  1767  1802 I chromium: [INFO:child_process_service.cc(69)] ChildProcessService: Exiting child process.
10-31 14:56:44.051   422   422 E lowmemorykiller: Error writing /proc/1767/oom_score_adj; errno=22
10-31 14:56:44.052   772 10894 I ActivityManager: Killing 1767:com.android.chrome:sandboxed_process23/u0a60i363 (adj 0): isolated not needed
10-31 14:56:44.053   772   790 W zygote64: failed to open /acct/uid_99363/pid_1767/cgroup.procs: No such file or directory
10-31 14:56:44.056  1790  1790 I cr_SplitCompatApp: Launched version=106.0.5249.79 minSdkVersion=24 isBundle=true processName=com.android.chrome:sandboxed_process24 isIsolated=true
10-31 14:56:44.061  1790  1790 W SystemServiceRegistry: No service published for: uimode
10-31 14:56:44.068  1790  1790 I cr_ChildProcessService: Creating new ChildProcessService pid=1790
10-31 14:56:44.079   950   950 W chromium: [WARNING:compositor_view.cc(342)] Child process died (type=6) pid=1767)
10-31 14:56:44.083  1790  1790 E WebViewFactory: can't load with relro file; address space not reserved
10-31 14:56:44.094  1790  1815 I cr_LibraryLoader: Successfully loaded native library
10-31 14:56:44.096  1790  1815 I cr_CachingUmaRecorder: Flushed 3 samples from 3 histograms.
10-31 14:56:44.112  1820  1820 W ThreadPoolForeg: type=1400 audit(0.0:15336): avc: denied { setattr } for name="model-info.pb" dev="dm-2" ino=1504781 scontext=u:r:isolated_app:s0:c512,c768 tcontext=u:object_r:app_data_file:s0:c512,c768 tclass=file permissive=0
10-31 14:56:44.112  1820  1820 W ThreadPoolForeg: type=1400 audit(0.0:15337): avc: denied { setattr } for name="model.tflite" dev="dm-2" ino=1504798 scontext=u:r:isolated_app:s0:c512,c768 tcontext=u:object_r:app_data_file:s0:c512,c768 tclass=file permissive=0
10-31 14:56:44.124  1790  1815 I chromium: [INFO:child_process_service.cc(69)] ChildProcessService: Exiting child process.
10-31 14:56:44.126   422   422 E lowmemorykiller: Error writing /proc/1790/oom_score_adj; errno=22
10-31 14:56:44.126   772 13021 I ActivityManager: Killing 1790:com.android.chrome:sandboxed_process24/u0a60i364 (adj 0): isolated not needed
10-31 14:56:44.127   772   790 W zygote64: failed to open /acct/uid_99364/pid_1790/cgroup.procs: No such file or directory
10-31 14:56:44.152   950   950 W chromium: [WARNING:compositor_view.cc(342)] Child process died (type=6) pid=1790)
10-31 14:56:44.165   950   950 W chromium: [WARNING:controller_impl.cc(1190)] Background download complete, client: 6, completion type: 0, file size:265060
10-31 14:56:44.190  1822  1822 E /system/bin/webview_zygote32: failed to make and chown /acct/uid_99365: Permission denied
10-31 14:56:44.191  1822  1822 E Zygote  : createProcessGroup(99365, 0) failed: Permission denied
10-31 14:56:44.193   772  4540 I ActivityManager: Start proc 1822:com.android.chrome:sandboxed_process25/u0i365 for webview_service com.android.chrome/org.chromium.content.app.SandboxedProcessService25
10-31 14:56:44.220  1822  1822 I SamplingProfilerIntegration: Profiling disabled.
10-31 14:56:44.242  1835  1835 E asset   : setgid: Operation not permitted
10-31 14:56:44.272   950   950 W chromium: [WARNING:controller_impl.cc(1190)] Background download complete, client: 6, completion type: 0, file size:2759
10-31 14:56:44.282  1822  1822 I cr_SplitCompatApp: Launched version=106.0.5249.79 minSdkVersion=24 isBundle=true processName=com.android.chrome:sandboxed_process25 isIsolated=true
10-31 14:56:44.288  1822  1822 W SystemServiceRegistry: No service published for: uimode
10-31 14:56:44.298  1822  1822 I cr_ChildProcessService: Creating new ChildProcessService pid=1822
10-31 14:56:44.307  1838  1838 E /system/bin/webview_zygote32: failed to make and chown /acct/uid_99366: Permission denied
10-31 14:56:44.307  1838  1838 E Zygote  : createProcessGroup(99366, 0) failed: Permission denied
10-31 14:56:44.309   772  4539 I ActivityManager: Start proc 1838:com.android.chrome:sandboxed_process26/u0i366 for webview_service com.android.chrome/org.chromium.content.app.SandboxedProcessService26
10-31 14:56:44.317  1822  1822 E WebViewFactory: can't load with relro file; address space not reserved
10-31 14:56:44.327  1822  1837 I cr_LibraryLoader: Successfully loaded native library
10-31 14:56:44.328  1822  1837 I cr_CachingUmaRecorder: Flushed 3 samples from 3 histograms.
10-31 14:56:44.338  1838  1838 I SamplingProfilerIntegration: Profiling disabled.
10-31 14:56:44.349  1853  1853 W ThreadPoolForeg: type=1400 audit(0.0:15338): avc: denied { setattr } for name="model-info.pb" dev="dm-2" ino=1504802 scontext=u:r:isolated_app:s0:c512,c768 tcontext=u:object_r:app_data_file:s0:c512,c768 tclass=file permissive=0
10-31 14:56:44.361  1857  1857 E asset   : setgid: Operation not permitted
10-31 14:56:44.365  1853  1853 W ThreadPoolForeg: type=1400 audit(0.0:15339): avc: denied { setattr } for name="model.tflite" dev="dm-2" ino=1504804 scontext=u:r:isolated_app:s0:c512,c768 tcontext=u:object_r:app_data_file:s0:c512,c768 tclass=file permissive=0
10-31 14:56:44.373  1822  1837 I chromium: [INFO:child_process_service.cc(69)] ChildProcessService: Exiting child process.
10-31 14:56:44.375  1623  1639 I tflite  : Initialized TensorFlow Lite runtime.
10-31 14:56:44.375   422   422 E lowmemorykiller: Error writing /proc/1822/oom_score_adj; errno=22
10-31 14:56:44.376   772   784 I ActivityManager: Killing 1822:com.android.chrome:sandboxed_process25/u0a60i365 (adj 0): isolated not needed
10-31 14:56:44.376   772   790 W zygote64: failed to open /acct/uid_99365/pid_1822/cgroup.procs: No such file or directory
10-31 14:56:44.400   950   950 W chromium: [WARNING:compositor_view.cc(342)] Child process died (type=6) pid=1822)
10-31 14:56:44.407  1838  1838 I cr_SplitCompatApp: Launched version=106.0.5249.79 minSdkVersion=24 isBundle=true processName=com.android.chrome:sandboxed_process26 isIsolated=true
10-31 14:56:44.414  1838  1838 W SystemServiceRegistry: No service published for: uimode
10-31 14:56:44.421  1838  1838 I cr_ChildProcessService: Creating new ChildProcessService pid=1838
10-31 14:56:44.427  1838  1838 E WebViewFactory: can't load with relro file; address space not reserved
10-31 14:56:44.439  1838  1859 I cr_LibraryLoader: Successfully loaded native library
10-31 14:56:44.440  1838  1859 I cr_CachingUmaRecorder: Flushed 3 samples from 3 histograms.
10-31 14:56:44.469  1863  1863 W ThreadPoolForeg: type=1400 audit(0.0:15340): avc: denied { setattr } for name="model-info.pb" dev="dm-2" ino=1504807 scontext=u:r:isolated_app:s0:c512,c768 tcontext=u:object_r:app_data_file:s0:c512,c768 tclass=file permissive=0
10-31 14:56:44.472  1863  1863 W ThreadPoolForeg: type=1400 audit(0.0:15341): avc: denied { setattr } for name="model.tflite" dev="dm-2" ino=1504808 scontext=u:r:isolated_app:s0:c512,c768 tcontext=u:object_r:app_data_file:s0:c512,c768 tclass=file permissive=0
10-31 14:56:44.479  1838  1859 I chromium: [INFO:child_process_service.cc(69)] ChildProcessService: Exiting child process.
10-31 14:56:44.482   422   422 E lowmemorykiller: Error writing /proc/1838/oom_score_adj; errno=22
10-31 14:56:44.483   772  3037 I ActivityManager: Killing 1838:com.android.chrome:sandboxed_process26/u0a60i366 (adj 0): isolated not needed
10-31 14:56:44.484   772   790 W zygote64: failed to open /acct/uid_99366/pid_1838/cgroup.procs: No such file or directory
10-31 14:56:44.489   950   950 W chromium: [WARNING:controller_impl.cc(1190)] Background download complete, client: 6, completion type: 0, file size:4951
10-31 14:56:44.498   950   950 W chromium: [WARNING:controller_impl.cc(1190)] Background download complete, client: 6, completion type: 0, file size:116031
10-31 14:56:44.517   950   950 W chromium: [WARNING:compositor_view.cc(342)] Child process died (type=6) pid=1838)
10-31 14:56:44.543   772  2970 I ActivityManager: Start proc 1866:com.android.chrome:sandboxed_process27/u0i367 for webview_service com.android.chrome/org.chromium.content.app.SandboxedProcessService27
10-31 14:56:44.545  1866  1866 E /system/bin/webview_zygote32: failed to make and chown /acct/uid_99367: Permission denied
10-31 14:56:44.546  1866  1866 E Zygote  : createProcessGroup(99367, 0) failed: Permission denied
10-31 14:56:44.561  1874  1874 E /system/bin/webview_zygote32: failed to make and chown /acct/uid_99368: Permission denied
10-31 14:56:44.561  1874  1874 E Zygote  : createProcessGroup(99368, 0) failed: Permission denied
10-31 14:56:44.564   772 13022 I ActivityManager: Start proc 1874:com.android.chrome:sandboxed_process28/u0i368 for webview_service com.android.chrome/org.chromium.content.app.SandboxedProcessService28
10-31 14:56:44.576  1866  1866 I SamplingProfilerIntegration: Profiling disabled.
10-31 14:56:44.593  1874  1874 I SamplingProfilerIntegration: Profiling disabled.
10-31 14:56:44.597  1892  1892 E asset   : setgid: Operation not permitted
10-31 14:56:44.621  1893  1893 E asset   : setgid: Operation not permitted
10-31 14:56:44.621   772   781 I zygote64: Background concurrent copying GC freed 101852(6MB) AllocSpace objects, 241(8MB) LOS objects, 42% free, 19MB/34MB, paused 669us total 115.382ms
10-31 14:56:44.647  1874  1874 I cr_SplitCompatApp: Launched version=106.0.5249.79 minSdkVersion=24 isBundle=true processName=com.android.chrome:sandboxed_process28 isIsolated=true
10-31 14:56:44.652  1874  1874 W SystemServiceRegistry: No service published for: uimode
10-31 14:56:44.654  1866  1866 I cr_SplitCompatApp: Launched version=106.0.5249.79 minSdkVersion=24 isBundle=true processName=com.android.chrome:sandboxed_process27 isIsolated=true
10-31 14:56:44.659  1866  1866 W SystemServiceRegistry: No service published for: uimode
10-31 14:56:44.663  1874  1874 I cr_ChildProcessService: Creating new ChildProcessService pid=1874
10-31 14:56:44.667  1866  1866 I cr_ChildProcessService: Creating new ChildProcessService pid=1866
10-31 14:56:44.676  1866  1866 E WebViewFactory: can't load with relro file; address space not reserved
10-31 14:56:44.676  1874  1874 E WebViewFactory: can't load with relro file; address space not reserved
10-31 14:56:44.683  1866  1896 I cr_LibraryLoader: Successfully loaded native library
10-31 14:56:44.685  1866  1896 I cr_CachingUmaRecorder: Flushed 3 samples from 3 histograms.
10-31 14:56:44.699  1874  1895 I cr_LibraryLoader: Successfully loaded native library
10-31 14:56:44.704  1874  1895 I cr_CachingUmaRecorder: Flushed 3 samples from 3 histograms.
10-31 14:56:44.719  1900  1900 W ThreadPoolForeg: type=1400 audit(0.0:15342): avc: denied { setattr } for name="model-info.pb" dev="dm-2" ino=1504844 scontext=u:r:isolated_app:s0:c512,c768 tcontext=u:object_r:app_data_file:s0:c512,c768 tclass=file permissive=0
10-31 14:56:44.719  1900  1900 W ThreadPoolForeg: type=1400 audit(0.0:15343): avc: denied { setattr } for name="model.tflite" dev="dm-2" ino=1504845 scontext=u:r:isolated_app:s0:c512,c768 tcontext=u:object_r:app_data_file:s0:c512,c768 tclass=file permissive=0
10-31 14:56:44.729  1866  1896 I chromium: [INFO:child_process_service.cc(69)] ChildProcessService: Exiting child process.
10-31 14:56:44.731   422   422 E lowmemorykiller: Error writing /proc/1866/oom_score_adj; errno=22
10-31 14:56:44.731   772  4540 I ActivityManager: Killing 1866:com.android.chrome:sandboxed_process27/u0a60i367 (adj 0): isolated not needed
10-31 14:56:44.732   772   790 W zygote64: failed to open /acct/uid_99367/pid_1866/cgroup.procs: No such file or directory
10-31 14:56:44.745  1906  1906 W ThreadPoolForeg: type=1400 audit(0.0:15344): avc: denied { setattr } for name="model-info.pb" dev="dm-2" ino=1504844 scontext=u:r:isolated_app:s0:c512,c768 tcontext=u:object_r:app_data_file:s0:c512,c768 tclass=file permissive=0
10-31 14:56:44.750   950   950 W chromium: [WARNING:compositor_view.cc(342)] Child process died (type=6) pid=1866)
10-31 14:56:44.755  1906  1906 W ThreadPoolForeg: type=1400 audit(0.0:15345): avc: denied { setattr } for name="model.tflite" dev="dm-2" ino=1504846 scontext=u:r:isolated_app:s0:c512,c768 tcontext=u:object_r:app_data_file:s0:c512,c768 tclass=file permissive=0
10-31 14:56:44.765   772 10895 I ActivityManager: Killing 1874:com.android.chrome:sandboxed_process28/u0a60i368 (adj 0): isolated not needed
10-31 14:56:44.765   772   790 W zygote64: failed to open /acct/uid_99368/pid_1874/cgroup.procs: No such file or directory
10-31 14:56:44.783   950   950 W chromium: [WARNING:compositor_view.cc(342)] Child process died (type=6) pid=1874)
10-31 14:56:44.864 13542 13542 D BoundBrokerSvc: onBind: Intent { act=com.google.android.gms.common.BIND_SHARED_PREFS pkg=com.google.android.gms }
10-31 14:56:44.864 13542 13542 D BoundBrokerSvc: Loading bound service for intent: Intent { act=com.google.android.gms.common.BIND_SHARED_PREFS pkg=com.google.android.gms }
10-31 14:56:44.868 13542 13674 I Icing   : IndexChimeraService.getServiceInterface callingPackage=com.google.android.gms componentName=null serviceId=30
10-31 14:56:44.870 13542 13542 D BoundBrokerSvc: onUnbind: Intent { act=com.google.android.gms.common.BIND_SHARED_PREFS pkg=com.google.android.gms }
10-31 14:56:44.884 13542 27495 I GmsCoreXrpcWrapper: Returning a channel provider with trafficStatsTag=12803 trafficStatsUid=-1
10-31 14:56:45.062 13542 27495 I Icing   : Usage reports ok 3, Failed Usage reports 0, indexed 1, rejected 0
10-31 14:56:45.991   950   950 W chromium: [WARNING:controller_impl.cc(1190)] Background download complete, client: 6, completion type: 0, file size:9419
10-31 14:56:46.021   772 13071 I ActivityManager: Start proc 1912:com.android.chrome:sandboxed_process29/u0i369 for webview_service com.android.chrome/org.chromium.content.app.SandboxedProcessService29
10-31 14:56:46.025  1912  1912 E /system/bin/webview_zygote32: failed to make and chown /acct/uid_99369: Permission denied
