10-31 14:57:37.545   772   996 I ActivityManager: Killing 2040:com.android.chrome:sandboxed_process31/u0a60i371 (adj 0): isolated not needed
10-31 14:57:37.546   772   790 W zygote64: failed to open /acct/uid_99371/pid_2040/cgroup.procs: No such file or directory
10-31 14:57:37.556   950   950 W chromium: [WARNING:compositor_view.cc(342)] Child process died (type=6) pid=2040)
10-31 14:57:39.800  2063  2063 E /system/bin/webview_zygote32: failed to make and chown /acct/uid_99372: Permission denied
10-31 14:57:39.800  2063  2063 E Zygote  : createProcessGroup(99372, 0) failed: Permission denied
10-31 14:57:39.809   772   784 I ActivityManager: Start proc 2063:com.android.chrome:sandboxed_process32/u0i372 for webview_service com.android.chrome/org.chromium.content.app.SandboxedProcessService32
10-31 14:57:39.838  2063  2063 I SamplingProfilerIntegration: Profiling disabled.
10-31 14:57:39.869  2078  2078 E asset   : setgid: Operation not permitted
10-31 14:57:39.913  2063  2063 I cr_SplitCompatApp: Launched version=106.0.5249.79 minSdkVersion=24 isBundle=true processName=com.android.chrome:sandboxed_process32 isIsolated=true
10-31 14:57:39.920  2063  2063 W SystemServiceRegistry: No service published for: uimode
10-31 14:57:39.934  2063  2063 I cr_ChildProcessService: Creating new ChildProcessService pid=2063
10-31 14:57:39.945  2063  2063 E WebViewFactory: can't load with relro file; address space not reserved
10-31 14:57:39.958  2063  2079 I cr_LibraryLoader: Successfully loaded native library
10-31 14:57:39.959  2063  2079 I cr_CachingUmaRecorder: Flushed 3 samples from 3 histograms.
10-31 14:57:40.005  2084  2084 W ThreadPoolForeg: type=1400 audit(0.0:15355): avc: denied { setattr } for name="optimization-hints.pb" dev="dm-2" ino=1505189 scontext=u:r:isolated_app:s0:c512,c768 tcontext=u:object_r:app_data_file:s0:c512,c768 tclass=file permissive=0
10-31 14:57:40.009  2084  2084 W ThreadPoolForeg: type=1400 audit(0.0:15356): avc: denied { setattr } for name="manifest.json" dev="dm-2" ino=1505190 scontext=u:r:isolated_app:s0:c512,c768 tcontext=u:object_r:app_data_file:s0:c512,c768 tclass=file permissive=0
10-31 14:57:40.015  2084  2084 W ThreadPoolForeg: type=1400 audit(0.0:15357): avc: denied { setattr } for name="verified_contents.json" dev="dm-2" ino=1505192 scontext=u:r:isolated_app:s0:c512,c768 tcontext=u:object_r:app_data_file:s0:c512,c768 tclass=file permissive=0
10-31 14:57:40.025  2063  2079 I chromium: [INFO:child_process_service.cc(69)] ChildProcessService: Exiting child process.
10-31 14:57:40.028   422   422 E lowmemorykiller: Error writing /proc/2063/oom_score_adj; errno=22
10-31 14:57:40.029   772   784 I ActivityManager: Killing 2063:com.android.chrome:sandboxed_process32/u0a60i372 (adj 0): isolated not needed
10-31 14:57:40.031   772   790 W zygote64: failed to open /acct/uid_99372/pid_2063/cgroup.procs: No such file or directory
10-31 14:57:40.053   950   950 W chromium: [WARNING:compositor_view.cc(342)] Child process died (type=6) pid=2063)
10-31 14:57:42.891  2087  2087 E /system/bin/webview_zygote32: failed to make and chown /acct/uid_99373: Permission denied
10-31 14:57:42.891  2087  2087 E Zygote  : createProcessGroup(99373, 0) failed: Permission denied
10-31 14:57:42.895   772  4540 I ActivityManager: Start proc 2087:com.android.chrome:sandboxed_process33/u0i373 for webview_service com.android.chrome/org.chromium.content.app.SandboxedProcessService33
10-31 14:57:42.928  2087  2087 I SamplingProfilerIntegration: Profiling disabled.
10-31 14:57:42.961  2100  2100 E asset   : setgid: Operation not permitted
10-31 14:57:43.005  2087  2087 I cr_SplitCompatApp: Launched version=106.0.5249.79 minSdkVersion=24 isBundle=true processName=com.android.chrome:sandboxed_process33 isIsolated=true
10-31 14:57:43.011  2087  2087 W SystemServiceRegistry: No service published for: uimode
10-31 14:57:43.025  2087  2087 I cr_ChildProcessService: Creating new ChildProcessService pid=2087
10-31 14:57:43.037  2087  2087 E WebViewFactory: can't load with relro file; address space not reserved
10-31 14:57:43.050  2087  2101 I cr_LibraryLoader: Successfully loaded native library
10-31 14:57:43.051  2087  2101 I cr_CachingUmaRecorder: Flushed 3 samples from 3 histograms.
10-31 14:57:43.095  2106  2106 W ThreadPoolForeg: type=1400 audit(0.0:15358): avc: denied { setattr } for name="ssl_error_assistant.pb" dev="dm-2" ino=1505195 scontext=u:r:isolated_app:s0:c512,c768 tcontext=u:object_r:app_data_file:s0:c512,c768 tclass=file permissive=0
10-31 14:57:43.095  2106  2106 W ThreadPoolForeg: type=1400 audit(0.0:15359): avc: denied { setattr } for name="ssl_error_assistant.pb" dev="dm-2" ino=1505195 scontext=u:r:isolated_app:s0:c512,c768 tcontext=u:object_r:app_data_file:s0:c512,c768 tclass=file permissive=0
10-31 14:57:43.099  2106  2106 W ThreadPoolForeg: type=1400 audit(0.0:15360): avc: denied { setattr } for name="manifest.json" dev="dm-2" ino=1505197 scontext=u:r:isolated_app:s0:c512,c768 tcontext=u:object_r:app_data_file:s0:c512,c768 tclass=file permissive=0
10-31 14:57:43.102  2106  2106 W ThreadPoolForeg: type=1400 audit(0.0:15361): avc: denied { setattr } for name="verified_contents.json" dev="dm-2" ino=1505199 scontext=u:r:isolated_app:s0:c512,c768 tcontext=u:object_r:app_data_file:s0:c512,c768 tclass=file permissive=0
10-31 14:57:43.111  2087  2101 I chromium: [INFO:child_process_service.cc(69)] ChildProcessService: Exiting child process.
10-31 14:57:43.112   422   422 E lowmemorykiller: Error writing /proc/2087/oom_score_adj; errno=22
10-31 14:57:43.113   772  4540 I ActivityManager: Killing 2087:com.android.chrome:sandboxed_process33/u0a60i373 (adj 0): isolated not needed
10-31 14:57:43.114   772   790 W zygote64: failed to open /acct/uid_99373/pid_2087/cgroup.procs: No such file or directory
10-31 14:57:43.131   950   950 W chromium: [WARNING:compositor_view.cc(342)] Child process died (type=6) pid=2087)
10-31 14:57:46.392  2110  2110 E /system/bin/webview_zygote32: failed to make and chown /acct/uid_99374: Permission denied
10-31 14:57:46.392  2110  2110 E Zygote  : createProcessGroup(99374, 0) failed: Permission denied
10-31 14:57:46.399   772  3041 I ActivityManager: Start proc 2110:com.android.chrome:sandboxed_process34/u0i374 for webview_service com.android.chrome/org.chromium.content.app.SandboxedProcessService34
10-31 14:57:46.427  2110  2110 I SamplingProfilerIntegration: Profiling disabled.
10-31 14:57:46.450  2124  2124 E asset   : setgid: Operation not permitted
10-31 14:57:46.488  2110  2110 I cr_SplitCompatApp: Launched version=106.0.5249.79 minSdkVersion=24 isBundle=true processName=com.android.chrome:sandboxed_process34 isIsolated=true
10-31 14:57:46.495  2110  2110 W SystemServiceRegistry: No service published for: uimode
10-31 14:57:46.507  2110  2110 I cr_ChildProcessService: Creating new ChildProcessService pid=2110
10-31 14:57:46.517  2110  2110 E WebViewFactory: can't load with relro file; address space not reserved
10-31 14:57:46.529  2110  2125 I cr_LibraryLoader: Successfully loaded native library
10-31 14:57:46.531  2110  2125 I cr_CachingUmaRecorder: Flushed 3 samples from 3 histograms.
10-31 14:57:46.575  2129  2129 W ThreadPoolForeg: type=1400 audit(0.0:15362): avc: denied { setattr } for name="download_file_types.pb" dev="dm-2" ino=1505202 scontext=u:r:isolated_app:s0:c512,c768 tcontext=u:object_r:app_data_file:s0:c512,c768 tclass=file permissive=0
10-31 14:57:46.575  2129  2129 W ThreadPoolForeg: type=1400 audit(0.0:15363): avc: denied { setattr } for name="download_file_types.pb" dev="dm-2" ino=1505202 scontext=u:r:isolated_app:s0:c512,c768 tcontext=u:object_r:app_data_file:s0:c512,c768 tclass=file permissive=0
10-31 14:57:46.579  2129  2129 W ThreadPoolForeg: type=1400 audit(0.0:15364): avc: denied { setattr } for name="manifest.json" dev="dm-2" ino=1505204 scontext=u:r:isolated_app:s0:c512,c768 tcontext=u:object_r:app_data_file:s0:c512,c768 tclass=file permissive=0
10-31 14:57:46.582  2129  2129 W ThreadPoolForeg: type=1400 audit(0.0:15365): avc: denied { setattr } for name="verified_contents.json" dev="dm-2" ino=1505206 scontext=u:r:isolated_app:s0:c512,c768 tcontext=u:object_r:app_data_file:s0:c512,c768 tclass=file permissive=0
10-31 14:57:46.590  2110  2125 I chromium: [INFO:child_process_service.cc(69)] ChildProcessService: Exiting child process.
10-31 14:57:46.592   422   422 E lowmemorykiller: Error writing /proc/2110/oom_score_adj; errno=22
10-31 14:57:46.594   772 10895 I ActivityManager: Killing 2110:com.android.chrome:sandboxed_process34/u0a60i374 (adj 0): isolated not needed
10-31 14:57:46.594   772   790 W zygote64: failed to open /acct/uid_99374/pid_2110/cgroup.procs: No such file or directory
10-31 14:57:46.607   950   950 W chromium: [WARNING:compositor_view.cc(342)] Child process died (type=6) pid=2110)
10-31 14:57:47.927   772  4540 I ActivityManager: Force stopping com.android.chrome appid=10060 user=0: from pid 2142
10-31 14:57:47.927   772  4540 I ActivityManager: Killing 1029:com.android.chrome:privileged_process0/u0a60 (adj 0): stop com.android.chrome
10-31 14:57:47.928   772  4540 W ActivityManager: Scheduling restart of crashed service com.android.chrome/org.chromium.content.app.PrivilegedProcessService0 in 1000ms
10-31 14:57:47.931   772  4540 I ActivityManager: Killing 950:com.android.chrome/u0a60 (adj 0): stop com.android.chrome
10-31 14:57:47.942 13542 13542 D BoundBrokerSvc: onUnbind: Intent { act=com.google.android.gms.auth.key.retrieval.service.START dat=chimera-action:com.google.android.gms.auth.key.retrieval.service.START cmp=com.google.android.gms/.chimera.GmsApiService }
10-31 14:57:47.943   772  4540 I ActivityManager: Killing 995:com.android.chrome:sandboxed_process0/u0a60i340 (adj 0): isolated not needed
10-31 14:57:47.945   772  4540 W ActivityManager: Force removing ActivityRecord{587d6b0 u0 com.android.chrome/com.google.android.apps.chrome.Main t791}: app died, no saved state
10-31 14:57:47.946 27001 27001 I MemoryTrimmer: Trimming objects from memory, since app is in the background.
10-31 14:57:47.951   772  4540 I WindowManager: Failed to capture screenshot of Token{a603929 ActivityRecord{587d6b0 u0 com.android.chrome/com.google.android.apps.chrome.Main t791 f}} appWin=Window{271ab55 u0 com.android.chrome/com.google.android.apps.chrome.Main} drawState=4
10-31 14:57:47.957  1623  1623 I cr_ChildProcessService: Destroying ChildProcessService pid=1623
10-31 14:57:47.959   772  4540 I ActivityManager: Killing 1623:com.android.chrome:sandboxed_process17/u0a60i357 (adj 0): isolated not needed
10-31 14:57:47.969  1311  1311 D CarrierSvcBindHelper: No carrier app for: 0
10-31 14:57:47.991  2964  2964 D RegisteredNfcFServicesCache: Service unchanged, not updating
10-31 14:57:47.994   772  1259 D ConnectivityService: ConnectivityService NetworkRequestInfo binderDied(NetworkRequest [ LISTEN id=1935, [ Capabilities: INTERNET&NOT_RESTRICTED&TRUSTED&FOREGROUND] ], android.os.BinderProxy@f58dc15)
10-31 14:57:47.994   772  4539 D ConnectivityService: ConnectivityService NetworkRequestInfo binderDied(NetworkRequest [ LISTEN id=1933, [ Capabilities: INTERNET&NOT_RESTRICTED&TRUSTED&FOREGROUND] ], android.os.BinderProxy@9224b2a)
10-31 14:57:47.994   772  4539 D ConnectivityService: ConnectivityService NetworkRequestInfo binderDied(NetworkRequest [ LISTEN id=1934, [ Capabilities: INTERNET&NOT_RESTRICTED&TRUSTED&FOREGROUND] ], android.os.BinderProxy@2fcfd1b)
10-31 14:57:47.995   772   862 E ConnectivityService: RemoteException caught trying to send a callback msg for NetworkRequest [ LISTEN id=1935, [ Capabilities: INTERNET&NOT_RESTRICTED&TRUSTED&FOREGROUND] ]
10-31 14:57:47.996   772   862 E ConnectivityService: RemoteException caught trying to send a callback msg for NetworkRequest [ LISTEN id=1933, [ Capabilities: INTERNET&NOT_RESTRICTED&TRUSTED&FOREGROUND] ]
10-31 14:57:47.998   772   862 E ConnectivityService: RemoteException caught trying to send a callback msg for NetworkRequest [ LISTEN id=1934, [ Capabilities: INTERNET&NOT_RESTRICTED&TRUSTED&FOREGROUND] ]
10-31 14:57:48.001   772   797 W ActivityManager: setHasOverlayUi called on unknown pid: 950
10-31 14:57:48.011 13325 13387 I Adreno  : QUALCOMM build                   : 7142022, Ib5823dd10c
10-31 14:57:48.011 13325 13387 I Adreno  : Build Date                       : 06/23/17
10-31 14:57:48.011 13325 13387 I Adreno  : OpenGL ES Shader Compiler Version: EV031.18.00.00
10-31 14:57:48.011 13325 13387 I Adreno  : Local Branch                     : O11A
10-31 14:57:48.011 13325 13387 I Adreno  : Remote Branch                    : 
10-31 14:57:48.011 13325 13387 I Adreno  : Remote Branch                    : 
10-31 14:57:48.011 13325 13387 I Adreno  : Reconstruct Branch               : 
10-31 14:57:48.013 13325 13387 I vndksupport: sphal namespace is not configured for this process. Loading /vendor/lib64/hw/gralloc.msm8992.so from the current namespace instead.
10-31 14:57:48.014   772   790 W zygote64: failed to open /acct/uid_99340/pid_995/cgroup.procs: No such file or directory
10-31 14:57:48.014   772   790 W zygote64: failed to open /acct/uid_99357/pid_1623/cgroup.procs: No such file or directory
10-31 14:57:48.022 13325 13387 I Adreno  : PFP: 0x00000000, ME: 0x00000000
10-31 14:57:48.026 13325 13387 I OpenGLRenderer: Initialized EGL, version 1.4
10-31 14:57:48.026 13325 13387 D OpenGLRenderer: Swap behavior 2
10-31 14:57:48.056   772  4539 W ActivityManager: Unable to start service Intent { act=com.google.android.gms.speech.service.START pkg=com.google.android.gms } U=0: not found
10-31 14:57:48.056   772 13071 W ActivityManager: Unbind failed: could not find connection for android.os.BinderProxy@55a5401
10-31 14:57:48.056 27001 27047 E GmsClient: unable to connect to service: com.google.android.gms.speech.service.START on com.google.android.gms
10-31 14:57:48.078   772  3086 I OpenGLRenderer: Initialized EGL, version 1.4
10-31 14:57:48.078   772  3086 D OpenGLRenderer: Swap behavior 2
10-31 14:57:48.080 27001   993 W SessionLifecycleManager: Handover failed. Creating new session controller.
10-31 14:57:48.086 27001 27001 I OptInState: There is a new client and it does not support opt-in. Dropping request.
10-31 14:57:48.119 27001 27001 I MicroDetectionWorker: #updateMicroDetector [detectionMode: [mDetectionMode: [1]]]
10-31 14:57:48.120 27001 27001 I MicroDetectionWorker: #startMicroDetector [speakerMode: 0]
10-31 14:57:48.130 27001 27191 I MicroRecognitionRunner: Starting detection.
10-31 14:57:48.131 27001 30853 I MicrophoneInputStream: mic_starting com.google.android.apps.gsa.speech.audio.af@944c6fa
10-31 14:57:48.131 27001 27001 I MicroDetectionWorker: onReady
10-31 14:57:48.132   556   688 W DeviceHAL: Device 0xefa2d000 open_input_stream: Invalid argument
10-31 14:57:48.134   556  2155 I AudioFlinger: AudioFlinger's thread 0xec603240 tid=2155 ready to run
10-31 14:57:48.146   556   753 I SoundTriggerHwService::Module: onCallbackEvent no clients
10-31 14:57:48.146 27001 30853 I MicrophoneInputStream: mic_started com.google.android.apps.gsa.speech.audio.af@944c6fa
10-31 14:57:48.163   556  2156 D sound_trigger_platform: platform_stdev_check_and_update_concurrency: concurrency active 0, tx 1, rx 0, concurrency session_allowed 0
10-31 14:57:48.163   556  2156 D audio_hw_primary: enable_snd_device: snd_device(72: voice-rec-mic)
10-31 14:57:48.168   556  2156 D audio_hw_primary: enable_audio_route: usecase(9) apply and update mixer path: audio-record
10-31 14:57:48.235 27001 27001 I MicroDetectionWorker: onReady
10-31 14:57:48.377  2145  2145 D AndroidRuntime: >>>>>> START com.android.internal.os.RuntimeInit uid 2000 <<<<<<
10-31 14:57:48.508  2145  2145 D AndroidRuntime: Calling main entry com.android.commands.pm.Pm
10-31 14:57:48.538   772 13021 I ActivityManager: Force stopping com.android.chrome appid=10060 user=0: clear data
10-31 14:57:48.543 13325 13387 W OpenGLRenderer: Incorrectly called buildLayer on View: ShortcutAndWidgetContainer, destroying layer...
10-31 14:57:48.544   772   788 I ActivityManager: Force stopping com.android.chrome appid=10060 user=-1: clearApplicationUserData
10-31 14:57:48.651   560   560 I keystore: clear_uid 10060
10-31 14:57:48.672   772   787 W ResourceType: No known package when getting value for resource number 0x7f0904db
10-31 14:57:48.672   772   787 W ResourceType: No known package when getting value for resource number 0x7f140670
10-31 14:57:48.673   772   787 W ResourceType: No known package when getting value for resource number 0x7f0904da
10-31 14:57:48.673   772   787 W ResourceType: No known package when getting value for resource number 0x7f14018b
10-31 14:57:48.673   772   787 W ResourceType: No known package when getting value for resource number 0x7f14066f
10-31 14:57:48.673   772   787 W ResourceType: No known package when getting value for resource number 0x7f140434
10-31 14:57:48.673   772   787 E ShortcutService: Ignoring excessive intent tag.
10-31 14:57:48.675  1311  1311 D CarrierSvcBindHelper: No carrier app for: 0
10-31 14:57:48.676  2145  2145 I app_process: System.exit called, status: 0
10-31 14:57:48.676  2145  2145 I AndroidRuntime: VM exiting with result code 0.
10-31 14:57:48.694  2964  2964 D RegisteredNfcFServicesCache: Service unchanged, not updating
10-31 14:57:48.705  3960  2172 I Fitness : FitCleanupIntentOperation received Intent android.intent.action.PACKAGE_DATA_CLEARED [CONTEXT service_id=17 ]
10-31 14:57:48.746 13542 20558 I Icing   : doRemovePackageData com.android.chrome
10-31 14:57:48.746 13542 20558 I Icing   : Removing corpus key com.android.chrome-omnibox for package com.android.chrome
10-31 14:57:48.764 13542 20558 I native  : I0000 00:00:1667224668.764441   20558 flash-index.cc:1535] Flash index sort hb 8 prefix-hits 10 -> 10 at 9.487ms
10-31 14:57:48.842 13542 20558 I Icing   : Removing corpus key com.android.chrome-.implicit: for package com.android.chrome
10-31 14:57:48.955 13542 20558 I Icing   : Starting compaction min disk 99.985% min index 99.988%
10-31 14:57:49.004   772 32228 I ActivityManager: Force stopping com.android.chrome appid=10060 user=0: from pid 2197
10-31 14:57:49.009  1311  1311 D CarrierSvcBindHelper: No carrier app for: 0
10-31 14:57:49.019  2964  2964 D RegisteredNfcFServicesCache: Service unchanged, not updating
10-31 14:57:49.113 13542 20558 I native  : I0000 00:00:1667224669.113663   20558 document-store.cc:1684] Scored 959 usage reports, missing_corpora 373 update_failed 0
10-31 14:57:49.222 13542 20558 W native  : W0000 00:00:1667224669.222804   20558 words-map.cc:36] INVALID_ARGUMENT: Empty URI
10-31 14:57:49.222 13542 20558 W native  : W0000 00:00:1667224669.222922   20558 words-map.cc:40] WordsMap was not properly initialized
10-31 14:57:49.324 13542 20558 E native  : E0000 00:00:1667224669.324366   20558 compactor.cc:77] Could not index embedding for docid 1: INTERNAL: Unable to find Thing Proto section 
10-31 14:57:49.325 13542 20558 E native  : E0000 00:00:1667224669.325080   20558 compactor.cc:77] Could not index embedding for docid 3: INTERNAL: Unable to find Thing Proto section 
10-31 14:57:49.325 13542 20558 E native  : E0000 00:00:1667224669.325574   20558 compactor.cc:77] Could not index embedding for docid 5: INTERNAL: Unable to find Thing Proto section 
10-31 14:57:49.326 13542 20558 E native  : E0000 00:00:1667224669.326031   20558 compactor.cc:77] Could not index embedding for docid 7: INTERNAL: Unable to find Thing Proto section 
10-31 14:57:49.326 13542 20558 E native  : E0000 00:00:1667224669.326504   20558 compactor.cc:77] Could not index embedding for docid 9: INTERNAL: Unable to find Thing Proto section 
10-31 14:57:49.327 13542 20558 E native  : E0000 00:00:1667224669.327231   20558 compactor.cc:77] Could not index embedding for docid 11: INTERNAL: Unable to find Thing Proto section 
10-31 14:57:49.327 13542 20558 E native  : E0000 00:00:1667224669.327721   20558 compactor.cc:77] Could not index embedding for docid 13: INTERNAL: Unable to find Thing Proto section 
10-31 14:57:49.328 13542 20558 E native  : E0000 00:00:1667224669.328185   20558 compactor.cc:77] Could not index embedding for docid 15: INTERNAL: Unable to find Thing Proto section 
10-31 14:57:49.328 13542 20558 E native  : E0000 00:00:1667224669.328637   20558 compactor.cc:77] Could not index embedding for docid 17: INTERNAL: Unable to find Thing Proto section 
10-31 14:57:49.329 13542 20558 E native  : E0000 00:00:1667224669.329078   20558 compactor.cc:77] Could not index embedding for docid 19: INTERNAL: Unable to find Thing Proto section 
10-31 14:57:49.329 13542 20558 E native  : E0000 00:00:1667224669.329532   20558 compactor.cc:77] Could not index embedding for docid 21: INTERNAL: Unable to find Thing Proto section 
10-31 14:57:49.330 13542 20558 E native  : E0000 00:00:1667224669.330012   20558 compactor.cc:77] Could not index embedding for docid 23: INTERNAL: Unable to find Thing Proto section 
10-31 14:57:49.330 13542 20558 E native  : E0000 00:00:1667224669.330787   20558 compactor.cc:77] Could not index embedding for docid 25: INTERNAL: Unable to find Thing Proto section 
10-31 14:57:49.338 13542 20558 E native  : E0000 00:00:1667224669.338168   20558 compactor.cc:77] Could not index embedding for docid 26: INTERNAL: Unable to find Thing Proto section 
10-31 14:57:49.345 13542 20558 E native  : E0000 00:00:1667224669.344970   20558 compactor.cc:77] Could not index embedding for docid 27: INTERNAL: Unable to find Thing Proto section 
10-31 14:57:49.390  2199  2199 D AndroidRuntime: >>>>>> START com.android.internal.os.RuntimeInit uid 2000 <<<<<<
10-31 14:57:49.420 13542 20558 I native  : I0000 00:00:1667224669.420887   20558 flash-index.cc:1535] Flash index sort hb 40 prefix-hits 68 -> 67 at 41.701ms
10-31 14:57:49.480 13542 20558 W native  : W0000 00:00:1667224669.480289   20558 words-map.cc:36] INVALID_ARGUMENT: Empty URI
10-31 14:57:49.480 13542 20558 W native  : W0000 00:00:1667224669.480412   20558 words-map.cc:40] WordsMap was not properly initialized
10-31 14:57:49.531  2199  2199 D AndroidRuntime: Calling main entry com.android.commands.pm.Pm
10-31 14:57:49.539   772  1324 I ActivityManager: Force stopping com.android.chrome appid=10060 user=0: clear data
10-31 14:57:49.541   772   788 I ActivityManager: Force stopping com.android.chrome appid=10060 user=-1: clearApplicationUserData
10-31 14:57:49.542   560   560 I keystore: clear_uid 10060
10-31 14:57:49.547 13542 20558 I Icing   : updateResources: need to parse anue{com.android.chrome}
10-31 14:57:49.579  1311  1311 D CarrierSvcBindHelper: No carrier app for: 0
10-31 14:57:49.583   772   787 W ResourceType: No known package when getting value for resource number 0x7f0904db
10-31 14:57:49.583   772   787 W ResourceType: No known package when getting value for resource number 0x7f140670
10-31 14:57:49.583   772   787 W ResourceType: No known package when getting value for resource number 0x7f0904da
10-31 14:57:49.583   772   787 W ResourceType: No known package when getting value for resource number 0x7f14018b
10-31 14:57:49.583   772   787 W ResourceType: No known package when getting value for resource number 0x7f14066f
10-31 14:57:49.583   772   787 W ResourceType: No known package when getting value for resource number 0x7f140434
10-31 14:57:49.583   772   787 E ShortcutService: Ignoring excessive intent tag.
10-31 14:57:49.585  2199  2199 I app_process: System.exit called, status: 0
10-31 14:57:49.585  2199  2199 I AndroidRuntime: VM exiting with result code 0.
10-31 14:57:49.601  2964  2964 D RegisteredNfcFServicesCache: Service unchanged, not updating
10-31 14:57:49.615  3960  2172 I Fitness : FitCleanupIntentOperation received Intent android.intent.action.PACKAGE_DATA_CLEARED [CONTEXT service_id=17 ]
10-31 14:57:49.696 13542 20558 I Icing   : doRemovePackageData com.android.chrome
10-31 14:57:49.696 13542 20558 I Icing   : Removing corpus key com.android.chrome-omnibox for package com.android.chrome
10-31 14:57:49.824 13542 20558 I Icing   : updateResources: need to parse anue{com.android.chrome}
10-31 14:57:49.907 13542 20558 I Icing   : Indexing done com.android.chrome-omnibox
10-31 14:57:49.907 13542 20558 E Icing   : Aborting indexing of corpus omnibox
10-31 14:57:49.909 13542 20558 I Icing   : Indexing com.android.chrome-omnibox from com.android.chrome
10-31 14:57:49.923   772  3854 I ActivityManager: Start proc 2216:com.android.chrome/u0a60 for content provider com.android.chrome/com.google.android.apps.chrome.icing.IcingProvider
10-31 14:57:49.971  2216  2216 I cr_SplitCompatApp: Launched version=106.0.5249.79 minSdkVersion=24 isBundle=true processName=com.android.chrome isIsolated=false
10-31 14:57:50.076  3960  4245 I FontLog : Received query Google Sans, URI content://com.google.android.gms.fonts [CONTEXT service_id=132 ]
10-31 14:57:50.076  3960  4245 I FontLog : Query [Google Sans] resolved to {Google Sans, wdth 100.0, wght 400, ital 0.0, bestEffort false} [CONTEXT service_id=132 ]
10-31 14:57:50.077  3960  4245 I FontLog : Font PFD returned from cache for {Google Sans, wdth 100.0, wght 400, ital 0.0, bestEffort false} [CONTEXT service_id=132 ]
10-31 14:57:50.077  3960  4245 I FontLog : Fetch {Google Sans, wdth 100.0, wght 400, ital 0.0, bestEffort false} end status Status{statusCode=SUCCESS, resolution=null} [CONTEXT service_id=132 ]
10-31 14:57:50.117 13542 20558 I Icing   : Indexing done com.android.chrome-omnibox
10-31 14:57:50.192  3960  3972 I FontLog : Pulling font file for id = 2517, cache size = 7 [CONTEXT service_id=132 ]
10-31 14:57:50.265  2216  2235 I cr_LibraryLoader: Successfully loaded native library
10-31 14:57:50.266  2216  2235 I cr_CachingUmaRecorder: Flushed 20 samples from 19 histograms.
10-31 14:57:50.310  3960  4151 I FontLog : Received query Google Sans:500, URI content://com.google.android.gms.fonts [CONTEXT service_id=132 ]
10-31 14:57:50.310  3960  4151 I FontLog : Query [Google Sans:500] resolved to {Google Sans, wdth 100.0, wght 500, ital 0.0, bestEffort false} [CONTEXT service_id=132 ]
10-31 14:57:50.312  3960  4151 I FontLog : Font PFD returned from cache for {Google Sans, wdth 100.0, wght 500, ital 0.0, bestEffort false} [CONTEXT service_id=132 ]
10-31 14:57:50.312  3960  4151 I FontLog : Fetch {Google Sans, wdth 100.0, wght 500, ital 0.0, bestEffort false} end status Status{statusCode=SUCCESS, resolution=null} [CONTEXT service_id=132 ]
10-31 14:57:50.336  3960  4245 I FontLog : Pulling font file for id = 2518, cache size = 6 [CONTEXT service_id=132 ]
10-31 14:57:50.382  3960  3972 I FontLog : Received query Google Sans:700, URI content://com.google.android.gms.fonts [CONTEXT service_id=132 ]
10-31 14:57:50.382  3960  3972 I FontLog : Query [Google Sans:700] resolved to {Google Sans, wdth 100.0, wght 700, ital 0.0, bestEffort false} [CONTEXT service_id=132 ]
10-31 14:57:50.384  3960  3972 I FontLog : Fetch {Google Sans, wdth 100.0, wght 700, ital 0.0, bestEffort false} end status Status{statusCode=SUCCESS, resolution=null} [CONTEXT service_id=132 ]
10-31 14:57:50.394  3960  4217 I FontLog : Pulling font file for id = 2519, cache size = 6 [CONTEXT service_id=132 ]
