--------- beginning of system
10-31 14:56:31.712   772   785 I ActivityManager: Force stopping com.android.chrome appid=10060 user=0: from pid 948
10-31 14:56:31.714   772   785 I ActivityManager: Killing 31985:com.android.chrome/u0a60 (adj 900): stop com.android.chrome
--------- beginning of main
10-31 14:56:31.728  1311  1311 D CarrierSvcBindHelper: No carrier app for: 0
10-31 14:56:31.737  2964  2964 D RegisteredNfcFServicesCache: Service unchanged, not updating
10-31 14:56:31.972   772   785 I ActivityManager: START u0 {act=android.intent.action.VIEW flg=0x10008000 cmp=com.android.chrome/com.google.android.apps.chrome.Main} from uid 2000
10-31 14:56:31.986   772   830 E ResourceType: Style contains key with bad entry: 0x0101062c
10-31 14:56:31.997   772   830 E ResourceType: Style contains key with bad entry: 0x0101062c
10-31 14:56:32.025   772  3037 I ActivityManager: Start proc 950:com.android.chrome/u0a60 for activity com.android.chrome/com.google.android.apps.chrome.Main
10-31 14:56:32.111   950   950 I cr_SplitCompatApp: Launched version=106.0.5249.79 minSdkVersion=24 isBundle=true processName=com.android.chrome isIsolated=false
10-31 14:56:32.167  3960  4245 I FontLog : Received query Google Sans, URI content://com.google.android.gms.fonts [CONTEXT service_id=132 ]
10-31 14:56:32.168  3960  4245 I FontLog : Query [Google Sans] resolved to {Google Sans, wdth 100.0, wght 400, ital 0.0, bestEffort false} [CONTEXT service_id=132 ]
10-31 14:56:32.169  3960  4245 I FontLog : Font PFD returned from cache for {Google Sans, wdth 100.0, wght 400, ital 0.0, bestEffort false} [CONTEXT service_id=132 ]
10-31 14:56:32.169  3960  4245 I FontLog : Fetch {Google Sans, wdth 100.0, wght 400, ital 0.0, bestEffort false} end status Status{statusCode=SUCCESS, resolution=null} [CONTEXT service_id=132 ]
10-31 14:56:32.180  3960  4244 I FontLog : Pulling font file for id = 2510, cache size = 8 [CONTEXT service_id=132 ]
10-31 14:56:32.192  3960  3972 I FontLog : Received query Google Sans:500, URI content://com.google.android.gms.fonts [CONTEXT service_id=132 ]
10-31 14:56:32.193  3960  3972 I FontLog : Query [Google Sans:500] resolved to {Google Sans, wdth 100.0, wght 500, ital 0.0, bestEffort false} [CONTEXT service_id=132 ]
10-31 14:56:32.194  3960  3972 I FontLog : Font PFD returned from cache for {Google Sans, wdth 100.0, wght 500, ital 0.0, bestEffort false} [CONTEXT service_id=132 ]
10-31 14:56:32.195  3960  3972 I FontLog : Fetch {Google Sans, wdth 100.0, wght 500, ital 0.0, bestEffort false} end status Status{statusCode=SUCCESS, resolution=null} [CONTEXT service_id=132 ]
10-31 14:56:32.201  3960  4245 I FontLog : Pulling font file for id = 2511, cache size = 7 [CONTEXT service_id=132 ]
10-31 14:56:32.209  3960  6244 I FontLog : Received query Google Sans:700, URI content://com.google.android.gms.fonts [CONTEXT service_id=132 ]
10-31 14:56:32.210  3960  6244 I FontLog : Query [Google Sans:700] resolved to {Google Sans, wdth 100.0, wght 700, ital 0.0, bestEffort false} [CONTEXT service_id=132 ]
10-31 14:56:32.212  3960  6244 I FontLog : Fetch {Google Sans, wdth 100.0, wght 700, ital 0.0, bestEffort false} end status Status{statusCode=SUCCESS, resolution=null} [CONTEXT service_id=132 ]
10-31 14:56:32.216  3960  4217 I FontLog : Pulling font file for id = 2512, cache size = 6 [CONTEXT service_id=132 ]
10-31 14:56:32.235   950   971 I cr_LibraryLoader: Successfully loaded native library
10-31 14:56:32.236   950   971 I cr_CachingUmaRecorder: Flushed 19 samples from 19 histograms.
10-31 14:56:32.281   950   950 E ResourceType: Style contains key with bad entry: 0x0101062c
10-31 14:56:32.290   950   975 W DynamiteModule: Local module descriptor class for com.google.android.gms.googlecertificates not found.
10-31 14:56:32.292   772 10895 I ActivityManager: START u0 {cmp=com.android.chrome/org.chromium.chrome.browser.firstrun.FirstRunActivity (has extras)} from uid 10060
10-31 14:56:32.298   950   950 E ResourceType: Style contains key with bad entry: 0x0101062c
10-31 14:56:32.337   950   975 W zygote  : Skipping duplicate class check due to unrecognized classloader
10-31 14:56:32.340   950   975 I DynamiteModule: Considering local module com.google.android.gms.googlecertificates:0 and remote module com.google.android.gms.googlecertificates:7
10-31 14:56:32.340   950   975 I DynamiteModule: Selected remote version of com.google.android.gms.googlecertificates, version >= 7
10-31 14:56:32.375   950   950 W ResourceType: Failure getting entry for 0x7f010055 (t=0 e=85) (error -75)
10-31 14:56:32.387   950   975 W zygote  : Skipping duplicate class check due to unrecognized classloader
10-31 14:56:32.400   950   984 D OpenGLRenderer: HWUI GL Pipeline
10-31 14:56:32.419   950   984 I Adreno  : QUALCOMM build                   : 7142022, Ib5823dd10c
10-31 14:56:32.419   950   984 I Adreno  : Build Date                       : 06/23/17
10-31 14:56:32.419   950   984 I Adreno  : OpenGL ES Shader Compiler Version: EV031.18.00.00
10-31 14:56:32.419   950   984 I Adreno  : Local Branch                     : O11A
10-31 14:56:32.419   950   984 I Adreno  : Remote Branch                    : 
10-31 14:56:32.419   950   984 I Adreno  : Remote Branch                    : 
10-31 14:56:32.419   950   984 I Adreno  : Reconstruct Branch               : 
10-31 14:56:32.420   950   984 I vndksupport: sphal namespace is not configured for this process. Loading /vendor/lib/hw/gralloc.msm8992.so from the current namespace instead.
10-31 14:56:32.425   772  3041 W AppOps  : Bad call: specified package com.google.android.gms under uid 10060 but it is really 10020
10-31 14:56:32.425   772  3041 W AppOps  : java.lang.RuntimeException: here
10-31 14:56:32.425   772  3041 W AppOps  : 	at com.android.server.AppOpsService.getOpsRawLocked(AppOpsService.java:1319)
10-31 14:56:32.425   772  3041 W AppOps  : 	at com.android.server.AppOpsService.checkPackage(AppOpsService.java:1038)
10-31 14:56:32.425   772  3041 W AppOps  : 	at com.android.internal.app.IAppOpsService$Stub.onTransact(IAppOpsService.java:169)
10-31 14:56:32.425   772  3041 W AppOps  : 	at android.os.Binder.execTransact(Binder.java:674)
10-31 14:56:32.427   772 10893 W AppOps  : Bad call: specified package com.google.android.gms under uid 10060 but it is really 10020
10-31 14:56:32.427   772 10893 W AppOps  : java.lang.RuntimeException: here
10-31 14:56:32.427   772 10893 W AppOps  : 	at com.android.server.AppOpsService.getOpsRawLocked(AppOpsService.java:1319)
10-31 14:56:32.427   772 10893 W AppOps  : 	at com.android.server.AppOpsService.checkPackage(AppOpsService.java:1038)
10-31 14:56:32.427   772 10893 W AppOps  : 	at com.android.internal.app.IAppOpsService$Stub.onTransact(IAppOpsService.java:169)
10-31 14:56:32.427   772 10893 W AppOps  : 	at android.os.Binder.execTransact(Binder.java:674)
10-31 14:56:32.431   950   950 W RecyclerView: No adapter attached; skipping layout
10-31 14:56:32.435   772   996 W AppOps  : Bad call: specified package com.google.android.gms under uid 10060 but it is really 10020
10-31 14:56:32.435   772   996 W AppOps  : java.lang.RuntimeException: here
10-31 14:56:32.435   772   996 W AppOps  : 	at com.android.server.AppOpsService.getOpsRawLocked(AppOpsService.java:1319)
10-31 14:56:32.435   772   996 W AppOps  : 	at com.android.server.AppOpsService.checkPackage(AppOpsService.java:1038)
10-31 14:56:32.435   772   996 W AppOps  : 	at com.android.internal.app.IAppOpsService$Stub.onTransact(IAppOpsService.java:169)
10-31 14:56:32.435   772   996 W AppOps  : 	at android.os.Binder.execTransact(Binder.java:674)
10-31 14:56:32.444   950   950 I cr_StartSurfaceConfig: Recorded Startup.Android.FirstDrawCompletedTime.NoInstant = 93 ms
10-31 14:56:32.445   772 13071 W AppOps  : Bad call: specified package com.google.android.gms under uid 10060 but it is really 10020
10-31 14:56:32.445   772 13071 W AppOps  : java.lang.RuntimeException: here
10-31 14:56:32.445   772 13071 W AppOps  : 	at com.android.server.AppOpsService.getOpsRawLocked(AppOpsService.java:1319)
10-31 14:56:32.445   772 13071 W AppOps  : 	at com.android.server.AppOpsService.checkPackage(AppOpsService.java:1038)
10-31 14:56:32.445   772 13071 W AppOps  : 	at com.android.internal.app.IAppOpsService$Stub.onTransact(IAppOpsService.java:169)
10-31 14:56:32.445   772 13071 W AppOps  : 	at android.os.Binder.execTransact(Binder.java:674)
10-31 14:56:32.449   950   984 I Adreno  : PFP: 0x00000000, ME: 0x00000000
10-31 14:56:32.454   950   984 I OpenGLRenderer: Initialized EGL, version 1.4
10-31 14:56:32.454   950   984 D OpenGLRenderer: Swap behavior 2
10-31 14:56:32.489  3960  4190 E bfry    : Phenotype API error. Event # ddoj@3ef0a36, EventCode: 7 [CONTEXT service_id=51 ]
10-31 14:56:32.489  3960  4190 E bfry    : bfra: 29505: No config packages for log source, or config package not registered
10-31 14:56:32.489  3960  4190 E bfry    : 	at bfst.b(:com.google.android.gms@223616019@22.36.16 (040400-476895098):4)
10-31 14:56:32.489  3960  4190 E bfry    : 	at bfsq.g(:com.google.android.gms@223616019@22.36.16 (040400-476895098):0)
10-31 14:56:32.489  3960  4190 E bfry    : 	at bfry.e(:com.google.android.gms@223616019@22.36.16 (040400-476895098):4)
10-31 14:56:32.489  3960  4190 E bfry    : 	at bfry.f(:com.google.android.gms@223616019@22.36.16 (040400-476895098):2)
10-31 14:56:32.489  3960  4190 E bfry    : 	at arjg.ep(:com.google.android.gms@223616019@22.36.16 (040400-476895098):1)
10-31 14:56:32.489  3960  4190 E bfry    : 	at arjm.run(:com.google.android.gms@223616019@22.36.16 (040400-476895098):12)
10-31 14:56:32.489  3960  4190 E bfry    : 	at cjoq.run(:com.google.android.gms@223616019@22.36.16 (040400-476895098):2)
10-31 14:56:32.489  3960  4190 E bfry    : 	at aarl.c(:com.google.android.gms@223616019@22.36.16 (040400-476895098):6)
10-31 14:56:32.489  3960  4190 E bfry    : 	at aarl.run(:com.google.android.gms@223616019@22.36.16 (040400-476895098):7)
10-31 14:56:32.489  3960  4190 E bfry    : 	at java.util.concurrent.ThreadPoolExecutor.runWorker(ThreadPoolExecutor.java:1162)
10-31 14:56:32.489  3960  4190 E bfry    : 	at java.util.concurrent.ThreadPoolExecutor$Worker.run(ThreadPoolExecutor.java:636)
10-31 14:56:32.489  3960  4190 E bfry    : 	at aaws.run(:com.google.android.gms@223616019@22.36.16 (040400-476895098):0)
10-31 14:56:32.489  3960  4190 E bfry    : 	at java.lang.Thread.run(Thread.java:764)
10-31 14:56:32.490  3960  4190 W AsyncOperation: operation=GetExperimentTokensOperationCall, opStatusCode=29505 [CONTEXT service_id=51 ]
10-31 14:56:32.490  3960  4190 W AsyncOperation: OperationException[Status{statusCode=No config packages for log source, or config package not registered, resolution=null}]
10-31 14:56:32.490  3960  4190 W AsyncOperation: 	at bfry.e(:com.google.android.gms@223616019@22.36.16 (040400-476895098):6)
10-31 14:56:32.490  3960  4190 W AsyncOperation: 	at bfry.f(:com.google.android.gms@223616019@22.36.16 (040400-476895098):2)
10-31 14:56:32.490  3960  4190 W AsyncOperation: 	at arjg.ep(:com.google.android.gms@223616019@22.36.16 (040400-476895098):1)
10-31 14:56:32.490  3960  4190 W AsyncOperation: 	at arjm.run(:com.google.android.gms@223616019@22.36.16 (040400-476895098):12)
10-31 14:56:32.490  3960  4190 W AsyncOperation: 	at cjoq.run(:com.google.android.gms@223616019@22.36.16 (040400-476895098):2)
10-31 14:56:32.490  3960  4190 W AsyncOperation: 	at aarl.c(:com.google.android.gms@223616019@22.36.16 (040400-476895098):6)
10-31 14:56:32.490  3960  4190 W AsyncOperation: 	at aarl.run(:com.google.android.gms@223616019@22.36.16 (040400-476895098):7)
10-31 14:56:32.490  3960  4190 W AsyncOperation: 	at java.util.concurrent.ThreadPoolExecutor.runWorker(ThreadPoolExecutor.java:1162)
10-31 14:56:32.490  3960  4190 W AsyncOperation: 	at java.util.concurrent.ThreadPoolExecutor$Worker.run(ThreadPoolExecutor.java:636)
10-31 14:56:32.490  3960  4190 W AsyncOperation: 	at aaws.run(:com.google.android.gms@223616019@22.36.16 (040400-476895098):0)
10-31 14:56:32.490  3960  4190 W AsyncOperation: 	at java.lang.Thread.run(Thread.java:764)
10-31 14:56:32.494   950   969 D NetworkSecurityConfig: Using Network Security Config from resource 0_resource_name_obfuscated debugBuild: false
10-31 14:56:32.699   361   361 W /system/bin/hwservicemanager: getTransportFromManifest: Cannot find entry android.hardware.graphics.mapper@2.0::IMapper in either framework or device manifest, using default transport.
10-31 14:56:32.704   950   984 I vndksupport: sphal namespace is not configured for this process. Loading /vendor/lib/hw/gralloc.msm8992.so from the current namespace instead.
10-31 14:56:32.738   772   797 I ActivityManager: Displayed com.android.chrome/org.chromium.chrome.browser.firstrun.FirstRunActivity: +409ms (total +739ms)
10-31 14:56:32.827 27001 27030 I PBSessionCacheImpl: Deleted sessionId[6957339396142] from persistence.
10-31 14:56:32.828 13325 13325 I MemoryTrimmer: Trimming objects from memory, since app is in the background.
10-31 14:56:32.830 13325   387 V rsC++   : RS Message thread exiting.
10-31 14:56:32.854 27001 27001 I MicroDetector: Keeping mic open: false
10-31 14:56:32.854 27001 27024 I DeviceStateChecker: DeviceStateChecker cancelled
10-31 14:56:32.861 27001 30853 I AudioController: internalShutdown
10-31 14:56:32.862 27001 30853 I MicrophoneInputStream: mic_close com.google.android.apps.gsa.speech.audio.af@dafb998
10-31 14:56:32.863 27001 27067 I MicroRecognitionRunner: Stopping hotword detection.
10-31 14:56:32.916   556   393 D audio_hw_primary: disable_audio_route: usecase(9) reset and update mixer path: audio-record
10-31 14:56:32.917   556   393 D audio_hw_primary: disable_snd_device: snd_device(72: voice-rec-mic)
10-31 14:56:32.921   556   393 D sound_trigger_platform: platform_stdev_check_and_update_concurrency: concurrency active 0, tx 0, rx 0, concurrency session_allowed 1
10-31 14:56:32.922   556   753 I SoundTriggerHwService::Module: onCallbackEvent no clients
10-31 14:56:32.927 27001 27191 I MicroRecognitionRunner: Detection finished
10-31 14:56:32.932   950   969 I cr_VariationsSeedFetch: Fetched first run seed in 440 ms
10-31 14:56:32.953   995   995 E /system/bin/webview_zygote32: failed to make and chown /acct/uid_99340: Permission denied
10-31 14:56:32.953   995   995 E Zygote  : createProcessGroup(99340, 0) failed: Permission denied
10-31 14:56:32.956   772 10895 I ActivityManager: Start proc 995:com.android.chrome:sandboxed_process0/u0i340 for webview_service com.android.chrome/org.chromium.content.app.SandboxedProcessService0
10-31 14:56:32.969   995   995 I SamplingProfilerIntegration: Profiling disabled.
10-31 14:56:32.985  1011  1011 E asset   : setgid: Operation not permitted
10-31 14:56:33.015   995   995 I cr_SplitCompatApp: Launched version=106.0.5249.79 minSdkVersion=24 isBundle=true processName=com.android.chrome:sandboxed_process0 isIsolated=true
10-31 14:56:33.021   995   995 W SystemServiceRegistry: No service published for: uimode
10-31 14:56:33.028   995   995 I cr_ChildProcessService: Creating new ChildProcessService pid=995
10-31 14:56:33.033   995   995 E WebViewFactory: can't load with relro file; address space not reserved
10-31 14:56:33.133   772   996 I ActivityManager: Start proc 1029:com.android.chrome:privileged_process0/u0a60 for service com.android.chrome/org.chromium.content.app.PrivilegedProcessService0
10-31 14:56:33.166   950   950 I cr_SmsProviderGms: construction successfull y93@bd057b0, v93@48d2629
10-31 14:56:33.181 13542 13542 D BoundBrokerSvc: onBind: Intent { act=com.google.android.gms.auth.key.retrieval.service.START dat=chimera-action:com.google.android.gms.auth.key.retrieval.service.START cmp=com.google.android.gms/.chimera.GmsApiService }
10-31 14:56:33.181 13542 13542 D BoundBrokerSvc: Loading bound service for intent: Intent { act=com.google.android.gms.auth.key.retrieval.service.START dat=chimera-action:com.google.android.gms.auth.key.retrieval.service.START cmp=com.google.android.gms/.chimera.GmsApiService }
10-31 14:56:33.205  1029  1029 I cr_SplitCompatApp: Launched version=106.0.5249.79 minSdkVersion=24 isBundle=true processName=com.android.chrome:privileged_process0 isIsolated=false
10-31 14:56:33.222  1029  1029 I cr_ChildProcessService: Creating new ChildProcessService pid=1029
10-31 14:56:33.246   950   950 W cr_KnoxSettingsProvider: Permission to read device policy denied.
10-31 14:56:33.284  1029  1050 I cr_LibraryLoader: Successfully loaded native library
10-31 14:56:33.285  1029  1050 I cr_CachingUmaRecorder: Flushed 3 samples from 3 histograms.
10-31 14:56:33.299  1029  1050 I Adreno  : QUALCOMM build                   : 7142022, Ib5823dd10c
10-31 14:56:33.299  1029  1050 I Adreno  : Build Date                       : 06/23/17
10-31 14:56:33.299  1029  1050 I Adreno  : OpenGL ES Shader Compiler Version: EV031.18.00.00
10-31 14:56:33.299  1029  1050 I Adreno  : Local Branch                     : O11A
10-31 14:56:33.299  1029  1050 I Adreno  : Remote Branch                    : 
10-31 14:56:33.299  1029  1050 I Adreno  : Remote Branch                    : 
10-31 14:56:33.299  1029  1050 I Adreno  : Reconstruct Branch               : 
10-31 14:56:33.299  1029  1050 I vndksupport: sphal namespace is not configured for this process. Loading /vendor/lib/hw/gralloc.msm8992.so from the current namespace instead.
10-31 14:56:33.303  1029  1050 I Adreno  : PFP: 0x00000000, ME: 0x00000000
10-31 14:56:33.929  1058  1058 E /system/bin/webview_zygote32: failed to make and chown /acct/uid_99341: Permission denied
10-31 14:56:33.929  1058  1058 E Zygote  : createProcessGroup(99341, 0) failed: Permission denied
10-31 14:56:33.932   772   785 I ActivityManager: Start proc 1058:com.android.chrome:sandboxed_process1/u0i341 for webview_service com.android.chrome/org.chromium.content.app.SandboxedProcessService1
10-31 14:56:33.949  1058  1058 I SamplingProfilerIntegration: Profiling disabled.
10-31 14:56:33.972  1071  1071 E asset   : setgid: Operation not permitted
10-31 14:56:34.008  1058  1058 I cr_SplitCompatApp: Launched version=106.0.5249.79 minSdkVersion=24 isBundle=true processName=com.android.chrome:sandboxed_process1 isIsolated=true
10-31 14:56:34.014  1058  1058 W SystemServiceRegistry: No service published for: uimode
10-31 14:56:34.025  1058  1058 I cr_ChildProcessService: Creating new ChildProcessService pid=1058
10-31 14:56:34.033  1058  1058 E WebViewFactory: can't load with relro file; address space not reserved
10-31 14:56:34.043  1058  1073 I cr_LibraryLoader: Successfully loaded native library
10-31 14:56:34.044  1058  1073 I cr_CachingUmaRecorder: Flushed 3 samples from 3 histograms.
10-31 14:56:34.079  1058  1073 I chromium: [INFO:child_process_service.cc(69)] ChildProcessService: Exiting child process.
10-31 14:56:34.081   422   422 E lowmemorykiller: Error writing /proc/1058/oom_score_adj; errno=22
10-31 14:56:34.081   772   785 I ActivityManager: Killing 1058:com.android.chrome:sandboxed_process1/u0a60i341 (adj 0): isolated not needed
10-31 14:56:34.082   772   790 W zygote64: failed to open /acct/uid_99341/pid_1058/cgroup.procs: No such file or directory
10-31 14:56:35.432   950   950 E cr_BTSPrefs: No data found for task id: 53
10-31 14:56:35.434   950   950 E cr_BkgrdTaskScheduler: Task cannot be canceled because no data was found instorage or data was invalid
10-31 14:56:37.885 27001 27024 I EventLogSendingHelper: Sending log events.
10-31 14:56:38.845  1100  1100 D AndroidRuntime: >>>>>> START com.android.internal.os.RuntimeInit uid 2000 <<<<<<
10-31 14:56:39.005  1100  1100 D AndroidRuntime: Calling main entry com.android.commands.input.Input
10-31 14:56:39.013  1100  1100 I Input   : injectMotionEvent: MotionEvent { action=ACTION_DOWN, actionButton=0, id[0]=0, x[0]=540.0, y[0]=1660.0, toolType[0]=TOOL_TYPE_UNKNOWN, buttonState=0, metaState=0, flags=0x0, edgeFlags=0x0, pointerCount=1, historySize=0, eventTime=543097275, downTime=543097275, deviceId=8, source=0x1002 }
10-31 14:56:39.020  1100  1100 I Input   : injectMotionEvent: MotionEvent { action=ACTION_UP, actionButton=0, id[0]=0, x[0]=540.0, y[0]=1660.0, toolType[0]=TOOL_TYPE_UNKNOWN, buttonState=0, metaState=0, flags=0x0, edgeFlags=0x0, pointerCount=1, historySize=0, eventTime=543097275, downTime=543097275, deviceId=8, source=0x1002 }
10-31 14:56:39.024  1100  1100 D AndroidRuntime: Shutting down VM
10-31 14:56:39.048   556  6498 D audio_hw_primary: enable_snd_device: snd_device(88: vi-feedback)
10-31 14:56:39.048   556  6498 D audio_hw_primary: enable_audio_route: usecase(23) apply and update mixer path: spkr-vi-record
10-31 14:56:39.074   556  6498 D audio_hw_primary: enable_audio_route: usecase(1) apply and update mixer path: low-latency-playback
10-31 14:56:39.602   556   731 D audio_hw_primary: disable_audio_route: usecase(1) reset and update mixer path: low-latency-playback
10-31 14:56:39.617   556   731 D audio_hw_primary: disable_snd_device: snd_device(88: vi-feedback)
10-31 14:56:39.618   556   731 D audio_hw_primary: disable_audio_route: usecase(23) reset and update mixer path: spkr-vi-record
10-31 14:56:40.467  1122  1122 D AndroidRuntime: >>>>>> START com.android.internal.os.RuntimeInit uid 2000 <<<<<<
10-31 14:56:40.598  1122  1122 D AndroidRuntime: Calling main entry com.android.commands.input.Input
10-31 14:56:40.611  1122  1122 I Input   : injectMotionEvent: MotionEvent { action=ACTION_DOWN, actionButton=0, id[0]=0, x[0]=180.0, y[0]=1690.0, toolType[0]=TOOL_TYPE_UNKNOWN, buttonState=0, metaState=0, flags=0x0, edgeFlags=0x0, pointerCount=1, historySize=0, eventTime=543098873, downTime=543098873, deviceId=8, source=0x1002 }
10-31 14:56:40.615  1122  1122 I Input   : injectMotionEvent: MotionEvent { action=ACTION_UP, actionButton=0, id[0]=0, x[0]=180.0, y[0]=1690.0, toolType[0]=TOOL_TYPE_UNKNOWN, buttonState=0, metaState=0, flags=0x0, edgeFlags=0x0, pointerCount=1, historySize=0, eventTime=543098873, downTime=543098873, deviceId=8, source=0x1002 }
10-31 14:56:40.617  1122  1122 D AndroidRuntime: Shutting down VM
10-31 14:56:40.630   772  2970 I ActivityManager: START u0 {act=android.intent.action.VIEW flg=0x10008000 cmp=com.android.chrome/com.google.android.apps.chrome.Main (has extras)} from uid 10060
10-31 14:56:40.634   556  6498 D audio_hw_primary: enable_snd_device: snd_device(88: vi-feedback)
10-31 14:56:40.634   556  6498 D audio_hw_primary: enable_audio_route: usecase(23) apply and update mixer path: spkr-vi-record
10-31 14:56:40.637   772   830 E ResourceType: Style contains key with bad entry: 0x0101062c
10-31 14:56:40.639   772   830 E ResourceType: Style contains key with bad entry: 0x0101062c
10-31 14:56:40.658   950   950 E ResourceType: Style contains key with bad entry: 0x0101062c
10-31 14:56:40.659   556  6498 D audio_hw_primary: enable_audio_route: usecase(1) apply and update mixer path: low-latency-playback
10-31 14:56:40.665   950   950 E ResourceType: Style contains key with bad entry: 0x0101062c
10-31 14:56:40.699   950   950 W ResourceType: Failure getting entry for 0x7f010055 (t=0 e=85) (error -75)
10-31 14:56:40.710   950   950 I cr_CompositorSurfaceMgr: Transitioning to surface with format: -1
10-31 14:56:40.715   950   950 W ResourceType: Failure getting entry for 0x7f010530 (t=0 e=1328) (error -75)
10-31 14:56:40.756   950  1016 W cr_tabmodel: Starting to perform legacy migration.
10-31 14:56:40.758   950  1016 W cr_tabmodel: Finished performing legacy migration.
10-31 14:56:40.758   950  1016 W cr_tabmodel: Starting to perform multi-instance migration.
10-31 14:56:40.758   950  1016 W cr_tabmodel: Finished performing multi-instance migration.
10-31 14:56:40.758   950  1016 I cr_tabmodel: Starting to fetch tab list for tab_state0
10-31 14:56:40.759   950  1016 I cr_tabmodel: State file does not exist.
10-31 14:56:40.759   950  1016 I cr_tabmodel: Starting to fetch tab list for tab_state1
10-31 14:56:40.759   950  1016 I cr_tabmodel: State file does not exist.
10-31 14:56:40.798   772  3041 W ActivityManager: Duplicate finish request for ActivityRecord{505103a u0 com.android.chrome/org.chromium.chrome.browser.firstrun.FirstRunActivity t791 f}
10-31 14:56:40.801   950  1016 W cr_PartnerCustomize: Partner homepage must be HTTP(S) or NewTabPage. Got invalid URL "org.chromium.url.GURL@0"
10-31 14:56:40.835   950   950 I cr_StartSurfaceConfig: Recorded Startup.Android.FirstDrawCompletedTime.NoInstant = 160 ms
10-31 14:56:40.840   950   984 D OpenGLRenderer: endAllActiveAnimators on 0xc60dab80 (RippleDrawable) with handle 0xca3d4890
10-31 14:56:40.847   950   950 I cr_CompositorSurfaceMgr: Transitioning to surface with format: -1
10-31 14:56:40.849   950   950 I cr_CompositorSurfaceMgr: surfaceCreated format: 0
10-31 14:56:40.858   950   950 I cr_ChromeTabbedActivity: #initializeState
10-31 14:56:40.858   950   950 I cr_CipherFactory: #restoreFromBundle, no savedInstanceState.
10-31 14:56:40.858   950   950 I cr_tabmodel: #loadState, ignoreIncognitoFiles? true
10-31 14:56:40.864   950   950 I cr_tabmodel: Loaded tab lists; counts: 0,0
10-31 14:56:40.865   950   950 I cr_ChromeTabbedActivity: #createInitialTab executed.
10-31 14:56:40.883   950   950 E ResourceType: Style contains key with bad entry: 0x0101062c
10-31 14:56:40.917   950   950 W ResourceType: Failure getting entry for 0x7f010565 (t=0 e=1381) (error -75)
10-31 14:56:40.923   950   950 W ResourceType: Failure getting entry for 0x7f010551 (t=0 e=1361) (error -75)
10-31 14:56:40.977   950   950 W ResourceType: Failure getting entry for 0x7f01059a (t=0 e=1434) (error -75)
10-31 14:56:40.980   772   784 E BatteryStatsService: no controller energy info supplied
10-31 14:56:40.980   772   784 E BatteryStatsService: no controller energy info supplied
10-31 14:56:40.999   772   788 W ProcessCpuTracker: Skipping unknown process pid 1164
10-31 14:56:41.007   772 10860 W AppOps  : Bad call: specified package com.google.android.gms under uid 10060 but it is really 10020
10-31 14:56:41.007   772 10860 W AppOps  : java.lang.RuntimeException: here
10-31 14:56:41.007   772 10860 W AppOps  : 	at com.android.server.AppOpsService.getOpsRawLocked(AppOpsService.java:1319)
10-31 14:56:41.007   772 10860 W AppOps  : 	at com.android.server.AppOpsService.checkPackage(AppOpsService.java:1038)
10-31 14:56:41.007   772 10860 W AppOps  : 	at com.android.internal.app.IAppOpsService$Stub.onTransact(IAppOpsService.java:169)
10-31 14:56:41.007   772 10860 W AppOps  : 	at android.os.Binder.execTransact(Binder.java:674)
10-31 14:56:41.008   772 13021 W AppOps  : Bad call: specified package com.google.android.gms under uid 10060 but it is really 10020
10-31 14:56:41.008   772 13021 W AppOps  : java.lang.RuntimeException: here
10-31 14:56:41.008   772 13021 W AppOps  : 	at com.android.server.AppOpsService.getOpsRawLocked(AppOpsService.java:1319)
10-31 14:56:41.008   772 13021 W AppOps  : 	at com.android.server.AppOpsService.checkPackage(AppOpsService.java:1038)
10-31 14:56:41.008   772 13021 W AppOps  : 	at com.android.internal.app.IAppOpsService$Stub.onTransact(IAppOpsService.java:169)
10-31 14:56:41.008   772 13021 W AppOps  : 	at android.os.Binder.execTransact(Binder.java:674)
10-31 14:56:41.009   772 20193 W AppOps  : Bad call: specified package com.google.android.gms under uid 10060 but it is really 10020
10-31 14:56:41.009   772 20193 W AppOps  : java.lang.RuntimeException: here
10-31 14:56:41.009   772 20193 W AppOps  : 	at com.android.server.AppOpsService.getOpsRawLocked(AppOpsService.java:1319)
10-31 14:56:41.009   772 20193 W AppOps  : 	at com.android.server.AppOpsService.checkPackage(AppOpsService.java:1038)
10-31 14:56:41.009   772 20193 W AppOps  : 	at com.android.internal.app.IAppOpsService$Stub.onTransact(IAppOpsService.java:169)
10-31 14:56:41.009   772 20193 W AppOps  : 	at android.os.Binder.execTransact(Binder.java:674)
10-31 14:56:41.010   772  2969 W AppOps  : Bad call: specified package com.google.android.gms under uid 10060 but it is really 10020
10-31 14:56:41.010   772  2969 W AppOps  : java.lang.RuntimeException: here
10-31 14:56:41.010   772  2969 W AppOps  : 	at com.android.server.AppOpsService.getOpsRawLocked(AppOpsService.java:1319)
10-31 14:56:41.010   772  2969 W AppOps  : 	at com.android.server.AppOpsService.checkPackage(AppOpsService.java:1038)
10-31 14:56:41.010   772  2969 W AppOps  : 	at com.android.internal.app.IAppOpsService$Stub.onTransact(IAppOpsService.java:169)
10-31 14:56:41.010   772  2969 W AppOps  : 	at android.os.Binder.execTransact(Binder.java:674)
10-31 14:56:41.036   950   950 E cr_IntentUtils: getBooleanExtra failed on intent null
10-31 14:56:41.036   995  1013 I cr_LibraryLoader: Successfully loaded native library
10-31 14:56:41.036   950   950 E cr_IntentUtils: getBooleanExtra failed on intent null
10-31 14:56:41.038   995  1013 I cr_CachingUmaRecorder: Flushed 3 samples from 3 histograms.
10-31 14:56:41.071   950   950 W ResourceType: Failure getting entry for 0x7f010888 (t=0 e=2184) (error -75)
10-31 14:56:41.087   950   950 I chatty  : uid=10060(u0_a60) identical 6 lines
10-31 14:56:41.088   950   950 W ResourceType: Failure getting entry for 0x7f010888 (t=0 e=2184) (error -75)
10-31 14:56:41.090   950   950 I cr_TopSites: Start a new task.
10-31 14:56:41.091  3960  3972 I FontLog : Received query name=Google Sans&weight=700&besteffort=false, URI content://com.google.android.gms.fonts [CONTEXT service_id=132 ]
10-31 14:56:41.092  3960  3972 I FontLog : Query [name=Google Sans&weight=700&besteffort=false] resolved to {Google Sans, wdth 100.0, wght 700, ital 0.0, bestEffort false} [CONTEXT service_id=132 ]
10-31 14:56:41.092   950  1026 I cr_TopSites: Serializing top sites lists finished; count: 8
10-31 14:56:41.095  3960  3972 I FontLog : Fetch {Google Sans, wdth 100.0, wght 700, ital 0.0, bestEffort false} end status Status{statusCode=SUCCESS, resolution=null} [CONTEXT service_id=132 ]
10-31 14:56:41.100  3960  4151 I FontLog : Pulling font file for id = 2513, cache size = 7 [CONTEXT service_id=132 ]
10-31 14:56:41.100   950  1026 I cr_TopSites: Finished saving top sites list to file:/data/user/0/com.android.chrome/app_top_sites/top_sites
10-31 14:56:41.125  1190  1190 E /system/bin/webview_zygote32: failed to make and chown /acct/uid_99342: Permission denied
10-31 14:56:41.125  1190  1190 E Zygote  : createProcessGroup(99342, 0) failed: Permission denied
10-31 14:56:41.128   772 20193 I ActivityManager: Start proc 1190:com.android.chrome:sandboxed_process2/u0i342 for webview_service com.android.chrome/org.chromium.content.app.SandboxedProcessService2
10-31 14:56:41.131  3960  4217 I FontLog : Received query name=Noto Color Emoji Compat&weight=400&besteffort=false, URI content://com.google.android.gms.fonts [CONTEXT service_id=132 ]
10-31 14:56:41.132  3960  4217 I FontLog : Query [name=Noto Color Emoji Compat&weight=400&besteffort=false] resolved to {Noto Color Emoji Compat, wdth 100.0, wght 400, ital 0.0, bestEffort false} [CONTEXT service_id=132 ]
10-31 14:56:41.134   361   361 W /system/bin/hwservicemanager: getTransportFromManifest: Cannot find entry android.hardware.graphics.mapper@2.0::IMapper in either framework or device manifest, using default transport.
10-31 14:56:41.137  1029  1050 I vndksupport: sphal namespace is not configured for this process. Loading /vendor/lib/hw/gralloc.msm8992.so from the current namespace instead.
10-31 14:56:41.137  3960  4217 I FontLog : Fetch {Noto Color Emoji Compat, wdth 100.0, wght 400, ital 0.0, bestEffort false} end status Status{statusCode=SUCCESS, resolution=null} [CONTEXT service_id=132 ]
10-31 14:56:41.157  1190  1190 I SamplingProfilerIntegration: Profiling disabled.
10-31 14:56:41.161  1204  1204 E /system/bin/webview_zygote32: failed to make and chown /acct/uid_99343: Permission denied
10-31 14:56:41.161  1204  1204 E Zygote  : createProcessGroup(99343, 0) failed: Permission denied
10-31 14:56:41.164   772   996 I ActivityManager: Start proc 1204:com.android.chrome:sandboxed_process3/u0i343 for webview_service com.android.chrome/org.chromium.content.app.SandboxedProcessService3
10-31 14:56:41.167  3960  3972 I FontLog : Pulling font file for id = 2514, cache size = 8 [CONTEXT service_id=132 ]
10-31 14:56:41.177   556   731 D audio_hw_primary: disable_audio_route: usecase(1) reset and update mixer path: low-latency-playback
10-31 14:56:41.182  1217  1217 E asset   : setgid: Operation not permitted
10-31 14:56:41.185   772  3037 I ActivityManager: Start proc 1216:com.android.chrome:sandboxed_process4/u0i344 for webview_service com.android.chrome/org.chromium.content.app.SandboxedProcessService4
10-31 14:56:41.187  3960  4244 I FontLog : Received query name=Google Sans&weight=400&besteffort=false, URI content://com.google.android.gms.fonts [CONTEXT service_id=132 ]
10-31 14:56:41.187  1216  1216 E /system/bin/webview_zygote32: failed to make and chown /acct/uid_99344: Permission denied
10-31 14:56:41.187  3960  4244 I FontLog : Query [name=Google Sans&weight=400&besteffort=false] resolved to {Google Sans, wdth 100.0, wght 400, ital 0.0, bestEffort false} [CONTEXT service_id=132 ]
10-31 14:56:41.187  1216  1216 E Zygote  : createProcessGroup(99344, 0) failed: Permission denied
10-31 14:56:41.188  1204  1204 I SamplingProfilerIntegration: Profiling disabled.
10-31 14:56:41.188  3960  4244 I FontLog : Font PFD returned from cache for {Google Sans, wdth 100.0, wght 400, ital 0.0, bestEffort false} [CONTEXT service_id=132 ]
10-31 14:56:41.188  3960  4244 I FontLog : Fetch {Google Sans, wdth 100.0, wght 400, ital 0.0, bestEffort false} end status Status{statusCode=SUCCESS, resolution=null} [CONTEXT service_id=132 ]
10-31 14:56:41.191   556   731 D audio_hw_primary: disable_snd_device: snd_device(88: vi-feedback)
10-31 14:56:41.191   556   731 D audio_hw_primary: disable_audio_route: usecase(23) reset and update mixer path: spkr-vi-record
10-31 14:56:41.204   950   950 I cr_tabmodel: Appending tabs being restored to metadata lists, 0, startingNormalCount: 1, startingIncognitoCount: 0
10-31 14:56:41.204   950   950 I cr_tabmodel: Serializing tab lists; counts: 1, 0
10-31 14:56:41.204  1232  1232 E /system/bin/webview_zygote32: failed to make and chown /acct/uid_99345: Permission denied
10-31 14:56:41.204  1232  1232 E Zygote  : createProcessGroup(99345, 0) failed: Permission denied
10-31 14:56:41.205   772 13022 I ActivityManager: Start proc 1232:com.android.chrome:sandboxed_process5/u0i345 for webview_service com.android.chrome/org.chromium.content.app.SandboxedProcessService5
10-31 14:56:41.214  1216  1216 I SamplingProfilerIntegration: Profiling disabled.
10-31 14:56:41.219  3960  3971 I FontLog : Pulling font file for id = 2515, cache size = 9 [CONTEXT service_id=132 ]
10-31 14:56:41.232   772 32228 I ActivityManager: Start proc 1249:com.android.chrome:sandboxed_process6/u0i346 for webview_service com.android.chrome/org.chromium.content.app.SandboxedProcessService6
10-31 14:56:41.232  1190  1190 I cr_SplitCompatApp: Launched version=106.0.5249.79 minSdkVersion=24 isBundle=true processName=com.android.chrome:sandboxed_process2 isIsolated=true
10-31 14:56:41.234  1258  1258 E asset   : setgid: Operation not permitted
10-31 14:56:41.240  1249  1249 E /system/bin/webview_zygote32: failed to make and chown /acct/uid_99346: Permission denied
10-31 14:56:41.240  1190  1190 W SystemServiceRegistry: No service published for: uimode
10-31 14:56:41.240  1249  1249 E Zygote  : createProcessGroup(99346, 0) failed: Permission denied
10-31 14:56:41.241  3960  6244 I FontLog : Received query name=Google Sans&weight=500&besteffort=false, URI content://com.google.android.gms.fonts [CONTEXT service_id=132 ]
10-31 14:56:41.242  3960  6244 I FontLog : Query [name=Google Sans&weight=500&besteffort=false] resolved to {Google Sans, wdth 100.0, wght 500, ital 0.0, bestEffort false} [CONTEXT service_id=132 ]
10-31 14:56:41.243  1232  1232 I SamplingProfilerIntegration: Profiling disabled.
10-31 14:56:41.245  3960  6244 I FontLog : Font PFD returned from cache for {Google Sans, wdth 100.0, wght 500, ital 0.0, bestEffort false} [CONTEXT service_id=132 ]
10-31 14:56:41.245  3960  6244 I FontLog : Fetch {Google Sans, wdth 100.0, wght 500, ital 0.0, bestEffort false} end status Status{statusCode=SUCCESS, resolution=null} [CONTEXT service_id=132 ]
10-31 14:56:41.249   950   950 W ResourceType: Failure getting entry for 0x7f010216 (t=0 e=534) (error -75)
10-31 14:56:41.251   950   950 W ResourceType: Failure getting entry for 0x7f0107c9 (t=0 e=1993) (error -75)
10-31 14:56:41.254  1190  1190 I cr_ChildProcessService: Creating new ChildProcessService pid=1190
10-31 14:56:41.256   772  4539 I ActivityManager: Start proc 1270:com.android.chrome:sandboxed_process7/u0i347 for webview_service com.android.chrome/org.chromium.content.app.SandboxedProcessService7
10-31 14:56:41.257  1270  1270 E /system/bin/webview_zygote32: failed to make and chown /acct/uid_99347: Permission denied
10-31 14:56:41.257  1270  1270 E Zygote  : createProcessGroup(99347, 0) failed: Permission denied
10-31 14:56:41.265  1282  1282 E asset   : setgid: Operation not permitted
10-31 14:56:41.267  1249  1249 I SamplingProfilerIntegration: Profiling disabled.
10-31 14:56:41.268  1190  1190 E WebViewFactory: can't load with relro file; address space not reserved
10-31 14:56:41.272   950   950 W ResourceType: Failure getting entry for 0x7f010827 (t=0 e=2087) (error -75)
10-31 14:56:41.276  1290  1290 E asset   : setgid: Operation not permitted
10-31 14:56:41.281  1204  1204 I cr_SplitCompatApp: Launched version=106.0.5249.79 minSdkVersion=24 isBundle=true processName=com.android.chrome:sandboxed_process3 isIsolated=true
10-31 14:56:41.281  1292  1292 E /system/bin/webview_zygote32: failed to make and chown /acct/uid_99348: Permission denied
10-31 14:56:41.282  1292  1292 E Zygote  : createProcessGroup(99348, 0) failed: Permission denied
10-31 14:56:41.282   772   784 I ActivityManager: Start proc 1292:com.android.chrome:sandboxed_process8/u0i348 for webview_service com.android.chrome/org.chromium.content.app.SandboxedProcessService8
10-31 14:56:41.282   950   950 I cr_OfflineIndicator: onConnectionTypeChanged 2
10-31 14:56:41.282   950   950 I cr_OfflineIndicator: Reported by system: [ Transports: WIFI Capabilities: NOT_METERED&INTERNET&NOT_RESTRICTED&TRUSTED&NOT_VPN&VALIDATED&FOREGROUND LinkUpBandwidth>=1048576Kbps LinkDnBandwidth>=1048576Kbps SignalStrength: -67]
10-31 14:56:41.282   950   950 I cr_OfflineIndicator: setConnectionState connectionState=4
10-31 14:56:41.283   950   950 I cr_OfflineDetector: Running updateState mConnectivityDetectorInitialized: true, mTimeWhenLastForegrounded: 1100655448, getElapsedTime: 1100655449, mTimeWhenLastOfflineNotificationReceived: 0, mTimeWhenLastOnline: 1100655449, mApplicationState: 1, mIsOfflineLastReportedByConnectivityDetector: false, mIsEffectivelyOffline: false
10-31 14:56:41.283   950   950 I cr_OfflineDetector: updateState(): timeSinceLastForeground: 1, timeSinceOfflineNotificationReceived: 1100655449, timeSinceLastOnline: 0, timeNeededForForeground: 1999, timeNeededForOffline: -1100653449
10-31 14:56:41.283   950   950 I cr_OfflineIndicator: processConnectivityCheckResult mConnectionState=4 mConnectivityCheckingStage=1
10-31 14:56:41.283  3960  3971 I FontLog : Pulling font file for id = 2516, cache size = 7 [CONTEXT service_id=132 ]
10-31 14:56:41.285  1204  1204 W SystemServiceRegistry: No service published for: uimode
10-31 14:56:41.292  1270  1270 I SamplingProfilerIntegration: Profiling disabled.
10-31 14:56:41.293  1204  1204 I cr_ChildProcessService: Creating new ChildProcessService pid=1204
10-31 14:56:41.298  1308  1308 E asset   : setgid: Operation not permitted
10-31 14:56:41.299  1216  1216 I cr_SplitCompatApp: Launched version=106.0.5249.79 minSdkVersion=24 isBundle=true processName=com.android.chrome:sandboxed_process4 isIsolated=true
10-31 14:56:41.304   772  3854 I ActivityManager: Start proc 1310:com.android.chrome:sandboxed_process9/u0i349 for webview_service com.android.chrome/org.chromium.content.app.SandboxedProcessService9
10-31 14:56:41.308  1310  1310 E /system/bin/webview_zygote32: failed to make and chown /acct/uid_99349: Permission denied
10-31 14:56:41.308  1310  1310 E Zygote  : createProcessGroup(99349, 0) failed: Permission denied
10-31 14:56:41.309  1292  1292 I SamplingProfilerIntegration: Profiling disabled.
10-31 14:56:41.316  1190  1271 I cr_LibraryLoader: Successfully loaded native library
10-31 14:56:41.320  1204  1204 E WebViewFactory: can't load with relro file; address space not reserved
10-31 14:56:41.321  1310  1310 I SamplingProfilerIntegration: Profiling disabled.
10-31 14:56:41.323  1190  1271 I cr_CachingUmaRecorder: Flushed 3 samples from 3 histograms.
10-31 14:56:41.328  1204  1307 I cr_LibraryLoader: Successfully loaded native library
10-31 14:56:41.329  1204  1307 I cr_CachingUmaRecorder: Flushed 3 samples from 3 histograms.
10-31 14:56:41.333  1216  1216 W SystemServiceRegistry: No service published for: uimode
10-31 14:56:41.334  1335  1335 E asset   : setgid: Operation not permitted
10-31 14:56:41.335  1232  1232 I cr_SplitCompatApp: Launched version=106.0.5249.79 minSdkVersion=24 isBundle=true processName=com.android.chrome:sandboxed_process5 isIsolated=true
10-31 14:56:41.342   950   950 W ResourceType: Failure getting entry for 0x7f010415 (t=0 e=1045) (error -75)
10-31 14:56:41.345  1216  1216 I cr_ChildProcessService: Creating new ChildProcessService pid=1216
10-31 14:56:41.345  1354  1354 E asset   : setgid: Operation not permitted
10-31 14:56:41.345  1232  1232 W SystemServiceRegistry: No service published for: uimode
10-31 14:56:41.349  1249  1249 I cr_SplitCompatApp: Launched version=106.0.5249.79 minSdkVersion=24 isBundle=true processName=com.android.chrome:sandboxed_process6 isIsolated=true
10-31 14:56:41.357  1232  1232 I cr_ChildProcessService: Creating new ChildProcessService pid=1232
10-31 14:56:41.364  1249  1249 W SystemServiceRegistry: No service published for: uimode
10-31 14:56:41.371  1190  1271 I chromium: [INFO:child_process_service.cc(69)] ChildProcessService: Exiting child process.
10-31 14:56:41.372  1216  1216 E WebViewFactory: can't load with relro file; address space not reserved
10-31 14:56:41.376  1232  1232 E WebViewFactory: can't load with relro file; address space not reserved
10-31 14:56:41.377  1204  1307 I chromium: [INFO:child_process_service.cc(69)] ChildProcessService: Exiting child process.
10-31 14:56:41.380   422   422 E lowmemorykiller: Error writing /proc/1190/oom_score_adj; errno=22
10-31 14:56:41.381   772 10893 I ActivityManager: Killing 1190:com.android.chrome:sandboxed_process2/u0a60i342 (adj 0): isolated not needed
10-31 14:56:41.382   772   790 W zygote64: failed to open /acct/uid_99342/pid_1190/cgroup.procs: No such file or directory
10-31 14:56:41.385   422   422 E lowmemorykiller: Error writing /proc/1204/oom_score_adj; errno=22
10-31 14:56:41.385   772  1327 I ActivityManager: Killing 1204:com.android.chrome:sandboxed_process3/u0a60i343 (adj 0): isolated not needed
10-31 14:56:41.385  1249  1249 I cr_ChildProcessService: Creating new ChildProcessService pid=1249
10-31 14:56:41.387   772   790 W zygote64: failed to open /acct/uid_99343/pid_1204/cgroup.procs: No such file or directory
10-31 14:56:41.389  1270  1270 I cr_SplitCompatApp: Launched version=106.0.5249.79 minSdkVersion=24 isBundle=true processName=com.android.chrome:sandboxed_process7 isIsolated=true
10-31 14:56:41.393  1360  1360 E asset   : setgid: Operation not permitted
10-31 14:56:41.393  1249  1249 E WebViewFactory: can't load with relro file; address space not reserved
10-31 14:56:41.397  1270  1270 W SystemServiceRegistry: No service published for: uimode
10-31 14:56:41.402  1249  1362 I cr_LibraryLoader: Successfully loaded native library
10-31 14:56:41.403  1249  1362 I cr_CachingUmaRecorder: Flushed 3 samples from 3 histograms.
10-31 14:56:41.406  1216  1355 I cr_LibraryLoader: Successfully loaded native library
10-31 14:56:41.407  1216  1355 I cr_CachingUmaRecorder: Flushed 3 samples from 3 histograms.
10-31 14:56:41.408  1232  1358 I cr_LibraryLoader: Successfully loaded native library
10-31 14:56:41.409  1232  1358 I cr_CachingUmaRecorder: Flushed 3 samples from 3 histograms.
10-31 14:56:41.409  1270  1270 I cr_ChildProcessService: Creating new ChildProcessService pid=1270
10-31 14:56:41.416  1270  1270 E WebViewFactory: can't load with relro file; address space not reserved
10-31 14:56:41.435  1270  1363 I cr_LibraryLoader: Successfully loaded native library
10-31 14:56:41.436  1270  1363 I cr_CachingUmaRecorder: Flushed 3 samples from 3 histograms.
10-31 14:56:41.438  1292  1292 I cr_SplitCompatApp: Launched version=106.0.5249.79 minSdkVersion=24 isBundle=true processName=com.android.chrome:sandboxed_process8 isIsolated=true
10-31 14:56:41.444  1310  1310 I cr_SplitCompatApp: Launched version=106.0.5249.79 minSdkVersion=24 isBundle=true processName=com.android.chrome:sandboxed_process9 isIsolated=true
10-31 14:56:41.446  1292  1292 W SystemServiceRegistry: No service published for: uimode
10-31 14:56:41.451  1310  1310 W SystemServiceRegistry: No service published for: uimode
10-31 14:56:41.453  1292  1292 I cr_ChildProcessService: Creating new ChildProcessService pid=1292
10-31 14:56:41.460  1292  1292 E WebViewFactory: can't load with relro file; address space not reserved
10-31 14:56:41.463  1310  1310 I cr_ChildProcessService: Creating new ChildProcessService pid=1310
10-31 14:56:41.464   950   960 I zygote  : Background concurrent copying GC freed 14779(1351KB) AllocSpace objects, 3(60KB) LOS objects, 49% free, 4MB/8MB, paused 327us total 163.636ms
10-31 14:56:41.471  1310  1310 E WebViewFactory: can't load with relro file; address space not reserved
10-31 14:56:41.473  1292  1393 I cr_LibraryLoader: Successfully loaded native library
10-31 14:56:41.476  1292  1393 I cr_CachingUmaRecorder: Flushed 3 samples from 3 histograms.
10-31 14:56:41.478   950   950 W chromium: [WARNING:compositor_view.cc(342)] Child process died (type=6) pid=1204)
10-31 14:56:41.478  1310  1394 I cr_LibraryLoader: Successfully loaded native library
10-31 14:56:41.479  1310  1394 I cr_CachingUmaRecorder: Flushed 3 samples from 3 histograms.
10-31 14:56:41.479   950   950 W chromium: [WARNING:compositor_view.cc(342)] Child process died (type=6) pid=1190)
10-31 14:56:41.484  1249  1362 I chromium: [INFO:child_process_service.cc(69)] ChildProcessService: Exiting child process.
10-31 14:56:41.487  1232  1358 I chromium: [INFO:child_process_service.cc(69)] ChildProcessService: Exiting child process.
10-31 14:56:41.487   422   422 E lowmemorykiller: Error writing /proc/1249/oom_score_adj; errno=22
10-31 14:56:41.488   772 32228 I ActivityManager: Killing 1249:com.android.chrome:sandboxed_process6/u0a60i346 (adj 0): isolated not needed
10-31 14:56:41.488   772   790 W zygote64: failed to open /acct/uid_99346/pid_1249/cgroup.procs: No such file or directory
10-31 14:56:41.490   422   422 E lowmemorykiller: Error writing /proc/1232/oom_score_adj; errno=22
10-31 14:56:41.491   772  3037 I ActivityManager: Killing 1232:com.android.chrome:sandboxed_process5/u0a60i345 (adj 0): isolated not needed
10-31 14:56:41.492   772   790 W zygote64: failed to open /acct/uid_99345/pid_1232/cgroup.procs: No such file or directory
10-31 14:56:41.494  1216  1355 I chromium: [INFO:child_process_service.cc(69)] ChildProcessService: Exiting child process.
10-31 14:56:41.505  1270  1363 I chromium: [INFO:child_process_service.cc(69)] ChildProcessService: Exiting child process.
10-31 14:56:41.512   950   950 W chromium: [WARNING:compositor_view.cc(342)] Child process died (type=6) pid=1249)
10-31 14:56:41.522  1415  1415 E /system/bin/webview_zygote32: failed to make and chown /acct/uid_99350: Permission denied
10-31 14:56:41.522  1415  1415 E Zygote  : createProcessGroup(99350, 0) failed: Permission denied
10-31 14:56:41.531   772  1324 I ActivityManager: Start proc 1415:com.android.chrome:sandboxed_process10/u0i350 for webview_service com.android.chrome/org.chromium.content.app.SandboxedProcessService10
10-31 14:56:41.534   950   950 W chromium: [WARNING:compositor_view.cc(342)] Child process died (type=6) pid=1216)
10-31 14:56:41.538  1310  1394 I chromium: [INFO:child_process_service.cc(69)] ChildProcessService: Exiting child process.
10-31 14:56:41.539  1292  1393 I chromium: [INFO:child_process_service.cc(69)] ChildProcessService: Exiting child process.
10-31 14:56:41.540   950   950 W chromium: [WARNING:compositor_view.cc(342)] Child process died (type=6) pid=1270)
10-31 14:56:41.544   772 13022 I ActivityManager: Process com.android.chrome:sandboxed_process4 (pid 1216) has died: vis  TOP 
10-31 14:56:41.545   772 13022 W ActivityManager: Scheduling restart of crashed service com.android.chrome/org.chromium.content.app.SandboxedProcessService4 in 1000ms
10-31 14:56:41.545   772   790 W zygote64: failed to open /acct/uid_99344/pid_1216/cgroup.procs: No such file or directory
10-31 14:56:41.558   772  4539 I ActivityManager: Process com.android.chrome:sandboxed_process7 (pid 1270) has died: vis  TOP 
10-31 14:56:41.558   772   790 W zygote64: failed to open /acct/uid_99347/pid_1270/cgroup.procs: No such file or directory
10-31 14:56:41.558   772  4539 W ActivityManager: Scheduling restart of crashed service com.android.chrome/org.chromium.content.app.SandboxedProcessService7 in 10986ms
10-31 14:56:41.573  1415  1415 I SamplingProfilerIntegration: Profiling disabled.
10-31 14:56:41.581   772 10894 I ActivityManager: Process com.android.chrome:sandboxed_process9 (pid 1310) has died: vis  TOP 
10-31 14:56:41.581   772   790 W zygote64: failed to open /acct/uid_99349/pid_1310/cgroup.procs: No such file or directory
10-31 14:56:41.581   772 10894 W ActivityManager: Scheduling restart of crashed service com.android.chrome/org.chromium.content.app.SandboxedProcessService9 in 20963ms
