--------- beginning of system
10-31 14:01:30.076   772   791 I chatty  : uid=1000(system) batterystats-sy expire 1 line
10-31 14:01:45.114   772   791 E BatteryStatsService: no controller energy info supplied
10-31 14:02:46.807   772   785 I ActivityManager: Force stopping com.android.chrome appid=10060 user=0: from pid 20060
10-31 14:02:46.808   772   785 I ActivityManager: Killing 19705:com.android.chrome/u0a60 (adj 900): stop com.android.chrome
--------- beginning of main
10-31 14:02:46.817  1311  1311 D CarrierSvcBindHelper: No carrier app for: 0
10-31 14:02:46.829  2964  2964 D RegisteredNfcFServicesCache: Service unchanged, not updating
10-31 14:02:47.069   772   785 I ActivityManager: START u0 {act=android.intent.action.VIEW flg=0x10008000 cmp=com.android.chrome/com.google.android.apps.chrome.Main} from uid 2000
10-31 14:02:47.106   772   785 I ActivityManager: Start proc 20062:com.android.chrome/u0a60 for activity com.android.chrome/com.google.android.apps.chrome.Main
10-31 14:02:47.135   772   784 W LocalDisplayAdapter: Unable to find color mode 0, ignoring request.
10-31 14:02:47.140   772   846 I InputReader: Reconfiguring input devices.  changes=0x00000004
10-31 14:02:47.142 13325 13325 I MemoryTrimmer: Trimming objects from memory, since app is in the background.
10-31 14:02:47.149 13325 19623 V rsC++   : RS Message thread exiting.
10-31 14:02:47.178 20062 20062 I cr_SplitCompatApp: Launched version=106.0.5249.79 minSdkVersion=24 isBundle=true processName=com.android.chrome isIsolated=false
10-31 14:02:47.231  3960  3971 I FontLog : Received query Google Sans, URI content://com.google.android.gms.fonts [CONTEXT service_id=132 ]
10-31 14:02:47.231  3960  3971 I FontLog : Query [Google Sans] resolved to {Google Sans, wdth 100.0, wght 400, ital 0.0, bestEffort false} [CONTEXT service_id=132 ]
10-31 14:02:47.233  3960  3971 I FontLog : Font PFD returned from cache for {Google Sans, wdth 100.0, wght 400, ital 0.0, bestEffort false} [CONTEXT service_id=132 ]
10-31 14:02:47.233  3960  3971 I FontLog : Fetch {Google Sans, wdth 100.0, wght 400, ital 0.0, bestEffort false} end status Status{statusCode=SUCCESS, resolution=null} [CONTEXT service_id=132 ]
10-31 14:02:47.253  3960  4245 I FontLog : Pulling font file for id = 2394, cache size = 6 [CONTEXT service_id=132 ]
10-31 14:02:47.308  3960  4244 I FontLog : Received query Google Sans:500, URI content://com.google.android.gms.fonts [CONTEXT service_id=132 ]
10-31 14:02:47.308  3960  4244 I FontLog : Query [Google Sans:500] resolved to {Google Sans, wdth 100.0, wght 500, ital 0.0, bestEffort false} [CONTEXT service_id=132 ]
10-31 14:02:47.310  3960  4244 I FontLog : Font PFD returned from cache for {Google Sans, wdth 100.0, wght 500, ital 0.0, bestEffort false} [CONTEXT service_id=132 ]
10-31 14:02:47.310  3960  4244 I FontLog : Fetch {Google Sans, wdth 100.0, wght 500, ital 0.0, bestEffort false} end status Status{statusCode=SUCCESS, resolution=null} [CONTEXT service_id=132 ]
10-31 14:02:47.316  3960  4151 I FontLog : Pulling font file for id = 2395, cache size = 6 [CONTEXT service_id=132 ]
10-31 14:02:47.326  3960  4217 I FontLog : Received query Google Sans:700, URI content://com.google.android.gms.fonts [CONTEXT service_id=132 ]
10-31 14:02:47.326  3960  4217 I FontLog : Query [Google Sans:700] resolved to {Google Sans, wdth 100.0, wght 700, ital 0.0, bestEffort false} [CONTEXT service_id=132 ]
10-31 14:02:47.328  3960  4217 I FontLog : Fetch {Google Sans, wdth 100.0, wght 700, ital 0.0, bestEffort false} end status Status{statusCode=SUCCESS, resolution=null} [CONTEXT service_id=132 ]
10-31 14:02:47.333  3960  4244 I FontLog : Pulling font file for id = 2396, cache size = 4 [CONTEXT service_id=132 ]
10-31 14:02:47.367 20062 20081 I cr_LibraryLoader: Successfully loaded native library
10-31 14:02:47.369 20062 20081 I cr_CachingUmaRecorder: Flushed 19 samples from 19 histograms.
10-31 14:02:47.473 20062 20062 E ResourceType: Style contains key with bad entry: 0x0101062c
10-31 14:02:47.489 20062 20084 W DynamiteModule: Local module descriptor class for com.google.android.gms.googlecertificates not found.
10-31 14:02:47.504 20062 20084 W zygote  : Skipping duplicate class check due to unrecognized classloader
10-31 14:02:47.505   772 10894 I ActivityManager: START u0 {cmp=com.android.chrome/org.chromium.chrome.browser.firstrun.FirstRunActivity (has extras)} from uid 10060
10-31 14:02:47.508 20062 20084 I DynamiteModule: Considering local module com.google.android.gms.googlecertificates:0 and remote module com.google.android.gms.googlecertificates:7
10-31 14:02:47.509 20062 20084 I DynamiteModule: Selected remote version of com.google.android.gms.googlecertificates, version >= 7
10-31 14:02:47.519 20062 20062 E ResourceType: Style contains key with bad entry: 0x0101062c
10-31 14:02:47.564 20062 20084 W zygote  : Skipping duplicate class check due to unrecognized classloader
10-31 14:02:47.596   772  1259 W AppOps  : Bad call: specified package com.google.android.gms under uid 10060 but it is really 10020
10-31 14:02:47.596   772  1259 W AppOps  : java.lang.RuntimeException: here
10-31 14:02:47.596   772  1259 W AppOps  : 	at com.android.server.AppOpsService.getOpsRawLocked(AppOpsService.java:1319)
10-31 14:02:47.596   772  1259 W AppOps  : 	at com.android.server.AppOpsService.checkPackage(AppOpsService.java:1038)
10-31 14:02:47.596   772  1259 W AppOps  : 	at com.android.internal.app.IAppOpsService$Stub.onTransact(IAppOpsService.java:169)
10-31 14:02:47.596   772  1259 W AppOps  : 	at android.os.Binder.execTransact(Binder.java:674)
10-31 14:02:47.597   772 10893 W AppOps  : Bad call: specified package com.google.android.gms under uid 10060 but it is really 10020
10-31 14:02:47.597   772 10893 W AppOps  : java.lang.RuntimeException: here
10-31 14:02:47.597   772 10893 W AppOps  : 	at com.android.server.AppOpsService.getOpsRawLocked(AppOpsService.java:1319)
10-31 14:02:47.597   772 10893 W AppOps  : 	at com.android.server.AppOpsService.checkPackage(AppOpsService.java:1038)
10-31 14:02:47.597   772 10893 W AppOps  : 	at com.android.internal.app.IAppOpsService$Stub.onTransact(IAppOpsService.java:169)
10-31 14:02:47.597   772 10893 W AppOps  : 	at android.os.Binder.execTransact(Binder.java:674)
10-31 14:02:47.601   772 10860 W AppOps  : Bad call: specified package com.google.android.gms under uid 10060 but it is really 10020
10-31 14:02:47.601   772 10860 W AppOps  : java.lang.RuntimeException: here
10-31 14:02:47.601   772 10860 W AppOps  : 	at com.android.server.AppOpsService.getOpsRawLocked(AppOpsService.java:1319)
10-31 14:02:47.601   772 10860 W AppOps  : 	at com.android.server.AppOpsService.checkPackage(AppOpsService.java:1038)
10-31 14:02:47.601   772 10860 W AppOps  : 	at com.android.internal.app.IAppOpsService$Stub.onTransact(IAppOpsService.java:169)
10-31 14:02:47.601   772 10860 W AppOps  : 	at android.os.Binder.execTransact(Binder.java:674)
10-31 14:02:47.604   772  2970 W AppOps  : Bad call: specified package com.google.android.gms under uid 10060 but it is really 10020
10-31 14:02:47.604   772  2970 W AppOps  : java.lang.RuntimeException: here
10-31 14:02:47.604   772  2970 W AppOps  : 	at com.android.server.AppOpsService.getOpsRawLocked(AppOpsService.java:1319)
10-31 14:02:47.604   772  2970 W AppOps  : 	at com.android.server.AppOpsService.checkPackage(AppOpsService.java:1038)
10-31 14:02:47.604   772  2970 W AppOps  : 	at com.android.internal.app.IAppOpsService$Stub.onTransact(IAppOpsService.java:169)
10-31 14:02:47.604   772  2970 W AppOps  : 	at android.os.Binder.execTransact(Binder.java:674)
10-31 14:02:47.664 20062 20062 W ResourceType: Failure getting entry for 0x7f010055 (t=0 e=85) (error -75)
10-31 14:02:47.691 20062 20092 D OpenGLRenderer: HWUI GL Pipeline
10-31 14:02:47.727 20062 20092 I Adreno  : QUALCOMM build                   : 7142022, Ib5823dd10c
10-31 14:02:47.727 20062 20092 I Adreno  : Build Date                       : 06/23/17
10-31 14:02:47.727 20062 20092 I Adreno  : OpenGL ES Shader Compiler Version: EV031.18.00.00
10-31 14:02:47.727 20062 20092 I Adreno  : Local Branch                     : O11A
10-31 14:02:47.727 20062 20092 I Adreno  : Remote Branch                    : 
10-31 14:02:47.727 20062 20092 I Adreno  : Remote Branch                    : 
10-31 14:02:47.727 20062 20092 I Adreno  : Reconstruct Branch               : 
10-31 14:02:47.730 20062 20092 I vndksupport: sphal namespace is not configured for this process. Loading /vendor/lib/hw/gralloc.msm8992.so from the current namespace instead.
10-31 14:02:47.731  3960  4191 E bfry    : Phenotype API error. Event # ddoj@5979c745, EventCode: 7 [CONTEXT service_id=51 ]
10-31 14:02:47.731  3960  4191 E bfry    : bfra: 29505: No config packages for log source, or config package not registered
10-31 14:02:47.731  3960  4191 E bfry    : 	at bfst.b(:com.google.android.gms@223616019@22.36.16 (040400-476895098):4)
10-31 14:02:47.731  3960  4191 E bfry    : 	at bfsq.g(:com.google.android.gms@223616019@22.36.16 (040400-476895098):0)
10-31 14:02:47.731  3960  4191 E bfry    : 	at bfry.e(:com.google.android.gms@223616019@22.36.16 (040400-476895098):4)
10-31 14:02:47.731  3960  4191 E bfry    : 	at bfry.f(:com.google.android.gms@223616019@22.36.16 (040400-476895098):2)
10-31 14:02:47.731  3960  4191 E bfry    : 	at arjg.ep(:com.google.android.gms@223616019@22.36.16 (040400-476895098):1)
10-31 14:02:47.731  3960  4191 E bfry    : 	at arjm.run(:com.google.android.gms@223616019@22.36.16 (040400-476895098):12)
10-31 14:02:47.731  3960  4191 E bfry    : 	at cjoq.run(:com.google.android.gms@223616019@22.36.16 (040400-476895098):2)
10-31 14:02:47.731  3960  4191 E bfry    : 	at aarl.c(:com.google.android.gms@223616019@22.36.16 (040400-476895098):6)
10-31 14:02:47.731  3960  4191 E bfry    : 	at aarl.run(:com.google.android.gms@223616019@22.36.16 (040400-476895098):7)
10-31 14:02:47.731  3960  4191 E bfry    : 	at java.util.concurrent.ThreadPoolExecutor.runWorker(ThreadPoolExecutor.java:1162)
10-31 14:02:47.731  3960  4191 E bfry    : 	at java.util.concurrent.ThreadPoolExecutor$Worker.run(ThreadPoolExecutor.java:636)
10-31 14:02:47.731  3960  4191 E bfry    : 	at aaws.run(:com.google.android.gms@223616019@22.36.16 (040400-476895098):0)
10-31 14:02:47.731  3960  4191 E bfry    : 	at java.lang.Thread.run(Thread.java:764)
10-31 14:02:47.732  3960  4191 W AsyncOperation: operation=GetExperimentTokensOperationCall, opStatusCode=29505 [CONTEXT service_id=51 ]
10-31 14:02:47.732  3960  4191 W AsyncOperation: OperationException[Status{statusCode=No config packages for log source, or config package not registered, resolution=null}]
10-31 14:02:47.732  3960  4191 W AsyncOperation: 	at bfry.e(:com.google.android.gms@223616019@22.36.16 (040400-476895098):6)
10-31 14:02:47.732  3960  4191 W AsyncOperation: 	at bfry.f(:com.google.android.gms@223616019@22.36.16 (040400-476895098):2)
10-31 14:02:47.732  3960  4191 W AsyncOperation: 	at arjg.ep(:com.google.android.gms@223616019@22.36.16 (040400-476895098):1)
10-31 14:02:47.732  3960  4191 W AsyncOperation: 	at arjm.run(:com.google.android.gms@223616019@22.36.16 (040400-476895098):12)
10-31 14:02:47.732  3960  4191 W AsyncOperation: 	at cjoq.run(:com.google.android.gms@223616019@22.36.16 (040400-476895098):2)
10-31 14:02:47.732  3960  4191 W AsyncOperation: 	at aarl.c(:com.google.android.gms@223616019@22.36.16 (040400-476895098):6)
10-31 14:02:47.732  3960  4191 W AsyncOperation: 	at aarl.run(:com.google.android.gms@223616019@22.36.16 (040400-476895098):7)
10-31 14:02:47.732  3960  4191 W AsyncOperation: 	at java.util.concurrent.ThreadPoolExecutor.runWorker(ThreadPoolExecutor.java:1162)
10-31 14:02:47.732  3960  4191 W AsyncOperation: 	at java.util.concurrent.ThreadPoolExecutor$Worker.run(ThreadPoolExecutor.java:636)
10-31 14:02:47.732  3960  4191 W AsyncOperation: 	at aaws.run(:com.google.android.gms@223616019@22.36.16 (040400-476895098):0)
10-31 14:02:47.732  3960  4191 W AsyncOperation: 	at java.lang.Thread.run(Thread.java:764)
10-31 14:02:47.742 20062 20062 W RecyclerView: No adapter attached; skipping layout
10-31 14:02:47.764 20062 20092 I Adreno  : PFP: 0x00000000, ME: 0x00000000
10-31 14:02:47.768 20062 20092 I OpenGLRenderer: Initialized EGL, version 1.4
10-31 14:02:47.768 20062 20092 D OpenGLRenderer: Swap behavior 2
10-31 14:02:47.778 20062 20062 I cr_StartSurfaceConfig: Recorded Startup.Android.FirstDrawCompletedTime.NoInstant = 173 ms
10-31 14:02:47.804 20062 20085 D NetworkSecurityConfig: Using Network Security Config from resource 0_resource_name_obfuscated debugBuild: false
10-31 14:02:47.823   772   791 E BatteryStatsService: no controller energy info supplied
10-31 14:02:48.094 20062 20085 I cr_VariationsSeedFetch: Fetched first run seed in 295 ms
10-31 14:02:48.124 20098 20098 E /system/bin/webview_zygote32: failed to make and chown /acct/uid_99175: Permission denied
10-31 14:02:48.125 20098 20098 E Zygote  : createProcessGroup(99175, 0) failed: Permission denied
10-31 14:02:48.125   772  1259 I ActivityManager: Start proc 20098:com.android.chrome:sandboxed_process0/u0i175 for webview_service com.android.chrome/org.chromium.content.app.SandboxedProcessService0
10-31 14:02:48.145 20098 20098 I SamplingProfilerIntegration: Profiling disabled.
10-31 14:02:48.162 20112 20112 E asset   : setgid: Operation not permitted
10-31 14:02:48.191 20098 20098 I cr_SplitCompatApp: Launched version=106.0.5249.79 minSdkVersion=24 isBundle=true processName=com.android.chrome:sandboxed_process0 isIsolated=true
10-31 14:02:48.195 20098 20098 W SystemServiceRegistry: No service published for: uimode
10-31 14:02:48.203 20098 20098 I cr_ChildProcessService: Creating new ChildProcessService pid=20098
10-31 14:02:48.209 20098 20098 E WebViewFactory: can't load with relro file; address space not reserved
10-31 14:02:48.388   772  4540 I ActivityManager: Start proc 20128:com.android.chrome:privileged_process0/u0a60 for service com.android.chrome/org.chromium.content.app.PrivilegedProcessService0
10-31 14:02:48.442 20062 20062 I cr_SmsProviderGms: construction successfull y93@2c16f7f, v93@ea33795
10-31 14:02:48.451 20128 20128 I cr_SplitCompatApp: Launched version=106.0.5249.79 minSdkVersion=24 isBundle=true processName=com.android.chrome:privileged_process0 isIsolated=false
10-31 14:02:48.454 13542 13542 D BoundBrokerSvc: onBind: Intent { act=com.google.android.gms.auth.key.retrieval.service.START dat=chimera-action:com.google.android.gms.auth.key.retrieval.service.START cmp=com.google.android.gms/.chimera.GmsApiService }
10-31 14:02:48.454 13542 13542 D BoundBrokerSvc: Loading bound service for intent: Intent { act=com.google.android.gms.auth.key.retrieval.service.START dat=chimera-action:com.google.android.gms.auth.key.retrieval.service.START cmp=com.google.android.gms/.chimera.GmsApiService }
10-31 14:02:48.468 20128 20128 I cr_ChildProcessService: Creating new ChildProcessService pid=20128
10-31 14:02:48.503 20062 20062 W cr_KnoxSettingsProvider: Permission to read device policy denied.
10-31 14:02:48.524 20128 20145 I cr_LibraryLoader: Successfully loaded native library
10-31 14:02:48.525 20128 20145 I cr_CachingUmaRecorder: Flushed 3 samples from 3 histograms.
10-31 14:02:48.539 20128 20145 I Adreno  : QUALCOMM build                   : 7142022, Ib5823dd10c
10-31 14:02:48.539 20128 20145 I Adreno  : Build Date                       : 06/23/17
10-31 14:02:48.539 20128 20145 I Adreno  : OpenGL ES Shader Compiler Version: EV031.18.00.00
10-31 14:02:48.539 20128 20145 I Adreno  : Local Branch                     : O11A
10-31 14:02:48.539 20128 20145 I Adreno  : Remote Branch                    : 
10-31 14:02:48.539 20128 20145 I Adreno  : Remote Branch                    : 
10-31 14:02:48.539 20128 20145 I Adreno  : Reconstruct Branch               : 
10-31 14:02:48.540 20128 20145 I vndksupport: sphal namespace is not configured for this process. Loading /vendor/lib/hw/gralloc.msm8992.so from the current namespace instead.
10-31 14:02:48.544 20128 20145 I Adreno  : PFP: 0x00000000, ME: 0x00000000
10-31 14:02:50.295 20155 20155 E /system/bin/webview_zygote32: failed to make and chown /acct/uid_99176: Permission denied
10-31 14:02:50.295 20155 20155 E Zygote  : createProcessGroup(99176, 0) failed: Permission denied
10-31 14:02:50.296   772  2969 I ActivityManager: Start proc 20155:com.android.chrome:sandboxed_process1/u0i176 for webview_service com.android.chrome/org.chromium.content.app.SandboxedProcessService1
10-31 14:02:50.312 20155 20155 I SamplingProfilerIntegration: Profiling disabled.
10-31 14:02:50.330 20168 20168 E asset   : setgid: Operation not permitted
10-31 14:02:50.361 20155 20155 I cr_SplitCompatApp: Launched version=106.0.5249.79 minSdkVersion=24 isBundle=true processName=com.android.chrome:sandboxed_process1 isIsolated=true
10-31 14:02:50.368 20155 20155 W SystemServiceRegistry: No service published for: uimode
10-31 14:02:50.378 20155 20155 I cr_ChildProcessService: Creating new ChildProcessService pid=20155
10-31 14:02:50.384 20155 20155 E WebViewFactory: can't load with relro file; address space not reserved
10-31 14:02:50.394 20155 20170 I cr_LibraryLoader: Successfully loaded native library
10-31 14:02:50.395 20155 20170 I cr_CachingUmaRecorder: Flushed 3 samples from 3 histograms.
10-31 14:02:50.430 20155 20170 I chromium: [INFO:child_process_service.cc(69)] ChildProcessService: Exiting child process.
10-31 14:02:50.433   422   422 E lowmemorykiller: Error writing /proc/20155/oom_score_adj; errno=22
10-31 14:02:50.434   772  2969 I ActivityManager: Killing 20155:com.android.chrome:sandboxed_process1/u0a60i176 (adj 0): isolated not needed
10-31 14:02:50.435   772   790 W zygote64: failed to open /acct/uid_99176/pid_20155/cgroup.procs: No such file or directory
10-31 14:02:50.810 20062 20062 E cr_BTSPrefs: No data found for task id: 53
10-31 14:02:50.811 20062 20062 E cr_BkgrdTaskScheduler: Task cannot be canceled because no data was found instorage or data was invalid
10-31 14:02:53.926 20197 20197 D AndroidRuntime: >>>>>> START com.android.internal.os.RuntimeInit uid 2000 <<<<<<
10-31 14:02:54.070 20197 20197 D AndroidRuntime: Calling main entry com.android.commands.input.Input
10-31 14:02:54.079 20197 20197 I Input   : injectMotionEvent: MotionEvent { action=ACTION_DOWN, actionButton=0, id[0]=0, x[0]=540.0, y[0]=1660.0, toolType[0]=TOOL_TYPE_UNKNOWN, buttonState=0, metaState=0, flags=0x0, edgeFlags=0x0, pointerCount=1, historySize=0, eventTime=539872340, downTime=539872340, deviceId=8, source=0x1002 }
10-31 14:02:54.080 20197 20197 I Input   : injectMotionEvent: MotionEvent { action=ACTION_UP, actionButton=0, id[0]=0, x[0]=540.0, y[0]=1660.0, toolType[0]=TOOL_TYPE_UNKNOWN, buttonState=0, metaState=0, flags=0x0, edgeFlags=0x0, pointerCount=1, historySize=0, eventTime=539872340, downTime=539872340, deviceId=8, source=0x1002 }
10-31 14:02:54.082 20197 20197 D AndroidRuntime: Shutting down VM
10-31 14:02:55.605 20207 20207 D AndroidRuntime: >>>>>> START com.android.internal.os.RuntimeInit uid 2000 <<<<<<
10-31 14:02:55.764 20207 20207 D AndroidRuntime: Calling main entry com.android.commands.input.Input
10-31 14:02:55.779 20207 20207 I Input   : injectMotionEvent: MotionEvent { action=ACTION_DOWN, actionButton=0, id[0]=0, x[0]=180.0, y[0]=1690.0, toolType[0]=TOOL_TYPE_UNKNOWN, buttonState=0, metaState=0, flags=0x0, edgeFlags=0x0, pointerCount=1, historySize=0, eventTime=539874033, downTime=539874033, deviceId=8, source=0x1002 }
10-31 14:02:55.781 20207 20207 I Input   : injectMotionEvent: MotionEvent { action=ACTION_UP, actionButton=0, id[0]=0, x[0]=180.0, y[0]=1690.0, toolType[0]=TOOL_TYPE_UNKNOWN, buttonState=0, metaState=0, flags=0x0, edgeFlags=0x0, pointerCount=1, historySize=0, eventTime=539874033, downTime=539874033, deviceId=8, source=0x1002 }
10-31 14:02:55.783 20207 20207 D AndroidRuntime: Shutting down VM
10-31 14:02:56.278   772  3854 E BatteryStatsService: no controller energy info supplied
10-31 14:02:56.278   772  3854 E BatteryStatsService: no controller energy info supplied
10-31 14:02:56.310   772   788 W ProcessCpuTracker: Skipping unknown process pid 20235
10-31 14:02:57.544   772  2970 I ActivityManager: START u0 {act=android.intent.action.VIEW dat=http://192.168.178.178:5500/... flg=0x10000000 cmp=com.android.chrome/com.google.android.apps.chrome.Main} from uid 2000
10-31 14:02:57.563 20062 20062 E ResourceType: Style contains key with bad entry: 0x0101062c
10-31 14:02:57.568   772 10895 I ActivityManager: START u0 {cmp=com.android.chrome/org.chromium.chrome.browser.firstrun.FirstRunActivity (has extras)} from uid 10060
10-31 14:02:57.577 20062 20062 E ResourceType: Style contains key with bad entry: 0x0101062c
10-31 14:02:57.641 20062 20062 W ResourceType: Failure getting entry for 0x7f010055 (t=0 e=85) (error -75)
10-31 14:02:57.703 20062 20062 W RecyclerView: No adapter attached; skipping layout
10-31 14:02:57.720 20062 20062 I cr_StartSurfaceConfig: Recorded Startup.Android.FirstDrawCompletedTime.NoInstant = 89 ms
10-31 14:02:58.617 20128 20141 I vndksupport: sphal namespace is not configured for this process. Loading libutils.so from the current namespace instead.
10-31 14:02:58.617 20062 20074 I vndksupport: sphal namespace is not configured for this process. Loading libutils.so from the current namespace instead.
10-31 14:02:58.617 20098 20111 I vndksupport: sphal namespace is not configured for this process. Loading libutils.so from the current namespace instead.
10-31 14:02:58.623   556   556 E Parcel  : Reading a NULL string not supported here.
10-31 14:02:58.623   556   556 W Parcel  : **** enforceInterface() expected 'IAAudioService' but read ''
10-31 14:02:58.624   360   360 E SELinux : avc:  denied  { find } for service=android.service.gatekeeper.IGateKeeperService pid=20283 uid=2000 scontext=u:r:shell:s0 tcontext=u:object_r:gatekeeper_service:s0 tclass=service_manager
10-31 14:02:58.624   360   360 E SELinux : avc:  denied  { find } for service=netd pid=20283 uid=2000 scontext=u:r:shell:s0 tcontext=u:object_r:netd_service:s0 tclass=service_manager
10-31 14:02:58.625 20283 20283 W atrace  : type=1400 audit(0.0:15073): avc: denied { call } for scontext=u:r:shell:s0 tcontext=u:r:wificond:s0 tclass=binder permissive=0
10-31 14:02:58.629   360   360 E SELinux : avc:  denied  { find } for service=installd pid=20283 uid=2000 scontext=u:r:shell:s0 tcontext=u:object_r:installd_service:s0 tclass=service_manager
10-31 14:02:58.633   361   361 E SELinux : avc:  denied  { find } for interface=android.frameworks.displayservice::IDisplayService pid=20283 scontext=u:r:shell:s0 tcontext=u:object_r:fwk_display_hwservice:s0 tclass=hwservice_manager
10-31 14:02:58.633   361   361 E SELinux : avc:  denied  { find } for interface=android.frameworks.schedulerservice::ISchedulingPolicyService pid=20283 scontext=u:r:shell:s0 tcontext=u:object_r:fwk_scheduler_hwservice:s0 tclass=hwservice_manager
10-31 14:02:58.634   361   361 E SELinux : avc:  denied  { find } for interface=android.frameworks.sensorservice::ISensorManager pid=20283 scontext=u:r:shell:s0 tcontext=u:object_r:fwk_sensor_hwservice:s0 tclass=hwservice_manager
10-31 14:02:58.634   361   361 E SELinux : avc:  denied  { find } for interface=android.hardware.biometrics.fingerprint::IBiometricsFingerprint pid=20283 scontext=u:r:shell:s0 tcontext=u:object_r:hal_fingerprint_hwservice:s0 tclass=hwservice_manager
10-31 14:02:58.635   361   361 E SELinux : avc:  denied  { find } for interface=android.hardware.dumpstate::IDumpstateDevice pid=20283 scontext=u:r:shell:s0 tcontext=u:object_r:hal_dumpstate_hwservice:s0 tclass=hwservice_manager
10-31 14:02:58.636   361   361 E SELinux : avc:  denied  { find } for interface=android.hardware.radio.deprecated::IOemHook pid=20283 scontext=u:r:shell:s0 tcontext=u:object_r:hal_telephony_hwservice:s0 tclass=hwservice_manager
10-31 14:02:58.636   361   361 E SELinux : avc:  denied  { find } for interface=android.hardware.radio::IRadio pid=20283 scontext=u:r:shell:s0 tcontext=u:object_r:hal_telephony_hwservice:s0 tclass=hwservice_manager
10-31 14:02:58.637   361   361 E SELinux : avc:  denied  { find } for interface=android.hardware.radio::ISap pid=20283 scontext=u:r:shell:s0 tcontext=u:object_r:hal_telephony_hwservice:s0 tclass=hwservice_manager
10-31 14:02:58.637   361   361 E SELinux : avc:  denied  { find } for interface=android.hardware.usb::IUsb pid=20283 scontext=u:r:shell:s0 tcontext=u:object_r:hal_usb_hwservice:s0 tclass=hwservice_manager
10-31 14:02:58.637   361   361 E SELinux : avc:  denied  { find } for interface=android.hardware.wifi.supplicant::ISupplicant pid=20283 scontext=u:r:shell:s0 tcontext=u:object_r:hal_wifi_supplicant_hwservice:s0 tclass=hwservice_manager
10-31 14:02:58.638   361   361 E SELinux : avc:  denied  { find } for interface=android.hardware.wifi::IWifi pid=20283 scontext=u:r:shell:s0 tcontext=u:object_r:hal_wifi_hwservice:s0 tclass=hwservice_manager
10-31 14:02:58.639   361   361 E SELinux : avc:  denied  { find } for interface=android.hidl.base::IBase pid=20283 scontext=u:r:shell:s0 tcontext=u:object_r:hidl_base_hwservice:s0 tclass=hwservice_manager
10-31 14:02:58.639   361   361 I chatty  : uid=1000(system) hwservicemanage identical 1 line
10-31 14:02:58.639   361   361 E SELinux : avc:  denied  { find } for interface=android.hidl.base::IBase pid=20283 scontext=u:r:shell:s0 tcontext=u:object_r:hidl_base_hwservice:s0 tclass=hwservice_manager
10-31 14:02:58.641   361   361 E SELinux : avc:  denied  { find } for interface=android.system.wifi.keystore::IKeystore pid=20283 scontext=u:r:shell:s0 tcontext=u:object_r:system_wifi_keystore_hwservice:s0 tclass=hwservice_manager
10-31 14:02:59.459 20062 20062 W chromium: [WARNING:controller_impl.cc(1190)] Background download complete, client: 6, completion type: 0, file size:16643
10-31 14:02:59.467 20062 20062 W chromium: [WARNING:controller_impl.cc(1190)] Background download complete, client: 6, completion type: 0, file size:18160
10-31 14:02:59.488 20284 20284 E /system/bin/webview_zygote32: failed to make and chown /acct/uid_99177: Permission denied
10-31 14:02:59.488 20284 20284 E Zygote  : createProcessGroup(99177, 0) failed: Permission denied
10-31 14:02:59.490   772 10894 I ActivityManager: Start proc 20284:com.android.chrome:sandboxed_process2/u0i177 for webview_service com.android.chrome/org.chromium.content.app.SandboxedProcessService2
10-31 14:02:59.505 20295 20295 E /system/bin/webview_zygote32: failed to make and chown /acct/uid_99178: Permission denied
10-31 14:02:59.505 20295 20295 E Zygote  : createProcessGroup(99178, 0) failed: Permission denied
10-31 14:02:59.506 20284 20284 I SamplingProfilerIntegration: Profiling disabled.
10-31 14:02:59.507   772   785 I ActivityManager: Start proc 20295:com.android.chrome:sandboxed_process3/u0i178 for webview_service com.android.chrome/org.chromium.content.app.SandboxedProcessService3
10-31 14:02:59.535 20310 20310 E asset   : setgid: Operation not permitted
10-31 14:02:59.535 20062 20062 W chromium: [WARNING:controller_impl.cc(1190)] Background download complete, client: 6, completion type: 0, file size:15859
10-31 14:02:59.537 20295 20295 I SamplingProfilerIntegration: Profiling disabled.
10-31 14:02:59.546 20062 20062 W chromium: [WARNING:controller_impl.cc(1190)] Background download complete, client: 6, completion type: 0, file size:2759
10-31 14:02:59.568 20312 20312 E /system/bin/webview_zygote32: failed to make and chown /acct/uid_99179: Permission denied
10-31 14:02:59.568   772  2969 I ActivityManager: Start proc 20312:com.android.chrome:sandboxed_process4/u0i179 for webview_service com.android.chrome/org.chromium.content.app.SandboxedProcessService4
10-31 14:02:59.568 20312 20312 E Zygote  : createProcessGroup(99179, 0) failed: Permission denied
10-31 14:02:59.580 20284 20284 I cr_SplitCompatApp: Launched version=106.0.5249.79 minSdkVersion=24 isBundle=true processName=com.android.chrome:sandboxed_process2 isIsolated=true
10-31 14:02:59.585 20284 20284 W SystemServiceRegistry: No service published for: uimode
10-31 14:02:59.590 20312 20312 I SamplingProfilerIntegration: Profiling disabled.
10-31 14:02:59.590   772 13021 I ActivityManager: Start proc 20323:com.android.chrome:sandboxed_process5/u0i180 for webview_service com.android.chrome/org.chromium.content.app.SandboxedProcessService5
10-31 14:02:59.590 20323 20323 E /system/bin/webview_zygote32: failed to make and chown /acct/uid_99180: Permission denied
10-31 14:02:59.590 20323 20323 E Zygote  : createProcessGroup(99180, 0) failed: Permission denied
10-31 14:02:59.592 20329 20329 E asset   : setgid: Operation not permitted
10-31 14:02:59.595 20284 20284 I cr_ChildProcessService: Creating new ChildProcessService pid=20284
10-31 14:02:59.605 20284 20284 E WebViewFactory: can't load with relro file; address space not reserved
10-31 14:02:59.614 20338 20338 E asset   : setgid: Operation not permitted
10-31 14:02:59.617 20284 20335 I cr_LibraryLoader: Successfully loaded native library
10-31 14:02:59.618 20284 20335 I cr_CachingUmaRecorder: Flushed 3 samples from 3 histograms.
10-31 14:02:59.620 20323 20323 I SamplingProfilerIntegration: Profiling disabled.
10-31 14:02:59.646 20312 20312 I cr_SplitCompatApp: Launched version=106.0.5249.79 minSdkVersion=24 isBundle=true processName=com.android.chrome:sandboxed_process4 isIsolated=true
10-31 14:02:59.648 20343 20343 W ThreadPoolForeg: type=1400 audit(0.0:15074): avc: denied { setattr } for name="model-info.pb" dev="dm-2" ino=1504614 scontext=u:r:isolated_app:s0:c512,c768 tcontext=u:object_r:app_data_file:s0:c512,c768 tclass=file permissive=0
10-31 14:02:59.650 20062 20062 W chromium: [WARNING:controller_impl.cc(1190)] Background download complete, client: 6, completion type: 0, file size:9419
10-31 14:02:59.652 20343 20343 W ThreadPoolForeg: type=1400 audit(0.0:15075): avc: denied { setattr } for name="model.tflite" dev="dm-2" ino=1504615 scontext=u:r:isolated_app:s0:c512,c768 tcontext=u:object_r:app_data_file:s0:c512,c768 tclass=file permissive=0
10-31 14:02:59.652 20295 20295 I cr_SplitCompatApp: Launched version=106.0.5249.79 minSdkVersion=24 isBundle=true processName=com.android.chrome:sandboxed_process3 isIsolated=true
10-31 14:02:59.652 20312 20312 W SystemServiceRegistry: No service published for: uimode
10-31 14:02:59.658 20295 20295 W SystemServiceRegistry: No service published for: uimode
10-31 14:02:59.663 20312 20312 I cr_ChildProcessService: Creating new ChildProcessService pid=20312
10-31 14:02:59.665 20348 20348 E asset   : setgid: Operation not permitted
10-31 14:02:59.667 20284 20335 I chromium: [INFO:child_process_service.cc(69)] ChildProcessService: Exiting child process.
10-31 14:02:59.669 20295 20295 I cr_ChildProcessService: Creating new ChildProcessService pid=20295
10-31 14:02:59.679   772 32228 I ActivityManager: Start proc 20350:com.android.chrome:sandboxed_process6/u0i181 for webview_service com.android.chrome/org.chromium.content.app.SandboxedProcessService6
10-31 14:02:59.682 20350 20350 E /system/bin/webview_zygote32: failed to make and chown /acct/uid_99181: Permission denied
10-31 14:02:59.682 20350 20350 E Zygote  : createProcessGroup(99181, 0) failed: Permission denied
10-31 14:02:59.687 20295 20295 E WebViewFactory: can't load with relro file; address space not reserved
10-31 14:02:59.688   422   422 E lowmemorykiller: Error writing /proc/20284/oom_score_adj; errno=22
10-31 14:02:59.688   772 10860 E JavaBinder: !!! FAILED BINDER TRANSACTION !!!  (parcel size = 76)
10-31 14:02:59.689   772 10860 E JavaBinder: !!! FAILED BINDER TRANSACTION !!!  (parcel size = 752)
10-31 14:02:59.689   772 10860 W ActivityManager: Exception when unbinding service com.android.chrome/org.chromium.content.app.SandboxedProcessService2
10-31 14:02:59.689   772 10860 W ActivityManager: android.os.DeadObjectException: Transaction failed on small parcel; remote process probably died
10-31 14:02:59.689   772 10860 W ActivityManager: 	at android.os.BinderProxy.transactNative(Native Method)
10-31 14:02:59.689   772 10860 W ActivityManager: 	at android.os.BinderProxy.transact(Binder.java:748)
10-31 14:02:59.689   772 10860 W ActivityManager: 	at android.app.IApplicationThread$Stub$Proxy.scheduleUnbindService(IApplicationThread.java:1522)
10-31 14:02:59.689   772 10860 W ActivityManager: 	at com.android.server.am.ActiveServices.removeConnectionLocked(ActiveServices.java:2640)
10-31 14:02:59.689   772 10860 W ActivityManager: 	at com.android.server.am.ActiveServices.unbindServiceLocked(ActiveServices.java:1551)
10-31 14:02:59.689   772 10860 W ActivityManager: 	at com.android.server.am.ActivityManagerService.unbindService(ActivityManagerService.java:18297)
10-31 14:02:59.689   772 10860 W ActivityManager: 	at android.app.IActivityManager$Stub.onTransact(IActivityManager.java:594)
10-31 14:02:59.689   772 10860 W ActivityManager: 	at com.android.server.am.ActivityManagerService.onTransact(ActivityManagerService.java:2935)
10-31 14:02:59.689   772 10860 W ActivityManager: 	at android.os.Binder.execTransact(Binder.java:674)
10-31 14:02:59.690   772 10860 E JavaBinder: !!! FAILED BINDER TRANSACTION !!!  (parcel size = 76)
10-31 14:02:59.690   422   422 E lowmemorykiller: Error writing /proc/20284/oom_score_adj; errno=22
10-31 14:02:59.690   772 10860 E JavaBinder: !!! FAILED BINDER TRANSACTION !!!  (parcel size = 76)
10-31 14:02:59.691   772 10860 I ActivityManager: Killing 20284:com.android.chrome:sandboxed_process2/u0a60i177 (adj 900): isolated not needed
10-31 14:02:59.692 20312 20312 E WebViewFactory: can't load with relro file; address space not reserved
10-31 14:02:59.693   772   790 W zygote64: failed to open /acct/uid_99177/pid_20284/cgroup.procs: No such file or directory
10-31 14:02:59.695 20323 20323 I cr_SplitCompatApp: Launched version=106.0.5249.79 minSdkVersion=24 isBundle=true processName=com.android.chrome:sandboxed_process5 isIsolated=true
10-31 14:02:59.699 20323 20323 W SystemServiceRegistry: No service published for: uimode
10-31 14:02:59.705 20323 20323 I cr_ChildProcessService: Creating new ChildProcessService pid=20323
10-31 14:02:59.708 20350 20350 I SamplingProfilerIntegration: Profiling disabled.
10-31 14:02:59.708   772   781 I zygote64: Background concurrent copying GC freed 88274(5MB) AllocSpace objects, 148(4MB) LOS objects, 42% free, 19MB/34MB, paused 249us total 101.365ms
10-31 14:02:59.709 20295 20349 I cr_LibraryLoader: Successfully loaded native library
10-31 14:02:59.709 20295 20349 I cr_CachingUmaRecorder: Flushed 3 samples from 3 histograms.
10-31 14:02:59.718 20312 20347 I cr_LibraryLoader: Successfully loaded native library
10-31 14:02:59.718 20312 20347 I cr_CachingUmaRecorder: Flushed 3 samples from 3 histograms.
10-31 14:02:59.725 20366 20366 W ThreadPoolForeg: type=1400 audit(0.0:15076): avc: denied { setattr } for name="model-info.pb" dev="dm-2" ino=1504604 scontext=u:r:isolated_app:s0:c512,c768 tcontext=u:object_r:app_data_file:s0:c512,c768 tclass=file permissive=0
10-31 14:02:59.728 20366 20366 W ThreadPoolForeg: type=1400 audit(0.0:15077): avc: denied { setattr } for name="model.tflite" dev="dm-2" ino=1504614 scontext=u:r:isolated_app:s0:c512,c768 tcontext=u:object_r:app_data_file:s0:c512,c768 tclass=file permissive=0
10-31 14:02:59.730 20323 20323 E WebViewFactory: can't load with relro file; address space not reserved
10-31 14:02:59.734 20295 20349 I chromium: [INFO:child_process_service.cc(69)] ChildProcessService: Exiting child process.
10-31 14:02:59.736   422   422 E lowmemorykiller: Error writing /proc/20295/oom_score_adj; errno=22
10-31 14:02:59.737   772 10893 I ActivityManager: Killing 20295:com.android.chrome:sandboxed_process3/u0a60i178 (adj 0): isolated not needed
10-31 14:02:59.737   772   790 W zygote64: failed to open /acct/uid_99178/pid_20295/cgroup.procs: No such file or directory
10-31 14:02:59.746 20323 20361 I cr_LibraryLoader: Successfully loaded native library
10-31 14:02:59.746 20376 20376 E asset   : setgid: Operation not permitted
10-31 14:02:59.747 20323 20361 I cr_CachingUmaRecorder: Flushed 3 samples from 3 histograms.
10-31 14:02:59.748 20372 20372 W ThreadPoolForeg: type=1400 audit(0.0:15078): avc: denied { setattr } for name="model-info.pb" dev="dm-2" ino=1504604 scontext=u:r:isolated_app:s0:c512,c768 tcontext=u:object_r:app_data_file:s0:c512,c768 tclass=file permissive=0
10-31 14:02:59.752 20372 20372 W ThreadPoolForeg: type=1400 audit(0.0:15079): avc: denied { setattr } for name="model.tflite" dev="dm-2" ino=1504611 scontext=u:r:isolated_app:s0:c512,c768 tcontext=u:object_r:app_data_file:s0:c512,c768 tclass=file permissive=0
10-31 14:02:59.762 20312 20347 I chromium: [INFO:child_process_service.cc(69)] ChildProcessService: Exiting child process.
10-31 14:02:59.766   422   422 E lowmemorykiller: Error writing /proc/20312/oom_score_adj; errno=22
10-31 14:02:59.767   772  1324 I ActivityManager: Killing 20312:com.android.chrome:sandboxed_process4/u0a60i179 (adj 0): isolated not needed
10-31 14:02:59.768   772   790 W zygote64: failed to open /acct/uid_99179/pid_20312/cgroup.procs: No such file or directory
10-31 14:02:59.775 20350 20350 I cr_SplitCompatApp: Launched version=106.0.5249.79 minSdkVersion=24 isBundle=true processName=com.android.chrome:sandboxed_process6 isIsolated=true
10-31 14:02:59.778 20379 20379 W ThreadPoolForeg: type=1400 audit(0.0:15080): avc: denied { setattr } for name="model-info.pb" dev="dm-2" ino=1504604 scontext=u:r:isolated_app:s0:c512,c768 tcontext=u:object_r:app_data_file:s0:c512,c768 tclass=file permissive=0
10-31 14:02:59.780 20350 20350 W SystemServiceRegistry: No service published for: uimode
10-31 14:02:59.782 20379 20379 W ThreadPoolForeg: type=1400 audit(0.0:15081): avc: denied { setattr } for name="model.tflite" dev="dm-2" ino=1504612 scontext=u:r:isolated_app:s0:c512,c768 tcontext=u:object_r:app_data_file:s0:c512,c768 tclass=file permissive=0
10-31 14:02:59.787 20350 20350 I cr_ChildProcessService: Creating new ChildProcessService pid=20350
10-31 14:02:59.787 20323 20361 I chromium: [INFO:child_process_service.cc(69)] ChildProcessService: Exiting child process.
10-31 14:02:59.790   422   422 E lowmemorykiller: Error writing /proc/20323/oom_score_adj; errno=22
10-31 14:02:59.790   772  2970 I ActivityManager: Killing 20323:com.android.chrome:sandboxed_process5/u0a60i180 (adj 0): isolated not needed
10-31 14:02:59.790   772   790 W zygote64: failed to open /acct/uid_99180/pid_20323/cgroup.procs: No such file or directory
10-31 14:02:59.794 20350 20350 E WebViewFactory: can't load with relro file; address space not reserved
10-31 14:02:59.808 20350 20383 I cr_LibraryLoader: Successfully loaded native library
10-31 14:02:59.809 20350 20383 I cr_CachingUmaRecorder: Flushed 3 samples from 3 histograms.
10-31 14:02:59.822 20386 20386 W ThreadPoolForeg: type=1400 audit(0.0:15082): avc: denied { setattr } for name="model-info.pb" dev="dm-2" ino=1504604 scontext=u:r:isolated_app:s0:c512,c768 tcontext=u:object_r:app_data_file:s0:c512,c768 tclass=file permissive=0
10-31 14:02:59.822 20386 20386 W ThreadPoolForeg: type=1400 audit(0.0:15083): avc: denied { setattr } for name="model.tflite" dev="dm-2" ino=1504613 scontext=u:r:isolated_app:s0:c512,c768 tcontext=u:object_r:app_data_file:s0:c512,c768 tclass=file permissive=0
10-31 14:02:59.828 20350 20383 I chromium: [INFO:child_process_service.cc(69)] ChildProcessService: Exiting child process.
10-31 14:02:59.832   422   422 E lowmemorykiller: Error writing /proc/20350/oom_score_adj; errno=22
10-31 14:02:59.834   772 10894 I ActivityManager: Killing 20350:com.android.chrome:sandboxed_process6/u0a60i181 (adj 0): isolated not needed
10-31 14:02:59.835   772   790 W zygote64: failed to open /acct/uid_99181/pid_20350/cgroup.procs: No such file or directory
10-31 14:03:03.176  6450  6477 I WebViewFactory: Loading com.android.chrome version 106.0.5249.79 (code 524907923)
10-31 14:03:03.226  6450  6477 W linker  : "/data/app/com.android.chrome-6miXT7Rhe2HDjAcD6FuDPg==/base.apk!/lib/arm64-v8a/libmonochrome.so" unused DT entry: type 0x70000001 arg 0x0
10-31 14:03:03.412  6450  6477 I zygote64: Rejecting re-init on previously-failed class java.lang.Class<Se2>: java.lang.NoClassDefFoundError: Failed resolution of: Landroid/webkit/PacProcessor;
10-31 14:03:03.412  6450  6477 I zygote64:   at java.lang.Class java.lang.Class.classForName(java.lang.String, boolean, java.lang.ClassLoader) (Class.java:-2)
10-31 14:03:03.412  6450  6477 I zygote64:   at java.lang.Class java.lang.Class.forName(java.lang.String, boolean, java.lang.ClassLoader) (Class.java:453)
10-31 14:03:03.412  6450  6477 I zygote64:   at java.lang.Class android.webkit.WebViewFactory.getWebViewProviderClass(java.lang.ClassLoader) (WebViewFactory.java:150)
10-31 14:03:03.412  6450  6477 I zygote64:   at java.lang.Class android.webkit.WebViewFactory.getProviderClass() (WebViewFactory.java:417)
10-31 14:03:03.412  6450  6477 I zygote64:   at android.webkit.WebViewFactoryProvider android.webkit.WebViewFactory.getProvider() (WebViewFactory.java:211)
10-31 14:03:03.412  6450  6477 I zygote64:   at android.webkit.CookieManager android.webkit.CookieManager.getInstance() (CookieManager.java:39)
10-31 14:03:03.412  6450  6477 I zygote64:   at boolean com.google.android.apps.gsa.search.core.q.a.a.o.Oq() (SourceFile:32)
10-31 14:03:03.412  6450  6477 I zygote64:   at com.google.android.apps.gsa.search.core.q.a.a com.google.android.apps.gsa.search.core.q.a.a.o.dE(java.lang.String) (SourceFile:86)
10-31 14:03:03.412  6450  6477 I zygote64:   at com.google.android.apps.gsa.search.core.q.a.a com.google.android.apps.gsa.search.core.q.a.a.o.dz(java.lang.String) (SourceFile:54)
10-31 14:03:03.412  6450  6477 I zygote64:   at boolean com.google.android.apps.gsa.search.core.google.u.a(android.net.Uri, java.util.Map) (SourceFile:11)
10-31 14:03:03.412  6450  6477 I zygote64:   at com.google.android.apps.gsa.search.shared.api.UriRequest com.google.android.apps.gsa.search.core.google.dc.a(com.google.android.apps.gsa.search.core.google.dd) (SourceFile:42)
10-31 14:03:03.412  6450  6477 I zygote64:   at com.google.android.apps.gsa.search.shared.api.UriRequest com.google.android.apps.gsa.search.core.google.cv.t(com.google.android.apps.gsa.shared.search.Query) (SourceFile:204)
10-31 14:03:03.412  6450  6477 I zygote64:   at com.google.android.apps.gsa.search.core.google.a.g com.google.android.apps.gsa.search.core.google.a.h.e(com.google.android.apps.gsa.shared.search.Query, boolean) (SourceFile:18)
10-31 14:03:03.412  6450  6477 I zygote64:   at com.google.android.apps.gsa.taskgraph.Done com.google.android.apps.gsa.searchbox.client.gsa.a.d.aiq() (SourceFile:15)
10-31 14:03:03.412  6450  6477 I zygote64:   at java.lang.Object com.google.android.apps.gsa.searchbox.client.gsa.a.d.call() (SourceFile:28)
10-31 14:03:03.412  6450  6477 I zygote64:   at void java.util.concurrent.FutureTask.run() (FutureTask.java:266)
10-31 14:03:03.412  6450  6477 I zygote64:   at void com.google.android.apps.gsa.shared.util.concurrent.a.ax.run() (SourceFile:14)
10-31 14:03:03.412  6450  6477 I zygote64:   at void com.google.android.apps.gsa.shared.util.concurrent.a.bl.run() (SourceFile:4)
10-31 14:03:03.412  6450  6477 I zygote64:   at void com.google.android.apps.gsa.shared.util.concurrent.a.bl.run() (SourceFile:4)
10-31 14:03:03.412  6450  6477 I zygote64:   at void java.util.concurrent.ThreadPoolExecutor.runWorker(java.util.concurrent.ThreadPoolExecutor$Worker) (ThreadPoolExecutor.java:1162)
10-31 14:03:03.412  6450  6477 I zygote64:   at void java.util.concurrent.ThreadPoolExecutor$Worker.run() (ThreadPoolExecutor.java:636)
10-31 14:03:03.412  6450  6477 I zygote64:   at void java.lang.Thread.run() (Thread.java:764)
10-31 14:03:03.412  6450  6477 I zygote64:   at void com.google.android.apps.gsa.shared.util.concurrent.a.ai.run() (SourceFile:6)
10-31 14:03:03.413  6450  6477 I zygote64: Caused by: java.lang.ClassNotFoundException: Didn't find class "android.webkit.PacProcessor" on path: DexPathList[[zip file "/data/app/com.android.chrome-6miXT7Rhe2HDjAcD6FuDPg==/base.apk"],nativeLibraryDirectories=[/data/app/com.android.chrome-6miXT7Rhe2HDjAcD6FuDPg==/lib/arm64, /data/app/com.android.chrome-6miXT7Rhe2HDjAcD6FuDPg==/base.apk!/lib/arm64-v8a, /system/lib64, /vendor/lib64]]
10-31 14:03:03.413  6450  6477 I zygote64:   at java.lang.Class dalvik.system.BaseDexClassLoader.findClass(java.lang.String) (BaseDexClassLoader.java:93)
10-31 14:03:03.413  6450  6477 I zygote64:   at java.lang.Class java.lang.ClassLoader.loadClass(java.lang.String, boolean) (ClassLoader.java:379)
10-31 14:03:03.413  6450  6477 I zygote64:   at java.lang.Class java.lang.ClassLoader.loadClass(java.lang.String) (ClassLoader.java:312)
10-31 14:03:03.413  6450  6477 I zygote64:   at java.lang.Class java.lang.Class.classForName(java.lang.String, boolean, java.lang.ClassLoader) (Class.java:-2)
10-31 14:03:03.413  6450  6477 I zygote64:   at java.lang.Class java.lang.Class.forName(java.lang.String, boolean, java.lang.ClassLoader) (Class.java:453)
10-31 14:03:03.413  6450  6477 I zygote64:   at java.lang.Class android.webkit.WebViewFactory.getWebViewProviderClass(java.lang.ClassLoader) (WebViewFactory.java:150)
10-31 14:03:03.413  6450  6477 I zygote64:   at java.lang.Class android.webkit.WebViewFactory.getProviderClass() (WebViewFactory.java:417)
10-31 14:03:03.413  6450  6477 I zygote64:   at android.webkit.WebViewFactoryProvider android.webkit.WebViewFactory.getProvider() (WebViewFactory.java:211)
10-31 14:03:03.413  6450  6477 I zygote64:   at android.webkit.CookieManager android.webkit.CookieManager.getInstance() (CookieManager.java:39)
10-31 14:03:03.413  6450  6477 I zygote64:   at boolean com.google.android.apps.gsa.search.core.q.a.a.o.Oq() (SourceFile:32)
10-31 14:03:03.413  6450  6477 I zygote64:   at com.google.android.apps.gsa.search.core.q.a.a com.google.android.apps.gsa.search.core.q.a.a.o.dE(java.lang.String) (SourceFile:86)
10-31 14:03:03.413  6450  6477 I zygote64:   at com.google.android.apps.gsa.search.core.q.a.a com.google.android.apps.gsa.search.core.q.a.a.o.dz(java.lang.String) (SourceFile:54)
10-31 14:03:03.413  6450  6477 I zygote64:   at boolean com.google.android.apps.gsa.search.core.google.u.a(android.net.Uri, java.util.Map) (SourceFile:11)
10-31 14:03:03.413  6450  6477 I zygote64:   at com.google.android.apps.gsa.search.shared.api.UriRequest com.google.android.apps.gsa.search.core.google.dc.a(com.google.android.apps.gsa.search.core.google.dd) (SourceFile:42)
10-31 14:03:03.413  6450  6477 I zygote64:   at com.google.android.apps.gsa.search.shared.api.UriRequest com.google.android.apps.gsa.search.core.google.cv.t(com.google.android.apps.gsa.shared.search.Query) (SourceFile:204)
10-31 14:03:03.413  6450  6477 I zygote64:   at com.google.android.apps.gsa.search.core.google.a.g com.google.android.apps.gsa.search.core.google.a.h.e(com.google.android.apps.gsa.shared.search.Query, boolean) (SourceFile:18)
10-31 14:03:03.413  6450  6477 I zygote64:   at com.google.android.apps.gsa.taskgraph.Done com.google.android.apps.gsa.searchbox.client.gsa.a.d.aiq() (SourceFile:15)
10-31 14:03:03.413  6450  6477 I zygote64:   at java.lang.Object com.google.android.apps.gsa.searchbox.client.gsa.a.d.call() (SourceFile:28)
10-31 14:03:03.413  6450  6477 I zygote64:   at void java.util.concurrent.FutureTask.run() (FutureTask.java:266)
10-31 14:03:03.413  6450  6477 I zygote64:   at void com.google.android.apps.gsa.shared.util.concurrent.a.ax.run() (SourceFile:14)
10-31 14:03:03.413  6450  6477 I zygote64:   at void com.google.android.apps.gsa.shared.util.concurrent.a.bl.run() (SourceFile:4)
10-31 14:03:03.413  6450  6477 I zygote64:   at void com.google.android.apps.gsa.shared.util.concurrent.a.bl.run() (SourceFile:4)
10-31 14:03:03.413  6450  6477 I zygote64:   at void java.util.concurrent.ThreadPoolExecutor.runWorker(java.util.concurrent.ThreadPoolExecutor$Worker) (ThreadPoolExecutor.java:1162)
10-31 14:03:03.413  6450  6477 I zygote64:   at void java.util.concurrent.ThreadPoolExecutor$Worker.run() (ThreadPoolExecutor.java:636)
10-31 14:03:03.413  6450  6477 I zygote64:   at void java.lang.Thread.run() (Thread.java:764)
10-31 14:03:03.413  6450  6477 I zygote64:   at void com.google.android.apps.gsa.shared.util.concurrent.a.ai.run() (SourceFile:6)
10-31 14:03:03.413  6450  6477 I zygote64: 
10-31 14:03:03.414  6450  6477 I zygote64: Rejecting re-init on previously-failed class java.lang.Class<Se2>: java.lang.NoClassDefFoundError: Failed resolution of: Landroid/webkit/PacProcessor;
10-31 14:03:03.414  6450  6477 I zygote64:   at java.lang.Class java.lang.Class.classForName(java.lang.String, boolean, java.lang.ClassLoader) (Class.java:-2)
10-31 14:03:03.414  6450  6477 I zygote64:   at java.lang.Class java.lang.Class.forName(java.lang.String, boolean, java.lang.ClassLoader) (Class.java:453)
10-31 14:03:03.414  6450  6477 I zygote64:   at java.lang.Class android.webkit.WebViewFactory.getWebViewProviderClass(java.lang.ClassLoader) (WebViewFactory.java:150)
10-31 14:03:03.414  6450  6477 I zygote64:   at java.lang.Class android.webkit.WebViewFactory.getProviderClass() (WebViewFactory.java:417)
10-31 14:03:03.414  6450  6477 I zygote64:   at android.webkit.WebViewFactoryProvider android.webkit.WebViewFactory.getProvider() (WebViewFactory.java:211)
10-31 14:03:03.414  6450  6477 I zygote64:   at android.webkit.CookieManager android.webkit.CookieManager.getInstance() (CookieManager.java:39)
10-31 14:03:03.414  6450  6477 I zygote64:   at boolean com.google.android.apps.gsa.search.core.q.a.a.o.Oq() (SourceFile:32)
10-31 14:03:03.414  6450  6477 I zygote64:   at com.google.android.apps.gsa.search.core.q.a.a com.google.android.apps.gsa.search.core.q.a.a.o.dE(java.lang.String) (SourceFile:86)
10-31 14:03:03.414  6450  6477 I zygote64:   at com.google.android.apps.gsa.search.core.q.a.a com.google.android.apps.gsa.search.core.q.a.a.o.dz(java.lang.String) (SourceFile:54)
