10-31 00:27:58.455 15130 15130 W SystemServiceRegistry: No service published for: uimode
10-31 00:27:58.467 15130 15130 I cr_ChildProcessService: Creating new ChildProcessService pid=15130
10-31 00:27:58.475 15130 15130 E WebViewFactory: can't load with relro file; address space not reserved
10-31 00:27:58.486 15130 15145 I cr_LibraryLoader: Successfully loaded native library
10-31 00:27:58.487 15130 15145 I cr_CachingUmaRecorder: Flushed 3 samples from 3 histograms.
10-31 00:27:58.510 15148 15148 W ThreadPoolForeg: type=1400 audit(0.0:12344): avc: denied { setattr } for name="model-info.pb" dev="dm-2" ino=1504995 scontext=u:r:isolated_app:s0:c512,c768 tcontext=u:object_r:app_data_file:s0:c512,c768 tclass=file permissive=0
10-31 00:27:58.510 15148 15148 W ThreadPoolForeg: type=1400 audit(0.0:12345): avc: denied { setattr } for name="model.tflite" dev="dm-2" ino=1504996 scontext=u:r:isolated_app:s0:c512,c768 tcontext=u:object_r:app_data_file:s0:c512,c768 tclass=file permissive=0
10-31 00:27:58.517 15130 15145 I chromium: [INFO:child_process_service.cc(69)] ChildProcessService: Exiting child process.
10-31 00:27:58.519   422   422 E lowmemorykiller: Error writing /proc/15130/oom_score_adj; errno=22
10-31 00:27:58.520   772  3041 I ActivityManager: Killing 15130:com.android.chrome:sandboxed_process26/u0a60i543 (adj 0): isolated not needed
10-31 00:27:58.520   772   790 W zygote64: failed to open /acct/uid_99543/pid_15130/cgroup.procs: No such file or directory
10-31 00:27:58.533 14323 14323 W chromium: [WARNING:compositor_view.cc(342)] Child process died (type=6) pid=15130)
10-31 00:27:59.547 14323 14323 I cr_tabmodel: Appending tabs being restored to metadata lists, 0, startingNormalCount: 2, startingIncognitoCount: 0
10-31 00:27:59.547 14323 14323 I cr_tabmodel: Serializing tab lists; counts: 2, 0
10-31 00:28:00.889 14323 14323 I cr_tabmodel: Appending tabs being restored to metadata lists, 0, startingNormalCount: 2, startingIncognitoCount: 0
10-31 00:28:00.889 14323 14323 I cr_tabmodel: Serializing tab lists; counts: 2, 0
10-31 00:28:01.224 14323 14323 I cr_tabmodel: Appending tabs being restored to metadata lists, 0, startingNormalCount: 2, startingIncognitoCount: 0
10-31 00:28:01.224 14323 14323 I cr_tabmodel: Serializing tab lists; counts: 2, 0
10-31 00:28:02.834 14323 14323 E cr_BTSPrefs: No data found for task id: 56
10-31 00:28:02.836 14323 14323 E cr_BkgrdTaskScheduler: Task cannot be canceled because no data was found instorage or data was invalid
10-31 00:28:06.915 14323 14323 W ResourceType: Failure getting entry for 0x7f010888 (t=0 e=2184) (error -75)
10-31 00:28:06.954 14323 14323 I chatty  : uid=10060(u0_a60) identical 7 lines
10-31 00:28:06.958 14323 14323 W ResourceType: Failure getting entry for 0x7f010888 (t=0 e=2184) (error -75)
10-31 00:28:06.961 14323 14323 I cr_TopSites: Start a new task.
10-31 00:28:06.962 14323 14390 I cr_TopSites: Serializing top sites lists finished; count: 9
10-31 00:28:06.969 14323 14390 I cr_TopSites: Finished saving top sites list to file:/data/user/0/com.android.chrome/app_top_sites/top_sites
10-31 00:28:38.112   551   618 I ThermalEngine: ACTION: BATTERY - Setting battery charging mitigation to 0
10-31 00:28:44.884 14323 14323 I cr_media: Create MediaDrmBridge with level L3 and origin EB90E2B6E6BC5B6BBCCDE9C79BBA2EE3
10-31 00:28:44.940   361   361 W /system/bin/hwservicemanager: getTransportFromManifest: Cannot find entry android.hardware.drm@1.0::IDrmFactory in either framework or device manifest, using default transport.
10-31 00:28:45.032   562  5487 I DrmHal  : makeDrmFactories: using default drm instance
10-31 00:28:45.038   361   361 W /system/bin/hwservicemanager: getTransportFromManifest: Cannot find entry android.hardware.drm@1.0::IDrmFactory in either framework or device manifest, using default transport.
10-31 00:28:45.093   562   644 I DrmHal  : makeDrmFactories: using default drm instance
10-31 00:28:45.094   562 28303 D WVCdm   : Instantiating CDM.
10-31 00:28:45.104   562   644 I WVCdm   : CdmEngine::QueryStatus
10-31 00:28:45.104   562   644 I WVCdm   : Level3 Library 4445 May 19 2017 17:17:20
10-31 00:28:45.114   562   644 D QSEECOMAPI: : QSEECom_get_handle sb_length = 0x19000
10-31 00:28:45.115   562   644 D QSEECOMAPI: : App is not loaded in QSEE
10-31 00:28:45.173   562   644 D QSEECOMAPI: : Loaded image: APP id = 1682
10-31 00:28:45.178   562   644 D QSAPPSVER: qsapps_get_capabilities: Capability from secure side: 0x0
10-31 00:28:45.178   562   644 D QSAPPSVER: qsapps_get_capabilities: returns 0
10-31 00:28:45.178   562   644 E DrmWidevineDash: sion_buffer g_wv_fhandle->ion_sbuffer  0x0xefae4000
10-31 00:28:45.181   372   376 D DrmLibTime: got the req here! ret=0
10-31 00:28:45.181   372   376 D DrmLibTime: command id, time_cmd_id = 770
10-31 00:28:45.181   372   376 D DrmLibTime: time_getutcsec starts!
10-31 00:28:45.181   372   376 D DrmLibTime: QSEE Time Listener: time_getutcsec
10-31 00:28:45.181   372   376 D DrmLibTime: QSEE Time Listener: get_utc_seconds
10-31 00:28:45.181   372   376 D DrmLibTime: QSEE Time Listener: time_get_modem_time
10-31 00:28:45.181   372   376 D DrmLibTime: QSEE Time Listener: Checking if ATS_MODEM is set or not.
10-31 00:28:45.181   372   376 D QC-time-services: Lib:time_genoff_operation: pargs->base = 13
10-31 00:28:45.181   372   376 D QC-time-services: Lib:time_genoff_operation: pargs->operation = 2
10-31 00:28:45.181   372   376 D QC-time-services: Lib:time_genoff_operation: pargs->ts_val = 0
10-31 00:28:45.182   372   376 D QC-time-services: Lib:time_genoff_operation: Send to server  passed!!
10-31 00:28:45.182   625   647 D QC-time-services: Daemon: Connection accepted:time_genoff
10-31 00:28:45.182   625 15159 D QC-time-services: Daemon:Received base = 13, unit = 1, operation = 2,value = 0
10-31 00:28:45.183   625 15159 D QC-time-services: Daemon:genoff_opr: Base = 13, val = 0, operation = 2
10-31 00:28:45.183   625 15159 D QC-time-services: offset is: 0 for base: 13
10-31 00:28:45.183   372   376 E QC-time-services: Receive Passed == base = 13, unit = 1, operation = 2, result = 0
10-31 00:28:45.183   372   376 D DrmLibTime: QSEE Time Listener: ATS_MODEM is not set. Fallback to Android system time.
10-31 00:28:45.183   372   376 D DrmLibTime: QSEE Time Listener: Retrieved Android system time: 1667172525
10-31 00:28:45.183   372   376 D DrmLibTime: time_getutcsec returns 0, sec = 1667172525; nsec = 0
10-31 00:28:45.183   372   376 D DrmLibTime: time_getutcsec finished! 
10-31 00:28:45.183   372   376 D DrmLibTime: iotcl_continue_command finished! and return 0 
10-31 00:28:45.183   372   376 D DrmLibTime: before calling ioctl to read the next time_cmd
10-31 00:28:45.183   625   647 E QC-time-services: Daemon: Time-services: Waiting to acceptconnection
10-31 00:28:45.225   562   644 D WVCdm   : OEMCrypto_Initialize Level 1 success. I will use level 1.
10-31 00:28:45.226   562   644 D QSEECOMAPI: : QSEECom_dealloc_memory 
10-31 00:28:45.226   562   644 D QSEECOMAPI: : QSEECom_shutdown_app, app_id = 1682
10-31 00:28:45.236   562 28303 I WVCdm   : CdmEngine::OpenSession
10-31 00:28:45.236   562 28303 I WVCdm   : Level3 Library 4445 May 19 2017 17:17:20
10-31 00:28:45.240   562 28303 D QSEECOMAPI: : QSEECom_get_handle sb_length = 0x19000
10-31 00:28:45.241   562 28303 D QSEECOMAPI: : App is not loaded in QSEE
10-31 00:28:45.293   562 28303 D QSEECOMAPI: : Loaded image: APP id = 1683
10-31 00:28:45.298   562 28303 D QSAPPSVER: qsapps_get_capabilities: Capability from secure side: 0x0
10-31 00:28:45.298   562 28303 D QSAPPSVER: qsapps_get_capabilities: returns 0
10-31 00:28:45.298   562 28303 E DrmWidevineDash: sion_buffer g_wv_fhandle->ion_sbuffer  0x0xefae4000
10-31 00:28:45.301   372   376 D DrmLibTime: got the req here! ret=0
10-31 00:28:45.301   372   376 D DrmLibTime: command id, time_cmd_id = 770
10-31 00:28:45.301   372   376 D DrmLibTime: time_getutcsec starts!
10-31 00:28:45.301   372   376 D DrmLibTime: QSEE Time Listener: time_getutcsec
10-31 00:28:45.301   372   376 D DrmLibTime: QSEE Time Listener: get_utc_seconds
10-31 00:28:45.301   372   376 D DrmLibTime: QSEE Time Listener: time_get_modem_time
10-31 00:28:45.301   372   376 D DrmLibTime: QSEE Time Listener: Checking if ATS_MODEM is set or not.
10-31 00:28:45.301   372   376 D QC-time-services: Lib:time_genoff_operation: pargs->base = 13
10-31 00:28:45.301   372   376 D QC-time-services: Lib:time_genoff_operation: pargs->operation = 2
10-31 00:28:45.301   372   376 D QC-time-services: Lib:time_genoff_operation: pargs->ts_val = 0
10-31 00:28:45.301   372   376 D QC-time-services: Lib:time_genoff_operation: Send to server  passed!!
10-31 00:28:45.301   625   647 D QC-time-services: Daemon: Connection accepted:time_genoff
10-31 00:28:45.302   625 15160 D QC-time-services: Daemon:Received base = 13, unit = 1, operation = 2,value = 0
10-31 00:28:45.302   625 15160 D QC-time-services: Daemon:genoff_opr: Base = 13, val = 0, operation = 2
10-31 00:28:45.302   625 15160 D QC-time-services: offset is: 0 for base: 13
10-31 00:28:45.302   372   376 E QC-time-services: Receive Passed == base = 13, unit = 1, operation = 2, result = 0
10-31 00:28:45.302   372   376 D DrmLibTime: QSEE Time Listener: ATS_MODEM is not set. Fallback to Android system time.
10-31 00:28:45.302   372   376 D DrmLibTime: QSEE Time Listener: Retrieved Android system time: 1667172525
10-31 00:28:45.302   372   376 D DrmLibTime: time_getutcsec returns 0, sec = 1667172525; nsec = 0
10-31 00:28:45.302   372   376 D DrmLibTime: time_getutcsec finished! 
10-31 00:28:45.302   372   376 D DrmLibTime: iotcl_continue_command finished! and return 0 
10-31 00:28:45.302   372   376 D DrmLibTime: before calling ioctl to read the next time_cmd
10-31 00:28:45.302   625   647 E QC-time-services: Daemon: Time-services: Waiting to acceptconnection
10-31 00:28:45.324   562 28303 D WVCdm   : OEMCrypto_Initialize Level 1 success. I will use level 1.
10-31 00:28:45.324   562 28303 D WVCdm   : CryptoSession::Open: Lock: requested_security_level: L3
10-31 00:28:45.339   562 28303 W WVCdm   : DeviceFiles::RetrieveHashedFile: /data/mediadrm/IDM1013/L3/cert.bin does not exist
10-31 00:28:45.340   562 28303 D QSEECOMAPI: : QSEECom_dealloc_memory 
10-31 00:28:45.340   562 28303 D QSEECOMAPI: : QSEECom_shutdown_app, app_id = 1683
10-31 00:28:45.351   562 19051 I WVCdm   : Level3 Library 4445 May 19 2017 17:17:20
10-31 00:28:45.354   562 19051 D QSEECOMAPI: : QSEECom_get_handle sb_length = 0x19000
10-31 00:28:45.355   562 19051 D QSEECOMAPI: : App is not loaded in QSEE
10-31 00:28:45.403   562 19051 D QSEECOMAPI: : Loaded image: APP id = 1684
10-31 00:28:45.407   562 19051 D QSAPPSVER: qsapps_get_capabilities: Capability from secure side: 0x0
10-31 00:28:45.407   562 19051 D QSAPPSVER: qsapps_get_capabilities: returns 0
10-31 00:28:45.407   562 19051 E DrmWidevineDash: sion_buffer g_wv_fhandle->ion_sbuffer  0x0xefae4000
10-31 00:28:45.412   372   376 D DrmLibTime: got the req here! ret=0
10-31 00:28:45.412   372   376 D DrmLibTime: command id, time_cmd_id = 770
10-31 00:28:45.412   372   376 D DrmLibTime: time_getutcsec starts!
10-31 00:28:45.412   372   376 D DrmLibTime: QSEE Time Listener: time_getutcsec
10-31 00:28:45.412   372   376 D DrmLibTime: QSEE Time Listener: get_utc_seconds
10-31 00:28:45.412   372   376 D DrmLibTime: QSEE Time Listener: time_get_modem_time
10-31 00:28:45.412   372   376 D DrmLibTime: QSEE Time Listener: Checking if ATS_MODEM is set or not.
10-31 00:28:45.412   372   376 D QC-time-services: Lib:time_genoff_operation: pargs->base = 13
10-31 00:28:45.412   372   376 D QC-time-services: Lib:time_genoff_operation: pargs->operation = 2
10-31 00:28:45.412   372   376 D QC-time-services: Lib:time_genoff_operation: pargs->ts_val = 0
10-31 00:28:45.412   372   376 D QC-time-services: Lib:time_genoff_operation: Send to server  passed!!
10-31 00:28:45.412   625   647 D QC-time-services: Daemon: Connection accepted:time_genoff
10-31 00:28:45.413   625 15161 D QC-time-services: Daemon:Received base = 13, unit = 1, operation = 2,value = 0
10-31 00:28:45.413   625 15161 D QC-time-services: Daemon:genoff_opr: Base = 13, val = 0, operation = 2
10-31 00:28:45.413   625 15161 D QC-time-services: offset is: 0 for base: 13
10-31 00:28:45.413   372   376 E QC-time-services: Receive Passed == base = 13, unit = 1, operation = 2, result = 0
10-31 00:28:45.413   372   376 D DrmLibTime: QSEE Time Listener: ATS_MODEM is not set. Fallback to Android system time.
10-31 00:28:45.413   372   376 D DrmLibTime: QSEE Time Listener: Retrieved Android system time: 1667172525
10-31 00:28:45.413   372   376 D DrmLibTime: time_getutcsec returns 0, sec = 1667172525; nsec = 0
10-31 00:28:45.413   372   376 D DrmLibTime: time_getutcsec finished! 
10-31 00:28:45.413   372   376 D DrmLibTime: iotcl_continue_command finished! and return 0 
10-31 00:28:45.413   372   376 D DrmLibTime: before calling ioctl to read the next time_cmd
10-31 00:28:45.413   625   647 E QC-time-services: Daemon: Time-services: Waiting to acceptconnection
10-31 00:28:45.440   562 19051 D WVCdm   : OEMCrypto_Initialize Level 1 success. I will use level 1.
10-31 00:28:45.440   562 19051 D WVCdm   : CryptoSession::Open: Lock: requested_security_level: L3
10-31 00:28:45.450 14323 14323 I cr_media: Provisioning origin ID EB90E2B6E6BC5B6BBCCDE9C79BBA2EE3
10-31 00:28:45.454 14323 14323 I MediaDrm: Drm event (1,0)
10-31 00:28:45.454 14323 14323 E cr_media: EventListener: No session for event 1.
10-31 00:28:45.705   562  5487 D QSEECOMAPI: : QSEECom_dealloc_memory 
10-31 00:28:45.706   562  5487 D QSEECOMAPI: : QSEECom_shutdown_app, app_id = 1684
10-31 00:28:45.715 14323 14323 I cr_media: Create MediaDrmBridge with level L1 and origin EB90E2B6E6BC5B6BBCCDE9C79BBA2EE3
10-31 00:28:45.716   361   361 W /system/bin/hwservicemanager: getTransportFromManifest: Cannot find entry android.hardware.drm@1.0::IDrmFactory in either framework or device manifest, using default transport.
10-31 00:28:45.719   562   562 I DrmHal  : makeDrmFactories: using default drm instance
10-31 00:28:45.721   361   361 W /system/bin/hwservicemanager: getTransportFromManifest: Cannot find entry android.hardware.drm@1.0::IDrmFactory in either framework or device manifest, using default transport.
10-31 00:28:45.724   562   644 I DrmHal  : makeDrmFactories: using default drm instance
10-31 00:28:45.726   562 19050 I WVCdm   : CdmEngine::QueryStatus
10-31 00:28:45.726   562 19050 I WVCdm   : Level3 Library 4445 May 19 2017 17:17:20
10-31 00:28:45.730   562 19050 D QSEECOMAPI: : QSEECom_get_handle sb_length = 0x19000
10-31 00:28:45.730   562 19050 D QSEECOMAPI: : App is not loaded in QSEE
10-31 00:28:45.777   562 19050 D QSEECOMAPI: : Loaded image: APP id = 1685
10-31 00:28:45.780   562 19050 D QSAPPSVER: qsapps_get_capabilities: Capability from secure side: 0x0
10-31 00:28:45.780   562 19050 D QSAPPSVER: qsapps_get_capabilities: returns 0
10-31 00:28:45.780   562 19050 E DrmWidevineDash: sion_buffer g_wv_fhandle->ion_sbuffer  0x0xefaaf000
10-31 00:28:45.783   372   376 D DrmLibTime: got the req here! ret=0
10-31 00:28:45.783   372   376 D DrmLibTime: command id, time_cmd_id = 770
10-31 00:28:45.783   372   376 D DrmLibTime: time_getutcsec starts!
10-31 00:28:45.783   372   376 D DrmLibTime: QSEE Time Listener: time_getutcsec
10-31 00:28:45.783   372   376 D DrmLibTime: QSEE Time Listener: get_utc_seconds
10-31 00:28:45.783   372   376 D DrmLibTime: QSEE Time Listener: time_get_modem_time
10-31 00:28:45.783   372   376 D DrmLibTime: QSEE Time Listener: Checking if ATS_MODEM is set or not.
10-31 00:28:45.783   372   376 D QC-time-services: Lib:time_genoff_operation: pargs->base = 13
10-31 00:28:45.783   372   376 D QC-time-services: Lib:time_genoff_operation: pargs->operation = 2
10-31 00:28:45.783   372   376 D QC-time-services: Lib:time_genoff_operation: pargs->ts_val = 0
10-31 00:28:45.783   372   376 D QC-time-services: Lib:time_genoff_operation: Send to server  passed!!
10-31 00:28:45.784   625   647 D QC-time-services: Daemon: Connection accepted:time_genoff
10-31 00:28:45.784   625 15166 D QC-time-services: Daemon:Received base = 13, unit = 1, operation = 2,value = 0
10-31 00:28:45.784   625 15166 D QC-time-services: Daemon:genoff_opr: Base = 13, val = 0, operation = 2
10-31 00:28:45.784   625 15166 D QC-time-services: offset is: 0 for base: 13
10-31 00:28:45.784   372   376 E QC-time-services: Receive Passed == base = 13, unit = 1, operation = 2, result = 0
10-31 00:28:45.784   372   376 D DrmLibTime: QSEE Time Listener: ATS_MODEM is not set. Fallback to Android system time.
10-31 00:28:45.785   372   376 D DrmLibTime: QSEE Time Listener: Retrieved Android system time: 1667172525
10-31 00:28:45.785   372   376 D DrmLibTime: time_getutcsec returns 0, sec = 1667172525; nsec = 0
10-31 00:28:45.785   372   376 D DrmLibTime: time_getutcsec finished! 
10-31 00:28:45.785   372   376 D DrmLibTime: iotcl_continue_command finished! and return 0 
10-31 00:28:45.785   372   376 D DrmLibTime: before calling ioctl to read the next time_cmd
10-31 00:28:45.785   625   647 E QC-time-services: Daemon: Time-services: Waiting to acceptconnection
10-31 00:28:45.821   562 19050 D WVCdm   : OEMCrypto_Initialize Level 1 success. I will use level 1.
10-31 00:28:45.822   562 19050 D QSEECOMAPI: : QSEECom_dealloc_memory 
10-31 00:28:45.822   562 19050 D QSEECOMAPI: : QSEECom_shutdown_app, app_id = 1685
10-31 00:28:45.829   562 19051 I WVCdm   : CdmEngine::OpenSession
10-31 00:28:45.830   562 19051 I WVCdm   : Level3 Library 4445 May 19 2017 17:17:20
10-31 00:28:45.834   562 19051 D QSEECOMAPI: : QSEECom_get_handle sb_length = 0x19000
10-31 00:28:45.834   562 19051 D QSEECOMAPI: : App is not loaded in QSEE
10-31 00:28:45.894   562 19051 D QSEECOMAPI: : Loaded image: APP id = 1686
10-31 00:28:45.899   562 19051 D QSAPPSVER: qsapps_get_capabilities: Capability from secure side: 0x0
10-31 00:28:45.899   562 19051 D QSAPPSVER: qsapps_get_capabilities: returns 0
10-31 00:28:45.899   562 19051 E DrmWidevineDash: sion_buffer g_wv_fhandle->ion_sbuffer  0x0xefaaf000
10-31 00:28:45.902   372   376 D DrmLibTime: got the req here! ret=0
10-31 00:28:45.902   372   376 D DrmLibTime: command id, time_cmd_id = 770
10-31 00:28:45.902   372   376 D DrmLibTime: time_getutcsec starts!
10-31 00:28:45.902   372   376 D DrmLibTime: QSEE Time Listener: time_getutcsec
10-31 00:28:45.902   372   376 D DrmLibTime: QSEE Time Listener: get_utc_seconds
10-31 00:28:45.902   372   376 D DrmLibTime: QSEE Time Listener: time_get_modem_time
10-31 00:28:45.902   372   376 D DrmLibTime: QSEE Time Listener: Checking if ATS_MODEM is set or not.
10-31 00:28:45.902   372   376 D QC-time-services: Lib:time_genoff_operation: pargs->base = 13
10-31 00:28:45.902   372   376 D QC-time-services: Lib:time_genoff_operation: pargs->operation = 2
10-31 00:28:45.902   372   376 D QC-time-services: Lib:time_genoff_operation: pargs->ts_val = 0
10-31 00:28:45.902   372   376 D QC-time-services: Lib:time_genoff_operation: Send to server  passed!!
10-31 00:28:45.902   625   647 D QC-time-services: Daemon: Connection accepted:time_genoff
10-31 00:28:45.902   625 15167 D QC-time-services: Daemon:Received base = 13, unit = 1, operation = 2,value = 0
10-31 00:28:45.903   625 15167 D QC-time-services: Daemon:genoff_opr: Base = 13, val = 0, operation = 2
10-31 00:28:45.903   625 15167 D QC-time-services: offset is: 0 for base: 13
10-31 00:28:45.903   372   376 E QC-time-services: Receive Passed == base = 13, unit = 1, operation = 2, result = 0
10-31 00:28:45.903   372   376 D DrmLibTime: QSEE Time Listener: ATS_MODEM is not set. Fallback to Android system time.
10-31 00:28:45.903   372   376 D DrmLibTime: QSEE Time Listener: Retrieved Android system time: 1667172525
10-31 00:28:45.903   372   376 D DrmLibTime: time_getutcsec returns 0, sec = 1667172525; nsec = 0
10-31 00:28:45.903   372   376 D DrmLibTime: time_getutcsec finished! 
10-31 00:28:45.903   372   376 D DrmLibTime: iotcl_continue_command finished! and return 0 
10-31 00:28:45.903   372   376 D DrmLibTime: before calling ioctl to read the next time_cmd
10-31 00:28:45.903   625   647 E QC-time-services: Daemon: Time-services: Waiting to acceptconnection
10-31 00:28:45.930   562 19051 D WVCdm   : OEMCrypto_Initialize Level 1 success. I will use level 1.
10-31 00:28:45.931   562 19051 D WVCdm   : CryptoSession::Open: Lock: requested_security_level: Default
10-31 00:28:45.934   562 19051 W WVCdm   : DeviceFiles::RetrieveHashedFile: /data/mediadrm/IDM1013/L1/cert.bin does not exist
10-31 00:28:45.935   562 19051 D QSEECOMAPI: : QSEECom_dealloc_memory 
10-31 00:28:45.936   562 19051 D QSEECOMAPI: : QSEECom_shutdown_app, app_id = 1686
10-31 00:28:45.949   562  5487 I WVCdm   : Level3 Library 4445 May 19 2017 17:17:20
10-31 00:28:45.957   562  5487 D QSEECOMAPI: : QSEECom_get_handle sb_length = 0x19000
10-31 00:28:45.957   562  5487 D QSEECOMAPI: : App is not loaded in QSEE
10-31 00:28:46.009   562  5487 D QSEECOMAPI: : Loaded image: APP id = 1687
10-31 00:28:46.013   562  5487 D QSAPPSVER: qsapps_get_capabilities: Capability from secure side: 0x0
10-31 00:28:46.013   562  5487 D QSAPPSVER: qsapps_get_capabilities: returns 0
10-31 00:28:46.013   562  5487 E DrmWidevineDash: sion_buffer g_wv_fhandle->ion_sbuffer  0x0xefaaf000
10-31 00:28:46.017   372   376 D DrmLibTime: got the req here! ret=0
10-31 00:28:46.017   372   376 D DrmLibTime: command id, time_cmd_id = 770
10-31 00:28:46.017   372   376 D DrmLibTime: time_getutcsec starts!
10-31 00:28:46.017   372   376 D DrmLibTime: QSEE Time Listener: time_getutcsec
10-31 00:28:46.017   372   376 D DrmLibTime: QSEE Time Listener: get_utc_seconds
10-31 00:28:46.017   372   376 D DrmLibTime: QSEE Time Listener: time_get_modem_time
10-31 00:28:46.017   372   376 D DrmLibTime: QSEE Time Listener: Checking if ATS_MODEM is set or not.
10-31 00:28:46.017   372   376 D QC-time-services: Lib:time_genoff_operation: pargs->base = 13
10-31 00:28:46.017   372   376 D QC-time-services: Lib:time_genoff_operation: pargs->operation = 2
10-31 00:28:46.017   372   376 D QC-time-services: Lib:time_genoff_operation: pargs->ts_val = 0
10-31 00:28:46.017   372   376 D QC-time-services: Lib:time_genoff_operation: Send to server  passed!!
10-31 00:28:46.017   625   647 D QC-time-services: Daemon: Connection accepted:time_genoff
10-31 00:28:46.017   625 15168 D QC-time-services: Daemon:Received base = 13, unit = 1, operation = 2,value = 0
10-31 00:28:46.017   625 15168 D QC-time-services: Daemon:genoff_opr: Base = 13, val = 0, operation = 2
10-31 00:28:46.017   625 15168 D QC-time-services: offset is: 0 for base: 13
10-31 00:28:46.017   372   376 E QC-time-services: Receive Passed == base = 13, unit = 1, operation = 2, result = 0
10-31 00:28:46.017   372   376 D DrmLibTime: QSEE Time Listener: ATS_MODEM is not set. Fallback to Android system time.
10-31 00:28:46.018   372   376 D DrmLibTime: QSEE Time Listener: Retrieved Android system time: 1667172526
10-31 00:28:46.018   372   376 D DrmLibTime: time_getutcsec returns 0, sec = 1667172526; nsec = 0
10-31 00:28:46.018   372   376 D DrmLibTime: time_getutcsec finished! 
10-31 00:28:46.018   372   376 D DrmLibTime: iotcl_continue_command finished! and return 0 
10-31 00:28:46.018   372   376 D DrmLibTime: before calling ioctl to read the next time_cmd
10-31 00:28:46.018   625   647 E QC-time-services: Daemon: Time-services: Waiting to acceptconnection
10-31 00:28:46.042   562  5487 D WVCdm   : OEMCrypto_Initialize Level 1 success. I will use level 1.
10-31 00:28:46.042   562  5487 D WVCdm   : CryptoSession::Open: Lock: requested_security_level: Default
10-31 00:28:46.110   562  5487 E DrmWidevineDash: OEMCrypto_GenerateSignature : input wrapped_rsa_key == NULL!, return short buffer
10-31 00:28:46.112 14323 14323 I cr_media: Provisioning origin ID EB90E2B6E6BC5B6BBCCDE9C79BBA2EE3
10-31 00:28:46.127 14323 14323 I MediaDrm: Drm event (1,0)
10-31 00:28:46.127 14323 14323 E cr_media: EventListener: No session for event 1.
10-31 00:28:46.147   562   644 E DrmWidevineDash: OEMCrypto_RewrapDeviceRSAKey : input wrapped_rsa_key == NULL!, return short buffer
10-31 00:28:46.161   562   644 D QSEECOMAPI: : QSEECom_dealloc_memory 
10-31 00:28:46.161   562   644 D QSEECOMAPI: : QSEECom_shutdown_app, app_id = 1687
10-31 00:28:46.172 14323 14323 I cr_media: Create MediaDrmBridge with level L3 and origin 1348C88A95BFFF0BFEE1ADD9BEB07CE8
10-31 00:28:46.174   361   361 W /system/bin/hwservicemanager: getTransportFromManifest: Cannot find entry android.hardware.drm@1.0::IDrmFactory in either framework or device manifest, using default transport.
10-31 00:28:46.220   562 19050 I DrmHal  : makeDrmFactories: using default drm instance
10-31 00:28:46.222   361   361 W /system/bin/hwservicemanager: getTransportFromManifest: Cannot find entry android.hardware.drm@1.0::IDrmFactory in either framework or device manifest, using default transport.
10-31 00:28:46.275   562   644 I DrmHal  : makeDrmFactories: using default drm instance
10-31 00:28:46.277   562  5487 D WVCdm   : Instantiating CDM.
10-31 00:28:46.279   562  5487 I WVCdm   : CdmEngine::QueryStatus
10-31 00:28:46.279   562  5487 I WVCdm   : Level3 Library 4445 May 19 2017 17:17:20
10-31 00:28:46.283   562  5487 D QSEECOMAPI: : QSEECom_get_handle sb_length = 0x19000
10-31 00:28:46.284   562  5487 D QSEECOMAPI: : App is not loaded in QSEE
10-31 00:28:46.332   562  5487 D QSEECOMAPI: : Loaded image: APP id = 1688
10-31 00:28:46.337   562  5487 D QSAPPSVER: qsapps_get_capabilities: Capability from secure side: 0x0
10-31 00:28:46.337   562  5487 D QSAPPSVER: qsapps_get_capabilities: returns 0
10-31 00:28:46.337   562  5487 E DrmWidevineDash: sion_buffer g_wv_fhandle->ion_sbuffer  0x0xefadf000
10-31 00:28:46.340   372   376 D DrmLibTime: got the req here! ret=0
10-31 00:28:46.340   372   376 D DrmLibTime: command id, time_cmd_id = 770
10-31 00:28:46.340   372   376 D DrmLibTime: time_getutcsec starts!
10-31 00:28:46.340   372   376 D DrmLibTime: QSEE Time Listener: time_getutcsec
10-31 00:28:46.340   372   376 D DrmLibTime: QSEE Time Listener: get_utc_seconds
10-31 00:28:46.340   372   376 D DrmLibTime: QSEE Time Listener: time_get_modem_time
10-31 00:28:46.340   372   376 D DrmLibTime: QSEE Time Listener: Checking if ATS_MODEM is set or not.
10-31 00:28:46.340   372   376 D QC-time-services: Lib:time_genoff_operation: pargs->base = 13
10-31 00:28:46.340   372   376 D QC-time-services: Lib:time_genoff_operation: pargs->operation = 2
10-31 00:28:46.340   372   376 D QC-time-services: Lib:time_genoff_operation: pargs->ts_val = 0
10-31 00:28:46.341   372   376 D QC-time-services: Lib:time_genoff_operation: Send to server  passed!!
10-31 00:28:46.341   625   647 D QC-time-services: Daemon: Connection accepted:time_genoff
10-31 00:28:46.341   625 15173 D QC-time-services: Daemon:Received base = 13, unit = 1, operation = 2,value = 0
10-31 00:28:46.341   625 15173 D QC-time-services: Daemon:genoff_opr: Base = 13, val = 0, operation = 2
10-31 00:28:46.341   625 15173 D QC-time-services: offset is: 0 for base: 13
10-31 00:28:46.341   372   376 E QC-time-services: Receive Passed == base = 13, unit = 1, operation = 2, result = 0
10-31 00:28:46.341   372   376 D DrmLibTime: QSEE Time Listener: ATS_MODEM is not set. Fallback to Android system time.
10-31 00:28:46.341   372   376 D DrmLibTime: QSEE Time Listener: Retrieved Android system time: 1667172526
10-31 00:28:46.341   372   376 D DrmLibTime: time_getutcsec returns 0, sec = 1667172526; nsec = 0
10-31 00:28:46.341   372   376 D DrmLibTime: time_getutcsec finished! 
10-31 00:28:46.341   372   376 D DrmLibTime: iotcl_continue_command finished! and return 0 
10-31 00:28:46.341   372   376 D DrmLibTime: before calling ioctl to read the next time_cmd
10-31 00:28:46.342   625   647 E QC-time-services: Daemon: Time-services: Waiting to acceptconnection
10-31 00:28:46.377   562  5487 D WVCdm   : OEMCrypto_Initialize Level 1 success. I will use level 1.
10-31 00:28:46.378   562  5487 D QSEECOMAPI: : QSEECom_dealloc_memory 
10-31 00:28:46.378   562  5487 D QSEECOMAPI: : QSEECom_shutdown_app, app_id = 1688
10-31 00:28:46.386   562 28303 I WVCdm   : CdmEngine::OpenSession
10-31 00:28:46.386   562 28303 I WVCdm   : Level3 Library 4445 May 19 2017 17:17:20
10-31 00:28:46.389   562 28303 D QSEECOMAPI: : QSEECom_get_handle sb_length = 0x19000
10-31 00:28:46.389   562 28303 D QSEECOMAPI: : App is not loaded in QSEE
10-31 00:28:46.436   562 28303 D QSEECOMAPI: : Loaded image: APP id = 1689
10-31 00:28:46.442   562 28303 D QSAPPSVER: qsapps_get_capabilities: Capability from secure side: 0x0
10-31 00:28:46.442   562 28303 D QSAPPSVER: qsapps_get_capabilities: returns 0
10-31 00:28:46.442   562 28303 E DrmWidevineDash: sion_buffer g_wv_fhandle->ion_sbuffer  0x0xefadf000
10-31 00:28:46.445   372   376 D DrmLibTime: got the req here! ret=0
10-31 00:28:46.445   372   376 D DrmLibTime: command id, time_cmd_id = 770
10-31 00:28:46.445   372   376 D DrmLibTime: time_getutcsec starts!
10-31 00:28:46.445   372   376 D DrmLibTime: QSEE Time Listener: time_getutcsec
10-31 00:28:46.445   372   376 D DrmLibTime: QSEE Time Listener: get_utc_seconds
10-31 00:28:46.445   372   376 D DrmLibTime: QSEE Time Listener: time_get_modem_time
10-31 00:28:46.445   372   376 D DrmLibTime: QSEE Time Listener: Checking if ATS_MODEM is set or not.
10-31 00:28:46.445   372   376 D QC-time-services: Lib:time_genoff_operation: pargs->base = 13
10-31 00:28:46.446   372   376 D QC-time-services: Lib:time_genoff_operation: pargs->operation = 2
10-31 00:28:46.446   372   376 D QC-time-services: Lib:time_genoff_operation: pargs->ts_val = 0
10-31 00:28:46.446   372   376 D QC-time-services: Lib:time_genoff_operation: Send to server  passed!!
10-31 00:28:46.447   625   647 D QC-time-services: Daemon: Connection accepted:time_genoff
10-31 00:28:46.448   625 15174 D QC-time-services: Daemon:Received base = 13, unit = 1, operation = 2,value = 0
10-31 00:28:46.448   625 15174 D QC-time-services: Daemon:genoff_opr: Base = 13, val = 0, operation = 2
10-31 00:28:46.448   625 15174 D QC-time-services: offset is: 0 for base: 13
10-31 00:28:46.448   372   376 E QC-time-services: Receive Passed == base = 13, unit = 1, operation = 2, result = 0
10-31 00:28:46.448   372   376 D DrmLibTime: QSEE Time Listener: ATS_MODEM is not set. Fallback to Android system time.
10-31 00:28:46.448   372   376 D DrmLibTime: QSEE Time Listener: Retrieved Android system time: 1667172526
10-31 00:28:46.448   372   376 D DrmLibTime: time_getutcsec returns 0, sec = 1667172526; nsec = 0
10-31 00:28:46.448   372   376 D DrmLibTime: time_getutcsec finished! 
10-31 00:28:46.448   372   376 D DrmLibTime: iotcl_continue_command finished! and return 0 
10-31 00:28:46.448   372   376 D DrmLibTime: before calling ioctl to read the next time_cmd
10-31 00:28:46.449   625   647 E QC-time-services: Daemon: Time-services: Waiting to acceptconnection
10-31 00:28:46.489   562 28303 D WVCdm   : OEMCrypto_Initialize Level 1 success. I will use level 1.
10-31 00:28:46.489   562 28303 D WVCdm   : CryptoSession::Open: Lock: requested_security_level: L3
10-31 00:28:46.495   562 28303 W WVCdm   : DeviceFiles::RetrieveHashedFile: /data/mediadrm/IDM1013/L3/cert.bin does not exist
10-31 00:28:46.496   562 28303 D QSEECOMAPI: : QSEECom_dealloc_memory 
10-31 00:28:46.496   562 28303 D QSEECOMAPI: : QSEECom_shutdown_app, app_id = 1689
10-31 00:28:46.504   562 19050 I WVCdm   : Level3 Library 4445 May 19 2017 17:17:20
10-31 00:28:46.516   562 19050 D QSEECOMAPI: : QSEECom_get_handle sb_length = 0x19000
10-31 00:28:46.516   562 19050 D QSEECOMAPI: : App is not loaded in QSEE
10-31 00:28:46.577   562 19050 D QSEECOMAPI: : Loaded image: APP id = 1690
10-31 00:28:46.581   562 19050 D QSAPPSVER: qsapps_get_capabilities: Capability from secure side: 0x0
10-31 00:28:46.582   562 19050 D QSAPPSVER: qsapps_get_capabilities: returns 0
10-31 00:28:46.582   562 19050 E DrmWidevineDash: sion_buffer g_wv_fhandle->ion_sbuffer  0x0xefadf000
10-31 00:28:46.584   372   376 D DrmLibTime: got the req here! ret=0
10-31 00:28:46.584   372   376 D DrmLibTime: command id, time_cmd_id = 770
10-31 00:28:46.584   372   376 D DrmLibTime: time_getutcsec starts!
10-31 00:28:46.584   372   376 D DrmLibTime: QSEE Time Listener: time_getutcsec
10-31 00:28:46.584   372   376 D DrmLibTime: QSEE Time Listener: get_utc_seconds
10-31 00:28:46.584   372   376 D DrmLibTime: QSEE Time Listener: time_get_modem_time
10-31 00:28:46.584   372   376 D DrmLibTime: QSEE Time Listener: Checking if ATS_MODEM is set or not.
10-31 00:28:46.584   372   376 D QC-time-services: Lib:time_genoff_operation: pargs->base = 13
10-31 00:28:46.584   372   376 D QC-time-services: Lib:time_genoff_operation: pargs->operation = 2
10-31 00:28:46.584   372   376 D QC-time-services: Lib:time_genoff_operation: pargs->ts_val = 0
10-31 00:28:46.584   372   376 D QC-time-services: Lib:time_genoff_operation: Send to server  passed!!
10-31 00:28:46.584   625   647 D QC-time-services: Daemon: Connection accepted:time_genoff
10-31 00:28:46.585   625 15175 D QC-time-services: Daemon:Received base = 13, unit = 1, operation = 2,value = 0
10-31 00:28:46.585   625 15175 D QC-time-services: Daemon:genoff_opr: Base = 13, val = 0, operation = 2
10-31 00:28:46.585   625 15175 D QC-time-services: offset is: 0 for base: 13
10-31 00:28:46.585   372   376 E QC-time-services: Receive Passed == base = 13, unit = 1, operation = 2, result = 0
10-31 00:28:46.585   372   376 D DrmLibTime: QSEE Time Listener: ATS_MODEM is not set. Fallback to Android system time.
10-31 00:28:46.585   372   376 D DrmLibTime: QSEE Time Listener: Retrieved Android system time: 1667172526
10-31 00:28:46.585   372   376 D DrmLibTime: time_getutcsec returns 0, sec = 1667172526; nsec = 0
10-31 00:28:46.585   372   376 D DrmLibTime: time_getutcsec finished! 
10-31 00:28:46.585   372   376 D DrmLibTime: iotcl_continue_command finished! and return 0 
10-31 00:28:46.585   372   376 D DrmLibTime: before calling ioctl to read the next time_cmd
10-31 00:28:46.585   625   647 E QC-time-services: Daemon: Time-services: Waiting to acceptconnection
10-31 00:28:46.610   562 19050 D WVCdm   : OEMCrypto_Initialize Level 1 success. I will use level 1.
10-31 00:28:46.610   562 19050 D WVCdm   : CryptoSession::Open: Lock: requested_security_level: L3
10-31 00:28:46.624 14323 14323 I cr_media: Provisioning origin ID 1348C88A95BFFF0BFEE1ADD9BEB07CE8
10-31 00:28:46.626 14323 14323 I MediaDrm: Drm event (1,0)
10-31 00:28:46.627 14323 14323 E cr_media: EventListener: No session for event 1.
10-31 00:28:46.652 15176 15176 E /system/bin/webview_zygote32: failed to make and chown /acct/uid_99544: Permission denied
10-31 00:28:46.652 15176 15176 E Zygote  : createProcessGroup(99544, 0) failed: Permission denied
10-31 00:28:46.654   772   996 I ActivityManager: Start proc 15176:com.android.chrome:sandboxed_process27/u0i544 for webview_service com.android.chrome/org.chromium.content.app.SandboxedProcessService27
10-31 00:28:46.675   562   644 D QSEECOMAPI: : QSEECom_dealloc_memory 
10-31 00:28:46.675   562   644 D QSEECOMAPI: : QSEECom_shutdown_app, app_id = 1690
10-31 00:28:46.677 15176 15176 I SamplingProfilerIntegration: Profiling disabled.
10-31 00:28:46.685 14323 14323 I cr_media: Create MediaDrmBridge with level L1 and origin 1348C88A95BFFF0BFEE1ADD9BEB07CE8
10-31 00:28:46.687   361   361 W /system/bin/hwservicemanager: getTransportFromManifest: Cannot find entry android.hardware.drm@1.0::IDrmFactory in either framework or device manifest, using default transport.
10-31 00:28:46.690   562 19051 I DrmHal  : makeDrmFactories: using default drm instance
10-31 00:28:46.693   361   361 W /system/bin/hwservicemanager: getTransportFromManifest: Cannot find entry android.hardware.drm@1.0::IDrmFactory in either framework or device manifest, using default transport.
10-31 00:28:46.696   562   562 I DrmHal  : makeDrmFactories: using default drm instance
10-31 00:28:46.697 15193 15193 E asset   : setgid: Operation not permitted
10-31 00:28:46.697   562 19051 I WVCdm   : CdmEngine::QueryStatus
10-31 00:28:46.697   562 19051 I WVCdm   : Level3 Library 4445 May 19 2017 17:17:20
10-31 00:28:46.701   562 19051 D QSEECOMAPI: : QSEECom_get_handle sb_length = 0x19000
10-31 00:28:46.701   562 19051 D QSEECOMAPI: : App is not loaded in QSEE
10-31 00:28:46.727 15176 15176 I cr_SplitCompatApp: Launched version=106.0.5249.79 minSdkVersion=24 isBundle=true processName=com.android.chrome:sandboxed_process27 isIsolated=true
10-31 00:28:46.734 15176 15176 W SystemServiceRegistry: No service published for: uimode
10-31 00:28:46.743 15176 15176 I cr_ChildProcessService: Creating new ChildProcessService pid=15176
10-31 00:28:46.751   562 19051 D QSEECOMAPI: : Loaded image: APP id = 1691
10-31 00:28:46.753 15176 15176 E WebViewFactory: can't load with relro file; address space not reserved
10-31 00:28:46.755   562 19051 D QSAPPSVER: qsapps_get_capabilities: Capability from secure side: 0x0
10-31 00:28:46.755   562 19051 D QSAPPSVER: qsapps_get_capabilities: returns 0
10-31 00:28:46.755   562 19051 E DrmWidevineDash: sion_buffer g_wv_fhandle->ion_sbuffer  0x0xefaaf000
10-31 00:28:46.759   372   376 D DrmLibTime: got the req here! ret=0
10-31 00:28:46.759   372   376 D DrmLibTime: command id, time_cmd_id = 770
10-31 00:28:46.759   372   376 D DrmLibTime: time_getutcsec starts!
10-31 00:28:46.759   372   376 D DrmLibTime: QSEE Time Listener: time_getutcsec
10-31 00:28:46.759   372   376 D DrmLibTime: QSEE Time Listener: get_utc_seconds
10-31 00:28:46.759   372   376 D DrmLibTime: QSEE Time Listener: time_get_modem_time
10-31 00:28:46.759   372   376 D DrmLibTime: QSEE Time Listener: Checking if ATS_MODEM is set or not.
10-31 00:28:46.759   372   376 D QC-time-services: Lib:time_genoff_operation: pargs->base = 13
10-31 00:28:46.759   372   376 D QC-time-services: Lib:time_genoff_operation: pargs->operation = 2
10-31 00:28:46.759   372   376 D QC-time-services: Lib:time_genoff_operation: pargs->ts_val = 0
10-31 00:28:46.759   372   376 D QC-time-services: Lib:time_genoff_operation: Send to server  passed!!
10-31 00:28:46.759   625   647 D QC-time-services: Daemon: Connection accepted:time_genoff
10-31 00:28:46.760   625 15195 D QC-time-services: Daemon:Received base = 13, unit = 1, operation = 2,value = 0
10-31 00:28:46.760   625 15195 D QC-time-services: Daemon:genoff_opr: Base = 13, val = 0, operation = 2
10-31 00:28:46.760   625 15195 D QC-time-services: offset is: 0 for base: 13
10-31 00:28:46.760   372   376 E QC-time-services: Receive Passed == base = 13, unit = 1, operation = 2, result = 0
10-31 00:28:46.760   372   376 D DrmLibTime: QSEE Time Listener: ATS_MODEM is not set. Fallback to Android system time.
10-31 00:28:46.760   372   376 D DrmLibTime: QSEE Time Listener: Retrieved Android system time: 1667172526
10-31 00:28:46.760   372   376 D DrmLibTime: time_getutcsec returns 0, sec = 1667172526; nsec = 0
10-31 00:28:46.760   372   376 D DrmLibTime: time_getutcsec finished! 
10-31 00:28:46.760   372   376 D DrmLibTime: iotcl_continue_command finished! and return 0 
10-31 00:28:46.760   372   376 D DrmLibTime: before calling ioctl to read the next time_cmd
10-31 00:28:46.760   625   647 E QC-time-services: Daemon: Time-services: Waiting to acceptconnection
10-31 00:28:46.765 15176 15194 I cr_LibraryLoader: Successfully loaded native library
10-31 00:28:46.766 15176 15194 I cr_CachingUmaRecorder: Flushed 3 samples from 3 histograms.
10-31 00:28:46.795   562 19051 D WVCdm   : OEMCrypto_Initialize Level 1 success. I will use level 1.
10-31 00:28:46.797   562 19051 D QSEECOMAPI: : QSEECom_dealloc_memory 
10-31 00:28:46.797   562 19051 D QSEECOMAPI: : QSEECom_shutdown_app, app_id = 1691
10-31 00:28:46.803 15199 15199 W ThreadPoolForeg: type=1400 audit(0.0:12346): avc: denied { setattr } for name="LICENSE.txt" dev="dm-2" ino=1505027 scontext=u:r:isolated_app:s0:c512,c768 tcontext=u:object_r:app_data_file:s0:c512,c768 tclass=file permissive=0
10-31 00:28:46.806   562 28303 I WVCdm   : CdmEngine::OpenSession
10-31 00:28:46.806   562 28303 I WVCdm   : Level3 Library 4445 May 19 2017 17:17:20
10-31 00:28:46.807 15199 15199 W ThreadPoolForeg: type=1400 audit(0.0:12347): avc: denied { setattr } for name=46696C746572696E672052756C6573 dev="dm-2" ino=1505028 scontext=u:r:isolated_app:s0:c512,c768 tcontext=u:object_r:app_data_file:s0:c512,c768 tclass=file permissive=0
10-31 00:28:46.810 15199 15199 W ThreadPoolForeg: type=1400 audit(0.0:12348): avc: denied { setattr } for name="manifest.json" dev="dm-2" ino=1505029 scontext=u:r:isolated_app:s0:c512,c768 tcontext=u:object_r:app_data_file:s0:c512,c768 tclass=file permissive=0
10-31 00:28:46.810   562 28303 D QSEECOMAPI: : QSEECom_get_handle sb_length = 0x19000
10-31 00:28:46.810   562 28303 D QSEECOMAPI: : App is not loaded in QSEE
10-31 00:28:46.813 15199 15199 W ThreadPoolForeg: type=1400 audit(0.0:12349): avc: denied { setattr } for name="verified_contents.json" dev="dm-2" ino=1505032 scontext=u:r:isolated_app:s0:c512,c768 tcontext=u:object_r:app_data_file:s0:c512,c768 tclass=file permissive=0
10-31 00:28:46.825 15176 15194 I chromium: [INFO:child_process_service.cc(69)] ChildProcessService: Exiting child process.
10-31 00:28:46.828   422   422 E lowmemorykiller: Error writing /proc/15176/oom_score_adj; errno=22
10-31 00:28:46.829   772   996 I ActivityManager: Killing 15176:com.android.chrome:sandboxed_process27/u0a60i544 (adj 0): isolated not needed
10-31 00:28:46.829   772   790 W zygote64: failed to open /acct/uid_99544/pid_15176/cgroup.procs: No such file or directory
10-31 00:28:46.856   562 28303 D QSEECOMAPI: : Loaded image: APP id = 1692
10-31 00:28:46.859   562 28303 D QSAPPSVER: qsapps_get_capabilities: Capability from secure side: 0x0
10-31 00:28:46.859   562 28303 D QSAPPSVER: qsapps_get_capabilities: returns 0
10-31 00:28:46.859   562 28303 E DrmWidevineDash: sion_buffer g_wv_fhandle->ion_sbuffer  0x0xefaaf000
10-31 00:28:46.862   372   376 D DrmLibTime: got the req here! ret=0
10-31 00:28:46.862   372   376 D DrmLibTime: command id, time_cmd_id = 770
10-31 00:28:46.862   372   376 D DrmLibTime: time_getutcsec starts!
10-31 00:28:46.862   372   376 D DrmLibTime: QSEE Time Listener: time_getutcsec
10-31 00:28:46.862   372   376 D DrmLibTime: QSEE Time Listener: get_utc_seconds
10-31 00:28:46.862   372   376 D DrmLibTime: QSEE Time Listener: time_get_modem_time
10-31 00:28:46.862   372   376 D DrmLibTime: QSEE Time Listener: Checking if ATS_MODEM is set or not.
10-31 00:28:46.862   372   376 D QC-time-services: Lib:time_genoff_operation: pargs->base = 13
10-31 00:28:46.862   372   376 D QC-time-services: Lib:time_genoff_operation: pargs->operation = 2
10-31 00:28:46.862   372   376 D QC-time-services: Lib:time_genoff_operation: pargs->ts_val = 0
10-31 00:28:46.862   372   376 D QC-time-services: Lib:time_genoff_operation: Send to server  passed!!
10-31 00:28:46.862   625   647 D QC-time-services: Daemon: Connection accepted:time_genoff
10-31 00:28:46.862   625 15202 D QC-time-services: Daemon:Received base = 13, unit = 1, operation = 2,value = 0
10-31 00:28:46.862   625 15202 D QC-time-services: Daemon:genoff_opr: Base = 13, val = 0, operation = 2
10-31 00:28:46.862   625 15202 D QC-time-services: offset is: 0 for base: 13
10-31 00:28:46.862   372   376 E QC-time-services: Receive Passed == base = 13, unit = 1, operation = 2, result = 0
10-31 00:28:46.863   372   376 D DrmLibTime: QSEE Time Listener: ATS_MODEM is not set. Fallback to Android system time.
10-31 00:28:46.863   372   376 D DrmLibTime: QSEE Time Listener: Retrieved Android system time: 1667172526
10-31 00:28:46.863   372   376 D DrmLibTime: time_getutcsec returns 0, sec = 1667172526; nsec = 0
10-31 00:28:46.863   372   376 D DrmLibTime: time_getutcsec finished! 
10-31 00:28:46.863   372   376 D DrmLibTime: iotcl_continue_command finished! and return 0 
10-31 00:28:46.863   372   376 D DrmLibTime: before calling ioctl to read the next time_cmd
10-31 00:28:46.863   625   647 E QC-time-services: Daemon: Time-services: Waiting to acceptconnection
10-31 00:28:46.898   562 28303 D WVCdm   : OEMCrypto_Initialize Level 1 success. I will use level 1.
10-31 00:28:46.898   562 28303 D WVCdm   : CryptoSession::Open: Lock: requested_security_level: Default
10-31 00:28:46.900   562 28303 W WVCdm   : DeviceFiles::RetrieveHashedFile: /data/mediadrm/IDM1013/L1/cert.bin does not exist
10-31 00:28:46.901   562 28303 D QSEECOMAPI: : QSEECom_dealloc_memory 
10-31 00:28:46.901   562 28303 D QSEECOMAPI: : QSEECom_shutdown_app, app_id = 1692
10-31 00:28:46.908   562   644 I WVCdm   : Level3 Library 4445 May 19 2017 17:17:20
10-31 00:28:46.910   562   644 D QSEECOMAPI: : QSEECom_get_handle sb_length = 0x19000
10-31 00:28:46.911   562   644 D QSEECOMAPI: : App is not loaded in QSEE
10-31 00:28:46.960   562   644 D QSEECOMAPI: : Loaded image: APP id = 1693
10-31 00:28:46.963   562   644 D QSAPPSVER: qsapps_get_capabilities: Capability from secure side: 0x0
10-31 00:28:46.963   562   644 D QSAPPSVER: qsapps_get_capabilities: returns 0
10-31 00:28:46.963   562   644 E DrmWidevineDash: sion_buffer g_wv_fhandle->ion_sbuffer  0x0xefaaf000
10-31 00:28:46.971   372   376 D DrmLibTime: got the req here! ret=0
10-31 00:28:46.971   372   376 D DrmLibTime: command id, time_cmd_id = 770
10-31 00:28:46.971   372   376 D DrmLibTime: time_getutcsec starts!
10-31 00:28:46.971   372   376 D DrmLibTime: QSEE Time Listener: time_getutcsec
10-31 00:28:46.971   372   376 D DrmLibTime: QSEE Time Listener: get_utc_seconds
10-31 00:28:46.971   372   376 D DrmLibTime: QSEE Time Listener: time_get_modem_time
10-31 00:28:46.971   372   376 D DrmLibTime: QSEE Time Listener: Checking if ATS_MODEM is set or not.
10-31 00:28:46.971   372   376 D QC-time-services: Lib:time_genoff_operation: pargs->base = 13
10-31 00:28:46.971   372   376 D QC-time-services: Lib:time_genoff_operation: pargs->operation = 2
10-31 00:28:46.971   372   376 D QC-time-services: Lib:time_genoff_operation: pargs->ts_val = 0
10-31 00:28:46.971   372   376 D QC-time-services: Lib:time_genoff_operation: Send to server  passed!!
10-31 00:28:46.971   625   647 D QC-time-services: Daemon: Connection accepted:time_genoff
10-31 00:28:46.971   625 15203 D QC-time-services: Daemon:Received base = 13, unit = 1, operation = 2,value = 0
10-31 00:28:46.971   625 15203 D QC-time-services: Daemon:genoff_opr: Base = 13, val = 0, operation = 2
10-31 00:28:46.971   625 15203 D QC-time-services: offset is: 0 for base: 13
10-31 00:28:46.972   372   376 E QC-time-services: Receive Passed == base = 13, unit = 1, operation = 2, result = 0
10-31 00:28:46.972   372   376 D DrmLibTime: QSEE Time Listener: ATS_MODEM is not set. Fallback to Android system time.
10-31 00:28:46.972   372   376 D DrmLibTime: QSEE Time Listener: Retrieved Android system time: 1667172526
10-31 00:28:46.972   372   376 D DrmLibTime: time_getutcsec returns 0, sec = 1667172526; nsec = 0
10-31 00:28:46.972   372   376 D DrmLibTime: time_getutcsec finished! 
10-31 00:28:46.972   372   376 D DrmLibTime: iotcl_continue_command finished! and return 0 
10-31 00:28:46.972   372   376 D DrmLibTime: before calling ioctl to read the next time_cmd
10-31 00:28:46.972   625   647 E QC-time-services: Daemon: Time-services: Waiting to acceptconnection
10-31 00:28:46.998   562   644 D WVCdm   : OEMCrypto_Initialize Level 1 success. I will use level 1.
10-31 00:28:46.998   562   644 D WVCdm   : CryptoSession::Open: Lock: requested_security_level: Default
10-31 00:28:47.077   562   644 E DrmWidevineDash: OEMCrypto_GenerateSignature : input wrapped_rsa_key == NULL!, return short buffer
10-31 00:28:47.079 14323 14323 I cr_media: Provisioning origin ID 1348C88A95BFFF0BFEE1ADD9BEB07CE8
10-31 00:28:47.083 14323 14323 W chromium: [WARNING:compositor_view.cc(342)] Child process died (type=6) pid=15176)
10-31 00:28:47.088 14323 14323 I MediaDrm: Drm event (1,0)
10-31 00:28:47.089 14323 14323 E cr_media: EventListener: No session for event 1.
10-31 00:28:47.110   562   562 E DrmWidevineDash: OEMCrypto_RewrapDeviceRSAKey : input wrapped_rsa_key == NULL!, return short buffer
10-31 00:28:47.129   562   562 D QSEECOMAPI: : QSEECom_dealloc_memory 
10-31 00:28:47.129   562   562 D QSEECOMAPI: : QSEECom_shutdown_app, app_id = 1693
10-31 00:28:48.611 15204 15204 E /system/bin/webview_zygote32: failed to make and chown /acct/uid_99545: Permission denied
10-31 00:28:48.611 15204 15204 E Zygote  : createProcessGroup(99545, 0) failed: Permission denied
10-31 00:28:48.614   772   785 I ActivityManager: Start proc 15204:com.android.chrome:sandboxed_process28/u0i545 for webview_service com.android.chrome/org.chromium.content.app.SandboxedProcessService28
10-31 00:28:48.633 15204 15204 I SamplingProfilerIntegration: Profiling disabled.
10-31 00:28:48.657 15217 15217 E asset   : setgid: Operation not permitted
10-31 00:28:48.694 15204 15204 I cr_SplitCompatApp: Launched version=106.0.5249.79 minSdkVersion=24 isBundle=true processName=com.android.chrome:sandboxed_process28 isIsolated=true
10-31 00:28:48.702 15204 15204 W SystemServiceRegistry: No service published for: uimode
10-31 00:28:48.713 15204 15204 I cr_ChildProcessService: Creating new ChildProcessService pid=15204
10-31 00:28:48.730 15204 15204 E WebViewFactory: can't load with relro file; address space not reserved
10-31 00:28:48.742 15204 15218 I cr_LibraryLoader: Successfully loaded native library
10-31 00:28:48.743 15204 15218 I cr_CachingUmaRecorder: Flushed 3 samples from 3 histograms.
10-31 00:28:48.833 15223 15223 W ThreadPoolForeg: type=1400 audit(0.0:12350): avc: denied { setattr } for name="tl_en-us_2022-10-24_484508980_100000_index.bin" dev="dm-2" ino=1505052 scontext=u:r:isolated_app:s0:c512,c768 tcontext=u:object_r:app_data_file:s0:c512,c768 tclass=file permissive=0
