10-31 00:27:52.405 14323 14323 W ResourceType: Failure getting entry for 0x7f010828 (t=0 e=2088) (error -75)
10-31 00:27:52.410 14637 14650 I /system/bin/webview_zygote32: Background concurrent copying GC freed 3900(1304KB) AllocSpace objects, 3(76KB) LOS objects, 92% free, 128KB/1664KB, paused 5.578ms total 32.006ms
10-31 00:27:52.418 14693 14693 I cr_SplitCompatApp: Launched version=106.0.5249.79 minSdkVersion=24 isBundle=true processName=com.android.chrome:sandboxed_process10 isIsolated=true
10-31 00:27:52.422 14323 14323 W ResourceType: Failure getting entry for 0x7f010827 (t=0 e=2087) (error -75)
10-31 00:27:52.425 14693 14693 W SystemServiceRegistry: No service published for: uimode
10-31 00:27:52.432 14693 14693 I cr_ChildProcessService: Creating new ChildProcessService pid=14693
10-31 00:27:52.439 14693 14693 E WebViewFactory: can't load with relro file; address space not reserved
10-31 00:27:52.450 14693 14734 I cr_LibraryLoader: Successfully loaded native library
10-31 00:27:52.451 14693 14734 I cr_CachingUmaRecorder: Flushed 3 samples from 3 histograms.
10-31 00:27:52.452 14323 14388 I cr_VrCoreVersionChecker: Unable to find VrCore.
10-31 00:27:52.469 14616 14708 I chromium: [INFO:child_process_service.cc(69)] ChildProcessService: Exiting child process.
10-31 00:27:52.470 14637 14710 I chromium: [INFO:child_process_service.cc(69)] ChildProcessService: Exiting child process.
10-31 00:27:52.471 14608 14698 I chromium: [INFO:child_process_service.cc(69)] ChildProcessService: Exiting child process.
10-31 00:27:52.472   422   422 E lowmemorykiller: Error writing /proc/14616/oom_score_adj; errno=22
10-31 00:27:52.473   772 20193 I ActivityManager: Killing 14616:com.android.chrome:sandboxed_process8/u0a60i525 (adj 0): isolated not needed
10-31 00:27:52.473   772   790 W zygote64: failed to open /acct/uid_99525/pid_14616/cgroup.procs: No such file or directory
10-31 00:27:52.475   422   422 E lowmemorykiller: Error writing /proc/14637/oom_score_adj; errno=22
10-31 00:27:52.477   772  1259 I ActivityManager: Killing 14637:com.android.chrome:sandboxed_process9/u0a60i526 (adj 0): isolated not needed
10-31 00:27:52.484   772   790 W zygote64: failed to open /acct/uid_99526/pid_14637/cgroup.procs: No such file or directory
10-31 00:27:52.492 14323 14323 W chromium: [WARNING:compositor_view.cc(342)] Child process died (type=6) pid=14608)
10-31 00:27:52.496 14742 14742 E /system/bin/webview_zygote32: failed to make and chown /acct/uid_99528: Permission denied
10-31 00:27:52.496 14742 14742 E Zygote  : createProcessGroup(99528, 0) failed: Permission denied
10-31 00:27:52.500   772   996 I ActivityManager: Start proc 14742:com.android.chrome:sandboxed_process11/u0i528 for webview_service com.android.chrome/org.chromium.content.app.SandboxedProcessService11
10-31 00:27:52.501   772 13022 I ActivityManager: Process com.android.chrome:sandboxed_process7 (pid 14608) has died: vis  TOP 
10-31 00:27:52.501   772 13022 W ActivityManager: Scheduling restart of crashed service com.android.chrome/org.chromium.content.app.SandboxedProcessService7 in 1000ms
10-31 00:27:52.502   772   790 W zygote64: failed to open /acct/uid_99524/pid_14608/cgroup.procs: No such file or directory
10-31 00:27:52.511 14323 14323 W chromium: [WARNING:compositor_view.cc(342)] Child process died (type=6) pid=14616)
10-31 00:27:52.513 14323 14323 W chromium: [WARNING:compositor_view.cc(342)] Child process died (type=6) pid=14637)
10-31 00:27:52.517 14693 14734 I chromium: [INFO:child_process_service.cc(69)] ChildProcessService: Exiting child process.
10-31 00:27:52.521   422   422 E lowmemorykiller: Error writing /proc/14693/oom_score_adj; errno=22
10-31 00:27:52.521   772  1324 I ActivityManager: Killing 14693:com.android.chrome:sandboxed_process10/u0a60i527 (adj 0): isolated not needed
10-31 00:27:52.522   772   790 W zygote64: failed to open /acct/uid_99527/pid_14693/cgroup.procs: No such file or directory
10-31 00:27:52.522 14323 14323 I Choreographer: Skipped 57 frames!  The application may be doing too much work on its main thread.
10-31 00:27:52.528 14742 14742 I SamplingProfilerIntegration: Profiling disabled.
10-31 00:27:52.550 14755 14755 E asset   : setgid: Operation not permitted
10-31 00:27:52.552 14323 14323 W StaticLayout: maxLineHeight should not be -1.  maxLines:1 lineCount:1
10-31 00:27:52.588 14742 14742 I cr_SplitCompatApp: Launched version=106.0.5249.79 minSdkVersion=24 isBundle=true processName=com.android.chrome:sandboxed_process11 isIsolated=true
10-31 00:27:52.594 14742 14742 W SystemServiceRegistry: No service published for: uimode
10-31 00:27:52.605 14742 14742 I cr_ChildProcessService: Creating new ChildProcessService pid=14742
10-31 00:27:52.618 14742 14742 E WebViewFactory: can't load with relro file; address space not reserved
10-31 00:27:52.623 14323 14323 W chromium: [WARNING:compositor_view.cc(342)] Child process died (type=6) pid=14693)
10-31 00:27:52.630   772   797 I ActivityManager: Displayed com.android.chrome/com.google.android.apps.chrome.Main: +1s286ms
10-31 00:27:52.632 14742 14757 I cr_LibraryLoader: Successfully loaded native library
10-31 00:27:52.633 14742 14757 I cr_CachingUmaRecorder: Flushed 3 samples from 3 histograms.
10-31 00:27:52.689 14742 14757 I chromium: [INFO:child_process_service.cc(69)] ChildProcessService: Exiting child process.
10-31 00:27:52.697   422   422 E lowmemorykiller: Error writing /proc/14742/oom_score_adj; errno=22
10-31 00:27:52.698   772  1259 I ActivityManager: Killing 14742:com.android.chrome:sandboxed_process11/u0a60i528 (adj 0): isolated not needed
10-31 00:27:52.698   772   790 W zygote64: failed to open /acct/uid_99528/pid_14742/cgroup.procs: No such file or directory
10-31 00:27:52.718 14323 14323 W chromium: [WARNING:compositor_view.cc(342)] Child process died (type=6) pid=14742)
10-31 00:27:52.737 14770 14770 E /system/bin/webview_zygote32: failed to make and chown /acct/uid_99529: Permission denied
10-31 00:27:52.737 14770 14770 E Zygote  : createProcessGroup(99529, 0) failed: Permission denied
10-31 00:27:52.739   772 10894 I ActivityManager: Start proc 14770:com.android.chrome:sandboxed_process12/u0i529 for webview_service com.android.chrome/org.chromium.content.app.SandboxedProcessService12
10-31 00:27:52.766 14770 14770 I SamplingProfilerIntegration: Profiling disabled.
10-31 00:27:52.771 14323 14382 W cr_CrashFileManager: /data/user/0/com.android.chrome/cache/Crash Reports does not exist or is not a directory
10-31 00:27:52.771   772  1259 I ActivityManager: Start proc 14783:com.android.chrome:sandboxed_process13/u0i530 for webview_service com.android.chrome/org.chromium.content.app.SandboxedProcessService13
10-31 00:27:52.771 14323 14382 I chatty  : uid=10060(u0_a60) identical 1 line
10-31 00:27:52.771 14323 14382 W cr_CrashFileManager: /data/user/0/com.android.chrome/cache/Crash Reports does not exist or is not a directory
10-31 00:27:52.772 14783 14783 E /system/bin/webview_zygote32: failed to make and chown /acct/uid_99530: Permission denied
10-31 00:27:52.772 14783 14783 E Zygote  : createProcessGroup(99530, 0) failed: Permission denied
10-31 00:27:52.785 14323 14360 I cr_BindingManager: Moderate binding enabled: maxSize=40
10-31 00:27:52.798 14044 14056 W DynamiteModule: Local module descriptor class for com.google.android.gms.googlecertificates not found.
10-31 00:27:52.808 14797 14797 E asset   : setgid: Operation not permitted
10-31 00:27:52.822 14783 14783 I SamplingProfilerIntegration: Profiling disabled.
10-31 00:27:52.854 14044 14044 E WorkerRegistryImpl: getWorker() is called after WorkerRegistry disposal.
10-31 00:27:52.854 14044 14044 E WorkerRegistryImpl: getWorker() is called after WorkerRegistry disposal.
10-31 00:27:52.879 14770 14770 I cr_SplitCompatApp: Launched version=106.0.5249.79 minSdkVersion=24 isBundle=true processName=com.android.chrome:sandboxed_process12 isIsolated=true
10-31 00:27:52.881 14809 14809 E asset   : setgid: Operation not permitted
10-31 00:27:52.886 14770 14770 W SystemServiceRegistry: No service published for: uimode
10-31 00:27:52.898 14770 14770 I cr_ChildProcessService: Creating new ChildProcessService pid=14770
10-31 00:27:52.906 14770 14770 E WebViewFactory: can't load with relro file; address space not reserved
10-31 00:27:52.917 14783 14783 I cr_SplitCompatApp: Launched version=106.0.5249.79 minSdkVersion=24 isBundle=true processName=com.android.chrome:sandboxed_process13 isIsolated=true
10-31 00:27:52.920   772  3041 I ActivityManager: START u0 {act=android.intent.action.VIEW dat=http://192.168.178.178:5500/... flg=0x10000000 cmp=com.android.chrome/com.google.android.apps.chrome.Main} from uid 2000
10-31 00:27:52.924 14783 14783 W SystemServiceRegistry: No service published for: uimode
10-31 00:27:52.927 14770 14810 I cr_LibraryLoader: Successfully loaded native library
10-31 00:27:52.930 14783 14783 I cr_ChildProcessService: Creating new ChildProcessService pid=14783
10-31 00:27:52.931 14770 14810 I cr_CachingUmaRecorder: Flushed 3 samples from 3 histograms.
10-31 00:27:52.944 14783 14783 E WebViewFactory: can't load with relro file; address space not reserved
10-31 00:27:52.957 14783 14814 I cr_LibraryLoader: Successfully loaded native library
10-31 00:27:52.958 14783 14814 I cr_CachingUmaRecorder: Flushed 3 samples from 3 histograms.
10-31 00:27:52.988 14323 14323 E cr_IntentUtils: getInt failed on bundle null
10-31 00:27:52.990 14323 14323 E ResourceType: Style contains key with bad entry: 0x0101062c
10-31 00:27:53.001 14044 14056 I DynamiteModule: Considering local module com.google.android.gms.googlecertificates:0 and remote module com.google.android.gms.googlecertificates:7
10-31 00:27:53.002 14044 14056 I DynamiteModule: Selected remote version of com.google.android.gms.googlecertificates, version >= 7
10-31 00:27:53.017   772  3854 I ActivityManager: Start proc 14832:com.android.chrome:sandboxed_process14/u0i531 for webview_service com.android.chrome/org.chromium.content.app.SandboxedProcessService14
10-31 00:27:53.020 14323 14323 I cr_tabmodel: Appending tabs being restored to metadata lists, 0, startingNormalCount: 2, startingIncognitoCount: 0
10-31 00:27:53.020 14323 14323 I cr_tabmodel: Serializing tab lists; counts: 2, 0
10-31 00:27:53.020 14832 14832 E /system/bin/webview_zygote32: failed to make and chown /acct/uid_99531: Permission denied
10-31 00:27:53.020 14832 14832 E Zygote  : createProcessGroup(99531, 0) failed: Permission denied
10-31 00:27:53.044 14832 14832 I SamplingProfilerIntegration: Profiling disabled.
10-31 00:27:53.054 14323 14323 I cr_OfflineDetector: Running updateState mConnectivityDetectorInitialized: true, mTimeWhenLastForegrounded: 1048527221, getElapsedTime: 1048527221, mTimeWhenLastOfflineNotificationReceived: 0, mTimeWhenLastOnline: 1048526203, mApplicationState: 1, mIsOfflineLastReportedByConnectivityDetector: false, mIsEffectivelyOffline: false
10-31 00:27:53.054 14323 14323 I cr_OfflineDetector: updateState(): timeSinceLastForeground: 0, timeSinceOfflineNotificationReceived: 1048527221, timeSinceLastOnline: 1018, timeNeededForForeground: 2000, timeNeededForOffline: -1048525221
10-31 00:27:53.062 14848 14848 E asset   : setgid: Operation not permitted
10-31 00:27:53.078 14770 14810 I chromium: [INFO:child_process_service.cc(69)] ChildProcessService: Exiting child process.
10-31 00:27:53.080 14783 14814 I chromium: [INFO:child_process_service.cc(69)] ChildProcessService: Exiting child process.
10-31 00:27:53.080   422   422 E lowmemorykiller: Error writing /proc/14770/oom_score_adj; errno=22
10-31 00:27:53.081   772   996 I ActivityManager: Killing 14770:com.android.chrome:sandboxed_process12/u0a60i529 (adj 0): isolated not needed
10-31 00:27:53.082   772   790 W zygote64: failed to open /acct/uid_99529/pid_14770/cgroup.procs: No such file or directory
10-31 00:27:53.083   422   422 E lowmemorykiller: Error writing /proc/14783/oom_score_adj; errno=22
10-31 00:27:53.084   772 10895 I ActivityManager: Killing 14783:com.android.chrome:sandboxed_process13/u0a60i530 (adj 0): isolated not needed
10-31 00:27:53.088   772   790 W zygote64: failed to open /acct/uid_99530/pid_14783/cgroup.procs: No such file or directory
10-31 00:27:53.100 14850 14850 E /system/bin/webview_zygote32: failed to make and chown /acct/uid_99532: Permission denied
10-31 00:27:53.100 14850 14850 E Zygote  : createProcessGroup(99532, 0) failed: Permission denied
10-31 00:27:53.102 14323 14323 W ResourceType: Failure getting entry for 0x7f010216 (t=0 e=534) (error -75)
10-31 00:27:53.103 14323 14323 W ResourceType: Failure getting entry for 0x7f0107c9 (t=0 e=1993) (error -75)
10-31 00:27:53.106   772 13022 I ActivityManager: Start proc 14850:com.android.chrome:sandboxed_process15/u0i532 for webview_service com.android.chrome/org.chromium.content.app.SandboxedProcessService15
10-31 00:27:53.113 14832 14832 I cr_SplitCompatApp: Launched version=106.0.5249.79 minSdkVersion=24 isBundle=true processName=com.android.chrome:sandboxed_process14 isIsolated=true
10-31 00:27:53.123 14832 14832 W SystemServiceRegistry: No service published for: uimode
10-31 00:27:53.130 14044 14056 W zygote64: Skipping duplicate class check due to unrecognized classloader
10-31 00:27:53.134   772 20193 I ActivityManager: Start proc 14865:com.android.chrome:sandboxed_process16/u0i533 for webview_service com.android.chrome/org.chromium.content.app.SandboxedProcessService16
10-31 00:27:53.135 14323 14323 W chromium: [WARNING:compositor_view.cc(342)] Child process died (type=6) pid=14783)
10-31 00:27:53.146 14865 14865 E /system/bin/webview_zygote32: failed to make and chown /acct/uid_99533: Permission denied
10-31 00:27:53.146 14865 14865 E Zygote  : createProcessGroup(99533, 0) failed: Permission denied
10-31 00:27:53.154 14850 14850 I SamplingProfilerIntegration: Profiling disabled.
10-31 00:27:53.159 14865 14865 I SamplingProfilerIntegration: Profiling disabled.
10-31 00:27:53.167 14832 14832 I cr_ChildProcessService: Creating new ChildProcessService pid=14832
10-31 00:27:53.172   772  1324 I ActivityManager: Start proc 14879:com.android.chrome:sandboxed_process17/u0i534 for webview_service com.android.chrome/org.chromium.content.app.SandboxedProcessService17
10-31 00:27:53.180 14879 14879 E /system/bin/webview_zygote32: failed to make and chown /acct/uid_99534: Permission denied
10-31 00:27:53.180 14879 14879 E Zygote  : createProcessGroup(99534, 0) failed: Permission denied
10-31 00:27:53.184 14832 14832 E WebViewFactory: can't load with relro file; address space not reserved
10-31 00:27:53.189 14044 14056 D GoogleCertificates: com.google.android.gms.googlecertificates module is loaded
10-31 00:27:53.197 14323 14323 W chromium: [WARNING:compositor_view.cc(342)] Child process died (type=6) pid=14770)
10-31 00:27:53.199 14888 14888 E asset   : setgid: Operation not permitted
10-31 00:27:53.205 14323 14333 I zygote  : Background concurrent copying GC freed 130061(5MB) AllocSpace objects, 8(160KB) LOS objects, 49% free, 4MB/9MB, paused 5.131ms total 98.636ms
10-31 00:27:53.205 14850 14863 I /system/bin/webview_zygote32: Background concurrent copying GC freed 2944(1497KB) AllocSpace objects, 0(0B) LOS objects, 95% free, 72KB/1608KB, paused 11.349ms total 66.023ms
10-31 00:27:53.209 14832 14880 I cr_LibraryLoader: Successfully loaded native library
10-31 00:27:53.210 14832 14880 I cr_CachingUmaRecorder: Flushed 3 samples from 3 histograms.
10-31 00:27:53.214 14895 14895 E asset   : setgid: Operation not permitted
10-31 00:27:53.227 14879 14879 I SamplingProfilerIntegration: Profiling disabled.
10-31 00:27:53.241   772   784 W AppOps  : Bad call: specified package com.google.android.gms under uid 10045 but it is really 10020
10-31 00:27:53.241   772   784 W AppOps  : java.lang.RuntimeException: here
10-31 00:27:53.241   772   784 W AppOps  : 	at com.android.server.AppOpsService.getOpsRawLocked(AppOpsService.java:1319)
10-31 00:27:53.241   772   784 W AppOps  : 	at com.android.server.AppOpsService.checkPackage(AppOpsService.java:1038)
10-31 00:27:53.241   772   784 W AppOps  : 	at com.android.internal.app.IAppOpsService$Stub.onTransact(IAppOpsService.java:169)
10-31 00:27:53.241   772   784 W AppOps  : 	at android.os.Binder.execTransact(Binder.java:674)
10-31 00:27:53.253 14908 14908 E asset   : setgid: Operation not permitted
10-31 00:27:53.255   772 13071 W AppOps  : Bad call: specified package com.google.android.gms under uid 10045 but it is really 10020
10-31 00:27:53.255   772 13071 W AppOps  : java.lang.RuntimeException: here
10-31 00:27:53.255   772 13071 W AppOps  : 	at com.android.server.AppOpsService.getOpsRawLocked(AppOpsService.java:1319)
10-31 00:27:53.255   772 13071 W AppOps  : 	at com.android.server.AppOpsService.checkPackage(AppOpsService.java:1038)
10-31 00:27:53.255   772 13071 W AppOps  : 	at com.android.internal.app.IAppOpsService$Stub.onTransact(IAppOpsService.java:169)
10-31 00:27:53.255   772 13071 W AppOps  : 	at android.os.Binder.execTransact(Binder.java:674)
10-31 00:27:53.269 14044 14044 I MemoryTrimmer: Trimming objects from memory, since app is in the background.
10-31 00:27:53.272 14865 14865 I cr_SplitCompatApp: Launched version=106.0.5249.79 minSdkVersion=24 isBundle=true processName=com.android.chrome:sandboxed_process16 isIsolated=true
10-31 00:27:53.284 14865 14865 W SystemServiceRegistry: No service published for: uimode
10-31 00:27:53.296 14879 14879 I cr_SplitCompatApp: Launched version=106.0.5249.79 minSdkVersion=24 isBundle=true processName=com.android.chrome:sandboxed_process17 isIsolated=true
10-31 00:27:53.298 14865 14865 I cr_ChildProcessService: Creating new ChildProcessService pid=14865
10-31 00:27:53.298 14850 14850 I cr_SplitCompatApp: Launched version=106.0.5249.79 minSdkVersion=24 isBundle=true processName=com.android.chrome:sandboxed_process15 isIsolated=true
10-31 00:27:53.310 14850 14850 W SystemServiceRegistry: No service published for: uimode
10-31 00:27:53.320 14879 14879 W SystemServiceRegistry: No service published for: uimode
10-31 00:27:53.325 14865 14865 E WebViewFactory: can't load with relro file; address space not reserved
10-31 00:27:53.334   772  2969 I ActivityManager: Start proc 14914:com.android.chrome:sandboxed_process18/u0i535 for webview_service com.android.chrome/org.chromium.content.app.SandboxedProcessService18
10-31 00:27:53.343 14914 14914 E /system/bin/webview_zygote32: failed to make and chown /acct/uid_99535: Permission denied
10-31 00:27:53.343 14914 14914 E Zygote  : createProcessGroup(99535, 0) failed: Permission denied
10-31 00:27:53.345 14850 14850 I cr_ChildProcessService: Creating new ChildProcessService pid=14850
10-31 00:27:53.345 14865 14911 I cr_LibraryLoader: Successfully loaded native library
10-31 00:27:53.347 14879 14879 I cr_ChildProcessService: Creating new ChildProcessService pid=14879
10-31 00:27:53.347 14865 14911 I cr_CachingUmaRecorder: Flushed 3 samples from 3 histograms.
10-31 00:27:53.369 14879 14879 E WebViewFactory: can't load with relro file; address space not reserved
10-31 00:27:53.376 14850 14850 E WebViewFactory: can't load with relro file; address space not reserved
10-31 00:27:53.383 14850 14921 I cr_LibraryLoader: Successfully loaded native library
10-31 00:27:53.384 14850 14921 I cr_CachingUmaRecorder: Flushed 3 samples from 3 histograms.
10-31 00:27:53.387 14914 14914 I SamplingProfilerIntegration: Profiling disabled.
10-31 00:27:53.406 14879 14922 I cr_LibraryLoader: Successfully loaded native library
10-31 00:27:53.407 14879 14922 I cr_CachingUmaRecorder: Flushed 3 samples from 3 histograms.
10-31 00:27:53.412 14944 14944 E asset   : setgid: Operation not permitted
10-31 00:27:53.426 14865 14911 I chromium: [INFO:child_process_service.cc(69)] ChildProcessService: Exiting child process.
10-31 00:27:53.428   422   422 E lowmemorykiller: Error writing /proc/14865/oom_score_adj; errno=22
10-31 00:27:53.429   772 10895 I ActivityManager: Killing 14865:com.android.chrome:sandboxed_process16/u0a60i533 (adj 0): isolated not needed
10-31 00:27:53.429   772   790 W zygote64: failed to open /acct/uid_99533/pid_14865/cgroup.procs: No such file or directory
10-31 00:27:53.498 14323 14323 W chromium: [WARNING:compositor_view.cc(342)] Child process died (type=6) pid=14865)
10-31 00:27:53.515 14914 14914 I cr_SplitCompatApp: Launched version=106.0.5249.79 minSdkVersion=24 isBundle=true processName=com.android.chrome:sandboxed_process18 isIsolated=true
10-31 00:27:53.523 14850 14921 I chromium: [INFO:child_process_service.cc(69)] ChildProcessService: Exiting child process.
10-31 00:27:53.523   772  4540 I ActivityManager: Killing 14850:com.android.chrome:sandboxed_process15/u0a60i532 (adj 0): isolated not needed
10-31 00:27:53.524   772   790 W zygote64: failed to open /acct/uid_99532/pid_14850/cgroup.procs: No such file or directory
10-31 00:27:53.527 14914 14914 W SystemServiceRegistry: No service published for: uimode
10-31 00:27:53.528 14879 14922 I chromium: [INFO:child_process_service.cc(69)] ChildProcessService: Exiting child process.
10-31 00:27:53.528   772  4539 I ActivityManager: Killing 14879:com.android.chrome:sandboxed_process17/u0a60i534 (adj 0): isolated not needed
10-31 00:27:53.529   772   790 W zygote64: failed to open /acct/uid_99534/pid_14879/cgroup.procs: No such file or directory
10-31 00:27:53.538 14914 14914 I cr_ChildProcessService: Creating new ChildProcessService pid=14914
10-31 00:27:53.554 14914 14914 E WebViewFactory: can't load with relro file; address space not reserved
10-31 00:27:53.569 14323 14323 W chromium: [WARNING:compositor_view.cc(342)] Child process died (type=6) pid=14850)
10-31 00:27:53.574 14914 14953 I cr_LibraryLoader: Successfully loaded native library
10-31 00:27:53.575 14914 14953 I cr_CachingUmaRecorder: Flushed 3 samples from 3 histograms.
10-31 00:27:53.584 14323 14323 W chromium: [WARNING:compositor_view.cc(342)] Child process died (type=6) pid=14879)
10-31 00:27:53.615 14914 14953 I chromium: [INFO:child_process_service.cc(69)] ChildProcessService: Exiting child process.
10-31 00:27:53.616   422   422 E lowmemorykiller: Error writing /proc/14914/oom_score_adj; errno=22
10-31 00:27:53.617   772 10893 I ActivityManager: Killing 14914:com.android.chrome:sandboxed_process18/u0a60i535 (adj 0): isolated not needed
10-31 00:27:53.618   772   790 W zygote64: failed to open /acct/uid_99535/pid_14914/cgroup.procs: No such file or directory
10-31 00:27:53.641 14323 14323 W chromium: [WARNING:compositor_view.cc(342)] Child process died (type=6) pid=14914)
10-31 00:27:53.875 14393 14406 I vndksupport: sphal namespace is not configured for this process. Loading libutils.so from the current namespace instead.
10-31 00:27:53.875 14323 14335 I vndksupport: sphal namespace is not configured for this process. Loading libutils.so from the current namespace instead.
10-31 00:27:53.876 14361 14373 I vndksupport: sphal namespace is not configured for this process. Loading libutils.so from the current namespace instead.
10-31 00:27:53.876 14832 14845 I vndksupport: sphal namespace is not configured for this process. Loading libutils.so from the current namespace instead.
10-31 00:27:53.882   556   688 E Parcel  : Reading a NULL string not supported here.
10-31 00:27:53.882   556   688 W Parcel  : **** enforceInterface() expected 'IAAudioService' but read ''
10-31 00:27:53.882   360   360 E SELinux : avc:  denied  { find } for service=android.service.gatekeeper.IGateKeeperService pid=14966 uid=2000 scontext=u:r:shell:s0 tcontext=u:object_r:gatekeeper_service:s0 tclass=service_manager
10-31 00:27:53.883 14966 14966 W atrace  : type=1400 audit(0.0:12329): avc: denied { call } for scontext=u:r:shell:s0 tcontext=u:r:wificond:s0 tclass=binder permissive=0
10-31 00:27:53.883   360   360 E SELinux : avc:  denied  { find } for service=netd pid=14966 uid=2000 scontext=u:r:shell:s0 tcontext=u:object_r:netd_service:s0 tclass=service_manager
10-31 00:27:53.889   360   360 E SELinux : avc:  denied  { find } for service=installd pid=14966 uid=2000 scontext=u:r:shell:s0 tcontext=u:object_r:installd_service:s0 tclass=service_manager
10-31 00:27:53.895   361   361 E SELinux : avc:  denied  { find } for interface=android.frameworks.displayservice::IDisplayService pid=14966 scontext=u:r:shell:s0 tcontext=u:object_r:fwk_display_hwservice:s0 tclass=hwservice_manager
10-31 00:27:53.896   361   361 E SELinux : avc:  denied  { find } for interface=android.frameworks.schedulerservice::ISchedulingPolicyService pid=14966 scontext=u:r:shell:s0 tcontext=u:object_r:fwk_scheduler_hwservice:s0 tclass=hwservice_manager
10-31 00:27:53.897   361   361 E SELinux : avc:  denied  { find } for interface=android.frameworks.sensorservice::ISensorManager pid=14966 scontext=u:r:shell:s0 tcontext=u:object_r:fwk_sensor_hwservice:s0 tclass=hwservice_manager
10-31 00:27:53.898   361   361 E SELinux : avc:  denied  { find } for interface=android.hardware.biometrics.fingerprint::IBiometricsFingerprint pid=14966 scontext=u:r:shell:s0 tcontext=u:object_r:hal_fingerprint_hwservice:s0 tclass=hwservice_manager
10-31 00:27:53.899   361   361 E SELinux : avc:  denied  { find } for interface=android.hardware.dumpstate::IDumpstateDevice pid=14966 scontext=u:r:shell:s0 tcontext=u:object_r:hal_dumpstate_hwservice:s0 tclass=hwservice_manager
10-31 00:27:53.901   361   361 E SELinux : avc:  denied  { find } for interface=android.hardware.radio.deprecated::IOemHook pid=14966 scontext=u:r:shell:s0 tcontext=u:object_r:hal_telephony_hwservice:s0 tclass=hwservice_manager
10-31 00:27:53.901   361   361 E SELinux : avc:  denied  { find } for interface=android.hardware.radio::IRadio pid=14966 scontext=u:r:shell:s0 tcontext=u:object_r:hal_telephony_hwservice:s0 tclass=hwservice_manager
10-31 00:27:53.902   361   361 E SELinux : avc:  denied  { find } for interface=android.hardware.radio::ISap pid=14966 scontext=u:r:shell:s0 tcontext=u:object_r:hal_telephony_hwservice:s0 tclass=hwservice_manager
10-31 00:27:53.903   361   361 E SELinux : avc:  denied  { find } for interface=android.hardware.usb::IUsb pid=14966 scontext=u:r:shell:s0 tcontext=u:object_r:hal_usb_hwservice:s0 tclass=hwservice_manager
10-31 00:27:53.904   361   361 E SELinux : avc:  denied  { find } for interface=android.hardware.wifi.supplicant::ISupplicant pid=14966 scontext=u:r:shell:s0 tcontext=u:object_r:hal_wifi_supplicant_hwservice:s0 tclass=hwservice_manager
10-31 00:27:53.904   361   361 E SELinux : avc:  denied  { find } for interface=android.hardware.wifi::IWifi pid=14966 scontext=u:r:shell:s0 tcontext=u:object_r:hal_wifi_hwservice:s0 tclass=hwservice_manager
10-31 00:27:53.906   361   361 E SELinux : avc:  denied  { find } for interface=android.hidl.base::IBase pid=14966 scontext=u:r:shell:s0 tcontext=u:object_r:hidl_base_hwservice:s0 tclass=hwservice_manager
10-31 00:27:53.906   361   361 I chatty  : uid=1000(system) hwservicemanage identical 1 line
10-31 00:27:53.906   361   361 E SELinux : avc:  denied  { find } for interface=android.hidl.base::IBase pid=14966 scontext=u:r:shell:s0 tcontext=u:object_r:hidl_base_hwservice:s0 tclass=hwservice_manager
10-31 00:27:53.908   361   361 E SELinux : avc:  denied  { find } for interface=android.system.wifi.keystore::IKeystore pid=14966 scontext=u:r:shell:s0 tcontext=u:object_r:system_wifi_keystore_hwservice:s0 tclass=hwservice_manager
10-31 00:27:54.822 13542 13673 I Icing   : IndexChimeraService.getServiceInterface callingPackage=com.google.android.gms componentName=null serviceId=30
10-31 00:27:54.838 13542 13542 D BoundBrokerSvc: onBind: Intent { act=com.google.android.gms.common.BIND_SHARED_PREFS pkg=com.google.android.gms }
10-31 00:27:54.838 13542 13542 D BoundBrokerSvc: Loading bound service for intent: Intent { act=com.google.android.gms.common.BIND_SHARED_PREFS pkg=com.google.android.gms }
10-31 00:27:54.841 13542 13645 I GmsCoreXrpcWrapper: Returning a channel provider with trafficStatsTag=12803 trafficStatsUid=-1
10-31 00:27:54.843 13542 13542 D BoundBrokerSvc: onUnbind: Intent { act=com.google.android.gms.common.BIND_SHARED_PREFS pkg=com.google.android.gms }
10-31 00:27:55.008 13542 13645 I Icing   : Usage reports ok 3, Failed Usage reports 0, indexed 1, rejected 0
10-31 00:27:55.595 14323 14323 W chromium: [WARNING:controller_impl.cc(1190)] Background download complete, client: 6, completion type: 0, file size:16643
10-31 00:27:55.622 14971 14971 E /system/bin/webview_zygote32: failed to make and chown /acct/uid_99536: Permission denied
10-31 00:27:55.622 14971 14971 E Zygote  : createProcessGroup(99536, 0) failed: Permission denied
10-31 00:27:55.626   772 10894 I ActivityManager: Start proc 14971:com.android.chrome:sandboxed_process19/u0i536 for webview_service com.android.chrome/org.chromium.content.app.SandboxedProcessService19
10-31 00:27:55.676 14971 14971 I SamplingProfilerIntegration: Profiling disabled.
10-31 00:27:55.678 14323 14323 W chromium: [WARNING:controller_impl.cc(1190)] Background download complete, client: 6, completion type: 0, file size:18160
10-31 00:27:55.701 14984 14984 E asset   : setgid: Operation not permitted
10-31 00:27:55.713 14985 14985 E /system/bin/webview_zygote32: failed to make and chown /acct/uid_99537: Permission denied
10-31 00:27:55.713 14985 14985 E Zygote  : createProcessGroup(99537, 0) failed: Permission denied
10-31 00:27:55.718   772 32228 I ActivityManager: Start proc 14985:com.android.chrome:sandboxed_process20/u0i537 for webview_service com.android.chrome/org.chromium.content.app.SandboxedProcessService20
10-31 00:27:55.732 14971 14971 I cr_SplitCompatApp: Launched version=106.0.5249.79 minSdkVersion=24 isBundle=true processName=com.android.chrome:sandboxed_process19 isIsolated=true
10-31 00:27:55.737 14971 14971 W SystemServiceRegistry: No service published for: uimode
10-31 00:27:55.746 14985 14985 I SamplingProfilerIntegration: Profiling disabled.
10-31 00:27:55.751 14323 14323 W chromium: [WARNING:controller_impl.cc(1190)] Background download complete, client: 6, completion type: 0, file size:15859
10-31 00:27:55.754 14971 14971 I cr_ChildProcessService: Creating new ChildProcessService pid=14971
10-31 00:27:55.770 14971 14971 E WebViewFactory: can't load with relro file; address space not reserved
10-31 00:27:55.774 15000 15000 E asset   : setgid: Operation not permitted
10-31 00:27:55.783 15001 15001 E /system/bin/webview_zygote32: failed to make and chown /acct/uid_99538: Permission denied
10-31 00:27:55.783 15001 15001 E Zygote  : createProcessGroup(99538, 0) failed: Permission denied
10-31 00:27:55.786   772 13021 I ActivityManager: Start proc 15001:com.android.chrome:sandboxed_process21/u0i538 for webview_service com.android.chrome/org.chromium.content.app.SandboxedProcessService21
10-31 00:27:55.792 14971 14998 I cr_LibraryLoader: Successfully loaded native library
10-31 00:27:55.792 14971 14998 I cr_CachingUmaRecorder: Flushed 3 samples from 3 histograms.
10-31 00:27:55.813 14985 14985 I cr_SplitCompatApp: Launched version=106.0.5249.79 minSdkVersion=24 isBundle=true processName=com.android.chrome:sandboxed_process20 isIsolated=true
10-31 00:27:55.817 15001 15001 I SamplingProfilerIntegration: Profiling disabled.
10-31 00:27:55.820 15014 15014 W ThreadPoolForeg: type=1400 audit(0.0:12330): avc: denied { setattr } for name="model-info.pb" dev="dm-2" ino=1504931 scontext=u:r:isolated_app:s0:c512,c768 tcontext=u:object_r:app_data_file:s0:c512,c768 tclass=file permissive=0
10-31 00:27:55.822 14985 14985 W SystemServiceRegistry: No service published for: uimode
10-31 00:27:55.823 15014 15014 W ThreadPoolForeg: type=1400 audit(0.0:12331): avc: denied { setattr } for name="model.tflite" dev="dm-2" ino=1504935 scontext=u:r:isolated_app:s0:c512,c768 tcontext=u:object_r:app_data_file:s0:c512,c768 tclass=file permissive=0
10-31 00:27:55.828 14985 14985 I cr_ChildProcessService: Creating new ChildProcessService pid=14985
10-31 00:27:55.834 14985 14985 E WebViewFactory: can't load with relro file; address space not reserved
10-31 00:27:55.835 14971 14998 I chromium: [INFO:child_process_service.cc(69)] ChildProcessService: Exiting child process.
10-31 00:27:55.841   422   422 E lowmemorykiller: Error writing /proc/14971/oom_score_adj; errno=22
10-31 00:27:55.841   772 20193 I ActivityManager: Killing 14971:com.android.chrome:sandboxed_process19/u0a60i536 (adj 0): isolated not needed
10-31 00:27:55.842   772   790 W zygote64: failed to open /acct/uid_99536/pid_14971/cgroup.procs: No such file or directory
10-31 00:27:55.854 15022 15022 E asset   : setgid: Operation not permitted
10-31 00:27:55.855 14985 15020 I cr_LibraryLoader: Successfully loaded native library
10-31 00:27:55.856 14985 15020 I cr_CachingUmaRecorder: Flushed 3 samples from 3 histograms.
10-31 00:27:55.877 14323 14323 W chromium: [WARNING:compositor_view.cc(342)] Child process died (type=6) pid=14971)
10-31 00:27:55.891 15001 15001 I cr_SplitCompatApp: Launched version=106.0.5249.79 minSdkVersion=24 isBundle=true processName=com.android.chrome:sandboxed_process21 isIsolated=true
10-31 00:27:55.897 15026 15026 W ThreadPoolForeg: type=1400 audit(0.0:12332): avc: denied { setattr } for name="model-info.pb" dev="dm-2" ino=1504941 scontext=u:r:isolated_app:s0:c512,c768 tcontext=u:object_r:app_data_file:s0:c512,c768 tclass=file permissive=0
10-31 00:27:55.903 15026 15026 W ThreadPoolForeg: type=1400 audit(0.0:12333): avc: denied { setattr } for name="model.tflite" dev="dm-2" ino=1504943 scontext=u:r:isolated_app:s0:c512,c768 tcontext=u:object_r:app_data_file:s0:c512,c768 tclass=file permissive=0
10-31 00:27:55.905 15001 15001 W SystemServiceRegistry: No service published for: uimode
10-31 00:27:55.905 14323 14323 W chromium: [WARNING:controller_impl.cc(1190)] Background download complete, client: 6, completion type: 0, file size:4951
10-31 00:27:55.912 15001 15001 I cr_ChildProcessService: Creating new ChildProcessService pid=15001
10-31 00:27:55.919 14985 15020 I chromium: [INFO:child_process_service.cc(69)] ChildProcessService: Exiting child process.
10-31 00:27:55.930 15001 15001 E WebViewFactory: can't load with relro file; address space not reserved
10-31 00:27:55.941 15001 15029 I cr_LibraryLoader: Successfully loaded native library
10-31 00:27:55.943 15001 15029 I cr_CachingUmaRecorder: Flushed 3 samples from 3 histograms.
10-31 00:27:55.947   772 20193 I ActivityManager: Start proc 15031:com.android.chrome:sandboxed_process22/u0i539 for webview_service com.android.chrome/org.chromium.content.app.SandboxedProcessService22
10-31 00:27:55.952 15031 15031 E /system/bin/webview_zygote32: failed to make and chown /acct/uid_99539: Permission denied
10-31 00:27:55.952 15031 15031 E Zygote  : createProcessGroup(99539, 0) failed: Permission denied
10-31 00:27:55.954   422   422 E lowmemorykiller: Error writing /proc/14985/oom_score_adj; errno=22
10-31 00:27:55.956   772  3041 I ActivityManager: Killing 14985:com.android.chrome:sandboxed_process20/u0a60i537 (adj 0): isolated not needed
10-31 00:27:55.956   772   790 W zygote64: failed to open /acct/uid_99537/pid_14985/cgroup.procs: No such file or directory
10-31 00:27:55.969 14323 14323 W chromium: [WARNING:compositor_view.cc(342)] Child process died (type=6) pid=14985)
10-31 00:27:55.987 15031 15031 I SamplingProfilerIntegration: Profiling disabled.
10-31 00:27:55.996 14323 14323 W chromium: [WARNING:controller_impl.cc(1190)] Background download complete, client: 6, completion type: 0, file size:2759
10-31 00:27:56.017 15048 15048 W ThreadPoolForeg: type=1400 audit(0.0:12334): avc: denied { setattr } for name="model-info.pb" dev="dm-2" ino=1504941 scontext=u:r:isolated_app:s0:c512,c768 tcontext=u:object_r:app_data_file:s0:c512,c768 tclass=file permissive=0
10-31 00:27:56.027 15048 15048 W ThreadPoolForeg: type=1400 audit(0.0:12335): avc: denied { setattr } for name="model.tflite" dev="dm-2" ino=1504946 scontext=u:r:isolated_app:s0:c512,c768 tcontext=u:object_r:app_data_file:s0:c512,c768 tclass=file permissive=0
10-31 00:27:56.035 15001 15029 I chromium: [INFO:child_process_service.cc(69)] ChildProcessService: Exiting child process.
10-31 00:27:56.035 15050 15050 E asset   : setgid: Operation not permitted
10-31 00:27:56.037   422   422 E lowmemorykiller: Error writing /proc/15001/oom_score_adj; errno=22
10-31 00:27:56.038   772 10895 I ActivityManager: Killing 15001:com.android.chrome:sandboxed_process21/u0a60i538 (adj 0): isolated not needed
10-31 00:27:56.039   772   790 W zygote64: failed to open /acct/uid_99538/pid_15001/cgroup.procs: No such file or directory
10-31 00:27:56.061 15051 15051 E /system/bin/webview_zygote32: failed to make and chown /acct/uid_99540: Permission denied
10-31 00:27:56.061 15051 15051 E Zygote  : createProcessGroup(99540, 0) failed: Permission denied
10-31 00:27:56.063   772  3041 I ActivityManager: Start proc 15051:com.android.chrome:sandboxed_process23/u0i540 for webview_service com.android.chrome/org.chromium.content.app.SandboxedProcessService23
10-31 00:27:56.073 14323 14323 W chromium: [WARNING:compositor_view.cc(342)] Child process died (type=6) pid=15001)
10-31 00:27:56.078   772   781 I zygote64: Background concurrent copying GC freed 111472(7MB) AllocSpace objects, 227(7MB) LOS objects, 42% free, 17MB/31MB, paused 1.274ms total 128.135ms
10-31 00:27:56.089 15031 15031 I cr_SplitCompatApp: Launched version=106.0.5249.79 minSdkVersion=24 isBundle=true processName=com.android.chrome:sandboxed_process22 isIsolated=true
10-31 00:27:56.095 15031 15031 W SystemServiceRegistry: No service published for: uimode
10-31 00:27:56.105 15051 15051 I SamplingProfilerIntegration: Profiling disabled.
10-31 00:27:56.109 15031 15031 I cr_ChildProcessService: Creating new ChildProcessService pid=15031
10-31 00:27:56.119 15031 15031 E WebViewFactory: can't load with relro file; address space not reserved
10-31 00:27:56.134 15031 15063 I cr_LibraryLoader: Successfully loaded native library
10-31 00:27:56.135 15031 15063 I cr_CachingUmaRecorder: Flushed 3 samples from 3 histograms.
10-31 00:27:56.143 15066 15066 E asset   : setgid: Operation not permitted
10-31 00:27:56.167 15071 15071 W ThreadPoolForeg: type=1400 audit(0.0:12336): avc: denied { setattr } for name="model-info.pb" dev="dm-2" ino=1504949 scontext=u:r:isolated_app:s0:c512,c768 tcontext=u:object_r:app_data_file:s0:c512,c768 tclass=file permissive=0
10-31 00:27:56.170 15071 15071 W ThreadPoolForeg: type=1400 audit(0.0:12337): avc: denied { setattr } for name="model.tflite" dev="dm-2" ino=1504951 scontext=u:r:isolated_app:s0:c512,c768 tcontext=u:object_r:app_data_file:s0:c512,c768 tclass=file permissive=0
10-31 00:27:56.177 15031 15063 I chromium: [INFO:child_process_service.cc(69)] ChildProcessService: Exiting child process.
10-31 00:27:56.178 15051 15051 I cr_SplitCompatApp: Launched version=106.0.5249.79 minSdkVersion=24 isBundle=true processName=com.android.chrome:sandboxed_process23 isIsolated=true
10-31 00:27:56.182   422   422 E lowmemorykiller: Error writing /proc/15031/oom_score_adj; errno=22
10-31 00:27:56.183   772 13021 I ActivityManager: Killing 15031:com.android.chrome:sandboxed_process22/u0a60i539 (adj 0): isolated not needed
10-31 00:27:56.183   772   790 W zygote64: failed to open /acct/uid_99539/pid_15031/cgroup.procs: No such file or directory
10-31 00:27:56.183 15051 15051 W SystemServiceRegistry: No service published for: uimode
10-31 00:27:56.193 15051 15051 I cr_ChildProcessService: Creating new ChildProcessService pid=15051
10-31 00:27:56.198 14323 14323 W chromium: [WARNING:controller_impl.cc(1190)] Background download complete, client: 6, completion type: 0, file size:116031
10-31 00:27:56.208 15051 15051 E WebViewFactory: can't load with relro file; address space not reserved
10-31 00:27:56.221 14323 14323 W chromium: [WARNING:compositor_view.cc(342)] Child process died (type=6) pid=15031)
10-31 00:27:56.224 15051 15073 I cr_LibraryLoader: Successfully loaded native library
10-31 00:27:56.225 15051 15073 I cr_CachingUmaRecorder: Flushed 3 samples from 3 histograms.
10-31 00:27:56.227 15074 15074 E /system/bin/webview_zygote32: failed to make and chown /acct/uid_99541: Permission denied
10-31 00:27:56.227 15074 15074 E Zygote  : createProcessGroup(99541, 0) failed: Permission denied
10-31 00:27:56.228   772 13071 I ActivityManager: Start proc 15074:com.android.chrome:sandboxed_process24/u0i541 for webview_service com.android.chrome/org.chromium.content.app.SandboxedProcessService24
10-31 00:27:56.267 15081 15081 W ThreadPoolForeg: type=1400 audit(0.0:12338): avc: denied { setattr } for name="model-info.pb" dev="dm-2" ino=1504952 scontext=u:r:isolated_app:s0:c512,c768 tcontext=u:object_r:app_data_file:s0:c512,c768 tclass=file permissive=0
10-31 00:27:56.267 15081 15081 W ThreadPoolForeg: type=1400 audit(0.0:12339): avc: denied { setattr } for name="model.tflite" dev="dm-2" ino=1504953 scontext=u:r:isolated_app:s0:c512,c768 tcontext=u:object_r:app_data_file:s0:c512,c768 tclass=file permissive=0
10-31 00:27:56.268 15074 15074 I SamplingProfilerIntegration: Profiling disabled.
10-31 00:27:56.273 15051 15073 I chromium: [INFO:child_process_service.cc(69)] ChildProcessService: Exiting child process.
10-31 00:27:56.277   422   422 E lowmemorykiller: Error writing /proc/15051/oom_score_adj; errno=22
10-31 00:27:56.278   772 32228 I ActivityManager: Killing 15051:com.android.chrome:sandboxed_process23/u0a60i540 (adj 0): isolated not needed
10-31 00:27:56.278   772   790 W zygote64: failed to open /acct/uid_99540/pid_15051/cgroup.procs: No such file or directory
10-31 00:27:56.292 14323 14323 W chromium: [WARNING:compositor_view.cc(342)] Child process died (type=6) pid=15051)
10-31 00:27:56.295 15093 15093 E asset   : setgid: Operation not permitted
10-31 00:27:56.334 15074 15074 I cr_SplitCompatApp: Launched version=106.0.5249.79 minSdkVersion=24 isBundle=true processName=com.android.chrome:sandboxed_process24 isIsolated=true
10-31 00:27:56.342 15074 15074 W SystemServiceRegistry: No service published for: uimode
10-31 00:27:56.353 15074 15074 I cr_ChildProcessService: Creating new ChildProcessService pid=15074
10-31 00:27:56.360 15074 15074 E WebViewFactory: can't load with relro file; address space not reserved
10-31 00:27:56.373 15074 15095 I cr_LibraryLoader: Successfully loaded native library
10-31 00:27:56.375 15074 15095 I cr_CachingUmaRecorder: Flushed 3 samples from 3 histograms.
10-31 00:27:56.397 15099 15099 W ThreadPoolForeg: type=1400 audit(0.0:12340): avc: denied { setattr } for name="model-info.pb" dev="dm-2" ino=1504952 scontext=u:r:isolated_app:s0:c512,c768 tcontext=u:object_r:app_data_file:s0:c512,c768 tclass=file permissive=0
10-31 00:27:56.403 15099 15099 W ThreadPoolForeg: type=1400 audit(0.0:12341): avc: denied { setattr } for name="model.tflite" dev="dm-2" ino=1504954 scontext=u:r:isolated_app:s0:c512,c768 tcontext=u:object_r:app_data_file:s0:c512,c768 tclass=file permissive=0
10-31 00:27:56.408 15074 15095 I chromium: [INFO:child_process_service.cc(69)] ChildProcessService: Exiting child process.
10-31 00:27:56.415   422   422 E lowmemorykiller: Error writing /proc/15074/oom_score_adj; errno=22
10-31 00:27:56.416   772 10893 I ActivityManager: Killing 15074:com.android.chrome:sandboxed_process24/u0a60i541 (adj 0): isolated not needed
10-31 00:27:56.418   772   790 W zygote64: failed to open /acct/uid_99541/pid_15074/cgroup.procs: No such file or directory
10-31 00:27:56.434 14323 14323 W chromium: [WARNING:compositor_view.cc(342)] Child process died (type=6) pid=15074)
10-31 00:27:56.737 14323 14323 W chromium: [WARNING:controller_impl.cc(1190)] Background download complete, client: 6, completion type: 0, file size:265060
10-31 00:27:56.771 15102 15102 E /system/bin/webview_zygote32: failed to make and chown /acct/uid_99542: Permission denied
10-31 00:27:56.771 15102 15102 E Zygote  : createProcessGroup(99542, 0) failed: Permission denied
10-31 00:27:56.773   772  4539 I ActivityManager: Start proc 15102:com.android.chrome:sandboxed_process25/u0i542 for webview_service com.android.chrome/org.chromium.content.app.SandboxedProcessService25
10-31 00:27:56.798 15102 15102 I SamplingProfilerIntegration: Profiling disabled.
10-31 00:27:56.816 15115 15115 E asset   : setgid: Operation not permitted
10-31 00:27:56.846 15102 15102 I cr_SplitCompatApp: Launched version=106.0.5249.79 minSdkVersion=24 isBundle=true processName=com.android.chrome:sandboxed_process25 isIsolated=true
10-31 00:27:56.851 15102 15102 W SystemServiceRegistry: No service published for: uimode
10-31 00:27:56.864 15102 15102 I cr_ChildProcessService: Creating new ChildProcessService pid=15102
10-31 00:27:56.874 15102 15102 E WebViewFactory: can't load with relro file; address space not reserved
10-31 00:27:56.894 15102 15117 I cr_LibraryLoader: Successfully loaded native library
10-31 00:27:56.896 15102 15117 I cr_CachingUmaRecorder: Flushed 3 samples from 3 histograms.
10-31 00:27:56.923 15120 15120 W ThreadPoolForeg: type=1400 audit(0.0:12342): avc: denied { setattr } for name="model-info.pb" dev="dm-2" ino=1504965 scontext=u:r:isolated_app:s0:c512,c768 tcontext=u:object_r:app_data_file:s0:c512,c768 tclass=file permissive=0
10-31 00:27:56.937 15120 15120 W ThreadPoolForeg: type=1400 audit(0.0:12343): avc: denied { setattr } for name="model.tflite" dev="dm-2" ino=1504966 scontext=u:r:isolated_app:s0:c512,c768 tcontext=u:object_r:app_data_file:s0:c512,c768 tclass=file permissive=0
10-31 00:27:56.946 15102 15117 I chromium: [INFO:child_process_service.cc(69)] ChildProcessService: Exiting child process.
10-31 00:27:56.949   422   422 E lowmemorykiller: Error writing /proc/15102/oom_score_adj; errno=22
10-31 00:27:56.950   772 10895 I ActivityManager: Killing 15102:com.android.chrome:sandboxed_process25/u0a60i542 (adj 0): isolated not needed
10-31 00:27:56.950   772   790 W zygote64: failed to open /acct/uid_99542/pid_15102/cgroup.procs: No such file or directory
10-31 00:27:56.962 14323 14323 W chromium: [WARNING:compositor_view.cc(342)] Child process died (type=6) pid=15102)
10-31 00:27:57.260 14832 14880 I tflite  : Initialized TensorFlow Lite runtime.
10-31 00:27:57.391 14323 14388 I cr_omaha: OmahaBase::generateAndPostRequest(): Sending request to Omaha:
10-31 00:27:57.391 14323 14388 I cr_omaha: <?xml version='1.0' encoding='UTF-8' standalone='yes' ?><request protocol="3.0" updater="Android" updaterversion="106.0.5249.79" updaterchannel="chrome" ismachine="1" requestid="{d8129bcf-66f5-46b3-aa9a-ac2df081b5d6}" sessionid="{fe3c6efc-2c9c-45c7-97e1-06dfb6592365}" installsource="system_image" dedup="cr"><os platform="android" version="8.0.0" arch="arm" /><app brand="" client="ms-android-google" appid="{387E11AD-7109-45F6-83CF-CAA241ADC9DF}" version="106.0.5249.79" nextversion="" lang="en-US" installage="-1" ap="chrome;google;nexus 5x"><event eventtype="2" eventresult="1" /></app></request>
10-31 00:27:57.660 14323 14388 I cr_omaha: OmahaBase::generateAndPostRequest(): Received response from Omaha:
10-31 00:27:57.660 14323 14388 I cr_omaha: <?xml version="1.0" encoding="UTF-8"?><response protocol="3.0" server="prod"><daystart elapsed_days="5781" elapsed_seconds="59275"/><app appid="{387E11AD-7109-45F6-83CF-CAA241ADC9DF}" status="ok"><event status="ok"/></app></response>
10-31 00:27:57.670 14323 14388 I cr_omaha: Request to Server Successful. Timestamp for next request:1667176077670
10-31 00:27:57.682 14323 14388 I cr_omaha: OmahaBase::generateAndPostRequest(): Sending request to Omaha:
10-31 00:27:57.682 14323 14388 I cr_omaha: <?xml version='1.0' encoding='UTF-8' standalone='yes' ?><request protocol="3.0" updater="Android" updaterversion="106.0.5249.79" updaterchannel="chrome" ismachine="1" requestid="{ceceeb38-f8ba-4d6d-a431-7b1966629a54}" sessionid="{fe3c6efc-2c9c-45c7-97e1-06dfb6592365}" installsource="system_image" dedup="cr"><os platform="android" version="8.0.0" arch="arm" /><app brand="" client="ms-android-google" appid="{387E11AD-7109-45F6-83CF-CAA241ADC9DF}" version="106.0.5249.79" nextversion="" lang="en-US" installage="0" ap="chrome;google;nexus 5x"><updatecheck /><ping active="1" ad="5781" rd="5781" /></app></request>
10-31 00:27:57.763 14323 14388 I cr_omaha: OmahaBase::generateAndPostRequest(): Received response from Omaha:
10-31 00:27:57.763 14323 14388 I cr_omaha: <?xml version="1.0" encoding="UTF-8"?><response protocol="3.0" server="prod"><daystart elapsed_days="5781" elapsed_seconds="59276"/><app appid="{387E11AD-7109-45F6-83CF-CAA241ADC9DF}" cohort="1:hyx:" cohortname="Stable Chrome" status="ok"><updatecheck status="noupdate"/><ping status="ok"/></app></response>
10-31 00:27:57.765 14323 14388 I cr_omaha: Request to Server Successful. Timestamp for next request:1667176077765
10-31 00:27:57.765 14323 14388 I cr_omaha: Attempting to schedule next job for: Mon Oct 31 05:27:57 GMT+01:00 2022
10-31 00:27:57.769 14323 14323 I cr_omaha: Scheduled using JobService
10-31 00:27:57.769 14323 14323 E cr_BkgrdTaskJS: Tried finishing non-current BackgroundTask.
10-31 00:27:58.095   551   618 I ThermalEngine: ACTION: BATTERY - Setting battery charging mitigation to 3
10-31 00:27:58.366 14323 14323 W chromium: [WARNING:controller_impl.cc(1190)] Background download complete, client: 6, completion type: 0, file size:9419
10-31 00:27:58.392 15130 15130 E /system/bin/webview_zygote32: failed to make and chown /acct/uid_99543: Permission denied
10-31 00:27:58.392 15130 15130 E Zygote  : createProcessGroup(99543, 0) failed: Permission denied
10-31 00:27:58.394   772 13022 I ActivityManager: Start proc 15130:com.android.chrome:sandboxed_process26/u0i543 for webview_service com.android.chrome/org.chromium.content.app.SandboxedProcessService26
10-31 00:27:58.407 15130 15130 I SamplingProfilerIntegration: Profiling disabled.
10-31 00:27:58.422 15143 15143 E asset   : setgid: Operation not permitted
10-31 00:27:58.449 15130 15130 I cr_SplitCompatApp: Launched version=106.0.5249.79 minSdkVersion=24 isBundle=true processName=com.android.chrome:sandboxed_process26 isIsolated=true
