--------- beginning of system
10-31 18:38:35.304   772  3854 I ActivityManager: Force stopping com.android.chrome appid=10060 user=0: from pid 11485
10-31 18:38:35.305   772  3854 I ActivityManager: Killing 11314:com.android.chrome/u0a60 (adj 700): stop com.android.chrome
--------- beginning of main
10-31 18:38:35.321  1311  1311 D CarrierSvcBindHelper: No carrier app for: 0
10-31 18:38:35.335  2964  2964 D RegisteredNfcFServicesCache: Service unchanged, not updating
10-31 18:38:35.565   772  3854 I ActivityManager: START u0 {act=android.intent.action.VIEW flg=0x10008000 cmp=com.android.chrome/com.google.android.apps.chrome.Main} from uid 2000
10-31 18:38:35.578   772   830 E ResourceType: Style contains key with bad entry: 0x0101062c
10-31 18:38:35.587   772   830 E ResourceType: Style contains key with bad entry: 0x0101062c
10-31 18:38:35.608   772 13071 I ActivityManager: Start proc 11487:com.android.chrome/u0a60 for activity com.android.chrome/com.google.android.apps.chrome.Main
10-31 18:38:35.676 11487 11487 I cr_SplitCompatApp: Launched version=106.0.5249.79 minSdkVersion=24 isBundle=true processName=com.android.chrome isIsolated=false
10-31 18:38:35.731 29486 29650 I FontLog : Received query Google Sans, URI content://com.google.android.gms.fonts [CONTEXT service_id=132 ]
10-31 18:38:35.731 29486 29650 I FontLog : Query [Google Sans] resolved to {Google Sans, wdth 100.0, wght 400, ital 0.0, bestEffort false} [CONTEXT service_id=132 ]
10-31 18:38:35.733 29486 29650 I FontLog : Font PFD returned from cache for {Google Sans, wdth 100.0, wght 400, ital 0.0, bestEffort false} [CONTEXT service_id=132 ]
10-31 18:38:35.733 29486 29650 I FontLog : Fetch {Google Sans, wdth 100.0, wght 400, ital 0.0, bestEffort false} end status Status{statusCode=SUCCESS, resolution=null} [CONTEXT service_id=132 ]
10-31 18:38:35.742 29486 29651 I FontLog : Pulling font file for id = 382, cache size = 9 [CONTEXT service_id=132 ]
10-31 18:38:35.754 29486 30686 I FontLog : Received query Google Sans:500, URI content://com.google.android.gms.fonts [CONTEXT service_id=132 ]
10-31 18:38:35.755 29486 30686 I FontLog : Query [Google Sans:500] resolved to {Google Sans, wdth 100.0, wght 500, ital 0.0, bestEffort false} [CONTEXT service_id=132 ]
10-31 18:38:35.757 29486 30686 I FontLog : Font PFD returned from cache for {Google Sans, wdth 100.0, wght 500, ital 0.0, bestEffort false} [CONTEXT service_id=132 ]
10-31 18:38:35.757 29486 30686 I FontLog : Fetch {Google Sans, wdth 100.0, wght 500, ital 0.0, bestEffort false} end status Status{statusCode=SUCCESS, resolution=null} [CONTEXT service_id=132 ]
10-31 18:38:35.762 29486 29497 I FontLog : Pulling font file for id = 383, cache size = 8 [CONTEXT service_id=132 ]
10-31 18:38:35.770 29486 29651 I FontLog : Received query Google Sans:700, URI content://com.google.android.gms.fonts [CONTEXT service_id=132 ]
10-31 18:38:35.770 29486 29651 I FontLog : Query [Google Sans:700] resolved to {Google Sans, wdth 100.0, wght 700, ital 0.0, bestEffort false} [CONTEXT service_id=132 ]
10-31 18:38:35.771 29486 29651 I FontLog : Fetch {Google Sans, wdth 100.0, wght 700, ital 0.0, bestEffort false} end status Status{statusCode=SUCCESS, resolution=null} [CONTEXT service_id=132 ]
10-31 18:38:35.785 29486 29498 I FontLog : Pulling font file for id = 384, cache size = 9 [CONTEXT service_id=132 ]
10-31 18:38:35.799 11487 11506 I cr_LibraryLoader: Successfully loaded native library
10-31 18:38:35.800 11487 11506 I cr_CachingUmaRecorder: Flushed 19 samples from 19 histograms.
10-31 18:38:35.860 11487 11487 E ResourceType: Style contains key with bad entry: 0x0101062c
10-31 18:38:35.876 11487 11509 W DynamiteModule: Local module descriptor class for com.google.android.gms.googlecertificates not found.
10-31 18:38:35.889 11487 11509 W zygote  : Skipping duplicate class check due to unrecognized classloader
10-31 18:38:35.891 11487 11509 I DynamiteModule: Considering local module com.google.android.gms.googlecertificates:0 and remote module com.google.android.gms.googlecertificates:7
10-31 18:38:35.892 11487 11509 I DynamiteModule: Selected remote version of com.google.android.gms.googlecertificates, version >= 7
10-31 18:38:35.893   772   996 I ActivityManager: START u0 {cmp=com.android.chrome/org.chromium.chrome.browser.firstrun.FirstRunActivity (has extras)} from uid 10060
10-31 18:38:35.907 11487 11487 E ResourceType: Style contains key with bad entry: 0x0101062c
10-31 18:38:35.932 11487 11509 W zygote  : Skipping duplicate class check due to unrecognized classloader
10-31 18:38:35.973   772   784 W AppOps  : Bad call: specified package com.google.android.gms under uid 10060 but it is really 10020
10-31 18:38:35.973   772   784 W AppOps  : java.lang.RuntimeException: here
10-31 18:38:35.973   772   784 W AppOps  : 	at com.android.server.AppOpsService.getOpsRawLocked(AppOpsService.java:1319)
10-31 18:38:35.973   772   784 W AppOps  : 	at com.android.server.AppOpsService.checkPackage(AppOpsService.java:1038)
10-31 18:38:35.973   772   784 W AppOps  : 	at com.android.internal.app.IAppOpsService$Stub.onTransact(IAppOpsService.java:169)
10-31 18:38:35.973   772   784 W AppOps  : 	at android.os.Binder.execTransact(Binder.java:674)
10-31 18:38:35.975   772  4539 W AppOps  : Bad call: specified package com.google.android.gms under uid 10060 but it is really 10020
10-31 18:38:35.975   772  4539 W AppOps  : java.lang.RuntimeException: here
10-31 18:38:35.975   772  4539 W AppOps  : 	at com.android.server.AppOpsService.getOpsRawLocked(AppOpsService.java:1319)
10-31 18:38:35.975   772  4539 W AppOps  : 	at com.android.server.AppOpsService.checkPackage(AppOpsService.java:1038)
10-31 18:38:35.975   772  4539 W AppOps  : 	at com.android.internal.app.IAppOpsService$Stub.onTransact(IAppOpsService.java:169)
10-31 18:38:35.975   772  4539 W AppOps  : 	at android.os.Binder.execTransact(Binder.java:674)
10-31 18:38:35.983   772 29404 W AppOps  : Bad call: specified package com.google.android.gms under uid 10060 but it is really 10020
10-31 18:38:35.983   772 29404 W AppOps  : java.lang.RuntimeException: here
10-31 18:38:35.983   772 29404 W AppOps  : 	at com.android.server.AppOpsService.getOpsRawLocked(AppOpsService.java:1319)
10-31 18:38:35.983   772 29404 W AppOps  : 	at com.android.server.AppOpsService.checkPackage(AppOpsService.java:1038)
10-31 18:38:35.983   772 29404 W AppOps  : 	at com.android.internal.app.IAppOpsService$Stub.onTransact(IAppOpsService.java:169)
10-31 18:38:35.983   772 29404 W AppOps  : 	at android.os.Binder.execTransact(Binder.java:674)
10-31 18:38:35.985   772  3854 W AppOps  : Bad call: specified package com.google.android.gms under uid 10060 but it is really 10020
10-31 18:38:35.985   772  3854 W AppOps  : java.lang.RuntimeException: here
10-31 18:38:35.985   772  3854 W AppOps  : 	at com.android.server.AppOpsService.getOpsRawLocked(AppOpsService.java:1319)
10-31 18:38:35.985   772  3854 W AppOps  : 	at com.android.server.AppOpsService.checkPackage(AppOpsService.java:1038)
10-31 18:38:35.985   772  3854 W AppOps  : 	at com.android.internal.app.IAppOpsService$Stub.onTransact(IAppOpsService.java:169)
10-31 18:38:35.985   772  3854 W AppOps  : 	at android.os.Binder.execTransact(Binder.java:674)
10-31 18:38:36.033 11487 11487 W ResourceType: Failure getting entry for 0x7f010055 (t=0 e=85) (error -75)
10-31 18:38:36.056 11487 11516 D OpenGLRenderer: HWUI GL Pipeline
10-31 18:38:36.083 11487 11516 I Adreno  : QUALCOMM build                   : 7142022, Ib5823dd10c
10-31 18:38:36.083 11487 11516 I Adreno  : Build Date                       : 06/23/17
10-31 18:38:36.083 11487 11516 I Adreno  : OpenGL ES Shader Compiler Version: EV031.18.00.00
10-31 18:38:36.083 11487 11516 I Adreno  : Local Branch                     : O11A
10-31 18:38:36.083 11487 11516 I Adreno  : Remote Branch                    : 
10-31 18:38:36.083 11487 11516 I Adreno  : Remote Branch                    : 
10-31 18:38:36.083 11487 11516 I Adreno  : Reconstruct Branch               : 
10-31 18:38:36.084 11487 11516 I vndksupport: sphal namespace is not configured for this process. Loading /vendor/lib/hw/gralloc.msm8992.so from the current namespace instead.
10-31 18:38:36.088 29486 29647 E bfry    : Phenotype API error. Event # ddoj@924b8840, EventCode: 7 [CONTEXT service_id=51 ]
10-31 18:38:36.088 29486 29647 E bfry    : bfra: 29505: No config packages for log source, or config package not registered
10-31 18:38:36.088 29486 29647 E bfry    : 	at bfst.b(:com.google.android.gms@223616019@22.36.16 (040400-476895098):4)
10-31 18:38:36.088 29486 29647 E bfry    : 	at bfsq.g(:com.google.android.gms@223616019@22.36.16 (040400-476895098):0)
10-31 18:38:36.088 29486 29647 E bfry    : 	at bfry.e(:com.google.android.gms@223616019@22.36.16 (040400-476895098):4)
10-31 18:38:36.088 29486 29647 E bfry    : 	at bfry.f(:com.google.android.gms@223616019@22.36.16 (040400-476895098):2)
10-31 18:38:36.088 29486 29647 E bfry    : 	at arjg.ep(:com.google.android.gms@223616019@22.36.16 (040400-476895098):1)
10-31 18:38:36.088 29486 29647 E bfry    : 	at arjm.run(:com.google.android.gms@223616019@22.36.16 (040400-476895098):12)
10-31 18:38:36.088 29486 29647 E bfry    : 	at cjoq.run(:com.google.android.gms@223616019@22.36.16 (040400-476895098):2)
10-31 18:38:36.088 29486 29647 E bfry    : 	at aarl.c(:com.google.android.gms@223616019@22.36.16 (040400-476895098):6)
10-31 18:38:36.088 29486 29647 E bfry    : 	at aarl.run(:com.google.android.gms@223616019@22.36.16 (040400-476895098):7)
10-31 18:38:36.088 29486 29647 E bfry    : 	at java.util.concurrent.ThreadPoolExecutor.runWorker(ThreadPoolExecutor.java:1162)
10-31 18:38:36.088 29486 29647 E bfry    : 	at java.util.concurrent.ThreadPoolExecutor$Worker.run(ThreadPoolExecutor.java:636)
10-31 18:38:36.088 29486 29647 E bfry    : 	at aaws.run(:com.google.android.gms@223616019@22.36.16 (040400-476895098):0)
10-31 18:38:36.088 29486 29647 E bfry    : 	at java.lang.Thread.run(Thread.java:764)
10-31 18:38:36.089 29486 29647 W AsyncOperation: operation=GetExperimentTokensOperationCall, opStatusCode=29505 [CONTEXT service_id=51 ]
10-31 18:38:36.089 29486 29647 W AsyncOperation: OperationException[Status{statusCode=No config packages for log source, or config package not registered, resolution=null}]
10-31 18:38:36.089 29486 29647 W AsyncOperation: 	at bfry.e(:com.google.android.gms@223616019@22.36.16 (040400-476895098):6)
10-31 18:38:36.089 29486 29647 W AsyncOperation: 	at bfry.f(:com.google.android.gms@223616019@22.36.16 (040400-476895098):2)
10-31 18:38:36.089 29486 29647 W AsyncOperation: 	at arjg.ep(:com.google.android.gms@223616019@22.36.16 (040400-476895098):1)
10-31 18:38:36.089 29486 29647 W AsyncOperation: 	at arjm.run(:com.google.android.gms@223616019@22.36.16 (040400-476895098):12)
10-31 18:38:36.089 29486 29647 W AsyncOperation: 	at cjoq.run(:com.google.android.gms@223616019@22.36.16 (040400-476895098):2)
10-31 18:38:36.089 29486 29647 W AsyncOperation: 	at aarl.c(:com.google.android.gms@223616019@22.36.16 (040400-476895098):6)
10-31 18:38:36.089 29486 29647 W AsyncOperation: 	at aarl.run(:com.google.android.gms@223616019@22.36.16 (040400-476895098):7)
10-31 18:38:36.089 29486 29647 W AsyncOperation: 	at java.util.concurrent.ThreadPoolExecutor.runWorker(ThreadPoolExecutor.java:1162)
10-31 18:38:36.089 29486 29647 W AsyncOperation: 	at java.util.concurrent.ThreadPoolExecutor$Worker.run(ThreadPoolExecutor.java:636)
10-31 18:38:36.089 29486 29647 W AsyncOperation: 	at aaws.run(:com.google.android.gms@223616019@22.36.16 (040400-476895098):0)
10-31 18:38:36.089 29486 29647 W AsyncOperation: 	at java.lang.Thread.run(Thread.java:764)
10-31 18:38:36.096 11487 11487 W RecyclerView: No adapter attached; skipping layout
10-31 18:38:36.097 11487 11516 I Adreno  : PFP: 0x00000000, ME: 0x00000000
10-31 18:38:36.102 11487 11516 I OpenGLRenderer: Initialized EGL, version 1.4
10-31 18:38:36.102 11487 11516 D OpenGLRenderer: Swap behavior 2
10-31 18:38:36.105 11487 11487 I cr_StartSurfaceConfig: Recorded Startup.Android.FirstDrawCompletedTime.NoInstant = 99 ms
10-31 18:38:36.112 11487 11504 D NetworkSecurityConfig: Using Network Security Config from resource 0_resource_name_obfuscated debugBuild: false
10-31 18:38:36.380   361   361 W /system/bin/hwservicemanager: getTransportFromManifest: Cannot find entry android.hardware.graphics.mapper@2.0::IMapper in either framework or device manifest, using default transport.
10-31 18:38:36.383 11487 11516 I vndksupport: sphal namespace is not configured for this process. Loading /vendor/lib/hw/gralloc.msm8992.so from the current namespace instead.
10-31 18:38:36.430   772   797 I ActivityManager: Displayed com.android.chrome/org.chromium.chrome.browser.firstrun.FirstRunActivity: +465ms (total +839ms)
10-31 18:38:36.447 24117 24145 I PBSessionCacheImpl: Deleted sessionId[7988131680419] from persistence.
10-31 18:38:36.450 29407 29407 I MemoryTrimmer: Trimming objects from memory, since app is in the background.
10-31 18:38:36.461 29407 11225 V rsC++   : RS Message thread exiting.
10-31 18:38:36.491 24117 24117 I MicroDetector: Keeping mic open: false
10-31 18:38:36.492 24117 24260 I DeviceStateChecker: DeviceStateChecker cancelled
10-31 18:38:36.492 24117  6199 I AudioController: internalShutdown
10-31 18:38:36.492 24117  6199 I MicrophoneInputStream: mic_close com.google.android.apps.gsa.speech.audio.af@bfefc8
10-31 18:38:36.494 24117 24152 I MicroRecognitionRunner: Stopping hotword detection.
10-31 18:38:36.536   556 11228 D audio_hw_primary: disable_audio_route: usecase(9) reset and update mixer path: audio-record
10-31 18:38:36.537   556 11228 D audio_hw_primary: disable_snd_device: snd_device(72: voice-rec-mic)
10-31 18:38:36.540   556 11228 D sound_trigger_platform: platform_stdev_check_and_update_concurrency: concurrency active 0, tx 0, rx 0, concurrency session_allowed 1
10-31 18:38:36.542   556   753 I SoundTriggerHwService::Module: onCallbackEvent no clients
10-31 18:38:36.544 24117 24147 I MicroRecognitionRunner: Detection finished
10-31 18:38:36.646 11487 11504 I cr_VariationsSeedFetch: Fetched first run seed in 536 ms
10-31 18:38:36.670 11524 11524 E /system/bin/webview_zygote32: failed to make and chown /acct/uid_99914: Permission denied
10-31 18:38:36.671 11524 11524 E Zygote  : createProcessGroup(99914, 0) failed: Permission denied
10-31 18:38:36.674   772   784 I ActivityManager: Start proc 11524:com.android.chrome:sandboxed_process0/u0i914 for webview_service com.android.chrome/org.chromium.content.app.SandboxedProcessService0
10-31 18:38:36.689 11524 11524 I SamplingProfilerIntegration: Profiling disabled.
10-31 18:38:36.707 11538 11538 E asset   : setgid: Operation not permitted
10-31 18:38:36.733 11524 11524 I cr_SplitCompatApp: Launched version=106.0.5249.79 minSdkVersion=24 isBundle=true processName=com.android.chrome:sandboxed_process0 isIsolated=true
10-31 18:38:36.737 11524 11524 W SystemServiceRegistry: No service published for: uimode
10-31 18:38:36.744 11524 11524 I cr_ChildProcessService: Creating new ChildProcessService pid=11524
10-31 18:38:36.753 11524 11524 E WebViewFactory: can't load with relro file; address space not reserved
10-31 18:38:36.861   772 10893 I ActivityManager: Start proc 11555:com.android.chrome:privileged_process0/u0a60 for service com.android.chrome/org.chromium.content.app.PrivilegedProcessService0
10-31 18:38:36.897 11487 11487 I cr_SmsProviderGms: construction successfull y93@2a7674f, v93@8db3edc
10-31 18:38:36.905 29692 29692 D BoundBrokerSvc: onBind: Intent { act=com.google.android.gms.auth.key.retrieval.service.START dat=chimera-action:com.google.android.gms.auth.key.retrieval.service.START cmp=com.google.android.gms/.chimera.GmsApiService }
10-31 18:38:36.905 29692 29692 D BoundBrokerSvc: Loading bound service for intent: Intent { act=com.google.android.gms.auth.key.retrieval.service.START dat=chimera-action:com.google.android.gms.auth.key.retrieval.service.START cmp=com.google.android.gms/.chimera.GmsApiService }
10-31 18:38:36.923 11555 11555 I cr_SplitCompatApp: Launched version=106.0.5249.79 minSdkVersion=24 isBundle=true processName=com.android.chrome:privileged_process0 isIsolated=false
10-31 18:38:36.934 11555 11555 I cr_ChildProcessService: Creating new ChildProcessService pid=11555
10-31 18:38:36.962 11487 11487 W cr_KnoxSettingsProvider: Permission to read device policy denied.
10-31 18:38:36.984 11555 11573 I cr_LibraryLoader: Successfully loaded native library
10-31 18:38:36.984 11555 11573 I cr_CachingUmaRecorder: Flushed 3 samples from 3 histograms.
10-31 18:38:37.000 11555 11573 I Adreno  : QUALCOMM build                   : 7142022, Ib5823dd10c
10-31 18:38:37.000 11555 11573 I Adreno  : Build Date                       : 06/23/17
10-31 18:38:37.000 11555 11573 I Adreno  : OpenGL ES Shader Compiler Version: EV031.18.00.00
10-31 18:38:37.000 11555 11573 I Adreno  : Local Branch                     : O11A
10-31 18:38:37.000 11555 11573 I Adreno  : Remote Branch                    : 
10-31 18:38:37.000 11555 11573 I Adreno  : Remote Branch                    : 
10-31 18:38:37.000 11555 11573 I Adreno  : Reconstruct Branch               : 
10-31 18:38:37.000 11555 11573 I vndksupport: sphal namespace is not configured for this process. Loading /vendor/lib/hw/gralloc.msm8992.so from the current namespace instead.
10-31 18:38:37.004 11555 11573 I Adreno  : PFP: 0x00000000, ME: 0x00000000
10-31 18:38:38.280 11582 11582 E /system/bin/webview_zygote32: failed to make and chown /acct/uid_99915: Permission denied
10-31 18:38:38.280 11582 11582 E Zygote  : createProcessGroup(99915, 0) failed: Permission denied
10-31 18:38:38.282   772 10895 I ActivityManager: Start proc 11582:com.android.chrome:sandboxed_process1/u0i915 for webview_service com.android.chrome/org.chromium.content.app.SandboxedProcessService1
10-31 18:38:38.296 11582 11582 I SamplingProfilerIntegration: Profiling disabled.
10-31 18:38:38.316 11595 11595 E asset   : setgid: Operation not permitted
10-31 18:38:38.347 11582 11582 I cr_SplitCompatApp: Launched version=106.0.5249.79 minSdkVersion=24 isBundle=true processName=com.android.chrome:sandboxed_process1 isIsolated=true
10-31 18:38:38.354 11582 11582 W SystemServiceRegistry: No service published for: uimode
10-31 18:38:38.365 11582 11582 I cr_ChildProcessService: Creating new ChildProcessService pid=11582
10-31 18:38:38.377 11582 11582 E WebViewFactory: can't load with relro file; address space not reserved
10-31 18:38:38.389 11582 11597 I cr_LibraryLoader: Successfully loaded native library
10-31 18:38:38.390 11582 11597 I cr_CachingUmaRecorder: Flushed 3 samples from 3 histograms.
10-31 18:38:38.425 11582 11597 I chromium: [INFO:child_process_service.cc(69)] ChildProcessService: Exiting child process.
10-31 18:38:38.427   422   422 E lowmemorykiller: Error writing /proc/11582/oom_score_adj; errno=22
10-31 18:38:38.428   772   785 I ActivityManager: Killing 11582:com.android.chrome:sandboxed_process1/u0a60i915 (adj 0): isolated not needed
10-31 18:38:38.429   772   790 W zygote64: failed to open /acct/uid_99915/pid_11582/cgroup.procs: No such file or directory
10-31 18:38:39.179 11487 11487 E cr_BTSPrefs: No data found for task id: 53
10-31 18:38:39.180 11487 11487 E cr_BkgrdTaskScheduler: Task cannot be canceled because no data was found instorage or data was invalid
10-31 18:38:39.264   772   781 I zygote64: Background concurrent copying GC freed 71521(3MB) AllocSpace objects, 48(1112KB) LOS objects, 42% free, 16MB/29MB, paused 879us total 108.465ms
10-31 18:38:41.522 24117 24260 I EventLogSendingHelper: Sending log events.
10-31 18:38:42.446 11623 11623 D AndroidRuntime: >>>>>> START com.android.internal.os.RuntimeInit uid 2000 <<<<<<
10-31 18:38:42.600 11623 11623 D AndroidRuntime: Calling main entry com.android.commands.input.Input
10-31 18:38:42.611 11623 11623 I Input   : injectMotionEvent: MotionEvent { action=ACTION_DOWN, actionButton=0, id[0]=0, x[0]=540.0, y[0]=1660.0, toolType[0]=TOOL_TYPE_UNKNOWN, buttonState=0, metaState=0, flags=0x0, edgeFlags=0x0, pointerCount=1, historySize=0, eventTime=556420870, downTime=556420870, deviceId=8, source=0x1002 }
10-31 18:38:42.620 11623 11623 I Input   : injectMotionEvent: MotionEvent { action=ACTION_UP, actionButton=0, id[0]=0, x[0]=540.0, y[0]=1660.0, toolType[0]=TOOL_TYPE_UNKNOWN, buttonState=0, metaState=0, flags=0x0, edgeFlags=0x0, pointerCount=1, historySize=0, eventTime=556420870, downTime=556420870, deviceId=8, source=0x1002 }
10-31 18:38:42.625 11623 11623 D AndroidRuntime: Shutting down VM
10-31 18:38:42.641   556  6498 D audio_hw_primary: enable_snd_device: snd_device(88: vi-feedback)
10-31 18:38:42.641   556  6498 D audio_hw_primary: enable_audio_route: usecase(23) apply and update mixer path: spkr-vi-record
10-31 18:38:42.670   556  6498 D audio_hw_primary: enable_audio_route: usecase(1) apply and update mixer path: low-latency-playback
10-31 18:38:43.203   556   731 D audio_hw_primary: disable_audio_route: usecase(1) reset and update mixer path: low-latency-playback
10-31 18:38:43.220   556   731 D audio_hw_primary: disable_snd_device: snd_device(88: vi-feedback)
10-31 18:38:43.220   556   731 D audio_hw_primary: disable_audio_route: usecase(23) reset and update mixer path: spkr-vi-record
10-31 18:38:44.055 11638 11638 D AndroidRuntime: >>>>>> START com.android.internal.os.RuntimeInit uid 2000 <<<<<<
10-31 18:38:44.080   772 11041 D ApfFilter: (wlan0): Adding RA fe80::6a02:b8ff:fe40:f25a -> ff02::1 1800s 2001:1c00:306:100::/64 1105211s/500411s DNS 360s 2001:b88:1002::10 2001:b88:1202::10 2001:730:3e42:1000::53
10-31 18:38:44.185 11638 11638 D AndroidRuntime: Calling main entry com.android.commands.input.Input
10-31 18:38:44.197 11638 11638 I Input   : injectMotionEvent: MotionEvent { action=ACTION_DOWN, actionButton=0, id[0]=0, x[0]=180.0, y[0]=1690.0, toolType[0]=TOOL_TYPE_UNKNOWN, buttonState=0, metaState=0, flags=0x0, edgeFlags=0x0, pointerCount=1, historySize=0, eventTime=556422454, downTime=556422454, deviceId=8, source=0x1002 }
10-31 18:38:44.201 11638 11638 I Input   : injectMotionEvent: MotionEvent { action=ACTION_UP, actionButton=0, id[0]=0, x[0]=180.0, y[0]=1690.0, toolType[0]=TOOL_TYPE_UNKNOWN, buttonState=0, metaState=0, flags=0x0, edgeFlags=0x0, pointerCount=1, historySize=0, eventTime=556422454, downTime=556422454, deviceId=8, source=0x1002 }
10-31 18:38:44.204 11638 11638 D AndroidRuntime: Shutting down VM
10-31 18:38:44.232   556  6498 D audio_hw_primary: enable_snd_device: snd_device(88: vi-feedback)
10-31 18:38:44.232   556  6498 D audio_hw_primary: enable_audio_route: usecase(23) apply and update mixer path: spkr-vi-record
10-31 18:38:44.232   772  3854 I ActivityManager: START u0 {act=android.intent.action.VIEW flg=0x10008000 cmp=com.android.chrome/com.google.android.apps.chrome.Main (has extras)} from uid 10060
10-31 18:38:44.236   772   830 E ResourceType: Style contains key with bad entry: 0x0101062c
10-31 18:38:44.238   772   830 E ResourceType: Style contains key with bad entry: 0x0101062c
10-31 18:38:44.254 11487 11487 E ResourceType: Style contains key with bad entry: 0x0101062c
10-31 18:38:44.258   556  6498 D audio_hw_primary: enable_audio_route: usecase(1) apply and update mixer path: low-latency-playback
10-31 18:38:44.261 11487 11487 E ResourceType: Style contains key with bad entry: 0x0101062c
10-31 18:38:44.309 11487 11487 W ResourceType: Failure getting entry for 0x7f010055 (t=0 e=85) (error -75)
10-31 18:38:44.343 11487 11487 I cr_CompositorSurfaceMgr: Transitioning to surface with format: -1
10-31 18:38:44.348 11487 11487 W ResourceType: Failure getting entry for 0x7f010530 (t=0 e=1328) (error -75)
10-31 18:38:44.403 11487 11545 W cr_tabmodel: Starting to perform legacy migration.
10-31 18:38:44.408 11487 11545 W cr_tabmodel: Finished performing legacy migration.
10-31 18:38:44.408 11487 11545 W cr_tabmodel: Starting to perform multi-instance migration.
10-31 18:38:44.408 11487 11545 W cr_tabmodel: Finished performing multi-instance migration.
10-31 18:38:44.408 11487 11545 I cr_tabmodel: Starting to fetch tab list for tab_state0
10-31 18:38:44.408 11487 11545 I cr_tabmodel: State file does not exist.
10-31 18:38:44.408 11487 11545 I cr_tabmodel: Starting to fetch tab list for tab_state1
10-31 18:38:44.408 11487 11545 I cr_tabmodel: State file does not exist.
10-31 18:38:44.449   772   996 W ActivityManager: Duplicate finish request for ActivityRecord{c6174bd u0 com.android.chrome/org.chromium.chrome.browser.firstrun.FirstRunActivity t901 f}
10-31 18:38:44.454 11487 11545 W cr_PartnerCustomize: Partner homepage must be HTTP(S) or NewTabPage. Got invalid URL "org.chromium.url.GURL@0"
10-31 18:38:44.509 11487 11487 I cr_StartSurfaceConfig: Recorded Startup.Android.FirstDrawCompletedTime.NoInstant = 238 ms
10-31 18:38:44.517 11487 11516 D OpenGLRenderer: endAllActiveAnimators on 0xc634e700 (RippleDrawable) with handle 0xc6337620
10-31 18:38:44.523 11487 11487 I cr_CompositorSurfaceMgr: Transitioning to surface with format: -1
10-31 18:38:44.526 11487 11487 I cr_CompositorSurfaceMgr: surfaceCreated format: 0
10-31 18:38:44.534 11487 11487 I cr_ChromeTabbedActivity: #initializeState
10-31 18:38:44.535 11487 11487 I cr_CipherFactory: #restoreFromBundle, no savedInstanceState.
10-31 18:38:44.535 11487 11487 I cr_tabmodel: #loadState, ignoreIncognitoFiles? true
10-31 18:38:44.543 11487 11487 I cr_tabmodel: Loaded tab lists; counts: 0,0
10-31 18:38:44.543 11487 11487 I cr_ChromeTabbedActivity: #createInitialTab executed.
10-31 18:38:44.572 11487 11487 E ResourceType: Style contains key with bad entry: 0x0101062c
10-31 18:38:44.586   772  4540 E BatteryStatsService: no controller energy info supplied
10-31 18:38:44.586   772  4540 E BatteryStatsService: no controller energy info supplied
10-31 18:38:44.609   772   788 W ProcessCpuTracker: Skipping unknown process pid 11673
10-31 18:38:44.618 11487 11487 W ResourceType: Failure getting entry for 0x7f010565 (t=0 e=1381) (error -75)
10-31 18:38:44.627 11487 11487 W ResourceType: Failure getting entry for 0x7f010551 (t=0 e=1361) (error -75)
10-31 18:38:44.705 11487 11487 W ResourceType: Failure getting entry for 0x7f01059a (t=0 e=1434) (error -75)
10-31 18:38:44.744   772  2970 W AppOps  : Bad call: specified package com.google.android.gms under uid 10060 but it is really 10020
10-31 18:38:44.744   772  2970 W AppOps  : java.lang.RuntimeException: here
10-31 18:38:44.744   772  2970 W AppOps  : 	at com.android.server.AppOpsService.getOpsRawLocked(AppOpsService.java:1319)
10-31 18:38:44.744   772  2970 W AppOps  : 	at com.android.server.AppOpsService.checkPackage(AppOpsService.java:1038)
10-31 18:38:44.744   772  2970 W AppOps  : 	at com.android.internal.app.IAppOpsService$Stub.onTransact(IAppOpsService.java:169)
10-31 18:38:44.744   772  2970 W AppOps  : 	at android.os.Binder.execTransact(Binder.java:674)
10-31 18:38:44.745   772 13021 W AppOps  : Bad call: specified package com.google.android.gms under uid 10060 but it is really 10020
10-31 18:38:44.745   772 13021 W AppOps  : java.lang.RuntimeException: here
10-31 18:38:44.745   772 13021 W AppOps  : 	at com.android.server.AppOpsService.getOpsRawLocked(AppOpsService.java:1319)
10-31 18:38:44.745   772 13021 W AppOps  : 	at com.android.server.AppOpsService.checkPackage(AppOpsService.java:1038)
10-31 18:38:44.745   772 13021 W AppOps  : 	at com.android.internal.app.IAppOpsService$Stub.onTransact(IAppOpsService.java:169)
10-31 18:38:44.745   772 13021 W AppOps  : 	at android.os.Binder.execTransact(Binder.java:674)
10-31 18:38:44.746   772 10895 W AppOps  : Bad call: specified package com.google.android.gms under uid 10060 but it is really 10020
10-31 18:38:44.746   772 10895 W AppOps  : java.lang.RuntimeException: here
10-31 18:38:44.746   772 10895 W AppOps  : 	at com.android.server.AppOpsService.getOpsRawLocked(AppOpsService.java:1319)
10-31 18:38:44.746   772 10895 W AppOps  : 	at com.android.server.AppOpsService.checkPackage(AppOpsService.java:1038)
10-31 18:38:44.746   772 10895 W AppOps  : 	at com.android.internal.app.IAppOpsService$Stub.onTransact(IAppOpsService.java:169)
10-31 18:38:44.746   772 10895 W AppOps  : 	at android.os.Binder.execTransact(Binder.java:674)
10-31 18:38:44.747   772 20193 W AppOps  : Bad call: specified package com.google.android.gms under uid 10060 but it is really 10020
10-31 18:38:44.747   772 20193 W AppOps  : java.lang.RuntimeException: here
10-31 18:38:44.747   772 20193 W AppOps  : 	at com.android.server.AppOpsService.getOpsRawLocked(AppOpsService.java:1319)
10-31 18:38:44.747   772 20193 W AppOps  : 	at com.android.server.AppOpsService.checkPackage(AppOpsService.java:1038)
10-31 18:38:44.747   772 20193 W AppOps  : 	at com.android.internal.app.IAppOpsService$Stub.onTransact(IAppOpsService.java:169)
10-31 18:38:44.747   772 20193 W AppOps  : 	at android.os.Binder.execTransact(Binder.java:674)
10-31 18:38:44.771 11487 11487 E cr_IntentUtils: getBooleanExtra failed on intent null
10-31 18:38:44.771 11487 11487 E cr_IntentUtils: getBooleanExtra failed on intent null
10-31 18:38:44.774 11524 11540 I cr_LibraryLoader: Successfully loaded native library
10-31 18:38:44.777   556   731 D audio_hw_primary: disable_audio_route: usecase(1) reset and update mixer path: low-latency-playback
10-31 18:38:44.779 11524 11540 I cr_CachingUmaRecorder: Flushed 3 samples from 3 histograms.
10-31 18:38:44.791   556   731 D audio_hw_primary: disable_snd_device: snd_device(88: vi-feedback)
10-31 18:38:44.791   556   731 D audio_hw_primary: disable_audio_route: usecase(23) reset and update mixer path: spkr-vi-record
10-31 18:38:44.800 11487 11487 W ResourceType: Failure getting entry for 0x7f010888 (t=0 e=2184) (error -75)
10-31 18:38:44.815 11487 11487 I chatty  : uid=10060(u0_a60) identical 6 lines
10-31 18:38:44.816 11487 11487 W ResourceType: Failure getting entry for 0x7f010888 (t=0 e=2184) (error -75)
10-31 18:38:44.818 11487 11487 I cr_TopSites: Start a new task.
10-31 18:38:44.819 11487 11543 I cr_TopSites: Serializing top sites lists finished; count: 8
10-31 18:38:44.831 11487 11543 I cr_TopSites: Finished saving top sites list to file:/data/user/0/com.android.chrome/app_top_sites/top_sites
10-31 18:38:44.839   361   361 W /system/bin/hwservicemanager: getTransportFromManifest: Cannot find entry android.hardware.graphics.mapper@2.0::IMapper in either framework or device manifest, using default transport.
10-31 18:38:44.842 11555 11573 I vndksupport: sphal namespace is not configured for this process. Loading /vendor/lib/hw/gralloc.msm8992.so from the current namespace instead.
10-31 18:38:44.848 11693 11693 E /system/bin/webview_zygote32: failed to make and chown /acct/uid_99916: Permission denied
10-31 18:38:44.848 11693 11693 E Zygote  : createProcessGroup(99916, 0) failed: Permission denied
10-31 18:38:44.858   772  3041 I ActivityManager: Start proc 11693:com.android.chrome:sandboxed_process2/u0i916 for webview_service com.android.chrome/org.chromium.content.app.SandboxedProcessService2
10-31 18:38:44.862 29486 29498 I FontLog : Received query name=Google Sans&weight=700&besteffort=false, URI content://com.google.android.gms.fonts [CONTEXT service_id=132 ]
10-31 18:38:44.863 29486 29498 I FontLog : Query [name=Google Sans&weight=700&besteffort=false] resolved to {Google Sans, wdth 100.0, wght 700, ital 0.0, bestEffort false} [CONTEXT service_id=132 ]
10-31 18:38:44.870 29486 29498 I FontLog : Fetch {Google Sans, wdth 100.0, wght 700, ital 0.0, bestEffort false} end status Status{statusCode=SUCCESS, resolution=null} [CONTEXT service_id=132 ]
10-31 18:38:44.879   772 10860 I ActivityManager: Start proc 11709:com.android.chrome:sandboxed_process3/u0i917 for webview_service com.android.chrome/org.chromium.content.app.SandboxedProcessService3
10-31 18:38:44.882 11709 11709 E /system/bin/webview_zygote32: failed to make and chown /acct/uid_99917: Permission denied
10-31 18:38:44.882 11709 11709 E Zygote  : createProcessGroup(99917, 0) failed: Permission denied
10-31 18:38:44.886 29486 29497 I FontLog : Pulling font file for id = 385, cache size = 10 [CONTEXT service_id=132 ]
10-31 18:38:44.896 11723 11723 E /system/bin/webview_zygote32: failed to make and chown /acct/uid_99918: Permission denied
10-31 18:38:44.896 11723 11723 E Zygote  : createProcessGroup(99918, 0) failed: Permission denied
10-31 18:38:44.897 11693 11693 I SamplingProfilerIntegration: Profiling disabled.
10-31 18:38:44.900 11487 11487 W ResourceType: Failure getting entry for 0x7f010216 (t=0 e=534) (error -75)
10-31 18:38:44.903 11487 11487 W ResourceType: Failure getting entry for 0x7f0107c9 (t=0 e=1993) (error -75)
10-31 18:38:44.903 11709 11709 I SamplingProfilerIntegration: Profiling disabled.
10-31 18:38:44.904   772 29404 I ActivityManager: Start proc 11723:com.android.chrome:sandboxed_process4/u0i918 for webview_service com.android.chrome/org.chromium.content.app.SandboxedProcessService4
10-31 18:38:44.920 11723 11723 I SamplingProfilerIntegration: Profiling disabled.
10-31 18:38:44.920 11487 11487 W ResourceType: Failure getting entry for 0x7f010827 (t=0 e=2087) (error -75)
10-31 18:38:44.921 11737 11737 E /system/bin/webview_zygote32: failed to make and chown /acct/uid_99919: Permission denied
10-31 18:38:44.921 11737 11737 E Zygote  : createProcessGroup(99919, 0) failed: Permission denied
10-31 18:38:44.922   772 32228 I ActivityManager: Start proc 11737:com.android.chrome:sandboxed_process5/u0i919 for webview_service com.android.chrome/org.chromium.content.app.SandboxedProcessService5
10-31 18:38:44.929 29486 29498 I FontLog : Received query name=Noto Color Emoji Compat&weight=400&besteffort=false, URI content://com.google.android.gms.fonts [CONTEXT service_id=132 ]
10-31 18:38:44.929 29486 29498 I FontLog : Query [name=Noto Color Emoji Compat&weight=400&besteffort=false] resolved to {Noto Color Emoji Compat, wdth 100.0, wght 400, ital 0.0, bestEffort false} [CONTEXT service_id=132 ]
10-31 18:38:44.931 11487 11487 I cr_OfflineIndicator: onConnectionTypeChanged 2
10-31 18:38:44.931 11487 11487 I cr_OfflineIndicator: Reported by system: [ Transports: WIFI Capabilities: NOT_METERED&INTERNET&NOT_RESTRICTED&TRUSTED&NOT_VPN&VALIDATED&FOREGROUND LinkUpBandwidth>=1048576Kbps LinkDnBandwidth>=1048576Kbps SignalStrength: -65]
10-31 18:38:44.932 11487 11487 I cr_OfflineIndicator: setConnectionState connectionState=4
10-31 18:38:44.932 11487 11487 I cr_OfflineDetector: Running updateState mConnectivityDetectorInitialized: true, mTimeWhenLastForegrounded: 1113979097, getElapsedTime: 1113979098, mTimeWhenLastOfflineNotificationReceived: 0, mTimeWhenLastOnline: 1113979098, mApplicationState: 1, mIsOfflineLastReportedByConnectivityDetector: false, mIsEffectivelyOffline: false
10-31 18:38:44.932 11487 11487 I cr_OfflineDetector: updateState(): timeSinceLastForeground: 1, timeSinceOfflineNotificationReceived: 1113979098, timeSinceLastOnline: 0, timeNeededForForeground: 1999, timeNeededForOffline: -1113977098
10-31 18:38:44.932 11487 11487 I cr_OfflineIndicator: processConnectivityCheckResult mConnectionState=4 mConnectivityCheckingStage=1
10-31 18:38:44.932 29486 29498 I FontLog : Fetch {Noto Color Emoji Compat, wdth 100.0, wght 400, ital 0.0, bestEffort false} end status Status{statusCode=SUCCESS, resolution=null} [CONTEXT service_id=132 ]
10-31 18:38:44.941 29486 29650 I FontLog : Pulling font file for id = 386, cache size = 11 [CONTEXT service_id=132 ]
10-31 18:38:44.943 11748 11748 E asset   : setgid: Operation not permitted
10-31 18:38:44.946 11737 11737 I SamplingProfilerIntegration: Profiling disabled.
10-31 18:38:44.949 11753 11753 E asset   : setgid: Operation not permitted
10-31 18:38:44.950   772  1324 I ActivityManager: Start proc 11750:com.android.chrome:sandboxed_process6/u0i920 for webview_service com.android.chrome/org.chromium.content.app.SandboxedProcessService6
10-31 18:38:44.950 11750 11750 E /system/bin/webview_zygote32: failed to make and chown /acct/uid_99920: Permission denied
10-31 18:38:44.951 11750 11750 E Zygote  : createProcessGroup(99920, 0) failed: Permission denied
10-31 18:38:44.954 29486 30686 I FontLog : Received query name=Google Sans&weight=400&besteffort=false, URI content://com.google.android.gms.fonts [CONTEXT service_id=132 ]
10-31 18:38:44.955 29486 30686 I FontLog : Query [name=Google Sans&weight=400&besteffort=false] resolved to {Google Sans, wdth 100.0, wght 400, ital 0.0, bestEffort false} [CONTEXT service_id=132 ]
10-31 18:38:44.956 29486 30686 I FontLog : Font PFD returned from cache for {Google Sans, wdth 100.0, wght 400, ital 0.0, bestEffort false} [CONTEXT service_id=132 ]
10-31 18:38:44.957 29486 30686 I FontLog : Fetch {Google Sans, wdth 100.0, wght 400, ital 0.0, bestEffort false} end status Status{statusCode=SUCCESS, resolution=null} [CONTEXT service_id=132 ]
10-31 18:38:44.959 11756 11756 E asset   : setgid: Operation not permitted
10-31 18:38:44.963 11763 11763 E /system/bin/webview_zygote32: failed to make and chown /acct/uid_99921: Permission denied
10-31 18:38:44.963 11763 11763 E Zygote  : createProcessGroup(99921, 0) failed: Permission denied
10-31 18:38:44.965   772   784 I ActivityManager: Start proc 11763:com.android.chrome:sandboxed_process7/u0i921 for webview_service com.android.chrome/org.chromium.content.app.SandboxedProcessService7
10-31 18:38:44.969 11750 11750 I SamplingProfilerIntegration: Profiling disabled.
10-31 18:38:44.972 29486 29498 I FontLog : Pulling font file for id = 387, cache size = 12 [CONTEXT service_id=132 ]
10-31 18:38:44.973 11487 11487 W ResourceType: Failure getting entry for 0x7f010415 (t=0 e=1045) (error -75)
10-31 18:38:44.985 11763 11763 I SamplingProfilerIntegration: Profiling disabled.
10-31 18:38:44.991 11783 11783 E /system/bin/webview_zygote32: failed to make and chown /acct/uid_99922: Permission denied
10-31 18:38:44.991 11783 11783 E Zygote  : createProcessGroup(99922, 0) failed: Permission denied
10-31 18:38:44.991   772 13021 I ActivityManager: Start proc 11783:com.android.chrome:sandboxed_process8/u0i922 for webview_service com.android.chrome/org.chromium.content.app.SandboxedProcessService8
10-31 18:38:45.000 11709 11709 I cr_SplitCompatApp: Launched version=106.0.5249.79 minSdkVersion=24 isBundle=true processName=com.android.chrome:sandboxed_process3 isIsolated=true
10-31 18:38:45.014 11723 11723 I cr_SplitCompatApp: Launched version=106.0.5249.79 minSdkVersion=24 isBundle=true processName=com.android.chrome:sandboxed_process4 isIsolated=true
10-31 18:38:45.021 11794 11794 E asset   : setgid: Operation not permitted
10-31 18:38:45.024 11709 11709 W SystemServiceRegistry: No service published for: uimode
10-31 18:38:45.027 11487 11487 I cr_tabmodel: Appending tabs being restored to metadata lists, 0, startingNormalCount: 1, startingIncognitoCount: 0
10-31 18:38:45.027 11487 11487 I cr_tabmodel: Serializing tab lists; counts: 1, 0
10-31 18:38:45.031   772   996 I ActivityManager: Start proc 11795:com.android.chrome:sandboxed_process9/u0i923 for webview_service com.android.chrome/org.chromium.content.app.SandboxedProcessService9
10-31 18:38:45.032 11723 11723 W SystemServiceRegistry: No service published for: uimode
10-31 18:38:45.033 29486 30686 I FontLog : Received query name=Google Sans&weight=500&besteffort=false, URI content://com.google.android.gms.fonts [CONTEXT service_id=132 ]
10-31 18:38:45.033 29486 30686 I FontLog : Query [name=Google Sans&weight=500&besteffort=false] resolved to {Google Sans, wdth 100.0, wght 500, ital 0.0, bestEffort false} [CONTEXT service_id=132 ]
10-31 18:38:45.035 29486 30686 I FontLog : Font PFD returned from cache for {Google Sans, wdth 100.0, wght 500, ital 0.0, bestEffort false} [CONTEXT service_id=132 ]
10-31 18:38:45.035 29486 30686 I FontLog : Fetch {Google Sans, wdth 100.0, wght 500, ital 0.0, bestEffort false} end status Status{statusCode=SUCCESS, resolution=null} [CONTEXT service_id=132 ]
10-31 18:38:45.037 29486 29498 I FontLog : Pulling font file for id = 388, cache size = 13 [CONTEXT service_id=132 ]
10-31 18:38:45.039 11800 11800 E asset   : setgid: Operation not permitted
10-31 18:38:45.039 11693 11693 I cr_SplitCompatApp: Launched version=106.0.5249.79 minSdkVersion=24 isBundle=true processName=com.android.chrome:sandboxed_process2 isIsolated=true
10-31 18:38:45.044 11795 11795 E /system/bin/webview_zygote32: failed to make and chown /acct/uid_99923: Permission denied
10-31 18:38:45.044 11795 11795 E Zygote  : createProcessGroup(99923, 0) failed: Permission denied
10-31 18:38:45.055 11801 11801 E asset   : setgid: Operation not permitted
10-31 18:38:45.059 11693 11693 W SystemServiceRegistry: No service published for: uimode
10-31 18:38:45.060 11783 11783 I SamplingProfilerIntegration: Profiling disabled.
10-31 18:38:45.063 11709 11709 I cr_ChildProcessService: Creating new ChildProcessService pid=11709
10-31 18:38:45.063 11723 11723 I cr_ChildProcessService: Creating new ChildProcessService pid=11723
10-31 18:38:45.077 11795 11795 I SamplingProfilerIntegration: Profiling disabled.
10-31 18:38:45.089 11709 11709 E WebViewFactory: can't load with relro file; address space not reserved
10-31 18:38:45.092 11723 11723 E WebViewFactory: can't load with relro file; address space not reserved
10-31 18:38:45.096 11709 11806 I cr_LibraryLoader: Successfully loaded native library
10-31 18:38:45.096 11709 11806 I cr_CachingUmaRecorder: Flushed 3 samples from 3 histograms.
10-31 18:38:45.109 11693 11693 I cr_ChildProcessService: Creating new ChildProcessService pid=11693
10-31 18:38:45.113 11820 11820 E asset   : setgid: Operation not permitted
10-31 18:38:45.115 11821 11821 E asset   : setgid: Operation not permitted
10-31 18:38:45.121 11750 11750 I cr_SplitCompatApp: Launched version=106.0.5249.79 minSdkVersion=24 isBundle=true processName=com.android.chrome:sandboxed_process6 isIsolated=true
10-31 18:38:45.125 11723 11807 I cr_LibraryLoader: Successfully loaded native library
10-31 18:38:45.126 11723 11807 I cr_CachingUmaRecorder: Flushed 3 samples from 3 histograms.
10-31 18:38:45.128 11693 11819 E WebViewFactory: can't load with relro file; address space not reserved
10-31 18:38:45.133 11737 11737 I cr_SplitCompatApp: Launched version=106.0.5249.79 minSdkVersion=24 isBundle=true processName=com.android.chrome:sandboxed_process5 isIsolated=true
10-31 18:38:45.134 11763 11763 I cr_SplitCompatApp: Launched version=106.0.5249.79 minSdkVersion=24 isBundle=true processName=com.android.chrome:sandboxed_process7 isIsolated=true
10-31 18:38:45.146 11750 11750 W SystemServiceRegistry: No service published for: uimode
10-31 18:38:45.147 11763 11763 W SystemServiceRegistry: No service published for: uimode
10-31 18:38:45.153 11737 11737 W SystemServiceRegistry: No service published for: uimode
10-31 18:38:45.155 11763 11763 I cr_ChildProcessService: Creating new ChildProcessService pid=11763
10-31 18:38:45.157 11693 11819 I cr_LibraryLoader: Successfully loaded native library
10-31 18:38:45.160 11693 11819 I cr_CachingUmaRecorder: Flushed 3 samples from 3 histograms.
10-31 18:38:45.164 11737 11737 I cr_ChildProcessService: Creating new ChildProcessService pid=11737
10-31 18:38:45.171 11487 11544 I cr_VrCoreVersionChecker: Unable to find VrCore.
10-31 18:38:45.174 11750 11750 I cr_ChildProcessService: Creating new ChildProcessService pid=11750
10-31 18:38:45.174 11763 11763 E WebViewFactory: can't load with relro file; address space not reserved
10-31 18:38:45.176 11795 11795 I cr_SplitCompatApp: Launched version=106.0.5249.79 minSdkVersion=24 isBundle=true processName=com.android.chrome:sandboxed_process9 isIsolated=true
10-31 18:38:45.180 11763 11839 I cr_LibraryLoader: Successfully loaded native library
10-31 18:38:45.181 11763 11839 I cr_CachingUmaRecorder: Flushed 3 samples from 3 histograms.
10-31 18:38:45.183 11750 11750 E WebViewFactory: can't load with relro file; address space not reserved
10-31 18:38:45.184 11487 11487 W ResourceType: Failure getting entry for 0x7f0100f9 (t=0 e=249) (error -75)
10-31 18:38:45.188 11487 11497 I zygote  : Background concurrent copying GC freed 15063(1270KB) AllocSpace objects, 2(40KB) LOS objects, 49% free, 4MB/9MB, paused 689us total 212.480ms
10-31 18:38:45.188 11795 11795 W SystemServiceRegistry: No service published for: uimode
10-31 18:38:45.191 11737 11737 E WebViewFactory: can't load with relro file; address space not reserved
10-31 18:38:45.193 11487 11487 W ResourceType: Failure getting entry for 0x7f010828 (t=0 e=2088) (error -75)
10-31 18:38:45.202 11750 11842 I cr_LibraryLoader: Successfully loaded native library
10-31 18:38:45.202 11795 11795 I cr_ChildProcessService: Creating new ChildProcessService pid=11795
10-31 18:38:45.202 11783 11783 I cr_SplitCompatApp: Launched version=106.0.5249.79 minSdkVersion=24 isBundle=true processName=com.android.chrome:sandboxed_process8 isIsolated=true
10-31 18:38:45.206 11750 11842 I cr_CachingUmaRecorder: Flushed 3 samples from 3 histograms.
10-31 18:38:45.208 11487 11487 W ResourceType: Failure getting entry for 0x7f010827 (t=0 e=2087) (error -75)
10-31 18:38:45.209 11795 11795 E WebViewFactory: can't load with relro file; address space not reserved
10-31 18:38:45.210 11737 11840 I cr_LibraryLoader: Successfully loaded native library
10-31 18:38:45.211 11737 11840 I cr_CachingUmaRecorder: Flushed 3 samples from 3 histograms.
10-31 18:38:45.214 11783 11783 W SystemServiceRegistry: No service published for: uimode
10-31 18:38:45.223 11783 11783 I cr_ChildProcessService: Creating new ChildProcessService pid=11783
10-31 18:38:45.229 11783 11783 E WebViewFactory: can't load with relro file; address space not reserved
10-31 18:38:45.231 11795 11853 I cr_LibraryLoader: Successfully loaded native library
10-31 18:38:45.232 11795 11853 I cr_CachingUmaRecorder: Flushed 3 samples from 3 histograms.
10-31 18:38:45.243 11709 11806 I chromium: [INFO:child_process_service.cc(69)] ChildProcessService: Exiting child process.
10-31 18:38:45.244   772 13022 I ActivityManager: Killing 11709:com.android.chrome:sandboxed_process3/u0a60i917 (adj 0): isolated not needed
10-31 18:38:45.245   772   790 W zygote64: failed to open /acct/uid_99917/pid_11709/cgroup.procs: No such file or directory
10-31 18:38:45.247 11693 11819 I chromium: [INFO:child_process_service.cc(69)] ChildProcessService: Exiting child process.
10-31 18:38:45.247 11723 11807 I chromium: [INFO:child_process_service.cc(69)] ChildProcessService: Exiting child process.
10-31 18:38:45.247 11763 11839 I chromium: [INFO:child_process_service.cc(69)] ChildProcessService: Exiting child process.
10-31 18:38:45.264 11783 11862 I cr_LibraryLoader: Successfully loaded native library
10-31 18:38:45.271 11783 11862 I cr_CachingUmaRecorder: Flushed 3 samples from 3 histograms.
10-31 18:38:45.273   772 20193 I ActivityManager: Start proc 11883:com.android.chrome:sandboxed_process10/u0i924 for webview_service com.android.chrome/org.chromium.content.app.SandboxedProcessService10
10-31 18:38:45.274   772   785 I ActivityManager: Process com.android.chrome:sandboxed_process2 (pid 11693) has died: vis  TOP 
10-31 18:38:45.274   772   785 W ActivityManager: Scheduling restart of crashed service com.android.chrome/org.chromium.content.app.SandboxedProcessService2 in 1000ms
10-31 18:38:45.277 11883 11883 E /system/bin/webview_zygote32: failed to make and chown /acct/uid_99924: Permission denied
10-31 18:38:45.277 11883 11883 E Zygote  : createProcessGroup(99924, 0) failed: Permission denied
10-31 18:38:45.279   772   790 W zygote64: failed to open /acct/uid_99916/pid_11693/cgroup.procs: No such file or directory
10-31 18:38:45.282   772   785 E JavaBinder: !!! FAILED BINDER TRANSACTION !!!  (parcel size = 76)
10-31 18:38:45.287 11737 11840 I chromium: [INFO:child_process_service.cc(69)] ChildProcessService: Exiting child process.
10-31 18:38:45.288   772  3037 I ActivityManager: Process com.android.chrome:sandboxed_process4 (pid 11723) has died: vis  TOP 
10-31 18:38:45.290   772   790 W zygote64: failed to open /acct/uid_99918/pid_11723/cgroup.procs: No such file or directory
10-31 18:38:45.290   772  3037 W ActivityManager: Scheduling restart of crashed service com.android.chrome/org.chromium.content.app.SandboxedProcessService4 in 10985ms
10-31 18:38:45.296 11487 11487 W chromium: [WARNING:compositor_view.cc(342)] Child process died (type=6) pid=11693)
10-31 18:38:45.298 11487 11487 W chromium: [WARNING:compositor_view.cc(342)] Child process died (type=6) pid=11723)
10-31 18:38:45.299 11487 11487 I Choreographer: Skipped 47 frames!  The application may be doing too much work on its main thread.
10-31 18:38:45.300 11750 11842 I chromium: [INFO:child_process_service.cc(69)] ChildProcessService: Exiting child process.
10-31 18:38:45.302 11795 11853 I chromium: [INFO:child_process_service.cc(69)] ChildProcessService: Exiting child process.
10-31 18:38:45.309 11883 11883 I SamplingProfilerIntegration: Profiling disabled.
10-31 18:38:45.309   422   422 E lowmemorykiller: Error writing /proc/11763/oom_score_adj; errno=22
10-31 18:38:45.309   772   785 I ActivityManager: Killing 11763:com.android.chrome:sandboxed_process7/u0a60i921 (adj 0): isolated not needed
10-31 18:38:45.311   422   422 E lowmemorykiller: Error writing /proc/11737/oom_score_adj; errno=22
10-31 18:38:45.312   772 13022 I ActivityManager: Killing 11737:com.android.chrome:sandboxed_process5/u0a60i919 (adj 0): isolated not needed
10-31 18:38:45.316   772   790 W zygote64: failed to open /acct/uid_99921/pid_11763/cgroup.procs: No such file or directory
10-31 18:38:45.316   772   790 W zygote64: failed to open /acct/uid_99919/pid_11737/cgroup.procs: No such file or directory
10-31 18:38:45.325   422   422 E lowmemorykiller: Error writing /proc/11750/oom_score_adj; errno=22
10-31 18:38:45.326   772  4539 I ActivityManager: Killing 11750:com.android.chrome:sandboxed_process6/u0a60i920 (adj 0): isolated not needed
10-31 18:38:45.327   772   790 W zygote64: failed to open /acct/uid_99920/pid_11750/cgroup.procs: No such file or directory
