10-31 00:28:48.833 15223 15223 W ThreadPoolForeg: type=1400 audit(0.0:12351): avc: denied { setattr } for name="manifest.json" dev="dm-2" ino=1505054 scontext=u:r:isolated_app:s0:c512,c768 tcontext=u:object_r:app_data_file:s0:c512,c768 tclass=file permissive=0
10-31 00:28:48.843 15223 15223 W ThreadPoolForeg: type=1400 audit(0.0:12352): avc: denied { setattr } for name="verified_contents.json" dev="dm-2" ino=1505056 scontext=u:r:isolated_app:s0:c512,c768 tcontext=u:object_r:app_data_file:s0:c512,c768 tclass=file permissive=0
10-31 00:28:48.854 15204 15218 I chromium: [INFO:child_process_service.cc(69)] ChildProcessService: Exiting child process.
10-31 00:28:48.858   422   422 E lowmemorykiller: Error writing /proc/15204/oom_score_adj; errno=22
10-31 00:28:48.859   772   785 I ActivityManager: Killing 15204:com.android.chrome:sandboxed_process28/u0a60i545 (adj 0): isolated not needed
10-31 00:28:48.859   772   790 W zygote64: failed to open /acct/uid_99545/pid_15204/cgroup.procs: No such file or directory
10-31 00:28:48.877 14323 14323 W chromium: [WARNING:compositor_view.cc(342)] Child process died (type=6) pid=15204)
10-31 00:28:50.719 15225 15225 E /system/bin/webview_zygote32: failed to make and chown /acct/uid_99546: Permission denied
10-31 00:28:50.719 15225 15225 E Zygote  : createProcessGroup(99546, 0) failed: Permission denied
10-31 00:28:50.723   772   784 I ActivityManager: Start proc 15225:com.android.chrome:sandboxed_process29/u0i546 for webview_service com.android.chrome/org.chromium.content.app.SandboxedProcessService29
10-31 00:28:50.760 15225 15225 I SamplingProfilerIntegration: Profiling disabled.
10-31 00:28:50.790 15238 15238 E asset   : setgid: Operation not permitted
10-31 00:28:50.832 15225 15225 I cr_SplitCompatApp: Launched version=106.0.5249.79 minSdkVersion=24 isBundle=true processName=com.android.chrome:sandboxed_process29 isIsolated=true
10-31 00:28:50.840 15225 15225 W SystemServiceRegistry: No service published for: uimode
10-31 00:28:50.853 15225 15225 I cr_ChildProcessService: Creating new ChildProcessService pid=15225
10-31 00:28:50.864 15225 15225 E WebViewFactory: can't load with relro file; address space not reserved
10-31 00:28:50.876 15225 15239 I cr_LibraryLoader: Successfully loaded native library
10-31 00:28:50.877 15225 15239 I cr_CachingUmaRecorder: Flushed 3 samples from 3 histograms.
10-31 00:28:50.927 15243 15243 W ThreadPoolForeg: type=1400 audit(0.0:12353): avc: denied { setattr } for name="optimization-hints.pb" dev="dm-2" ino=1505059 scontext=u:r:isolated_app:s0:c512,c768 tcontext=u:object_r:app_data_file:s0:c512,c768 tclass=file permissive=0
10-31 00:28:50.927 15243 15243 W ThreadPoolForeg: type=1400 audit(0.0:12354): avc: denied { setattr } for name="manifest.json" dev="dm-2" ino=1505060 scontext=u:r:isolated_app:s0:c512,c768 tcontext=u:object_r:app_data_file:s0:c512,c768 tclass=file permissive=0
10-31 00:28:50.933 15243 15243 W ThreadPoolForeg: type=1400 audit(0.0:12355): avc: denied { setattr } for name="verified_contents.json" dev="dm-2" ino=1505062 scontext=u:r:isolated_app:s0:c512,c768 tcontext=u:object_r:app_data_file:s0:c512,c768 tclass=file permissive=0
10-31 00:28:50.940 15225 15239 I chromium: [INFO:child_process_service.cc(69)] ChildProcessService: Exiting child process.
10-31 00:28:50.946   422   422 E lowmemorykiller: Error writing /proc/15225/oom_score_adj; errno=22
10-31 00:28:50.947   772  3037 I ActivityManager: Killing 15225:com.android.chrome:sandboxed_process29/u0a60i546 (adj 0): isolated not needed
10-31 00:28:50.947   772   790 W zygote64: failed to open /acct/uid_99546/pid_15225/cgroup.procs: No such file or directory
10-31 00:28:50.955 14323 14323 W chromium: [WARNING:compositor_view.cc(342)] Child process died (type=6) pid=15225)
10-31 00:28:53.260 15246 15246 E /system/bin/webview_zygote32: failed to make and chown /acct/uid_99547: Permission denied
10-31 00:28:53.260 15246 15246 E Zygote  : createProcessGroup(99547, 0) failed: Permission denied
10-31 00:28:53.265   772 32228 I ActivityManager: Start proc 15246:com.android.chrome:sandboxed_process30/u0i547 for webview_service com.android.chrome/org.chromium.content.app.SandboxedProcessService30
10-31 00:28:53.297 15246 15246 I SamplingProfilerIntegration: Profiling disabled.
10-31 00:28:53.331 15259 15259 E asset   : setgid: Operation not permitted
10-31 00:28:53.387 15246 15246 I cr_SplitCompatApp: Launched version=106.0.5249.79 minSdkVersion=24 isBundle=true processName=com.android.chrome:sandboxed_process30 isIsolated=true
10-31 00:28:53.395 15246 15246 W SystemServiceRegistry: No service published for: uimode
10-31 00:28:53.412 15246 15246 I cr_ChildProcessService: Creating new ChildProcessService pid=15246
10-31 00:28:53.432 15246 15246 E WebViewFactory: can't load with relro file; address space not reserved
10-31 00:28:53.447 15246 15260 I cr_LibraryLoader: Successfully loaded native library
10-31 00:28:53.448 15246 15260 I cr_CachingUmaRecorder: Flushed 3 samples from 3 histograms.
10-31 00:28:53.507 15263 15263 W ThreadPoolForeg: type=1400 audit(0.0:12356): avc: denied { setattr } for name="ssl_error_assistant.pb" dev="dm-2" ino=1505065 scontext=u:r:isolated_app:s0:c512,c768 tcontext=u:object_r:app_data_file:s0:c512,c768 tclass=file permissive=0
10-31 00:28:53.507 15263 15263 W ThreadPoolForeg: type=1400 audit(0.0:12357): avc: denied { setattr } for name="ssl_error_assistant.pb" dev="dm-2" ino=1505065 scontext=u:r:isolated_app:s0:c512,c768 tcontext=u:object_r:app_data_file:s0:c512,c768 tclass=file permissive=0
10-31 00:28:53.510 15263 15263 W ThreadPoolForeg: type=1400 audit(0.0:12358): avc: denied { setattr } for name="manifest.json" dev="dm-2" ino=1505066 scontext=u:r:isolated_app:s0:c512,c768 tcontext=u:object_r:app_data_file:s0:c512,c768 tclass=file permissive=0
10-31 00:28:53.517 15263 15263 W ThreadPoolForeg: type=1400 audit(0.0:12359): avc: denied { setattr } for name="verified_contents.json" dev="dm-2" ino=1505083 scontext=u:r:isolated_app:s0:c512,c768 tcontext=u:object_r:app_data_file:s0:c512,c768 tclass=file permissive=0
10-31 00:28:53.527 15246 15260 I chromium: [INFO:child_process_service.cc(69)] ChildProcessService: Exiting child process.
10-31 00:28:53.532   422   422 E lowmemorykiller: Error writing /proc/15246/oom_score_adj; errno=22
10-31 00:28:53.533   772 32228 I ActivityManager: Killing 15246:com.android.chrome:sandboxed_process30/u0a60i547 (adj 0): isolated not needed
10-31 00:28:53.534   772   790 W zygote64: failed to open /acct/uid_99547/pid_15246/cgroup.procs: No such file or directory
10-31 00:28:53.554 14323 14323 W chromium: [WARNING:compositor_view.cc(342)] Child process died (type=6) pid=15246)
10-31 00:28:56.349 15267 15267 E /system/bin/webview_zygote32: failed to make and chown /acct/uid_99548: Permission denied
10-31 00:28:56.349 15267 15267 E Zygote  : createProcessGroup(99548, 0) failed: Permission denied
10-31 00:28:56.355   772 10893 I ActivityManager: Start proc 15267:com.android.chrome:sandboxed_process31/u0i548 for webview_service com.android.chrome/org.chromium.content.app.SandboxedProcessService31
10-31 00:28:56.392 15267 15267 I SamplingProfilerIntegration: Profiling disabled.
10-31 00:28:56.420 15280 15280 E asset   : setgid: Operation not permitted
10-31 00:28:56.459 15267 15267 I cr_SplitCompatApp: Launched version=106.0.5249.79 minSdkVersion=24 isBundle=true processName=com.android.chrome:sandboxed_process31 isIsolated=true
10-31 00:28:56.466 15267 15267 W SystemServiceRegistry: No service published for: uimode
10-31 00:28:56.480 15267 15267 I cr_ChildProcessService: Creating new ChildProcessService pid=15267
10-31 00:28:56.491 15267 15267 E WebViewFactory: can't load with relro file; address space not reserved
10-31 00:28:56.504 15267 15282 I cr_LibraryLoader: Successfully loaded native library
10-31 00:28:56.506 15267 15282 I cr_CachingUmaRecorder: Flushed 3 samples from 3 histograms.
10-31 00:28:56.550 15285 15285 W ThreadPoolForeg: type=1400 audit(0.0:12360): avc: denied { setattr } for name="download_file_types.pb" dev="dm-2" ino=1505086 scontext=u:r:isolated_app:s0:c512,c768 tcontext=u:object_r:app_data_file:s0:c512,c768 tclass=file permissive=0
10-31 00:28:56.550 15285 15285 W ThreadPoolForeg: type=1400 audit(0.0:12361): avc: denied { setattr } for name="download_file_types.pb" dev="dm-2" ino=1505086 scontext=u:r:isolated_app:s0:c512,c768 tcontext=u:object_r:app_data_file:s0:c512,c768 tclass=file permissive=0
10-31 00:28:56.553 15285 15285 W ThreadPoolForeg: type=1400 audit(0.0:12362): avc: denied { setattr } for name="manifest.json" dev="dm-2" ino=1505087 scontext=u:r:isolated_app:s0:c512,c768 tcontext=u:object_r:app_data_file:s0:c512,c768 tclass=file permissive=0
10-31 00:28:56.560 15285 15285 W ThreadPoolForeg: type=1400 audit(0.0:12363): avc: denied { setattr } for name="verified_contents.json" dev="dm-2" ino=1505089 scontext=u:r:isolated_app:s0:c512,c768 tcontext=u:object_r:app_data_file:s0:c512,c768 tclass=file permissive=0
10-31 00:28:56.569 15267 15282 I chromium: [INFO:child_process_service.cc(69)] ChildProcessService: Exiting child process.
10-31 00:28:56.574   422   422 E lowmemorykiller: Error writing /proc/15267/oom_score_adj; errno=22
10-31 00:28:56.574   772 10893 I ActivityManager: Killing 15267:com.android.chrome:sandboxed_process31/u0a60i548 (adj 0): isolated not needed
10-31 00:28:56.576   772   790 W zygote64: failed to open /acct/uid_99548/pid_15267/cgroup.procs: No such file or directory
10-31 00:28:56.595 14323 14323 W chromium: [WARNING:compositor_view.cc(342)] Child process died (type=6) pid=15267)
10-31 00:28:58.627   772 32228 I ActivityManager: Force stopping com.android.chrome appid=10060 user=0: from pid 15299
10-31 00:28:58.627   772 32228 I ActivityManager: Killing 14393:com.android.chrome:privileged_process0/u0a60 (adj 0): stop com.android.chrome
10-31 00:28:58.629   772 32228 W ActivityManager: Scheduling restart of crashed service com.android.chrome/org.chromium.content.app.PrivilegedProcessService0 in 1000ms
10-31 00:28:58.634   772 32228 I ActivityManager: Killing 14323:com.android.chrome/u0a60 (adj 0): stop com.android.chrome
10-31 00:28:58.639 13542 13542 D BoundBrokerSvc: onUnbind: Intent { act=com.google.android.gms.auth.key.retrieval.service.START dat=chimera-action:com.google.android.gms.auth.key.retrieval.service.START cmp=com.google.android.gms/.chimera.GmsApiService }
10-31 00:28:58.640   772 32228 I ActivityManager: Killing 14832:com.android.chrome:sandboxed_process14/u0a60i531 (adj 0): isolated not needed
10-31 00:28:58.641   772 32228 W ActivityManager: Force removing ActivityRecord{73facfc u0 com.android.chrome/com.google.android.apps.chrome.Main t675}: app died, no saved state
10-31 00:28:58.643 14361 14361 I cr_ChildProcessService: Destroying ChildProcessService pid=14361
10-31 00:28:58.646   772 32228 I WindowManager: Failed to capture screenshot of Token{3b99f85 ActivityRecord{73facfc u0 com.android.chrome/com.google.android.apps.chrome.Main t675 f}} appWin=Window{8cb5a71 u0 com.android.chrome/com.google.android.apps.chrome.Main} drawState=4
10-31 00:28:58.657   772 32228 I ActivityManager: Killing 14361:com.android.chrome:sandboxed_process0/u0a60i517 (adj 0): isolated not needed
10-31 00:28:58.667  1311  1311 D CarrierSvcBindHelper: No carrier app for: 0
10-31 00:28:58.680  2964  2964 D RegisteredNfcFServicesCache: Service unchanged, not updating
10-31 00:28:58.689   772 20193 D ConnectivityService: ConnectivityService NetworkRequestInfo binderDied(NetworkRequest [ LISTEN id=1625, [ Capabilities: INTERNET&NOT_RESTRICTED&TRUSTED&FOREGROUND] ], android.os.BinderProxy@3a09bc1)
10-31 00:28:58.690   772 20193 D ConnectivityService: ConnectivityService NetworkRequestInfo binderDied(NetworkRequest [ LISTEN id=1623, [ Capabilities: INTERNET&NOT_RESTRICTED&TRUSTED&FOREGROUND] ], android.os.BinderProxy@31d4f66)
10-31 00:28:58.690   772 20193 D ConnectivityService: ConnectivityService NetworkRequestInfo binderDied(NetworkRequest [ LISTEN id=1624, [ Capabilities: INTERNET&NOT_RESTRICTED&TRUSTED&FOREGROUND] ], android.os.BinderProxy@9012a7)
10-31 00:28:58.692   772   862 E ConnectivityService: RemoteException caught trying to send a callback msg for NetworkRequest [ LISTEN id=1625, [ Capabilities: INTERNET&NOT_RESTRICTED&TRUSTED&FOREGROUND] ]
10-31 00:28:58.693   772   862 E ConnectivityService: RemoteException caught trying to send a callback msg for NetworkRequest [ LISTEN id=1623, [ Capabilities: INTERNET&NOT_RESTRICTED&TRUSTED&FOREGROUND] ]
10-31 00:28:58.694   772   862 E ConnectivityService: RemoteException caught trying to send a callback msg for NetworkRequest [ LISTEN id=1624, [ Capabilities: INTERNET&NOT_RESTRICTED&TRUSTED&FOREGROUND] ]
10-31 00:28:58.697   772   797 W ActivityManager: setHasOverlayUi called on unknown pid: 14323
10-31 00:28:58.697 13325 13387 I Adreno  : QUALCOMM build                   : 7142022, Ib5823dd10c
10-31 00:28:58.697 13325 13387 I Adreno  : Build Date                       : 06/23/17
10-31 00:28:58.697 13325 13387 I Adreno  : OpenGL ES Shader Compiler Version: EV031.18.00.00
10-31 00:28:58.697 13325 13387 I Adreno  : Local Branch                     : O11A
10-31 00:28:58.697 13325 13387 I Adreno  : Remote Branch                    : 
10-31 00:28:58.697 13325 13387 I Adreno  : Remote Branch                    : 
10-31 00:28:58.697 13325 13387 I Adreno  : Reconstruct Branch               : 
10-31 00:28:58.701 13325 13387 I vndksupport: sphal namespace is not configured for this process. Loading /vendor/lib64/hw/gralloc.msm8992.so from the current namespace instead.
10-31 00:28:58.704   772   790 W zygote64: failed to open /acct/uid_99531/pid_14832/cgroup.procs: No such file or directory
10-31 00:28:58.705   772   790 W zygote64: failed to open /acct/uid_99517/pid_14361/cgroup.procs: No such file or directory
10-31 00:28:58.710 13325 13387 I Adreno  : PFP: 0x00000000, ME: 0x00000000
10-31 00:28:58.713 13325 13387 I OpenGLRenderer: Initialized EGL, version 1.4
10-31 00:28:58.714 13325 13387 D OpenGLRenderer: Swap behavior 2
10-31 00:28:58.743   772  1259 W ActivityManager: Unable to start service Intent { act=com.google.android.gms.speech.service.START pkg=com.google.android.gms } U=0: not found
10-31 00:28:58.755   772  2969 W ActivityManager: Unbind failed: could not find connection for android.os.BinderProxy@d02d56d
10-31 00:28:58.755 14044 14241 E GmsClient: unable to connect to service: com.google.android.gms.speech.service.START on com.google.android.gms
10-31 00:28:58.774 14044 14055 W SessionLifecycleManager: Handover failed. Creating new session controller.
10-31 00:28:58.777 14044 14044 I OptInState: There is a new client and it does not support opt-in. Dropping request.
10-31 00:28:58.794 14044 14044 I MicroDetectionWorker: #updateMicroDetector [detectionMode: [mDetectionMode: [1]]]
10-31 00:28:58.794 14044 14044 I MicroDetectionWorker: #startMicroDetector [speakerMode: 0]
10-31 00:28:58.804 14044 14044 I MicroDetectionWorker: onReady
10-31 00:28:58.804 14044 14239 I MicroRecognitionRunner: Starting detection.
10-31 00:28:58.805 14044 14074 I MicrophoneInputStream: mic_starting com.google.android.apps.gsa.speech.audio.af@6e7d2ac
10-31 00:28:58.806   556  7524 W DeviceHAL: Device 0xefa2d000 open_input_stream: Invalid argument
10-31 00:28:58.807   556 15312 I AudioFlinger: AudioFlinger's thread 0xec603580 tid=15312 ready to run
10-31 00:28:58.817   556   753 I SoundTriggerHwService::Module: onCallbackEvent no clients
10-31 00:28:58.820 14044 14074 I MicrophoneInputStream: mic_started com.google.android.apps.gsa.speech.audio.af@6e7d2ac
10-31 00:28:58.821   556 15313 D sound_trigger_platform: platform_stdev_check_and_update_concurrency: concurrency active 0, tx 1, rx 0, concurrency session_allowed 0
10-31 00:28:58.821   556 15313 D audio_hw_primary: enable_snd_device: snd_device(72: voice-rec-mic)
10-31 00:28:58.827   556 15313 D audio_hw_primary: enable_audio_route: usecase(9) apply and update mixer path: audio-record
10-31 00:28:58.893 14044 14044 I MicroDetectionWorker: onReady
10-31 00:28:59.058 15302 15302 D AndroidRuntime: >>>>>> START com.android.internal.os.RuntimeInit uid 2000 <<<<<<
10-31 00:28:59.199 15302 15302 D AndroidRuntime: Calling main entry com.android.commands.pm.Pm
10-31 00:28:59.216   772 13071 I ActivityManager: Force stopping com.android.chrome appid=10060 user=0: clear data
10-31 00:28:59.222   772   788 I ActivityManager: Force stopping com.android.chrome appid=10060 user=-1: clearApplicationUserData
10-31 00:28:59.230 13325 13387 W OpenGLRenderer: Incorrectly called buildLayer on View: ShortcutAndWidgetContainer, destroying layer...
10-31 00:28:59.317   560   560 I keystore: clear_uid 10060
10-31 00:28:59.333  1311  1311 D CarrierSvcBindHelper: No carrier app for: 0
10-31 00:28:59.337   772   787 W ResourceType: No known package when getting value for resource number 0x7f0904db
10-31 00:28:59.337   772   787 W ResourceType: No known package when getting value for resource number 0x7f140670
10-31 00:28:59.337   772   787 W ResourceType: No known package when getting value for resource number 0x7f0904da
10-31 00:28:59.337   772   787 W ResourceType: No known package when getting value for resource number 0x7f14018b
10-31 00:28:59.337   772   787 W ResourceType: No known package when getting value for resource number 0x7f14066f
10-31 00:28:59.337   772   787 W ResourceType: No known package when getting value for resource number 0x7f140434
10-31 00:28:59.337   772   787 E ShortcutService: Ignoring excessive intent tag.
10-31 00:28:59.340 15302 15302 I app_process: System.exit called, status: 0
10-31 00:28:59.340 15302 15302 I AndroidRuntime: VM exiting with result code 0.
10-31 00:28:59.358  2964  2964 D RegisteredNfcFServicesCache: Service unchanged, not updating
10-31 00:28:59.367  3960 15327 I Fitness : FitCleanupIntentOperation received Intent android.intent.action.PACKAGE_DATA_CLEARED [CONTEXT service_id=17 ]
10-31 00:28:59.403 13542 13645 I Icing   : doRemovePackageData com.android.chrome
10-31 00:28:59.406 13542 13645 I Icing   : Removing corpus key com.android.chrome-omnibox for package com.android.chrome
10-31 00:28:59.453 13542 13645 I native  : I0000 00:00:1667172539.447715   13645 flash-index.cc:1535] Flash index sort hb 8 prefix-hits 14 -> 13 at 22.498ms
10-31 00:28:59.560 13542 13645 I Icing   : Removing corpus key com.android.chrome-.implicit: for package com.android.chrome
10-31 00:28:59.682   772  2969 I ActivityManager: Force stopping com.android.chrome appid=10060 user=0: from pid 15353
10-31 00:28:59.683 13542 13645 I Icing   : updateResources: need to parse anue{com.android.chrome}
10-31 00:28:59.686  1311  1311 D CarrierSvcBindHelper: No carrier app for: 0
10-31 00:28:59.697  2964  2964 D RegisteredNfcFServicesCache: Service unchanged, not updating
10-31 00:28:59.802 13542 13645 I Icing   : Indexing com.android.chrome-omnibox from com.android.chrome
10-31 00:28:59.822   772 10860 I ActivityManager: Start proc 15357:com.android.chrome/u0a60 for content provider com.android.chrome/com.google.android.apps.chrome.icing.IcingProvider
10-31 00:28:59.870 15357 15357 I cr_SplitCompatApp: Launched version=106.0.5249.79 minSdkVersion=24 isBundle=true processName=com.android.chrome isIsolated=false
10-31 00:29:00.009  3960  6244 I FontLog : Received query Google Sans, URI content://com.google.android.gms.fonts [CONTEXT service_id=132 ]
10-31 00:29:00.009 13542 13645 I Icing   : Indexing done com.android.chrome-omnibox
10-31 00:29:00.010  3960  6244 I FontLog : Query [Google Sans] resolved to {Google Sans, wdth 100.0, wght 400, ital 0.0, bestEffort false} [CONTEXT service_id=132 ]
10-31 00:29:00.014  3960  6244 I FontLog : Font PFD returned from cache for {Google Sans, wdth 100.0, wght 400, ital 0.0, bestEffort false} [CONTEXT service_id=132 ]
10-31 00:29:00.015  3960  6244 I FontLog : Fetch {Google Sans, wdth 100.0, wght 400, ital 0.0, bestEffort false} end status Status{statusCode=SUCCESS, resolution=null} [CONTEXT service_id=132 ]
10-31 00:29:00.076 15355 15355 D AndroidRuntime: >>>>>> START com.android.internal.os.RuntimeInit uid 2000 <<<<<<
10-31 00:29:00.086  3960  4217 I FontLog : Pulling font file for id = 1525, cache size = 7 [CONTEXT service_id=132 ]
10-31 00:29:00.139 15357 15376 I cr_LibraryLoader: Successfully loaded native library
10-31 00:29:00.140 15357 15376 I cr_CachingUmaRecorder: Flushed 20 samples from 19 histograms.
10-31 00:29:00.194  3960  3971 I FontLog : Received query Google Sans:500, URI content://com.google.android.gms.fonts [CONTEXT service_id=132 ]
10-31 00:29:00.195  3960  3971 I FontLog : Query [Google Sans:500] resolved to {Google Sans, wdth 100.0, wght 500, ital 0.0, bestEffort false} [CONTEXT service_id=132 ]
10-31 00:29:00.199  3960  3971 I FontLog : Font PFD returned from cache for {Google Sans, wdth 100.0, wght 500, ital 0.0, bestEffort false} [CONTEXT service_id=132 ]
10-31 00:29:00.199 15355 15355 D AndroidRuntime: Calling main entry com.android.commands.pm.Pm
10-31 00:29:00.199  3960  3971 I FontLog : Fetch {Google Sans, wdth 100.0, wght 500, ital 0.0, bestEffort false} end status Status{statusCode=SUCCESS, resolution=null} [CONTEXT service_id=132 ]
10-31 00:29:00.214   772  3854 I ActivityManager: Force stopping com.android.chrome appid=10060 user=0: clear data
10-31 00:29:00.215   772  3854 I ActivityManager: Killing 15357:com.android.chrome/u0a60 (adj 700): stop com.android.chrome
10-31 00:29:00.220   772   788 I ActivityManager: Force stopping com.android.chrome appid=10060 user=-1: clearApplicationUserData
10-31 00:29:00.224   560   560 I keystore: clear_uid 10060
10-31 00:29:00.249  1311  1311 D CarrierSvcBindHelper: No carrier app for: 0
10-31 00:29:00.253 15355 15355 I app_process: System.exit called, status: 0
10-31 00:29:00.253 15355 15355 I AndroidRuntime: VM exiting with result code 0.
10-31 00:29:00.255   772   787 W ResourceType: No known package when getting value for resource number 0x7f0904db
10-31 00:29:00.256   772   787 W ResourceType: No known package when getting value for resource number 0x7f140670
10-31 00:29:00.256   772   787 W ResourceType: No known package when getting value for resource number 0x7f0904da
10-31 00:29:00.256   772   787 W ResourceType: No known package when getting value for resource number 0x7f14018b
10-31 00:29:00.256   772   787 W ResourceType: No known package when getting value for resource number 0x7f14066f
10-31 00:29:00.256   772   787 W ResourceType: No known package when getting value for resource number 0x7f140434
10-31 00:29:00.256   772   787 E ShortcutService: Ignoring excessive intent tag.
10-31 00:29:00.272  2964  2964 D RegisteredNfcFServicesCache: Service unchanged, not updating
10-31 00:29:00.281  3960 15326 I Fitness : FitCleanupIntentOperation received Intent android.intent.action.PACKAGE_DATA_CLEARED [CONTEXT service_id=17 ]
10-31 00:29:00.307 13542 13645 I Icing   : doRemovePackageData com.android.chrome
10-31 00:29:00.307 13542 13645 I Icing   : Removing corpus key com.android.chrome-omnibox for package com.android.chrome
10-31 00:29:00.420 13542 13645 I Icing   : updateResources: need to parse anue{com.android.chrome}
10-31 00:29:00.511 13542 13645 I Icing   : Indexing com.android.chrome-omnibox from com.android.chrome
10-31 00:29:00.523   772  1324 I ActivityManager: Start proc 15393:com.android.chrome/u0a60 for content provider com.android.chrome/com.google.android.apps.chrome.icing.IcingProvider
10-31 00:29:00.566 15393 15393 I cr_SplitCompatApp: Launched version=106.0.5249.79 minSdkVersion=24 isBundle=true processName=com.android.chrome isIsolated=false
10-31 00:29:00.696  3960  4151 I FontLog : Received query Google Sans, URI content://com.google.android.gms.fonts [CONTEXT service_id=132 ]
10-31 00:29:00.697  3960  4151 I FontLog : Query [Google Sans] resolved to {Google Sans, wdth 100.0, wght 400, ital 0.0, bestEffort false} [CONTEXT service_id=132 ]
10-31 00:29:00.698  3960  4151 I FontLog : Font PFD returned from cache for {Google Sans, wdth 100.0, wght 400, ital 0.0, bestEffort false} [CONTEXT service_id=132 ]
10-31 00:29:00.698  3960  4151 I FontLog : Fetch {Google Sans, wdth 100.0, wght 400, ital 0.0, bestEffort false} end status Status{statusCode=SUCCESS, resolution=null} [CONTEXT service_id=132 ]
10-31 00:29:00.723 13542 13645 I Icing   : Indexing done com.android.chrome-omnibox
10-31 00:29:00.779  3960  6244 I FontLog : Pulling font file for id = 1527, cache size = 4 [CONTEXT service_id=132 ]
10-31 00:29:00.838 15393 15412 I cr_LibraryLoader: Successfully loaded native library
10-31 00:29:00.846 15393 15412 I cr_CachingUmaRecorder: Flushed 20 samples from 19 histograms.
10-31 00:29:00.906  3960  3971 I FontLog : Received query Google Sans:500, URI content://com.google.android.gms.fonts [CONTEXT service_id=132 ]
10-31 00:29:00.906  3960  3971 I FontLog : Query [Google Sans:500] resolved to {Google Sans, wdth 100.0, wght 500, ital 0.0, bestEffort false} [CONTEXT service_id=132 ]
10-31 00:29:00.908  3960  3971 I FontLog : Font PFD returned from cache for {Google Sans, wdth 100.0, wght 500, ital 0.0, bestEffort false} [CONTEXT service_id=132 ]
10-31 00:29:00.908  3960  3971 I FontLog : Fetch {Google Sans, wdth 100.0, wght 500, ital 0.0, bestEffort false} end status Status{statusCode=SUCCESS, resolution=null} [CONTEXT service_id=132 ]
10-31 00:29:00.943  3960  3972 I FontLog : Pulling font file for id = 1528, cache size = 4 [CONTEXT service_id=132 ]
10-31 00:29:00.971  3960  6244 I FontLog : Received query Google Sans:700, URI content://com.google.android.gms.fonts [CONTEXT service_id=132 ]
10-31 00:29:00.972  3960  6244 I FontLog : Query [Google Sans:700] resolved to {Google Sans, wdth 100.0, wght 700, ital 0.0, bestEffort false} [CONTEXT service_id=132 ]
10-31 00:29:00.974  3960  6244 I FontLog : Fetch {Google Sans, wdth 100.0, wght 700, ital 0.0, bestEffort false} end status Status{statusCode=SUCCESS, resolution=null} [CONTEXT service_id=132 ]
10-31 00:29:00.982  3960  3971 I FontLog : Pulling font file for id = 1529, cache size = 5 [CONTEXT service_id=132 ]
