--------- beginning of system
10-31 00:19:47.546   772   791 E BatteryStatsService: no controller energy info supplied
10-31 00:27:03.052   772 13071 E BatteryStatsService: no controller energy info supplied
10-31 00:27:42.504   772  4539 I ActivityManager: Force stopping com.android.chrome appid=10060 user=0: from pid 14321
10-31 00:27:42.505   772  4539 I ActivityManager: Killing 14151:com.android.chrome/u0a60 (adj 900): stop com.android.chrome
--------- beginning of main
10-31 00:27:42.525  1311  1311 D CarrierSvcBindHelper: No carrier app for: 0
10-31 00:27:42.538  2964  2964 D RegisteredNfcFServicesCache: Service unchanged, not updating
10-31 00:27:42.771   772  4539 I ActivityManager: START u0 {act=android.intent.action.VIEW flg=0x10008000 cmp=com.android.chrome/com.google.android.apps.chrome.Main} from uid 2000
10-31 00:27:42.787   772   830 E ResourceType: Style contains key with bad entry: 0x0101062c
10-31 00:27:42.801   772   830 E ResourceType: Style contains key with bad entry: 0x0101062c
10-31 00:27:42.818   772   996 I ActivityManager: Start proc 14323:com.android.chrome/u0a60 for activity com.android.chrome/com.google.android.apps.chrome.Main
10-31 00:27:42.887 14323 14323 I cr_SplitCompatApp: Launched version=106.0.5249.79 minSdkVersion=24 isBundle=true processName=com.android.chrome isIsolated=false
10-31 00:27:42.942  3960  4244 I FontLog : Received query Google Sans, URI content://com.google.android.gms.fonts [CONTEXT service_id=132 ]
10-31 00:27:42.942  3960  4244 I FontLog : Query [Google Sans] resolved to {Google Sans, wdth 100.0, wght 400, ital 0.0, bestEffort false} [CONTEXT service_id=132 ]
10-31 00:27:42.944  3960  4244 I FontLog : Font PFD returned from cache for {Google Sans, wdth 100.0, wght 400, ital 0.0, bestEffort false} [CONTEXT service_id=132 ]
10-31 00:27:42.944  3960  4244 I FontLog : Fetch {Google Sans, wdth 100.0, wght 400, ital 0.0, bestEffort false} end status Status{statusCode=SUCCESS, resolution=null} [CONTEXT service_id=132 ]
10-31 00:27:42.962  3960  6244 I FontLog : Pulling font file for id = 1518, cache size = 6 [CONTEXT service_id=132 ]
10-31 00:27:42.976  3960  4217 I FontLog : Received query Google Sans:500, URI content://com.google.android.gms.fonts [CONTEXT service_id=132 ]
10-31 00:27:42.977  3960  4217 I FontLog : Query [Google Sans:500] resolved to {Google Sans, wdth 100.0, wght 500, ital 0.0, bestEffort false} [CONTEXT service_id=132 ]
10-31 00:27:42.979  3960  4217 I FontLog : Font PFD returned from cache for {Google Sans, wdth 100.0, wght 500, ital 0.0, bestEffort false} [CONTEXT service_id=132 ]
10-31 00:27:42.979  3960  4217 I FontLog : Fetch {Google Sans, wdth 100.0, wght 500, ital 0.0, bestEffort false} end status Status{statusCode=SUCCESS, resolution=null} [CONTEXT service_id=132 ]
10-31 00:27:42.988  3960  4245 I FontLog : Pulling font file for id = 1519, cache size = 7 [CONTEXT service_id=132 ]
10-31 00:27:42.997  3960  3972 I FontLog : Received query Google Sans:700, URI content://com.google.android.gms.fonts [CONTEXT service_id=132 ]
10-31 00:27:42.997  3960  3972 I FontLog : Query [Google Sans:700] resolved to {Google Sans, wdth 100.0, wght 700, ital 0.0, bestEffort false} [CONTEXT service_id=132 ]
10-31 00:27:42.999  3960  3972 I FontLog : Fetch {Google Sans, wdth 100.0, wght 700, ital 0.0, bestEffort false} end status Status{statusCode=SUCCESS, resolution=null} [CONTEXT service_id=132 ]
10-31 00:27:43.007  3960  4151 I FontLog : Pulling font file for id = 1520, cache size = 8 [CONTEXT service_id=132 ]
10-31 00:27:43.050 14323 14342 I cr_LibraryLoader: Successfully loaded native library
10-31 00:27:43.051 14323 14342 I cr_CachingUmaRecorder: Flushed 19 samples from 19 histograms.
10-31 00:27:43.264 14323 14323 E ResourceType: Style contains key with bad entry: 0x0101062c
10-31 00:27:43.310 14323 14345 W DynamiteModule: Local module descriptor class for com.google.android.gms.googlecertificates not found.
10-31 00:27:43.343 14323 14345 W zygote  : Skipping duplicate class check due to unrecognized classloader
10-31 00:27:43.348 14323 14345 I DynamiteModule: Considering local module com.google.android.gms.googlecertificates:0 and remote module com.google.android.gms.googlecertificates:7
10-31 00:27:43.348 14323 14345 I DynamiteModule: Selected remote version of com.google.android.gms.googlecertificates, version >= 7
10-31 00:27:43.365   772 32228 I ActivityManager: START u0 {cmp=com.android.chrome/org.chromium.chrome.browser.firstrun.FirstRunActivity (has extras)} from uid 10060
10-31 00:27:43.394 14323 14345 W zygote  : Skipping duplicate class check due to unrecognized classloader
10-31 00:27:43.396 14323 14323 E ResourceType: Style contains key with bad entry: 0x0101062c
10-31 00:27:43.438   772 32228 W AppOps  : Bad call: specified package com.google.android.gms under uid 10060 but it is really 10020
10-31 00:27:43.438   772 32228 W AppOps  : java.lang.RuntimeException: here
10-31 00:27:43.438   772 32228 W AppOps  : 	at com.android.server.AppOpsService.getOpsRawLocked(AppOpsService.java:1319)
10-31 00:27:43.438   772 32228 W AppOps  : 	at com.android.server.AppOpsService.checkPackage(AppOpsService.java:1038)
10-31 00:27:43.438   772 32228 W AppOps  : 	at com.android.internal.app.IAppOpsService$Stub.onTransact(IAppOpsService.java:169)
10-31 00:27:43.438   772 32228 W AppOps  : 	at android.os.Binder.execTransact(Binder.java:674)
10-31 00:27:43.439   772   785 W AppOps  : Bad call: specified package com.google.android.gms under uid 10060 but it is really 10020
10-31 00:27:43.439   772   785 W AppOps  : java.lang.RuntimeException: here
10-31 00:27:43.439   772   785 W AppOps  : 	at com.android.server.AppOpsService.getOpsRawLocked(AppOpsService.java:1319)
10-31 00:27:43.439   772   785 W AppOps  : 	at com.android.server.AppOpsService.checkPackage(AppOpsService.java:1038)
10-31 00:27:43.439   772   785 W AppOps  : 	at com.android.internal.app.IAppOpsService$Stub.onTransact(IAppOpsService.java:169)
10-31 00:27:43.439   772   785 W AppOps  : 	at android.os.Binder.execTransact(Binder.java:674)
10-31 00:27:43.445   772  1327 W AppOps  : Bad call: specified package com.google.android.gms under uid 10060 but it is really 10020
10-31 00:27:43.445   772  1327 W AppOps  : java.lang.RuntimeException: here
10-31 00:27:43.445   772  1327 W AppOps  : 	at com.android.server.AppOpsService.getOpsRawLocked(AppOpsService.java:1319)
10-31 00:27:43.445   772  1327 W AppOps  : 	at com.android.server.AppOpsService.checkPackage(AppOpsService.java:1038)
10-31 00:27:43.445   772  1327 W AppOps  : 	at com.android.internal.app.IAppOpsService$Stub.onTransact(IAppOpsService.java:169)
10-31 00:27:43.445   772  1327 W AppOps  : 	at android.os.Binder.execTransact(Binder.java:674)
10-31 00:27:43.447   772  3037 W AppOps  : Bad call: specified package com.google.android.gms under uid 10060 but it is really 10020
10-31 00:27:43.447   772  3037 W AppOps  : java.lang.RuntimeException: here
10-31 00:27:43.447   772  3037 W AppOps  : 	at com.android.server.AppOpsService.getOpsRawLocked(AppOpsService.java:1319)
10-31 00:27:43.447   772  3037 W AppOps  : 	at com.android.server.AppOpsService.checkPackage(AppOpsService.java:1038)
10-31 00:27:43.447   772  3037 W AppOps  : 	at com.android.internal.app.IAppOpsService$Stub.onTransact(IAppOpsService.java:169)
10-31 00:27:43.447   772  3037 W AppOps  : 	at android.os.Binder.execTransact(Binder.java:674)
10-31 00:27:43.532   772   781 I zygote64: Background concurrent copying GC freed 61630(3MB) AllocSpace objects, 31(668KB) LOS objects, 42% free, 16MB/29MB, paused 365us total 112.274ms
10-31 00:27:43.540  3960  4307 E bfry    : Phenotype API error. Event # ddoj@af048454, EventCode: 7 [CONTEXT service_id=51 ]
10-31 00:27:43.540  3960  4307 E bfry    : bfra: 29505: No config packages for log source, or config package not registered
10-31 00:27:43.540  3960  4307 E bfry    : 	at bfst.b(:com.google.android.gms@223616019@22.36.16 (040400-476895098):4)
10-31 00:27:43.540  3960  4307 E bfry    : 	at bfsq.g(:com.google.android.gms@223616019@22.36.16 (040400-476895098):0)
10-31 00:27:43.540  3960  4307 E bfry    : 	at bfry.e(:com.google.android.gms@223616019@22.36.16 (040400-476895098):4)
10-31 00:27:43.540  3960  4307 E bfry    : 	at bfry.f(:com.google.android.gms@223616019@22.36.16 (040400-476895098):2)
10-31 00:27:43.540  3960  4307 E bfry    : 	at arjg.ep(:com.google.android.gms@223616019@22.36.16 (040400-476895098):1)
10-31 00:27:43.540  3960  4307 E bfry    : 	at arjm.run(:com.google.android.gms@223616019@22.36.16 (040400-476895098):12)
10-31 00:27:43.540  3960  4307 E bfry    : 	at cjoq.run(:com.google.android.gms@223616019@22.36.16 (040400-476895098):2)
10-31 00:27:43.540  3960  4307 E bfry    : 	at aarl.c(:com.google.android.gms@223616019@22.36.16 (040400-476895098):6)
10-31 00:27:43.540  3960  4307 E bfry    : 	at aarl.run(:com.google.android.gms@223616019@22.36.16 (040400-476895098):7)
10-31 00:27:43.540  3960  4307 E bfry    : 	at java.util.concurrent.ThreadPoolExecutor.runWorker(ThreadPoolExecutor.java:1162)
10-31 00:27:43.540  3960  4307 E bfry    : 	at java.util.concurrent.ThreadPoolExecutor$Worker.run(ThreadPoolExecutor.java:636)
10-31 00:27:43.540  3960  4307 E bfry    : 	at aaws.run(:com.google.android.gms@223616019@22.36.16 (040400-476895098):0)
10-31 00:27:43.540  3960  4307 E bfry    : 	at java.lang.Thread.run(Thread.java:764)
10-31 00:27:43.541  3960  4307 W AsyncOperation: operation=GetExperimentTokensOperationCall, opStatusCode=29505 [CONTEXT service_id=51 ]
10-31 00:27:43.541  3960  4307 W AsyncOperation: OperationException[Status{statusCode=No config packages for log source, or config package not registered, resolution=null}]
10-31 00:27:43.541  3960  4307 W AsyncOperation: 	at bfry.e(:com.google.android.gms@223616019@22.36.16 (040400-476895098):6)
10-31 00:27:43.541  3960  4307 W AsyncOperation: 	at bfry.f(:com.google.android.gms@223616019@22.36.16 (040400-476895098):2)
10-31 00:27:43.541  3960  4307 W AsyncOperation: 	at arjg.ep(:com.google.android.gms@223616019@22.36.16 (040400-476895098):1)
10-31 00:27:43.541  3960  4307 W AsyncOperation: 	at arjm.run(:com.google.android.gms@223616019@22.36.16 (040400-476895098):12)
10-31 00:27:43.541  3960  4307 W AsyncOperation: 	at cjoq.run(:com.google.android.gms@223616019@22.36.16 (040400-476895098):2)
10-31 00:27:43.541  3960  4307 W AsyncOperation: 	at aarl.c(:com.google.android.gms@223616019@22.36.16 (040400-476895098):6)
10-31 00:27:43.541  3960  4307 W AsyncOperation: 	at aarl.run(:com.google.android.gms@223616019@22.36.16 (040400-476895098):7)
10-31 00:27:43.541  3960  4307 W AsyncOperation: 	at java.util.concurrent.ThreadPoolExecutor.runWorker(ThreadPoolExecutor.java:1162)
10-31 00:27:43.541  3960  4307 W AsyncOperation: 	at java.util.concurrent.ThreadPoolExecutor$Worker.run(ThreadPoolExecutor.java:636)
10-31 00:27:43.541  3960  4307 W AsyncOperation: 	at aaws.run(:com.google.android.gms@223616019@22.36.16 (040400-476895098):0)
10-31 00:27:43.541  3960  4307 W AsyncOperation: 	at java.lang.Thread.run(Thread.java:764)
10-31 00:27:43.635 14323 14323 W ResourceType: Failure getting entry for 0x7f010055 (t=0 e=85) (error -75)
10-31 00:27:43.670 14323 14353 D OpenGLRenderer: HWUI GL Pipeline
10-31 00:27:43.695 14323 14353 I Adreno  : QUALCOMM build                   : 7142022, Ib5823dd10c
10-31 00:27:43.695 14323 14353 I Adreno  : Build Date                       : 06/23/17
10-31 00:27:43.695 14323 14353 I Adreno  : OpenGL ES Shader Compiler Version: EV031.18.00.00
10-31 00:27:43.695 14323 14353 I Adreno  : Local Branch                     : O11A
10-31 00:27:43.695 14323 14353 I Adreno  : Remote Branch                    : 
10-31 00:27:43.695 14323 14353 I Adreno  : Remote Branch                    : 
10-31 00:27:43.695 14323 14353 I Adreno  : Reconstruct Branch               : 
10-31 00:27:43.697 14323 14353 I vndksupport: sphal namespace is not configured for this process. Loading /vendor/lib/hw/gralloc.msm8992.so from the current namespace instead.
10-31 00:27:43.701 14323 14323 W RecyclerView: No adapter attached; skipping layout
10-31 00:27:43.713 14323 14323 I cr_StartSurfaceConfig: Recorded Startup.Android.FirstDrawCompletedTime.NoInstant = 153 ms
10-31 00:27:43.725 14323 14353 I Adreno  : PFP: 0x00000000, ME: 0x00000000
10-31 00:27:43.731 14323 14353 I OpenGLRenderer: Initialized EGL, version 1.4
10-31 00:27:43.732 14323 14353 D OpenGLRenderer: Swap behavior 2
10-31 00:27:43.732 14323 14340 D NetworkSecurityConfig: Using Network Security Config from resource 0_resource_name_obfuscated debugBuild: false
10-31 00:27:44.050   361   361 W /system/bin/hwservicemanager: getTransportFromManifest: Cannot find entry android.hardware.graphics.mapper@2.0::IMapper in either framework or device manifest, using default transport.
10-31 00:27:44.055 14323 14353 I vndksupport: sphal namespace is not configured for this process. Loading /vendor/lib/hw/gralloc.msm8992.so from the current namespace instead.
10-31 00:27:44.117   772   797 I ActivityManager: Displayed com.android.chrome/org.chromium.chrome.browser.firstrun.FirstRunActivity: +616ms (total +1s310ms)
10-31 00:27:44.158 13325 13325 I MemoryTrimmer: Trimming objects from memory, since app is in the background.
10-31 00:27:44.164 13325 14062 V rsC++   : RS Message thread exiting.
10-31 00:27:44.184 14044 14044 I PBSessionCacheImpl: Deleted sessionId[6270144107143] from persistence.
10-31 00:27:44.196 14044 14044 I MicroDetector: Keeping mic open: false
10-31 00:27:44.197 14044 14068 I DeviceStateChecker: DeviceStateChecker cancelled
10-31 00:27:44.200 14044 14074 I AudioController: internalShutdown
10-31 00:27:44.200 14044 14074 I MicrophoneInputStream: mic_close com.google.android.apps.gsa.speech.audio.af@de54247
10-31 00:27:44.201 14044 14110 I MicroRecognitionRunner: Stopping hotword detection.
10-31 00:27:44.266   556 14116 D audio_hw_primary: disable_audio_route: usecase(9) reset and update mixer path: audio-record
10-31 00:27:44.267   556 14116 D audio_hw_primary: disable_snd_device: snd_device(72: voice-rec-mic)
10-31 00:27:44.271   556 14116 D sound_trigger_platform: platform_stdev_check_and_update_concurrency: concurrency active 0, tx 0, rx 0, concurrency session_allowed 1
10-31 00:27:44.273   556   753 I SoundTriggerHwService::Module: onCallbackEvent no clients
10-31 00:27:44.276 14044 14071 I MicroRecognitionRunner: Detection finished
10-31 00:27:44.347 14323 14340 I cr_VariationsSeedFetch: Fetched first run seed in 628 ms
10-31 00:27:44.395   772  1327 I ActivityManager: Start proc 14361:com.android.chrome:sandboxed_process0/u0i517 for webview_service com.android.chrome/org.chromium.content.app.SandboxedProcessService0
10-31 00:27:44.405 14361 14361 E /system/bin/webview_zygote32: failed to make and chown /acct/uid_99517: Permission denied
10-31 00:27:44.405 14361 14361 E Zygote  : createProcessGroup(99517, 0) failed: Permission denied
10-31 00:27:44.427 14361 14361 I SamplingProfilerIntegration: Profiling disabled.
10-31 00:27:44.499 14374 14374 E asset   : setgid: Operation not permitted
10-31 00:27:44.667 14361 14361 I cr_SplitCompatApp: Launched version=106.0.5249.79 minSdkVersion=24 isBundle=true processName=com.android.chrome:sandboxed_process0 isIsolated=true
10-31 00:27:44.682 14361 14361 W SystemServiceRegistry: No service published for: uimode
10-31 00:27:44.701 14361 14361 I cr_ChildProcessService: Creating new ChildProcessService pid=14361
10-31 00:27:44.708 14361 14361 E WebViewFactory: can't load with relro file; address space not reserved
10-31 00:27:44.851   772  4540 I ActivityManager: Start proc 14393:com.android.chrome:privileged_process0/u0a60 for service com.android.chrome/org.chromium.content.app.PrivilegedProcessService0
10-31 00:27:44.895 14323 14323 I cr_SmsProviderGms: construction successfull y93@1155d62, v93@458cef3
10-31 00:27:44.909 13542 13542 D BoundBrokerSvc: onBind: Intent { act=com.google.android.gms.auth.key.retrieval.service.START dat=chimera-action:com.google.android.gms.auth.key.retrieval.service.START cmp=com.google.android.gms/.chimera.GmsApiService }
10-31 00:27:44.910 13542 13542 D BoundBrokerSvc: Loading bound service for intent: Intent { act=com.google.android.gms.auth.key.retrieval.service.START dat=chimera-action:com.google.android.gms.auth.key.retrieval.service.START cmp=com.google.android.gms/.chimera.GmsApiService }
10-31 00:27:44.922 14393 14393 I cr_SplitCompatApp: Launched version=106.0.5249.79 minSdkVersion=24 isBundle=true processName=com.android.chrome:privileged_process0 isIsolated=false
10-31 00:27:44.935 14393 14393 I cr_ChildProcessService: Creating new ChildProcessService pid=14393
10-31 00:27:44.974 14323 14323 W cr_KnoxSettingsProvider: Permission to read device policy denied.
10-31 00:27:44.986 14393 14411 I cr_LibraryLoader: Successfully loaded native library
10-31 00:27:44.987 14393 14411 I cr_CachingUmaRecorder: Flushed 3 samples from 3 histograms.
10-31 00:27:44.998 14393 14411 I Adreno  : QUALCOMM build                   : 7142022, Ib5823dd10c
10-31 00:27:44.998 14393 14411 I Adreno  : Build Date                       : 06/23/17
10-31 00:27:44.998 14393 14411 I Adreno  : OpenGL ES Shader Compiler Version: EV031.18.00.00
10-31 00:27:44.998 14393 14411 I Adreno  : Local Branch                     : O11A
10-31 00:27:44.998 14393 14411 I Adreno  : Remote Branch                    : 
10-31 00:27:44.998 14393 14411 I Adreno  : Remote Branch                    : 
10-31 00:27:44.998 14393 14411 I Adreno  : Reconstruct Branch               : 
10-31 00:27:44.998 14393 14411 I vndksupport: sphal namespace is not configured for this process. Loading /vendor/lib/hw/gralloc.msm8992.so from the current namespace instead.
10-31 00:27:45.002 14393 14411 I Adreno  : PFP: 0x00000000, ME: 0x00000000
10-31 00:27:45.681 14419 14419 E /system/bin/webview_zygote32: failed to make and chown /acct/uid_99518: Permission denied
10-31 00:27:45.681 14419 14419 E Zygote  : createProcessGroup(99518, 0) failed: Permission denied
10-31 00:27:45.684   772 10893 I ActivityManager: Start proc 14419:com.android.chrome:sandboxed_process1/u0i518 for webview_service com.android.chrome/org.chromium.content.app.SandboxedProcessService1
10-31 00:27:45.704 14419 14419 I SamplingProfilerIntegration: Profiling disabled.
10-31 00:27:45.730 14432 14432 E asset   : setgid: Operation not permitted
10-31 00:27:45.768 14419 14419 I cr_SplitCompatApp: Launched version=106.0.5249.79 minSdkVersion=24 isBundle=true processName=com.android.chrome:sandboxed_process1 isIsolated=true
10-31 00:27:45.775 14419 14419 W SystemServiceRegistry: No service published for: uimode
10-31 00:27:45.787 14419 14419 I cr_ChildProcessService: Creating new ChildProcessService pid=14419
10-31 00:27:45.794 14419 14419 E WebViewFactory: can't load with relro file; address space not reserved
10-31 00:27:45.806 14419 14434 I cr_LibraryLoader: Successfully loaded native library
10-31 00:27:45.807 14419 14434 I cr_CachingUmaRecorder: Flushed 3 samples from 3 histograms.
10-31 00:27:45.842 14419 14434 I chromium: [INFO:child_process_service.cc(69)] ChildProcessService: Exiting child process.
10-31 00:27:45.844   422   422 E lowmemorykiller: Error writing /proc/14419/oom_score_adj; errno=22
10-31 00:27:45.845   772 10893 I ActivityManager: Killing 14419:com.android.chrome:sandboxed_process1/u0a60i518 (adj 0): isolated not needed
10-31 00:27:45.845   772   790 W zygote64: failed to open /acct/uid_99518/pid_14419/cgroup.procs: No such file or directory
10-31 00:27:47.214 14323 14323 E cr_BTSPrefs: No data found for task id: 53
10-31 00:27:47.216 14323 14323 E cr_BkgrdTaskScheduler: Task cannot be canceled because no data was found instorage or data was invalid
10-31 00:27:49.308 14044 14071 I EventLogSendingHelper: Sending log events.
10-31 00:27:49.560 14461 14461 D AndroidRuntime: >>>>>> START com.android.internal.os.RuntimeInit uid 2000 <<<<<<
10-31 00:27:49.594   772 10894 D WificondControl: Scan result ready event
10-31 00:27:49.662  3960  4244 I ChimeraSrvcProxy: NullBinder for android.net.action.RECOMMEND_NETWORKS triggering remote TransactionTooLargeException due to Service without Chimera impl
10-31 00:27:49.702 14461 14461 D AndroidRuntime: Calling main entry com.android.commands.input.Input
10-31 00:27:49.707 14461 14461 I Input   : injectMotionEvent: MotionEvent { action=ACTION_DOWN, actionButton=0, id[0]=0, x[0]=540.0, y[0]=1660.0, toolType[0]=TOOL_TYPE_UNKNOWN, buttonState=0, metaState=0, flags=0x0, edgeFlags=0x0, pointerCount=1, historySize=0, eventTime=490967971, downTime=490967971, deviceId=8, source=0x1002 }
10-31 00:27:49.714 14461 14461 I Input   : injectMotionEvent: MotionEvent { action=ACTION_UP, actionButton=0, id[0]=0, x[0]=540.0, y[0]=1660.0, toolType[0]=TOOL_TYPE_UNKNOWN, buttonState=0, metaState=0, flags=0x0, edgeFlags=0x0, pointerCount=1, historySize=0, eventTime=490967971, downTime=490967971, deviceId=8, source=0x1002 }
10-31 00:27:49.717 14461 14461 D AndroidRuntime: Shutting down VM
10-31 00:27:49.741   556  6498 D audio_hw_primary: enable_snd_device: snd_device(88: vi-feedback)
10-31 00:27:49.741   556  6498 D audio_hw_primary: enable_audio_route: usecase(23) apply and update mixer path: spkr-vi-record
10-31 00:27:49.768   556  6498 D audio_hw_primary: enable_audio_route: usecase(1) apply and update mixer path: low-latency-playback
10-31 00:27:50.295   556   731 D audio_hw_primary: disable_audio_route: usecase(1) reset and update mixer path: low-latency-playback
10-31 00:27:50.309   556   731 D audio_hw_primary: disable_snd_device: snd_device(88: vi-feedback)
10-31 00:27:50.309   556   731 D audio_hw_primary: disable_audio_route: usecase(23) reset and update mixer path: spkr-vi-record
10-31 00:27:51.156 14480 14480 D AndroidRuntime: >>>>>> START com.android.internal.os.RuntimeInit uid 2000 <<<<<<
10-31 00:27:51.290 14480 14480 D AndroidRuntime: Calling main entry com.android.commands.input.Input
10-31 00:27:51.302 14480 14480 I Input   : injectMotionEvent: MotionEvent { action=ACTION_DOWN, actionButton=0, id[0]=0, x[0]=180.0, y[0]=1690.0, toolType[0]=TOOL_TYPE_UNKNOWN, buttonState=0, metaState=0, flags=0x0, edgeFlags=0x0, pointerCount=1, historySize=0, eventTime=490969564, downTime=490969564, deviceId=8, source=0x1002 }
10-31 00:27:51.307 14480 14480 I Input   : injectMotionEvent: MotionEvent { action=ACTION_UP, actionButton=0, id[0]=0, x[0]=180.0, y[0]=1690.0, toolType[0]=TOOL_TYPE_UNKNOWN, buttonState=0, metaState=0, flags=0x0, edgeFlags=0x0, pointerCount=1, historySize=0, eventTime=490969564, downTime=490969564, deviceId=8, source=0x1002 }
10-31 00:27:51.309 14480 14480 D AndroidRuntime: Shutting down VM
10-31 00:27:51.326   556  6498 D audio_hw_primary: enable_snd_device: snd_device(88: vi-feedback)
10-31 00:27:51.326   556  6498 D audio_hw_primary: enable_audio_route: usecase(23) apply and update mixer path: spkr-vi-record
10-31 00:27:51.330   772 10895 I ActivityManager: START u0 {act=android.intent.action.VIEW flg=0x10008000 cmp=com.android.chrome/com.google.android.apps.chrome.Main (has extras)} from uid 10060
10-31 00:27:51.334   772   830 E ResourceType: Style contains key with bad entry: 0x0101062c
10-31 00:27:51.334   772   830 E ResourceType: Style contains key with bad entry: 0x0101062c
10-31 00:27:51.350   556  6498 D audio_hw_primary: enable_audio_route: usecase(1) apply and update mixer path: low-latency-playback
10-31 00:27:51.352 14323 14323 E ResourceType: Style contains key with bad entry: 0x0101062c
10-31 00:27:51.358 14323 14323 E ResourceType: Style contains key with bad entry: 0x0101062c
10-31 00:27:51.393 14323 14323 W ResourceType: Failure getting entry for 0x7f010055 (t=0 e=85) (error -75)
10-31 00:27:51.403 14323 14323 I cr_CompositorSurfaceMgr: Transitioning to surface with format: -1
10-31 00:27:51.409 14323 14323 W ResourceType: Failure getting entry for 0x7f010530 (t=0 e=1328) (error -75)
10-31 00:27:51.466 14323 14382 W cr_tabmodel: Starting to perform legacy migration.
10-31 00:27:51.468 14323 14382 W cr_tabmodel: Finished performing legacy migration.
10-31 00:27:51.468 14323 14382 W cr_tabmodel: Starting to perform multi-instance migration.
10-31 00:27:51.468 14323 14382 W cr_tabmodel: Finished performing multi-instance migration.
10-31 00:27:51.468 14323 14382 I cr_tabmodel: Starting to fetch tab list for tab_state0
10-31 00:27:51.468 14323 14382 I cr_tabmodel: State file does not exist.
10-31 00:27:51.468 14323 14382 I cr_tabmodel: Starting to fetch tab list for tab_state1
10-31 00:27:51.468 14323 14382 I cr_tabmodel: State file does not exist.
10-31 00:27:51.521   772 13021 W ActivityManager: Duplicate finish request for ActivityRecord{1c2c381 u0 com.android.chrome/org.chromium.chrome.browser.firstrun.FirstRunActivity t675 f}
10-31 00:27:51.525 14323 14382 W cr_PartnerCustomize: Partner homepage must be HTTP(S) or NewTabPage. Got invalid URL "org.chromium.url.GURL@0"
10-31 00:27:51.560 14323 14323 I cr_StartSurfaceConfig: Recorded Startup.Android.FirstDrawCompletedTime.NoInstant = 193 ms
10-31 00:27:51.565 14323 14353 D OpenGLRenderer: endAllActiveAnimators on 0xc5c91d00 (RippleDrawable) with handle 0xc5c25e80
10-31 00:27:51.571 14323 14323 I cr_CompositorSurfaceMgr: Transitioning to surface with format: -1
10-31 00:27:51.574 14323 14323 I cr_CompositorSurfaceMgr: surfaceCreated format: 0
10-31 00:27:51.583 14323 14323 I cr_ChromeTabbedActivity: #initializeState
10-31 00:27:51.584 14323 14323 I cr_CipherFactory: #restoreFromBundle, no savedInstanceState.
10-31 00:27:51.584 14323 14323 I cr_tabmodel: #loadState, ignoreIncognitoFiles? true
10-31 00:27:51.590 14323 14323 I cr_tabmodel: Loaded tab lists; counts: 0,0
10-31 00:27:51.590 14323 14323 I cr_ChromeTabbedActivity: #createInitialTab executed.
10-31 00:27:51.613 14323 14323 E ResourceType: Style contains key with bad entry: 0x0101062c
10-31 00:27:51.651 14323 14323 W ResourceType: Failure getting entry for 0x7f010565 (t=0 e=1381) (error -75)
10-31 00:27:51.660 14323 14323 W ResourceType: Failure getting entry for 0x7f010551 (t=0 e=1361) (error -75)
10-31 00:27:51.673   772   996 E BatteryStatsService: no controller energy info supplied
10-31 00:27:51.674   772   996 E BatteryStatsService: no controller energy info supplied
10-31 00:27:51.808 14323 14323 W ResourceType: Failure getting entry for 0x7f01059a (t=0 e=1434) (error -75)
10-31 00:27:51.837   772 32228 W AppOps  : Bad call: specified package com.google.android.gms under uid 10060 but it is really 10020
10-31 00:27:51.837   772 32228 W AppOps  : java.lang.RuntimeException: here
10-31 00:27:51.837   772 32228 W AppOps  : 	at com.android.server.AppOpsService.getOpsRawLocked(AppOpsService.java:1319)
10-31 00:27:51.837   772 32228 W AppOps  : 	at com.android.server.AppOpsService.checkPackage(AppOpsService.java:1038)
10-31 00:27:51.837   772 32228 W AppOps  : 	at com.android.internal.app.IAppOpsService$Stub.onTransact(IAppOpsService.java:169)
10-31 00:27:51.837   772 32228 W AppOps  : 	at android.os.Binder.execTransact(Binder.java:674)
10-31 00:27:51.838   772 13071 W AppOps  : Bad call: specified package com.google.android.gms under uid 10060 but it is really 10020
10-31 00:27:51.838   772 13071 W AppOps  : java.lang.RuntimeException: here
10-31 00:27:51.838   772 13071 W AppOps  : 	at com.android.server.AppOpsService.getOpsRawLocked(AppOpsService.java:1319)
10-31 00:27:51.838   772 13071 W AppOps  : 	at com.android.server.AppOpsService.checkPackage(AppOpsService.java:1038)
10-31 00:27:51.838   772 13071 W AppOps  : 	at com.android.internal.app.IAppOpsService$Stub.onTransact(IAppOpsService.java:169)
10-31 00:27:51.838   772 13071 W AppOps  : 	at android.os.Binder.execTransact(Binder.java:674)
10-31 00:27:51.839   772 13021 W AppOps  : Bad call: specified package com.google.android.gms under uid 10060 but it is really 10020
10-31 00:27:51.839   772 13021 W AppOps  : java.lang.RuntimeException: here
10-31 00:27:51.839   772 13021 W AppOps  : 	at com.android.server.AppOpsService.getOpsRawLocked(AppOpsService.java:1319)
10-31 00:27:51.839   772 13021 W AppOps  : 	at com.android.server.AppOpsService.checkPackage(AppOpsService.java:1038)
10-31 00:27:51.839   772 13021 W AppOps  : 	at com.android.internal.app.IAppOpsService$Stub.onTransact(IAppOpsService.java:169)
10-31 00:27:51.839   772 13021 W AppOps  : 	at android.os.Binder.execTransact(Binder.java:674)
10-31 00:27:51.840   772  1327 W AppOps  : Bad call: specified package com.google.android.gms under uid 10060 but it is really 10020
10-31 00:27:51.840   772  1327 W AppOps  : java.lang.RuntimeException: here
10-31 00:27:51.840   772  1327 W AppOps  : 	at com.android.server.AppOpsService.getOpsRawLocked(AppOpsService.java:1319)
10-31 00:27:51.840   772  1327 W AppOps  : 	at com.android.server.AppOpsService.checkPackage(AppOpsService.java:1038)
10-31 00:27:51.840   772  1327 W AppOps  : 	at com.android.internal.app.IAppOpsService$Stub.onTransact(IAppOpsService.java:169)
10-31 00:27:51.840   772  1327 W AppOps  : 	at android.os.Binder.execTransact(Binder.java:674)
10-31 00:27:51.861 14323 14323 E cr_IntentUtils: getBooleanExtra failed on intent null
10-31 00:27:51.861 14323 14323 E cr_IntentUtils: getBooleanExtra failed on intent null
10-31 00:27:51.865 14361 14377 I cr_LibraryLoader: Successfully loaded native library
10-31 00:27:51.868 14361 14377 I cr_CachingUmaRecorder: Flushed 3 samples from 3 histograms.
10-31 00:27:51.869   556   731 D audio_hw_primary: disable_audio_route: usecase(1) reset and update mixer path: low-latency-playback
10-31 00:27:51.883   556   731 D audio_hw_primary: disable_snd_device: snd_device(88: vi-feedback)
10-31 00:27:51.883   556   731 D audio_hw_primary: disable_audio_route: usecase(23) reset and update mixer path: spkr-vi-record
10-31 00:27:51.884 14323 14323 W ResourceType: Failure getting entry for 0x7f010888 (t=0 e=2184) (error -75)
10-31 00:27:51.897 14323 14323 I chatty  : uid=10060(u0_a60) identical 6 lines
10-31 00:27:51.898 14323 14323 W ResourceType: Failure getting entry for 0x7f010888 (t=0 e=2184) (error -75)
10-31 00:27:51.900 14323 14323 I cr_TopSites: Start a new task.
10-31 00:27:51.901 14323 14389 I cr_TopSites: Serializing top sites lists finished; count: 8
10-31 00:27:51.902  3960  4217 I FontLog : Received query name=Google Sans&weight=700&besteffort=false, URI content://com.google.android.gms.fonts [CONTEXT service_id=132 ]
10-31 00:27:51.903  3960  4217 I FontLog : Query [name=Google Sans&weight=700&besteffort=false] resolved to {Google Sans, wdth 100.0, wght 700, ital 0.0, bestEffort false} [CONTEXT service_id=132 ]
10-31 00:27:51.905  3960  4217 I FontLog : Fetch {Google Sans, wdth 100.0, wght 700, ital 0.0, bestEffort false} end status Status{statusCode=SUCCESS, resolution=null} [CONTEXT service_id=132 ]
10-31 00:27:51.909 14323 14389 I cr_TopSites: Finished saving top sites list to file:/data/user/0/com.android.chrome/app_top_sites/top_sites
10-31 00:27:51.921  3960  6244 I FontLog : Pulling font file for id = 1521, cache size = 9 [CONTEXT service_id=132 ]
10-31 00:27:51.933   772  1327 I ActivityManager: Start proc 14535:com.android.chrome:sandboxed_process2/u0i519 for webview_service com.android.chrome/org.chromium.content.app.SandboxedProcessService2
10-31 00:27:51.939 14535 14535 E /system/bin/webview_zygote32: failed to make and chown /acct/uid_99519: Permission denied
10-31 00:27:51.939 14535 14535 E Zygote  : createProcessGroup(99519, 0) failed: Permission denied
10-31 00:27:51.959   772  4539 I ActivityManager: Start proc 14548:com.android.chrome:sandboxed_process3/u0i520 for webview_service com.android.chrome/org.chromium.content.app.SandboxedProcessService3
10-31 00:27:51.960  3960  3972 I FontLog : Received query name=Noto Color Emoji Compat&weight=400&besteffort=false, URI content://com.google.android.gms.fonts [CONTEXT service_id=132 ]
10-31 00:27:51.961  3960  3972 I FontLog : Query [name=Noto Color Emoji Compat&weight=400&besteffort=false] resolved to {Noto Color Emoji Compat, wdth 100.0, wght 400, ital 0.0, bestEffort false} [CONTEXT service_id=132 ]
10-31 00:27:51.962 14535 14535 I SamplingProfilerIntegration: Profiling disabled.
10-31 00:27:51.967  3960  3972 I FontLog : Fetch {Noto Color Emoji Compat, wdth 100.0, wght 400, ital 0.0, bestEffort false} end status Status{statusCode=SUCCESS, resolution=null} [CONTEXT service_id=132 ]
10-31 00:27:51.969 14548 14548 E /system/bin/webview_zygote32: failed to make and chown /acct/uid_99520: Permission denied
10-31 00:27:51.969 14548 14548 E Zygote  : createProcessGroup(99520, 0) failed: Permission denied
10-31 00:27:51.982 14561 14561 E /system/bin/webview_zygote32: failed to make and chown /acct/uid_99521: Permission denied
10-31 00:27:51.982 14561 14561 E Zygote  : createProcessGroup(99521, 0) failed: Permission denied
10-31 00:27:51.987   772 10895 I ActivityManager: Start proc 14561:com.android.chrome:sandboxed_process4/u0i521 for webview_service com.android.chrome/org.chromium.content.app.SandboxedProcessService4
10-31 00:27:51.992 14548 14548 I SamplingProfilerIntegration: Profiling disabled.
10-31 00:27:51.998 14323 14323 W ResourceType: Failure getting entry for 0x7f010216 (t=0 e=534) (error -75)
10-31 00:27:52.001 14323 14323 W ResourceType: Failure getting entry for 0x7f0107c9 (t=0 e=1993) (error -75)
10-31 00:27:52.005 14576 14576 E asset   : setgid: Operation not permitted
10-31 00:27:52.006 14561 14561 I SamplingProfilerIntegration: Profiling disabled.
10-31 00:27:52.009 14577 14577 E /system/bin/webview_zygote32: failed to make and chown /acct/uid_99522: Permission denied
10-31 00:27:52.009 14577 14577 E Zygote  : createProcessGroup(99522, 0) failed: Permission denied
10-31 00:27:52.012   772  1327 I ActivityManager: Start proc 14577:com.android.chrome:sandboxed_process5/u0i522 for webview_service com.android.chrome/org.chromium.content.app.SandboxedProcessService5
10-31 00:27:52.014  3960  4245 I FontLog : Pulling font file for id = 1522, cache size = 10 [CONTEXT service_id=132 ]
10-31 00:27:52.018 14323 14323 W ResourceType: Failure getting entry for 0x7f010827 (t=0 e=2087) (error -75)
10-31 00:27:52.033 14593 14593 E asset   : setgid: Operation not permitted
10-31 00:27:52.033 14590 14590 E /system/bin/webview_zygote32: failed to make and chown /acct/uid_99523: Permission denied
10-31 00:27:52.033 14590 14590 E Zygote  : createProcessGroup(99523, 0) failed: Permission denied
10-31 00:27:52.035 14577 14577 I SamplingProfilerIntegration: Profiling disabled.
10-31 00:27:52.035 14323 14323 I cr_OfflineIndicator: onConnectionTypeChanged 2
10-31 00:27:52.036 14323 14323 I cr_OfflineIndicator: Reported by system: [ Transports: WIFI Capabilities: NOT_METERED&INTERNET&NOT_RESTRICTED&TRUSTED&NOT_VPN&VALIDATED&FOREGROUND LinkUpBandwidth>=1048576Kbps LinkDnBandwidth>=1048576Kbps SignalStrength: -56]
10-31 00:27:52.036 14592 14592 E asset   : setgid: Operation not permitted
10-31 00:27:52.036 14323 14323 I cr_OfflineIndicator: setConnectionState connectionState=4
10-31 00:27:52.036 14323 14323 I cr_OfflineDetector: Running updateState mConnectivityDetectorInitialized: true, mTimeWhenLastForegrounded: 1048526201, getElapsedTime: 1048526203, mTimeWhenLastOfflineNotificationReceived: 0, mTimeWhenLastOnline: 1048526203, mApplicationState: 1, mIsOfflineLastReportedByConnectivityDetector: false, mIsEffectivelyOffline: false
10-31 00:27:52.036 14323 14323 I cr_OfflineDetector: updateState(): timeSinceLastForeground: 2, timeSinceOfflineNotificationReceived: 1048526203, timeSinceLastOnline: 0, timeNeededForForeground: 1998, timeNeededForOffline: -1048524203
10-31 00:27:52.037 14323 14323 I cr_OfflineIndicator: processConnectivityCheckResult mConnectionState=4 mConnectivityCheckingStage=1
10-31 00:27:52.039   772  2970 I ActivityManager: Start proc 14590:com.android.chrome:sandboxed_process6/u0i523 for webview_service com.android.chrome/org.chromium.content.app.SandboxedProcessService6
10-31 00:27:52.041  3960  6244 I FontLog : Received query name=Google Sans&weight=400&besteffort=false, URI content://com.google.android.gms.fonts [CONTEXT service_id=132 ]
10-31 00:27:52.041 14535 14535 I cr_SplitCompatApp: Launched version=106.0.5249.79 minSdkVersion=24 isBundle=true processName=com.android.chrome:sandboxed_process2 isIsolated=true
10-31 00:27:52.041  3960  6244 I FontLog : Query [name=Google Sans&weight=400&besteffort=false] resolved to {Google Sans, wdth 100.0, wght 400, ital 0.0, bestEffort false} [CONTEXT service_id=132 ]
10-31 00:27:52.044  3960  6244 I FontLog : Font PFD returned from cache for {Google Sans, wdth 100.0, wght 400, ital 0.0, bestEffort false} [CONTEXT service_id=132 ]
10-31 00:27:52.044  3960  6244 I FontLog : Fetch {Google Sans, wdth 100.0, wght 400, ital 0.0, bestEffort false} end status Status{statusCode=SUCCESS, resolution=null} [CONTEXT service_id=132 ]
10-31 00:27:52.056 14535 14535 W SystemServiceRegistry: No service published for: uimode
10-31 00:27:52.060 14606 14606 E asset   : setgid: Operation not permitted
10-31 00:27:52.067 14535 14535 I cr_ChildProcessService: Creating new ChildProcessService pid=14535
10-31 00:27:52.068 14590 14590 I SamplingProfilerIntegration: Profiling disabled.
10-31 00:27:52.069 14608 14608 E /system/bin/webview_zygote32: failed to make and chown /acct/uid_99524: Permission denied
10-31 00:27:52.069 14608 14608 E Zygote  : createProcessGroup(99524, 0) failed: Permission denied
10-31 00:27:52.069   772 13071 I ActivityManager: Start proc 14608:com.android.chrome:sandboxed_process7/u0i524 for webview_service com.android.chrome/org.chromium.content.app.SandboxedProcessService7
10-31 00:27:52.073 14561 14561 I cr_SplitCompatApp: Launched version=106.0.5249.79 minSdkVersion=24 isBundle=true processName=com.android.chrome:sandboxed_process4 isIsolated=true
10-31 00:27:52.077 14548 14548 I cr_SplitCompatApp: Launched version=106.0.5249.79 minSdkVersion=24 isBundle=true processName=com.android.chrome:sandboxed_process3 isIsolated=true
10-31 00:27:52.079 14561 14561 W SystemServiceRegistry: No service published for: uimode
10-31 00:27:52.087 14561 14561 I cr_ChildProcessService: Creating new ChildProcessService pid=14561
10-31 00:27:52.088 14624 14624 E asset   : setgid: Operation not permitted
10-31 00:27:52.089 14548 14548 W SystemServiceRegistry: No service published for: uimode
10-31 00:27:52.090   772  1324 I ActivityManager: Start proc 14616:com.android.chrome:sandboxed_process8/u0i525 for webview_service com.android.chrome/org.chromium.content.app.SandboxedProcessService8
10-31 00:27:52.093 14616 14616 E /system/bin/webview_zygote32: failed to make and chown /acct/uid_99525: Permission denied
10-31 00:27:52.093 14616 14616 E Zygote  : createProcessGroup(99525, 0) failed: Permission denied
10-31 00:27:52.094  3960  4245 I FontLog : Pulling font file for id = 1523, cache size = 9 [CONTEXT service_id=132 ]
10-31 00:27:52.098 14323 14323 W ResourceType: Failure getting entry for 0x7f010415 (t=0 e=1045) (error -75)
10-31 00:27:52.098 14548 14548 I cr_ChildProcessService: Creating new ChildProcessService pid=14548
10-31 00:27:52.099 14535 14535 E WebViewFactory: can't load with relro file; address space not reserved
10-31 00:27:52.102 14577 14577 I cr_SplitCompatApp: Launched version=106.0.5249.79 minSdkVersion=24 isBundle=true processName=com.android.chrome:sandboxed_process5 isIsolated=true
10-31 00:27:52.106 14637 14637 E /system/bin/webview_zygote32: failed to make and chown /acct/uid_99526: Permission denied
10-31 00:27:52.107 14637 14637 E Zygote  : createProcessGroup(99526, 0) failed: Permission denied
10-31 00:27:52.107 14577 14577 W SystemServiceRegistry: No service published for: uimode
10-31 00:27:52.107   772   784 I ActivityManager: Start proc 14637:com.android.chrome:sandboxed_process9/u0i526 for webview_service com.android.chrome/org.chromium.content.app.SandboxedProcessService9
10-31 00:27:52.109 14608 14608 I SamplingProfilerIntegration: Profiling disabled.
10-31 00:27:52.115 14577 14577 I cr_ChildProcessService: Creating new ChildProcessService pid=14577
10-31 00:27:52.116 14561 14561 E WebViewFactory: can't load with relro file; address space not reserved
10-31 00:27:52.119  3960  4151 I FontLog : Received query name=Google Sans&weight=500&besteffort=false, URI content://com.google.android.gms.fonts [CONTEXT service_id=132 ]
10-31 00:27:52.119  3960  4151 I FontLog : Query [name=Google Sans&weight=500&besteffort=false] resolved to {Google Sans, wdth 100.0, wght 500, ital 0.0, bestEffort false} [CONTEXT service_id=132 ]
10-31 00:27:52.121  3960  4151 I FontLog : Font PFD returned from cache for {Google Sans, wdth 100.0, wght 500, ital 0.0, bestEffort false} [CONTEXT service_id=132 ]
10-31 00:27:52.121  3960  4151 I FontLog : Fetch {Google Sans, wdth 100.0, wght 500, ital 0.0, bestEffort false} end status Status{statusCode=SUCCESS, resolution=null} [CONTEXT service_id=132 ]
10-31 00:27:52.123 14535 14613 I cr_LibraryLoader: Successfully loaded native library
10-31 00:27:52.124 14535 14613 I cr_CachingUmaRecorder: Flushed 3 samples from 3 histograms.
10-31 00:27:52.128  3960  4217 I FontLog : Pulling font file for id = 1524, cache size = 10 [CONTEXT service_id=132 ]
10-31 00:27:52.129 14548 14548 E WebViewFactory: can't load with relro file; address space not reserved
10-31 00:27:52.130 14577 14577 E WebViewFactory: can't load with relro file; address space not reserved
10-31 00:27:52.131 14616 14616 I SamplingProfilerIntegration: Profiling disabled.
10-31 00:27:52.131 14637 14637 I SamplingProfilerIntegration: Profiling disabled.
10-31 00:27:52.133 14561 14620 I cr_LibraryLoader: Successfully loaded native library
10-31 00:27:52.134 14561 14620 I cr_CachingUmaRecorder: Flushed 3 samples from 3 histograms.
10-31 00:27:52.139 14577 14643 I cr_LibraryLoader: Successfully loaded native library
10-31 00:27:52.140 14548 14631 I cr_LibraryLoader: Successfully loaded native library
10-31 00:27:52.140 14577 14643 I cr_CachingUmaRecorder: Flushed 3 samples from 3 histograms.
10-31 00:27:52.140 14548 14631 I cr_CachingUmaRecorder: Flushed 3 samples from 3 histograms.
10-31 00:27:52.152 14590 14590 I cr_SplitCompatApp: Launched version=106.0.5249.79 minSdkVersion=24 isBundle=true processName=com.android.chrome:sandboxed_process6 isIsolated=true
10-31 00:27:52.159   361   361 W /system/bin/hwservicemanager: getTransportFromManifest: Cannot find entry android.hardware.graphics.mapper@2.0::IMapper in either framework or device manifest, using default transport.
10-31 00:27:52.159 14590 14590 W SystemServiceRegistry: No service published for: uimode
10-31 00:27:52.160 14670 14670 E asset   : setgid: Operation not permitted
10-31 00:27:52.162 14393 14411 I vndksupport: sphal namespace is not configured for this process. Loading /vendor/lib/hw/gralloc.msm8992.so from the current namespace instead.
10-31 00:27:52.175 14683 14683 E asset   : setgid: Operation not permitted
10-31 00:27:52.177 14590 14590 I cr_ChildProcessService: Creating new ChildProcessService pid=14590
10-31 00:27:52.178 14684 14684 E asset   : setgid: Operation not permitted
10-31 00:27:52.187 14590 14590 E WebViewFactory: can't load with relro file; address space not reserved
10-31 00:27:52.200 14590 14685 I cr_LibraryLoader: Successfully loaded native library
10-31 00:27:52.201 14590 14685 I cr_CachingUmaRecorder: Flushed 3 samples from 3 histograms.
10-31 00:27:52.203 14608 14608 I cr_SplitCompatApp: Launched version=106.0.5249.79 minSdkVersion=24 isBundle=true processName=com.android.chrome:sandboxed_process7 isIsolated=true
10-31 00:27:52.204 14323 14323 I cr_tabmodel: Appending tabs being restored to metadata lists, 0, startingNormalCount: 1, startingIncognitoCount: 0
10-31 00:27:52.204 14323 14323 I cr_tabmodel: Serializing tab lists; counts: 1, 0
10-31 00:27:52.215 14608 14608 W SystemServiceRegistry: No service published for: uimode
10-31 00:27:52.216 14548 14631 I chromium: [INFO:child_process_service.cc(69)] ChildProcessService: Exiting child process.
10-31 00:27:52.220 14561 14620 I chromium: [INFO:child_process_service.cc(69)] ChildProcessService: Exiting child process.
10-31 00:27:52.220   422   422 E lowmemorykiller: Error writing /proc/14548/oom_score_adj; errno=22
10-31 00:27:52.221 14577 14643 I chromium: [INFO:child_process_service.cc(69)] ChildProcessService: Exiting child process.
10-31 00:27:52.221   772  4540 I ActivityManager: Killing 14548:com.android.chrome:sandboxed_process3/u0a60i520 (adj 0): isolated not needed
10-31 00:27:52.222 14535 14613 I chromium: [INFO:child_process_service.cc(69)] ChildProcessService: Exiting child process.
10-31 00:27:52.223   772   790 W zygote64: failed to open /acct/uid_99520/pid_14548/cgroup.procs: No such file or directory
10-31 00:27:52.226   422   422 E lowmemorykiller: Error writing /proc/14561/oom_score_adj; errno=22
10-31 00:27:52.227   772  3854 I ActivityManager: Killing 14561:com.android.chrome:sandboxed_process4/u0a60i521 (adj 0): isolated not needed
10-31 00:27:52.228   772   790 W zygote64: failed to open /acct/uid_99521/pid_14561/cgroup.procs: No such file or directory
10-31 00:27:52.230   422   422 E lowmemorykiller: Error writing /proc/14577/oom_score_adj; errno=22
10-31 00:27:52.231   772 13021 I ActivityManager: Killing 14577:com.android.chrome:sandboxed_process5/u0a60i522 (adj 0): isolated not needed
10-31 00:27:52.232   772   790 W zygote64: failed to open /acct/uid_99522/pid_14577/cgroup.procs: No such file or directory
10-31 00:27:52.246 14616 14616 I cr_SplitCompatApp: Launched version=106.0.5249.79 minSdkVersion=24 isBundle=true processName=com.android.chrome:sandboxed_process8 isIsolated=true
10-31 00:27:52.252   772 10893 I ActivityManager: Start proc 14693:com.android.chrome:sandboxed_process10/u0i527 for webview_service com.android.chrome/org.chromium.content.app.SandboxedProcessService10
10-31 00:27:52.255 14616 14616 W SystemServiceRegistry: No service published for: uimode
10-31 00:27:52.256   772  2969 I ActivityManager: Process com.android.chrome:sandboxed_process2 (pid 14535) has died: vis  TOP 
10-31 00:27:52.256 14637 14637 I cr_SplitCompatApp: Launched version=106.0.5249.79 minSdkVersion=24 isBundle=true processName=com.android.chrome:sandboxed_process9 isIsolated=true
10-31 00:27:52.257   772  2969 W ActivityManager: Scheduling restart of crashed service com.android.chrome/org.chromium.content.app.SandboxedProcessService2 in 1000ms
10-31 00:27:52.257   772   790 W zygote64: failed to open /acct/uid_99519/pid_14535/cgroup.procs: No such file or directory
10-31 00:27:52.263 14693 14693 E /system/bin/webview_zygote32: failed to make and chown /acct/uid_99527: Permission denied
10-31 00:27:52.263 14693 14693 E Zygote  : createProcessGroup(99527, 0) failed: Permission denied
10-31 00:27:52.266 14608 14608 I cr_ChildProcessService: Creating new ChildProcessService pid=14608
10-31 00:27:52.266 14637 14637 W SystemServiceRegistry: No service published for: uimode
10-31 00:27:52.268   772  2969 E JavaBinder: !!! FAILED BINDER TRANSACTION !!!  (parcel size = 76)
10-31 00:27:52.273 14323 14323 W chromium: [WARNING:compositor_view.cc(342)] Child process died (type=6) pid=14535)
10-31 00:27:52.276 14590 14685 I chromium: [INFO:child_process_service.cc(69)] ChildProcessService: Exiting child process.
10-31 00:27:52.277 14323 14323 W chromium: [WARNING:compositor_view.cc(342)] Child process died (type=6) pid=14577)
10-31 00:27:52.283 14323 14323 W chromium: [WARNING:compositor_view.cc(342)] Child process died (type=6) pid=14561)
10-31 00:27:52.283 14323 14323 W chromium: [WARNING:compositor_view.cc(342)] Child process died (type=6) pid=14548)
10-31 00:27:52.295 14616 14616 I cr_ChildProcessService: Creating new ChildProcessService pid=14616
10-31 00:27:52.301   772  4540 I ActivityManager: Process com.android.chrome:sandboxed_process6 (pid 14590) has died: vis  TOP 
10-31 00:27:52.302   772  4540 W ActivityManager: Scheduling restart of crashed service com.android.chrome/org.chromium.content.app.SandboxedProcessService6 in 1000ms
10-31 00:27:52.306   772   790 W zygote64: failed to open /acct/uid_99523/pid_14590/cgroup.procs: No such file or directory
10-31 00:27:52.306 14637 14637 I cr_ChildProcessService: Creating new ChildProcessService pid=14637
10-31 00:27:52.311 14693 14693 I SamplingProfilerIntegration: Profiling disabled.
10-31 00:27:52.321 14608 14608 E WebViewFactory: can't load with relro file; address space not reserved
10-31 00:27:52.322 14616 14616 E WebViewFactory: can't load with relro file; address space not reserved
10-31 00:27:52.323 14323 14323 W chromium: [WARNING:compositor_view.cc(342)] Child process died (type=6) pid=14590)
10-31 00:27:52.351 14637 14637 E WebViewFactory: can't load with relro file; address space not reserved
10-31 00:27:52.359 14608 14698 I cr_LibraryLoader: Successfully loaded native library
10-31 00:27:52.360 14608 14698 I cr_CachingUmaRecorder: Flushed 3 samples from 3 histograms.
10-31 00:27:52.361 14616 14708 I cr_LibraryLoader: Successfully loaded native library
10-31 00:27:52.362 14616 14708 I cr_CachingUmaRecorder: Flushed 3 samples from 3 histograms.
10-31 00:27:52.366   772   781 I zygote64: Background concurrent copying GC freed 40972(2MB) AllocSpace objects, 21(452KB) LOS objects, 42% free, 17MB/30MB, paused 362us total 183.571ms
10-31 00:27:52.368 14637 14710 I cr_LibraryLoader: Successfully loaded native library
10-31 00:27:52.369 14637 14710 I cr_CachingUmaRecorder: Flushed 3 samples from 3 histograms.
10-31 00:27:52.369 14712 14712 E asset   : setgid: Operation not permitted
10-31 00:27:52.380 14323 14333 I zygote  : Background concurrent copying GC freed 24315(1503KB) AllocSpace objects, 1(20KB) LOS objects, 49% free, 4MB/9MB, paused 171us total 116.490ms
10-31 00:27:52.392 14616 14636 I /system/bin/webview_zygote32: Background concurrent copying GC freed 3827(1256KB) AllocSpace objects, 3(76KB) LOS objects, 92% free, 128KB/1664KB, paused 6.103ms total 25.526ms
10-31 00:27:52.401 14323 14323 W ResourceType: Failure getting entry for 0x7f0100f9 (t=0 e=249) (error -75)
