10-31 18:39:39.515   372   376 D DrmLibTime: QSEE Time Listener: time_get_modem_time
10-31 18:39:39.515   372   376 D DrmLibTime: QSEE Time Listener: Checking if ATS_MODEM is set or not.
10-31 18:39:39.515   372   376 D QC-time-services: Lib:time_genoff_operation: pargs->base = 13
10-31 18:39:39.515   372   376 D QC-time-services: Lib:time_genoff_operation: pargs->operation = 2
10-31 18:39:39.515   372   376 D QC-time-services: Lib:time_genoff_operation: pargs->ts_val = 0
10-31 18:39:39.515   372   376 D QC-time-services: Lib:time_genoff_operation: Send to server  passed!!
10-31 18:39:39.515   625   647 D QC-time-services: Daemon: Connection accepted:time_genoff
10-31 18:39:39.516   625 12407 D QC-time-services: Daemon:Received base = 13, unit = 1, operation = 2,value = 0
10-31 18:39:39.516   625 12407 D QC-time-services: Daemon:genoff_opr: Base = 13, val = 0, operation = 2
10-31 18:39:39.516   625 12407 D QC-time-services: offset is: 0 for base: 13
10-31 18:39:39.516   372   376 E QC-time-services: Receive Passed == base = 13, unit = 1, operation = 2, result = 0
10-31 18:39:39.516   372   376 D DrmLibTime: QSEE Time Listener: ATS_MODEM is not set. Fallback to Android system time.
10-31 18:39:39.516   372   376 D DrmLibTime: QSEE Time Listener: Retrieved Android system time: 1667237979
10-31 18:39:39.516   372   376 D DrmLibTime: time_getutcsec returns 0, sec = 1667237979; nsec = 0
10-31 18:39:39.516   372   376 D DrmLibTime: time_getutcsec finished! 
10-31 18:39:39.516   372   376 D DrmLibTime: iotcl_continue_command finished! and return 0 
10-31 18:39:39.516   372   376 D DrmLibTime: before calling ioctl to read the next time_cmd
10-31 18:39:39.516   625   647 E QC-time-services: Daemon: Time-services: Waiting to acceptconnection
10-31 18:39:39.547   562 19050 D WVCdm   : OEMCrypto_Initialize Level 1 success. I will use level 1.
10-31 18:39:39.547   562 19050 D WVCdm   : CryptoSession::Open: Lock: requested_security_level: Default
10-31 18:39:39.637   562 19050 E DrmWidevineDash: OEMCrypto_GenerateSignature : input wrapped_rsa_key == NULL!, return short buffer
10-31 18:39:39.639 11487 11487 I cr_media: Provisioning origin ID 8E4EE6CFE67501589E79A296F4BFE7B7
10-31 18:39:39.642 11487 11487 W chromium: [WARNING:compositor_view.cc(342)] Child process died (type=6) pid=12379)
10-31 18:39:39.644 11487 11487 I MediaDrm: Drm event (1,0)
10-31 18:39:39.645 11487 11487 E cr_media: EventListener: No session for event 1.
10-31 18:39:39.685   562   644 E DrmWidevineDash: OEMCrypto_RewrapDeviceRSAKey : input wrapped_rsa_key == NULL!, return short buffer
10-31 18:39:39.700   562   644 D QSEECOMAPI: : QSEECom_dealloc_memory 
10-31 18:39:39.700   562   644 D QSEECOMAPI: : QSEECom_shutdown_app, app_id = 3133
10-31 18:39:41.922 12408 12408 E /system/bin/webview_zygote32: failed to make and chown /acct/uid_99944: Permission denied
10-31 18:39:41.922 12408 12408 E Zygote  : createProcessGroup(99944, 0) failed: Permission denied
10-31 18:39:41.924   772 10893 I ActivityManager: Start proc 12408:com.android.chrome:sandboxed_process30/u0i944 for webview_service com.android.chrome/org.chromium.content.app.SandboxedProcessService30
10-31 18:39:41.940 12408 12408 I SamplingProfilerIntegration: Profiling disabled.
10-31 18:39:41.964 12421 12421 E asset   : setgid: Operation not permitted
10-31 18:39:42.003 12408 12408 I cr_SplitCompatApp: Launched version=106.0.5249.79 minSdkVersion=24 isBundle=true processName=com.android.chrome:sandboxed_process30 isIsolated=true
10-31 18:39:42.016 12408 12408 W SystemServiceRegistry: No service published for: uimode
10-31 18:39:42.027 12408 12408 I cr_ChildProcessService: Creating new ChildProcessService pid=12408
10-31 18:39:42.037 12408 12408 E WebViewFactory: can't load with relro file; address space not reserved
10-31 18:39:42.049 12408 12422 I cr_LibraryLoader: Successfully loaded native library
10-31 18:39:42.050 12408 12422 I cr_CachingUmaRecorder: Flushed 3 samples from 3 histograms.
10-31 18:39:42.123 12426 12426 W ThreadPoolForeg: type=1400 audit(0.0:17492): avc: denied { setattr } for name="tl_en-us_2022-10-24_484508980_100000_index.bin" dev="dm-2" ino=1505043 scontext=u:r:isolated_app:s0:c512,c768 tcontext=u:object_r:app_data_file:s0:c512,c768 tclass=file permissive=0
10-31 18:39:42.127 12426 12426 W ThreadPoolForeg: type=1400 audit(0.0:17493): avc: denied { setattr } for name="manifest.json" dev="dm-2" ino=1505044 scontext=u:r:isolated_app:s0:c512,c768 tcontext=u:object_r:app_data_file:s0:c512,c768 tclass=file permissive=0
10-31 18:39:42.137 12426 12426 W ThreadPoolForeg: type=1400 audit(0.0:17494): avc: denied { setattr } for name="verified_contents.json" dev="dm-2" ino=1505052 scontext=u:r:isolated_app:s0:c512,c768 tcontext=u:object_r:app_data_file:s0:c512,c768 tclass=file permissive=0
10-31 18:39:42.149 12408 12422 I chromium: [INFO:child_process_service.cc(69)] ChildProcessService: Exiting child process.
10-31 18:39:42.155   422   422 E lowmemorykiller: Error writing /proc/12408/oom_score_adj; errno=22
10-31 18:39:42.156   772 10893 I ActivityManager: Killing 12408:com.android.chrome:sandboxed_process30/u0a60i944 (adj 0): isolated not needed
10-31 18:39:42.157   772   790 W zygote64: failed to open /acct/uid_99944/pid_12408/cgroup.procs: No such file or directory
10-31 18:39:42.168 11487 11487 W chromium: [WARNING:compositor_view.cc(342)] Child process died (type=6) pid=12408)
10-31 18:39:45.434 12430 12430 E /system/bin/webview_zygote32: failed to make and chown /acct/uid_99945: Permission denied
10-31 18:39:45.434 12430 12430 E Zygote  : createProcessGroup(99945, 0) failed: Permission denied
10-31 18:39:45.438   772  1324 I ActivityManager: Start proc 12430:com.android.chrome:sandboxed_process31/u0i945 for webview_service com.android.chrome/org.chromium.content.app.SandboxedProcessService31
10-31 18:39:45.471 12430 12430 I SamplingProfilerIntegration: Profiling disabled.
10-31 18:39:45.503 12443 12443 E asset   : setgid: Operation not permitted
10-31 18:39:45.540 12430 12430 I cr_SplitCompatApp: Launched version=106.0.5249.79 minSdkVersion=24 isBundle=true processName=com.android.chrome:sandboxed_process31 isIsolated=true
10-31 18:39:45.548 12430 12430 W SystemServiceRegistry: No service published for: uimode
10-31 18:39:45.559 12430 12430 I cr_ChildProcessService: Creating new ChildProcessService pid=12430
10-31 18:39:45.576 12430 12430 E WebViewFactory: can't load with relro file; address space not reserved
10-31 18:39:45.589 12430 12445 I cr_LibraryLoader: Successfully loaded native library
10-31 18:39:45.590 12430 12445 I cr_CachingUmaRecorder: Flushed 3 samples from 3 histograms.
10-31 18:39:45.650 12448 12448 W ThreadPoolForeg: type=1400 audit(0.0:17495): avc: denied { setattr } for name="optimization-hints.pb" dev="dm-2" ino=1505056 scontext=u:r:isolated_app:s0:c512,c768 tcontext=u:object_r:app_data_file:s0:c512,c768 tclass=file permissive=0
10-31 18:39:45.653 12448 12448 W ThreadPoolForeg: type=1400 audit(0.0:17496): avc: denied { setattr } for name="manifest.json" dev="dm-2" ino=1505057 scontext=u:r:isolated_app:s0:c512,c768 tcontext=u:object_r:app_data_file:s0:c512,c768 tclass=file permissive=0
10-31 18:39:45.660 12448 12448 W ThreadPoolForeg: type=1400 audit(0.0:17497): avc: denied { setattr } for name="verified_contents.json" dev="dm-2" ino=1505059 scontext=u:r:isolated_app:s0:c512,c768 tcontext=u:object_r:app_data_file:s0:c512,c768 tclass=file permissive=0
10-31 18:39:45.672 12430 12445 I chromium: [INFO:child_process_service.cc(69)] ChildProcessService: Exiting child process.
10-31 18:39:45.675   422   422 E lowmemorykiller: Error writing /proc/12430/oom_score_adj; errno=22
10-31 18:39:45.676   772  1324 I ActivityManager: Killing 12430:com.android.chrome:sandboxed_process31/u0a60i945 (adj 0): isolated not needed
10-31 18:39:45.677   772   790 W zygote64: failed to open /acct/uid_99945/pid_12430/cgroup.procs: No such file or directory
10-31 18:39:45.694 11487 11487 W chromium: [WARNING:compositor_view.cc(342)] Child process died (type=6) pid=12430)
10-31 18:39:49.355 12452 12452 E /system/bin/webview_zygote32: failed to make and chown /acct/uid_99946: Permission denied
10-31 18:39:49.355 12452 12452 E Zygote  : createProcessGroup(99946, 0) failed: Permission denied
10-31 18:39:49.360   772 20193 I ActivityManager: Start proc 12452:com.android.chrome:sandboxed_process32/u0i946 for webview_service com.android.chrome/org.chromium.content.app.SandboxedProcessService32
10-31 18:39:49.400 12452 12452 I SamplingProfilerIntegration: Profiling disabled.
10-31 18:39:49.432 12465 12465 E asset   : setgid: Operation not permitted
10-31 18:39:49.474 12452 12452 I cr_SplitCompatApp: Launched version=106.0.5249.79 minSdkVersion=24 isBundle=true processName=com.android.chrome:sandboxed_process32 isIsolated=true
10-31 18:39:49.480 12452 12452 W SystemServiceRegistry: No service published for: uimode
10-31 18:39:49.493 12452 12452 I cr_ChildProcessService: Creating new ChildProcessService pid=12452
10-31 18:39:49.505 12452 12452 E WebViewFactory: can't load with relro file; address space not reserved
10-31 18:39:49.517 12452 12466 I cr_LibraryLoader: Successfully loaded native library
10-31 18:39:49.519 12452 12466 I cr_CachingUmaRecorder: Flushed 3 samples from 3 histograms.
10-31 18:39:49.563 12470 12470 W ThreadPoolForeg: type=1400 audit(0.0:17498): avc: denied { setattr } for name="ssl_error_assistant.pb" dev="dm-2" ino=1505062 scontext=u:r:isolated_app:s0:c512,c768 tcontext=u:object_r:app_data_file:s0:c512,c768 tclass=file permissive=0
10-31 18:39:49.563 12470 12470 W ThreadPoolForeg: type=1400 audit(0.0:17499): avc: denied { setattr } for name="ssl_error_assistant.pb" dev="dm-2" ino=1505062 scontext=u:r:isolated_app:s0:c512,c768 tcontext=u:object_r:app_data_file:s0:c512,c768 tclass=file permissive=0
10-31 18:39:49.563 12470 12470 W ThreadPoolForeg: type=1400 audit(0.0:17500): avc: denied { setattr } for name="manifest.json" dev="dm-2" ino=1505063 scontext=u:r:isolated_app:s0:c512,c768 tcontext=u:object_r:app_data_file:s0:c512,c768 tclass=file permissive=0
10-31 18:39:49.570 12470 12470 W ThreadPoolForeg: type=1400 audit(0.0:17501): avc: denied { setattr } for name="verified_contents.json" dev="dm-2" ino=1505065 scontext=u:r:isolated_app:s0:c512,c768 tcontext=u:object_r:app_data_file:s0:c512,c768 tclass=file permissive=0
10-31 18:39:49.577 12452 12466 I chromium: [INFO:child_process_service.cc(69)] ChildProcessService: Exiting child process.
10-31 18:39:49.580   422   422 E lowmemorykiller: Error writing /proc/12452/oom_score_adj; errno=22
10-31 18:39:49.581   772 10893 I ActivityManager: Killing 12452:com.android.chrome:sandboxed_process32/u0a60i946 (adj 0): isolated not needed
10-31 18:39:49.582   772   790 W zygote64: failed to open /acct/uid_99946/pid_12452/cgroup.procs: No such file or directory
10-31 18:39:49.598 11487 11487 W chromium: [WARNING:compositor_view.cc(342)] Child process died (type=6) pid=12452)
10-31 18:39:51.454   772 10860 I ActivityManager: Force stopping com.android.chrome appid=10060 user=0: from pid 12484
10-31 18:39:51.454   772 10860 I ActivityManager: Killing 11555:com.android.chrome:privileged_process0/u0a60 (adj 0): stop com.android.chrome
10-31 18:39:51.455   772 10860 W ActivityManager: Scheduling restart of crashed service com.android.chrome/org.chromium.content.app.PrivilegedProcessService0 in 1000ms
10-31 18:39:51.459   772 10860 I ActivityManager: Killing 11487:com.android.chrome/u0a60 (adj 0): stop com.android.chrome
10-31 18:39:51.464   772 10860 W ActivityManager: Force removing ActivityRecord{998e7da u0 com.android.chrome/com.google.android.apps.chrome.Main t901}: app died, no saved state
10-31 18:39:51.464 29692 29692 D BoundBrokerSvc: onUnbind: Intent { act=com.google.android.gms.auth.key.retrieval.service.START dat=chimera-action:com.google.android.gms.auth.key.retrieval.service.START cmp=com.google.android.gms/.chimera.GmsApiService }
10-31 18:39:51.466 11524 11524 I cr_ChildProcessService: Destroying ChildProcessService pid=11524
10-31 18:39:51.470   772 10860 I WindowManager: Failed to capture screenshot of Token{95b540b ActivityRecord{998e7da u0 com.android.chrome/com.google.android.apps.chrome.Main t901 f}} appWin=Window{b156d7 u0 com.android.chrome/com.google.android.apps.chrome.Main} drawState=4
10-31 18:39:51.473 12035 12035 I cr_ChildProcessService: Destroying ChildProcessService pid=12035
10-31 18:39:51.482   772 10860 I ActivityManager: Killing 12035:com.android.chrome:sandboxed_process16/u0a60i930 (adj 0): isolated not needed
10-31 18:39:51.482   772 10860 I ActivityManager: Killing 11524:com.android.chrome:sandboxed_process0/u0a60i914 (adj 0): isolated not needed
10-31 18:39:51.489 24117 24117 I MemoryTrimmer: Trimming objects from memory, since app is in the background.
10-31 18:39:51.495  1311  1311 D CarrierSvcBindHelper: No carrier app for: 0
10-31 18:39:51.510  2964  2964 D RegisteredNfcFServicesCache: Service unchanged, not updating
10-31 18:39:51.524 29407 29511 I Adreno  : QUALCOMM build                   : 7142022, Ib5823dd10c
10-31 18:39:51.524 29407 29511 I Adreno  : Build Date                       : 06/23/17
10-31 18:39:51.524 29407 29511 I Adreno  : OpenGL ES Shader Compiler Version: EV031.18.00.00
10-31 18:39:51.524 29407 29511 I Adreno  : Local Branch                     : O11A
10-31 18:39:51.524 29407 29511 I Adreno  : Remote Branch                    : 
10-31 18:39:51.524 29407 29511 I Adreno  : Remote Branch                    : 
10-31 18:39:51.524 29407 29511 I Adreno  : Reconstruct Branch               : 
10-31 18:39:51.530   772 29404 D ConnectivityService: ConnectivityService NetworkRequestInfo binderDied(NetworkRequest [ LISTEN id=2218, [ Capabilities: INTERNET&NOT_RESTRICTED&TRUSTED&FOREGROUND] ], android.os.BinderProxy@c22d292)
10-31 18:39:51.530   772  1327 D ConnectivityService: ConnectivityService NetworkRequestInfo binderDied(NetworkRequest [ LISTEN id=2216, [ Capabilities: INTERNET&NOT_RESTRICTED&TRUSTED&FOREGROUND] ], android.os.BinderProxy@5e85463)
10-31 18:39:51.530   772 10895 D ConnectivityService: ConnectivityService NetworkRequestInfo binderDied(NetworkRequest [ LISTEN id=2217, [ Capabilities: INTERNET&NOT_RESTRICTED&TRUSTED&FOREGROUND] ], android.os.BinderProxy@5344860)
10-31 18:39:51.531   772   862 E ConnectivityService: RemoteException caught trying to send a callback msg for NetworkRequest [ LISTEN id=2217, [ Capabilities: INTERNET&NOT_RESTRICTED&TRUSTED&FOREGROUND] ]
10-31 18:39:51.532   772   862 E ConnectivityService: RemoteException caught trying to send a callback msg for NetworkRequest [ LISTEN id=2218, [ Capabilities: INTERNET&NOT_RESTRICTED&TRUSTED&FOREGROUND] ]
10-31 18:39:51.532   772   797 W ActivityManager: setHasOverlayUi called on unknown pid: 11487
10-31 18:39:51.533 29407 29511 I vndksupport: sphal namespace is not configured for this process. Loading /vendor/lib64/hw/gralloc.msm8992.so from the current namespace instead.
10-31 18:39:51.538 29407 29511 I Adreno  : PFP: 0x00000000, ME: 0x00000000
10-31 18:39:51.539   772   862 E ConnectivityService: RemoteException caught trying to send a callback msg for NetworkRequest [ LISTEN id=2216, [ Capabilities: INTERNET&NOT_RESTRICTED&TRUSTED&FOREGROUND] ]
10-31 18:39:51.541 29407 29511 I OpenGLRenderer: Initialized EGL, version 1.4
10-31 18:39:51.541 29407 29511 D OpenGLRenderer: Swap behavior 2
10-31 18:39:51.556   772   790 W zygote64: failed to open /acct/uid_99930/pid_12035/cgroup.procs: No such file or directory
10-31 18:39:51.556   772   790 W zygote64: failed to open /acct/uid_99914/pid_11524/cgroup.procs: No such file or directory
10-31 18:39:51.586   772  4539 W ActivityManager: Unable to start service Intent { act=com.google.android.gms.speech.service.START pkg=com.google.android.gms } U=0: not found
10-31 18:39:51.587   772 10895 W ActivityManager: Unbind failed: could not find connection for android.os.BinderProxy@9c71c53
10-31 18:39:51.587 24117 24264 E GmsClient: unable to connect to service: com.google.android.gms.speech.service.START on com.google.android.gms
10-31 18:39:51.608 24117 24135 W SessionLifecycleManager: Handover failed. Creating new session controller.
10-31 18:39:51.614 24117 24117 I OptInState: There is a new client and it does not support opt-in. Dropping request.
10-31 18:39:51.640 24117 24117 I MicroDetectionWorker: #updateMicroDetector [detectionMode: [mDetectionMode: [1]]]
10-31 18:39:51.640 24117 24117 I MicroDetectionWorker: #startMicroDetector [speakerMode: 0]
10-31 18:39:51.660 24117 24147 I MicroRecognitionRunner: Starting detection.
10-31 18:39:51.661 24117  6199 I MicrophoneInputStream: mic_starting com.google.android.apps.gsa.speech.audio.af@b49f19b
10-31 18:39:51.662   556   556 W DeviceHAL: Device 0xefa2d000 open_input_stream: Invalid argument
10-31 18:39:51.663 24117 24117 I MicroDetectionWorker: onReady
10-31 18:39:51.668   556 12498 I AudioFlinger: AudioFlinger's thread 0xec6032c0 tid=12498 ready to run
10-31 18:39:51.674   556   753 I SoundTriggerHwService::Module: onCallbackEvent no clients
10-31 18:39:51.674 24117  6199 I MicrophoneInputStream: mic_started com.google.android.apps.gsa.speech.audio.af@b49f19b
10-31 18:39:51.678   556 12499 D sound_trigger_platform: platform_stdev_check_and_update_concurrency: concurrency active 0, tx 1, rx 0, concurrency session_allowed 0
10-31 18:39:51.678   556 12499 D audio_hw_primary: enable_snd_device: snd_device(72: voice-rec-mic)
10-31 18:39:51.684   556 12499 D audio_hw_primary: enable_audio_route: usecase(9) apply and update mixer path: audio-record
10-31 18:39:51.751 24117 24117 I MicroDetectionWorker: onReady
10-31 18:39:51.902 12488 12488 D AndroidRuntime: >>>>>> START com.android.internal.os.RuntimeInit uid 2000 <<<<<<
10-31 18:39:52.050 29407 29511 W OpenGLRenderer: Incorrectly called buildLayer on View: ShortcutAndWidgetContainer, destroying layer...
10-31 18:39:52.053 12488 12488 D AndroidRuntime: Calling main entry com.android.commands.pm.Pm
10-31 18:39:52.067   772  2970 I ActivityManager: Force stopping com.android.chrome appid=10060 user=0: clear data
10-31 18:39:52.077   772   788 I ActivityManager: Force stopping com.android.chrome appid=10060 user=-1: clearApplicationUserData
10-31 18:39:52.172   560   560 I keystore: clear_uid 10060
10-31 18:39:52.197  1311  1311 D CarrierSvcBindHelper: No carrier app for: 0
10-31 18:39:52.202   772   787 W ResourceType: No known package when getting value for resource number 0x7f0904db
10-31 18:39:52.202   772   787 W ResourceType: No known package when getting value for resource number 0x7f140670
10-31 18:39:52.202   772   787 W ResourceType: No known package when getting value for resource number 0x7f0904da
10-31 18:39:52.202   772   787 W ResourceType: No known package when getting value for resource number 0x7f14018b
10-31 18:39:52.202   772   787 W ResourceType: No known package when getting value for resource number 0x7f14066f
10-31 18:39:52.202   772   787 W ResourceType: No known package when getting value for resource number 0x7f140434
10-31 18:39:52.202   772   787 E ShortcutService: Ignoring excessive intent tag.
10-31 18:39:52.205 12488 12488 I app_process: System.exit called, status: 0
10-31 18:39:52.205 12488 12488 I AndroidRuntime: VM exiting with result code 0.
10-31 18:39:52.226  2964  2964 D RegisteredNfcFServicesCache: Service unchanged, not updating
10-31 18:39:52.234 29486 12513 I Fitness : FitCleanupIntentOperation received Intent android.intent.action.PACKAGE_DATA_CLEARED [CONTEXT service_id=17 ]
10-31 18:39:52.252 29692  6326 I Icing   : doRemovePackageData com.android.chrome
10-31 18:39:52.253 29692  6326 I Icing   : Removing corpus key com.android.chrome-omnibox for package com.android.chrome
10-31 18:39:52.380 29692  6326 I Icing   : updateResources: need to parse anue{com.android.chrome}
10-31 18:39:52.486 29692  6326 I Icing   : Indexing com.android.chrome-omnibox from com.android.chrome
10-31 18:39:52.504   772 32228 I ActivityManager: Start proc 12533:com.android.chrome/u0a60 for content provider com.android.chrome/com.google.android.apps.chrome.icing.IcingProvider
10-31 18:39:52.566 12533 12533 I cr_SplitCompatApp: Launched version=106.0.5249.79 minSdkVersion=24 isBundle=true processName=com.android.chrome isIsolated=false
10-31 18:39:52.581   772   784 I ActivityManager: Force stopping com.android.chrome appid=10060 user=0: from pid 12548
10-31 18:39:52.582   772   784 I ActivityManager: Killing 12533:com.android.chrome/u0a60 (adj 200): stop com.android.chrome
10-31 18:39:52.595   772   784 I ActivityManager: Start proc 12554:com.android.chrome/u0a60 for restart com.android.chrome
10-31 18:39:52.597   772 32228 W ActivityManager: Unable to launch app com.android.chrome/10060 for provider com.android.chrome.icing: launching app became null
10-31 18:39:52.598 29692  6326 E ActivityThread: Failed to find provider info for com.android.chrome.icing
10-31 18:39:52.598 29692  6326 W Icing   : Could not connect to content provider content://com.android.chrome.icing
10-31 18:39:52.604  1311  1311 D CarrierSvcBindHelper: No carrier app for: 0
10-31 18:39:52.615  2964  2964 D RegisteredNfcFServicesCache: Service unchanged, not updating
10-31 18:39:52.655 12554 12554 I cr_SplitCompatApp: Launched version=106.0.5249.79 minSdkVersion=24 isBundle=true processName=com.android.chrome isIsolated=false
10-31 18:39:52.709 29692  6326 I Icing   : Indexing done com.android.chrome-omnibox
10-31 18:39:52.714 29486 29651 I FontLog : Received query Google Sans, URI content://com.google.android.gms.fonts [CONTEXT service_id=132 ]
10-31 18:39:52.714 29486 29651 I FontLog : Query [Google Sans] resolved to {Google Sans, wdth 100.0, wght 400, ital 0.0, bestEffort false} [CONTEXT service_id=132 ]
10-31 18:39:52.716 29486 29651 I FontLog : Font PFD returned from cache for {Google Sans, wdth 100.0, wght 400, ital 0.0, bestEffort false} [CONTEXT service_id=132 ]
10-31 18:39:52.716 29486 29651 I FontLog : Fetch {Google Sans, wdth 100.0, wght 400, ital 0.0, bestEffort false} end status Status{statusCode=SUCCESS, resolution=null} [CONTEXT service_id=132 ]
10-31 18:39:52.813 29486 29498 I FontLog : Pulling font file for id = 389, cache size = 11 [CONTEXT service_id=132 ]
10-31 18:39:52.891 12554 12575 I cr_LibraryLoader: Successfully loaded native library
10-31 18:39:52.893 12554 12575 I cr_CachingUmaRecorder: Flushed 20 samples from 19 histograms.
10-31 18:39:52.933 29486 30686 I FontLog : Received query Google Sans:500, URI content://com.google.android.gms.fonts [CONTEXT service_id=132 ]
10-31 18:39:52.933 29486 30686 I FontLog : Query [Google Sans:500] resolved to {Google Sans, wdth 100.0, wght 500, ital 0.0, bestEffort false} [CONTEXT service_id=132 ]
10-31 18:39:52.934 29486 30686 I FontLog : Font PFD returned from cache for {Google Sans, wdth 100.0, wght 500, ital 0.0, bestEffort false} [CONTEXT service_id=132 ]
10-31 18:39:52.935 29486 30686 I FontLog : Fetch {Google Sans, wdth 100.0, wght 500, ital 0.0, bestEffort false} end status Status{statusCode=SUCCESS, resolution=null} [CONTEXT service_id=132 ]
10-31 18:39:52.953 29486 29497 I FontLog : Pulling font file for id = 390, cache size = 9 [CONTEXT service_id=132 ]
10-31 18:39:52.975 29486 29498 I FontLog : Received query Google Sans:700, URI content://com.google.android.gms.fonts [CONTEXT service_id=132 ]
10-31 18:39:52.976 29486 29498 I FontLog : Query [Google Sans:700] resolved to {Google Sans, wdth 100.0, wght 700, ital 0.0, bestEffort false} [CONTEXT service_id=132 ]
10-31 18:39:52.977 29486 29498 I FontLog : Fetch {Google Sans, wdth 100.0, wght 700, ital 0.0, bestEffort false} end status Status{statusCode=SUCCESS, resolution=null} [CONTEXT service_id=132 ]
10-31 18:39:52.986 29486 29650 I FontLog : Pulling font file for id = 391, cache size = 6 [CONTEXT service_id=132 ]
10-31 18:39:52.988 12567 12567 D AndroidRuntime: >>>>>> START com.android.internal.os.RuntimeInit uid 2000 <<<<<<
10-31 18:39:53.109 12567 12567 D AndroidRuntime: Calling main entry com.android.commands.pm.Pm
10-31 18:39:53.135   772 32228 I ActivityManager: Force stopping com.android.chrome appid=10060 user=0: clear data
10-31 18:39:53.136   772 32228 I ActivityManager: Killing 12554:com.android.chrome/u0a60 (adj 700): stop com.android.chrome
10-31 18:39:53.143   772   788 I ActivityManager: Force stopping com.android.chrome appid=10060 user=-1: clearApplicationUserData
10-31 18:39:53.156   560   560 I keystore: clear_uid 10060
10-31 18:39:53.185  1311  1311 D CarrierSvcBindHelper: No carrier app for: 0
10-31 18:39:53.191   772   787 W ResourceType: No known package when getting value for resource number 0x7f0904db
10-31 18:39:53.191   772   787 W ResourceType: No known package when getting value for resource number 0x7f140670
10-31 18:39:53.191   772   787 W ResourceType: No known package when getting value for resource number 0x7f0904da
10-31 18:39:53.191   772   787 W ResourceType: No known package when getting value for resource number 0x7f14018b
10-31 18:39:53.191   772   787 W ResourceType: No known package when getting value for resource number 0x7f14066f
10-31 18:39:53.191   772   787 W ResourceType: No known package when getting value for resource number 0x7f140434
10-31 18:39:53.191   772   787 E ShortcutService: Ignoring excessive intent tag.
10-31 18:39:53.193 12567 12567 I app_process: System.exit called, status: 0
10-31 18:39:53.193 12567 12567 I AndroidRuntime: VM exiting with result code 0.
10-31 18:39:53.203  2964  2964 D RegisteredNfcFServicesCache: Service unchanged, not updating
10-31 18:39:53.223 29486 12514 I Fitness : FitCleanupIntentOperation received Intent android.intent.action.PACKAGE_DATA_CLEARED [CONTEXT service_id=17 ]
10-31 18:39:53.231 29692  6326 I Icing   : doRemovePackageData com.android.chrome
10-31 18:39:53.231 29692  6326 I Icing   : Removing corpus key com.android.chrome-omnibox for package com.android.chrome
10-31 18:39:53.343 29692  6326 I Icing   : updateResources: need to parse anue{com.android.chrome}
10-31 18:39:53.431 29692  6326 I Icing   : Indexing com.android.chrome-omnibox from com.android.chrome
10-31 18:39:53.443   772   784 I ActivityManager: Start proc 12590:com.android.chrome/u0a60 for content provider com.android.chrome/com.google.android.apps.chrome.icing.IcingProvider
10-31 18:39:53.495 12590 12590 I cr_SplitCompatApp: Launched version=106.0.5249.79 minSdkVersion=24 isBundle=true processName=com.android.chrome isIsolated=false
10-31 18:39:53.553 29692  6326 I Icing   : Indexing done com.android.chrome-omnibox
10-31 18:39:53.571 29486 29498 I FontLog : Received query Google Sans, URI content://com.google.android.gms.fonts [CONTEXT service_id=132 ]
10-31 18:39:53.571 29486 29498 I FontLog : Query [Google Sans] resolved to {Google Sans, wdth 100.0, wght 400, ital 0.0, bestEffort false} [CONTEXT service_id=132 ]
10-31 18:39:53.577 29486 29498 I FontLog : Font PFD returned from cache for {Google Sans, wdth 100.0, wght 400, ital 0.0, bestEffort false} [CONTEXT service_id=132 ]
10-31 18:39:53.577 29486 29498 I FontLog : Fetch {Google Sans, wdth 100.0, wght 400, ital 0.0, bestEffort false} end status Status{statusCode=SUCCESS, resolution=null} [CONTEXT service_id=132 ]
10-31 18:39:53.659 29486 29650 I FontLog : Pulling font file for id = 392, cache size = 7 [CONTEXT service_id=132 ]
10-31 18:39:53.746 12590 12610 I cr_LibraryLoader: Successfully loaded native library
10-31 18:39:53.747 12590 12610 I cr_CachingUmaRecorder: Flushed 20 samples from 19 histograms.
10-31 18:39:53.784 29486 29497 I FontLog : Received query Google Sans:500, URI content://com.google.android.gms.fonts [CONTEXT service_id=132 ]
10-31 18:39:53.784 29486 29497 I FontLog : Query [Google Sans:500] resolved to {Google Sans, wdth 100.0, wght 500, ital 0.0, bestEffort false} [CONTEXT service_id=132 ]
10-31 18:39:53.786 29486 29497 I FontLog : Font PFD returned from cache for {Google Sans, wdth 100.0, wght 500, ital 0.0, bestEffort false} [CONTEXT service_id=132 ]
10-31 18:39:53.786 29486 29497 I FontLog : Fetch {Google Sans, wdth 100.0, wght 500, ital 0.0, bestEffort false} end status Status{statusCode=SUCCESS, resolution=null} [CONTEXT service_id=132 ]
10-31 18:39:53.810 29486 29651 I FontLog : Pulling font file for id = 393, cache size = 8 [CONTEXT service_id=132 ]
10-31 18:39:53.830 29486 29650 I FontLog : Received query Google Sans:700, URI content://com.google.android.gms.fonts [CONTEXT service_id=132 ]
10-31 18:39:53.830 29486 29650 I FontLog : Query [Google Sans:700] resolved to {Google Sans, wdth 100.0, wght 700, ital 0.0, bestEffort false} [CONTEXT service_id=132 ]
10-31 18:39:53.832 29486 29650 I FontLog : Fetch {Google Sans, wdth 100.0, wght 700, ital 0.0, bestEffort false} end status Status{statusCode=SUCCESS, resolution=null} [CONTEXT service_id=132 ]
10-31 18:39:53.841 29486 30686 I FontLog : Pulling font file for id = 394, cache size = 6 [CONTEXT service_id=132 ]
