10-31 18:38:48.227   772   781 I zygote64: Background concurrent copying GC freed 94223(6MB) AllocSpace objects, 210(7MB) LOS objects, 42% free, 20MB/35MB, paused 245us total 206.393ms
10-31 18:38:48.228 12282 12326 I cr_CachingUmaRecorder: Flushed 3 samples from 3 histograms.
10-31 18:38:48.235 11487 11487 W chromium: [WARNING:compositor_view.cc(342)] Child process died (type=6) pid=12254)
10-31 18:38:48.237 12309 12309 I cr_SplitCompatApp: Launched version=106.0.5249.79 minSdkVersion=24 isBundle=true processName=com.android.chrome:sandboxed_process28 isIsolated=true
10-31 18:38:48.242 12309 12309 W SystemServiceRegistry: No service published for: uimode
10-31 18:38:48.257 12309 12309 I cr_ChildProcessService: Creating new ChildProcessService pid=12309
10-31 18:38:48.274 12309 12309 E WebViewFactory: can't load with relro file; address space not reserved
10-31 18:38:48.283 12336 12336 W ThreadPoolForeg: type=1400 audit(0.0:17484): avc: denied { setattr } for name="model-info.pb" dev="dm-2" ino=1504881 scontext=u:r:isolated_app:s0:c512,c768 tcontext=u:object_r:app_data_file:s0:c512,c768 tclass=file permissive=0
10-31 18:38:48.285 12309 12337 I cr_LibraryLoader: Successfully loaded native library
10-31 18:38:48.292 12309 12337 I cr_CachingUmaRecorder: Flushed 3 samples from 3 histograms.
10-31 18:38:48.293 12336 12336 W ThreadPoolForeg: type=1400 audit(0.0:17485): avc: denied { setattr } for name="model.tflite" dev="dm-2" ino=1504882 scontext=u:r:isolated_app:s0:c512,c768 tcontext=u:object_r:app_data_file:s0:c512,c768 tclass=file permissive=0
10-31 18:38:48.305 12282 12326 I chromium: [INFO:child_process_service.cc(69)] ChildProcessService: Exiting child process.
10-31 18:38:48.306   772  3854 I ActivityManager: Killing 12282:com.android.chrome:sandboxed_process27/u0a60i941 (adj 0): isolated not needed
10-31 18:38:48.307   772   790 W zygote64: failed to open /acct/uid_99941/pid_12282/cgroup.procs: No such file or directory
10-31 18:38:48.340 12343 12343 W ThreadPoolForeg: type=1400 audit(0.0:17486): avc: denied { setattr } for name="model-info.pb" dev="dm-2" ino=1504805 scontext=u:r:isolated_app:s0:c512,c768 tcontext=u:object_r:app_data_file:s0:c512,c768 tclass=file permissive=0
10-31 18:38:48.340 12343 12343 W ThreadPoolForeg: type=1400 audit(0.0:17487): avc: denied { setattr } for name="model.tflite" dev="dm-2" ino=1504881 scontext=u:r:isolated_app:s0:c512,c768 tcontext=u:object_r:app_data_file:s0:c512,c768 tclass=file permissive=0
10-31 18:38:48.341 11487 11487 W chromium: [WARNING:compositor_view.cc(342)] Child process died (type=6) pid=12282)
10-31 18:38:48.349 12309 12337 I chromium: [INFO:child_process_service.cc(69)] ChildProcessService: Exiting child process.
10-31 18:38:48.353   422   422 E lowmemorykiller: Error writing /proc/12309/oom_score_adj; errno=22
10-31 18:38:48.354   772 29404 I ActivityManager: Killing 12309:com.android.chrome:sandboxed_process28/u0a60i942 (adj 0): isolated not needed
10-31 18:38:48.354   772   790 W zygote64: failed to open /acct/uid_99942/pid_12309/cgroup.procs: No such file or directory
10-31 18:38:48.379 11487 11487 W chromium: [WARNING:compositor_view.cc(342)] Child process died (type=6) pid=12309)
10-31 18:38:50.150 11487 11543 I cr_omaha: OmahaBase::generateAndPostRequest(): Sending request to Omaha:
10-31 18:38:50.150 11487 11543 I cr_omaha: <?xml version='1.0' encoding='UTF-8' standalone='yes' ?><request protocol="3.0" updater="Android" updaterversion="106.0.5249.79" updaterchannel="chrome" ismachine="1" requestid="{c0aeb0a5-939c-491d-ad98-3bddc25c8bb2}" sessionid="{3c0c13b9-e812-491c-81ff-c7cabda67edb}" installsource="system_image" dedup="cr"><os platform="android" version="8.0.0" arch="arm" /><app brand="" client="ms-android-google" appid="{387E11AD-7109-45F6-83CF-CAA241ADC9DF}" version="106.0.5249.79" nextversion="" lang="en-US" installage="-1" ap="chrome;google;nexus 5x"><event eventtype="2" eventresult="1" /></app></request>
10-31 18:38:50.157 24117 24117 I MemoryTrimmer: Trimming objects from memory, since app is in the background.
10-31 18:38:50.306 11487 11543 I cr_omaha: OmahaBase::generateAndPostRequest(): Received response from Omaha:
10-31 18:38:50.306 11487 11543 I cr_omaha: <?xml version="1.0" encoding="UTF-8"?><response protocol="3.0" server="prod"><daystart elapsed_days="5782" elapsed_seconds="38328"/><app appid="{387E11AD-7109-45F6-83CF-CAA241ADC9DF}" status="ok"><event status="ok"/></app></response>
10-31 18:38:50.312 11487 11543 I cr_omaha: Request to Server Successful. Timestamp for next request:1667241530312
10-31 18:38:50.323 11487 11543 I cr_omaha: OmahaBase::generateAndPostRequest(): Sending request to Omaha:
10-31 18:38:50.323 11487 11543 I cr_omaha: <?xml version='1.0' encoding='UTF-8' standalone='yes' ?><request protocol="3.0" updater="Android" updaterversion="106.0.5249.79" updaterchannel="chrome" ismachine="1" requestid="{8b7f38c0-b72f-49e4-b62a-4a22dff2d077}" sessionid="{3c0c13b9-e812-491c-81ff-c7cabda67edb}" installsource="system_image" dedup="cr"><os platform="android" version="8.0.0" arch="arm" /><app brand="" client="ms-android-google" appid="{387E11AD-7109-45F6-83CF-CAA241ADC9DF}" version="106.0.5249.79" nextversion="" lang="en-US" installage="0" ap="chrome;google;nexus 5x"><updatecheck /><ping active="1" ad="5782" rd="5782" /></app></request>
10-31 18:38:50.351 11487 11543 I cr_omaha: OmahaBase::generateAndPostRequest(): Received response from Omaha:
10-31 18:38:50.351 11487 11543 I cr_omaha: <?xml version="1.0" encoding="UTF-8"?><response protocol="3.0" server="prod"><daystart elapsed_days="5782" elapsed_seconds="38328"/><app appid="{387E11AD-7109-45F6-83CF-CAA241ADC9DF}" cohort="1:hyx:" cohortname="Stable Chrome" status="ok"><updatecheck status="noupdate"/><ping status="ok"/></app></response>
10-31 18:38:50.353 11487 11543 I cr_omaha: Request to Server Successful. Timestamp for next request:1667241530353
10-31 18:38:50.354 11487 11543 I cr_omaha: Attempting to schedule next job for: Mon Oct 31 23:38:50 GMT+01:00 2022
10-31 18:38:50.359 11487 11487 I cr_omaha: Scheduled using JobService
10-31 18:38:50.360 11487 11487 E cr_BkgrdTaskJS: Tried finishing non-current BackgroundTask.
10-31 18:38:51.399   551   618 I ThermalEngine: ACTION: LCD - Setting max LCD brightness to 232
10-31 18:38:52.243 11487 11487 I cr_tabmodel: Appending tabs being restored to metadata lists, 0, startingNormalCount: 2, startingIncognitoCount: 0
10-31 18:38:52.243 11487 11487 I cr_tabmodel: Serializing tab lists; counts: 2, 0
10-31 18:38:53.293 11487 11487 I cr_tabmodel: Appending tabs being restored to metadata lists, 0, startingNormalCount: 2, startingIncognitoCount: 0
10-31 18:38:53.293 11487 11487 I cr_tabmodel: Serializing tab lists; counts: 2, 0
10-31 18:38:53.592 11487 11487 I cr_tabmodel: Appending tabs being restored to metadata lists, 0, startingNormalCount: 2, startingIncognitoCount: 0
10-31 18:38:53.592 11487 11487 I cr_tabmodel: Serializing tab lists; counts: 2, 0
10-31 18:38:53.996   551   618 I ThermalEngine: ACTION: BATTERY - Setting battery charging mitigation to 3
10-31 18:38:55.732 11487 11487 E cr_BTSPrefs: No data found for task id: 56
10-31 18:38:55.735 11487 11487 E cr_BkgrdTaskScheduler: Task cannot be canceled because no data was found instorage or data was invalid
10-31 18:39:02.231   772 13022 D WificondControl: Scan result ready event
10-31 18:39:14.006   551   618 I ThermalEngine: ACTION: BATTERY - Setting battery charging mitigation to 0
10-31 18:39:16.461   551   618 I ThermalEngine: ACTION: LCD - Setting max LCD brightness to 255
10-31 18:39:36.878 11487 11487 I cr_media: Create MediaDrmBridge with level L3 and origin A778A90D8EADDD2E9F080DE0F795BE59
10-31 18:39:36.886   361   361 W /system/bin/hwservicemanager: getTransportFromManifest: Cannot find entry android.hardware.drm@1.0::IDrmFactory in either framework or device manifest, using default transport.
10-31 18:39:36.929   562 19050 I DrmHal  : makeDrmFactories: using default drm instance
10-31 18:39:36.938   361   361 W /system/bin/hwservicemanager: getTransportFromManifest: Cannot find entry android.hardware.drm@1.0::IDrmFactory in either framework or device manifest, using default transport.
10-31 18:39:37.014   562  5487 I DrmHal  : makeDrmFactories: using default drm instance
10-31 18:39:37.015   562   562 D WVCdm   : Instantiating CDM.
10-31 18:39:37.017   562   644 I WVCdm   : CdmEngine::QueryStatus
10-31 18:39:37.017   562   644 I WVCdm   : Level3 Library 4445 May 19 2017 17:17:20
10-31 18:39:37.021   562   644 D QSEECOMAPI: : QSEECom_get_handle sb_length = 0x19000
10-31 18:39:37.021   562   644 D QSEECOMAPI: : App is not loaded in QSEE
10-31 18:39:37.076   562   644 D QSEECOMAPI: : Loaded image: APP id = 3122
10-31 18:39:37.080   562   644 D QSAPPSVER: qsapps_get_capabilities: Capability from secure side: 0x0
10-31 18:39:37.080   562   644 D QSAPPSVER: qsapps_get_capabilities: returns 0
10-31 18:39:37.080   562   644 E DrmWidevineDash: sion_buffer g_wv_fhandle->ion_sbuffer  0x0xeee8a000
10-31 18:39:37.084   372   376 D DrmLibTime: got the req here! ret=0
10-31 18:39:37.085   372   376 D DrmLibTime: command id, time_cmd_id = 770
10-31 18:39:37.085   372   376 D DrmLibTime: time_getutcsec starts!
10-31 18:39:37.085   372   376 D DrmLibTime: QSEE Time Listener: time_getutcsec
10-31 18:39:37.085   372   376 D DrmLibTime: QSEE Time Listener: get_utc_seconds
10-31 18:39:37.085   372   376 D DrmLibTime: QSEE Time Listener: time_get_modem_time
10-31 18:39:37.085   372   376 D DrmLibTime: QSEE Time Listener: Checking if ATS_MODEM is set or not.
10-31 18:39:37.085   372   376 D QC-time-services: Lib:time_genoff_operation: pargs->base = 13
10-31 18:39:37.085   372   376 D QC-time-services: Lib:time_genoff_operation: pargs->operation = 2
10-31 18:39:37.085   372   376 D QC-time-services: Lib:time_genoff_operation: pargs->ts_val = 0
10-31 18:39:37.085   372   376 D QC-time-services: Lib:time_genoff_operation: Send to server  passed!!
10-31 18:39:37.085   625   647 D QC-time-services: Daemon: Connection accepted:time_genoff
10-31 18:39:37.086   625 12362 D QC-time-services: Daemon:Received base = 13, unit = 1, operation = 2,value = 0
10-31 18:39:37.086   625 12362 D QC-time-services: Daemon:genoff_opr: Base = 13, val = 0, operation = 2
10-31 18:39:37.086   625 12362 D QC-time-services: offset is: 0 for base: 13
10-31 18:39:37.086   372   376 E QC-time-services: Receive Passed == base = 13, unit = 1, operation = 2, result = 0
10-31 18:39:37.086   372   376 D DrmLibTime: QSEE Time Listener: ATS_MODEM is not set. Fallback to Android system time.
10-31 18:39:37.086   372   376 D DrmLibTime: QSEE Time Listener: Retrieved Android system time: 1667237977
10-31 18:39:37.086   372   376 D DrmLibTime: time_getutcsec returns 0, sec = 1667237977; nsec = 0
10-31 18:39:37.086   372   376 D DrmLibTime: time_getutcsec finished! 
10-31 18:39:37.086   372   376 D DrmLibTime: iotcl_continue_command finished! and return 0 
10-31 18:39:37.086   372   376 D DrmLibTime: before calling ioctl to read the next time_cmd
10-31 18:39:37.087   625   647 E QC-time-services: Daemon: Time-services: Waiting to acceptconnection
10-31 18:39:37.129   562   644 D WVCdm   : OEMCrypto_Initialize Level 1 success. I will use level 1.
10-31 18:39:37.130   562   644 D QSEECOMAPI: : QSEECom_dealloc_memory 
10-31 18:39:37.130   562   644 D QSEECOMAPI: : QSEECom_shutdown_app, app_id = 3122
10-31 18:39:37.147   562 28303 I WVCdm   : CdmEngine::OpenSession
10-31 18:39:37.147   562 28303 I WVCdm   : Level3 Library 4445 May 19 2017 17:17:20
10-31 18:39:37.151   562 28303 D QSEECOMAPI: : QSEECom_get_handle sb_length = 0x19000
10-31 18:39:37.151   562 28303 D QSEECOMAPI: : App is not loaded in QSEE
10-31 18:39:37.209   562 28303 D QSEECOMAPI: : Loaded image: APP id = 3123
10-31 18:39:37.215   562 28303 D QSAPPSVER: qsapps_get_capabilities: Capability from secure side: 0x0
10-31 18:39:37.215   562 28303 D QSAPPSVER: qsapps_get_capabilities: returns 0
10-31 18:39:37.215   562 28303 E DrmWidevineDash: sion_buffer g_wv_fhandle->ion_sbuffer  0x0xeee8a000
10-31 18:39:37.217   372   376 D DrmLibTime: got the req here! ret=0
10-31 18:39:37.217   372   376 D DrmLibTime: command id, time_cmd_id = 770
10-31 18:39:37.217   372   376 D DrmLibTime: time_getutcsec starts!
10-31 18:39:37.217   372   376 D DrmLibTime: QSEE Time Listener: time_getutcsec
10-31 18:39:37.217   372   376 D DrmLibTime: QSEE Time Listener: get_utc_seconds
10-31 18:39:37.217   372   376 D DrmLibTime: QSEE Time Listener: time_get_modem_time
10-31 18:39:37.218   372   376 D DrmLibTime: QSEE Time Listener: Checking if ATS_MODEM is set or not.
10-31 18:39:37.218   372   376 D QC-time-services: Lib:time_genoff_operation: pargs->base = 13
10-31 18:39:37.218   372   376 D QC-time-services: Lib:time_genoff_operation: pargs->operation = 2
10-31 18:39:37.218   372   376 D QC-time-services: Lib:time_genoff_operation: pargs->ts_val = 0
10-31 18:39:37.218   372   376 D QC-time-services: Lib:time_genoff_operation: Send to server  passed!!
10-31 18:39:37.218   625   647 D QC-time-services: Daemon: Connection accepted:time_genoff
10-31 18:39:37.218   625 12363 D QC-time-services: Daemon:Received base = 13, unit = 1, operation = 2,value = 0
10-31 18:39:37.218   625 12363 D QC-time-services: Daemon:genoff_opr: Base = 13, val = 0, operation = 2
10-31 18:39:37.218   625 12363 D QC-time-services: offset is: 0 for base: 13
10-31 18:39:37.218   372   376 E QC-time-services: Receive Passed == base = 13, unit = 1, operation = 2, result = 0
10-31 18:39:37.218   372   376 D DrmLibTime: QSEE Time Listener: ATS_MODEM is not set. Fallback to Android system time.
10-31 18:39:37.218   372   376 D DrmLibTime: QSEE Time Listener: Retrieved Android system time: 1667237977
10-31 18:39:37.218   372   376 D DrmLibTime: time_getutcsec returns 0, sec = 1667237977; nsec = 0
10-31 18:39:37.218   372   376 D DrmLibTime: time_getutcsec finished! 
10-31 18:39:37.218   372   376 D DrmLibTime: iotcl_continue_command finished! and return 0 
10-31 18:39:37.218   372   376 D DrmLibTime: before calling ioctl to read the next time_cmd
10-31 18:39:37.219   625   647 E QC-time-services: Daemon: Time-services: Waiting to acceptconnection
10-31 18:39:37.243   562 28303 D WVCdm   : OEMCrypto_Initialize Level 1 success. I will use level 1.
10-31 18:39:37.243   562 28303 D WVCdm   : CryptoSession::Open: Lock: requested_security_level: L3
10-31 18:39:37.249   562 28303 W WVCdm   : DeviceFiles::RetrieveHashedFile: /data/mediadrm/IDM1013/L3/cert.bin does not exist
10-31 18:39:37.250   562 28303 D QSEECOMAPI: : QSEECom_dealloc_memory 
10-31 18:39:37.250   562 28303 D QSEECOMAPI: : QSEECom_shutdown_app, app_id = 3123
10-31 18:39:37.267   562 19050 I WVCdm   : Level3 Library 4445 May 19 2017 17:17:20
10-31 18:39:37.271   562 19050 D QSEECOMAPI: : QSEECom_get_handle sb_length = 0x19000
10-31 18:39:37.271   562 19050 D QSEECOMAPI: : App is not loaded in QSEE
10-31 18:39:37.319   562 19050 D QSEECOMAPI: : Loaded image: APP id = 3124
10-31 18:39:37.322   562 19050 D QSAPPSVER: qsapps_get_capabilities: Capability from secure side: 0x0
10-31 18:39:37.322   562 19050 D QSAPPSVER: qsapps_get_capabilities: returns 0
10-31 18:39:37.322   562 19050 E DrmWidevineDash: sion_buffer g_wv_fhandle->ion_sbuffer  0x0xeee8a000
10-31 18:39:37.324   372   376 D DrmLibTime: got the req here! ret=0
10-31 18:39:37.324   372   376 D DrmLibTime: command id, time_cmd_id = 770
10-31 18:39:37.325   372   376 D DrmLibTime: time_getutcsec starts!
10-31 18:39:37.325   372   376 D DrmLibTime: QSEE Time Listener: time_getutcsec
10-31 18:39:37.325   372   376 D DrmLibTime: QSEE Time Listener: get_utc_seconds
10-31 18:39:37.325   372   376 D DrmLibTime: QSEE Time Listener: time_get_modem_time
10-31 18:39:37.325   372   376 D DrmLibTime: QSEE Time Listener: Checking if ATS_MODEM is set or not.
10-31 18:39:37.325   372   376 D QC-time-services: Lib:time_genoff_operation: pargs->base = 13
10-31 18:39:37.325   372   376 D QC-time-services: Lib:time_genoff_operation: pargs->operation = 2
10-31 18:39:37.325   372   376 D QC-time-services: Lib:time_genoff_operation: pargs->ts_val = 0
10-31 18:39:37.325   372   376 D QC-time-services: Lib:time_genoff_operation: Send to server  passed!!
10-31 18:39:37.325   625   647 D QC-time-services: Daemon: Connection accepted:time_genoff
10-31 18:39:37.325   625 12364 D QC-time-services: Daemon:Received base = 13, unit = 1, operation = 2,value = 0
10-31 18:39:37.325   625 12364 D QC-time-services: Daemon:genoff_opr: Base = 13, val = 0, operation = 2
10-31 18:39:37.325   625 12364 D QC-time-services: offset is: 0 for base: 13
10-31 18:39:37.325   372   376 E QC-time-services: Receive Passed == base = 13, unit = 1, operation = 2, result = 0
10-31 18:39:37.325   372   376 D DrmLibTime: QSEE Time Listener: ATS_MODEM is not set. Fallback to Android system time.
10-31 18:39:37.325   372   376 D DrmLibTime: QSEE Time Listener: Retrieved Android system time: 1667237977
10-31 18:39:37.325   372   376 D DrmLibTime: time_getutcsec returns 0, sec = 1667237977; nsec = 0
10-31 18:39:37.325   372   376 D DrmLibTime: time_getutcsec finished! 
10-31 18:39:37.325   372   376 D DrmLibTime: iotcl_continue_command finished! and return 0 
10-31 18:39:37.325   372   376 D DrmLibTime: before calling ioctl to read the next time_cmd
10-31 18:39:37.326   625   647 E QC-time-services: Daemon: Time-services: Waiting to acceptconnection
10-31 18:39:37.362   562 19050 D WVCdm   : OEMCrypto_Initialize Level 1 success. I will use level 1.
10-31 18:39:37.362   562 19050 D WVCdm   : CryptoSession::Open: Lock: requested_security_level: L3
10-31 18:39:37.371 11487 11487 I cr_media: Provisioning origin ID A778A90D8EADDD2E9F080DE0F795BE59
10-31 18:39:37.376 11487 11487 I MediaDrm: Drm event (1,0)
10-31 18:39:37.376 11487 11487 E cr_media: EventListener: No session for event 1.
10-31 18:39:38.099   562 19051 D QSEECOMAPI: : QSEECom_dealloc_memory 
10-31 18:39:38.099   562 19051 D QSEECOMAPI: : QSEECom_shutdown_app, app_id = 3124
10-31 18:39:38.120 11487 11487 I cr_media: Create MediaDrmBridge with level L1 and origin A778A90D8EADDD2E9F080DE0F795BE59
10-31 18:39:38.122   361   361 W /system/bin/hwservicemanager: getTransportFromManifest: Cannot find entry android.hardware.drm@1.0::IDrmFactory in either framework or device manifest, using default transport.
10-31 18:39:38.125   562   562 I DrmHal  : makeDrmFactories: using default drm instance
10-31 18:39:38.128   361   361 W /system/bin/hwservicemanager: getTransportFromManifest: Cannot find entry android.hardware.drm@1.0::IDrmFactory in either framework or device manifest, using default transport.
10-31 18:39:38.131   562   644 I DrmHal  : makeDrmFactories: using default drm instance
10-31 18:39:38.134   562 19051 I WVCdm   : CdmEngine::QueryStatus
10-31 18:39:38.134   562 19051 I WVCdm   : Level3 Library 4445 May 19 2017 17:17:20
10-31 18:39:38.138   562 19051 D QSEECOMAPI: : QSEECom_get_handle sb_length = 0x19000
10-31 18:39:38.139   562 19051 D QSEECOMAPI: : App is not loaded in QSEE
10-31 18:39:38.189   562 19051 D QSEECOMAPI: : Loaded image: APP id = 3125
10-31 18:39:38.193   562 19051 D QSAPPSVER: qsapps_get_capabilities: Capability from secure side: 0x0
10-31 18:39:38.193   562 19051 D QSAPPSVER: qsapps_get_capabilities: returns 0
10-31 18:39:38.193   562 19051 E DrmWidevineDash: sion_buffer g_wv_fhandle->ion_sbuffer  0x0xeee50000
10-31 18:39:38.197   372   376 D DrmLibTime: got the req here! ret=0
10-31 18:39:38.197   372   376 D DrmLibTime: command id, time_cmd_id = 770
10-31 18:39:38.197   372   376 D DrmLibTime: time_getutcsec starts!
10-31 18:39:38.197   372   376 D DrmLibTime: QSEE Time Listener: time_getutcsec
10-31 18:39:38.197   372   376 D DrmLibTime: QSEE Time Listener: get_utc_seconds
10-31 18:39:38.197   372   376 D DrmLibTime: QSEE Time Listener: time_get_modem_time
10-31 18:39:38.197   372   376 D DrmLibTime: QSEE Time Listener: Checking if ATS_MODEM is set or not.
10-31 18:39:38.197   372   376 D QC-time-services: Lib:time_genoff_operation: pargs->base = 13
10-31 18:39:38.197   372   376 D QC-time-services: Lib:time_genoff_operation: pargs->operation = 2
10-31 18:39:38.197   372   376 D QC-time-services: Lib:time_genoff_operation: pargs->ts_val = 0
10-31 18:39:38.198   372   376 D QC-time-services: Lib:time_genoff_operation: Send to server  passed!!
10-31 18:39:38.198   625   647 D QC-time-services: Daemon: Connection accepted:time_genoff
10-31 18:39:38.198   625 12369 D QC-time-services: Daemon:Received base = 13, unit = 1, operation = 2,value = 0
10-31 18:39:38.198   625 12369 D QC-time-services: Daemon:genoff_opr: Base = 13, val = 0, operation = 2
10-31 18:39:38.198   625 12369 D QC-time-services: offset is: 0 for base: 13
10-31 18:39:38.198   372   376 E QC-time-services: Receive Passed == base = 13, unit = 1, operation = 2, result = 0
10-31 18:39:38.198   372   376 D DrmLibTime: QSEE Time Listener: ATS_MODEM is not set. Fallback to Android system time.
10-31 18:39:38.198   372   376 D DrmLibTime: QSEE Time Listener: Retrieved Android system time: 1667237978
10-31 18:39:38.198   372   376 D DrmLibTime: time_getutcsec returns 0, sec = 1667237978; nsec = 0
10-31 18:39:38.198   372   376 D DrmLibTime: time_getutcsec finished! 
10-31 18:39:38.198   372   376 D DrmLibTime: iotcl_continue_command finished! and return 0 
10-31 18:39:38.198   372   376 D DrmLibTime: before calling ioctl to read the next time_cmd
10-31 18:39:38.199   625   647 E QC-time-services: Daemon: Time-services: Waiting to acceptconnection
10-31 18:39:38.226   562 19051 D WVCdm   : OEMCrypto_Initialize Level 1 success. I will use level 1.
10-31 18:39:38.227   562 19051 D QSEECOMAPI: : QSEECom_dealloc_memory 
10-31 18:39:38.227   562 19051 D QSEECOMAPI: : QSEECom_shutdown_app, app_id = 3125
10-31 18:39:38.245   562 28303 I WVCdm   : CdmEngine::OpenSession
10-31 18:39:38.246   562 28303 I WVCdm   : Level3 Library 4445 May 19 2017 17:17:20
10-31 18:39:38.250   562 28303 D QSEECOMAPI: : QSEECom_get_handle sb_length = 0x19000
10-31 18:39:38.251   562 28303 D QSEECOMAPI: : App is not loaded in QSEE
10-31 18:39:38.299   562 28303 D QSEECOMAPI: : Loaded image: APP id = 3126
10-31 18:39:38.303   562 28303 D QSAPPSVER: qsapps_get_capabilities: Capability from secure side: 0x0
10-31 18:39:38.303   562 28303 D QSAPPSVER: qsapps_get_capabilities: returns 0
10-31 18:39:38.303   562 28303 E DrmWidevineDash: sion_buffer g_wv_fhandle->ion_sbuffer  0x0xeee50000
10-31 18:39:38.307   372   376 D DrmLibTime: got the req here! ret=0
10-31 18:39:38.307   372   376 D DrmLibTime: command id, time_cmd_id = 770
10-31 18:39:38.307   372   376 D DrmLibTime: time_getutcsec starts!
10-31 18:39:38.307   372   376 D DrmLibTime: QSEE Time Listener: time_getutcsec
10-31 18:39:38.307   372   376 D DrmLibTime: QSEE Time Listener: get_utc_seconds
10-31 18:39:38.307   372   376 D DrmLibTime: QSEE Time Listener: time_get_modem_time
10-31 18:39:38.307   372   376 D DrmLibTime: QSEE Time Listener: Checking if ATS_MODEM is set or not.
10-31 18:39:38.307   372   376 D QC-time-services: Lib:time_genoff_operation: pargs->base = 13
10-31 18:39:38.307   372   376 D QC-time-services: Lib:time_genoff_operation: pargs->operation = 2
10-31 18:39:38.307   372   376 D QC-time-services: Lib:time_genoff_operation: pargs->ts_val = 0
10-31 18:39:38.307   372   376 D QC-time-services: Lib:time_genoff_operation: Send to server  passed!!
10-31 18:39:38.307   625   647 D QC-time-services: Daemon: Connection accepted:time_genoff
10-31 18:39:38.308   625 12370 D QC-time-services: Daemon:Received base = 13, unit = 1, operation = 2,value = 0
10-31 18:39:38.308   625 12370 D QC-time-services: Daemon:genoff_opr: Base = 13, val = 0, operation = 2
10-31 18:39:38.308   625 12370 D QC-time-services: offset is: 0 for base: 13
10-31 18:39:38.308   372   376 E QC-time-services: Receive Passed == base = 13, unit = 1, operation = 2, result = 0
10-31 18:39:38.308   372   376 D DrmLibTime: QSEE Time Listener: ATS_MODEM is not set. Fallback to Android system time.
10-31 18:39:38.308   372   376 D DrmLibTime: QSEE Time Listener: Retrieved Android system time: 1667237978
10-31 18:39:38.308   372   376 D DrmLibTime: time_getutcsec returns 0, sec = 1667237978; nsec = 0
10-31 18:39:38.308   372   376 D DrmLibTime: time_getutcsec finished! 
10-31 18:39:38.308   372   376 D DrmLibTime: iotcl_continue_command finished! and return 0 
10-31 18:39:38.308   372   376 D DrmLibTime: before calling ioctl to read the next time_cmd
10-31 18:39:38.308   625   647 E QC-time-services: Daemon: Time-services: Waiting to acceptconnection
10-31 18:39:38.336   562 28303 D WVCdm   : OEMCrypto_Initialize Level 1 success. I will use level 1.
10-31 18:39:38.336   562 28303 D WVCdm   : CryptoSession::Open: Lock: requested_security_level: Default
10-31 18:39:38.339   562 28303 W WVCdm   : DeviceFiles::RetrieveHashedFile: /data/mediadrm/IDM1013/L1/cert.bin does not exist
10-31 18:39:38.340   562 28303 D QSEECOMAPI: : QSEECom_dealloc_memory 
10-31 18:39:38.340   562 28303 D QSEECOMAPI: : QSEECom_shutdown_app, app_id = 3126
10-31 18:39:38.358   562 19050 I WVCdm   : Level3 Library 4445 May 19 2017 17:17:20
10-31 18:39:38.366   562 19050 D QSEECOMAPI: : QSEECom_get_handle sb_length = 0x19000
10-31 18:39:38.366   562 19050 D QSEECOMAPI: : App is not loaded in QSEE
10-31 18:39:38.415   562 19050 D QSEECOMAPI: : Loaded image: APP id = 3127
10-31 18:39:38.418   562 19050 D QSAPPSVER: qsapps_get_capabilities: Capability from secure side: 0x0
10-31 18:39:38.418   562 19050 D QSAPPSVER: qsapps_get_capabilities: returns 0
10-31 18:39:38.418   562 19050 E DrmWidevineDash: sion_buffer g_wv_fhandle->ion_sbuffer  0x0xeeea8000
10-31 18:39:38.421   372   376 D DrmLibTime: got the req here! ret=0
10-31 18:39:38.421   372   376 D DrmLibTime: command id, time_cmd_id = 770
10-31 18:39:38.421   372   376 D DrmLibTime: time_getutcsec starts!
10-31 18:39:38.421   372   376 D DrmLibTime: QSEE Time Listener: time_getutcsec
10-31 18:39:38.421   372   376 D DrmLibTime: QSEE Time Listener: get_utc_seconds
10-31 18:39:38.422   372   376 D DrmLibTime: QSEE Time Listener: time_get_modem_time
10-31 18:39:38.422   372   376 D DrmLibTime: QSEE Time Listener: Checking if ATS_MODEM is set or not.
10-31 18:39:38.422   372   376 D QC-time-services: Lib:time_genoff_operation: pargs->base = 13
10-31 18:39:38.422   372   376 D QC-time-services: Lib:time_genoff_operation: pargs->operation = 2
10-31 18:39:38.422   372   376 D QC-time-services: Lib:time_genoff_operation: pargs->ts_val = 0
10-31 18:39:38.422   372   376 D QC-time-services: Lib:time_genoff_operation: Send to server  passed!!
10-31 18:39:38.422   625   647 D QC-time-services: Daemon: Connection accepted:time_genoff
10-31 18:39:38.423   625 12371 D QC-time-services: Daemon:Received base = 13, unit = 1, operation = 2,value = 0
10-31 18:39:38.423   625 12371 D QC-time-services: Daemon:genoff_opr: Base = 13, val = 0, operation = 2
10-31 18:39:38.423   625 12371 D QC-time-services: offset is: 0 for base: 13
10-31 18:39:38.423   372   376 E QC-time-services: Receive Passed == base = 13, unit = 1, operation = 2, result = 0
10-31 18:39:38.423   372   376 D DrmLibTime: QSEE Time Listener: ATS_MODEM is not set. Fallback to Android system time.
10-31 18:39:38.423   372   376 D DrmLibTime: QSEE Time Listener: Retrieved Android system time: 1667237978
10-31 18:39:38.423   372   376 D DrmLibTime: time_getutcsec returns 0, sec = 1667237978; nsec = 0
10-31 18:39:38.423   372   376 D DrmLibTime: time_getutcsec finished! 
10-31 18:39:38.423   372   376 D DrmLibTime: iotcl_continue_command finished! and return 0 
10-31 18:39:38.423   372   376 D DrmLibTime: before calling ioctl to read the next time_cmd
10-31 18:39:38.423   625   647 E QC-time-services: Daemon: Time-services: Waiting to acceptconnection
10-31 18:39:38.460   562 19050 D WVCdm   : OEMCrypto_Initialize Level 1 success. I will use level 1.
10-31 18:39:38.460   562 19050 D WVCdm   : CryptoSession::Open: Lock: requested_security_level: Default
10-31 18:39:38.561   562 19050 E DrmWidevineDash: OEMCrypto_GenerateSignature : input wrapped_rsa_key == NULL!, return short buffer
10-31 18:39:38.564 11487 11487 I cr_media: Provisioning origin ID A778A90D8EADDD2E9F080DE0F795BE59
10-31 18:39:38.591 11487 11487 I MediaDrm: Drm event (1,0)
10-31 18:39:38.591 11487 11487 E cr_media: EventListener: No session for event 1.
10-31 18:39:38.619   562  5487 E DrmWidevineDash: OEMCrypto_RewrapDeviceRSAKey : input wrapped_rsa_key == NULL!, return short buffer
10-31 18:39:38.642   562  5487 D QSEECOMAPI: : QSEECom_dealloc_memory 
10-31 18:39:38.643   562  5487 D QSEECOMAPI: : QSEECom_shutdown_app, app_id = 3127
10-31 18:39:38.663 11487 11487 I cr_media: Create MediaDrmBridge with level L3 and origin 8E4EE6CFE67501589E79A296F4BFE7B7
10-31 18:39:38.666   361   361 W /system/bin/hwservicemanager: getTransportFromManifest: Cannot find entry android.hardware.drm@1.0::IDrmFactory in either framework or device manifest, using default transport.
10-31 18:39:38.731   562 19051 I DrmHal  : makeDrmFactories: using default drm instance
10-31 18:39:38.733   361   361 W /system/bin/hwservicemanager: getTransportFromManifest: Cannot find entry android.hardware.drm@1.0::IDrmFactory in either framework or device manifest, using default transport.
10-31 18:39:38.794   562  5487 I DrmHal  : makeDrmFactories: using default drm instance
10-31 18:39:38.795   562 19050 D WVCdm   : Instantiating CDM.
10-31 18:39:38.796   562 28303 I WVCdm   : CdmEngine::QueryStatus
10-31 18:39:38.796   562 28303 I WVCdm   : Level3 Library 4445 May 19 2017 17:17:20
10-31 18:39:38.800   562 28303 D QSEECOMAPI: : QSEECom_get_handle sb_length = 0x19000
10-31 18:39:38.800   562 28303 D QSEECOMAPI: : App is not loaded in QSEE
10-31 18:39:38.849   562 28303 D QSEECOMAPI: : Loaded image: APP id = 3128
10-31 18:39:38.853   562 28303 D QSAPPSVER: qsapps_get_capabilities: Capability from secure side: 0x0
10-31 18:39:38.853   562 28303 D QSAPPSVER: qsapps_get_capabilities: returns 0
10-31 18:39:38.853   562 28303 E DrmWidevineDash: sion_buffer g_wv_fhandle->ion_sbuffer  0x0xeee84000
10-31 18:39:38.856   372   376 D DrmLibTime: got the req here! ret=0
10-31 18:39:38.856   372   376 D DrmLibTime: command id, time_cmd_id = 770
10-31 18:39:38.856   372   376 D DrmLibTime: time_getutcsec starts!
10-31 18:39:38.856   372   376 D DrmLibTime: QSEE Time Listener: time_getutcsec
10-31 18:39:38.856   372   376 D DrmLibTime: QSEE Time Listener: get_utc_seconds
10-31 18:39:38.856   372   376 D DrmLibTime: QSEE Time Listener: time_get_modem_time
10-31 18:39:38.856   372   376 D DrmLibTime: QSEE Time Listener: Checking if ATS_MODEM is set or not.
10-31 18:39:38.856   372   376 D QC-time-services: Lib:time_genoff_operation: pargs->base = 13
10-31 18:39:38.856   372   376 D QC-time-services: Lib:time_genoff_operation: pargs->operation = 2
10-31 18:39:38.856   372   376 D QC-time-services: Lib:time_genoff_operation: pargs->ts_val = 0
10-31 18:39:38.856   372   376 D QC-time-services: Lib:time_genoff_operation: Send to server  passed!!
10-31 18:39:38.856   625   647 D QC-time-services: Daemon: Connection accepted:time_genoff
10-31 18:39:38.857   625 12376 D QC-time-services: Daemon:Received base = 13, unit = 1, operation = 2,value = 0
10-31 18:39:38.857   625 12376 D QC-time-services: Daemon:genoff_opr: Base = 13, val = 0, operation = 2
10-31 18:39:38.857   625 12376 D QC-time-services: offset is: 0 for base: 13
10-31 18:39:38.857   372   376 E QC-time-services: Receive Passed == base = 13, unit = 1, operation = 2, result = 0
10-31 18:39:38.857   372   376 D DrmLibTime: QSEE Time Listener: ATS_MODEM is not set. Fallback to Android system time.
10-31 18:39:38.857   372   376 D DrmLibTime: QSEE Time Listener: Retrieved Android system time: 1667237978
10-31 18:39:38.857   372   376 D DrmLibTime: time_getutcsec returns 0, sec = 1667237978; nsec = 0
10-31 18:39:38.857   372   376 D DrmLibTime: time_getutcsec finished! 
10-31 18:39:38.857   372   376 D DrmLibTime: iotcl_continue_command finished! and return 0 
10-31 18:39:38.857   372   376 D DrmLibTime: before calling ioctl to read the next time_cmd
10-31 18:39:38.857   625   647 E QC-time-services: Daemon: Time-services: Waiting to acceptconnection
10-31 18:39:38.895   562 28303 D WVCdm   : OEMCrypto_Initialize Level 1 success. I will use level 1.
10-31 18:39:38.896   562 28303 D QSEECOMAPI: : QSEECom_dealloc_memory 
10-31 18:39:38.896   562 28303 D QSEECOMAPI: : QSEECom_shutdown_app, app_id = 3128
10-31 18:39:38.908   562  5487 I WVCdm   : CdmEngine::OpenSession
10-31 18:39:38.909   562  5487 I WVCdm   : Level3 Library 4445 May 19 2017 17:17:20
10-31 18:39:38.912   562  5487 D QSEECOMAPI: : QSEECom_get_handle sb_length = 0x19000
10-31 18:39:38.912   562  5487 D QSEECOMAPI: : App is not loaded in QSEE
10-31 18:39:38.966   562  5487 D QSEECOMAPI: : Loaded image: APP id = 3129
10-31 18:39:38.971   562  5487 D QSAPPSVER: qsapps_get_capabilities: Capability from secure side: 0x0
10-31 18:39:38.971   562  5487 D QSAPPSVER: qsapps_get_capabilities: returns 0
10-31 18:39:38.971   562  5487 E DrmWidevineDash: sion_buffer g_wv_fhandle->ion_sbuffer  0x0xeee84000
10-31 18:39:38.974   372   376 D DrmLibTime: got the req here! ret=0
10-31 18:39:38.974   372   376 D DrmLibTime: command id, time_cmd_id = 770
10-31 18:39:38.974   372   376 D DrmLibTime: time_getutcsec starts!
10-31 18:39:38.974   372   376 D DrmLibTime: QSEE Time Listener: time_getutcsec
10-31 18:39:38.974   372   376 D DrmLibTime: QSEE Time Listener: get_utc_seconds
10-31 18:39:38.974   372   376 D DrmLibTime: QSEE Time Listener: time_get_modem_time
10-31 18:39:38.974   372   376 D DrmLibTime: QSEE Time Listener: Checking if ATS_MODEM is set or not.
10-31 18:39:38.974   372   376 D QC-time-services: Lib:time_genoff_operation: pargs->base = 13
10-31 18:39:38.974   372   376 D QC-time-services: Lib:time_genoff_operation: pargs->operation = 2
10-31 18:39:38.974   372   376 D QC-time-services: Lib:time_genoff_operation: pargs->ts_val = 0
10-31 18:39:38.974   372   376 D QC-time-services: Lib:time_genoff_operation: Send to server  passed!!
10-31 18:39:38.974   625   647 D QC-time-services: Daemon: Connection accepted:time_genoff
10-31 18:39:38.974   625 12377 D QC-time-services: Daemon:Received base = 13, unit = 1, operation = 2,value = 0
10-31 18:39:38.974   625 12377 D QC-time-services: Daemon:genoff_opr: Base = 13, val = 0, operation = 2
10-31 18:39:38.974   625 12377 D QC-time-services: offset is: 0 for base: 13
10-31 18:39:38.974   372   376 E QC-time-services: Receive Passed == base = 13, unit = 1, operation = 2, result = 0
10-31 18:39:38.974   372   376 D DrmLibTime: QSEE Time Listener: ATS_MODEM is not set. Fallback to Android system time.
10-31 18:39:38.974   372   376 D DrmLibTime: QSEE Time Listener: Retrieved Android system time: 1667237978
10-31 18:39:38.974   372   376 D DrmLibTime: time_getutcsec returns 0, sec = 1667237978; nsec = 0
10-31 18:39:38.974   372   376 D DrmLibTime: time_getutcsec finished! 
10-31 18:39:38.974   372   376 D DrmLibTime: iotcl_continue_command finished! and return 0 
10-31 18:39:38.975   372   376 D DrmLibTime: before calling ioctl to read the next time_cmd
10-31 18:39:38.975   625   647 E QC-time-services: Daemon: Time-services: Waiting to acceptconnection
10-31 18:39:39.000   562  5487 D WVCdm   : OEMCrypto_Initialize Level 1 success. I will use level 1.
10-31 18:39:39.000   562  5487 D WVCdm   : CryptoSession::Open: Lock: requested_security_level: L3
10-31 18:39:39.006   562  5487 W WVCdm   : DeviceFiles::RetrieveHashedFile: /data/mediadrm/IDM1013/L3/cert.bin does not exist
10-31 18:39:39.007   562  5487 D QSEECOMAPI: : QSEECom_dealloc_memory 
10-31 18:39:39.007   562  5487 D QSEECOMAPI: : QSEECom_shutdown_app, app_id = 3129
10-31 18:39:39.024   562   644 I WVCdm   : Level3 Library 4445 May 19 2017 17:17:20
10-31 18:39:39.027   562   644 D QSEECOMAPI: : QSEECom_get_handle sb_length = 0x19000
10-31 18:39:39.027   562   644 D QSEECOMAPI: : App is not loaded in QSEE
10-31 18:39:39.074   562   644 D QSEECOMAPI: : Loaded image: APP id = 3130
10-31 18:39:39.077   562   644 D QSAPPSVER: qsapps_get_capabilities: Capability from secure side: 0x0
10-31 18:39:39.077   562   644 D QSAPPSVER: qsapps_get_capabilities: returns 0
10-31 18:39:39.077   562   644 E DrmWidevineDash: sion_buffer g_wv_fhandle->ion_sbuffer  0x0xeee84000
10-31 18:39:39.080   372   376 D DrmLibTime: got the req here! ret=0
10-31 18:39:39.080   372   376 D DrmLibTime: command id, time_cmd_id = 770
10-31 18:39:39.080   372   376 D DrmLibTime: time_getutcsec starts!
10-31 18:39:39.080   372   376 D DrmLibTime: QSEE Time Listener: time_getutcsec
10-31 18:39:39.080   372   376 D DrmLibTime: QSEE Time Listener: get_utc_seconds
10-31 18:39:39.080   372   376 D DrmLibTime: QSEE Time Listener: time_get_modem_time
10-31 18:39:39.080   372   376 D DrmLibTime: QSEE Time Listener: Checking if ATS_MODEM is set or not.
10-31 18:39:39.080   372   376 D QC-time-services: Lib:time_genoff_operation: pargs->base = 13
10-31 18:39:39.080   372   376 D QC-time-services: Lib:time_genoff_operation: pargs->operation = 2
10-31 18:39:39.080   372   376 D QC-time-services: Lib:time_genoff_operation: pargs->ts_val = 0
10-31 18:39:39.080   372   376 D QC-time-services: Lib:time_genoff_operation: Send to server  passed!!
10-31 18:39:39.080   625   647 D QC-time-services: Daemon: Connection accepted:time_genoff
10-31 18:39:39.080   625 12378 D QC-time-services: Daemon:Received base = 13, unit = 1, operation = 2,value = 0
10-31 18:39:39.080   625 12378 D QC-time-services: Daemon:genoff_opr: Base = 13, val = 0, operation = 2
10-31 18:39:39.080   625 12378 D QC-time-services: offset is: 0 for base: 13
10-31 18:39:39.080   372   376 E QC-time-services: Receive Passed == base = 13, unit = 1, operation = 2, result = 0
10-31 18:39:39.080   372   376 D DrmLibTime: QSEE Time Listener: ATS_MODEM is not set. Fallback to Android system time.
10-31 18:39:39.081   372   376 D DrmLibTime: QSEE Time Listener: Retrieved Android system time: 1667237979
10-31 18:39:39.081   372   376 D DrmLibTime: time_getutcsec returns 0, sec = 1667237979; nsec = 0
10-31 18:39:39.081   372   376 D DrmLibTime: time_getutcsec finished! 
10-31 18:39:39.081   372   376 D DrmLibTime: iotcl_continue_command finished! and return 0 
10-31 18:39:39.081   372   376 D DrmLibTime: before calling ioctl to read the next time_cmd
10-31 18:39:39.081   625   647 E QC-time-services: Daemon: Time-services: Waiting to acceptconnection
10-31 18:39:39.116   562   644 D WVCdm   : OEMCrypto_Initialize Level 1 success. I will use level 1.
10-31 18:39:39.116   562   644 D WVCdm   : CryptoSession::Open: Lock: requested_security_level: L3
10-31 18:39:39.131 11487 11487 I cr_media: Provisioning origin ID 8E4EE6CFE67501589E79A296F4BFE7B7
10-31 18:39:39.133 11487 11487 I MediaDrm: Drm event (1,0)
10-31 18:39:39.133 11487 11487 E cr_media: EventListener: No session for event 1.
10-31 18:39:39.192 12379 12379 E /system/bin/webview_zygote32: failed to make and chown /acct/uid_99943: Permission denied
10-31 18:39:39.192 12379 12379 E Zygote  : createProcessGroup(99943, 0) failed: Permission denied
10-31 18:39:39.200   772  2969 I ActivityManager: Start proc 12379:com.android.chrome:sandboxed_process29/u0i943 for webview_service com.android.chrome/org.chromium.content.app.SandboxedProcessService29
10-31 18:39:39.200   562 19051 D QSEECOMAPI: : QSEECom_dealloc_memory 
10-31 18:39:39.200   562 19051 D QSEECOMAPI: : QSEECom_shutdown_app, app_id = 3130
10-31 18:39:39.220 12379 12379 I SamplingProfilerIntegration: Profiling disabled.
10-31 18:39:39.224 11487 11487 I cr_media: Create MediaDrmBridge with level L1 and origin 8E4EE6CFE67501589E79A296F4BFE7B7
10-31 18:39:39.226   361   361 W /system/bin/hwservicemanager: getTransportFromManifest: Cannot find entry android.hardware.drm@1.0::IDrmFactory in either framework or device manifest, using default transport.
10-31 18:39:39.230   562 19050 I DrmHal  : makeDrmFactories: using default drm instance
10-31 18:39:39.233   361   361 W /system/bin/hwservicemanager: getTransportFromManifest: Cannot find entry android.hardware.drm@1.0::IDrmFactory in either framework or device manifest, using default transport.
10-31 18:39:39.237   562 19050 I DrmHal  : makeDrmFactories: using default drm instance
10-31 18:39:39.239   562 28303 I WVCdm   : CdmEngine::QueryStatus
10-31 18:39:39.240   562 28303 I WVCdm   : Level3 Library 4445 May 19 2017 17:17:20
10-31 18:39:39.244 12396 12396 E asset   : setgid: Operation not permitted
10-31 18:39:39.247   562 28303 D QSEECOMAPI: : QSEECom_get_handle sb_length = 0x19000
10-31 18:39:39.247   562 28303 D QSEECOMAPI: : App is not loaded in QSEE
10-31 18:39:39.282 12379 12379 I cr_SplitCompatApp: Launched version=106.0.5249.79 minSdkVersion=24 isBundle=true processName=com.android.chrome:sandboxed_process29 isIsolated=true
10-31 18:39:39.288 12379 12379 W SystemServiceRegistry: No service published for: uimode
10-31 18:39:39.294   562 28303 D QSEECOMAPI: : Loaded image: APP id = 3131
10-31 18:39:39.296   562 28303 D QSAPPSVER: qsapps_get_capabilities: Capability from secure side: 0x0
10-31 18:39:39.296   562 28303 D QSAPPSVER: qsapps_get_capabilities: returns 0
10-31 18:39:39.296   562 28303 E DrmWidevineDash: sion_buffer g_wv_fhandle->ion_sbuffer  0x0xeee66000
10-31 18:39:39.300 12379 12379 I cr_ChildProcessService: Creating new ChildProcessService pid=12379
10-31 18:39:39.300   372   376 D DrmLibTime: got the req here! ret=0
10-31 18:39:39.300   372   376 D DrmLibTime: command id, time_cmd_id = 770
10-31 18:39:39.300   372   376 D DrmLibTime: time_getutcsec starts!
10-31 18:39:39.300   372   376 D DrmLibTime: QSEE Time Listener: time_getutcsec
10-31 18:39:39.300   372   376 D DrmLibTime: QSEE Time Listener: get_utc_seconds
10-31 18:39:39.300   372   376 D DrmLibTime: QSEE Time Listener: time_get_modem_time
10-31 18:39:39.300   372   376 D DrmLibTime: QSEE Time Listener: Checking if ATS_MODEM is set or not.
10-31 18:39:39.300   372   376 D QC-time-services: Lib:time_genoff_operation: pargs->base = 13
10-31 18:39:39.300   372   376 D QC-time-services: Lib:time_genoff_operation: pargs->operation = 2
10-31 18:39:39.300   372   376 D QC-time-services: Lib:time_genoff_operation: pargs->ts_val = 0
10-31 18:39:39.300   372   376 D QC-time-services: Lib:time_genoff_operation: Send to server  passed!!
10-31 18:39:39.300   625   647 D QC-time-services: Daemon: Connection accepted:time_genoff
10-31 18:39:39.301   625 12398 D QC-time-services: Daemon:Received base = 13, unit = 1, operation = 2,value = 0
10-31 18:39:39.301   625 12398 D QC-time-services: Daemon:genoff_opr: Base = 13, val = 0, operation = 2
10-31 18:39:39.301   625 12398 D QC-time-services: offset is: 0 for base: 13
10-31 18:39:39.301   372   376 E QC-time-services: Receive Passed == base = 13, unit = 1, operation = 2, result = 0
10-31 18:39:39.301   372   376 D DrmLibTime: QSEE Time Listener: ATS_MODEM is not set. Fallback to Android system time.
10-31 18:39:39.301   372   376 D DrmLibTime: QSEE Time Listener: Retrieved Android system time: 1667237979
10-31 18:39:39.301   372   376 D DrmLibTime: time_getutcsec returns 0, sec = 1667237979; nsec = 0
10-31 18:39:39.301   372   376 D DrmLibTime: time_getutcsec finished! 
10-31 18:39:39.301   372   376 D DrmLibTime: iotcl_continue_command finished! and return 0 
10-31 18:39:39.301   372   376 D DrmLibTime: before calling ioctl to read the next time_cmd
10-31 18:39:39.301   625   647 E QC-time-services: Daemon: Time-services: Waiting to acceptconnection
10-31 18:39:39.311 12379 12379 E WebViewFactory: can't load with relro file; address space not reserved
10-31 18:39:39.321 12379 12399 I cr_LibraryLoader: Successfully loaded native library
10-31 18:39:39.322 12379 12399 I cr_CachingUmaRecorder: Flushed 3 samples from 3 histograms.
10-31 18:39:39.334   562 28303 D WVCdm   : OEMCrypto_Initialize Level 1 success. I will use level 1.
10-31 18:39:39.335   562 28303 D QSEECOMAPI: : QSEECom_dealloc_memory 
10-31 18:39:39.335   562 28303 D QSEECOMAPI: : QSEECom_shutdown_app, app_id = 3131
10-31 18:39:39.350 12403 12403 W ThreadPoolForeg: type=1400 audit(0.0:17488): avc: denied { setattr } for name="LICENSE.txt" dev="dm-2" ino=1505020 scontext=u:r:isolated_app:s0:c512,c768 tcontext=u:object_r:app_data_file:s0:c512,c768 tclass=file permissive=0
10-31 18:39:39.352   562   562 I WVCdm   : CdmEngine::OpenSession
10-31 18:39:39.352   562   562 I WVCdm   : Level3 Library 4445 May 19 2017 17:17:20
10-31 18:39:39.353 12403 12403 W ThreadPoolForeg: type=1400 audit(0.0:17489): avc: denied { setattr } for name=46696C746572696E672052756C6573 dev="dm-2" ino=1505025 scontext=u:r:isolated_app:s0:c512,c768 tcontext=u:object_r:app_data_file:s0:c512,c768 tclass=file permissive=0
10-31 18:39:39.356   562   562 D QSEECOMAPI: : QSEECom_get_handle sb_length = 0x19000
10-31 18:39:39.356   562   562 D QSEECOMAPI: : App is not loaded in QSEE
10-31 18:39:39.357 12403 12403 W ThreadPoolForeg: type=1400 audit(0.0:17490): avc: denied { setattr } for name="manifest.json" dev="dm-2" ino=1505026 scontext=u:r:isolated_app:s0:c512,c768 tcontext=u:object_r:app_data_file:s0:c512,c768 tclass=file permissive=0
10-31 18:39:39.360 12403 12403 W ThreadPoolForeg: type=1400 audit(0.0:17491): avc: denied { setattr } for name="verified_contents.json" dev="dm-2" ino=1505028 scontext=u:r:isolated_app:s0:c512,c768 tcontext=u:object_r:app_data_file:s0:c512,c768 tclass=file permissive=0
10-31 18:39:39.371 12379 12399 I chromium: [INFO:child_process_service.cc(69)] ChildProcessService: Exiting child process.
10-31 18:39:39.372   422   422 E lowmemorykiller: Error writing /proc/12379/oom_score_adj; errno=22
10-31 18:39:39.373   772   996 I ActivityManager: Killing 12379:com.android.chrome:sandboxed_process29/u0a60i943 (adj 0): isolated not needed
10-31 18:39:39.373   772   790 W zygote64: failed to open /acct/uid_99943/pid_12379/cgroup.procs: No such file or directory
10-31 18:39:39.401   562   562 D QSEECOMAPI: : Loaded image: APP id = 3132
10-31 18:39:39.404   562   562 D QSAPPSVER: qsapps_get_capabilities: Capability from secure side: 0x0
10-31 18:39:39.404   562   562 D QSAPPSVER: qsapps_get_capabilities: returns 0
10-31 18:39:39.405   562   562 E DrmWidevineDash: sion_buffer g_wv_fhandle->ion_sbuffer  0x0xeee66000
10-31 18:39:39.408   372   376 D DrmLibTime: got the req here! ret=0
10-31 18:39:39.408   372   376 D DrmLibTime: command id, time_cmd_id = 770
10-31 18:39:39.408   372   376 D DrmLibTime: time_getutcsec starts!
10-31 18:39:39.408   372   376 D DrmLibTime: QSEE Time Listener: time_getutcsec
10-31 18:39:39.408   372   376 D DrmLibTime: QSEE Time Listener: get_utc_seconds
10-31 18:39:39.408   372   376 D DrmLibTime: QSEE Time Listener: time_get_modem_time
10-31 18:39:39.408   372   376 D DrmLibTime: QSEE Time Listener: Checking if ATS_MODEM is set or not.
10-31 18:39:39.408   372   376 D QC-time-services: Lib:time_genoff_operation: pargs->base = 13
10-31 18:39:39.408   372   376 D QC-time-services: Lib:time_genoff_operation: pargs->operation = 2
10-31 18:39:39.408   372   376 D QC-time-services: Lib:time_genoff_operation: pargs->ts_val = 0
10-31 18:39:39.409   372   376 D QC-time-services: Lib:time_genoff_operation: Send to server  passed!!
10-31 18:39:39.409   625   647 D QC-time-services: Daemon: Connection accepted:time_genoff
10-31 18:39:39.409   625 12406 D QC-time-services: Daemon:Received base = 13, unit = 1, operation = 2,value = 0
10-31 18:39:39.409   625 12406 D QC-time-services: Daemon:genoff_opr: Base = 13, val = 0, operation = 2
10-31 18:39:39.409   625 12406 D QC-time-services: offset is: 0 for base: 13
10-31 18:39:39.409   372   376 E QC-time-services: Receive Passed == base = 13, unit = 1, operation = 2, result = 0
10-31 18:39:39.409   372   376 D DrmLibTime: QSEE Time Listener: ATS_MODEM is not set. Fallback to Android system time.
10-31 18:39:39.409   372   376 D DrmLibTime: QSEE Time Listener: Retrieved Android system time: 1667237979
10-31 18:39:39.409   372   376 D DrmLibTime: time_getutcsec returns 0, sec = 1667237979; nsec = 0
10-31 18:39:39.409   372   376 D DrmLibTime: time_getutcsec finished! 
10-31 18:39:39.409   372   376 D DrmLibTime: iotcl_continue_command finished! and return 0 
10-31 18:39:39.409   372   376 D DrmLibTime: before calling ioctl to read the next time_cmd
10-31 18:39:39.410   625   647 E QC-time-services: Daemon: Time-services: Waiting to acceptconnection
10-31 18:39:39.441   562   562 D WVCdm   : OEMCrypto_Initialize Level 1 success. I will use level 1.
10-31 18:39:39.441   562   562 D WVCdm   : CryptoSession::Open: Lock: requested_security_level: Default
10-31 18:39:39.444   562   562 W WVCdm   : DeviceFiles::RetrieveHashedFile: /data/mediadrm/IDM1013/L1/cert.bin does not exist
10-31 18:39:39.446   562   562 D QSEECOMAPI: : QSEECom_dealloc_memory 
10-31 18:39:39.446   562   562 D QSEECOMAPI: : QSEECom_shutdown_app, app_id = 3132
10-31 18:39:39.460   562 19050 I WVCdm   : Level3 Library 4445 May 19 2017 17:17:20
10-31 18:39:39.464   562 19050 D QSEECOMAPI: : QSEECom_get_handle sb_length = 0x19000
10-31 18:39:39.464   562 19050 D QSEECOMAPI: : App is not loaded in QSEE
10-31 18:39:39.509   562 19050 D QSEECOMAPI: : Loaded image: APP id = 3133
10-31 18:39:39.512   562 19050 D QSAPPSVER: qsapps_get_capabilities: Capability from secure side: 0x0
10-31 18:39:39.512   562 19050 D QSAPPSVER: qsapps_get_capabilities: returns 0
10-31 18:39:39.512   562 19050 E DrmWidevineDash: sion_buffer g_wv_fhandle->ion_sbuffer  0x0xeeea2000
10-31 18:39:39.515   372   376 D DrmLibTime: got the req here! ret=0
10-31 18:39:39.515   372   376 D DrmLibTime: command id, time_cmd_id = 770
10-31 18:39:39.515   372   376 D DrmLibTime: time_getutcsec starts!
10-31 18:39:39.515   372   376 D DrmLibTime: QSEE Time Listener: time_getutcsec
10-31 18:39:39.515   372   376 D DrmLibTime: QSEE Time Listener: get_utc_seconds
