10-31 18:38:45.328   422   422 E lowmemorykiller: Error writing /proc/11795/oom_score_adj; errno=22
10-31 18:38:45.329   772   785 I ActivityManager: Killing 11795:com.android.chrome:sandboxed_process9/u0a60i923 (adj 0): isolated not needed
10-31 18:38:45.338   772   790 W zygote64: failed to open /acct/uid_99923/pid_11795/cgroup.procs: No such file or directory
10-31 18:38:45.354 11487 11487 W StaticLayout: maxLineHeight should not be -1.  maxLines:1 lineCount:1
10-31 18:38:45.403 11487 11487 W chromium: [WARNING:compositor_view.cc(342)] Child process died (type=6) pid=11709)
10-31 18:38:45.409 11487 11487 W chromium: [WARNING:compositor_view.cc(342)] Child process died (type=6) pid=11763)
10-31 18:38:45.410 11783 11862 I chromium: [INFO:child_process_service.cc(69)] ChildProcessService: Exiting child process.
10-31 18:38:45.413 11487 11487 W chromium: [WARNING:compositor_view.cc(342)] Child process died (type=6) pid=11750)
10-31 18:38:45.414 11487 11487 W chromium: [WARNING:compositor_view.cc(342)] Child process died (type=6) pid=11737)
10-31 18:38:45.414   422   422 E lowmemorykiller: Error writing /proc/11783/oom_score_adj; errno=22
10-31 18:38:45.414 11487 11487 W chromium: [WARNING:compositor_view.cc(342)] Child process died (type=6) pid=11795)
10-31 18:38:45.414   772  3041 I ActivityManager: Killing 11783:com.android.chrome:sandboxed_process8/u0a60i922 (adj 0): isolated not needed
10-31 18:38:45.415   772   790 W zygote64: failed to open /acct/uid_99922/pid_11783/cgroup.procs: No such file or directory
10-31 18:38:45.416   772   797 I ActivityManager: Displayed com.android.chrome/com.google.android.apps.chrome.Main: +1s163ms
10-31 18:38:45.417 11909 11909 E asset   : setgid: Operation not permitted
10-31 18:38:45.436 11487 11487 W chromium: [WARNING:compositor_view.cc(342)] Child process died (type=6) pid=11783)
10-31 18:38:45.468 11883 11883 I cr_SplitCompatApp: Launched version=106.0.5249.79 minSdkVersion=24 isBundle=true processName=com.android.chrome:sandboxed_process10 isIsolated=true
10-31 18:38:45.476 11883 11883 W SystemServiceRegistry: No service published for: uimode
10-31 18:38:45.492 11883 11883 I cr_ChildProcessService: Creating new ChildProcessService pid=11883
10-31 18:38:45.504 11883 11883 E WebViewFactory: can't load with relro file; address space not reserved
10-31 18:38:45.516 11883 11914 I cr_LibraryLoader: Successfully loaded native library
10-31 18:38:45.517 11883 11914 I cr_CachingUmaRecorder: Flushed 3 samples from 3 histograms.
10-31 18:38:45.551 11883 11914 I chromium: [INFO:child_process_service.cc(69)] ChildProcessService: Exiting child process.
10-31 18:38:45.552   422   422 E lowmemorykiller: Error writing /proc/11883/oom_score_adj; errno=22
10-31 18:38:45.553   772 20193 I ActivityManager: Killing 11883:com.android.chrome:sandboxed_process10/u0a60i924 (adj 0): isolated not needed
10-31 18:38:45.554   772   790 W zygote64: failed to open /acct/uid_99924/pid_11883/cgroup.procs: No such file or directory
10-31 18:38:45.567   772   996 W AppOps  : Bad call: specified package com.google.android.gms under uid 10045 but it is really 10020
10-31 18:38:45.567   772   996 W AppOps  : java.lang.RuntimeException: here
10-31 18:38:45.567   772   996 W AppOps  : 	at com.android.server.AppOpsService.getOpsRawLocked(AppOpsService.java:1319)
10-31 18:38:45.567   772   996 W AppOps  : 	at com.android.server.AppOpsService.checkPackage(AppOpsService.java:1038)
10-31 18:38:45.567   772   996 W AppOps  : 	at com.android.internal.app.IAppOpsService$Stub.onTransact(IAppOpsService.java:169)
10-31 18:38:45.567   772   996 W AppOps  : 	at android.os.Binder.execTransact(Binder.java:674)
10-31 18:38:45.568   772 32228 W AppOps  : Bad call: specified package com.google.android.gms under uid 10045 but it is really 10020
10-31 18:38:45.568   772 32228 W AppOps  : java.lang.RuntimeException: here
10-31 18:38:45.568   772 32228 W AppOps  : 	at com.android.server.AppOpsService.getOpsRawLocked(AppOpsService.java:1319)
10-31 18:38:45.568   772 32228 W AppOps  : 	at com.android.server.AppOpsService.checkPackage(AppOpsService.java:1038)
10-31 18:38:45.568   772 32228 W AppOps  : 	at com.android.internal.app.IAppOpsService$Stub.onTransact(IAppOpsService.java:169)
10-31 18:38:45.568   772 32228 W AppOps  : 	at android.os.Binder.execTransact(Binder.java:674)
10-31 18:38:45.588 11487 11552 W cr_CrashFileManager: /data/user/0/com.android.chrome/cache/Crash Reports does not exist or is not a directory
10-31 18:38:45.588 11487 11552 I chatty  : uid=10060(u0_a60) identical 1 line
10-31 18:38:45.588 11487 11552 W cr_CrashFileManager: /data/user/0/com.android.chrome/cache/Crash Reports does not exist or is not a directory
10-31 18:38:45.593 11487 11523 I cr_BindingManager: Moderate binding enabled: maxSize=40
10-31 18:38:45.623 11487 11487 W chromium: [WARNING:compositor_view.cc(342)] Child process died (type=6) pid=11883)
10-31 18:38:45.641 24117 24117 E WorkerRegistryImpl: getWorker() is called after WorkerRegistry disposal.
10-31 18:38:45.643 24117 24117 E WorkerRegistryImpl: getWorker() is called after WorkerRegistry disposal.
10-31 18:38:45.654 24117 24117 I MemoryTrimmer: Trimming objects from memory, since app is in the background.
10-31 18:38:45.679   772 13071 I ActivityManager: Start proc 11930:com.android.chrome:sandboxed_process11/u0i925 for webview_service com.android.chrome/org.chromium.content.app.SandboxedProcessService11
10-31 18:38:45.681 11930 11930 E /system/bin/webview_zygote32: failed to make and chown /acct/uid_99925: Permission denied
10-31 18:38:45.681 11930 11930 E Zygote  : createProcessGroup(99925, 0) failed: Permission denied
10-31 18:38:45.695 11939 11939 E /system/bin/webview_zygote32: failed to make and chown /acct/uid_99926: Permission denied
10-31 18:38:45.695 11939 11939 E Zygote  : createProcessGroup(99926, 0) failed: Permission denied
10-31 18:38:45.696   772 10895 I ActivityManager: Start proc 11939:com.android.chrome:sandboxed_process12/u0i926 for webview_service com.android.chrome/org.chromium.content.app.SandboxedProcessService12
10-31 18:38:45.704 11930 11930 I SamplingProfilerIntegration: Profiling disabled.
10-31 18:38:45.714 11939 11939 I SamplingProfilerIntegration: Profiling disabled.
10-31 18:38:45.728 11959 11959 E /system/bin/webview_zygote32: failed to make and chown /acct/uid_99927: Permission denied
10-31 18:38:45.728 11959 11959 E Zygote  : createProcessGroup(99927, 0) failed: Permission denied
10-31 18:38:45.728 11963 11963 E asset   : setgid: Operation not permitted
10-31 18:38:45.732   772   996 I ActivityManager: Start proc 11959:com.android.chrome:sandboxed_process13/u0i927 for webview_service com.android.chrome/org.chromium.content.app.SandboxedProcessService13
10-31 18:38:45.755 11930 11930 I cr_SplitCompatApp: Launched version=106.0.5249.79 minSdkVersion=24 isBundle=true processName=com.android.chrome:sandboxed_process11 isIsolated=true
10-31 18:38:45.756 11959 11959 I SamplingProfilerIntegration: Profiling disabled.
10-31 18:38:45.757 11973 11973 E asset   : setgid: Operation not permitted
10-31 18:38:45.760 11974 11974 E /system/bin/webview_zygote32: failed to make and chown /acct/uid_99928: Permission denied
10-31 18:38:45.760 11974 11974 E Zygote  : createProcessGroup(99928, 0) failed: Permission denied
10-31 18:38:45.760   772 10894 I ActivityManager: Start proc 11974:com.android.chrome:sandboxed_process14/u0i928 for webview_service com.android.chrome/org.chromium.content.app.SandboxedProcessService14
10-31 18:38:45.761 11930 11930 W SystemServiceRegistry: No service published for: uimode
10-31 18:38:45.781   772  3854 I ActivityManager: Start proc 11986:com.android.chrome:sandboxed_process15/u0i929 for webview_service com.android.chrome/org.chromium.content.app.SandboxedProcessService15
10-31 18:38:45.784 11930 11930 I cr_ChildProcessService: Creating new ChildProcessService pid=11930
10-31 18:38:45.789 11986 11986 E /system/bin/webview_zygote32: failed to make and chown /acct/uid_99929: Permission denied
10-31 18:38:45.789 11986 11986 E Zygote  : createProcessGroup(99929, 0) failed: Permission denied
10-31 18:38:45.790 11974 11974 I SamplingProfilerIntegration: Profiling disabled.
10-31 18:38:45.791 11930 11930 E WebViewFactory: can't load with relro file; address space not reserved
10-31 18:38:45.797 11992 11992 E asset   : setgid: Operation not permitted
10-31 18:38:45.806 11930 11991 I cr_LibraryLoader: Successfully loaded native library
10-31 18:38:45.807 11930 11991 I cr_CachingUmaRecorder: Flushed 3 samples from 3 histograms.
10-31 18:38:45.813 11986 11986 I SamplingProfilerIntegration: Profiling disabled.
10-31 18:38:45.819 12011 12011 E asset   : setgid: Operation not permitted
10-31 18:38:45.833 11959 11959 I cr_SplitCompatApp: Launched version=106.0.5249.79 minSdkVersion=24 isBundle=true processName=com.android.chrome:sandboxed_process13 isIsolated=true
10-31 18:38:45.838 11939 11939 I cr_SplitCompatApp: Launched version=106.0.5249.79 minSdkVersion=24 isBundle=true processName=com.android.chrome:sandboxed_process12 isIsolated=true
10-31 18:38:45.838 11959 11959 W SystemServiceRegistry: No service published for: uimode
10-31 18:38:45.839 12015 12015 E asset   : setgid: Operation not permitted
10-31 18:38:45.844 11939 11939 W SystemServiceRegistry: No service published for: uimode
10-31 18:38:45.847 11930 11991 I chromium: [INFO:child_process_service.cc(69)] ChildProcessService: Exiting child process.
10-31 18:38:45.849 11959 11959 I cr_ChildProcessService: Creating new ChildProcessService pid=11959
10-31 18:38:45.850   422   422 E lowmemorykiller: Error writing /proc/11930/oom_score_adj; errno=22
10-31 18:38:45.851   772  1259 I ActivityManager: Killing 11930:com.android.chrome:sandboxed_process11/u0a60i925 (adj 0): isolated not needed
10-31 18:38:45.851   772   790 W zygote64: failed to open /acct/uid_99925/pid_11930/cgroup.procs: No such file or directory
10-31 18:38:45.856 11939 11939 I cr_ChildProcessService: Creating new ChildProcessService pid=11939
10-31 18:38:45.861   772   784 I ActivityManager: START u0 {act=android.intent.action.VIEW dat=http://192.168.178.178:5500/... flg=0x10000000 cmp=com.android.chrome/com.google.android.apps.chrome.Main} from uid 2000
10-31 18:38:45.868 11959 12016 E WebViewFactory: can't load with relro file; address space not reserved
10-31 18:38:45.868 11939 11939 E WebViewFactory: can't load with relro file; address space not reserved
10-31 18:38:45.874 11959 12016 I cr_LibraryLoader: Successfully loaded native library
10-31 18:38:45.874 11959 12016 I cr_CachingUmaRecorder: Flushed 3 samples from 3 histograms.
10-31 18:38:45.879 11939 12018 I cr_LibraryLoader: Successfully loaded native library
10-31 18:38:45.881 11939 12018 I cr_CachingUmaRecorder: Flushed 3 samples from 3 histograms.
10-31 18:38:45.903 11974 11974 I cr_SplitCompatApp: Launched version=106.0.5249.79 minSdkVersion=24 isBundle=true processName=com.android.chrome:sandboxed_process14 isIsolated=true
10-31 18:38:45.916 11974 11974 W SystemServiceRegistry: No service published for: uimode
10-31 18:38:45.922 11986 11986 I cr_SplitCompatApp: Launched version=106.0.5249.79 minSdkVersion=24 isBundle=true processName=com.android.chrome:sandboxed_process15 isIsolated=true
10-31 18:38:45.925 11487 11487 E cr_IntentUtils: getInt failed on bundle null
10-31 18:38:45.927 11487 11487 E ResourceType: Style contains key with bad entry: 0x0101062c
10-31 18:38:45.927 11974 11974 I cr_ChildProcessService: Creating new ChildProcessService pid=11974
10-31 18:38:45.936 11986 11986 W SystemServiceRegistry: No service published for: uimode
10-31 18:38:45.937 11974 11974 E WebViewFactory: can't load with relro file; address space not reserved
10-31 18:38:45.953 11986 11986 I cr_ChildProcessService: Creating new ChildProcessService pid=11986
10-31 18:38:45.957 11974 12032 I cr_LibraryLoader: Successfully loaded native library
10-31 18:38:45.958 11974 12032 I cr_CachingUmaRecorder: Flushed 3 samples from 3 histograms.
10-31 18:38:45.960 12035 12035 E /system/bin/webview_zygote32: failed to make and chown /acct/uid_99930: Permission denied
10-31 18:38:45.961 12035 12035 E Zygote  : createProcessGroup(99930, 0) failed: Permission denied
10-31 18:38:45.961   772  3854 I ActivityManager: Start proc 12035:com.android.chrome:sandboxed_process16/u0i930 for webview_service com.android.chrome/org.chromium.content.app.SandboxedProcessService16
10-31 18:38:45.969 11986 11986 E WebViewFactory: can't load with relro file; address space not reserved
10-31 18:38:45.978 11487 11487 I cr_tabmodel: Appending tabs being restored to metadata lists, 0, startingNormalCount: 2, startingIncognitoCount: 0
10-31 18:38:45.978 11487 11487 I cr_tabmodel: Serializing tab lists; counts: 2, 0
10-31 18:38:45.979 11986 12034 I cr_LibraryLoader: Successfully loaded native library
10-31 18:38:45.982 11986 12034 I cr_CachingUmaRecorder: Flushed 3 samples from 3 histograms.
10-31 18:38:46.013 12035 12035 I SamplingProfilerIntegration: Profiling disabled.
10-31 18:38:46.025 11487 11487 I cr_OfflineDetector: Running updateState mConnectivityDetectorInitialized: true, mTimeWhenLastForegrounded: 1113980192, getElapsedTime: 1113980192, mTimeWhenLastOfflineNotificationReceived: 0, mTimeWhenLastOnline: 1113979098, mApplicationState: 1, mIsOfflineLastReportedByConnectivityDetector: false, mIsEffectivelyOffline: false
10-31 18:38:46.025 11487 11487 I cr_OfflineDetector: updateState(): timeSinceLastForeground: 0, timeSinceOfflineNotificationReceived: 1113980192, timeSinceLastOnline: 1094, timeNeededForForeground: 2000, timeNeededForOffline: -1113978192
10-31 18:38:46.032 12061 12061 E asset   : setgid: Operation not permitted
10-31 18:38:46.044 11487 11487 W chromium: [WARNING:compositor_view.cc(342)] Child process died (type=6) pid=11930)
10-31 18:38:46.049 11959 12016 I chromium: [INFO:child_process_service.cc(69)] ChildProcessService: Exiting child process.
10-31 18:38:46.050   422   422 E lowmemorykiller: Error writing /proc/11959/oom_score_adj; errno=22
10-31 18:38:46.051   772 13022 I ActivityManager: Killing 11959:com.android.chrome:sandboxed_process13/u0a60i927 (adj 0): isolated not needed
10-31 18:38:46.051 11939 12018 I chromium: [INFO:child_process_service.cc(69)] ChildProcessService: Exiting child process.
10-31 18:38:46.051   772   790 W zygote64: failed to open /acct/uid_99927/pid_11959/cgroup.procs: No such file or directory
10-31 18:38:46.053   422   422 E lowmemorykiller: Error writing /proc/11939/oom_score_adj; errno=22
10-31 18:38:46.054   772  3854 I ActivityManager: Killing 11939:com.android.chrome:sandboxed_process12/u0a60i926 (adj 0): isolated not needed
10-31 18:38:46.055   772   790 W zygote64: failed to open /acct/uid_99926/pid_11939/cgroup.procs: No such file or directory
10-31 18:38:46.060 11974 12032 I chromium: [INFO:child_process_service.cc(69)] ChildProcessService: Exiting child process.
10-31 18:38:46.065   422   422 E lowmemorykiller: Error writing /proc/11974/oom_score_adj; errno=22
10-31 18:38:46.066   772 10895 I ActivityManager: Killing 11974:com.android.chrome:sandboxed_process14/u0a60i928 (adj 0): isolated not needed
10-31 18:38:46.067   772   790 W zygote64: failed to open /acct/uid_99928/pid_11974/cgroup.procs: No such file or directory
10-31 18:38:46.068 11487 11487 W ResourceType: Failure getting entry for 0x7f010216 (t=0 e=534) (error -75)
10-31 18:38:46.069 11487 11487 W ResourceType: Failure getting entry for 0x7f0107c9 (t=0 e=1993) (error -75)
10-31 18:38:46.076 11986 12034 I chromium: [INFO:child_process_service.cc(69)] ChildProcessService: Exiting child process.
10-31 18:38:46.077   422   422 E lowmemorykiller: Error writing /proc/11986/oom_score_adj; errno=22
10-31 18:38:46.078   772 29404 I ActivityManager: Killing 11986:com.android.chrome:sandboxed_process15/u0a60i929 (adj 0): isolated not needed
10-31 18:38:46.079   772   790 W zygote64: failed to open /acct/uid_99929/pid_11986/cgroup.procs: No such file or directory
10-31 18:38:46.083 12035 12035 I cr_SplitCompatApp: Launched version=106.0.5249.79 minSdkVersion=24 isBundle=true processName=com.android.chrome:sandboxed_process16 isIsolated=true
10-31 18:38:46.089 12035 12035 W SystemServiceRegistry: No service published for: uimode
10-31 18:38:46.105 12035 12035 I cr_ChildProcessService: Creating new ChildProcessService pid=12035
10-31 18:38:46.124 11487 11487 W chromium: [WARNING:compositor_view.cc(342)] Child process died (type=6) pid=11959)
10-31 18:38:46.126 11487 11487 W chromium: [WARNING:compositor_view.cc(342)] Child process died (type=6) pid=11974)
10-31 18:38:46.130 11487 11487 W chromium: [WARNING:compositor_view.cc(342)] Child process died (type=6) pid=11986)
10-31 18:38:46.135 11487 11487 W chromium: [WARNING:compositor_view.cc(342)] Child process died (type=6) pid=11939)
10-31 18:38:46.168 12035 12035 E WebViewFactory: can't load with relro file; address space not reserved
10-31 18:38:46.184 12035 12065 I cr_LibraryLoader: Successfully loaded native library
10-31 18:38:46.185 12035 12065 I cr_CachingUmaRecorder: Flushed 3 samples from 3 histograms.
10-31 18:38:46.216 11487 11497 I zygote  : Background concurrent copying GC freed 122079(5MB) AllocSpace objects, 7(140KB) LOS objects, 49% free, 5MB/11MB, paused 482us total 150.194ms
10-31 18:38:46.398   772   781 I zygote64: Background concurrent copying GC freed 48717(2MB) AllocSpace objects, 78(2MB) LOS objects, 42% free, 17MB/29MB, paused 1.898ms total 224.446ms
10-31 18:38:46.405   772 20193 I ActivityManager: Start proc 12081:com.android.chrome:sandboxed_process17/u0i931 for webview_service com.android.chrome/org.chromium.content.app.SandboxedProcessService17
10-31 18:38:46.427   772 29404 I ActivityManager: Start proc 12086:com.android.chrome:sandboxed_process18/u0i932 for webview_service com.android.chrome/org.chromium.content.app.SandboxedProcessService18
10-31 18:38:46.435 12086 12086 E /system/bin/webview_zygote32: failed to make and chown /acct/uid_99932: Permission denied
10-31 18:38:46.436 12086 12086 E Zygote  : createProcessGroup(99932, 0) failed: Permission denied
10-31 18:38:46.437 12081 12081 E /system/bin/webview_zygote32: failed to make and chown /acct/uid_99931: Permission denied
10-31 18:38:46.437 12081 12081 E Zygote  : createProcessGroup(99931, 0) failed: Permission denied
10-31 18:38:46.458 12094 12094 E /system/bin/webview_zygote32: failed to make and chown /acct/uid_99933: Permission denied
10-31 18:38:46.460 12094 12094 E Zygote  : createProcessGroup(99933, 0) failed: Permission denied
10-31 18:38:46.460   772 10895 I ActivityManager: Start proc 12094:com.android.chrome:sandboxed_process19/u0i933 for webview_service com.android.chrome/org.chromium.content.app.SandboxedProcessService19
10-31 18:38:46.481 12086 12086 I SamplingProfilerIntegration: Profiling disabled.
10-31 18:38:46.498   772 32228 I ActivityManager: Start proc 12117:com.android.chrome:sandboxed_process20/u0i934 for webview_service com.android.chrome/org.chromium.content.app.SandboxedProcessService20
10-31 18:38:46.501 12117 12117 E /system/bin/webview_zygote32: failed to make and chown /acct/uid_99934: Permission denied
10-31 18:38:46.501 12117 12117 E Zygote  : createProcessGroup(99934, 0) failed: Permission denied
10-31 18:38:46.502 12081 12081 I SamplingProfilerIntegration: Profiling disabled.
10-31 18:38:46.506 12094 12094 I SamplingProfilerIntegration: Profiling disabled.
10-31 18:38:46.537 12117 12117 I SamplingProfilerIntegration: Profiling disabled.
10-31 18:38:46.540 12133 12133 E asset   : setgid: Operation not permitted
10-31 18:38:46.542 12132 12132 E asset   : setgid: Operation not permitted
10-31 18:38:46.559 12135 12135 E asset   : setgid: Operation not permitted
10-31 18:38:46.570 12137 12137 E asset   : setgid: Operation not permitted
10-31 18:38:46.583 12081 12081 I cr_SplitCompatApp: Launched version=106.0.5249.79 minSdkVersion=24 isBundle=true processName=com.android.chrome:sandboxed_process17 isIsolated=true
10-31 18:38:46.587 12086 12086 I cr_SplitCompatApp: Launched version=106.0.5249.79 minSdkVersion=24 isBundle=true processName=com.android.chrome:sandboxed_process18 isIsolated=true
10-31 18:38:46.588 12081 12081 W SystemServiceRegistry: No service published for: uimode
10-31 18:38:46.593 12086 12086 W SystemServiceRegistry: No service published for: uimode
10-31 18:38:46.597 12081 12081 I cr_ChildProcessService: Creating new ChildProcessService pid=12081
10-31 18:38:46.598 12117 12117 I cr_SplitCompatApp: Launched version=106.0.5249.79 minSdkVersion=24 isBundle=true processName=com.android.chrome:sandboxed_process20 isIsolated=true
10-31 18:38:46.601 12086 12086 I cr_ChildProcessService: Creating new ChildProcessService pid=12086
10-31 18:38:46.603 12117 12117 W SystemServiceRegistry: No service published for: uimode
10-31 18:38:46.604 12094 12094 I cr_SplitCompatApp: Launched version=106.0.5249.79 minSdkVersion=24 isBundle=true processName=com.android.chrome:sandboxed_process19 isIsolated=true
10-31 18:38:46.607 12081 12081 E WebViewFactory: can't load with relro file; address space not reserved
10-31 18:38:46.612 12086 12086 E WebViewFactory: can't load with relro file; address space not reserved
10-31 18:38:46.612 12094 12094 W SystemServiceRegistry: No service published for: uimode
10-31 18:38:46.614 12117 12117 I cr_ChildProcessService: Creating new ChildProcessService pid=12117
10-31 18:38:46.618 12094 12094 I cr_ChildProcessService: Creating new ChildProcessService pid=12094
10-31 18:38:46.624 12081 12138 I cr_LibraryLoader: Successfully loaded native library
10-31 18:38:46.624 12081 12138 I cr_CachingUmaRecorder: Flushed 3 samples from 3 histograms.
10-31 18:38:46.627 12094 12094 E WebViewFactory: can't load with relro file; address space not reserved
10-31 18:38:46.631 12086 12139 I cr_LibraryLoader: Successfully loaded native library
10-31 18:38:46.632 12117 12117 E WebViewFactory: can't load with relro file; address space not reserved
10-31 18:38:46.632 12086 12139 I cr_CachingUmaRecorder: Flushed 3 samples from 3 histograms.
10-31 18:38:46.640 12094 12141 I cr_LibraryLoader: Successfully loaded native library
10-31 18:38:46.640 12094 12141 I cr_CachingUmaRecorder: Flushed 3 samples from 3 histograms.
10-31 18:38:46.644 12117 12140 I cr_LibraryLoader: Successfully loaded native library
10-31 18:38:46.645 12117 12140 I cr_CachingUmaRecorder: Flushed 3 samples from 3 histograms.
10-31 18:38:46.667 11555 11567 I vndksupport: sphal namespace is not configured for this process. Loading libutils.so from the current namespace instead.
10-31 18:38:46.667 12035 12058 I vndksupport: sphal namespace is not configured for this process. Loading libutils.so from the current namespace instead.
10-31 18:38:46.667 12086 12111 I vndksupport: sphal namespace is not configured for this process. Loading libutils.so from the current namespace instead.
10-31 18:38:46.668 11487 11499 I vndksupport: sphal namespace is not configured for this process. Loading libutils.so from the current namespace instead.
10-31 18:38:46.668 12081 12123 I vndksupport: sphal namespace is not configured for this process. Loading libutils.so from the current namespace instead.
10-31 18:38:46.669 12094 12122 I vndksupport: sphal namespace is not configured for this process. Loading libutils.so from the current namespace instead.
10-31 18:38:46.669 11524 11537 I vndksupport: sphal namespace is not configured for this process. Loading libutils.so from the current namespace instead.
10-31 18:38:46.672 12081 12138 I chromium: [INFO:child_process_service.cc(69)] ChildProcessService: Exiting child process.
10-31 18:38:46.672 12117 12142 I vndksupport: sphal namespace is not configured for this process. Loading libutils.so from the current namespace instead.
10-31 18:38:46.674   422   422 E lowmemorykiller: Error writing /proc/12081/oom_score_adj; errno=22
10-31 18:38:46.675   772   996 I ActivityManager: Killing 12081:com.android.chrome:sandboxed_process17/u0a60i931 (adj 0): isolated not needed
10-31 18:38:46.675   772   790 W zygote64: failed to open /acct/uid_99931/pid_12081/cgroup.procs: No such file or directory
10-31 18:38:46.682   556   687 E Parcel  : Reading a NULL string not supported here.
10-31 18:38:46.682   556   687 W Parcel  : **** enforceInterface() expected 'IAAudioService' but read ''
10-31 18:38:46.683   360   360 E SELinux : avc:  denied  { find } for service=android.service.gatekeeper.IGateKeeperService pid=12068 uid=2000 scontext=u:r:shell:s0 tcontext=u:object_r:gatekeeper_service:s0 tclass=service_manager
10-31 18:38:46.684   360   360 E SELinux : avc:  denied  { find } for service=netd pid=12068 uid=2000 scontext=u:r:shell:s0 tcontext=u:object_r:netd_service:s0 tclass=service_manager
10-31 18:38:46.686 12094 12141 I chromium: [INFO:child_process_service.cc(69)] ChildProcessService: Exiting child process.
10-31 18:38:46.687 12068 12068 W atrace  : type=1400 audit(0.0:17471): avc: denied { call } for scontext=u:r:shell:s0 tcontext=u:r:wificond:s0 tclass=binder permissive=0
10-31 18:38:46.690   422   422 E lowmemorykiller: Error writing /proc/12094/oom_score_adj; errno=22
10-31 18:38:46.691   772 13022 I ActivityManager: Killing 12094:com.android.chrome:sandboxed_process19/u0a60i933 (adj 0): isolated not needed
10-31 18:38:46.691   360   360 E SELinux : avc:  denied  { find } for service=installd pid=12068 uid=2000 scontext=u:r:shell:s0 tcontext=u:object_r:installd_service:s0 tclass=service_manager
10-31 18:38:46.691   772   790 W zygote64: failed to open /acct/uid_99933/pid_12094/cgroup.procs: No such file or directory
10-31 18:38:46.696 12117 12140 I chromium: [INFO:child_process_service.cc(69)] ChildProcessService: Exiting child process.
10-31 18:38:46.697   422   422 E lowmemorykiller: Error writing /proc/12117/oom_score_adj; errno=22
10-31 18:38:46.697   772  4540 I ActivityManager: Killing 12117:com.android.chrome:sandboxed_process20/u0a60i934 (adj 0): isolated not needed
10-31 18:38:46.698   772   790 W zygote64: failed to open /acct/uid_99934/pid_12117/cgroup.procs: No such file or directory
10-31 18:38:46.698 12086 12139 I chromium: [INFO:child_process_service.cc(69)] ChildProcessService: Exiting child process.
10-31 18:38:46.702 11487 11487 W chromium: [WARNING:compositor_view.cc(342)] Child process died (type=6) pid=12094)
10-31 18:38:46.706   422   422 E lowmemorykiller: Error writing /proc/12086/oom_score_adj; errno=22
10-31 18:38:46.716   361   361 E SELinux : avc:  denied  { find } for interface=android.frameworks.displayservice::IDisplayService pid=12068 scontext=u:r:shell:s0 tcontext=u:object_r:fwk_display_hwservice:s0 tclass=hwservice_manager
10-31 18:38:46.717   361   361 E SELinux : avc:  denied  { find } for interface=android.frameworks.schedulerservice::ISchedulingPolicyService pid=12068 scontext=u:r:shell:s0 tcontext=u:object_r:fwk_scheduler_hwservice:s0 tclass=hwservice_manager
10-31 18:38:46.717 11487 11487 W chromium: [WARNING:compositor_view.cc(342)] Child process died (type=6) pid=12081)
10-31 18:38:46.718   361   361 E SELinux : avc:  denied  { find } for interface=android.frameworks.sensorservice::ISensorManager pid=12068 scontext=u:r:shell:s0 tcontext=u:object_r:fwk_sensor_hwservice:s0 tclass=hwservice_manager
10-31 18:38:46.719   361   361 E SELinux : avc:  denied  { find } for interface=android.hardware.biometrics.fingerprint::IBiometricsFingerprint pid=12068 scontext=u:r:shell:s0 tcontext=u:object_r:hal_fingerprint_hwservice:s0 tclass=hwservice_manager
10-31 18:38:46.720   361   361 E SELinux : avc:  denied  { find } for interface=android.hardware.dumpstate::IDumpstateDevice pid=12068 scontext=u:r:shell:s0 tcontext=u:object_r:hal_dumpstate_hwservice:s0 tclass=hwservice_manager
10-31 18:38:46.722   361   361 E SELinux : avc:  denied  { find } for interface=android.hardware.radio.deprecated::IOemHook pid=12068 scontext=u:r:shell:s0 tcontext=u:object_r:hal_telephony_hwservice:s0 tclass=hwservice_manager
10-31 18:38:46.722 11487 11487 W chromium: [WARNING:compositor_view.cc(342)] Child process died (type=6) pid=12086)
10-31 18:38:46.723   361   361 E SELinux : avc:  denied  { find } for interface=android.hardware.radio::IRadio pid=12068 scontext=u:r:shell:s0 tcontext=u:object_r:hal_telephony_hwservice:s0 tclass=hwservice_manager
10-31 18:38:46.723   772 32228 W ActivityManager: Exception when unbinding service com.android.chrome/org.chromium.content.app.SandboxedProcessService18
10-31 18:38:46.723   772 32228 W ActivityManager: android.os.DeadObjectException
10-31 18:38:46.723   772 32228 W ActivityManager: 	at android.os.BinderProxy.transactNative(Native Method)
10-31 18:38:46.723   772 32228 W ActivityManager: 	at android.os.BinderProxy.transact(Binder.java:748)
10-31 18:38:46.723   772 32228 W ActivityManager: 	at android.app.IApplicationThread$Stub$Proxy.scheduleUnbindService(IApplicationThread.java:1522)
10-31 18:38:46.723   772 32228 W ActivityManager: 	at com.android.server.am.ActiveServices.removeConnectionLocked(ActiveServices.java:2640)
10-31 18:38:46.723   772 32228 W ActivityManager: 	at com.android.server.am.ActiveServices.unbindServiceLocked(ActiveServices.java:1551)
10-31 18:38:46.723   772 32228 W ActivityManager: 	at com.android.server.am.ActivityManagerService.unbindService(ActivityManagerService.java:18297)
10-31 18:38:46.723   772 32228 W ActivityManager: 	at android.app.IActivityManager$Stub.onTransact(IActivityManager.java:594)
10-31 18:38:46.723   772 32228 W ActivityManager: 	at com.android.server.am.ActivityManagerService.onTransact(ActivityManagerService.java:2935)
10-31 18:38:46.723   772 32228 W ActivityManager: 	at android.os.Binder.execTransact(Binder.java:674)
10-31 18:38:46.723   361   361 E SELinux : avc:  denied  { find } for interface=android.hardware.radio::ISap pid=12068 scontext=u:r:shell:s0 tcontext=u:object_r:hal_telephony_hwservice:s0 tclass=hwservice_manager
10-31 18:38:46.724   422   422 E lowmemorykiller: Error opening /proc/12086/oom_score_adj; errno=2
10-31 18:38:46.724   361   361 E SELinux : avc:  denied  { find } for interface=android.hardware.usb::IUsb pid=12068 scontext=u:r:shell:s0 tcontext=u:object_r:hal_usb_hwservice:s0 tclass=hwservice_manager
10-31 18:38:46.725   361   361 E SELinux : avc:  denied  { find } for interface=android.hardware.wifi.supplicant::ISupplicant pid=12068 scontext=u:r:shell:s0 tcontext=u:object_r:hal_wifi_supplicant_hwservice:s0 tclass=hwservice_manager
10-31 18:38:46.725   772 32228 I ActivityManager: Killing 12086:com.android.chrome:sandboxed_process18/u0a60i932 (adj 900): isolated not needed
10-31 18:38:46.726   361   361 E SELinux : avc:  denied  { find } for interface=android.hardware.wifi::IWifi pid=12068 scontext=u:r:shell:s0 tcontext=u:object_r:hal_wifi_hwservice:s0 tclass=hwservice_manager
10-31 18:38:46.727   361   361 E SELinux : avc:  denied  { find } for interface=android.hidl.base::IBase pid=12068 scontext=u:r:shell:s0 tcontext=u:object_r:hidl_base_hwservice:s0 tclass=hwservice_manager
10-31 18:38:46.727   361   361 E SELinux : avc:  denied  { find } for interface=android.hidl.base::IBase pid=12068 scontext=u:r:shell:s0 tcontext=u:object_r:hidl_base_hwservice:s0 tclass=hwservice_manager
10-31 18:38:46.728   772   790 W zygote64: failed to open /acct/uid_99932/pid_12086/cgroup.procs: No such file or directory
10-31 18:38:46.728   361   361 E SELinux : avc:  denied  { find } for interface=android.hidl.base::IBase pid=12068 scontext=u:r:shell:s0 tcontext=u:object_r:hidl_base_hwservice:s0 tclass=hwservice_manager
10-31 18:38:46.730   361   361 E SELinux : avc:  denied  { find } for interface=android.system.wifi.keystore::IKeystore pid=12068 scontext=u:r:shell:s0 tcontext=u:object_r:system_wifi_keystore_hwservice:s0 tclass=hwservice_manager
10-31 18:38:46.741 11487 11487 W chromium: [WARNING:compositor_view.cc(342)] Child process died (type=6) pid=12117)
10-31 18:38:47.476 11487 11487 W chromium: [WARNING:controller_impl.cc(1190)] Background download complete, client: 6, completion type: 0, file size:16643
10-31 18:38:47.504 12171 12171 E /system/bin/webview_zygote32: failed to make and chown /acct/uid_99935: Permission denied
10-31 18:38:47.504 12171 12171 E Zygote  : createProcessGroup(99935, 0) failed: Permission denied
10-31 18:38:47.506   772  1324 I ActivityManager: Start proc 12171:com.android.chrome:sandboxed_process21/u0i935 for webview_service com.android.chrome/org.chromium.content.app.SandboxedProcessService21
10-31 18:38:47.527 12171 12171 I SamplingProfilerIntegration: Profiling disabled.
10-31 18:38:47.554 12184 12184 E asset   : setgid: Operation not permitted
10-31 18:38:47.589 11487 11487 W chromium: [WARNING:controller_impl.cc(1190)] Background download complete, client: 6, completion type: 0, file size:18160
10-31 18:38:47.601 12171 12171 I cr_SplitCompatApp: Launched version=106.0.5249.79 minSdkVersion=24 isBundle=true processName=com.android.chrome:sandboxed_process21 isIsolated=true
10-31 18:38:47.606 12171 12171 W SystemServiceRegistry: No service published for: uimode
10-31 18:38:47.611 11487 11487 W chromium: [WARNING:controller_impl.cc(1190)] Background download complete, client: 6, completion type: 0, file size:265060
10-31 18:38:47.620   772 13071 I ActivityManager: Start proc 12186:com.android.chrome:sandboxed_process22/u0i936 for webview_service com.android.chrome/org.chromium.content.app.SandboxedProcessService22
10-31 18:38:47.623 12186 12186 E /system/bin/webview_zygote32: failed to make and chown /acct/uid_99936: Permission denied
10-31 18:38:47.623 12186 12186 E Zygote  : createProcessGroup(99936, 0) failed: Permission denied
10-31 18:38:47.623 12171 12171 I cr_ChildProcessService: Creating new ChildProcessService pid=12171
10-31 18:38:47.640 12171 12171 E WebViewFactory: can't load with relro file; address space not reserved
10-31 18:38:47.653 12171 12191 I cr_LibraryLoader: Successfully loaded native library
10-31 18:38:47.655 12171 12191 I cr_CachingUmaRecorder: Flushed 3 samples from 3 histograms.
10-31 18:38:47.659 11487 11487 W chromium: [WARNING:controller_impl.cc(1190)] Background download complete, client: 6, completion type: 0, file size:15859
10-31 18:38:47.661 12199 12199 E /system/bin/webview_zygote32: failed to make and chown /acct/uid_99937: Permission denied
10-31 18:38:47.661 12199 12199 E Zygote  : createProcessGroup(99937, 0) failed: Permission denied
10-31 18:38:47.666 12186 12186 I SamplingProfilerIntegration: Profiling disabled.
10-31 18:38:47.671   772 10894 I ActivityManager: Start proc 12199:com.android.chrome:sandboxed_process23/u0i937 for webview_service com.android.chrome/org.chromium.content.app.SandboxedProcessService23
10-31 18:38:47.696 12219 12219 E asset   : setgid: Operation not permitted
10-31 18:38:47.700 12199 12199 I SamplingProfilerIntegration: Profiling disabled.
10-31 18:38:47.703 12214 12214 W ThreadPoolForeg: type=1400 audit(0.0:17472): avc: denied { setattr } for name="model-info.pb" dev="dm-2" ino=1504797 scontext=u:r:isolated_app:s0:c512,c768 tcontext=u:object_r:app_data_file:s0:c512,c768 tclass=file permissive=0
10-31 18:38:47.707 12214 12214 W ThreadPoolForeg: type=1400 audit(0.0:17473): avc: denied { setattr } for name="model.tflite" dev="dm-2" ino=1504798 scontext=u:r:isolated_app:s0:c512,c768 tcontext=u:object_r:app_data_file:s0:c512,c768 tclass=file permissive=0
10-31 18:38:47.714   772 13022 I ActivityManager: Start proc 12222:com.android.chrome:sandboxed_process24/u0i938 for webview_service com.android.chrome/org.chromium.content.app.SandboxedProcessService24
10-31 18:38:47.718 12171 12191 I chromium: [INFO:child_process_service.cc(69)] ChildProcessService: Exiting child process.
10-31 18:38:47.720 12222 12222 E /system/bin/webview_zygote32: failed to make and chown /acct/uid_99938: Permission denied
10-31 18:38:47.720 12222 12222 E Zygote  : createProcessGroup(99938, 0) failed: Permission denied
10-31 18:38:47.722 11487 11487 W chromium: [WARNING:controller_impl.cc(1190)] Background download complete, client: 6, completion type: 0, file size:4955
10-31 18:38:47.731   422   422 E lowmemorykiller: Error writing /proc/12171/oom_score_adj; errno=22
10-31 18:38:47.732   772   996 I ActivityManager: Killing 12171:com.android.chrome:sandboxed_process21/u0a60i935 (adj 0): isolated not needed
10-31 18:38:47.733 12186 12186 I cr_SplitCompatApp: Launched version=106.0.5249.79 minSdkVersion=24 isBundle=true processName=com.android.chrome:sandboxed_process22 isIsolated=true
10-31 18:38:47.733   772   790 W zygote64: failed to open /acct/uid_99935/pid_12171/cgroup.procs: No such file or directory
10-31 18:38:47.739 12186 12186 W SystemServiceRegistry: No service published for: uimode
10-31 18:38:47.746 11487 11487 W chromium: [WARNING:controller_impl.cc(1190)] Background download complete, client: 6, completion type: 0, file size:2759
10-31 18:38:47.750 12186 12186 I cr_ChildProcessService: Creating new ChildProcessService pid=12186
10-31 18:38:47.750 12234 12234 E asset   : setgid: Operation not permitted
10-31 18:38:47.755 12222 12222 I SamplingProfilerIntegration: Profiling disabled.
10-31 18:38:47.760 12236 12236 E /system/bin/webview_zygote32: failed to make and chown /acct/uid_99939: Permission denied
10-31 18:38:47.760 12236 12236 E Zygote  : createProcessGroup(99939, 0) failed: Permission denied
10-31 18:38:47.769   772  3037 I ActivityManager: Start proc 12236:com.android.chrome:sandboxed_process25/u0i939 for webview_service com.android.chrome/org.chromium.content.app.SandboxedProcessService25
10-31 18:38:47.778 12199 12199 I cr_SplitCompatApp: Launched version=106.0.5249.79 minSdkVersion=24 isBundle=true processName=com.android.chrome:sandboxed_process23 isIsolated=true
10-31 18:38:47.781 12236 12236 I SamplingProfilerIntegration: Profiling disabled.
10-31 18:38:47.782 12199 12199 W SystemServiceRegistry: No service published for: uimode
10-31 18:38:47.789 12199 12199 I cr_ChildProcessService: Creating new ChildProcessService pid=12199
10-31 18:38:47.800 12186 12186 E WebViewFactory: can't load with relro file; address space not reserved
10-31 18:38:47.809 12199 12199 E WebViewFactory: can't load with relro file; address space not reserved
10-31 18:38:47.811 12252 12252 E asset   : setgid: Operation not permitted
10-31 18:38:47.812 11487 11487 W chromium: [WARNING:compositor_view.cc(342)] Child process died (type=6) pid=12171)
10-31 18:38:47.835 12253 12253 E asset   : setgid: Operation not permitted
10-31 18:38:47.841 11487 11487 W chromium: [WARNING:controller_impl.cc(1190)] Background download complete, client: 6, completion type: 0, file size:116031
10-31 18:38:47.844 12199 12250 I cr_LibraryLoader: Successfully loaded native library
10-31 18:38:47.844 12254 12254 E /system/bin/webview_zygote32: failed to make and chown /acct/uid_99940: Permission denied
10-31 18:38:47.844 12254 12254 E Zygote  : createProcessGroup(99940, 0) failed: Permission denied
10-31 18:38:47.844 12199 12250 I cr_CachingUmaRecorder: Flushed 3 samples from 3 histograms.
10-31 18:38:47.853 12186 12235 I cr_LibraryLoader: Successfully loaded native library
10-31 18:38:47.854   772   996 I ActivityManager: Start proc 12254:com.android.chrome:sandboxed_process26/u0i940 for webview_service com.android.chrome/org.chromium.content.app.SandboxedProcessService26
10-31 18:38:47.855 12186 12235 I cr_CachingUmaRecorder: Flushed 3 samples from 3 histograms.
10-31 18:38:47.863 12236 12236 I cr_SplitCompatApp: Launched version=106.0.5249.79 minSdkVersion=24 isBundle=true processName=com.android.chrome:sandboxed_process25 isIsolated=true
10-31 18:38:47.873 12236 12236 W SystemServiceRegistry: No service published for: uimode
10-31 18:38:47.881 12254 12254 I SamplingProfilerIntegration: Profiling disabled.
10-31 18:38:47.889 12222 12222 I cr_SplitCompatApp: Launched version=106.0.5249.79 minSdkVersion=24 isBundle=true processName=com.android.chrome:sandboxed_process24 isIsolated=true
10-31 18:38:47.897 12222 12222 W SystemServiceRegistry: No service published for: uimode
10-31 18:38:47.904 12236 12236 I cr_ChildProcessService: Creating new ChildProcessService pid=12236
10-31 18:38:47.905 12222 12222 I cr_ChildProcessService: Creating new ChildProcessService pid=12222
10-31 18:38:47.907 12273 12273 W ThreadPoolForeg: type=1400 audit(0.0:17474): avc: denied { setattr } for name="model-info.pb" dev="dm-2" ino=1504807 scontext=u:r:isolated_app:s0:c512,c768 tcontext=u:object_r:app_data_file:s0:c512,c768 tclass=file permissive=0
10-31 18:38:47.912   772 20193 I ActivityManager: Start proc 12282:com.android.chrome:sandboxed_process27/u0i941 for webview_service com.android.chrome/org.chromium.content.app.SandboxedProcessService27
10-31 18:38:47.921 12282 12282 E /system/bin/webview_zygote32: failed to make and chown /acct/uid_99941: Permission denied
10-31 18:38:47.921 12282 12282 E Zygote  : createProcessGroup(99941, 0) failed: Permission denied
10-31 18:38:47.927 12276 12276 W ThreadPoolForeg: type=1400 audit(0.0:17475): avc: denied { setattr } for name="model-info.pb" dev="dm-2" ino=1504809 scontext=u:r:isolated_app:s0:c512,c768 tcontext=u:object_r:app_data_file:s0:c512,c768 tclass=file permissive=0
10-31 18:38:47.931 12222 12222 E WebViewFactory: can't load with relro file; address space not reserved
10-31 18:38:47.937 12276 12276 W ThreadPoolForeg: type=1400 audit(0.0:17476): avc: denied { setattr } for name="model.tflite" dev="dm-2" ino=1504810 scontext=u:r:isolated_app:s0:c512,c768 tcontext=u:object_r:app_data_file:s0:c512,c768 tclass=file permissive=0
10-31 18:38:47.940 12236 12236 E WebViewFactory: can't load with relro file; address space not reserved
10-31 18:38:47.945 12186 12235 I chromium: [INFO:child_process_service.cc(69)] ChildProcessService: Exiting child process.
10-31 18:38:47.947 12222 12280 I cr_LibraryLoader: Successfully loaded native library
10-31 18:38:47.947 12222 12280 I cr_CachingUmaRecorder: Flushed 3 samples from 3 histograms.
10-31 18:38:47.950 12273 12273 W ThreadPoolForeg: type=1400 audit(0.0:17477): avc: denied { setattr } for name="model.tflite" dev="dm-2" ino=1504808 scontext=u:r:isolated_app:s0:c512,c768 tcontext=u:object_r:app_data_file:s0:c512,c768 tclass=file permissive=0
10-31 18:38:47.953   422   422 E lowmemorykiller: Error writing /proc/12186/oom_score_adj; errno=22
10-31 18:38:47.954   772  1327 I ActivityManager: Killing 12186:com.android.chrome:sandboxed_process22/u0a60i936 (adj 0): isolated not needed
10-31 18:38:47.955   772   790 W zygote64: failed to open /acct/uid_99936/pid_12186/cgroup.procs: No such file or directory
10-31 18:38:47.956 12236 12279 I cr_LibraryLoader: Successfully loaded native library
10-31 18:38:47.956 12199 12250 I chromium: [INFO:child_process_service.cc(69)] ChildProcessService: Exiting child process.
10-31 18:38:47.961 12236 12279 I cr_CachingUmaRecorder: Flushed 3 samples from 3 histograms.
10-31 18:38:47.964   422   422 E lowmemorykiller: Error writing /proc/12199/oom_score_adj; errno=22
10-31 18:38:47.967   772 10894 I ActivityManager: Killing 12199:com.android.chrome:sandboxed_process23/u0a60i937 (adj 0): isolated not needed
10-31 18:38:47.969   772   790 W zygote64: failed to open /acct/uid_99937/pid_12199/cgroup.procs: No such file or directory
10-31 18:38:47.975 12282 12282 I SamplingProfilerIntegration: Profiling disabled.
10-31 18:38:47.987 12293 12293 E asset   : setgid: Operation not permitted
10-31 18:38:47.988 11487 11487 W chromium: [WARNING:controller_impl.cc(1190)] Background download complete, client: 6, completion type: 0, file size:9419
10-31 18:38:48.000 12298 12298 W ThreadPoolForeg: type=1400 audit(0.0:17478): avc: denied { setattr } for name="model-info.pb" dev="dm-2" ino=1504834 scontext=u:r:isolated_app:s0:c512,c768 tcontext=u:object_r:app_data_file:s0:c512,c768 tclass=file permissive=0
10-31 18:38:48.003 12298 12298 W ThreadPoolForeg: type=1400 audit(0.0:17479): avc: denied { setattr } for name="model.tflite" dev="dm-2" ino=1504839 scontext=u:r:isolated_app:s0:c512,c768 tcontext=u:object_r:app_data_file:s0:c512,c768 tclass=file permissive=0
10-31 18:38:48.013 12222 12280 I chromium: [INFO:child_process_service.cc(69)] ChildProcessService: Exiting child process.
10-31 18:38:48.021 11487 11487 W chromium: [WARNING:compositor_view.cc(342)] Child process died (type=6) pid=12186)
10-31 18:38:48.024 12307 12307 E asset   : setgid: Operation not permitted
10-31 18:38:48.031 11487 11487 W chromium: [WARNING:compositor_view.cc(342)] Child process died (type=6) pid=12222)
10-31 18:38:48.034   772   784 I ActivityManager: Start proc 12309:com.android.chrome:sandboxed_process28/u0i942 for webview_service com.android.chrome/org.chromium.content.app.SandboxedProcessService28
10-31 18:38:48.040 12308 12308 W ThreadPoolForeg: type=1400 audit(0.0:17480): avc: denied { setattr } for name="model-info.pb" dev="dm-2" ino=1504794 scontext=u:r:isolated_app:s0:c512,c768 tcontext=u:object_r:app_data_file:s0:c512,c768 tclass=file permissive=0
10-31 18:38:48.041 11487 11487 W chromium: [WARNING:compositor_view.cc(342)] Child process died (type=6) pid=12199)
10-31 18:38:48.043 12308 12308 W ThreadPoolForeg: type=1400 audit(0.0:17481): avc: denied { setattr } for name="model.tflite" dev="dm-2" ino=1504834 scontext=u:r:isolated_app:s0:c512,c768 tcontext=u:object_r:app_data_file:s0:c512,c768 tclass=file permissive=0
10-31 18:38:48.046 12309 12309 E /system/bin/webview_zygote32: failed to make and chown /acct/uid_99942: Permission denied
10-31 18:38:48.047 12309 12309 E Zygote  : createProcessGroup(99942, 0) failed: Permission denied
10-31 18:38:48.049 12254 12254 I cr_SplitCompatApp: Launched version=106.0.5249.79 minSdkVersion=24 isBundle=true processName=com.android.chrome:sandboxed_process26 isIsolated=true
10-31 18:38:48.056 12236 12279 I chromium: [INFO:child_process_service.cc(69)] ChildProcessService: Exiting child process.
10-31 18:38:48.057 12254 12254 W SystemServiceRegistry: No service published for: uimode
10-31 18:38:48.059   772  1324 I ActivityManager: Process com.android.chrome:sandboxed_process24 (pid 12222) has died: vis  TOP 
10-31 18:38:48.059   772  1324 W ActivityManager: Scheduling restart of crashed service com.android.chrome/org.chromium.content.app.SandboxedProcessService24 in 1000ms
10-31 18:38:48.060   772   790 W zygote64: failed to open /acct/uid_99938/pid_12222/cgroup.procs: No such file or directory
10-31 18:38:48.063 12035 12065 I tflite  : Initialized TensorFlow Lite runtime.
10-31 18:38:48.080 12254 12254 I cr_ChildProcessService: Creating new ChildProcessService pid=12254
10-31 18:38:48.095   422   422 E lowmemorykiller: Error writing /proc/12236/oom_score_adj; errno=22
10-31 18:38:48.095   772 13022 I ActivityManager: Killing 12236:com.android.chrome:sandboxed_process25/u0a60i939 (adj 0): isolated not needed
10-31 18:38:48.097 11487 11523 I cr_BindingManager: onTrimMemory: level=10, size=1
10-31 18:38:48.097 11487 11523 I cr_BindingManager: Reduce connections from 1 to 0
10-31 18:38:48.098 12254 12254 E WebViewFactory: can't load with relro file; address space not reserved
10-31 18:38:48.098   772   790 W zygote64: failed to open /acct/uid_99939/pid_12236/cgroup.procs: No such file or directory
10-31 18:38:48.128 12309 12309 I SamplingProfilerIntegration: Profiling disabled.
10-31 18:38:48.130 12254 12321 I cr_LibraryLoader: Successfully loaded native library
10-31 18:38:48.139 12254 12321 I cr_CachingUmaRecorder: Flushed 3 samples from 3 histograms.
10-31 18:38:48.140 12282 12282 I cr_SplitCompatApp: Launched version=106.0.5249.79 minSdkVersion=24 isBundle=true processName=com.android.chrome:sandboxed_process27 isIsolated=true
10-31 18:38:48.153 12282 12282 W SystemServiceRegistry: No service published for: uimode
10-31 18:38:48.154 29692 29692 D BoundBrokerSvc: onBind: Intent { act=com.google.android.gms.common.BIND_SHARED_PREFS pkg=com.google.android.gms }
10-31 18:38:48.154 29692 29692 D BoundBrokerSvc: Loading bound service for intent: Intent { act=com.google.android.gms.common.BIND_SHARED_PREFS pkg=com.google.android.gms }
10-31 18:38:48.155 11487 11487 W chromium: [WARNING:compositor_view.cc(342)] Child process died (type=6) pid=12236)
10-31 18:38:48.173 12254 12264 I /system/bin/webview_zygote32: Background concurrent copying GC freed 4107(1256KB) AllocSpace objects, 3(76KB) LOS objects, 92% free, 128KB/1664KB, paused 10.080ms total 17.586ms
10-31 18:38:48.177 29692 29692 D BoundBrokerSvc: onUnbind: Intent { act=com.google.android.gms.common.BIND_SHARED_PREFS pkg=com.google.android.gms }
10-31 18:38:48.179 12325 12325 E asset   : setgid: Operation not permitted
10-31 18:38:48.183 12282 12282 I cr_ChildProcessService: Creating new ChildProcessService pid=12282
10-31 18:38:48.193 12329 12329 W ThreadPoolForeg: type=1400 audit(0.0:17482): avc: denied { setattr } for name="model-info.pb" dev="dm-2" ino=1504876 scontext=u:r:isolated_app:s0:c512,c768 tcontext=u:object_r:app_data_file:s0:c512,c768 tclass=file permissive=0
10-31 18:38:48.193 12329 12329 W ThreadPoolForeg: type=1400 audit(0.0:17483): avc: denied { setattr } for name="model.tflite" dev="dm-2" ino=1504877 scontext=u:r:isolated_app:s0:c512,c768 tcontext=u:object_r:app_data_file:s0:c512,c768 tclass=file permissive=0
10-31 18:38:48.207 12254 12321 I chromium: [INFO:child_process_service.cc(69)] ChildProcessService: Exiting child process.
10-31 18:38:48.209 12282 12282 E WebViewFactory: can't load with relro file; address space not reserved
10-31 18:38:48.211   422   422 E lowmemorykiller: Error writing /proc/12254/oom_score_adj; errno=22
10-31 18:38:48.212   772 10860 I ActivityManager: Killing 12254:com.android.chrome:sandboxed_process26/u0a60i940 (adj 0): isolated not needed
10-31 18:38:48.213   772   790 W zygote64: failed to open /acct/uid_99940/pid_12254/cgroup.procs: No such file or directory
10-31 18:38:48.225 12282 12326 I cr_LibraryLoader: Successfully loaded native library
