10-31 15:34:30.632 19987 19987 W chromium: [WARNING:compositor_view.cc(342)] Child process died (type=6) pid=20255)
10-31 15:34:30.633 19987 19987 W chromium: [WARNING:compositor_view.cc(342)] Child process died (type=6) pid=20208)
10-31 15:34:30.638 20270 20337 I chromium: [INFO:child_process_service.cc(69)] ChildProcessService: Exiting child process.
10-31 15:34:30.639 20242 20333 I chromium: [INFO:child_process_service.cc(69)] ChildProcessService: Exiting child process.
10-31 15:34:30.640 19987 19987 W chromium: [WARNING:compositor_view.cc(342)] Child process died (type=6) pid=20227)
10-31 15:34:30.641   422   422 E lowmemorykiller: Error writing /proc/20270/oom_score_adj; errno=22
10-31 15:34:30.641   772  4539 I ActivityManager: Killing 20270:com.android.chrome:sandboxed_process7/u0a60i625 (adj 0): isolated not needed
10-31 15:34:30.642   772   790 W zygote64: failed to open /acct/uid_99625/pid_20270/cgroup.procs: No such file or directory
10-31 15:34:30.643 20285 20350 I chromium: [INFO:child_process_service.cc(69)] ChildProcessService: Exiting child process.
10-31 15:34:30.644   422   422 E lowmemorykiller: Error writing /proc/20242/oom_score_adj; errno=22
10-31 15:34:30.645   772  3041 I ActivityManager: Killing 20242:com.android.chrome:sandboxed_process5/u0a60i623 (adj 0): isolated not needed
10-31 15:34:30.646   772   790 W zygote64: failed to open /acct/uid_99623/pid_20242/cgroup.procs: No such file or directory
10-31 15:34:30.648   422   422 E lowmemorykiller: Error writing /proc/20285/oom_score_adj; errno=22
10-31 15:34:30.649   772  4540 I ActivityManager: Killing 20285:com.android.chrome:sandboxed_process8/u0a60i626 (adj 0): isolated not needed
10-31 15:34:30.653 20293 20352 I chromium: [INFO:child_process_service.cc(69)] ChildProcessService: Exiting child process.
10-31 15:34:30.653   772   790 W zygote64: failed to open /acct/uid_99626/pid_20285/cgroup.procs: No such file or directory
10-31 15:34:30.668 20382 20382 E /system/bin/webview_zygote32: failed to make and chown /acct/uid_99628: Permission denied
10-31 15:34:30.668 20382 20382 E Zygote  : createProcessGroup(99628, 0) failed: Permission denied
10-31 15:34:30.671   772   996 I ActivityManager: Start proc 20382:com.android.chrome:sandboxed_process10/u0i628 for webview_service com.android.chrome/org.chromium.content.app.SandboxedProcessService10
10-31 15:34:30.680 19987 19987 W chromium: [WARNING:compositor_view.cc(342)] Child process died (type=6) pid=20242)
10-31 15:34:30.680   772  4539 I ActivityManager: Process com.android.chrome:sandboxed_process9 (pid 20293) has died: vis  TOP 
10-31 15:34:30.680   772   790 W zygote64: failed to open /acct/uid_99627/pid_20293/cgroup.procs: No such file or directory
10-31 15:34:30.680   772  4539 W ActivityManager: Scheduling restart of crashed service com.android.chrome/org.chromium.content.app.SandboxedProcessService9 in 1000ms
10-31 15:34:30.680 19987 19987 W chromium: [WARNING:compositor_view.cc(342)] Child process died (type=6) pid=20270)
10-31 15:34:30.681 19987 19987 W chromium: [WARNING:compositor_view.cc(342)] Child process died (type=6) pid=20293)
10-31 15:34:30.683 19987 19987 I Choreographer: Skipped 51 frames!  The application may be doing too much work on its main thread.
10-31 15:34:30.702 20382 20382 I SamplingProfilerIntegration: Profiling disabled.
10-31 15:34:30.714 20397 20397 E /system/bin/webview_zygote32: failed to make and chown /acct/uid_99629: Permission denied
10-31 15:34:30.714 20397 20397 E Zygote  : createProcessGroup(99629, 0) failed: Permission denied
10-31 15:34:30.717   772  2969 I ActivityManager: Start proc 20397:com.android.chrome:sandboxed_process11/u0i629 for webview_service com.android.chrome/org.chromium.content.app.SandboxedProcessService11
10-31 15:34:30.717 19987 19987 W StaticLayout: maxLineHeight should not be -1.  maxLines:1 lineCount:1
10-31 15:34:30.737 20406 20406 E asset   : setgid: Operation not permitted
10-31 15:34:30.744 20407 20407 E /system/bin/webview_zygote32: failed to make and chown /acct/uid_99630: Permission denied
10-31 15:34:30.745 20407 20407 E Zygote  : createProcessGroup(99630, 0) failed: Permission denied
10-31 15:34:30.748   772 13021 I ActivityManager: Start proc 20407:com.android.chrome:sandboxed_process12/u0i630 for webview_service com.android.chrome/org.chromium.content.app.SandboxedProcessService12
10-31 15:34:30.755 20397 20397 I SamplingProfilerIntegration: Profiling disabled.
10-31 15:34:30.764 20407 20407 I SamplingProfilerIntegration: Profiling disabled.
10-31 15:34:30.810 19987 19987 W chromium: [WARNING:compositor_view.cc(342)] Child process died (type=6) pid=20285)
10-31 15:34:30.817   772 10894 W ActivityManager: Slow operation: 58ms so far, now at attachApplicationLocked: after mServices.attachApplicationLocked
10-31 15:34:30.826 20382 20382 I cr_SplitCompatApp: Launched version=106.0.5249.79 minSdkVersion=24 isBundle=true processName=com.android.chrome:sandboxed_process10 isIsolated=true
10-31 15:34:30.831 20424 20424 E asset   : setgid: Operation not permitted
10-31 15:34:30.837 20382 20382 W SystemServiceRegistry: No service published for: uimode
10-31 15:34:30.841   772  4539 I ActivityManager: Start proc 20425:com.android.chrome:sandboxed_process13/u0i631 for webview_service com.android.chrome/org.chromium.content.app.SandboxedProcessService13
10-31 15:34:30.841   772   797 I ActivityManager: Displayed com.android.chrome/com.google.android.apps.chrome.Main: +1s195ms
10-31 15:34:30.850 20430 20430 E asset   : setgid: Operation not permitted
10-31 15:34:30.856 20425 20425 E /system/bin/webview_zygote32: failed to make and chown /acct/uid_99631: Permission denied
10-31 15:34:30.856 20425 20425 E Zygote  : createProcessGroup(99631, 0) failed: Permission denied
10-31 15:34:30.859 20382 20382 I cr_ChildProcessService: Creating new ChildProcessService pid=20382
10-31 15:34:30.877   772 13071 I ActivityManager: Start proc 20437:com.android.chrome:sandboxed_process14/u0i632 for webview_service com.android.chrome/org.chromium.content.app.SandboxedProcessService14
10-31 15:34:30.885 20437 20437 E /system/bin/webview_zygote32: failed to make and chown /acct/uid_99632: Permission denied
10-31 15:34:30.885 20437 20437 E Zygote  : createProcessGroup(99632, 0) failed: Permission denied
10-31 15:34:30.895 20382 20382 E WebViewFactory: can't load with relro file; address space not reserved
10-31 15:34:30.899 20425 20425 I SamplingProfilerIntegration: Profiling disabled.
10-31 15:34:30.907 20437 20437 I SamplingProfilerIntegration: Profiling disabled.
10-31 15:34:30.909 20397 20397 I cr_SplitCompatApp: Launched version=106.0.5249.79 minSdkVersion=24 isBundle=true processName=com.android.chrome:sandboxed_process11 isIsolated=true
10-31 15:34:30.914   772  2970 I ActivityManager: Start proc 20457:com.android.chrome:sandboxed_process15/u0i633 for webview_service com.android.chrome/org.chromium.content.app.SandboxedProcessService15
10-31 15:34:30.917 20457 20457 E /system/bin/webview_zygote32: failed to make and chown /acct/uid_99633: Permission denied
10-31 15:34:30.917 20407 20407 I cr_SplitCompatApp: Launched version=106.0.5249.79 minSdkVersion=24 isBundle=true processName=com.android.chrome:sandboxed_process12 isIsolated=true
10-31 15:34:30.917 20457 20457 E Zygote  : createProcessGroup(99633, 0) failed: Permission denied
10-31 15:34:30.931 20397 20397 W SystemServiceRegistry: No service published for: uimode
10-31 15:34:30.940 20407 20407 W SystemServiceRegistry: No service published for: uimode
10-31 15:34:30.947 20397 20397 I cr_ChildProcessService: Creating new ChildProcessService pid=20397
10-31 15:34:30.951 20457 20457 I SamplingProfilerIntegration: Profiling disabled.
10-31 15:34:30.957 20407 20407 I cr_ChildProcessService: Creating new ChildProcessService pid=20407
10-31 15:34:30.964 20474 20474 E asset   : setgid: Operation not permitted
10-31 15:34:30.974   772  4540 I ActivityManager: Start proc 20475:com.android.chrome:sandboxed_process16/u0i634 for webview_service com.android.chrome/org.chromium.content.app.SandboxedProcessService16
10-31 15:34:30.977 20480 20480 E asset   : setgid: Operation not permitted
10-31 15:34:30.977 20475 20475 E /system/bin/webview_zygote32: failed to make and chown /acct/uid_99634: Permission denied
10-31 15:34:30.977 20475 20475 E Zygote  : createProcessGroup(99634, 0) failed: Permission denied
10-31 15:34:31.002 20407 20407 E WebViewFactory: can't load with relro file; address space not reserved
10-31 15:34:31.005 20397 20397 E WebViewFactory: can't load with relro file; address space not reserved
10-31 15:34:31.006 20475 20475 I SamplingProfilerIntegration: Profiling disabled.
10-31 15:34:31.021 20407 20473 I cr_LibraryLoader: Successfully loaded native library
10-31 15:34:31.021 20407 20473 I cr_CachingUmaRecorder: Flushed 3 samples from 3 histograms.
10-31 15:34:31.025 19987 20046 W cr_CrashFileManager: /data/user/0/com.android.chrome/cache/Crash Reports does not exist or is not a directory
10-31 15:34:31.025 19987 20046 I chatty  : uid=10060(u0_a60) identical 1 line
10-31 15:34:31.025 19987 20046 W cr_CrashFileManager: /data/user/0/com.android.chrome/cache/Crash Reports does not exist or is not a directory
10-31 15:34:31.026 20425 20425 I cr_SplitCompatApp: Launched version=106.0.5249.79 minSdkVersion=24 isBundle=true processName=com.android.chrome:sandboxed_process13 isIsolated=true
10-31 15:34:31.028 20437 20437 I cr_SplitCompatApp: Launched version=106.0.5249.79 minSdkVersion=24 isBundle=true processName=com.android.chrome:sandboxed_process14 isIsolated=true
10-31 15:34:31.032 19987 20026 I cr_BindingManager: Moderate binding enabled: maxSize=40
10-31 15:34:31.034 20382 20431 I cr_LibraryLoader: Successfully loaded native library
10-31 15:34:31.038 20425 20425 W SystemServiceRegistry: No service published for: uimode
10-31 15:34:31.043 20437 20437 W SystemServiceRegistry: No service published for: uimode
10-31 15:34:31.044 20382 20431 I cr_CachingUmaRecorder: Flushed 3 samples from 3 histograms.
10-31 15:34:31.047 20490 20490 E asset   : setgid: Operation not permitted
10-31 15:34:31.047   772 13022 W AppOps  : Bad call: specified package com.google.android.gms under uid 10045 but it is really 10020
10-31 15:34:31.047   772 13022 W AppOps  : java.lang.RuntimeException: here
10-31 15:34:31.047   772 13022 W AppOps  : 	at com.android.server.AppOpsService.getOpsRawLocked(AppOpsService.java:1319)
10-31 15:34:31.047   772 13022 W AppOps  : 	at com.android.server.AppOpsService.checkPackage(AppOpsService.java:1038)
10-31 15:34:31.047   772 13022 W AppOps  : 	at com.android.internal.app.IAppOpsService$Stub.onTransact(IAppOpsService.java:169)
10-31 15:34:31.047   772 13022 W AppOps  : 	at android.os.Binder.execTransact(Binder.java:674)
10-31 15:34:31.050   772  2969 W AppOps  : Bad call: specified package com.google.android.gms under uid 10045 but it is really 10020
10-31 15:34:31.050   772  2969 W AppOps  : java.lang.RuntimeException: here
10-31 15:34:31.050   772  2969 W AppOps  : 	at com.android.server.AppOpsService.getOpsRawLocked(AppOpsService.java:1319)
10-31 15:34:31.050   772  2969 W AppOps  : 	at com.android.server.AppOpsService.checkPackage(AppOpsService.java:1038)
10-31 15:34:31.050   772  2969 W AppOps  : 	at com.android.internal.app.IAppOpsService$Stub.onTransact(IAppOpsService.java:169)
10-31 15:34:31.050   772  2969 W AppOps  : 	at android.os.Binder.execTransact(Binder.java:674)
10-31 15:34:31.056 20425 20425 I cr_ChildProcessService: Creating new ChildProcessService pid=20425
10-31 15:34:31.067 20397 20470 I cr_LibraryLoader: Successfully loaded native library
10-31 15:34:31.069 20397 20470 I cr_CachingUmaRecorder: Flushed 3 samples from 3 histograms.
10-31 15:34:31.075 20437 20437 I cr_ChildProcessService: Creating new ChildProcessService pid=20437
10-31 15:34:31.080 20407 20473 I chromium: [INFO:child_process_service.cc(69)] ChildProcessService: Exiting child process.
10-31 15:34:31.082 20425 20425 E WebViewFactory: can't load with relro file; address space not reserved
10-31 15:34:31.099 20512 20512 E asset   : setgid: Operation not permitted
10-31 15:34:31.100 20382 20431 I chromium: [INFO:child_process_service.cc(69)] ChildProcessService: Exiting child process.
10-31 15:34:31.103 20437 20437 E WebViewFactory: can't load with relro file; address space not reserved
10-31 15:34:31.104   422   422 E lowmemorykiller: Error writing /proc/20407/oom_score_adj; errno=22
10-31 15:34:31.105   772   785 I ActivityManager: Killing 20407:com.android.chrome:sandboxed_process12/u0a60i630 (adj 0): isolated not needed
10-31 15:34:31.105   772   790 W zygote64: failed to open /acct/uid_99630/pid_20407/cgroup.procs: No such file or directory
10-31 15:34:31.105 14438 14438 E WorkerRegistryImpl: getWorker() is called after WorkerRegistry disposal.
10-31 15:34:31.106 14438 14438 E WorkerRegistryImpl: getWorker() is called after WorkerRegistry disposal.
10-31 15:34:31.108   422   422 E lowmemorykiller: Error writing /proc/20382/oom_score_adj; errno=22
10-31 15:34:31.109   772  3041 I ActivityManager: Killing 20382:com.android.chrome:sandboxed_process10/u0a60i628 (adj 0): isolated not needed
10-31 15:34:31.118   772   790 W zygote64: failed to open /acct/uid_99628/pid_20382/cgroup.procs: No such file or directory
10-31 15:34:31.128 20425 20505 I cr_LibraryLoader: Successfully loaded native library
10-31 15:34:31.140 20425 20505 I cr_CachingUmaRecorder: Flushed 3 samples from 3 histograms.
10-31 15:34:31.144 14438 14438 I MemoryTrimmer: Trimming objects from memory, since app is in the background.
10-31 15:34:31.147 20457 20457 I cr_SplitCompatApp: Launched version=106.0.5249.79 minSdkVersion=24 isBundle=true processName=com.android.chrome:sandboxed_process15 isIsolated=true
10-31 15:34:31.152 20397 20470 I chromium: [INFO:child_process_service.cc(69)] ChildProcessService: Exiting child process.
10-31 15:34:31.153   422   422 E lowmemorykiller: Error writing /proc/20397/oom_score_adj; errno=22
10-31 15:34:31.154   772  1327 I ActivityManager: Killing 20397:com.android.chrome:sandboxed_process11/u0a60i629 (adj 0): isolated not needed
10-31 15:34:31.156 20457 20457 W SystemServiceRegistry: No service published for: uimode
10-31 15:34:31.157   772   790 W zygote64: failed to open /acct/uid_99629/pid_20397/cgroup.procs: No such file or directory
10-31 15:34:31.160 20437 20509 I cr_LibraryLoader: Successfully loaded native library
10-31 15:34:31.161 20437 20509 I cr_CachingUmaRecorder: Flushed 3 samples from 3 histograms.
10-31 15:34:31.174 20457 20457 I cr_ChildProcessService: Creating new ChildProcessService pid=20457
10-31 15:34:31.177 20475 20475 I cr_SplitCompatApp: Launched version=106.0.5249.79 minSdkVersion=24 isBundle=true processName=com.android.chrome:sandboxed_process16 isIsolated=true
10-31 15:34:31.188 20475 20475 W SystemServiceRegistry: No service published for: uimode
10-31 15:34:31.194 20457 20457 E WebViewFactory: can't load with relro file; address space not reserved
10-31 15:34:31.194 19987 19987 W chromium: [WARNING:compositor_view.cc(342)] Child process died (type=6) pid=20407)
10-31 15:34:31.200 20475 20475 I cr_ChildProcessService: Creating new ChildProcessService pid=20475
10-31 15:34:31.202 19987 19987 W chromium: [WARNING:compositor_view.cc(342)] Child process died (type=6) pid=20382)
10-31 15:34:31.213 20425 20505 I chromium: [INFO:child_process_service.cc(69)] ChildProcessService: Exiting child process.
10-31 15:34:31.213 19987 19987 W chromium: [WARNING:compositor_view.cc(342)] Child process died (type=6) pid=20397)
10-31 15:34:31.216 20457 20529 I cr_LibraryLoader: Successfully loaded native library
10-31 15:34:31.218 20457 20529 I cr_CachingUmaRecorder: Flushed 3 samples from 3 histograms.
10-31 15:34:31.219 20437 20509 I chromium: [INFO:child_process_service.cc(69)] ChildProcessService: Exiting child process.
10-31 15:34:31.221   422   422 E lowmemorykiller: Error writing /proc/20425/oom_score_adj; errno=22
10-31 15:34:31.222   772  4539 I ActivityManager: Killing 20425:com.android.chrome:sandboxed_process13/u0a60i631 (adj 0): isolated not needed
10-31 15:34:31.223   772   790 W zygote64: failed to open /acct/uid_99631/pid_20425/cgroup.procs: No such file or directory
10-31 15:34:31.228   422   422 E lowmemorykiller: Error writing /proc/20437/oom_score_adj; errno=22
10-31 15:34:31.228 20475 20475 E WebViewFactory: can't load with relro file; address space not reserved
10-31 15:34:31.228   772 10860 I ActivityManager: Killing 20437:com.android.chrome:sandboxed_process14/u0a60i632 (adj 0): isolated not needed
10-31 15:34:31.230   772   790 W zygote64: failed to open /acct/uid_99632/pid_20437/cgroup.procs: No such file or directory
10-31 15:34:31.245 19987 19987 W chromium: [WARNING:compositor_view.cc(342)] Child process died (type=6) pid=20425)
10-31 15:34:31.256 20475 20540 I cr_LibraryLoader: Successfully loaded native library
10-31 15:34:31.259 20475 20540 I cr_CachingUmaRecorder: Flushed 3 samples from 3 histograms.
10-31 15:34:31.267 20457 20529 I chromium: [INFO:child_process_service.cc(69)] ChildProcessService: Exiting child process.
10-31 15:34:31.273   772  2969 I ActivityManager: Start proc 20553:com.android.chrome:sandboxed_process17/u0i635 for webview_service com.android.chrome/org.chromium.content.app.SandboxedProcessService17
10-31 15:34:31.275 19987 19987 W chromium: [WARNING:compositor_view.cc(342)] Child process died (type=6) pid=20437)
10-31 15:34:31.280   772   996 I ActivityManager: START u0 {act=android.intent.action.VIEW dat=http://192.168.178.178:5500/... flg=0x10000000 cmp=com.android.chrome/com.google.android.apps.chrome.Main} from uid 2000
10-31 15:34:31.283 20553 20553 E /system/bin/webview_zygote32: failed to make and chown /acct/uid_99635: Permission denied
10-31 15:34:31.283 20553 20553 E Zygote  : createProcessGroup(99635, 0) failed: Permission denied
10-31 15:34:31.292   422   422 E lowmemorykiller: Error writing /proc/20457/oom_score_adj; errno=22
10-31 15:34:31.293   772 32228 I ActivityManager: Killing 20457:com.android.chrome:sandboxed_process15/u0a60i633 (adj 0): isolated not needed
10-31 15:34:31.294   772   790 W zygote64: failed to open /acct/uid_99633/pid_20457/cgroup.procs: No such file or directory
10-31 15:34:31.318 20553 20553 I SamplingProfilerIntegration: Profiling disabled.
10-31 15:34:31.330 19987 19987 E cr_IntentUtils: getInt failed on bundle null
10-31 15:34:31.334 19987 19987 E ResourceType: Style contains key with bad entry: 0x0101062c
10-31 15:34:31.345 20575 20575 E asset   : setgid: Operation not permitted
10-31 15:34:31.360   772 20193 I ActivityManager: Start proc 20577:com.android.chrome:sandboxed_process18/u0i636 for webview_service com.android.chrome/org.chromium.content.app.SandboxedProcessService18
10-31 15:34:31.365 19987 19987 I cr_tabmodel: Appending tabs being restored to metadata lists, 0, startingNormalCount: 2, startingIncognitoCount: 0
10-31 15:34:31.365 19987 19987 I cr_tabmodel: Serializing tab lists; counts: 2, 0
10-31 15:34:31.374 20577 20577 E /system/bin/webview_zygote32: failed to make and chown /acct/uid_99636: Permission denied
10-31 15:34:31.374 20577 20577 E Zygote  : createProcessGroup(99636, 0) failed: Permission denied
10-31 15:34:31.384 20553 20553 I cr_SplitCompatApp: Launched version=106.0.5249.79 minSdkVersion=24 isBundle=true processName=com.android.chrome:sandboxed_process17 isIsolated=true
10-31 15:34:31.388 20553 20553 W SystemServiceRegistry: No service published for: uimode
10-31 15:34:31.394 20553 20553 I cr_ChildProcessService: Creating new ChildProcessService pid=20553
10-31 15:34:31.394 20577 20577 I SamplingProfilerIntegration: Profiling disabled.
10-31 15:34:31.399 20553 20553 E WebViewFactory: can't load with relro file; address space not reserved
10-31 15:34:31.409 19987 19987 I cr_OfflineDetector: Running updateState mConnectivityDetectorInitialized: true, mTimeWhenLastForegrounded: 1102925576, getElapsedTime: 1102925576, mTimeWhenLastOfflineNotificationReceived: 0, mTimeWhenLastOnline: 1102924385, mApplicationState: 1, mIsOfflineLastReportedByConnectivityDetector: false, mIsEffectivelyOffline: false
10-31 15:34:31.410 19987 19987 I cr_OfflineDetector: updateState(): timeSinceLastForeground: 0, timeSinceOfflineNotificationReceived: 1102925576, timeSinceLastOnline: 1191, timeNeededForForeground: 2000, timeNeededForOffline: -1102923576
10-31 15:34:31.418 20596 20596 E asset   : setgid: Operation not permitted
10-31 15:34:31.421 20553 20592 I cr_LibraryLoader: Successfully loaded native library
10-31 15:34:31.423 20553 20592 I cr_CachingUmaRecorder: Flushed 3 samples from 3 histograms.
10-31 15:34:31.430 19987 19987 W chromium: [WARNING:compositor_view.cc(342)] Child process died (type=6) pid=20457)
10-31 15:34:31.438 20475 20540 I chromium: [INFO:child_process_service.cc(69)] ChildProcessService: Exiting child process.
10-31 15:34:31.439   772  2970 I ActivityManager: Killing 20475:com.android.chrome:sandboxed_process16/u0a60i634 (adj 0): isolated not needed
10-31 15:34:31.443   772   790 W zygote64: failed to open /acct/uid_99634/pid_20475/cgroup.procs: No such file or directory
10-31 15:34:31.454 19987 19987 W ResourceType: Failure getting entry for 0x7f010216 (t=0 e=534) (error -75)
10-31 15:34:31.455 19987 19987 W ResourceType: Failure getting entry for 0x7f0107c9 (t=0 e=1993) (error -75)
10-31 15:34:31.463 20553 20570 I /system/bin/webview_zygote32: Background concurrent copying GC freed 3870(1224KB) AllocSpace objects, 3(76KB) LOS objects, 92% free, 128KB/1664KB, paused 17.221ms total 34.633ms
10-31 15:34:31.467   772  2969 I ActivityManager: Start proc 20599:com.android.chrome:sandboxed_process19/u0i637 for webview_service com.android.chrome/org.chromium.content.app.SandboxedProcessService19
10-31 15:34:31.470 20577 20577 I cr_SplitCompatApp: Launched version=106.0.5249.79 minSdkVersion=24 isBundle=true processName=com.android.chrome:sandboxed_process18 isIsolated=true
10-31 15:34:31.472 20599 20599 E /system/bin/webview_zygote32: failed to make and chown /acct/uid_99637: Permission denied
10-31 15:34:31.472 20599 20599 E Zygote  : createProcessGroup(99637, 0) failed: Permission denied
10-31 15:34:31.477 20577 20577 W SystemServiceRegistry: No service published for: uimode
10-31 15:34:31.487 19987 19987 W chromium: [WARNING:compositor_view.cc(342)] Child process died (type=6) pid=20475)
10-31 15:34:31.487 20577 20577 I cr_ChildProcessService: Creating new ChildProcessService pid=20577
10-31 15:34:31.499 20553 20592 I chromium: [INFO:child_process_service.cc(69)] ChildProcessService: Exiting child process.
10-31 15:34:31.508   772  4539 I ActivityManager: Start proc 20620:com.android.chrome:sandboxed_process20/u0i638 for webview_service com.android.chrome/org.chromium.content.app.SandboxedProcessService20
10-31 15:34:31.517 20620 20620 E /system/bin/webview_zygote32: failed to make and chown /acct/uid_99638: Permission denied
10-31 15:34:31.517 20620 20620 E Zygote  : createProcessGroup(99638, 0) failed: Permission denied
10-31 15:34:31.524   772   996 I ActivityManager: Start proc 20627:com.android.chrome:sandboxed_process21/u0i639 for webview_service com.android.chrome/org.chromium.content.app.SandboxedProcessService21
10-31 15:34:31.527 20599 20599 I SamplingProfilerIntegration: Profiling disabled.
10-31 15:34:31.527   772  1259 I ActivityManager: Process com.android.chrome:sandboxed_process17 (pid 20553) has died: vis  TOP 
10-31 15:34:31.527   772  1259 W ActivityManager: Scheduling restart of crashed service com.android.chrome/org.chromium.content.app.SandboxedProcessService17 in 1000ms
10-31 15:34:31.528 20627 20627 E /system/bin/webview_zygote32: failed to make and chown /acct/uid_99639: Permission denied
10-31 15:34:31.528 20627 20627 E Zygote  : createProcessGroup(99639, 0) failed: Permission denied
10-31 15:34:31.530 20577 20577 E WebViewFactory: can't load with relro file; address space not reserved
10-31 15:34:31.533   772   790 W zygote64: failed to open /acct/uid_99635/pid_20553/cgroup.procs: No such file or directory
10-31 15:34:31.543 20620 20620 I SamplingProfilerIntegration: Profiling disabled.
10-31 15:34:31.549 19987 19987 W chromium: [WARNING:compositor_view.cc(342)] Child process died (type=6) pid=20553)
10-31 15:34:31.560 20577 20613 I cr_LibraryLoader: Successfully loaded native library
10-31 15:34:31.561 20577 20613 I cr_CachingUmaRecorder: Flushed 3 samples from 3 histograms.
10-31 15:34:31.574 20647 20647 E asset   : setgid: Operation not permitted
10-31 15:34:31.578 20627 20627 I SamplingProfilerIntegration: Profiling disabled.
10-31 15:34:31.603 20657 20657 E asset   : setgid: Operation not permitted
10-31 15:34:31.610 20656 20656 E asset   : setgid: Operation not permitted
10-31 15:34:31.621 20599 20599 I cr_SplitCompatApp: Launched version=106.0.5249.79 minSdkVersion=24 isBundle=true processName=com.android.chrome:sandboxed_process19 isIsolated=true
10-31 15:34:31.632 20599 20599 W SystemServiceRegistry: No service published for: uimode
10-31 15:34:31.659 20577 20587 I /system/bin/webview_zygote32: Background concurrent copying GC freed 4068(1287KB) AllocSpace objects, 3(76KB) LOS objects, 92% free, 128KB/1664KB, paused 6.216ms total 90.430ms
10-31 15:34:31.660 20599 20599 I cr_ChildProcessService: Creating new ChildProcessService pid=20599
10-31 15:34:31.668 20599 20599 E WebViewFactory: can't load with relro file; address space not reserved
10-31 15:34:31.668 20627 20627 I cr_SplitCompatApp: Launched version=106.0.5249.79 minSdkVersion=24 isBundle=true processName=com.android.chrome:sandboxed_process21 isIsolated=true
10-31 15:34:31.684 20620 20620 I cr_SplitCompatApp: Launched version=106.0.5249.79 minSdkVersion=24 isBundle=true processName=com.android.chrome:sandboxed_process20 isIsolated=true
10-31 15:34:31.688 20627 20627 W SystemServiceRegistry: No service published for: uimode
10-31 15:34:31.694 20599 20661 I cr_LibraryLoader: Successfully loaded native library
10-31 15:34:31.701 20599 20661 I cr_CachingUmaRecorder: Flushed 3 samples from 3 histograms.
10-31 15:34:31.704 20620 20620 W SystemServiceRegistry: No service published for: uimode
10-31 15:34:31.721 20627 20627 I cr_ChildProcessService: Creating new ChildProcessService pid=20627
10-31 15:34:31.721 20620 20620 I cr_ChildProcessService: Creating new ChildProcessService pid=20620
10-31 15:34:31.732 20627 20627 E WebViewFactory: can't load with relro file; address space not reserved
10-31 15:34:31.734 20620 20620 E WebViewFactory: can't load with relro file; address space not reserved
10-31 15:34:31.745 20627 20666 I cr_LibraryLoader: Successfully loaded native library
10-31 15:34:31.746 20627 20666 I cr_CachingUmaRecorder: Flushed 3 samples from 3 histograms.
10-31 15:34:31.754 20620 20665 I cr_LibraryLoader: Successfully loaded native library
10-31 15:34:31.755 20620 20665 I cr_CachingUmaRecorder: Flushed 3 samples from 3 histograms.
10-31 15:34:31.765 20599 20617 I /system/bin/webview_zygote32: Background concurrent copying GC freed 3763(1328KB) AllocSpace objects, 1(20KB) LOS objects, 88% free, 191KB/1727KB, paused 5.098ms total 45.510ms
10-31 15:34:31.795 20599 20661 I chromium: [INFO:child_process_service.cc(69)] ChildProcessService: Exiting child process.
10-31 15:34:31.797   422   422 E lowmemorykiller: Error writing /proc/20599/oom_score_adj; errno=22
10-31 15:34:31.798 20620 20665 I chromium: [INFO:child_process_service.cc(69)] ChildProcessService: Exiting child process.
10-31 15:34:31.798   772  3854 I ActivityManager: Killing 20599:com.android.chrome:sandboxed_process19/u0a60i637 (adj 0): isolated not needed
10-31 15:34:31.798   772   790 W zygote64: failed to open /acct/uid_99637/pid_20599/cgroup.procs: No such file or directory
10-31 15:34:31.801   422   422 E lowmemorykiller: Error writing /proc/20620/oom_score_adj; errno=22
10-31 15:34:31.801   772 10860 I ActivityManager: Killing 20620:com.android.chrome:sandboxed_process20/u0a60i638 (adj 0): isolated not needed
10-31 15:34:31.801   772   790 W zygote64: failed to open /acct/uid_99638/pid_20620/cgroup.procs: No such file or directory
10-31 15:34:31.817 19987 19987 W chromium: [WARNING:compositor_view.cc(342)] Child process died (type=6) pid=20620)
10-31 15:34:31.824 19987 19987 W chromium: [WARNING:compositor_view.cc(342)] Child process died (type=6) pid=20599)
10-31 15:34:31.830 20627 20666 I chromium: [INFO:child_process_service.cc(69)] ChildProcessService: Exiting child process.
10-31 15:34:31.841   422   422 E lowmemorykiller: Error writing /proc/20627/oom_score_adj; errno=22
10-31 15:34:31.841   772 10894 I ActivityManager: Killing 20627:com.android.chrome:sandboxed_process21/u0a60i639 (adj 0): isolated not needed
10-31 15:34:31.843   772   790 W zygote64: failed to open /acct/uid_99639/pid_20627/cgroup.procs: No such file or directory
10-31 15:34:31.871 19987 19987 W chromium: [WARNING:compositor_view.cc(342)] Child process died (type=6) pid=20627)
10-31 15:34:32.274 20058 20073 I vndksupport: sphal namespace is not configured for this process. Loading libutils.so from the current namespace instead.
10-31 15:34:32.275 19987 20023 I vndksupport: sphal namespace is not configured for this process. Loading libutils.so from the current namespace instead.
10-31 15:34:32.275 20577 20593 I vndksupport: sphal namespace is not configured for this process. Loading libutils.so from the current namespace instead.
10-31 15:34:32.276 20028 20040 I vndksupport: sphal namespace is not configured for this process. Loading libutils.so from the current namespace instead.
10-31 15:34:32.292   556  7524 E Parcel  : Reading a NULL string not supported here.
10-31 15:34:32.293   556  7524 W Parcel  : **** enforceInterface() expected 'IAAudioService' but read ''
10-31 15:34:32.293   360   360 E SELinux : avc:  denied  { find } for service=android.service.gatekeeper.IGateKeeperService pid=20696 uid=2000 scontext=u:r:shell:s0 tcontext=u:object_r:gatekeeper_service:s0 tclass=service_manager
10-31 15:34:32.294   360   360 E SELinux : avc:  denied  { find } for service=netd pid=20696 uid=2000 scontext=u:r:shell:s0 tcontext=u:object_r:netd_service:s0 tclass=service_manager
10-31 15:34:32.295 20696 20696 W atrace  : type=1400 audit(0.0:15728): avc: denied { call } for scontext=u:r:shell:s0 tcontext=u:r:wificond:s0 tclass=binder permissive=0
10-31 15:34:32.298   360   360 E SELinux : avc:  denied  { find } for service=installd pid=20696 uid=2000 scontext=u:r:shell:s0 tcontext=u:object_r:installd_service:s0 tclass=service_manager
10-31 15:34:32.302   361   361 E SELinux : avc:  denied  { find } for interface=android.frameworks.displayservice::IDisplayService pid=20696 scontext=u:r:shell:s0 tcontext=u:object_r:fwk_display_hwservice:s0 tclass=hwservice_manager
10-31 15:34:32.303   361   361 E SELinux : avc:  denied  { find } for interface=android.frameworks.schedulerservice::ISchedulingPolicyService pid=20696 scontext=u:r:shell:s0 tcontext=u:object_r:fwk_scheduler_hwservice:s0 tclass=hwservice_manager
10-31 15:34:32.304   361   361 E SELinux : avc:  denied  { find } for interface=android.frameworks.sensorservice::ISensorManager pid=20696 scontext=u:r:shell:s0 tcontext=u:object_r:fwk_sensor_hwservice:s0 tclass=hwservice_manager
10-31 15:34:32.304   361   361 E SELinux : avc:  denied  { find } for interface=android.hardware.biometrics.fingerprint::IBiometricsFingerprint pid=20696 scontext=u:r:shell:s0 tcontext=u:object_r:hal_fingerprint_hwservice:s0 tclass=hwservice_manager
10-31 15:34:32.306   361   361 E SELinux : avc:  denied  { find } for interface=android.hardware.dumpstate::IDumpstateDevice pid=20696 scontext=u:r:shell:s0 tcontext=u:object_r:hal_dumpstate_hwservice:s0 tclass=hwservice_manager
10-31 15:34:32.308   361   361 E SELinux : avc:  denied  { find } for interface=android.hardware.radio.deprecated::IOemHook pid=20696 scontext=u:r:shell:s0 tcontext=u:object_r:hal_telephony_hwservice:s0 tclass=hwservice_manager
10-31 15:34:32.309   361   361 E SELinux : avc:  denied  { find } for interface=android.hardware.radio::IRadio pid=20696 scontext=u:r:shell:s0 tcontext=u:object_r:hal_telephony_hwservice:s0 tclass=hwservice_manager
10-31 15:34:32.310   361   361 E SELinux : avc:  denied  { find } for interface=android.hardware.radio::ISap pid=20696 scontext=u:r:shell:s0 tcontext=u:object_r:hal_telephony_hwservice:s0 tclass=hwservice_manager
10-31 15:34:32.310   361   361 E SELinux : avc:  denied  { find } for interface=android.hardware.usb::IUsb pid=20696 scontext=u:r:shell:s0 tcontext=u:object_r:hal_usb_hwservice:s0 tclass=hwservice_manager
10-31 15:34:32.311   361   361 E SELinux : avc:  denied  { find } for interface=android.hardware.wifi.supplicant::ISupplicant pid=20696 scontext=u:r:shell:s0 tcontext=u:object_r:hal_wifi_supplicant_hwservice:s0 tclass=hwservice_manager
10-31 15:34:32.312   361   361 E SELinux : avc:  denied  { find } for interface=android.hardware.wifi::IWifi pid=20696 scontext=u:r:shell:s0 tcontext=u:object_r:hal_wifi_hwservice:s0 tclass=hwservice_manager
10-31 15:34:32.314   361   361 E SELinux : avc:  denied  { find } for interface=android.hidl.base::IBase pid=20696 scontext=u:r:shell:s0 tcontext=u:object_r:hidl_base_hwservice:s0 tclass=hwservice_manager
10-31 15:34:32.316   361   361 I chatty  : uid=1000(system) hwservicemanage identical 1 line
10-31 15:34:32.316   361   361 E SELinux : avc:  denied  { find } for interface=android.hidl.base::IBase pid=20696 scontext=u:r:shell:s0 tcontext=u:object_r:hidl_base_hwservice:s0 tclass=hwservice_manager
10-31 15:34:32.318   361   361 E SELinux : avc:  denied  { find } for interface=android.system.wifi.keystore::IKeystore pid=20696 scontext=u:r:shell:s0 tcontext=u:object_r:system_wifi_keystore_hwservice:s0 tclass=hwservice_manager
10-31 15:34:32.708 19987 19987 W chromium: [WARNING:controller_impl.cc(1190)] Background download complete, client: 6, completion type: 0, file size:16643
10-31 15:34:32.737   772 13021 I ActivityManager: Start proc 20701:com.android.chrome:sandboxed_process22/u0i640 for webview_service com.android.chrome/org.chromium.content.app.SandboxedProcessService22
10-31 15:34:32.738 20701 20701 E /system/bin/webview_zygote32: failed to make and chown /acct/uid_99640: Permission denied
10-31 15:34:32.738 20701 20701 E Zygote  : createProcessGroup(99640, 0) failed: Permission denied
10-31 15:34:32.769 20701 20701 I SamplingProfilerIntegration: Profiling disabled.
10-31 15:34:32.808 20715 20715 E asset   : setgid: Operation not permitted
10-31 15:34:32.822 19987 19987 W chromium: [WARNING:controller_impl.cc(1190)] Background download complete, client: 6, completion type: 0, file size:265060
10-31 15:34:32.834 19987 19987 W chromium: [WARNING:controller_impl.cc(1190)] Background download complete, client: 6, completion type: 0, file size:18160
10-31 15:34:32.855 20717 20717 E /system/bin/webview_zygote32: failed to make and chown /acct/uid_99641: Permission denied
10-31 15:34:32.856 20717 20717 E Zygote  : createProcessGroup(99641, 0) failed: Permission denied
10-31 15:34:32.856   772  3041 I ActivityManager: Start proc 20717:com.android.chrome:sandboxed_process23/u0i641 for webview_service com.android.chrome/org.chromium.content.app.SandboxedProcessService23
10-31 15:34:32.864 20701 20701 I cr_SplitCompatApp: Launched version=106.0.5249.79 minSdkVersion=24 isBundle=true processName=com.android.chrome:sandboxed_process22 isIsolated=true
10-31 15:34:32.874 20701 20701 W SystemServiceRegistry: No service published for: uimode
10-31 15:34:32.880   772 32228 I ActivityManager: Start proc 20727:com.android.chrome:sandboxed_process24/u0i642 for webview_service com.android.chrome/org.chromium.content.app.SandboxedProcessService24
10-31 15:34:32.888 20701 20701 I cr_ChildProcessService: Creating new ChildProcessService pid=20701
10-31 15:34:32.889 20727 20727 E /system/bin/webview_zygote32: failed to make and chown /acct/uid_99642: Permission denied
10-31 15:34:32.889 20727 20727 E Zygote  : createProcessGroup(99642, 0) failed: Permission denied
10-31 15:34:32.898 19987 19987 W chromium: [WARNING:controller_impl.cc(1190)] Background download complete, client: 6, completion type: 0, file size:15859
10-31 15:34:32.898 20701 20701 E WebViewFactory: can't load with relro file; address space not reserved
10-31 15:34:32.927   772 20193 I ActivityManager: Start proc 20743:com.android.chrome:sandboxed_process25/u0i643 for webview_service com.android.chrome/org.chromium.content.app.SandboxedProcessService25
10-31 15:34:32.928 20727 20727 I SamplingProfilerIntegration: Profiling disabled.
10-31 15:34:32.929 20701 20733 I cr_LibraryLoader: Successfully loaded native library
10-31 15:34:32.931 20743 20743 E /system/bin/webview_zygote32: failed to make and chown /acct/uid_99643: Permission denied
10-31 15:34:32.931 20717 20717 I SamplingProfilerIntegration: Profiling disabled.
10-31 15:34:32.931 20743 20743 E Zygote  : createProcessGroup(99643, 0) failed: Permission denied
10-31 15:34:32.936 20701 20733 I cr_CachingUmaRecorder: Flushed 3 samples from 3 histograms.
10-31 15:34:32.971 19987 19987 W chromium: [WARNING:controller_impl.cc(1190)] Background download complete, client: 6, completion type: 0, file size:2759
10-31 15:34:32.975 20760 20760 W ThreadPoolForeg: type=1400 audit(0.0:15729): avc: denied { setattr } for name="model-info.pb" dev="dm-2" ino=1504750 scontext=u:r:isolated_app:s0:c512,c768 tcontext=u:object_r:app_data_file:s0:c512,c768 tclass=file permissive=0
10-31 15:34:32.979 20760 20760 W ThreadPoolForeg: type=1400 audit(0.0:15730): avc: denied { setattr } for name="model.tflite" dev="dm-2" ino=1504754 scontext=u:r:isolated_app:s0:c512,c768 tcontext=u:object_r:app_data_file:s0:c512,c768 tclass=file permissive=0
10-31 15:34:32.983 20743 20743 I SamplingProfilerIntegration: Profiling disabled.
10-31 15:34:32.986 20701 20733 I chromium: [INFO:child_process_service.cc(69)] ChildProcessService: Exiting child process.
10-31 15:34:32.987 20764 20764 E asset   : setgid: Operation not permitted
10-31 15:34:32.988   422   422 E lowmemorykiller: Error writing /proc/20701/oom_score_adj; errno=22
10-31 15:34:32.989   772  2969 I ActivityManager: Killing 20701:com.android.chrome:sandboxed_process22/u0a60i640 (adj 0): isolated not needed
10-31 15:34:32.989   772   790 W zygote64: failed to open /acct/uid_99640/pid_20701/cgroup.procs: No such file or directory
10-31 15:34:32.998 20743 20754 I /system/bin/webview_zygote32: Background concurrent copying GC freed 2573(1521KB) AllocSpace objects, 0(0B) LOS objects, 96% free, 47KB/1583KB, paused 15.025ms total 31.501ms
10-31 15:34:33.002 20765 20765 E asset   : setgid: Operation not permitted
10-31 15:34:33.012   772  2970 I ActivityManager: Start proc 20766:com.android.chrome:sandboxed_process26/u0i644 for webview_service com.android.chrome/org.chromium.content.app.SandboxedProcessService26
10-31 15:34:33.015 20766 20766 E /system/bin/webview_zygote32: failed to make and chown /acct/uid_99644: Permission denied
10-31 15:34:33.015 20766 20766 E Zygote  : createProcessGroup(99644, 0) failed: Permission denied
10-31 15:34:33.025 20717 20717 I cr_SplitCompatApp: Launched version=106.0.5249.79 minSdkVersion=24 isBundle=true processName=com.android.chrome:sandboxed_process23 isIsolated=true
10-31 15:34:33.035 20717 20717 W SystemServiceRegistry: No service published for: uimode
10-31 15:34:33.042 19987 19987 W chromium: [WARNING:compositor_view.cc(342)] Child process died (type=6) pid=20701)
10-31 15:34:33.043 19987 19987 W chromium: [WARNING:controller_impl.cc(1190)] Background download complete, client: 6, completion type: 0, file size:4951
10-31 15:34:33.048 20727 20727 I cr_SplitCompatApp: Launched version=106.0.5249.79 minSdkVersion=24 isBundle=true processName=com.android.chrome:sandboxed_process24 isIsolated=true
10-31 15:34:33.050 20766 20766 I SamplingProfilerIntegration: Profiling disabled.
10-31 15:34:33.059 20727 20727 W SystemServiceRegistry: No service published for: uimode
10-31 15:34:33.068 20717 20717 I cr_ChildProcessService: Creating new ChildProcessService pid=20717
10-31 15:34:33.071 20779 20779 E asset   : setgid: Operation not permitted
10-31 15:34:33.085 20727 20727 I cr_ChildProcessService: Creating new ChildProcessService pid=20727
10-31 15:34:33.091 20717 20717 E WebViewFactory: can't load with relro file; address space not reserved
10-31 15:34:33.099 20782 20782 E asset   : setgid: Operation not permitted
10-31 15:34:33.109 20783 20783 E /system/bin/webview_zygote32: failed to make and chown /acct/uid_99645: Permission denied
10-31 15:34:33.109 20783 20783 E Zygote  : createProcessGroup(99645, 0) failed: Permission denied
10-31 15:34:33.110   772 10894 I ActivityManager: Start proc 20783:com.android.chrome:sandboxed_process27/u0i645 for webview_service com.android.chrome/org.chromium.content.app.SandboxedProcessService27
10-31 15:34:33.116 19987 19987 W chromium: [WARNING:controller_impl.cc(1190)] Background download complete, client: 6, completion type: 0, file size:116031
10-31 15:34:33.127 20727 20727 E WebViewFactory: can't load with relro file; address space not reserved
10-31 15:34:33.130 20743 20743 I cr_SplitCompatApp: Launched version=106.0.5249.79 minSdkVersion=24 isBundle=true processName=com.android.chrome:sandboxed_process25 isIsolated=true
10-31 15:34:33.135 20717 20780 I cr_LibraryLoader: Successfully loaded native library
10-31 15:34:33.138 20743 20743 W SystemServiceRegistry: No service published for: uimode
10-31 15:34:33.142 20727 20781 I cr_LibraryLoader: Successfully loaded native library
10-31 15:34:33.142   772  4539 I ActivityManager: Start proc 20790:com.android.chrome:sandboxed_process28/u0i646 for webview_service com.android.chrome/org.chromium.content.app.SandboxedProcessService28
10-31 15:34:33.146 20790 20790 E /system/bin/webview_zygote32: failed to make and chown /acct/uid_99646: Permission denied
10-31 15:34:33.146 20790 20790 E Zygote  : createProcessGroup(99646, 0) failed: Permission denied
10-31 15:34:33.146 20727 20781 I cr_CachingUmaRecorder: Flushed 3 samples from 3 histograms.
10-31 15:34:33.147 20743 20743 I cr_ChildProcessService: Creating new ChildProcessService pid=20743
10-31 15:34:33.150 20717 20780 I cr_CachingUmaRecorder: Flushed 3 samples from 3 histograms.
10-31 15:34:33.150   772   781 I zygote64: Background concurrent copying GC freed 105907(6MB) AllocSpace objects, 238(7MB) LOS objects, 42% free, 19MB/33MB, paused 3.279ms total 137.394ms
10-31 15:34:33.159 20790 20790 I SamplingProfilerIntegration: Profiling disabled.
10-31 15:34:33.167 20766 20766 I cr_SplitCompatApp: Launched version=106.0.5249.79 minSdkVersion=24 isBundle=true processName=com.android.chrome:sandboxed_process26 isIsolated=true
10-31 15:34:33.178 20783 20783 I SamplingProfilerIntegration: Profiling disabled.
10-31 15:34:33.178 20766 20766 W SystemServiceRegistry: No service published for: uimode
10-31 15:34:33.178 20743 20799 E WebViewFactory: can't load with relro file; address space not reserved
10-31 15:34:33.191 20766 20766 I cr_ChildProcessService: Creating new ChildProcessService pid=20766
10-31 15:34:33.193 20823 20823 E asset   : setgid: Operation not permitted
10-31 15:34:33.198 20743 20799 I cr_LibraryLoader: Successfully loaded native library
10-31 15:34:33.199 20817 20817 W ThreadPoolForeg: type=1400 audit(0.0:15731): avc: denied { setattr } for name="model-info.pb" dev="dm-2" ino=1504766 scontext=u:r:isolated_app:s0:c512,c768 tcontext=u:object_r:app_data_file:s0:c512,c768 tclass=file permissive=0
10-31 15:34:33.199 20743 20799 I cr_CachingUmaRecorder: Flushed 3 samples from 3 histograms.
10-31 15:34:33.202 20812 20812 W ThreadPoolForeg: type=1400 audit(0.0:15732): avc: denied { setattr } for name="model-info.pb" dev="dm-2" ino=1504767 scontext=u:r:isolated_app:s0:c512,c768 tcontext=u:object_r:app_data_file:s0:c512,c768 tclass=file permissive=0
10-31 15:34:33.202 20812 20812 W ThreadPoolForeg: type=1400 audit(0.0:15733): avc: denied { setattr } for name="model.tflite" dev="dm-2" ino=1504771 scontext=u:r:isolated_app:s0:c512,c768 tcontext=u:object_r:app_data_file:s0:c512,c768 tclass=file permissive=0
10-31 15:34:33.203 20766 20766 E WebViewFactory: can't load with relro file; address space not reserved
10-31 15:34:33.209 20766 20825 I cr_LibraryLoader: Successfully loaded native library
10-31 15:34:33.209 20727 20781 I chromium: [INFO:child_process_service.cc(69)] ChildProcessService: Exiting child process.
10-31 15:34:33.210 20766 20825 I cr_CachingUmaRecorder: Flushed 3 samples from 3 histograms.
10-31 15:34:33.212   422   422 E lowmemorykiller: Error writing /proc/20727/oom_score_adj; errno=22
10-31 15:34:33.213   772 13022 I ActivityManager: Killing 20727:com.android.chrome:sandboxed_process24/u0a60i642 (adj 0): isolated not needed
10-31 15:34:33.216   772   790 W zygote64: failed to open /acct/uid_99642/pid_20727/cgroup.procs: No such file or directory
10-31 15:34:33.216 20826 20826 E asset   : setgid: Operation not permitted
10-31 15:34:33.219 20817 20817 W ThreadPoolForeg: type=1400 audit(0.0:15734): avc: denied { setattr } for name="model.tflite" dev="dm-2" ino=1504770 scontext=u:r:isolated_app:s0:c512,c768 tcontext=u:object_r:app_data_file:s0:c512,c768 tclass=file permissive=0
10-31 15:34:33.226 20717 20780 I chromium: [INFO:child_process_service.cc(69)] ChildProcessService: Exiting child process.
10-31 15:34:33.227 20028 20043 I tflite  : Initialized TensorFlow Lite runtime.
10-31 15:34:33.228 20577 20613 I tflite  : Initialized TensorFlow Lite runtime.
10-31 15:34:33.228   422   422 E lowmemorykiller: Error writing /proc/20717/oom_score_adj; errno=22
10-31 15:34:33.229 20829 20829 W ThreadPoolForeg: type=1400 audit(0.0:15735): avc: denied { setattr } for name="model-info.pb" dev="dm-2" ino=1504743 scontext=u:r:isolated_app:s0:c512,c768 tcontext=u:object_r:app_data_file:s0:c512,c768 tclass=file permissive=0
10-31 15:34:33.229 20829 20829 W ThreadPoolForeg: type=1400 audit(0.0:15736): avc: denied { setattr } for name="model.tflite" dev="dm-2" ino=1504766 scontext=u:r:isolated_app:s0:c512,c768 tcontext=u:object_r:app_data_file:s0:c512,c768 tclass=file permissive=0
10-31 15:34:33.229   772  1327 I ActivityManager: Killing 20717:com.android.chrome:sandboxed_process23/u0a60i641 (adj 0): isolated not needed
10-31 15:34:33.229   772   790 W zygote64: failed to open /acct/uid_99641/pid_20717/cgroup.procs: No such file or directory
10-31 15:34:33.240 19987 19987 W chromium: [WARNING:compositor_view.cc(342)] Child process died (type=6) pid=20727)
10-31 15:34:33.244 20743 20799 I chromium: [INFO:child_process_service.cc(69)] ChildProcessService: Exiting child process.
10-31 15:34:33.245   422   422 E lowmemorykiller: Error writing /proc/20743/oom_score_adj; errno=22
10-31 15:34:33.253 20790 20790 I cr_SplitCompatApp: Launched version=106.0.5249.79 minSdkVersion=24 isBundle=true processName=com.android.chrome:sandboxed_process28 isIsolated=true
10-31 15:34:33.258   772 10860 I ActivityManager: Killing 20743:com.android.chrome:sandboxed_process25/u0a60i643 (adj 0): isolated not needed
10-31 15:34:33.258   772   790 W zygote64: failed to open /acct/uid_99643/pid_20743/cgroup.procs: No such file or directory
10-31 15:34:33.262 20835 20835 W ThreadPoolForeg: type=1400 audit(0.0:15737): avc: denied { setattr } for name="model-info.pb" dev="dm-2" ino=1504743 scontext=u:r:isolated_app:s0:c512,c768 tcontext=u:object_r:app_data_file:s0:c512,c768 tclass=file permissive=0
10-31 15:34:33.263 20790 20790 W SystemServiceRegistry: No service published for: uimode
10-31 15:34:33.265 20835 20835 W ThreadPoolForeg: type=1400 audit(0.0:15738): avc: denied { setattr } for name="model.tflite" dev="dm-2" ino=1504745 scontext=u:r:isolated_app:s0:c512,c768 tcontext=u:object_r:app_data_file:s0:c512,c768 tclass=file permissive=0
10-31 15:34:33.268 20783 20783 I cr_SplitCompatApp: Launched version=106.0.5249.79 minSdkVersion=24 isBundle=true processName=com.android.chrome:sandboxed_process27 isIsolated=true
10-31 15:34:33.272 20766 20825 I chromium: [INFO:child_process_service.cc(69)] ChildProcessService: Exiting child process.
10-31 15:34:33.273 20790 20790 I cr_ChildProcessService: Creating new ChildProcessService pid=20790
10-31 15:34:33.273   422   422 E lowmemorykiller: Error writing /proc/20766/oom_score_adj; errno=22
10-31 15:34:33.274   772 10893 I ActivityManager: Killing 20766:com.android.chrome:sandboxed_process26/u0a60i644 (adj 0): isolated not needed
10-31 15:34:33.274   772   790 W zygote64: failed to open /acct/uid_99644/pid_20766/cgroup.procs: No such file or directory
10-31 15:34:33.276 20783 20783 W SystemServiceRegistry: No service published for: uimode
10-31 15:34:33.283 20783 20783 I cr_ChildProcessService: Creating new ChildProcessService pid=20783
10-31 15:34:33.286 20790 20790 E WebViewFactory: can't load with relro file; address space not reserved
10-31 15:34:33.287 19987 19987 W chromium: [WARNING:compositor_view.cc(342)] Child process died (type=6) pid=20743)
10-31 15:34:33.300 19987 19987 W chromium: [WARNING:compositor_view.cc(342)] Child process died (type=6) pid=20717)
10-31 15:34:33.302 20790 20840 I cr_LibraryLoader: Successfully loaded native library
10-31 15:34:33.302 20790 20840 I cr_CachingUmaRecorder: Flushed 3 samples from 3 histograms.
10-31 15:34:33.309 20783 20783 E WebViewFactory: can't load with relro file; address space not reserved
10-31 15:34:33.325 20783 20841 I cr_LibraryLoader: Successfully loaded native library
10-31 15:34:33.328 19987 19987 W chromium: [WARNING:compositor_view.cc(342)] Child process died (type=6) pid=20766)
10-31 15:34:33.332 20845 20845 W ThreadPoolForeg: type=1400 audit(0.0:15739): avc: denied { setattr } for name="model-info.pb" dev="dm-2" ino=1504743 scontext=u:r:isolated_app:s0:c512,c768 tcontext=u:object_r:app_data_file:s0:c512,c768 tclass=file permissive=0
10-31 15:34:33.332 20783 20841 I cr_CachingUmaRecorder: Flushed 3 samples from 3 histograms.
