--------- beginning of system
10-31 15:34:08.064   772   791 E BatteryStatsService: no controller energy info supplied
10-31 15:34:20.713   772   785 I ActivityManager: Force stopping com.android.chrome appid=10060 user=0: from pid 19985
10-31 15:34:20.714   772   785 I ActivityManager: Killing 19881:com.android.chrome/u0a60 (adj 900): stop com.android.chrome
--------- beginning of main
10-31 15:34:20.728  1311  1311 D CarrierSvcBindHelper: No carrier app for: 0
10-31 15:34:20.740  2964  2964 D RegisteredNfcFServicesCache: Service unchanged, not updating
10-31 15:34:20.974   772   785 I ActivityManager: START u0 {act=android.intent.action.VIEW flg=0x10008000 cmp=com.android.chrome/com.google.android.apps.chrome.Main} from uid 2000
10-31 15:34:20.986   772   830 E ResourceType: Style contains key with bad entry: 0x0101062c
10-31 15:34:20.994   772   830 E ResourceType: Style contains key with bad entry: 0x0101062c
10-31 15:34:21.016   772 13071 I ActivityManager: Start proc 19987:com.android.chrome/u0a60 for activity com.android.chrome/com.google.android.apps.chrome.Main
10-31 15:34:21.090 19987 19987 I cr_SplitCompatApp: Launched version=106.0.5249.79 minSdkVersion=24 isBundle=true processName=com.android.chrome isIsolated=false
10-31 15:34:21.141  3960  4217 I FontLog : Received query Google Sans, URI content://com.google.android.gms.fonts [CONTEXT service_id=132 ]
10-31 15:34:21.142  3960  4217 I FontLog : Query [Google Sans] resolved to {Google Sans, wdth 100.0, wght 400, ital 0.0, bestEffort false} [CONTEXT service_id=132 ]
10-31 15:34:21.144  3960  4217 I FontLog : Font PFD returned from cache for {Google Sans, wdth 100.0, wght 400, ital 0.0, bestEffort false} [CONTEXT service_id=132 ]
10-31 15:34:21.144  3960  4217 I FontLog : Fetch {Google Sans, wdth 100.0, wght 400, ital 0.0, bestEffort false} end status Status{statusCode=SUCCESS, resolution=null} [CONTEXT service_id=132 ]
10-31 15:34:21.158  3960  6244 I FontLog : Pulling font file for id = 2681, cache size = 5 [CONTEXT service_id=132 ]
10-31 15:34:21.170  3960  3971 I FontLog : Received query Google Sans:500, URI content://com.google.android.gms.fonts [CONTEXT service_id=132 ]
10-31 15:34:21.171  3960  3971 I FontLog : Query [Google Sans:500] resolved to {Google Sans, wdth 100.0, wght 500, ital 0.0, bestEffort false} [CONTEXT service_id=132 ]
10-31 15:34:21.172  3960  3971 I FontLog : Font PFD returned from cache for {Google Sans, wdth 100.0, wght 500, ital 0.0, bestEffort false} [CONTEXT service_id=132 ]
10-31 15:34:21.175  3960  3971 I FontLog : Fetch {Google Sans, wdth 100.0, wght 500, ital 0.0, bestEffort false} end status Status{statusCode=SUCCESS, resolution=null} [CONTEXT service_id=132 ]
10-31 15:34:21.180  3960  3972 I FontLog : Pulling font file for id = 2682, cache size = 6 [CONTEXT service_id=132 ]
10-31 15:34:21.188  3960  4245 I FontLog : Received query Google Sans:700, URI content://com.google.android.gms.fonts [CONTEXT service_id=132 ]
10-31 15:34:21.188  3960  4245 I FontLog : Query [Google Sans:700] resolved to {Google Sans, wdth 100.0, wght 700, ital 0.0, bestEffort false} [CONTEXT service_id=132 ]
10-31 15:34:21.190  3960  4245 I FontLog : Fetch {Google Sans, wdth 100.0, wght 700, ital 0.0, bestEffort false} end status Status{statusCode=SUCCESS, resolution=null} [CONTEXT service_id=132 ]
10-31 15:34:21.194  3960  3971 I FontLog : Pulling font file for id = 2683, cache size = 6 [CONTEXT service_id=132 ]
10-31 15:34:21.211 19987 20006 I cr_LibraryLoader: Successfully loaded native library
10-31 15:34:21.212 19987 20006 I cr_CachingUmaRecorder: Flushed 19 samples from 19 histograms.
10-31 15:34:21.240   772   781 I zygote64: Background concurrent copying GC freed 155707(8MB) AllocSpace objects, 161(4MB) LOS objects, 42% free, 17MB/29MB, paused 562us total 116.827ms
10-31 15:34:21.278 19987 19987 E ResourceType: Style contains key with bad entry: 0x0101062c
10-31 15:34:21.288 19987 20009 W DynamiteModule: Local module descriptor class for com.google.android.gms.googlecertificates not found.
10-31 15:34:21.297   772  3854 I ActivityManager: START u0 {cmp=com.android.chrome/org.chromium.chrome.browser.firstrun.FirstRunActivity (has extras)} from uid 10060
10-31 15:34:21.313 19987 19987 E ResourceType: Style contains key with bad entry: 0x0101062c
10-31 15:34:21.315 19987 20009 W zygote  : Skipping duplicate class check due to unrecognized classloader
10-31 15:34:21.318 19987 20009 I DynamiteModule: Considering local module com.google.android.gms.googlecertificates:0 and remote module com.google.android.gms.googlecertificates:7
10-31 15:34:21.318 19987 20009 I DynamiteModule: Selected remote version of com.google.android.gms.googlecertificates, version >= 7
10-31 15:34:21.354 19987 20009 W zygote  : Skipping duplicate class check due to unrecognized classloader
10-31 15:34:21.408   772 20193 W AppOps  : Bad call: specified package com.google.android.gms under uid 10060 but it is really 10020
10-31 15:34:21.408   772 20193 W AppOps  : java.lang.RuntimeException: here
10-31 15:34:21.408   772 20193 W AppOps  : 	at com.android.server.AppOpsService.getOpsRawLocked(AppOpsService.java:1319)
10-31 15:34:21.408   772 20193 W AppOps  : 	at com.android.server.AppOpsService.checkPackage(AppOpsService.java:1038)
10-31 15:34:21.408   772 20193 W AppOps  : 	at com.android.internal.app.IAppOpsService$Stub.onTransact(IAppOpsService.java:169)
10-31 15:34:21.408   772 20193 W AppOps  : 	at android.os.Binder.execTransact(Binder.java:674)
10-31 15:34:21.409   772 10893 W AppOps  : Bad call: specified package com.google.android.gms under uid 10060 but it is really 10020
10-31 15:34:21.409   772 10893 W AppOps  : java.lang.RuntimeException: here
10-31 15:34:21.409   772 10893 W AppOps  : 	at com.android.server.AppOpsService.getOpsRawLocked(AppOpsService.java:1319)
10-31 15:34:21.409   772 10893 W AppOps  : 	at com.android.server.AppOpsService.checkPackage(AppOpsService.java:1038)
10-31 15:34:21.409   772 10893 W AppOps  : 	at com.android.internal.app.IAppOpsService$Stub.onTransact(IAppOpsService.java:169)
10-31 15:34:21.409   772 10893 W AppOps  : 	at android.os.Binder.execTransact(Binder.java:674)
10-31 15:34:21.414   772  3854 W AppOps  : Bad call: specified package com.google.android.gms under uid 10060 but it is really 10020
10-31 15:34:21.414   772  3854 W AppOps  : java.lang.RuntimeException: here
10-31 15:34:21.414   772  3854 W AppOps  : 	at com.android.server.AppOpsService.getOpsRawLocked(AppOpsService.java:1319)
10-31 15:34:21.414   772  3854 W AppOps  : 	at com.android.server.AppOpsService.checkPackage(AppOpsService.java:1038)
10-31 15:34:21.414   772  3854 W AppOps  : 	at com.android.internal.app.IAppOpsService$Stub.onTransact(IAppOpsService.java:169)
10-31 15:34:21.414   772  3854 W AppOps  : 	at android.os.Binder.execTransact(Binder.java:674)
10-31 15:34:21.416   772  4540 W AppOps  : Bad call: specified package com.google.android.gms under uid 10060 but it is really 10020
10-31 15:34:21.416   772  4540 W AppOps  : java.lang.RuntimeException: here
10-31 15:34:21.416   772  4540 W AppOps  : 	at com.android.server.AppOpsService.getOpsRawLocked(AppOpsService.java:1319)
10-31 15:34:21.416   772  4540 W AppOps  : 	at com.android.server.AppOpsService.checkPackage(AppOpsService.java:1038)
10-31 15:34:21.416   772  4540 W AppOps  : 	at com.android.internal.app.IAppOpsService$Stub.onTransact(IAppOpsService.java:169)
10-31 15:34:21.416   772  4540 W AppOps  : 	at android.os.Binder.execTransact(Binder.java:674)
10-31 15:34:21.427 19987 19987 W ResourceType: Failure getting entry for 0x7f010055 (t=0 e=85) (error -75)
10-31 15:34:21.448 19987 20017 D OpenGLRenderer: HWUI GL Pipeline
10-31 15:34:21.476 19987 20017 I Adreno  : QUALCOMM build                   : 7142022, Ib5823dd10c
10-31 15:34:21.476 19987 20017 I Adreno  : Build Date                       : 06/23/17
10-31 15:34:21.476 19987 20017 I Adreno  : OpenGL ES Shader Compiler Version: EV031.18.00.00
10-31 15:34:21.476 19987 20017 I Adreno  : Local Branch                     : O11A
10-31 15:34:21.476 19987 20017 I Adreno  : Remote Branch                    : 
10-31 15:34:21.476 19987 20017 I Adreno  : Remote Branch                    : 
10-31 15:34:21.476 19987 20017 I Adreno  : Reconstruct Branch               : 
10-31 15:34:21.477 19987 20017 I vndksupport: sphal namespace is not configured for this process. Loading /vendor/lib/hw/gralloc.msm8992.so from the current namespace instead.
10-31 15:34:21.484 19987 19987 W RecyclerView: No adapter attached; skipping layout
10-31 15:34:21.492  3960  4190 E bfry    : Phenotype API error. Event # ddoj@5979c745, EventCode: 7 [CONTEXT service_id=51 ]
10-31 15:34:21.492  3960  4190 E bfry    : bfra: 29505: No config packages for log source, or config package not registered
10-31 15:34:21.492  3960  4190 E bfry    : 	at bfst.b(:com.google.android.gms@223616019@22.36.16 (040400-476895098):4)
10-31 15:34:21.492  3960  4190 E bfry    : 	at bfsq.g(:com.google.android.gms@223616019@22.36.16 (040400-476895098):0)
10-31 15:34:21.492  3960  4190 E bfry    : 	at bfry.e(:com.google.android.gms@223616019@22.36.16 (040400-476895098):4)
10-31 15:34:21.492  3960  4190 E bfry    : 	at bfry.f(:com.google.android.gms@223616019@22.36.16 (040400-476895098):2)
10-31 15:34:21.492  3960  4190 E bfry    : 	at arjg.ep(:com.google.android.gms@223616019@22.36.16 (040400-476895098):1)
10-31 15:34:21.492  3960  4190 E bfry    : 	at arjm.run(:com.google.android.gms@223616019@22.36.16 (040400-476895098):12)
10-31 15:34:21.492  3960  4190 E bfry    : 	at cjoq.run(:com.google.android.gms@223616019@22.36.16 (040400-476895098):2)
10-31 15:34:21.492  3960  4190 E bfry    : 	at aarl.c(:com.google.android.gms@223616019@22.36.16 (040400-476895098):6)
10-31 15:34:21.492  3960  4190 E bfry    : 	at aarl.run(:com.google.android.gms@223616019@22.36.16 (040400-476895098):7)
10-31 15:34:21.492  3960  4190 E bfry    : 	at java.util.concurrent.ThreadPoolExecutor.runWorker(ThreadPoolExecutor.java:1162)
10-31 15:34:21.492  3960  4190 E bfry    : 	at java.util.concurrent.ThreadPoolExecutor$Worker.run(ThreadPoolExecutor.java:636)
10-31 15:34:21.492  3960  4190 E bfry    : 	at aaws.run(:com.google.android.gms@223616019@22.36.16 (040400-476895098):0)
10-31 15:34:21.492  3960  4190 E bfry    : 	at java.lang.Thread.run(Thread.java:764)
10-31 15:34:21.493  3960  4190 W AsyncOperation: operation=GetExperimentTokensOperationCall, opStatusCode=29505 [CONTEXT service_id=51 ]
10-31 15:34:21.493  3960  4190 W AsyncOperation: OperationException[Status{statusCode=No config packages for log source, or config package not registered, resolution=null}]
10-31 15:34:21.493  3960  4190 W AsyncOperation: 	at bfry.e(:com.google.android.gms@223616019@22.36.16 (040400-476895098):6)
10-31 15:34:21.493  3960  4190 W AsyncOperation: 	at bfry.f(:com.google.android.gms@223616019@22.36.16 (040400-476895098):2)
10-31 15:34:21.493  3960  4190 W AsyncOperation: 	at arjg.ep(:com.google.android.gms@223616019@22.36.16 (040400-476895098):1)
10-31 15:34:21.493  3960  4190 W AsyncOperation: 	at arjm.run(:com.google.android.gms@223616019@22.36.16 (040400-476895098):12)
10-31 15:34:21.493  3960  4190 W AsyncOperation: 	at cjoq.run(:com.google.android.gms@223616019@22.36.16 (040400-476895098):2)
10-31 15:34:21.493  3960  4190 W AsyncOperation: 	at aarl.c(:com.google.android.gms@223616019@22.36.16 (040400-476895098):6)
10-31 15:34:21.493  3960  4190 W AsyncOperation: 	at aarl.run(:com.google.android.gms@223616019@22.36.16 (040400-476895098):7)
10-31 15:34:21.493  3960  4190 W AsyncOperation: 	at java.util.concurrent.ThreadPoolExecutor.runWorker(ThreadPoolExecutor.java:1162)
10-31 15:34:21.493  3960  4190 W AsyncOperation: 	at java.util.concurrent.ThreadPoolExecutor$Worker.run(ThreadPoolExecutor.java:636)
10-31 15:34:21.493  3960  4190 W AsyncOperation: 	at aaws.run(:com.google.android.gms@223616019@22.36.16 (040400-476895098):0)
10-31 15:34:21.493  3960  4190 W AsyncOperation: 	at java.lang.Thread.run(Thread.java:764)
10-31 15:34:21.502 19987 20017 I Adreno  : PFP: 0x00000000, ME: 0x00000000
10-31 15:34:21.502 19987 19987 I cr_StartSurfaceConfig: Recorded Startup.Android.FirstDrawCompletedTime.NoInstant = 133 ms
10-31 15:34:21.511 19987 20002 D NetworkSecurityConfig: Using Network Security Config from resource 0_resource_name_obfuscated debugBuild: false
10-31 15:34:21.514 19987 20017 I OpenGLRenderer: Initialized EGL, version 1.4
10-31 15:34:21.514 19987 20017 D OpenGLRenderer: Swap behavior 2
10-31 15:34:21.703 19987 20002 I cr_VariationsSeedFetch: Fetched first run seed in 195 ms
10-31 15:34:21.807   361   361 W /system/bin/hwservicemanager: getTransportFromManifest: Cannot find entry android.hardware.graphics.mapper@2.0::IMapper in either framework or device manifest, using default transport.
10-31 15:34:21.810 19987 20017 I vndksupport: sphal namespace is not configured for this process. Loading /vendor/lib/hw/gralloc.msm8992.so from the current namespace instead.
10-31 15:34:21.841   772   797 I ActivityManager: Displayed com.android.chrome/org.chromium.chrome.browser.firstrun.FirstRunActivity: +492ms (total +843ms)
10-31 15:34:21.856 20028 20028 E /system/bin/webview_zygote32: failed to make and chown /acct/uid_99618: Permission denied
10-31 15:34:21.856 20028 20028 E Zygote  : createProcessGroup(99618, 0) failed: Permission denied
10-31 15:34:21.860   772 32228 I ActivityManager: Start proc 20028:com.android.chrome:sandboxed_process0/u0i618 for webview_service com.android.chrome/org.chromium.content.app.SandboxedProcessService0
10-31 15:34:21.876 20028 20028 I SamplingProfilerIntegration: Profiling disabled.
10-31 15:34:21.891 20041 20041 E asset   : setgid: Operation not permitted
10-31 15:34:21.920 20028 20028 I cr_SplitCompatApp: Launched version=106.0.5249.79 minSdkVersion=24 isBundle=true processName=com.android.chrome:sandboxed_process0 isIsolated=true
10-31 15:34:21.924 20028 20028 W SystemServiceRegistry: No service published for: uimode
10-31 15:34:21.931 20028 20028 I cr_ChildProcessService: Creating new ChildProcessService pid=20028
10-31 15:34:21.939 20028 20028 E WebViewFactory: can't load with relro file; address space not reserved
10-31 15:34:22.011   772 13071 I ActivityManager: Start proc 20058:com.android.chrome:privileged_process0/u0a60 for service com.android.chrome/org.chromium.content.app.PrivilegedProcessService0
10-31 15:34:22.033 19987 19987 I cr_SmsProviderGms: construction successfull y93@ca8fbe5, v93@d9d296b
10-31 15:34:22.053 13542 13542 D BoundBrokerSvc: onBind: Intent { act=com.google.android.gms.auth.key.retrieval.service.START dat=chimera-action:com.google.android.gms.auth.key.retrieval.service.START cmp=com.google.android.gms/.chimera.GmsApiService }
10-31 15:34:22.053 13542 13542 D BoundBrokerSvc: Loading bound service for intent: Intent { act=com.google.android.gms.auth.key.retrieval.service.START dat=chimera-action:com.google.android.gms.auth.key.retrieval.service.START cmp=com.google.android.gms/.chimera.GmsApiService }
10-31 15:34:22.090 20058 20058 I cr_SplitCompatApp: Launched version=106.0.5249.79 minSdkVersion=24 isBundle=true processName=com.android.chrome:privileged_process0 isIsolated=false
10-31 15:34:22.107 20058 20058 I cr_ChildProcessService: Creating new ChildProcessService pid=20058
10-31 15:34:22.110 19987 19987 W cr_KnoxSettingsProvider: Permission to read device policy denied.
10-31 15:34:22.157 20058 20076 I cr_LibraryLoader: Successfully loaded native library
10-31 15:34:22.158 20058 20076 I cr_CachingUmaRecorder: Flushed 3 samples from 3 histograms.
10-31 15:34:22.177 20058 20076 I Adreno  : QUALCOMM build                   : 7142022, Ib5823dd10c
10-31 15:34:22.177 20058 20076 I Adreno  : Build Date                       : 06/23/17
10-31 15:34:22.177 20058 20076 I Adreno  : OpenGL ES Shader Compiler Version: EV031.18.00.00
10-31 15:34:22.177 20058 20076 I Adreno  : Local Branch                     : O11A
10-31 15:34:22.177 20058 20076 I Adreno  : Remote Branch                    : 
10-31 15:34:22.177 20058 20076 I Adreno  : Remote Branch                    : 
10-31 15:34:22.177 20058 20076 I Adreno  : Reconstruct Branch               : 
10-31 15:34:22.177 20058 20076 I vndksupport: sphal namespace is not configured for this process. Loading /vendor/lib/hw/gralloc.msm8992.so from the current namespace instead.
10-31 15:34:22.182 20058 20076 I Adreno  : PFP: 0x00000000, ME: 0x00000000
10-31 15:34:22.199 13325 13325 I MemoryTrimmer: Trimming objects from memory, since app is in the background.
10-31 15:34:22.202 13325 19802 V rsC++   : RS Message thread exiting.
10-31 15:34:22.221 14438 14438 I PBSessionCacheImpl: Deleted sessionId[7232217325408] from persistence.
10-31 15:34:22.236 14438 14438 I MicroDetector: Keeping mic open: false
10-31 15:34:22.236 14438 14461 I DeviceStateChecker: DeviceStateChecker cancelled
10-31 15:34:22.242 14438 14467 I AudioController: internalShutdown
10-31 15:34:22.242 14438 14467 I MicrophoneInputStream: mic_close com.google.android.apps.gsa.speech.audio.af@efe81ff
10-31 15:34:22.243 14438 14503 I MicroRecognitionRunner: Stopping hotword detection.
10-31 15:34:22.296   556 19805 D audio_hw_primary: disable_audio_route: usecase(9) reset and update mixer path: audio-record
10-31 15:34:22.297   556 19805 D audio_hw_primary: disable_snd_device: snd_device(72: voice-rec-mic)
10-31 15:34:22.300   556 19805 D sound_trigger_platform: platform_stdev_check_and_update_concurrency: concurrency active 0, tx 0, rx 0, concurrency session_allowed 1
10-31 15:34:22.301   556   753 I SoundTriggerHwService::Module: onCallbackEvent no clients
10-31 15:34:22.307 14438 14641 I MicroRecognitionRunner: Detection finished
10-31 15:34:23.178 20085 20085 E /system/bin/webview_zygote32: failed to make and chown /acct/uid_99619: Permission denied
10-31 15:34:23.179 20085 20085 E Zygote  : createProcessGroup(99619, 0) failed: Permission denied
10-31 15:34:23.180   772   785 I ActivityManager: Start proc 20085:com.android.chrome:sandboxed_process1/u0i619 for webview_service com.android.chrome/org.chromium.content.app.SandboxedProcessService1
10-31 15:34:23.198 20085 20085 I SamplingProfilerIntegration: Profiling disabled.
10-31 15:34:23.216 20098 20098 E asset   : setgid: Operation not permitted
10-31 15:34:23.247 20085 20085 I cr_SplitCompatApp: Launched version=106.0.5249.79 minSdkVersion=24 isBundle=true processName=com.android.chrome:sandboxed_process1 isIsolated=true
10-31 15:34:23.255 20085 20085 W SystemServiceRegistry: No service published for: uimode
10-31 15:34:23.265 20085 20085 I cr_ChildProcessService: Creating new ChildProcessService pid=20085
10-31 15:34:23.271 20085 20085 E WebViewFactory: can't load with relro file; address space not reserved
10-31 15:34:23.282 20085 20100 I cr_LibraryLoader: Successfully loaded native library
10-31 15:34:23.283 20085 20100 I cr_CachingUmaRecorder: Flushed 3 samples from 3 histograms.
10-31 15:34:23.314 20085 20100 I chromium: [INFO:child_process_service.cc(69)] ChildProcessService: Exiting child process.
10-31 15:34:23.315   422   422 E lowmemorykiller: Error writing /proc/20085/oom_score_adj; errno=22
10-31 15:34:23.316   772  3037 I ActivityManager: Killing 20085:com.android.chrome:sandboxed_process1/u0a60i619 (adj 0): isolated not needed
10-31 15:34:23.316   772   790 W zygote64: failed to open /acct/uid_99619/pid_20085/cgroup.procs: No such file or directory
10-31 15:34:24.304 19987 19987 E cr_BTSPrefs: No data found for task id: 53
10-31 15:34:24.305 19987 19987 E cr_BkgrdTaskScheduler: Task cannot be canceled because no data was found instorage or data was invalid
10-31 15:34:27.271 14438 14641 I EventLogSendingHelper: Sending log events.
10-31 15:34:27.841 20127 20127 D AndroidRuntime: >>>>>> START com.android.internal.os.RuntimeInit uid 2000 <<<<<<
10-31 15:34:28.000 20127 20127 D AndroidRuntime: Calling main entry com.android.commands.input.Input
10-31 15:34:28.010 20127 20127 I Input   : injectMotionEvent: MotionEvent { action=ACTION_DOWN, actionButton=0, id[0]=0, x[0]=540.0, y[0]=1660.0, toolType[0]=TOOL_TYPE_UNKNOWN, buttonState=0, metaState=0, flags=0x0, edgeFlags=0x0, pointerCount=1, historySize=0, eventTime=545366270, downTime=545366270, deviceId=8, source=0x1002 }
10-31 15:34:28.019 20127 20127 I Input   : injectMotionEvent: MotionEvent { action=ACTION_UP, actionButton=0, id[0]=0, x[0]=540.0, y[0]=1660.0, toolType[0]=TOOL_TYPE_UNKNOWN, buttonState=0, metaState=0, flags=0x0, edgeFlags=0x0, pointerCount=1, historySize=0, eventTime=545366270, downTime=545366270, deviceId=8, source=0x1002 }
10-31 15:34:28.024 20127 20127 D AndroidRuntime: Shutting down VM
10-31 15:34:28.044   556  6498 D audio_hw_primary: enable_snd_device: snd_device(88: vi-feedback)
10-31 15:34:28.044   556  6498 D audio_hw_primary: enable_audio_route: usecase(23) apply and update mixer path: spkr-vi-record
10-31 15:34:28.069   556  6498 D audio_hw_primary: enable_audio_route: usecase(1) apply and update mixer path: low-latency-playback
10-31 15:34:28.599   556   731 D audio_hw_primary: disable_audio_route: usecase(1) reset and update mixer path: low-latency-playback
10-31 15:34:28.614   556   731 D audio_hw_primary: disable_snd_device: snd_device(88: vi-feedback)
10-31 15:34:28.615   556   731 D audio_hw_primary: disable_audio_route: usecase(23) reset and update mixer path: spkr-vi-record
10-31 15:34:29.445 20142 20142 D AndroidRuntime: >>>>>> START com.android.internal.os.RuntimeInit uid 2000 <<<<<<
10-31 15:34:29.575 20142 20142 D AndroidRuntime: Calling main entry com.android.commands.input.Input
10-31 15:34:29.581 20142 20142 I Input   : injectMotionEvent: MotionEvent { action=ACTION_DOWN, actionButton=0, id[0]=0, x[0]=180.0, y[0]=1690.0, toolType[0]=TOOL_TYPE_UNKNOWN, buttonState=0, metaState=0, flags=0x0, edgeFlags=0x0, pointerCount=1, historySize=0, eventTime=545367845, downTime=545367845, deviceId=8, source=0x1002 }
10-31 15:34:29.587 20142 20142 I Input   : injectMotionEvent: MotionEvent { action=ACTION_UP, actionButton=0, id[0]=0, x[0]=180.0, y[0]=1690.0, toolType[0]=TOOL_TYPE_UNKNOWN, buttonState=0, metaState=0, flags=0x0, edgeFlags=0x0, pointerCount=1, historySize=0, eventTime=545367845, downTime=545367845, deviceId=8, source=0x1002 }
10-31 15:34:29.589 20142 20142 D AndroidRuntime: Shutting down VM
10-31 15:34:29.605   556  6498 D audio_hw_primary: enable_snd_device: snd_device(88: vi-feedback)
10-31 15:34:29.605   556  6498 D audio_hw_primary: enable_audio_route: usecase(23) apply and update mixer path: spkr-vi-record
10-31 15:34:29.607   772  3041 I ActivityManager: START u0 {act=android.intent.action.VIEW flg=0x10008000 cmp=com.android.chrome/com.google.android.apps.chrome.Main (has extras)} from uid 10060
10-31 15:34:29.611   772   830 E ResourceType: Style contains key with bad entry: 0x0101062c
10-31 15:34:29.612   772   830 E ResourceType: Style contains key with bad entry: 0x0101062c
10-31 15:34:29.630 19987 19987 E ResourceType: Style contains key with bad entry: 0x0101062c
10-31 15:34:29.630   556  6498 D audio_hw_primary: enable_audio_route: usecase(1) apply and update mixer path: low-latency-playback
10-31 15:34:29.637 19987 19987 E ResourceType: Style contains key with bad entry: 0x0101062c
10-31 15:34:29.664 19987 19987 W ResourceType: Failure getting entry for 0x7f010055 (t=0 e=85) (error -75)
10-31 15:34:29.678 19987 19987 I cr_CompositorSurfaceMgr: Transitioning to surface with format: -1
10-31 15:34:29.683 19987 19987 W ResourceType: Failure getting entry for 0x7f010530 (t=0 e=1328) (error -75)
10-31 15:34:29.720 19987 20047 W cr_tabmodel: Starting to perform legacy migration.
10-31 15:34:29.721 19987 20047 W cr_tabmodel: Finished performing legacy migration.
10-31 15:34:29.721 19987 20047 W cr_tabmodel: Starting to perform multi-instance migration.
10-31 15:34:29.721 19987 20047 W cr_tabmodel: Finished performing multi-instance migration.
10-31 15:34:29.721 19987 20047 I cr_tabmodel: Starting to fetch tab list for tab_state0
10-31 15:34:29.721 19987 20047 I cr_tabmodel: State file does not exist.
10-31 15:34:29.721 19987 20047 I cr_tabmodel: Starting to fetch tab list for tab_state1
10-31 15:34:29.721 19987 20047 I cr_tabmodel: State file does not exist.
10-31 15:34:29.780   772  4539 W ActivityManager: Duplicate finish request for ActivityRecord{f8ba764 u0 com.android.chrome/org.chromium.chrome.browser.firstrun.FirstRunActivity t810 f}
10-31 15:34:29.784 19987 20047 W cr_PartnerCustomize: Partner homepage must be HTTP(S) or NewTabPage. Got invalid URL "org.chromium.url.GURL@0"
10-31 15:34:29.819 19987 19987 I cr_StartSurfaceConfig: Recorded Startup.Android.FirstDrawCompletedTime.NoInstant = 173 ms
10-31 15:34:29.828 19987 20017 D OpenGLRenderer: endAllActiveAnimators on 0xc5fe9f00 (RippleDrawable) with handle 0xca9a8260
10-31 15:34:29.834 19987 19987 I cr_CompositorSurfaceMgr: Transitioning to surface with format: -1
10-31 15:34:29.836 19987 19987 I cr_CompositorSurfaceMgr: surfaceCreated format: 0
10-31 15:34:29.844 19987 19987 I cr_ChromeTabbedActivity: #initializeState
10-31 15:34:29.844 19987 19987 I cr_CipherFactory: #restoreFromBundle, no savedInstanceState.
10-31 15:34:29.844 19987 19987 I cr_tabmodel: #loadState, ignoreIncognitoFiles? true
10-31 15:34:29.851 19987 19987 I cr_tabmodel: Loaded tab lists; counts: 0,0
10-31 15:34:29.852 19987 19987 I cr_ChromeTabbedActivity: #createInitialTab executed.
10-31 15:34:29.871 19987 19987 E ResourceType: Style contains key with bad entry: 0x0101062c
10-31 15:34:29.907 19987 19987 W ResourceType: Failure getting entry for 0x7f010565 (t=0 e=1381) (error -75)
10-31 15:34:29.914 19987 19987 W ResourceType: Failure getting entry for 0x7f010551 (t=0 e=1361) (error -75)
10-31 15:34:29.972 19987 19987 W ResourceType: Failure getting entry for 0x7f01059a (t=0 e=1434) (error -75)
10-31 15:34:29.973   772 13022 E BatteryStatsService: no controller energy info supplied
10-31 15:34:29.973   772 13022 E BatteryStatsService: no controller energy info supplied
10-31 15:34:29.999   772 10894 W AppOps  : Bad call: specified package com.google.android.gms under uid 10060 but it is really 10020
10-31 15:34:29.999   772 10894 W AppOps  : java.lang.RuntimeException: here
10-31 15:34:29.999   772 10894 W AppOps  : 	at com.android.server.AppOpsService.getOpsRawLocked(AppOpsService.java:1319)
10-31 15:34:29.999   772 10894 W AppOps  : 	at com.android.server.AppOpsService.checkPackage(AppOpsService.java:1038)
10-31 15:34:29.999   772 10894 W AppOps  : 	at com.android.internal.app.IAppOpsService$Stub.onTransact(IAppOpsService.java:169)
10-31 15:34:29.999   772 10894 W AppOps  : 	at android.os.Binder.execTransact(Binder.java:674)
10-31 15:34:30.000   772 10860 W AppOps  : Bad call: specified package com.google.android.gms under uid 10060 but it is really 10020
10-31 15:34:30.000   772 10860 W AppOps  : java.lang.RuntimeException: here
10-31 15:34:30.000   772 10860 W AppOps  : 	at com.android.server.AppOpsService.getOpsRawLocked(AppOpsService.java:1319)
10-31 15:34:30.000   772 10860 W AppOps  : 	at com.android.server.AppOpsService.checkPackage(AppOpsService.java:1038)
10-31 15:34:30.000   772 10860 W AppOps  : 	at com.android.internal.app.IAppOpsService$Stub.onTransact(IAppOpsService.java:169)
10-31 15:34:30.000   772 10860 W AppOps  : 	at android.os.Binder.execTransact(Binder.java:674)
10-31 15:34:30.002   772  2970 W AppOps  : Bad call: specified package com.google.android.gms under uid 10060 but it is really 10020
10-31 15:34:30.002   772  2970 W AppOps  : java.lang.RuntimeException: here
10-31 15:34:30.002   772  2970 W AppOps  : 	at com.android.server.AppOpsService.getOpsRawLocked(AppOpsService.java:1319)
10-31 15:34:30.002   772  2970 W AppOps  : 	at com.android.server.AppOpsService.checkPackage(AppOpsService.java:1038)
10-31 15:34:30.002   772  2970 W AppOps  : 	at com.android.internal.app.IAppOpsService$Stub.onTransact(IAppOpsService.java:169)
10-31 15:34:30.002   772  2970 W AppOps  : 	at android.os.Binder.execTransact(Binder.java:674)
10-31 15:34:30.002   772  3854 W AppOps  : Bad call: specified package com.google.android.gms under uid 10060 but it is really 10020
10-31 15:34:30.002   772  3854 W AppOps  : java.lang.RuntimeException: here
10-31 15:34:30.002   772  3854 W AppOps  : 	at com.android.server.AppOpsService.getOpsRawLocked(AppOpsService.java:1319)
10-31 15:34:30.002   772  3854 W AppOps  : 	at com.android.server.AppOpsService.checkPackage(AppOpsService.java:1038)
10-31 15:34:30.002   772  3854 W AppOps  : 	at com.android.internal.app.IAppOpsService$Stub.onTransact(IAppOpsService.java:169)
10-31 15:34:30.002   772  3854 W AppOps  : 	at android.os.Binder.execTransact(Binder.java:674)
10-31 15:34:30.023 20028 20043 I cr_LibraryLoader: Successfully loaded native library
10-31 15:34:30.024 20028 20043 I cr_CachingUmaRecorder: Flushed 3 samples from 3 histograms.
10-31 15:34:30.027 19987 19987 E cr_IntentUtils: getBooleanExtra failed on intent null
10-31 15:34:30.027 19987 19987 E cr_IntentUtils: getBooleanExtra failed on intent null
10-31 15:34:30.063 19987 19987 W ResourceType: Failure getting entry for 0x7f010888 (t=0 e=2184) (error -75)
10-31 15:34:30.078 19987 19987 I chatty  : uid=10060(u0_a60) identical 5 lines
10-31 15:34:30.080 19987 19987 W ResourceType: Failure getting entry for 0x7f010888 (t=0 e=2184) (error -75)
10-31 15:34:30.080  3960  3971 I FontLog : Received query name=Google Sans&weight=700&besteffort=false, URI content://com.google.android.gms.fonts [CONTEXT service_id=132 ]
10-31 15:34:30.081  3960  3971 I FontLog : Query [name=Google Sans&weight=700&besteffort=false] resolved to {Google Sans, wdth 100.0, wght 700, ital 0.0, bestEffort false} [CONTEXT service_id=132 ]
10-31 15:34:30.081 19987 19987 W ResourceType: Failure getting entry for 0x7f010888 (t=0 e=2184) (error -75)
10-31 15:34:30.083 19987 19987 I cr_TopSites: Start a new task.
10-31 15:34:30.083  3960  3971 I FontLog : Fetch {Google Sans, wdth 100.0, wght 700, ital 0.0, bestEffort false} end status Status{statusCode=SUCCESS, resolution=null} [CONTEXT service_id=132 ]
10-31 15:34:30.084 19987 20047 I cr_TopSites: Serializing top sites lists finished; count: 8
10-31 15:34:30.094 19987 20047 I cr_TopSites: Finished saving top sites list to file:/data/user/0/com.android.chrome/app_top_sites/top_sites
10-31 15:34:30.115 20199 20199 E /system/bin/webview_zygote32: failed to make and chown /acct/uid_99620: Permission denied
10-31 15:34:30.115 20199 20199 E Zygote  : createProcessGroup(99620, 0) failed: Permission denied
10-31 15:34:30.119   361   361 W /system/bin/hwservicemanager: getTransportFromManifest: Cannot find entry android.hardware.graphics.mapper@2.0::IMapper in either framework or device manifest, using default transport.
10-31 15:34:30.120   772 10894 I ActivityManager: Start proc 20199:com.android.chrome:sandboxed_process2/u0i620 for webview_service com.android.chrome/org.chromium.content.app.SandboxedProcessService2
10-31 15:34:30.121  3960  3972 I FontLog : Pulling font file for id = 2684, cache size = 7 [CONTEXT service_id=132 ]
10-31 15:34:30.122 20058 20076 I vndksupport: sphal namespace is not configured for this process. Loading /vendor/lib/hw/gralloc.msm8992.so from the current namespace instead.
10-31 15:34:30.136   772 32228 I ActivityManager: Start proc 20208:com.android.chrome:sandboxed_process3/u0i621 for webview_service com.android.chrome/org.chromium.content.app.SandboxedProcessService3
10-31 15:34:30.139  3960  4244 I FontLog : Received query name=Noto Color Emoji Compat&weight=400&besteffort=false, URI content://com.google.android.gms.fonts [CONTEXT service_id=132 ]
10-31 15:34:30.142 20208 20208 E /system/bin/webview_zygote32: failed to make and chown /acct/uid_99621: Permission denied
10-31 15:34:30.142 20208 20208 E Zygote  : createProcessGroup(99621, 0) failed: Permission denied
10-31 15:34:30.148   556   731 D audio_hw_primary: disable_audio_route: usecase(1) reset and update mixer path: low-latency-playback
10-31 15:34:30.149  3960  4244 I FontLog : Query [name=Noto Color Emoji Compat&weight=400&besteffort=false] resolved to {Noto Color Emoji Compat, wdth 100.0, wght 400, ital 0.0, bestEffort false} [CONTEXT service_id=132 ]
10-31 15:34:30.152  3960  4244 I FontLog : Fetch {Noto Color Emoji Compat, wdth 100.0, wght 400, ital 0.0, bestEffort false} end status Status{statusCode=SUCCESS, resolution=null} [CONTEXT service_id=132 ]
10-31 15:34:30.162   556   731 D audio_hw_primary: disable_snd_device: snd_device(88: vi-feedback)
10-31 15:34:30.162   556   731 D audio_hw_primary: disable_audio_route: usecase(23) reset and update mixer path: spkr-vi-record
10-31 15:34:30.165 20199 20199 I SamplingProfilerIntegration: Profiling disabled.
10-31 15:34:30.170   772 10860 I ActivityManager: Start proc 20227:com.android.chrome:sandboxed_process4/u0i622 for webview_service com.android.chrome/org.chromium.content.app.SandboxedProcessService4
10-31 15:34:30.173 20227 20227 E /system/bin/webview_zygote32: failed to make and chown /acct/uid_99622: Permission denied
10-31 15:34:30.173 20227 20227 E Zygote  : createProcessGroup(99622, 0) failed: Permission denied
10-31 15:34:30.175 20208 20208 I SamplingProfilerIntegration: Profiling disabled.
10-31 15:34:30.183  3960  6244 I FontLog : Pulling font file for id = 2685, cache size = 8 [CONTEXT service_id=132 ]
10-31 15:34:30.183 19987 19987 W ResourceType: Failure getting entry for 0x7f010216 (t=0 e=534) (error -75)
10-31 15:34:30.190 19987 19987 W ResourceType: Failure getting entry for 0x7f0107c9 (t=0 e=1993) (error -75)
10-31 15:34:30.196 20241 20241 E asset   : setgid: Operation not permitted
10-31 15:34:30.200   772   784 I ActivityManager: Start proc 20242:com.android.chrome:sandboxed_process5/u0i623 for webview_service com.android.chrome/org.chromium.content.app.SandboxedProcessService5
10-31 15:34:30.201 20242 20242 E /system/bin/webview_zygote32: failed to make and chown /acct/uid_99623: Permission denied
10-31 15:34:30.201 20242 20242 E Zygote  : createProcessGroup(99623, 0) failed: Permission denied
10-31 15:34:30.204 20247 20247 E asset   : setgid: Operation not permitted
10-31 15:34:30.207 19987 19987 W ResourceType: Failure getting entry for 0x7f010827 (t=0 e=2087) (error -75)
10-31 15:34:30.209 20227 20227 I SamplingProfilerIntegration: Profiling disabled.
10-31 15:34:30.214 20255 20255 E /system/bin/webview_zygote32: failed to make and chown /acct/uid_99624: Permission denied
10-31 15:34:30.214 20255 20255 E Zygote  : createProcessGroup(99624, 0) failed: Permission denied
10-31 15:34:30.215   772  3041 I ActivityManager: Start proc 20255:com.android.chrome:sandboxed_process6/u0i624 for webview_service com.android.chrome/org.chromium.content.app.SandboxedProcessService6
10-31 15:34:30.218 19987 19987 I cr_OfflineIndicator: onConnectionTypeChanged 2
10-31 15:34:30.218  3960  3972 I FontLog : Received query name=Google Sans&weight=400&besteffort=false, URI content://com.google.android.gms.fonts [CONTEXT service_id=132 ]
10-31 15:34:30.218 19987 19987 I cr_OfflineIndicator: Reported by system: [ Transports: WIFI Capabilities: NOT_METERED&INTERNET&NOT_RESTRICTED&TRUSTED&NOT_VPN&VALIDATED&FOREGROUND LinkUpBandwidth>=1048576Kbps LinkDnBandwidth>=1048576Kbps SignalStrength: -66]
10-31 15:34:30.218 19987 19987 I cr_OfflineIndicator: setConnectionState connectionState=4
10-31 15:34:30.218  3960  3972 I FontLog : Query [name=Google Sans&weight=400&besteffort=false] resolved to {Google Sans, wdth 100.0, wght 400, ital 0.0, bestEffort false} [CONTEXT service_id=132 ]
10-31 15:34:30.218 19987 19987 I cr_OfflineDetector: Running updateState mConnectivityDetectorInitialized: true, mTimeWhenLastForegrounded: 1102924384, getElapsedTime: 1102924385, mTimeWhenLastOfflineNotificationReceived: 0, mTimeWhenLastOnline: 1102924385, mApplicationState: 1, mIsOfflineLastReportedByConnectivityDetector: false, mIsEffectivelyOffline: false
10-31 15:34:30.218 19987 19987 I cr_OfflineDetector: updateState(): timeSinceLastForeground: 1, timeSinceOfflineNotificationReceived: 1102924385, timeSinceLastOnline: 0, timeNeededForForeground: 1999, timeNeededForOffline: -1102922385
10-31 15:34:30.218 19987 19987 I cr_OfflineIndicator: processConnectivityCheckResult mConnectionState=4 mConnectivityCheckingStage=1
10-31 15:34:30.221  3960  3972 I FontLog : Font PFD returned from cache for {Google Sans, wdth 100.0, wght 400, ital 0.0, bestEffort false} [CONTEXT service_id=132 ]
10-31 15:34:30.221  3960  3972 I FontLog : Fetch {Google Sans, wdth 100.0, wght 400, ital 0.0, bestEffort false} end status Status{statusCode=SUCCESS, resolution=null} [CONTEXT service_id=132 ]
10-31 15:34:30.222 20242 20242 I SamplingProfilerIntegration: Profiling disabled.
10-31 15:34:30.226 20255 20255 I SamplingProfilerIntegration: Profiling disabled.
10-31 15:34:30.236 20270 20270 E /system/bin/webview_zygote32: failed to make and chown /acct/uid_99625: Permission denied
10-31 15:34:30.236 20270 20270 E Zygote  : createProcessGroup(99625, 0) failed: Permission denied
10-31 15:34:30.238   772   785 I ActivityManager: Start proc 20270:com.android.chrome:sandboxed_process7/u0i625 for webview_service com.android.chrome/org.chromium.content.app.SandboxedProcessService7
10-31 15:34:30.241 20275 20275 E asset   : setgid: Operation not permitted
10-31 15:34:30.247  3960  4151 I FontLog : Pulling font file for id = 2686, cache size = 9 [CONTEXT service_id=132 ]
10-31 15:34:30.259 20199 20199 I cr_SplitCompatApp: Launched version=106.0.5249.79 minSdkVersion=24 isBundle=true processName=com.android.chrome:sandboxed_process2 isIsolated=true
10-31 15:34:30.259 19987 19987 W ResourceType: Failure getting entry for 0x7f010415 (t=0 e=1045) (error -75)
10-31 15:34:30.260 20208 20208 I cr_SplitCompatApp: Launched version=106.0.5249.79 minSdkVersion=24 isBundle=true processName=com.android.chrome:sandboxed_process3 isIsolated=true
10-31 15:34:30.262 20283 20283 E asset   : setgid: Operation not permitted
10-31 15:34:30.264 20284 20284 E asset   : setgid: Operation not permitted
10-31 15:34:30.267 20199 20199 W SystemServiceRegistry: No service published for: uimode
10-31 15:34:30.271   772  3037 I ActivityManager: Start proc 20285:com.android.chrome:sandboxed_process8/u0i626 for webview_service com.android.chrome/org.chromium.content.app.SandboxedProcessService8
10-31 15:34:30.271 20285 20285 E /system/bin/webview_zygote32: failed to make and chown /acct/uid_99626: Permission denied
10-31 15:34:30.271 20285 20285 E Zygote  : createProcessGroup(99626, 0) failed: Permission denied
10-31 15:34:30.273 20208 20208 W SystemServiceRegistry: No service published for: uimode
10-31 15:34:30.274  3960  4217 I FontLog : Received query name=Google Sans&weight=500&besteffort=false, URI content://com.google.android.gms.fonts [CONTEXT service_id=132 ]
10-31 15:34:30.274  3960  4217 I FontLog : Query [name=Google Sans&weight=500&besteffort=false] resolved to {Google Sans, wdth 100.0, wght 500, ital 0.0, bestEffort false} [CONTEXT service_id=132 ]
10-31 15:34:30.276  3960  4217 I FontLog : Font PFD returned from cache for {Google Sans, wdth 100.0, wght 500, ital 0.0, bestEffort false} [CONTEXT service_id=132 ]
10-31 15:34:30.276  3960  4217 I FontLog : Fetch {Google Sans, wdth 100.0, wght 500, ital 0.0, bestEffort false} end status Status{statusCode=SUCCESS, resolution=null} [CONTEXT service_id=132 ]
10-31 15:34:30.283 20270 20270 I SamplingProfilerIntegration: Profiling disabled.
10-31 15:34:30.284 20199 20199 I cr_ChildProcessService: Creating new ChildProcessService pid=20199
10-31 15:34:30.286 20227 20227 I cr_SplitCompatApp: Launched version=106.0.5249.79 minSdkVersion=24 isBundle=true processName=com.android.chrome:sandboxed_process4 isIsolated=true
10-31 15:34:30.289 20208 20208 I cr_ChildProcessService: Creating new ChildProcessService pid=20208
10-31 15:34:30.291 20227 20227 W SystemServiceRegistry: No service published for: uimode
10-31 15:34:30.293   772 13021 I ActivityManager: Start proc 20293:com.android.chrome:sandboxed_process9/u0i627 for webview_service com.android.chrome/org.chromium.content.app.SandboxedProcessService9
10-31 15:34:30.297 20255 20255 I cr_SplitCompatApp: Launched version=106.0.5249.79 minSdkVersion=24 isBundle=true processName=com.android.chrome:sandboxed_process6 isIsolated=true
10-31 15:34:30.299 20293 20293 E /system/bin/webview_zygote32: failed to make and chown /acct/uid_99627: Permission denied
10-31 15:34:30.299 20293 20293 E Zygote  : createProcessGroup(99627, 0) failed: Permission denied
10-31 15:34:30.300  3960  3971 I FontLog : Pulling font file for id = 2687, cache size = 10 [CONTEXT service_id=132 ]
10-31 15:34:30.310 20199 20199 E WebViewFactory: can't load with relro file; address space not reserved
10-31 15:34:30.320 20255 20255 W SystemServiceRegistry: No service published for: uimode
10-31 15:34:30.323 20293 20293 I SamplingProfilerIntegration: Profiling disabled.
10-31 15:34:30.329 20285 20285 I SamplingProfilerIntegration: Profiling disabled.
10-31 15:34:30.335 20314 20314 E asset   : setgid: Operation not permitted
10-31 15:34:30.338 20208 20208 E WebViewFactory: can't load with relro file; address space not reserved
10-31 15:34:30.341 20242 20242 I cr_SplitCompatApp: Launched version=106.0.5249.79 minSdkVersion=24 isBundle=true processName=com.android.chrome:sandboxed_process5 isIsolated=true
10-31 15:34:30.348 20227 20227 I cr_ChildProcessService: Creating new ChildProcessService pid=20227
10-31 15:34:30.352 20199 20291 I cr_LibraryLoader: Successfully loaded native library
10-31 15:34:30.354 20199 20291 I cr_CachingUmaRecorder: Flushed 3 samples from 3 histograms.
10-31 15:34:30.355 20255 20255 I cr_ChildProcessService: Creating new ChildProcessService pid=20255
10-31 15:34:30.364 20255 20255 E WebViewFactory: can't load with relro file; address space not reserved
10-31 15:34:30.365 20318 20318 E asset   : setgid: Operation not permitted
10-31 15:34:30.365 19987 19997 I zygote  : Background concurrent copying GC freed 13183(1239KB) AllocSpace objects, 2(40KB) LOS objects, 49% free, 4MB/8MB, paused 700us total 120.353ms
10-31 15:34:30.366 20242 20242 W SystemServiceRegistry: No service published for: uimode
10-31 15:34:30.368 20208 20292 I cr_LibraryLoader: Successfully loaded native library
10-31 15:34:30.369 20208 20292 I cr_CachingUmaRecorder: Flushed 3 samples from 3 histograms.
10-31 15:34:30.374 20227 20227 E WebViewFactory: can't load with relro file; address space not reserved
10-31 15:34:30.377 20321 20321 E asset   : setgid: Operation not permitted
10-31 15:34:30.379 20227 20316 I cr_LibraryLoader: Successfully loaded native library
10-31 15:34:30.381 19987 19987 I cr_tabmodel: Appending tabs being restored to metadata lists, 0, startingNormalCount: 1, startingIncognitoCount: 0
10-31 15:34:30.381 19987 19987 I cr_tabmodel: Serializing tab lists; counts: 1, 0
10-31 15:34:30.382 20255 20317 I cr_LibraryLoader: Successfully loaded native library
10-31 15:34:30.382 20255 20317 I cr_CachingUmaRecorder: Flushed 3 samples from 3 histograms.
10-31 15:34:30.384 20227 20316 I cr_CachingUmaRecorder: Flushed 3 samples from 3 histograms.
10-31 15:34:30.386 20270 20270 I cr_SplitCompatApp: Launched version=106.0.5249.79 minSdkVersion=24 isBundle=true processName=com.android.chrome:sandboxed_process7 isIsolated=true
10-31 15:34:30.389 20242 20242 I cr_ChildProcessService: Creating new ChildProcessService pid=20242
10-31 15:34:30.393 20270 20270 W SystemServiceRegistry: No service published for: uimode
10-31 15:34:30.405 20270 20270 I cr_ChildProcessService: Creating new ChildProcessService pid=20270
10-31 15:34:30.412 20242 20242 E WebViewFactory: can't load with relro file; address space not reserved
10-31 15:34:30.419 20285 20285 I cr_SplitCompatApp: Launched version=106.0.5249.79 minSdkVersion=24 isBundle=true processName=com.android.chrome:sandboxed_process8 isIsolated=true
10-31 15:34:30.421 20270 20270 E WebViewFactory: can't load with relro file; address space not reserved
10-31 15:34:30.433 20285 20285 W SystemServiceRegistry: No service published for: uimode
10-31 15:34:30.437 20242 20333 I cr_LibraryLoader: Successfully loaded native library
10-31 15:34:30.438 20242 20333 I cr_CachingUmaRecorder: Flushed 3 samples from 3 histograms.
10-31 15:34:30.441 20270 20337 I cr_LibraryLoader: Successfully loaded native library
10-31 15:34:30.443 20270 20337 I cr_CachingUmaRecorder: Flushed 3 samples from 3 histograms.
10-31 15:34:30.446 20293 20293 I cr_SplitCompatApp: Launched version=106.0.5249.79 minSdkVersion=24 isBundle=true processName=com.android.chrome:sandboxed_process9 isIsolated=true
10-31 15:34:30.448 20285 20285 I cr_ChildProcessService: Creating new ChildProcessService pid=20285
10-31 15:34:30.451 20208 20292 I chromium: [INFO:child_process_service.cc(69)] ChildProcessService: Exiting child process.
10-31 15:34:30.453   422   422 E lowmemorykiller: Error writing /proc/20208/oom_score_adj; errno=22
10-31 15:34:30.453   772  1324 I ActivityManager: Killing 20208:com.android.chrome:sandboxed_process3/u0a60i621 (adj 0): isolated not needed
10-31 15:34:30.456 20199 20291 I chromium: [INFO:child_process_service.cc(69)] ChildProcessService: Exiting child process.
10-31 15:34:30.457   772   790 W zygote64: failed to open /acct/uid_99621/pid_20208/cgroup.procs: No such file or directory
10-31 15:34:30.461 20285 20285 E WebViewFactory: can't load with relro file; address space not reserved
10-31 15:34:30.462   422   422 E lowmemorykiller: Error writing /proc/20199/oom_score_adj; errno=22
10-31 15:34:30.462   772 13021 I ActivityManager: Killing 20199:com.android.chrome:sandboxed_process2/u0a60i620 (adj 0): isolated not needed
10-31 15:34:30.463   772   790 W zygote64: failed to open /acct/uid_99620/pid_20199/cgroup.procs: No such file or directory
10-31 15:34:30.465 20293 20293 W SystemServiceRegistry: No service published for: uimode
10-31 15:34:30.474 20293 20293 I cr_ChildProcessService: Creating new ChildProcessService pid=20293
10-31 15:34:30.479 20255 20317 I chromium: [INFO:child_process_service.cc(69)] ChildProcessService: Exiting child process.
10-31 15:34:30.480 20285 20350 I cr_LibraryLoader: Successfully loaded native library
10-31 15:34:30.481 20285 20350 I cr_CachingUmaRecorder: Flushed 3 samples from 3 histograms.
10-31 15:34:30.483   422   422 E lowmemorykiller: Error writing /proc/20255/oom_score_adj; errno=22
10-31 15:34:30.489 19987 19987 W chromium: [WARNING:compositor_view.cc(342)] Child process died (type=6) pid=20199)
10-31 15:34:30.493 20227 20316 I chromium: [INFO:child_process_service.cc(69)] ChildProcessService: Exiting child process.
10-31 15:34:30.498   772  3854 E JavaBinder: !!! FAILED BINDER TRANSACTION !!!  (parcel size = 752)
10-31 15:34:30.499   772  3854 W ActivityManager: Exception when unbinding service com.android.chrome/org.chromium.content.app.SandboxedProcessService6
10-31 15:34:30.499   772  3854 W ActivityManager: android.os.DeadObjectException: Transaction failed on small parcel; remote process probably died
10-31 15:34:30.499   772  3854 W ActivityManager: 	at android.os.BinderProxy.transactNative(Native Method)
10-31 15:34:30.499   772  3854 W ActivityManager: 	at android.os.BinderProxy.transact(Binder.java:748)
10-31 15:34:30.499   772  3854 W ActivityManager: 	at android.app.IApplicationThread$Stub$Proxy.scheduleUnbindService(IApplicationThread.java:1522)
10-31 15:34:30.499   772  3854 W ActivityManager: 	at com.android.server.am.ActiveServices.removeConnectionLocked(ActiveServices.java:2640)
10-31 15:34:30.499   772  3854 W ActivityManager: 	at com.android.server.am.ActiveServices.unbindServiceLocked(ActiveServices.java:1551)
10-31 15:34:30.499   772  3854 W ActivityManager: 	at com.android.server.am.ActivityManagerService.unbindService(ActivityManagerService.java:18297)
10-31 15:34:30.499   772  3854 W ActivityManager: 	at android.app.IActivityManager$Stub.onTransact(IActivityManager.java:594)
10-31 15:34:30.499   772  3854 W ActivityManager: 	at com.android.server.am.ActivityManagerService.onTransact(ActivityManagerService.java:2935)
10-31 15:34:30.499   772  3854 W ActivityManager: 	at android.os.Binder.execTransact(Binder.java:674)
10-31 15:34:30.500   772  3854 E JavaBinder: !!! FAILED BINDER TRANSACTION !!!  (parcel size = 76)
10-31 15:34:30.501   422   422 E lowmemorykiller: Error writing /proc/20255/oom_score_adj; errno=22
10-31 15:34:30.501   772  3854 E JavaBinder: !!! FAILED BINDER TRANSACTION !!!  (parcel size = 76)
10-31 15:34:30.502   772  3854 I ActivityManager: Killing 20255:com.android.chrome:sandboxed_process6/u0a60i624 (adj 900): isolated not needed
10-31 15:34:30.503   772   790 W zygote64: failed to open /acct/uid_99624/pid_20255/cgroup.procs: No such file or directory
10-31 15:34:30.506   422   422 E lowmemorykiller: Error writing /proc/20227/oom_score_adj; errno=22
10-31 15:34:30.507   772  4540 I ActivityManager: Killing 20227:com.android.chrome:sandboxed_process4/u0a60i622 (adj 0): isolated not needed
10-31 15:34:30.508   772   790 W zygote64: failed to open /acct/uid_99622/pid_20227/cgroup.procs: No such file or directory
10-31 15:34:30.512 20293 20293 E WebViewFactory: can't load with relro file; address space not reserved
10-31 15:34:30.528 20293 20352 I cr_LibraryLoader: Successfully loaded native library
10-31 15:34:30.529 20293 20352 I cr_CachingUmaRecorder: Flushed 3 samples from 3 histograms.
10-31 15:34:30.579 19987 20053 I cr_VrCoreVersionChecker: Unable to find VrCore.
10-31 15:34:30.583 19987 19987 W ResourceType: Failure getting entry for 0x7f0100f9 (t=0 e=249) (error -75)
10-31 15:34:30.586 19987 19987 W ResourceType: Failure getting entry for 0x7f010828 (t=0 e=2088) (error -75)
10-31 15:34:30.595   772   781 I zygote64: Background concurrent copying GC freed 31454(2MB) AllocSpace objects, 19(412KB) LOS objects, 42% free, 17MB/30MB, paused 219us total 246.447ms
10-31 15:34:30.606 19987 19987 W ResourceType: Failure getting entry for 0x7f010827 (t=0 e=2087) (error -75)
