--------- beginning of system
10-31 11:33:52.423   772   785 I ActivityManager: Force stopping com.android.chrome appid=10060 user=0: from pid 26041
10-31 11:33:52.423   772   785 I ActivityManager: Killing 25032:com.android.chrome/u0a60 (adj 902): stop com.android.chrome
--------- beginning of main
10-31 11:33:52.442  1311  1311 D CarrierSvcBindHelper: No carrier app for: 0
10-31 11:33:52.457  2964  2964 D RegisteredNfcFServicesCache: Service unchanged, not updating
10-31 11:33:52.688   772   785 I ActivityManager: START u0 {act=android.intent.action.VIEW flg=0x10008000 cmp=com.android.chrome/com.google.android.apps.chrome.Main} from uid 2000
10-31 11:33:52.700   772   830 E ResourceType: Style contains key with bad entry: 0x0101062c
10-31 11:33:52.710   772   830 E ResourceType: Style contains key with bad entry: 0x0101062c
10-31 11:33:52.739   772  2970 I ActivityManager: Start proc 26043:com.android.chrome/u0a60 for activity com.android.chrome/com.google.android.apps.chrome.Main
10-31 11:33:52.826 26043 26043 I cr_SplitCompatApp: Launched version=106.0.5249.79 minSdkVersion=24 isBundle=true processName=com.android.chrome isIsolated=false
10-31 11:33:52.884  3960  4217 I FontLog : Received query Google Sans, URI content://com.google.android.gms.fonts [CONTEXT service_id=132 ]
10-31 11:33:52.885  3960  4217 I FontLog : Query [Google Sans] resolved to {Google Sans, wdth 100.0, wght 400, ital 0.0, bestEffort false} [CONTEXT service_id=132 ]
10-31 11:33:52.886  3960  4217 I FontLog : Font PFD returned from cache for {Google Sans, wdth 100.0, wght 400, ital 0.0, bestEffort false} [CONTEXT service_id=132 ]
10-31 11:33:52.887  3960  4217 I FontLog : Fetch {Google Sans, wdth 100.0, wght 400, ital 0.0, bestEffort false} end status Status{statusCode=SUCCESS, resolution=null} [CONTEXT service_id=132 ]
10-31 11:33:52.897  3960  4151 I FontLog : Pulling font file for id = 1882, cache size = 6 [CONTEXT service_id=132 ]
10-31 11:33:52.909  3960  4244 I FontLog : Received query Google Sans:500, URI content://com.google.android.gms.fonts [CONTEXT service_id=132 ]
10-31 11:33:52.909  3960  4244 I FontLog : Query [Google Sans:500] resolved to {Google Sans, wdth 100.0, wght 500, ital 0.0, bestEffort false} [CONTEXT service_id=132 ]
10-31 11:33:52.912  3960  4244 I FontLog : Font PFD returned from cache for {Google Sans, wdth 100.0, wght 500, ital 0.0, bestEffort false} [CONTEXT service_id=132 ]
10-31 11:33:52.912  3960  4244 I FontLog : Fetch {Google Sans, wdth 100.0, wght 500, ital 0.0, bestEffort false} end status Status{statusCode=SUCCESS, resolution=null} [CONTEXT service_id=132 ]
10-31 11:33:52.917  3960  3972 I FontLog : Pulling font file for id = 1883, cache size = 7 [CONTEXT service_id=132 ]
10-31 11:33:52.925  3960  6244 I FontLog : Received query Google Sans:700, URI content://com.google.android.gms.fonts [CONTEXT service_id=132 ]
10-31 11:33:52.925  3960  6244 I FontLog : Query [Google Sans:700] resolved to {Google Sans, wdth 100.0, wght 700, ital 0.0, bestEffort false} [CONTEXT service_id=132 ]
10-31 11:33:52.927  3960  6244 I FontLog : Fetch {Google Sans, wdth 100.0, wght 700, ital 0.0, bestEffort false} end status Status{statusCode=SUCCESS, resolution=null} [CONTEXT service_id=132 ]
10-31 11:33:52.958 26043 26063 I cr_LibraryLoader: Successfully loaded native library
10-31 11:33:52.959 26043 26063 I cr_CachingUmaRecorder: Flushed 19 samples from 19 histograms.
10-31 11:33:52.997  3960  3971 I FontLog : Pulling font file for id = 1884, cache size = 7 [CONTEXT service_id=132 ]
10-31 11:33:53.037 26043 26043 E ResourceType: Style contains key with bad entry: 0x0101062c
10-31 11:33:53.049 26043 26067 W DynamiteModule: Local module descriptor class for com.google.android.gms.googlecertificates not found.
10-31 11:33:53.064 26043 26067 W zygote  : Skipping duplicate class check due to unrecognized classloader
10-31 11:33:53.067 26043 26067 I DynamiteModule: Considering local module com.google.android.gms.googlecertificates:0 and remote module com.google.android.gms.googlecertificates:7
10-31 11:33:53.068 26043 26067 I DynamiteModule: Selected remote version of com.google.android.gms.googlecertificates, version >= 7
10-31 11:33:53.072   772  3854 I ActivityManager: START u0 {cmp=com.android.chrome/org.chromium.chrome.browser.firstrun.FirstRunActivity (has extras)} from uid 10060
10-31 11:33:53.084 26043 26043 E ResourceType: Style contains key with bad entry: 0x0101062c
10-31 11:33:53.113 26043 26067 W zygote  : Skipping duplicate class check due to unrecognized classloader
10-31 11:33:53.143   772 20193 W AppOps  : Bad call: specified package com.google.android.gms under uid 10060 but it is really 10020
10-31 11:33:53.143   772 20193 W AppOps  : java.lang.RuntimeException: here
10-31 11:33:53.143   772 20193 W AppOps  : 	at com.android.server.AppOpsService.getOpsRawLocked(AppOpsService.java:1319)
10-31 11:33:53.143   772 20193 W AppOps  : 	at com.android.server.AppOpsService.checkPackage(AppOpsService.java:1038)
10-31 11:33:53.143   772 20193 W AppOps  : 	at com.android.internal.app.IAppOpsService$Stub.onTransact(IAppOpsService.java:169)
10-31 11:33:53.143   772 20193 W AppOps  : 	at android.os.Binder.execTransact(Binder.java:674)
10-31 11:33:53.144   772   785 W AppOps  : Bad call: specified package com.google.android.gms under uid 10060 but it is really 10020
10-31 11:33:53.144   772   785 W AppOps  : java.lang.RuntimeException: here
10-31 11:33:53.144   772   785 W AppOps  : 	at com.android.server.AppOpsService.getOpsRawLocked(AppOpsService.java:1319)
10-31 11:33:53.144   772   785 W AppOps  : 	at com.android.server.AppOpsService.checkPackage(AppOpsService.java:1038)
10-31 11:33:53.144   772   785 W AppOps  : 	at com.android.internal.app.IAppOpsService$Stub.onTransact(IAppOpsService.java:169)
10-31 11:33:53.144   772   785 W AppOps  : 	at android.os.Binder.execTransact(Binder.java:674)
10-31 11:33:53.150   772 32228 W AppOps  : Bad call: specified package com.google.android.gms under uid 10060 but it is really 10020
10-31 11:33:53.150   772 32228 W AppOps  : java.lang.RuntimeException: here
10-31 11:33:53.150   772 32228 W AppOps  : 	at com.android.server.AppOpsService.getOpsRawLocked(AppOpsService.java:1319)
10-31 11:33:53.150   772 32228 W AppOps  : 	at com.android.server.AppOpsService.checkPackage(AppOpsService.java:1038)
10-31 11:33:53.150   772 32228 W AppOps  : 	at com.android.internal.app.IAppOpsService$Stub.onTransact(IAppOpsService.java:169)
10-31 11:33:53.150   772 32228 W AppOps  : 	at android.os.Binder.execTransact(Binder.java:674)
10-31 11:33:53.152   772  4539 W AppOps  : Bad call: specified package com.google.android.gms under uid 10060 but it is really 10020
10-31 11:33:53.152   772  4539 W AppOps  : java.lang.RuntimeException: here
10-31 11:33:53.152   772  4539 W AppOps  : 	at com.android.server.AppOpsService.getOpsRawLocked(AppOpsService.java:1319)
10-31 11:33:53.152   772  4539 W AppOps  : 	at com.android.server.AppOpsService.checkPackage(AppOpsService.java:1038)
10-31 11:33:53.152   772  4539 W AppOps  : 	at com.android.internal.app.IAppOpsService$Stub.onTransact(IAppOpsService.java:169)
10-31 11:33:53.152   772  4539 W AppOps  : 	at android.os.Binder.execTransact(Binder.java:674)
10-31 11:33:53.225 26043 26043 W ResourceType: Failure getting entry for 0x7f010055 (t=0 e=85) (error -75)
10-31 11:33:53.254 26043 26079 D OpenGLRenderer: HWUI GL Pipeline
10-31 11:33:53.280 26043 26079 I Adreno  : QUALCOMM build                   : 7142022, Ib5823dd10c
10-31 11:33:53.280 26043 26079 I Adreno  : Build Date                       : 06/23/17
10-31 11:33:53.280 26043 26079 I Adreno  : OpenGL ES Shader Compiler Version: EV031.18.00.00
10-31 11:33:53.280 26043 26079 I Adreno  : Local Branch                     : O11A
10-31 11:33:53.280 26043 26079 I Adreno  : Remote Branch                    : 
10-31 11:33:53.280 26043 26079 I Adreno  : Remote Branch                    : 
10-31 11:33:53.280 26043 26079 I Adreno  : Reconstruct Branch               : 
10-31 11:33:53.280 26043 26079 I vndksupport: sphal namespace is not configured for this process. Loading /vendor/lib/hw/gralloc.msm8992.so from the current namespace instead.
10-31 11:33:53.292 26043 26043 W RecyclerView: No adapter attached; skipping layout
10-31 11:33:53.295 26043 26079 I Adreno  : PFP: 0x00000000, ME: 0x00000000
10-31 11:33:53.300 26043 26079 I OpenGLRenderer: Initialized EGL, version 1.4
10-31 11:33:53.300 26043 26079 D OpenGLRenderer: Swap behavior 2
10-31 11:33:53.303 26043 26043 I cr_StartSurfaceConfig: Recorded Startup.Android.FirstDrawCompletedTime.NoInstant = 124 ms
10-31 11:33:53.323 26043 26069 D NetworkSecurityConfig: Using Network Security Config from resource 0_resource_name_obfuscated debugBuild: false
10-31 11:33:53.385  3960  4190 E bfry    : Phenotype API error. Event # ddoj@5aba359f, EventCode: 7 [CONTEXT service_id=51 ]
10-31 11:33:53.385  3960  4190 E bfry    : bfra: 29505: No config packages for log source, or config package not registered
10-31 11:33:53.385  3960  4190 E bfry    : 	at bfst.b(:com.google.android.gms@223616019@22.36.16 (040400-476895098):4)
10-31 11:33:53.385  3960  4190 E bfry    : 	at bfsq.g(:com.google.android.gms@223616019@22.36.16 (040400-476895098):0)
10-31 11:33:53.385  3960  4190 E bfry    : 	at bfry.e(:com.google.android.gms@223616019@22.36.16 (040400-476895098):4)
10-31 11:33:53.385  3960  4190 E bfry    : 	at bfry.f(:com.google.android.gms@223616019@22.36.16 (040400-476895098):2)
10-31 11:33:53.385  3960  4190 E bfry    : 	at arjg.ep(:com.google.android.gms@223616019@22.36.16 (040400-476895098):1)
10-31 11:33:53.385  3960  4190 E bfry    : 	at arjm.run(:com.google.android.gms@223616019@22.36.16 (040400-476895098):12)
10-31 11:33:53.385  3960  4190 E bfry    : 	at cjoq.run(:com.google.android.gms@223616019@22.36.16 (040400-476895098):2)
10-31 11:33:53.385  3960  4190 E bfry    : 	at aarl.c(:com.google.android.gms@223616019@22.36.16 (040400-476895098):6)
10-31 11:33:53.385  3960  4190 E bfry    : 	at aarl.run(:com.google.android.gms@223616019@22.36.16 (040400-476895098):7)
10-31 11:33:53.385  3960  4190 E bfry    : 	at java.util.concurrent.ThreadPoolExecutor.runWorker(ThreadPoolExecutor.java:1162)
10-31 11:33:53.385  3960  4190 E bfry    : 	at java.util.concurrent.ThreadPoolExecutor$Worker.run(ThreadPoolExecutor.java:636)
10-31 11:33:53.385  3960  4190 E bfry    : 	at aaws.run(:com.google.android.gms@223616019@22.36.16 (040400-476895098):0)
10-31 11:33:53.385  3960  4190 E bfry    : 	at java.lang.Thread.run(Thread.java:764)
10-31 11:33:53.455  3960  4190 W AsyncOperation: operation=GetExperimentTokensOperationCall, opStatusCode=29505 [CONTEXT service_id=51 ]
10-31 11:33:53.455  3960  4190 W AsyncOperation: OperationException[Status{statusCode=No config packages for log source, or config package not registered, resolution=null}]
10-31 11:33:53.455  3960  4190 W AsyncOperation: 	at bfry.e(:com.google.android.gms@223616019@22.36.16 (040400-476895098):6)
10-31 11:33:53.455  3960  4190 W AsyncOperation: 	at bfry.f(:com.google.android.gms@223616019@22.36.16 (040400-476895098):2)
10-31 11:33:53.455  3960  4190 W AsyncOperation: 	at arjg.ep(:com.google.android.gms@223616019@22.36.16 (040400-476895098):1)
10-31 11:33:53.455  3960  4190 W AsyncOperation: 	at arjm.run(:com.google.android.gms@223616019@22.36.16 (040400-476895098):12)
10-31 11:33:53.455  3960  4190 W AsyncOperation: 	at cjoq.run(:com.google.android.gms@223616019@22.36.16 (040400-476895098):2)
10-31 11:33:53.455  3960  4190 W AsyncOperation: 	at aarl.c(:com.google.android.gms@223616019@22.36.16 (040400-476895098):6)
10-31 11:33:53.455  3960  4190 W AsyncOperation: 	at aarl.run(:com.google.android.gms@223616019@22.36.16 (040400-476895098):7)
10-31 11:33:53.455  3960  4190 W AsyncOperation: 	at java.util.concurrent.ThreadPoolExecutor.runWorker(ThreadPoolExecutor.java:1162)
10-31 11:33:53.455  3960  4190 W AsyncOperation: 	at java.util.concurrent.ThreadPoolExecutor$Worker.run(ThreadPoolExecutor.java:636)
10-31 11:33:53.455  3960  4190 W AsyncOperation: 	at aaws.run(:com.google.android.gms@223616019@22.36.16 (040400-476895098):0)
10-31 11:33:53.455  3960  4190 W AsyncOperation: 	at java.lang.Thread.run(Thread.java:764)
10-31 11:33:53.494  3960  3970 I zygote64: Background concurrent copying GC freed 87144(4MB) AllocSpace objects, 0(0B) LOS objects, 50% free, 10MB/20MB, paused 33.326ms total 150.381ms
10-31 11:33:53.603 26043 26069 I cr_VariationsSeedFetch: Fetched first run seed in 292 ms
10-31 11:33:53.696   361   361 W /system/bin/hwservicemanager: getTransportFromManifest: Cannot find entry android.hardware.graphics.mapper@2.0::IMapper in either framework or device manifest, using default transport.
10-31 11:33:53.699 26043 26079 I vndksupport: sphal namespace is not configured for this process. Loading /vendor/lib/hw/gralloc.msm8992.so from the current namespace instead.
10-31 11:33:53.739   772   797 I ActivityManager: Displayed com.android.chrome/org.chromium.chrome.browser.firstrun.FirstRunActivity: +599ms (total +1s22ms)
10-31 11:33:53.748 26087 26087 E /system/bin/webview_zygote32: failed to make and chown /acct/uid_99207: Permission denied
10-31 11:33:53.748 26087 26087 E Zygote  : createProcessGroup(99207, 0) failed: Permission denied
10-31 11:33:53.751   772   996 I ActivityManager: Start proc 26087:com.android.chrome:sandboxed_process0/u0i207 for webview_service com.android.chrome/org.chromium.content.app.SandboxedProcessService0
10-31 11:33:53.770 26087 26087 I SamplingProfilerIntegration: Profiling disabled.
10-31 11:33:53.787 26100 26100 E asset   : setgid: Operation not permitted
10-31 11:33:53.819 26087 26087 I cr_SplitCompatApp: Launched version=106.0.5249.79 minSdkVersion=24 isBundle=true processName=com.android.chrome:sandboxed_process0 isIsolated=true
10-31 11:33:53.823 26087 26087 W SystemServiceRegistry: No service published for: uimode
10-31 11:33:53.829 26087 26087 I cr_ChildProcessService: Creating new ChildProcessService pid=26087
10-31 11:33:53.837 26087 26087 E WebViewFactory: can't load with relro file; address space not reserved
10-31 11:33:53.902   772   996 I ActivityManager: Start proc 26117:com.android.chrome:privileged_process0/u0a60 for service com.android.chrome/org.chromium.content.app.PrivilegedProcessService0
10-31 11:33:53.948 26043 26043 I cr_SmsProviderGms: construction successfull y93@1155d62, v93@bd057b0
10-31 11:33:53.954 13542 13542 D BoundBrokerSvc: onBind: Intent { act=com.google.android.gms.auth.key.retrieval.service.START dat=chimera-action:com.google.android.gms.auth.key.retrieval.service.START cmp=com.google.android.gms/.chimera.GmsApiService }
10-31 11:33:53.954 13542 13542 D BoundBrokerSvc: Loading bound service for intent: Intent { act=com.google.android.gms.auth.key.retrieval.service.START dat=chimera-action:com.google.android.gms.auth.key.retrieval.service.START cmp=com.google.android.gms/.chimera.GmsApiService }
10-31 11:33:53.959 26117 26117 I cr_SplitCompatApp: Launched version=106.0.5249.79 minSdkVersion=24 isBundle=true processName=com.android.chrome:privileged_process0 isIsolated=false
10-31 11:33:53.972 26117 26117 I cr_ChildProcessService: Creating new ChildProcessService pid=26117
10-31 11:33:54.024 26117 26134 I cr_LibraryLoader: Successfully loaded native library
10-31 11:33:54.025 26117 26134 I cr_CachingUmaRecorder: Flushed 3 samples from 3 histograms.
10-31 11:33:54.030 26043 26043 W cr_KnoxSettingsProvider: Permission to read device policy denied.
10-31 11:33:54.050 26117 26134 I Adreno  : QUALCOMM build                   : 7142022, Ib5823dd10c
10-31 11:33:54.050 26117 26134 I Adreno  : Build Date                       : 06/23/17
10-31 11:33:54.050 26117 26134 I Adreno  : OpenGL ES Shader Compiler Version: EV031.18.00.00
10-31 11:33:54.050 26117 26134 I Adreno  : Local Branch                     : O11A
10-31 11:33:54.050 26117 26134 I Adreno  : Remote Branch                    : 
10-31 11:33:54.050 26117 26134 I Adreno  : Remote Branch                    : 
10-31 11:33:54.050 26117 26134 I Adreno  : Reconstruct Branch               : 
10-31 11:33:54.051 26117 26134 I vndksupport: sphal namespace is not configured for this process. Loading /vendor/lib/hw/gralloc.msm8992.so from the current namespace instead.
10-31 11:33:54.059 26117 26134 I Adreno  : PFP: 0x00000000, ME: 0x00000000
10-31 11:33:54.130 13325 13325 I MemoryTrimmer: Trimming objects from memory, since app is in the background.
10-31 11:33:54.134 13325 25825 V rsC++   : RS Message thread exiting.
10-31 11:33:54.150 16024 16024 I PBSessionCacheImpl: Deleted sessionId[6545022414135] from persistence.
10-31 11:33:54.160 16024 16024 I MicroDetector: Keeping mic open: false
10-31 11:33:54.160 16024 21609 I DeviceStateChecker: DeviceStateChecker cancelled
10-31 11:33:54.165 16024 21113 I AudioController: internalShutdown
10-31 11:33:54.166 16024 21113 I MicrophoneInputStream: mic_close com.google.android.apps.gsa.speech.audio.af@c15a52d
10-31 11:33:54.167 16024 17047 I MicroRecognitionRunner: Stopping hotword detection.
10-31 11:33:54.225   556 25828 D audio_hw_primary: disable_audio_route: usecase(9) reset and update mixer path: audio-record
10-31 11:33:54.226   556 25828 D audio_hw_primary: disable_snd_device: snd_device(72: voice-rec-mic)
10-31 11:33:54.229   556 25828 D sound_trigger_platform: platform_stdev_check_and_update_concurrency: concurrency active 0, tx 0, rx 0, concurrency session_allowed 1
10-31 11:33:54.231   556   753 I SoundTriggerHwService::Module: onCallbackEvent no clients
10-31 11:33:54.233 16024 16054 I MicroRecognitionRunner: Detection finished
10-31 11:33:54.727 26146 26146 E /system/bin/webview_zygote32: failed to make and chown /acct/uid_99208: Permission denied
10-31 11:33:54.727 26146 26146 E Zygote  : createProcessGroup(99208, 0) failed: Permission denied
10-31 11:33:54.730   772  1324 I ActivityManager: Start proc 26146:com.android.chrome:sandboxed_process1/u0i208 for webview_service com.android.chrome/org.chromium.content.app.SandboxedProcessService1
10-31 11:33:54.751 26146 26146 I SamplingProfilerIntegration: Profiling disabled.
10-31 11:33:54.772 26159 26159 E asset   : setgid: Operation not permitted
10-31 11:33:54.812 26146 26146 I cr_SplitCompatApp: Launched version=106.0.5249.79 minSdkVersion=24 isBundle=true processName=com.android.chrome:sandboxed_process1 isIsolated=true
10-31 11:33:54.819 26146 26146 W SystemServiceRegistry: No service published for: uimode
10-31 11:33:54.830 26146 26146 I cr_ChildProcessService: Creating new ChildProcessService pid=26146
10-31 11:33:54.837 26146 26146 E WebViewFactory: can't load with relro file; address space not reserved
10-31 11:33:54.849 26146 26161 I cr_LibraryLoader: Successfully loaded native library
10-31 11:33:54.850 26146 26161 I cr_CachingUmaRecorder: Flushed 3 samples from 3 histograms.
10-31 11:33:54.882 26146 26161 I chromium: [INFO:child_process_service.cc(69)] ChildProcessService: Exiting child process.
10-31 11:33:54.884   422   422 E lowmemorykiller: Error writing /proc/26146/oom_score_adj; errno=22
10-31 11:33:54.885   772  1324 I ActivityManager: Killing 26146:com.android.chrome:sandboxed_process1/u0a60i208 (adj 0): isolated not needed
10-31 11:33:54.886   772   790 W zygote64: failed to open /acct/uid_99208/pid_26146/cgroup.procs: No such file or directory
10-31 11:33:56.242 26043 26043 E cr_BTSPrefs: No data found for task id: 53
10-31 11:33:56.243 26043 26043 E cr_BkgrdTaskScheduler: Task cannot be canceled because no data was found instorage or data was invalid
10-31 11:33:59.198 16024 21609 I EventLogSendingHelper: Sending log events.
10-31 11:33:59.563 26187 26187 D AndroidRuntime: >>>>>> START com.android.internal.os.RuntimeInit uid 2000 <<<<<<
10-31 11:33:59.712 26187 26187 D AndroidRuntime: Calling main entry com.android.commands.input.Input
10-31 11:33:59.723 26187 26187 I Input   : injectMotionEvent: MotionEvent { action=ACTION_DOWN, actionButton=0, id[0]=0, x[0]=540.0, y[0]=1660.0, toolType[0]=TOOL_TYPE_UNKNOWN, buttonState=0, metaState=0, flags=0x0, edgeFlags=0x0, pointerCount=1, historySize=0, eventTime=530937982, downTime=530937982, deviceId=8, source=0x1002 }
10-31 11:33:59.729 26187 26187 I Input   : injectMotionEvent: MotionEvent { action=ACTION_UP, actionButton=0, id[0]=0, x[0]=540.0, y[0]=1660.0, toolType[0]=TOOL_TYPE_UNKNOWN, buttonState=0, metaState=0, flags=0x0, edgeFlags=0x0, pointerCount=1, historySize=0, eventTime=530937982, downTime=530937982, deviceId=8, source=0x1002 }
10-31 11:33:59.732 26187 26187 D AndroidRuntime: Shutting down VM
10-31 11:33:59.762   556  6498 D audio_hw_primary: enable_snd_device: snd_device(88: vi-feedback)
10-31 11:33:59.762   556  6498 D audio_hw_primary: enable_audio_route: usecase(23) apply and update mixer path: spkr-vi-record
10-31 11:33:59.787   556  6498 D audio_hw_primary: enable_audio_route: usecase(1) apply and update mixer path: low-latency-playback
10-31 11:34:00.314   556   731 D audio_hw_primary: disable_audio_route: usecase(1) reset and update mixer path: low-latency-playback
10-31 11:34:00.329   556   731 D audio_hw_primary: disable_snd_device: snd_device(88: vi-feedback)
10-31 11:34:00.329   556   731 D audio_hw_primary: disable_audio_route: usecase(23) reset and update mixer path: spkr-vi-record
10-31 11:34:01.149 26202 26202 D AndroidRuntime: >>>>>> START com.android.internal.os.RuntimeInit uid 2000 <<<<<<
10-31 11:34:01.277 26202 26202 D AndroidRuntime: Calling main entry com.android.commands.input.Input
10-31 11:34:01.285 26202 26202 I Input   : injectMotionEvent: MotionEvent { action=ACTION_DOWN, actionButton=0, id[0]=0, x[0]=180.0, y[0]=1690.0, toolType[0]=TOOL_TYPE_UNKNOWN, buttonState=0, metaState=0, flags=0x0, edgeFlags=0x0, pointerCount=1, historySize=0, eventTime=530939547, downTime=530939547, deviceId=8, source=0x1002 }
10-31 11:34:01.290 26202 26202 I Input   : injectMotionEvent: MotionEvent { action=ACTION_UP, actionButton=0, id[0]=0, x[0]=180.0, y[0]=1690.0, toolType[0]=TOOL_TYPE_UNKNOWN, buttonState=0, metaState=0, flags=0x0, edgeFlags=0x0, pointerCount=1, historySize=0, eventTime=530939547, downTime=530939547, deviceId=8, source=0x1002 }
10-31 11:34:01.292 26202 26202 D AndroidRuntime: Shutting down VM
10-31 11:34:01.313   556  6498 D audio_hw_primary: enable_snd_device: snd_device(88: vi-feedback)
10-31 11:34:01.313   772 13071 I ActivityManager: START u0 {act=android.intent.action.VIEW flg=0x10008000 cmp=com.android.chrome/com.google.android.apps.chrome.Main (has extras)} from uid 10060
10-31 11:34:01.313   556  6498 D audio_hw_primary: enable_audio_route: usecase(23) apply and update mixer path: spkr-vi-record
10-31 11:34:01.318   772   830 E ResourceType: Style contains key with bad entry: 0x0101062c
10-31 11:34:01.321   772   830 E ResourceType: Style contains key with bad entry: 0x0101062c
10-31 11:34:01.336 26043 26043 E ResourceType: Style contains key with bad entry: 0x0101062c
10-31 11:34:01.339   556  6498 D audio_hw_primary: enable_audio_route: usecase(1) apply and update mixer path: low-latency-playback
10-31 11:34:01.340 26043 26043 E ResourceType: Style contains key with bad entry: 0x0101062c
10-31 11:34:01.375 26043 26043 W ResourceType: Failure getting entry for 0x7f010055 (t=0 e=85) (error -75)
10-31 11:34:01.383 26043 26043 I cr_CompositorSurfaceMgr: Transitioning to surface with format: -1
10-31 11:34:01.390 26043 26043 W ResourceType: Failure getting entry for 0x7f010530 (t=0 e=1328) (error -75)
10-31 11:34:01.463 26043 26106 W cr_tabmodel: Starting to perform legacy migration.
10-31 11:34:01.464 26043 26106 W cr_tabmodel: Finished performing legacy migration.
10-31 11:34:01.464 26043 26106 W cr_tabmodel: Starting to perform multi-instance migration.
10-31 11:34:01.465 26043 26106 W cr_tabmodel: Finished performing multi-instance migration.
10-31 11:34:01.465 26043 26106 I cr_tabmodel: Starting to fetch tab list for tab_state0
10-31 11:34:01.465 26043 26106 I cr_tabmodel: State file does not exist.
10-31 11:34:01.465 26043 26106 I cr_tabmodel: Starting to fetch tab list for tab_state1
10-31 11:34:01.465 26043 26106 I cr_tabmodel: State file does not exist.
10-31 11:34:01.533   772  1324 W ActivityManager: Duplicate finish request for ActivityRecord{43be448 u0 com.android.chrome/org.chromium.chrome.browser.firstrun.FirstRunActivity t719 f}
10-31 11:34:01.536 26043 26106 W cr_PartnerCustomize: Partner homepage must be HTTP(S) or NewTabPage. Got invalid URL "org.chromium.url.GURL@0"
10-31 11:34:01.581 26043 26043 I cr_StartSurfaceConfig: Recorded Startup.Android.FirstDrawCompletedTime.NoInstant = 225 ms
10-31 11:34:01.587 26043 26079 D OpenGLRenderer: endAllActiveAnimators on 0xc6070d00 (RippleDrawable) with handle 0xcadaf670
10-31 11:34:01.594 26043 26043 I cr_CompositorSurfaceMgr: Transitioning to surface with format: -1
10-31 11:34:01.598 26043 26043 I cr_CompositorSurfaceMgr: surfaceCreated format: 0
10-31 11:34:01.612 26043 26043 I cr_ChromeTabbedActivity: #initializeState
10-31 11:34:01.613 26043 26043 I cr_CipherFactory: #restoreFromBundle, no savedInstanceState.
10-31 11:34:01.613 26043 26043 I cr_tabmodel: #loadState, ignoreIncognitoFiles? true
10-31 11:34:01.631 26043 26043 I cr_tabmodel: Loaded tab lists; counts: 0,0
10-31 11:34:01.631 26043 26043 I cr_ChromeTabbedActivity: #createInitialTab executed.
10-31 11:34:01.652   772 10894 E BatteryStatsService: no controller energy info supplied
10-31 11:34:01.652   772 10894 E BatteryStatsService: no controller energy info supplied
10-31 11:34:01.658 26043 26043 E ResourceType: Style contains key with bad entry: 0x0101062c
10-31 11:34:01.671   772   788 W ProcessCpuTracker: Skipping unknown process pid 26237
10-31 11:34:01.723 26043 26043 W ResourceType: Failure getting entry for 0x7f010565 (t=0 e=1381) (error -75)
10-31 11:34:01.736 26043 26043 W ResourceType: Failure getting entry for 0x7f010551 (t=0 e=1361) (error -75)
10-31 11:34:01.867   556   731 D audio_hw_primary: disable_audio_route: usecase(1) reset and update mixer path: low-latency-playback
10-31 11:34:01.867 26043 26043 W ResourceType: Failure getting entry for 0x7f01059a (t=0 e=1434) (error -75)
10-31 11:34:01.881   556   731 D audio_hw_primary: disable_snd_device: snd_device(88: vi-feedback)
10-31 11:34:01.881   556   731 D audio_hw_primary: disable_audio_route: usecase(23) reset and update mixer path: spkr-vi-record
10-31 11:34:01.891   772  3037 W AppOps  : Bad call: specified package com.google.android.gms under uid 10060 but it is really 10020
10-31 11:34:01.891   772  3037 W AppOps  : java.lang.RuntimeException: here
10-31 11:34:01.891   772  3037 W AppOps  : 	at com.android.server.AppOpsService.getOpsRawLocked(AppOpsService.java:1319)
10-31 11:34:01.891   772  3037 W AppOps  : 	at com.android.server.AppOpsService.checkPackage(AppOpsService.java:1038)
10-31 11:34:01.891   772  3037 W AppOps  : 	at com.android.internal.app.IAppOpsService$Stub.onTransact(IAppOpsService.java:169)
10-31 11:34:01.891   772  3037 W AppOps  : 	at android.os.Binder.execTransact(Binder.java:674)
10-31 11:34:01.891   772 10893 W AppOps  : Bad call: specified package com.google.android.gms under uid 10060 but it is really 10020
10-31 11:34:01.891   772 10893 W AppOps  : java.lang.RuntimeException: here
10-31 11:34:01.891   772 10893 W AppOps  : 	at com.android.server.AppOpsService.getOpsRawLocked(AppOpsService.java:1319)
10-31 11:34:01.891   772 10893 W AppOps  : 	at com.android.server.AppOpsService.checkPackage(AppOpsService.java:1038)
10-31 11:34:01.891   772 10893 W AppOps  : 	at com.android.internal.app.IAppOpsService$Stub.onTransact(IAppOpsService.java:169)
10-31 11:34:01.891   772 10893 W AppOps  : 	at android.os.Binder.execTransact(Binder.java:674)
10-31 11:34:01.893   772  2970 W AppOps  : Bad call: specified package com.google.android.gms under uid 10060 but it is really 10020
10-31 11:34:01.893   772  2970 W AppOps  : java.lang.RuntimeException: here
10-31 11:34:01.893   772  2970 W AppOps  : 	at com.android.server.AppOpsService.getOpsRawLocked(AppOpsService.java:1319)
10-31 11:34:01.893   772  2970 W AppOps  : 	at com.android.server.AppOpsService.checkPackage(AppOpsService.java:1038)
10-31 11:34:01.893   772  2970 W AppOps  : 	at com.android.internal.app.IAppOpsService$Stub.onTransact(IAppOpsService.java:169)
10-31 11:34:01.893   772  2970 W AppOps  : 	at android.os.Binder.execTransact(Binder.java:674)
10-31 11:34:01.895   772 10895 W AppOps  : Bad call: specified package com.google.android.gms under uid 10060 but it is really 10020
10-31 11:34:01.895   772 10895 W AppOps  : java.lang.RuntimeException: here
10-31 11:34:01.895   772 10895 W AppOps  : 	at com.android.server.AppOpsService.getOpsRawLocked(AppOpsService.java:1319)
10-31 11:34:01.895   772 10895 W AppOps  : 	at com.android.server.AppOpsService.checkPackage(AppOpsService.java:1038)
10-31 11:34:01.895   772 10895 W AppOps  : 	at com.android.internal.app.IAppOpsService$Stub.onTransact(IAppOpsService.java:169)
10-31 11:34:01.895   772 10895 W AppOps  : 	at android.os.Binder.execTransact(Binder.java:674)
10-31 11:34:01.922 26087 26102 I cr_LibraryLoader: Successfully loaded native library
10-31 11:34:01.923 26087 26102 I cr_CachingUmaRecorder: Flushed 3 samples from 3 histograms.
10-31 11:34:01.925 26043 26043 E cr_IntentUtils: getBooleanExtra failed on intent null
10-31 11:34:01.926 26043 26043 E cr_IntentUtils: getBooleanExtra failed on intent null
10-31 11:34:01.959 26043 26043 W ResourceType: Failure getting entry for 0x7f010888 (t=0 e=2184) (error -75)
10-31 11:34:01.960  3960  4151 I FontLog : Received query name=Google Sans&weight=700&besteffort=false, URI content://com.google.android.gms.fonts [CONTEXT service_id=132 ]
10-31 11:34:01.960  3960  4151 I FontLog : Query [name=Google Sans&weight=700&besteffort=false] resolved to {Google Sans, wdth 100.0, wght 700, ital 0.0, bestEffort false} [CONTEXT service_id=132 ]
10-31 11:34:01.963  3960  4151 I FontLog : Fetch {Google Sans, wdth 100.0, wght 700, ital 0.0, bestEffort false} end status Status{statusCode=SUCCESS, resolution=null} [CONTEXT service_id=132 ]
10-31 11:34:01.967 26043 26043 W ResourceType: Failure getting entry for 0x7f010888 (t=0 e=2184) (error -75)
10-31 11:34:01.968  3960  3972 I FontLog : Pulling font file for id = 1885, cache size = 8 [CONTEXT service_id=132 ]
10-31 11:34:01.969 26043 26043 W ResourceType: Failure getting entry for 0x7f010888 (t=0 e=2184) (error -75)
10-31 11:34:01.972 26043 26043 I chatty  : uid=10060(u0_a60) identical 2 lines
10-31 11:34:01.973 26043 26043 W ResourceType: Failure getting entry for 0x7f010888 (t=0 e=2184) (error -75)
10-31 11:34:01.974  3960  4217 I FontLog : Received query name=Noto Color Emoji Compat&weight=400&besteffort=false, URI content://com.google.android.gms.fonts [CONTEXT service_id=132 ]
10-31 11:34:01.974 26043 26043 W ResourceType: Failure getting entry for 0x7f010888 (t=0 e=2184) (error -75)
10-31 11:34:01.975  3960  4217 I FontLog : Query [name=Noto Color Emoji Compat&weight=400&besteffort=false] resolved to {Noto Color Emoji Compat, wdth 100.0, wght 400, ital 0.0, bestEffort false} [CONTEXT service_id=132 ]
10-31 11:34:01.976 26043 26043 W ResourceType: Failure getting entry for 0x7f010888 (t=0 e=2184) (error -75)
10-31 11:34:01.977 26043 26043 I cr_TopSites: Start a new task.
10-31 11:34:01.977  3960  4217 I FontLog : Fetch {Noto Color Emoji Compat, wdth 100.0, wght 400, ital 0.0, bestEffort false} end status Status{statusCode=SUCCESS, resolution=null} [CONTEXT service_id=132 ]
10-31 11:34:01.978 26043 26106 I cr_TopSites: Serializing top sites lists finished; count: 8
10-31 11:34:01.986  3960  4151 I FontLog : Pulling font file for id = 1886, cache size = 7 [CONTEXT service_id=132 ]
10-31 11:34:01.987 26043 26106 I cr_TopSites: Finished saving top sites list to file:/data/user/0/com.android.chrome/app_top_sites/top_sites
10-31 11:34:01.989  3960  6244 I FontLog : Received query name=Google Sans&weight=400&besteffort=false, URI content://com.google.android.gms.fonts [CONTEXT service_id=132 ]
10-31 11:34:01.989  3960  6244 I FontLog : Query [name=Google Sans&weight=400&besteffort=false] resolved to {Google Sans, wdth 100.0, wght 400, ital 0.0, bestEffort false} [CONTEXT service_id=132 ]
10-31 11:34:01.990  3960  6244 I FontLog : Font PFD returned from cache for {Google Sans, wdth 100.0, wght 400, ital 0.0, bestEffort false} [CONTEXT service_id=132 ]
10-31 11:34:01.990  3960  6244 I FontLog : Fetch {Google Sans, wdth 100.0, wght 400, ital 0.0, bestEffort false} end status Status{statusCode=SUCCESS, resolution=null} [CONTEXT service_id=132 ]
10-31 11:34:02.005 26259 26259 E /system/bin/webview_zygote32: failed to make and chown /acct/uid_99209: Permission denied
10-31 11:34:02.005 26259 26259 E Zygote  : createProcessGroup(99209, 0) failed: Permission denied
10-31 11:34:02.006   361   361 W /system/bin/hwservicemanager: getTransportFromManifest: Cannot find entry android.hardware.graphics.mapper@2.0::IMapper in either framework or device manifest, using default transport.
10-31 11:34:02.006   772  3041 I ActivityManager: Start proc 26259:com.android.chrome:sandboxed_process2/u0i209 for webview_service com.android.chrome/org.chromium.content.app.SandboxedProcessService2
10-31 11:34:02.009 26117 26134 I vndksupport: sphal namespace is not configured for this process. Loading /vendor/lib/hw/gralloc.msm8992.so from the current namespace instead.
10-31 11:34:02.025 26271 26271 E /system/bin/webview_zygote32: failed to make and chown /acct/uid_99210: Permission denied
10-31 11:34:02.025 26271 26271 E Zygote  : createProcessGroup(99210, 0) failed: Permission denied
10-31 11:34:02.030   772 20193 I ActivityManager: Start proc 26271:com.android.chrome:sandboxed_process3/u0i210 for webview_service com.android.chrome/org.chromium.content.app.SandboxedProcessService3
10-31 11:34:02.031  3960  4217 I FontLog : Pulling font file for id = 1887, cache size = 8 [CONTEXT service_id=132 ]
10-31 11:34:02.033 26259 26259 I SamplingProfilerIntegration: Profiling disabled.
10-31 11:34:02.045 26271 26271 I SamplingProfilerIntegration: Profiling disabled.
10-31 11:34:02.054 26288 26288 E /system/bin/webview_zygote32: failed to make and chown /acct/uid_99211: Permission denied
10-31 11:34:02.054 26288 26288 E Zygote  : createProcessGroup(99211, 0) failed: Permission denied
10-31 11:34:02.056   772  3037 I ActivityManager: Start proc 26288:com.android.chrome:sandboxed_process4/u0i211 for webview_service com.android.chrome/org.chromium.content.app.SandboxedProcessService4
10-31 11:34:02.060  3960  4245 I FontLog : Received query name=Google Sans&weight=500&besteffort=false, URI content://com.google.android.gms.fonts [CONTEXT service_id=132 ]
10-31 11:34:02.060  3960  4245 I FontLog : Query [name=Google Sans&weight=500&besteffort=false] resolved to {Google Sans, wdth 100.0, wght 500, ital 0.0, bestEffort false} [CONTEXT service_id=132 ]
10-31 11:34:02.062  3960  4245 I FontLog : Font PFD returned from cache for {Google Sans, wdth 100.0, wght 500, ital 0.0, bestEffort false} [CONTEXT service_id=132 ]
10-31 11:34:02.063  3960  4245 I FontLog : Fetch {Google Sans, wdth 100.0, wght 500, ital 0.0, bestEffort false} end status Status{statusCode=SUCCESS, resolution=null} [CONTEXT service_id=132 ]
10-31 11:34:02.074 26043 26043 W ResourceType: Failure getting entry for 0x7f010216 (t=0 e=534) (error -75)
10-31 11:34:02.074 26299 26299 E asset   : setgid: Operation not permitted
10-31 11:34:02.077 26043 26043 W ResourceType: Failure getting entry for 0x7f0107c9 (t=0 e=1993) (error -75)
10-31 11:34:02.081 26302 26302 E asset   : setgid: Operation not permitted
10-31 11:34:02.082   772 10893 I ActivityManager: Start proc 26301:com.android.chrome:sandboxed_process5/u0i212 for webview_service com.android.chrome/org.chromium.content.app.SandboxedProcessService5
10-31 11:34:02.083  3960  4244 I FontLog : Pulling font file for id = 1888, cache size = 7 [CONTEXT service_id=132 ]
10-31 11:34:02.083 26288 26288 I SamplingProfilerIntegration: Profiling disabled.
10-31 11:34:02.088 26301 26301 E /system/bin/webview_zygote32: failed to make and chown /acct/uid_99212: Permission denied
10-31 11:34:02.089 26301 26301 E Zygote  : createProcessGroup(99212, 0) failed: Permission denied
10-31 11:34:02.096 26043 26043 W ResourceType: Failure getting entry for 0x7f010827 (t=0 e=2087) (error -75)
10-31 11:34:02.098 26309 26309 E /system/bin/webview_zygote32: failed to make and chown /acct/uid_99213: Permission denied
10-31 11:34:02.098 26309 26309 E Zygote  : createProcessGroup(99213, 0) failed: Permission denied
10-31 11:34:02.101   772  4540 I ActivityManager: Start proc 26309:com.android.chrome:sandboxed_process6/u0i213 for webview_service com.android.chrome/org.chromium.content.app.SandboxedProcessService6
10-31 11:34:02.105 26271 26271 I cr_SplitCompatApp: Launched version=106.0.5249.79 minSdkVersion=24 isBundle=true processName=com.android.chrome:sandboxed_process3 isIsolated=true
10-31 11:34:02.110 26043 26043 I cr_OfflineIndicator: onConnectionTypeChanged 2
10-31 11:34:02.110 26043 26043 I cr_OfflineIndicator: Reported by system: [ Transports: WIFI Capabilities: NOT_METERED&INTERNET&NOT_RESTRICTED&TRUSTED&NOT_VPN&VALIDATED&FOREGROUND LinkUpBandwidth>=1048576Kbps LinkDnBandwidth>=1048576Kbps SignalStrength: -67]
10-31 11:34:02.110 26043 26043 I cr_OfflineIndicator: setConnectionState connectionState=4
10-31 11:34:02.110 26043 26043 I cr_OfflineDetector: Running updateState mConnectivityDetectorInitialized: true, mTimeWhenLastForegrounded: 1088496276, getElapsedTime: 1088496277, mTimeWhenLastOfflineNotificationReceived: 0, mTimeWhenLastOnline: 1088496277, mApplicationState: 1, mIsOfflineLastReportedByConnectivityDetector: false, mIsEffectivelyOffline: false
10-31 11:34:02.110 26043 26043 I cr_OfflineDetector: updateState(): timeSinceLastForeground: 1, timeSinceOfflineNotificationReceived: 1088496277, timeSinceLastOnline: 0, timeNeededForForeground: 1999, timeNeededForOffline: -1088494277
10-31 11:34:02.111 26043 26043 I cr_OfflineIndicator: processConnectivityCheckResult mConnectionState=4 mConnectivityCheckingStage=1
10-31 11:34:02.111 26271 26271 W SystemServiceRegistry: No service published for: uimode
10-31 11:34:02.119 26329 26329 E asset   : setgid: Operation not permitted
10-31 11:34:02.121 26325 26325 E /system/bin/webview_zygote32: failed to make and chown /acct/uid_99214: Permission denied
10-31 11:34:02.121 26325 26325 E Zygote  : createProcessGroup(99214, 0) failed: Permission denied
10-31 11:34:02.122 26271 26271 I cr_ChildProcessService: Creating new ChildProcessService pid=26271
10-31 11:34:02.124 26259 26259 I cr_SplitCompatApp: Launched version=106.0.5249.79 minSdkVersion=24 isBundle=true processName=com.android.chrome:sandboxed_process2 isIsolated=true
10-31 11:34:02.125 26301 26301 I SamplingProfilerIntegration: Profiling disabled.
10-31 11:34:02.126   772   785 I ActivityManager: Start proc 26325:com.android.chrome:sandboxed_process7/u0i214 for webview_service com.android.chrome/org.chromium.content.app.SandboxedProcessService7
10-31 11:34:02.132 26259 26259 W SystemServiceRegistry: No service published for: uimode
10-31 11:34:02.138 26309 26309 I SamplingProfilerIntegration: Profiling disabled.
10-31 11:34:02.139 26259 26259 I cr_ChildProcessService: Creating new ChildProcessService pid=26259
10-31 11:34:02.142 26271 26271 E WebViewFactory: can't load with relro file; address space not reserved
10-31 11:34:02.146 26325 26325 I SamplingProfilerIntegration: Profiling disabled.
10-31 11:34:02.147 26344 26344 E asset   : setgid: Operation not permitted
10-31 11:34:02.157 26346 26346 E /system/bin/webview_zygote32: failed to make and chown /acct/uid_99215: Permission denied
10-31 11:34:02.157 26346 26346 E Zygote  : createProcessGroup(99215, 0) failed: Permission denied
10-31 11:34:02.161   772 13071 I ActivityManager: Start proc 26346:com.android.chrome:sandboxed_process8/u0i215 for webview_service com.android.chrome/org.chromium.content.app.SandboxedProcessService8
10-31 11:34:02.165 26288 26288 I cr_SplitCompatApp: Launched version=106.0.5249.79 minSdkVersion=24 isBundle=true processName=com.android.chrome:sandboxed_process4 isIsolated=true
10-31 11:34:02.171 26288 26288 W SystemServiceRegistry: No service published for: uimode
10-31 11:34:02.175 26301 26301 I cr_SplitCompatApp: Launched version=106.0.5249.79 minSdkVersion=24 isBundle=true processName=com.android.chrome:sandboxed_process5 isIsolated=true
10-31 11:34:02.180 26259 26259 E WebViewFactory: can't load with relro file; address space not reserved
10-31 11:34:02.185 26043 26043 W ResourceType: Failure getting entry for 0x7f010415 (t=0 e=1045) (error -75)
10-31 11:34:02.185 26288 26288 I cr_ChildProcessService: Creating new ChildProcessService pid=26288
10-31 11:34:02.186 26301 26301 W SystemServiceRegistry: No service published for: uimode
10-31 11:34:02.187 26359 26359 E asset   : setgid: Operation not permitted
10-31 11:34:02.188 26361 26361 E asset   : setgid: Operation not permitted
10-31 11:34:02.192 26362 26362 E /system/bin/webview_zygote32: failed to make and chown /acct/uid_99216: Permission denied
10-31 11:34:02.192 26362 26362 E Zygote  : createProcessGroup(99216, 0) failed: Permission denied
10-31 11:34:02.193 26301 26301 I cr_ChildProcessService: Creating new ChildProcessService pid=26301
10-31 11:34:02.193   772  1327 I ActivityManager: Start proc 26362:com.android.chrome:sandboxed_process9/u0i216 for webview_service com.android.chrome/org.chromium.content.app.SandboxedProcessService9
10-31 11:34:02.199 26301 26301 E WebViewFactory: can't load with relro file; address space not reserved
10-31 11:34:02.200 26288 26288 E WebViewFactory: can't load with relro file; address space not reserved
10-31 11:34:02.205 26346 26346 I SamplingProfilerIntegration: Profiling disabled.
10-31 11:34:02.208 26259 26342 I cr_LibraryLoader: Successfully loaded native library
10-31 11:34:02.209 26301 26367 I cr_LibraryLoader: Successfully loaded native library
10-31 11:34:02.209 26259 26342 I cr_CachingUmaRecorder: Flushed 3 samples from 3 histograms.
10-31 11:34:02.209 26301 26367 I cr_CachingUmaRecorder: Flushed 3 samples from 3 histograms.
10-31 11:34:02.209 26362 26362 I SamplingProfilerIntegration: Profiling disabled.
10-31 11:34:02.214 26271 26330 I cr_LibraryLoader: Successfully loaded native library
10-31 11:34:02.214 26271 26330 I cr_CachingUmaRecorder: Flushed 3 samples from 3 histograms.
10-31 11:34:02.248 26391 26391 E asset   : setgid: Operation not permitted
10-31 11:34:02.252 26288 26358 I cr_LibraryLoader: Successfully loaded native library
10-31 11:34:02.253 26288 26358 I cr_CachingUmaRecorder: Flushed 3 samples from 3 histograms.
10-31 11:34:02.261 26396 26396 E asset   : setgid: Operation not permitted
10-31 11:34:02.262   772  1259 I ActivityManager: Start proc 26402:com.android.chrome:sandboxed_process10/u0i217 for webview_service com.android.chrome/org.chromium.content.app.SandboxedProcessService10
10-31 11:34:02.267 26402 26402 E /system/bin/webview_zygote32: failed to make and chown /acct/uid_99217: Permission denied
10-31 11:34:02.267 26402 26402 E Zygote  : createProcessGroup(99217, 0) failed: Permission denied
10-31 11:34:02.268 26325 26325 I cr_SplitCompatApp: Launched version=106.0.5249.79 minSdkVersion=24 isBundle=true processName=com.android.chrome:sandboxed_process7 isIsolated=true
10-31 11:34:02.278 26325 26325 W SystemServiceRegistry: No service published for: uimode
10-31 11:34:02.294 26309 26309 I cr_SplitCompatApp: Launched version=106.0.5249.79 minSdkVersion=24 isBundle=true processName=com.android.chrome:sandboxed_process6 isIsolated=true
10-31 11:34:02.296 26325 26325 I cr_ChildProcessService: Creating new ChildProcessService pid=26325
10-31 11:34:02.302 26402 26402 I SamplingProfilerIntegration: Profiling disabled.
10-31 11:34:02.305 26346 26346 I cr_SplitCompatApp: Launched version=106.0.5249.79 minSdkVersion=24 isBundle=true processName=com.android.chrome:sandboxed_process8 isIsolated=true
10-31 11:34:02.306 26325 26325 E WebViewFactory: can't load with relro file; address space not reserved
10-31 11:34:02.317 26362 26362 I cr_SplitCompatApp: Launched version=106.0.5249.79 minSdkVersion=24 isBundle=true processName=com.android.chrome:sandboxed_process9 isIsolated=true
10-31 11:34:02.321 26325 26422 I cr_LibraryLoader: Successfully loaded native library
10-31 11:34:02.322 26325 26422 I cr_CachingUmaRecorder: Flushed 3 samples from 3 histograms.
10-31 11:34:02.323 26309 26309 W SystemServiceRegistry: No service published for: uimode
10-31 11:34:02.323 26259 26342 I chromium: [INFO:child_process_service.cc(69)] ChildProcessService: Exiting child process.
10-31 11:34:02.326 26346 26346 W SystemServiceRegistry: No service published for: uimode
10-31 11:34:02.328   422   422 E lowmemorykiller: Error writing /proc/26259/oom_score_adj; errno=22
10-31 11:34:02.329   772  1259 I ActivityManager: Killing 26259:com.android.chrome:sandboxed_process2/u0a60i209 (adj 0): isolated not needed
10-31 11:34:02.330   772   790 W zygote64: failed to open /acct/uid_99209/pid_26259/cgroup.procs: No such file or directory
10-31 11:34:02.331 26301 26367 I chromium: [INFO:child_process_service.cc(69)] ChildProcessService: Exiting child process.
10-31 11:34:02.332 26346 26346 I cr_ChildProcessService: Creating new ChildProcessService pid=26346
10-31 11:34:02.335   422   422 E lowmemorykiller: Error writing /proc/26301/oom_score_adj; errno=22
10-31 11:34:02.335 26362 26362 W SystemServiceRegistry: No service published for: uimode
10-31 11:34:02.335   772  4539 I ActivityManager: Killing 26301:com.android.chrome:sandboxed_process5/u0a60i212 (adj 0): isolated not needed
10-31 11:34:02.336 26043 26043 I cr_tabmodel: Appending tabs being restored to metadata lists, 0, startingNormalCount: 1, startingIncognitoCount: 0
10-31 11:34:02.336 26043 26043 I cr_tabmodel: Serializing tab lists; counts: 1, 0
10-31 11:34:02.340   772   790 W zygote64: failed to open /acct/uid_99212/pid_26301/cgroup.procs: No such file or directory
10-31 11:34:02.342 26309 26309 I cr_ChildProcessService: Creating new ChildProcessService pid=26309
10-31 11:34:02.343 26425 26425 E asset   : setgid: Operation not permitted
10-31 11:34:02.348 26346 26346 E WebViewFactory: can't load with relro file; address space not reserved
10-31 11:34:02.352 26271 26330 I chromium: [INFO:child_process_service.cc(69)] ChildProcessService: Exiting child process.
10-31 11:34:02.355   422   422 E lowmemorykiller: Error writing /proc/26271/oom_score_adj; errno=22
10-31 11:34:02.355   772 10860 I ActivityManager: Killing 26271:com.android.chrome:sandboxed_process3/u0a60i210 (adj 0): isolated not needed
10-31 11:34:02.356   772   790 W zygote64: failed to open /acct/uid_99210/pid_26271/cgroup.procs: No such file or directory
10-31 11:34:02.358 26288 26358 I chromium: [INFO:child_process_service.cc(69)] ChildProcessService: Exiting child process.
10-31 11:34:02.365   422   422 E lowmemorykiller: Error writing /proc/26288/oom_score_adj; errno=22
10-31 11:34:02.365   772  4539 I ActivityManager: Killing 26288:com.android.chrome:sandboxed_process4/u0a60i211 (adj 0): isolated not needed
10-31 11:34:02.367 26043 26043 W chromium: [WARNING:compositor_view.cc(342)] Child process died (type=6) pid=26301)
10-31 11:34:02.369 26043 26043 W chromium: [WARNING:compositor_view.cc(342)] Child process died (type=6) pid=26259)
10-31 11:34:02.370   772   790 W zygote64: failed to open /acct/uid_99211/pid_26288/cgroup.procs: No such file or directory
10-31 11:34:02.378 26309 26309 E WebViewFactory: can't load with relro file; address space not reserved
10-31 11:34:02.380 26346 26426 I cr_LibraryLoader: Successfully loaded native library
10-31 11:34:02.381 26346 26426 I cr_CachingUmaRecorder: Flushed 3 samples from 3 histograms.
10-31 11:34:02.383 26043 26043 W chromium: [WARNING:compositor_view.cc(342)] Child process died (type=6) pid=26271)
10-31 11:34:02.388 26362 26362 I cr_ChildProcessService: Creating new ChildProcessService pid=26362
10-31 11:34:02.395 26309 26427 I cr_LibraryLoader: Successfully loaded native library
10-31 11:34:02.401 26309 26427 I cr_CachingUmaRecorder: Flushed 3 samples from 3 histograms.
10-31 11:34:02.402 26362 26362 E WebViewFactory: can't load with relro file; address space not reserved
10-31 11:34:02.418 26402 26402 I cr_SplitCompatApp: Launched version=106.0.5249.79 minSdkVersion=24 isBundle=true processName=com.android.chrome:sandboxed_process10 isIsolated=true
10-31 11:34:02.421 26362 26433 I cr_LibraryLoader: Successfully loaded native library
10-31 11:34:02.422 26362 26433 I cr_CachingUmaRecorder: Flushed 3 samples from 3 histograms.
10-31 11:34:02.432 26402 26402 W SystemServiceRegistry: No service published for: uimode
10-31 11:34:02.444 26402 26402 I cr_ChildProcessService: Creating new ChildProcessService pid=26402
10-31 11:34:02.452 26402 26402 E WebViewFactory: can't load with relro file; address space not reserved
10-31 11:34:02.466 26402 26455 I cr_LibraryLoader: Successfully loaded native library
10-31 11:34:02.468 26402 26455 I cr_CachingUmaRecorder: Flushed 3 samples from 3 histograms.
10-31 11:34:02.505 26043 26106 I cr_VrCoreVersionChecker: Unable to find VrCore.
10-31 11:34:02.507 26043 26043 W ResourceType: Failure getting entry for 0x7f0100f9 (t=0 e=249) (error -75)
10-31 11:34:02.509 26043 26043 W ResourceType: Failure getting entry for 0x7f010828 (t=0 e=2088) (error -75)
10-31 11:34:02.525 26043 26043 W ResourceType: Failure getting entry for 0x7f010827 (t=0 e=2087) (error -75)
10-31 11:34:02.547 26043 26043 W chromium: [WARNING:compositor_view.cc(342)] Child process died (type=6) pid=26288)
10-31 11:34:02.554 26325 26422 I chromium: [INFO:child_process_service.cc(69)] ChildProcessService: Exiting child process.
10-31 11:34:02.554 26346 26426 I chromium: [INFO:child_process_service.cc(69)] ChildProcessService: Exiting child process.
