10-31 22:58:06.498   772 10895 I ActivityManager: Killing 12333:com.android.chrome:sandboxed_process6/u0a60i923 (adj 0): isolated not needed
10-31 22:58:06.499   772   790 W zygote64: failed to open /acct/uid_99923/pid_12333/cgroup.procs: No such file or directory
10-31 22:58:06.500 12375 12435 I chromium: [INFO:child_process_service.cc(69)] ChildProcessService: Exiting child process.
10-31 22:58:06.501   422   422 E lowmemorykiller: Error writing /proc/12375/oom_score_adj; errno=22
10-31 22:58:06.502   772   784 I ActivityManager: Killing 12375:com.android.chrome:sandboxed_process9/u0a60i926 (adj 0): isolated not needed
10-31 22:58:06.502   772   790 W zygote64: failed to open /acct/uid_99926/pid_12375/cgroup.procs: No such file or directory
10-31 22:58:06.504 12349 12429 I chromium: [INFO:child_process_service.cc(69)] ChildProcessService: Exiting child process.
10-31 22:58:06.505   422   422 E lowmemorykiller: Error writing /proc/12349/oom_score_adj; errno=22
10-31 22:58:06.505   772 10894 I ActivityManager: Killing 12349:com.android.chrome:sandboxed_process7/u0a60i924 (adj 0): isolated not needed
10-31 22:58:06.510   772   790 W zygote64: failed to open /acct/uid_99924/pid_12349/cgroup.procs: No such file or directory
10-31 22:58:06.519 12063 12063 I Choreographer: Skipped 55 frames!  The application may be doing too much work on its main thread.
10-31 22:58:06.523 12362 12432 I chromium: [INFO:child_process_service.cc(69)] ChildProcessService: Exiting child process.
10-31 22:58:06.532   772 13021 I ActivityManager: Start proc 12466:com.android.chrome:sandboxed_process10/u0i927 for webview_service com.android.chrome/org.chromium.content.app.SandboxedProcessService10
10-31 22:58:06.536 12466 12466 E /system/bin/webview_zygote32: failed to make and chown /acct/uid_99927: Permission denied
10-31 22:58:06.536 12466 12466 E Zygote  : createProcessGroup(99927, 0) failed: Permission denied
10-31 22:58:06.544   772  2969 I ActivityManager: Process com.android.chrome:sandboxed_process8 (pid 12362) has died: vis  TOP 
10-31 22:58:06.544   772   790 W zygote64: failed to open /acct/uid_99925/pid_12362/cgroup.procs: No such file or directory
10-31 22:58:06.545   772  2969 W ActivityManager: Scheduling restart of crashed service com.android.chrome/org.chromium.content.app.SandboxedProcessService8 in 1000ms
10-31 22:58:06.567 12466 12466 I SamplingProfilerIntegration: Profiling disabled.
10-31 22:58:06.578 12063 12063 W StaticLayout: maxLineHeight should not be -1.  maxLines:1 lineCount:1
10-31 22:58:06.598 12482 12482 E asset   : setgid: Operation not permitted
10-31 22:58:06.605 12063 12073 I zygote  : Background concurrent copying GC freed 59489(2MB) AllocSpace objects, 4(80KB) LOS objects, 49% free, 5MB/10MB, paused 152us total 108.305ms
10-31 22:58:06.621 12466 12466 I cr_SplitCompatApp: Launched version=106.0.5249.79 minSdkVersion=24 isBundle=true processName=com.android.chrome:sandboxed_process10 isIsolated=true
10-31 22:58:06.625 12466 12466 W SystemServiceRegistry: No service published for: uimode
10-31 22:58:06.632 12466 12466 I cr_ChildProcessService: Creating new ChildProcessService pid=12466
10-31 22:58:06.638 12466 12466 E WebViewFactory: can't load with relro file; address space not reserved
10-31 22:58:06.648 12466 12484 I cr_LibraryLoader: Successfully loaded native library
10-31 22:58:06.649 12466 12484 I cr_CachingUmaRecorder: Flushed 3 samples from 3 histograms.
10-31 22:58:06.657 12063 12063 W chromium: [WARNING:compositor_view.cc(342)] Child process died (type=6) pid=12333)
10-31 22:58:06.657 12063 12063 W chromium: [WARNING:compositor_view.cc(342)] Child process died (type=6) pid=12375)
10-31 22:58:06.658 12063 12063 W chromium: [WARNING:compositor_view.cc(342)] Child process died (type=6) pid=12362)
10-31 22:58:06.661 12063 12063 W chromium: [WARNING:compositor_view.cc(342)] Child process died (type=6) pid=12349)
10-31 22:58:06.663   772   797 I ActivityManager: Displayed com.android.chrome/com.google.android.apps.chrome.Main: +1s348ms
10-31 22:58:06.706 12466 12484 I chromium: [INFO:child_process_service.cc(69)] ChildProcessService: Exiting child process.
10-31 22:58:06.709   422   422 E lowmemorykiller: Error writing /proc/12466/oom_score_adj; errno=22
10-31 22:58:06.709   772  2969 I ActivityManager: Killing 12466:com.android.chrome:sandboxed_process10/u0a60i927 (adj 0): isolated not needed
10-31 22:58:06.709   772   790 W zygote64: failed to open /acct/uid_99927/pid_12466/cgroup.procs: No such file or directory
10-31 22:58:06.741 12498 12498 E /system/bin/webview_zygote32: failed to make and chown /acct/uid_99928: Permission denied
10-31 22:58:06.741 12498 12498 E Zygote  : createProcessGroup(99928, 0) failed: Permission denied
10-31 22:58:06.744   772  3041 I ActivityManager: Start proc 12498:com.android.chrome:sandboxed_process11/u0i928 for webview_service com.android.chrome/org.chromium.content.app.SandboxedProcessService11
10-31 22:58:06.753 12063 12063 W chromium: [WARNING:compositor_view.cc(342)] Child process died (type=6) pid=12466)
10-31 22:58:06.764 12498 12498 I SamplingProfilerIntegration: Profiling disabled.
10-31 22:58:06.768 12511 12511 E /system/bin/webview_zygote32: failed to make and chown /acct/uid_99929: Permission denied
10-31 22:58:06.768 12511 12511 E Zygote  : createProcessGroup(99929, 0) failed: Permission denied
10-31 22:58:06.770   772 13022 I ActivityManager: Start proc 12511:com.android.chrome:sandboxed_process12/u0i929 for webview_service com.android.chrome/org.chromium.content.app.SandboxedProcessService12
10-31 22:58:06.793 11026 11026 E WorkerRegistryImpl: getWorker() is called after WorkerRegistry disposal.
10-31 22:58:06.794 11026 11026 E WorkerRegistryImpl: getWorker() is called after WorkerRegistry disposal.
10-31 22:58:06.798 12511 12511 I SamplingProfilerIntegration: Profiling disabled.
10-31 22:58:06.808 12526 12526 E asset   : setgid: Operation not permitted
10-31 22:58:06.840 12498 12498 I cr_SplitCompatApp: Launched version=106.0.5249.79 minSdkVersion=24 isBundle=true processName=com.android.chrome:sandboxed_process11 isIsolated=true
10-31 22:58:06.841 12063 12123 W cr_CrashFileManager: /data/user/0/com.android.chrome/cache/Crash Reports does not exist or is not a directory
10-31 22:58:06.841 12063 12123 I chatty  : uid=10060(u0_a60) identical 1 line
10-31 22:58:06.841 12063 12123 W cr_CrashFileManager: /data/user/0/com.android.chrome/cache/Crash Reports does not exist or is not a directory
10-31 22:58:06.846 12532 12532 E asset   : setgid: Operation not permitted
10-31 22:58:06.856 12498 12498 W SystemServiceRegistry: No service published for: uimode
10-31 22:58:06.866 12498 12498 I cr_ChildProcessService: Creating new ChildProcessService pid=12498
10-31 22:58:06.872 11026 11043 W DynamiteModule: Local module descriptor class for com.google.android.gms.googlecertificates not found.
10-31 22:58:06.897 12540 12540 E /system/bin/webview_zygote32: failed to make and chown /acct/uid_99930: Permission denied
10-31 22:58:06.897 12540 12540 E Zygote  : createProcessGroup(99930, 0) failed: Permission denied
10-31 22:58:06.899   772  1259 I ActivityManager: Start proc 12540:com.android.chrome:sandboxed_process13/u0i930 for webview_service com.android.chrome/org.chromium.content.app.SandboxedProcessService13
10-31 22:58:06.903   772 10860 I ActivityManager: START u0 {act=android.intent.action.VIEW dat=http://192.168.178.178:5500/... flg=0x10000000 cmp=com.android.chrome/com.google.android.apps.chrome.Main} from uid 2000
10-31 22:58:06.916 12498 12498 E WebViewFactory: can't load with relro file; address space not reserved
10-31 22:58:06.929   772  4539 I ActivityManager: Start proc 12551:com.android.chrome:sandboxed_process14/u0i931 for webview_service com.android.chrome/org.chromium.content.app.SandboxedProcessService14
10-31 22:58:06.933 12551 12551 E /system/bin/webview_zygote32: failed to make and chown /acct/uid_99931: Permission denied
10-31 22:58:06.933 12551 12551 E Zygote  : createProcessGroup(99931, 0) failed: Permission denied
10-31 22:58:06.937 12511 12511 I cr_SplitCompatApp: Launched version=106.0.5249.79 minSdkVersion=24 isBundle=true processName=com.android.chrome:sandboxed_process12 isIsolated=true
10-31 22:58:06.946   772   996 I ActivityManager: Start proc 12556:com.android.chrome:sandboxed_process15/u0i932 for webview_service com.android.chrome/org.chromium.content.app.SandboxedProcessService15
10-31 22:58:06.947 12556 12556 E /system/bin/webview_zygote32: failed to make and chown /acct/uid_99932: Permission denied
10-31 22:58:06.947 12556 12556 E Zygote  : createProcessGroup(99932, 0) failed: Permission denied
10-31 22:58:06.948 12063 12103 I cr_BindingManager: Moderate binding enabled: maxSize=40
10-31 22:58:06.955 12511 12511 W SystemServiceRegistry: No service published for: uimode
10-31 22:58:06.963 12498 12536 I cr_LibraryLoader: Successfully loaded native library
10-31 22:58:06.965 12498 12536 I cr_CachingUmaRecorder: Flushed 3 samples from 3 histograms.
10-31 22:58:06.966 12551 12551 I SamplingProfilerIntegration: Profiling disabled.
10-31 22:58:06.969 12540 12540 I SamplingProfilerIntegration: Profiling disabled.
10-31 22:58:06.972 12511 12511 I cr_ChildProcessService: Creating new ChildProcessService pid=12511
10-31 22:58:06.972 12556 12556 I SamplingProfilerIntegration: Profiling disabled.
10-31 22:58:06.988 12511 12511 E WebViewFactory: can't load with relro file; address space not reserved
10-31 22:58:07.001 12586 12586 E asset   : setgid: Operation not permitted
10-31 22:58:07.006 12511 12578 I cr_LibraryLoader: Successfully loaded native library
10-31 22:58:07.007 12511 12578 I cr_CachingUmaRecorder: Flushed 3 samples from 3 histograms.
10-31 22:58:07.022 12063 12063 E cr_IntentUtils: getInt failed on bundle null
10-31 22:58:07.025 12063 12063 E ResourceType: Style contains key with bad entry: 0x0101062c
10-31 22:58:07.032 12591 12591 E asset   : setgid: Operation not permitted
10-31 22:58:07.040 12592 12592 E asset   : setgid: Operation not permitted
10-31 22:58:07.051   772  4540 I ActivityManager: Start proc 12595:com.android.chrome:sandboxed_process16/u0i933 for webview_service com.android.chrome/org.chromium.content.app.SandboxedProcessService16
10-31 22:58:07.053 12063 12063 I cr_tabmodel: Appending tabs being restored to metadata lists, 0, startingNormalCount: 2, startingIncognitoCount: 0
10-31 22:58:07.053 12063 12063 I cr_tabmodel: Serializing tab lists; counts: 2, 0
10-31 22:58:07.053 12551 12551 I cr_SplitCompatApp: Launched version=106.0.5249.79 minSdkVersion=24 isBundle=true processName=com.android.chrome:sandboxed_process14 isIsolated=true
10-31 22:58:07.061 12551 12551 W SystemServiceRegistry: No service published for: uimode
10-31 22:58:07.064 12595 12595 E /system/bin/webview_zygote32: failed to make and chown /acct/uid_99933: Permission denied
10-31 22:58:07.064 12595 12595 E Zygote  : createProcessGroup(99933, 0) failed: Permission denied
10-31 22:58:07.080 12551 12551 I cr_ChildProcessService: Creating new ChildProcessService pid=12551
10-31 22:58:07.082 12540 12540 I cr_SplitCompatApp: Launched version=106.0.5249.79 minSdkVersion=24 isBundle=true processName=com.android.chrome:sandboxed_process13 isIsolated=true
10-31 22:58:07.085 12595 12595 I SamplingProfilerIntegration: Profiling disabled.
10-31 22:58:07.088 12551 12551 E WebViewFactory: can't load with relro file; address space not reserved
10-31 22:58:07.091 12540 12540 W SystemServiceRegistry: No service published for: uimode
10-31 22:58:07.095 12556 12556 I cr_SplitCompatApp: Launched version=106.0.5249.79 minSdkVersion=24 isBundle=true processName=com.android.chrome:sandboxed_process15 isIsolated=true
10-31 22:58:07.108 12540 12540 I cr_ChildProcessService: Creating new ChildProcessService pid=12540
10-31 22:58:07.109 12551 12609 I cr_LibraryLoader: Successfully loaded native library
10-31 22:58:07.109 12551 12609 I cr_CachingUmaRecorder: Flushed 3 samples from 3 histograms.
10-31 22:58:07.114 12556 12556 W SystemServiceRegistry: No service published for: uimode
10-31 22:58:07.115 12063 12063 I cr_OfflineDetector: Running updateState mConnectivityDetectorInitialized: true, mTimeWhenLastForegrounded: 1129541281, getElapsedTime: 1129541281, mTimeWhenLastOfflineNotificationReceived: 0, mTimeWhenLastOnline: 1129540316, mApplicationState: 1, mIsOfflineLastReportedByConnectivityDetector: false, mIsEffectivelyOffline: false
10-31 22:58:07.115 12063 12063 I cr_OfflineDetector: updateState(): timeSinceLastForeground: 0, timeSinceOfflineNotificationReceived: 1129541281, timeSinceLastOnline: 965, timeNeededForForeground: 2000, timeNeededForOffline: -1129539281
10-31 22:58:07.121 12540 12540 E WebViewFactory: can't load with relro file; address space not reserved
10-31 22:58:07.130 12540 12613 I cr_LibraryLoader: Successfully loaded native library
10-31 22:58:07.131 12540 12613 I cr_CachingUmaRecorder: Flushed 3 samples from 3 histograms.
10-31 22:58:07.135 12556 12556 I cr_ChildProcessService: Creating new ChildProcessService pid=12556
10-31 22:58:07.143 12621 12621 E asset   : setgid: Operation not permitted
10-31 22:58:07.145 12556 12556 E WebViewFactory: can't load with relro file; address space not reserved
10-31 22:58:07.163 12498 12536 I chromium: [INFO:child_process_service.cc(69)] ChildProcessService: Exiting child process.
10-31 22:58:07.170   772  3037 I ActivityManager: Start proc 12627:com.android.chrome:sandboxed_process17/u0i934 for webview_service com.android.chrome/org.chromium.content.app.SandboxedProcessService17
10-31 22:58:07.177   422   422 E lowmemorykiller: Error writing /proc/12498/oom_score_adj; errno=22
10-31 22:58:07.177   772  1324 I ActivityManager: Killing 12498:com.android.chrome:sandboxed_process11/u0a60i928 (adj 0): isolated not needed
10-31 22:58:07.178   772   790 W zygote64: failed to open /acct/uid_99928/pid_12498/cgroup.procs: No such file or directory
10-31 22:58:07.181 12511 12578 I chromium: [INFO:child_process_service.cc(69)] ChildProcessService: Exiting child process.
10-31 22:58:07.183 12556 12620 I cr_LibraryLoader: Successfully loaded native library
10-31 22:58:07.183   422   422 E lowmemorykiller: Error writing /proc/12511/oom_score_adj; errno=22
10-31 22:58:07.184   772  3041 I ActivityManager: Killing 12511:com.android.chrome:sandboxed_process12/u0a60i929 (adj 0): isolated not needed
10-31 22:58:07.186 12556 12620 I cr_CachingUmaRecorder: Flushed 3 samples from 3 histograms.
10-31 22:58:07.188   772   790 W zygote64: failed to open /acct/uid_99929/pid_12511/cgroup.procs: No such file or directory
10-31 22:58:07.190 12627 12627 E /system/bin/webview_zygote32: failed to make and chown /acct/uid_99934: Permission denied
10-31 22:58:07.190 12627 12627 E Zygote  : createProcessGroup(99934, 0) failed: Permission denied
10-31 22:58:07.194 12551 12609 I chromium: [INFO:child_process_service.cc(69)] ChildProcessService: Exiting child process.
10-31 22:58:07.196   422   422 E lowmemorykiller: Error writing /proc/12551/oom_score_adj; errno=22
10-31 22:58:07.199 12540 12613 I chromium: [INFO:child_process_service.cc(69)] ChildProcessService: Exiting child process.
10-31 22:58:07.200   772  3854 I ActivityManager: Killing 12551:com.android.chrome:sandboxed_process14/u0a60i931 (adj 0): isolated not needed
10-31 22:58:07.201   772   790 W zygote64: failed to open /acct/uid_99931/pid_12551/cgroup.procs: No such file or directory
10-31 22:58:07.203   422   422 E lowmemorykiller: Error writing /proc/12540/oom_score_adj; errno=22
10-31 22:58:07.203   772  1259 I ActivityManager: Killing 12540:com.android.chrome:sandboxed_process13/u0a60i930 (adj 0): isolated not needed
10-31 22:58:07.206   772   790 W zygote64: failed to open /acct/uid_99930/pid_12540/cgroup.procs: No such file or directory
10-31 22:58:07.215 12063 12063 W ResourceType: Failure getting entry for 0x7f010216 (t=0 e=534) (error -75)
10-31 22:58:07.216 12063 12063 W ResourceType: Failure getting entry for 0x7f0107c9 (t=0 e=1993) (error -75)
10-31 22:58:07.220 12595 12595 I cr_SplitCompatApp: Launched version=106.0.5249.79 minSdkVersion=24 isBundle=true processName=com.android.chrome:sandboxed_process16 isIsolated=true
10-31 22:58:07.233 12595 12595 W SystemServiceRegistry: No service published for: uimode
10-31 22:58:07.236 12627 12627 I SamplingProfilerIntegration: Profiling disabled.
10-31 22:58:07.249 12595 12595 I cr_ChildProcessService: Creating new ChildProcessService pid=12595
10-31 22:58:07.261 12063 12063 W chromium: [WARNING:compositor_view.cc(342)] Child process died (type=6) pid=12511)
10-31 22:58:07.266 12595 12595 E WebViewFactory: can't load with relro file; address space not reserved
10-31 22:58:07.270 12063 12063 W chromium: [WARNING:compositor_view.cc(342)] Child process died (type=6) pid=12540)
10-31 22:58:07.271 12556 12620 I chromium: [INFO:child_process_service.cc(69)] ChildProcessService: Exiting child process.
10-31 22:58:07.281 12063 12063 W chromium: [WARNING:compositor_view.cc(342)] Child process died (type=6) pid=12551)
10-31 22:58:07.290 12063 12063 W chromium: [WARNING:compositor_view.cc(342)] Child process died (type=6) pid=12498)
10-31 22:58:07.291 12595 12648 I cr_LibraryLoader: Successfully loaded native library
10-31 22:58:07.293 12595 12648 I cr_CachingUmaRecorder: Flushed 3 samples from 3 histograms.
10-31 22:58:07.300 12649 12649 E asset   : setgid: Operation not permitted
10-31 22:58:07.308   422   422 E lowmemorykiller: Error writing /proc/12556/oom_score_adj; errno=22
10-31 22:58:07.308   772 13022 I ActivityManager: Killing 12556:com.android.chrome:sandboxed_process15/u0a60i932 (adj 0): isolated not needed
10-31 22:58:07.308   772   790 W zygote64: failed to open /acct/uid_99932/pid_12556/cgroup.procs: No such file or directory
10-31 22:58:07.346 12063 12063 W chromium: [WARNING:compositor_view.cc(342)] Child process died (type=6) pid=12556)
10-31 22:58:07.376 11026 11043 I DynamiteModule: Considering local module com.google.android.gms.googlecertificates:0 and remote module com.google.android.gms.googlecertificates:7
10-31 22:58:07.376 12627 12627 I cr_SplitCompatApp: Launched version=106.0.5249.79 minSdkVersion=24 isBundle=true processName=com.android.chrome:sandboxed_process17 isIsolated=true
10-31 22:58:07.376 11026 11043 I DynamiteModule: Selected remote version of com.google.android.gms.googlecertificates, version >= 7
10-31 22:58:07.382 12627 12627 W SystemServiceRegistry: No service published for: uimode
10-31 22:58:07.435 12627 12627 I cr_ChildProcessService: Creating new ChildProcessService pid=12627
10-31 22:58:07.453 12627 12627 E WebViewFactory: can't load with relro file; address space not reserved
10-31 22:58:07.481 12627 12665 I cr_LibraryLoader: Successfully loaded native library
10-31 22:58:07.483 12627 12665 I cr_CachingUmaRecorder: Flushed 3 samples from 3 histograms.
10-31 22:58:07.526   772  3854 I ActivityManager: Start proc 12673:com.android.chrome:sandboxed_process18/u0i935 for webview_service com.android.chrome/org.chromium.content.app.SandboxedProcessService18
10-31 22:58:07.532 12673 12673 E /system/bin/webview_zygote32: failed to make and chown /acct/uid_99935: Permission denied
10-31 22:58:07.532 12673 12673 E Zygote  : createProcessGroup(99935, 0) failed: Permission denied
10-31 22:58:07.535 12627 12644 I /system/bin/webview_zygote32: Background concurrent copying GC freed 3722(1240KB) AllocSpace objects, 3(76KB) LOS objects, 92% free, 128KB/1664KB, paused 7.662ms total 45.140ms
10-31 22:58:07.566 12673 12673 I SamplingProfilerIntegration: Profiling disabled.
10-31 22:58:07.587   772   996 I ActivityManager: Start proc 12692:com.android.chrome:sandboxed_process19/u0i936 for webview_service com.android.chrome/org.chromium.content.app.SandboxedProcessService19
10-31 22:58:07.614 29486 29496 I zygote64: Background concurrent copying GC freed 75134(4MB) AllocSpace objects, 0(0B) LOS objects, 49% free, 9MB/18MB, paused 1.646ms total 229.800ms
10-31 22:58:07.617 12697 12697 E asset   : setgid: Operation not permitted
10-31 22:58:07.621 29486 29494 W SQLiteConnectionPool: A SQLiteConnection object for database '/data/user/0/com.google.android.gms/databases/metadata.db' was leaked!  Please fix your application to end transactions in progress properly and to close the database when it is no longer needed.
10-31 22:58:07.635   772  2969 I ActivityManager: Start proc 12698:com.android.chrome:sandboxed_process20/u0i937 for webview_service com.android.chrome/org.chromium.content.app.SandboxedProcessService20
10-31 22:58:07.649 12627 12665 I chromium: [INFO:child_process_service.cc(69)] ChildProcessService: Exiting child process.
10-31 22:58:07.654   422   422 E lowmemorykiller: Error writing /proc/12627/oom_score_adj; errno=22
10-31 22:58:07.655   772  4540 I ActivityManager: Killing 12627:com.android.chrome:sandboxed_process17/u0a60i934 (adj 0): isolated not needed
10-31 22:58:07.655   772   790 W zygote64: failed to open /acct/uid_99934/pid_12627/cgroup.procs: No such file or directory
10-31 22:58:07.681 12673 12673 I cr_SplitCompatApp: Launched version=106.0.5249.79 minSdkVersion=24 isBundle=true processName=com.android.chrome:sandboxed_process18 isIsolated=true
10-31 22:58:07.690 12673 12673 W SystemServiceRegistry: No service published for: uimode
10-31 22:58:07.703   772  3041 I ActivityManager: Start proc 12705:com.android.chrome:sandboxed_process21/u0i938 for webview_service com.android.chrome/org.chromium.content.app.SandboxedProcessService21
10-31 22:58:07.718 12692 12692 E /system/bin/webview_zygote32: failed to make and chown /acct/uid_99936: Permission denied
10-31 22:58:07.718 12692 12692 E Zygote  : createProcessGroup(99936, 0) failed: Permission denied
10-31 22:58:07.718 12673 12673 I cr_ChildProcessService: Creating new ChildProcessService pid=12673
10-31 22:58:07.721 12698 12698 E /system/bin/webview_zygote32: failed to make and chown /acct/uid_99937: Permission denied
10-31 22:58:07.721 12698 12698 E Zygote  : createProcessGroup(99937, 0) failed: Permission denied
10-31 22:58:07.725 12705 12705 E /system/bin/webview_zygote32: failed to make and chown /acct/uid_99938: Permission denied
10-31 22:58:07.726 12705 12705 E Zygote  : createProcessGroup(99938, 0) failed: Permission denied
10-31 22:58:07.733 12673 12673 E WebViewFactory: can't load with relro file; address space not reserved
10-31 22:58:07.749 12673 12710 I cr_LibraryLoader: Successfully loaded native library
10-31 22:58:07.750 12673 12710 I cr_CachingUmaRecorder: Flushed 3 samples from 3 histograms.
10-31 22:58:07.775 12692 12692 I SamplingProfilerIntegration: Profiling disabled.
10-31 22:58:07.784 12063 12063 W chromium: [WARNING:compositor_view.cc(342)] Child process died (type=6) pid=12627)
10-31 22:58:07.795 12705 12705 I SamplingProfilerIntegration: Profiling disabled.
10-31 22:58:07.806 12698 12698 I SamplingProfilerIntegration: Profiling disabled.
10-31 22:58:07.854 12673 12710 I chromium: [INFO:child_process_service.cc(69)] ChildProcessService: Exiting child process.
10-31 22:58:07.855 12746 12746 E asset   : setgid: Operation not permitted
10-31 22:58:07.857   422   422 E lowmemorykiller: Error writing /proc/12673/oom_score_adj; errno=22
10-31 22:58:07.857   772  1327 I ActivityManager: Killing 12673:com.android.chrome:sandboxed_process18/u0a60i935 (adj 0): isolated not needed
10-31 22:58:07.860   772   790 W zygote64: failed to open /acct/uid_99935/pid_12673/cgroup.procs: No such file or directory
10-31 22:58:07.868 11026 11043 W zygote64: Skipping duplicate class check due to unrecognized classloader
10-31 22:58:07.870 12747 12747 E asset   : setgid: Operation not permitted
10-31 22:58:07.874 12063 12063 W chromium: [WARNING:compositor_view.cc(342)] Child process died (type=6) pid=12673)
10-31 22:58:07.874 12748 12748 E asset   : setgid: Operation not permitted
10-31 22:58:07.890 11026 11043 D GoogleCertificates: com.google.android.gms.googlecertificates module is loaded
10-31 22:58:07.926 12698 12698 I cr_SplitCompatApp: Launched version=106.0.5249.79 minSdkVersion=24 isBundle=true processName=com.android.chrome:sandboxed_process20 isIsolated=true
10-31 22:58:07.945 12698 12698 W SystemServiceRegistry: No service published for: uimode
10-31 22:58:07.954   772   996 W AppOps  : Bad call: specified package com.google.android.gms under uid 10045 but it is really 10020
10-31 22:58:07.954   772   996 W AppOps  : java.lang.RuntimeException: here
10-31 22:58:07.954   772   996 W AppOps  : 	at com.android.server.AppOpsService.getOpsRawLocked(AppOpsService.java:1319)
10-31 22:58:07.954   772   996 W AppOps  : 	at com.android.server.AppOpsService.checkPackage(AppOpsService.java:1038)
10-31 22:58:07.954   772   996 W AppOps  : 	at com.android.internal.app.IAppOpsService$Stub.onTransact(IAppOpsService.java:169)
10-31 22:58:07.954   772   996 W AppOps  : 	at android.os.Binder.execTransact(Binder.java:674)
10-31 22:58:07.963 12692 12692 I cr_SplitCompatApp: Launched version=106.0.5249.79 minSdkVersion=24 isBundle=true processName=com.android.chrome:sandboxed_process19 isIsolated=true
10-31 22:58:07.964   772 10894 W AppOps  : Bad call: specified package com.google.android.gms under uid 10045 but it is really 10020
10-31 22:58:07.964   772 10894 W AppOps  : java.lang.RuntimeException: here
10-31 22:58:07.964   772 10894 W AppOps  : 	at com.android.server.AppOpsService.getOpsRawLocked(AppOpsService.java:1319)
10-31 22:58:07.964   772 10894 W AppOps  : 	at com.android.server.AppOpsService.checkPackage(AppOpsService.java:1038)
10-31 22:58:07.964   772 10894 W AppOps  : 	at com.android.internal.app.IAppOpsService$Stub.onTransact(IAppOpsService.java:169)
10-31 22:58:07.964   772 10894 W AppOps  : 	at android.os.Binder.execTransact(Binder.java:674)
10-31 22:58:07.966 12698 12698 I cr_ChildProcessService: Creating new ChildProcessService pid=12698
10-31 22:58:07.968 12705 12705 I cr_SplitCompatApp: Launched version=106.0.5249.79 minSdkVersion=24 isBundle=true processName=com.android.chrome:sandboxed_process21 isIsolated=true
10-31 22:58:07.975 12692 12692 W SystemServiceRegistry: No service published for: uimode
10-31 22:58:07.981 11026 11026 I MemoryTrimmer: Trimming objects from memory, since app is in the background.
10-31 22:58:07.981 12698 12698 E WebViewFactory: can't load with relro file; address space not reserved
10-31 22:58:07.990 12692 12692 I cr_ChildProcessService: Creating new ChildProcessService pid=12692
10-31 22:58:07.991 12705 12705 W SystemServiceRegistry: No service published for: uimode
10-31 22:58:08.000 12705 12705 I cr_ChildProcessService: Creating new ChildProcessService pid=12705
10-31 22:58:08.001 12698 12751 I cr_LibraryLoader: Successfully loaded native library
10-31 22:58:08.004 12698 12751 I cr_CachingUmaRecorder: Flushed 3 samples from 3 histograms.
10-31 22:58:08.010 12692 12692 E WebViewFactory: can't load with relro file; address space not reserved
10-31 22:58:08.013 12595 12612 I vndksupport: sphal namespace is not configured for this process. Loading libutils.so from the current namespace instead.
10-31 22:58:08.013 12698 12733 I vndksupport: sphal namespace is not configured for this process. Loading libutils.so from the current namespace instead.
10-31 22:58:08.013 12135 12148 I vndksupport: sphal namespace is not configured for this process. Loading libutils.so from the current namespace instead.
10-31 22:58:08.013 12104 12115 I vndksupport: sphal namespace is not configured for this process. Loading libutils.so from the current namespace instead.
10-31 22:58:08.013 12692 12749 I vndksupport: sphal namespace is not configured for this process. Loading libutils.so from the current namespace instead.
10-31 22:58:08.014 12705 12743 I vndksupport: sphal namespace is not configured for this process. Loading libutils.so from the current namespace instead.
10-31 22:58:08.014 12063 12095 I vndksupport: sphal namespace is not configured for this process. Loading libutils.so from the current namespace instead.
10-31 22:58:08.019 12705 12705 E WebViewFactory: can't load with relro file; address space not reserved
10-31 22:58:08.028   556   556 E Parcel  : Reading a NULL string not supported here.
10-31 22:58:08.028   556   556 W Parcel  : **** enforceInterface() expected 'IAAudioService' but read ''
10-31 22:58:08.029   360   360 E SELinux : avc:  denied  { find } for service=android.service.gatekeeper.IGateKeeperService pid=12671 uid=2000 scontext=u:r:shell:s0 tcontext=u:object_r:gatekeeper_service:s0 tclass=service_manager
10-31 22:58:08.029   360   360 E SELinux : avc:  denied  { find } for service=netd pid=12671 uid=2000 scontext=u:r:shell:s0 tcontext=u:object_r:netd_service:s0 tclass=service_manager
10-31 22:58:08.034 12705 12753 I cr_LibraryLoader: Successfully loaded native library
10-31 22:58:08.037 12705 12753 I cr_CachingUmaRecorder: Flushed 3 samples from 3 histograms.
10-31 22:58:08.040 12692 12752 I cr_LibraryLoader: Successfully loaded native library
10-31 22:58:08.041 12671 12671 W atrace  : type=1400 audit(0.0:19738): avc: denied { call } for scontext=u:r:shell:s0 tcontext=u:r:wificond:s0 tclass=binder permissive=0
10-31 22:58:08.043 12692 12752 I cr_CachingUmaRecorder: Flushed 3 samples from 3 histograms.
10-31 22:58:08.047   360   360 E SELinux : avc:  denied  { find } for service=installd pid=12671 uid=2000 scontext=u:r:shell:s0 tcontext=u:object_r:installd_service:s0 tclass=service_manager
10-31 22:58:08.052   361   361 E SELinux : avc:  denied  { find } for interface=android.frameworks.displayservice::IDisplayService pid=12671 scontext=u:r:shell:s0 tcontext=u:object_r:fwk_display_hwservice:s0 tclass=hwservice_manager
10-31 22:58:08.055   361   361 E SELinux : avc:  denied  { find } for interface=android.frameworks.schedulerservice::ISchedulingPolicyService pid=12671 scontext=u:r:shell:s0 tcontext=u:object_r:fwk_scheduler_hwservice:s0 tclass=hwservice_manager
10-31 22:58:08.056   361   361 E SELinux : avc:  denied  { find } for interface=android.frameworks.sensorservice::ISensorManager pid=12671 scontext=u:r:shell:s0 tcontext=u:object_r:fwk_sensor_hwservice:s0 tclass=hwservice_manager
10-31 22:58:08.058   361   361 E SELinux : avc:  denied  { find } for interface=android.hardware.biometrics.fingerprint::IBiometricsFingerprint pid=12671 scontext=u:r:shell:s0 tcontext=u:object_r:hal_fingerprint_hwservice:s0 tclass=hwservice_manager
10-31 22:58:08.061   361   361 E SELinux : avc:  denied  { find } for interface=android.hardware.dumpstate::IDumpstateDevice pid=12671 scontext=u:r:shell:s0 tcontext=u:object_r:hal_dumpstate_hwservice:s0 tclass=hwservice_manager
10-31 22:58:08.062 12698 12751 I chromium: [INFO:child_process_service.cc(69)] ChildProcessService: Exiting child process.
10-31 22:58:08.064   422   422 E lowmemorykiller: Error writing /proc/12698/oom_score_adj; errno=22
10-31 22:58:08.065   772  3037 I ActivityManager: Killing 12698:com.android.chrome:sandboxed_process20/u0a60i937 (adj 0): isolated not needed
10-31 22:58:08.066   772   790 W zygote64: failed to open /acct/uid_99937/pid_12698/cgroup.procs: No such file or directory
10-31 22:58:08.067   361   361 E SELinux : avc:  denied  { find } for interface=android.hardware.radio.deprecated::IOemHook pid=12671 scontext=u:r:shell:s0 tcontext=u:object_r:hal_telephony_hwservice:s0 tclass=hwservice_manager
10-31 22:58:08.068   361   361 E SELinux : avc:  denied  { find } for interface=android.hardware.radio::IRadio pid=12671 scontext=u:r:shell:s0 tcontext=u:object_r:hal_telephony_hwservice:s0 tclass=hwservice_manager
10-31 22:58:08.069   361   361 E SELinux : avc:  denied  { find } for interface=android.hardware.radio::ISap pid=12671 scontext=u:r:shell:s0 tcontext=u:object_r:hal_telephony_hwservice:s0 tclass=hwservice_manager
10-31 22:58:08.069   361   361 E SELinux : avc:  denied  { find } for interface=android.hardware.usb::IUsb pid=12671 scontext=u:r:shell:s0 tcontext=u:object_r:hal_usb_hwservice:s0 tclass=hwservice_manager
10-31 22:58:08.071   361   361 E SELinux : avc:  denied  { find } for interface=android.hardware.wifi.supplicant::ISupplicant pid=12671 scontext=u:r:shell:s0 tcontext=u:object_r:hal_wifi_supplicant_hwservice:s0 tclass=hwservice_manager
10-31 22:58:08.073   361   361 E SELinux : avc:  denied  { find } for interface=android.hardware.wifi::IWifi pid=12671 scontext=u:r:shell:s0 tcontext=u:object_r:hal_wifi_hwservice:s0 tclass=hwservice_manager
10-31 22:58:08.074   361   361 E SELinux : avc:  denied  { find } for interface=android.hidl.base::IBase pid=12671 scontext=u:r:shell:s0 tcontext=u:object_r:hidl_base_hwservice:s0 tclass=hwservice_manager
10-31 22:58:08.075   361   361 I chatty  : uid=1000(system) hwservicemanage identical 1 line
10-31 22:58:08.075   361   361 E SELinux : avc:  denied  { find } for interface=android.hidl.base::IBase pid=12671 scontext=u:r:shell:s0 tcontext=u:object_r:hidl_base_hwservice:s0 tclass=hwservice_manager
10-31 22:58:08.077   361   361 E SELinux : avc:  denied  { find } for interface=android.system.wifi.keystore::IKeystore pid=12671 scontext=u:r:shell:s0 tcontext=u:object_r:system_wifi_keystore_hwservice:s0 tclass=hwservice_manager
10-31 22:58:08.085 12705 12753 I chromium: [INFO:child_process_service.cc(69)] ChildProcessService: Exiting child process.
10-31 22:58:08.087   422   422 E lowmemorykiller: Error writing /proc/12705/oom_score_adj; errno=22
10-31 22:58:08.087   772   784 I ActivityManager: Killing 12705:com.android.chrome:sandboxed_process21/u0a60i938 (adj 0): isolated not needed
10-31 22:58:08.088   772   790 W zygote64: failed to open /acct/uid_99938/pid_12705/cgroup.procs: No such file or directory
10-31 22:58:08.100 12063 12063 W chromium: [WARNING:compositor_view.cc(342)] Child process died (type=6) pid=12698)
10-31 22:58:08.104 12692 12752 I chromium: [INFO:child_process_service.cc(69)] ChildProcessService: Exiting child process.
10-31 22:58:08.108   422   422 E lowmemorykiller: Error writing /proc/12692/oom_score_adj; errno=22
10-31 22:58:08.109   772   785 I ActivityManager: Killing 12692:com.android.chrome:sandboxed_process19/u0a60i936 (adj 0): isolated not needed
10-31 22:58:08.111   772   790 W zygote64: failed to open /acct/uid_99936/pid_12692/cgroup.procs: No such file or directory
10-31 22:58:08.122 12063 12063 W chromium: [WARNING:compositor_view.cc(342)] Child process died (type=6) pid=12705)
10-31 22:58:08.138 12063 12063 W chromium: [WARNING:compositor_view.cc(342)] Child process died (type=6) pid=12692)
10-31 22:58:09.458 29692 29769 I Icing   : IndexChimeraService.getServiceInterface callingPackage=com.google.android.gms componentName=null serviceId=30
10-31 22:58:09.502 29692 29692 D BoundBrokerSvc: onBind: Intent { act=com.google.android.gms.common.BIND_SHARED_PREFS pkg=com.google.android.gms }
10-31 22:58:09.502 29692 29692 D BoundBrokerSvc: Loading bound service for intent: Intent { act=com.google.android.gms.common.BIND_SHARED_PREFS pkg=com.google.android.gms }
10-31 22:58:09.515 29692 29692 D BoundBrokerSvc: onUnbind: Intent { act=com.google.android.gms.common.BIND_SHARED_PREFS pkg=com.google.android.gms }
10-31 22:58:09.538 12063 12063 W chromium: [WARNING:controller_impl.cc(1190)] Background download complete, client: 6, completion type: 0, file size:16643
10-31 22:58:09.544 29692 24764 I GmsCoreXrpcWrapper: Returning a channel provider with trafficStatsTag=12803 trafficStatsUid=-1
10-31 22:58:09.564   772  4540 I ActivityManager: Start proc 12777:com.android.chrome:sandboxed_process22/u0i939 for webview_service com.android.chrome/org.chromium.content.app.SandboxedProcessService22
10-31 22:58:09.568 12777 12777 E /system/bin/webview_zygote32: failed to make and chown /acct/uid_99939: Permission denied
10-31 22:58:09.568 12777 12777 E Zygote  : createProcessGroup(99939, 0) failed: Permission denied
10-31 22:58:09.619 12777 12777 I SamplingProfilerIntegration: Profiling disabled.
10-31 22:58:09.658 12791 12791 E asset   : setgid: Operation not permitted
10-31 22:58:09.670 12063 12063 W chromium: [WARNING:controller_impl.cc(1190)] Background download complete, client: 6, completion type: 0, file size:18160
10-31 22:58:09.701 12777 12777 I cr_SplitCompatApp: Launched version=106.0.5249.79 minSdkVersion=24 isBundle=true processName=com.android.chrome:sandboxed_process22 isIsolated=true
10-31 22:58:09.707 12777 12777 W SystemServiceRegistry: No service published for: uimode
10-31 22:58:09.717   772 13071 I ActivityManager: Start proc 12793:com.android.chrome:sandboxed_process23/u0i940 for webview_service com.android.chrome/org.chromium.content.app.SandboxedProcessService23
10-31 22:58:09.719 12793 12793 E /system/bin/webview_zygote32: failed to make and chown /acct/uid_99940: Permission denied
10-31 22:58:09.719 12793 12793 E Zygote  : createProcessGroup(99940, 0) failed: Permission denied
10-31 22:58:09.733 12777 12777 I cr_ChildProcessService: Creating new ChildProcessService pid=12777
10-31 22:58:09.745 12777 12777 E WebViewFactory: can't load with relro file; address space not reserved
10-31 22:58:09.762 12793 12793 I SamplingProfilerIntegration: Profiling disabled.
10-31 22:58:09.771 12063 12063 W chromium: [WARNING:controller_impl.cc(1190)] Background download complete, client: 6, completion type: 0, file size:15859
10-31 22:58:09.787 12777 12804 I cr_LibraryLoader: Successfully loaded native library
10-31 22:58:09.798 12777 12804 I cr_CachingUmaRecorder: Flushed 3 samples from 3 histograms.
10-31 22:58:09.800 12807 12807 E /system/bin/webview_zygote32: failed to make and chown /acct/uid_99941: Permission denied
10-31 22:58:09.800 12807 12807 E Zygote  : createProcessGroup(99941, 0) failed: Permission denied
10-31 22:58:09.801   772 10860 I ActivityManager: Start proc 12807:com.android.chrome:sandboxed_process24/u0i941 for webview_service com.android.chrome/org.chromium.content.app.SandboxedProcessService24
10-31 22:58:09.831 12813 12813 E asset   : setgid: Operation not permitted
10-31 22:58:09.858 12807 12807 I SamplingProfilerIntegration: Profiling disabled.
10-31 22:58:09.865 12821 12821 W ThreadPoolForeg: type=1400 audit(0.0:19739): avc: denied { setattr } for name="model-info.pb" dev="dm-2" ino=1504888 scontext=u:r:isolated_app:s0:c512,c768 tcontext=u:object_r:app_data_file:s0:c512,c768 tclass=file permissive=0
10-31 22:58:09.871 12821 12821 W ThreadPoolForeg: type=1400 audit(0.0:19740): avc: denied { setattr } for name="model.tflite" dev="dm-2" ino=1504889 scontext=u:r:isolated_app:s0:c512,c768 tcontext=u:object_r:app_data_file:s0:c512,c768 tclass=file permissive=0
10-31 22:58:09.883 12777 12804 I chromium: [INFO:child_process_service.cc(69)] ChildProcessService: Exiting child process.
10-31 22:58:09.885   422   422 E lowmemorykiller: Error writing /proc/12777/oom_score_adj; errno=22
10-31 22:58:09.886   772 10893 I ActivityManager: Killing 12777:com.android.chrome:sandboxed_process22/u0a60i939 (adj 0): isolated not needed
10-31 22:58:09.887   772   790 W zygote64: failed to open /acct/uid_99939/pid_12777/cgroup.procs: No such file or directory
10-31 22:58:09.901   772   781 I zygote64: Background concurrent copying GC freed 95827(5MB) AllocSpace objects, 187(5MB) LOS objects, 42% free, 19MB/33MB, paused 257us total 162.983ms
10-31 22:58:09.916 12827 12827 E asset   : setgid: Operation not permitted
10-31 22:58:09.918 12793 12793 I cr_SplitCompatApp: Launched version=106.0.5249.79 minSdkVersion=24 isBundle=true processName=com.android.chrome:sandboxed_process23 isIsolated=true
10-31 22:58:09.923 12793 12793 W SystemServiceRegistry: No service published for: uimode
10-31 22:58:09.934 12063 12063 W chromium: [WARNING:compositor_view.cc(342)] Child process died (type=6) pid=12777)
10-31 22:58:09.940 12793 12793 I cr_ChildProcessService: Creating new ChildProcessService pid=12793
10-31 22:58:09.945 12807 12807 I cr_SplitCompatApp: Launched version=106.0.5249.79 minSdkVersion=24 isBundle=true processName=com.android.chrome:sandboxed_process24 isIsolated=true
10-31 22:58:09.950 12807 12807 W SystemServiceRegistry: No service published for: uimode
10-31 22:58:09.958 12793 12793 E WebViewFactory: can't load with relro file; address space not reserved
10-31 22:58:09.964 12807 12807 I cr_ChildProcessService: Creating new ChildProcessService pid=12807
10-31 22:58:09.976 12807 12807 E WebViewFactory: can't load with relro file; address space not reserved
10-31 22:58:09.979 12793 12828 I cr_LibraryLoader: Successfully loaded native library
10-31 22:58:09.980 12793 12828 I cr_CachingUmaRecorder: Flushed 3 samples from 3 histograms.
10-31 22:58:09.995 12807 12829 I cr_LibraryLoader: Successfully loaded native library
10-31 22:58:09.996 12807 12829 I cr_CachingUmaRecorder: Flushed 3 samples from 3 histograms.
10-31 22:58:10.005 12833 12833 W ThreadPoolForeg: type=1400 audit(0.0:19741): avc: denied { setattr } for name="model-info.pb" dev="dm-2" ino=1504895 scontext=u:r:isolated_app:s0:c512,c768 tcontext=u:object_r:app_data_file:s0:c512,c768 tclass=file permissive=0
10-31 22:58:10.008 12833 12833 W ThreadPoolForeg: type=1400 audit(0.0:19742): avc: denied { setattr } for name="model.tflite" dev="dm-2" ino=1504896 scontext=u:r:isolated_app:s0:c512,c768 tcontext=u:object_r:app_data_file:s0:c512,c768 tclass=file permissive=0
10-31 22:58:10.015 12793 12828 I chromium: [INFO:child_process_service.cc(69)] ChildProcessService: Exiting child process.
10-31 22:58:10.017   422   422 E lowmemorykiller: Error writing /proc/12793/oom_score_adj; errno=22
10-31 22:58:10.020   772  3037 I ActivityManager: Killing 12793:com.android.chrome:sandboxed_process23/u0a60i940 (adj 0): isolated not needed
10-31 22:58:10.023   772   790 W zygote64: failed to open /acct/uid_99940/pid_12793/cgroup.procs: No such file or directory
10-31 22:58:10.041 12838 12838 W ThreadPoolForeg: type=1400 audit(0.0:19743): avc: denied { setattr } for name="model-info.pb" dev="dm-2" ino=1504895 scontext=u:r:isolated_app:s0:c512,c768 tcontext=u:object_r:app_data_file:s0:c512,c768 tclass=file permissive=0
10-31 22:58:10.048 12838 12838 W ThreadPoolForeg: type=1400 audit(0.0:19744): avc: denied { setattr } for name="model.tflite" dev="dm-2" ino=1504899 scontext=u:r:isolated_app:s0:c512,c768 tcontext=u:object_r:app_data_file:s0:c512,c768 tclass=file permissive=0
10-31 22:58:10.052 12063 12063 W chromium: [WARNING:compositor_view.cc(342)] Child process died (type=6) pid=12793)
10-31 22:58:10.058 12807 12829 I chromium: [INFO:child_process_service.cc(69)] ChildProcessService: Exiting child process.
10-31 22:58:10.065   422   422 E lowmemorykiller: Error writing /proc/12807/oom_score_adj; errno=22
10-31 22:58:10.065   772  1324 I ActivityManager: Killing 12807:com.android.chrome:sandboxed_process24/u0a60i941 (adj 0): isolated not needed
10-31 22:58:10.070   772   790 W zygote64: failed to open /acct/uid_99941/pid_12807/cgroup.procs: No such file or directory
10-31 22:58:10.086 12063 12063 W chromium: [WARNING:compositor_view.cc(342)] Child process died (type=6) pid=12807)
10-31 22:58:10.185 29692 24764 I Icing   : Usage reports ok 5, Failed Usage reports 0, indexed 2, rejected 0
10-31 22:58:10.211   772  3037 I ActivityManager: Start proc 12842:com.google.android.tts/u0a72 for service com.google.android.tts/.service.GoogleTTSService
10-31 22:58:10.211 12063 12063 I TextToSpeech: Sucessfully bound to com.google.android.tts
10-31 22:58:10.339 12842 12842 I GAv4    : Google Analytics 10.0.84 is starting up. To enable debug logging on a device run:
10-31 22:58:10.339 12842 12842 I GAv4    :   adb shell setprop log.tag.GAv4 DEBUG
10-31 22:58:10.339 12842 12842 I GAv4    :   adb logcat -s GAv4
10-31 22:58:10.371 12842 12863 W GAv4    : CampaignTrackingReceiver is not registered, not exported or is disabled. Installation campaign tracking is not possible. See http://goo.gl/8Rd3yj for instructions.
10-31 22:58:10.432   772 32228 D CryptdConnector: SND -> {45 cryptfs getpwtype}
10-31 22:58:10.437   382   390 D VoldCryptCmdListener: cryptfs getpwtype
10-31 22:58:10.449   772   850 D CryptdConnector: RCV <- {213 45 default}
10-31 22:58:10.459 12842 12842 I TTS     : Cache cleared
10-31 22:58:10.471 12842 12842 I TTS     : Creating Google TTS service, version 3.12.9
10-31 22:58:10.474 12842 12842 I TTS     : Loading library tts_android_neon
10-31 22:58:10.664 12842 12842 I TTS     : Couldn't read preferred locale from settings.
10-31 22:58:10.671 12063 12063 I TextToSpeech: Connected to ComponentInfo{com.google.android.tts/com.google.android.tts.service.GoogleTTSService}
10-31 22:58:10.673 12842 12869 I TTS     : Initializing en-us-x-sfg-lstm-embedded from apk
10-31 22:58:10.677 12842 12854 I TTS     : Couldn't read preferred locale from settings.
10-31 22:58:10.699 12842 12854 I TTS     : Couldn't read preferred locale from settings.
10-31 22:58:10.713 12842 12854 I TTS     : For default lang en-us is name en-US-language (en-us-x-sfg-server)
10-31 22:58:10.713 12063 12131 I TextToSpeech: Set up connection to ComponentInfo{com.google.android.tts/com.google.android.tts.service.GoogleTTSService}
10-31 22:58:10.744 12842 12870 I TTS     : Couldn't read preferred locale from settings.
10-31 22:58:10.745 12842 12870 W TTS     : No local or network voice found, failing dispatch
10-31 22:58:10.745 12842 12870 W TTS     : Could not find voice for af
10-31 22:58:10.746 12842 12853 I TTS     : Couldn't read preferred locale from settings.
10-31 22:58:10.747 12842 12853 W TTS     : No local or network voice found, failing dispatch
10-31 22:58:10.747 12842 12853 W TTS     : Could not find voice for af_NA
10-31 22:58:10.748 12842 12854 I TTS     : Couldn't read preferred locale from settings.
10-31 22:58:10.749 12842 12854 W TTS     : No local or network voice found, failing dispatch
10-31 22:58:10.749 12842 12854 W TTS     : Could not find voice for af_ZA
10-31 22:58:10.749 12842 12847 I zygote  : Do partial code cache collection, code=28KB, data=26KB
10-31 22:58:10.750 12842 12870 I TTS     : Couldn't read preferred locale from settings.
10-31 22:58:10.750 12842 12847 I zygote  : After code cache collection, code=28KB, data=26KB
10-31 22:58:10.750 12842 12847 I zygote  : Increasing code cache capacity to 128KB
10-31 22:58:10.751 12842 12870 W TTS     : No local or network voice found, failing dispatch
10-31 22:58:10.751 12842 12870 W TTS     : Could not find voice for agq
10-31 22:58:10.751 12842 12853 I TTS     : Couldn't read preferred locale from settings.
10-31 22:58:10.752 12842 12853 W TTS     : No local or network voice found, failing dispatch
10-31 22:58:10.752 12842 12853 W TTS     : Could not find voice for agq_CM
10-31 22:58:10.753 12842 12854 I TTS     : Couldn't read preferred locale from settings.
10-31 22:58:10.754 12842 12854 W TTS     : No local or network voice found, failing dispatch
10-31 22:58:10.754 12842 12854 W TTS     : Could not find voice for ak
10-31 22:58:10.755 12842 12870 I TTS     : Couldn't read preferred locale from settings.
10-31 22:58:10.755 12842 12870 W TTS     : No local or network voice found, failing dispatch
10-31 22:58:10.755 12842 12870 W TTS     : Could not find voice for ak_GH
10-31 22:58:10.756 12842 12853 I TTS     : Couldn't read preferred locale from settings.
10-31 22:58:10.757 12842 12853 W TTS     : No local or network voice found, failing dispatch
10-31 22:58:10.757 12842 12853 W TTS     : Could not find voice for am
10-31 22:58:10.757 12842 12853 I TTS     : Couldn't read preferred locale from settings.
10-31 22:58:10.758 12842 12853 W TTS     : No local or network voice found, failing dispatch
10-31 22:58:10.758 12842 12853 W TTS     : Could not find voice for am_ET
10-31 22:58:10.759 12842 12870 I TTS     : Couldn't read preferred locale from settings.
10-31 22:58:10.759 12842 12870 W TTS     : No local or network voice found, failing dispatch
10-31 22:58:10.759 12842 12870 W TTS     : Could not find voice for ar
10-31 22:58:10.760 12842 12854 I TTS     : Couldn't read preferred locale from settings.
10-31 22:58:10.760 12842 12854 W TTS     : No local or network voice found, failing dispatch
10-31 22:58:10.760 12842 12854 W TTS     : Could not find voice for ar_001
10-31 22:58:10.761 12842 12853 I TTS     : Couldn't read preferred locale from settings.
10-31 22:58:10.761 12842 12853 W TTS     : No local or network voice found, failing dispatch
10-31 22:58:10.762 12842 12853 W TTS     : Could not find voice for ar_AE
10-31 22:58:10.762 12842 12870 I TTS     : Couldn't read preferred locale from settings.
10-31 22:58:10.763 12842 12870 W TTS     : No local or network voice found, failing dispatch
10-31 22:58:10.763 12842 12870 W TTS     : Could not find voice for ar_BH
10-31 22:58:10.764 12842 12854 I TTS     : Couldn't read preferred locale from settings.
10-31 22:58:10.764 12842 12854 W TTS     : No local or network voice found, failing dispatch
10-31 22:58:10.764 12842 12854 W TTS     : Could not find voice for ar_DJ
10-31 22:58:10.765 12842 12853 I TTS     : Couldn't read preferred locale from settings.
10-31 22:58:10.766 12842 12853 W TTS     : No local or network voice found, failing dispatch
10-31 22:58:10.766 12842 12853 W TTS     : Could not find voice for ar_DZ
10-31 22:58:10.766 12842 12854 I TTS     : Couldn't read preferred locale from settings.
10-31 22:58:10.767 12842 12854 W TTS     : No local or network voice found, failing dispatch
10-31 22:58:10.767 12842 12854 W TTS     : Could not find voice for ar_EG
10-31 22:58:10.768 12842 12870 I TTS     : Couldn't read preferred locale from settings.
10-31 22:58:10.768 12842 12870 W TTS     : No local or network voice found, failing dispatch
10-31 22:58:10.768 12842 12870 W TTS     : Could not find voice for ar_EH
10-31 22:58:10.769 12842 12873 I TTS     : Couldn't read preferred locale from settings.
10-31 22:58:10.770 12842 12873 W TTS     : No local or network voice found, failing dispatch
10-31 22:58:10.770 12842 12873 W TTS     : Could not find voice for ar_ER
10-31 22:58:10.772 12842 12853 I TTS     : Couldn't read preferred locale from settings.
