10-31 11:34:15.257   551   618 I ThermalEngine: ACTION: BATTERY - Setting battery charging mitigation to 3
10-31 11:34:17.000 26043 26043 W ResourceType: Failure getting entry for 0x7f010888 (t=0 e=2184) (error -75)
10-31 11:34:17.040 26043 26043 I chatty  : uid=10060(u0_a60) identical 7 lines
10-31 11:34:17.044 26043 26043 W ResourceType: Failure getting entry for 0x7f010888 (t=0 e=2184) (error -75)
10-31 11:34:17.047 26043 26043 I cr_TopSites: Start a new task.
10-31 11:34:17.048 26043 26107 I cr_TopSites: Serializing top sites lists finished; count: 9
10-31 11:34:17.055 26043 26107 I cr_TopSites: Finished saving top sites list to file:/data/user/0/com.android.chrome/app_top_sites/top_sites
10-31 11:34:37.708   772  3041 D WificondControl: Scan result ready event
10-31 11:34:52.635   772   791 E BatteryStatsService: no controller energy info supplied
10-31 11:34:53.292   772   791 E BatteryStatsService: no controller energy info supplied
10-31 11:34:54.077 26043 26043 I cr_media: Create MediaDrmBridge with level L3 and origin ED88198186ED860A19CF050DA85CE18F
10-31 11:34:54.085   361   361 W /system/bin/hwservicemanager: getTransportFromManifest: Cannot find entry android.hardware.drm@1.0::IDrmFactory in either framework or device manifest, using default transport.
10-31 11:34:54.115   562 19050 I DrmHal  : makeDrmFactories: using default drm instance
10-31 11:34:54.120   361   361 W /system/bin/hwservicemanager: getTransportFromManifest: Cannot find entry android.hardware.drm@1.0::IDrmFactory in either framework or device manifest, using default transport.
10-31 11:34:54.176   562   644 I DrmHal  : makeDrmFactories: using default drm instance
10-31 11:34:54.177   562  5487 D WVCdm   : Instantiating CDM.
10-31 11:34:54.184   562 28303 I WVCdm   : CdmEngine::QueryStatus
10-31 11:34:54.184   562 28303 I WVCdm   : Level3 Library 4445 May 19 2017 17:17:20
10-31 11:34:54.191   562 28303 D QSEECOMAPI: : QSEECom_get_handle sb_length = 0x19000
10-31 11:34:54.192   562 28303 D QSEECOMAPI: : App is not loaded in QSEE
10-31 11:34:54.240   562 28303 D QSEECOMAPI: : Loaded image: APP id = 1994
10-31 11:34:54.244   562 28303 D QSAPPSVER: qsapps_get_capabilities: Capability from secure side: 0x0
10-31 11:34:54.244   562 28303 D QSAPPSVER: qsapps_get_capabilities: returns 0
10-31 11:34:54.244   562 28303 E DrmWidevineDash: sion_buffer g_wv_fhandle->ion_sbuffer  0x0xef512000
10-31 11:34:54.248   372   376 D DrmLibTime: got the req here! ret=0
10-31 11:34:54.248   372   376 D DrmLibTime: command id, time_cmd_id = 770
10-31 11:34:54.248   372   376 D DrmLibTime: time_getutcsec starts!
10-31 11:34:54.248   372   376 D DrmLibTime: QSEE Time Listener: time_getutcsec
10-31 11:34:54.248   372   376 D DrmLibTime: QSEE Time Listener: get_utc_seconds
10-31 11:34:54.248   372   376 D DrmLibTime: QSEE Time Listener: time_get_modem_time
10-31 11:34:54.248   372   376 D DrmLibTime: QSEE Time Listener: Checking if ATS_MODEM is set or not.
10-31 11:34:54.248   372   376 D QC-time-services: Lib:time_genoff_operation: pargs->base = 13
10-31 11:34:54.248   372   376 D QC-time-services: Lib:time_genoff_operation: pargs->operation = 2
10-31 11:34:54.248   372   376 D QC-time-services: Lib:time_genoff_operation: pargs->ts_val = 0
10-31 11:34:54.248   372   376 D QC-time-services: Lib:time_genoff_operation: Send to server  passed!!
10-31 11:34:54.249   625   647 D QC-time-services: Daemon: Connection accepted:time_genoff
10-31 11:34:54.249   625 26961 D QC-time-services: Daemon:Received base = 13, unit = 1, operation = 2,value = 0
10-31 11:34:54.249   625 26961 D QC-time-services: Daemon:genoff_opr: Base = 13, val = 0, operation = 2
10-31 11:34:54.249   625 26961 D QC-time-services: offset is: 0 for base: 13
10-31 11:34:54.249   372   376 E QC-time-services: Receive Passed == base = 13, unit = 1, operation = 2, result = 0
10-31 11:34:54.249   372   376 D DrmLibTime: QSEE Time Listener: ATS_MODEM is not set. Fallback to Android system time.
10-31 11:34:54.249   372   376 D DrmLibTime: QSEE Time Listener: Retrieved Android system time: 1667212494
10-31 11:34:54.249   372   376 D DrmLibTime: time_getutcsec returns 0, sec = 1667212494; nsec = 0
10-31 11:34:54.249   372   376 D DrmLibTime: time_getutcsec finished! 
10-31 11:34:54.249   372   376 D DrmLibTime: iotcl_continue_command finished! and return 0 
10-31 11:34:54.249   372   376 D DrmLibTime: before calling ioctl to read the next time_cmd
10-31 11:34:54.249   625   647 E QC-time-services: Daemon: Time-services: Waiting to acceptconnection
10-31 11:34:54.278   562 28303 D WVCdm   : OEMCrypto_Initialize Level 1 success. I will use level 1.
10-31 11:34:54.279   562 28303 D QSEECOMAPI: : QSEECom_dealloc_memory 
10-31 11:34:54.279   562 28303 D QSEECOMAPI: : QSEECom_shutdown_app, app_id = 1994
10-31 11:34:54.290   562   562 I WVCdm   : CdmEngine::OpenSession
10-31 11:34:54.291   562   562 I WVCdm   : Level3 Library 4445 May 19 2017 17:17:20
10-31 11:34:54.295   562   562 D QSEECOMAPI: : QSEECom_get_handle sb_length = 0x19000
10-31 11:34:54.295   562   562 D QSEECOMAPI: : App is not loaded in QSEE
10-31 11:34:54.341   562   562 D QSEECOMAPI: : Loaded image: APP id = 1995
10-31 11:34:54.345   562   562 D QSAPPSVER: qsapps_get_capabilities: Capability from secure side: 0x0
10-31 11:34:54.345   562   562 D QSAPPSVER: qsapps_get_capabilities: returns 0
10-31 11:34:54.345   562   562 E DrmWidevineDash: sion_buffer g_wv_fhandle->ion_sbuffer  0x0xef512000
10-31 11:34:54.348   372   376 D DrmLibTime: got the req here! ret=0
10-31 11:34:54.348   372   376 D DrmLibTime: command id, time_cmd_id = 770
10-31 11:34:54.348   372   376 D DrmLibTime: time_getutcsec starts!
10-31 11:34:54.348   372   376 D DrmLibTime: QSEE Time Listener: time_getutcsec
10-31 11:34:54.348   372   376 D DrmLibTime: QSEE Time Listener: get_utc_seconds
10-31 11:34:54.348   372   376 D DrmLibTime: QSEE Time Listener: time_get_modem_time
10-31 11:34:54.348   372   376 D DrmLibTime: QSEE Time Listener: Checking if ATS_MODEM is set or not.
10-31 11:34:54.348   372   376 D QC-time-services: Lib:time_genoff_operation: pargs->base = 13
10-31 11:34:54.348   372   376 D QC-time-services: Lib:time_genoff_operation: pargs->operation = 2
10-31 11:34:54.349   372   376 D QC-time-services: Lib:time_genoff_operation: pargs->ts_val = 0
10-31 11:34:54.349   372   376 D QC-time-services: Lib:time_genoff_operation: Send to server  passed!!
10-31 11:34:54.349   625   647 D QC-time-services: Daemon: Connection accepted:time_genoff
10-31 11:34:54.349   625 26962 D QC-time-services: Daemon:Received base = 13, unit = 1, operation = 2,value = 0
10-31 11:34:54.349   625 26962 D QC-time-services: Daemon:genoff_opr: Base = 13, val = 0, operation = 2
10-31 11:34:54.349   625 26962 D QC-time-services: offset is: 0 for base: 13
10-31 11:34:54.350   372   376 E QC-time-services: Receive Passed == base = 13, unit = 1, operation = 2, result = 0
10-31 11:34:54.350   372   376 D DrmLibTime: QSEE Time Listener: ATS_MODEM is not set. Fallback to Android system time.
10-31 11:34:54.350   372   376 D DrmLibTime: QSEE Time Listener: Retrieved Android system time: 1667212494
10-31 11:34:54.350   372   376 D DrmLibTime: time_getutcsec returns 0, sec = 1667212494; nsec = 0
10-31 11:34:54.350   372   376 D DrmLibTime: time_getutcsec finished! 
10-31 11:34:54.350   372   376 D DrmLibTime: iotcl_continue_command finished! and return 0 
10-31 11:34:54.350   372   376 D DrmLibTime: before calling ioctl to read the next time_cmd
10-31 11:34:54.350   625   647 E QC-time-services: Daemon: Time-services: Waiting to acceptconnection
10-31 11:34:54.378   562   562 D WVCdm   : OEMCrypto_Initialize Level 1 success. I will use level 1.
10-31 11:34:54.378   562   562 D WVCdm   : CryptoSession::Open: Lock: requested_security_level: L3
10-31 11:34:54.385   562   562 W WVCdm   : DeviceFiles::RetrieveHashedFile: /data/mediadrm/IDM1013/L3/cert.bin does not exist
10-31 11:34:54.386   562   562 D QSEECOMAPI: : QSEECom_dealloc_memory 
10-31 11:34:54.386   562   562 D QSEECOMAPI: : QSEECom_shutdown_app, app_id = 1995
10-31 11:34:54.396   562 19050 I WVCdm   : Level3 Library 4445 May 19 2017 17:17:20
10-31 11:34:54.400   562 19050 D QSEECOMAPI: : QSEECom_get_handle sb_length = 0x19000
10-31 11:34:54.400   562 19050 D QSEECOMAPI: : App is not loaded in QSEE
10-31 11:34:54.446   562 19050 D QSEECOMAPI: : Loaded image: APP id = 1996
10-31 11:34:54.449   562 19050 D QSAPPSVER: qsapps_get_capabilities: Capability from secure side: 0x0
10-31 11:34:54.449   562 19050 D QSAPPSVER: qsapps_get_capabilities: returns 0
10-31 11:34:54.449   562 19050 E DrmWidevineDash: sion_buffer g_wv_fhandle->ion_sbuffer  0x0xef512000
10-31 11:34:54.453   372   376 D DrmLibTime: got the req here! ret=0
10-31 11:34:54.453   372   376 D DrmLibTime: command id, time_cmd_id = 770
10-31 11:34:54.453   372   376 D DrmLibTime: time_getutcsec starts!
10-31 11:34:54.453   372   376 D DrmLibTime: QSEE Time Listener: time_getutcsec
10-31 11:34:54.453   372   376 D DrmLibTime: QSEE Time Listener: get_utc_seconds
10-31 11:34:54.454   372   376 D DrmLibTime: QSEE Time Listener: time_get_modem_time
10-31 11:34:54.454   372   376 D DrmLibTime: QSEE Time Listener: Checking if ATS_MODEM is set or not.
10-31 11:34:54.454   372   376 D QC-time-services: Lib:time_genoff_operation: pargs->base = 13
10-31 11:34:54.454   372   376 D QC-time-services: Lib:time_genoff_operation: pargs->operation = 2
10-31 11:34:54.454   372   376 D QC-time-services: Lib:time_genoff_operation: pargs->ts_val = 0
10-31 11:34:54.454   372   376 D QC-time-services: Lib:time_genoff_operation: Send to server  passed!!
10-31 11:34:54.454   625   647 D QC-time-services: Daemon: Connection accepted:time_genoff
10-31 11:34:54.455   625 26963 D QC-time-services: Daemon:Received base = 13, unit = 1, operation = 2,value = 0
10-31 11:34:54.455   625 26963 D QC-time-services: Daemon:genoff_opr: Base = 13, val = 0, operation = 2
10-31 11:34:54.455   625 26963 D QC-time-services: offset is: 0 for base: 13
10-31 11:34:54.455   372   376 E QC-time-services: Receive Passed == base = 13, unit = 1, operation = 2, result = 0
10-31 11:34:54.455   372   376 D DrmLibTime: QSEE Time Listener: ATS_MODEM is not set. Fallback to Android system time.
10-31 11:34:54.455   372   376 D DrmLibTime: QSEE Time Listener: Retrieved Android system time: 1667212494
10-31 11:34:54.456   372   376 D DrmLibTime: time_getutcsec returns 0, sec = 1667212494; nsec = 0
10-31 11:34:54.456   372   376 D DrmLibTime: time_getutcsec finished! 
10-31 11:34:54.456   372   376 D DrmLibTime: iotcl_continue_command finished! and return 0 
10-31 11:34:54.456   372   376 D DrmLibTime: before calling ioctl to read the next time_cmd
10-31 11:34:54.456   625   647 E QC-time-services: Daemon: Time-services: Waiting to acceptconnection
10-31 11:34:54.497   562 19050 D WVCdm   : OEMCrypto_Initialize Level 1 success. I will use level 1.
10-31 11:34:54.497   562 19050 D WVCdm   : CryptoSession::Open: Lock: requested_security_level: L3
10-31 11:34:54.510 26043 26043 I cr_media: Provisioning origin ID ED88198186ED860A19CF050DA85CE18F
10-31 11:34:54.516 26043 26043 I Choreographer: Skipped 35 frames!  The application may be doing too much work on its main thread.
10-31 11:34:54.516 26043 26043 I MediaDrm: Drm event (1,0)
10-31 11:34:54.516 26043 26043 E cr_media: EventListener: No session for event 1.
10-31 11:34:54.820   562   644 D QSEECOMAPI: : QSEECom_dealloc_memory 
10-31 11:34:54.820   562   644 D QSEECOMAPI: : QSEECom_shutdown_app, app_id = 1996
10-31 11:34:54.833 26043 26043 I cr_media: Create MediaDrmBridge with level L1 and origin ED88198186ED860A19CF050DA85CE18F
10-31 11:34:54.835   361   361 W /system/bin/hwservicemanager: getTransportFromManifest: Cannot find entry android.hardware.drm@1.0::IDrmFactory in either framework or device manifest, using default transport.
10-31 11:34:54.837   562  5487 I DrmHal  : makeDrmFactories: using default drm instance
10-31 11:34:54.840   361   361 W /system/bin/hwservicemanager: getTransportFromManifest: Cannot find entry android.hardware.drm@1.0::IDrmFactory in either framework or device manifest, using default transport.
10-31 11:34:54.843   562   644 I DrmHal  : makeDrmFactories: using default drm instance
10-31 11:34:54.845   562 19051 I WVCdm   : CdmEngine::QueryStatus
10-31 11:34:54.845   562 19051 I WVCdm   : Level3 Library 4445 May 19 2017 17:17:20
10-31 11:34:54.850   562 19051 D QSEECOMAPI: : QSEECom_get_handle sb_length = 0x19000
10-31 11:34:54.850   562 19051 D QSEECOMAPI: : App is not loaded in QSEE
10-31 11:34:54.901   562 19051 D QSEECOMAPI: : Loaded image: APP id = 1997
10-31 11:34:54.904   562 19051 D QSAPPSVER: qsapps_get_capabilities: Capability from secure side: 0x0
10-31 11:34:54.904   562 19051 D QSAPPSVER: qsapps_get_capabilities: returns 0
10-31 11:34:54.904   562 19051 E DrmWidevineDash: sion_buffer g_wv_fhandle->ion_sbuffer  0x0xef4f4000
10-31 11:34:54.907   372   376 D DrmLibTime: got the req here! ret=0
10-31 11:34:54.907   372   376 D DrmLibTime: command id, time_cmd_id = 770
10-31 11:34:54.907   372   376 D DrmLibTime: time_getutcsec starts!
10-31 11:34:54.907   372   376 D DrmLibTime: QSEE Time Listener: time_getutcsec
10-31 11:34:54.907   372   376 D DrmLibTime: QSEE Time Listener: get_utc_seconds
10-31 11:34:54.907   372   376 D DrmLibTime: QSEE Time Listener: time_get_modem_time
10-31 11:34:54.907   372   376 D DrmLibTime: QSEE Time Listener: Checking if ATS_MODEM is set or not.
10-31 11:34:54.907   372   376 D QC-time-services: Lib:time_genoff_operation: pargs->base = 13
10-31 11:34:54.907   372   376 D QC-time-services: Lib:time_genoff_operation: pargs->operation = 2
10-31 11:34:54.907   372   376 D QC-time-services: Lib:time_genoff_operation: pargs->ts_val = 0
10-31 11:34:54.908   372   376 D QC-time-services: Lib:time_genoff_operation: Send to server  passed!!
10-31 11:34:54.908   625   647 D QC-time-services: Daemon: Connection accepted:time_genoff
10-31 11:34:54.908   625 26968 D QC-time-services: Daemon:Received base = 13, unit = 1, operation = 2,value = 0
10-31 11:34:54.908   625 26968 D QC-time-services: Daemon:genoff_opr: Base = 13, val = 0, operation = 2
10-31 11:34:54.908   625 26968 D QC-time-services: offset is: 0 for base: 13
10-31 11:34:54.908   372   376 E QC-time-services: Receive Passed == base = 13, unit = 1, operation = 2, result = 0
10-31 11:34:54.908   372   376 D DrmLibTime: QSEE Time Listener: ATS_MODEM is not set. Fallback to Android system time.
10-31 11:34:54.908   372   376 D DrmLibTime: QSEE Time Listener: Retrieved Android system time: 1667212494
10-31 11:34:54.908   372   376 D DrmLibTime: time_getutcsec returns 0, sec = 1667212494; nsec = 0
10-31 11:34:54.908   372   376 D DrmLibTime: time_getutcsec finished! 
10-31 11:34:54.908   372   376 D DrmLibTime: iotcl_continue_command finished! and return 0 
10-31 11:34:54.908   372   376 D DrmLibTime: before calling ioctl to read the next time_cmd
10-31 11:34:54.908   625   647 E QC-time-services: Daemon: Time-services: Waiting to acceptconnection
10-31 11:34:54.932   562 19051 D WVCdm   : OEMCrypto_Initialize Level 1 success. I will use level 1.
10-31 11:34:54.933   562 19051 D QSEECOMAPI: : QSEECom_dealloc_memory 
10-31 11:34:54.933   562 19051 D QSEECOMAPI: : QSEECom_shutdown_app, app_id = 1997
10-31 11:34:54.946   562 28303 I WVCdm   : CdmEngine::OpenSession
10-31 11:34:54.946   562 28303 I WVCdm   : Level3 Library 4445 May 19 2017 17:17:20
10-31 11:34:54.950   562 28303 D QSEECOMAPI: : QSEECom_get_handle sb_length = 0x19000
10-31 11:34:54.950   562 28303 D QSEECOMAPI: : App is not loaded in QSEE
10-31 11:34:54.995   562 28303 D QSEECOMAPI: : Loaded image: APP id = 1998
10-31 11:34:54.999   562 28303 D QSAPPSVER: qsapps_get_capabilities: Capability from secure side: 0x0
10-31 11:34:54.999   562 28303 D QSAPPSVER: qsapps_get_capabilities: returns 0
10-31 11:34:54.999   562 28303 E DrmWidevineDash: sion_buffer g_wv_fhandle->ion_sbuffer  0x0xef4f4000
10-31 11:34:55.003   372   376 D DrmLibTime: got the req here! ret=0
10-31 11:34:55.003   372   376 D DrmLibTime: command id, time_cmd_id = 770
10-31 11:34:55.003   372   376 D DrmLibTime: time_getutcsec starts!
10-31 11:34:55.003   372   376 D DrmLibTime: QSEE Time Listener: time_getutcsec
10-31 11:34:55.003   372   376 D DrmLibTime: QSEE Time Listener: get_utc_seconds
10-31 11:34:55.003   372   376 D DrmLibTime: QSEE Time Listener: time_get_modem_time
10-31 11:34:55.003   372   376 D DrmLibTime: QSEE Time Listener: Checking if ATS_MODEM is set or not.
10-31 11:34:55.003   372   376 D QC-time-services: Lib:time_genoff_operation: pargs->base = 13
10-31 11:34:55.003   372   376 D QC-time-services: Lib:time_genoff_operation: pargs->operation = 2
10-31 11:34:55.003   372   376 D QC-time-services: Lib:time_genoff_operation: pargs->ts_val = 0
10-31 11:34:55.004   372   376 D QC-time-services: Lib:time_genoff_operation: Send to server  passed!!
10-31 11:34:55.004   625   647 D QC-time-services: Daemon: Connection accepted:time_genoff
10-31 11:34:55.005   625 26969 D QC-time-services: Daemon:Received base = 13, unit = 1, operation = 2,value = 0
10-31 11:34:55.005   625 26969 D QC-time-services: Daemon:genoff_opr: Base = 13, val = 0, operation = 2
10-31 11:34:55.005   625 26969 D QC-time-services: offset is: 0 for base: 13
10-31 11:34:55.005   372   376 E QC-time-services: Receive Passed == base = 13, unit = 1, operation = 2, result = 0
10-31 11:34:55.005   372   376 D DrmLibTime: QSEE Time Listener: ATS_MODEM is not set. Fallback to Android system time.
10-31 11:34:55.005   372   376 D DrmLibTime: QSEE Time Listener: Retrieved Android system time: 1667212495
10-31 11:34:55.005   372   376 D DrmLibTime: time_getutcsec returns 0, sec = 1667212495; nsec = 0
10-31 11:34:55.005   372   376 D DrmLibTime: time_getutcsec finished! 
10-31 11:34:55.005   372   376 D DrmLibTime: iotcl_continue_command finished! and return 0 
10-31 11:34:55.005   372   376 D DrmLibTime: before calling ioctl to read the next time_cmd
10-31 11:34:55.006   625   647 E QC-time-services: Daemon: Time-services: Waiting to acceptconnection
10-31 11:34:55.034   562 28303 D WVCdm   : OEMCrypto_Initialize Level 1 success. I will use level 1.
10-31 11:34:55.034   562 28303 D WVCdm   : CryptoSession::Open: Lock: requested_security_level: Default
10-31 11:34:55.037   562 28303 W WVCdm   : DeviceFiles::RetrieveHashedFile: /data/mediadrm/IDM1013/L1/cert.bin does not exist
10-31 11:34:55.039   562 28303 D QSEECOMAPI: : QSEECom_dealloc_memory 
10-31 11:34:55.039   562 28303 D QSEECOMAPI: : QSEECom_shutdown_app, app_id = 1998
10-31 11:34:55.049   562 19050 I WVCdm   : Level3 Library 4445 May 19 2017 17:17:20
10-31 11:34:55.058   562 19050 D QSEECOMAPI: : QSEECom_get_handle sb_length = 0x19000
10-31 11:34:55.058   562 19050 D QSEECOMAPI: : App is not loaded in QSEE
10-31 11:34:55.118   562 19050 D QSEECOMAPI: : Loaded image: APP id = 1999
10-31 11:34:55.121   562 19050 D QSAPPSVER: qsapps_get_capabilities: Capability from secure side: 0x0
10-31 11:34:55.121   562 19050 D QSAPPSVER: qsapps_get_capabilities: returns 0
10-31 11:34:55.121   562 19050 E DrmWidevineDash: sion_buffer g_wv_fhandle->ion_sbuffer  0x0xef530000
10-31 11:34:55.124   372   376 D DrmLibTime: got the req here! ret=0
10-31 11:34:55.124   372   376 D DrmLibTime: command id, time_cmd_id = 770
10-31 11:34:55.124   372   376 D DrmLibTime: time_getutcsec starts!
10-31 11:34:55.125   372   376 D DrmLibTime: QSEE Time Listener: time_getutcsec
10-31 11:34:55.125   372   376 D DrmLibTime: QSEE Time Listener: get_utc_seconds
10-31 11:34:55.125   372   376 D DrmLibTime: QSEE Time Listener: time_get_modem_time
10-31 11:34:55.125   372   376 D DrmLibTime: QSEE Time Listener: Checking if ATS_MODEM is set or not.
10-31 11:34:55.125   372   376 D QC-time-services: Lib:time_genoff_operation: pargs->base = 13
10-31 11:34:55.125   372   376 D QC-time-services: Lib:time_genoff_operation: pargs->operation = 2
10-31 11:34:55.125   372   376 D QC-time-services: Lib:time_genoff_operation: pargs->ts_val = 0
10-31 11:34:55.125   372   376 D QC-time-services: Lib:time_genoff_operation: Send to server  passed!!
10-31 11:34:55.125   625   647 D QC-time-services: Daemon: Connection accepted:time_genoff
10-31 11:34:55.125   625 26970 D QC-time-services: Daemon:Received base = 13, unit = 1, operation = 2,value = 0
10-31 11:34:55.125   625 26970 D QC-time-services: Daemon:genoff_opr: Base = 13, val = 0, operation = 2
10-31 11:34:55.125   625 26970 D QC-time-services: offset is: 0 for base: 13
10-31 11:34:55.125   372   376 E QC-time-services: Receive Passed == base = 13, unit = 1, operation = 2, result = 0
10-31 11:34:55.125   372   376 D DrmLibTime: QSEE Time Listener: ATS_MODEM is not set. Fallback to Android system time.
10-31 11:34:55.125   372   376 D DrmLibTime: QSEE Time Listener: Retrieved Android system time: 1667212495
10-31 11:34:55.125   372   376 D DrmLibTime: time_getutcsec returns 0, sec = 1667212495; nsec = 0
10-31 11:34:55.125   372   376 D DrmLibTime: time_getutcsec finished! 
10-31 11:34:55.125   372   376 D DrmLibTime: iotcl_continue_command finished! and return 0 
10-31 11:34:55.125   372   376 D DrmLibTime: before calling ioctl to read the next time_cmd
10-31 11:34:55.126   625   647 E QC-time-services: Daemon: Time-services: Waiting to acceptconnection
10-31 11:34:55.151   562 19050 D WVCdm   : OEMCrypto_Initialize Level 1 success. I will use level 1.
10-31 11:34:55.151   562 19050 D WVCdm   : CryptoSession::Open: Lock: requested_security_level: Default
10-31 11:34:55.225   562 19050 E DrmWidevineDash: OEMCrypto_GenerateSignature : input wrapped_rsa_key == NULL!, return short buffer
10-31 11:34:55.227 26043 26043 I cr_media: Provisioning origin ID ED88198186ED860A19CF050DA85CE18F
10-31 11:34:55.244 26043 26043 I MediaDrm: Drm event (1,0)
10-31 11:34:55.244 26043 26043 E cr_media: EventListener: No session for event 1.
10-31 11:34:55.268   562  5487 E DrmWidevineDash: OEMCrypto_RewrapDeviceRSAKey : input wrapped_rsa_key == NULL!, return short buffer
10-31 11:34:55.287   562  5487 D QSEECOMAPI: : QSEECom_dealloc_memory 
10-31 11:34:55.287   562  5487 D QSEECOMAPI: : QSEECom_shutdown_app, app_id = 1999
10-31 11:34:55.304 26043 26043 I cr_media: Create MediaDrmBridge with level L3 and origin 709B76218583E8A847DE18B64CCDEC28
10-31 11:34:55.306   361   361 W /system/bin/hwservicemanager: getTransportFromManifest: Cannot find entry android.hardware.drm@1.0::IDrmFactory in either framework or device manifest, using default transport.
10-31 11:34:55.355   562 28303 I DrmHal  : makeDrmFactories: using default drm instance
10-31 11:34:55.361   361   361 W /system/bin/hwservicemanager: getTransportFromManifest: Cannot find entry android.hardware.drm@1.0::IDrmFactory in either framework or device manifest, using default transport.
10-31 11:34:55.422   562 28303 I DrmHal  : makeDrmFactories: using default drm instance
10-31 11:34:55.423   562  5487 D WVCdm   : Instantiating CDM.
10-31 11:34:55.425   562   644 I WVCdm   : CdmEngine::QueryStatus
10-31 11:34:55.425   562   644 I WVCdm   : Level3 Library 4445 May 19 2017 17:17:20
10-31 11:34:55.430   562   644 D QSEECOMAPI: : QSEECom_get_handle sb_length = 0x19000
10-31 11:34:55.430   562   644 D QSEECOMAPI: : App is not loaded in QSEE
10-31 11:34:55.484   562   644 D QSEECOMAPI: : Loaded image: APP id = 2000
10-31 11:34:55.487   562   644 D QSAPPSVER: qsapps_get_capabilities: Capability from secure side: 0x0
10-31 11:34:55.487   562   644 D QSAPPSVER: qsapps_get_capabilities: returns 0
10-31 11:34:55.487   562   644 E DrmWidevineDash: sion_buffer g_wv_fhandle->ion_sbuffer  0x0xef50c000
10-31 11:34:55.492   372   376 D DrmLibTime: got the req here! ret=0
10-31 11:34:55.492   372   376 D DrmLibTime: command id, time_cmd_id = 770
10-31 11:34:55.492   372   376 D DrmLibTime: time_getutcsec starts!
10-31 11:34:55.492   372   376 D DrmLibTime: QSEE Time Listener: time_getutcsec
10-31 11:34:55.492   372   376 D DrmLibTime: QSEE Time Listener: get_utc_seconds
10-31 11:34:55.492   372   376 D DrmLibTime: QSEE Time Listener: time_get_modem_time
10-31 11:34:55.492   372   376 D DrmLibTime: QSEE Time Listener: Checking if ATS_MODEM is set or not.
10-31 11:34:55.492   372   376 D QC-time-services: Lib:time_genoff_operation: pargs->base = 13
10-31 11:34:55.492   372   376 D QC-time-services: Lib:time_genoff_operation: pargs->operation = 2
10-31 11:34:55.492   372   376 D QC-time-services: Lib:time_genoff_operation: pargs->ts_val = 0
10-31 11:34:55.492   372   376 D QC-time-services: Lib:time_genoff_operation: Send to server  passed!!
10-31 11:34:55.492   625   647 D QC-time-services: Daemon: Connection accepted:time_genoff
10-31 11:34:55.493   625 26975 D QC-time-services: Daemon:Received base = 13, unit = 1, operation = 2,value = 0
10-31 11:34:55.493   625 26975 D QC-time-services: Daemon:genoff_opr: Base = 13, val = 0, operation = 2
10-31 11:34:55.493   625 26975 D QC-time-services: offset is: 0 for base: 13
10-31 11:34:55.493   372   376 E QC-time-services: Receive Passed == base = 13, unit = 1, operation = 2, result = 0
10-31 11:34:55.493   372   376 D DrmLibTime: QSEE Time Listener: ATS_MODEM is not set. Fallback to Android system time.
10-31 11:34:55.493   372   376 D DrmLibTime: QSEE Time Listener: Retrieved Android system time: 1667212495
10-31 11:34:55.493   372   376 D DrmLibTime: time_getutcsec returns 0, sec = 1667212495; nsec = 0
10-31 11:34:55.493   372   376 D DrmLibTime: time_getutcsec finished! 
10-31 11:34:55.493   372   376 D DrmLibTime: iotcl_continue_command finished! and return 0 
10-31 11:34:55.493   372   376 D DrmLibTime: before calling ioctl to read the next time_cmd
10-31 11:34:55.493   625   647 E QC-time-services: Daemon: Time-services: Waiting to acceptconnection
10-31 11:34:55.519   562   644 D WVCdm   : OEMCrypto_Initialize Level 1 success. I will use level 1.
10-31 11:34:55.520   562   644 D QSEECOMAPI: : QSEECom_dealloc_memory 
10-31 11:34:55.520   562   644 D QSEECOMAPI: : QSEECom_shutdown_app, app_id = 2000
10-31 11:34:55.533   562 19051 I WVCdm   : CdmEngine::OpenSession
10-31 11:34:55.533   562 19051 I WVCdm   : Level3 Library 4445 May 19 2017 17:17:20
10-31 11:34:55.537   562 19051 D QSEECOMAPI: : QSEECom_get_handle sb_length = 0x19000
10-31 11:34:55.537   562 19051 D QSEECOMAPI: : App is not loaded in QSEE
10-31 11:34:55.582   562 19051 D QSEECOMAPI: : Loaded image: APP id = 2001
10-31 11:34:55.586   562 19051 D QSAPPSVER: qsapps_get_capabilities: Capability from secure side: 0x0
10-31 11:34:55.586   562 19051 D QSAPPSVER: qsapps_get_capabilities: returns 0
10-31 11:34:55.586   562 19051 E DrmWidevineDash: sion_buffer g_wv_fhandle->ion_sbuffer  0x0xef50c000
10-31 11:34:55.590   372   376 D DrmLibTime: got the req here! ret=0
10-31 11:34:55.590   372   376 D DrmLibTime: command id, time_cmd_id = 770
10-31 11:34:55.591   372   376 D DrmLibTime: time_getutcsec starts!
10-31 11:34:55.591   372   376 D DrmLibTime: QSEE Time Listener: time_getutcsec
10-31 11:34:55.591   372   376 D DrmLibTime: QSEE Time Listener: get_utc_seconds
10-31 11:34:55.591   372   376 D DrmLibTime: QSEE Time Listener: time_get_modem_time
10-31 11:34:55.591   372   376 D DrmLibTime: QSEE Time Listener: Checking if ATS_MODEM is set or not.
10-31 11:34:55.591   372   376 D QC-time-services: Lib:time_genoff_operation: pargs->base = 13
10-31 11:34:55.591   372   376 D QC-time-services: Lib:time_genoff_operation: pargs->operation = 2
10-31 11:34:55.591   372   376 D QC-time-services: Lib:time_genoff_operation: pargs->ts_val = 0
10-31 11:34:55.591   372   376 D QC-time-services: Lib:time_genoff_operation: Send to server  passed!!
10-31 11:34:55.591   625   647 D QC-time-services: Daemon: Connection accepted:time_genoff
10-31 11:34:55.592   625 26976 D QC-time-services: Daemon:Received base = 13, unit = 1, operation = 2,value = 0
10-31 11:34:55.592   625 26976 D QC-time-services: Daemon:genoff_opr: Base = 13, val = 0, operation = 2
10-31 11:34:55.592   625 26976 D QC-time-services: offset is: 0 for base: 13
10-31 11:34:55.592   372   376 E QC-time-services: Receive Passed == base = 13, unit = 1, operation = 2, result = 0
10-31 11:34:55.593   372   376 D DrmLibTime: QSEE Time Listener: ATS_MODEM is not set. Fallback to Android system time.
10-31 11:34:55.593   372   376 D DrmLibTime: QSEE Time Listener: Retrieved Android system time: 1667212495
10-31 11:34:55.593   372   376 D DrmLibTime: time_getutcsec returns 0, sec = 1667212495; nsec = 0
10-31 11:34:55.593   372   376 D DrmLibTime: time_getutcsec finished! 
10-31 11:34:55.593   372   376 D DrmLibTime: iotcl_continue_command finished! and return 0 
10-31 11:34:55.593   372   376 D DrmLibTime: before calling ioctl to read the next time_cmd
10-31 11:34:55.594   625   647 E QC-time-services: Daemon: Time-services: Waiting to acceptconnection
10-31 11:34:55.625   562 19051 D WVCdm   : OEMCrypto_Initialize Level 1 success. I will use level 1.
10-31 11:34:55.625   562 19051 D WVCdm   : CryptoSession::Open: Lock: requested_security_level: L3
10-31 11:34:55.632   562 19051 W WVCdm   : DeviceFiles::RetrieveHashedFile: /data/mediadrm/IDM1013/L3/cert.bin does not exist
10-31 11:34:55.633   562 19051 D QSEECOMAPI: : QSEECom_dealloc_memory 
10-31 11:34:55.634   562 19051 D QSEECOMAPI: : QSEECom_shutdown_app, app_id = 2001
10-31 11:34:55.644   562  5487 I WVCdm   : Level3 Library 4445 May 19 2017 17:17:20
10-31 11:34:55.650   562  5487 D QSEECOMAPI: : QSEECom_get_handle sb_length = 0x19000
10-31 11:34:55.650   562  5487 D QSEECOMAPI: : App is not loaded in QSEE
10-31 11:34:55.697   562  5487 D QSEECOMAPI: : Loaded image: APP id = 2002
10-31 11:34:55.700   562  5487 D QSAPPSVER: qsapps_get_capabilities: Capability from secure side: 0x0
10-31 11:34:55.700   562  5487 D QSAPPSVER: qsapps_get_capabilities: returns 0
10-31 11:34:55.700   562  5487 E DrmWidevineDash: sion_buffer g_wv_fhandle->ion_sbuffer  0x0xef50c000
10-31 11:34:55.705   372   376 D DrmLibTime: got the req here! ret=0
10-31 11:34:55.705   372   376 D DrmLibTime: command id, time_cmd_id = 770
10-31 11:34:55.705   372   376 D DrmLibTime: time_getutcsec starts!
10-31 11:34:55.705   372   376 D DrmLibTime: QSEE Time Listener: time_getutcsec
10-31 11:34:55.705   372   376 D DrmLibTime: QSEE Time Listener: get_utc_seconds
10-31 11:34:55.705   372   376 D DrmLibTime: QSEE Time Listener: time_get_modem_time
10-31 11:34:55.705   372   376 D DrmLibTime: QSEE Time Listener: Checking if ATS_MODEM is set or not.
10-31 11:34:55.705   372   376 D QC-time-services: Lib:time_genoff_operation: pargs->base = 13
10-31 11:34:55.705   372   376 D QC-time-services: Lib:time_genoff_operation: pargs->operation = 2
10-31 11:34:55.705   372   376 D QC-time-services: Lib:time_genoff_operation: pargs->ts_val = 0
10-31 11:34:55.706   372   376 D QC-time-services: Lib:time_genoff_operation: Send to server  passed!!
10-31 11:34:55.706   625   647 D QC-time-services: Daemon: Connection accepted:time_genoff
10-31 11:34:55.707   625 26977 D QC-time-services: Daemon:Received base = 13, unit = 1, operation = 2,value = 0
10-31 11:34:55.707   625 26977 D QC-time-services: Daemon:genoff_opr: Base = 13, val = 0, operation = 2
10-31 11:34:55.707   625 26977 D QC-time-services: offset is: 0 for base: 13
10-31 11:34:55.707   372   376 E QC-time-services: Receive Passed == base = 13, unit = 1, operation = 2, result = 0
10-31 11:34:55.707   372   376 D DrmLibTime: QSEE Time Listener: ATS_MODEM is not set. Fallback to Android system time.
10-31 11:34:55.707   372   376 D DrmLibTime: QSEE Time Listener: Retrieved Android system time: 1667212495
10-31 11:34:55.707   372   376 D DrmLibTime: time_getutcsec returns 0, sec = 1667212495; nsec = 0
10-31 11:34:55.707   372   376 D DrmLibTime: time_getutcsec finished! 
10-31 11:34:55.707   372   376 D DrmLibTime: iotcl_continue_command finished! and return 0 
10-31 11:34:55.707   372   376 D DrmLibTime: before calling ioctl to read the next time_cmd
10-31 11:34:55.709   625   647 E QC-time-services: Daemon: Time-services: Waiting to acceptconnection
10-31 11:34:55.743   562  5487 D WVCdm   : OEMCrypto_Initialize Level 1 success. I will use level 1.
10-31 11:34:55.743   562  5487 D WVCdm   : CryptoSession::Open: Lock: requested_security_level: L3
10-31 11:34:55.758 26043 26043 I cr_media: Provisioning origin ID 709B76218583E8A847DE18B64CCDEC28
10-31 11:34:55.761 26043 26043 I MediaDrm: Drm event (1,0)
10-31 11:34:55.761 26043 26043 E cr_media: EventListener: No session for event 1.
10-31 11:34:55.811 26978 26978 E /system/bin/webview_zygote32: failed to make and chown /acct/uid_99237: Permission denied
10-31 11:34:55.812 26978 26978 E Zygote  : createProcessGroup(99237, 0) failed: Permission denied
10-31 11:34:55.815   772  4540 I ActivityManager: Start proc 26978:com.android.chrome:sandboxed_process30/u0i237 for webview_service com.android.chrome/org.chromium.content.app.SandboxedProcessService30
10-31 11:34:55.828   562   562 D QSEECOMAPI: : QSEECom_dealloc_memory 
10-31 11:34:55.828   562   562 D QSEECOMAPI: : QSEECom_shutdown_app, app_id = 2002
10-31 11:34:55.843 26978 26978 I SamplingProfilerIntegration: Profiling disabled.
10-31 11:34:55.845 26043 26043 I cr_media: Create MediaDrmBridge with level L1 and origin 709B76218583E8A847DE18B64CCDEC28
10-31 11:34:55.848   361   361 W /system/bin/hwservicemanager: getTransportFromManifest: Cannot find entry android.hardware.drm@1.0::IDrmFactory in either framework or device manifest, using default transport.
10-31 11:34:55.852   562 19050 I DrmHal  : makeDrmFactories: using default drm instance
10-31 11:34:55.855   361   361 W /system/bin/hwservicemanager: getTransportFromManifest: Cannot find entry android.hardware.drm@1.0::IDrmFactory in either framework or device manifest, using default transport.
10-31 11:34:55.860   562  5487 I DrmHal  : makeDrmFactories: using default drm instance
10-31 11:34:55.862   562   644 I WVCdm   : CdmEngine::QueryStatus
10-31 11:34:55.862   562   644 I WVCdm   : Level3 Library 4445 May 19 2017 17:17:20
10-31 11:34:55.866 26995 26995 E asset   : setgid: Operation not permitted
10-31 11:34:55.867   562   644 D QSEECOMAPI: : QSEECom_get_handle sb_length = 0x19000
10-31 11:34:55.867   562   644 D QSEECOMAPI: : App is not loaded in QSEE
10-31 11:34:55.895 26978 26978 I cr_SplitCompatApp: Launched version=106.0.5249.79 minSdkVersion=24 isBundle=true processName=com.android.chrome:sandboxed_process30 isIsolated=true
10-31 11:34:55.901 26978 26978 W SystemServiceRegistry: No service published for: uimode
10-31 11:34:55.910 26978 26978 I cr_ChildProcessService: Creating new ChildProcessService pid=26978
10-31 11:34:55.916   562   644 D QSEECOMAPI: : Loaded image: APP id = 2003
10-31 11:34:55.917 26978 26978 E WebViewFactory: can't load with relro file; address space not reserved
10-31 11:34:55.919   562   644 D QSAPPSVER: qsapps_get_capabilities: Capability from secure side: 0x0
10-31 11:34:55.919   562   644 D QSAPPSVER: qsapps_get_capabilities: returns 0
10-31 11:34:55.919   562   644 E DrmWidevineDash: sion_buffer g_wv_fhandle->ion_sbuffer  0x0xef4ee000
10-31 11:34:55.923   372   376 D DrmLibTime: got the req here! ret=0
10-31 11:34:55.923   372   376 D DrmLibTime: command id, time_cmd_id = 770
10-31 11:34:55.923   372   376 D DrmLibTime: time_getutcsec starts!
10-31 11:34:55.923   372   376 D DrmLibTime: QSEE Time Listener: time_getutcsec
10-31 11:34:55.923   372   376 D DrmLibTime: QSEE Time Listener: get_utc_seconds
10-31 11:34:55.923   372   376 D DrmLibTime: QSEE Time Listener: time_get_modem_time
10-31 11:34:55.923   372   376 D DrmLibTime: QSEE Time Listener: Checking if ATS_MODEM is set or not.
10-31 11:34:55.923   372   376 D QC-time-services: Lib:time_genoff_operation: pargs->base = 13
10-31 11:34:55.923   372   376 D QC-time-services: Lib:time_genoff_operation: pargs->operation = 2
10-31 11:34:55.923   372   376 D QC-time-services: Lib:time_genoff_operation: pargs->ts_val = 0
10-31 11:34:55.924   372   376 D QC-time-services: Lib:time_genoff_operation: Send to server  passed!!
10-31 11:34:55.924   625   647 D QC-time-services: Daemon: Connection accepted:time_genoff
10-31 11:34:55.924   625 26997 D QC-time-services: Daemon:Received base = 13, unit = 1, operation = 2,value = 0
10-31 11:34:55.924   625 26997 D QC-time-services: Daemon:genoff_opr: Base = 13, val = 0, operation = 2
10-31 11:34:55.924   625 26997 D QC-time-services: offset is: 0 for base: 13
10-31 11:34:55.924   372   376 E QC-time-services: Receive Passed == base = 13, unit = 1, operation = 2, result = 0
10-31 11:34:55.924   372   376 D DrmLibTime: QSEE Time Listener: ATS_MODEM is not set. Fallback to Android system time.
10-31 11:34:55.924   372   376 D DrmLibTime: QSEE Time Listener: Retrieved Android system time: 1667212495
10-31 11:34:55.924   372   376 D DrmLibTime: time_getutcsec returns 0, sec = 1667212495; nsec = 0
10-31 11:34:55.924   372   376 D DrmLibTime: time_getutcsec finished! 
10-31 11:34:55.924   372   376 D DrmLibTime: iotcl_continue_command finished! and return 0 
10-31 11:34:55.924   372   376 D DrmLibTime: before calling ioctl to read the next time_cmd
10-31 11:34:55.925   625   647 E QC-time-services: Daemon: Time-services: Waiting to acceptconnection
10-31 11:34:55.939 26978 26996 I cr_LibraryLoader: Successfully loaded native library
10-31 11:34:55.940 26978 26996 I cr_CachingUmaRecorder: Flushed 3 samples from 3 histograms.
10-31 11:34:55.951   562   644 D WVCdm   : OEMCrypto_Initialize Level 1 success. I will use level 1.
10-31 11:34:55.952   562   644 D QSEECOMAPI: : QSEECom_dealloc_memory 
10-31 11:34:55.952   562   644 D QSEECOMAPI: : QSEECom_shutdown_app, app_id = 2003
10-31 11:34:55.965   562  5487 I WVCdm   : CdmEngine::OpenSession
10-31 11:34:55.966   562  5487 I WVCdm   : Level3 Library 4445 May 19 2017 17:17:20
10-31 11:34:55.971 27001 27001 W ThreadPoolForeg: type=1400 audit(0.0:13831): avc: denied { setattr } for name="LICENSE.txt" dev="dm-2" ino=1505083 scontext=u:r:isolated_app:s0:c512,c768 tcontext=u:object_r:app_data_file:s0:c512,c768 tclass=file permissive=0
10-31 11:34:55.971   562  5487 D QSEECOMAPI: : QSEECom_get_handle sb_length = 0x19000
10-31 11:34:55.971   562  5487 D QSEECOMAPI: : App is not loaded in QSEE
10-31 11:34:55.974 27001 27001 W ThreadPoolForeg: type=1400 audit(0.0:13832): avc: denied { setattr } for name=46696C746572696E672052756C6573 dev="dm-2" ino=1505084 scontext=u:r:isolated_app:s0:c512,c768 tcontext=u:object_r:app_data_file:s0:c512,c768 tclass=file permissive=0
10-31 11:34:55.974 27001 27001 W ThreadPoolForeg: type=1400 audit(0.0:13833): avc: denied { setattr } for name="manifest.json" dev="dm-2" ino=1505085 scontext=u:r:isolated_app:s0:c512,c768 tcontext=u:object_r:app_data_file:s0:c512,c768 tclass=file permissive=0
10-31 11:34:55.977 27001 27001 W ThreadPoolForeg: type=1400 audit(0.0:13834): avc: denied { setattr } for name="verified_contents.json" dev="dm-2" ino=1505087 scontext=u:r:isolated_app:s0:c512,c768 tcontext=u:object_r:app_data_file:s0:c512,c768 tclass=file permissive=0
10-31 11:34:55.984 26978 26996 I chromium: [INFO:child_process_service.cc(69)] ChildProcessService: Exiting child process.
10-31 11:34:55.986   422   422 E lowmemorykiller: Error writing /proc/26978/oom_score_adj; errno=22
10-31 11:34:55.986   772   996 I ActivityManager: Killing 26978:com.android.chrome:sandboxed_process30/u0a60i237 (adj 0): isolated not needed
10-31 11:34:55.987   772   790 W zygote64: failed to open /acct/uid_99237/pid_26978/cgroup.procs: No such file or directory
10-31 11:34:56.020   562  5487 D QSEECOMAPI: : Loaded image: APP id = 2004
10-31 11:34:56.023   562  5487 D QSAPPSVER: qsapps_get_capabilities: Capability from secure side: 0x0
10-31 11:34:56.023   562  5487 D QSAPPSVER: qsapps_get_capabilities: returns 0
10-31 11:34:56.023   562  5487 E DrmWidevineDash: sion_buffer g_wv_fhandle->ion_sbuffer  0x0xef4ee000
10-31 11:34:56.027   372   376 D DrmLibTime: got the req here! ret=0
10-31 11:34:56.027   372   376 D DrmLibTime: command id, time_cmd_id = 770
10-31 11:34:56.027   372   376 D DrmLibTime: time_getutcsec starts!
10-31 11:34:56.027   372   376 D DrmLibTime: QSEE Time Listener: time_getutcsec
10-31 11:34:56.027   372   376 D DrmLibTime: QSEE Time Listener: get_utc_seconds
10-31 11:34:56.027   372   376 D DrmLibTime: QSEE Time Listener: time_get_modem_time
10-31 11:34:56.027   372   376 D DrmLibTime: QSEE Time Listener: Checking if ATS_MODEM is set or not.
10-31 11:34:56.027   372   376 D QC-time-services: Lib:time_genoff_operation: pargs->base = 13
10-31 11:34:56.027   372   376 D QC-time-services: Lib:time_genoff_operation: pargs->operation = 2
10-31 11:34:56.027   372   376 D QC-time-services: Lib:time_genoff_operation: pargs->ts_val = 0
10-31 11:34:56.027   372   376 D QC-time-services: Lib:time_genoff_operation: Send to server  passed!!
10-31 11:34:56.027   625   647 D QC-time-services: Daemon: Connection accepted:time_genoff
10-31 11:34:56.028   625 27004 D QC-time-services: Daemon:Received base = 13, unit = 1, operation = 2,value = 0
10-31 11:34:56.028   625 27004 D QC-time-services: Daemon:genoff_opr: Base = 13, val = 0, operation = 2
10-31 11:34:56.028   625 27004 D QC-time-services: offset is: 0 for base: 13
10-31 11:34:56.028   372   376 E QC-time-services: Receive Passed == base = 13, unit = 1, operation = 2, result = 0
10-31 11:34:56.028   372   376 D DrmLibTime: QSEE Time Listener: ATS_MODEM is not set. Fallback to Android system time.
10-31 11:34:56.028   372   376 D DrmLibTime: QSEE Time Listener: Retrieved Android system time: 1667212496
10-31 11:34:56.028   372   376 D DrmLibTime: time_getutcsec returns 0, sec = 1667212496; nsec = 0
10-31 11:34:56.028   372   376 D DrmLibTime: time_getutcsec finished! 
10-31 11:34:56.028   372   376 D DrmLibTime: iotcl_continue_command finished! and return 0 
10-31 11:34:56.028   372   376 D DrmLibTime: before calling ioctl to read the next time_cmd
10-31 11:34:56.028   625   647 E QC-time-services: Daemon: Time-services: Waiting to acceptconnection
10-31 11:34:56.054   562  5487 D WVCdm   : OEMCrypto_Initialize Level 1 success. I will use level 1.
10-31 11:34:56.054   562  5487 D WVCdm   : CryptoSession::Open: Lock: requested_security_level: Default
10-31 11:34:56.057   562  5487 W WVCdm   : DeviceFiles::RetrieveHashedFile: /data/mediadrm/IDM1013/L1/cert.bin does not exist
10-31 11:34:56.059   562  5487 D QSEECOMAPI: : QSEECom_dealloc_memory 
10-31 11:34:56.059   562  5487 D QSEECOMAPI: : QSEECom_shutdown_app, app_id = 2004
10-31 11:34:56.070   562 28303 I WVCdm   : Level3 Library 4445 May 19 2017 17:17:20
10-31 11:34:56.076   562 28303 D QSEECOMAPI: : QSEECom_get_handle sb_length = 0x19000
10-31 11:34:56.076   562 28303 D QSEECOMAPI: : App is not loaded in QSEE
10-31 11:34:56.123   562 28303 D QSEECOMAPI: : Loaded image: APP id = 2005
10-31 11:34:56.127   562 28303 D QSAPPSVER: qsapps_get_capabilities: Capability from secure side: 0x0
10-31 11:34:56.127   562 28303 D QSAPPSVER: qsapps_get_capabilities: returns 0
10-31 11:34:56.127   562 28303 E DrmWidevineDash: sion_buffer g_wv_fhandle->ion_sbuffer  0x0xef52a000
10-31 11:34:56.131   372   376 D DrmLibTime: got the req here! ret=0
10-31 11:34:56.131   372   376 D DrmLibTime: command id, time_cmd_id = 770
10-31 11:34:56.131   372   376 D DrmLibTime: time_getutcsec starts!
10-31 11:34:56.131   372   376 D DrmLibTime: QSEE Time Listener: time_getutcsec
10-31 11:34:56.131   372   376 D DrmLibTime: QSEE Time Listener: get_utc_seconds
10-31 11:34:56.131   372   376 D DrmLibTime: QSEE Time Listener: time_get_modem_time
10-31 11:34:56.131   372   376 D DrmLibTime: QSEE Time Listener: Checking if ATS_MODEM is set or not.
10-31 11:34:56.131   372   376 D QC-time-services: Lib:time_genoff_operation: pargs->base = 13
10-31 11:34:56.131   372   376 D QC-time-services: Lib:time_genoff_operation: pargs->operation = 2
10-31 11:34:56.131   372   376 D QC-time-services: Lib:time_genoff_operation: pargs->ts_val = 0
10-31 11:34:56.131   372   376 D QC-time-services: Lib:time_genoff_operation: Send to server  passed!!
10-31 11:34:56.131   625   647 D QC-time-services: Daemon: Connection accepted:time_genoff
10-31 11:34:56.132   625 27005 D QC-time-services: Daemon:Received base = 13, unit = 1, operation = 2,value = 0
10-31 11:34:56.132   625 27005 D QC-time-services: Daemon:genoff_opr: Base = 13, val = 0, operation = 2
10-31 11:34:56.132   625 27005 D QC-time-services: offset is: 0 for base: 13
10-31 11:34:56.132   372   376 E QC-time-services: Receive Passed == base = 13, unit = 1, operation = 2, result = 0
10-31 11:34:56.132   372   376 D DrmLibTime: QSEE Time Listener: ATS_MODEM is not set. Fallback to Android system time.
10-31 11:34:56.132   372   376 D DrmLibTime: QSEE Time Listener: Retrieved Android system time: 1667212496
10-31 11:34:56.132   372   376 D DrmLibTime: time_getutcsec returns 0, sec = 1667212496; nsec = 0
10-31 11:34:56.132   372   376 D DrmLibTime: time_getutcsec finished! 
10-31 11:34:56.132   372   376 D DrmLibTime: iotcl_continue_command finished! and return 0 
10-31 11:34:56.132   372   376 D DrmLibTime: before calling ioctl to read the next time_cmd
10-31 11:34:56.133   625   647 E QC-time-services: Daemon: Time-services: Waiting to acceptconnection
10-31 11:34:56.163   562 28303 D WVCdm   : OEMCrypto_Initialize Level 1 success. I will use level 1.
10-31 11:34:56.163   562 28303 D WVCdm   : CryptoSession::Open: Lock: requested_security_level: Default
10-31 11:34:56.249   562 28303 E DrmWidevineDash: OEMCrypto_GenerateSignature : input wrapped_rsa_key == NULL!, return short buffer
10-31 11:34:56.251 26043 26043 I cr_media: Provisioning origin ID 709B76218583E8A847DE18B64CCDEC28
10-31 11:34:56.253 26043 26043 W chromium: [WARNING:compositor_view.cc(342)] Child process died (type=6) pid=26978)
10-31 11:34:56.259 26043 26043 I MediaDrm: Drm event (1,0)
10-31 11:34:56.259 26043 26043 E cr_media: EventListener: No session for event 1.
10-31 11:34:56.291   562 19050 E DrmWidevineDash: OEMCrypto_RewrapDeviceRSAKey : input wrapped_rsa_key == NULL!, return short buffer
10-31 11:34:56.307   562 19050 D QSEECOMAPI: : QSEECom_dealloc_memory 
10-31 11:34:56.307   562 19050 D QSEECOMAPI: : QSEECom_shutdown_app, app_id = 2005
10-31 11:34:57.841 27007 27007 E /system/bin/webview_zygote32: failed to make and chown /acct/uid_99238: Permission denied
10-31 11:34:57.841 27007 27007 E Zygote  : createProcessGroup(99238, 0) failed: Permission denied
10-31 11:34:57.843   772 13071 I ActivityManager: Start proc 27007:com.android.chrome:sandboxed_process31/u0i238 for webview_service com.android.chrome/org.chromium.content.app.SandboxedProcessService31
10-31 11:34:57.857 27007 27007 I SamplingProfilerIntegration: Profiling disabled.
10-31 11:34:57.879 27020 27020 E asset   : setgid: Operation not permitted
10-31 11:34:57.908 27007 27007 I cr_SplitCompatApp: Launched version=106.0.5249.79 minSdkVersion=24 isBundle=true processName=com.android.chrome:sandboxed_process31 isIsolated=true
10-31 11:34:57.914 27007 27007 W SystemServiceRegistry: No service published for: uimode
10-31 11:34:57.924 27007 27007 I cr_ChildProcessService: Creating new ChildProcessService pid=27007
10-31 11:34:57.933 27007 27007 E WebViewFactory: can't load with relro file; address space not reserved
10-31 11:34:57.944 27007 27022 I cr_LibraryLoader: Successfully loaded native library
10-31 11:34:57.946 27007 27022 I cr_CachingUmaRecorder: Flushed 3 samples from 3 histograms.
10-31 11:34:58.014 27026 27026 W ThreadPoolForeg: type=1400 audit(0.0:13835): avc: denied { setattr } for name="tl_en-us_2022-10-24_484508980_100000_index.bin" dev="dm-2" ino=1505094 scontext=u:r:isolated_app:s0:c512,c768 tcontext=u:object_r:app_data_file:s0:c512,c768 tclass=file permissive=0
10-31 11:34:58.014 27026 27026 W ThreadPoolForeg: type=1400 audit(0.0:13836): avc: denied { setattr } for name="manifest.json" dev="dm-2" ino=1505105 scontext=u:r:isolated_app:s0:c512,c768 tcontext=u:object_r:app_data_file:s0:c512,c768 tclass=file permissive=0
10-31 11:34:58.017 27026 27026 W ThreadPoolForeg: type=1400 audit(0.0:13837): avc: denied { setattr } for name="verified_contents.json" dev="dm-2" ino=1505107 scontext=u:r:isolated_app:s0:c512,c768 tcontext=u:object_r:app_data_file:s0:c512,c768 tclass=file permissive=0
10-31 11:34:58.025 27007 27022 I chromium: [INFO:child_process_service.cc(69)] ChildProcessService: Exiting child process.
10-31 11:34:58.029   422   422 E lowmemorykiller: Error writing /proc/27007/oom_score_adj; errno=22
10-31 11:34:58.030   772  1324 I ActivityManager: Killing 27007:com.android.chrome:sandboxed_process31/u0a60i238 (adj 0): isolated not needed
10-31 11:34:58.034   772   790 W zygote64: failed to open /acct/uid_99238/pid_27007/cgroup.procs: No such file or directory
10-31 11:34:58.043 26043 26043 W chromium: [WARNING:compositor_view.cc(342)] Child process died (type=6) pid=27007)
10-31 11:34:59.973 27029 27029 E /system/bin/webview_zygote32: failed to make and chown /acct/uid_99239: Permission denied
10-31 11:34:59.973 27029 27029 E Zygote  : createProcessGroup(99239, 0) failed: Permission denied
10-31 11:34:59.974   772   784 I ActivityManager: Start proc 27029:com.android.chrome:sandboxed_process32/u0i239 for webview_service com.android.chrome/org.chromium.content.app.SandboxedProcessService32
10-31 11:34:59.991 27029 27029 I SamplingProfilerIntegration: Profiling disabled.
10-31 11:35:00.015 27042 27042 E asset   : setgid: Operation not permitted
10-31 11:35:00.051 27029 27029 I cr_SplitCompatApp: Launched version=106.0.5249.79 minSdkVersion=24 isBundle=true processName=com.android.chrome:sandboxed_process32 isIsolated=true
10-31 11:35:00.058 27029 27029 W SystemServiceRegistry: No service published for: uimode
10-31 11:35:00.074 27029 27029 I cr_ChildProcessService: Creating new ChildProcessService pid=27029
10-31 11:35:00.084 27029 27029 E WebViewFactory: can't load with relro file; address space not reserved
