10-31 11:35:00.095 27029 27043 I cr_LibraryLoader: Successfully loaded native library
10-31 11:35:00.096 27029 27043 I cr_CachingUmaRecorder: Flushed 3 samples from 3 histograms.
10-31 11:35:00.124 27048 27048 W ThreadPoolForeg: type=1400 audit(0.0:13838): avc: denied { setattr } for name="optimization-hints.pb" dev="dm-2" ino=1505111 scontext=u:r:isolated_app:s0:c512,c768 tcontext=u:object_r:app_data_file:s0:c512,c768 tclass=file permissive=0
10-31 11:35:00.127 27048 27048 W ThreadPoolForeg: type=1400 audit(0.0:13839): avc: denied { setattr } for name="manifest.json" dev="dm-2" ino=1505112 scontext=u:r:isolated_app:s0:c512,c768 tcontext=u:object_r:app_data_file:s0:c512,c768 tclass=file permissive=0
10-31 11:35:00.134 27048 27048 W ThreadPoolForeg: type=1400 audit(0.0:13840): avc: denied { setattr } for name="verified_contents.json" dev="dm-2" ino=1505114 scontext=u:r:isolated_app:s0:c512,c768 tcontext=u:object_r:app_data_file:s0:c512,c768 tclass=file permissive=0
10-31 11:35:00.144 27029 27043 I chromium: [INFO:child_process_service.cc(69)] ChildProcessService: Exiting child process.
10-31 11:35:00.147   422   422 E lowmemorykiller: Error writing /proc/27029/oom_score_adj; errno=22
10-31 11:35:00.149   772  1327 I ActivityManager: Killing 27029:com.android.chrome:sandboxed_process32/u0a60i239 (adj 0): isolated not needed
10-31 11:35:00.149   772   790 W zygote64: failed to open /acct/uid_99239/pid_27029/cgroup.procs: No such file or directory
10-31 11:35:00.162 26043 26043 W chromium: [WARNING:compositor_view.cc(342)] Child process died (type=6) pid=27029)
10-31 11:35:02.537 27051 27051 E /system/bin/webview_zygote32: failed to make and chown /acct/uid_99240: Permission denied
10-31 11:35:02.537 27051 27051 E Zygote  : createProcessGroup(99240, 0) failed: Permission denied
10-31 11:35:02.541   772   784 I ActivityManager: Start proc 27051:com.android.chrome:sandboxed_process33/u0i240 for webview_service com.android.chrome/org.chromium.content.app.SandboxedProcessService33
10-31 11:35:02.557 27051 27051 I SamplingProfilerIntegration: Profiling disabled.
10-31 11:35:02.579 27064 27064 E asset   : setgid: Operation not permitted
10-31 11:35:02.614 27051 27051 I cr_SplitCompatApp: Launched version=106.0.5249.79 minSdkVersion=24 isBundle=true processName=com.android.chrome:sandboxed_process33 isIsolated=true
10-31 11:35:02.621 27051 27051 W SystemServiceRegistry: No service published for: uimode
10-31 11:35:02.633 27051 27051 I cr_ChildProcessService: Creating new ChildProcessService pid=27051
10-31 11:35:02.641 27051 27051 E WebViewFactory: can't load with relro file; address space not reserved
10-31 11:35:02.653 27051 27066 I cr_LibraryLoader: Successfully loaded native library
10-31 11:35:02.655 27051 27066 I cr_CachingUmaRecorder: Flushed 3 samples from 3 histograms.
10-31 11:35:02.684 27070 27070 W ThreadPoolForeg: type=1400 audit(0.0:13841): avc: denied { setattr } for name="ssl_error_assistant.pb" dev="dm-2" ino=1505118 scontext=u:r:isolated_app:s0:c512,c768 tcontext=u:object_r:app_data_file:s0:c512,c768 tclass=file permissive=0
10-31 11:35:02.684 27070 27070 W ThreadPoolForeg: type=1400 audit(0.0:13842): avc: denied { setattr } for name="ssl_error_assistant.pb" dev="dm-2" ino=1505118 scontext=u:r:isolated_app:s0:c512,c768 tcontext=u:object_r:app_data_file:s0:c512,c768 tclass=file permissive=0
10-31 11:35:02.687 27070 27070 W ThreadPoolForeg: type=1400 audit(0.0:13843): avc: denied { setattr } for name="manifest.json" dev="dm-2" ino=1505119 scontext=u:r:isolated_app:s0:c512,c768 tcontext=u:object_r:app_data_file:s0:c512,c768 tclass=file permissive=0
10-31 11:35:02.697 27070 27070 W ThreadPoolForeg: type=1400 audit(0.0:13844): avc: denied { setattr } for name="verified_contents.json" dev="dm-2" ino=1505121 scontext=u:r:isolated_app:s0:c512,c768 tcontext=u:object_r:app_data_file:s0:c512,c768 tclass=file permissive=0
10-31 11:35:02.703 27051 27066 I chromium: [INFO:child_process_service.cc(69)] ChildProcessService: Exiting child process.
10-31 11:35:02.705   422   422 E lowmemorykiller: Error writing /proc/27051/oom_score_adj; errno=22
10-31 11:35:02.706   772   784 I ActivityManager: Killing 27051:com.android.chrome:sandboxed_process33/u0a60i240 (adj 0): isolated not needed
10-31 11:35:02.706   772   790 W zygote64: failed to open /acct/uid_99240/pid_27051/cgroup.procs: No such file or directory
10-31 11:35:02.717 26043 26043 W chromium: [WARNING:compositor_view.cc(342)] Child process died (type=6) pid=27051)
10-31 11:35:02.914   772   791 E BatteryStatsService: no controller energy info supplied
10-31 11:35:02.914   772   791 E BatteryStatsService: no controller energy info supplied
10-31 11:35:05.492 27077 27077 E /system/bin/webview_zygote32: failed to make and chown /acct/uid_99241: Permission denied
10-31 11:35:05.492 27077 27077 E Zygote  : createProcessGroup(99241, 0) failed: Permission denied
10-31 11:35:05.500   772   996 I ActivityManager: Start proc 27077:com.android.chrome:sandboxed_process34/u0i241 for webview_service com.android.chrome/org.chromium.content.app.SandboxedProcessService34
10-31 11:35:05.513 27077 27077 I SamplingProfilerIntegration: Profiling disabled.
10-31 11:35:05.532 27090 27090 E asset   : setgid: Operation not permitted
10-31 11:35:05.564 27077 27077 I cr_SplitCompatApp: Launched version=106.0.5249.79 minSdkVersion=24 isBundle=true processName=com.android.chrome:sandboxed_process34 isIsolated=true
10-31 11:35:05.570 27077 27077 W SystemServiceRegistry: No service published for: uimode
10-31 11:35:05.581 27077 27077 I cr_ChildProcessService: Creating new ChildProcessService pid=27077
10-31 11:35:05.591 27077 27077 E WebViewFactory: can't load with relro file; address space not reserved
10-31 11:35:05.603 27077 27091 I cr_LibraryLoader: Successfully loaded native library
10-31 11:35:05.604 27077 27091 I cr_CachingUmaRecorder: Flushed 3 samples from 3 histograms.
10-31 11:35:05.631 27094 27094 W ThreadPoolForeg: type=1400 audit(0.0:13845): avc: denied { setattr } for name="download_file_types.pb" dev="dm-2" ino=1505124 scontext=u:r:isolated_app:s0:c512,c768 tcontext=u:object_r:app_data_file:s0:c512,c768 tclass=file permissive=0
10-31 11:35:05.631 27094 27094 W ThreadPoolForeg: type=1400 audit(0.0:13846): avc: denied { setattr } for name="download_file_types.pb" dev="dm-2" ino=1505124 scontext=u:r:isolated_app:s0:c512,c768 tcontext=u:object_r:app_data_file:s0:c512,c768 tclass=file permissive=0
10-31 11:35:05.634 27094 27094 W ThreadPoolForeg: type=1400 audit(0.0:13847): avc: denied { setattr } for name="manifest.json" dev="dm-2" ino=1505125 scontext=u:r:isolated_app:s0:c512,c768 tcontext=u:object_r:app_data_file:s0:c512,c768 tclass=file permissive=0
10-31 11:35:05.637 27094 27094 W ThreadPoolForeg: type=1400 audit(0.0:13848): avc: denied { setattr } for name="verified_contents.json" dev="dm-2" ino=1505127 scontext=u:r:isolated_app:s0:c512,c768 tcontext=u:object_r:app_data_file:s0:c512,c768 tclass=file permissive=0
10-31 11:35:05.646 27077 27091 I chromium: [INFO:child_process_service.cc(69)] ChildProcessService: Exiting child process.
10-31 11:35:05.649   422   422 E lowmemorykiller: Error writing /proc/27077/oom_score_adj; errno=22
10-31 11:35:05.650   772   996 I ActivityManager: Killing 27077:com.android.chrome:sandboxed_process34/u0a60i241 (adj 0): isolated not needed
10-31 11:35:05.651   772   790 W zygote64: failed to open /acct/uid_99241/pid_27077/cgroup.procs: No such file or directory
10-31 11:35:05.671 26043 26043 W chromium: [WARNING:compositor_view.cc(342)] Child process died (type=6) pid=27077)
10-31 11:35:08.472   772 32228 I ActivityManager: Force stopping com.android.chrome appid=10060 user=0: from pid 27109
10-31 11:35:08.472   772 32228 I ActivityManager: Killing 26117:com.android.chrome:privileged_process0/u0a60 (adj 0): stop com.android.chrome
10-31 11:35:08.473   772 32228 W ActivityManager: Scheduling restart of crashed service com.android.chrome/org.chromium.content.app.PrivilegedProcessService0 in 1000ms
10-31 11:35:08.479   772 32228 I ActivityManager: Killing 26043:com.android.chrome/u0a60 (adj 0): stop com.android.chrome
10-31 11:35:08.482 26605 26605 I cr_ChildProcessService: Destroying ChildProcessService pid=26605
10-31 11:35:08.484   772 32228 I ActivityManager: Killing 26605:com.android.chrome:sandboxed_process17/u0a60i224 (adj 0): isolated not needed
10-31 11:35:08.486   772 32228 W ActivityManager: Force removing ActivityRecord{862d8b0 u0 com.android.chrome/com.google.android.apps.chrome.Main t719}: app died, no saved state
10-31 11:35:08.488 26087 26087 I cr_ChildProcessService: Destroying ChildProcessService pid=26087
10-31 11:35:08.489 12667 12667 I TTS     : Flushing cache
10-31 11:35:08.490 13542 13542 D BoundBrokerSvc: onUnbind: Intent { act=com.google.android.gms.auth.key.retrieval.service.START dat=chimera-action:com.google.android.gms.auth.key.retrieval.service.START cmp=com.google.android.gms/.chimera.GmsApiService }
10-31 11:35:08.491   772 32228 I WindowManager: Failed to capture screenshot of Token{83c1329 ActivityRecord{862d8b0 u0 com.android.chrome/com.google.android.apps.chrome.Main t719 f}} appWin=Window{f03a555 u0 com.android.chrome/com.google.android.apps.chrome.Main} drawState=4
10-31 11:35:08.500   772 32228 I ActivityManager: Killing 26087:com.android.chrome:sandboxed_process0/u0a60i207 (adj 0): isolated not needed
10-31 11:35:08.505 16024 16024 I MemoryTrimmer: Trimming objects from memory, since app is in the background.
10-31 11:35:08.515  1311  1311 D CarrierSvcBindHelper: No carrier app for: 0
10-31 11:35:08.531  2964  2964 D RegisteredNfcFServicesCache: Service unchanged, not updating
10-31 11:35:08.536   772   798 W ProcessCpuTracker: Skipping unknown process pid 27107
10-31 11:35:08.537   772   798 W ProcessCpuTracker: Skipping unknown process pid 27109
10-31 11:35:08.547 13325 13387 I Adreno  : QUALCOMM build                   : 7142022, Ib5823dd10c
10-31 11:35:08.547 13325 13387 I Adreno  : Build Date                       : 06/23/17
10-31 11:35:08.547 13325 13387 I Adreno  : OpenGL ES Shader Compiler Version: EV031.18.00.00
10-31 11:35:08.547 13325 13387 I Adreno  : Local Branch                     : O11A
10-31 11:35:08.547 13325 13387 I Adreno  : Remote Branch                    : 
10-31 11:35:08.547 13325 13387 I Adreno  : Remote Branch                    : 
10-31 11:35:08.547 13325 13387 I Adreno  : Reconstruct Branch               : 
10-31 11:35:08.550 13325 13387 I vndksupport: sphal namespace is not configured for this process. Loading /vendor/lib64/hw/gralloc.msm8992.so from the current namespace instead.
10-31 11:35:08.554 13325 13387 I Adreno  : PFP: 0x00000000, ME: 0x00000000
10-31 11:35:08.557   772  1259 D ConnectivityService: ConnectivityService NetworkRequestInfo binderDied(NetworkRequest [ LISTEN id=1747, [ Capabilities: INTERNET&NOT_RESTRICTED&TRUSTED&FOREGROUND] ], android.os.BinderProxy@820cb21)
10-31 11:35:08.557   772   785 D ConnectivityService: ConnectivityService NetworkRequestInfo binderDied(NetworkRequest [ LISTEN id=1748, [ Capabilities: INTERNET&NOT_RESTRICTED&TRUSTED&FOREGROUND] ], android.os.BinderProxy@60bb46)
10-31 11:35:08.557   772 20193 D ConnectivityService: ConnectivityService NetworkRequestInfo binderDied(NetworkRequest [ LISTEN id=1749, [ Capabilities: INTERNET&NOT_RESTRICTED&TRUSTED&FOREGROUND] ], android.os.BinderProxy@634107)
10-31 11:35:08.558   772   862 E ConnectivityService: RemoteException caught trying to send a callback msg for NetworkRequest [ LISTEN id=1749, [ Capabilities: INTERNET&NOT_RESTRICTED&TRUSTED&FOREGROUND] ]
10-31 11:35:08.560 13325 13387 I OpenGLRenderer: Initialized EGL, version 1.4
10-31 11:35:08.560 13325 13387 D OpenGLRenderer: Swap behavior 2
10-31 11:35:08.562   772   862 E ConnectivityService: RemoteException caught trying to send a callback msg for NetworkRequest [ LISTEN id=1747, [ Capabilities: INTERNET&NOT_RESTRICTED&TRUSTED&FOREGROUND] ]
10-31 11:35:08.566   772   862 E ConnectivityService: RemoteException caught trying to send a callback msg for NetworkRequest [ LISTEN id=1748, [ Capabilities: INTERNET&NOT_RESTRICTED&TRUSTED&FOREGROUND] ]
10-31 11:35:08.567   772   797 W ActivityManager: setHasOverlayUi called on unknown pid: 26043
10-31 11:35:08.588   772   790 W zygote64: failed to open /acct/uid_99224/pid_26605/cgroup.procs: No such file or directory
10-31 11:35:08.588   772   790 W zygote64: failed to open /acct/uid_99207/pid_26087/cgroup.procs: No such file or directory
10-31 11:35:08.613   772  1327 W ActivityManager: Unable to start service Intent { act=com.google.android.gms.speech.service.START pkg=com.google.android.gms } U=0: not found
10-31 11:35:08.614   772 10895 W ActivityManager: Unbind failed: could not find connection for android.os.BinderProxy@7f2b2cd
10-31 11:35:08.615 16024 17045 E GmsClient: unable to connect to service: com.google.android.gms.speech.service.START on com.google.android.gms
10-31 11:35:08.631 16024 16036 W SessionLifecycleManager: Handover failed. Creating new session controller.
10-31 11:35:08.635 16024 16024 I OptInState: There is a new client and it does not support opt-in. Dropping request.
10-31 11:35:08.677 16024 16024 I MicroDetectionWorker: #updateMicroDetector [detectionMode: [mDetectionMode: [1]]]
10-31 11:35:08.677 16024 16024 I MicroDetectionWorker: #startMicroDetector [speakerMode: 0]
10-31 11:35:08.682 16024 16024 I MicroDetectionWorker: onReady
10-31 11:35:08.685 16024 17161 I MicroRecognitionRunner: Starting detection.
10-31 11:35:08.686 16024 16058 I MicrophoneInputStream: mic_starting com.google.android.apps.gsa.speech.audio.af@9ebd820
10-31 11:35:08.687   556   556 W DeviceHAL: Device 0xefa2d000 open_input_stream: Invalid argument
10-31 11:35:08.689   556 27123 I AudioFlinger: AudioFlinger's thread 0xec603e00 tid=27123 ready to run
10-31 11:35:08.703   556   753 I SoundTriggerHwService::Module: onCallbackEvent no clients
10-31 11:35:08.704 16024 16058 I MicrophoneInputStream: mic_started com.google.android.apps.gsa.speech.audio.af@9ebd820
10-31 11:35:08.707   556 27124 D sound_trigger_platform: platform_stdev_check_and_update_concurrency: concurrency active 0, tx 1, rx 0, concurrency session_allowed 0
10-31 11:35:08.707   556 27124 D audio_hw_primary: enable_snd_device: snd_device(72: voice-rec-mic)
10-31 11:35:08.718   556 27124 D audio_hw_primary: enable_audio_route: usecase(9) apply and update mixer path: audio-record
10-31 11:35:08.783 16024 16024 I MicroDetectionWorker: onReady
10-31 11:35:09.105 13325 13387 W OpenGLRenderer: Incorrectly called buildLayer on View: ShortcutAndWidgetContainer, destroying layer...
10-31 11:35:09.445 27113 27113 D AndroidRuntime: >>>>>> START com.android.internal.os.RuntimeInit uid 2000 <<<<<<
10-31 11:35:09.864 27113 27113 D AndroidRuntime: Calling main entry com.android.commands.pm.Pm
10-31 11:35:09.875   772 13021 I ActivityManager: Force stopping com.android.chrome appid=10060 user=0: clear data
10-31 11:35:09.878   772   788 I ActivityManager: Force stopping com.android.chrome appid=10060 user=-1: clearApplicationUserData
10-31 11:35:09.949   560   560 I keystore: clear_uid 10060
10-31 11:35:09.968  1311  1311 D CarrierSvcBindHelper: No carrier app for: 0
10-31 11:35:09.974 27113 27113 I app_process: System.exit called, status: 0
10-31 11:35:09.974 27113 27113 I AndroidRuntime: VM exiting with result code 0.
10-31 11:35:09.974   772   787 W ResourceType: No known package when getting value for resource number 0x7f0904db
10-31 11:35:09.975   772   787 W ResourceType: No known package when getting value for resource number 0x7f140670
10-31 11:35:09.975   772   787 W ResourceType: No known package when getting value for resource number 0x7f0904da
10-31 11:35:09.975   772   787 W ResourceType: No known package when getting value for resource number 0x7f14018b
10-31 11:35:09.975   772   787 W ResourceType: No known package when getting value for resource number 0x7f14066f
10-31 11:35:09.975   772   787 W ResourceType: No known package when getting value for resource number 0x7f140434
10-31 11:35:09.975   772   787 E ShortcutService: Ignoring excessive intent tag.
10-31 11:35:09.982  2964  2964 D RegisteredNfcFServicesCache: Service unchanged, not updating
10-31 11:35:10.008  3960 27139 I Fitness : FitCleanupIntentOperation received Intent android.intent.action.PACKAGE_DATA_CLEARED [CONTEXT service_id=17 ]
10-31 11:35:10.037 13542 17498 I Icing   : doRemovePackageData com.android.chrome
10-31 11:35:10.037 13542 17498 I Icing   : Removing corpus key com.android.chrome-omnibox for package com.android.chrome
10-31 11:35:10.053 13542 17498 I native  : I0000 00:00:1667212510.053853   17498 flash-index.cc:1535] Flash index sort hb 9 prefix-hits 16 -> 14 at 8.717ms
10-31 11:35:10.092 13542 17498 I Icing   : Removing corpus key com.android.chrome-.implicit: for package com.android.chrome
10-31 11:35:10.167 13542 17498 I Icing   : updateResources: need to parse anue{com.android.chrome}
10-31 11:35:10.242 13542 17498 I Icing   : Indexing com.android.chrome-omnibox from com.android.chrome
10-31 11:35:10.262   772 13022 I ActivityManager: Start proc 27163:com.android.chrome/u0a60 for content provider com.android.chrome/com.google.android.apps.chrome.icing.IcingProvider
10-31 11:35:10.301   772  2969 I ActivityManager: Force stopping com.android.chrome appid=10060 user=0: from pid 27175
10-31 11:35:10.301   772  2969 I ActivityManager: Killing 27163:com.android.chrome/u0a60 (adj 200): stop com.android.chrome
10-31 11:35:10.317   772  2969 I ActivityManager: Start proc 27179:com.android.chrome/u0a60 for restart com.android.chrome
10-31 11:35:10.320   772 13022 W ActivityManager: Unable to launch app com.android.chrome/10060 for provider com.android.chrome.icing: launching app became null
10-31 11:35:10.320 13542 17498 E ActivityThread: Failed to find provider info for com.android.chrome.icing
10-31 11:35:10.320 13542 17498 W Icing   : Could not connect to content provider content://com.android.chrome.icing
10-31 11:35:10.327  1311  1311 D CarrierSvcBindHelper: No carrier app for: 0
10-31 11:35:10.337  2964  2964 D RegisteredNfcFServicesCache: Service unchanged, not updating
10-31 11:35:10.370 27179 27179 I cr_SplitCompatApp: Launched version=106.0.5249.79 minSdkVersion=24 isBundle=true processName=com.android.chrome isIsolated=false
10-31 11:35:10.513  3960  3972 I FontLog : Received query Google Sans, URI content://com.google.android.gms.fonts [CONTEXT service_id=132 ]
10-31 11:35:10.514  3960  3972 I FontLog : Query [Google Sans] resolved to {Google Sans, wdth 100.0, wght 400, ital 0.0, bestEffort false} [CONTEXT service_id=132 ]
10-31 11:35:10.515  3960  3972 I FontLog : Font PFD returned from cache for {Google Sans, wdth 100.0, wght 400, ital 0.0, bestEffort false} [CONTEXT service_id=132 ]
10-31 11:35:10.516  3960  3972 I FontLog : Fetch {Google Sans, wdth 100.0, wght 400, ital 0.0, bestEffort false} end status Status{statusCode=SUCCESS, resolution=null} [CONTEXT service_id=132 ]
10-31 11:35:10.653  3960  4244 I FontLog : Pulling font file for id = 1889, cache size = 7 [CONTEXT service_id=132 ]
10-31 11:35:10.660 13542 17498 I Icing   : Indexing done com.android.chrome-omnibox
10-31 11:35:10.713 27179 27200 I cr_LibraryLoader: Successfully loaded native library
10-31 11:35:10.715 27179 27200 I cr_CachingUmaRecorder: Flushed 20 samples from 19 histograms.
10-31 11:35:10.786  3960  4217 I FontLog : Received query Google Sans:500, URI content://com.google.android.gms.fonts [CONTEXT service_id=132 ]
10-31 11:35:10.786  3960  4217 I FontLog : Query [Google Sans:500] resolved to {Google Sans, wdth 100.0, wght 500, ital 0.0, bestEffort false} [CONTEXT service_id=132 ]
10-31 11:35:10.789  3960  4217 I FontLog : Font PFD returned from cache for {Google Sans, wdth 100.0, wght 500, ital 0.0, bestEffort false} [CONTEXT service_id=132 ]
10-31 11:35:10.790  3960  4217 I FontLog : Fetch {Google Sans, wdth 100.0, wght 500, ital 0.0, bestEffort false} end status Status{statusCode=SUCCESS, resolution=null} [CONTEXT service_id=132 ]
10-31 11:35:10.835  3960  3972 I FontLog : Pulling font file for id = 1890, cache size = 5 [CONTEXT service_id=132 ]
10-31 11:35:10.869  3960  6244 I FontLog : Received query Google Sans:700, URI content://com.google.android.gms.fonts [CONTEXT service_id=132 ]
10-31 11:35:10.869  3960  6244 I FontLog : Query [Google Sans:700] resolved to {Google Sans, wdth 100.0, wght 700, ital 0.0, bestEffort false} [CONTEXT service_id=132 ]
10-31 11:35:10.871  3960  6244 I FontLog : Fetch {Google Sans, wdth 100.0, wght 700, ital 0.0, bestEffort false} end status Status{statusCode=SUCCESS, resolution=null} [CONTEXT service_id=132 ]
10-31 11:35:10.883  3960  4245 I FontLog : Pulling font file for id = 1891, cache size = 6 [CONTEXT service_id=132 ]
10-31 11:35:11.019 27192 27192 D AndroidRuntime: >>>>>> START com.android.internal.os.RuntimeInit uid 2000 <<<<<<
10-31 11:35:11.282 27192 27192 D AndroidRuntime: Calling main entry com.android.commands.pm.Pm
10-31 11:35:11.291   772 10895 I ActivityManager: Force stopping com.android.chrome appid=10060 user=0: clear data
10-31 11:35:11.292   772 10895 I ActivityManager: Killing 27179:com.android.chrome/u0a60 (adj 700): stop com.android.chrome
10-31 11:35:11.302   772   788 I ActivityManager: Force stopping com.android.chrome appid=10060 user=-1: clearApplicationUserData
10-31 11:35:11.313   560   560 I keystore: clear_uid 10060
10-31 11:35:11.338  1311  1311 D CarrierSvcBindHelper: No carrier app for: 0
10-31 11:35:11.340   772   787 W ResourceType: No known package when getting value for resource number 0x7f0904db
10-31 11:35:11.340   772   787 W ResourceType: No known package when getting value for resource number 0x7f140670
10-31 11:35:11.340   772   787 W ResourceType: No known package when getting value for resource number 0x7f0904da
10-31 11:35:11.340   772   787 W ResourceType: No known package when getting value for resource number 0x7f14018b
10-31 11:35:11.340   772   787 W ResourceType: No known package when getting value for resource number 0x7f14066f
10-31 11:35:11.340   772   787 W ResourceType: No known package when getting value for resource number 0x7f140434
10-31 11:35:11.341   772   787 E ShortcutService: Ignoring excessive intent tag.
10-31 11:35:11.344 27192 27192 I app_process: System.exit called, status: 0
10-31 11:35:11.344 27192 27192 I AndroidRuntime: VM exiting with result code 0.
10-31 11:35:11.361  2964  2964 D RegisteredNfcFServicesCache: Service unchanged, not updating
10-31 11:35:11.374  3960 27139 I Fitness : FitCleanupIntentOperation received Intent android.intent.action.PACKAGE_DATA_CLEARED [CONTEXT service_id=17 ]
10-31 11:35:11.398 13542 17498 I Icing   : doRemovePackageData com.android.chrome
10-31 11:35:11.398 13542 17498 I Icing   : Removing corpus key com.android.chrome-omnibox for package com.android.chrome
10-31 11:35:11.459 13542 17498 I Icing   : updateResources: need to parse anue{com.android.chrome}
10-31 11:35:11.516 13542 17498 I Icing   : Indexing com.android.chrome-omnibox from com.android.chrome
10-31 11:35:11.530   772 13022 I ActivityManager: Start proc 27216:com.android.chrome/u0a60 for content provider com.android.chrome/com.google.android.apps.chrome.icing.IcingProvider
10-31 11:35:11.581 27216 27216 I cr_SplitCompatApp: Launched version=106.0.5249.79 minSdkVersion=24 isBundle=true processName=com.android.chrome isIsolated=false
10-31 11:35:11.731  3960  3971 I FontLog : Received query Google Sans, URI content://com.google.android.gms.fonts [CONTEXT service_id=132 ]
10-31 11:35:11.735  3960  3971 I FontLog : Query [Google Sans] resolved to {Google Sans, wdth 100.0, wght 400, ital 0.0, bestEffort false} [CONTEXT service_id=132 ]
10-31 11:35:11.737  3960  3971 I FontLog : Font PFD returned from cache for {Google Sans, wdth 100.0, wght 400, ital 0.0, bestEffort false} [CONTEXT service_id=132 ]
10-31 11:35:11.737  3960  3971 I FontLog : Fetch {Google Sans, wdth 100.0, wght 400, ital 0.0, bestEffort false} end status Status{statusCode=SUCCESS, resolution=null} [CONTEXT service_id=132 ]
10-31 11:35:11.805 13542 17498 I Icing   : Indexing done com.android.chrome-omnibox
10-31 11:35:11.824  3960  4244 I FontLog : Pulling font file for id = 1892, cache size = 7 [CONTEXT service_id=132 ]
10-31 11:35:11.916 27216 27235 I cr_LibraryLoader: Successfully loaded native library
10-31 11:35:11.917 27216 27235 I cr_CachingUmaRecorder: Flushed 20 samples from 19 histograms.
10-31 11:35:11.979  3960  6244 I FontLog : Received query Google Sans:500, URI content://com.google.android.gms.fonts [CONTEXT service_id=132 ]
10-31 11:35:11.979  3960  6244 I FontLog : Query [Google Sans:500] resolved to {Google Sans, wdth 100.0, wght 500, ital 0.0, bestEffort false} [CONTEXT service_id=132 ]
10-31 11:35:11.981  3960  6244 I FontLog : Font PFD returned from cache for {Google Sans, wdth 100.0, wght 500, ital 0.0, bestEffort false} [CONTEXT service_id=132 ]
10-31 11:35:11.982  3960  6244 I FontLog : Fetch {Google Sans, wdth 100.0, wght 500, ital 0.0, bestEffort false} end status Status{statusCode=SUCCESS, resolution=null} [CONTEXT service_id=132 ]
10-31 11:35:11.996   772   781 I zygote64: Background concurrent copying GC freed 109879(6MB) AllocSpace objects, 133(3MB) LOS objects, 42% free, 16MB/29MB, paused 426us total 172.755ms
10-31 11:35:12.013  3960  4245 I FontLog : Pulling font file for id = 1893, cache size = 8 [CONTEXT service_id=132 ]
10-31 11:35:12.052  3960  6244 I FontLog : Received query Google Sans:700, URI content://com.google.android.gms.fonts [CONTEXT service_id=132 ]
10-31 11:35:12.052  3960  6244 I FontLog : Query [Google Sans:700] resolved to {Google Sans, wdth 100.0, wght 700, ital 0.0, bestEffort false} [CONTEXT service_id=132 ]
10-31 11:35:12.054  3960  6244 I FontLog : Fetch {Google Sans, wdth 100.0, wght 700, ital 0.0, bestEffort false} end status Status{statusCode=SUCCESS, resolution=null} [CONTEXT service_id=132 ]
10-31 11:35:12.065  3960  4217 I FontLog : Pulling font file for id = 1894, cache size = 7 [CONTEXT service_id=132 ]
