10-31 15:34:36.936 20877 20912 W TTS     : No local or network voice found, failing dispatch
10-31 15:34:36.936 20877 20912 W TTS     : Could not find voice for xog_UG
10-31 15:34:36.936 20877 20889 I TTS     : Couldn't read preferred locale from settings.
10-31 15:34:36.936 20877 20889 W TTS     : No local or network voice found, failing dispatch
10-31 15:34:36.936 20877 20889 W TTS     : Could not find voice for yav
10-31 15:34:36.936 20877 20888 I TTS     : Couldn't read preferred locale from settings.
10-31 15:34:36.936 20877 20888 W TTS     : No local or network voice found, failing dispatch
10-31 15:34:36.936 20877 20888 W TTS     : Could not find voice for yav_CM
10-31 15:34:36.937 20877 20907 I TTS     : Couldn't read preferred locale from settings.
10-31 15:34:36.937 20877 20907 W TTS     : No local or network voice found, failing dispatch
10-31 15:34:36.937 20877 20907 W TTS     : Could not find voice for ji
10-31 15:34:36.937 20877 20912 I TTS     : Couldn't read preferred locale from settings.
10-31 15:34:36.937 20877 20912 W TTS     : No local or network voice found, failing dispatch
10-31 15:34:36.937 20877 20912 W TTS     : Could not find voice for ji_001
10-31 15:34:36.937 20877 20889 I TTS     : Couldn't read preferred locale from settings.
10-31 15:34:36.937 20877 20889 W TTS     : No local or network voice found, failing dispatch
10-31 15:34:36.937 20877 20889 W TTS     : Could not find voice for yo
10-31 15:34:36.938 20877 20888 I TTS     : Couldn't read preferred locale from settings.
10-31 15:34:36.938 20877 20888 W TTS     : No local or network voice found, failing dispatch
10-31 15:34:36.938 20877 20888 W TTS     : Could not find voice for yo_BJ
10-31 15:34:36.938 20877 20907 I TTS     : Couldn't read preferred locale from settings.
10-31 15:34:36.938 20877 20907 W TTS     : No local or network voice found, failing dispatch
10-31 15:34:36.938 20877 20907 W TTS     : Could not find voice for yo_NG
10-31 15:34:36.938 20877 20912 I TTS     : Couldn't read preferred locale from settings.
10-31 15:34:36.939 20877 20889 I TTS     : Couldn't read preferred locale from settings.
10-31 15:34:36.939 20877 20888 I TTS     : Couldn't read preferred locale from settings.
10-31 15:34:36.939 20877 20888 W TTS     : No local or network voice found, failing dispatch
10-31 15:34:36.939 20877 20888 W TTS     : Could not find voice for zgh
10-31 15:34:36.940 20877 20907 I TTS     : Couldn't read preferred locale from settings.
10-31 15:34:36.940 20877 20907 W TTS     : No local or network voice found, failing dispatch
10-31 15:34:36.940 20877 20907 W TTS     : Could not find voice for zgh_MA
10-31 15:34:36.940 20877 20912 I TTS     : Couldn't read preferred locale from settings.
10-31 15:34:36.941 20877 20889 I TTS     : Couldn't read preferred locale from settings.
10-31 15:34:36.941 20877 20888 I TTS     : Couldn't read preferred locale from settings.
10-31 15:34:36.942 20877 20907 I TTS     : Couldn't read preferred locale from settings.
10-31 15:34:36.942 20877 20912 I TTS     : Couldn't read preferred locale from settings.
10-31 15:34:36.942 20877 20889 I TTS     : Couldn't read preferred locale from settings.
10-31 15:34:36.943 20877 20888 I TTS     : Couldn't read preferred locale from settings.
10-31 15:34:36.943 20877 20907 I TTS     : Couldn't read preferred locale from settings.
10-31 15:34:36.943 20877 20912 I TTS     : Couldn't read preferred locale from settings.
10-31 15:34:36.944 20877 20889 I TTS     : Couldn't read preferred locale from settings.
10-31 15:34:36.944 20877 20888 I TTS     : Couldn't read preferred locale from settings.
10-31 15:34:36.944 20877 20888 W TTS     : No local or network voice found, failing dispatch
10-31 15:34:36.944 20877 20888 W TTS     : Could not find voice for zu
10-31 15:34:36.945 20877 20907 I TTS     : Couldn't read preferred locale from settings.
10-31 15:34:36.945 20877 20907 W TTS     : No local or network voice found, failing dispatch
10-31 15:34:36.945 20877 20907 W TTS     : Could not find voice for zu_ZA
10-31 15:34:37.831 20877 20905 I TTS     : Done initializing en-us-x-sfg-lstm-embedded
10-31 15:34:40.334   551   618 I ThermalEngine: ACTION: BATTERY - Setting battery charging mitigation to 3
10-31 15:34:40.993 19987 19987 E cr_BTSPrefs: No data found for task id: 56
10-31 15:34:40.994 19987 19987 E cr_BkgrdTaskScheduler: Task cannot be canceled because no data was found instorage or data was invalid
10-31 15:34:45.107 19987 19987 W ResourceType: Failure getting entry for 0x7f010888 (t=0 e=2184) (error -75)
10-31 15:34:45.138 19987 19987 I chatty  : uid=10060(u0_a60) identical 7 lines
10-31 15:34:45.141 19987 19987 W ResourceType: Failure getting entry for 0x7f010888 (t=0 e=2184) (error -75)
10-31 15:34:45.144 19987 19987 I cr_TopSites: Start a new task.
10-31 15:34:45.145 19987 20054 I cr_TopSites: Serializing top sites lists finished; count: 9
10-31 15:34:45.152 19987 20054 I cr_TopSites: Finished saving top sites list to file:/data/user/0/com.android.chrome/app_top_sites/top_sites
10-31 15:35:02.960   772   791 E BatteryStatsService: no controller energy info supplied
10-31 15:35:20.348   551   618 I ThermalEngine: ACTION: BATTERY - Setting battery charging mitigation to 0
10-31 15:35:22.024 19987 19987 I cr_media: Create MediaDrmBridge with level L3 and origin 1F3920C1C38ACA07BD693309F7FF3C56
10-31 15:35:22.033   361   361 W /system/bin/hwservicemanager: getTransportFromManifest: Cannot find entry android.hardware.drm@1.0::IDrmFactory in either framework or device manifest, using default transport.
10-31 15:35:22.076   562  5487 I DrmHal  : makeDrmFactories: using default drm instance
10-31 15:35:22.082   361   361 W /system/bin/hwservicemanager: getTransportFromManifest: Cannot find entry android.hardware.drm@1.0::IDrmFactory in either framework or device manifest, using default transport.
10-31 15:35:22.147   562   644 I DrmHal  : makeDrmFactories: using default drm instance
10-31 15:35:22.147   562 19051 D WVCdm   : Instantiating CDM.
10-31 15:35:22.149   562 19051 I WVCdm   : CdmEngine::QueryStatus
10-31 15:35:22.150   562 19051 I WVCdm   : Level3 Library 4445 May 19 2017 17:17:20
10-31 15:35:22.154   562 19051 D QSEECOMAPI: : QSEECom_get_handle sb_length = 0x19000
10-31 15:35:22.154   562 19051 D QSEECOMAPI: : App is not loaded in QSEE
10-31 15:35:22.201   562 19051 D QSEECOMAPI: : Loaded image: APP id = 2582
10-31 15:35:22.205   562 19051 D QSAPPSVER: qsapps_get_capabilities: Capability from secure side: 0x0
10-31 15:35:22.205   562 19051 D QSAPPSVER: qsapps_get_capabilities: returns 0
10-31 15:35:22.205   562 19051 E DrmWidevineDash: sion_buffer g_wv_fhandle->ion_sbuffer  0x0xef1f4000
10-31 15:35:22.209   372   376 D DrmLibTime: got the req here! ret=0
10-31 15:35:22.209   372   376 D DrmLibTime: command id, time_cmd_id = 770
10-31 15:35:22.209   372   376 D DrmLibTime: time_getutcsec starts!
10-31 15:35:22.209   372   376 D DrmLibTime: QSEE Time Listener: time_getutcsec
10-31 15:35:22.209   372   376 D DrmLibTime: QSEE Time Listener: get_utc_seconds
10-31 15:35:22.209   372   376 D DrmLibTime: QSEE Time Listener: time_get_modem_time
10-31 15:35:22.209   372   376 D DrmLibTime: QSEE Time Listener: Checking if ATS_MODEM is set or not.
10-31 15:35:22.209   372   376 D QC-time-services: Lib:time_genoff_operation: pargs->base = 13
10-31 15:35:22.209   372   376 D QC-time-services: Lib:time_genoff_operation: pargs->operation = 2
10-31 15:35:22.209   372   376 D QC-time-services: Lib:time_genoff_operation: pargs->ts_val = 0
10-31 15:35:22.209   372   376 D QC-time-services: Lib:time_genoff_operation: Send to server  passed!!
10-31 15:35:22.210   625   647 D QC-time-services: Daemon: Connection accepted:time_genoff
10-31 15:35:22.210   625 20929 D QC-time-services: Daemon:Received base = 13, unit = 1, operation = 2,value = 0
10-31 15:35:22.211   625 20929 D QC-time-services: Daemon:genoff_opr: Base = 13, val = 0, operation = 2
10-31 15:35:22.211   625 20929 D QC-time-services: offset is: 0 for base: 13
10-31 15:35:22.211   372   376 E QC-time-services: Receive Passed == base = 13, unit = 1, operation = 2, result = 0
10-31 15:35:22.211   372   376 D DrmLibTime: QSEE Time Listener: ATS_MODEM is not set. Fallback to Android system time.
10-31 15:35:22.211   372   376 D DrmLibTime: QSEE Time Listener: Retrieved Android system time: 1667226922
10-31 15:35:22.211   372   376 D DrmLibTime: time_getutcsec returns 0, sec = 1667226922; nsec = 0
10-31 15:35:22.211   372   376 D DrmLibTime: time_getutcsec finished! 
10-31 15:35:22.211   372   376 D DrmLibTime: iotcl_continue_command finished! and return 0 
10-31 15:35:22.211   372   376 D DrmLibTime: before calling ioctl to read the next time_cmd
10-31 15:35:22.211   625   647 E QC-time-services: Daemon: Time-services: Waiting to acceptconnection
10-31 15:35:22.240   562 19051 D WVCdm   : OEMCrypto_Initialize Level 1 success. I will use level 1.
10-31 15:35:22.241   562 19051 D QSEECOMAPI: : QSEECom_dealloc_memory 
10-31 15:35:22.241   562 19051 D QSEECOMAPI: : QSEECom_shutdown_app, app_id = 2582
10-31 15:35:22.252   562   562 I WVCdm   : CdmEngine::OpenSession
10-31 15:35:22.252   562   562 I WVCdm   : Level3 Library 4445 May 19 2017 17:17:20
10-31 15:35:22.255   562   562 D QSEECOMAPI: : QSEECom_get_handle sb_length = 0x19000
10-31 15:35:22.255   562   562 D QSEECOMAPI: : App is not loaded in QSEE
10-31 15:35:22.298   562   562 D QSEECOMAPI: : Loaded image: APP id = 2583
10-31 15:35:22.300   562   562 D QSAPPSVER: qsapps_get_capabilities: Capability from secure side: 0x0
10-31 15:35:22.300   562   562 D QSAPPSVER: qsapps_get_capabilities: returns 0
10-31 15:35:22.300   562   562 E DrmWidevineDash: sion_buffer g_wv_fhandle->ion_sbuffer  0x0xef1f4000
10-31 15:35:22.303   372   376 D DrmLibTime: got the req here! ret=0
10-31 15:35:22.304   372   376 D DrmLibTime: command id, time_cmd_id = 770
10-31 15:35:22.304   372   376 D DrmLibTime: time_getutcsec starts!
10-31 15:35:22.304   372   376 D DrmLibTime: QSEE Time Listener: time_getutcsec
10-31 15:35:22.304   372   376 D DrmLibTime: QSEE Time Listener: get_utc_seconds
10-31 15:35:22.304   372   376 D DrmLibTime: QSEE Time Listener: time_get_modem_time
10-31 15:35:22.304   372   376 D DrmLibTime: QSEE Time Listener: Checking if ATS_MODEM is set or not.
10-31 15:35:22.304   372   376 D QC-time-services: Lib:time_genoff_operation: pargs->base = 13
10-31 15:35:22.304   372   376 D QC-time-services: Lib:time_genoff_operation: pargs->operation = 2
10-31 15:35:22.304   372   376 D QC-time-services: Lib:time_genoff_operation: pargs->ts_val = 0
10-31 15:35:22.304   372   376 D QC-time-services: Lib:time_genoff_operation: Send to server  passed!!
10-31 15:35:22.304   625   647 D QC-time-services: Daemon: Connection accepted:time_genoff
10-31 15:35:22.305   625 20930 D QC-time-services: Daemon:Received base = 13, unit = 1, operation = 2,value = 0
10-31 15:35:22.305   625 20930 D QC-time-services: Daemon:genoff_opr: Base = 13, val = 0, operation = 2
10-31 15:35:22.305   625 20930 D QC-time-services: offset is: 0 for base: 13
10-31 15:35:22.305   372   376 E QC-time-services: Receive Passed == base = 13, unit = 1, operation = 2, result = 0
10-31 15:35:22.305   372   376 D DrmLibTime: QSEE Time Listener: ATS_MODEM is not set. Fallback to Android system time.
10-31 15:35:22.305   372   376 D DrmLibTime: QSEE Time Listener: Retrieved Android system time: 1667226922
10-31 15:35:22.305   372   376 D DrmLibTime: time_getutcsec returns 0, sec = 1667226922; nsec = 0
10-31 15:35:22.305   372   376 D DrmLibTime: time_getutcsec finished! 
10-31 15:35:22.306   372   376 D DrmLibTime: iotcl_continue_command finished! and return 0 
10-31 15:35:22.306   372   376 D DrmLibTime: before calling ioctl to read the next time_cmd
10-31 15:35:22.306   625   647 E QC-time-services: Daemon: Time-services: Waiting to acceptconnection
10-31 15:35:22.333   562   562 D WVCdm   : OEMCrypto_Initialize Level 1 success. I will use level 1.
10-31 15:35:22.333   562   562 D WVCdm   : CryptoSession::Open: Lock: requested_security_level: L3
10-31 15:35:22.339   562   562 W WVCdm   : DeviceFiles::RetrieveHashedFile: /data/mediadrm/IDM1013/L3/cert.bin does not exist
10-31 15:35:22.340   562   562 D QSEECOMAPI: : QSEECom_dealloc_memory 
10-31 15:35:22.340   562   562 D QSEECOMAPI: : QSEECom_shutdown_app, app_id = 2583
10-31 15:35:22.351   562 28303 I WVCdm   : Level3 Library 4445 May 19 2017 17:17:20
10-31 15:35:22.354   562 28303 D QSEECOMAPI: : QSEECom_get_handle sb_length = 0x19000
10-31 15:35:22.354   562 28303 D QSEECOMAPI: : App is not loaded in QSEE
10-31 15:35:22.398   562 28303 D QSEECOMAPI: : Loaded image: APP id = 2584
10-31 15:35:22.401   562 28303 D QSAPPSVER: qsapps_get_capabilities: Capability from secure side: 0x0
10-31 15:35:22.401   562 28303 D QSAPPSVER: qsapps_get_capabilities: returns 0
10-31 15:35:22.401   562 28303 E DrmWidevineDash: sion_buffer g_wv_fhandle->ion_sbuffer  0x0xef1f4000
10-31 15:35:22.404   372   376 D DrmLibTime: got the req here! ret=0
10-31 15:35:22.404   372   376 D DrmLibTime: command id, time_cmd_id = 770
10-31 15:35:22.404   372   376 D DrmLibTime: time_getutcsec starts!
10-31 15:35:22.404   372   376 D DrmLibTime: QSEE Time Listener: time_getutcsec
10-31 15:35:22.404   372   376 D DrmLibTime: QSEE Time Listener: get_utc_seconds
10-31 15:35:22.405   372   376 D DrmLibTime: QSEE Time Listener: time_get_modem_time
10-31 15:35:22.405   372   376 D DrmLibTime: QSEE Time Listener: Checking if ATS_MODEM is set or not.
10-31 15:35:22.405   372   376 D QC-time-services: Lib:time_genoff_operation: pargs->base = 13
10-31 15:35:22.405   372   376 D QC-time-services: Lib:time_genoff_operation: pargs->operation = 2
10-31 15:35:22.405   372   376 D QC-time-services: Lib:time_genoff_operation: pargs->ts_val = 0
10-31 15:35:22.405   372   376 D QC-time-services: Lib:time_genoff_operation: Send to server  passed!!
10-31 15:35:22.405   625   647 D QC-time-services: Daemon: Connection accepted:time_genoff
10-31 15:35:22.406   625 20931 D QC-time-services: Daemon:Received base = 13, unit = 1, operation = 2,value = 0
10-31 15:35:22.406   625 20931 D QC-time-services: Daemon:genoff_opr: Base = 13, val = 0, operation = 2
10-31 15:35:22.406   625 20931 D QC-time-services: offset is: 0 for base: 13
10-31 15:35:22.406   372   376 E QC-time-services: Receive Passed == base = 13, unit = 1, operation = 2, result = 0
10-31 15:35:22.406   372   376 D DrmLibTime: QSEE Time Listener: ATS_MODEM is not set. Fallback to Android system time.
10-31 15:35:22.406   372   376 D DrmLibTime: QSEE Time Listener: Retrieved Android system time: 1667226922
10-31 15:35:22.406   372   376 D DrmLibTime: time_getutcsec returns 0, sec = 1667226922; nsec = 0
10-31 15:35:22.406   372   376 D DrmLibTime: time_getutcsec finished! 
10-31 15:35:22.407   372   376 D DrmLibTime: iotcl_continue_command finished! and return 0 
10-31 15:35:22.407   372   376 D DrmLibTime: before calling ioctl to read the next time_cmd
10-31 15:35:22.407   625   647 E QC-time-services: Daemon: Time-services: Waiting to acceptconnection
10-31 15:35:22.434   562 28303 D WVCdm   : OEMCrypto_Initialize Level 1 success. I will use level 1.
10-31 15:35:22.434   562 28303 D WVCdm   : CryptoSession::Open: Lock: requested_security_level: L3
10-31 15:35:22.446 19987 19987 I cr_media: Provisioning origin ID 1F3920C1C38ACA07BD693309F7FF3C56
10-31 15:35:22.450 19987 19987 I MediaDrm: Drm event (1,0)
10-31 15:35:22.450 19987 19987 E cr_media: EventListener: No session for event 1.
10-31 15:35:22.759   562 19050 D QSEECOMAPI: : QSEECom_dealloc_memory 
10-31 15:35:22.760   562 19050 D QSEECOMAPI: : QSEECom_shutdown_app, app_id = 2584
10-31 15:35:22.779 19987 19987 I cr_media: Create MediaDrmBridge with level L1 and origin 1F3920C1C38ACA07BD693309F7FF3C56
10-31 15:35:22.781   361   361 W /system/bin/hwservicemanager: getTransportFromManifest: Cannot find entry android.hardware.drm@1.0::IDrmFactory in either framework or device manifest, using default transport.
10-31 15:35:22.784   562   644 I DrmHal  : makeDrmFactories: using default drm instance
10-31 15:35:22.786   361   361 W /system/bin/hwservicemanager: getTransportFromManifest: Cannot find entry android.hardware.drm@1.0::IDrmFactory in either framework or device manifest, using default transport.
10-31 15:35:22.789   562 28303 I DrmHal  : makeDrmFactories: using default drm instance
10-31 15:35:22.791   562   644 I WVCdm   : CdmEngine::QueryStatus
10-31 15:35:22.791   562   644 I WVCdm   : Level3 Library 4445 May 19 2017 17:17:20
10-31 15:35:22.794   562   644 D QSEECOMAPI: : QSEECom_get_handle sb_length = 0x19000
10-31 15:35:22.794   562   644 D QSEECOMAPI: : App is not loaded in QSEE
10-31 15:35:22.841   562   644 D QSEECOMAPI: : Loaded image: APP id = 2585
10-31 15:35:22.843   562   644 D QSAPPSVER: qsapps_get_capabilities: Capability from secure side: 0x0
10-31 15:35:22.843   562   644 D QSAPPSVER: qsapps_get_capabilities: returns 0
10-31 15:35:22.843   562   644 E DrmWidevineDash: sion_buffer g_wv_fhandle->ion_sbuffer  0x0xef1ef000
10-31 15:35:22.846   372   376 D DrmLibTime: got the req here! ret=0
10-31 15:35:22.846   372   376 D DrmLibTime: command id, time_cmd_id = 770
10-31 15:35:22.847   372   376 D DrmLibTime: time_getutcsec starts!
10-31 15:35:22.847   372   376 D DrmLibTime: QSEE Time Listener: time_getutcsec
10-31 15:35:22.847   372   376 D DrmLibTime: QSEE Time Listener: get_utc_seconds
10-31 15:35:22.847   372   376 D DrmLibTime: QSEE Time Listener: time_get_modem_time
10-31 15:35:22.847   372   376 D DrmLibTime: QSEE Time Listener: Checking if ATS_MODEM is set or not.
10-31 15:35:22.847   372   376 D QC-time-services: Lib:time_genoff_operation: pargs->base = 13
10-31 15:35:22.847   372   376 D QC-time-services: Lib:time_genoff_operation: pargs->operation = 2
10-31 15:35:22.847   372   376 D QC-time-services: Lib:time_genoff_operation: pargs->ts_val = 0
10-31 15:35:22.847   372   376 D QC-time-services: Lib:time_genoff_operation: Send to server  passed!!
10-31 15:35:22.847   625   647 D QC-time-services: Daemon: Connection accepted:time_genoff
10-31 15:35:22.848   625 20936 D QC-time-services: Daemon:Received base = 13, unit = 1, operation = 2,value = 0
10-31 15:35:22.848   625 20936 D QC-time-services: Daemon:genoff_opr: Base = 13, val = 0, operation = 2
10-31 15:35:22.848   625 20936 D QC-time-services: offset is: 0 for base: 13
10-31 15:35:22.848   372   376 E QC-time-services: Receive Passed == base = 13, unit = 1, operation = 2, result = 0
10-31 15:35:22.849   372   376 D DrmLibTime: QSEE Time Listener: ATS_MODEM is not set. Fallback to Android system time.
10-31 15:35:22.849   372   376 D DrmLibTime: QSEE Time Listener: Retrieved Android system time: 1667226922
10-31 15:35:22.849   372   376 D DrmLibTime: time_getutcsec returns 0, sec = 1667226922; nsec = 0
10-31 15:35:22.849   372   376 D DrmLibTime: time_getutcsec finished! 
10-31 15:35:22.849   372   376 D DrmLibTime: iotcl_continue_command finished! and return 0 
10-31 15:35:22.849   372   376 D DrmLibTime: before calling ioctl to read the next time_cmd
10-31 15:35:22.849   625   647 E QC-time-services: Daemon: Time-services: Waiting to acceptconnection
10-31 15:35:22.877   562   644 D WVCdm   : OEMCrypto_Initialize Level 1 success. I will use level 1.
10-31 15:35:22.878   562   644 D QSEECOMAPI: : QSEECom_dealloc_memory 
10-31 15:35:22.878   562   644 D QSEECOMAPI: : QSEECom_shutdown_app, app_id = 2585
10-31 15:35:22.889   562 19050 I WVCdm   : CdmEngine::OpenSession
10-31 15:35:22.889   562 19050 I WVCdm   : Level3 Library 4445 May 19 2017 17:17:20
10-31 15:35:22.902   562 19050 D QSEECOMAPI: : QSEECom_get_handle sb_length = 0x19000
10-31 15:35:22.903   562 19050 D QSEECOMAPI: : App is not loaded in QSEE
10-31 15:35:22.958   562 19050 D QSEECOMAPI: : Loaded image: APP id = 2586
10-31 15:35:22.961   562 19050 D QSAPPSVER: qsapps_get_capabilities: Capability from secure side: 0x0
10-31 15:35:22.961   562 19050 D QSAPPSVER: qsapps_get_capabilities: returns 0
10-31 15:35:22.961   562 19050 E DrmWidevineDash: sion_buffer g_wv_fhandle->ion_sbuffer  0x0xef1ef000
10-31 15:35:22.964   372   376 D DrmLibTime: got the req here! ret=0
10-31 15:35:22.964   372   376 D DrmLibTime: command id, time_cmd_id = 770
10-31 15:35:22.964   372   376 D DrmLibTime: time_getutcsec starts!
10-31 15:35:22.964   372   376 D DrmLibTime: QSEE Time Listener: time_getutcsec
10-31 15:35:22.964   372   376 D DrmLibTime: QSEE Time Listener: get_utc_seconds
10-31 15:35:22.965   372   376 D DrmLibTime: QSEE Time Listener: time_get_modem_time
10-31 15:35:22.965   372   376 D DrmLibTime: QSEE Time Listener: Checking if ATS_MODEM is set or not.
10-31 15:35:22.965   372   376 D QC-time-services: Lib:time_genoff_operation: pargs->base = 13
10-31 15:35:22.965   372   376 D QC-time-services: Lib:time_genoff_operation: pargs->operation = 2
10-31 15:35:22.965   372   376 D QC-time-services: Lib:time_genoff_operation: pargs->ts_val = 0
10-31 15:35:22.965   372   376 D QC-time-services: Lib:time_genoff_operation: Send to server  passed!!
10-31 15:35:22.965   625   647 D QC-time-services: Daemon: Connection accepted:time_genoff
10-31 15:35:22.965   625 20937 D QC-time-services: Daemon:Received base = 13, unit = 1, operation = 2,value = 0
10-31 15:35:22.965   625 20937 D QC-time-services: Daemon:genoff_opr: Base = 13, val = 0, operation = 2
10-31 15:35:22.965   625 20937 D QC-time-services: offset is: 0 for base: 13
10-31 15:35:22.965   372   376 E QC-time-services: Receive Passed == base = 13, unit = 1, operation = 2, result = 0
10-31 15:35:22.965   372   376 D DrmLibTime: QSEE Time Listener: ATS_MODEM is not set. Fallback to Android system time.
10-31 15:35:22.965   372   376 D DrmLibTime: QSEE Time Listener: Retrieved Android system time: 1667226922
10-31 15:35:22.965   372   376 D DrmLibTime: time_getutcsec returns 0, sec = 1667226922; nsec = 0
10-31 15:35:22.965   372   376 D DrmLibTime: time_getutcsec finished! 
10-31 15:35:22.965   372   376 D DrmLibTime: iotcl_continue_command finished! and return 0 
10-31 15:35:22.965   372   376 D DrmLibTime: before calling ioctl to read the next time_cmd
10-31 15:35:22.966   625   647 E QC-time-services: Daemon: Time-services: Waiting to acceptconnection
10-31 15:35:22.990   562 19050 D WVCdm   : OEMCrypto_Initialize Level 1 success. I will use level 1.
10-31 15:35:22.990   562 19050 D WVCdm   : CryptoSession::Open: Lock: requested_security_level: Default
10-31 15:35:22.993   562 19050 W WVCdm   : DeviceFiles::RetrieveHashedFile: /data/mediadrm/IDM1013/L1/cert.bin does not exist
10-31 15:35:22.994   562 19050 D QSEECOMAPI: : QSEECom_dealloc_memory 
10-31 15:35:22.994   562 19050 D QSEECOMAPI: : QSEECom_shutdown_app, app_id = 2586
10-31 15:35:23.010   562 28303 I WVCdm   : Level3 Library 4445 May 19 2017 17:17:20
10-31 15:35:23.017   562 28303 D QSEECOMAPI: : QSEECom_get_handle sb_length = 0x19000
10-31 15:35:23.017   562 28303 D QSEECOMAPI: : App is not loaded in QSEE
10-31 15:35:23.070   562 28303 D QSEECOMAPI: : Loaded image: APP id = 2587
10-31 15:35:23.073   562 28303 D QSAPPSVER: qsapps_get_capabilities: Capability from secure side: 0x0
10-31 15:35:23.073   562 28303 D QSAPPSVER: qsapps_get_capabilities: returns 0
10-31 15:35:23.073   562 28303 E DrmWidevineDash: sion_buffer g_wv_fhandle->ion_sbuffer  0x0xef2d3000
10-31 15:35:23.076   372   376 D DrmLibTime: got the req here! ret=0
10-31 15:35:23.076   372   376 D DrmLibTime: command id, time_cmd_id = 770
10-31 15:35:23.076   372   376 D DrmLibTime: time_getutcsec starts!
10-31 15:35:23.076   372   376 D DrmLibTime: QSEE Time Listener: time_getutcsec
10-31 15:35:23.076   372   376 D DrmLibTime: QSEE Time Listener: get_utc_seconds
10-31 15:35:23.076   372   376 D DrmLibTime: QSEE Time Listener: time_get_modem_time
10-31 15:35:23.076   372   376 D DrmLibTime: QSEE Time Listener: Checking if ATS_MODEM is set or not.
10-31 15:35:23.076   372   376 D QC-time-services: Lib:time_genoff_operation: pargs->base = 13
10-31 15:35:23.076   372   376 D QC-time-services: Lib:time_genoff_operation: pargs->operation = 2
10-31 15:35:23.076   372   376 D QC-time-services: Lib:time_genoff_operation: pargs->ts_val = 0
10-31 15:35:23.076   372   376 D QC-time-services: Lib:time_genoff_operation: Send to server  passed!!
10-31 15:35:23.076   625   647 D QC-time-services: Daemon: Connection accepted:time_genoff
10-31 15:35:23.077   625 20938 D QC-time-services: Daemon:Received base = 13, unit = 1, operation = 2,value = 0
10-31 15:35:23.077   625 20938 D QC-time-services: Daemon:genoff_opr: Base = 13, val = 0, operation = 2
10-31 15:35:23.077   625 20938 D QC-time-services: offset is: 0 for base: 13
10-31 15:35:23.077   372   376 E QC-time-services: Receive Passed == base = 13, unit = 1, operation = 2, result = 0
10-31 15:35:23.077   372   376 D DrmLibTime: QSEE Time Listener: ATS_MODEM is not set. Fallback to Android system time.
10-31 15:35:23.077   372   376 D DrmLibTime: QSEE Time Listener: Retrieved Android system time: 1667226923
10-31 15:35:23.077   372   376 D DrmLibTime: time_getutcsec returns 0, sec = 1667226923; nsec = 0
10-31 15:35:23.077   372   376 D DrmLibTime: time_getutcsec finished! 
10-31 15:35:23.077   372   376 D DrmLibTime: iotcl_continue_command finished! and return 0 
10-31 15:35:23.077   372   376 D DrmLibTime: before calling ioctl to read the next time_cmd
10-31 15:35:23.077   625   647 E QC-time-services: Daemon: Time-services: Waiting to acceptconnection
10-31 15:35:23.103   562 28303 D WVCdm   : OEMCrypto_Initialize Level 1 success. I will use level 1.
10-31 15:35:23.104   562 28303 D WVCdm   : CryptoSession::Open: Lock: requested_security_level: Default
10-31 15:35:23.178   562 28303 E DrmWidevineDash: OEMCrypto_GenerateSignature : input wrapped_rsa_key == NULL!, return short buffer
10-31 15:35:23.180 19987 19987 I cr_media: Provisioning origin ID 1F3920C1C38ACA07BD693309F7FF3C56
10-31 15:35:23.197 19987 19987 I MediaDrm: Drm event (1,0)
10-31 15:35:23.197 19987 19987 E cr_media: EventListener: No session for event 1.
10-31 15:35:23.223   562  5487 E DrmWidevineDash: OEMCrypto_RewrapDeviceRSAKey : input wrapped_rsa_key == NULL!, return short buffer
10-31 15:35:23.244   562  5487 D QSEECOMAPI: : QSEECom_dealloc_memory 
10-31 15:35:23.244   562  5487 D QSEECOMAPI: : QSEECom_shutdown_app, app_id = 2587
10-31 15:35:23.266 19987 19987 I cr_media: Create MediaDrmBridge with level L3 and origin 0DF8616025DBCD049D4918AAB12A5674
10-31 15:35:23.269   361   361 W /system/bin/hwservicemanager: getTransportFromManifest: Cannot find entry android.hardware.drm@1.0::IDrmFactory in either framework or device manifest, using default transport.
10-31 15:35:23.316   562   644 I DrmHal  : makeDrmFactories: using default drm instance
10-31 15:35:23.319   361   361 W /system/bin/hwservicemanager: getTransportFromManifest: Cannot find entry android.hardware.drm@1.0::IDrmFactory in either framework or device manifest, using default transport.
10-31 15:35:23.356   562   562 I DrmHal  : makeDrmFactories: using default drm instance
10-31 15:35:23.357   562 28303 D WVCdm   : Instantiating CDM.
10-31 15:35:23.358   562   644 I WVCdm   : CdmEngine::QueryStatus
10-31 15:35:23.359   562   644 I WVCdm   : Level3 Library 4445 May 19 2017 17:17:20
10-31 15:35:23.362   562   644 D QSEECOMAPI: : QSEECom_get_handle sb_length = 0x19000
10-31 15:35:23.363   562   644 D QSEECOMAPI: : App is not loaded in QSEE
10-31 15:35:23.405   562   644 D QSEECOMAPI: : Loaded image: APP id = 2588
10-31 15:35:23.407   562   644 D QSAPPSVER: qsapps_get_capabilities: Capability from secure side: 0x0
10-31 15:35:23.407   562   644 D QSAPPSVER: qsapps_get_capabilities: returns 0
10-31 15:35:23.407   562   644 E DrmWidevineDash: sion_buffer g_wv_fhandle->ion_sbuffer  0x0xef2af000
10-31 15:35:23.409   372   376 D DrmLibTime: got the req here! ret=0
10-31 15:35:23.409   372   376 D DrmLibTime: command id, time_cmd_id = 770
10-31 15:35:23.409   372   376 D DrmLibTime: time_getutcsec starts!
10-31 15:35:23.410   372   376 D DrmLibTime: QSEE Time Listener: time_getutcsec
10-31 15:35:23.410   372   376 D DrmLibTime: QSEE Time Listener: get_utc_seconds
10-31 15:35:23.410   372   376 D DrmLibTime: QSEE Time Listener: time_get_modem_time
10-31 15:35:23.410   372   376 D DrmLibTime: QSEE Time Listener: Checking if ATS_MODEM is set or not.
10-31 15:35:23.410   372   376 D QC-time-services: Lib:time_genoff_operation: pargs->base = 13
10-31 15:35:23.410   372   376 D QC-time-services: Lib:time_genoff_operation: pargs->operation = 2
10-31 15:35:23.410   372   376 D QC-time-services: Lib:time_genoff_operation: pargs->ts_val = 0
10-31 15:35:23.410   372   376 D QC-time-services: Lib:time_genoff_operation: Send to server  passed!!
10-31 15:35:23.410   625   647 D QC-time-services: Daemon: Connection accepted:time_genoff
10-31 15:35:23.410   625 20943 D QC-time-services: Daemon:Received base = 13, unit = 1, operation = 2,value = 0
10-31 15:35:23.410   625 20943 D QC-time-services: Daemon:genoff_opr: Base = 13, val = 0, operation = 2
10-31 15:35:23.410   625 20943 D QC-time-services: offset is: 0 for base: 13
10-31 15:35:23.410   372   376 E QC-time-services: Receive Passed == base = 13, unit = 1, operation = 2, result = 0
10-31 15:35:23.410   372   376 D DrmLibTime: QSEE Time Listener: ATS_MODEM is not set. Fallback to Android system time.
10-31 15:35:23.410   372   376 D DrmLibTime: QSEE Time Listener: Retrieved Android system time: 1667226923
10-31 15:35:23.410   372   376 D DrmLibTime: time_getutcsec returns 0, sec = 1667226923; nsec = 0
10-31 15:35:23.410   372   376 D DrmLibTime: time_getutcsec finished! 
10-31 15:35:23.411   372   376 D DrmLibTime: iotcl_continue_command finished! and return 0 
10-31 15:35:23.411   372   376 D DrmLibTime: before calling ioctl to read the next time_cmd
10-31 15:35:23.411   625   647 E QC-time-services: Daemon: Time-services: Waiting to acceptconnection
10-31 15:35:23.433   562   644 D WVCdm   : OEMCrypto_Initialize Level 1 success. I will use level 1.
10-31 15:35:23.434   562   644 D QSEECOMAPI: : QSEECom_dealloc_memory 
10-31 15:35:23.434   562   644 D QSEECOMAPI: : QSEECom_shutdown_app, app_id = 2588
10-31 15:35:23.444   562 19051 I WVCdm   : CdmEngine::OpenSession
10-31 15:35:23.444   562 19051 I WVCdm   : Level3 Library 4445 May 19 2017 17:17:20
10-31 15:35:23.447   562 19051 D QSEECOMAPI: : QSEECom_get_handle sb_length = 0x19000
10-31 15:35:23.447   562 19051 D QSEECOMAPI: : App is not loaded in QSEE
10-31 15:35:23.488   562 19051 D QSEECOMAPI: : Loaded image: APP id = 2589
10-31 15:35:23.490   562 19051 D QSAPPSVER: qsapps_get_capabilities: Capability from secure side: 0x0
10-31 15:35:23.490   562 19051 D QSAPPSVER: qsapps_get_capabilities: returns 0
10-31 15:35:23.490   562 19051 E DrmWidevineDash: sion_buffer g_wv_fhandle->ion_sbuffer  0x0xef2af000
10-31 15:35:23.493   372   376 D DrmLibTime: got the req here! ret=0
10-31 15:35:23.494   372   376 D DrmLibTime: command id, time_cmd_id = 770
10-31 15:35:23.494   372   376 D DrmLibTime: time_getutcsec starts!
10-31 15:35:23.494   372   376 D DrmLibTime: QSEE Time Listener: time_getutcsec
10-31 15:35:23.494   372   376 D DrmLibTime: QSEE Time Listener: get_utc_seconds
10-31 15:35:23.494   372   376 D DrmLibTime: QSEE Time Listener: time_get_modem_time
10-31 15:35:23.494   372   376 D DrmLibTime: QSEE Time Listener: Checking if ATS_MODEM is set or not.
10-31 15:35:23.494   372   376 D QC-time-services: Lib:time_genoff_operation: pargs->base = 13
10-31 15:35:23.494   372   376 D QC-time-services: Lib:time_genoff_operation: pargs->operation = 2
10-31 15:35:23.494   372   376 D QC-time-services: Lib:time_genoff_operation: pargs->ts_val = 0
10-31 15:35:23.494   372   376 D QC-time-services: Lib:time_genoff_operation: Send to server  passed!!
10-31 15:35:23.494   625   647 D QC-time-services: Daemon: Connection accepted:time_genoff
10-31 15:35:23.495   625 20944 D QC-time-services: Daemon:Received base = 13, unit = 1, operation = 2,value = 0
10-31 15:35:23.495   625 20944 D QC-time-services: Daemon:genoff_opr: Base = 13, val = 0, operation = 2
10-31 15:35:23.495   625 20944 D QC-time-services: offset is: 0 for base: 13
10-31 15:35:23.495   372   376 E QC-time-services: Receive Passed == base = 13, unit = 1, operation = 2, result = 0
10-31 15:35:23.495   372   376 D DrmLibTime: QSEE Time Listener: ATS_MODEM is not set. Fallback to Android system time.
10-31 15:35:23.495   372   376 D DrmLibTime: QSEE Time Listener: Retrieved Android system time: 1667226923
10-31 15:35:23.496   372   376 D DrmLibTime: time_getutcsec returns 0, sec = 1667226923; nsec = 0
10-31 15:35:23.496   372   376 D DrmLibTime: time_getutcsec finished! 
10-31 15:35:23.496   372   376 D DrmLibTime: iotcl_continue_command finished! and return 0 
10-31 15:35:23.496   372   376 D DrmLibTime: before calling ioctl to read the next time_cmd
10-31 15:35:23.496   625   647 E QC-time-services: Daemon: Time-services: Waiting to acceptconnection
10-31 15:35:23.524   562 19051 D WVCdm   : OEMCrypto_Initialize Level 1 success. I will use level 1.
10-31 15:35:23.525   562 19051 D WVCdm   : CryptoSession::Open: Lock: requested_security_level: L3
10-31 15:35:23.530   562 19051 W WVCdm   : DeviceFiles::RetrieveHashedFile: /data/mediadrm/IDM1013/L3/cert.bin does not exist
10-31 15:35:23.531   562 19051 D QSEECOMAPI: : QSEECom_dealloc_memory 
10-31 15:35:23.532   562 19051 D QSEECOMAPI: : QSEECom_shutdown_app, app_id = 2589
10-31 15:35:23.541   562  5487 I WVCdm   : Level3 Library 4445 May 19 2017 17:17:20
10-31 15:35:23.544   562  5487 D QSEECOMAPI: : QSEECom_get_handle sb_length = 0x19000
10-31 15:35:23.544   562  5487 D QSEECOMAPI: : App is not loaded in QSEE
10-31 15:35:23.585   562  5487 D QSEECOMAPI: : Loaded image: APP id = 2590
10-31 15:35:23.587   562  5487 D QSAPPSVER: qsapps_get_capabilities: Capability from secure side: 0x0
10-31 15:35:23.587   562  5487 D QSAPPSVER: qsapps_get_capabilities: returns 0
10-31 15:35:23.587   562  5487 E DrmWidevineDash: sion_buffer g_wv_fhandle->ion_sbuffer  0x0xef2af000
10-31 15:35:23.591   372   376 D DrmLibTime: got the req here! ret=0
10-31 15:35:23.591   372   376 D DrmLibTime: command id, time_cmd_id = 770
10-31 15:35:23.591   372   376 D DrmLibTime: time_getutcsec starts!
10-31 15:35:23.591   372   376 D DrmLibTime: QSEE Time Listener: time_getutcsec
10-31 15:35:23.591   372   376 D DrmLibTime: QSEE Time Listener: get_utc_seconds
10-31 15:35:23.591   372   376 D DrmLibTime: QSEE Time Listener: time_get_modem_time
10-31 15:35:23.591   372   376 D DrmLibTime: QSEE Time Listener: Checking if ATS_MODEM is set or not.
10-31 15:35:23.591   372   376 D QC-time-services: Lib:time_genoff_operation: pargs->base = 13
10-31 15:35:23.591   372   376 D QC-time-services: Lib:time_genoff_operation: pargs->operation = 2
10-31 15:35:23.591   372   376 D QC-time-services: Lib:time_genoff_operation: pargs->ts_val = 0
10-31 15:35:23.591   372   376 D QC-time-services: Lib:time_genoff_operation: Send to server  passed!!
10-31 15:35:23.592   625   647 D QC-time-services: Daemon: Connection accepted:time_genoff
10-31 15:35:23.592   625 20945 D QC-time-services: Daemon:Received base = 13, unit = 1, operation = 2,value = 0
10-31 15:35:23.593   625 20945 D QC-time-services: Daemon:genoff_opr: Base = 13, val = 0, operation = 2
10-31 15:35:23.593   625 20945 D QC-time-services: offset is: 0 for base: 13
10-31 15:35:23.593   372   376 E QC-time-services: Receive Passed == base = 13, unit = 1, operation = 2, result = 0
10-31 15:35:23.593   372   376 D DrmLibTime: QSEE Time Listener: ATS_MODEM is not set. Fallback to Android system time.
10-31 15:35:23.593   372   376 D DrmLibTime: QSEE Time Listener: Retrieved Android system time: 1667226923
10-31 15:35:23.593   372   376 D DrmLibTime: time_getutcsec returns 0, sec = 1667226923; nsec = 0
10-31 15:35:23.593   372   376 D DrmLibTime: time_getutcsec finished! 
10-31 15:35:23.593   372   376 D DrmLibTime: iotcl_continue_command finished! and return 0 
10-31 15:35:23.593   372   376 D DrmLibTime: before calling ioctl to read the next time_cmd
10-31 15:35:23.594   625   647 E QC-time-services: Daemon: Time-services: Waiting to acceptconnection
10-31 15:35:23.621   562  5487 D WVCdm   : OEMCrypto_Initialize Level 1 success. I will use level 1.
10-31 15:35:23.621   562  5487 D WVCdm   : CryptoSession::Open: Lock: requested_security_level: L3
10-31 15:35:23.631 19987 19987 I cr_media: Provisioning origin ID 0DF8616025DBCD049D4918AAB12A5674
10-31 15:35:23.632 19987 19987 I MediaDrm: Drm event (1,0)
10-31 15:35:23.632 19987 19987 E cr_media: EventListener: No session for event 1.
10-31 15:35:23.685 20947 20947 E /system/bin/webview_zygote32: failed to make and chown /acct/uid_99648: Permission denied
10-31 15:35:23.685 20947 20947 E Zygote  : createProcessGroup(99648, 0) failed: Permission denied
10-31 15:35:02.960   772   791 E BatteryStatsService: no controller energy info supplied
10-31 15:35:23.687   772 10894 I ActivityManager: Start proc 20947:com.android.chrome:sandboxed_process30/u0i648 for webview_service com.android.chrome/org.chromium.content.app.SandboxedProcessService30
10-31 15:35:23.707   562 19050 D QSEECOMAPI: : QSEECom_dealloc_memory 
10-31 15:35:23.707   562 19050 D QSEECOMAPI: : QSEECom_shutdown_app, app_id = 2590
10-31 15:35:23.722 20947 20947 I SamplingProfilerIntegration: Profiling disabled.
10-31 15:35:23.730 19987 19987 I cr_media: Create MediaDrmBridge with level L1 and origin 0DF8616025DBCD049D4918AAB12A5674
10-31 15:35:23.733   361   361 W /system/bin/hwservicemanager: getTransportFromManifest: Cannot find entry android.hardware.drm@1.0::IDrmFactory in either framework or device manifest, using default transport.
10-31 15:35:23.737   562 19050 I DrmHal  : makeDrmFactories: using default drm instance
10-31 15:35:23.740   361   361 W /system/bin/hwservicemanager: getTransportFromManifest: Cannot find entry android.hardware.drm@1.0::IDrmFactory in either framework or device manifest, using default transport.
10-31 15:35:23.743   562   562 I DrmHal  : makeDrmFactories: using default drm instance
10-31 15:35:23.745   562   644 I WVCdm   : CdmEngine::QueryStatus
10-31 15:35:23.745   562   644 I WVCdm   : Level3 Library 4445 May 19 2017 17:17:20
10-31 15:35:23.745 20964 20964 E asset   : setgid: Operation not permitted
10-31 15:35:23.749   562   644 D QSEECOMAPI: : QSEECom_get_handle sb_length = 0x19000
10-31 15:35:23.749   562   644 D QSEECOMAPI: : App is not loaded in QSEE
10-31 15:35:23.780 20947 20947 I cr_SplitCompatApp: Launched version=106.0.5249.79 minSdkVersion=24 isBundle=true processName=com.android.chrome:sandboxed_process30 isIsolated=true
10-31 15:35:23.786 20947 20947 W SystemServiceRegistry: No service published for: uimode
10-31 15:35:23.792   562   644 D QSEECOMAPI: : Loaded image: APP id = 2591
10-31 15:35:23.795   562   644 D QSAPPSVER: qsapps_get_capabilities: Capability from secure side: 0x0
10-31 15:35:23.795   562   644 D QSAPPSVER: qsapps_get_capabilities: returns 0
10-31 15:35:23.795   562   644 E DrmWidevineDash: sion_buffer g_wv_fhandle->ion_sbuffer  0x0xef170000
10-31 15:35:23.797 20947 20947 I cr_ChildProcessService: Creating new ChildProcessService pid=20947
10-31 15:35:23.799   372   376 D DrmLibTime: got the req here! ret=0
10-31 15:35:23.799   372   376 D DrmLibTime: command id, time_cmd_id = 770
10-31 15:35:23.799   372   376 D DrmLibTime: time_getutcsec starts!
10-31 15:35:23.799   372   376 D DrmLibTime: QSEE Time Listener: time_getutcsec
10-31 15:35:23.799   372   376 D DrmLibTime: QSEE Time Listener: get_utc_seconds
10-31 15:35:23.799   372   376 D DrmLibTime: QSEE Time Listener: time_get_modem_time
10-31 15:35:23.799   372   376 D DrmLibTime: QSEE Time Listener: Checking if ATS_MODEM is set or not.
10-31 15:35:23.799   372   376 D QC-time-services: Lib:time_genoff_operation: pargs->base = 13
10-31 15:35:23.799   372   376 D QC-time-services: Lib:time_genoff_operation: pargs->operation = 2
10-31 15:35:23.799   372   376 D QC-time-services: Lib:time_genoff_operation: pargs->ts_val = 0
10-31 15:35:23.799   372   376 D QC-time-services: Lib:time_genoff_operation: Send to server  passed!!
10-31 15:35:23.799   625   647 D QC-time-services: Daemon: Connection accepted:time_genoff
10-31 15:35:23.800   625 20967 D QC-time-services: Daemon:Received base = 13, unit = 1, operation = 2,value = 0
10-31 15:35:23.800   625 20967 D QC-time-services: Daemon:genoff_opr: Base = 13, val = 0, operation = 2
10-31 15:35:23.800   625 20967 D QC-time-services: offset is: 0 for base: 13
10-31 15:35:23.800   372   376 E QC-time-services: Receive Passed == base = 13, unit = 1, operation = 2, result = 0
10-31 15:35:23.800   372   376 D DrmLibTime: QSEE Time Listener: ATS_MODEM is not set. Fallback to Android system time.
10-31 15:35:23.800   372   376 D DrmLibTime: QSEE Time Listener: Retrieved Android system time: 1667226923
10-31 15:35:23.800   372   376 D DrmLibTime: time_getutcsec returns 0, sec = 1667226923; nsec = 0
10-31 15:35:23.800   372   376 D DrmLibTime: time_getutcsec finished! 
10-31 15:35:23.800   372   376 D DrmLibTime: iotcl_continue_command finished! and return 0 
10-31 15:35:23.800   372   376 D DrmLibTime: before calling ioctl to read the next time_cmd
10-31 15:35:23.800   625   647 E QC-time-services: Daemon: Time-services: Waiting to acceptconnection
10-31 15:35:23.805 20947 20947 E WebViewFactory: can't load with relro file; address space not reserved
10-31 15:35:23.816 20947 20966 I cr_LibraryLoader: Successfully loaded native library
10-31 15:35:23.817 20947 20966 I cr_CachingUmaRecorder: Flushed 3 samples from 3 histograms.
10-31 15:35:23.825   562   644 D WVCdm   : OEMCrypto_Initialize Level 1 success. I will use level 1.
10-31 15:35:23.827   562   644 D QSEECOMAPI: : QSEECom_dealloc_memory 
10-31 15:35:23.827   562   644 D QSEECOMAPI: : QSEECom_shutdown_app, app_id = 2591
10-31 15:35:23.838   562 28303 I WVCdm   : CdmEngine::OpenSession
10-31 15:35:23.838   562 28303 I WVCdm   : Level3 Library 4445 May 19 2017 17:17:20
10-31 15:35:23.841   562 28303 D QSEECOMAPI: : QSEECom_get_handle sb_length = 0x19000
10-31 15:35:23.841   562 28303 D QSEECOMAPI: : App is not loaded in QSEE
10-31 15:35:23.855 20970 20970 W ThreadPoolForeg: type=1400 audit(0.0:15745): avc: denied { setattr } for name="LICENSE.txt" dev="dm-2" ino=1505065 scontext=u:r:isolated_app:s0:c512,c768 tcontext=u:object_r:app_data_file:s0:c512,c768 tclass=file permissive=0
10-31 15:35:23.859 20970 20970 W ThreadPoolForeg: type=1400 audit(0.0:15746): avc: denied { setattr } for name=46696C746572696E672052756C6573 dev="dm-2" ino=1505066 scontext=u:r:isolated_app:s0:c512,c768 tcontext=u:object_r:app_data_file:s0:c512,c768 tclass=file permissive=0
10-31 15:35:23.859 20970 20970 W ThreadPoolForeg: type=1400 audit(0.0:15747): avc: denied { setattr } for name="manifest.json" dev="dm-2" ino=1505076 scontext=u:r:isolated_app:s0:c512,c768 tcontext=u:object_r:app_data_file:s0:c512,c768 tclass=file permissive=0
10-31 15:35:23.862 20970 20970 W ThreadPoolForeg: type=1400 audit(0.0:15748): avc: denied { setattr } for name="verified_contents.json" dev="dm-2" ino=1505084 scontext=u:r:isolated_app:s0:c512,c768 tcontext=u:object_r:app_data_file:s0:c512,c768 tclass=file permissive=0
10-31 15:35:23.870 20947 20966 I chromium: [INFO:child_process_service.cc(69)] ChildProcessService: Exiting child process.
10-31 15:35:23.874   422   422 E lowmemorykiller: Error writing /proc/20947/oom_score_adj; errno=22
10-31 15:35:23.874   772 10860 I ActivityManager: Killing 20947:com.android.chrome:sandboxed_process30/u0a60i648 (adj 0): isolated not needed
10-31 15:35:23.875   772   790 W zygote64: failed to open /acct/uid_99648/pid_20947/cgroup.procs: No such file or directory
10-31 15:35:23.886   562 28303 D QSEECOMAPI: : Loaded image: APP id = 2592
10-31 15:35:23.887   562 28303 D QSAPPSVER: qsapps_get_capabilities: Capability from secure side: 0x0
10-31 15:35:23.887   562 28303 D QSAPPSVER: qsapps_get_capabilities: returns 0
10-31 15:35:23.887   562 28303 E DrmWidevineDash: sion_buffer g_wv_fhandle->ion_sbuffer  0x0xef170000
10-31 15:35:23.891   372   376 D DrmLibTime: got the req here! ret=0
10-31 15:35:23.891   372   376 D DrmLibTime: command id, time_cmd_id = 770
10-31 15:35:23.891   372   376 D DrmLibTime: time_getutcsec starts!
10-31 15:35:23.891   372   376 D DrmLibTime: QSEE Time Listener: time_getutcsec
10-31 15:35:23.891   372   376 D DrmLibTime: QSEE Time Listener: get_utc_seconds
10-31 15:35:23.891   372   376 D DrmLibTime: QSEE Time Listener: time_get_modem_time
10-31 15:35:23.891   372   376 D DrmLibTime: QSEE Time Listener: Checking if ATS_MODEM is set or not.
10-31 15:35:23.891   372   376 D QC-time-services: Lib:time_genoff_operation: pargs->base = 13
10-31 15:35:23.891   372   376 D QC-time-services: Lib:time_genoff_operation: pargs->operation = 2
10-31 15:35:23.891   372   376 D QC-time-services: Lib:time_genoff_operation: pargs->ts_val = 0
10-31 15:35:23.891   372   376 D QC-time-services: Lib:time_genoff_operation: Send to server  passed!!
10-31 15:35:23.891   625   647 D QC-time-services: Daemon: Connection accepted:time_genoff
10-31 15:35:23.892   625 20974 D QC-time-services: Daemon:Received base = 13, unit = 1, operation = 2,value = 0
10-31 15:35:23.892   625 20974 D QC-time-services: Daemon:genoff_opr: Base = 13, val = 0, operation = 2
10-31 15:35:23.892   625 20974 D QC-time-services: offset is: 0 for base: 13
10-31 15:35:23.892   372   376 E QC-time-services: Receive Passed == base = 13, unit = 1, operation = 2, result = 0
10-31 15:35:23.892   372   376 D DrmLibTime: QSEE Time Listener: ATS_MODEM is not set. Fallback to Android system time.
10-31 15:35:23.892   372   376 D DrmLibTime: QSEE Time Listener: Retrieved Android system time: 1667226923
10-31 15:35:23.892   372   376 D DrmLibTime: time_getutcsec returns 0, sec = 1667226923; nsec = 0
10-31 15:35:23.892   372   376 D DrmLibTime: time_getutcsec finished! 
10-31 15:35:23.892   372   376 D DrmLibTime: iotcl_continue_command finished! and return 0 
10-31 15:35:23.892   372   376 D DrmLibTime: before calling ioctl to read the next time_cmd
10-31 15:35:23.892   625   647 E QC-time-services: Daemon: Time-services: Waiting to acceptconnection
10-31 15:35:23.914   562 28303 D WVCdm   : OEMCrypto_Initialize Level 1 success. I will use level 1.
10-31 15:35:23.914   562 28303 D WVCdm   : CryptoSession::Open: Lock: requested_security_level: Default
10-31 15:35:23.917   562 28303 W WVCdm   : DeviceFiles::RetrieveHashedFile: /data/mediadrm/IDM1013/L1/cert.bin does not exist
10-31 15:35:23.919   562 28303 D QSEECOMAPI: : QSEECom_dealloc_memory 
10-31 15:35:23.919   562 28303 D QSEECOMAPI: : QSEECom_shutdown_app, app_id = 2592
10-31 15:35:23.928   562   562 I WVCdm   : Level3 Library 4445 May 19 2017 17:17:20
10-31 15:35:23.937   562   562 D QSEECOMAPI: : QSEECom_get_handle sb_length = 0x19000
10-31 15:35:23.937   562   562 D QSEECOMAPI: : App is not loaded in QSEE
10-31 15:35:23.987   562   562 D QSEECOMAPI: : Loaded image: APP id = 2593
10-31 15:35:23.991   562   562 D QSAPPSVER: qsapps_get_capabilities: Capability from secure side: 0x0
10-31 15:35:23.991   562   562 D QSAPPSVER: qsapps_get_capabilities: returns 0
10-31 15:35:23.991   562   562 E DrmWidevineDash: sion_buffer g_wv_fhandle->ion_sbuffer  0x0xef2cd000
10-31 15:35:23.994   372   376 D DrmLibTime: got the req here! ret=0
10-31 15:35:23.994   372   376 D DrmLibTime: command id, time_cmd_id = 770
10-31 15:35:23.994   372   376 D DrmLibTime: time_getutcsec starts!
10-31 15:35:23.994   372   376 D DrmLibTime: QSEE Time Listener: time_getutcsec
10-31 15:35:23.994   372   376 D DrmLibTime: QSEE Time Listener: get_utc_seconds
10-31 15:35:23.994   372   376 D DrmLibTime: QSEE Time Listener: time_get_modem_time
10-31 15:35:23.994   372   376 D DrmLibTime: QSEE Time Listener: Checking if ATS_MODEM is set or not.
10-31 15:35:23.994   372   376 D QC-time-services: Lib:time_genoff_operation: pargs->base = 13
10-31 15:35:23.994   372   376 D QC-time-services: Lib:time_genoff_operation: pargs->operation = 2
10-31 15:35:23.994   372   376 D QC-time-services: Lib:time_genoff_operation: pargs->ts_val = 0
10-31 15:35:23.994   372   376 D QC-time-services: Lib:time_genoff_operation: Send to server  passed!!
10-31 15:35:23.994   625   647 D QC-time-services: Daemon: Connection accepted:time_genoff
10-31 15:35:23.994   625 20975 D QC-time-services: Daemon:Received base = 13, unit = 1, operation = 2,value = 0
10-31 15:35:23.994   625 20975 D QC-time-services: Daemon:genoff_opr: Base = 13, val = 0, operation = 2
10-31 15:35:23.994   625 20975 D QC-time-services: offset is: 0 for base: 13
10-31 15:35:23.994   372   376 E QC-time-services: Receive Passed == base = 13, unit = 1, operation = 2, result = 0
10-31 15:35:23.994   372   376 D DrmLibTime: QSEE Time Listener: ATS_MODEM is not set. Fallback to Android system time.
10-31 15:35:23.994   372   376 D DrmLibTime: QSEE Time Listener: Retrieved Android system time: 1667226923
10-31 15:35:23.994   372   376 D DrmLibTime: time_getutcsec returns 0, sec = 1667226923; nsec = 0
10-31 15:35:23.995   372   376 D DrmLibTime: time_getutcsec finished! 
10-31 15:35:23.995   372   376 D DrmLibTime: iotcl_continue_command finished! and return 0 
10-31 15:35:23.995   372   376 D DrmLibTime: before calling ioctl to read the next time_cmd
10-31 15:35:23.995   625   647 E QC-time-services: Daemon: Time-services: Waiting to acceptconnection
10-31 15:35:24.019   562   562 D WVCdm   : OEMCrypto_Initialize Level 1 success. I will use level 1.
10-31 15:35:24.019   562   562 D WVCdm   : CryptoSession::Open: Lock: requested_security_level: Default
10-31 15:35:24.088   562   562 E DrmWidevineDash: OEMCrypto_GenerateSignature : input wrapped_rsa_key == NULL!, return short buffer
10-31 15:35:24.090 19987 19987 I cr_media: Provisioning origin ID 0DF8616025DBCD049D4918AAB12A5674
