10-31 15:34:33.345 20845 20845 W ThreadPoolForeg: type=1400 audit(0.0:15740): avc: denied { setattr } for name="model.tflite" dev="dm-2" ino=1504780 scontext=u:r:isolated_app:s0:c512,c768 tcontext=u:object_r:app_data_file:s0:c512,c768 tclass=file permissive=0
10-31 15:34:33.351 20790 20840 I chromium: [INFO:child_process_service.cc(69)] ChildProcessService: Exiting child process.
10-31 15:34:33.353   422   422 E lowmemorykiller: Error writing /proc/20790/oom_score_adj; errno=22
10-31 15:34:33.354   772  4539 I ActivityManager: Killing 20790:com.android.chrome:sandboxed_process28/u0a60i646 (adj 0): isolated not needed
10-31 15:34:33.355 20851 20851 W ThreadPoolForeg: type=1400 audit(0.0:15741): avc: denied { setattr } for name="model-info.pb" dev="dm-2" ino=1504743 scontext=u:r:isolated_app:s0:c512,c768 tcontext=u:object_r:app_data_file:s0:c512,c768 tclass=file permissive=0
10-31 15:34:33.355   772   790 W zygote64: failed to open /acct/uid_99646/pid_20790/cgroup.procs: No such file or directory
10-31 15:34:33.359 20851 20851 W ThreadPoolForeg: type=1400 audit(0.0:15742): avc: denied { setattr } for name="model.tflite" dev="dm-2" ino=1504765 scontext=u:r:isolated_app:s0:c512,c768 tcontext=u:object_r:app_data_file:s0:c512,c768 tclass=file permissive=0
10-31 15:34:33.363 20783 20841 I chromium: [INFO:child_process_service.cc(69)] ChildProcessService: Exiting child process.
10-31 15:34:33.365   422   422 E lowmemorykiller: Error writing /proc/20783/oom_score_adj; errno=22
10-31 15:34:33.367   772 13022 I ActivityManager: Killing 20783:com.android.chrome:sandboxed_process27/u0a60i645 (adj 0): isolated not needed
10-31 15:34:33.368   772   790 W zygote64: failed to open /acct/uid_99645/pid_20783/cgroup.procs: No such file or directory
10-31 15:34:33.370 19987 19987 W chromium: [WARNING:compositor_view.cc(342)] Child process died (type=6) pid=20790)
10-31 15:34:33.392 19987 19987 W chromium: [WARNING:compositor_view.cc(342)] Child process died (type=6) pid=20783)
10-31 15:34:33.852 19987 19987 W chromium: [WARNING:controller_impl.cc(1190)] Background download complete, client: 6, completion type: 0, file size:9419
10-31 15:34:33.873 20854 20854 E /system/bin/webview_zygote32: failed to make and chown /acct/uid_99647: Permission denied
10-31 15:34:33.873 20854 20854 E Zygote  : createProcessGroup(99647, 0) failed: Permission denied
10-31 15:34:33.878   772 20193 I ActivityManager: Start proc 20854:com.android.chrome:sandboxed_process29/u0i647 for webview_service com.android.chrome/org.chromium.content.app.SandboxedProcessService29
10-31 15:34:33.889 20854 20854 I SamplingProfilerIntegration: Profiling disabled.
10-31 15:34:33.906 20867 20867 E asset   : setgid: Operation not permitted
10-31 15:34:33.943 20854 20854 I cr_SplitCompatApp: Launched version=106.0.5249.79 minSdkVersion=24 isBundle=true processName=com.android.chrome:sandboxed_process29 isIsolated=true
10-31 15:34:33.947 20854 20854 W SystemServiceRegistry: No service published for: uimode
10-31 15:34:33.953 20854 20854 I cr_ChildProcessService: Creating new ChildProcessService pid=20854
10-31 15:34:33.959 20854 20854 E WebViewFactory: can't load with relro file; address space not reserved
10-31 15:34:33.972 20854 20869 I cr_LibraryLoader: Successfully loaded native library
10-31 15:34:33.973 20854 20869 I cr_CachingUmaRecorder: Flushed 3 samples from 3 histograms.
10-31 15:34:33.995 20872 20872 W ThreadPoolForeg: type=1400 audit(0.0:15743): avc: denied { setattr } for name="model-info.pb" dev="dm-2" ino=1504815 scontext=u:r:isolated_app:s0:c512,c768 tcontext=u:object_r:app_data_file:s0:c512,c768 tclass=file permissive=0
10-31 15:34:33.999 20872 20872 W ThreadPoolForeg: type=1400 audit(0.0:15744): avc: denied { setattr } for name="model.tflite" dev="dm-2" ino=1504816 scontext=u:r:isolated_app:s0:c512,c768 tcontext=u:object_r:app_data_file:s0:c512,c768 tclass=file permissive=0
10-31 15:34:34.005 20854 20869 I chromium: [INFO:child_process_service.cc(69)] ChildProcessService: Exiting child process.
10-31 15:34:34.007   422   422 E lowmemorykiller: Error writing /proc/20854/oom_score_adj; errno=22
10-31 15:34:34.008   772  2970 I ActivityManager: Killing 20854:com.android.chrome:sandboxed_process29/u0a60i647 (adj 0): isolated not needed
10-31 15:34:34.009   772   790 W zygote64: failed to open /acct/uid_99647/pid_20854/cgroup.procs: No such file or directory
10-31 15:34:34.026 19987 19987 W chromium: [WARNING:compositor_view.cc(342)] Child process died (type=6) pid=20854)
10-31 15:34:34.069 13542 13673 I Icing   : IndexChimeraService.getServiceInterface callingPackage=com.google.android.gms componentName=null serviceId=30
10-31 15:34:34.077 13542 13542 D BoundBrokerSvc: onBind: Intent { act=com.google.android.gms.common.BIND_SHARED_PREFS pkg=com.google.android.gms }
10-31 15:34:34.077 13542 13542 D BoundBrokerSvc: Loading bound service for intent: Intent { act=com.google.android.gms.common.BIND_SHARED_PREFS pkg=com.google.android.gms }
10-31 15:34:34.087 13542 13542 D BoundBrokerSvc: onUnbind: Intent { act=com.google.android.gms.common.BIND_SHARED_PREFS pkg=com.google.android.gms }
10-31 15:34:34.112 13542 26810 I GmsCoreXrpcWrapper: Returning a channel provider with trafficStatsTag=12803 trafficStatsUid=-1
10-31 15:34:34.299 13542 26810 I Icing   : Usage reports ok 3, Failed Usage reports 0, indexed 2, rejected 0
10-31 15:34:34.439  3960  3970 I zygote64: Background concurrent copying GC freed 236832(9MB) AllocSpace objects, 3(60KB) LOS objects, 49% free, 12MB/24MB, paused 201us total 120.664ms
10-31 15:34:35.260   772  1327 I ActivityManager: Start proc 20877:com.google.android.tts/u0a72 for service com.google.android.tts/.service.GoogleTTSService
10-31 15:34:35.260 19987 19987 I TextToSpeech: Sucessfully bound to com.google.android.tts
10-31 15:34:35.418 20877 20877 I GAv4    : Google Analytics 10.0.84 is starting up. To enable debug logging on a device run:
10-31 15:34:35.418 20877 20877 I GAv4    :   adb shell setprop log.tag.GAv4 DEBUG
10-31 15:34:35.418 20877 20877 I GAv4    :   adb logcat -s GAv4
10-31 15:34:35.445 20877 20897 W GAv4    : CampaignTrackingReceiver is not registered, not exported or is disabled. Installation campaign tracking is not possible. See http://goo.gl/8Rd3yj for instructions.
10-31 15:34:35.487   772  1327 D CryptdConnector: SND -> {37 cryptfs getpwtype}
10-31 15:34:35.500   382   390 D VoldCryptCmdListener: cryptfs getpwtype
10-31 15:34:35.506   772   850 D CryptdConnector: RCV <- {213 37 default}
10-31 15:34:35.526 14438 14438 I MemoryTrimmer: Trimming objects from memory, since app is in the background.
10-31 15:34:35.579 19987 20054 I cr_omaha: OmahaBase::generateAndPostRequest(): Sending request to Omaha:
10-31 15:34:35.579 19987 20054 I cr_omaha: <?xml version='1.0' encoding='UTF-8' standalone='yes' ?><request protocol="3.0" updater="Android" updaterversion="106.0.5249.79" updaterchannel="chrome" ismachine="1" requestid="{84689f04-207b-46c2-82ad-e1352a161a4d}" sessionid="{b0bb1740-e2cf-4737-93d7-6d36b3373ce4}" installsource="system_image" dedup="cr"><os platform="android" version="8.0.0" arch="arm" /><app brand="" client="ms-android-google" appid="{387E11AD-7109-45F6-83CF-CAA241ADC9DF}" version="106.0.5249.79" nextversion="" lang="en-US" installage="-1" ap="chrome;google;nexus 5x"><event eventtype="2" eventresult="1" /></app></request>
10-31 15:34:35.629 20877 20877 I TTS     : Cache cleared
10-31 15:34:35.641 20877 20877 I TTS     : Creating Google TTS service, version 3.12.9
10-31 15:34:35.644 20877 20877 I TTS     : Loading library tts_android_neon
10-31 15:34:35.725 19987 20054 I cr_omaha: OmahaBase::generateAndPostRequest(): Received response from Omaha:
10-31 15:34:35.725 19987 20054 I cr_omaha: <?xml version="1.0" encoding="UTF-8"?><response protocol="3.0" server="prod"><daystart elapsed_days="5782" elapsed_seconds="27274"/><app appid="{387E11AD-7109-45F6-83CF-CAA241ADC9DF}" status="ok"><event status="ok"/></app></response>
10-31 15:34:35.736 19987 20054 I cr_omaha: Request to Server Successful. Timestamp for next request:1667230475736
10-31 15:34:35.756 19987 20054 I cr_omaha: OmahaBase::generateAndPostRequest(): Sending request to Omaha:
10-31 15:34:35.756 19987 20054 I cr_omaha: <?xml version='1.0' encoding='UTF-8' standalone='yes' ?><request protocol="3.0" updater="Android" updaterversion="106.0.5249.79" updaterchannel="chrome" ismachine="1" requestid="{0dd408e2-e61a-473d-afb4-76155e460bcc}" sessionid="{b0bb1740-e2cf-4737-93d7-6d36b3373ce4}" installsource="system_image" dedup="cr"><os platform="android" version="8.0.0" arch="arm" /><app brand="" client="ms-android-google" appid="{387E11AD-7109-45F6-83CF-CAA241ADC9DF}" version="106.0.5249.79" nextversion="" lang="en-US" installage="0" ap="chrome;google;nexus 5x"><updatecheck /><ping active="1" ad="5782" rd="5782" /></app></request>
10-31 15:34:35.792 19987 20054 I cr_omaha: OmahaBase::generateAndPostRequest(): Received response from Omaha:
10-31 15:34:35.792 19987 20054 I cr_omaha: <?xml version="1.0" encoding="UTF-8"?><response protocol="3.0" server="prod"><daystart elapsed_days="5782" elapsed_seconds="27274"/><app appid="{387E11AD-7109-45F6-83CF-CAA241ADC9DF}" cohort="1:hyx:" cohortname="Stable Chrome" status="ok"><updatecheck status="noupdate"/><ping status="ok"/></app></response>
10-31 15:34:35.797 19987 20054 I cr_omaha: Request to Server Successful. Timestamp for next request:1667230475797
10-31 15:34:35.797 19987 20054 I cr_omaha: Attempting to schedule next job for: Mon Oct 31 20:34:35 GMT+01:00 2022
10-31 15:34:35.803 19987 19987 I cr_omaha: Scheduled using JobService
10-31 15:34:35.804 19987 19987 E cr_BkgrdTaskJS: Tried finishing non-current BackgroundTask.
10-31 15:34:35.920 20877 20877 I TTS     : Couldn't read preferred locale from settings.
10-31 15:34:35.929 20877 20905 I TTS     : Initializing en-us-x-sfg-lstm-embedded from apk
10-31 15:34:35.930 19987 19987 I TextToSpeech: Connected to ComponentInfo{com.google.android.tts/com.google.android.tts.service.GoogleTTSService}
10-31 15:34:35.952 20877 20889 I TTS     : Couldn't read preferred locale from settings.
10-31 15:34:35.962 20877 20889 I TTS     : Couldn't read preferred locale from settings.
10-31 15:34:35.965 20877 20889 I TTS     : For default lang en-us is name en-US-language (en-us-x-sfg-server)
10-31 15:34:35.965 19987 20054 I TextToSpeech: Set up connection to ComponentInfo{com.google.android.tts/com.google.android.tts.service.GoogleTTSService}
10-31 15:34:35.982   551   618 I ThermalEngine: ACTION: LCD - Setting max LCD brightness to 232
10-31 15:34:35.997 20877 20907 I TTS     : Couldn't read preferred locale from settings.
10-31 15:34:35.998 20877 20907 W TTS     : No local or network voice found, failing dispatch
10-31 15:34:35.998 20877 20907 W TTS     : Could not find voice for af
10-31 15:34:35.999 20877 20889 I TTS     : Couldn't read preferred locale from settings.
10-31 15:34:36.000 20877 20889 W TTS     : No local or network voice found, failing dispatch
10-31 15:34:36.001 20877 20889 W TTS     : Could not find voice for af_NA
10-31 15:34:36.001 20877 20888 I TTS     : Couldn't read preferred locale from settings.
10-31 15:34:36.006 20877 20888 W TTS     : No local or network voice found, failing dispatch
10-31 15:34:36.006 20877 20888 W TTS     : Could not find voice for af_ZA
10-31 15:34:36.007 20877 20907 I TTS     : Couldn't read preferred locale from settings.
10-31 15:34:36.007 20877 20907 W TTS     : No local or network voice found, failing dispatch
10-31 15:34:36.007 20877 20907 W TTS     : Could not find voice for agq
10-31 15:34:36.013 20877 20889 I TTS     : Couldn't read preferred locale from settings.
10-31 15:34:36.014 20877 20889 W TTS     : No local or network voice found, failing dispatch
10-31 15:34:36.014 20877 20889 W TTS     : Could not find voice for agq_CM
10-31 15:34:36.014 20877 20888 I TTS     : Couldn't read preferred locale from settings.
10-31 15:34:36.015 20877 20888 W TTS     : No local or network voice found, failing dispatch
10-31 15:34:36.015 20877 20888 W TTS     : Could not find voice for ak
10-31 15:34:36.015 20877 20907 I TTS     : Couldn't read preferred locale from settings.
10-31 15:34:36.015 20877 20907 W TTS     : No local or network voice found, failing dispatch
10-31 15:34:36.016 20877 20907 W TTS     : Could not find voice for ak_GH
10-31 15:34:36.016 20877 20889 I TTS     : Couldn't read preferred locale from settings.
10-31 15:34:36.016 20877 20889 W TTS     : No local or network voice found, failing dispatch
10-31 15:34:36.016 20877 20889 W TTS     : Could not find voice for am
10-31 15:34:36.017 20877 20888 I TTS     : Couldn't read preferred locale from settings.
10-31 15:34:36.017 20877 20888 W TTS     : No local or network voice found, failing dispatch
10-31 15:34:36.017 20877 20888 W TTS     : Could not find voice for am_ET
10-31 15:34:36.018 20877 20907 I TTS     : Couldn't read preferred locale from settings.
10-31 15:34:36.018 20877 20907 W TTS     : No local or network voice found, failing dispatch
10-31 15:34:36.018 20877 20907 W TTS     : Could not find voice for ar
10-31 15:34:36.018 20877 20889 I TTS     : Couldn't read preferred locale from settings.
10-31 15:34:36.019 20877 20889 W TTS     : No local or network voice found, failing dispatch
10-31 15:34:36.019 20877 20889 W TTS     : Could not find voice for ar_001
10-31 15:34:36.019 20877 20888 I TTS     : Couldn't read preferred locale from settings.
10-31 15:34:36.019 20877 20888 W TTS     : No local or network voice found, failing dispatch
10-31 15:34:36.019 20877 20888 W TTS     : Could not find voice for ar_AE
10-31 15:34:36.020 20877 20907 I TTS     : Couldn't read preferred locale from settings.
10-31 15:34:36.021 20877 20907 W TTS     : No local or network voice found, failing dispatch
10-31 15:34:36.021 20877 20907 W TTS     : Could not find voice for ar_BH
10-31 15:34:36.021 20877 20889 I TTS     : Couldn't read preferred locale from settings.
10-31 15:34:36.022 20877 20889 W TTS     : No local or network voice found, failing dispatch
10-31 15:34:36.022 20877 20889 W TTS     : Could not find voice for ar_DJ
10-31 15:34:36.022 20877 20888 I TTS     : Couldn't read preferred locale from settings.
10-31 15:34:36.022 20877 20888 W TTS     : No local or network voice found, failing dispatch
10-31 15:34:36.022 20877 20888 W TTS     : Could not find voice for ar_DZ
10-31 15:34:36.023 20877 20907 I TTS     : Couldn't read preferred locale from settings.
10-31 15:34:36.023 20877 20907 W TTS     : No local or network voice found, failing dispatch
10-31 15:34:36.023 20877 20907 W TTS     : Could not find voice for ar_EG
10-31 15:34:36.024 20877 20889 I TTS     : Couldn't read preferred locale from settings.
10-31 15:34:36.024 20877 20889 W TTS     : No local or network voice found, failing dispatch
10-31 15:34:36.025 20877 20889 W TTS     : Could not find voice for ar_EH
10-31 15:34:36.036 20877 20888 I TTS     : Couldn't read preferred locale from settings.
10-31 15:34:36.036 20877 20888 W TTS     : No local or network voice found, failing dispatch
10-31 15:34:36.036 20877 20888 W TTS     : Could not find voice for ar_ER
10-31 15:34:36.037 20877 20907 I TTS     : Couldn't read preferred locale from settings.
10-31 15:34:36.037 20877 20907 W TTS     : No local or network voice found, failing dispatch
10-31 15:34:36.037 20877 20907 W TTS     : Could not find voice for ar_IL
10-31 15:34:36.038 20877 20889 I TTS     : Couldn't read preferred locale from settings.
10-31 15:34:36.038 20877 20889 W TTS     : No local or network voice found, failing dispatch
10-31 15:34:36.038 20877 20889 W TTS     : Could not find voice for ar_IQ
10-31 15:34:36.038 20877 20888 I TTS     : Couldn't read preferred locale from settings.
10-31 15:34:36.039 20877 20888 W TTS     : No local or network voice found, failing dispatch
10-31 15:34:36.039 20877 20888 W TTS     : Could not find voice for ar_JO
10-31 15:34:36.039 20877 20907 I TTS     : Couldn't read preferred locale from settings.
10-31 15:34:36.039 20877 20907 W TTS     : No local or network voice found, failing dispatch
10-31 15:34:36.039 20877 20907 W TTS     : Could not find voice for ar_KM
10-31 15:34:36.040 20877 20889 I TTS     : Couldn't read preferred locale from settings.
10-31 15:34:36.040 20877 20889 W TTS     : No local or network voice found, failing dispatch
10-31 15:34:36.040 20877 20889 W TTS     : Could not find voice for ar_KW
10-31 15:34:36.041 20877 20888 I TTS     : Couldn't read preferred locale from settings.
10-31 15:34:36.041 20877 20888 W TTS     : No local or network voice found, failing dispatch
10-31 15:34:36.041 20877 20888 W TTS     : Could not find voice for ar_LB
10-31 15:34:36.042 20877 20907 I TTS     : Couldn't read preferred locale from settings.
10-31 15:34:36.042 20877 20907 W TTS     : No local or network voice found, failing dispatch
10-31 15:34:36.042 20877 20907 W TTS     : Could not find voice for ar_LY
10-31 15:34:36.042 20877 20889 I TTS     : Couldn't read preferred locale from settings.
10-31 15:34:36.043 20877 20889 W TTS     : No local or network voice found, failing dispatch
10-31 15:34:36.043 20877 20889 W TTS     : Could not find voice for ar_MA
10-31 15:34:36.043 20877 20888 I TTS     : Couldn't read preferred locale from settings.
10-31 15:34:36.044 20877 20888 W TTS     : No local or network voice found, failing dispatch
10-31 15:34:36.044 20877 20888 W TTS     : Could not find voice for ar_MR
10-31 15:34:36.044 20877 20907 I TTS     : Couldn't read preferred locale from settings.
10-31 15:34:36.045 20877 20907 W TTS     : No local or network voice found, failing dispatch
10-31 15:34:36.045 20877 20907 W TTS     : Could not find voice for ar_OM
10-31 15:34:36.045 20877 20889 I TTS     : Couldn't read preferred locale from settings.
10-31 15:34:36.045 20877 20889 W TTS     : No local or network voice found, failing dispatch
10-31 15:34:36.045 20877 20889 W TTS     : Could not find voice for ar_PS
10-31 15:34:36.046 20877 20888 I TTS     : Couldn't read preferred locale from settings.
10-31 15:34:36.046 20877 20888 W TTS     : No local or network voice found, failing dispatch
10-31 15:34:36.046 20877 20888 W TTS     : Could not find voice for ar_QA
10-31 15:34:36.046 20877 20907 I TTS     : Couldn't read preferred locale from settings.
10-31 15:34:36.047 20877 20907 W TTS     : No local or network voice found, failing dispatch
10-31 15:34:36.047 20877 20907 W TTS     : Could not find voice for ar_SA
10-31 15:34:36.047 20877 20889 I TTS     : Couldn't read preferred locale from settings.
10-31 15:34:36.047 20877 20889 W TTS     : No local or network voice found, failing dispatch
10-31 15:34:36.047 20877 20889 W TTS     : Could not find voice for ar_SD
10-31 15:34:36.048 20877 20888 I TTS     : Couldn't read preferred locale from settings.
10-31 15:34:36.048 20877 20888 W TTS     : No local or network voice found, failing dispatch
10-31 15:34:36.048 20877 20888 W TTS     : Could not find voice for ar_SO
10-31 15:34:36.048 20877 20907 I TTS     : Couldn't read preferred locale from settings.
10-31 15:34:36.049 20877 20907 W TTS     : No local or network voice found, failing dispatch
10-31 15:34:36.049 20877 20907 W TTS     : Could not find voice for ar_SS
10-31 15:34:36.049 20877 20889 I TTS     : Couldn't read preferred locale from settings.
10-31 15:34:36.049 20877 20889 W TTS     : No local or network voice found, failing dispatch
10-31 15:34:36.049 20877 20889 W TTS     : Could not find voice for ar_SY
10-31 15:34:36.050 20877 20888 I TTS     : Couldn't read preferred locale from settings.
10-31 15:34:36.050 20877 20888 W TTS     : No local or network voice found, failing dispatch
10-31 15:34:36.050 20877 20888 W TTS     : Could not find voice for ar_TD
10-31 15:34:36.050 20877 20907 I TTS     : Couldn't read preferred locale from settings.
10-31 15:34:36.051 20877 20907 W TTS     : No local or network voice found, failing dispatch
10-31 15:34:36.051 20877 20907 W TTS     : Could not find voice for ar_TN
10-31 15:34:36.056 20877 20881 I zygote  : Do partial code cache collection, code=31KB, data=27KB
10-31 15:34:36.056 20877 20881 I zygote  : After code cache collection, code=30KB, data=27KB
10-31 15:34:36.056 20877 20881 I zygote  : Increasing code cache capacity to 128KB
10-31 15:34:36.057 19987 20053 W TextToSpeech: Couldn't retrieve ISO 3166 country code for locale: ar_XB
10-31 15:34:36.057 19987 20053 W TextToSpeech: java.util.MissingResourceException: Couldn't find 3-letter country code for XB
10-31 15:34:36.057 19987 20053 W TextToSpeech: 	at java.util.Locale.getISO3Country(Locale.java:1720)
10-31 15:34:36.057 19987 20053 W TextToSpeech: 	at android.speech.tts.TextToSpeech$16.run(TextToSpeech.java:1789)
10-31 15:34:36.057 19987 20053 W TextToSpeech: 	at android.speech.tts.TextToSpeech$16.run(TextToSpeech.java:1777)
10-31 15:34:36.057 19987 20053 W TextToSpeech: 	at android.speech.tts.TextToSpeech$Connection.runAction(TextToSpeech.java:2301)
10-31 15:34:36.057 19987 20053 W TextToSpeech: 	at android.speech.tts.TextToSpeech.runAction(TextToSpeech.java:752)
10-31 15:34:36.057 19987 20053 W TextToSpeech: 	at android.speech.tts.TextToSpeech.runAction(TextToSpeech.java:742)
10-31 15:34:36.057 19987 20053 W TextToSpeech: 	at android.speech.tts.TextToSpeech.isLanguageAvailable(TextToSpeech.java:1776)
10-31 15:34:36.057 19987 20053 W TextToSpeech: 	at TO3.b(chromium-Monochrome.aab-stable-524907923:139)
10-31 15:34:36.057 19987 20053 W TextToSpeech: 	at Mn.call(chromium-Monochrome.aab-stable-524907923:119)
10-31 15:34:36.057 19987 20053 W TextToSpeech: 	at java.util.concurrent.FutureTask.run(FutureTask.java:266)
10-31 15:34:36.057 19987 20053 W TextToSpeech: 	at Nn.run(chromium-Monochrome.aab-stable-524907923:473)
10-31 15:34:36.057 20877 20889 I TTS     : Couldn't read preferred locale from settings.
10-31 15:34:36.059 20877 20889 W TTS     : No local or network voice found, failing dispatch
10-31 15:34:36.059 20877 20889 W TTS     : Could not find voice for ar_YE
10-31 15:34:36.060 20877 20888 I TTS     : Couldn't read preferred locale from settings.
10-31 15:34:36.061 20877 20888 W TTS     : No local or network voice found, failing dispatch
10-31 15:34:36.061 20877 20888 W TTS     : Could not find voice for as
10-31 15:34:36.061 20877 20907 I TTS     : Couldn't read preferred locale from settings.
10-31 15:34:36.062 20877 20907 W TTS     : No local or network voice found, failing dispatch
10-31 15:34:36.062 20877 20907 W TTS     : Could not find voice for as_IN
10-31 15:34:36.062 20877 20889 I TTS     : Couldn't read preferred locale from settings.
10-31 15:34:36.062 20877 20889 W TTS     : No local or network voice found, failing dispatch
10-31 15:34:36.062 20877 20889 W TTS     : Could not find voice for asa
10-31 15:34:36.063 20877 20888 I TTS     : Couldn't read preferred locale from settings.
10-31 15:34:36.063 20877 20888 W TTS     : No local or network voice found, failing dispatch
10-31 15:34:36.063 20877 20888 W TTS     : Could not find voice for asa_TZ
10-31 15:34:36.064 20877 20907 I TTS     : Couldn't read preferred locale from settings.
10-31 15:34:36.064 20877 20907 W TTS     : No local or network voice found, failing dispatch
10-31 15:34:36.064 20877 20907 W TTS     : Could not find voice for ast
10-31 15:34:36.065 20877 20889 I TTS     : Couldn't read preferred locale from settings.
10-31 15:34:36.065 20877 20889 W TTS     : No local or network voice found, failing dispatch
10-31 15:34:36.065 20877 20889 W TTS     : Could not find voice for ast_ES
10-31 15:34:36.066 20877 20888 I TTS     : Couldn't read preferred locale from settings.
10-31 15:34:36.066 20877 20888 W TTS     : No local or network voice found, failing dispatch
10-31 15:34:36.066 20877 20888 W TTS     : Could not find voice for az
10-31 15:34:36.067 20877 20907 I TTS     : Couldn't read preferred locale from settings.
10-31 15:34:36.067 20877 20907 W TTS     : No local or network voice found, failing dispatch
10-31 15:34:36.067 20877 20907 W TTS     : Could not find voice for az
10-31 15:34:36.069 20877 20889 I TTS     : Couldn't read preferred locale from settings.
10-31 15:34:36.069 20877 20889 W TTS     : No local or network voice found, failing dispatch
10-31 15:34:36.069 20877 20889 W TTS     : Could not find voice for az_AZ
10-31 15:34:36.070 20877 20888 I TTS     : Couldn't read preferred locale from settings.
10-31 15:34:36.070 20877 20888 W TTS     : No local or network voice found, failing dispatch
10-31 15:34:36.070 20877 20888 W TTS     : Could not find voice for az
10-31 15:34:36.071 20877 20907 I TTS     : Couldn't read preferred locale from settings.
10-31 15:34:36.071 20877 20907 W TTS     : No local or network voice found, failing dispatch
10-31 15:34:36.071 20877 20907 W TTS     : Could not find voice for az_AZ
10-31 15:34:36.071 20877 20889 I TTS     : Couldn't read preferred locale from settings.
10-31 15:34:36.072 20877 20889 W TTS     : No local or network voice found, failing dispatch
10-31 15:34:36.072 20877 20889 W TTS     : Could not find voice for bas
10-31 15:34:36.072 20877 20888 I TTS     : Couldn't read preferred locale from settings.
10-31 15:34:36.073 20877 20888 W TTS     : No local or network voice found, failing dispatch
10-31 15:34:36.073 20877 20888 W TTS     : Could not find voice for bas_CM
10-31 15:34:36.073 20877 20907 I TTS     : Couldn't read preferred locale from settings.
10-31 15:34:36.074 20877 20907 W TTS     : No local or network voice found, failing dispatch
10-31 15:34:36.074 20877 20907 W TTS     : Could not find voice for be
10-31 15:34:36.075 20877 20889 I TTS     : Couldn't read preferred locale from settings.
10-31 15:34:36.075 20877 20889 W TTS     : No local or network voice found, failing dispatch
10-31 15:34:36.075 20877 20889 W TTS     : Could not find voice for be_BY
10-31 15:34:36.076 20877 20888 I TTS     : Couldn't read preferred locale from settings.
10-31 15:34:36.076 20877 20888 W TTS     : No local or network voice found, failing dispatch
10-31 15:34:36.076 20877 20888 W TTS     : Could not find voice for bem
10-31 15:34:36.077 20877 20907 I TTS     : Couldn't read preferred locale from settings.
10-31 15:34:36.077 20877 20907 W TTS     : No local or network voice found, failing dispatch
10-31 15:34:36.077 20877 20907 W TTS     : Could not find voice for bem_ZM
10-31 15:34:36.078 20877 20889 I TTS     : Couldn't read preferred locale from settings.
10-31 15:34:36.078 20877 20889 W TTS     : No local or network voice found, failing dispatch
10-31 15:34:36.078 20877 20889 W TTS     : Could not find voice for bez
10-31 15:34:36.079 20877 20888 I TTS     : Couldn't read preferred locale from settings.
10-31 15:34:36.079 20877 20888 W TTS     : No local or network voice found, failing dispatch
10-31 15:34:36.079 20877 20888 W TTS     : Could not find voice for bez_TZ
10-31 15:34:36.080 20877 20907 I TTS     : Couldn't read preferred locale from settings.
10-31 15:34:36.080 20877 20907 W TTS     : No local or network voice found, failing dispatch
10-31 15:34:36.080 20877 20907 W TTS     : Could not find voice for bg
10-31 15:34:36.081 20877 20889 I TTS     : Couldn't read preferred locale from settings.
10-31 15:34:36.081 20877 20889 W TTS     : No local or network voice found, failing dispatch
10-31 15:34:36.081 20877 20889 W TTS     : Could not find voice for bg_BG
10-31 15:34:36.082 20877 20888 I TTS     : Couldn't read preferred locale from settings.
10-31 15:34:36.082 20877 20888 W TTS     : No local or network voice found, failing dispatch
10-31 15:34:36.082 20877 20888 W TTS     : Could not find voice for bm
10-31 15:34:36.083 20877 20907 I TTS     : Couldn't read preferred locale from settings.
10-31 15:34:36.083 20877 20907 W TTS     : No local or network voice found, failing dispatch
10-31 15:34:36.083 20877 20907 W TTS     : Could not find voice for bm_ML
10-31 15:34:36.084 20877 20889 I TTS     : Couldn't read preferred locale from settings.
10-31 15:34:36.086 20877 20888 I TTS     : Couldn't read preferred locale from settings.
10-31 15:34:36.095 20877 20889 I TTS     : Couldn't read preferred locale from settings.
10-31 15:34:36.097 20877 20907 I TTS     : Couldn't read preferred locale from settings.
10-31 15:34:36.097 20877 20907 W TTS     : No local or network voice found, failing dispatch
10-31 15:34:36.097 20877 20907 W TTS     : Could not find voice for bo
10-31 15:34:36.098 20877 20888 I TTS     : Couldn't read preferred locale from settings.
10-31 15:34:36.098 20877 20888 W TTS     : No local or network voice found, failing dispatch
10-31 15:34:36.098 20877 20888 W TTS     : Could not find voice for bo_CN
10-31 15:34:36.098 20877 20889 I TTS     : Couldn't read preferred locale from settings.
10-31 15:34:36.098 20877 20889 W TTS     : No local or network voice found, failing dispatch
10-31 15:34:36.098 20877 20889 W TTS     : Could not find voice for bo_IN
10-31 15:34:36.099 20877 20907 I TTS     : Couldn't read preferred locale from settings.
10-31 15:34:36.099 20877 20907 W TTS     : No local or network voice found, failing dispatch
10-31 15:34:36.099 20877 20907 W TTS     : Could not find voice for br
10-31 15:34:36.099 20877 20888 I TTS     : Couldn't read preferred locale from settings.
10-31 15:34:36.099 20877 20888 W TTS     : No local or network voice found, failing dispatch
10-31 15:34:36.100 20877 20888 W TTS     : Could not find voice for br_FR
10-31 15:34:36.100 20877 20889 I TTS     : Couldn't read preferred locale from settings.
10-31 15:34:36.100 20877 20889 W TTS     : No local or network voice found, failing dispatch
10-31 15:34:36.100 20877 20889 W TTS     : Could not find voice for brx
10-31 15:34:36.100 20877 20907 I TTS     : Couldn't read preferred locale from settings.
10-31 15:34:36.101 20877 20907 W TTS     : No local or network voice found, failing dispatch
10-31 15:34:36.101 20877 20907 W TTS     : Could not find voice for brx_IN
10-31 15:34:36.101 20877 20888 I TTS     : Couldn't read preferred locale from settings.
10-31 15:34:36.101 20877 20888 W TTS     : Local voice not installed, we will not be able to do local fallback
10-31 15:34:36.101 20877 20889 I TTS     : Couldn't read preferred locale from settings.
10-31 15:34:36.102 20877 20889 W TTS     : Local voice not installed, we will not be able to do local fallback
10-31 15:34:36.102 20877 20907 I TTS     : Couldn't read preferred locale from settings.
10-31 15:34:36.102 20877 20907 W TTS     : Local voice not installed, we will not be able to do local fallback
10-31 15:34:36.102 20877 20888 I TTS     : Couldn't read preferred locale from settings.
10-31 15:34:36.103 20877 20888 W TTS     : Local voice not installed, we will not be able to do local fallback
10-31 15:34:36.103 20877 20889 I TTS     : Couldn't read preferred locale from settings.
10-31 15:34:36.103 20877 20889 W TTS     : Local voice not installed, we will not be able to do local fallback
10-31 15:34:36.103 20877 20907 I TTS     : Couldn't read preferred locale from settings.
10-31 15:34:36.104 20877 20907 W TTS     : Local voice not installed, we will not be able to do local fallback
10-31 15:34:36.104 20877 20888 I TTS     : Couldn't read preferred locale from settings.
10-31 15:34:36.104 20877 20888 W TTS     : Local voice not installed, we will not be able to do local fallback
10-31 15:34:36.105 20877 20889 I TTS     : Couldn't read preferred locale from settings.
10-31 15:34:36.105 20877 20889 W TTS     : Local voice not installed, we will not be able to do local fallback
10-31 15:34:36.105 20877 20907 I TTS     : Couldn't read preferred locale from settings.
10-31 15:34:36.105 20877 20907 W TTS     : Local voice not installed, we will not be able to do local fallback
10-31 15:34:36.106 20877 20888 I TTS     : Couldn't read preferred locale from settings.
10-31 15:34:36.106 20877 20888 W TTS     : Local voice not installed, we will not be able to do local fallback
10-31 15:34:36.106 20877 20889 I TTS     : Couldn't read preferred locale from settings.
10-31 15:34:36.106 20877 20889 W TTS     : No local or network voice found, failing dispatch
10-31 15:34:36.106 20877 20889 W TTS     : Could not find voice for ce
10-31 15:34:36.107 20877 20888 I TTS     : Couldn't read preferred locale from settings.
10-31 15:34:36.107 20877 20888 W TTS     : No local or network voice found, failing dispatch
10-31 15:34:36.107 20877 20888 W TTS     : Could not find voice for ce_RU
10-31 15:34:36.107 20877 20889 I TTS     : Couldn't read preferred locale from settings.
10-31 15:34:36.107 20877 20889 W TTS     : No local or network voice found, failing dispatch
10-31 15:34:36.107 20877 20889 W TTS     : Could not find voice for cgg
10-31 15:34:36.108 20877 20888 I TTS     : Couldn't read preferred locale from settings.
10-31 15:34:36.108 20877 20888 W TTS     : No local or network voice found, failing dispatch
10-31 15:34:36.108 20877 20888 W TTS     : Could not find voice for cgg_UG
10-31 15:34:36.108 20877 20889 I TTS     : Couldn't read preferred locale from settings.
10-31 15:34:36.108 20877 20889 W TTS     : No local or network voice found, failing dispatch
10-31 15:34:36.108 20877 20889 W TTS     : Could not find voice for chr
10-31 15:34:36.109 20877 20907 I TTS     : Couldn't read preferred locale from settings.
10-31 15:34:36.109 20877 20907 W TTS     : No local or network voice found, failing dispatch
10-31 15:34:36.109 20877 20907 W TTS     : Could not find voice for chr_US
10-31 15:34:36.109 20877 20888 I TTS     : Couldn't read preferred locale from settings.
10-31 15:34:36.109 20877 20888 W TTS     : No local or network voice found, failing dispatch
10-31 15:34:36.109 20877 20888 W TTS     : Could not find voice for ckb
10-31 15:34:36.110 20877 20889 I TTS     : Couldn't read preferred locale from settings.
10-31 15:34:36.110 20877 20889 W TTS     : No local or network voice found, failing dispatch
10-31 15:34:36.110 20877 20889 W TTS     : Could not find voice for ckb_IQ
10-31 15:34:36.111 20877 20907 I TTS     : Couldn't read preferred locale from settings.
10-31 15:34:36.111 20877 20907 W TTS     : No local or network voice found, failing dispatch
10-31 15:34:36.111 20877 20907 W TTS     : Could not find voice for ckb_IR
10-31 15:34:36.111 20877 20888 I TTS     : Couldn't read preferred locale from settings.
10-31 15:34:36.112 20877 20889 I TTS     : Couldn't read preferred locale from settings.
10-31 15:34:36.114 20877 20907 I TTS     : Couldn't read preferred locale from settings.
10-31 15:34:36.114 20877 20907 W TTS     : Local voice not installed, we will not be able to do local fallback
10-31 15:34:36.115 20877 20888 I TTS     : Couldn't read preferred locale from settings.
10-31 15:34:36.116 20877 20888 W TTS     : Local voice not installed, we will not be able to do local fallback
10-31 15:34:36.117 20877 20889 I TTS     : Couldn't read preferred locale from settings.
10-31 15:34:36.118 20877 20907 I TTS     : Couldn't read preferred locale from settings.
10-31 15:34:36.120 20877 20888 I TTS     : Couldn't read preferred locale from settings.
10-31 15:34:36.121 20877 20889 I TTS     : Couldn't read preferred locale from settings.
10-31 15:34:36.122 20877 20889 W TTS     : No local or network voice found, failing dispatch
10-31 15:34:36.122 20877 20889 W TTS     : Could not find voice for dav
10-31 15:34:36.122 20877 20907 I TTS     : Couldn't read preferred locale from settings.
10-31 15:34:36.123 20877 20907 W TTS     : No local or network voice found, failing dispatch
10-31 15:34:36.123 20877 20907 W TTS     : Could not find voice for dav_KE
10-31 15:34:36.124 20877 20889 I TTS     : Couldn't read preferred locale from settings.
10-31 15:34:36.127 20877 20888 I TTS     : Couldn't read preferred locale from settings.
10-31 15:34:36.130 20877 20907 I TTS     : Couldn't read preferred locale from settings.
10-31 15:34:36.132 20877 20888 I TTS     : Couldn't read preferred locale from settings.
10-31 15:34:36.134 20877 20889 I TTS     : Couldn't read preferred locale from settings.
10-31 15:34:36.135 20877 20907 I TTS     : Couldn't read preferred locale from settings.
10-31 15:34:36.138 20877 20888 I TTS     : Couldn't read preferred locale from settings.
10-31 15:34:36.139 20877 20889 I TTS     : Couldn't read preferred locale from settings.
10-31 15:34:36.141 20877 20907 I TTS     : Couldn't read preferred locale from settings.
10-31 15:34:36.141 20877 20907 W TTS     : No local or network voice found, failing dispatch
10-31 15:34:36.141 20877 20907 W TTS     : Could not find voice for dje
10-31 15:34:36.142 20877 20888 I TTS     : Couldn't read preferred locale from settings.
10-31 15:34:36.142 20877 20888 W TTS     : No local or network voice found, failing dispatch
10-31 15:34:36.143 20877 20888 W TTS     : Could not find voice for dje_NE
10-31 15:34:36.143 20877 20889 I TTS     : Couldn't read preferred locale from settings.
10-31 15:34:36.143 20877 20889 W TTS     : No local or network voice found, failing dispatch
10-31 15:34:36.144 20877 20889 W TTS     : Could not find voice for dsb
10-31 15:34:36.144 20877 20912 I TTS     : Couldn't read preferred locale from settings.
10-31 15:34:36.144 20877 20912 W TTS     : No local or network voice found, failing dispatch
10-31 15:34:36.145 20877 20912 W TTS     : Could not find voice for dsb_DE
10-31 15:34:36.145 20877 20888 I TTS     : Couldn't read preferred locale from settings.
10-31 15:34:36.145 20877 20888 W TTS     : No local or network voice found, failing dispatch
10-31 15:34:36.145 20877 20888 W TTS     : Could not find voice for dua
10-31 15:34:36.146 20877 20888 I TTS     : Couldn't read preferred locale from settings.
10-31 15:34:36.146 20877 20888 W TTS     : No local or network voice found, failing dispatch
10-31 15:34:36.146 20877 20888 W TTS     : Could not find voice for dua_CM
10-31 15:34:36.147 20877 20889 I TTS     : Couldn't read preferred locale from settings.
10-31 15:34:36.147 20877 20889 W TTS     : No local or network voice found, failing dispatch
10-31 15:34:36.147 20877 20889 W TTS     : Could not find voice for dyo
10-31 15:34:36.148 20877 20912 I TTS     : Couldn't read preferred locale from settings.
10-31 15:34:36.148 20877 20912 W TTS     : No local or network voice found, failing dispatch
10-31 15:34:36.148 20877 20912 W TTS     : Could not find voice for dyo_SN
10-31 15:34:36.149 20877 20907 I TTS     : Couldn't read preferred locale from settings.
10-31 15:34:36.149 20877 20907 W TTS     : No local or network voice found, failing dispatch
10-31 15:34:36.150 20877 20907 W TTS     : Could not find voice for dz
10-31 15:34:36.153 20877 20888 I TTS     : Couldn't read preferred locale from settings.
10-31 15:34:36.153 20877 20888 W TTS     : No local or network voice found, failing dispatch
10-31 15:34:36.153 20877 20888 W TTS     : Could not find voice for dz_BT
10-31 15:34:36.154 20877 20889 I TTS     : Couldn't read preferred locale from settings.
10-31 15:34:36.155 20877 20889 W TTS     : No local or network voice found, failing dispatch
10-31 15:34:36.155 20877 20889 W TTS     : Could not find voice for ebu
10-31 15:34:36.156 20877 20912 I TTS     : Couldn't read preferred locale from settings.
10-31 15:34:36.156 20877 20912 W TTS     : No local or network voice found, failing dispatch
10-31 15:34:36.156 20877 20912 W TTS     : Could not find voice for ebu_KE
10-31 15:34:36.157 20877 20907 I TTS     : Couldn't read preferred locale from settings.
10-31 15:34:36.158 20877 20907 W TTS     : No local or network voice found, failing dispatch
10-31 15:34:36.158 20877 20907 W TTS     : Could not find voice for ee
10-31 15:34:36.159 20877 20888 I TTS     : Couldn't read preferred locale from settings.
10-31 15:34:36.159 20877 20888 W TTS     : No local or network voice found, failing dispatch
10-31 15:34:36.160 20877 20888 W TTS     : Could not find voice for ee_GH
10-31 15:34:36.161 20877 20889 I TTS     : Couldn't read preferred locale from settings.
10-31 15:34:36.161 20877 20889 W TTS     : No local or network voice found, failing dispatch
10-31 15:34:36.162 20877 20889 W TTS     : Could not find voice for ee_TG
10-31 15:34:36.163 20877 20912 I TTS     : Couldn't read preferred locale from settings.
10-31 15:34:36.164 20877 20912 W TTS     : No local or network voice found, failing dispatch
10-31 15:34:36.164 20877 20912 W TTS     : Could not find voice for el
10-31 15:34:36.165 20877 20888 I TTS     : Couldn't read preferred locale from settings.
10-31 15:34:36.165 20877 20888 W TTS     : No local or network voice found, failing dispatch
10-31 15:34:36.166 20877 20888 W TTS     : Could not find voice for el_CY
10-31 15:34:36.167 20877 20907 I TTS     : Couldn't read preferred locale from settings.
10-31 15:34:36.167 20877 20907 W TTS     : No local or network voice found, failing dispatch
10-31 15:34:36.167 20877 20907 W TTS     : Could not find voice for el_GR
10-31 15:34:36.168 20877 20912 I TTS     : Couldn't read preferred locale from settings.
10-31 15:34:36.171 20877 20889 I TTS     : Couldn't read preferred locale from settings.
10-31 15:34:36.173 20877 20907 I TTS     : Couldn't read preferred locale from settings.
10-31 15:34:36.175 20877 20889 I TTS     : Couldn't read preferred locale from settings.
10-31 15:34:36.176 20877 20888 I TTS     : Couldn't read preferred locale from settings.
10-31 15:34:36.177 20877 20912 I TTS     : Couldn't read preferred locale from settings.
10-31 15:34:36.178 20877 20907 I TTS     : Couldn't read preferred locale from settings.
10-31 15:34:36.183 20877 20889 I TTS     : Couldn't read preferred locale from settings.
10-31 15:34:36.187 20877 20888 I TTS     : Couldn't read preferred locale from settings.
10-31 15:34:36.189 20877 20912 I TTS     : Couldn't read preferred locale from settings.
10-31 15:34:36.190 20877 20889 I TTS     : Couldn't read preferred locale from settings.
10-31 15:34:36.192 20877 20907 I TTS     : Couldn't read preferred locale from settings.
10-31 15:34:36.194 20877 20888 I TTS     : Couldn't read preferred locale from settings.
10-31 15:34:36.196 20877 20912 I TTS     : Couldn't read preferred locale from settings.
10-31 15:34:36.198 20877 20889 I TTS     : Couldn't read preferred locale from settings.
10-31 15:34:36.201 20877 20907 I TTS     : Couldn't read preferred locale from settings.
10-31 15:34:36.206 20877 20888 I TTS     : Couldn't read preferred locale from settings.
10-31 15:34:36.208 20877 20912 I TTS     : Couldn't read preferred locale from settings.
10-31 15:34:36.210 20877 20889 I TTS     : Couldn't read preferred locale from settings.
10-31 15:34:36.211 20877 20907 I TTS     : Couldn't read preferred locale from settings.
10-31 15:34:36.213 20877 20888 I TTS     : Couldn't read preferred locale from settings.
10-31 15:34:36.214 20877 20912 I TTS     : Couldn't read preferred locale from settings.
10-31 15:34:36.227 20877 20889 I TTS     : Couldn't read preferred locale from settings.
10-31 15:34:36.229 19987 20053 W TextToSpeech: Couldn't retrieve ISO 3166 country code for locale: en_DG
10-31 15:34:36.229 19987 20053 W TextToSpeech: java.util.MissingResourceException: Couldn't find 3-letter country code for DG
10-31 15:34:36.229 19987 20053 W TextToSpeech: 	at java.util.Locale.getISO3Country(Locale.java:1720)
10-31 15:34:36.229 19987 20053 W TextToSpeech: 	at android.speech.tts.TextToSpeech$16.run(TextToSpeech.java:1789)
10-31 15:34:36.229 19987 20053 W TextToSpeech: 	at android.speech.tts.TextToSpeech$16.run(TextToSpeech.java:1777)
10-31 15:34:36.229 19987 20053 W TextToSpeech: 	at android.speech.tts.TextToSpeech$Connection.runAction(TextToSpeech.java:2301)
10-31 15:34:36.229 19987 20053 W TextToSpeech: 	at android.speech.tts.TextToSpeech.runAction(TextToSpeech.java:752)
10-31 15:34:36.229 19987 20053 W TextToSpeech: 	at android.speech.tts.TextToSpeech.runAction(TextToSpeech.java:742)
10-31 15:34:36.229 19987 20053 W TextToSpeech: 	at android.speech.tts.TextToSpeech.isLanguageAvailable(TextToSpeech.java:1776)
10-31 15:34:36.229 19987 20053 W TextToSpeech: 	at TO3.b(chromium-Monochrome.aab-stable-524907923:139)
10-31 15:34:36.229 19987 20053 W TextToSpeech: 	at Mn.call(chromium-Monochrome.aab-stable-524907923:119)
10-31 15:34:36.229 19987 20053 W TextToSpeech: 	at java.util.concurrent.FutureTask.run(FutureTask.java:266)
10-31 15:34:36.229 19987 20053 W TextToSpeech: 	at Nn.run(chromium-Monochrome.aab-stable-524907923:473)
10-31 15:34:36.229 20877 20907 I TTS     : Couldn't read preferred locale from settings.
10-31 15:34:36.235 20877 20888 I TTS     : Couldn't read preferred locale from settings.
10-31 15:34:36.237 20877 20912 I TTS     : Couldn't read preferred locale from settings.
10-31 15:34:36.240 20877 20889 I TTS     : Couldn't read preferred locale from settings.
10-31 15:34:36.241 20877 20907 I TTS     : Couldn't read preferred locale from settings.
10-31 15:34:36.243 20877 20888 I TTS     : Couldn't read preferred locale from settings.
10-31 15:34:36.245 20877 20912 I TTS     : Couldn't read preferred locale from settings.
10-31 15:34:36.246 20877 20889 I TTS     : Couldn't read preferred locale from settings.
10-31 15:34:36.249 20877 20907 I TTS     : Couldn't read preferred locale from settings.
10-31 15:34:36.251 20877 20888 I TTS     : Couldn't read preferred locale from settings.
10-31 15:34:36.253 20877 20912 I TTS     : Couldn't read preferred locale from settings.
10-31 15:34:36.254 20877 20889 I TTS     : Couldn't read preferred locale from settings.
10-31 15:34:36.256 20877 20907 I TTS     : Couldn't read preferred locale from settings.
10-31 15:34:36.258 20877 20888 I TTS     : Couldn't read preferred locale from settings.
10-31 15:34:36.260 20877 20912 I TTS     : Couldn't read preferred locale from settings.
10-31 15:34:36.261 20877 20889 I TTS     : Couldn't read preferred locale from settings.
10-31 15:34:36.263 20877 20907 I TTS     : Couldn't read preferred locale from settings.
10-31 15:34:36.264 20877 20888 I TTS     : Couldn't read preferred locale from settings.
10-31 15:34:36.266 20877 20912 I TTS     : Couldn't read preferred locale from settings.
10-31 15:34:36.268 20877 20889 I TTS     : Couldn't read preferred locale from settings.
10-31 15:34:36.270 20877 20907 I TTS     : Couldn't read preferred locale from settings.
10-31 15:34:36.275 20877 20888 I TTS     : Couldn't read preferred locale from settings.
10-31 15:34:36.277 20877 20912 I TTS     : Couldn't read preferred locale from settings.
10-31 15:34:36.279 20877 20889 I TTS     : Couldn't read preferred locale from settings.
10-31 15:34:36.281 20877 20907 I TTS     : Couldn't read preferred locale from settings.
10-31 15:34:36.282 20877 20888 I TTS     : Couldn't read preferred locale from settings.
10-31 15:34:36.284 20877 20912 I TTS     : Couldn't read preferred locale from settings.
10-31 15:34:36.286 20877 20889 I TTS     : Couldn't read preferred locale from settings.
10-31 15:34:36.288 20877 20907 I TTS     : Couldn't read preferred locale from settings.
10-31 15:34:36.290 20877 20888 I TTS     : Couldn't read preferred locale from settings.
10-31 15:34:36.293 20877 20912 I TTS     : Couldn't read preferred locale from settings.
10-31 15:34:36.295 20877 20889 I TTS     : Couldn't read preferred locale from settings.
10-31 15:34:36.296 20877 20907 I TTS     : Couldn't read preferred locale from settings.
10-31 15:34:36.298 20877 20912 I TTS     : Couldn't read preferred locale from settings.
10-31 15:34:36.300 20877 20889 I TTS     : Couldn't read preferred locale from settings.
10-31 15:34:36.301 20877 20888 I TTS     : Couldn't read preferred locale from settings.
10-31 15:34:36.303 20877 20907 I TTS     : Couldn't read preferred locale from settings.
10-31 15:34:36.305 20877 20912 I TTS     : Couldn't read preferred locale from settings.
10-31 15:34:36.307 20877 20889 I TTS     : Couldn't read preferred locale from settings.
10-31 15:34:36.308 20877 20888 I TTS     : Couldn't read preferred locale from settings.
10-31 15:34:36.310 20877 20907 I TTS     : Couldn't read preferred locale from settings.
10-31 15:34:36.313 20877 20912 I TTS     : Couldn't read preferred locale from settings.
10-31 15:34:36.315 20877 20889 I TTS     : Couldn't read preferred locale from settings.
10-31 15:34:36.317 20877 20888 I TTS     : Couldn't read preferred locale from settings.
10-31 15:34:36.318 20877 20907 I TTS     : Couldn't read preferred locale from settings.
10-31 15:34:36.320 20877 20912 I TTS     : Couldn't read preferred locale from settings.
10-31 15:34:36.321 20877 20889 I TTS     : Couldn't read preferred locale from settings.
10-31 15:34:36.324 20877 20888 I TTS     : Couldn't read preferred locale from settings.
10-31 15:34:36.325 20877 20907 I TTS     : Couldn't read preferred locale from settings.
10-31 15:34:36.327 20877 20912 I TTS     : Couldn't read preferred locale from settings.
10-31 15:34:36.328 20877 20889 I TTS     : Couldn't read preferred locale from settings.
10-31 15:34:36.330 20877 20888 I TTS     : Couldn't read preferred locale from settings.
10-31 15:34:36.331 20877 20907 I TTS     : Couldn't read preferred locale from settings.
10-31 15:34:36.333 20877 20912 I TTS     : Couldn't read preferred locale from settings.
10-31 15:34:36.338 20877 20889 I TTS     : Couldn't read preferred locale from settings.
10-31 15:34:36.340 20877 20888 I TTS     : Couldn't read preferred locale from settings.
10-31 15:34:36.342 20877 20888 I TTS     : Couldn't read preferred locale from settings.
10-31 15:34:36.344 20877 20907 I TTS     : Couldn't read preferred locale from settings.
10-31 15:34:36.346 20877 20889 I TTS     : Couldn't read preferred locale from settings.
10-31 15:34:36.348 20877 20889 I chatty  : uid=10072(u0_a72) Binder:20877_2 identical 1 line
10-31 15:34:36.350 20877 20889 I TTS     : Couldn't read preferred locale from settings.
10-31 15:34:36.355 20877 20888 I TTS     : Couldn't read preferred locale from settings.
