--------- beginning of system
10-31 22:57:20.444   772 20193 E BatteryStatsService: no controller energy info supplied
10-31 22:57:56.395   772  3854 I ActivityManager: Force stopping com.android.chrome appid=10060 user=0: from pid 12061
10-31 22:57:56.396   772  3854 I ActivityManager: Killing 11109:com.android.chrome/u0a60 (adj 900): stop com.android.chrome
--------- beginning of main
10-31 22:57:56.416  1311  1311 D CarrierSvcBindHelper: No carrier app for: 0
10-31 22:57:56.433  2964  2964 D RegisteredNfcFServicesCache: Service unchanged, not updating
10-31 22:57:56.662   772  3854 I ActivityManager: START u0 {act=android.intent.action.VIEW flg=0x10008000 cmp=com.android.chrome/com.google.android.apps.chrome.Main} from uid 2000
10-31 22:57:56.677   772   830 E ResourceType: Style contains key with bad entry: 0x0101062c
10-31 22:57:56.710   772 13021 I ActivityManager: Start proc 12063:com.android.chrome/u0a60 for activity com.android.chrome/com.google.android.apps.chrome.Main
10-31 22:57:56.772   772   830 E ResourceType: Style contains key with bad entry: 0x0101062c
10-31 22:57:56.830 12063 12063 I cr_SplitCompatApp: Launched version=106.0.5249.79 minSdkVersion=24 isBundle=true processName=com.android.chrome isIsolated=false
10-31 22:57:56.902 29486 29497 I FontLog : Received query Google Sans, URI content://com.google.android.gms.fonts [CONTEXT service_id=132 ]
10-31 22:57:56.903 29486 29497 I FontLog : Query [Google Sans] resolved to {Google Sans, wdth 100.0, wght 400, ital 0.0, bestEffort false} [CONTEXT service_id=132 ]
10-31 22:57:56.905 29486 29497 I FontLog : Font PFD returned from cache for {Google Sans, wdth 100.0, wght 400, ital 0.0, bestEffort false} [CONTEXT service_id=132 ]
10-31 22:57:56.905 29486 29497 I FontLog : Fetch {Google Sans, wdth 100.0, wght 400, ital 0.0, bestEffort false} end status Status{statusCode=SUCCESS, resolution=null} [CONTEXT service_id=132 ]
10-31 22:57:56.914 29486 29651 I FontLog : Pulling font file for id = 939, cache size = 5 [CONTEXT service_id=132 ]
10-31 22:57:56.925 29486 29498 I FontLog : Received query Google Sans:500, URI content://com.google.android.gms.fonts [CONTEXT service_id=132 ]
10-31 22:57:56.925 29486 29498 I FontLog : Query [Google Sans:500] resolved to {Google Sans, wdth 100.0, wght 500, ital 0.0, bestEffort false} [CONTEXT service_id=132 ]
10-31 22:57:56.927 29486 29498 I FontLog : Font PFD returned from cache for {Google Sans, wdth 100.0, wght 500, ital 0.0, bestEffort false} [CONTEXT service_id=132 ]
10-31 22:57:56.928 29486 29498 I FontLog : Fetch {Google Sans, wdth 100.0, wght 500, ital 0.0, bestEffort false} end status Status{statusCode=SUCCESS, resolution=null} [CONTEXT service_id=132 ]
10-31 22:57:56.932 29486 29650 I FontLog : Pulling font file for id = 940, cache size = 5 [CONTEXT service_id=132 ]
10-31 22:57:56.941 29486 29651 I FontLog : Received query Google Sans:700, URI content://com.google.android.gms.fonts [CONTEXT service_id=132 ]
10-31 22:57:56.941 29486 29651 I FontLog : Query [Google Sans:700] resolved to {Google Sans, wdth 100.0, wght 700, ital 0.0, bestEffort false} [CONTEXT service_id=132 ]
10-31 22:57:56.943 29486 29651 I FontLog : Fetch {Google Sans, wdth 100.0, wght 700, ital 0.0, bestEffort false} end status Status{statusCode=SUCCESS, resolution=null} [CONTEXT service_id=132 ]
10-31 22:57:56.947 29486 30686 I FontLog : Pulling font file for id = 941, cache size = 5 [CONTEXT service_id=132 ]
10-31 22:57:57.010 12063 12082 I cr_LibraryLoader: Successfully loaded native library
10-31 22:57:57.011 12063 12082 I cr_CachingUmaRecorder: Flushed 19 samples from 19 histograms.
10-31 22:57:57.119 12063 12063 E ResourceType: Style contains key with bad entry: 0x0101062c
10-31 22:57:57.214 12063 12085 W DynamiteModule: Local module descriptor class for com.google.android.gms.googlecertificates not found.
10-31 22:57:57.231 12063 12085 W zygote  : Skipping duplicate class check due to unrecognized classloader
10-31 22:57:57.235 12063 12085 I DynamiteModule: Considering local module com.google.android.gms.googlecertificates:0 and remote module com.google.android.gms.googlecertificates:7
10-31 22:57:57.235 12063 12085 I DynamiteModule: Selected remote version of com.google.android.gms.googlecertificates, version >= 7
10-31 22:57:57.239   772  3037 I ActivityManager: START u0 {cmp=com.android.chrome/org.chromium.chrome.browser.firstrun.FirstRunActivity (has extras)} from uid 10060
10-31 22:57:57.279 12063 12063 E ResourceType: Style contains key with bad entry: 0x0101062c
10-31 22:57:57.312 12063 12085 W zygote  : Skipping duplicate class check due to unrecognized classloader
10-31 22:57:57.358   772  3854 W AppOps  : Bad call: specified package com.google.android.gms under uid 10060 but it is really 10020
10-31 22:57:57.358   772  3854 W AppOps  : java.lang.RuntimeException: here
10-31 22:57:57.358   772  3854 W AppOps  : 	at com.android.server.AppOpsService.getOpsRawLocked(AppOpsService.java:1319)
10-31 22:57:57.358   772  3854 W AppOps  : 	at com.android.server.AppOpsService.checkPackage(AppOpsService.java:1038)
10-31 22:57:57.358   772  3854 W AppOps  : 	at com.android.internal.app.IAppOpsService$Stub.onTransact(IAppOpsService.java:169)
10-31 22:57:57.358   772  3854 W AppOps  : 	at android.os.Binder.execTransact(Binder.java:674)
10-31 22:57:57.361   772  2970 W AppOps  : Bad call: specified package com.google.android.gms under uid 10060 but it is really 10020
10-31 22:57:57.361   772  2970 W AppOps  : java.lang.RuntimeException: here
10-31 22:57:57.361   772  2970 W AppOps  : 	at com.android.server.AppOpsService.getOpsRawLocked(AppOpsService.java:1319)
10-31 22:57:57.361   772  2970 W AppOps  : 	at com.android.server.AppOpsService.checkPackage(AppOpsService.java:1038)
10-31 22:57:57.361   772  2970 W AppOps  : 	at com.android.internal.app.IAppOpsService$Stub.onTransact(IAppOpsService.java:169)
10-31 22:57:57.361   772  2970 W AppOps  : 	at android.os.Binder.execTransact(Binder.java:674)
10-31 22:57:57.367   772 10895 W AppOps  : Bad call: specified package com.google.android.gms under uid 10060 but it is really 10020
10-31 22:57:57.367   772 10895 W AppOps  : java.lang.RuntimeException: here
10-31 22:57:57.367   772 10895 W AppOps  : 	at com.android.server.AppOpsService.getOpsRawLocked(AppOpsService.java:1319)
10-31 22:57:57.367   772 10895 W AppOps  : 	at com.android.server.AppOpsService.checkPackage(AppOpsService.java:1038)
10-31 22:57:57.367   772 10895 W AppOps  : 	at com.android.internal.app.IAppOpsService$Stub.onTransact(IAppOpsService.java:169)
10-31 22:57:57.367   772 10895 W AppOps  : 	at android.os.Binder.execTransact(Binder.java:674)
10-31 22:57:57.369   772  1327 W AppOps  : Bad call: specified package com.google.android.gms under uid 10060 but it is really 10020
10-31 22:57:57.369   772  1327 W AppOps  : java.lang.RuntimeException: here
10-31 22:57:57.369   772  1327 W AppOps  : 	at com.android.server.AppOpsService.getOpsRawLocked(AppOpsService.java:1319)
10-31 22:57:57.369   772  1327 W AppOps  : 	at com.android.server.AppOpsService.checkPackage(AppOpsService.java:1038)
10-31 22:57:57.369   772  1327 W AppOps  : 	at com.android.internal.app.IAppOpsService$Stub.onTransact(IAppOpsService.java:169)
10-31 22:57:57.369   772  1327 W AppOps  : 	at android.os.Binder.execTransact(Binder.java:674)
10-31 22:57:57.556 12063 12063 W ResourceType: Failure getting entry for 0x7f010055 (t=0 e=85) (error -75)
10-31 22:57:57.586 12063 12093 D OpenGLRenderer: HWUI GL Pipeline
10-31 22:57:57.610 12063 12093 I Adreno  : QUALCOMM build                   : 7142022, Ib5823dd10c
10-31 22:57:57.610 12063 12093 I Adreno  : Build Date                       : 06/23/17
10-31 22:57:57.610 12063 12093 I Adreno  : OpenGL ES Shader Compiler Version: EV031.18.00.00
10-31 22:57:57.610 12063 12093 I Adreno  : Local Branch                     : O11A
10-31 22:57:57.610 12063 12093 I Adreno  : Remote Branch                    : 
10-31 22:57:57.610 12063 12093 I Adreno  : Remote Branch                    : 
10-31 22:57:57.610 12063 12093 I Adreno  : Reconstruct Branch               : 
10-31 22:57:57.612 12063 12093 I vndksupport: sphal namespace is not configured for this process. Loading /vendor/lib/hw/gralloc.msm8992.so from the current namespace instead.
10-31 22:57:57.614 12063 12063 W RecyclerView: No adapter attached; skipping layout
10-31 22:57:57.629 12063 12063 I cr_StartSurfaceConfig: Recorded Startup.Android.FirstDrawCompletedTime.NoInstant = 176 ms
10-31 22:57:57.632 12063 12093 I Adreno  : PFP: 0x00000000, ME: 0x00000000
10-31 22:57:57.639 12063 12093 I OpenGLRenderer: Initialized EGL, version 1.4
10-31 22:57:57.640 12063 12093 D OpenGLRenderer: Swap behavior 2
10-31 22:57:57.642 12063 12086 D NetworkSecurityConfig: Using Network Security Config from resource 0_resource_name_obfuscated debugBuild: false
10-31 22:57:57.749 29486 29723 E bfry    : Phenotype API error. Event # ddoj@3f41a7e5, EventCode: 7 [CONTEXT service_id=51 ]
10-31 22:57:57.749 29486 29723 E bfry    : bfra: 29505: No config packages for log source, or config package not registered
10-31 22:57:57.749 29486 29723 E bfry    : 	at bfst.b(:com.google.android.gms@223616019@22.36.16 (040400-476895098):4)
10-31 22:57:57.749 29486 29723 E bfry    : 	at bfsq.g(:com.google.android.gms@223616019@22.36.16 (040400-476895098):0)
10-31 22:57:57.749 29486 29723 E bfry    : 	at bfry.e(:com.google.android.gms@223616019@22.36.16 (040400-476895098):4)
10-31 22:57:57.749 29486 29723 E bfry    : 	at bfry.f(:com.google.android.gms@223616019@22.36.16 (040400-476895098):2)
10-31 22:57:57.749 29486 29723 E bfry    : 	at arjg.ep(:com.google.android.gms@223616019@22.36.16 (040400-476895098):1)
10-31 22:57:57.749 29486 29723 E bfry    : 	at arjm.run(:com.google.android.gms@223616019@22.36.16 (040400-476895098):12)
10-31 22:57:57.749 29486 29723 E bfry    : 	at cjoq.run(:com.google.android.gms@223616019@22.36.16 (040400-476895098):2)
10-31 22:57:57.749 29486 29723 E bfry    : 	at aarl.c(:com.google.android.gms@223616019@22.36.16 (040400-476895098):6)
10-31 22:57:57.749 29486 29723 E bfry    : 	at aarl.run(:com.google.android.gms@223616019@22.36.16 (040400-476895098):7)
10-31 22:57:57.749 29486 29723 E bfry    : 	at java.util.concurrent.ThreadPoolExecutor.runWorker(ThreadPoolExecutor.java:1162)
10-31 22:57:57.749 29486 29723 E bfry    : 	at java.util.concurrent.ThreadPoolExecutor$Worker.run(ThreadPoolExecutor.java:636)
10-31 22:57:57.749 29486 29723 E bfry    : 	at aaws.run(:com.google.android.gms@223616019@22.36.16 (040400-476895098):0)
10-31 22:57:57.749 29486 29723 E bfry    : 	at java.lang.Thread.run(Thread.java:764)
10-31 22:57:57.758 29486 29723 W AsyncOperation: operation=GetExperimentTokensOperationCall, opStatusCode=29505 [CONTEXT service_id=51 ]
10-31 22:57:57.758 29486 29723 W AsyncOperation: OperationException[Status{statusCode=No config packages for log source, or config package not registered, resolution=null}]
10-31 22:57:57.758 29486 29723 W AsyncOperation: 	at bfry.e(:com.google.android.gms@223616019@22.36.16 (040400-476895098):6)
10-31 22:57:57.758 29486 29723 W AsyncOperation: 	at bfry.f(:com.google.android.gms@223616019@22.36.16 (040400-476895098):2)
10-31 22:57:57.758 29486 29723 W AsyncOperation: 	at arjg.ep(:com.google.android.gms@223616019@22.36.16 (040400-476895098):1)
10-31 22:57:57.758 29486 29723 W AsyncOperation: 	at arjm.run(:com.google.android.gms@223616019@22.36.16 (040400-476895098):12)
10-31 22:57:57.758 29486 29723 W AsyncOperation: 	at cjoq.run(:com.google.android.gms@223616019@22.36.16 (040400-476895098):2)
10-31 22:57:57.758 29486 29723 W AsyncOperation: 	at aarl.c(:com.google.android.gms@223616019@22.36.16 (040400-476895098):6)
10-31 22:57:57.758 29486 29723 W AsyncOperation: 	at aarl.run(:com.google.android.gms@223616019@22.36.16 (040400-476895098):7)
10-31 22:57:57.758 29486 29723 W AsyncOperation: 	at java.util.concurrent.ThreadPoolExecutor.runWorker(ThreadPoolExecutor.java:1162)
10-31 22:57:57.758 29486 29723 W AsyncOperation: 	at java.util.concurrent.ThreadPoolExecutor$Worker.run(ThreadPoolExecutor.java:636)
10-31 22:57:57.758 29486 29723 W AsyncOperation: 	at aaws.run(:com.google.android.gms@223616019@22.36.16 (040400-476895098):0)
10-31 22:57:57.758 29486 29723 W AsyncOperation: 	at java.lang.Thread.run(Thread.java:764)
10-31 22:57:58.082   361   361 W /system/bin/hwservicemanager: getTransportFromManifest: Cannot find entry android.hardware.graphics.mapper@2.0::IMapper in either framework or device manifest, using default transport.
10-31 22:57:58.085 12063 12093 I vndksupport: sphal namespace is not configured for this process. Loading /vendor/lib/hw/gralloc.msm8992.so from the current namespace instead.
10-31 22:57:58.139   772   797 I ActivityManager: Displayed com.android.chrome/org.chromium.chrome.browser.firstrun.FirstRunActivity: +750ms (total +1s446ms)
10-31 22:57:58.163  8266  8266 I MemoryTrimmer: Trimming objects from memory, since app is in the background.
10-31 22:57:58.166  8266 11919 V rsC++   : RS Message thread exiting.
10-31 22:57:58.191 11026 11026 I MicroDetector: Keeping mic open: false
10-31 22:57:58.191 11026 11086 I MicroRecognitionRunner: Stopping hotword detection.
10-31 22:57:58.194 11026 11053 I DeviceStateChecker: DeviceStateChecker cancelled
10-31 22:57:58.194 11026 12100 I AudioController: internalShutdown
10-31 22:57:58.195 11026 12100 I MicrophoneInputStream: mic_close com.google.android.apps.gsa.speech.audio.af@db5035a
10-31 22:57:58.201 11026 11083 I PBSessionCacheImpl: Deleted sessionId[8881485033289] from persistence.
10-31 22:57:58.245   556 11922 D audio_hw_primary: disable_audio_route: usecase(9) reset and update mixer path: audio-record
10-31 22:57:58.246   556 11922 D audio_hw_primary: disable_snd_device: snd_device(72: voice-rec-mic)
10-31 22:57:58.248   556 11922 D sound_trigger_platform: platform_stdev_check_and_update_concurrency: concurrency active 0, tx 0, rx 0, concurrency session_allowed 1
10-31 22:57:58.250   556   753 I SoundTriggerHwService::Module: onCallbackEvent no clients
10-31 22:57:58.252 11026 11225 I MicroRecognitionRunner: Detection finished
10-31 22:57:58.445 12063 12086 I cr_VariationsSeedFetch: Fetched first run seed in 810 ms
10-31 22:57:58.499   772 13022 I ActivityManager: Start proc 12104:com.android.chrome:sandboxed_process0/u0i917 for webview_service com.android.chrome/org.chromium.content.app.SandboxedProcessService0
10-31 22:57:58.511 12104 12104 E /system/bin/webview_zygote32: failed to make and chown /acct/uid_99917: Permission denied
10-31 22:57:58.512 12104 12104 E Zygote  : createProcessGroup(99917, 0) failed: Permission denied
10-31 22:57:58.572 12104 12104 I SamplingProfilerIntegration: Profiling disabled.
10-31 22:57:58.626 12117 12117 E asset   : setgid: Operation not permitted
10-31 22:57:58.774 12104 12104 I cr_SplitCompatApp: Launched version=106.0.5249.79 minSdkVersion=24 isBundle=true processName=com.android.chrome:sandboxed_process0 isIsolated=true
10-31 22:57:58.790 12104 12104 W SystemServiceRegistry: No service published for: uimode
10-31 22:57:58.809 12104 12104 I cr_ChildProcessService: Creating new ChildProcessService pid=12104
10-31 22:57:58.823 12104 12104 E WebViewFactory: can't load with relro file; address space not reserved
10-31 22:57:58.904   772 13022 I ActivityManager: Start proc 12135:com.android.chrome:privileged_process0/u0a60 for service com.android.chrome/org.chromium.content.app.PrivilegedProcessService0
10-31 22:57:58.961 12135 12135 I cr_SplitCompatApp: Launched version=106.0.5249.79 minSdkVersion=24 isBundle=true processName=com.android.chrome:privileged_process0 isIsolated=false
10-31 22:57:58.970 12135 12135 I cr_ChildProcessService: Creating new ChildProcessService pid=12135
10-31 22:57:58.974 12063 12063 I cr_SmsProviderGms: construction successfull y93@e6fedae, v93@2a7674f
10-31 22:57:58.988 29692 29692 D BoundBrokerSvc: onBind: Intent { act=com.google.android.gms.auth.key.retrieval.service.START dat=chimera-action:com.google.android.gms.auth.key.retrieval.service.START cmp=com.google.android.gms/.chimera.GmsApiService }
10-31 22:57:58.989 29692 29692 D BoundBrokerSvc: Loading bound service for intent: Intent { act=com.google.android.gms.auth.key.retrieval.service.START dat=chimera-action:com.google.android.gms.auth.key.retrieval.service.START cmp=com.google.android.gms/.chimera.GmsApiService }
10-31 22:57:59.034 12135 12150 I cr_LibraryLoader: Successfully loaded native library
10-31 22:57:59.034 12135 12150 I cr_CachingUmaRecorder: Flushed 3 samples from 3 histograms.
10-31 22:57:59.050 12135 12150 I Adreno  : QUALCOMM build                   : 7142022, Ib5823dd10c
10-31 22:57:59.050 12135 12150 I Adreno  : Build Date                       : 06/23/17
10-31 22:57:59.050 12135 12150 I Adreno  : OpenGL ES Shader Compiler Version: EV031.18.00.00
10-31 22:57:59.050 12135 12150 I Adreno  : Local Branch                     : O11A
10-31 22:57:59.050 12135 12150 I Adreno  : Remote Branch                    : 
10-31 22:57:59.050 12135 12150 I Adreno  : Remote Branch                    : 
10-31 22:57:59.050 12135 12150 I Adreno  : Reconstruct Branch               : 
10-31 22:57:59.051 12135 12150 I vndksupport: sphal namespace is not configured for this process. Loading /vendor/lib/hw/gralloc.msm8992.so from the current namespace instead.
10-31 22:57:59.055 12135 12150 I Adreno  : PFP: 0x00000000, ME: 0x00000000
10-31 22:57:59.055 12063 12063 W cr_KnoxSettingsProvider: Permission to read device policy denied.
10-31 22:57:59.809 12161 12161 E /system/bin/webview_zygote32: failed to make and chown /acct/uid_99918: Permission denied
10-31 22:57:59.809 12161 12161 E Zygote  : createProcessGroup(99918, 0) failed: Permission denied
10-31 22:57:59.812   772 20193 I ActivityManager: Start proc 12161:com.android.chrome:sandboxed_process1/u0i918 for webview_service com.android.chrome/org.chromium.content.app.SandboxedProcessService1
10-31 22:57:59.842 12161 12161 I SamplingProfilerIntegration: Profiling disabled.
10-31 22:57:59.873 12174 12174 E asset   : setgid: Operation not permitted
10-31 22:57:59.913 12161 12161 I cr_SplitCompatApp: Launched version=106.0.5249.79 minSdkVersion=24 isBundle=true processName=com.android.chrome:sandboxed_process1 isIsolated=true
10-31 22:57:59.921 12161 12161 W SystemServiceRegistry: No service published for: uimode
10-31 22:57:59.933 12161 12161 I cr_ChildProcessService: Creating new ChildProcessService pid=12161
10-31 22:57:59.941 12161 12161 E WebViewFactory: can't load with relro file; address space not reserved
10-31 22:57:59.953 12161 12176 I cr_LibraryLoader: Successfully loaded native library
10-31 22:57:59.955 12161 12176 I cr_CachingUmaRecorder: Flushed 3 samples from 3 histograms.
10-31 22:57:59.989 12161 12176 I chromium: [INFO:child_process_service.cc(69)] ChildProcessService: Exiting child process.
10-31 22:57:59.991   422   422 E lowmemorykiller: Error writing /proc/12161/oom_score_adj; errno=22
10-31 22:57:59.993   772   996 I ActivityManager: Killing 12161:com.android.chrome:sandboxed_process1/u0a60i918 (adj 0): isolated not needed
10-31 22:57:59.993   772   790 W zygote64: failed to open /acct/uid_99918/pid_12161/cgroup.procs: No such file or directory
10-31 22:58:01.217 12063 12063 E cr_BTSPrefs: No data found for task id: 53
10-31 22:58:01.218 12063 12063 E cr_BkgrdTaskScheduler: Task cannot be canceled because no data was found instorage or data was invalid
10-31 22:58:03.229 11026 11225 I EventLogSendingHelper: Sending log events.
10-31 22:58:03.514 12202 12202 D AndroidRuntime: >>>>>> START com.android.internal.os.RuntimeInit uid 2000 <<<<<<
10-31 22:58:03.665 12202 12202 D AndroidRuntime: Calling main entry com.android.commands.input.Input
10-31 22:58:03.682 12202 12202 I Input   : injectMotionEvent: MotionEvent { action=ACTION_DOWN, actionButton=0, id[0]=0, x[0]=540.0, y[0]=1660.0, toolType[0]=TOOL_TYPE_UNKNOWN, buttonState=0, metaState=0, flags=0x0, edgeFlags=0x0, pointerCount=1, historySize=0, eventTime=571981935, downTime=571981935, deviceId=8, source=0x1002 }
10-31 22:58:03.691 12202 12202 I Input   : injectMotionEvent: MotionEvent { action=ACTION_UP, actionButton=0, id[0]=0, x[0]=540.0, y[0]=1660.0, toolType[0]=TOOL_TYPE_UNKNOWN, buttonState=0, metaState=0, flags=0x0, edgeFlags=0x0, pointerCount=1, historySize=0, eventTime=571981935, downTime=571981935, deviceId=8, source=0x1002 }
10-31 22:58:03.694 12202 12202 D AndroidRuntime: Shutting down VM
10-31 22:58:03.730   556  6498 D audio_hw_primary: enable_snd_device: snd_device(88: vi-feedback)
10-31 22:58:03.730   556  6498 D audio_hw_primary: enable_audio_route: usecase(23) apply and update mixer path: spkr-vi-record
10-31 22:58:03.755   556  6498 D audio_hw_primary: enable_audio_route: usecase(1) apply and update mixer path: low-latency-playback
10-31 22:58:04.270   556   731 D audio_hw_primary: disable_audio_route: usecase(1) reset and update mixer path: low-latency-playback
10-31 22:58:04.286   556   731 D audio_hw_primary: disable_snd_device: snd_device(88: vi-feedback)
10-31 22:58:04.286   556   731 D audio_hw_primary: disable_audio_route: usecase(23) reset and update mixer path: spkr-vi-record
10-31 22:58:05.132 12217 12217 D AndroidRuntime: >>>>>> START com.android.internal.os.RuntimeInit uid 2000 <<<<<<
10-31 22:58:05.258 12217 12217 D AndroidRuntime: Calling main entry com.android.commands.input.Input
10-31 22:58:05.266 12217 12217 I Input   : injectMotionEvent: MotionEvent { action=ACTION_DOWN, actionButton=0, id[0]=0, x[0]=180.0, y[0]=1690.0, toolType[0]=TOOL_TYPE_UNKNOWN, buttonState=0, metaState=0, flags=0x0, edgeFlags=0x0, pointerCount=1, historySize=0, eventTime=571983528, downTime=571983528, deviceId=8, source=0x1002 }
10-31 22:58:05.272 12217 12217 I Input   : injectMotionEvent: MotionEvent { action=ACTION_UP, actionButton=0, id[0]=0, x[0]=180.0, y[0]=1690.0, toolType[0]=TOOL_TYPE_UNKNOWN, buttonState=0, metaState=0, flags=0x0, edgeFlags=0x0, pointerCount=1, historySize=0, eventTime=571983528, downTime=571983528, deviceId=8, source=0x1002 }
10-31 22:58:05.275 12217 12217 D AndroidRuntime: Shutting down VM
10-31 22:58:05.289   556  6498 D audio_hw_primary: enable_snd_device: snd_device(88: vi-feedback)
10-31 22:58:05.289   556  6498 D audio_hw_primary: enable_audio_route: usecase(23) apply and update mixer path: spkr-vi-record
10-31 22:58:05.296   772   785 I ActivityManager: START u0 {act=android.intent.action.VIEW flg=0x10008000 cmp=com.android.chrome/com.google.android.apps.chrome.Main (has extras)} from uid 10060
10-31 22:58:05.301   772   830 E ResourceType: Style contains key with bad entry: 0x0101062c
10-31 22:58:05.301   772   830 E ResourceType: Style contains key with bad entry: 0x0101062c
10-31 22:58:05.317   556  6498 D audio_hw_primary: enable_audio_route: usecase(1) apply and update mixer path: low-latency-playback
10-31 22:58:05.321 12063 12063 E ResourceType: Style contains key with bad entry: 0x0101062c
10-31 22:58:05.326 12063 12063 E ResourceType: Style contains key with bad entry: 0x0101062c
10-31 22:58:05.373 12063 12063 W ResourceType: Failure getting entry for 0x7f010055 (t=0 e=85) (error -75)
10-31 22:58:05.385 12063 12063 I cr_CompositorSurfaceMgr: Transitioning to surface with format: -1
10-31 22:58:05.391 12063 12063 W ResourceType: Failure getting entry for 0x7f010530 (t=0 e=1328) (error -75)
10-31 22:58:05.469 12063 12130 W cr_tabmodel: Starting to perform legacy migration.
10-31 22:58:05.474 12063 12130 W cr_tabmodel: Finished performing legacy migration.
10-31 22:58:05.474 12063 12130 W cr_tabmodel: Starting to perform multi-instance migration.
10-31 22:58:05.474 12063 12130 W cr_tabmodel: Finished performing multi-instance migration.
10-31 22:58:05.474 12063 12130 I cr_tabmodel: Starting to fetch tab list for tab_state0
10-31 22:58:05.474 12063 12130 I cr_tabmodel: State file does not exist.
10-31 22:58:05.474 12063 12130 I cr_tabmodel: Starting to fetch tab list for tab_state1
10-31 22:58:05.474 12063 12130 I cr_tabmodel: State file does not exist.
10-31 22:58:05.536   772  3037 W ActivityManager: Duplicate finish request for ActivityRecord{a8f6147 u0 com.android.chrome/org.chromium.chrome.browser.firstrun.FirstRunActivity t965 f}
10-31 22:58:05.538 12063 12130 W cr_PartnerCustomize: Partner homepage must be HTTP(S) or NewTabPage. Got invalid URL "org.chromium.url.GURL@0"
10-31 22:58:05.578 12063 12063 I cr_StartSurfaceConfig: Recorded Startup.Android.FirstDrawCompletedTime.NoInstant = 244 ms
10-31 22:58:05.581 12063 12093 D OpenGLRenderer: endAllActiveAnimators on 0xc61cab80 (RippleDrawable) with handle 0xc8420540
10-31 22:58:05.586 12063 12063 I cr_CompositorSurfaceMgr: Transitioning to surface with format: -1
10-31 22:58:05.589 12063 12063 I cr_CompositorSurfaceMgr: surfaceCreated format: 0
10-31 22:58:05.598 12063 12063 I cr_ChromeTabbedActivity: #initializeState
10-31 22:58:05.598 12063 12063 I cr_CipherFactory: #restoreFromBundle, no savedInstanceState.
10-31 22:58:05.598 12063 12063 I cr_tabmodel: #loadState, ignoreIncognitoFiles? true
10-31 22:58:05.604 12063 12063 I cr_tabmodel: Loaded tab lists; counts: 0,0
10-31 22:58:05.604 12063 12063 I cr_ChromeTabbedActivity: #createInitialTab executed.
10-31 22:58:05.623   772 29404 E BatteryStatsService: no controller energy info supplied
10-31 22:58:05.623   772 29404 E BatteryStatsService: no controller energy info supplied
10-31 22:58:05.640 12063 12063 E ResourceType: Style contains key with bad entry: 0x0101062c
10-31 22:58:05.641   772   788 W ProcessCpuTracker: Skipping unknown process pid 12251
10-31 22:58:05.715 12063 12063 W ResourceType: Failure getting entry for 0x7f010565 (t=0 e=1381) (error -75)
10-31 22:58:05.724 12063 12063 W ResourceType: Failure getting entry for 0x7f010551 (t=0 e=1361) (error -75)
10-31 22:58:05.844   556   731 D audio_hw_primary: disable_audio_route: usecase(1) reset and update mixer path: low-latency-playback
10-31 22:58:05.858   556   731 D audio_hw_primary: disable_snd_device: snd_device(88: vi-feedback)
10-31 22:58:05.858   556   731 D audio_hw_primary: disable_audio_route: usecase(23) reset and update mixer path: spkr-vi-record
10-31 22:58:05.875 12063 12063 W ResourceType: Failure getting entry for 0x7f01059a (t=0 e=1434) (error -75)
10-31 22:58:05.902   772  3854 W AppOps  : Bad call: specified package com.google.android.gms under uid 10060 but it is really 10020
10-31 22:58:05.902   772  3854 W AppOps  : java.lang.RuntimeException: here
10-31 22:58:05.902   772  3854 W AppOps  : 	at com.android.server.AppOpsService.getOpsRawLocked(AppOpsService.java:1319)
10-31 22:58:05.902   772  3854 W AppOps  : 	at com.android.server.AppOpsService.checkPackage(AppOpsService.java:1038)
10-31 22:58:05.902   772  3854 W AppOps  : 	at com.android.internal.app.IAppOpsService$Stub.onTransact(IAppOpsService.java:169)
10-31 22:58:05.902   772  3854 W AppOps  : 	at android.os.Binder.execTransact(Binder.java:674)
10-31 22:58:05.902   772 10895 W AppOps  : Bad call: specified package com.google.android.gms under uid 10060 but it is really 10020
10-31 22:58:05.902   772 10895 W AppOps  : java.lang.RuntimeException: here
10-31 22:58:05.902   772 10895 W AppOps  : 	at com.android.server.AppOpsService.getOpsRawLocked(AppOpsService.java:1319)
10-31 22:58:05.902   772 10895 W AppOps  : 	at com.android.server.AppOpsService.checkPackage(AppOpsService.java:1038)
10-31 22:58:05.902   772 10895 W AppOps  : 	at com.android.internal.app.IAppOpsService$Stub.onTransact(IAppOpsService.java:169)
10-31 22:58:05.902   772 10895 W AppOps  : 	at android.os.Binder.execTransact(Binder.java:674)
10-31 22:58:05.904   772 13022 W AppOps  : Bad call: specified package com.google.android.gms under uid 10060 but it is really 10020
10-31 22:58:05.904   772 13022 W AppOps  : java.lang.RuntimeException: here
10-31 22:58:05.904   772 13022 W AppOps  : 	at com.android.server.AppOpsService.getOpsRawLocked(AppOpsService.java:1319)
10-31 22:58:05.904   772 13022 W AppOps  : 	at com.android.server.AppOpsService.checkPackage(AppOpsService.java:1038)
10-31 22:58:05.904   772 13022 W AppOps  : 	at com.android.internal.app.IAppOpsService$Stub.onTransact(IAppOpsService.java:169)
10-31 22:58:05.904   772 13022 W AppOps  : 	at android.os.Binder.execTransact(Binder.java:674)
10-31 22:58:05.905   772  1324 W AppOps  : Bad call: specified package com.google.android.gms under uid 10060 but it is really 10020
10-31 22:58:05.905   772  1324 W AppOps  : java.lang.RuntimeException: here
10-31 22:58:05.905   772  1324 W AppOps  : 	at com.android.server.AppOpsService.getOpsRawLocked(AppOpsService.java:1319)
10-31 22:58:05.905   772  1324 W AppOps  : 	at com.android.server.AppOpsService.checkPackage(AppOpsService.java:1038)
10-31 22:58:05.905   772  1324 W AppOps  : 	at com.android.internal.app.IAppOpsService$Stub.onTransact(IAppOpsService.java:169)
10-31 22:58:05.905   772  1324 W AppOps  : 	at android.os.Binder.execTransact(Binder.java:674)
10-31 22:58:05.929 12063 12063 E cr_IntentUtils: getBooleanExtra failed on intent null
10-31 22:58:05.929 12063 12063 E cr_IntentUtils: getBooleanExtra failed on intent null
10-31 22:58:05.930 12104 12120 I cr_LibraryLoader: Successfully loaded native library
10-31 22:58:05.931 12104 12120 I cr_CachingUmaRecorder: Flushed 3 samples from 3 histograms.
10-31 22:58:05.963 12063 12063 W ResourceType: Failure getting entry for 0x7f010888 (t=0 e=2184) (error -75)
10-31 22:58:05.966 29486 29651 I FontLog : Received query name=Google Sans&weight=700&besteffort=false, URI content://com.google.android.gms.fonts [CONTEXT service_id=132 ]
10-31 22:58:05.966 29486 29651 I FontLog : Query [name=Google Sans&weight=700&besteffort=false] resolved to {Google Sans, wdth 100.0, wght 700, ital 0.0, bestEffort false} [CONTEXT service_id=132 ]
10-31 22:58:05.969 29486 29651 I FontLog : Fetch {Google Sans, wdth 100.0, wght 700, ital 0.0, bestEffort false} end status Status{statusCode=SUCCESS, resolution=null} [CONTEXT service_id=132 ]
10-31 22:58:05.972 12063 12063 W ResourceType: Failure getting entry for 0x7f010888 (t=0 e=2184) (error -75)
10-31 22:58:05.974 12063 12063 I chatty  : uid=10060(u0_a60) identical 1 line
10-31 22:58:05.975 12063 12063 W ResourceType: Failure getting entry for 0x7f010888 (t=0 e=2184) (error -75)
10-31 22:58:05.976 29486 29650 I FontLog : Pulling font file for id = 942, cache size = 6 [CONTEXT service_id=132 ]
10-31 22:58:05.977 12063 12063 W ResourceType: Failure getting entry for 0x7f010888 (t=0 e=2184) (error -75)
10-31 22:58:05.979 12063 12063 I chatty  : uid=10060(u0_a60) identical 2 lines
10-31 22:58:05.981 12063 12063 W ResourceType: Failure getting entry for 0x7f010888 (t=0 e=2184) (error -75)
10-31 22:58:05.983 12063 12063 I cr_TopSites: Start a new task.
10-31 22:58:05.984 12063 12132 I cr_TopSites: Serializing top sites lists finished; count: 8
10-31 22:58:05.986 29486 30686 I FontLog : Received query name=Noto Color Emoji Compat&weight=400&besteffort=false, URI content://com.google.android.gms.fonts [CONTEXT service_id=132 ]
10-31 22:58:05.987 29486 30686 I FontLog : Query [name=Noto Color Emoji Compat&weight=400&besteffort=false] resolved to {Noto Color Emoji Compat, wdth 100.0, wght 400, ital 0.0, bestEffort false} [CONTEXT service_id=132 ]
10-31 22:58:05.989 29486 30686 I FontLog : Fetch {Noto Color Emoji Compat, wdth 100.0, wght 400, ital 0.0, bestEffort false} end status Status{statusCode=SUCCESS, resolution=null} [CONTEXT service_id=132 ]
10-31 22:58:05.994 29486 29497 I FontLog : Pulling font file for id = 943, cache size = 7 [CONTEXT service_id=132 ]
10-31 22:58:06.002   361   361 W /system/bin/hwservicemanager: getTransportFromManifest: Cannot find entry android.hardware.graphics.mapper@2.0::IMapper in either framework or device manifest, using default transport.
10-31 22:58:06.005 29486 29650 I FontLog : Received query name=Google Sans&weight=400&besteffort=false, URI content://com.google.android.gms.fonts [CONTEXT service_id=132 ]
10-31 22:58:06.005 29486 29650 I FontLog : Query [name=Google Sans&weight=400&besteffort=false] resolved to {Google Sans, wdth 100.0, wght 400, ital 0.0, bestEffort false} [CONTEXT service_id=132 ]
10-31 22:58:06.005 12135 12150 I vndksupport: sphal namespace is not configured for this process. Loading /vendor/lib/hw/gralloc.msm8992.so from the current namespace instead.
10-31 22:58:06.006 29486 29650 I FontLog : Font PFD returned from cache for {Google Sans, wdth 100.0, wght 400, ital 0.0, bestEffort false} [CONTEXT service_id=132 ]
10-31 22:58:06.007 29486 29650 I FontLog : Fetch {Google Sans, wdth 100.0, wght 400, ital 0.0, bestEffort false} end status Status{statusCode=SUCCESS, resolution=null} [CONTEXT service_id=132 ]
10-31 22:58:06.009 12063 12132 I cr_TopSites: Finished saving top sites list to file:/data/user/0/com.android.chrome/app_top_sites/top_sites
10-31 22:58:06.021   772 32228 I ActivityManager: Start proc 12277:com.android.chrome:sandboxed_process2/u0i919 for webview_service com.android.chrome/org.chromium.content.app.SandboxedProcessService2
10-31 22:58:06.027 29486 29498 I FontLog : Pulling font file for id = 944, cache size = 8 [CONTEXT service_id=132 ]
10-31 22:58:06.031 12277 12277 E /system/bin/webview_zygote32: failed to make and chown /acct/uid_99919: Permission denied
10-31 22:58:06.031 12277 12277 E Zygote  : createProcessGroup(99919, 0) failed: Permission denied
10-31 22:58:06.045 12277 12277 I SamplingProfilerIntegration: Profiling disabled.
10-31 22:58:06.052 12290 12290 E /system/bin/webview_zygote32: failed to make and chown /acct/uid_99920: Permission denied
10-31 22:58:06.052 12290 12290 E Zygote  : createProcessGroup(99920, 0) failed: Permission denied
10-31 22:58:06.058   772  3037 I ActivityManager: Start proc 12290:com.android.chrome:sandboxed_process3/u0i920 for webview_service com.android.chrome/org.chromium.content.app.SandboxedProcessService3
10-31 22:58:06.059 29486 29497 I FontLog : Received query name=Google Sans&weight=500&besteffort=false, URI content://com.google.android.gms.fonts [CONTEXT service_id=132 ]
10-31 22:58:06.060 29486 29497 I FontLog : Query [name=Google Sans&weight=500&besteffort=false] resolved to {Google Sans, wdth 100.0, wght 500, ital 0.0, bestEffort false} [CONTEXT service_id=132 ]
10-31 22:58:06.061 29486 29497 I FontLog : Font PFD returned from cache for {Google Sans, wdth 100.0, wght 500, ital 0.0, bestEffort false} [CONTEXT service_id=132 ]
10-31 22:58:06.062 12063 12063 I cr_tabmodel: Appending tabs being restored to metadata lists, 0, startingNormalCount: 1, startingIncognitoCount: 0
10-31 22:58:06.062 29486 29497 I FontLog : Fetch {Google Sans, wdth 100.0, wght 500, ital 0.0, bestEffort false} end status Status{statusCode=SUCCESS, resolution=null} [CONTEXT service_id=132 ]
10-31 22:58:06.062 12063 12063 I cr_tabmodel: Serializing tab lists; counts: 1, 0
10-31 22:58:06.074 12300 12300 E asset   : setgid: Operation not permitted
10-31 22:58:06.086 12301 12301 E /system/bin/webview_zygote32: failed to make and chown /acct/uid_99921: Permission denied
10-31 22:58:06.086 12301 12301 E Zygote  : createProcessGroup(99921, 0) failed: Permission denied
10-31 22:58:06.088   772  1324 I ActivityManager: Start proc 12301:com.android.chrome:sandboxed_process4/u0i921 for webview_service com.android.chrome/org.chromium.content.app.SandboxedProcessService4
10-31 22:58:06.089 29486 29498 I FontLog : Pulling font file for id = 945, cache size = 7 [CONTEXT service_id=132 ]
10-31 22:58:06.096 12290 12290 I SamplingProfilerIntegration: Profiling disabled.
10-31 22:58:06.099 12277 12277 I cr_SplitCompatApp: Launched version=106.0.5249.79 minSdkVersion=24 isBundle=true processName=com.android.chrome:sandboxed_process2 isIsolated=true
10-31 22:58:06.104 12277 12277 W SystemServiceRegistry: No service published for: uimode
10-31 22:58:06.105 12301 12301 I SamplingProfilerIntegration: Profiling disabled.
10-31 22:58:06.108 12318 12318 E /system/bin/webview_zygote32: failed to make and chown /acct/uid_99922: Permission denied
10-31 22:58:06.108 12318 12318 E Zygote  : createProcessGroup(99922, 0) failed: Permission denied
10-31 22:58:06.109 12063 12063 W ResourceType: Failure getting entry for 0x7f010216 (t=0 e=534) (error -75)
10-31 22:58:06.109   772  3037 I ActivityManager: Start proc 12318:com.android.chrome:sandboxed_process5/u0i922 for webview_service com.android.chrome/org.chromium.content.app.SandboxedProcessService5
10-31 22:58:06.111 12063 12063 W ResourceType: Failure getting entry for 0x7f0107c9 (t=0 e=1993) (error -75)
10-31 22:58:06.114 12277 12277 I cr_ChildProcessService: Creating new ChildProcessService pid=12277
10-31 22:58:06.128 12332 12332 E asset   : setgid: Operation not permitted
10-31 22:58:06.128 12318 12318 I SamplingProfilerIntegration: Profiling disabled.
10-31 22:58:06.131 12333 12333 E /system/bin/webview_zygote32: failed to make and chown /acct/uid_99923: Permission denied
10-31 22:58:06.131 12333 12333 E Zygote  : createProcessGroup(99923, 0) failed: Permission denied
10-31 22:58:06.133 12063 12063 W ResourceType: Failure getting entry for 0x7f010827 (t=0 e=2087) (error -75)
10-31 22:58:06.135   772  2969 I ActivityManager: Start proc 12333:com.android.chrome:sandboxed_process6/u0i923 for webview_service com.android.chrome/org.chromium.content.app.SandboxedProcessService6
10-31 22:58:06.136 12340 12340 E asset   : setgid: Operation not permitted
10-31 22:58:06.142 12277 12277 E WebViewFactory: can't load with relro file; address space not reserved
10-31 22:58:06.146 12063 12063 I cr_OfflineIndicator: onConnectionTypeChanged 2
10-31 22:58:06.150 12063 12063 I cr_OfflineIndicator: Reported by system: [ Transports: WIFI Capabilities: NOT_METERED&INTERNET&NOT_RESTRICTED&TRUSTED&NOT_VPN&VALIDATED&FOREGROUND LinkUpBandwidth>=1048576Kbps LinkDnBandwidth>=1048576Kbps SignalStrength: -66]
10-31 22:58:06.150 12063 12063 I cr_OfflineIndicator: setConnectionState connectionState=4
10-31 22:58:06.150 12063 12063 I cr_OfflineDetector: Running updateState mConnectivityDetectorInitialized: true, mTimeWhenLastForegrounded: 1129540312, getElapsedTime: 1129540316, mTimeWhenLastOfflineNotificationReceived: 0, mTimeWhenLastOnline: 1129540316, mApplicationState: 1, mIsOfflineLastReportedByConnectivityDetector: false, mIsEffectivelyOffline: false
10-31 22:58:06.150 12063 12063 I cr_OfflineDetector: updateState(): timeSinceLastForeground: 4, timeSinceOfflineNotificationReceived: 1129540316, timeSinceLastOnline: 0, timeNeededForForeground: 1996, timeNeededForOffline: -1129538316
10-31 22:58:06.150 12063 12063 I cr_OfflineIndicator: processConnectivityCheckResult mConnectionState=4 mConnectivityCheckingStage=1
10-31 22:58:06.152 12333 12333 I SamplingProfilerIntegration: Profiling disabled.
10-31 22:58:06.157 12348 12348 E asset   : setgid: Operation not permitted
10-31 22:58:06.161 12290 12290 I cr_SplitCompatApp: Launched version=106.0.5249.79 minSdkVersion=24 isBundle=true processName=com.android.chrome:sandboxed_process3 isIsolated=true
10-31 22:58:06.165   772  3041 I ActivityManager: Start proc 12349:com.android.chrome:sandboxed_process7/u0i924 for webview_service com.android.chrome/org.chromium.content.app.SandboxedProcessService7
10-31 22:58:06.168 12349 12349 E /system/bin/webview_zygote32: failed to make and chown /acct/uid_99924: Permission denied
10-31 22:58:06.168 12349 12349 E Zygote  : createProcessGroup(99924, 0) failed: Permission denied
10-31 22:58:06.174 12301 12301 I cr_SplitCompatApp: Launched version=106.0.5249.79 minSdkVersion=24 isBundle=true processName=com.android.chrome:sandboxed_process4 isIsolated=true
10-31 22:58:06.181 12301 12301 W SystemServiceRegistry: No service published for: uimode
10-31 22:58:06.183 12290 12290 W SystemServiceRegistry: No service published for: uimode
10-31 22:58:06.186 12349 12349 I SamplingProfilerIntegration: Profiling disabled.
10-31 22:58:06.187   772 20193 I ActivityManager: Start proc 12362:com.android.chrome:sandboxed_process8/u0i925 for webview_service com.android.chrome/org.chromium.content.app.SandboxedProcessService8
10-31 22:58:06.190 12361 12361 E asset   : setgid: Operation not permitted
10-31 22:58:06.192 12362 12362 E /system/bin/webview_zygote32: failed to make and chown /acct/uid_99925: Permission denied
10-31 22:58:06.192 12362 12362 E Zygote  : createProcessGroup(99925, 0) failed: Permission denied
10-31 22:58:06.194 12301 12301 I cr_ChildProcessService: Creating new ChildProcessService pid=12301
10-31 22:58:06.199 12318 12318 I cr_SplitCompatApp: Launched version=106.0.5249.79 minSdkVersion=24 isBundle=true processName=com.android.chrome:sandboxed_process5 isIsolated=true
10-31 22:58:06.202 12290 12290 I cr_ChildProcessService: Creating new ChildProcessService pid=12290
10-31 22:58:06.203   772  3854 I ActivityManager: Start proc 12375:com.android.chrome:sandboxed_process9/u0i926 for webview_service com.android.chrome/org.chromium.content.app.SandboxedProcessService9
10-31 22:58:06.206 12063 12063 W ResourceType: Failure getting entry for 0x7f010415 (t=0 e=1045) (error -75)
10-31 22:58:06.206 12375 12375 E /system/bin/webview_zygote32: failed to make and chown /acct/uid_99926: Permission denied
10-31 22:58:06.206 12375 12375 E Zygote  : createProcessGroup(99926, 0) failed: Permission denied
10-31 22:58:06.213 12362 12362 I SamplingProfilerIntegration: Profiling disabled.
10-31 22:58:06.215 12318 12318 W SystemServiceRegistry: No service published for: uimode
10-31 22:58:06.222 12290 12290 E WebViewFactory: can't load with relro file; address space not reserved
10-31 22:58:06.225 12301 12301 E WebViewFactory: can't load with relro file; address space not reserved
10-31 22:58:06.242 12375 12375 I SamplingProfilerIntegration: Profiling disabled.
10-31 22:58:06.248 12277 12326 I cr_LibraryLoader: Successfully loaded native library
10-31 22:58:06.249 12277 12326 I cr_CachingUmaRecorder: Flushed 3 samples from 3 histograms.
10-31 22:58:06.251 12318 12318 I cr_ChildProcessService: Creating new ChildProcessService pid=12318
10-31 22:58:06.253 12301 12370 I cr_LibraryLoader: Successfully loaded native library
10-31 22:58:06.254 12301 12370 I cr_CachingUmaRecorder: Flushed 3 samples from 3 histograms.
10-31 22:58:06.257   772   781 I zygote64: Background concurrent copying GC freed 58639(3MB) AllocSpace objects, 39(860KB) LOS objects, 42% free, 17MB/30MB, paused 223us total 101.763ms
10-31 22:58:06.258 12392 12392 E asset   : setgid: Operation not permitted
10-31 22:58:06.264 12290 12380 I cr_LibraryLoader: Successfully loaded native library
10-31 22:58:06.266 12290 12380 I cr_CachingUmaRecorder: Flushed 3 samples from 3 histograms.
10-31 22:58:06.269 12318 12318 E WebViewFactory: can't load with relro file; address space not reserved
10-31 22:58:06.277 12393 12393 E asset   : setgid: Operation not permitted
10-31 22:58:06.281 12318 12391 I cr_LibraryLoader: Successfully loaded native library
10-31 22:58:06.282 12318 12391 I cr_CachingUmaRecorder: Flushed 3 samples from 3 histograms.
10-31 22:58:06.284 12409 12409 E asset   : setgid: Operation not permitted
10-31 22:58:06.295 12333 12333 I cr_SplitCompatApp: Launched version=106.0.5249.79 minSdkVersion=24 isBundle=true processName=com.android.chrome:sandboxed_process6 isIsolated=true
10-31 22:58:06.303 12333 12333 W SystemServiceRegistry: No service published for: uimode
10-31 22:58:06.312   772   996 I ActivityManager: Killing 12301:com.android.chrome:sandboxed_process4/u0a60i921 (adj 0): isolated not needed
10-31 22:58:06.313   772   790 W zygote64: failed to open /acct/uid_99921/pid_12301/cgroup.procs: No such file or directory
10-31 22:58:06.320 12333 12333 I cr_ChildProcessService: Creating new ChildProcessService pid=12333
10-31 22:58:06.327 12349 12349 I cr_SplitCompatApp: Launched version=106.0.5249.79 minSdkVersion=24 isBundle=true processName=com.android.chrome:sandboxed_process7 isIsolated=true
10-31 22:58:06.334 12349 12349 W SystemServiceRegistry: No service published for: uimode
10-31 22:58:06.340 12290 12380 I chromium: [INFO:child_process_service.cc(69)] ChildProcessService: Exiting child process.
10-31 22:58:06.342 12277 12326 I chromium: [INFO:child_process_service.cc(69)] ChildProcessService: Exiting child process.
10-31 22:58:06.347 12063 12063 W chromium: [WARNING:compositor_view.cc(342)] Child process died (type=6) pid=12301)
10-31 22:58:06.350 12349 12349 I cr_ChildProcessService: Creating new ChildProcessService pid=12349
10-31 22:58:06.350   422   422 E lowmemorykiller: Error writing /proc/12290/oom_score_adj; errno=22
10-31 22:58:06.358 12362 12362 I cr_SplitCompatApp: Launched version=106.0.5249.79 minSdkVersion=24 isBundle=true processName=com.android.chrome:sandboxed_process8 isIsolated=true
10-31 22:58:06.359 12318 12391 I chromium: [INFO:child_process_service.cc(69)] ChildProcessService: Exiting child process.
10-31 22:58:06.359 12333 12333 E WebViewFactory: can't load with relro file; address space not reserved
10-31 22:58:06.366 12362 12362 W SystemServiceRegistry: No service published for: uimode
10-31 22:58:06.367 12375 12375 I cr_SplitCompatApp: Launched version=106.0.5249.79 minSdkVersion=24 isBundle=true processName=com.android.chrome:sandboxed_process9 isIsolated=true
10-31 22:58:06.376 12375 12375 W SystemServiceRegistry: No service published for: uimode
10-31 22:58:06.378 12362 12362 I cr_ChildProcessService: Creating new ChildProcessService pid=12362
10-31 22:58:06.383   772   785 W ActivityManager: Exception when unbinding service com.android.chrome/org.chromium.content.app.SandboxedProcessService3
10-31 22:58:06.383   772   785 W ActivityManager: android.os.DeadObjectException
10-31 22:58:06.383   772   785 W ActivityManager: 	at android.os.BinderProxy.transactNative(Native Method)
10-31 22:58:06.383   772   785 W ActivityManager: 	at android.os.BinderProxy.transact(Binder.java:748)
10-31 22:58:06.383   772   785 W ActivityManager: 	at android.app.IApplicationThread$Stub$Proxy.scheduleUnbindService(IApplicationThread.java:1522)
10-31 22:58:06.383   772   785 W ActivityManager: 	at com.android.server.am.ActiveServices.removeConnectionLocked(ActiveServices.java:2640)
10-31 22:58:06.383   772   785 W ActivityManager: 	at com.android.server.am.ActiveServices.unbindServiceLocked(ActiveServices.java:1551)
10-31 22:58:06.383   772   785 W ActivityManager: 	at com.android.server.am.ActivityManagerService.unbindService(ActivityManagerService.java:18297)
10-31 22:58:06.383   772   785 W ActivityManager: 	at android.app.IActivityManager$Stub.onTransact(IActivityManager.java:594)
10-31 22:58:06.383   772   785 W ActivityManager: 	at com.android.server.am.ActivityManagerService.onTransact(ActivityManagerService.java:2935)
10-31 22:58:06.383   772   785 W ActivityManager: 	at android.os.Binder.execTransact(Binder.java:674)
10-31 22:58:06.384   422   422 E lowmemorykiller: Error opening /proc/12290/oom_score_adj; errno=2
10-31 22:58:06.385   772   785 I ActivityManager: Killing 12290:com.android.chrome:sandboxed_process3/u0a60i920 (adj 900): isolated not needed
10-31 22:58:06.385   772   790 W zygote64: failed to open /acct/uid_99920/pid_12290/cgroup.procs: No such file or directory
10-31 22:58:06.387 12375 12375 I cr_ChildProcessService: Creating new ChildProcessService pid=12375
10-31 22:58:06.401   772  2969 I ActivityManager: Process com.android.chrome:sandboxed_process2 (pid 12277) has died: vis  TOP 
10-31 22:58:06.401   772   790 W zygote64: failed to open /acct/uid_99919/pid_12277/cgroup.procs: No such file or directory
10-31 22:58:06.401   772  2969 W ActivityManager: Scheduling restart of crashed service com.android.chrome/org.chromium.content.app.SandboxedProcessService2 in 1000ms
10-31 22:58:06.413 12333 12425 I cr_LibraryLoader: Successfully loaded native library
10-31 22:58:06.414 12333 12425 I cr_CachingUmaRecorder: Flushed 3 samples from 3 histograms.
10-31 22:58:06.422   422   422 E lowmemorykiller: Error writing /proc/12318/oom_score_adj; errno=22
10-31 22:58:06.423   772 10894 I ActivityManager: Killing 12318:com.android.chrome:sandboxed_process5/u0a60i922 (adj 0): isolated not needed
10-31 22:58:06.424 12362 12362 E WebViewFactory: can't load with relro file; address space not reserved
10-31 22:58:06.425 12375 12375 E WebViewFactory: can't load with relro file; address space not reserved
10-31 22:58:06.426   772   790 W zygote64: failed to open /acct/uid_99922/pid_12318/cgroup.procs: No such file or directory
10-31 22:58:06.429 12349 12349 E WebViewFactory: can't load with relro file; address space not reserved
10-31 22:58:06.439 12063 12131 I cr_VrCoreVersionChecker: Unable to find VrCore.
10-31 22:58:06.445 12063 12063 W ResourceType: Failure getting entry for 0x7f0100f9 (t=0 e=249) (error -75)
10-31 22:58:06.445 12349 12429 I cr_LibraryLoader: Successfully loaded native library
10-31 22:58:06.447 12349 12429 I cr_CachingUmaRecorder: Flushed 3 samples from 3 histograms.
10-31 22:58:06.448 12063 12063 W ResourceType: Failure getting entry for 0x7f010828 (t=0 e=2088) (error -75)
10-31 22:58:06.448 12375 12435 I cr_LibraryLoader: Successfully loaded native library
10-31 22:58:06.449 12375 12435 I cr_CachingUmaRecorder: Flushed 3 samples from 3 histograms.
10-31 22:58:06.456 12362 12432 I cr_LibraryLoader: Successfully loaded native library
10-31 22:58:06.458 12362 12432 I cr_CachingUmaRecorder: Flushed 3 samples from 3 histograms.
10-31 22:58:06.466 12063 12063 W ResourceType: Failure getting entry for 0x7f010827 (t=0 e=2087) (error -75)
10-31 22:58:06.487 12063 12063 W chromium: [WARNING:compositor_view.cc(342)] Child process died (type=6) pid=12290)
10-31 22:58:06.489 12063 12063 W chromium: [WARNING:compositor_view.cc(342)] Child process died (type=6) pid=12277)
10-31 22:58:06.493 12063 12063 W chromium: [WARNING:compositor_view.cc(342)] Child process died (type=6) pid=12318)
10-31 22:58:06.495 12333 12425 I chromium: [INFO:child_process_service.cc(69)] ChildProcessService: Exiting child process.
10-31 22:58:06.497   422   422 E lowmemorykiller: Error writing /proc/12333/oom_score_adj; errno=22
