10-31 11:34:02.557 26309 26427 I chromium: [INFO:child_process_service.cc(69)] ChildProcessService: Exiting child process.
10-31 11:34:02.558 26362 26433 I chromium: [INFO:child_process_service.cc(69)] ChildProcessService: Exiting child process.
10-31 11:34:02.560   772  2969 I ActivityManager: Killing 26325:com.android.chrome:sandboxed_process7/u0a60i214 (adj 0): isolated not needed
10-31 11:34:02.561   772   790 W zygote64: failed to open /acct/uid_99214/pid_26325/cgroup.procs: No such file or directory
10-31 11:34:02.563   422   422 E lowmemorykiller: Error writing /proc/26346/oom_score_adj; errno=22
10-31 11:34:02.564   772  3041 I ActivityManager: Killing 26346:com.android.chrome:sandboxed_process8/u0a60i215 (adj 0): isolated not needed
10-31 11:34:02.567   422   422 E lowmemorykiller: Error writing /proc/26309/oom_score_adj; errno=22
10-31 11:34:02.567   772  3037 I ActivityManager: Killing 26309:com.android.chrome:sandboxed_process6/u0a60i213 (adj 0): isolated not needed
10-31 11:34:02.571   772   790 W zygote64: failed to open /acct/uid_99215/pid_26346/cgroup.procs: No such file or directory
10-31 11:34:02.571   772   790 W zygote64: failed to open /acct/uid_99213/pid_26309/cgroup.procs: No such file or directory
10-31 11:34:02.575 26402 26455 I chromium: [INFO:child_process_service.cc(69)] ChildProcessService: Exiting child process.
10-31 11:34:02.581   772 32228 I ActivityManager: Start proc 26465:com.android.chrome:sandboxed_process11/u0i218 for webview_service com.android.chrome/org.chromium.content.app.SandboxedProcessService11
10-31 11:34:02.587 26043 26043 W chromium: [WARNING:compositor_view.cc(342)] Child process died (type=6) pid=26346)
10-31 11:34:02.590 26043 26043 I Choreographer: Skipped 60 frames!  The application may be doing too much work on its main thread.
10-31 11:34:02.593 26465 26465 E /system/bin/webview_zygote32: failed to make and chown /acct/uid_99218: Permission denied
10-31 11:34:02.593 26465 26465 E Zygote  : createProcessGroup(99218, 0) failed: Permission denied
10-31 11:34:02.607 26476 26476 E /system/bin/webview_zygote32: failed to make and chown /acct/uid_99219: Permission denied
10-31 11:34:02.607 26476 26476 E Zygote  : createProcessGroup(99219, 0) failed: Permission denied
10-31 11:34:02.609   772   784 I ActivityManager: Start proc 26476:com.android.chrome:sandboxed_process12/u0i219 for webview_service com.android.chrome/org.chromium.content.app.SandboxedProcessService12
10-31 11:34:02.616   772 10895 I ActivityManager: Process com.android.chrome:sandboxed_process10 (pid 26402) has died: vis  TOP 
10-31 11:34:02.617   772 10895 W ActivityManager: Scheduling restart of crashed service com.android.chrome/org.chromium.content.app.SandboxedProcessService10 in 1000ms
10-31 11:34:02.617   772   790 W zygote64: failed to open /acct/uid_99217/pid_26402/cgroup.procs: No such file or directory
10-31 11:34:02.617 26465 26465 I SamplingProfilerIntegration: Profiling disabled.
10-31 11:34:02.628 26476 26476 I SamplingProfilerIntegration: Profiling disabled.
10-31 11:34:02.639   772  3037 I ActivityManager: Process com.android.chrome:sandboxed_process9 (pid 26362) has died: vis  TOP 
10-31 11:34:02.639   772   790 W zygote64: failed to open /acct/uid_99216/pid_26362/cgroup.procs: No such file or directory
10-31 11:34:02.639   772  3037 W ActivityManager: Scheduling restart of crashed service com.android.chrome/org.chromium.content.app.SandboxedProcessService9 in 10978ms
10-31 11:34:02.663 26043 26043 W StaticLayout: maxLineHeight should not be -1.  maxLines:1 lineCount:1
10-31 11:34:02.668 26493 26493 E asset   : setgid: Operation not permitted
10-31 11:34:02.672 26494 26494 E asset   : setgid: Operation not permitted
10-31 11:34:02.702 26465 26465 I cr_SplitCompatApp: Launched version=106.0.5249.79 minSdkVersion=24 isBundle=true processName=com.android.chrome:sandboxed_process11 isIsolated=true
10-31 11:34:02.707 26465 26465 W SystemServiceRegistry: No service published for: uimode
10-31 11:34:02.713 26476 26476 I cr_SplitCompatApp: Launched version=106.0.5249.79 minSdkVersion=24 isBundle=true processName=com.android.chrome:sandboxed_process12 isIsolated=true
10-31 11:34:02.717 26465 26465 I cr_ChildProcessService: Creating new ChildProcessService pid=26465
10-31 11:34:02.721 26476 26476 W SystemServiceRegistry: No service published for: uimode
10-31 11:34:02.727 26465 26465 E WebViewFactory: can't load with relro file; address space not reserved
10-31 11:34:02.729 26476 26476 I cr_ChildProcessService: Creating new ChildProcessService pid=26476
10-31 11:34:02.736 26476 26476 E WebViewFactory: can't load with relro file; address space not reserved
10-31 11:34:02.739 26465 26499 I cr_LibraryLoader: Successfully loaded native library
10-31 11:34:02.741 26465 26499 I cr_CachingUmaRecorder: Flushed 3 samples from 3 histograms.
10-31 11:34:02.743 26043 26043 W chromium: [WARNING:compositor_view.cc(342)] Child process died (type=6) pid=26325)
10-31 11:34:02.744 26043 26043 W chromium: [WARNING:compositor_view.cc(342)] Child process died (type=6) pid=26362)
10-31 11:34:02.744 26043 26043 W chromium: [WARNING:compositor_view.cc(342)] Child process died (type=6) pid=26402)
10-31 11:34:02.745 26043 26043 W chromium: [WARNING:compositor_view.cc(342)] Child process died (type=6) pid=26309)
10-31 11:34:02.751 26476 26500 I cr_LibraryLoader: Successfully loaded native library
10-31 11:34:02.752 26476 26500 I cr_CachingUmaRecorder: Flushed 3 samples from 3 histograms.
10-31 11:34:02.755   772   797 I ActivityManager: Displayed com.android.chrome/com.google.android.apps.chrome.Main: +1s421ms
10-31 11:34:02.766 16024 16024 E WorkerRegistryImpl: getWorker() is called after WorkerRegistry disposal.
10-31 11:34:02.769 16024 16024 E WorkerRegistryImpl: getWorker() is called after WorkerRegistry disposal.
10-31 11:34:02.783   772   784 I ActivityManager: Start proc 26515:com.android.chrome:sandboxed_process13/u0i220 for webview_service com.android.chrome/org.chromium.content.app.SandboxedProcessService13
10-31 11:34:02.787 26515 26515 E /system/bin/webview_zygote32: failed to make and chown /acct/uid_99220: Permission denied
10-31 11:34:02.787 26515 26515 E Zygote  : createProcessGroup(99220, 0) failed: Permission denied
10-31 11:34:02.800 26476 26500 I chromium: [INFO:child_process_service.cc(69)] ChildProcessService: Exiting child process.
10-31 11:34:02.808 26465 26499 I chromium: [INFO:child_process_service.cc(69)] ChildProcessService: Exiting child process.
10-31 11:34:02.821 26527 26527 E /system/bin/webview_zygote32: failed to make and chown /acct/uid_99221: Permission denied
10-31 11:34:02.821 26527 26527 E Zygote  : createProcessGroup(99221, 0) failed: Permission denied
10-31 11:34:02.821   772 20193 I ActivityManager: Start proc 26527:com.android.chrome:sandboxed_process14/u0i221 for webview_service com.android.chrome/org.chromium.content.app.SandboxedProcessService14
10-31 11:34:02.823 26515 26515 I SamplingProfilerIntegration: Profiling disabled.
10-31 11:34:02.826   772 10894 I ActivityManager: Process com.android.chrome:sandboxed_process11 (pid 26465) has died: vis  TOP 
10-31 11:34:02.826   772 10894 W ActivityManager: Scheduling restart of crashed service com.android.chrome/org.chromium.content.app.SandboxedProcessService11 in 1000ms
10-31 11:34:02.827   772   790 W zygote64: failed to open /acct/uid_99218/pid_26465/cgroup.procs: No such file or directory
10-31 11:34:02.854   772  1327 I ActivityManager: Start proc 26539:com.android.chrome:sandboxed_process15/u0i222 for webview_service com.android.chrome/org.chromium.content.app.SandboxedProcessService15
10-31 11:34:02.859   772  4540 I ActivityManager: Process com.android.chrome:sandboxed_process12 (pid 26476) has died: vis  TOP 
10-31 11:34:02.859   772  4540 W ActivityManager: Scheduling restart of crashed service com.android.chrome/org.chromium.content.app.SandboxedProcessService12 in 10967ms
10-31 11:34:02.859   772   790 W zygote64: failed to open /acct/uid_99219/pid_26476/cgroup.procs: No such file or directory
10-31 11:34:02.863 16024 16024 I MemoryTrimmer: Trimming objects from memory, since app is in the background.
10-31 11:34:02.869 26539 26539 E /system/bin/webview_zygote32: failed to make and chown /acct/uid_99222: Permission denied
10-31 11:34:02.870 26539 26539 E Zygote  : createProcessGroup(99222, 0) failed: Permission denied
10-31 11:34:02.871 26043 26043 W chromium: [WARNING:compositor_view.cc(342)] Child process died (type=6) pid=26465)
10-31 11:34:02.876 26550 26550 E asset   : setgid: Operation not permitted
10-31 11:34:02.881 26043 26043 W chromium: [WARNING:compositor_view.cc(342)] Child process died (type=6) pid=26476)
10-31 11:34:02.894   772  3854 I ActivityManager: Start proc 26561:com.android.chrome:sandboxed_process16/u0i223 for webview_service com.android.chrome/org.chromium.content.app.SandboxedProcessService16
10-31 11:34:02.907 26561 26561 E /system/bin/webview_zygote32: failed to make and chown /acct/uid_99223: Permission denied
10-31 11:34:02.907 26561 26561 E Zygote  : createProcessGroup(99223, 0) failed: Permission denied
10-31 11:34:02.909 26527 26527 I SamplingProfilerIntegration: Profiling disabled.
10-31 11:34:02.916 26539 26539 I SamplingProfilerIntegration: Profiling disabled.
10-31 11:34:02.917   772  1259 I ActivityManager: START u0 {act=android.intent.action.VIEW dat=http://192.168.178.178:5500/... flg=0x10000000 cmp=com.android.chrome/com.google.android.apps.chrome.Main} from uid 2000
10-31 11:34:02.941 26515 26515 I cr_SplitCompatApp: Launched version=106.0.5249.79 minSdkVersion=24 isBundle=true processName=com.android.chrome:sandboxed_process13 isIsolated=true
10-31 11:34:02.951 26515 26515 W SystemServiceRegistry: No service published for: uimode
10-31 11:34:02.952 26561 26561 I SamplingProfilerIntegration: Profiling disabled.
10-31 11:34:02.960 26515 26515 I cr_ChildProcessService: Creating new ChildProcessService pid=26515
10-31 11:34:02.962 26582 26582 E asset   : setgid: Operation not permitted
10-31 11:34:02.966 26581 26581 E asset   : setgid: Operation not permitted
10-31 11:34:02.984 26515 26515 E WebViewFactory: can't load with relro file; address space not reserved
10-31 11:34:02.993 26586 26586 E asset   : setgid: Operation not permitted
10-31 11:34:02.996 26515 26579 I cr_LibraryLoader: Successfully loaded native library
10-31 11:34:02.997 26515 26579 I cr_CachingUmaRecorder: Flushed 3 samples from 3 histograms.
10-31 11:34:03.004 26539 26539 I cr_SplitCompatApp: Launched version=106.0.5249.79 minSdkVersion=24 isBundle=true processName=com.android.chrome:sandboxed_process15 isIsolated=true
10-31 11:34:03.007 26527 26527 I cr_SplitCompatApp: Launched version=106.0.5249.79 minSdkVersion=24 isBundle=true processName=com.android.chrome:sandboxed_process14 isIsolated=true
10-31 11:34:03.012 26539 26539 W SystemServiceRegistry: No service published for: uimode
10-31 11:34:03.012 26527 26527 W SystemServiceRegistry: No service published for: uimode
10-31 11:34:03.022 26539 26539 I cr_ChildProcessService: Creating new ChildProcessService pid=26539
10-31 11:34:03.022 26561 26561 I cr_SplitCompatApp: Launched version=106.0.5249.79 minSdkVersion=24 isBundle=true processName=com.android.chrome:sandboxed_process16 isIsolated=true
10-31 11:34:03.023 26527 26527 I cr_ChildProcessService: Creating new ChildProcessService pid=26527
10-31 11:34:03.025 26043 26043 E cr_IntentUtils: getInt failed on bundle null
10-31 11:34:03.028 26561 26561 W SystemServiceRegistry: No service published for: uimode
10-31 11:34:03.034 26561 26561 I cr_ChildProcessService: Creating new ChildProcessService pid=26561
10-31 11:34:03.037 26527 26527 E WebViewFactory: can't load with relro file; address space not reserved
10-31 11:34:03.038 26043 26043 E ResourceType: Style contains key with bad entry: 0x0101062c
10-31 11:34:03.044 26539 26539 E WebViewFactory: can't load with relro file; address space not reserved
10-31 11:34:03.050 26527 26595 I cr_LibraryLoader: Successfully loaded native library
10-31 11:34:03.050 26527 26595 I cr_CachingUmaRecorder: Flushed 3 samples from 3 histograms.
10-31 11:34:03.052 26561 26561 E WebViewFactory: can't load with relro file; address space not reserved
10-31 11:34:03.061 26539 26596 I cr_LibraryLoader: Successfully loaded native library
10-31 11:34:03.062 26539 26596 I cr_CachingUmaRecorder: Flushed 3 samples from 3 histograms.
10-31 11:34:03.068 26561 26597 I cr_LibraryLoader: Successfully loaded native library
10-31 11:34:03.069 26561 26597 I cr_CachingUmaRecorder: Flushed 3 samples from 3 histograms.
10-31 11:34:03.076 26605 26605 E /system/bin/webview_zygote32: failed to make and chown /acct/uid_99224: Permission denied
10-31 11:34:03.076 26605 26605 E Zygote  : createProcessGroup(99224, 0) failed: Permission denied
10-31 11:34:03.077   772  4540 I ActivityManager: Start proc 26605:com.android.chrome:sandboxed_process17/u0i224 for webview_service com.android.chrome/org.chromium.content.app.SandboxedProcessService17
10-31 11:34:03.095 26043 26043 I cr_tabmodel: Appending tabs being restored to metadata lists, 0, startingNormalCount: 2, startingIncognitoCount: 0
10-31 11:34:03.095 26043 26043 I cr_tabmodel: Serializing tab lists; counts: 2, 0
10-31 11:34:03.104 26605 26605 I SamplingProfilerIntegration: Profiling disabled.
10-31 11:34:03.135 26641 26641 E asset   : setgid: Operation not permitted
10-31 11:34:03.143 26043 26043 I cr_OfflineDetector: Running updateState mConnectivityDetectorInitialized: true, mTimeWhenLastForegrounded: 1088497309, getElapsedTime: 1088497309, mTimeWhenLastOfflineNotificationReceived: 0, mTimeWhenLastOnline: 1088496277, mApplicationState: 1, mIsOfflineLastReportedByConnectivityDetector: false, mIsEffectivelyOffline: false
10-31 11:34:03.143 26043 26043 I cr_OfflineDetector: updateState(): timeSinceLastForeground: 0, timeSinceOfflineNotificationReceived: 1088497309, timeSinceLastOnline: 1032, timeNeededForForeground: 2000, timeNeededForOffline: -1088495309
10-31 11:34:03.177 26605 26605 I cr_SplitCompatApp: Launched version=106.0.5249.79 minSdkVersion=24 isBundle=true processName=com.android.chrome:sandboxed_process17 isIsolated=true
10-31 11:34:03.184 26605 26605 W SystemServiceRegistry: No service published for: uimode
10-31 11:34:03.191 26515 26579 I chromium: [INFO:child_process_service.cc(69)] ChildProcessService: Exiting child process.
10-31 11:34:03.193   422   422 E lowmemorykiller: Error writing /proc/26515/oom_score_adj; errno=22
10-31 11:34:03.194   772  3854 I ActivityManager: Killing 26515:com.android.chrome:sandboxed_process13/u0a60i220 (adj 0): isolated not needed
10-31 11:34:03.195   772   790 W zygote64: failed to open /acct/uid_99220/pid_26515/cgroup.procs: No such file or directory
10-31 11:34:03.200 26605 26605 I cr_ChildProcessService: Creating new ChildProcessService pid=26605
10-31 11:34:03.209 26527 26595 I chromium: [INFO:child_process_service.cc(69)] ChildProcessService: Exiting child process.
10-31 11:34:03.211 26539 26596 I chromium: [INFO:child_process_service.cc(69)] ChildProcessService: Exiting child process.
10-31 11:34:03.212   422   422 E lowmemorykiller: Error writing /proc/26527/oom_score_adj; errno=22
10-31 11:34:03.213   772 13071 I ActivityManager: Killing 26527:com.android.chrome:sandboxed_process14/u0a60i221 (adj 0): isolated not needed
10-31 11:34:03.217 26561 26597 I chromium: [INFO:child_process_service.cc(69)] ChildProcessService: Exiting child process.
10-31 11:34:03.219 26605 26605 E WebViewFactory: can't load with relro file; address space not reserved
10-31 11:34:03.221   772   790 W zygote64: failed to open /acct/uid_99221/pid_26527/cgroup.procs: No such file or directory
10-31 11:34:03.222 26043 26043 W ResourceType: Failure getting entry for 0x7f010216 (t=0 e=534) (error -75)
10-31 11:34:03.224 26043 26043 W ResourceType: Failure getting entry for 0x7f0107c9 (t=0 e=1993) (error -75)
10-31 11:34:03.229   772  2970 I ActivityManager: Start proc 26648:com.android.chrome:sandboxed_process18/u0i225 for webview_service com.android.chrome/org.chromium.content.app.SandboxedProcessService18
10-31 11:34:03.229 26648 26648 E /system/bin/webview_zygote32: failed to make and chown /acct/uid_99225: Permission denied
10-31 11:34:03.229 26648 26648 E Zygote  : createProcessGroup(99225, 0) failed: Permission denied
10-31 11:34:03.234 26605 26645 I cr_LibraryLoader: Successfully loaded native library
10-31 11:34:03.236 26605 26645 I cr_CachingUmaRecorder: Flushed 3 samples from 3 histograms.
10-31 11:34:03.245   772   781 I zygote64: Background concurrent copying GC freed 39040(2MB) AllocSpace objects, 66(1528KB) LOS objects, 42% free, 17MB/29MB, paused 220us total 142.526ms
10-31 11:34:03.259 26648 26648 I SamplingProfilerIntegration: Profiling disabled.
10-31 11:34:03.261 26043 26043 W chromium: [WARNING:compositor_view.cc(342)] Child process died (type=6) pid=26527)
10-31 11:34:03.261 26043 26043 W chromium: [WARNING:compositor_view.cc(342)] Child process died (type=6) pid=26515)
10-31 11:34:03.262 26043 26043 W chromium: [WARNING:compositor_view.cc(342)] Child process died (type=6) pid=26539)
10-31 11:34:03.286   772 13071 I ActivityManager: Start proc 26667:com.android.chrome:sandboxed_process19/u0i226 for webview_service com.android.chrome/org.chromium.content.app.SandboxedProcessService19
10-31 11:34:03.287   772 20193 I ActivityManager: Process com.android.chrome:sandboxed_process15 (pid 26539) has died: vis  TOP 
10-31 11:34:03.287   772   790 W zygote64: failed to open /acct/uid_99222/pid_26539/cgroup.procs: No such file or directory
10-31 11:34:03.287   772 20193 W ActivityManager: Scheduling restart of crashed service com.android.chrome/org.chromium.content.app.SandboxedProcessService15 in 1000ms
10-31 11:34:03.291 26667 26667 E /system/bin/webview_zygote32: failed to make and chown /acct/uid_99226: Permission denied
10-31 11:34:03.291 26667 26667 E Zygote  : createProcessGroup(99226, 0) failed: Permission denied
10-31 11:34:03.314 26674 26674 E asset   : setgid: Operation not permitted
10-31 11:34:03.314   772  3041 I ActivityManager: Start proc 26673:com.android.chrome:sandboxed_process20/u0i227 for webview_service com.android.chrome/org.chromium.content.app.SandboxedProcessService20
10-31 11:34:03.315   772  1324 I ActivityManager: Process com.android.chrome:sandboxed_process16 (pid 26561) has died: vis  TOP 
10-31 11:34:03.315   772  1324 W ActivityManager: Scheduling restart of crashed service com.android.chrome/org.chromium.content.app.SandboxedProcessService16 in 10972ms
10-31 11:34:03.315   772   790 W zygote64: failed to open /acct/uid_99223/pid_26561/cgroup.procs: No such file or directory
10-31 11:34:03.323 26673 26673 E /system/bin/webview_zygote32: failed to make and chown /acct/uid_99227: Permission denied
10-31 11:34:03.323 26673 26673 E Zygote  : createProcessGroup(99227, 0) failed: Permission denied
10-31 11:34:03.324 26043 26043 W chromium: [WARNING:compositor_view.cc(342)] Child process died (type=6) pid=26561)
10-31 11:34:03.329 26667 26667 I SamplingProfilerIntegration: Profiling disabled.
10-31 11:34:03.363 26673 26673 I SamplingProfilerIntegration: Profiling disabled.
10-31 11:34:03.369 26648 26648 I cr_SplitCompatApp: Launched version=106.0.5249.79 minSdkVersion=24 isBundle=true processName=com.android.chrome:sandboxed_process18 isIsolated=true
10-31 11:34:03.375 26694 26694 E asset   : setgid: Operation not permitted
10-31 11:34:03.383 26648 26648 W SystemServiceRegistry: No service published for: uimode
10-31 11:34:03.411 26648 26648 I cr_ChildProcessService: Creating new ChildProcessService pid=26648
10-31 11:34:03.414 26702 26702 E asset   : setgid: Operation not permitted
10-31 11:34:03.419   772  3037 I ActivityManager: Start proc 26703:com.android.chrome:sandboxed_process21/u0i228 for webview_service com.android.chrome/org.chromium.content.app.SandboxedProcessService21
10-31 11:34:03.427 26703 26703 E /system/bin/webview_zygote32: failed to make and chown /acct/uid_99228: Permission denied
10-31 11:34:03.427 26703 26703 E Zygote  : createProcessGroup(99228, 0) failed: Permission denied
10-31 11:34:03.431 26648 26648 E WebViewFactory: can't load with relro file; address space not reserved
10-31 11:34:03.434 26667 26667 I cr_SplitCompatApp: Launched version=106.0.5249.79 minSdkVersion=24 isBundle=true processName=com.android.chrome:sandboxed_process19 isIsolated=true
10-31 11:34:03.445 26648 26701 I cr_LibraryLoader: Successfully loaded native library
10-31 11:34:03.446 26667 26667 W SystemServiceRegistry: No service published for: uimode
10-31 11:34:03.446 26648 26701 I cr_CachingUmaRecorder: Flushed 3 samples from 3 histograms.
10-31 11:34:03.458   772  3854 W AppOps  : Bad call: specified package com.google.android.gms under uid 10045 but it is really 10020
10-31 11:34:03.458   772  3854 W AppOps  : java.lang.RuntimeException: here
10-31 11:34:03.458   772  3854 W AppOps  : 	at com.android.server.AppOpsService.getOpsRawLocked(AppOpsService.java:1319)
10-31 11:34:03.458   772  3854 W AppOps  : 	at com.android.server.AppOpsService.checkPackage(AppOpsService.java:1038)
10-31 11:34:03.458   772  3854 W AppOps  : 	at com.android.internal.app.IAppOpsService$Stub.onTransact(IAppOpsService.java:169)
10-31 11:34:03.458   772  3854 W AppOps  : 	at android.os.Binder.execTransact(Binder.java:674)
10-31 11:34:03.459 26043 26085 I cr_BindingManager: Moderate binding enabled: maxSize=40
10-31 11:34:03.463 26043 26113 W cr_CrashFileManager: /data/user/0/com.android.chrome/cache/Crash Reports does not exist or is not a directory
10-31 11:34:03.463 26043 26113 I chatty  : uid=10060(u0_a60) identical 1 line
10-31 11:34:03.463 26043 26113 W cr_CrashFileManager: /data/user/0/com.android.chrome/cache/Crash Reports does not exist or is not a directory
10-31 11:34:03.469   772  1327 W AppOps  : Bad call: specified package com.google.android.gms under uid 10045 but it is really 10020
10-31 11:34:03.469   772  1327 W AppOps  : java.lang.RuntimeException: here
10-31 11:34:03.469   772  1327 W AppOps  : 	at com.android.server.AppOpsService.getOpsRawLocked(AppOpsService.java:1319)
10-31 11:34:03.469   772  1327 W AppOps  : 	at com.android.server.AppOpsService.checkPackage(AppOpsService.java:1038)
10-31 11:34:03.469   772  1327 W AppOps  : 	at com.android.internal.app.IAppOpsService$Stub.onTransact(IAppOpsService.java:169)
10-31 11:34:03.469   772  1327 W AppOps  : 	at android.os.Binder.execTransact(Binder.java:674)
10-31 11:34:03.472 26703 26703 I SamplingProfilerIntegration: Profiling disabled.
10-31 11:34:03.479 16024 16024 I MemoryTrimmer: Trimming objects from memory, since app is in the background.
10-31 11:34:03.490 26667 26667 I cr_ChildProcessService: Creating new ChildProcessService pid=26667
10-31 11:34:03.496 26648 26701 I chromium: [INFO:child_process_service.cc(69)] ChildProcessService: Exiting child process.
10-31 11:34:03.504   422   422 E lowmemorykiller: Error writing /proc/26648/oom_score_adj; errno=22
10-31 11:34:03.504   772  1324 I ActivityManager: Killing 26648:com.android.chrome:sandboxed_process18/u0a60i225 (adj 0): isolated not needed
10-31 11:34:03.504   772   790 W zygote64: failed to open /acct/uid_99225/pid_26648/cgroup.procs: No such file or directory
10-31 11:34:03.508 26667 26726 E WebViewFactory: can't load with relro file; address space not reserved
10-31 11:34:03.519 26673 26673 I cr_SplitCompatApp: Launched version=106.0.5249.79 minSdkVersion=24 isBundle=true processName=com.android.chrome:sandboxed_process20 isIsolated=true
10-31 11:34:03.522 26727 26727 E asset   : setgid: Operation not permitted
10-31 11:34:03.523 26667 26726 I cr_LibraryLoader: Successfully loaded native library
10-31 11:34:03.524 26667 26726 I cr_CachingUmaRecorder: Flushed 3 samples from 3 histograms.
10-31 11:34:03.529 26673 26673 W SystemServiceRegistry: No service published for: uimode
10-31 11:34:03.554 26673 26673 I cr_ChildProcessService: Creating new ChildProcessService pid=26673
10-31 11:34:03.565 26043 26043 W chromium: [WARNING:compositor_view.cc(342)] Child process died (type=6) pid=26648)
10-31 11:34:03.574 26673 26673 E WebViewFactory: can't load with relro file; address space not reserved
10-31 11:34:03.603 26673 26733 I cr_LibraryLoader: Successfully loaded native library
10-31 11:34:03.606 26673 26733 I cr_CachingUmaRecorder: Flushed 3 samples from 3 histograms.
10-31 11:34:03.607 26703 26703 I cr_SplitCompatApp: Launched version=106.0.5249.79 minSdkVersion=24 isBundle=true processName=com.android.chrome:sandboxed_process21 isIsolated=true
10-31 11:34:03.622 26703 26703 W SystemServiceRegistry: No service published for: uimode
10-31 11:34:03.648 26667 26726 I chromium: [INFO:child_process_service.cc(69)] ChildProcessService: Exiting child process.
10-31 11:34:03.649 26703 26703 I cr_ChildProcessService: Creating new ChildProcessService pid=26703
10-31 11:34:03.650   422   422 E lowmemorykiller: Error writing /proc/26667/oom_score_adj; errno=22
10-31 11:34:03.650   772 13021 I ActivityManager: Killing 26667:com.android.chrome:sandboxed_process19/u0a60i226 (adj 0): isolated not needed
10-31 11:34:03.650   772   790 W zygote64: failed to open /acct/uid_99226/pid_26667/cgroup.procs: No such file or directory
10-31 11:34:03.685 26703 26703 E WebViewFactory: can't load with relro file; address space not reserved
10-31 11:34:03.699 26673 26733 I chromium: [INFO:child_process_service.cc(69)] ChildProcessService: Exiting child process.
10-31 11:34:03.701   422   422 E lowmemorykiller: Error writing /proc/26673/oom_score_adj; errno=22
10-31 11:34:03.701   772  2970 I ActivityManager: Killing 26673:com.android.chrome:sandboxed_process20/u0a60i227 (adj 0): isolated not needed
10-31 11:34:03.702   772   790 W zygote64: failed to open /acct/uid_99227/pid_26673/cgroup.procs: No such file or directory
10-31 11:34:03.707 26703 26739 I cr_LibraryLoader: Successfully loaded native library
10-31 11:34:03.708 26703 26739 I cr_CachingUmaRecorder: Flushed 3 samples from 3 histograms.
10-31 11:34:03.739 26043 26043 W chromium: [WARNING:compositor_view.cc(342)] Child process died (type=6) pid=26673)
10-31 11:34:03.747 26703 26739 I chromium: [INFO:child_process_service.cc(69)] ChildProcessService: Exiting child process.
10-31 11:34:03.752   422   422 E lowmemorykiller: Error writing /proc/26703/oom_score_adj; errno=22
10-31 11:34:03.752   772 10893 I ActivityManager: Killing 26703:com.android.chrome:sandboxed_process21/u0a60i228 (adj 0): isolated not needed
10-31 11:34:03.753   772   790 W zygote64: failed to open /acct/uid_99228/pid_26703/cgroup.procs: No such file or directory
10-31 11:34:03.766 26043 26043 W chromium: [WARNING:compositor_view.cc(342)] Child process died (type=6) pid=26703)
10-31 11:34:03.790 26043 26043 W chromium: [WARNING:compositor_view.cc(342)] Child process died (type=6) pid=26667)
10-31 11:34:04.208 26117 26130 I vndksupport: sphal namespace is not configured for this process. Loading libutils.so from the current namespace instead.
10-31 11:34:04.208 26043 26055 I vndksupport: sphal namespace is not configured for this process. Loading libutils.so from the current namespace instead.
10-31 11:34:04.208 26605 26637 I vndksupport: sphal namespace is not configured for this process. Loading libutils.so from the current namespace instead.
10-31 11:34:04.209 26087 26098 I vndksupport: sphal namespace is not configured for this process. Loading libutils.so from the current namespace instead.
10-31 11:34:04.215   556  7524 E Parcel  : Reading a NULL string not supported here.
10-31 11:34:04.215   556  7524 W Parcel  : **** enforceInterface() expected 'IAAudioService' but read ''
10-31 11:34:04.216   360   360 E SELinux : avc:  denied  { find } for service=android.service.gatekeeper.IGateKeeperService pid=26757 uid=2000 scontext=u:r:shell:s0 tcontext=u:object_r:gatekeeper_service:s0 tclass=service_manager
10-31 11:34:04.216   360   360 E SELinux : avc:  denied  { find } for service=netd pid=26757 uid=2000 scontext=u:r:shell:s0 tcontext=u:object_r:netd_service:s0 tclass=service_manager
10-31 11:34:04.217 26757 26757 W atrace  : type=1400 audit(0.0:13814): avc: denied { call } for scontext=u:r:shell:s0 tcontext=u:r:wificond:s0 tclass=binder permissive=0
10-31 11:34:04.221   360   360 E SELinux : avc:  denied  { find } for service=installd pid=26757 uid=2000 scontext=u:r:shell:s0 tcontext=u:object_r:installd_service:s0 tclass=service_manager
10-31 11:34:04.225   361   361 E SELinux : avc:  denied  { find } for interface=android.frameworks.displayservice::IDisplayService pid=26757 scontext=u:r:shell:s0 tcontext=u:object_r:fwk_display_hwservice:s0 tclass=hwservice_manager
10-31 11:34:04.226   361   361 E SELinux : avc:  denied  { find } for interface=android.frameworks.schedulerservice::ISchedulingPolicyService pid=26757 scontext=u:r:shell:s0 tcontext=u:object_r:fwk_scheduler_hwservice:s0 tclass=hwservice_manager
10-31 11:34:04.226   361   361 E SELinux : avc:  denied  { find } for interface=android.frameworks.sensorservice::ISensorManager pid=26757 scontext=u:r:shell:s0 tcontext=u:object_r:fwk_sensor_hwservice:s0 tclass=hwservice_manager
10-31 11:34:04.227   361   361 E SELinux : avc:  denied  { find } for interface=android.hardware.biometrics.fingerprint::IBiometricsFingerprint pid=26757 scontext=u:r:shell:s0 tcontext=u:object_r:hal_fingerprint_hwservice:s0 tclass=hwservice_manager
10-31 11:34:04.228   361   361 E SELinux : avc:  denied  { find } for interface=android.hardware.dumpstate::IDumpstateDevice pid=26757 scontext=u:r:shell:s0 tcontext=u:object_r:hal_dumpstate_hwservice:s0 tclass=hwservice_manager
10-31 11:34:04.228   361   361 E SELinux : avc:  denied  { find } for interface=android.hardware.radio.deprecated::IOemHook pid=26757 scontext=u:r:shell:s0 tcontext=u:object_r:hal_telephony_hwservice:s0 tclass=hwservice_manager
10-31 11:34:04.229   361   361 E SELinux : avc:  denied  { find } for interface=android.hardware.radio::IRadio pid=26757 scontext=u:r:shell:s0 tcontext=u:object_r:hal_telephony_hwservice:s0 tclass=hwservice_manager
10-31 11:34:04.229   361   361 E SELinux : avc:  denied  { find } for interface=android.hardware.radio::ISap pid=26757 scontext=u:r:shell:s0 tcontext=u:object_r:hal_telephony_hwservice:s0 tclass=hwservice_manager
10-31 11:34:04.229   361   361 E SELinux : avc:  denied  { find } for interface=android.hardware.usb::IUsb pid=26757 scontext=u:r:shell:s0 tcontext=u:object_r:hal_usb_hwservice:s0 tclass=hwservice_manager
10-31 11:34:04.230   361   361 E SELinux : avc:  denied  { find } for interface=android.hardware.wifi.supplicant::ISupplicant pid=26757 scontext=u:r:shell:s0 tcontext=u:object_r:hal_wifi_supplicant_hwservice:s0 tclass=hwservice_manager
10-31 11:34:04.230   361   361 E SELinux : avc:  denied  { find } for interface=android.hardware.wifi::IWifi pid=26757 scontext=u:r:shell:s0 tcontext=u:object_r:hal_wifi_hwservice:s0 tclass=hwservice_manager
10-31 11:34:04.231   361   361 E SELinux : avc:  denied  { find } for interface=android.hidl.base::IBase pid=26757 scontext=u:r:shell:s0 tcontext=u:object_r:hidl_base_hwservice:s0 tclass=hwservice_manager
10-31 11:34:04.232   361   361 I chatty  : uid=1000(system) hwservicemanage identical 1 line
10-31 11:34:04.232   361   361 E SELinux : avc:  denied  { find } for interface=android.hidl.base::IBase pid=26757 scontext=u:r:shell:s0 tcontext=u:object_r:hidl_base_hwservice:s0 tclass=hwservice_manager
10-31 11:34:04.233   361   361 E SELinux : avc:  denied  { find } for interface=android.system.wifi.keystore::IKeystore pid=26757 scontext=u:r:shell:s0 tcontext=u:object_r:system_wifi_keystore_hwservice:s0 tclass=hwservice_manager
10-31 11:34:04.672 26043 26043 W chromium: [WARNING:controller_impl.cc(1190)] Background download complete, client: 6, completion type: 0, file size:16643
10-31 11:34:04.702 26761 26761 E /system/bin/webview_zygote32: failed to make and chown /acct/uid_99229: Permission denied
10-31 11:34:04.702 26761 26761 E Zygote  : createProcessGroup(99229, 0) failed: Permission denied
10-31 11:34:04.703   772   784 I ActivityManager: Start proc 26761:com.android.chrome:sandboxed_process22/u0i229 for webview_service com.android.chrome/org.chromium.content.app.SandboxedProcessService22
10-31 11:34:04.723 26761 26761 I SamplingProfilerIntegration: Profiling disabled.
10-31 11:34:04.742 26043 26043 W chromium: [WARNING:controller_impl.cc(1190)] Background download complete, client: 6, completion type: 0, file size:18160
10-31 11:34:04.747 26774 26774 E asset   : setgid: Operation not permitted
10-31 11:34:04.770   772 20193 I ActivityManager: Start proc 26775:com.android.chrome:sandboxed_process23/u0i230 for webview_service com.android.chrome/org.chromium.content.app.SandboxedProcessService23
10-31 11:34:04.771 26775 26775 E /system/bin/webview_zygote32: failed to make and chown /acct/uid_99230: Permission denied
10-31 11:34:04.772 26775 26775 E Zygote  : createProcessGroup(99230, 0) failed: Permission denied
10-31 11:34:04.781 26761 26761 I cr_SplitCompatApp: Launched version=106.0.5249.79 minSdkVersion=24 isBundle=true processName=com.android.chrome:sandboxed_process22 isIsolated=true
10-31 11:34:04.786 26761 26761 W SystemServiceRegistry: No service published for: uimode
10-31 11:34:04.791 26775 26775 I SamplingProfilerIntegration: Profiling disabled.
10-31 11:34:04.793 26761 26761 I cr_ChildProcessService: Creating new ChildProcessService pid=26761
10-31 11:34:04.803 26761 26761 E WebViewFactory: can't load with relro file; address space not reserved
10-31 11:34:04.814 26789 26789 E asset   : setgid: Operation not permitted
10-31 11:34:04.816 26761 26788 I cr_LibraryLoader: Successfully loaded native library
10-31 11:34:04.818 26761 26788 I cr_CachingUmaRecorder: Flushed 3 samples from 3 histograms.
10-31 11:34:04.829 26043 26043 W chromium: [WARNING:controller_impl.cc(1190)] Background download complete, client: 6, completion type: 0, file size:15859
10-31 11:34:04.862   772   784 I ActivityManager: Start proc 26795:com.android.chrome:sandboxed_process24/u0i231 for webview_service com.android.chrome/org.chromium.content.app.SandboxedProcessService24
10-31 11:34:04.864 26775 26775 I cr_SplitCompatApp: Launched version=106.0.5249.79 minSdkVersion=24 isBundle=true processName=com.android.chrome:sandboxed_process23 isIsolated=true
10-31 11:34:04.867 26795 26795 E /system/bin/webview_zygote32: failed to make and chown /acct/uid_99231: Permission denied
10-31 11:34:04.867 26795 26795 E Zygote  : createProcessGroup(99231, 0) failed: Permission denied
10-31 11:34:04.871 26775 26775 W SystemServiceRegistry: No service published for: uimode
10-31 11:34:04.874 26793 26793 W ThreadPoolForeg: type=1400 audit(0.0:13815): avc: denied { setattr } for name="model-info.pb" dev="dm-2" ino=1504780 scontext=u:r:isolated_app:s0:c512,c768 tcontext=u:object_r:app_data_file:s0:c512,c768 tclass=file permissive=0
10-31 11:34:04.877 26793 26793 W ThreadPoolForeg: type=1400 audit(0.0:13816): avc: denied { setattr } for name="model.tflite" dev="dm-2" ino=1504781 scontext=u:r:isolated_app:s0:c512,c768 tcontext=u:object_r:app_data_file:s0:c512,c768 tclass=file permissive=0
10-31 11:34:04.880 26775 26775 I cr_ChildProcessService: Creating new ChildProcessService pid=26775
10-31 11:34:04.885 26761 26788 I chromium: [INFO:child_process_service.cc(69)] ChildProcessService: Exiting child process.
10-31 11:34:04.886 26775 26775 E WebViewFactory: can't load with relro file; address space not reserved
10-31 11:34:04.895   422   422 E lowmemorykiller: Error writing /proc/26761/oom_score_adj; errno=22
10-31 11:34:04.896   772   785 I ActivityManager: Killing 26761:com.android.chrome:sandboxed_process22/u0a60i229 (adj 0): isolated not needed
10-31 11:34:04.897   772   790 W zygote64: failed to open /acct/uid_99229/pid_26761/cgroup.procs: No such file or directory
10-31 11:34:04.905 26043 26043 W chromium: [WARNING:compositor_view.cc(342)] Child process died (type=6) pid=26761)
10-31 11:34:04.909 26795 26795 I SamplingProfilerIntegration: Profiling disabled.
10-31 11:34:04.913 26775 26804 I cr_LibraryLoader: Successfully loaded native library
10-31 11:34:04.915 26775 26804 I cr_CachingUmaRecorder: Flushed 3 samples from 3 histograms.
10-31 11:34:04.916 26043 26043 W chromium: [WARNING:controller_impl.cc(1190)] Background download complete, client: 6, completion type: 0, file size:4951
10-31 11:34:04.950 26815 26815 E asset   : setgid: Operation not permitted
10-31 11:34:04.954   772 10893 I ActivityManager: Start proc 26811:com.android.chrome:sandboxed_process25/u0i232 for webview_service com.android.chrome/org.chromium.content.app.SandboxedProcessService25
10-31 11:34:04.958 26811 26811 E /system/bin/webview_zygote32: failed to make and chown /acct/uid_99232: Permission denied
10-31 11:34:04.958 26811 26811 E Zygote  : createProcessGroup(99232, 0) failed: Permission denied
10-31 11:34:04.964 26814 26814 W ThreadPoolForeg: type=1400 audit(0.0:13817): avc: denied { setattr } for name="model-info.pb" dev="dm-2" ino=1504780 scontext=u:r:isolated_app:s0:c512,c768 tcontext=u:object_r:app_data_file:s0:c512,c768 tclass=file permissive=0
10-31 11:34:04.967 26814 26814 W ThreadPoolForeg: type=1400 audit(0.0:13818): avc: denied { setattr } for name="model.tflite" dev="dm-2" ino=1504784 scontext=u:r:isolated_app:s0:c512,c768 tcontext=u:object_r:app_data_file:s0:c512,c768 tclass=file permissive=0
10-31 11:34:04.974   772 32228 I ActivityManager: Killing 26775:com.android.chrome:sandboxed_process23/u0a60i230 (adj 0): isolated not needed
10-31 11:34:04.975   772   790 W zygote64: failed to open /acct/uid_99230/pid_26775/cgroup.procs: No such file or directory
10-31 11:34:04.976 26795 26795 I cr_SplitCompatApp: Launched version=106.0.5249.79 minSdkVersion=24 isBundle=true processName=com.android.chrome:sandboxed_process24 isIsolated=true
10-31 11:34:04.980 26795 26795 W SystemServiceRegistry: No service published for: uimode
10-31 11:34:04.986 26795 26795 I cr_ChildProcessService: Creating new ChildProcessService pid=26795
10-31 11:34:04.989 26811 26811 I SamplingProfilerIntegration: Profiling disabled.
10-31 11:34:04.991 26795 26795 E WebViewFactory: can't load with relro file; address space not reserved
10-31 11:34:05.007 26795 26830 I cr_LibraryLoader: Successfully loaded native library
10-31 11:34:05.008 26795 26830 I cr_CachingUmaRecorder: Flushed 3 samples from 3 histograms.
10-31 11:34:05.015 26043 26043 W chromium: [WARNING:controller_impl.cc(1190)] Background download complete, client: 6, completion type: 0, file size:2759
10-31 11:34:05.016 26831 26831 E asset   : setgid: Operation not permitted
10-31 11:34:05.046 26043 26043 W chromium: [WARNING:compositor_view.cc(342)] Child process died (type=6) pid=26775)
10-31 11:34:05.052 26838 26838 E /system/bin/webview_zygote32: failed to make and chown /acct/uid_99233: Permission denied
10-31 11:34:05.052 26838 26838 E Zygote  : createProcessGroup(99233, 0) failed: Permission denied
10-31 11:34:05.058   772 10894 I ActivityManager: Start proc 26838:com.android.chrome:sandboxed_process26/u0i233 for webview_service com.android.chrome/org.chromium.content.app.SandboxedProcessService26
10-31 11:34:05.061 26834 26834 W ThreadPoolForeg: type=1400 audit(0.0:13819): avc: denied { setattr } for name="model-info.pb" dev="dm-2" ino=1504787 scontext=u:r:isolated_app:s0:c512,c768 tcontext=u:object_r:app_data_file:s0:c512,c768 tclass=file permissive=0
10-31 11:34:05.064 26834 26834 W ThreadPoolForeg: type=1400 audit(0.0:13820): avc: denied { setattr } for name="model.tflite" dev="dm-2" ino=1504788 scontext=u:r:isolated_app:s0:c512,c768 tcontext=u:object_r:app_data_file:s0:c512,c768 tclass=file permissive=0
10-31 11:34:05.071 26795 26830 I chromium: [INFO:child_process_service.cc(69)] ChildProcessService: Exiting child process.
10-31 11:34:05.086   422   422 E lowmemorykiller: Error writing /proc/26795/oom_score_adj; errno=22
10-31 11:34:05.087   772   996 I ActivityManager: Killing 26795:com.android.chrome:sandboxed_process24/u0a60i231 (adj 0): isolated not needed
10-31 11:34:05.088   772   790 W zygote64: failed to open /acct/uid_99231/pid_26795/cgroup.procs: No such file or directory
10-31 11:34:05.089 26811 26811 I cr_SplitCompatApp: Launched version=106.0.5249.79 minSdkVersion=24 isBundle=true processName=com.android.chrome:sandboxed_process25 isIsolated=true
10-31 11:34:05.090 26043 26043 W chromium: [WARNING:compositor_view.cc(342)] Child process died (type=6) pid=26795)
10-31 11:34:05.098 26838 26838 I SamplingProfilerIntegration: Profiling disabled.
10-31 11:34:05.098 26811 26811 W SystemServiceRegistry: No service published for: uimode
10-31 11:34:05.110 26811 26811 I cr_ChildProcessService: Creating new ChildProcessService pid=26811
10-31 11:34:05.117 26811 26811 E WebViewFactory: can't load with relro file; address space not reserved
10-31 11:34:05.121 26852 26852 E asset   : setgid: Operation not permitted
10-31 11:34:05.137 26811 26851 I cr_LibraryLoader: Successfully loaded native library
10-31 11:34:05.141 26043 26043 W chromium: [WARNING:controller_impl.cc(1190)] Background download complete, client: 6, completion type: 0, file size:116031
10-31 11:34:05.145 26811 26851 I cr_CachingUmaRecorder: Flushed 3 samples from 3 histograms.
10-31 11:34:05.170 26838 26838 I cr_SplitCompatApp: Launched version=106.0.5249.79 minSdkVersion=24 isBundle=true processName=com.android.chrome:sandboxed_process26 isIsolated=true
10-31 11:34:05.176 26838 26838 W SystemServiceRegistry: No service published for: uimode
10-31 11:34:05.177 26855 26855 W ThreadPoolForeg: type=1400 audit(0.0:13821): avc: denied { setattr } for name="model-info.pb" dev="dm-2" ino=1504797 scontext=u:r:isolated_app:s0:c512,c768 tcontext=u:object_r:app_data_file:s0:c512,c768 tclass=file permissive=0
10-31 11:34:05.179   772   784 I ActivityManager: Start proc 26860:com.android.chrome:sandboxed_process27/u0i234 for webview_service com.android.chrome/org.chromium.content.app.SandboxedProcessService27
10-31 11:34:05.181 26855 26855 W ThreadPoolForeg: type=1400 audit(0.0:13822): avc: denied { setattr } for name="model.tflite" dev="dm-2" ino=1504798 scontext=u:r:isolated_app:s0:c512,c768 tcontext=u:object_r:app_data_file:s0:c512,c768 tclass=file permissive=0
10-31 11:34:05.187 26811 26851 I chromium: [INFO:child_process_service.cc(69)] ChildProcessService: Exiting child process.
10-31 11:34:05.192   422   422 E lowmemorykiller: Error writing /proc/26811/oom_score_adj; errno=22
10-31 11:34:05.193   772   785 I ActivityManager: Killing 26811:com.android.chrome:sandboxed_process25/u0a60i232 (adj 0): isolated not needed
10-31 11:34:05.193   772   790 W zygote64: failed to open /acct/uid_99232/pid_26811/cgroup.procs: No such file or directory
10-31 11:34:05.194 26838 26838 I cr_ChildProcessService: Creating new ChildProcessService pid=26838
10-31 11:34:05.196 26860 26860 E /system/bin/webview_zygote32: failed to make and chown /acct/uid_99234: Permission denied
10-31 11:34:05.196 26860 26860 E Zygote  : createProcessGroup(99234, 0) failed: Permission denied
10-31 11:34:05.209   772   781 I zygote64: Background concurrent copying GC freed 97195(6MB) AllocSpace objects, 225(7MB) LOS objects, 42% free, 17MB/31MB, paused 347us total 114.240ms
10-31 11:34:05.210 26043 26043 W chromium: [WARNING:compositor_view.cc(342)] Child process died (type=6) pid=26811)
10-31 11:34:05.218 26838 26838 E WebViewFactory: can't load with relro file; address space not reserved
10-31 11:34:05.221 26860 26860 I SamplingProfilerIntegration: Profiling disabled.
10-31 11:34:05.236 26838 26868 I cr_LibraryLoader: Successfully loaded native library
10-31 11:34:05.237 26838 26868 I cr_CachingUmaRecorder: Flushed 3 samples from 3 histograms.
10-31 11:34:05.243 26874 26874 E asset   : setgid: Operation not permitted
10-31 11:34:05.254 26878 26878 W ThreadPoolForeg: type=1400 audit(0.0:13823): avc: denied { setattr } for name="model-info.pb" dev="dm-2" ino=1504802 scontext=u:r:isolated_app:s0:c512,c768 tcontext=u:object_r:app_data_file:s0:c512,c768 tclass=file permissive=0
10-31 11:34:05.254 26878 26878 W ThreadPoolForeg: type=1400 audit(0.0:13824): avc: denied { setattr } for name="model.tflite" dev="dm-2" ino=1504804 scontext=u:r:isolated_app:s0:c512,c768 tcontext=u:object_r:app_data_file:s0:c512,c768 tclass=file permissive=0
10-31 11:34:05.264 26838 26868 I chromium: [INFO:child_process_service.cc(69)] ChildProcessService: Exiting child process.
10-31 11:34:05.266   422   422 E lowmemorykiller: Error writing /proc/26838/oom_score_adj; errno=22
10-31 11:34:05.267   772  3037 I ActivityManager: Killing 26838:com.android.chrome:sandboxed_process26/u0a60i233 (adj 0): isolated not needed
10-31 11:34:05.270   772   790 W zygote64: failed to open /acct/uid_99233/pid_26838/cgroup.procs: No such file or directory
10-31 11:34:05.280 26860 26860 I cr_SplitCompatApp: Launched version=106.0.5249.79 minSdkVersion=24 isBundle=true processName=com.android.chrome:sandboxed_process27 isIsolated=true
10-31 11:34:05.284 26043 26043 W chromium: [WARNING:compositor_view.cc(342)] Child process died (type=6) pid=26838)
10-31 11:34:05.291 26860 26860 W SystemServiceRegistry: No service published for: uimode
10-31 11:34:05.298 26860 26860 I cr_ChildProcessService: Creating new ChildProcessService pid=26860
10-31 11:34:05.306 26860 26860 E WebViewFactory: can't load with relro file; address space not reserved
10-31 11:34:05.308 26043 26043 W chromium: [WARNING:controller_impl.cc(1190)] Background download complete, client: 6, completion type: 0, file size:9419
10-31 11:34:05.323 26860 26882 I cr_LibraryLoader: Successfully loaded native library
10-31 11:34:05.324 26860 26882 I cr_CachingUmaRecorder: Flushed 3 samples from 3 histograms.
10-31 11:34:05.330 26883 26883 E /system/bin/webview_zygote32: failed to make and chown /acct/uid_99235: Permission denied
10-31 11:34:05.330 26883 26883 E Zygote  : createProcessGroup(99235, 0) failed: Permission denied
10-31 11:34:05.332   772  2970 I ActivityManager: Start proc 26883:com.android.chrome:sandboxed_process28/u0i235 for webview_service com.android.chrome/org.chromium.content.app.SandboxedProcessService28
10-31 11:34:05.344 26883 26883 I SamplingProfilerIntegration: Profiling disabled.
10-31 11:34:05.371 26897 26897 W ThreadPoolForeg: type=1400 audit(0.0:13825): avc: denied { setattr } for name="model-info.pb" dev="dm-2" ino=1504813 scontext=u:r:isolated_app:s0:c512,c768 tcontext=u:object_r:app_data_file:s0:c512,c768 tclass=file permissive=0
10-31 11:34:05.387 26897 26897 W ThreadPoolForeg: type=1400 audit(0.0:13826): avc: denied { setattr } for name="model.tflite" dev="dm-2" ino=1504814 scontext=u:r:isolated_app:s0:c512,c768 tcontext=u:object_r:app_data_file:s0:c512,c768 tclass=file permissive=0
10-31 11:34:05.390 26903 26903 E asset   : setgid: Operation not permitted
10-31 11:34:05.395 26860 26882 I chromium: [INFO:child_process_service.cc(69)] ChildProcessService: Exiting child process.
10-31 11:34:05.398   422   422 E lowmemorykiller: Error writing /proc/26860/oom_score_adj; errno=22
10-31 11:34:05.399   772  2970 I ActivityManager: Killing 26860:com.android.chrome:sandboxed_process27/u0a60i234 (adj 0): isolated not needed
10-31 11:34:05.399   772   790 W zygote64: failed to open /acct/uid_99234/pid_26860/cgroup.procs: No such file or directory
10-31 11:34:05.429 26883 26883 I cr_SplitCompatApp: Launched version=106.0.5249.79 minSdkVersion=24 isBundle=true processName=com.android.chrome:sandboxed_process28 isIsolated=true
10-31 11:34:05.432 26043 26043 W chromium: [WARNING:compositor_view.cc(342)] Child process died (type=6) pid=26860)
10-31 11:34:05.436 26883 26883 W SystemServiceRegistry: No service published for: uimode
10-31 11:34:05.448 26883 26883 I cr_ChildProcessService: Creating new ChildProcessService pid=26883
10-31 11:34:05.455 26883 26883 E WebViewFactory: can't load with relro file; address space not reserved
10-31 11:34:05.464 26883 26904 I cr_LibraryLoader: Successfully loaded native library
10-31 11:34:05.465 26883 26904 I cr_CachingUmaRecorder: Flushed 3 samples from 3 histograms.
10-31 11:34:05.501 26907 26907 W ThreadPoolForeg: type=1400 audit(0.0:13827): avc: denied { setattr } for name="model-info.pb" dev="dm-2" ino=1504839 scontext=u:r:isolated_app:s0:c512,c768 tcontext=u:object_r:app_data_file:s0:c512,c768 tclass=file permissive=0
10-31 11:34:05.504 26907 26907 W ThreadPoolForeg: type=1400 audit(0.0:13828): avc: denied { setattr } for name="model.tflite" dev="dm-2" ino=1504844 scontext=u:r:isolated_app:s0:c512,c768 tcontext=u:object_r:app_data_file:s0:c512,c768 tclass=file permissive=0
10-31 11:34:05.512   772 13071 I ActivityManager: Killing 26883:com.android.chrome:sandboxed_process28/u0a60i235 (adj 0): isolated not needed
10-31 11:34:05.512   772   790 W zygote64: failed to open /acct/uid_99235/pid_26883/cgroup.procs: No such file or directory
10-31 11:34:05.553 26043 26043 W chromium: [WARNING:compositor_view.cc(342)] Child process died (type=6) pid=26883)
10-31 11:34:05.905 13542 13542 D BoundBrokerSvc: onBind: Intent { act=com.google.android.gms.common.BIND_SHARED_PREFS pkg=com.google.android.gms }
10-31 11:34:05.905 13542 13542 D BoundBrokerSvc: Loading bound service for intent: Intent { act=com.google.android.gms.common.BIND_SHARED_PREFS pkg=com.google.android.gms }
10-31 11:34:05.913 13542 13542 D BoundBrokerSvc: onUnbind: Intent { act=com.google.android.gms.common.BIND_SHARED_PREFS pkg=com.google.android.gms }
10-31 11:34:05.919 13542 13673 I Icing   : IndexChimeraService.getServiceInterface callingPackage=com.google.android.gms componentName=null serviceId=30
10-31 11:34:05.932 13542 17498 I GmsCoreXrpcWrapper: Returning a channel provider with trafficStatsTag=12803 trafficStatsUid=-1
10-31 11:34:06.085 13542 17498 I Icing   : Usage reports ok 4, Failed Usage reports 0, indexed 2, rejected 0
10-31 11:34:07.279 26043 26043 I TextToSpeech: Sucessfully bound to com.google.android.tts
