10-31 22:58:12.343 12842 12853 I TTS     : Couldn't read preferred locale from settings.
10-31 22:58:12.343 12842 12853 W TTS     : No local or network voice found, failing dispatch
10-31 22:58:12.343 12842 12853 W TTS     : Could not find voice for yo_NG
10-31 22:58:12.344 12842 12874 I TTS     : Couldn't read preferred locale from settings.
10-31 22:58:12.345 12842 12873 I TTS     : Couldn't read preferred locale from settings.
10-31 22:58:12.348 12842 12870 I TTS     : Couldn't read preferred locale from settings.
10-31 22:58:12.348 12842 12870 W TTS     : No local or network voice found, failing dispatch
10-31 22:58:12.348 12842 12870 W TTS     : Could not find voice for zgh
10-31 22:58:12.348 12842 12854 I TTS     : Couldn't read preferred locale from settings.
10-31 22:58:12.349 12842 12854 W TTS     : No local or network voice found, failing dispatch
10-31 22:58:12.349 12842 12854 W TTS     : Could not find voice for zgh_MA
10-31 22:58:12.349 12842 12875 I TTS     : Couldn't read preferred locale from settings.
10-31 22:58:12.351 12842 12853 I TTS     : Couldn't read preferred locale from settings.
10-31 22:58:12.352 12963 12963 E WebViewFactory: can't load with relro file; address space not reserved
10-31 22:58:12.352 12842 12873 I TTS     : Couldn't read preferred locale from settings.
10-31 22:58:12.353 12842 12874 I TTS     : Couldn't read preferred locale from settings.
10-31 22:58:12.355 12842 12870 I TTS     : Couldn't read preferred locale from settings.
10-31 22:58:12.356 12842 12854 I TTS     : Couldn't read preferred locale from settings.
10-31 22:58:12.357 12842 12853 I TTS     : Couldn't read preferred locale from settings.
10-31 22:58:12.358 12842 12875 I TTS     : Couldn't read preferred locale from settings.
10-31 22:58:12.359 12842 12873 I TTS     : Couldn't read preferred locale from settings.
10-31 22:58:12.360 12842 12874 I TTS     : Couldn't read preferred locale from settings.
10-31 22:58:12.361 12842 12870 I TTS     : Couldn't read preferred locale from settings.
10-31 22:58:12.361 12842 12870 W TTS     : No local or network voice found, failing dispatch
10-31 22:58:12.361 12842 12870 W TTS     : Could not find voice for zu
10-31 22:58:12.362 12842 12854 I TTS     : Couldn't read preferred locale from settings.
10-31 22:58:12.362 12842 12854 W TTS     : No local or network voice found, failing dispatch
10-31 22:58:12.362 12842 12854 W TTS     : Could not find voice for zu_ZA
10-31 22:58:12.363 12963 12986 I cr_LibraryLoader: Successfully loaded native library
10-31 22:58:12.364 12963 12986 I cr_CachingUmaRecorder: Flushed 3 samples from 3 histograms.
10-31 22:58:12.388 12990 12990 W ThreadPoolForeg: type=1400 audit(0.0:19753): avc: denied { setattr } for name="model-info.pb" dev="dm-2" ino=1505028 scontext=u:r:isolated_app:s0:c512,c768 tcontext=u:object_r:app_data_file:s0:c512,c768 tclass=file permissive=0
10-31 22:58:12.391 12990 12990 W ThreadPoolForeg: type=1400 audit(0.0:19754): avc: denied { setattr } for name="model.tflite" dev="dm-2" ino=1505042 scontext=u:r:isolated_app:s0:c512,c768 tcontext=u:object_r:app_data_file:s0:c512,c768 tclass=file permissive=0
10-31 22:58:12.400 12963 12986 I chromium: [INFO:child_process_service.cc(69)] ChildProcessService: Exiting child process.
10-31 22:58:12.402   422   422 E lowmemorykiller: Error writing /proc/12963/oom_score_adj; errno=22
10-31 22:58:12.403   772 10893 I ActivityManager: Killing 12963:com.android.chrome:sandboxed_process29/u0a60i946 (adj 0): isolated not needed
10-31 22:58:12.405   772   790 W zygote64: failed to open /acct/uid_99946/pid_12963/cgroup.procs: No such file or directory
10-31 22:58:12.430 12063 12063 W chromium: [WARNING:compositor_view.cc(342)] Child process died (type=6) pid=12963)
10-31 22:58:12.720 12842 12869 I TTS     : Done initializing en-us-x-sfg-lstm-embedded
10-31 22:58:12.856 12595 12648 I tflite  : Initialized TensorFlow Lite runtime.
10-31 22:58:13.260   551   618 I ThermalEngine: ACTION: LCD - Setting max LCD brightness to 232
10-31 22:58:16.898 12063 12063 E cr_BTSPrefs: No data found for task id: 56
10-31 22:58:16.899 12063 12063 E cr_BkgrdTaskScheduler: Task cannot be canceled because no data was found instorage or data was invalid
10-31 22:58:19.862   551   618 I ThermalEngine: ACTION: BATTERY - Setting battery charging mitigation to 3
10-31 22:58:21.001 12063 12063 W ResourceType: Failure getting entry for 0x7f010888 (t=0 e=2184) (error -75)
10-31 22:58:21.037 12063 12063 I chatty  : uid=10060(u0_a60) identical 7 lines
10-31 22:58:21.040 12063 12063 W ResourceType: Failure getting entry for 0x7f010888 (t=0 e=2184) (error -75)
10-31 22:58:21.043 12063 12063 I cr_TopSites: Start a new task.
10-31 22:58:21.044 12063 12125 I cr_TopSites: Serializing top sites lists finished; count: 9
10-31 22:58:21.051 12063 12125 I cr_TopSites: Finished saving top sites list to file:/data/user/0/com.android.chrome/app_top_sites/top_sites
10-31 22:58:48.633   772   791 E BatteryStatsService: no controller energy info supplied
10-31 22:58:57.628   772   791 E BatteryStatsService: no controller energy info supplied
10-31 22:58:58.931 12063 12063 I cr_media: Create MediaDrmBridge with level L3 and origin FA159477D42445E51776933A46737C0C
10-31 22:58:58.945   361   361 W /system/bin/hwservicemanager: getTransportFromManifest: Cannot find entry android.hardware.drm@1.0::IDrmFactory in either framework or device manifest, using default transport.
10-31 22:58:59.002   562  5487 I DrmHal  : makeDrmFactories: using default drm instance
10-31 22:58:59.017   361   361 W /system/bin/hwservicemanager: getTransportFromManifest: Cannot find entry android.hardware.drm@1.0::IDrmFactory in either framework or device manifest, using default transport.
10-31 22:58:59.087   562 19050 I DrmHal  : makeDrmFactories: using default drm instance
10-31 22:58:59.088   562   562 D WVCdm   : Instantiating CDM.
10-31 22:58:59.096   562   644 I WVCdm   : CdmEngine::QueryStatus
10-31 22:58:59.097   562   644 I WVCdm   : Level3 Library 4445 May 19 2017 17:17:20
10-31 22:58:59.107   562   644 D QSEECOMAPI: : QSEECom_get_handle sb_length = 0x19000
10-31 22:58:59.107   562   644 D QSEECOMAPI: : App is not loaded in QSEE
10-31 22:58:59.161   562   644 D QSEECOMAPI: : Loaded image: APP id = 3518
10-31 22:58:59.167   562   644 D QSAPPSVER: qsapps_get_capabilities: Capability from secure side: 0x0
10-31 22:58:59.167   562   644 D QSAPPSVER: qsapps_get_capabilities: returns 0
10-31 22:58:59.167   562   644 E DrmWidevineDash: sion_buffer g_wv_fhandle->ion_sbuffer  0x0xeeb5c000
10-31 22:58:59.169   372   376 D DrmLibTime: got the req here! ret=0
10-31 22:58:59.170   372   376 D DrmLibTime: command id, time_cmd_id = 770
10-31 22:58:59.170   372   376 D DrmLibTime: time_getutcsec starts!
10-31 22:58:59.170   372   376 D DrmLibTime: QSEE Time Listener: time_getutcsec
10-31 22:58:59.170   372   376 D DrmLibTime: QSEE Time Listener: get_utc_seconds
10-31 22:58:59.170   372   376 D DrmLibTime: QSEE Time Listener: time_get_modem_time
10-31 22:58:59.170   372   376 D DrmLibTime: QSEE Time Listener: Checking if ATS_MODEM is set or not.
10-31 22:58:59.170   372   376 D QC-time-services: Lib:time_genoff_operation: pargs->base = 13
10-31 22:58:59.170   372   376 D QC-time-services: Lib:time_genoff_operation: pargs->operation = 2
10-31 22:58:59.170   372   376 D QC-time-services: Lib:time_genoff_operation: pargs->ts_val = 0
10-31 22:58:59.170   372   376 D QC-time-services: Lib:time_genoff_operation: Send to server  passed!!
10-31 22:58:59.170   625   647 D QC-time-services: Daemon: Connection accepted:time_genoff
10-31 22:58:59.171   625 12997 D QC-time-services: Daemon:Received base = 13, unit = 1, operation = 2,value = 0
10-31 22:58:59.171   625 12997 D QC-time-services: Daemon:genoff_opr: Base = 13, val = 0, operation = 2
10-31 22:58:59.171   625 12997 D QC-time-services: offset is: 0 for base: 13
10-31 22:58:59.171   372   376 E QC-time-services: Receive Passed == base = 13, unit = 1, operation = 2, result = 0
10-31 22:58:59.171   372   376 D DrmLibTime: QSEE Time Listener: ATS_MODEM is not set. Fallback to Android system time.
10-31 22:58:59.171   372   376 D DrmLibTime: QSEE Time Listener: Retrieved Android system time: 1667253539
10-31 22:58:59.171   372   376 D DrmLibTime: time_getutcsec returns 0, sec = 1667253539; nsec = 0
10-31 22:58:59.171   372   376 D DrmLibTime: time_getutcsec finished! 
10-31 22:58:59.171   372   376 D DrmLibTime: iotcl_continue_command finished! and return 0 
10-31 22:58:59.171   372   376 D DrmLibTime: before calling ioctl to read the next time_cmd
10-31 22:58:59.172   625   647 E QC-time-services: Daemon: Time-services: Waiting to acceptconnection
10-31 22:58:59.201   562   644 D WVCdm   : OEMCrypto_Initialize Level 1 success. I will use level 1.
10-31 22:58:59.202   562   644 D QSEECOMAPI: : QSEECom_dealloc_memory 
10-31 22:58:59.202   562   644 D QSEECOMAPI: : QSEECom_shutdown_app, app_id = 3518
10-31 22:58:59.234   562   562 I WVCdm   : CdmEngine::OpenSession
10-31 22:58:59.234   562   562 I WVCdm   : Level3 Library 4445 May 19 2017 17:17:20
10-31 22:58:59.238   562   562 D QSEECOMAPI: : QSEECom_get_handle sb_length = 0x19000
10-31 22:58:59.238   562   562 D QSEECOMAPI: : App is not loaded in QSEE
10-31 22:58:59.288   562   562 D QSEECOMAPI: : Loaded image: APP id = 3519
10-31 22:58:59.291   562   562 D QSAPPSVER: qsapps_get_capabilities: Capability from secure side: 0x0
10-31 22:58:59.291   562   562 D QSAPPSVER: qsapps_get_capabilities: returns 0
10-31 22:58:59.291   562   562 E DrmWidevineDash: sion_buffer g_wv_fhandle->ion_sbuffer  0x0xeeb5c000
10-31 22:58:59.293   372   376 D DrmLibTime: got the req here! ret=0
10-31 22:58:59.293   372   376 D DrmLibTime: command id, time_cmd_id = 770
10-31 22:58:59.293   372   376 D DrmLibTime: time_getutcsec starts!
10-31 22:58:59.293   372   376 D DrmLibTime: QSEE Time Listener: time_getutcsec
10-31 22:58:59.293   372   376 D DrmLibTime: QSEE Time Listener: get_utc_seconds
10-31 22:58:59.293   372   376 D DrmLibTime: QSEE Time Listener: time_get_modem_time
10-31 22:58:59.293   372   376 D DrmLibTime: QSEE Time Listener: Checking if ATS_MODEM is set or not.
10-31 22:58:59.293   372   376 D QC-time-services: Lib:time_genoff_operation: pargs->base = 13
10-31 22:58:59.293   372   376 D QC-time-services: Lib:time_genoff_operation: pargs->operation = 2
10-31 22:58:59.293   372   376 D QC-time-services: Lib:time_genoff_operation: pargs->ts_val = 0
10-31 22:58:59.293   372   376 D QC-time-services: Lib:time_genoff_operation: Send to server  passed!!
10-31 22:58:59.294   625   647 D QC-time-services: Daemon: Connection accepted:time_genoff
10-31 22:58:59.294   625 12998 D QC-time-services: Daemon:Received base = 13, unit = 1, operation = 2,value = 0
10-31 22:58:59.294   625 12998 D QC-time-services: Daemon:genoff_opr: Base = 13, val = 0, operation = 2
10-31 22:58:59.294   625 12998 D QC-time-services: offset is: 0 for base: 13
10-31 22:58:59.294   372   376 E QC-time-services: Receive Passed == base = 13, unit = 1, operation = 2, result = 0
10-31 22:58:59.294   372   376 D DrmLibTime: QSEE Time Listener: ATS_MODEM is not set. Fallback to Android system time.
10-31 22:58:59.294   372   376 D DrmLibTime: QSEE Time Listener: Retrieved Android system time: 1667253539
10-31 22:58:59.294   372   376 D DrmLibTime: time_getutcsec returns 0, sec = 1667253539; nsec = 0
10-31 22:58:59.294   372   376 D DrmLibTime: time_getutcsec finished! 
10-31 22:58:59.294   372   376 D DrmLibTime: iotcl_continue_command finished! and return 0 
10-31 22:58:59.294   372   376 D DrmLibTime: before calling ioctl to read the next time_cmd
10-31 22:58:59.295   625   647 E QC-time-services: Daemon: Time-services: Waiting to acceptconnection
10-31 22:58:59.316   562   562 D WVCdm   : OEMCrypto_Initialize Level 1 success. I will use level 1.
10-31 22:58:59.316   562   562 D WVCdm   : CryptoSession::Open: Lock: requested_security_level: L3
10-31 22:58:59.340   562   562 W WVCdm   : DeviceFiles::RetrieveHashedFile: /data/mediadrm/IDM1013/L3/cert.bin does not exist
10-31 22:58:59.341   562   562 D QSEECOMAPI: : QSEECom_dealloc_memory 
10-31 22:58:59.342   562   562 D QSEECOMAPI: : QSEECom_shutdown_app, app_id = 3519
10-31 22:58:59.352   772  3041 D WificondControl: Scan result ready event
10-31 22:58:59.376   562 19051 I WVCdm   : Level3 Library 4445 May 19 2017 17:17:20
10-31 22:58:59.380   562 19051 D QSEECOMAPI: : QSEECom_get_handle sb_length = 0x19000
10-31 22:58:59.380   562 19051 D QSEECOMAPI: : App is not loaded in QSEE
10-31 22:58:59.392 29486 29497 I ChimeraSrvcProxy: NullBinder for android.net.action.RECOMMEND_NETWORKS triggering remote TransactionTooLargeException due to Service without Chimera impl
10-31 22:58:59.435   562 19051 D QSEECOMAPI: : Loaded image: APP id = 3520
10-31 22:58:59.438   562 19051 D QSAPPSVER: qsapps_get_capabilities: Capability from secure side: 0x0
10-31 22:58:59.439   562 19051 D QSAPPSVER: qsapps_get_capabilities: returns 0
10-31 22:58:59.439   562 19051 E DrmWidevineDash: sion_buffer g_wv_fhandle->ion_sbuffer  0x0xeeb5c000
10-31 22:58:59.441   372   376 D DrmLibTime: got the req here! ret=0
10-31 22:58:59.441   372   376 D DrmLibTime: command id, time_cmd_id = 770
10-31 22:58:59.441   372   376 D DrmLibTime: time_getutcsec starts!
10-31 22:58:59.441   372   376 D DrmLibTime: QSEE Time Listener: time_getutcsec
10-31 22:58:59.441   372   376 D DrmLibTime: QSEE Time Listener: get_utc_seconds
10-31 22:58:59.441   372   376 D DrmLibTime: QSEE Time Listener: time_get_modem_time
10-31 22:58:59.441   372   376 D DrmLibTime: QSEE Time Listener: Checking if ATS_MODEM is set or not.
10-31 22:58:59.441   372   376 D QC-time-services: Lib:time_genoff_operation: pargs->base = 13
10-31 22:58:59.441   372   376 D QC-time-services: Lib:time_genoff_operation: pargs->operation = 2
10-31 22:58:59.441   372   376 D QC-time-services: Lib:time_genoff_operation: pargs->ts_val = 0
10-31 22:58:59.441   372   376 D QC-time-services: Lib:time_genoff_operation: Send to server  passed!!
10-31 22:58:59.441   625   647 D QC-time-services: Daemon: Connection accepted:time_genoff
10-31 22:58:59.442   625 12999 D QC-time-services: Daemon:Received base = 13, unit = 1, operation = 2,value = 0
10-31 22:58:59.442   625 12999 D QC-time-services: Daemon:genoff_opr: Base = 13, val = 0, operation = 2
10-31 22:58:59.442   625 12999 D QC-time-services: offset is: 0 for base: 13
10-31 22:58:59.442   372   376 E QC-time-services: Receive Passed == base = 13, unit = 1, operation = 2, result = 0
10-31 22:58:59.442   372   376 D DrmLibTime: QSEE Time Listener: ATS_MODEM is not set. Fallback to Android system time.
10-31 22:58:59.442   372   376 D DrmLibTime: QSEE Time Listener: Retrieved Android system time: 1667253539
10-31 22:58:59.442   372   376 D DrmLibTime: time_getutcsec returns 0, sec = 1667253539; nsec = 0
10-31 22:58:59.442   372   376 D DrmLibTime: time_getutcsec finished! 
10-31 22:58:59.442   372   376 D DrmLibTime: iotcl_continue_command finished! and return 0 
10-31 22:58:59.442   372   376 D DrmLibTime: before calling ioctl to read the next time_cmd
10-31 22:58:59.442   625   647 E QC-time-services: Daemon: Time-services: Waiting to acceptconnection
10-31 22:58:59.463   562 19051 D WVCdm   : OEMCrypto_Initialize Level 1 success. I will use level 1.
10-31 22:58:59.463   562 19051 D WVCdm   : CryptoSession::Open: Lock: requested_security_level: L3
10-31 22:58:59.474 12063 12063 I cr_media: Provisioning origin ID FA159477D42445E51776933A46737C0C
10-31 22:58:59.480 12063 12063 I MediaDrm: Drm event (1,0)
10-31 22:58:59.480 12063 12063 E cr_media: EventListener: No session for event 1.
10-31 22:58:59.480 12063 12063 I Choreographer: Skipped 32 frames!  The application may be doing too much work on its main thread.
10-31 22:58:59.896   562 19050 D QSEECOMAPI: : QSEECom_dealloc_memory 
10-31 22:58:59.896   562 19050 D QSEECOMAPI: : QSEECom_shutdown_app, app_id = 3520
10-31 22:58:59.927 12063 12063 I cr_media: Create MediaDrmBridge with level L1 and origin FA159477D42445E51776933A46737C0C
10-31 22:58:59.928   361   361 W /system/bin/hwservicemanager: getTransportFromManifest: Cannot find entry android.hardware.drm@1.0::IDrmFactory in either framework or device manifest, using default transport.
10-31 22:58:59.931   562 28303 I DrmHal  : makeDrmFactories: using default drm instance
10-31 22:58:59.933   361   361 W /system/bin/hwservicemanager: getTransportFromManifest: Cannot find entry android.hardware.drm@1.0::IDrmFactory in either framework or device manifest, using default transport.
10-31 22:58:59.935   562 19051 I DrmHal  : makeDrmFactories: using default drm instance
10-31 22:58:59.936   562   644 I WVCdm   : CdmEngine::QueryStatus
10-31 22:58:59.937   562   644 I WVCdm   : Level3 Library 4445 May 19 2017 17:17:20
10-31 22:58:59.940   562   644 D QSEECOMAPI: : QSEECom_get_handle sb_length = 0x19000
10-31 22:58:59.940   562   644 D QSEECOMAPI: : App is not loaded in QSEE
10-31 22:58:59.989   562   644 D QSEECOMAPI: : Loaded image: APP id = 3521
10-31 22:58:59.993   562   644 D QSAPPSVER: qsapps_get_capabilities: Capability from secure side: 0x0
10-31 22:58:59.993   562   644 D QSAPPSVER: qsapps_get_capabilities: returns 0
10-31 22:58:59.993   562   644 E DrmWidevineDash: sion_buffer g_wv_fhandle->ion_sbuffer  0x0xeeb30000
10-31 22:58:59.995   372   376 D DrmLibTime: got the req here! ret=0
10-31 22:58:59.995   372   376 D DrmLibTime: command id, time_cmd_id = 770
10-31 22:58:59.995   372   376 D DrmLibTime: time_getutcsec starts!
10-31 22:58:59.995   372   376 D DrmLibTime: QSEE Time Listener: time_getutcsec
10-31 22:58:59.995   372   376 D DrmLibTime: QSEE Time Listener: get_utc_seconds
10-31 22:58:59.995   372   376 D DrmLibTime: QSEE Time Listener: time_get_modem_time
10-31 22:58:59.995   372   376 D DrmLibTime: QSEE Time Listener: Checking if ATS_MODEM is set or not.
10-31 22:58:59.995   372   376 D QC-time-services: Lib:time_genoff_operation: pargs->base = 13
10-31 22:58:59.995   372   376 D QC-time-services: Lib:time_genoff_operation: pargs->operation = 2
10-31 22:58:59.995   372   376 D QC-time-services: Lib:time_genoff_operation: pargs->ts_val = 0
10-31 22:58:59.996   372   376 D QC-time-services: Lib:time_genoff_operation: Send to server  passed!!
10-31 22:58:59.996   625   647 D QC-time-services: Daemon: Connection accepted:time_genoff
10-31 22:58:59.996   625 13004 D QC-time-services: Daemon:Received base = 13, unit = 1, operation = 2,value = 0
10-31 22:58:59.996   625 13004 D QC-time-services: Daemon:genoff_opr: Base = 13, val = 0, operation = 2
10-31 22:58:59.996   625 13004 D QC-time-services: offset is: 0 for base: 13
10-31 22:58:59.996   372   376 E QC-time-services: Receive Passed == base = 13, unit = 1, operation = 2, result = 0
10-31 22:58:59.996   372   376 D DrmLibTime: QSEE Time Listener: ATS_MODEM is not set. Fallback to Android system time.
10-31 22:58:59.996   372   376 D DrmLibTime: QSEE Time Listener: Retrieved Android system time: 1667253539
10-31 22:58:59.996   372   376 D DrmLibTime: time_getutcsec returns 0, sec = 1667253539; nsec = 0
10-31 22:58:59.996   372   376 D DrmLibTime: time_getutcsec finished! 
10-31 22:58:59.996   372   376 D DrmLibTime: iotcl_continue_command finished! and return 0 
10-31 22:58:59.996   372   376 D DrmLibTime: before calling ioctl to read the next time_cmd
10-31 22:58:59.997   625   647 E QC-time-services: Daemon: Time-services: Waiting to acceptconnection
10-31 22:59:00.023   562   644 D WVCdm   : OEMCrypto_Initialize Level 1 success. I will use level 1.
10-31 22:59:00.024   562   644 D QSEECOMAPI: : QSEECom_dealloc_memory 
10-31 22:59:00.024   562   644 D QSEECOMAPI: : QSEECom_shutdown_app, app_id = 3521
10-31 22:59:00.055   562 19050 I WVCdm   : CdmEngine::OpenSession
10-31 22:59:00.055   562 19050 I WVCdm   : Level3 Library 4445 May 19 2017 17:17:20
10-31 22:59:00.059   562 19050 D QSEECOMAPI: : QSEECom_get_handle sb_length = 0x19000
10-31 22:59:00.059   562 19050 D QSEECOMAPI: : App is not loaded in QSEE
10-31 22:59:00.106   562 19050 D QSEECOMAPI: : Loaded image: APP id = 3522
10-31 22:59:00.109   562 19050 D QSAPPSVER: qsapps_get_capabilities: Capability from secure side: 0x0
10-31 22:59:00.109   562 19050 D QSAPPSVER: qsapps_get_capabilities: returns 0
10-31 22:59:00.109   562 19050 E DrmWidevineDash: sion_buffer g_wv_fhandle->ion_sbuffer  0x0xeeb30000
10-31 22:59:00.112   372   376 D DrmLibTime: got the req here! ret=0
10-31 22:59:00.112   372   376 D DrmLibTime: command id, time_cmd_id = 770
10-31 22:59:00.112   372   376 D DrmLibTime: time_getutcsec starts!
10-31 22:59:00.112   372   376 D DrmLibTime: QSEE Time Listener: time_getutcsec
10-31 22:59:00.112   372   376 D DrmLibTime: QSEE Time Listener: get_utc_seconds
10-31 22:59:00.112   372   376 D DrmLibTime: QSEE Time Listener: time_get_modem_time
10-31 22:59:00.112   372   376 D DrmLibTime: QSEE Time Listener: Checking if ATS_MODEM is set or not.
10-31 22:59:00.112   372   376 D QC-time-services: Lib:time_genoff_operation: pargs->base = 13
10-31 22:59:00.112   372   376 D QC-time-services: Lib:time_genoff_operation: pargs->operation = 2
10-31 22:59:00.112   372   376 D QC-time-services: Lib:time_genoff_operation: pargs->ts_val = 0
10-31 22:59:00.112   372   376 D QC-time-services: Lib:time_genoff_operation: Send to server  passed!!
10-31 22:59:00.112   625   647 D QC-time-services: Daemon: Connection accepted:time_genoff
10-31 22:59:00.112   625 13005 D QC-time-services: Daemon:Received base = 13, unit = 1, operation = 2,value = 0
10-31 22:59:00.112   625 13005 D QC-time-services: Daemon:genoff_opr: Base = 13, val = 0, operation = 2
10-31 22:59:00.112   625 13005 D QC-time-services: offset is: 0 for base: 13
10-31 22:59:00.112   372   376 E QC-time-services: Receive Passed == base = 13, unit = 1, operation = 2, result = 0
10-31 22:59:00.112   372   376 D DrmLibTime: QSEE Time Listener: ATS_MODEM is not set. Fallback to Android system time.
10-31 22:59:00.112   372   376 D DrmLibTime: QSEE Time Listener: Retrieved Android system time: 1667253540
10-31 22:59:00.112   372   376 D DrmLibTime: time_getutcsec returns 0, sec = 1667253540; nsec = 0
10-31 22:59:00.112   372   376 D DrmLibTime: time_getutcsec finished! 
10-31 22:59:00.112   372   376 D DrmLibTime: iotcl_continue_command finished! and return 0 
10-31 22:59:00.112   372   376 D DrmLibTime: before calling ioctl to read the next time_cmd
10-31 22:59:00.113   625   647 E QC-time-services: Daemon: Time-services: Waiting to acceptconnection
10-31 22:59:00.134   562 19050 D WVCdm   : OEMCrypto_Initialize Level 1 success. I will use level 1.
10-31 22:59:00.134   562 19050 D WVCdm   : CryptoSession::Open: Lock: requested_security_level: Default
10-31 22:59:00.138   562 19050 W WVCdm   : DeviceFiles::RetrieveHashedFile: /data/mediadrm/IDM1013/L1/cert.bin does not exist
10-31 22:59:00.140   562 19050 D QSEECOMAPI: : QSEECom_dealloc_memory 
10-31 22:59:00.140   562 19050 D QSEECOMAPI: : QSEECom_shutdown_app, app_id = 3522
10-31 22:59:00.161   562  5487 I WVCdm   : Level3 Library 4445 May 19 2017 17:17:20
10-31 22:59:00.165   562  5487 D QSEECOMAPI: : QSEECom_get_handle sb_length = 0x19000
10-31 22:59:00.165   562  5487 D QSEECOMAPI: : App is not loaded in QSEE
10-31 22:59:00.212   562  5487 D QSEECOMAPI: : Loaded image: APP id = 3523
10-31 22:59:00.216   562  5487 D QSAPPSVER: qsapps_get_capabilities: Capability from secure side: 0x0
10-31 22:59:00.216   562  5487 D QSAPPSVER: qsapps_get_capabilities: returns 0
10-31 22:59:00.216   562  5487 E DrmWidevineDash: sion_buffer g_wv_fhandle->ion_sbuffer  0x0xeeb30000
10-31 22:59:00.218   372   376 D DrmLibTime: got the req here! ret=0
10-31 22:59:00.218   372   376 D DrmLibTime: command id, time_cmd_id = 770
10-31 22:59:00.218   372   376 D DrmLibTime: time_getutcsec starts!
10-31 22:59:00.218   372   376 D DrmLibTime: QSEE Time Listener: time_getutcsec
10-31 22:59:00.218   372   376 D DrmLibTime: QSEE Time Listener: get_utc_seconds
10-31 22:59:00.218   372   376 D DrmLibTime: QSEE Time Listener: time_get_modem_time
10-31 22:59:00.218   372   376 D DrmLibTime: QSEE Time Listener: Checking if ATS_MODEM is set or not.
10-31 22:59:00.218   372   376 D QC-time-services: Lib:time_genoff_operation: pargs->base = 13
10-31 22:59:00.218   372   376 D QC-time-services: Lib:time_genoff_operation: pargs->operation = 2
10-31 22:59:00.218   372   376 D QC-time-services: Lib:time_genoff_operation: pargs->ts_val = 0
10-31 22:59:00.218   372   376 D QC-time-services: Lib:time_genoff_operation: Send to server  passed!!
10-31 22:59:00.218   625   647 D QC-time-services: Daemon: Connection accepted:time_genoff
10-31 22:59:00.219   625 13006 D QC-time-services: Daemon:Received base = 13, unit = 1, operation = 2,value = 0
10-31 22:59:00.219   625 13006 D QC-time-services: Daemon:genoff_opr: Base = 13, val = 0, operation = 2
10-31 22:59:00.219   625 13006 D QC-time-services: offset is: 0 for base: 13
10-31 22:59:00.219   372   376 E QC-time-services: Receive Passed == base = 13, unit = 1, operation = 2, result = 0
10-31 22:59:00.219   372   376 D DrmLibTime: QSEE Time Listener: ATS_MODEM is not set. Fallback to Android system time.
10-31 22:59:00.219   372   376 D DrmLibTime: QSEE Time Listener: Retrieved Android system time: 1667253540
10-31 22:59:00.219   372   376 D DrmLibTime: time_getutcsec returns 0, sec = 1667253540; nsec = 0
10-31 22:59:00.219   372   376 D DrmLibTime: time_getutcsec finished! 
10-31 22:59:00.219   372   376 D DrmLibTime: iotcl_continue_command finished! and return 0 
10-31 22:59:00.219   372   376 D DrmLibTime: before calling ioctl to read the next time_cmd
10-31 22:59:00.219   625   647 E QC-time-services: Daemon: Time-services: Waiting to acceptconnection
10-31 22:59:00.244   562  5487 D WVCdm   : OEMCrypto_Initialize Level 1 success. I will use level 1.
10-31 22:59:00.244   562  5487 D WVCdm   : CryptoSession::Open: Lock: requested_security_level: Default
10-31 22:59:00.310   562  5487 E DrmWidevineDash: OEMCrypto_GenerateSignature : input wrapped_rsa_key == NULL!, return short buffer
10-31 22:59:00.313 12063 12063 I cr_media: Provisioning origin ID FA159477D42445E51776933A46737C0C
10-31 22:59:00.327 12063 12063 I MediaDrm: Drm event (1,0)
10-31 22:59:00.327 12063 12063 E cr_media: EventListener: No session for event 1.
10-31 22:59:00.350   562   562 E DrmWidevineDash: OEMCrypto_RewrapDeviceRSAKey : input wrapped_rsa_key == NULL!, return short buffer
10-31 22:59:00.366   562   562 D QSEECOMAPI: : QSEECom_dealloc_memory 
10-31 22:59:00.366   562   562 D QSEECOMAPI: : QSEECom_shutdown_app, app_id = 3523
10-31 22:59:00.395 12063 12063 I cr_media: Create MediaDrmBridge with level L3 and origin 16EDD79D42DBAAE5A7BDFC7DC61AB80F
10-31 22:59:00.397   361   361 W /system/bin/hwservicemanager: getTransportFromManifest: Cannot find entry android.hardware.drm@1.0::IDrmFactory in either framework or device manifest, using default transport.
10-31 22:59:00.457   562   644 I DrmHal  : makeDrmFactories: using default drm instance
10-31 22:59:00.459   361   361 W /system/bin/hwservicemanager: getTransportFromManifest: Cannot find entry android.hardware.drm@1.0::IDrmFactory in either framework or device manifest, using default transport.
10-31 22:59:00.514   562   562 I DrmHal  : makeDrmFactories: using default drm instance
10-31 22:59:00.515   562 28303 D WVCdm   : Instantiating CDM.
10-31 22:59:00.516   562 19051 I WVCdm   : CdmEngine::QueryStatus
10-31 22:59:00.516   562 19051 I WVCdm   : Level3 Library 4445 May 19 2017 17:17:20
10-31 22:59:00.520   562 19051 D QSEECOMAPI: : QSEECom_get_handle sb_length = 0x19000
10-31 22:59:00.520   562 19051 D QSEECOMAPI: : App is not loaded in QSEE
10-31 22:59:00.569   562 19051 D QSEECOMAPI: : Loaded image: APP id = 3524
10-31 22:59:00.573   562 19051 D QSAPPSVER: qsapps_get_capabilities: Capability from secure side: 0x0
10-31 22:59:00.573   562 19051 D QSAPPSVER: qsapps_get_capabilities: returns 0
10-31 22:59:00.573   562 19051 E DrmWidevineDash: sion_buffer g_wv_fhandle->ion_sbuffer  0x0xeeb57000
10-31 22:59:00.575   372   376 D DrmLibTime: got the req here! ret=0
10-31 22:59:00.575   372   376 D DrmLibTime: command id, time_cmd_id = 770
10-31 22:59:00.575   372   376 D DrmLibTime: time_getutcsec starts!
10-31 22:59:00.575   372   376 D DrmLibTime: QSEE Time Listener: time_getutcsec
10-31 22:59:00.575   372   376 D DrmLibTime: QSEE Time Listener: get_utc_seconds
10-31 22:59:00.575   372   376 D DrmLibTime: QSEE Time Listener: time_get_modem_time
10-31 22:59:00.575   372   376 D DrmLibTime: QSEE Time Listener: Checking if ATS_MODEM is set or not.
10-31 22:59:00.575   372   376 D QC-time-services: Lib:time_genoff_operation: pargs->base = 13
10-31 22:59:00.575   372   376 D QC-time-services: Lib:time_genoff_operation: pargs->operation = 2
10-31 22:59:00.575   372   376 D QC-time-services: Lib:time_genoff_operation: pargs->ts_val = 0
10-31 22:59:00.576   372   376 D QC-time-services: Lib:time_genoff_operation: Send to server  passed!!
10-31 22:59:00.576   625   647 D QC-time-services: Daemon: Connection accepted:time_genoff
10-31 22:59:00.576   625 13011 D QC-time-services: Daemon:Received base = 13, unit = 1, operation = 2,value = 0
10-31 22:59:00.576   625 13011 D QC-time-services: Daemon:genoff_opr: Base = 13, val = 0, operation = 2
10-31 22:59:00.576   625 13011 D QC-time-services: offset is: 0 for base: 13
10-31 22:59:00.576   372   376 E QC-time-services: Receive Passed == base = 13, unit = 1, operation = 2, result = 0
10-31 22:59:00.576   372   376 D DrmLibTime: QSEE Time Listener: ATS_MODEM is not set. Fallback to Android system time.
10-31 22:59:00.576   372   376 D DrmLibTime: QSEE Time Listener: Retrieved Android system time: 1667253540
10-31 22:59:00.576   372   376 D DrmLibTime: time_getutcsec returns 0, sec = 1667253540; nsec = 0
10-31 22:59:00.576   372   376 D DrmLibTime: time_getutcsec finished! 
10-31 22:59:00.576   372   376 D DrmLibTime: iotcl_continue_command finished! and return 0 
10-31 22:59:00.576   372   376 D DrmLibTime: before calling ioctl to read the next time_cmd
10-31 22:59:00.577   625   647 E QC-time-services: Daemon: Time-services: Waiting to acceptconnection
10-31 22:59:00.604   562 19051 D WVCdm   : OEMCrypto_Initialize Level 1 success. I will use level 1.
10-31 22:59:00.605   562 19051 D QSEECOMAPI: : QSEECom_dealloc_memory 
10-31 22:59:00.605   562 19051 D QSEECOMAPI: : QSEECom_shutdown_app, app_id = 3524
10-31 22:59:00.629   562 19050 I WVCdm   : CdmEngine::OpenSession
10-31 22:59:00.630   562 19050 I WVCdm   : Level3 Library 4445 May 19 2017 17:17:20
10-31 22:59:00.634   562 19050 D QSEECOMAPI: : QSEECom_get_handle sb_length = 0x19000
10-31 22:59:00.634   562 19050 D QSEECOMAPI: : App is not loaded in QSEE
10-31 22:59:00.682   562 19050 D QSEECOMAPI: : Loaded image: APP id = 3525
10-31 22:59:00.685   562 19050 D QSAPPSVER: qsapps_get_capabilities: Capability from secure side: 0x0
10-31 22:59:00.685   562 19050 D QSAPPSVER: qsapps_get_capabilities: returns 0
10-31 22:59:00.685   562 19050 E DrmWidevineDash: sion_buffer g_wv_fhandle->ion_sbuffer  0x0xeeb57000
10-31 22:59:00.688   372   376 D DrmLibTime: got the req here! ret=0
10-31 22:59:00.688   372   376 D DrmLibTime: command id, time_cmd_id = 770
10-31 22:59:00.688   372   376 D DrmLibTime: time_getutcsec starts!
10-31 22:59:00.688   372   376 D DrmLibTime: QSEE Time Listener: time_getutcsec
10-31 22:59:00.688   372   376 D DrmLibTime: QSEE Time Listener: get_utc_seconds
10-31 22:59:00.688   372   376 D DrmLibTime: QSEE Time Listener: time_get_modem_time
10-31 22:59:00.688   372   376 D DrmLibTime: QSEE Time Listener: Checking if ATS_MODEM is set or not.
10-31 22:59:00.688   372   376 D QC-time-services: Lib:time_genoff_operation: pargs->base = 13
10-31 22:59:00.688   372   376 D QC-time-services: Lib:time_genoff_operation: pargs->operation = 2
10-31 22:59:00.688   372   376 D QC-time-services: Lib:time_genoff_operation: pargs->ts_val = 0
10-31 22:59:00.688   372   376 D QC-time-services: Lib:time_genoff_operation: Send to server  passed!!
10-31 22:59:00.688   625   647 D QC-time-services: Daemon: Connection accepted:time_genoff
10-31 22:59:00.688   625 13012 D QC-time-services: Daemon:Received base = 13, unit = 1, operation = 2,value = 0
10-31 22:59:00.688   625 13012 D QC-time-services: Daemon:genoff_opr: Base = 13, val = 0, operation = 2
10-31 22:59:00.688   625 13012 D QC-time-services: offset is: 0 for base: 13
10-31 22:59:00.688   372   376 E QC-time-services: Receive Passed == base = 13, unit = 1, operation = 2, result = 0
10-31 22:59:00.688   372   376 D DrmLibTime: QSEE Time Listener: ATS_MODEM is not set. Fallback to Android system time.
10-31 22:59:00.688   372   376 D DrmLibTime: QSEE Time Listener: Retrieved Android system time: 1667253540
10-31 22:59:00.688   372   376 D DrmLibTime: time_getutcsec returns 0, sec = 1667253540; nsec = 0
10-31 22:59:00.689   372   376 D DrmLibTime: time_getutcsec finished! 
10-31 22:59:00.689   372   376 D DrmLibTime: iotcl_continue_command finished! and return 0 
10-31 22:59:00.689   372   376 D DrmLibTime: before calling ioctl to read the next time_cmd
10-31 22:59:00.689   625   647 E QC-time-services: Daemon: Time-services: Waiting to acceptconnection
10-31 22:59:00.711   562 19050 D WVCdm   : OEMCrypto_Initialize Level 1 success. I will use level 1.
10-31 22:59:00.712   562 19050 D WVCdm   : CryptoSession::Open: Lock: requested_security_level: L3
10-31 22:59:00.717   562 19050 W WVCdm   : DeviceFiles::RetrieveHashedFile: /data/mediadrm/IDM1013/L3/cert.bin does not exist
10-31 22:59:00.718   562 19050 D QSEECOMAPI: : QSEECom_dealloc_memory 
10-31 22:59:00.718   562 19050 D QSEECOMAPI: : QSEECom_shutdown_app, app_id = 3525
10-31 22:59:00.735   562  5487 I WVCdm   : Level3 Library 4445 May 19 2017 17:17:20
10-31 22:59:00.739   562  5487 D QSEECOMAPI: : QSEECom_get_handle sb_length = 0x19000
10-31 22:59:00.739   562  5487 D QSEECOMAPI: : App is not loaded in QSEE
10-31 22:59:00.786   562  5487 D QSEECOMAPI: : Loaded image: APP id = 3526
10-31 22:59:00.789   562  5487 D QSAPPSVER: qsapps_get_capabilities: Capability from secure side: 0x0
10-31 22:59:00.789   562  5487 D QSAPPSVER: qsapps_get_capabilities: returns 0
10-31 22:59:00.789   562  5487 E DrmWidevineDash: sion_buffer g_wv_fhandle->ion_sbuffer  0x0xeeb57000
10-31 22:59:00.792   372   376 D DrmLibTime: got the req here! ret=0
10-31 22:59:00.792   372   376 D DrmLibTime: command id, time_cmd_id = 770
10-31 22:59:00.792   372   376 D DrmLibTime: time_getutcsec starts!
10-31 22:59:00.792   372   376 D DrmLibTime: QSEE Time Listener: time_getutcsec
10-31 22:59:00.792   372   376 D DrmLibTime: QSEE Time Listener: get_utc_seconds
10-31 22:59:00.792   372   376 D DrmLibTime: QSEE Time Listener: time_get_modem_time
10-31 22:59:00.792   372   376 D DrmLibTime: QSEE Time Listener: Checking if ATS_MODEM is set or not.
10-31 22:59:00.792   372   376 D QC-time-services: Lib:time_genoff_operation: pargs->base = 13
10-31 22:59:00.792   372   376 D QC-time-services: Lib:time_genoff_operation: pargs->operation = 2
10-31 22:59:00.792   372   376 D QC-time-services: Lib:time_genoff_operation: pargs->ts_val = 0
10-31 22:59:00.792   372   376 D QC-time-services: Lib:time_genoff_operation: Send to server  passed!!
10-31 22:59:00.792   625   647 D QC-time-services: Daemon: Connection accepted:time_genoff
10-31 22:59:00.793   625 13013 D QC-time-services: Daemon:Received base = 13, unit = 1, operation = 2,value = 0
10-31 22:59:00.793   625 13013 D QC-time-services: Daemon:genoff_opr: Base = 13, val = 0, operation = 2
10-31 22:59:00.793   625 13013 D QC-time-services: offset is: 0 for base: 13
10-31 22:59:00.793   372   376 E QC-time-services: Receive Passed == base = 13, unit = 1, operation = 2, result = 0
10-31 22:59:00.793   372   376 D DrmLibTime: QSEE Time Listener: ATS_MODEM is not set. Fallback to Android system time.
10-31 22:59:00.793   372   376 D DrmLibTime: QSEE Time Listener: Retrieved Android system time: 1667253540
10-31 22:59:00.793   372   376 D DrmLibTime: time_getutcsec returns 0, sec = 1667253540; nsec = 0
10-31 22:59:00.793   372   376 D DrmLibTime: time_getutcsec finished! 
10-31 22:59:00.793   372   376 D DrmLibTime: iotcl_continue_command finished! and return 0 
10-31 22:59:00.793   372   376 D DrmLibTime: before calling ioctl to read the next time_cmd
10-31 22:59:00.793   625   647 E QC-time-services: Daemon: Time-services: Waiting to acceptconnection
10-31 22:59:00.816   562  5487 D WVCdm   : OEMCrypto_Initialize Level 1 success. I will use level 1.
10-31 22:59:00.816   562  5487 D WVCdm   : CryptoSession::Open: Lock: requested_security_level: L3
10-31 22:59:00.827 12063 12063 I cr_media: Provisioning origin ID 16EDD79D42DBAAE5A7BDFC7DC61AB80F
10-31 22:59:00.829 12063 12063 I MediaDrm: Drm event (1,0)
10-31 22:59:00.829 12063 12063 E cr_media: EventListener: No session for event 1.
10-31 22:59:00.862 13014 13014 E /system/bin/webview_zygote32: failed to make and chown /acct/uid_99947: Permission denied
10-31 22:59:00.862 13014 13014 E Zygote  : createProcessGroup(99947, 0) failed: Permission denied
10-31 22:59:00.869   772  1327 I ActivityManager: Start proc 13014:com.android.chrome:sandboxed_process30/u0i947 for webview_service com.android.chrome/org.chromium.content.app.SandboxedProcessService30
10-31 22:59:00.883   562 28303 D QSEECOMAPI: : QSEECom_dealloc_memory 
10-31 22:59:00.883   562 28303 D QSEECOMAPI: : QSEECom_shutdown_app, app_id = 3526
10-31 22:59:00.889 13014 13014 I SamplingProfilerIntegration: Profiling disabled.
10-31 22:59:00.901 12063 12063 I cr_media: Create MediaDrmBridge with level L1 and origin 16EDD79D42DBAAE5A7BDFC7DC61AB80F
10-31 22:59:00.903   361   361 W /system/bin/hwservicemanager: getTransportFromManifest: Cannot find entry android.hardware.drm@1.0::IDrmFactory in either framework or device manifest, using default transport.
10-31 22:59:00.906   562   562 I DrmHal  : makeDrmFactories: using default drm instance
10-31 22:59:00.908   361   361 W /system/bin/hwservicemanager: getTransportFromManifest: Cannot find entry android.hardware.drm@1.0::IDrmFactory in either framework or device manifest, using default transport.
10-31 22:59:00.909 13030 13030 E asset   : setgid: Operation not permitted
10-31 22:59:00.910   562  5487 I DrmHal  : makeDrmFactories: using default drm instance
10-31 22:59:00.912   562 19051 I WVCdm   : CdmEngine::QueryStatus
10-31 22:59:00.912   562 19051 I WVCdm   : Level3 Library 4445 May 19 2017 17:17:20
10-31 22:59:00.915   562 19051 D QSEECOMAPI: : QSEECom_get_handle sb_length = 0x19000
10-31 22:59:00.916   562 19051 D QSEECOMAPI: : App is not loaded in QSEE
10-31 22:59:00.936 13014 13014 I cr_SplitCompatApp: Launched version=106.0.5249.79 minSdkVersion=24 isBundle=true processName=com.android.chrome:sandboxed_process30 isIsolated=true
10-31 22:59:00.941 13014 13014 W SystemServiceRegistry: No service published for: uimode
10-31 22:59:00.950 13014 13014 I cr_ChildProcessService: Creating new ChildProcessService pid=13014
10-31 22:59:00.957 13014 13014 E WebViewFactory: can't load with relro file; address space not reserved
10-31 22:59:00.962   562 19051 D QSEECOMAPI: : Loaded image: APP id = 3527
10-31 22:59:00.966   562 19051 D QSAPPSVER: qsapps_get_capabilities: Capability from secure side: 0x0
10-31 22:59:00.966   562 19051 D QSAPPSVER: qsapps_get_capabilities: returns 0
10-31 22:59:00.966   562 19051 E DrmWidevineDash: sion_buffer g_wv_fhandle->ion_sbuffer  0x0xeeb39000
10-31 22:59:00.968 13014 13034 I cr_LibraryLoader: Successfully loaded native library
10-31 22:59:00.969 13014 13034 I cr_CachingUmaRecorder: Flushed 3 samples from 3 histograms.
10-31 22:59:00.969   372   376 D DrmLibTime: got the req here! ret=0
10-31 22:59:00.969   372   376 D DrmLibTime: command id, time_cmd_id = 770
10-31 22:59:00.969   372   376 D DrmLibTime: time_getutcsec starts!
10-31 22:59:00.969   372   376 D DrmLibTime: QSEE Time Listener: time_getutcsec
10-31 22:59:00.969   372   376 D DrmLibTime: QSEE Time Listener: get_utc_seconds
10-31 22:59:00.969   372   376 D DrmLibTime: QSEE Time Listener: time_get_modem_time
10-31 22:59:00.969   372   376 D DrmLibTime: QSEE Time Listener: Checking if ATS_MODEM is set or not.
10-31 22:59:00.969   372   376 D QC-time-services: Lib:time_genoff_operation: pargs->base = 13
10-31 22:59:00.969   372   376 D QC-time-services: Lib:time_genoff_operation: pargs->operation = 2
10-31 22:59:00.969   372   376 D QC-time-services: Lib:time_genoff_operation: pargs->ts_val = 0
10-31 22:59:00.970   372   376 D QC-time-services: Lib:time_genoff_operation: Send to server  passed!!
10-31 22:59:00.970   625   647 D QC-time-services: Daemon: Connection accepted:time_genoff
10-31 22:59:00.970   625 13035 D QC-time-services: Daemon:Received base = 13, unit = 1, operation = 2,value = 0
10-31 22:59:00.970   625 13035 D QC-time-services: Daemon:genoff_opr: Base = 13, val = 0, operation = 2
10-31 22:59:00.970   625 13035 D QC-time-services: offset is: 0 for base: 13
10-31 22:59:00.970   372   376 E QC-time-services: Receive Passed == base = 13, unit = 1, operation = 2, result = 0
10-31 22:59:00.970   372   376 D DrmLibTime: QSEE Time Listener: ATS_MODEM is not set. Fallback to Android system time.
10-31 22:59:00.970   372   376 D DrmLibTime: QSEE Time Listener: Retrieved Android system time: 1667253540
10-31 22:59:00.970   372   376 D DrmLibTime: time_getutcsec returns 0, sec = 1667253540; nsec = 0
10-31 22:59:00.970   372   376 D DrmLibTime: time_getutcsec finished! 
10-31 22:59:00.970   372   376 D DrmLibTime: iotcl_continue_command finished! and return 0 
10-31 22:59:00.970   372   376 D DrmLibTime: before calling ioctl to read the next time_cmd
10-31 22:59:00.971   625   647 E QC-time-services: Daemon: Time-services: Waiting to acceptconnection
10-31 22:59:00.996   562 19051 D WVCdm   : OEMCrypto_Initialize Level 1 success. I will use level 1.
10-31 22:59:00.997   562 19051 D QSEECOMAPI: : QSEECom_dealloc_memory 
10-31 22:59:00.997   562 19051 D QSEECOMAPI: : QSEECom_shutdown_app, app_id = 3527
10-31 22:59:01.011 13039 13039 W ThreadPoolForeg: type=1400 audit(0.0:19755): avc: denied { setattr } for name="LICENSE.txt" dev="dm-2" ino=1505092 scontext=u:r:isolated_app:s0:c512,c768 tcontext=u:object_r:app_data_file:s0:c512,c768 tclass=file permissive=0
10-31 22:59:01.015 13039 13039 W ThreadPoolForeg: type=1400 audit(0.0:19756): avc: denied { setattr } for name=46696C746572696E672052756C6573 dev="dm-2" ino=1505093 scontext=u:r:isolated_app:s0:c512,c768 tcontext=u:object_r:app_data_file:s0:c512,c768 tclass=file permissive=0
10-31 22:59:01.018 13039 13039 W ThreadPoolForeg: type=1400 audit(0.0:19757): avc: denied { setattr } for name="manifest.json" dev="dm-2" ino=1505094 scontext=u:r:isolated_app:s0:c512,c768 tcontext=u:object_r:app_data_file:s0:c512,c768 tclass=file permissive=0
10-31 22:59:01.019   562   644 I WVCdm   : CdmEngine::OpenSession
10-31 22:59:01.019   562   644 I WVCdm   : Level3 Library 4445 May 19 2017 17:17:20
10-31 22:59:01.021 13039 13039 W ThreadPoolForeg: type=1400 audit(0.0:19758): avc: denied { setattr } for name="verified_contents.json" dev="dm-2" ino=1505106 scontext=u:r:isolated_app:s0:c512,c768 tcontext=u:object_r:app_data_file:s0:c512,c768 tclass=file permissive=0
10-31 22:59:01.024   562   644 D QSEECOMAPI: : QSEECom_get_handle sb_length = 0x19000
10-31 22:59:01.024   562   644 D QSEECOMAPI: : App is not loaded in QSEE
10-31 22:59:01.031 13014 13034 I chromium: [INFO:child_process_service.cc(69)] ChildProcessService: Exiting child process.
10-31 22:59:01.032   422   422 E lowmemorykiller: Error writing /proc/13014/oom_score_adj; errno=22
10-31 22:59:01.033   772  1327 I ActivityManager: Killing 13014:com.android.chrome:sandboxed_process30/u0a60i947 (adj 0): isolated not needed
10-31 22:59:01.033   772   790 W zygote64: failed to open /acct/uid_99947/pid_13014/cgroup.procs: No such file or directory
10-31 22:59:01.072   562   644 D QSEECOMAPI: : Loaded image: APP id = 3528
10-31 22:59:01.075   562   644 D QSAPPSVER: qsapps_get_capabilities: Capability from secure side: 0x0
10-31 22:59:01.075   562   644 D QSAPPSVER: qsapps_get_capabilities: returns 0
10-31 22:59:01.075   562   644 E DrmWidevineDash: sion_buffer g_wv_fhandle->ion_sbuffer  0x0xeeb39000
10-31 22:59:01.077   372   376 D DrmLibTime: got the req here! ret=0
10-31 22:59:01.077   372   376 D DrmLibTime: command id, time_cmd_id = 770
10-31 22:59:01.077   372   376 D DrmLibTime: time_getutcsec starts!
10-31 22:59:01.077   372   376 D DrmLibTime: QSEE Time Listener: time_getutcsec
10-31 22:59:01.077   372   376 D DrmLibTime: QSEE Time Listener: get_utc_seconds
10-31 22:59:01.077   372   376 D DrmLibTime: QSEE Time Listener: time_get_modem_time
10-31 22:59:01.077   372   376 D DrmLibTime: QSEE Time Listener: Checking if ATS_MODEM is set or not.
10-31 22:59:01.077   372   376 D QC-time-services: Lib:time_genoff_operation: pargs->base = 13
10-31 22:59:01.077   372   376 D QC-time-services: Lib:time_genoff_operation: pargs->operation = 2
10-31 22:59:01.077   372   376 D QC-time-services: Lib:time_genoff_operation: pargs->ts_val = 0
10-31 22:59:01.077   372   376 D QC-time-services: Lib:time_genoff_operation: Send to server  passed!!
10-31 22:59:01.077   625   647 D QC-time-services: Daemon: Connection accepted:time_genoff
10-31 22:59:01.078   625 13042 D QC-time-services: Daemon:Received base = 13, unit = 1, operation = 2,value = 0
10-31 22:59:01.078   625 13042 D QC-time-services: Daemon:genoff_opr: Base = 13, val = 0, operation = 2
10-31 22:59:01.078   625 13042 D QC-time-services: offset is: 0 for base: 13
10-31 22:59:01.078   372   376 E QC-time-services: Receive Passed == base = 13, unit = 1, operation = 2, result = 0
10-31 22:59:01.078   372   376 D DrmLibTime: QSEE Time Listener: ATS_MODEM is not set. Fallback to Android system time.
10-31 22:59:01.078   372   376 D DrmLibTime: QSEE Time Listener: Retrieved Android system time: 1667253541
10-31 22:59:01.078   372   376 D DrmLibTime: time_getutcsec returns 0, sec = 1667253541; nsec = 0
10-31 22:59:01.078   372   376 D DrmLibTime: time_getutcsec finished! 
10-31 22:59:01.078   372   376 D DrmLibTime: iotcl_continue_command finished! and return 0 
10-31 22:59:01.078   372   376 D DrmLibTime: before calling ioctl to read the next time_cmd
10-31 22:59:01.078   625   647 E QC-time-services: Daemon: Time-services: Waiting to acceptconnection
10-31 22:59:01.099   562   644 D WVCdm   : OEMCrypto_Initialize Level 1 success. I will use level 1.
10-31 22:59:01.100   562   644 D WVCdm   : CryptoSession::Open: Lock: requested_security_level: Default
10-31 22:59:01.102   562   644 W WVCdm   : DeviceFiles::RetrieveHashedFile: /data/mediadrm/IDM1013/L1/cert.bin does not exist
10-31 22:59:01.103   562   644 D QSEECOMAPI: : QSEECom_dealloc_memory 
10-31 22:59:01.103   562   644 D QSEECOMAPI: : QSEECom_shutdown_app, app_id = 3528
10-31 22:59:01.122   562  5487 I WVCdm   : Level3 Library 4445 May 19 2017 17:17:20
10-31 22:59:01.127   562  5487 D QSEECOMAPI: : QSEECom_get_handle sb_length = 0x19000
10-31 22:59:01.127   562  5487 D QSEECOMAPI: : App is not loaded in QSEE
10-31 22:59:01.177   562  5487 D QSEECOMAPI: : Loaded image: APP id = 3529
10-31 22:59:01.181   562  5487 D QSAPPSVER: qsapps_get_capabilities: Capability from secure side: 0x0
10-31 22:59:01.181   562  5487 D QSAPPSVER: qsapps_get_capabilities: returns 0
10-31 22:59:01.181   562  5487 E DrmWidevineDash: sion_buffer g_wv_fhandle->ion_sbuffer  0x0xeeb39000
10-31 22:59:01.183   372   376 D DrmLibTime: got the req here! ret=0
10-31 22:59:01.183   372   376 D DrmLibTime: command id, time_cmd_id = 770
10-31 22:59:01.183   372   376 D DrmLibTime: time_getutcsec starts!
10-31 22:59:01.183   372   376 D DrmLibTime: QSEE Time Listener: time_getutcsec
10-31 22:59:01.183   372   376 D DrmLibTime: QSEE Time Listener: get_utc_seconds
10-31 22:59:01.183   372   376 D DrmLibTime: QSEE Time Listener: time_get_modem_time
10-31 22:59:01.183   372   376 D DrmLibTime: QSEE Time Listener: Checking if ATS_MODEM is set or not.
10-31 22:59:01.183   372   376 D QC-time-services: Lib:time_genoff_operation: pargs->base = 13
10-31 22:59:01.183   372   376 D QC-time-services: Lib:time_genoff_operation: pargs->operation = 2
10-31 22:59:01.183   372   376 D QC-time-services: Lib:time_genoff_operation: pargs->ts_val = 0
10-31 22:59:01.183   372   376 D QC-time-services: Lib:time_genoff_operation: Send to server  passed!!
10-31 22:59:01.184   625   647 D QC-time-services: Daemon: Connection accepted:time_genoff
10-31 22:59:01.184   625 13043 D QC-time-services: Daemon:Received base = 13, unit = 1, operation = 2,value = 0
10-31 22:59:01.184   625 13043 D QC-time-services: Daemon:genoff_opr: Base = 13, val = 0, operation = 2
10-31 22:59:01.184   625 13043 D QC-time-services: offset is: 0 for base: 13
10-31 22:59:01.184   372   376 E QC-time-services: Receive Passed == base = 13, unit = 1, operation = 2, result = 0
10-31 22:59:01.184   372   376 D DrmLibTime: QSEE Time Listener: ATS_MODEM is not set. Fallback to Android system time.
10-31 22:59:01.184   372   376 D DrmLibTime: QSEE Time Listener: Retrieved Android system time: 1667253541
10-31 22:59:01.184   372   376 D DrmLibTime: time_getutcsec returns 0, sec = 1667253541; nsec = 0
10-31 22:59:01.184   372   376 D DrmLibTime: time_getutcsec finished! 
10-31 22:59:01.184   372   376 D DrmLibTime: iotcl_continue_command finished! and return 0 
10-31 22:59:01.184   372   376 D DrmLibTime: before calling ioctl to read the next time_cmd
10-31 22:59:01.185   625   647 E QC-time-services: Daemon: Time-services: Waiting to acceptconnection
10-31 22:59:01.210   562  5487 D WVCdm   : OEMCrypto_Initialize Level 1 success. I will use level 1.
10-31 22:59:01.210   562  5487 D WVCdm   : CryptoSession::Open: Lock: requested_security_level: Default
10-31 22:59:01.280   562  5487 E DrmWidevineDash: OEMCrypto_GenerateSignature : input wrapped_rsa_key == NULL!, return short buffer
