10-31 22:59:01.283 12063 12063 I cr_media: Provisioning origin ID 16EDD79D42DBAAE5A7BDFC7DC61AB80F
10-31 22:59:01.288 12063 12063 W chromium: [WARNING:compositor_view.cc(342)] Child process died (type=6) pid=13014)
10-31 22:59:01.293 12063 12063 I MediaDrm: Drm event (1,0)
10-31 22:59:01.294 12063 12063 E cr_media: EventListener: No session for event 1.
10-31 22:59:01.332   562 19050 E DrmWidevineDash: OEMCrypto_RewrapDeviceRSAKey : input wrapped_rsa_key == NULL!, return short buffer
10-31 22:59:01.348   562 19050 D QSEECOMAPI: : QSEECom_dealloc_memory 
10-31 22:59:01.348   562 19050 D QSEECOMAPI: : QSEECom_shutdown_app, app_id = 3529
10-31 22:59:02.894 13044 13044 E /system/bin/webview_zygote32: failed to make and chown /acct/uid_99948: Permission denied
10-31 22:59:02.894 13044 13044 E Zygote  : createProcessGroup(99948, 0) failed: Permission denied
10-31 22:59:02.898   772 13022 I ActivityManager: Start proc 13044:com.android.chrome:sandboxed_process31/u0i948 for webview_service com.android.chrome/org.chromium.content.app.SandboxedProcessService31
10-31 22:59:02.916 13044 13044 I SamplingProfilerIntegration: Profiling disabled.
10-31 22:59:02.936 13057 13057 E asset   : setgid: Operation not permitted
10-31 22:59:02.967 13044 13044 I cr_SplitCompatApp: Launched version=106.0.5249.79 minSdkVersion=24 isBundle=true processName=com.android.chrome:sandboxed_process31 isIsolated=true
10-31 22:59:02.973 13044 13044 W SystemServiceRegistry: No service published for: uimode
10-31 22:59:02.984 13044 13044 I cr_ChildProcessService: Creating new ChildProcessService pid=13044
10-31 22:59:02.993 13044 13044 E WebViewFactory: can't load with relro file; address space not reserved
10-31 22:59:03.006 13044 13058 I cr_LibraryLoader: Successfully loaded native library
10-31 22:59:03.007 13044 13058 I cr_CachingUmaRecorder: Flushed 3 samples from 3 histograms.
10-31 22:59:03.078 13061 13061 W ThreadPoolForeg: type=1400 audit(0.0:19759): avc: denied { setattr } for name="tl_en-us_2022-10-26_484799359_100000_index.bin" dev="dm-2" ino=1505114 scontext=u:r:isolated_app:s0:c512,c768 tcontext=u:object_r:app_data_file:s0:c512,c768 tclass=file permissive=0
10-31 22:59:03.078 13061 13061 W ThreadPoolForeg: type=1400 audit(0.0:19760): avc: denied { setattr } for name="manifest.json" dev="dm-2" ino=1505115 scontext=u:r:isolated_app:s0:c512,c768 tcontext=u:object_r:app_data_file:s0:c512,c768 tclass=file permissive=0
10-31 22:59:03.081 13061 13061 W ThreadPoolForeg: type=1400 audit(0.0:19761): avc: denied { setattr } for name="verified_contents.json" dev="dm-2" ino=1505117 scontext=u:r:isolated_app:s0:c512,c768 tcontext=u:object_r:app_data_file:s0:c512,c768 tclass=file permissive=0
10-31 22:59:03.095   772 13022 I ActivityManager: Killing 13044:com.android.chrome:sandboxed_process31/u0a60i948 (adj 0): isolated not needed
10-31 22:59:03.096   772   790 W zygote64: failed to open /acct/uid_99948/pid_13044/cgroup.procs: No such file or directory
10-31 22:59:03.115 12063 12063 W chromium: [WARNING:compositor_view.cc(342)] Child process died (type=6) pid=13044)
10-31 22:59:05.129 13065 13065 E /system/bin/webview_zygote32: failed to make and chown /acct/uid_99949: Permission denied
10-31 22:59:05.129 13065 13065 E Zygote  : createProcessGroup(99949, 0) failed: Permission denied
10-31 22:59:05.131   772  1327 I ActivityManager: Start proc 13065:com.android.chrome:sandboxed_process32/u0i949 for webview_service com.android.chrome/org.chromium.content.app.SandboxedProcessService32
10-31 22:59:05.149 13065 13065 I SamplingProfilerIntegration: Profiling disabled.
10-31 22:59:05.168 13079 13079 E asset   : setgid: Operation not permitted
10-31 22:59:05.200 13065 13065 I cr_SplitCompatApp: Launched version=106.0.5249.79 minSdkVersion=24 isBundle=true processName=com.android.chrome:sandboxed_process32 isIsolated=true
10-31 22:59:05.206 13065 13065 W SystemServiceRegistry: No service published for: uimode
10-31 22:59:05.217 13065 13065 I cr_ChildProcessService: Creating new ChildProcessService pid=13065
10-31 22:59:05.226 13065 13065 E WebViewFactory: can't load with relro file; address space not reserved
10-31 22:59:05.239 13065 13082 I cr_LibraryLoader: Successfully loaded native library
10-31 22:59:05.240 13065 13082 I cr_CachingUmaRecorder: Flushed 3 samples from 3 histograms.
10-31 22:59:05.271 13086 13086 W ThreadPoolForeg: type=1400 audit(0.0:19762): avc: denied { setattr } for name="optimization-hints.pb" dev="dm-2" ino=1505120 scontext=u:r:isolated_app:s0:c512,c768 tcontext=u:object_r:app_data_file:s0:c512,c768 tclass=file permissive=0
10-31 22:59:05.275 13086 13086 W ThreadPoolForeg: type=1400 audit(0.0:19763): avc: denied { setattr } for name="manifest.json" dev="dm-2" ino=1505121 scontext=u:r:isolated_app:s0:c512,c768 tcontext=u:object_r:app_data_file:s0:c512,c768 tclass=file permissive=0
10-31 22:59:05.278 13086 13086 W ThreadPoolForeg: type=1400 audit(0.0:19764): avc: denied { setattr } for name="verified_contents.json" dev="dm-2" ino=1505123 scontext=u:r:isolated_app:s0:c512,c768 tcontext=u:object_r:app_data_file:s0:c512,c768 tclass=file permissive=0
10-31 22:59:05.293 13065 13082 I chromium: [INFO:child_process_service.cc(69)] ChildProcessService: Exiting child process.
10-31 22:59:05.296   422   422 E lowmemorykiller: Error writing /proc/13065/oom_score_adj; errno=22
10-31 22:59:05.296   772  4540 I ActivityManager: Killing 13065:com.android.chrome:sandboxed_process32/u0a60i949 (adj 0): isolated not needed
10-31 22:59:05.297   772   790 W zygote64: failed to open /acct/uid_99949/pid_13065/cgroup.procs: No such file or directory
10-31 22:59:05.309 12063 12063 W chromium: [WARNING:compositor_view.cc(342)] Child process died (type=6) pid=13065)
10-31 22:59:07.548 13090 13090 E /system/bin/webview_zygote32: failed to make and chown /acct/uid_99950: Permission denied
10-31 22:59:07.548 13090 13090 E Zygote  : createProcessGroup(99950, 0) failed: Permission denied
10-31 22:59:07.550   772 13022 I ActivityManager: Start proc 13090:com.android.chrome:sandboxed_process33/u0i950 for webview_service com.android.chrome/org.chromium.content.app.SandboxedProcessService33
10-31 22:59:07.565 13090 13090 I SamplingProfilerIntegration: Profiling disabled.
10-31 22:59:07.588 13103 13103 E asset   : setgid: Operation not permitted
10-31 22:59:07.617 13090 13090 I cr_SplitCompatApp: Launched version=106.0.5249.79 minSdkVersion=24 isBundle=true processName=com.android.chrome:sandboxed_process33 isIsolated=true
10-31 22:59:07.624 13090 13090 W SystemServiceRegistry: No service published for: uimode
10-31 22:59:07.634 13090 13090 I cr_ChildProcessService: Creating new ChildProcessService pid=13090
10-31 22:59:07.644 13090 13090 E WebViewFactory: can't load with relro file; address space not reserved
10-31 22:59:07.656 13090 13104 I cr_LibraryLoader: Successfully loaded native library
10-31 22:59:07.658 13090 13104 I cr_CachingUmaRecorder: Flushed 3 samples from 3 histograms.
10-31 22:59:07.691 13107 13107 W ThreadPoolForeg: type=1400 audit(0.0:19765): avc: denied { setattr } for name="ssl_error_assistant.pb" dev="dm-2" ino=1505126 scontext=u:r:isolated_app:s0:c512,c768 tcontext=u:object_r:app_data_file:s0:c512,c768 tclass=file permissive=0
10-31 22:59:07.691 13107 13107 W ThreadPoolForeg: type=1400 audit(0.0:19766): avc: denied { setattr } for name="ssl_error_assistant.pb" dev="dm-2" ino=1505126 scontext=u:r:isolated_app:s0:c512,c768 tcontext=u:object_r:app_data_file:s0:c512,c768 tclass=file permissive=0
10-31 22:59:07.691 13107 13107 W ThreadPoolForeg: type=1400 audit(0.0:19767): avc: denied { setattr } for name="manifest.json" dev="dm-2" ino=1505127 scontext=u:r:isolated_app:s0:c512,c768 tcontext=u:object_r:app_data_file:s0:c512,c768 tclass=file permissive=0
10-31 22:59:07.698 13107 13107 W ThreadPoolForeg: type=1400 audit(0.0:19768): avc: denied { setattr } for name="verified_contents.json" dev="dm-2" ino=1505129 scontext=u:r:isolated_app:s0:c512,c768 tcontext=u:object_r:app_data_file:s0:c512,c768 tclass=file permissive=0
10-31 22:59:07.712   772 10893 I ActivityManager: Killing 13090:com.android.chrome:sandboxed_process33/u0a60i950 (adj 0): isolated not needed
10-31 22:59:07.712   772   790 W zygote64: failed to open /acct/uid_99950/pid_13090/cgroup.procs: No such file or directory
10-31 22:59:07.733 12063 12063 W chromium: [WARNING:compositor_view.cc(342)] Child process died (type=6) pid=13090)
10-31 22:59:10.502 13111 13111 E /system/bin/webview_zygote32: failed to make and chown /acct/uid_99951: Permission denied
10-31 22:59:10.502 13111 13111 E Zygote  : createProcessGroup(99951, 0) failed: Permission denied
10-31 22:59:10.504   772  3037 I ActivityManager: Start proc 13111:com.android.chrome:sandboxed_process34/u0i951 for webview_service com.android.chrome/org.chromium.content.app.SandboxedProcessService34
10-31 22:59:10.529 13111 13111 I SamplingProfilerIntegration: Profiling disabled.
10-31 22:59:10.553 13124 13124 E asset   : setgid: Operation not permitted
10-31 22:59:10.585 13111 13111 I cr_SplitCompatApp: Launched version=106.0.5249.79 minSdkVersion=24 isBundle=true processName=com.android.chrome:sandboxed_process34 isIsolated=true
10-31 22:59:10.591 13111 13111 W SystemServiceRegistry: No service published for: uimode
10-31 22:59:10.603 13111 13111 I cr_ChildProcessService: Creating new ChildProcessService pid=13111
10-31 22:59:10.613 13111 13111 E WebViewFactory: can't load with relro file; address space not reserved
10-31 22:59:10.625 13111 13125 I cr_LibraryLoader: Successfully loaded native library
10-31 22:59:10.626 13111 13125 I cr_CachingUmaRecorder: Flushed 3 samples from 3 histograms.
10-31 22:59:10.661 13131 13131 W ThreadPoolForeg: type=1400 audit(0.0:19769): avc: denied { setattr } for name="download_file_types.pb" dev="dm-2" ino=1505132 scontext=u:r:isolated_app:s0:c512,c768 tcontext=u:object_r:app_data_file:s0:c512,c768 tclass=file permissive=0
10-31 22:59:10.661 13131 13131 W ThreadPoolForeg: type=1400 audit(0.0:19770): avc: denied { setattr } for name="download_file_types.pb" dev="dm-2" ino=1505132 scontext=u:r:isolated_app:s0:c512,c768 tcontext=u:object_r:app_data_file:s0:c512,c768 tclass=file permissive=0
10-31 22:59:10.665 13131 13131 W ThreadPoolForeg: type=1400 audit(0.0:19771): avc: denied { setattr } for name="manifest.json" dev="dm-2" ino=1505133 scontext=u:r:isolated_app:s0:c512,c768 tcontext=u:object_r:app_data_file:s0:c512,c768 tclass=file permissive=0
10-31 22:59:10.671 13131 13131 W ThreadPoolForeg: type=1400 audit(0.0:19772): avc: denied { setattr } for name="verified_contents.json" dev="dm-2" ino=1505136 scontext=u:r:isolated_app:s0:c512,c768 tcontext=u:object_r:app_data_file:s0:c512,c768 tclass=file permissive=0
10-31 22:59:10.682 13111 13125 I chromium: [INFO:child_process_service.cc(69)] ChildProcessService: Exiting child process.
10-31 22:59:10.685   772  1327 I ActivityManager: Killing 13111:com.android.chrome:sandboxed_process34/u0a60i951 (adj 0): isolated not needed
10-31 22:59:10.688   772   790 W zygote64: failed to open /acct/uid_99951/pid_13111/cgroup.procs: No such file or directory
10-31 22:59:10.702 12063 12063 W chromium: [WARNING:compositor_view.cc(342)] Child process died (type=6) pid=13111)
10-31 22:59:12.464   772 10860 I ActivityManager: Force stopping com.android.chrome appid=10060 user=0: from pid 13144
10-31 22:59:12.464   772 10860 I ActivityManager: Killing 12135:com.android.chrome:privileged_process0/u0a60 (adj 0): stop com.android.chrome
10-31 22:59:12.466   772 10860 W ActivityManager: Scheduling restart of crashed service com.android.chrome/org.chromium.content.app.PrivilegedProcessService0 in 1000ms
10-31 22:59:12.471   772 10860 I ActivityManager: Killing 12063:com.android.chrome/u0a60 (adj 0): stop com.android.chrome
10-31 22:59:12.479 12842 12842 I TTS     : Flushing cache
10-31 22:59:12.479   772 10860 W ActivityManager: Force removing ActivityRecord{ca64648 u0 com.android.chrome/com.google.android.apps.chrome.Main t965}: app died, no saved state
10-31 22:59:12.479 29692 29692 D BoundBrokerSvc: onUnbind: Intent { act=com.google.android.gms.auth.key.retrieval.service.START dat=chimera-action:com.google.android.gms.auth.key.retrieval.service.START cmp=com.google.android.gms/.chimera.GmsApiService }
10-31 22:59:12.481 12104 12104 I cr_ChildProcessService: Destroying ChildProcessService pid=12104
10-31 22:59:12.483   772 10860 I WindowManager: Failed to capture screenshot of Token{fe60ce1 ActivityRecord{ca64648 u0 com.android.chrome/com.google.android.apps.chrome.Main t965 f}} appWin=Window{92d408d u0 com.android.chrome/com.google.android.apps.chrome.Main} drawState=4
10-31 22:59:12.485 12595 12595 I cr_ChildProcessService: Destroying ChildProcessService pid=12595
10-31 22:59:12.496   772 10860 I ActivityManager: Killing 12595:com.android.chrome:sandboxed_process16/u0a60i933 (adj 0): isolated not needed
10-31 22:59:12.497   772 10860 I ActivityManager: Killing 12104:com.android.chrome:sandboxed_process0/u0a60i917 (adj 0): isolated not needed
10-31 22:59:12.502 11026 11026 I MemoryTrimmer: Trimming objects from memory, since app is in the background.
10-31 22:59:12.510  1311  1311 D CarrierSvcBindHelper: No carrier app for: 0
10-31 22:59:12.527  2964  2964 D RegisteredNfcFServicesCache: Service unchanged, not updating
10-31 22:59:12.537  8266  8321 I Adreno  : QUALCOMM build                   : 7142022, Ib5823dd10c
10-31 22:59:12.537  8266  8321 I Adreno  : Build Date                       : 06/23/17
10-31 22:59:12.537  8266  8321 I Adreno  : OpenGL ES Shader Compiler Version: EV031.18.00.00
10-31 22:59:12.537  8266  8321 I Adreno  : Local Branch                     : O11A
10-31 22:59:12.537  8266  8321 I Adreno  : Remote Branch                    : 
10-31 22:59:12.537  8266  8321 I Adreno  : Remote Branch                    : 
10-31 22:59:12.537  8266  8321 I Adreno  : Reconstruct Branch               : 
10-31 22:59:12.541  8266  8321 I vndksupport: sphal namespace is not configured for this process. Loading /vendor/lib64/hw/gralloc.msm8992.so from the current namespace instead.
10-31 22:59:12.544   772   785 D ConnectivityService: ConnectivityService NetworkRequestInfo binderDied(NetworkRequest [ LISTEN id=2388, [ Capabilities: INTERNET&NOT_RESTRICTED&TRUSTED&FOREGROUND] ], android.os.BinderProxy@8d8750)
10-31 22:59:12.544   772  1259 D ConnectivityService: ConnectivityService NetworkRequestInfo binderDied(NetworkRequest [ LISTEN id=2387, [ Capabilities: INTERNET&NOT_RESTRICTED&TRUSTED&FOREGROUND] ], android.os.BinderProxy@35d2d49)
10-31 22:59:12.545   772   862 E ConnectivityService: RemoteException caught trying to send a callback msg for NetworkRequest [ LISTEN id=2388, [ Capabilities: INTERNET&NOT_RESTRICTED&TRUSTED&FOREGROUND] ]
10-31 22:59:12.545   772 10893 D ConnectivityService: ConnectivityService NetworkRequestInfo binderDied(NetworkRequest [ LISTEN id=2386, [ Capabilities: INTERNET&NOT_RESTRICTED&TRUSTED&FOREGROUND] ], android.os.BinderProxy@1eeb64e)
10-31 22:59:12.545   772   797 W ActivityManager: setHasOverlayUi called on unknown pid: 12063
10-31 22:59:12.545   772   862 E ConnectivityService: RemoteException caught trying to send a callback msg for NetworkRequest [ LISTEN id=2387, [ Capabilities: INTERNET&NOT_RESTRICTED&TRUSTED&FOREGROUND] ]
10-31 22:59:12.546   772   862 E ConnectivityService: RemoteException caught trying to send a callback msg for NetworkRequest [ LISTEN id=2386, [ Capabilities: INTERNET&NOT_RESTRICTED&TRUSTED&FOREGROUND] ]
10-31 22:59:12.548  8266  8321 I Adreno  : PFP: 0x00000000, ME: 0x00000000
10-31 22:59:12.554  8266  8321 I OpenGLRenderer: Initialized EGL, version 1.4
10-31 22:59:12.554  8266  8321 D OpenGLRenderer: Swap behavior 2
10-31 22:59:12.564   772   790 W zygote64: failed to open /acct/uid_99933/pid_12595/cgroup.procs: No such file or directory
10-31 22:59:12.564   772   790 W zygote64: failed to open /acct/uid_99917/pid_12104/cgroup.procs: No such file or directory
10-31 22:59:12.603   772  4540 W ActivityManager: Unable to start service Intent { act=com.google.android.gms.speech.service.START pkg=com.google.android.gms } U=0: not found
10-31 22:59:12.605   772  1324 W ActivityManager: Unbind failed: could not find connection for android.os.BinderProxy@1d048ac
10-31 22:59:12.605 11026 11073 E GmsClient: unable to connect to service: com.google.android.gms.speech.service.START on com.google.android.gms
10-31 22:59:12.635 11026 11043 W SessionLifecycleManager: Handover failed. Creating new session controller.
10-31 22:59:12.639 11026 11026 I OptInState: There is a new client and it does not support opt-in. Dropping request.
10-31 22:59:12.683 11026 11026 I MicroDetectionWorker: #updateMicroDetector [detectionMode: [mDetectionMode: [1]]]
10-31 22:59:12.684 11026 11026 I MicroDetectionWorker: #startMicroDetector [speakerMode: 0]
10-31 22:59:12.688 11026 11026 I MicroDetectionWorker: onReady
10-31 22:59:12.692 11026 11225 I MicroRecognitionRunner: Starting detection.
10-31 22:59:12.693 11026 11052 I MicrophoneInputStream: mic_starting com.google.android.apps.gsa.speech.audio.af@d7439a2
10-31 22:59:12.694   556   688 W DeviceHAL: Device 0xefa2d000 open_input_stream: Invalid argument
10-31 22:59:12.698   556 13158 I AudioFlinger: AudioFlinger's thread 0xec603380 tid=13158 ready to run
10-31 22:59:12.707   556   753 I SoundTriggerHwService::Module: onCallbackEvent no clients
10-31 22:59:12.708 11026 11052 I MicrophoneInputStream: mic_started com.google.android.apps.gsa.speech.audio.af@d7439a2
10-31 22:59:12.710   556 13159 D sound_trigger_platform: platform_stdev_check_and_update_concurrency: concurrency active 0, tx 1, rx 0, concurrency session_allowed 0
10-31 22:59:12.710   556 13159 D audio_hw_primary: enable_snd_device: snd_device(72: voice-rec-mic)
10-31 22:59:12.723   556 13159 D audio_hw_primary: enable_audio_route: usecase(9) apply and update mixer path: audio-record
10-31 22:59:12.788 11026 11026 I MicroDetectionWorker: onReady
10-31 22:59:13.088  8266  8321 W OpenGLRenderer: Incorrectly called buildLayer on View: ShortcutAndWidgetContainer, destroying layer...
10-31 22:59:13.253 13148 13148 D AndroidRuntime: >>>>>> START com.android.internal.os.RuntimeInit uid 2000 <<<<<<
10-31 22:59:13.529 13148 13148 D AndroidRuntime: Calling main entry com.android.commands.pm.Pm
10-31 22:59:13.539   772 13022 I ActivityManager: Force stopping com.android.chrome appid=10060 user=0: clear data
10-31 22:59:13.542   772   788 I ActivityManager: Force stopping com.android.chrome appid=10060 user=-1: clearApplicationUserData
10-31 22:59:13.608   560   560 I keystore: clear_uid 10060
10-31 22:59:13.640  1311  1311 D CarrierSvcBindHelper: No carrier app for: 0
10-31 22:59:13.641   772   787 W ResourceType: No known package when getting value for resource number 0x7f0904db
10-31 22:59:13.641   772   787 W ResourceType: No known package when getting value for resource number 0x7f140670
10-31 22:59:13.641   772   787 W ResourceType: No known package when getting value for resource number 0x7f0904da
10-31 22:59:13.641   772   787 W ResourceType: No known package when getting value for resource number 0x7f14018b
10-31 22:59:13.641   772   787 W ResourceType: No known package when getting value for resource number 0x7f14066f
10-31 22:59:13.641   772   787 W ResourceType: No known package when getting value for resource number 0x7f140434
10-31 22:59:13.641   772   787 E ShortcutService: Ignoring excessive intent tag.
10-31 22:59:13.645 13148 13148 I app_process: System.exit called, status: 0
10-31 22:59:13.645 13148 13148 I AndroidRuntime: VM exiting with result code 0.
10-31 22:59:13.662  2964  2964 D RegisteredNfcFServicesCache: Service unchanged, not updating
10-31 22:59:13.680 29486 13175 I Fitness : FitCleanupIntentOperation received Intent android.intent.action.PACKAGE_DATA_CLEARED [CONTEXT service_id=17 ]
10-31 22:59:13.694 29692 24764 I Icing   : doRemovePackageData com.android.chrome
10-31 22:59:13.694 29692 24764 I Icing   : Removing corpus key com.android.chrome-omnibox for package com.android.chrome
10-31 22:59:13.716 29692 24764 I native  : I0000 00:00:1667253553.716374   24764 flash-index.cc:1535] Flash index sort hb 10 prefix-hits 18 -> 18 at 13.230ms
10-31 22:59:13.810 29692 24764 I Icing   : Removing corpus key com.android.chrome-.implicit: for package com.android.chrome
10-31 22:59:13.952 29692 24764 I Icing   : Starting compaction min disk 99.985% min index 99.985%
10-31 22:59:14.009   772  3041 I ActivityManager: Force stopping com.android.chrome appid=10060 user=0: from pid 13198
10-31 22:59:14.014  1311  1311 D CarrierSvcBindHelper: No carrier app for: 0
10-31 22:59:14.025  2964  2964 D RegisteredNfcFServicesCache: Service unchanged, not updating
10-31 22:59:14.142 29692 24764 I native  : I0000 00:00:1667253554.142842   24764 document-store.cc:1684] Scored 1178 usage reports, missing_corpora 474 update_failed 0
10-31 22:59:14.246 29692 24764 W native  : W0000 00:00:1667253554.246876   24764 words-map.cc:36] INVALID_ARGUMENT: Empty URI
10-31 22:59:14.247 29692 24764 W native  : W0000 00:00:1667253554.247032   24764 words-map.cc:40] WordsMap was not properly initialized
10-31 22:59:14.352 29692 24764 E native  : E0000 00:00:1667253554.352638   24764 compactor.cc:77] Could not index embedding for docid 1: INTERNAL: Unable to find Thing Proto section 
10-31 22:59:14.353 29692 24764 E native  : E0000 00:00:1667253554.353356   24764 compactor.cc:77] Could not index embedding for docid 3: INTERNAL: Unable to find Thing Proto section 
10-31 22:59:14.354 29692 24764 E native  : E0000 00:00:1667253554.353848   24764 compactor.cc:77] Could not index embedding for docid 5: INTERNAL: Unable to find Thing Proto section 
10-31 22:59:14.355 29692 24764 E native  : E0000 00:00:1667253554.355932   24764 compactor.cc:77] Could not index embedding for docid 7: INTERNAL: Unable to find Thing Proto section 
10-31 22:59:14.356 29692 24764 E native  : E0000 00:00:1667253554.356944   24764 compactor.cc:77] Could not index embedding for docid 9: INTERNAL: Unable to find Thing Proto section 
10-31 22:59:14.357 29692 24764 E native  : E0000 00:00:1667253554.357905   24764 compactor.cc:77] Could not index embedding for docid 11: INTERNAL: Unable to find Thing Proto section 
10-31 22:59:14.358 29692 24764 E native  : E0000 00:00:1667253554.358848   24764 compactor.cc:77] Could not index embedding for docid 13: INTERNAL: Unable to find Thing Proto section 
10-31 22:59:14.359 29692 24764 E native  : E0000 00:00:1667253554.359819   24764 compactor.cc:77] Could not index embedding for docid 15: INTERNAL: Unable to find Thing Proto section 
10-31 22:59:14.360 29692 24764 E native  : E0000 00:00:1667253554.360743   24764 compactor.cc:77] Could not index embedding for docid 17: INTERNAL: Unable to find Thing Proto section 
10-31 22:59:14.361 29692 24764 E native  : E0000 00:00:1667253554.361585   24764 compactor.cc:77] Could not index embedding for docid 19: INTERNAL: Unable to find Thing Proto section 
10-31 22:59:14.362 29692 24764 E native  : E0000 00:00:1667253554.362537   24764 compactor.cc:77] Could not index embedding for docid 21: INTERNAL: Unable to find Thing Proto section 
10-31 22:59:14.363 29692 24764 E native  : E0000 00:00:1667253554.363538   24764 compactor.cc:77] Could not index embedding for docid 23: INTERNAL: Unable to find Thing Proto section 
10-31 22:59:14.364 29692 24764 E native  : E0000 00:00:1667253554.364529   24764 compactor.cc:77] Could not index embedding for docid 25: INTERNAL: Unable to find Thing Proto section 
10-31 22:59:14.372 29692 24764 E native  : E0000 00:00:1667253554.372407   24764 compactor.cc:77] Could not index embedding for docid 26: INTERNAL: Unable to find Thing Proto section 
10-31 22:59:14.382 29692 24764 E native  : E0000 00:00:1667253554.382169   24764 compactor.cc:77] Could not index embedding for docid 27: INTERNAL: Unable to find Thing Proto section 
10-31 22:59:14.456 29692 24764 I native  : I0000 00:00:1667253554.456071   24764 flash-index.cc:1535] Flash index sort hb 40 prefix-hits 68 -> 67 at 45.942ms
10-31 22:59:14.516 29692 24764 W native  : W0000 00:00:1667253554.516810   24764 words-map.cc:36] INVALID_ARGUMENT: Empty URI
10-31 22:59:14.516 29692 24764 W native  : W0000 00:00:1667253554.516922   24764 words-map.cc:40] WordsMap was not properly initialized
10-31 22:59:14.602 29692 24764 I Icing   : updateResources: need to parse anue{com.android.chrome}
10-31 22:59:14.730 29692 24764 I Icing   : Indexing com.android.chrome-omnibox from com.android.chrome
10-31 22:59:14.736 13200 13200 D AndroidRuntime: >>>>>> START com.android.internal.os.RuntimeInit uid 2000 <<<<<<
10-31 22:59:14.750   772 10894 I ActivityManager: Start proc 13202:com.android.chrome/u0a60 for content provider com.android.chrome/com.google.android.apps.chrome.icing.IcingProvider
10-31 22:59:14.805 13202 13202 I cr_SplitCompatApp: Launched version=106.0.5249.79 minSdkVersion=24 isBundle=true processName=com.android.chrome isIsolated=false
10-31 22:59:14.875 29692 24764 I Icing   : Indexing done com.android.chrome-omnibox
10-31 22:59:14.902 29486 29498 I FontLog : Received query Google Sans, URI content://com.google.android.gms.fonts [CONTEXT service_id=132 ]
10-31 22:59:14.902 29486 29498 I FontLog : Query [Google Sans] resolved to {Google Sans, wdth 100.0, wght 400, ital 0.0, bestEffort false} [CONTEXT service_id=132 ]
10-31 22:59:14.903 29486 29498 I FontLog : Font PFD returned from cache for {Google Sans, wdth 100.0, wght 400, ital 0.0, bestEffort false} [CONTEXT service_id=132 ]
10-31 22:59:14.905 29486 29498 I FontLog : Fetch {Google Sans, wdth 100.0, wght 400, ital 0.0, bestEffort false} end status Status{statusCode=SUCCESS, resolution=null} [CONTEXT service_id=132 ]
10-31 22:59:14.986 29486 30686 I FontLog : Pulling font file for id = 946, cache size = 6 [CONTEXT service_id=132 ]
10-31 22:59:14.987 13200 13200 D AndroidRuntime: Calling main entry com.android.commands.pm.Pm
10-31 22:59:14.992   772  3037 I ActivityManager: Force stopping com.android.chrome appid=10060 user=0: clear data
10-31 22:59:14.993   772  3037 I ActivityManager: Killing 13202:com.android.chrome/u0a60 (adj 700): stop com.android.chrome
10-31 22:59:14.998   772   788 I ActivityManager: Force stopping com.android.chrome appid=10060 user=-1: clearApplicationUserData
10-31 22:59:15.003   560   560 I keystore: clear_uid 10060
10-31 22:59:15.035  1311  1311 D CarrierSvcBindHelper: No carrier app for: 0
10-31 22:59:15.040 13200 13200 I app_process: System.exit called, status: 0
10-31 22:59:15.040 13200 13200 I AndroidRuntime: VM exiting with result code 0.
10-31 22:59:15.044   772   787 W ResourceType: No known package when getting value for resource number 0x7f0904db
10-31 22:59:15.044   772   787 W ResourceType: No known package when getting value for resource number 0x7f140670
10-31 22:59:15.044   772   787 W ResourceType: No known package when getting value for resource number 0x7f0904da
10-31 22:59:15.044   772   787 W ResourceType: No known package when getting value for resource number 0x7f14018b
10-31 22:59:15.044   772   787 W ResourceType: No known package when getting value for resource number 0x7f14066f
10-31 22:59:15.044   772   787 W ResourceType: No known package when getting value for resource number 0x7f140434
10-31 22:59:15.044   772   787 E ShortcutService: Ignoring excessive intent tag.
10-31 22:59:15.050  2964  2964 D RegisteredNfcFServicesCache: Service unchanged, not updating
10-31 22:59:15.069 29692 24764 I Icing   : doRemovePackageData com.android.chrome
10-31 22:59:15.070 29692 24764 I Icing   : Removing corpus key com.android.chrome-omnibox for package com.android.chrome
10-31 22:59:15.091 29486 13174 I Fitness : FitCleanupIntentOperation received Intent android.intent.action.PACKAGE_DATA_CLEARED [CONTEXT service_id=17 ]
10-31 22:59:15.153 29692 24764 I Icing   : updateResources: need to parse anue{com.android.chrome}
10-31 22:59:15.215 29692 24764 I Icing   : Indexing com.android.chrome-omnibox from com.android.chrome
10-31 22:59:15.228   772  3041 I ActivityManager: Start proc 13237:com.android.chrome/u0a60 for content provider com.android.chrome/com.google.android.apps.chrome.icing.IcingProvider
10-31 22:59:15.278 13237 13237 I cr_SplitCompatApp: Launched version=106.0.5249.79 minSdkVersion=24 isBundle=true processName=com.android.chrome isIsolated=false
10-31 22:59:15.335 29486 29650 I FontLog : Received query Google Sans, URI content://com.google.android.gms.fonts [CONTEXT service_id=132 ]
10-31 22:59:15.335 29486 29650 I FontLog : Query [Google Sans] resolved to {Google Sans, wdth 100.0, wght 400, ital 0.0, bestEffort false} [CONTEXT service_id=132 ]
10-31 22:59:15.337 29486 29650 I FontLog : Font PFD returned from cache for {Google Sans, wdth 100.0, wght 400, ital 0.0, bestEffort false} [CONTEXT service_id=132 ]
10-31 22:59:15.338 29486 29650 I FontLog : Fetch {Google Sans, wdth 100.0, wght 400, ital 0.0, bestEffort false} end status Status{statusCode=SUCCESS, resolution=null} [CONTEXT service_id=132 ]
10-31 22:59:15.344 29692 24764 I Icing   : Indexing done com.android.chrome-omnibox
10-31 22:59:15.428 29486 29650 I FontLog : Pulling font file for id = 947, cache size = 6 [CONTEXT service_id=132 ]
10-31 22:59:15.524 13237 13257 I cr_LibraryLoader: Successfully loaded native library
10-31 22:59:15.525 13237 13257 I cr_CachingUmaRecorder: Flushed 20 samples from 19 histograms.
10-31 22:59:15.548 29486 29498 I FontLog : Received query Google Sans:500, URI content://com.google.android.gms.fonts [CONTEXT service_id=132 ]
10-31 22:59:15.548 29486 29498 I FontLog : Query [Google Sans:500] resolved to {Google Sans, wdth 100.0, wght 500, ital 0.0, bestEffort false} [CONTEXT service_id=132 ]
10-31 22:59:15.550 29486 29498 I FontLog : Font PFD returned from cache for {Google Sans, wdth 100.0, wght 500, ital 0.0, bestEffort false} [CONTEXT service_id=132 ]
10-31 22:59:15.550 29486 29498 I FontLog : Fetch {Google Sans, wdth 100.0, wght 500, ital 0.0, bestEffort false} end status Status{statusCode=SUCCESS, resolution=null} [CONTEXT service_id=132 ]
10-31 22:59:15.569 29486 29497 I FontLog : Pulling font file for id = 948, cache size = 7 [CONTEXT service_id=132 ]
10-31 22:59:15.605 29486 29650 I FontLog : Received query Google Sans:700, URI content://com.google.android.gms.fonts [CONTEXT service_id=132 ]
10-31 22:59:15.606 29486 29650 I FontLog : Query [Google Sans:700] resolved to {Google Sans, wdth 100.0, wght 700, ital 0.0, bestEffort false} [CONTEXT service_id=132 ]
10-31 22:59:15.607 29486 29650 I FontLog : Fetch {Google Sans, wdth 100.0, wght 700, ital 0.0, bestEffort false} end status Status{statusCode=SUCCESS, resolution=null} [CONTEXT service_id=132 ]
10-31 22:59:15.618 29486 30686 I FontLog : Pulling font file for id = 949, cache size = 5 [CONTEXT service_id=132 ]
