--------- beginning of system
11-01 07:48:38.810   772  1324 I ActivityManager: Force stopping com.opera.browser appid=10099 user=0: from pid 31469
11-01 07:48:38.811   772  1324 I ActivityManager: Killing 29730:com.opera.browser/u0a99 (adj 900): stop com.opera.browser
--------- beginning of main
11-01 07:48:38.824  1311  1311 D CarrierSvcBindHelper: No carrier app for: 0
11-01 07:48:38.835   772  2889 V KeyValueBackupJob: Scheduling k/v pass in 241 minutes
11-01 07:48:38.841  2964  2964 D RegisteredNfcFServicesCache: Service unchanged, not updating
11-01 07:48:39.069   772  1324 I ActivityManager: START u0 {act=android.intent.action.VIEW flg=0x10008000 cmp=com.opera.browser/com.opera.Opera} from uid 2000
11-01 07:48:39.102   772  1324 I ActivityManager: Start proc 31472:com.opera.browser/u0a99 for activity com.opera.browser/com.opera.Opera
11-01 07:48:39.189 31472 31472 I LoadedApk: No resource references to update in package com.opera.browser.nord_vpn
11-01 07:48:39.273 31472 31482 I zygote  : Background concurrent copying GC freed 4297(1127KB) AllocSpace objects, 4(80KB) LOS objects, 68% free, 712KB/2MB, paused 5.448ms total 30.816ms
11-01 07:48:39.279 31472 31494 W zygote  : Skipping duplicate class check due to unrecognized classloader
11-01 07:48:39.347 31472 31494 W zygote  : Skipping duplicate class check due to unrecognized classloader
11-01 07:48:39.398 31472 31472 I PlayCore: UID: [10099]  PID: [31472] SplitInstallHelper : Calling dispatchPackageBroadcast
11-01 07:48:39.399 31472 31472 I PlayCore: UID: [10099]  PID: [31472] SplitInstallHelper : Called dispatchPackageBroadcast
11-01 07:48:39.458   772   781 I zygote64: Background concurrent copying GC freed 59402(3MB) AllocSpace objects, 74(2MB) LOS objects, 42% free, 17MB/29MB, paused 330us total 101.899ms
11-01 07:48:39.463 31472 31558 I FA      : App measurement initialized, version: 73015
11-01 07:48:39.463 31472 31558 I FA      : To enable debug logging run: adb shell setprop log.tag.FA VERBOSE
11-01 07:48:39.463 31472 31558 I FA      : To enable faster debug mode event logging run:
11-01 07:48:39.463 31472 31558 I FA      :   adb shell setprop debug.firebase.analytics.app com.opera.browser
11-01 07:48:39.558 29692 29692 D BoundBrokerSvc: onBind: Intent { act=com.google.android.gms.measurement.START pkg=com.google.android.gms }
11-01 07:48:39.558 29692 29692 D BoundBrokerSvc: Loading bound service for intent: Intent { act=com.google.android.gms.measurement.START pkg=com.google.android.gms }
11-01 07:48:39.639   772   788 W ActivityManager: Activity pause timeout for ActivityRecord{52b12e7 u0 com.opera.browser/com.opera.Opera t982}
11-01 07:48:39.920   772  1324 I ActivityManager: START u0 {act=android.intent.action.VIEW flg=0x10008000 cmp=com.opera.browser/com.opera.android.startup.WelcomeActivity} from uid 10099
11-01 07:48:39.940   423   423 D SurfaceFlinger: duplicate layer name: changing Splash Screen com.opera.browser to Splash Screen com.opera.browser#1
11-01 07:48:39.967   772  2969 W ActivityManager: Duplicate finish request for ActivityRecord{52b12e7 u0 com.opera.browser/com.opera.Opera t982 f}
11-01 07:48:39.999 31472 31472 W zygote  : Found duplicate classes, falling back to extracting from APK : /data/app/com.opera.browser-qPSIim2B9fwVMm8IQBnxfg==/base.apk
11-01 07:48:39.999 31472 31472 W zygote  : NOTE: This wastes RAM and hurts startup performance.
11-01 07:48:39.999 31472 31472 W zygote  : Found duplicated class when checking oat files: 'LJ/N;' in /data/app/com.opera.browser-qPSIim2B9fwVMm8IQBnxfg==/base.apk and /data/app/com.opera.browser-qPSIim2B9fwVMm8IQBnxfg==/base.apk
11-01 07:48:39.999 31472 31472 W zygote  : 
11-01 07:48:40.045 31472 31482 I zygote  : Background concurrent copying GC freed 15999(1874KB) AllocSpace objects, 10(200KB) LOS objects, 52% free, 1375KB/2MB, paused 10.498ms total 45.285ms
11-01 07:48:40.438   772   788 W ActivityManager: Activity pause timeout for ActivityRecord{6f98e60 u0 com.opera.browser/com.opera.android.startup.WelcomeActivity t982}
11-01 07:48:42.087   772 10860 D WificondControl: Scan result ready event
11-01 07:48:42.143 29486 29498 I ChimeraSrvcProxy: NullBinder for android.net.action.RECOMMEND_NETWORKS triggering remote TransactionTooLargeException due to Service without Chimera impl
11-01 07:48:42.341 31472 31573 D OpenGLRenderer: HWUI GL Pipeline
11-01 07:48:42.400 31472 31477 I zygote  : Do partial code cache collection, code=30KB, data=25KB
11-01 07:48:42.400 31472 31477 I zygote  : After code cache collection, code=30KB, data=25KB
11-01 07:48:42.400 31472 31477 I zygote  : Increasing code cache capacity to 128KB
11-01 07:48:42.413 31472 31558 I FA      : Tag Manager is not found and thus will not be used
11-01 07:48:42.478 31472 31477 I zygote  : Do partial code cache collection, code=58KB, data=49KB
11-01 07:48:42.478 31472 31477 I zygote  : After code cache collection, code=58KB, data=49KB
11-01 07:48:42.478 31472 31477 I zygote  : Increasing code cache capacity to 256KB
11-01 07:48:42.630   772   866 D NotificationSQLiteLog: Pruned event entries: 53
11-01 07:48:42.740 29486 31354 W NetworkScheduler: Error inserting period=30000 preferred_charging_state=1 preferred_network_type=1 target_class=com.google.android.gms.measurement.PackageMeasurementTaskService required_network_type=0 runtime=1667285322730 required_idleness_state=0 source=16 service_kind=0 target_package=com.google.android.gms persistence_level=1 source_version=223616000 last_runtime=0 user_id=0 job_id=-1 requires_charging=0 tag=Measurement.PackageMeasurementTaskService.UPLOAD_TASK_TAG flex_time=14000 task_type=0 retry_strategy={"maximum_backoff_seconds":{"3600":0},"initial_backoff_seconds":{"30":0},"retry_policy":{"0":0}} [CONTEXT service_id=218 ]
11-01 07:48:42.740 29486 31354 W NetworkScheduler: android.database.sqlite.SQLiteConstraintException: UNIQUE constraint failed: pending_ops.tag, pending_ops.target_class, pending_ops.target_package, pending_ops.user_id (code 2067)
11-01 07:48:42.740 29486 31354 W NetworkScheduler: 	at android.database.sqlite.SQLiteConnection.nativeExecuteForLastInsertedRowId(Native Method)
11-01 07:48:42.740 29486 31354 W NetworkScheduler: 	at android.database.sqlite.SQLiteConnection.executeForLastInsertedRowId(SQLiteConnection.java:782)
11-01 07:48:42.740 29486 31354 W NetworkScheduler: 	at android.database.sqlite.SQLiteSession.executeForLastInsertedRowId(SQLiteSession.java:788)
11-01 07:48:42.740 29486 31354 W NetworkScheduler: 	at android.database.sqlite.SQLiteStatement.executeInsert(SQLiteStatement.java:86)
11-01 07:48:42.740 29486 31354 W NetworkScheduler: 	at android.database.sqlite.SQLiteDatabase.insertWithOnConflict(SQLiteDatabase.java:1474)
11-01 07:48:42.740 29486 31354 W NetworkScheduler: 	at android.database.sqlite.SQLiteDatabase.insertOrThrow(SQLiteDatabase.java:1369)
11-01 07:48:42.740 29486 31354 W NetworkScheduler: 	at biel.g(:com.google.android.gms@223616019@22.36.16 (040400-476895098):52)
11-01 07:48:42.740 29486 31354 W NetworkScheduler: 	at bide.n(:com.google.android.gms@223616019@22.36.16 (040400-476895098):3)
11-01 07:48:42.740 29486 31354 W NetworkScheduler: 	at bide.u(:com.google.android.gms@223616019@22.36.16 (040400-476895098):20)
11-01 07:48:42.740 29486 31354 W NetworkScheduler: 	at bide.h(:com.google.android.gms@223616019@22.36.16 (040400-476895098):3)
11-01 07:48:42.740 29486 31354 W NetworkScheduler: 	at bhyv.run(:com.google.android.gms@223616019@22.36.16 (040400-476895098):9)
11-01 07:48:42.740 29486 31354 W NetworkScheduler: 	at aarl.c(:com.google.android.gms@223616019@22.36.16 (040400-476895098):6)
11-01 07:48:42.740 29486 31354 W NetworkScheduler: 	at aarl.run(:com.google.android.gms@223616019@22.36.16 (040400-476895098):7)
11-01 07:48:42.740 29486 31354 W NetworkScheduler: 	at java.util.concurrent.ThreadPoolExecutor.runWorker(ThreadPoolExecutor.java:1162)
11-01 07:48:42.740 29486 31354 W NetworkScheduler: 	at java.util.concurrent.ThreadPoolExecutor$Worker.run(ThreadPoolExecutor.java:636)
11-01 07:48:42.740 29486 31354 W NetworkScheduler: 	at aaws.run(:com.google.android.gms@223616019@22.36.16 (040400-476895098):0)
11-01 07:48:42.740 29486 31354 W NetworkScheduler: 	at java.lang.Thread.run(Thread.java:764)
11-01 07:48:42.767 29486 29084 W NetworkScheduler: Error inserting period=30000 preferred_charging_state=1 preferred_network_type=1 target_class=com.google.android.gms.measurement.PackageMeasurementTaskService required_network_type=0 runtime=1667285322754 required_idleness_state=0 source=16 service_kind=0 target_package=com.google.android.gms persistence_level=1 source_version=223616000 last_runtime=0 user_id=0 job_id=-1 requires_charging=0 tag=Measurement.PackageMeasurementTaskService.UPLOAD_TASK_TAG flex_time=14000 task_type=0 retry_strategy={"maximum_backoff_seconds":{"3600":0},"initial_backoff_seconds":{"30":0},"retry_policy":{"0":0}} [CONTEXT service_id=218 ]
11-01 07:48:42.767 29486 29084 W NetworkScheduler: android.database.sqlite.SQLiteConstraintException: UNIQUE constraint failed: pending_ops.tag, pending_ops.target_class, pending_ops.target_package, pending_ops.user_id (code 2067)
11-01 07:48:42.767 29486 29084 W NetworkScheduler: 	at android.database.sqlite.SQLiteConnection.nativeExecuteForLastInsertedRowId(Native Method)
11-01 07:48:42.767 29486 29084 W NetworkScheduler: 	at android.database.sqlite.SQLiteConnection.executeForLastInsertedRowId(SQLiteConnection.java:782)
11-01 07:48:42.767 29486 29084 W NetworkScheduler: 	at android.database.sqlite.SQLiteSession.executeForLastInsertedRowId(SQLiteSession.java:788)
11-01 07:48:42.767 29486 29084 W NetworkScheduler: 	at android.database.sqlite.SQLiteStatement.executeInsert(SQLiteStatement.java:86)
11-01 07:48:42.767 29486 29084 W NetworkScheduler: 	at android.database.sqlite.SQLiteDatabase.insertWithOnConflict(SQLiteDatabase.java:1474)
11-01 07:48:42.767 29486 29084 W NetworkScheduler: 	at android.database.sqlite.SQLiteDatabase.insertOrThrow(SQLiteDatabase.java:1369)
11-01 07:48:42.767 29486 29084 W NetworkScheduler: 	at biel.g(:com.google.android.gms@223616019@22.36.16 (040400-476895098):52)
11-01 07:48:42.767 29486 29084 W NetworkScheduler: 	at bide.n(:com.google.android.gms@223616019@22.36.16 (040400-476895098):3)
11-01 07:48:42.767 29486 29084 W NetworkScheduler: 	at bide.u(:com.google.android.gms@223616019@22.36.16 (040400-476895098):20)
11-01 07:48:42.767 29486 29084 W NetworkScheduler: 	at bide.h(:com.google.android.gms@223616019@22.36.16 (040400-476895098):3)
11-01 07:48:42.767 29486 29084 W NetworkScheduler: 	at bhyv.run(:com.google.android.gms@223616019@22.36.16 (040400-476895098):9)
11-01 07:48:42.767 29486 29084 W NetworkScheduler: 	at aarl.c(:com.google.android.gms@223616019@22.36.16 (040400-476895098):6)
11-01 07:48:42.767 29486 29084 W NetworkScheduler: 	at aarl.run(:com.google.android.gms@223616019@22.36.16 (040400-476895098):7)
11-01 07:48:42.767 29486 29084 W NetworkScheduler: 	at java.util.concurrent.ThreadPoolExecutor.runWorker(ThreadPoolExecutor.java:1162)
11-01 07:48:42.767 29486 29084 W NetworkScheduler: 	at java.util.concurrent.ThreadPoolExecutor$Worker.run(ThreadPoolExecutor.java:636)
11-01 07:48:42.767 29486 29084 W NetworkScheduler: 	at aaws.run(:com.google.android.gms@223616019@22.36.16 (040400-476895098):0)
11-01 07:48:42.767 29486 29084 W NetworkScheduler: 	at java.lang.Thread.run(Thread.java:764)
11-01 07:48:42.893   772 10860 I ActivityManager: Start proc 31605:com.opera.browser:privileged_process0/u0a99 for service com.opera.browser/com.opera.android.browser.chromium.services.PrivilegedProcessService0
11-01 07:48:42.935 31472 31599 W chromium: [WARNING:op_site_scripts.cc(424)] Failed to map /data/user/0/com.opera.browser/app_opera/sjs
11-01 07:48:42.957 31605 31605 I LoadedApk: No resource references to update in package com.opera.browser.nord_vpn
11-01 07:48:43.059 31605 31621 I Adreno  : QUALCOMM build                   : 7142022, Ib5823dd10c
11-01 07:48:43.059 31605 31621 I Adreno  : Build Date                       : 06/23/17
11-01 07:48:43.059 31605 31621 I Adreno  : OpenGL ES Shader Compiler Version: EV031.18.00.00
11-01 07:48:43.059 31605 31621 I Adreno  : Local Branch                     : O11A
11-01 07:48:43.059 31605 31621 I Adreno  : Remote Branch                    : 
11-01 07:48:43.059 31605 31621 I Adreno  : Remote Branch                    : 
11-01 07:48:43.059 31605 31621 I Adreno  : Reconstruct Branch               : 
11-01 07:48:43.061 31605 31621 I vndksupport: sphal namespace is not configured for this process. Loading /vendor/lib/hw/gralloc.msm8992.so from the current namespace instead.
11-01 07:48:43.069 31605 31621 I Adreno  : PFP: 0x00000000, ME: 0x00000000
11-01 07:48:43.077   560   560 I keystore: del USRPKEY_cssk_m 10099
11-01 07:48:43.078   560   560 I keystore: del USRSKEY_cssk_m 10099
11-01 07:48:43.079   560   560 I keystore: del USRCERT_cssk_m 10099
11-01 07:48:43.079   560   560 I keystore: del CACERT_cssk_m 10099
11-01 07:48:43.083   372   376 D DrmLibTime: got the req here! ret=0
11-01 07:48:43.083   372   376 D DrmLibTime: command id, time_cmd_id = 770
11-01 07:48:43.083   372   376 D DrmLibTime: time_getutcsec starts!
11-01 07:48:43.083   372   376 D DrmLibTime: QSEE Time Listener: time_getutcsec
11-01 07:48:43.083   372   376 D DrmLibTime: QSEE Time Listener: get_utc_seconds
11-01 07:48:43.083   372   376 D DrmLibTime: QSEE Time Listener: time_get_modem_time
11-01 07:48:43.083   372   376 D DrmLibTime: QSEE Time Listener: Checking if ATS_MODEM is set or not.
11-01 07:48:43.083   372   376 D QC-time-services: Lib:time_genoff_operation: pargs->base = 13
11-01 07:48:43.083   372   376 D QC-time-services: Lib:time_genoff_operation: pargs->operation = 2
11-01 07:48:43.083   372   376 D QC-time-services: Lib:time_genoff_operation: pargs->ts_val = 0
11-01 07:48:43.083   372   376 D QC-time-services: Lib:time_genoff_operation: Send to server  passed!!
11-01 07:48:43.084   625   647 D QC-time-services: Daemon: Connection accepted:time_genoff
11-01 07:48:43.084   625 31637 D QC-time-services: Daemon:Received base = 13, unit = 1, operation = 2,value = 0
11-01 07:48:43.084   625 31637 D QC-time-services: Daemon:genoff_opr: Base = 13, val = 0, operation = 2
11-01 07:48:43.084   625 31637 D QC-time-services: offset is: 0 for base: 13
11-01 07:48:43.084   372   376 E QC-time-services: Receive Passed == base = 13, unit = 1, operation = 2, result = 0
11-01 07:48:43.084   372   376 D DrmLibTime: QSEE Time Listener: ATS_MODEM is not set. Fallback to Android system time.
11-01 07:48:43.084   372   376 D DrmLibTime: QSEE Time Listener: Retrieved Android system time: 1667285323
11-01 07:48:43.084   372   376 D DrmLibTime: time_getutcsec returns 0, sec = 1667285323; nsec = 0
11-01 07:48:43.084   372   376 D DrmLibTime: time_getutcsec finished! 
11-01 07:48:43.084   372   376 D DrmLibTime: iotcl_continue_command finished! and return 0 
11-01 07:48:43.084   372   376 D DrmLibTime: before calling ioctl to read the next time_cmd
11-01 07:48:43.085   625   647 E QC-time-services: Daemon: Time-services: Waiting to acceptconnection
11-01 07:48:43.132 31472 31472 I Choreographer: Skipped 39 frames!  The application may be doing too much work on its main thread.
11-01 07:48:43.164   372   376 D DrmLibTime: got the req here! ret=0
11-01 07:48:43.164   372   376 D DrmLibTime: command id, time_cmd_id = 770
11-01 07:48:43.164   372   376 D DrmLibTime: time_getutcsec starts!
11-01 07:48:43.164   372   376 D DrmLibTime: QSEE Time Listener: time_getutcsec
11-01 07:48:43.164   372   376 D DrmLibTime: QSEE Time Listener: get_utc_seconds
11-01 07:48:43.164   372   376 D DrmLibTime: QSEE Time Listener: time_get_modem_time
11-01 07:48:43.164   372   376 D DrmLibTime: QSEE Time Listener: Checking if ATS_MODEM is set or not.
11-01 07:48:43.164   372   376 D QC-time-services: Lib:time_genoff_operation: pargs->base = 13
11-01 07:48:43.164   372   376 D QC-time-services: Lib:time_genoff_operation: pargs->operation = 2
11-01 07:48:43.164   372   376 D QC-time-services: Lib:time_genoff_operation: pargs->ts_val = 0
11-01 07:48:43.165   372   376 D QC-time-services: Lib:time_genoff_operation: Send to server  passed!!
11-01 07:48:43.165   625   647 D QC-time-services: Daemon: Connection accepted:time_genoff
11-01 07:48:43.165   625 31650 D QC-time-services: Daemon:Received base = 13, unit = 1, operation = 2,value = 0
11-01 07:48:43.166   625 31650 D QC-time-services: Daemon:genoff_opr: Base = 13, val = 0, operation = 2
11-01 07:48:43.166   625 31650 D QC-time-services: offset is: 0 for base: 13
11-01 07:48:43.166   372   376 E QC-time-services: Receive Passed == base = 13, unit = 1, operation = 2, result = 0
11-01 07:48:43.167   372   376 D DrmLibTime: QSEE Time Listener: ATS_MODEM is not set. Fallback to Android system time.
11-01 07:48:43.167   372   376 D DrmLibTime: QSEE Time Listener: Retrieved Android system time: 1667285323
11-01 07:48:43.167   372   376 D DrmLibTime: time_getutcsec returns 0, sec = 1667285323; nsec = 0
11-01 07:48:43.167   372   376 D DrmLibTime: time_getutcsec finished! 
11-01 07:48:43.167   372   376 D DrmLibTime: iotcl_continue_command finished! and return 0 
11-01 07:48:43.167   372   376 D DrmLibTime: before calling ioctl to read the next time_cmd
11-01 07:48:43.172   625   647 E QC-time-services: Daemon: Time-services: Waiting to acceptconnection
11-01 07:48:43.183 29486 29497 I FontLog : Received query Noto Color Emoji Compat, URI content://com.google.android.gms.fonts [CONTEXT service_id=132 ]
11-01 07:48:43.183 29486 29497 I FontLog : Query [emojicompat-emoji-font] resolved to {Noto Color Emoji Compat, wdth 100.0, wght 400, ital 0.0, bestEffort false} [CONTEXT service_id=132 ]
11-01 07:48:43.203 29486 29497 I FontLog : Fetch {Noto Color Emoji Compat, wdth 100.0, wght 400, ital 0.0, bestEffort false} end status Status{statusCode=SUCCESS, resolution=null} [CONTEXT service_id=132 ]
11-01 07:48:43.223 29486 29651 I FontLog : Pulling font file for id = 1092, cache size = 8 [CONTEXT service_id=132 ]
11-01 07:48:43.240 29486 17541 I FontLog : Pulling font file for id = 1092, cache size = 8 [CONTEXT service_id=132 ]
11-01 07:48:43.362 31472 31594 D NetworkSecurityConfig: Using Network Security Config from resource network_security_config_official_build debugBuild: false
11-01 07:48:44.561 31472 31477 I zygote  : Do full code cache collection, code=126KB, data=104KB
11-01 07:48:44.562 31472 31477 I zygote  : After code cache collection, code=68KB, data=50KB
11-01 07:48:44.632 29486 30922 W NetworkScheduler: Error inserting period=26000 preferred_charging_state=1 preferred_network_type=1 target_class=com.google.android.gms.measurement.PackageMeasurementTaskService required_network_type=0 runtime=1667285324629 required_idleness_state=0 source=16 service_kind=0 target_package=com.google.android.gms persistence_level=1 source_version=223616000 last_runtime=0 user_id=0 job_id=-1 requires_charging=0 tag=Measurement.PackageMeasurementTaskService.UPLOAD_TASK_TAG flex_time=12000 task_type=0 retry_strategy={"maximum_backoff_seconds":{"3600":0},"initial_backoff_seconds":{"30":0},"retry_policy":{"0":0}} [CONTEXT service_id=218 ]
11-01 07:48:44.632 29486 30922 W NetworkScheduler: android.database.sqlite.SQLiteConstraintException: UNIQUE constraint failed: pending_ops.tag, pending_ops.target_class, pending_ops.target_package, pending_ops.user_id (code 2067)
11-01 07:48:44.632 29486 30922 W NetworkScheduler: 	at android.database.sqlite.SQLiteConnection.nativeExecuteForLastInsertedRowId(Native Method)
11-01 07:48:44.632 29486 30922 W NetworkScheduler: 	at android.database.sqlite.SQLiteConnection.executeForLastInsertedRowId(SQLiteConnection.java:782)
11-01 07:48:44.632 29486 30922 W NetworkScheduler: 	at android.database.sqlite.SQLiteSession.executeForLastInsertedRowId(SQLiteSession.java:788)
11-01 07:48:44.632 29486 30922 W NetworkScheduler: 	at android.database.sqlite.SQLiteStatement.executeInsert(SQLiteStatement.java:86)
11-01 07:48:44.632 29486 30922 W NetworkScheduler: 	at android.database.sqlite.SQLiteDatabase.insertWithOnConflict(SQLiteDatabase.java:1474)
11-01 07:48:44.632 29486 30922 W NetworkScheduler: 	at android.database.sqlite.SQLiteDatabase.insertOrThrow(SQLiteDatabase.java:1369)
11-01 07:48:44.632 29486 30922 W NetworkScheduler: 	at biel.g(:com.google.android.gms@223616019@22.36.16 (040400-476895098):52)
11-01 07:48:44.632 29486 30922 W NetworkScheduler: 	at bide.n(:com.google.android.gms@223616019@22.36.16 (040400-476895098):3)
11-01 07:48:44.632 29486 30922 W NetworkScheduler: 	at bide.u(:com.google.android.gms@223616019@22.36.16 (040400-476895098):20)
11-01 07:48:44.632 29486 30922 W NetworkScheduler: 	at bide.h(:com.google.android.gms@223616019@22.36.16 (040400-476895098):3)
11-01 07:48:44.632 29486 30922 W NetworkScheduler: 	at bhyv.run(:com.google.android.gms@223616019@22.36.16 (040400-476895098):9)
11-01 07:48:44.632 29486 30922 W NetworkScheduler: 	at aarl.c(:com.google.android.gms@223616019@22.36.16 (040400-476895098):6)
11-01 07:48:44.632 29486 30922 W NetworkScheduler: 	at aarl.run(:com.google.android.gms@223616019@22.36.16 (040400-476895098):7)
11-01 07:48:44.632 29486 30922 W NetworkScheduler: 	at java.util.concurrent.ThreadPoolExecutor.runWorker(ThreadPoolExecutor.java:1162)
11-01 07:48:44.632 29486 30922 W NetworkScheduler: 	at java.util.concurrent.ThreadPoolExecutor$Worker.run(ThreadPoolExecutor.java:636)
11-01 07:48:44.632 29486 30922 W NetworkScheduler: 	at aaws.run(:com.google.android.gms@223616019@22.36.16 (040400-476895098):0)
11-01 07:48:44.632 29486 30922 W NetworkScheduler: 	at java.lang.Thread.run(Thread.java:764)
11-01 07:48:47.069   772   799 I PowerManagerService: Going to sleep due to screen timeout (uid 1000)...
11-01 07:48:47.587   772   799 I DisplayPowerController: Blocking screen off
11-01 07:48:47.598   772   799 I DisplayPowerController: Unblocked screen off after 11 ms
11-01 07:48:47.628   772   797 I DisplayManagerService: Display device changed state: "Built-in Screen", OFF
11-01 07:48:47.628   423   423 D SurfaceFlinger: Set power mode=0, type=0 flinger=0x70b325e000
11-01 07:48:47.628   772   799 I DreamManagerService: Entering dreamland.
11-01 07:48:47.629   772   799 I PowerManagerService: Dozing...
11-01 07:48:47.634   772   830 W LocalDisplayAdapter: Unable to find color mode 0, ignoring request.
11-01 07:48:47.636 29486 29486 I NearbyDiscovery: FastPairDisplayObserver: STATE_ON -> STATE_OFF [CONTEXT service_id=265 ]
11-01 07:48:47.637   772   795 I DreamController: Starting dream: name=ComponentInfo{com.android.systemui/com.android.systemui.doze.DozeService}, isTest=false, canDoze=true, userId=0
11-01 07:48:47.639   423   423 D qdhwcomposer: hwc_setPowerMode: Setting mode 0 on display: 0
11-01 07:48:47.642   772   846 I InputReader: Reconfiguring input devices.  changes=0x00000004
11-01 07:48:47.646 29486 30891 I NearbyDiscovery: FastPairScanner: isScreenOn=false, scanWithScreenOff=false, isLocationEnabled=false, disableLocationRequirement=false, isDiscoveryScanningEnabled=true, during24GhzWifiWarmingUpPeriod=false [CONTEXT service_id=265 ]
11-01 07:48:47.647 29486 30891 D BluetoothAdapter: isLeEnabled(): OFF
11-01 07:48:47.648 29486 30891 I NearbyDiscovery: FastPairScanner: eventType=SCREEN_OFF_FROM_DISPLAY_OBSERVER, intReq=false, scanning=false, scanAllowed=false, bleEnabled=false, bleScanAvailable=true, lockScanRate=false [CONTEXT service_id=265 ]
11-01 07:48:47.751   423   483 I qdhwcomposer: handle_blank_event: dpy:0 panel power state: 0
11-01 07:48:47.753   423   423 D qdhwcomposer: hwc_setPowerMode: Done setting mode 0 on display 0
11-01 07:48:47.754   772   892 D SurfaceControl: Excessive delay in setPowerMode(): 125ms
11-01 07:48:47.771   926   926 D StatusBar: disable<e i a s b H R c s q >
11-01 07:48:47.828  2964  3128 E NxpTml  : _i2c_write() errno : 5
11-01 07:48:47.828  2964  3128 E NxpTml  : PN54X - Error in I2C Write.....
11-01 07:48:47.828  2964  3130 E NxpHal  : write error status = 0x1ff
11-01 07:48:47.828  2964  3108 E NxpHal  : write_unlocked failed - PN54X Maybe in Standby Mode - Retry
11-01 07:48:47.829  2964  3128 E NxpTml  : _i2c_write() errno : 5
11-01 07:48:47.829  2964  3128 E NxpTml  : PN54X - Error in I2C Write.....
11-01 07:48:47.830  2964  3130 E NxpHal  : write error status = 0x1ff
11-01 07:48:47.830  2964  3108 E NxpHal  : write_unlocked failed - PN54X Maybe in Standby Mode - Retry
11-01 07:48:47.855 29486 29723 I NearbySharing: Screen is locked [CONTEXT service_id=194 ]
11-01 07:48:47.855 29486 29723 I NearbySharing: Failed to stop scanning because weren't scanning. [CONTEXT service_id=194 ]
11-01 07:48:47.855 29486 29723 I NearbySharing: Stopping discovery because the screen is locked. [CONTEXT service_id=194 ]
11-01 07:48:47.856 29486 29723 I NearbySharing: Can't stop advertising FastInitiation. Not advertising. [CONTEXT service_id=194 ]
11-01 07:48:47.856 29486 29723 I NearbySharing: Stopping Fast Init advertisement because Bluetooth is off. [CONTEXT service_id=194 ]
11-01 07:48:47.856 29486 29723 I NearbySharing: Stopping advertising because the screen is locked. [CONTEXT service_id=194 ]
11-01 07:48:47.856 29486 29723 I NearbySharing: Stopping FastInitiation scanning because the screen is locked. [CONTEXT service_id=194 ]
11-01 07:48:47.857 29486 29723 I NearbySharing: Can't stop scanning for FastInitiation. Not scanning. [CONTEXT service_id=194 ]
11-01 07:48:47.857 29486 29723 I NearbySharing: Cancelling in use notification [CONTEXT service_id=194 ]
11-01 07:48:47.859 29486 29723 I NearbySharing: Fast Initiation Scanning has stopped [CONTEXT service_id=194 ]
11-01 07:48:47.860 29486 29723 I NearbySharing: Dismissing HUN as there's no device nearby. [CONTEXT service_id=194 ]
11-01 07:48:47.861 29486 29723 I NearbySharing: Cancelling in use notification [CONTEXT service_id=194 ]
11-01 07:48:47.892 29486 30891 I NearbyDiscovery: FastPairHandler: Received action android.intent.action.SCREEN_OFF [CONTEXT service_id=265 ]
11-01 07:48:47.895 29486 30891 I NearbyDiscovery: FastPairScanner: isScreenOn=false, scanWithScreenOff=false, isLocationEnabled=false, disableLocationRequirement=false, isDiscoveryScanningEnabled=true, during24GhzWifiWarmingUpPeriod=false [CONTEXT service_id=265 ]
11-01 07:48:47.896 29486 30891 D BluetoothAdapter: isLeEnabled(): OFF
11-01 07:48:47.897 29486 30891 I NearbyDiscovery: FastPairScanner: eventType=SCREEN_OFF, intReq=false, scanning=false, scanAllowed=false, bleEnabled=false, bleScanAvailable=true, lockScanRate=false [CONTEXT service_id=265 ]
11-01 07:48:50.012 31703 31703 D AndroidRuntime: >>>>>> START com.android.internal.os.RuntimeInit uid 2000 <<<<<<
11-01 07:48:50.147 31703 31703 D AndroidRuntime: Calling main entry com.android.commands.input.Input
11-01 07:48:50.154 31703 31703 I Input   : injectMotionEvent: MotionEvent { action=ACTION_DOWN, actionButton=0, id[0]=0, x[0]=980.0, y[0]=150.0, toolType[0]=TOOL_TYPE_UNKNOWN, buttonState=0, metaState=0, flags=0x0, edgeFlags=0x0, pointerCount=1, historySize=0, eventTime=603828416, downTime=603828416, deviceId=8, source=0x1002 }
11-01 07:48:50.155 31703 31703 I Input   : injectMotionEvent: MotionEvent { action=ACTION_UP, actionButton=0, id[0]=0, x[0]=980.0, y[0]=150.0, toolType[0]=TOOL_TYPE_UNKNOWN, buttonState=0, metaState=0, flags=0x0, edgeFlags=0x0, pointerCount=1, historySize=0, eventTime=603828416, downTime=603828416, deviceId=8, source=0x1002 }
11-01 07:48:50.157 31703 31703 D AndroidRuntime: Shutting down VM
11-01 07:48:51.695 31713 31713 D AndroidRuntime: >>>>>> START com.android.internal.os.RuntimeInit uid 2000 <<<<<<
11-01 07:48:51.849 31713 31713 D AndroidRuntime: Calling main entry com.android.commands.input.Input
11-01 07:48:51.868 31713 31713 I Input   : injectMotionEvent: MotionEvent { action=ACTION_DOWN, actionButton=0, id[0]=0, x[0]=980.0, y[0]=150.0, toolType[0]=TOOL_TYPE_UNKNOWN, buttonState=0, metaState=0, flags=0x0, edgeFlags=0x0, pointerCount=1, historySize=0, eventTime=603830118, downTime=603830118, deviceId=8, source=0x1002 }
11-01 07:48:51.869 31713 31713 I Input   : injectMotionEvent: MotionEvent { action=ACTION_UP, actionButton=0, id[0]=0, x[0]=980.0, y[0]=150.0, toolType[0]=TOOL_TYPE_UNKNOWN, buttonState=0, metaState=0, flags=0x0, edgeFlags=0x0, pointerCount=1, historySize=0, eventTime=603830118, downTime=603830118, deviceId=8, source=0x1002 }
11-01 07:48:51.871 31713 31713 D AndroidRuntime: Shutting down VM
11-01 07:48:53.388 31723 31723 D AndroidRuntime: >>>>>> START com.android.internal.os.RuntimeInit uid 2000 <<<<<<
11-01 07:48:53.538 31723 31723 D AndroidRuntime: Calling main entry com.android.commands.input.Input
11-01 07:48:53.555 31723 31723 I Input   : injectMotionEvent: MotionEvent { action=ACTION_DOWN, actionButton=0, id[0]=0, x[0]=980.0, y[0]=150.0, toolType[0]=TOOL_TYPE_UNKNOWN, buttonState=0, metaState=0, flags=0x0, edgeFlags=0x0, pointerCount=1, historySize=0, eventTime=603831807, downTime=603831807, deviceId=8, source=0x1002 }
11-01 07:48:53.557 31723 31723 I Input   : injectMotionEvent: MotionEvent { action=ACTION_UP, actionButton=0, id[0]=0, x[0]=980.0, y[0]=150.0, toolType[0]=TOOL_TYPE_UNKNOWN, buttonState=0, metaState=0, flags=0x0, edgeFlags=0x0, pointerCount=1, historySize=0, eventTime=603831807, downTime=603831807, deviceId=8, source=0x1002 }
11-01 07:48:53.559 31723 31723 D AndroidRuntime: Shutting down VM
11-01 07:48:54.613 29692 29692 D BoundBrokerSvc: onUnbind: Intent { act=com.google.android.gms.measurement.START pkg=com.google.android.gms }
11-01 07:48:56.075 31733 31733 D AndroidRuntime: >>>>>> START com.android.internal.os.RuntimeInit uid 2000 <<<<<<
11-01 07:48:56.232 31733 31733 D AndroidRuntime: Calling main entry com.android.commands.input.Input
11-01 07:48:56.243 31733 31733 I Input   : injectMotionEvent: MotionEvent { action=ACTION_DOWN, actionButton=0, id[0]=0, x[0]=800.0, y[0]=1730.0, toolType[0]=TOOL_TYPE_UNKNOWN, buttonState=0, metaState=0, flags=0x0, edgeFlags=0x0, pointerCount=1, historySize=0, eventTime=603834501, downTime=603834501, deviceId=8, source=0x1002 }
11-01 07:48:56.245 31733 31733 I Input   : injectMotionEvent: MotionEvent { action=ACTION_UP, actionButton=0, id[0]=0, x[0]=800.0, y[0]=1730.0, toolType[0]=TOOL_TYPE_UNKNOWN, buttonState=0, metaState=0, flags=0x0, edgeFlags=0x0, pointerCount=1, historySize=0, eventTime=603834501, downTime=603834501, deviceId=8, source=0x1002 }
11-01 07:48:56.247 31733 31733 D AndroidRuntime: Shutting down VM
11-01 07:48:56.644   772 10860 E BatteryStatsService: no controller energy info supplied
11-01 07:48:56.644   772 10860 E BatteryStatsService: no controller energy info supplied
11-01 07:48:57.971   772  4540 I ActivityManager: Killing 30772:android.process.acore/u0a0 (adj 904): empty for 5776s
11-01 07:48:57.975   772   996 I ActivityManager: START u0 {act=android.intent.action.VIEW dat=http://192.168.178.178:5500/... flg=0x10000000 cmp=com.opera.browser/com.opera.Opera} from uid 2000
11-01 07:48:57.987   772   996 W LocalDisplayAdapter: Unable to find color mode 0, ignoring request.
11-01 07:48:57.993   772   846 I InputReader: Reconfiguring input devices.  changes=0x00000004
11-01 07:48:58.020   772 20193 I ActivityManager: START u0 {act=android.intent.action.VIEW dat=http://192.168.178.178:5500/... flg=0x10000000 cmp=com.opera.browser/com.opera.android.startup.WelcomeActivity} from uid 10099
11-01 07:48:58.032   772  2970 W ActivityManager: Duplicate finish request for ActivityRecord{91c6847 u0 com.opera.browser/com.opera.Opera t982 f}
11-01 07:48:58.086 29692 29692 D BoundBrokerSvc: onBind: Intent { act=com.google.android.gms.measurement.START pkg=com.google.android.gms }
11-01 07:48:58.086 29692 29692 D BoundBrokerSvc: Loading bound service for intent: Intent { act=com.google.android.gms.measurement.START pkg=com.google.android.gms }
11-01 07:48:58.196 29486 30922 W NetworkScheduler: Error inserting period=7200000 preferred_charging_state=1 preferred_network_type=1 target_class=com.google.android.gms.measurement.PackageMeasurementTaskService required_network_type=0 runtime=1667285338191 required_idleness_state=0 source=16 service_kind=0 target_package=com.google.android.gms persistence_level=1 source_version=223616000 last_runtime=0 user_id=0 job_id=-1 requires_charging=0 tag=Measurement.PackageMeasurementTaskService.UPLOAD_TASK_TAG flex_time=3599000 task_type=0 retry_strategy={"maximum_backoff_seconds":{"3600":0},"initial_backoff_seconds":{"30":0},"retry_policy":{"0":0}} [CONTEXT service_id=218 ]
11-01 07:48:58.196 29486 30922 W NetworkScheduler: android.database.sqlite.SQLiteConstraintException: UNIQUE constraint failed: pending_ops.tag, pending_ops.target_class, pending_ops.target_package, pending_ops.user_id (code 2067)
11-01 07:48:58.196 29486 30922 W NetworkScheduler: 	at android.database.sqlite.SQLiteConnection.nativeExecuteForLastInsertedRowId(Native Method)
11-01 07:48:58.196 29486 30922 W NetworkScheduler: 	at android.database.sqlite.SQLiteConnection.executeForLastInsertedRowId(SQLiteConnection.java:782)
11-01 07:48:58.196 29486 30922 W NetworkScheduler: 	at android.database.sqlite.SQLiteSession.executeForLastInsertedRowId(SQLiteSession.java:788)
11-01 07:48:58.196 29486 30922 W NetworkScheduler: 	at android.database.sqlite.SQLiteStatement.executeInsert(SQLiteStatement.java:86)
11-01 07:48:58.196 29486 30922 W NetworkScheduler: 	at android.database.sqlite.SQLiteDatabase.insertWithOnConflict(SQLiteDatabase.java:1474)
11-01 07:48:58.196 29486 30922 W NetworkScheduler: 	at android.database.sqlite.SQLiteDatabase.insertOrThrow(SQLiteDatabase.java:1369)
11-01 07:48:58.196 29486 30922 W NetworkScheduler: 	at biel.g(:com.google.android.gms@223616019@22.36.16 (040400-476895098):52)
11-01 07:48:58.196 29486 30922 W NetworkScheduler: 	at bide.n(:com.google.android.gms@223616019@22.36.16 (040400-476895098):3)
11-01 07:48:58.196 29486 30922 W NetworkScheduler: 	at bide.u(:com.google.android.gms@223616019@22.36.16 (040400-476895098):20)
11-01 07:48:58.196 29486 30922 W NetworkScheduler: 	at bide.h(:com.google.android.gms@223616019@22.36.16 (040400-476895098):3)
11-01 07:48:58.196 29486 30922 W NetworkScheduler: 	at bhyv.run(:com.google.android.gms@223616019@22.36.16 (040400-476895098):9)
11-01 07:48:58.196 29486 30922 W NetworkScheduler: 	at aarl.c(:com.google.android.gms@223616019@22.36.16 (040400-476895098):6)
11-01 07:48:58.196 29486 30922 W NetworkScheduler: 	at aarl.run(:com.google.android.gms@223616019@22.36.16 (040400-476895098):7)
11-01 07:48:58.196 29486 30922 W NetworkScheduler: 	at java.util.concurrent.ThreadPoolExecutor.runWorker(ThreadPoolExecutor.java:1162)
11-01 07:48:58.196 29486 30922 W NetworkScheduler: 	at java.util.concurrent.ThreadPoolExecutor$Worker.run(ThreadPoolExecutor.java:636)
11-01 07:48:58.196 29486 30922 W NetworkScheduler: 	at aaws.run(:com.google.android.gms@223616019@22.36.16 (040400-476895098):0)
11-01 07:48:58.196 29486 30922 W NetworkScheduler: 	at java.lang.Thread.run(Thread.java:764)
11-01 07:48:58.419 31381 31393 I vndksupport: sphal namespace is not configured for this process. Loading libutils.so from the current namespace instead.
11-01 07:48:58.419 31605 31617 I vndksupport: sphal namespace is not configured for this process. Loading libutils.so from the current namespace instead.
11-01 07:48:58.420 31472 31622 I vndksupport: sphal namespace is not configured for this process. Loading libutils.so from the current namespace instead.
11-01 07:48:58.421 31242 31342 I vndksupport: sphal namespace is not configured for this process. Loading libutils.so from the current namespace instead.
11-01 07:48:58.423 31262 31293 I vndksupport: sphal namespace is not configured for this process. Loading libutils.so from the current namespace instead.
11-01 07:48:58.424 31288 31303 I vndksupport: sphal namespace is not configured for this process. Loading libutils.so from the current namespace instead.
11-01 07:48:58.427   556  7524 E Parcel  : Reading a NULL string not supported here.
11-01 07:48:58.427   556  7524 W Parcel  : **** enforceInterface() expected 'IAAudioService' but read ''
11-01 07:48:58.428 31805 31805 W atrace  : type=1400 audit(0.0:20646): avc: denied { call } for scontext=u:r:shell:s0 tcontext=u:r:wificond:s0 tclass=binder permissive=0
11-01 07:48:58.428   360   360 E SELinux : avc:  denied  { find } for service=android.service.gatekeeper.IGateKeeperService pid=31805 uid=2000 scontext=u:r:shell:s0 tcontext=u:object_r:gatekeeper_service:s0 tclass=service_manager
11-01 07:48:58.428   360   360 E SELinux : avc:  denied  { find } for service=netd pid=31805 uid=2000 scontext=u:r:shell:s0 tcontext=u:object_r:netd_service:s0 tclass=service_manager
11-01 07:48:58.433   360   360 E SELinux : avc:  denied  { find } for service=installd pid=31805 uid=2000 scontext=u:r:shell:s0 tcontext=u:object_r:installd_service:s0 tclass=service_manager
11-01 07:48:58.437   361   361 E SELinux : avc:  denied  { find } for interface=android.frameworks.displayservice::IDisplayService pid=31805 scontext=u:r:shell:s0 tcontext=u:object_r:fwk_display_hwservice:s0 tclass=hwservice_manager
11-01 07:48:58.437   361   361 E SELinux : avc:  denied  { find } for interface=android.frameworks.schedulerservice::ISchedulingPolicyService pid=31805 scontext=u:r:shell:s0 tcontext=u:object_r:fwk_scheduler_hwservice:s0 tclass=hwservice_manager
11-01 07:48:58.438   361   361 E SELinux : avc:  denied  { find } for interface=android.frameworks.sensorservice::ISensorManager pid=31805 scontext=u:r:shell:s0 tcontext=u:object_r:fwk_sensor_hwservice:s0 tclass=hwservice_manager
11-01 07:48:58.438   361   361 E SELinux : avc:  denied  { find } for interface=android.hardware.biometrics.fingerprint::IBiometricsFingerprint pid=31805 scontext=u:r:shell:s0 tcontext=u:object_r:hal_fingerprint_hwservice:s0 tclass=hwservice_manager
11-01 07:48:58.439   361   361 E SELinux : avc:  denied  { find } for interface=android.hardware.dumpstate::IDumpstateDevice pid=31805 scontext=u:r:shell:s0 tcontext=u:object_r:hal_dumpstate_hwservice:s0 tclass=hwservice_manager
11-01 07:48:58.440   361   361 E SELinux : avc:  denied  { find } for interface=android.hardware.radio.deprecated::IOemHook pid=31805 scontext=u:r:shell:s0 tcontext=u:object_r:hal_telephony_hwservice:s0 tclass=hwservice_manager
11-01 07:48:58.440   361   361 E SELinux : avc:  denied  { find } for interface=android.hardware.radio::IRadio pid=31805 scontext=u:r:shell:s0 tcontext=u:object_r:hal_telephony_hwservice:s0 tclass=hwservice_manager
11-01 07:48:58.441   361   361 E SELinux : avc:  denied  { find } for interface=android.hardware.radio::ISap pid=31805 scontext=u:r:shell:s0 tcontext=u:object_r:hal_telephony_hwservice:s0 tclass=hwservice_manager
11-01 07:48:58.441   361   361 E SELinux : avc:  denied  { find } for interface=android.hardware.usb::IUsb pid=31805 scontext=u:r:shell:s0 tcontext=u:object_r:hal_usb_hwservice:s0 tclass=hwservice_manager
11-01 07:48:58.441   361   361 E SELinux : avc:  denied  { find } for interface=android.hardware.wifi.supplicant::ISupplicant pid=31805 scontext=u:r:shell:s0 tcontext=u:object_r:hal_wifi_supplicant_hwservice:s0 tclass=hwservice_manager
11-01 07:48:58.442   361   361 E SELinux : avc:  denied  { find } for interface=android.hardware.wifi::IWifi pid=31805 scontext=u:r:shell:s0 tcontext=u:object_r:hal_wifi_hwservice:s0 tclass=hwservice_manager
11-01 07:48:58.443   361   361 E SELinux : avc:  denied  { find } for interface=android.hidl.base::IBase pid=31805 scontext=u:r:shell:s0 tcontext=u:object_r:hidl_base_hwservice:s0 tclass=hwservice_manager
11-01 07:48:58.443   361   361 I chatty  : uid=1000(system) hwservicemanage identical 1 line
11-01 07:48:58.443   361   361 E SELinux : avc:  denied  { find } for interface=android.hidl.base::IBase pid=31805 scontext=u:r:shell:s0 tcontext=u:object_r:hidl_base_hwservice:s0 tclass=hwservice_manager
11-01 07:48:58.444   361   361 E SELinux : avc:  denied  { find } for interface=android.system.wifi.keystore::IKeystore pid=31805 scontext=u:r:shell:s0 tcontext=u:object_r:system_wifi_keystore_hwservice:s0 tclass=hwservice_manager
11-01 07:49:00.253 29486 31354 W NetworkScheduler: Error inserting period=7196000 preferred_charging_state=1 preferred_network_type=1 target_class=com.google.android.gms.measurement.PackageMeasurementTaskService required_network_type=0 runtime=1667285340245 required_idleness_state=0 source=16 service_kind=0 target_package=com.google.android.gms persistence_level=1 source_version=223616000 last_runtime=0 user_id=0 job_id=-1 requires_charging=0 tag=Measurement.PackageMeasurementTaskService.UPLOAD_TASK_TAG flex_time=3597000 task_type=0 retry_strategy={"maximum_backoff_seconds":{"3600":0},"initial_backoff_seconds":{"30":0},"retry_policy":{"0":0}} [CONTEXT service_id=218 ]
11-01 07:49:00.253 29486 31354 W NetworkScheduler: android.database.sqlite.SQLiteConstraintException: UNIQUE constraint failed: pending_ops.tag, pending_ops.target_class, pending_ops.target_package, pending_ops.user_id (code 2067)
11-01 07:49:00.253 29486 31354 W NetworkScheduler: 	at android.database.sqlite.SQLiteConnection.nativeExecuteForLastInsertedRowId(Native Method)
11-01 07:49:00.253 29486 31354 W NetworkScheduler: 	at android.database.sqlite.SQLiteConnection.executeForLastInsertedRowId(SQLiteConnection.java:782)
11-01 07:49:00.253 29486 31354 W NetworkScheduler: 	at android.database.sqlite.SQLiteSession.executeForLastInsertedRowId(SQLiteSession.java:788)
11-01 07:49:00.253 29486 31354 W NetworkScheduler: 	at android.database.sqlite.SQLiteStatement.executeInsert(SQLiteStatement.java:86)
11-01 07:49:00.253 29486 31354 W NetworkScheduler: 	at android.database.sqlite.SQLiteDatabase.insertWithOnConflict(SQLiteDatabase.java:1474)
11-01 07:49:00.253 29486 31354 W NetworkScheduler: 	at android.database.sqlite.SQLiteDatabase.insertOrThrow(SQLiteDatabase.java:1369)
11-01 07:49:00.253 29486 31354 W NetworkScheduler: 	at biel.g(:com.google.android.gms@223616019@22.36.16 (040400-476895098):52)
11-01 07:49:00.253 29486 31354 W NetworkScheduler: 	at bide.n(:com.google.android.gms@223616019@22.36.16 (040400-476895098):3)
11-01 07:49:00.253 29486 31354 W NetworkScheduler: 	at bide.u(:com.google.android.gms@223616019@22.36.16 (040400-476895098):20)
11-01 07:49:00.253 29486 31354 W NetworkScheduler: 	at bide.h(:com.google.android.gms@223616019@22.36.16 (040400-476895098):3)
11-01 07:49:00.253 29486 31354 W NetworkScheduler: 	at bhyv.run(:com.google.android.gms@223616019@22.36.16 (040400-476895098):9)
11-01 07:49:00.253 29486 31354 W NetworkScheduler: 	at aarl.c(:com.google.android.gms@223616019@22.36.16 (040400-476895098):6)
11-01 07:49:00.253 29486 31354 W NetworkScheduler: 	at aarl.run(:com.google.android.gms@223616019@22.36.16 (040400-476895098):7)
11-01 07:49:00.253 29486 31354 W NetworkScheduler: 	at java.util.concurrent.ThreadPoolExecutor.runWorker(ThreadPoolExecutor.java:1162)
11-01 07:49:00.253 29486 31354 W NetworkScheduler: 	at java.util.concurrent.ThreadPoolExecutor$Worker.run(ThreadPoolExecutor.java:636)
11-01 07:49:00.253 29486 31354 W NetworkScheduler: 	at aaws.run(:com.google.android.gms@223616019@22.36.16 (040400-476895098):0)
11-01 07:49:00.253 29486 31354 W NetworkScheduler: 	at java.lang.Thread.run(Thread.java:764)
11-01 07:49:10.213 29692 29692 D BoundBrokerSvc: onUnbind: Intent { act=com.google.android.gms.measurement.START pkg=com.google.android.gms }
11-01 07:49:13.271   772   791 E BatteryStatsService: no controller energy info supplied
11-01 07:49:48.670   772   791 E BatteryStatsService: no controller energy info supplied
11-01 07:50:03.730   772   784 I ActivityManager: Force stopping com.opera.browser appid=10099 user=0: from pid 31822
11-01 07:50:03.731   772   784 I ActivityManager: Killing 31605:com.opera.browser:privileged_process0/u0a99 (adj 0): stop com.opera.browser
11-01 07:50:03.732   772   784 W ActivityManager: Scheduling restart of crashed service com.opera.browser/com.opera.android.browser.chromium.services.PrivilegedProcessService0 in 1000ms
11-01 07:50:03.737   772   784 I ActivityManager: Killing 31472:com.opera.browser/u0a99 (adj 0): stop com.opera.browser
11-01 07:50:03.744   772   784 I ActivityManager:   Force finishing activity ActivityRecord{6f98e60 u0 com.opera.browser/com.opera.android.startup.WelcomeActivity t982}
11-01 07:50:03.749   772   784 I ActivityManager:   Force finishing activity ActivityRecord{6f98e60 u0 com.opera.browser/com.opera.android.startup.WelcomeActivity t982 f}
11-01 07:50:03.749   772   784 W ActivityManager: Duplicate finish request for ActivityRecord{6f98e60 u0 com.opera.browser/com.opera.android.startup.WelcomeActivity t982 f}
11-01 07:50:03.762  1311  1311 D CarrierSvcBindHelper: No carrier app for: 0
11-01 07:50:03.775  2964  2964 D RegisteredNfcFServicesCache: Service unchanged, not updating
11-01 07:50:03.822   772  3041 D ConnectivityService: ConnectivityService NetworkRequestInfo binderDied(NetworkRequest [ LISTEN id=2439, [ Capabilities: INTERNET&NOT_RESTRICTED&TRUSTED&FOREGROUND] ], android.os.BinderProxy@e60f6be)
11-01 07:50:03.823   772   797 W ActivityManager: setHasOverlayUi called on unknown pid: 31472
11-01 07:50:03.823   772   862 E ConnectivityService: RemoteException caught trying to send a callback msg for NetworkRequest [ LISTEN id=2439, [ Capabilities: INTERNET&NOT_RESTRICTED&TRUSTED&FOREGROUND] ]
11-01 07:50:04.373 31824 31824 D AndroidRuntime: >>>>>> START com.android.internal.os.RuntimeInit uid 2000 <<<<<<
11-01 07:50:04.801 31824 31824 D AndroidRuntime: Calling main entry com.android.commands.pm.Pm
11-01 07:50:04.832   772  2970 I ActivityManager: Force stopping com.opera.browser appid=10099 user=0: clear data
11-01 07:50:04.834   772   788 I ActivityManager: Force stopping com.opera.browser appid=10099 user=-1: clearApplicationUserData
11-01 07:50:04.900   560   560 I keystore: clear_uid 10099
11-01 07:50:04.965  1311  1311 D CarrierSvcBindHelper: No carrier app for: 0
11-01 07:50:04.972 31824 31824 I app_process: System.exit called, status: 0
11-01 07:50:04.972 31824 31824 I AndroidRuntime: VM exiting with result code 0.
11-01 07:50:04.978   772   787 W ResourceType: No known package when getting value for resource number 0x7f100007
11-01 07:50:04.978   772   787 W ResourceType: No known package when getting value for resource number 0x7f13090c
11-01 07:50:04.978   772   787 W ResourceType: No known package when getting value for resource number 0x7f100005
11-01 07:50:04.978   772   787 W ResourceType: No known package when getting value for resource number 0x7f13090a
11-01 07:50:04.978   772   787 W ResourceType: No known package when getting value for resource number 0x7f100004
11-01 07:50:04.978   772   787 W ResourceType: No known package when getting value for resource number 0x7f130909
11-01 07:50:04.979   772   787 W ResourceType: No known package when getting value for resource number 0x7f100006
11-01 07:50:04.979   772   787 W ResourceType: No known package when getting value for resource number 0x7f13090b
11-01 07:50:04.990  2964  2964 D RegisteredNfcFServicesCache: Service unchanged, not updating
11-01 07:50:05.050 29486 31847 I Fitness : FitCleanupIntentOperation received Intent android.intent.action.PACKAGE_DATA_CLEARED [CONTEXT service_id=17 ]
11-01 07:50:05.089 29692 30898 I Icing   : doRemovePackageData com.opera.browser
11-01 07:50:05.336   772 29404 I ActivityManager: Force stopping com.opera.browser appid=10099 user=0: from pid 31867
11-01 07:50:05.343  1311  1311 D CarrierSvcBindHelper: No carrier app for: 0
11-01 07:50:05.357  2964  2964 D RegisteredNfcFServicesCache: Service unchanged, not updating
11-01 07:50:05.807 31869 31869 D AndroidRuntime: >>>>>> START com.android.internal.os.RuntimeInit uid 2000 <<<<<<
11-01 07:50:05.957 31869 31869 D AndroidRuntime: Calling main entry com.android.commands.pm.Pm
11-01 07:50:05.972   772 10895 I ActivityManager: Force stopping com.opera.browser appid=10099 user=0: clear data
11-01 07:50:05.976   772   788 I ActivityManager: Force stopping com.opera.browser appid=10099 user=-1: clearApplicationUserData
11-01 07:50:05.979   560   560 I keystore: clear_uid 10099
11-01 07:50:06.022  1311  1311 D CarrierSvcBindHelper: No carrier app for: 0
11-01 07:50:06.031 31869 31869 I app_process: System.exit called, status: 0
11-01 07:50:06.031 31869 31869 I AndroidRuntime: VM exiting with result code 0.
11-01 07:50:06.035   772   787 W ResourceType: No known package when getting value for resource number 0x7f100007
11-01 07:50:06.035   772   787 W ResourceType: No known package when getting value for resource number 0x7f13090c
11-01 07:50:06.035   772   787 W ResourceType: No known package when getting value for resource number 0x7f100005
11-01 07:50:06.035   772   787 W ResourceType: No known package when getting value for resource number 0x7f13090a
11-01 07:50:06.036   772   787 W ResourceType: No known package when getting value for resource number 0x7f100004
11-01 07:50:06.036   772   787 W ResourceType: No known package when getting value for resource number 0x7f130909
11-01 07:50:06.036   772   787 W ResourceType: No known package when getting value for resource number 0x7f100006
11-01 07:50:06.036   772   787 W ResourceType: No known package when getting value for resource number 0x7f13090b
11-01 07:50:06.049  2964  2964 D RegisteredNfcFServicesCache: Service unchanged, not updating
11-01 07:50:06.088 29486 31846 I Fitness : FitCleanupIntentOperation received Intent android.intent.action.PACKAGE_DATA_CLEARED [CONTEXT service_id=17 ]
11-01 07:50:06.090 29692 30898 I Icing   : doRemovePackageData com.opera.browser
11-01 07:50:18.869   772   791 E BatteryStatsService: no controller energy info supplied
11-01 07:51:47.789 29486 31354 I NetworkScheduler.Stats: Task com.google.android.gms/com.google.android.gms.auth.account.be.accountstate.GcmTaskService started execution. cause:4 exec_start_elapsed_seconds: 1161561 [CONTEXT service_id=218 ]
