--------- beginning of system
10-31 08:28:49.907   772   791 E BatteryStatsService: no controller energy info supplied
10-31 08:28:50.716   772 32228 I ActivityManager: Force stopping com.android.chrome appid=10060 user=0: from pid 990
10-31 08:28:50.716   772 32228 I ActivityManager: Killing 775:com.android.chrome/u0a60 (adj 902): stop com.android.chrome
--------- beginning of main
10-31 08:28:50.730  1311  1311 D CarrierSvcBindHelper: No carrier app for: 0
10-31 08:28:50.743  2964  2964 D RegisteredNfcFServicesCache: Service unchanged, not updating
10-31 08:28:50.978   772 32228 I ActivityManager: START u0 {act=android.intent.action.VIEW flg=0x10008000 cmp=com.android.chrome/com.google.android.apps.chrome.Main} from uid 2000
10-31 08:28:50.993   772   830 E ResourceType: Style contains key with bad entry: 0x0101062c
10-31 08:28:51.002   772   830 E ResourceType: Style contains key with bad entry: 0x0101062c
10-31 08:28:51.019   772   785 I ActivityManager: Start proc 992:com.android.chrome/u0a60 for activity com.android.chrome/com.google.android.apps.chrome.Main
10-31 08:28:51.105   992   992 I cr_SplitCompatApp: Launched version=106.0.5249.79 minSdkVersion=24 isBundle=true processName=com.android.chrome isIsolated=false
10-31 08:28:51.154  3960  3971 I FontLog : Received query Google Sans, URI content://com.google.android.gms.fonts [CONTEXT service_id=132 ]
10-31 08:28:51.154  3960  3971 I FontLog : Query [Google Sans] resolved to {Google Sans, wdth 100.0, wght 400, ital 0.0, bestEffort false} [CONTEXT service_id=132 ]
10-31 08:28:51.156  3960  3971 I FontLog : Font PFD returned from cache for {Google Sans, wdth 100.0, wght 400, ital 0.0, bestEffort false} [CONTEXT service_id=132 ]
10-31 08:28:51.157  3960  3971 I FontLog : Fetch {Google Sans, wdth 100.0, wght 400, ital 0.0, bestEffort false} end status Status{statusCode=SUCCESS, resolution=null} [CONTEXT service_id=132 ]
10-31 08:28:51.164  3960  4217 I FontLog : Pulling font file for id = 1660, cache size = 8 [CONTEXT service_id=132 ]
10-31 08:28:51.169   772   781 I zygote64: Background concurrent copying GC freed 118654(6MB) AllocSpace objects, 131(3MB) LOS objects, 42% free, 16MB/29MB, paused 451us total 103.101ms
10-31 08:28:51.200  3960  4245 I FontLog : Received query Google Sans:500, URI content://com.google.android.gms.fonts [CONTEXT service_id=132 ]
10-31 08:28:51.200  3960  4245 I FontLog : Query [Google Sans:500] resolved to {Google Sans, wdth 100.0, wght 500, ital 0.0, bestEffort false} [CONTEXT service_id=132 ]
10-31 08:28:51.202  3960  4245 I FontLog : Font PFD returned from cache for {Google Sans, wdth 100.0, wght 500, ital 0.0, bestEffort false} [CONTEXT service_id=132 ]
10-31 08:28:51.202  3960  4245 I FontLog : Fetch {Google Sans, wdth 100.0, wght 500, ital 0.0, bestEffort false} end status Status{statusCode=SUCCESS, resolution=null} [CONTEXT service_id=132 ]
10-31 08:28:51.208  3960  3972 I FontLog : Pulling font file for id = 1661, cache size = 9 [CONTEXT service_id=132 ]
10-31 08:28:51.216  3960  3971 I FontLog : Received query Google Sans:700, URI content://com.google.android.gms.fonts [CONTEXT service_id=132 ]
10-31 08:28:51.216  3960  3971 I FontLog : Query [Google Sans:700] resolved to {Google Sans, wdth 100.0, wght 700, ital 0.0, bestEffort false} [CONTEXT service_id=132 ]
10-31 08:28:51.218  3960  3971 I FontLog : Fetch {Google Sans, wdth 100.0, wght 700, ital 0.0, bestEffort false} end status Status{statusCode=SUCCESS, resolution=null} [CONTEXT service_id=132 ]
10-31 08:28:51.222  3960  4245 I FontLog : Pulling font file for id = 1662, cache size = 7 [CONTEXT service_id=132 ]
10-31 08:28:51.244   992  1014 I cr_LibraryLoader: Successfully loaded native library
10-31 08:28:51.245   992  1014 I cr_CachingUmaRecorder: Flushed 19 samples from 19 histograms.
10-31 08:28:51.288   992   992 E ResourceType: Style contains key with bad entry: 0x0101062c
10-31 08:28:51.302   772   996 I ActivityManager: START u0 {cmp=com.android.chrome/org.chromium.chrome.browser.firstrun.FirstRunActivity (has extras)} from uid 10060
10-31 08:28:51.305   992  1017 W DynamiteModule: Local module descriptor class for com.google.android.gms.googlecertificates not found.
10-31 08:28:51.309   992   992 E ResourceType: Style contains key with bad entry: 0x0101062c
10-31 08:28:51.347   992  1017 W zygote  : Skipping duplicate class check due to unrecognized classloader
10-31 08:28:51.351   992  1017 I DynamiteModule: Considering local module com.google.android.gms.googlecertificates:0 and remote module com.google.android.gms.googlecertificates:7
10-31 08:28:51.351   992  1017 I DynamiteModule: Selected remote version of com.google.android.gms.googlecertificates, version >= 7
10-31 08:28:51.416   992  1017 W zygote  : Skipping duplicate class check due to unrecognized classloader
10-31 08:28:51.490   772  2970 W AppOps  : Bad call: specified package com.google.android.gms under uid 10060 but it is really 10020
10-31 08:28:51.490   772  2970 W AppOps  : java.lang.RuntimeException: here
10-31 08:28:51.490   772  2970 W AppOps  : 	at com.android.server.AppOpsService.getOpsRawLocked(AppOpsService.java:1319)
10-31 08:28:51.490   772  2970 W AppOps  : 	at com.android.server.AppOpsService.checkPackage(AppOpsService.java:1038)
10-31 08:28:51.490   772  2970 W AppOps  : 	at com.android.internal.app.IAppOpsService$Stub.onTransact(IAppOpsService.java:169)
10-31 08:28:51.490   772  2970 W AppOps  : 	at android.os.Binder.execTransact(Binder.java:674)
10-31 08:28:51.492   772 13071 W AppOps  : Bad call: specified package com.google.android.gms under uid 10060 but it is really 10020
10-31 08:28:51.492   772 13071 W AppOps  : java.lang.RuntimeException: here
10-31 08:28:51.492   772 13071 W AppOps  : 	at com.android.server.AppOpsService.getOpsRawLocked(AppOpsService.java:1319)
10-31 08:28:51.492   772 13071 W AppOps  : 	at com.android.server.AppOpsService.checkPackage(AppOpsService.java:1038)
10-31 08:28:51.492   772 13071 W AppOps  : 	at com.android.internal.app.IAppOpsService$Stub.onTransact(IAppOpsService.java:169)
10-31 08:28:51.492   772 13071 W AppOps  : 	at android.os.Binder.execTransact(Binder.java:674)
10-31 08:28:51.498   772 10895 W AppOps  : Bad call: specified package com.google.android.gms under uid 10060 but it is really 10020
10-31 08:28:51.498   772 10895 W AppOps  : java.lang.RuntimeException: here
10-31 08:28:51.498   772 10895 W AppOps  : 	at com.android.server.AppOpsService.getOpsRawLocked(AppOpsService.java:1319)
10-31 08:28:51.498   772 10895 W AppOps  : 	at com.android.server.AppOpsService.checkPackage(AppOpsService.java:1038)
10-31 08:28:51.498   772 10895 W AppOps  : 	at com.android.internal.app.IAppOpsService$Stub.onTransact(IAppOpsService.java:169)
10-31 08:28:51.498   772 10895 W AppOps  : 	at android.os.Binder.execTransact(Binder.java:674)
10-31 08:28:51.500   772 20193 W AppOps  : Bad call: specified package com.google.android.gms under uid 10060 but it is really 10020
10-31 08:28:51.500   772 20193 W AppOps  : java.lang.RuntimeException: here
10-31 08:28:51.500   772 20193 W AppOps  : 	at com.android.server.AppOpsService.getOpsRawLocked(AppOpsService.java:1319)
10-31 08:28:51.500   772 20193 W AppOps  : 	at com.android.server.AppOpsService.checkPackage(AppOpsService.java:1038)
10-31 08:28:51.500   772 20193 W AppOps  : 	at com.android.internal.app.IAppOpsService$Stub.onTransact(IAppOpsService.java:169)
10-31 08:28:51.500   772 20193 W AppOps  : 	at android.os.Binder.execTransact(Binder.java:674)
10-31 08:28:51.510   992   992 W ResourceType: Failure getting entry for 0x7f010055 (t=0 e=85) (error -75)
10-31 08:28:51.538   992  1026 D OpenGLRenderer: HWUI GL Pipeline
10-31 08:28:51.563   992  1026 I Adreno  : QUALCOMM build                   : 7142022, Ib5823dd10c
10-31 08:28:51.563   992  1026 I Adreno  : Build Date                       : 06/23/17
10-31 08:28:51.563   992  1026 I Adreno  : OpenGL ES Shader Compiler Version: EV031.18.00.00
10-31 08:28:51.563   992  1026 I Adreno  : Local Branch                     : O11A
10-31 08:28:51.563   992  1026 I Adreno  : Remote Branch                    : 
10-31 08:28:51.563   992  1026 I Adreno  : Remote Branch                    : 
10-31 08:28:51.563   992  1026 I Adreno  : Reconstruct Branch               : 
10-31 08:28:51.563   992  1026 I vndksupport: sphal namespace is not configured for this process. Loading /vendor/lib/hw/gralloc.msm8992.so from the current namespace instead.
10-31 08:28:51.573   992   992 W RecyclerView: No adapter attached; skipping layout
10-31 08:28:51.583   992   992 I cr_StartSurfaceConfig: Recorded Startup.Android.FirstDrawCompletedTime.NoInstant = 163 ms
10-31 08:28:51.585   992  1026 I Adreno  : PFP: 0x00000000, ME: 0x00000000
10-31 08:28:51.593   992  1026 I OpenGLRenderer: Initialized EGL, version 1.4
10-31 08:28:51.593   992  1026 D OpenGLRenderer: Swap behavior 2
10-31 08:28:51.626   992  1012 D NetworkSecurityConfig: Using Network Security Config from resource 0_resource_name_obfuscated debugBuild: false
10-31 08:28:51.636  3960  4307 E bfry    : Phenotype API error. Event # ddoj@cbbd8068, EventCode: 7 [CONTEXT service_id=51 ]
10-31 08:28:51.636  3960  4307 E bfry    : bfra: 29505: No config packages for log source, or config package not registered
10-31 08:28:51.636  3960  4307 E bfry    : 	at bfst.b(:com.google.android.gms@223616019@22.36.16 (040400-476895098):4)
10-31 08:28:51.636  3960  4307 E bfry    : 	at bfsq.g(:com.google.android.gms@223616019@22.36.16 (040400-476895098):0)
10-31 08:28:51.636  3960  4307 E bfry    : 	at bfry.e(:com.google.android.gms@223616019@22.36.16 (040400-476895098):4)
10-31 08:28:51.636  3960  4307 E bfry    : 	at bfry.f(:com.google.android.gms@223616019@22.36.16 (040400-476895098):2)
10-31 08:28:51.636  3960  4307 E bfry    : 	at arjg.ep(:com.google.android.gms@223616019@22.36.16 (040400-476895098):1)
10-31 08:28:51.636  3960  4307 E bfry    : 	at arjm.run(:com.google.android.gms@223616019@22.36.16 (040400-476895098):12)
10-31 08:28:51.636  3960  4307 E bfry    : 	at cjoq.run(:com.google.android.gms@223616019@22.36.16 (040400-476895098):2)
10-31 08:28:51.636  3960  4307 E bfry    : 	at aarl.c(:com.google.android.gms@223616019@22.36.16 (040400-476895098):6)
10-31 08:28:51.636  3960  4307 E bfry    : 	at aarl.run(:com.google.android.gms@223616019@22.36.16 (040400-476895098):7)
10-31 08:28:51.636  3960  4307 E bfry    : 	at java.util.concurrent.ThreadPoolExecutor.runWorker(ThreadPoolExecutor.java:1162)
10-31 08:28:51.636  3960  4307 E bfry    : 	at java.util.concurrent.ThreadPoolExecutor$Worker.run(ThreadPoolExecutor.java:636)
10-31 08:28:51.636  3960  4307 E bfry    : 	at aaws.run(:com.google.android.gms@223616019@22.36.16 (040400-476895098):0)
10-31 08:28:51.636  3960  4307 E bfry    : 	at java.lang.Thread.run(Thread.java:764)
10-31 08:28:51.637  3960  4307 W AsyncOperation: operation=GetExperimentTokensOperationCall, opStatusCode=29505 [CONTEXT service_id=51 ]
10-31 08:28:51.637  3960  4307 W AsyncOperation: OperationException[Status{statusCode=No config packages for log source, or config package not registered, resolution=null}]
10-31 08:28:51.637  3960  4307 W AsyncOperation: 	at bfry.e(:com.google.android.gms@223616019@22.36.16 (040400-476895098):6)
10-31 08:28:51.637  3960  4307 W AsyncOperation: 	at bfry.f(:com.google.android.gms@223616019@22.36.16 (040400-476895098):2)
10-31 08:28:51.637  3960  4307 W AsyncOperation: 	at arjg.ep(:com.google.android.gms@223616019@22.36.16 (040400-476895098):1)
10-31 08:28:51.637  3960  4307 W AsyncOperation: 	at arjm.run(:com.google.android.gms@223616019@22.36.16 (040400-476895098):12)
10-31 08:28:51.637  3960  4307 W AsyncOperation: 	at cjoq.run(:com.google.android.gms@223616019@22.36.16 (040400-476895098):2)
10-31 08:28:51.637  3960  4307 W AsyncOperation: 	at aarl.c(:com.google.android.gms@223616019@22.36.16 (040400-476895098):6)
10-31 08:28:51.637  3960  4307 W AsyncOperation: 	at aarl.run(:com.google.android.gms@223616019@22.36.16 (040400-476895098):7)
10-31 08:28:51.637  3960  4307 W AsyncOperation: 	at java.util.concurrent.ThreadPoolExecutor.runWorker(ThreadPoolExecutor.java:1162)
10-31 08:28:51.637  3960  4307 W AsyncOperation: 	at java.util.concurrent.ThreadPoolExecutor$Worker.run(ThreadPoolExecutor.java:636)
10-31 08:28:51.637  3960  4307 W AsyncOperation: 	at aaws.run(:com.google.android.gms@223616019@22.36.16 (040400-476895098):0)
10-31 08:28:51.637  3960  4307 W AsyncOperation: 	at java.lang.Thread.run(Thread.java:764)
10-31 08:28:51.774  3960  3970 I zygote64: Background concurrent copying GC freed 90427(3MB) AllocSpace objects, 0(0B) LOS objects, 49% free, 9MB/19MB, paused 601us total 117.202ms
10-31 08:28:51.834   361   361 W /system/bin/hwservicemanager: getTransportFromManifest: Cannot find entry android.hardware.graphics.mapper@2.0::IMapper in either framework or device manifest, using default transport.
10-31 08:28:51.837   992  1026 I vndksupport: sphal namespace is not configured for this process. Loading /vendor/lib/hw/gralloc.msm8992.so from the current namespace instead.
10-31 08:28:51.872   772   797 I ActivityManager: Displayed com.android.chrome/org.chromium.chrome.browser.firstrun.FirstRunActivity: +492ms (total +868ms)
10-31 08:28:51.903 13325 13325 I MemoryTrimmer: Trimming objects from memory, since app is in the background.
10-31 08:28:51.906 13325   502 V rsC++   : RS Message thread exiting.
10-31 08:28:51.922 31791 31813 I PBSessionCacheImpl: Deleted sessionId[6407583349330] from persistence.
10-31 08:28:51.933 31791 31791 I MicroDetector: Keeping mic open: false
10-31 08:28:51.936 31791 31814 I DeviceStateChecker: DeviceStateChecker cancelled
10-31 08:28:51.940 31791  1006 I AudioController: internalShutdown
10-31 08:28:51.940 31791  1006 I MicrophoneInputStream: mic_close com.google.android.apps.gsa.speech.audio.af@bc04b13
10-31 08:28:51.942 31791   503 I MicroRecognitionRunner: Stopping hotword detection.
10-31 08:28:51.994   556   506 D audio_hw_primary: disable_audio_route: usecase(9) reset and update mixer path: audio-record
10-31 08:28:51.995   556   506 D audio_hw_primary: disable_snd_device: snd_device(72: voice-rec-mic)
10-31 08:28:51.998   556   506 D sound_trigger_platform: platform_stdev_check_and_update_concurrency: concurrency active 0, tx 0, rx 0, concurrency session_allowed 1
10-31 08:28:52.002   556   753 I SoundTriggerHwService::Module: onCallbackEvent no clients
10-31 08:28:52.005 31791 31936 I MicroRecognitionRunner: Detection finished
10-31 08:28:52.151   992  1012 I cr_VariationsSeedFetch: Fetched first run seed in 566 ms
10-31 08:28:52.183  1038  1038 E /system/bin/webview_zygote32: failed to make and chown /acct/uid_99744: Permission denied
10-31 08:28:52.183  1038  1038 E Zygote  : createProcessGroup(99744, 0) failed: Permission denied
10-31 08:28:52.186   772 13071 I ActivityManager: Start proc 1038:com.android.chrome:sandboxed_process0/u0i744 for webview_service com.android.chrome/org.chromium.content.app.SandboxedProcessService0
10-31 08:28:52.205  1038  1038 I SamplingProfilerIntegration: Profiling disabled.
10-31 08:28:52.224  1053  1053 E asset   : setgid: Operation not permitted
10-31 08:28:52.253  1038  1038 I cr_SplitCompatApp: Launched version=106.0.5249.79 minSdkVersion=24 isBundle=true processName=com.android.chrome:sandboxed_process0 isIsolated=true
10-31 08:28:52.258  1038  1038 W SystemServiceRegistry: No service published for: uimode
10-31 08:28:52.270  1038  1038 I cr_ChildProcessService: Creating new ChildProcessService pid=1038
10-31 08:28:52.275  1038  1038 E WebViewFactory: can't load with relro file; address space not reserved
10-31 08:28:52.410   772 10860 I ActivityManager: Start proc 1070:com.android.chrome:privileged_process0/u0a60 for service com.android.chrome/org.chromium.content.app.PrivilegedProcessService0
10-31 08:28:52.441  1070  1080 I zygote  : Background concurrent copying GC freed 2156(1432KB) AllocSpace objects, 0(0B) LOS objects, 82% free, 335KB/1871KB, paused 6.936ms total 20.574ms
10-31 08:28:52.449   992   992 I cr_SmsProviderGms: construction successfull y93@48d2629, v93@2a7674f
10-31 08:28:52.458 13542 13542 D BoundBrokerSvc: onBind: Intent { act=com.google.android.gms.auth.key.retrieval.service.START dat=chimera-action:com.google.android.gms.auth.key.retrieval.service.START cmp=com.google.android.gms/.chimera.GmsApiService }
10-31 08:28:52.458 13542 13542 D BoundBrokerSvc: Loading bound service for intent: Intent { act=com.google.android.gms.auth.key.retrieval.service.START dat=chimera-action:com.google.android.gms.auth.key.retrieval.service.START cmp=com.google.android.gms/.chimera.GmsApiService }
10-31 08:28:52.474  1070  1070 I cr_SplitCompatApp: Launched version=106.0.5249.79 minSdkVersion=24 isBundle=true processName=com.android.chrome:privileged_process0 isIsolated=false
10-31 08:28:52.487  1070  1070 I cr_ChildProcessService: Creating new ChildProcessService pid=1070
10-31 08:28:52.515   992   992 W cr_KnoxSettingsProvider: Permission to read device policy denied.
10-31 08:28:52.538  1070  1088 I cr_LibraryLoader: Successfully loaded native library
10-31 08:28:52.538  1070  1088 I cr_CachingUmaRecorder: Flushed 3 samples from 3 histograms.
10-31 08:28:52.555  1070  1088 I Adreno  : QUALCOMM build                   : 7142022, Ib5823dd10c
10-31 08:28:52.555  1070  1088 I Adreno  : Build Date                       : 06/23/17
10-31 08:28:52.555  1070  1088 I Adreno  : OpenGL ES Shader Compiler Version: EV031.18.00.00
10-31 08:28:52.555  1070  1088 I Adreno  : Local Branch                     : O11A
10-31 08:28:52.555  1070  1088 I Adreno  : Remote Branch                    : 
10-31 08:28:52.555  1070  1088 I Adreno  : Remote Branch                    : 
10-31 08:28:52.555  1070  1088 I Adreno  : Reconstruct Branch               : 
10-31 08:28:52.555  1070  1088 I vndksupport: sphal namespace is not configured for this process. Loading /vendor/lib/hw/gralloc.msm8992.so from the current namespace instead.
10-31 08:28:52.560  1070  1088 I Adreno  : PFP: 0x00000000, ME: 0x00000000
10-31 08:28:53.359  1096  1096 E /system/bin/webview_zygote32: failed to make and chown /acct/uid_99745: Permission denied
10-31 08:28:53.359  1096  1096 E Zygote  : createProcessGroup(99745, 0) failed: Permission denied
10-31 08:28:53.362   772  2970 I ActivityManager: Start proc 1096:com.android.chrome:sandboxed_process1/u0i745 for webview_service com.android.chrome/org.chromium.content.app.SandboxedProcessService1
10-31 08:28:53.381  1096  1096 I SamplingProfilerIntegration: Profiling disabled.
10-31 08:28:53.403  1113  1113 E asset   : setgid: Operation not permitted
10-31 08:28:53.444  1096  1096 I cr_SplitCompatApp: Launched version=106.0.5249.79 minSdkVersion=24 isBundle=true processName=com.android.chrome:sandboxed_process1 isIsolated=true
10-31 08:28:53.450  1096  1096 W SystemServiceRegistry: No service published for: uimode
10-31 08:28:53.462  1096  1096 I cr_ChildProcessService: Creating new ChildProcessService pid=1096
10-31 08:28:53.469  1096  1096 E WebViewFactory: can't load with relro file; address space not reserved
10-31 08:28:53.482  1096  1117 I cr_LibraryLoader: Successfully loaded native library
10-31 08:28:53.483  1096  1117 I cr_CachingUmaRecorder: Flushed 3 samples from 3 histograms.
10-31 08:28:53.515  1096  1117 I chromium: [INFO:child_process_service.cc(69)] ChildProcessService: Exiting child process.
10-31 08:28:53.517   422   422 E lowmemorykiller: Error writing /proc/1096/oom_score_adj; errno=22
10-31 08:28:53.517   772  2970 I ActivityManager: Killing 1096:com.android.chrome:sandboxed_process1/u0a60i745 (adj 0): isolated not needed
10-31 08:28:53.518   772   790 W zygote64: failed to open /acct/uid_99745/pid_1096/cgroup.procs: No such file or directory
10-31 08:28:54.660   992   992 E cr_BTSPrefs: No data found for task id: 53
10-31 08:28:54.661   992   992 E cr_BkgrdTaskScheduler: Task cannot be canceled because no data was found instorage or data was invalid
10-31 08:28:56.977 31791 31936 I EventLogSendingHelper: Sending log events.
10-31 08:28:57.285   772   785 D WificondControl: Scan result ready event
10-31 08:28:57.926  1148  1148 D AndroidRuntime: >>>>>> START com.android.internal.os.RuntimeInit uid 2000 <<<<<<
10-31 08:28:58.078  1148  1148 D AndroidRuntime: Calling main entry com.android.commands.input.Input
10-31 08:28:58.098  1148  1148 I Input   : injectMotionEvent: MotionEvent { action=ACTION_DOWN, actionButton=0, id[0]=0, x[0]=540.0, y[0]=1660.0, toolType[0]=TOOL_TYPE_UNKNOWN, buttonState=0, metaState=0, flags=0x0, edgeFlags=0x0, pointerCount=1, historySize=0, eventTime=519836347, downTime=519836347, deviceId=8, source=0x1002 }
10-31 08:28:58.107  1148  1148 I Input   : injectMotionEvent: MotionEvent { action=ACTION_UP, actionButton=0, id[0]=0, x[0]=540.0, y[0]=1660.0, toolType[0]=TOOL_TYPE_UNKNOWN, buttonState=0, metaState=0, flags=0x0, edgeFlags=0x0, pointerCount=1, historySize=0, eventTime=519836347, downTime=519836347, deviceId=8, source=0x1002 }
10-31 08:28:58.111  1148  1148 D AndroidRuntime: Shutting down VM
10-31 08:28:58.144   556  6498 D audio_hw_primary: enable_snd_device: snd_device(88: vi-feedback)
10-31 08:28:58.144   556  6498 D audio_hw_primary: enable_audio_route: usecase(23) apply and update mixer path: spkr-vi-record
10-31 08:28:58.171   556  6498 D audio_hw_primary: enable_audio_route: usecase(1) apply and update mixer path: low-latency-playback
10-31 08:28:58.702   556   731 D audio_hw_primary: disable_audio_route: usecase(1) reset and update mixer path: low-latency-playback
10-31 08:28:58.719   556   731 D audio_hw_primary: disable_snd_device: snd_device(88: vi-feedback)
10-31 08:28:58.719   556   731 D audio_hw_primary: disable_audio_route: usecase(23) reset and update mixer path: spkr-vi-record
10-31 08:28:59.540  1164  1164 D AndroidRuntime: >>>>>> START com.android.internal.os.RuntimeInit uid 2000 <<<<<<
10-31 08:28:59.667  1164  1164 D AndroidRuntime: Calling main entry com.android.commands.input.Input
10-31 08:28:59.675  1164  1164 I Input   : injectMotionEvent: MotionEvent { action=ACTION_DOWN, actionButton=0, id[0]=0, x[0]=180.0, y[0]=1690.0, toolType[0]=TOOL_TYPE_UNKNOWN, buttonState=0, metaState=0, flags=0x0, edgeFlags=0x0, pointerCount=1, historySize=0, eventTime=519837937, downTime=519837937, deviceId=8, source=0x1002 }
10-31 08:28:59.680  1164  1164 I Input   : injectMotionEvent: MotionEvent { action=ACTION_UP, actionButton=0, id[0]=0, x[0]=180.0, y[0]=1690.0, toolType[0]=TOOL_TYPE_UNKNOWN, buttonState=0, metaState=0, flags=0x0, edgeFlags=0x0, pointerCount=1, historySize=0, eventTime=519837937, downTime=519837937, deviceId=8, source=0x1002 }
10-31 08:28:59.682  1164  1164 D AndroidRuntime: Shutting down VM
10-31 08:28:59.694   556  6498 D audio_hw_primary: enable_snd_device: snd_device(88: vi-feedback)
10-31 08:28:59.694   556  6498 D audio_hw_primary: enable_audio_route: usecase(23) apply and update mixer path: spkr-vi-record
10-31 08:28:59.695   772 13021 I ActivityManager: START u0 {act=android.intent.action.VIEW flg=0x10008000 cmp=com.android.chrome/com.google.android.apps.chrome.Main (has extras)} from uid 10060
10-31 08:28:59.703   772   830 E ResourceType: Style contains key with bad entry: 0x0101062c
10-31 08:28:59.704   772   830 E ResourceType: Style contains key with bad entry: 0x0101062c
10-31 08:28:59.721   556  6498 D audio_hw_primary: enable_audio_route: usecase(1) apply and update mixer path: low-latency-playback
10-31 08:28:59.732   992   992 E ResourceType: Style contains key with bad entry: 0x0101062c
10-31 08:28:59.735   992   992 E ResourceType: Style contains key with bad entry: 0x0101062c
10-31 08:28:59.770   992   992 W ResourceType: Failure getting entry for 0x7f010055 (t=0 e=85) (error -75)
10-31 08:28:59.782   992   992 I cr_CompositorSurfaceMgr: Transitioning to surface with format: -1
10-31 08:28:59.786   992   992 W ResourceType: Failure getting entry for 0x7f010530 (t=0 e=1328) (error -75)
10-31 08:28:59.827   992  1061 W cr_tabmodel: Starting to perform legacy migration.
10-31 08:28:59.828   992  1061 W cr_tabmodel: Finished performing legacy migration.
10-31 08:28:59.828   992  1061 W cr_tabmodel: Starting to perform multi-instance migration.
10-31 08:28:59.829   992  1061 W cr_tabmodel: Finished performing multi-instance migration.
10-31 08:28:59.829   992  1061 I cr_tabmodel: Starting to fetch tab list for tab_state0
10-31 08:28:59.829   992  1061 I cr_tabmodel: State file does not exist.
10-31 08:28:59.829   992  1061 I cr_tabmodel: Starting to fetch tab list for tab_state1
10-31 08:28:59.829   992  1061 I cr_tabmodel: State file does not exist.
10-31 08:28:59.869   772   784 W ActivityManager: Duplicate finish request for ActivityRecord{80bb31d u0 com.android.chrome/org.chromium.chrome.browser.firstrun.FirstRunActivity t694 f}
10-31 08:28:59.876   992  1061 W cr_PartnerCustomize: Partner homepage must be HTTP(S) or NewTabPage. Got invalid URL "org.chromium.url.GURL@0"
10-31 08:28:59.921   992   992 I cr_StartSurfaceConfig: Recorded Startup.Android.FirstDrawCompletedTime.NoInstant = 165 ms
10-31 08:28:59.925   992  1026 D OpenGLRenderer: endAllActiveAnimators on 0xc60c4d00 (RippleDrawable) with handle 0xc6020220
10-31 08:28:59.930   992   992 I cr_CompositorSurfaceMgr: Transitioning to surface with format: -1
10-31 08:28:59.933   992   992 I cr_CompositorSurfaceMgr: surfaceCreated format: 0
10-31 08:28:59.940   992   992 I cr_ChromeTabbedActivity: #initializeState
10-31 08:28:59.941   992   992 I cr_CipherFactory: #restoreFromBundle, no savedInstanceState.
10-31 08:28:59.941   992   992 I cr_tabmodel: #loadState, ignoreIncognitoFiles? true
10-31 08:28:59.946   992   992 I cr_tabmodel: Loaded tab lists; counts: 0,0
10-31 08:28:59.947   992   992 I cr_ChromeTabbedActivity: #createInitialTab executed.
10-31 08:28:59.965   992   992 E ResourceType: Style contains key with bad entry: 0x0101062c
10-31 08:29:00.004   992   992 W ResourceType: Failure getting entry for 0x7f010565 (t=0 e=1381) (error -75)
10-31 08:29:00.013   992   992 W ResourceType: Failure getting entry for 0x7f010551 (t=0 e=1361) (error -75)
10-31 08:29:00.070   992   992 W ResourceType: Failure getting entry for 0x7f01059a (t=0 e=1434) (error -75)
10-31 08:29:00.078   772  2969 E BatteryStatsService: no controller energy info supplied
10-31 08:29:00.078   772  2969 E BatteryStatsService: no controller energy info supplied
10-31 08:29:00.106   772  1324 W AppOps  : Bad call: specified package com.google.android.gms under uid 10060 but it is really 10020
10-31 08:29:00.106   772  1324 W AppOps  : java.lang.RuntimeException: here
10-31 08:29:00.106   772  1324 W AppOps  : 	at com.android.server.AppOpsService.getOpsRawLocked(AppOpsService.java:1319)
10-31 08:29:00.106   772  1324 W AppOps  : 	at com.android.server.AppOpsService.checkPackage(AppOpsService.java:1038)
10-31 08:29:00.106   772  1324 W AppOps  : 	at com.android.internal.app.IAppOpsService$Stub.onTransact(IAppOpsService.java:169)
10-31 08:29:00.106   772  1324 W AppOps  : 	at android.os.Binder.execTransact(Binder.java:674)
10-31 08:29:00.107   772  1327 W AppOps  : Bad call: specified package com.google.android.gms under uid 10060 but it is really 10020
10-31 08:29:00.107   772  1327 W AppOps  : java.lang.RuntimeException: here
10-31 08:29:00.107   772  1327 W AppOps  : 	at com.android.server.AppOpsService.getOpsRawLocked(AppOpsService.java:1319)
10-31 08:29:00.107   772  1327 W AppOps  : 	at com.android.server.AppOpsService.checkPackage(AppOpsService.java:1038)
10-31 08:29:00.107   772  1327 W AppOps  : 	at com.android.internal.app.IAppOpsService$Stub.onTransact(IAppOpsService.java:169)
10-31 08:29:00.107   772  1327 W AppOps  : 	at android.os.Binder.execTransact(Binder.java:674)
10-31 08:29:00.109   772  3854 W AppOps  : Bad call: specified package com.google.android.gms under uid 10060 but it is really 10020
10-31 08:29:00.109   772  3854 W AppOps  : java.lang.RuntimeException: here
10-31 08:29:00.109   772  3854 W AppOps  : 	at com.android.server.AppOpsService.getOpsRawLocked(AppOpsService.java:1319)
10-31 08:29:00.109   772  3854 W AppOps  : 	at com.android.server.AppOpsService.checkPackage(AppOpsService.java:1038)
10-31 08:29:00.109   772  3854 W AppOps  : 	at com.android.internal.app.IAppOpsService$Stub.onTransact(IAppOpsService.java:169)
10-31 08:29:00.109   772  3854 W AppOps  : 	at android.os.Binder.execTransact(Binder.java:674)
10-31 08:29:00.110   772 10893 W AppOps  : Bad call: specified package com.google.android.gms under uid 10060 but it is really 10020
10-31 08:29:00.110   772 10893 W AppOps  : java.lang.RuntimeException: here
10-31 08:29:00.110   772 10893 W AppOps  : 	at com.android.server.AppOpsService.getOpsRawLocked(AppOpsService.java:1319)
10-31 08:29:00.110   772 10893 W AppOps  : 	at com.android.server.AppOpsService.checkPackage(AppOpsService.java:1038)
10-31 08:29:00.110   772 10893 W AppOps  : 	at com.android.internal.app.IAppOpsService$Stub.onTransact(IAppOpsService.java:169)
10-31 08:29:00.110   772 10893 W AppOps  : 	at android.os.Binder.execTransact(Binder.java:674)
10-31 08:29:00.138  1038  1055 I cr_LibraryLoader: Successfully loaded native library
10-31 08:29:00.138  1038  1055 I cr_CachingUmaRecorder: Flushed 3 samples from 3 histograms.
10-31 08:29:00.141   992   992 E cr_IntentUtils: getBooleanExtra failed on intent null
10-31 08:29:00.141   992   992 E cr_IntentUtils: getBooleanExtra failed on intent null
10-31 08:29:00.177   992   992 W ResourceType: Failure getting entry for 0x7f010888 (t=0 e=2184) (error -75)
10-31 08:29:00.181  3960  3971 I FontLog : Received query name=Google Sans&weight=700&besteffort=false, URI content://com.google.android.gms.fonts [CONTEXT service_id=132 ]
10-31 08:29:00.182  3960  3971 I FontLog : Query [name=Google Sans&weight=700&besteffort=false] resolved to {Google Sans, wdth 100.0, wght 700, ital 0.0, bestEffort false} [CONTEXT service_id=132 ]
10-31 08:29:00.186  3960  3971 I FontLog : Fetch {Google Sans, wdth 100.0, wght 700, ital 0.0, bestEffort false} end status Status{statusCode=SUCCESS, resolution=null} [CONTEXT service_id=132 ]
10-31 08:29:00.191   992   992 W ResourceType: Failure getting entry for 0x7f010888 (t=0 e=2184) (error -75)
10-31 08:29:00.193  3960  4244 I FontLog : Pulling font file for id = 1663, cache size = 8 [CONTEXT service_id=132 ]
10-31 08:29:00.194   992   992 W ResourceType: Failure getting entry for 0x7f010888 (t=0 e=2184) (error -75)
10-31 08:29:00.200   992   992 I chatty  : uid=10060(u0_a60) identical 3 lines
10-31 08:29:00.201   992   992 W ResourceType: Failure getting entry for 0x7f010888 (t=0 e=2184) (error -75)
10-31 08:29:00.202  3960  4245 I FontLog : Received query name=Noto Color Emoji Compat&weight=400&besteffort=false, URI content://com.google.android.gms.fonts [CONTEXT service_id=132 ]
10-31 08:29:00.202  3960  4245 I FontLog : Query [name=Noto Color Emoji Compat&weight=400&besteffort=false] resolved to {Noto Color Emoji Compat, wdth 100.0, wght 400, ital 0.0, bestEffort false} [CONTEXT service_id=132 ]
10-31 08:29:00.203   992   992 W ResourceType: Failure getting entry for 0x7f010888 (t=0 e=2184) (error -75)
10-31 08:29:00.204   992   992 I cr_TopSites: Start a new task.
10-31 08:29:00.204  3960  4245 I FontLog : Fetch {Noto Color Emoji Compat, wdth 100.0, wght 400, ital 0.0, bestEffort false} end status Status{statusCode=SUCCESS, resolution=null} [CONTEXT service_id=132 ]
10-31 08:29:00.205   992  1059 I cr_TopSites: Serializing top sites lists finished; count: 8
10-31 08:29:00.212  3960  6244 I FontLog : Pulling font file for id = 1664, cache size = 9 [CONTEXT service_id=132 ]
10-31 08:29:00.215   992  1059 I cr_TopSites: Finished saving top sites list to file:/data/user/0/com.android.chrome/app_top_sites/top_sites
10-31 08:29:00.216  3960  3971 I FontLog : Received query name=Google Sans&weight=400&besteffort=false, URI content://com.google.android.gms.fonts [CONTEXT service_id=132 ]
10-31 08:29:00.216  3960  3971 I FontLog : Query [name=Google Sans&weight=400&besteffort=false] resolved to {Google Sans, wdth 100.0, wght 400, ital 0.0, bestEffort false} [CONTEXT service_id=132 ]
10-31 08:29:00.217  3960  3971 I FontLog : Font PFD returned from cache for {Google Sans, wdth 100.0, wght 400, ital 0.0, bestEffort false} [CONTEXT service_id=132 ]
10-31 08:29:00.217  3960  3971 I FontLog : Fetch {Google Sans, wdth 100.0, wght 400, ital 0.0, bestEffort false} end status Status{statusCode=SUCCESS, resolution=null} [CONTEXT service_id=132 ]
10-31 08:29:00.219  3960  4217 I FontLog : Pulling font file for id = 1665, cache size = 10 [CONTEXT service_id=132 ]
10-31 08:29:00.222  3960  4151 I FontLog : Received query name=Google Sans&weight=500&besteffort=false, URI content://com.google.android.gms.fonts [CONTEXT service_id=132 ]
10-31 08:29:00.222  3960  4151 I FontLog : Query [name=Google Sans&weight=500&besteffort=false] resolved to {Google Sans, wdth 100.0, wght 500, ital 0.0, bestEffort false} [CONTEXT service_id=132 ]
10-31 08:29:00.223  3960  4151 I FontLog : Font PFD returned from cache for {Google Sans, wdth 100.0, wght 500, ital 0.0, bestEffort false} [CONTEXT service_id=132 ]
10-31 08:29:00.223  3960  4151 I FontLog : Fetch {Google Sans, wdth 100.0, wght 500, ital 0.0, bestEffort false} end status Status{statusCode=SUCCESS, resolution=null} [CONTEXT service_id=132 ]
10-31 08:29:00.241   361   361 W /system/bin/hwservicemanager: getTransportFromManifest: Cannot find entry android.hardware.graphics.mapper@2.0::IMapper in either framework or device manifest, using default transport.
10-31 08:29:00.242  3960 31648 I SQLiteConnectionPool: The connection pool for /data/user/0/com.google.android.gms/databases/metadata.db has been closed but there are still 1 connections in use.  They will be closed as they are released back to the pool.
10-31 08:29:00.245  1070  1088 I vndksupport: sphal namespace is not configured for this process. Loading /vendor/lib/hw/gralloc.msm8992.so from the current namespace instead.
10-31 08:29:00.245   772 20193 I ActivityManager: Start proc 1236:com.android.chrome:sandboxed_process2/u0i746 for webview_service com.android.chrome/org.chromium.content.app.SandboxedProcessService2
10-31 08:29:00.246  3960  3971 I FontLog : Pulling font file for id = 1666, cache size = 11 [CONTEXT service_id=132 ]
10-31 08:29:00.247   556   731 D audio_hw_primary: disable_audio_route: usecase(1) reset and update mixer path: low-latency-playback
10-31 08:29:00.254  1236  1236 E /system/bin/webview_zygote32: failed to make and chown /acct/uid_99746: Permission denied
10-31 08:29:00.254  1236  1236 E Zygote  : createProcessGroup(99746, 0) failed: Permission denied
10-31 08:29:00.257  3960  1228 W FontLog : Error updating last accessed time for {Google Sans, wdth 100.0, wght 500, ital 0.0, bestEffort false}. [CONTEXT service_id=132 ]
10-31 08:29:00.257  3960  1228 W FontLog : java.lang.IllegalStateException: Cannot perform this operation because the connection pool has been closed.
10-31 08:29:00.257  3960  1228 W FontLog : 	at android.database.sqlite.SQLiteConnectionPool.throwIfClosedLocked(SQLiteConnectionPool.java:962)
10-31 08:29:00.257  3960  1228 W FontLog : 	at android.database.sqlite.SQLiteConnectionPool.waitForConnection(SQLiteConnectionPool.java:677)
10-31 08:29:00.257  3960  1228 W FontLog : 	at android.database.sqlite.SQLiteConnectionPool.acquireConnection(SQLiteConnectionPool.java:348)
10-31 08:29:00.257  3960  1228 W FontLog : 	at android.database.sqlite.SQLiteSession.acquireConnection(SQLiteSession.java:894)
10-31 08:29:00.257  3960  1228 W FontLog : 	at android.database.sqlite.SQLiteSession.executeForChangedRowCount(SQLiteSession.java:752)
10-31 08:29:00.257  3960  1228 W FontLog : 	at android.database.sqlite.SQLiteStatement.executeUpdateDelete(SQLiteStatement.java:64)
10-31 08:29:00.257  3960  1228 W FontLog : 	at android.database.sqlite.SQLiteDatabase.executeSql(SQLiteDatabase.java:1679)
10-31 08:29:00.257  3960  1228 W FontLog : 	at android.database.sqlite.SQLiteDatabase.execSQL(SQLiteDatabase.java:1658)
10-31 08:29:00.257  3960  1228 W FontLog : 	at aksk.run(:com.google.android.gms@223616019@22.36.16 (040400-476895098):5)
10-31 08:29:00.257  3960  1228 W FontLog : 	at aarl.c(:com.google.android.gms@223616019@22.36.16 (040400-476895098):6)
10-31 08:29:00.257  3960  1228 W FontLog : 	at aarl.run(:com.google.android.gms@223616019@22.36.16 (040400-476895098):7)
10-31 08:29:00.257  3960  1228 W FontLog : 	at java.util.concurrent.ThreadPoolExecutor.runWorker(ThreadPoolExecutor.java:1162)
10-31 08:29:00.257  3960  1228 W FontLog : 	at java.util.concurrent.ThreadPoolExecutor$Worker.run(ThreadPoolExecutor.java:636)
10-31 08:29:00.257  3960  1228 W FontLog : 	at aaws.run(:com.google.android.gms@223616019@22.36.16 (040400-476895098):0)
10-31 08:29:00.257  3960  1228 W FontLog : 	at java.lang.Thread.run(Thread.java:764)
10-31 08:29:00.261   556   731 D audio_hw_primary: disable_snd_device: snd_device(88: vi-feedback)
10-31 08:29:00.261   556   731 D audio_hw_primary: disable_audio_route: usecase(23) reset and update mixer path: spkr-vi-record
10-31 08:29:00.262   772   784 I ActivityManager: Start proc 1248:com.android.chrome:sandboxed_process3/u0i747 for webview_service com.android.chrome/org.chromium.content.app.SandboxedProcessService3
10-31 08:29:00.269  1248  1248 E /system/bin/webview_zygote32: failed to make and chown /acct/uid_99747: Permission denied
10-31 08:29:00.270  1248  1248 E Zygote  : createProcessGroup(99747, 0) failed: Permission denied
10-31 08:29:00.277  1267  1267 E /system/bin/webview_zygote32: failed to make and chown /acct/uid_99748: Permission denied
10-31 08:29:00.277  1267  1267 E Zygote  : createProcessGroup(99748, 0) failed: Permission denied
10-31 08:29:00.278   772 13022 I ActivityManager: Start proc 1267:com.android.chrome:sandboxed_process4/u0i748 for webview_service com.android.chrome/org.chromium.content.app.SandboxedProcessService4
10-31 08:29:00.279  1236  1236 I SamplingProfilerIntegration: Profiling disabled.
10-31 08:29:00.287  1248  1248 I SamplingProfilerIntegration: Profiling disabled.
10-31 08:29:00.303  1288  1288 E asset   : setgid: Operation not permitted
10-31 08:29:00.310   772 10893 I ActivityManager: Start proc 1290:com.android.chrome:sandboxed_process5/u0i749 for webview_service com.android.chrome/org.chromium.content.app.SandboxedProcessService5
10-31 08:29:00.311  1290  1290 E /system/bin/webview_zygote32: failed to make and chown /acct/uid_99749: Permission denied
10-31 08:29:00.311  1290  1290 E Zygote  : createProcessGroup(99749, 0) failed: Permission denied
10-31 08:29:00.312  1267  1267 I SamplingProfilerIntegration: Profiling disabled.
10-31 08:29:00.324   992   992 W ResourceType: Failure getting entry for 0x7f010216 (t=0 e=534) (error -75)
10-31 08:29:00.326   992   992 W ResourceType: Failure getting entry for 0x7f0107c9 (t=0 e=1993) (error -75)
10-31 08:29:00.329  1305  1305 E asset   : setgid: Operation not permitted
10-31 08:29:00.336  1309  1309 E /system/bin/webview_zygote32: failed to make and chown /acct/uid_99750: Permission denied
10-31 08:29:00.336  1309  1309 E Zygote  : createProcessGroup(99750, 0) failed: Permission denied
10-31 08:29:00.338  1313  1313 E asset   : setgid: Operation not permitted
10-31 08:29:00.341   772   784 I ActivityManager: Start proc 1309:com.android.chrome:sandboxed_process6/u0i750 for webview_service com.android.chrome/org.chromium.content.app.SandboxedProcessService6
10-31 08:29:00.344   992   992 W ResourceType: Failure getting entry for 0x7f010827 (t=0 e=2087) (error -75)
10-31 08:29:00.347  1236  1236 I cr_SplitCompatApp: Launched version=106.0.5249.79 minSdkVersion=24 isBundle=true processName=com.android.chrome:sandboxed_process2 isIsolated=true
10-31 08:29:00.351  1236  1236 W SystemServiceRegistry: No service published for: uimode
10-31 08:29:00.354   992   992 I cr_OfflineIndicator: onConnectionTypeChanged 2
10-31 08:29:00.355   992   992 I cr_OfflineIndicator: Reported by system: [ Transports: WIFI Capabilities: NOT_METERED&INTERNET&NOT_RESTRICTED&TRUSTED&NOT_VPN&VALIDATED&FOREGROUND LinkUpBandwidth>=1048576Kbps LinkDnBandwidth>=1048576Kbps SignalStrength: -64]
10-31 08:29:00.355   992   992 I cr_OfflineIndicator: setConnectionState connectionState=4
10-31 08:29:00.355   992   992 I cr_OfflineDetector: Running updateState mConnectivityDetectorInitialized: true, mTimeWhenLastForegrounded: 1077394521, getElapsedTime: 1077394522, mTimeWhenLastOfflineNotificationReceived: 0, mTimeWhenLastOnline: 1077394522, mApplicationState: 1, mIsOfflineLastReportedByConnectivityDetector: false, mIsEffectivelyOffline: false
10-31 08:29:00.355   992   992 I cr_OfflineDetector: updateState(): timeSinceLastForeground: 1, timeSinceOfflineNotificationReceived: 1077394522, timeSinceLastOnline: 0, timeNeededForForeground: 1999, timeNeededForOffline: -1077392522
10-31 08:29:00.356   992   992 I cr_OfflineIndicator: processConnectivityCheckResult mConnectionState=4 mConnectivityCheckingStage=1
10-31 08:29:00.358  1236  1236 I cr_ChildProcessService: Creating new ChildProcessService pid=1236
10-31 08:29:00.360   772 10894 I ActivityManager: Start proc 1335:com.android.chrome:sandboxed_process7/u0i751 for webview_service com.android.chrome/org.chromium.content.app.SandboxedProcessService7
10-31 08:29:00.360  1290  1290 I SamplingProfilerIntegration: Profiling disabled.
10-31 08:29:00.363  1309  1309 I SamplingProfilerIntegration: Profiling disabled.
10-31 08:29:00.365  1335  1335 E /system/bin/webview_zygote32: failed to make and chown /acct/uid_99751: Permission denied
10-31 08:29:00.365  1335  1335 E Zygote  : createProcessGroup(99751, 0) failed: Permission denied
10-31 08:29:00.367  1236  1236 E WebViewFactory: can't load with relro file; address space not reserved
10-31 08:29:00.372  1248  1248 I cr_SplitCompatApp: Launched version=106.0.5249.79 minSdkVersion=24 isBundle=true processName=com.android.chrome:sandboxed_process3 isIsolated=true
10-31 08:29:00.372  1267  1267 I cr_SplitCompatApp: Launched version=106.0.5249.79 minSdkVersion=24 isBundle=true processName=com.android.chrome:sandboxed_process4 isIsolated=true
10-31 08:29:00.374  1348  1348 E /system/bin/webview_zygote32: failed to make and chown /acct/uid_99752: Permission denied
10-31 08:29:00.374  1348  1348 E Zygote  : createProcessGroup(99752, 0) failed: Permission denied
10-31 08:29:00.375   772  3041 I ActivityManager: Start proc 1348:com.android.chrome:sandboxed_process8/u0i752 for webview_service com.android.chrome/org.chromium.content.app.SandboxedProcessService8
10-31 08:29:00.379  1248  1248 W SystemServiceRegistry: No service published for: uimode
10-31 08:29:00.384  1267  1267 W SystemServiceRegistry: No service published for: uimode
10-31 08:29:00.388  1335  1335 I SamplingProfilerIntegration: Profiling disabled.
10-31 08:29:00.392  1267  1267 I cr_ChildProcessService: Creating new ChildProcessService pid=1267
10-31 08:29:00.394  1248  1248 I cr_ChildProcessService: Creating new ChildProcessService pid=1248
10-31 08:29:00.399  1368  1368 E asset   : setgid: Operation not permitted
10-31 08:29:00.400  1372  1372 E asset   : setgid: Operation not permitted
10-31 08:29:00.400   772   996 I ActivityManager: Start proc 1367:com.android.chrome:sandboxed_process9/u0i753 for webview_service com.android.chrome/org.chromium.content.app.SandboxedProcessService9
10-31 08:29:00.400  1367  1367 E /system/bin/webview_zygote32: failed to make and chown /acct/uid_99753: Permission denied
10-31 08:29:00.401  1367  1367 E Zygote  : createProcessGroup(99753, 0) failed: Permission denied
10-31 08:29:00.403   992   992 W ResourceType: Failure getting entry for 0x7f010415 (t=0 e=1045) (error -75)
10-31 08:29:00.412  1236  1338 I cr_LibraryLoader: Successfully loaded native library
10-31 08:29:00.416  1236  1338 I cr_CachingUmaRecorder: Flushed 3 samples from 3 histograms.
10-31 08:29:00.416  1348  1348 I SamplingProfilerIntegration: Profiling disabled.
10-31 08:29:00.420  1248  1248 E WebViewFactory: can't load with relro file; address space not reserved
10-31 08:29:00.421  1267  1267 E WebViewFactory: can't load with relro file; address space not reserved
10-31 08:29:00.422  1385  1385 E asset   : setgid: Operation not permitted
10-31 08:29:00.429  1248  1364 I cr_LibraryLoader: Successfully loaded native library
10-31 08:29:00.430  1248  1364 I cr_CachingUmaRecorder: Flushed 3 samples from 3 histograms.
10-31 08:29:00.435  1267  1362 I cr_LibraryLoader: Successfully loaded native library
10-31 08:29:00.436  1267  1362 I cr_CachingUmaRecorder: Flushed 3 samples from 3 histograms.
10-31 08:29:00.448  1402  1402 E asset   : setgid: Operation not permitted
10-31 08:29:00.449  1367  1367 I SamplingProfilerIntegration: Profiling disabled.
10-31 08:29:00.454  1290  1290 I cr_SplitCompatApp: Launched version=106.0.5249.79 minSdkVersion=24 isBundle=true processName=com.android.chrome:sandboxed_process5 isIsolated=true
10-31 08:29:00.474  1309  1309 I cr_SplitCompatApp: Launched version=106.0.5249.79 minSdkVersion=24 isBundle=true processName=com.android.chrome:sandboxed_process6 isIsolated=true
10-31 08:29:00.475  1290  1290 W SystemServiceRegistry: No service published for: uimode
10-31 08:29:00.481  1414  1414 E asset   : setgid: Operation not permitted
10-31 08:29:00.487  1335  1335 I cr_SplitCompatApp: Launched version=106.0.5249.79 minSdkVersion=24 isBundle=true processName=com.android.chrome:sandboxed_process7 isIsolated=true
10-31 08:29:00.490  1348  1348 I cr_SplitCompatApp: Launched version=106.0.5249.79 minSdkVersion=24 isBundle=true processName=com.android.chrome:sandboxed_process8 isIsolated=true
10-31 08:29:00.490  1309  1309 W SystemServiceRegistry: No service published for: uimode
10-31 08:29:00.495  1348  1348 W SystemServiceRegistry: No service published for: uimode
10-31 08:29:00.499  1290  1290 I cr_ChildProcessService: Creating new ChildProcessService pid=1290
10-31 08:29:00.500   992   992 I cr_tabmodel: Appending tabs being restored to metadata lists, 0, startingNormalCount: 1, startingIncognitoCount: 0
10-31 08:29:00.500   992   992 I cr_tabmodel: Serializing tab lists; counts: 1, 0
10-31 08:29:00.502  1348  1348 I cr_ChildProcessService: Creating new ChildProcessService pid=1348
10-31 08:29:00.504  1335  1335 W SystemServiceRegistry: No service published for: uimode
10-31 08:29:00.511  1248  1364 I chromium: [INFO:child_process_service.cc(69)] ChildProcessService: Exiting child process.
10-31 08:29:00.511  1236  1338 I chromium: [INFO:child_process_service.cc(69)] ChildProcessService: Exiting child process.
10-31 08:29:00.512   422   422 E lowmemorykiller: Error writing /proc/1236/oom_score_adj; errno=22
10-31 08:29:00.513   772  3037 I ActivityManager: Killing 1236:com.android.chrome:sandboxed_process2/u0a60i746 (adj 0): isolated not needed
10-31 08:29:00.515   422   422 E lowmemorykiller: Error writing /proc/1248/oom_score_adj; errno=22
10-31 08:29:00.515   772  2969 I ActivityManager: Killing 1248:com.android.chrome:sandboxed_process3/u0a60i747 (adj 0): isolated not needed
10-31 08:29:00.516   772   790 W zygote64: failed to open /acct/uid_99746/pid_1236/cgroup.procs: No such file or directory
10-31 08:29:00.516   772   790 W zygote64: failed to open /acct/uid_99747/pid_1248/cgroup.procs: No such file or directory
10-31 08:29:00.520  1309  1309 I cr_ChildProcessService: Creating new ChildProcessService pid=1309
10-31 08:29:00.522  1290  1290 E WebViewFactory: can't load with relro file; address space not reserved
10-31 08:29:00.524  1348  1348 E WebViewFactory: can't load with relro file; address space not reserved
10-31 08:29:00.528  1335  1335 I cr_ChildProcessService: Creating new ChildProcessService pid=1335
10-31 08:29:00.531  1309  1309 E WebViewFactory: can't load with relro file; address space not reserved
10-31 08:29:00.537  1335  1335 E WebViewFactory: can't load with relro file; address space not reserved
10-31 08:29:00.538  1367  1367 I cr_SplitCompatApp: Launched version=106.0.5249.79 minSdkVersion=24 isBundle=true processName=com.android.chrome:sandboxed_process9 isIsolated=true
10-31 08:29:00.539  1309  1419 I cr_LibraryLoader: Successfully loaded native library
10-31 08:29:00.539  1290  1417 I cr_LibraryLoader: Successfully loaded native library
10-31 08:29:00.540  1309  1419 I cr_CachingUmaRecorder: Flushed 3 samples from 3 histograms.
10-31 08:29:00.540  1290  1417 I cr_CachingUmaRecorder: Flushed 3 samples from 3 histograms.
10-31 08:29:00.551  1335  1420 I cr_LibraryLoader: Successfully loaded native library
10-31 08:29:00.555  1335  1420 I cr_CachingUmaRecorder: Flushed 3 samples from 3 histograms.
10-31 08:29:00.558  1367  1367 W SystemServiceRegistry: No service published for: uimode
10-31 08:29:00.573   992   992 W chromium: [WARNING:compositor_view.cc(342)] Child process died (type=6) pid=1236)
10-31 08:29:00.575   992   992 W chromium: [WARNING:compositor_view.cc(342)] Child process died (type=6) pid=1248)
10-31 08:29:00.576  1348  1418 I cr_LibraryLoader: Successfully loaded native library
10-31 08:29:00.577  1348  1418 I cr_CachingUmaRecorder: Flushed 3 samples from 3 histograms.
10-31 08:29:00.579  1267  1362 I chromium: [INFO:child_process_service.cc(69)] ChildProcessService: Exiting child process.
10-31 08:29:00.580   422   422 E lowmemorykiller: Error writing /proc/1267/oom_score_adj; errno=22
10-31 08:29:00.582  1367  1367 I cr_ChildProcessService: Creating new ChildProcessService pid=1367
10-31 08:29:00.594  1309  1419 I chromium: [INFO:child_process_service.cc(69)] ChildProcessService: Exiting child process.
10-31 08:29:00.599   772  4540 I ActivityManager: Killing 1267:com.android.chrome:sandboxed_process4/u0a60i748 (adj 0): isolated not needed
10-31 08:29:00.602   772   790 W zygote64: failed to open /acct/uid_99748/pid_1267/cgroup.procs: No such file or directory
10-31 08:29:00.602   422   422 E lowmemorykiller: Error writing /proc/1309/oom_score_adj; errno=22
