10-31 08:29:54.250   562 19051 D QSAPPSVER: qsapps_get_capabilities: Capability from secure side: 0x0
10-31 08:29:54.250   562 19051 D QSAPPSVER: qsapps_get_capabilities: returns 0
10-31 08:29:54.250   562 19051 E DrmWidevineDash: sion_buffer g_wv_fhandle->ion_sbuffer  0x0xef75d000
10-31 08:29:54.253   372   376 D DrmLibTime: got the req here! ret=0
10-31 08:29:54.253   372   376 D DrmLibTime: command id, time_cmd_id = 770
10-31 08:29:54.253   372   376 D DrmLibTime: time_getutcsec starts!
10-31 08:29:54.253   372   376 D DrmLibTime: QSEE Time Listener: time_getutcsec
10-31 08:29:54.253   372   376 D DrmLibTime: QSEE Time Listener: get_utc_seconds
10-31 08:29:54.253   372   376 D DrmLibTime: QSEE Time Listener: time_get_modem_time
10-31 08:29:54.253   372   376 D DrmLibTime: QSEE Time Listener: Checking if ATS_MODEM is set or not.
10-31 08:29:54.253   372   376 D QC-time-services: Lib:time_genoff_operation: pargs->base = 13
10-31 08:29:54.253   372   376 D QC-time-services: Lib:time_genoff_operation: pargs->operation = 2
10-31 08:29:54.253   372   376 D QC-time-services: Lib:time_genoff_operation: pargs->ts_val = 0
10-31 08:29:54.253   372   376 D QC-time-services: Lib:time_genoff_operation: Send to server  passed!!
10-31 08:29:54.254   625   647 D QC-time-services: Daemon: Connection accepted:time_genoff
10-31 08:29:54.254   625  2176 D QC-time-services: Daemon:Received base = 13, unit = 1, operation = 2,value = 0
10-31 08:29:54.254   625  2176 D QC-time-services: Daemon:genoff_opr: Base = 13, val = 0, operation = 2
10-31 08:29:54.254   625  2176 D QC-time-services: offset is: 0 for base: 13
10-31 08:29:54.254   372   376 E QC-time-services: Receive Passed == base = 13, unit = 1, operation = 2, result = 0
10-31 08:29:54.254   372   376 D DrmLibTime: QSEE Time Listener: ATS_MODEM is not set. Fallback to Android system time.
10-31 08:29:54.254   372   376 D DrmLibTime: QSEE Time Listener: Retrieved Android system time: 1667201394
10-31 08:29:54.254   372   376 D DrmLibTime: time_getutcsec returns 0, sec = 1667201394; nsec = 0
10-31 08:29:54.254   372   376 D DrmLibTime: time_getutcsec finished! 
10-31 08:29:54.254   372   376 D DrmLibTime: iotcl_continue_command finished! and return 0 
10-31 08:29:54.254   372   376 D DrmLibTime: before calling ioctl to read the next time_cmd
10-31 08:29:54.255   625   647 E QC-time-services: Daemon: Time-services: Waiting to acceptconnection
10-31 08:29:54.281   562 19051 D WVCdm   : OEMCrypto_Initialize Level 1 success. I will use level 1.
10-31 08:29:54.282   562 19051 D WVCdm   : CryptoSession::Open: Lock: requested_security_level: L3
10-31 08:29:54.297   992   992 I cr_media: Provisioning origin ID 18626767ADBA6FDBCC20122F6FB26EFA
10-31 08:29:54.300   992   992 I MediaDrm: Drm event (1,0)
10-31 08:29:54.300   992   992 E cr_media: EventListener: No session for event 1.
10-31 08:29:54.329  2177  2177 E /system/bin/webview_zygote32: failed to make and chown /acct/uid_99774: Permission denied
10-31 08:29:54.329  2177  2177 E Zygote  : createProcessGroup(99774, 0) failed: Permission denied
10-31 08:29:54.332   772 20193 I ActivityManager: Start proc 2177:com.android.chrome:sandboxed_process30/u0i774 for webview_service com.android.chrome/org.chromium.content.app.SandboxedProcessService30
10-31 08:29:54.353   562   644 D QSEECOMAPI: : QSEECom_dealloc_memory 
10-31 08:29:54.353   562   644 D QSEECOMAPI: : QSEECom_shutdown_app, app_id = 1798
10-31 08:29:54.360  2177  2177 I SamplingProfilerIntegration: Profiling disabled.
10-31 08:29:54.365   992   992 I cr_media: Create MediaDrmBridge with level L1 and origin 18626767ADBA6FDBCC20122F6FB26EFA
10-31 08:29:54.368   361   361 W /system/bin/hwservicemanager: getTransportFromManifest: Cannot find entry android.hardware.drm@1.0::IDrmFactory in either framework or device manifest, using default transport.
10-31 08:29:54.372   562 19050 I DrmHal  : makeDrmFactories: using default drm instance
10-31 08:29:54.375   361   361 W /system/bin/hwservicemanager: getTransportFromManifest: Cannot find entry android.hardware.drm@1.0::IDrmFactory in either framework or device manifest, using default transport.
10-31 08:29:54.378   562  5487 I DrmHal  : makeDrmFactories: using default drm instance
10-31 08:29:54.380   562 19050 I WVCdm   : CdmEngine::QueryStatus
10-31 08:29:54.380   562 19050 I WVCdm   : Level3 Library 4445 May 19 2017 17:17:20
10-31 08:29:54.384   562 19050 D QSEECOMAPI: : QSEECom_get_handle sb_length = 0x19000
10-31 08:29:54.384   562 19050 D QSEECOMAPI: : App is not loaded in QSEE
10-31 08:29:54.385  2196  2196 E asset   : setgid: Operation not permitted
10-31 08:29:54.413  2177  2177 I cr_SplitCompatApp: Launched version=106.0.5249.79 minSdkVersion=24 isBundle=true processName=com.android.chrome:sandboxed_process30 isIsolated=true
10-31 08:29:54.419  2177  2177 W SystemServiceRegistry: No service published for: uimode
10-31 08:29:54.431  2177  2177 I cr_ChildProcessService: Creating new ChildProcessService pid=2177
10-31 08:29:54.434   562 19050 D QSEECOMAPI: : Loaded image: APP id = 1799
10-31 08:29:54.437   562 19050 D QSAPPSVER: qsapps_get_capabilities: Capability from secure side: 0x0
10-31 08:29:54.437   562 19050 D QSAPPSVER: qsapps_get_capabilities: returns 0
10-31 08:29:54.437   562 19050 E DrmWidevineDash: sion_buffer g_wv_fhandle->ion_sbuffer  0x0xef73a000
10-31 08:29:54.439  2177  2177 E WebViewFactory: can't load with relro file; address space not reserved
10-31 08:29:54.442   372   376 D DrmLibTime: got the req here! ret=0
10-31 08:29:54.442   372   376 D DrmLibTime: command id, time_cmd_id = 770
10-31 08:29:54.442   372   376 D DrmLibTime: time_getutcsec starts!
10-31 08:29:54.442   372   376 D DrmLibTime: QSEE Time Listener: time_getutcsec
10-31 08:29:54.442   372   376 D DrmLibTime: QSEE Time Listener: get_utc_seconds
10-31 08:29:54.442   372   376 D DrmLibTime: QSEE Time Listener: time_get_modem_time
10-31 08:29:54.442   372   376 D DrmLibTime: QSEE Time Listener: Checking if ATS_MODEM is set or not.
10-31 08:29:54.442   372   376 D QC-time-services: Lib:time_genoff_operation: pargs->base = 13
10-31 08:29:54.442   372   376 D QC-time-services: Lib:time_genoff_operation: pargs->operation = 2
10-31 08:29:54.442   372   376 D QC-time-services: Lib:time_genoff_operation: pargs->ts_val = 0
10-31 08:29:54.442   372   376 D QC-time-services: Lib:time_genoff_operation: Send to server  passed!!
10-31 08:29:54.443   625   647 D QC-time-services: Daemon: Connection accepted:time_genoff
10-31 08:29:54.443   625  2198 D QC-time-services: Daemon:Received base = 13, unit = 1, operation = 2,value = 0
10-31 08:29:54.443   625  2198 D QC-time-services: Daemon:genoff_opr: Base = 13, val = 0, operation = 2
10-31 08:29:54.443   625  2198 D QC-time-services: offset is: 0 for base: 13
10-31 08:29:54.443   372   376 E QC-time-services: Receive Passed == base = 13, unit = 1, operation = 2, result = 0
10-31 08:29:54.443   372   376 D DrmLibTime: QSEE Time Listener: ATS_MODEM is not set. Fallback to Android system time.
10-31 08:29:54.443   372   376 D DrmLibTime: QSEE Time Listener: Retrieved Android system time: 1667201394
10-31 08:29:54.443   372   376 D DrmLibTime: time_getutcsec returns 0, sec = 1667201394; nsec = 0
10-31 08:29:54.443   372   376 D DrmLibTime: time_getutcsec finished! 
10-31 08:29:54.443   372   376 D DrmLibTime: iotcl_continue_command finished! and return 0 
10-31 08:29:54.443   372   376 D DrmLibTime: before calling ioctl to read the next time_cmd
10-31 08:29:54.444   625   647 E QC-time-services: Daemon: Time-services: Waiting to acceptconnection
10-31 08:29:54.450  2177  2197 I cr_LibraryLoader: Successfully loaded native library
10-31 08:29:54.452  2177  2197 I cr_CachingUmaRecorder: Flushed 3 samples from 3 histograms.
10-31 08:29:54.472   562 19050 D WVCdm   : OEMCrypto_Initialize Level 1 success. I will use level 1.
10-31 08:29:54.474   562 19050 D QSEECOMAPI: : QSEECom_dealloc_memory 
10-31 08:29:54.474   562 19050 D QSEECOMAPI: : QSEECom_shutdown_app, app_id = 1799
10-31 08:29:54.476  2202  2202 W ThreadPoolForeg: type=1400 audit(0.0:13209): avc: denied { setattr } for name="LICENSE.txt" dev="dm-2" ino=1504515 scontext=u:r:isolated_app:s0:c512,c768 tcontext=u:object_r:app_data_file:s0:c512,c768 tclass=file permissive=0
10-31 08:29:54.482   562 19051 I WVCdm   : CdmEngine::OpenSession
10-31 08:29:54.483  2202  2202 W ThreadPoolForeg: type=1400 audit(0.0:13210): avc: denied { setattr } for name=46696C746572696E672052756C6573 dev="dm-2" ino=1504516 scontext=u:r:isolated_app:s0:c512,c768 tcontext=u:object_r:app_data_file:s0:c512,c768 tclass=file permissive=0
10-31 08:29:54.483  2202  2202 W ThreadPoolForeg: type=1400 audit(0.0:13211): avc: denied { setattr } for name="manifest.json" dev="dm-2" ino=1504517 scontext=u:r:isolated_app:s0:c512,c768 tcontext=u:object_r:app_data_file:s0:c512,c768 tclass=file permissive=0
10-31 08:29:54.483   562 19051 I WVCdm   : Level3 Library 4445 May 19 2017 17:17:20
10-31 08:29:54.486  2202  2202 W ThreadPoolForeg: type=1400 audit(0.0:13212): avc: denied { setattr } for name="verified_contents.json" dev="dm-2" ino=1504521 scontext=u:r:isolated_app:s0:c512,c768 tcontext=u:object_r:app_data_file:s0:c512,c768 tclass=file permissive=0
10-31 08:29:54.487   562 19051 D QSEECOMAPI: : QSEECom_get_handle sb_length = 0x19000
10-31 08:29:54.487   562 19051 D QSEECOMAPI: : App is not loaded in QSEE
10-31 08:29:54.498  2177  2197 I chromium: [INFO:child_process_service.cc(69)] ChildProcessService: Exiting child process.
10-31 08:29:54.500   422   422 E lowmemorykiller: Error writing /proc/2177/oom_score_adj; errno=22
10-31 08:29:54.500   772 20193 I ActivityManager: Killing 2177:com.android.chrome:sandboxed_process30/u0a60i774 (adj 0): isolated not needed
10-31 08:29:54.501   772   790 W zygote64: failed to open /acct/uid_99774/pid_2177/cgroup.procs: No such file or directory
10-31 08:29:54.532   562 19051 D QSEECOMAPI: : Loaded image: APP id = 1800
10-31 08:29:54.535   562 19051 D QSAPPSVER: qsapps_get_capabilities: Capability from secure side: 0x0
10-31 08:29:54.535   562 19051 D QSAPPSVER: qsapps_get_capabilities: returns 0
10-31 08:29:54.535   562 19051 E DrmWidevineDash: sion_buffer g_wv_fhandle->ion_sbuffer  0x0xefa87000
10-31 08:29:54.538   372   376 D DrmLibTime: got the req here! ret=0
10-31 08:29:54.538   372   376 D DrmLibTime: command id, time_cmd_id = 770
10-31 08:29:54.538   372   376 D DrmLibTime: time_getutcsec starts!
10-31 08:29:54.538   372   376 D DrmLibTime: QSEE Time Listener: time_getutcsec
10-31 08:29:54.538   372   376 D DrmLibTime: QSEE Time Listener: get_utc_seconds
10-31 08:29:54.538   372   376 D DrmLibTime: QSEE Time Listener: time_get_modem_time
10-31 08:29:54.538   372   376 D DrmLibTime: QSEE Time Listener: Checking if ATS_MODEM is set or not.
10-31 08:29:54.538   372   376 D QC-time-services: Lib:time_genoff_operation: pargs->base = 13
10-31 08:29:54.538   372   376 D QC-time-services: Lib:time_genoff_operation: pargs->operation = 2
10-31 08:29:54.538   372   376 D QC-time-services: Lib:time_genoff_operation: pargs->ts_val = 0
10-31 08:29:54.538   372   376 D QC-time-services: Lib:time_genoff_operation: Send to server  passed!!
10-31 08:29:54.538   625   647 D QC-time-services: Daemon: Connection accepted:time_genoff
10-31 08:29:54.539   625  2205 D QC-time-services: Daemon:Received base = 13, unit = 1, operation = 2,value = 0
10-31 08:29:54.539   625  2205 D QC-time-services: Daemon:genoff_opr: Base = 13, val = 0, operation = 2
10-31 08:29:54.539   625  2205 D QC-time-services: offset is: 0 for base: 13
10-31 08:29:54.539   372   376 E QC-time-services: Receive Passed == base = 13, unit = 1, operation = 2, result = 0
10-31 08:29:54.539   372   376 D DrmLibTime: QSEE Time Listener: ATS_MODEM is not set. Fallback to Android system time.
10-31 08:29:54.539   372   376 D DrmLibTime: QSEE Time Listener: Retrieved Android system time: 1667201394
10-31 08:29:54.539   372   376 D DrmLibTime: time_getutcsec returns 0, sec = 1667201394; nsec = 0
10-31 08:29:54.539   372   376 D DrmLibTime: time_getutcsec finished! 
10-31 08:29:54.539   372   376 D DrmLibTime: iotcl_continue_command finished! and return 0 
10-31 08:29:54.539   372   376 D DrmLibTime: before calling ioctl to read the next time_cmd
10-31 08:29:54.539   625   647 E QC-time-services: Daemon: Time-services: Waiting to acceptconnection
10-31 08:29:54.569   562 19051 D WVCdm   : OEMCrypto_Initialize Level 1 success. I will use level 1.
10-31 08:29:54.569   562 19051 D WVCdm   : CryptoSession::Open: Lock: requested_security_level: Default
10-31 08:29:54.572   562 19051 W WVCdm   : DeviceFiles::RetrieveHashedFile: /data/mediadrm/IDM1013/L1/cert.bin does not exist
10-31 08:29:54.574   562 19051 D QSEECOMAPI: : QSEECom_dealloc_memory 
10-31 08:29:54.574   562 19051 D QSEECOMAPI: : QSEECom_shutdown_app, app_id = 1800
10-31 08:29:54.583   562 28303 I WVCdm   : Level3 Library 4445 May 19 2017 17:17:20
10-31 08:29:54.588   562 28303 D QSEECOMAPI: : QSEECom_get_handle sb_length = 0x19000
10-31 08:29:54.588   562 28303 D QSEECOMAPI: : App is not loaded in QSEE
10-31 08:29:54.631   562 28303 D QSEECOMAPI: : Loaded image: APP id = 1801
10-31 08:29:54.634   562 28303 D QSAPPSVER: qsapps_get_capabilities: Capability from secure side: 0x0
10-31 08:29:54.634   562 28303 D QSAPPSVER: qsapps_get_capabilities: returns 0
10-31 08:29:54.634   562 28303 E DrmWidevineDash: sion_buffer g_wv_fhandle->ion_sbuffer  0x0xefa87000
10-31 08:29:54.636   372   376 D DrmLibTime: got the req here! ret=0
10-31 08:29:54.636   372   376 D DrmLibTime: command id, time_cmd_id = 770
10-31 08:29:54.636   372   376 D DrmLibTime: time_getutcsec starts!
10-31 08:29:54.636   372   376 D DrmLibTime: QSEE Time Listener: time_getutcsec
10-31 08:29:54.636   372   376 D DrmLibTime: QSEE Time Listener: get_utc_seconds
10-31 08:29:54.636   372   376 D DrmLibTime: QSEE Time Listener: time_get_modem_time
10-31 08:29:54.636   372   376 D DrmLibTime: QSEE Time Listener: Checking if ATS_MODEM is set or not.
10-31 08:29:54.636   372   376 D QC-time-services: Lib:time_genoff_operation: pargs->base = 13
10-31 08:29:54.636   372   376 D QC-time-services: Lib:time_genoff_operation: pargs->operation = 2
10-31 08:29:54.636   372   376 D QC-time-services: Lib:time_genoff_operation: pargs->ts_val = 0
10-31 08:29:54.637   372   376 D QC-time-services: Lib:time_genoff_operation: Send to server  passed!!
10-31 08:29:54.637   625   647 D QC-time-services: Daemon: Connection accepted:time_genoff
10-31 08:29:54.637   625  2206 D QC-time-services: Daemon:Received base = 13, unit = 1, operation = 2,value = 0
10-31 08:29:54.637   625  2206 D QC-time-services: Daemon:genoff_opr: Base = 13, val = 0, operation = 2
10-31 08:29:54.637   625  2206 D QC-time-services: offset is: 0 for base: 13
10-31 08:29:54.637   372   376 E QC-time-services: Receive Passed == base = 13, unit = 1, operation = 2, result = 0
10-31 08:29:54.637   372   376 D DrmLibTime: QSEE Time Listener: ATS_MODEM is not set. Fallback to Android system time.
10-31 08:29:54.637   372   376 D DrmLibTime: QSEE Time Listener: Retrieved Android system time: 1667201394
10-31 08:29:54.637   372   376 D DrmLibTime: time_getutcsec returns 0, sec = 1667201394; nsec = 0
10-31 08:29:54.637   372   376 D DrmLibTime: time_getutcsec finished! 
10-31 08:29:54.637   372   376 D DrmLibTime: iotcl_continue_command finished! and return 0 
10-31 08:29:54.637   372   376 D DrmLibTime: before calling ioctl to read the next time_cmd
10-31 08:29:54.637   625   647 E QC-time-services: Daemon: Time-services: Waiting to acceptconnection
10-31 08:29:54.672   562 28303 D WVCdm   : OEMCrypto_Initialize Level 1 success. I will use level 1.
10-31 08:29:54.672   562 28303 D WVCdm   : CryptoSession::Open: Lock: requested_security_level: Default
10-31 08:29:54.758   562 28303 E DrmWidevineDash: OEMCrypto_GenerateSignature : input wrapped_rsa_key == NULL!, return short buffer
10-31 08:29:54.760   992   992 I cr_media: Provisioning origin ID 18626767ADBA6FDBCC20122F6FB26EFA
10-31 08:29:54.764   992   992 W chromium: [WARNING:compositor_view.cc(342)] Child process died (type=6) pid=2177)
10-31 08:29:54.769   992   992 I MediaDrm: Drm event (1,0)
10-31 08:29:54.770   992   992 E cr_media: EventListener: No session for event 1.
10-31 08:29:54.794   562 19050 E DrmWidevineDash: OEMCrypto_RewrapDeviceRSAKey : input wrapped_rsa_key == NULL!, return short buffer
10-31 08:29:54.817   562 19050 D QSEECOMAPI: : QSEECom_dealloc_memory 
10-31 08:29:54.817   562 19050 D QSEECOMAPI: : QSEECom_shutdown_app, app_id = 1801
10-31 08:29:56.335  2207  2207 E /system/bin/webview_zygote32: failed to make and chown /acct/uid_99775: Permission denied
10-31 08:29:56.335  2207  2207 E Zygote  : createProcessGroup(99775, 0) failed: Permission denied
10-31 08:29:56.337   772 13022 I ActivityManager: Start proc 2207:com.android.chrome:sandboxed_process31/u0i775 for webview_service com.android.chrome/org.chromium.content.app.SandboxedProcessService31
10-31 08:29:56.351  2207  2207 I SamplingProfilerIntegration: Profiling disabled.
10-31 08:29:56.371  2222  2222 E asset   : setgid: Operation not permitted
10-31 08:29:56.404  2207  2207 I cr_SplitCompatApp: Launched version=106.0.5249.79 minSdkVersion=24 isBundle=true processName=com.android.chrome:sandboxed_process31 isIsolated=true
10-31 08:29:56.412  2207  2207 W SystemServiceRegistry: No service published for: uimode
10-31 08:29:56.423  2207  2207 I cr_ChildProcessService: Creating new ChildProcessService pid=2207
10-31 08:29:56.434  2207  2207 E WebViewFactory: can't load with relro file; address space not reserved
10-31 08:29:56.446  2207  2223 I cr_LibraryLoader: Successfully loaded native library
10-31 08:29:56.447  2207  2223 I cr_CachingUmaRecorder: Flushed 3 samples from 3 histograms.
10-31 08:29:56.540  2227  2227 W ThreadPoolForeg: type=1400 audit(0.0:13213): avc: denied { setattr } for name="tl_en-us_2022-10-24_484508980_100000_index.bin" dev="dm-2" ino=1504721 scontext=u:r:isolated_app:s0:c512,c768 tcontext=u:object_r:app_data_file:s0:c512,c768 tclass=file permissive=0
10-31 08:29:56.543  2227  2227 W ThreadPoolForeg: type=1400 audit(0.0:13214): avc: denied { setattr } for name="manifest.json" dev="dm-2" ino=1504722 scontext=u:r:isolated_app:s0:c512,c768 tcontext=u:object_r:app_data_file:s0:c512,c768 tclass=file permissive=0
10-31 08:29:56.553  2227  2227 W ThreadPoolForeg: type=1400 audit(0.0:13215): avc: denied { setattr } for name="verified_contents.json" dev="dm-2" ino=1504971 scontext=u:r:isolated_app:s0:c512,c768 tcontext=u:object_r:app_data_file:s0:c512,c768 tclass=file permissive=0
10-31 08:29:56.565  2207  2223 I chromium: [INFO:child_process_service.cc(69)] ChildProcessService: Exiting child process.
10-31 08:29:56.568   422   422 E lowmemorykiller: Error writing /proc/2207/oom_score_adj; errno=22
10-31 08:29:56.570   772 13022 I ActivityManager: Killing 2207:com.android.chrome:sandboxed_process31/u0a60i775 (adj 0): isolated not needed
10-31 08:29:56.570   772   790 W zygote64: failed to open /acct/uid_99775/pid_2207/cgroup.procs: No such file or directory
10-31 08:29:56.587   992   992 W chromium: [WARNING:compositor_view.cc(342)] Child process died (type=6) pid=2207)
10-31 08:29:58.760  2230  2230 E /system/bin/webview_zygote32: failed to make and chown /acct/uid_99776: Permission denied
10-31 08:29:58.760  2230  2230 E Zygote  : createProcessGroup(99776, 0) failed: Permission denied
10-31 08:29:58.766   772 10893 I ActivityManager: Start proc 2230:com.android.chrome:sandboxed_process32/u0i776 for webview_service com.android.chrome/org.chromium.content.app.SandboxedProcessService32
10-31 08:29:58.809  2230  2230 I SamplingProfilerIntegration: Profiling disabled.
10-31 08:29:58.841  2245  2245 E asset   : setgid: Operation not permitted
10-31 08:29:58.890  2230  2230 I cr_SplitCompatApp: Launched version=106.0.5249.79 minSdkVersion=24 isBundle=true processName=com.android.chrome:sandboxed_process32 isIsolated=true
10-31 08:29:58.901  2230  2230 W SystemServiceRegistry: No service published for: uimode
10-31 08:29:58.923  2230  2230 I cr_ChildProcessService: Creating new ChildProcessService pid=2230
10-31 08:29:58.937  2230  2230 E WebViewFactory: can't load with relro file; address space not reserved
10-31 08:29:58.949  2230  2247 I cr_LibraryLoader: Successfully loaded native library
10-31 08:29:58.950  2230  2247 I cr_CachingUmaRecorder: Flushed 3 samples from 3 histograms.
10-31 08:29:58.990  2251  2251 W ThreadPoolForeg: type=1400 audit(0.0:13216): avc: denied { setattr } for name="optimization-hints.pb" dev="dm-2" ino=1505052 scontext=u:r:isolated_app:s0:c512,c768 tcontext=u:object_r:app_data_file:s0:c512,c768 tclass=file permissive=0
10-31 08:29:58.993  2251  2251 W ThreadPoolForeg: type=1400 audit(0.0:13217): avc: denied { setattr } for name="manifest.json" dev="dm-2" ino=1505054 scontext=u:r:isolated_app:s0:c512,c768 tcontext=u:object_r:app_data_file:s0:c512,c768 tclass=file permissive=0
10-31 08:29:59.000  2251  2251 W ThreadPoolForeg: type=1400 audit(0.0:13218): avc: denied { setattr } for name="verified_contents.json" dev="dm-2" ino=1505056 scontext=u:r:isolated_app:s0:c512,c768 tcontext=u:object_r:app_data_file:s0:c512,c768 tclass=file permissive=0
10-31 08:29:59.010  2230  2247 I chromium: [INFO:child_process_service.cc(69)] ChildProcessService: Exiting child process.
10-31 08:29:59.014   422   422 E lowmemorykiller: Error writing /proc/2230/oom_score_adj; errno=22
10-31 08:29:59.015   772 10893 I ActivityManager: Killing 2230:com.android.chrome:sandboxed_process32/u0a60i776 (adj 0): isolated not needed
10-31 08:29:59.015   772   790 W zygote64: failed to open /acct/uid_99776/pid_2230/cgroup.procs: No such file or directory
10-31 08:29:59.032   992   992 W chromium: [WARNING:compositor_view.cc(342)] Child process died (type=6) pid=2230)
10-31 08:30:01.643  2253  2253 E /system/bin/webview_zygote32: failed to make and chown /acct/uid_99777: Permission denied
10-31 08:30:01.643  2253  2253 E Zygote  : createProcessGroup(99777, 0) failed: Permission denied
10-31 08:30:01.646   772 13022 I ActivityManager: Start proc 2253:com.android.chrome:sandboxed_process33/u0i777 for webview_service com.android.chrome/org.chromium.content.app.SandboxedProcessService33
10-31 08:30:01.663  2253  2253 I SamplingProfilerIntegration: Profiling disabled.
10-31 08:30:01.686  2268  2268 E asset   : setgid: Operation not permitted
10-31 08:30:01.718  2253  2253 I cr_SplitCompatApp: Launched version=106.0.5249.79 minSdkVersion=24 isBundle=true processName=com.android.chrome:sandboxed_process33 isIsolated=true
10-31 08:30:01.727  2253  2253 W SystemServiceRegistry: No service published for: uimode
10-31 08:30:01.737  2253  2253 I cr_ChildProcessService: Creating new ChildProcessService pid=2253
10-31 08:30:01.750  2253  2253 E WebViewFactory: can't load with relro file; address space not reserved
10-31 08:30:01.760  2253  2270 I cr_LibraryLoader: Successfully loaded native library
10-31 08:30:01.761  2253  2270 I cr_CachingUmaRecorder: Flushed 3 samples from 3 histograms.
10-31 08:30:01.823  2253  2263 I /system/bin/webview_zygote32: Background concurrent copying GC freed 3735(1240KB) AllocSpace objects, 3(76KB) LOS objects, 93% free, 112KB/1648KB, paused 22.411ms total 48.880ms
10-31 08:30:01.826  2273  2273 W ThreadPoolForeg: type=1400 audit(0.0:13219): avc: denied { setattr } for name="ssl_error_assistant.pb" dev="dm-2" ino=1505059 scontext=u:r:isolated_app:s0:c512,c768 tcontext=u:object_r:app_data_file:s0:c512,c768 tclass=file permissive=0
10-31 08:30:01.826  2273  2273 W ThreadPoolForeg: type=1400 audit(0.0:13220): avc: denied { setattr } for name="ssl_error_assistant.pb" dev="dm-2" ino=1505059 scontext=u:r:isolated_app:s0:c512,c768 tcontext=u:object_r:app_data_file:s0:c512,c768 tclass=file permissive=0
10-31 08:30:01.830  2273  2273 W ThreadPoolForeg: type=1400 audit(0.0:13221): avc: denied { setattr } for name="manifest.json" dev="dm-2" ino=1505060 scontext=u:r:isolated_app:s0:c512,c768 tcontext=u:object_r:app_data_file:s0:c512,c768 tclass=file permissive=0
10-31 08:30:01.836  2273  2273 W ThreadPoolForeg: type=1400 audit(0.0:13222): avc: denied { setattr } for name="verified_contents.json" dev="dm-2" ino=1505062 scontext=u:r:isolated_app:s0:c512,c768 tcontext=u:object_r:app_data_file:s0:c512,c768 tclass=file permissive=0
10-31 08:30:01.844  2253  2270 I chromium: [INFO:child_process_service.cc(69)] ChildProcessService: Exiting child process.
10-31 08:30:01.846   422   422 E lowmemorykiller: Error writing /proc/2253/oom_score_adj; errno=22
10-31 08:30:01.847   772 13022 I ActivityManager: Killing 2253:com.android.chrome:sandboxed_process33/u0a60i777 (adj 0): isolated not needed
10-31 08:30:01.848   772   790 W zygote64: failed to open /acct/uid_99777/pid_2253/cgroup.procs: No such file or directory
10-31 08:30:01.868   992   992 W chromium: [WARNING:compositor_view.cc(342)] Child process died (type=6) pid=2253)
10-31 08:30:04.799  2277  2277 E /system/bin/webview_zygote32: failed to make and chown /acct/uid_99778: Permission denied
10-31 08:30:04.800  2277  2277 E Zygote  : createProcessGroup(99778, 0) failed: Permission denied
10-31 08:30:04.803   772  3854 I ActivityManager: Start proc 2277:com.android.chrome:sandboxed_process34/u0i778 for webview_service com.android.chrome/org.chromium.content.app.SandboxedProcessService34
10-31 08:30:04.831  2277  2277 I SamplingProfilerIntegration: Profiling disabled.
10-31 08:30:04.854  2290  2290 E asset   : setgid: Operation not permitted
10-31 08:30:04.890  2277  2277 I cr_SplitCompatApp: Launched version=106.0.5249.79 minSdkVersion=24 isBundle=true processName=com.android.chrome:sandboxed_process34 isIsolated=true
10-31 08:30:04.898  2277  2277 W SystemServiceRegistry: No service published for: uimode
10-31 08:30:04.910  2277  2277 I cr_ChildProcessService: Creating new ChildProcessService pid=2277
10-31 08:30:04.922  2277  2277 E WebViewFactory: can't load with relro file; address space not reserved
10-31 08:30:04.935  2277  2291 I cr_LibraryLoader: Successfully loaded native library
10-31 08:30:04.937  2277  2291 I cr_CachingUmaRecorder: Flushed 3 samples from 3 histograms.
10-31 08:30:04.993  2298  2298 W ThreadPoolForeg: type=1400 audit(0.0:13223): avc: denied { setattr } for name="download_file_types.pb" dev="dm-2" ino=1505065 scontext=u:r:isolated_app:s0:c512,c768 tcontext=u:object_r:app_data_file:s0:c512,c768 tclass=file permissive=0
10-31 08:30:04.993  2298  2298 W ThreadPoolForeg: type=1400 audit(0.0:13224): avc: denied { setattr } for name="download_file_types.pb" dev="dm-2" ino=1505065 scontext=u:r:isolated_app:s0:c512,c768 tcontext=u:object_r:app_data_file:s0:c512,c768 tclass=file permissive=0
10-31 08:30:04.993  2298  2298 W ThreadPoolForeg: type=1400 audit(0.0:13225): avc: denied { setattr } for name="manifest.json" dev="dm-2" ino=1505066 scontext=u:r:isolated_app:s0:c512,c768 tcontext=u:object_r:app_data_file:s0:c512,c768 tclass=file permissive=0
10-31 08:30:05.000  2298  2298 W ThreadPoolForeg: type=1400 audit(0.0:13226): avc: denied { setattr } for name="verified_contents.json" dev="dm-2" ino=1505083 scontext=u:r:isolated_app:s0:c512,c768 tcontext=u:object_r:app_data_file:s0:c512,c768 tclass=file permissive=0
10-31 08:30:05.010  2277  2291 I chromium: [INFO:child_process_service.cc(69)] ChildProcessService: Exiting child process.
10-31 08:30:05.011   422   422 E lowmemorykiller: Error writing /proc/2277/oom_score_adj; errno=22
10-31 08:30:05.013   772  3854 I ActivityManager: Killing 2277:com.android.chrome:sandboxed_process34/u0a60i778 (adj 0): isolated not needed
10-31 08:30:05.013   772   790 W zygote64: failed to open /acct/uid_99778/pid_2277/cgroup.procs: No such file or directory
10-31 08:30:05.033   992   992 W chromium: [WARNING:compositor_view.cc(342)] Child process died (type=6) pid=2277)
10-31 08:30:06.962   772 10860 I ActivityManager: Force stopping com.android.chrome appid=10060 user=0: from pid 2314
10-31 08:30:06.962   772 10860 I ActivityManager: Killing 1070:com.android.chrome:privileged_process0/u0a60 (adj 0): stop com.android.chrome
10-31 08:30:06.963   772 10860 W ActivityManager: Scheduling restart of crashed service com.android.chrome/org.chromium.content.app.PrivilegedProcessService0 in 1000ms
10-31 08:30:06.968   772 10860 I ActivityManager: Killing 992:com.android.chrome/u0a60 (adj 0): stop com.android.chrome
10-31 08:30:06.973   772 10860 I ActivityManager: Killing 1644:com.android.chrome:sandboxed_process17/u0a60i761 (adj 0): isolated not needed
10-31 08:30:06.974   772 10860 W ActivityManager: Force removing ActivityRecord{e760561 u0 com.android.chrome/com.google.android.apps.chrome.Main t694}: app died, no saved state
10-31 08:30:06.976  1038  1038 I cr_ChildProcessService: Destroying ChildProcessService pid=1038
10-31 08:30:06.978   772 10860 I WindowManager: Failed to capture screenshot of Token{7ea0886 ActivityRecord{e760561 u0 com.android.chrome/com.google.android.apps.chrome.Main t694 f}} appWin=Window{8ea78c2 u0 com.android.chrome/com.google.android.apps.chrome.Main} drawState=4
10-31 08:30:06.980 13542 13542 D BoundBrokerSvc: onUnbind: Intent { act=com.google.android.gms.auth.key.retrieval.service.START dat=chimera-action:com.google.android.gms.auth.key.retrieval.service.START cmp=com.google.android.gms/.chimera.GmsApiService }
10-31 08:30:06.992   772 10860 I ActivityManager: Killing 1038:com.android.chrome:sandboxed_process0/u0a60i744 (adj 0): isolated not needed
10-31 08:30:07.006  1311  1311 D CarrierSvcBindHelper: No carrier app for: 0
10-31 08:30:07.030  2964  2964 D RegisteredNfcFServicesCache: Service unchanged, not updating
10-31 08:30:07.036 13325 13387 I Adreno  : QUALCOMM build                   : 7142022, Ib5823dd10c
10-31 08:30:07.036 13325 13387 I Adreno  : Build Date                       : 06/23/17
10-31 08:30:07.036 13325 13387 I Adreno  : OpenGL ES Shader Compiler Version: EV031.18.00.00
10-31 08:30:07.036 13325 13387 I Adreno  : Local Branch                     : O11A
10-31 08:30:07.036 13325 13387 I Adreno  : Remote Branch                    : 
10-31 08:30:07.036 13325 13387 I Adreno  : Remote Branch                    : 
10-31 08:30:07.036 13325 13387 I Adreno  : Reconstruct Branch               : 
10-31 08:30:07.039 13325 13387 I vndksupport: sphal namespace is not configured for this process. Loading /vendor/lib64/hw/gralloc.msm8992.so from the current namespace instead.
10-31 08:30:07.044 13325 13387 I Adreno  : PFP: 0x00000000, ME: 0x00000000
10-31 08:30:07.049 13325 13387 I OpenGLRenderer: Initialized EGL, version 1.4
10-31 08:30:07.050 13325 13387 D OpenGLRenderer: Swap behavior 2
10-31 08:30:07.054   772 20193 E JavaBinder: !!! FAILED BINDER TRANSACTION !!!  (parcel size = 108)
10-31 08:30:07.055   772 20193 W InputMethodManagerService: Got RemoteException sending setActive(false) notification to pid 992 uid 10060
10-31 08:30:07.055   772 20193 E JavaBinder: !!! FAILED BINDER TRANSACTION !!!  (parcel size = 108)
10-31 08:30:07.056   772 10894 D ConnectivityService: ConnectivityService NetworkRequestInfo binderDied(NetworkRequest [ LISTEN id=1681, [ Capabilities: INTERNET&NOT_RESTRICTED&TRUSTED&FOREGROUND] ], android.os.BinderProxy@4c04425)
10-31 08:30:07.057   772 10894 D ConnectivityService: ConnectivityService NetworkRequestInfo binderDied(NetworkRequest [ LISTEN id=1679, [ Capabilities: INTERNET&NOT_RESTRICTED&TRUSTED&FOREGROUND] ], android.os.BinderProxy@43e79fa)
10-31 08:30:07.057   772 10893 D ConnectivityService: ConnectivityService NetworkRequestInfo binderDied(NetworkRequest [ LISTEN id=1680, [ Capabilities: INTERNET&NOT_RESTRICTED&TRUSTED&FOREGROUND] ], android.os.BinderProxy@9204bab)
10-31 08:30:07.057   772   862 E ConnectivityService: RemoteException caught trying to send a callback msg for NetworkRequest [ LISTEN id=1681, [ Capabilities: INTERNET&NOT_RESTRICTED&TRUSTED&FOREGROUND] ]
10-31 08:30:07.058   772   797 W ActivityManager: setHasOverlayUi called on unknown pid: 992
10-31 08:30:07.058   772   862 E ConnectivityService: RemoteException caught trying to send a callback msg for NetworkRequest [ LISTEN id=1679, [ Capabilities: INTERNET&NOT_RESTRICTED&TRUSTED&FOREGROUND] ]
10-31 08:30:07.059   772   862 E ConnectivityService: RemoteException caught trying to send a callback msg for NetworkRequest [ LISTEN id=1680, [ Capabilities: INTERNET&NOT_RESTRICTED&TRUSTED&FOREGROUND] ]
10-31 08:30:07.067   772   790 W zygote64: failed to open /acct/uid_99761/pid_1644/cgroup.procs: No such file or directory
10-31 08:30:07.067   772   790 W zygote64: failed to open /acct/uid_99744/pid_1038/cgroup.procs: No such file or directory
10-31 08:30:07.108 31791 31802 W SessionLifecycleManager: Handover failed. Creating new session controller.
10-31 08:30:07.120   772 13022 W ActivityManager: Unable to start service Intent { act=com.google.android.gms.speech.service.START pkg=com.google.android.gms } U=0: not found
10-31 08:30:07.121   772   785 W ActivityManager: Unbind failed: could not find connection for android.os.BinderProxy@e2955aa
10-31 08:30:07.121 31791 31933 E GmsClient: unable to connect to service: com.google.android.gms.speech.service.START on com.google.android.gms
10-31 08:30:07.124 31791 31791 I OptInState: There is a new client and it does not support opt-in. Dropping request.
10-31 08:30:07.148 31791 31791 I MicroDetectionWorker: #updateMicroDetector [detectionMode: [mDetectionMode: [1]]]
10-31 08:30:07.148 31791 31791 I MicroDetectionWorker: #startMicroDetector [speakerMode: 0]
10-31 08:30:07.156 31791 31791 I MicroDetectionWorker: onReady
10-31 08:30:07.161 31791 31811 I MicroRecognitionRunner: Starting detection.
10-31 08:30:07.161 31791 31817 I MicrophoneInputStream: mic_starting com.google.android.apps.gsa.speech.audio.af@7a8d39f
10-31 08:30:07.163   556   556 W DeviceHAL: Device 0xefa2d000 open_input_stream: Invalid argument
10-31 08:30:07.164   556  2327 I AudioFlinger: AudioFlinger's thread 0xec603700 tid=2327 ready to run
10-31 08:30:07.172   556   753 I SoundTriggerHwService::Module: onCallbackEvent no clients
10-31 08:30:07.172 31791 31817 I MicrophoneInputStream: mic_started com.google.android.apps.gsa.speech.audio.af@7a8d39f
10-31 08:30:07.178   556  2328 D sound_trigger_platform: platform_stdev_check_and_update_concurrency: concurrency active 0, tx 1, rx 0, concurrency session_allowed 0
10-31 08:30:07.178   556  2328 D audio_hw_primary: enable_snd_device: snd_device(72: voice-rec-mic)
10-31 08:30:07.184   556  2328 D audio_hw_primary: enable_audio_route: usecase(9) apply and update mixer path: audio-record
10-31 08:30:07.250 31791 31791 I MicroDetectionWorker: onReady
10-31 08:30:07.419  2317  2317 D AndroidRuntime: >>>>>> START com.android.internal.os.RuntimeInit uid 2000 <<<<<<
10-31 08:30:07.548  2317  2317 D AndroidRuntime: Calling main entry com.android.commands.pm.Pm
10-31 08:30:07.575 13325 13387 W OpenGLRenderer: Incorrectly called buildLayer on View: ShortcutAndWidgetContainer, destroying layer...
10-31 08:30:07.577   772  1324 I ActivityManager: Force stopping com.android.chrome appid=10060 user=0: clear data
10-31 08:30:07.583   772   788 I ActivityManager: Force stopping com.android.chrome appid=10060 user=-1: clearApplicationUserData
10-31 08:30:07.670   560   560 I keystore: clear_uid 10060
10-31 08:30:07.684  1311  1311 D CarrierSvcBindHelper: No carrier app for: 0
10-31 08:30:07.687   772   787 W ResourceType: No known package when getting value for resource number 0x7f0904db
10-31 08:30:07.687   772   787 W ResourceType: No known package when getting value for resource number 0x7f140670
10-31 08:30:07.687   772   787 W ResourceType: No known package when getting value for resource number 0x7f0904da
10-31 08:30:07.687   772   787 W ResourceType: No known package when getting value for resource number 0x7f14018b
10-31 08:30:07.687   772   787 W ResourceType: No known package when getting value for resource number 0x7f14066f
10-31 08:30:07.687   772   787 W ResourceType: No known package when getting value for resource number 0x7f140434
10-31 08:30:07.687   772   787 E ShortcutService: Ignoring excessive intent tag.
10-31 08:30:07.688  2317  2317 I app_process: System.exit called, status: 0
10-31 08:30:07.688  2317  2317 I AndroidRuntime: VM exiting with result code 0.
10-31 08:30:07.706  2964  2964 D RegisteredNfcFServicesCache: Service unchanged, not updating
10-31 08:30:07.723  3960  2342 I Fitness : FitCleanupIntentOperation received Intent android.intent.action.PACKAGE_DATA_CLEARED [CONTEXT service_id=17 ]
10-31 08:30:07.759 13542 27496 I Icing   : doRemovePackageData com.android.chrome
10-31 08:30:07.760 13542 27496 I Icing   : Removing corpus key com.android.chrome-omnibox for package com.android.chrome
10-31 08:30:07.790 13542 27496 I native  : I0000 00:00:1667201407.790031   27496 flash-index.cc:1535] Flash index sort hb 27 prefix-hits 54 -> 45 at 18.851ms
10-31 08:30:07.826 13542 27496 I Icing   : Removing corpus key com.android.chrome-.implicit: for package com.android.chrome
10-31 08:30:07.866 13542 27496 I Icing   : Removing corpus key com.android.chrome-internal.3p:WebPage for package com.android.chrome
10-31 08:30:07.936 13542 27496 I Icing   : Starting compaction min disk 99.985% min index 99.992%
10-31 08:30:08.034   772  1259 I ActivityManager: Force stopping com.android.chrome appid=10060 user=0: from pid 2368
10-31 08:30:08.039  1311  1311 D CarrierSvcBindHelper: No carrier app for: 0
10-31 08:30:08.045 13542 27496 I native  : I0000 00:00:1667201408.044985   27496 document-store.cc:1684] Scored 811 usage reports, missing_corpora 305 update_failed 0
10-31 08:30:08.050  2964  2964 D RegisteredNfcFServicesCache: Service unchanged, not updating
10-31 08:30:08.102 13542 27496 W native  : W0000 00:00:1667201408.102552   27496 words-map.cc:36] INVALID_ARGUMENT: Empty URI
10-31 08:30:08.102 13542 27496 W native  : W0000 00:00:1667201408.102690   27496 words-map.cc:40] WordsMap was not properly initialized
10-31 08:30:08.164 13542 27496 E native  : E0000 00:00:1667201408.163947   27496 compactor.cc:77] Could not index embedding for docid 1: INTERNAL: Unable to find Thing Proto section 
10-31 08:30:08.164 13542 27496 E native  : E0000 00:00:1667201408.164744   27496 compactor.cc:77] Could not index embedding for docid 3: INTERNAL: Unable to find Thing Proto section 
10-31 08:30:08.165 13542 27496 E native  : E0000 00:00:1667201408.165242   27496 compactor.cc:77] Could not index embedding for docid 5: INTERNAL: Unable to find Thing Proto section 
10-31 08:30:08.165 13542 27496 E native  : E0000 00:00:1667201408.165699   27496 compactor.cc:77] Could not index embedding for docid 7: INTERNAL: Unable to find Thing Proto section 
10-31 08:30:08.166 13542 27496 E native  : E0000 00:00:1667201408.166252   27496 compactor.cc:77] Could not index embedding for docid 9: INTERNAL: Unable to find Thing Proto section 
10-31 08:30:08.166 13542 27496 E native  : E0000 00:00:1667201408.166733   27496 compactor.cc:77] Could not index embedding for docid 11: INTERNAL: Unable to find Thing Proto section 
10-31 08:30:08.167 13542 27496 E native  : E0000 00:00:1667201408.167174   27496 compactor.cc:77] Could not index embedding for docid 13: INTERNAL: Unable to find Thing Proto section 
10-31 08:30:08.167 13542 27496 E native  : E0000 00:00:1667201408.167631   27496 compactor.cc:77] Could not index embedding for docid 15: INTERNAL: Unable to find Thing Proto section 
10-31 08:30:08.168 13542 27496 E native  : E0000 00:00:1667201408.168083   27496 compactor.cc:77] Could not index embedding for docid 17: INTERNAL: Unable to find Thing Proto section 
10-31 08:30:08.168 13542 27496 E native  : E0000 00:00:1667201408.168531   27496 compactor.cc:77] Could not index embedding for docid 19: INTERNAL: Unable to find Thing Proto section 
10-31 08:30:08.169 13542 27496 E native  : E0000 00:00:1667201408.168990   27496 compactor.cc:77] Could not index embedding for docid 21: INTERNAL: Unable to find Thing Proto section 
10-31 08:30:08.169 13542 27496 E native  : E0000 00:00:1667201408.169626   27496 compactor.cc:77] Could not index embedding for docid 23: INTERNAL: Unable to find Thing Proto section 
10-31 08:30:08.170 13542 27496 E native  : E0000 00:00:1667201408.170204   27496 compactor.cc:77] Could not index embedding for docid 25: INTERNAL: Unable to find Thing Proto section 
10-31 08:30:08.174 13542 27496 E native  : E0000 00:00:1667201408.174082   27496 compactor.cc:77] Could not index embedding for docid 26: INTERNAL: Unable to find Thing Proto section 
10-31 08:30:08.177 13542 27496 E native  : E0000 00:00:1667201408.177603   27496 compactor.cc:77] Could not index embedding for docid 27: INTERNAL: Unable to find Thing Proto section 
10-31 08:30:08.213 13542 27496 I native  : I0000 00:00:1667201408.213182   27496 flash-index.cc:1535] Flash index sort hb 40 prefix-hits 68 -> 67 at 20.548ms
10-31 08:30:08.242 13542 27496 W native  : W0000 00:00:1667201408.242287   27496 words-map.cc:36] INVALID_ARGUMENT: Empty URI
10-31 08:30:08.242 13542 27496 W native  : W0000 00:00:1667201408.242495   27496 words-map.cc:40] WordsMap was not properly initialized
10-31 08:30:08.302 13542 27496 I Icing   : updateResources: need to parse anue{com.android.chrome}
10-31 08:30:08.382 13542 27496 I Icing   : Indexing com.android.chrome-omnibox from com.android.chrome
10-31 08:30:08.394   772   784 I ActivityManager: Start proc 2372:com.android.chrome/u0a60 for content provider com.android.chrome/com.google.android.apps.chrome.icing.IcingProvider
10-31 08:30:08.418  2370  2370 D AndroidRuntime: >>>>>> START com.android.internal.os.RuntimeInit uid 2000 <<<<<<
10-31 08:30:08.441  2372  2372 I cr_SplitCompatApp: Launched version=106.0.5249.79 minSdkVersion=24 isBundle=true processName=com.android.chrome isIsolated=false
10-31 08:30:08.533  2370  2370 D AndroidRuntime: Calling main entry com.android.commands.pm.Pm
10-31 08:30:08.539   772  1259 I ActivityManager: Force stopping com.android.chrome appid=10060 user=0: clear data
10-31 08:30:08.539   772  1259 I ActivityManager: Killing 2372:com.android.chrome/u0a60 (adj 200): stop com.android.chrome
10-31 08:30:08.540 13542 13542 I ActivityThread: Removing dead content provider:android.content.ContentProviderProxy@345901b
10-31 08:30:08.543   772   788 I ActivityManager: Force stopping com.android.chrome appid=10060 user=-1: clearApplicationUserData
10-31 08:30:08.546   560   560 I keystore: clear_uid 10060
10-31 08:30:08.572  1311  1311 D CarrierSvcBindHelper: No carrier app for: 0
10-31 08:30:08.575  2370  2370 I app_process: System.exit called, status: 0
10-31 08:30:08.575  2370  2370 I AndroidRuntime: VM exiting with result code 0.
10-31 08:30:08.575   772   787 W ResourceType: No known package when getting value for resource number 0x7f0904db
10-31 08:30:08.575   772   787 W ResourceType: No known package when getting value for resource number 0x7f140670
10-31 08:30:08.576   772   787 W ResourceType: No known package when getting value for resource number 0x7f0904da
10-31 08:30:08.576   772   787 W ResourceType: No known package when getting value for resource number 0x7f14018b
10-31 08:30:08.576   772   787 W ResourceType: No known package when getting value for resource number 0x7f14066f
10-31 08:30:08.576   772   787 W ResourceType: No known package when getting value for resource number 0x7f140434
10-31 08:30:08.576   772   787 E ShortcutService: Ignoring excessive intent tag.
10-31 08:30:08.579 13542 27496 E Icing   : Cursor call threw an exception: null
10-31 08:30:08.580 13542 27496 E Icing   : Indexing content provider failed; will retry 3 times
10-31 08:30:08.580 13542 27496 I Icing   : Indexing done com.android.chrome-omnibox
10-31 08:30:08.580 13542 27496 E Icing   : Aborting indexing of corpus omnibox
10-31 08:30:08.580 13542 27496 I Icing   : Retrying indexing in 300000ms
10-31 08:30:08.584 13542 27496 W GmsTaskScheduler: com.google.android.gms.icing.service.IcingGcmTaskChimeraService is not available. This may cause the task to be lost.
10-31 08:30:08.591  2964  2964 D RegisteredNfcFServicesCache: Service unchanged, not updating
10-31 08:30:08.599  3960  2340 I Fitness : FitCleanupIntentOperation received Intent android.intent.action.PACKAGE_DATA_CLEARED [CONTEXT service_id=17 ]
10-31 08:30:08.622 13542 27496 I Icing   : doRemovePackageData com.android.chrome
10-31 08:30:08.622 13542 27496 I Icing   : Removing corpus key com.android.chrome-omnibox for package com.android.chrome
10-31 08:30:08.719 13542 27496 I Icing   : updateResources: need to parse anue{com.android.chrome}
10-31 08:30:08.775 13542 27496 I Icing   : Indexing com.android.chrome-omnibox from com.android.chrome
10-31 08:30:08.788   772  1327 I ActivityManager: Start proc 2407:com.android.chrome/u0a60 for content provider com.android.chrome/com.google.android.apps.chrome.icing.IcingProvider
10-31 08:30:08.838  2407  2407 I cr_SplitCompatApp: Launched version=106.0.5249.79 minSdkVersion=24 isBundle=true processName=com.android.chrome isIsolated=false
10-31 08:30:08.940  3960  4217 I FontLog : Received query Google Sans, URI content://com.google.android.gms.fonts [CONTEXT service_id=132 ]
10-31 08:30:08.940  3960  4217 I FontLog : Query [Google Sans] resolved to {Google Sans, wdth 100.0, wght 400, ital 0.0, bestEffort false} [CONTEXT service_id=132 ]
10-31 08:30:08.941  3960  4217 I FontLog : Font PFD returned from cache for {Google Sans, wdth 100.0, wght 400, ital 0.0, bestEffort false} [CONTEXT service_id=132 ]
10-31 08:30:08.942  3960  4217 I FontLog : Fetch {Google Sans, wdth 100.0, wght 400, ital 0.0, bestEffort false} end status Status{statusCode=SUCCESS, resolution=null} [CONTEXT service_id=132 ]
10-31 08:30:09.047 13542 27496 I Icing   : Indexing done com.android.chrome-omnibox
10-31 08:30:09.054  3960  3971 I FontLog : Pulling font file for id = 1667, cache size = 9 [CONTEXT service_id=132 ]
10-31 08:30:09.145  2407  2431 I cr_LibraryLoader: Successfully loaded native library
10-31 08:30:09.146  2407  2431 I cr_CachingUmaRecorder: Flushed 20 samples from 19 histograms.
10-31 08:30:09.196  3960  6244 I FontLog : Received query Google Sans:500, URI content://com.google.android.gms.fonts [CONTEXT service_id=132 ]
10-31 08:30:09.196  3960  6244 I FontLog : Query [Google Sans:500] resolved to {Google Sans, wdth 100.0, wght 500, ital 0.0, bestEffort false} [CONTEXT service_id=132 ]
10-31 08:30:09.197  3960  6244 I FontLog : Font PFD returned from cache for {Google Sans, wdth 100.0, wght 500, ital 0.0, bestEffort false} [CONTEXT service_id=132 ]
10-31 08:30:09.198  3960  6244 I FontLog : Fetch {Google Sans, wdth 100.0, wght 500, ital 0.0, bestEffort false} end status Status{statusCode=SUCCESS, resolution=null} [CONTEXT service_id=132 ]
10-31 08:30:09.223  3960  4217 I FontLog : Pulling font file for id = 1668, cache size = 8 [CONTEXT service_id=132 ]
10-31 08:30:09.250  3960  4245 I FontLog : Received query Google Sans:700, URI content://com.google.android.gms.fonts [CONTEXT service_id=132 ]
10-31 08:30:09.250  3960  4245 I FontLog : Query [Google Sans:700] resolved to {Google Sans, wdth 100.0, wght 700, ital 0.0, bestEffort false} [CONTEXT service_id=132 ]
10-31 08:30:09.252  3960  4245 I FontLog : Fetch {Google Sans, wdth 100.0, wght 700, ital 0.0, bestEffort false} end status Status{statusCode=SUCCESS, resolution=null} [CONTEXT service_id=132 ]
10-31 08:30:09.262  3960  6244 I FontLog : Pulling font file for id = 1669, cache size = 9 [CONTEXT service_id=132 ]
