10-31 08:29:03.630  1955  1955 W ThreadPoolForeg: type=1400 audit(0.0:13202): avc: denied { setattr } for name="model.tflite" dev="dm-2" ino=1504819 scontext=u:r:isolated_app:s0:c512,c768 tcontext=u:object_r:app_data_file:s0:c512,c768 tclass=file permissive=0
10-31 08:29:03.631  1038  1055 I tflite  : Initialized TensorFlow Lite runtime.
10-31 08:29:03.636  1875  1931 I chromium: [INFO:child_process_service.cc(69)] ChildProcessService: Exiting child process.
10-31 08:29:03.638   422   422 E lowmemorykiller: Error writing /proc/1875/oom_score_adj; errno=22
10-31 08:29:03.639   772  1259 I ActivityManager: Killing 1875:com.android.chrome:sandboxed_process26/u0a60i770 (adj 0): isolated not needed
10-31 08:29:03.640   772   790 W zygote64: failed to open /acct/uid_99770/pid_1875/cgroup.procs: No such file or directory
10-31 08:29:03.641   992   992 W chromium: [WARNING:compositor_view.cc(342)] Child process died (type=6) pid=1851)
10-31 08:29:03.647  1904  1904 W SystemServiceRegistry: No service published for: uimode
10-31 08:29:03.653  1897  1897 I cr_SplitCompatApp: Launched version=106.0.5249.79 minSdkVersion=24 isBundle=true processName=com.android.chrome:sandboxed_process27 isIsolated=true
10-31 08:29:03.658  1924  1924 I cr_SplitCompatApp: Launched version=106.0.5249.79 minSdkVersion=24 isBundle=true processName=com.android.chrome:sandboxed_process29 isIsolated=true
10-31 08:29:03.659  1904  1904 I cr_ChildProcessService: Creating new ChildProcessService pid=1904
10-31 08:29:03.662  1897  1897 W SystemServiceRegistry: No service published for: uimode
10-31 08:29:03.670  1924  1924 W SystemServiceRegistry: No service published for: uimode
10-31 08:29:03.670  1904  1904 E WebViewFactory: can't load with relro file; address space not reserved
10-31 08:29:03.675  1897  1897 I cr_ChildProcessService: Creating new ChildProcessService pid=1897
10-31 08:29:03.675   992   992 W chromium: [WARNING:compositor_view.cc(342)] Child process died (type=6) pid=1875)
10-31 08:29:03.682  1924  1924 I cr_ChildProcessService: Creating new ChildProcessService pid=1924
10-31 08:29:03.689  1904  1959 I cr_LibraryLoader: Successfully loaded native library
10-31 08:29:03.690  1904  1959 I cr_CachingUmaRecorder: Flushed 3 samples from 3 histograms.
10-31 08:29:03.691  1897  1897 E WebViewFactory: can't load with relro file; address space not reserved
10-31 08:29:03.693  1924  1924 E WebViewFactory: can't load with relro file; address space not reserved
10-31 08:29:03.706  1897  1960 I cr_LibraryLoader: Successfully loaded native library
10-31 08:29:03.707  1897  1960 I cr_CachingUmaRecorder: Flushed 3 samples from 3 histograms.
10-31 08:29:03.709  1924  1961 I cr_LibraryLoader: Successfully loaded native library
10-31 08:29:03.710  1924  1961 I cr_CachingUmaRecorder: Flushed 3 samples from 3 histograms.
10-31 08:29:03.716  1966  1966 W ThreadPoolForeg: type=1400 audit(0.0:13203): avc: denied { setattr } for name="model-info.pb" dev="dm-2" ino=1504883 scontext=u:r:isolated_app:s0:c512,c768 tcontext=u:object_r:app_data_file:s0:c512,c768 tclass=file permissive=0
10-31 08:29:03.726  1971  1971 W ThreadPoolForeg: type=1400 audit(0.0:13204): avc: denied { setattr } for name="model-info.pb" dev="dm-2" ino=1504887 scontext=u:r:isolated_app:s0:c512,c768 tcontext=u:object_r:app_data_file:s0:c512,c768 tclass=file permissive=0
10-31 08:29:03.726  1966  1966 W ThreadPoolForeg: type=1400 audit(0.0:13205): avc: denied { setattr } for name="model.tflite" dev="dm-2" ino=1504885 scontext=u:r:isolated_app:s0:c512,c768 tcontext=u:object_r:app_data_file:s0:c512,c768 tclass=file permissive=0
10-31 08:29:03.730  1971  1971 W ThreadPoolForeg: type=1400 audit(0.0:13206): avc: denied { setattr } for name="model.tflite" dev="dm-2" ino=1504889 scontext=u:r:isolated_app:s0:c512,c768 tcontext=u:object_r:app_data_file:s0:c512,c768 tclass=file permissive=0
10-31 08:29:03.735  1904  1959 I chromium: [INFO:child_process_service.cc(69)] ChildProcessService: Exiting child process.
10-31 08:29:03.737   422   422 E lowmemorykiller: Error writing /proc/1904/oom_score_adj; errno=22
10-31 08:29:03.738   772  1324 I ActivityManager: Killing 1904:com.android.chrome:sandboxed_process28/u0a60i772 (adj 0): isolated not needed
10-31 08:29:03.740   772   790 W zygote64: failed to open /acct/uid_99772/pid_1904/cgroup.procs: No such file or directory
10-31 08:29:03.743  1897  1960 I chromium: [INFO:child_process_service.cc(69)] ChildProcessService: Exiting child process.
10-31 08:29:03.747   422   422 E lowmemorykiller: Error writing /proc/1897/oom_score_adj; errno=22
10-31 08:29:03.747   772 32228 I ActivityManager: Killing 1897:com.android.chrome:sandboxed_process27/u0a60i771 (adj 0): isolated not needed
10-31 08:29:03.749   772   790 W zygote64: failed to open /acct/uid_99771/pid_1897/cgroup.procs: No such file or directory
10-31 08:29:03.755   992   992 W chromium: [WARNING:compositor_view.cc(342)] Child process died (type=6) pid=1904)
10-31 08:29:03.760  1644  1675 I tflite  : Initialized TensorFlow Lite runtime.
10-31 08:29:03.773  1976  1976 W ThreadPoolForeg: type=1400 audit(0.0:13207): avc: denied { setattr } for name="model-info.pb" dev="dm-2" ino=1504892 scontext=u:r:isolated_app:s0:c512,c768 tcontext=u:object_r:app_data_file:s0:c512,c768 tclass=file permissive=0
10-31 08:29:03.782   992   992 W chromium: [WARNING:compositor_view.cc(342)] Child process died (type=6) pid=1897)
10-31 08:29:03.783  1976  1976 W ThreadPoolForeg: type=1400 audit(0.0:13208): avc: denied { setattr } for name="model.tflite" dev="dm-2" ino=1504894 scontext=u:r:isolated_app:s0:c512,c768 tcontext=u:object_r:app_data_file:s0:c512,c768 tclass=file permissive=0
10-31 08:29:03.791  1924  1961 I chromium: [INFO:child_process_service.cc(69)] ChildProcessService: Exiting child process.
10-31 08:29:03.793   422   422 E lowmemorykiller: Error writing /proc/1924/oom_score_adj; errno=22
10-31 08:29:03.793   772  1327 I ActivityManager: Killing 1924:com.android.chrome:sandboxed_process29/u0a60i773 (adj 0): isolated not needed
10-31 08:29:03.794   772   790 W zygote64: failed to open /acct/uid_99773/pid_1924/cgroup.procs: No such file or directory
10-31 08:29:03.814   992   992 W chromium: [WARNING:compositor_view.cc(342)] Child process died (type=6) pid=1924)
10-31 08:29:04.009 13542 13674 I Icing   : IndexChimeraService.getServiceInterface callingPackage=com.google.android.gms componentName=null serviceId=30
10-31 08:29:04.019 13542 13542 D BoundBrokerSvc: onBind: Intent { act=com.google.android.gms.common.BIND_SHARED_PREFS pkg=com.google.android.gms }
10-31 08:29:04.019 13542 13542 D BoundBrokerSvc: Loading bound service for intent: Intent { act=com.google.android.gms.common.BIND_SHARED_PREFS pkg=com.google.android.gms }
10-31 08:29:04.031 13542 13542 D BoundBrokerSvc: onUnbind: Intent { act=com.google.android.gms.common.BIND_SHARED_PREFS pkg=com.google.android.gms }
10-31 08:29:04.046 13542 27496 I GmsCoreXrpcWrapper: Returning a channel provider with trafficStatsTag=12803 trafficStatsUid=-1
10-31 08:29:04.176 13542 27496 I Icing   : Usage reports ok 3, Failed Usage reports 0, indexed 2, rejected 0
10-31 08:29:05.276   992   992 W ResourceType: Failure getting entry for 0x7f0108d9 (t=0 e=2265) (error -75)
10-31 08:29:05.305   992   992 W TabLayout: MODE_SCROLLABLE + GRAVITY_FILL is not supported, GRAVITY_START will be used instead
10-31 08:29:05.309   992   992 W ResourceType: Failure getting entry for 0x7f0108de (t=0 e=2270) (error -75)
10-31 08:29:05.318   992   992 W ResourceType: Failure getting entry for 0x7f0108de (t=0 e=2270) (error -75)
10-31 08:29:05.717   992  1058 I cr_omaha: OmahaBase::generateAndPostRequest(): Sending request to Omaha:
10-31 08:29:05.717   992  1058 I cr_omaha: <?xml version='1.0' encoding='UTF-8' standalone='yes' ?><request protocol="3.0" updater="Android" updaterversion="106.0.5249.79" updaterchannel="chrome" ismachine="1" requestid="{6463d487-7571-42af-90d4-5160047547a1}" sessionid="{f9c95579-0002-4591-ad82-cd77bfe36fd5}" installsource="system_image" dedup="cr"><os platform="android" version="8.0.0" arch="arm" /><app brand="" client="ms-android-google" appid="{387E11AD-7109-45F6-83CF-CAA241ADC9DF}" version="106.0.5249.79" nextversion="" lang="en-US" installage="-1" ap="chrome;google;nexus 5x"><event eventtype="2" eventresult="1" /></app></request>
10-31 08:29:05.826   992  1058 I cr_omaha: OmahaBase::generateAndPostRequest(): Received response from Omaha:
10-31 08:29:05.826   992  1058 I cr_omaha: <?xml version="1.0" encoding="UTF-8"?><response protocol="3.0" server="prod"><daystart elapsed_days="5782" elapsed_seconds="1744"/><app appid="{387E11AD-7109-45F6-83CF-CAA241ADC9DF}" status="ok"><event status="ok"/></app></response>
10-31 08:29:05.837   992  1058 I cr_omaha: Request to Server Successful. Timestamp for next request:1667204945832
10-31 08:29:05.847   992   992 I cr_tabmodel: Appending tabs being restored to metadata lists, 0, startingNormalCount: 2, startingIncognitoCount: 0
10-31 08:29:05.847   992   992 I cr_tabmodel: Serializing tab lists; counts: 2, 0
10-31 08:29:05.853   992  1058 I cr_omaha: OmahaBase::generateAndPostRequest(): Sending request to Omaha:
10-31 08:29:05.853   992  1058 I cr_omaha: <?xml version='1.0' encoding='UTF-8' standalone='yes' ?><request protocol="3.0" updater="Android" updaterversion="106.0.5249.79" updaterchannel="chrome" ismachine="1" requestid="{616e3112-0c8d-4d80-9913-9766e27ac541}" sessionid="{f9c95579-0002-4591-ad82-cd77bfe36fd5}" installsource="system_image" dedup="cr"><os platform="android" version="8.0.0" arch="arm" /><app brand="" client="ms-android-google" appid="{387E11AD-7109-45F6-83CF-CAA241ADC9DF}" version="106.0.5249.79" nextversion="" lang="en-US" installage="0" ap="chrome;google;nexus 5x"><updatecheck /><ping active="1" ad="5782" rd="5782" /></app></request>
10-31 08:29:05.877 13542 13542 D BoundBrokerSvc: onBind: Intent { act=com.google.android.gms.common.BIND_SHARED_PREFS pkg=com.google.android.gms }
10-31 08:29:05.877 13542 13542 D BoundBrokerSvc: Loading bound service for intent: Intent { act=com.google.android.gms.common.BIND_SHARED_PREFS pkg=com.google.android.gms }
10-31 08:29:05.881 13542 13542 D BoundBrokerSvc: onUnbind: Intent { act=com.google.android.gms.common.BIND_SHARED_PREFS pkg=com.google.android.gms }
10-31 08:29:05.884   992  1058 I cr_omaha: OmahaBase::generateAndPostRequest(): Received response from Omaha:
10-31 08:29:05.884   992  1058 I cr_omaha: <?xml version="1.0" encoding="UTF-8"?><response protocol="3.0" server="prod"><daystart elapsed_days="5782" elapsed_seconds="1744"/><app appid="{387E11AD-7109-45F6-83CF-CAA241ADC9DF}" cohort="1:hyx:" cohortname="Stable Chrome" status="ok"><updatecheck status="noupdate"/><ping status="ok"/></app></response>
10-31 08:29:05.886   992  1058 I cr_omaha: Request to Server Successful. Timestamp for next request:1667204945886
10-31 08:29:05.886   992  1058 I cr_omaha: Attempting to schedule next job for: Mon Oct 31 13:29:05 GMT+01:00 2022
10-31 08:29:05.889   992   992 I cr_omaha: Scheduled using JobService
10-31 08:29:05.889   992   992 E cr_BkgrdTaskJS: Tried finishing non-current BackgroundTask.
10-31 08:29:11.101   992   992 E cr_BTSPrefs: No data found for task id: 56
10-31 08:29:11.102   992   992 E cr_BkgrdTaskScheduler: Task cannot be canceled because no data was found instorage or data was invalid
10-31 08:29:15.226   992   992 W ResourceType: Failure getting entry for 0x7f010888 (t=0 e=2184) (error -75)
10-31 08:29:15.263   992   992 I chatty  : uid=10060(u0_a60) identical 7 lines
10-31 08:29:15.267   992   992 W ResourceType: Failure getting entry for 0x7f010888 (t=0 e=2184) (error -75)
10-31 08:29:15.269   992   992 I cr_TopSites: Start a new task.
10-31 08:29:15.270   992  1067 I cr_TopSites: Serializing top sites lists finished; count: 9
10-31 08:29:15.278   992  1067 I cr_TopSites: Finished saving top sites list to file:/data/user/0/com.android.chrome/app_top_sites/top_sites
10-31 08:29:25.446   772   787 I ActivityManager: Start proc 1988:com.opera.browser/u0a99 for service com.opera.browser/com.opera.android.ping.SyncService
10-31 08:29:25.681  1988  1988 I LoadedApk: No resource references to update in package com.opera.browser.nord_vpn
10-31 08:29:25.822  1988  2010 W zygote  : Skipping duplicate class check due to unrecognized classloader
10-31 08:29:25.877  1988  2024 D NetworkSecurityConfig: Using Network Security Config from resource network_security_config_official_build debugBuild: false
10-31 08:29:25.917  1988  2010 W zygote  : Skipping duplicate class check due to unrecognized classloader
10-31 08:29:25.931  1988  1988 I PlayCore: UID: [10099]  PID: [1988] SplitInstallHelper : Calling dispatchPackageBroadcast
10-31 08:29:25.937  1988  1988 I PlayCore: UID: [10099]  PID: [1988] SplitInstallHelper : Called dispatchPackageBroadcast
10-31 08:29:26.177  1988  1988 W zygote  : Found duplicate classes, falling back to extracting from APK : /data/app/com.opera.browser-qPSIim2B9fwVMm8IQBnxfg==/base.apk
10-31 08:29:26.177  1988  1988 W zygote  : NOTE: This wastes RAM and hurts startup performance.
10-31 08:29:26.177  1988  1988 W zygote  : Found duplicated class when checking oat files: 'LJ/N;' in /data/app/com.opera.browser-qPSIim2B9fwVMm8IQBnxfg==/base.apk and /data/app/com.opera.browser-qPSIim2B9fwVMm8IQBnxfg==/base.apk
10-31 08:29:26.177  1988  1988 W zygote  : 
10-31 08:29:26.190  1988  2048 I FA      : App measurement initialized, version: 73015
10-31 08:29:26.200  1988  2048 I FA      : To enable debug logging run: adb shell setprop log.tag.FA VERBOSE
10-31 08:29:26.200  1988  2048 I FA      : To enable faster debug mode event logging run:
10-31 08:29:26.200  1988  2048 I FA      :   adb shell setprop debug.firebase.analytics.app com.opera.browser
10-31 08:29:30.543  1988  2001 I zygote  : Waiting for a blocking GC ProfileSaver
10-31 08:29:30.628  1988  2001 I zygote  : Waiting for a blocking GC ProfileSaver
10-31 08:29:30.630  1988  2001 I zygote  : WaitForGcToComplete blocked for 86.090ms for cause ProfileSaver
10-31 08:29:30.829 13542 13542 D BoundBrokerSvc: onBind: Intent { act=com.google.android.gms.measurement.START pkg=com.google.android.gms }
10-31 08:29:30.830 13542 13542 D BoundBrokerSvc: Loading bound service for intent: Intent { act=com.google.android.gms.measurement.START pkg=com.google.android.gms }
10-31 08:29:30.940  3960  2118 W NetworkScheduler: Error inserting period=5639000 preferred_charging_state=1 preferred_network_type=1 target_class=com.google.android.gms.measurement.PackageMeasurementTaskService required_network_type=0 runtime=1667201370930 required_idleness_state=0 source=16 service_kind=0 target_package=com.google.android.gms persistence_level=1 source_version=223616000 last_runtime=0 user_id=0 job_id=-1 requires_charging=0 tag=Measurement.PackageMeasurementTaskService.UPLOAD_TASK_TAG flex_time=2819000 task_type=0 retry_strategy={"maximum_backoff_seconds":{"3600":0},"initial_backoff_seconds":{"30":0},"retry_policy":{"0":0}} [CONTEXT service_id=218 ]
10-31 08:29:30.940  3960  2118 W NetworkScheduler: android.database.sqlite.SQLiteConstraintException: UNIQUE constraint failed: pending_ops.tag, pending_ops.target_class, pending_ops.target_package, pending_ops.user_id (code 2067)
10-31 08:29:30.940  3960  2118 W NetworkScheduler: 	at android.database.sqlite.SQLiteConnection.nativeExecuteForLastInsertedRowId(Native Method)
10-31 08:29:30.940  3960  2118 W NetworkScheduler: 	at android.database.sqlite.SQLiteConnection.executeForLastInsertedRowId(SQLiteConnection.java:782)
10-31 08:29:30.940  3960  2118 W NetworkScheduler: 	at android.database.sqlite.SQLiteSession.executeForLastInsertedRowId(SQLiteSession.java:788)
10-31 08:29:30.940  3960  2118 W NetworkScheduler: 	at android.database.sqlite.SQLiteStatement.executeInsert(SQLiteStatement.java:86)
10-31 08:29:30.940  3960  2118 W NetworkScheduler: 	at android.database.sqlite.SQLiteDatabase.insertWithOnConflict(SQLiteDatabase.java:1474)
10-31 08:29:30.940  3960  2118 W NetworkScheduler: 	at android.database.sqlite.SQLiteDatabase.insertOrThrow(SQLiteDatabase.java:1369)
10-31 08:29:30.940  3960  2118 W NetworkScheduler: 	at biel.g(:com.google.android.gms@223616019@22.36.16 (040400-476895098):52)
10-31 08:29:30.940  3960  2118 W NetworkScheduler: 	at bide.n(:com.google.android.gms@223616019@22.36.16 (040400-476895098):3)
10-31 08:29:30.940  3960  2118 W NetworkScheduler: 	at bide.u(:com.google.android.gms@223616019@22.36.16 (040400-476895098):20)
10-31 08:29:30.940  3960  2118 W NetworkScheduler: 	at bide.h(:com.google.android.gms@223616019@22.36.16 (040400-476895098):3)
10-31 08:29:30.940  3960  2118 W NetworkScheduler: 	at bhyv.run(:com.google.android.gms@223616019@22.36.16 (040400-476895098):9)
10-31 08:29:30.940  3960  2118 W NetworkScheduler: 	at aarl.c(:com.google.android.gms@223616019@22.36.16 (040400-476895098):6)
10-31 08:29:30.940  3960  2118 W NetworkScheduler: 	at aarl.run(:com.google.android.gms@223616019@22.36.16 (040400-476895098):7)
10-31 08:29:30.940  3960  2118 W NetworkScheduler: 	at java.util.concurrent.ThreadPoolExecutor.runWorker(ThreadPoolExecutor.java:1162)
10-31 08:29:30.940  3960  2118 W NetworkScheduler: 	at java.util.concurrent.ThreadPoolExecutor$Worker.run(ThreadPoolExecutor.java:636)
10-31 08:29:30.940  3960  2118 W NetworkScheduler: 	at aaws.run(:com.google.android.gms@223616019@22.36.16 (040400-476895098):0)
10-31 08:29:30.940  3960  2118 W NetworkScheduler: 	at java.lang.Thread.run(Thread.java:764)
10-31 08:29:30.949  3960  1228 W Conscrypt: Could not set socket write timeout: java.net.SocketException: Socket closed
10-31 08:29:30.965  3960  1228 W Conscrypt: 	at com.google.android.gms.org.conscrypt.Platform.setSocketWriteTimeout(:com.google.android.gms@223616019@22.36.16 (040400-476895098):2)
10-31 08:29:30.965  3960  1228 W Conscrypt: 	at com.google.android.gms.org.conscrypt.ConscryptFileDescriptorSocket.setSoWriteTimeout(:com.google.android.gms@223616019@22.36.16 (040400-476895098):0)
10-31 08:29:30.980  3960  2118 W Conscrypt: Could not set socket write timeout: java.net.SocketException: Socket closed
10-31 08:29:30.980  3960  2118 W Conscrypt: 	at com.google.android.gms.org.conscrypt.Platform.setSocketWriteTimeout(:com.google.android.gms@223616019@22.36.16 (040400-476895098):2)
10-31 08:29:30.980  3960  2118 W Conscrypt: 	at com.google.android.gms.org.conscrypt.ConscryptFileDescriptorSocket.setSoWriteTimeout(:com.google.android.gms@223616019@22.36.16 (040400-476895098):0)
10-31 08:29:30.987  3960  1228 W Conscrypt: Could not set socket write timeout: java.net.SocketException: Socket closed
10-31 08:29:30.987  3960  1228 W Conscrypt: 	at com.google.android.gms.org.conscrypt.Platform.setSocketWriteTimeout(:com.google.android.gms@223616019@22.36.16 (040400-476895098):2)
10-31 08:29:30.987  3960  1228 W Conscrypt: 	at com.google.android.gms.org.conscrypt.ConscryptFileDescriptorSocket.setSoWriteTimeout(:com.google.android.gms@223616019@22.36.16 (040400-476895098):0)
10-31 08:29:31.004  3960  2118 W Conscrypt: Could not set socket write timeout: java.net.SocketException: Socket closed
10-31 08:29:31.004  3960  2118 W Conscrypt: 	at com.google.android.gms.org.conscrypt.Platform.setSocketWriteTimeout(:com.google.android.gms@223616019@22.36.16 (040400-476895098):2)
10-31 08:29:31.004  3960  2118 W Conscrypt: 	at com.google.android.gms.org.conscrypt.ConscryptFileDescriptorSocket.setSoWriteTimeout(:com.google.android.gms@223616019@22.36.16 (040400-476895098):0)
10-31 08:29:32.527  3960  1228 I NetworkScheduler.Stats: Task com.google.android.gms/com.google.android.gms.auth.account.be.accountstate.GcmTaskService started execution. cause:1 exec_start_elapsed_seconds: 1077426 [CONTEXT service_id=218 ]
10-31 08:29:32.567  3960  1228 I NetworkScheduler.Stats: Task com.google.android.gms/com.google.android.gms.auth.account.be.accountstate.GcmTaskService finished executing. cause:1 result: 1 elapsed_millis: 69 uptime_millis: 69 exec_start_elapsed_seconds: 1077426 [CONTEXT service_id=218 ]
10-31 08:29:32.579  3960  1228 I NetworkScheduler.Stats: Task com.google.android.gms/com.google.android.gms.clearcut.uploader.QosUploaderService started execution. cause:1 exec_start_elapsed_seconds: 1077426 [CONTEXT service_id=218 ]
10-31 08:29:32.620  3960 31648 I NetworkScheduler.Stats: Task com.google.android.gms/com.google.android.gms.clearcut.uploader.QosUploaderService started execution. cause:5 exec_start_elapsed_seconds: 1077426 [CONTEXT service_id=218 ]
10-31 08:29:32.706  3960 31226 I NetworkScheduler.Stats: Task com.google.android.gms/com.google.android.gms.clearcut.uploader.QosUploaderService finished executing. cause:1 result: 1 elapsed_millis: 167 uptime_millis: 167 exec_start_elapsed_seconds: 1077426 [CONTEXT service_id=218 ]
10-31 08:29:33.481  3960  1228 I NetworkScheduler.Stats: Task com.google.android.gms/com.google.android.gms.clearcut.uploader.QosUploaderService finished executing. cause:5 result: 1 elapsed_millis: 873 uptime_millis: 873 exec_start_elapsed_seconds: 1077426 [CONTEXT service_id=218 ]
10-31 08:29:40.524   772   781 I zygote64: Background concurrent copying GC freed 74968(4MB) AllocSpace objects, 116(3MB) LOS objects, 42% free, 16MB/28MB, paused 1.068ms total 103.015ms
10-31 08:29:40.948 13542 13542 D BoundBrokerSvc: onUnbind: Intent { act=com.google.android.gms.measurement.START pkg=com.google.android.gms }
10-31 08:29:52.438   992   992 I cr_media: Create MediaDrmBridge with level L3 and origin 60E59B0DA69881EA27125756DF608C19
10-31 08:29:52.452   361   361 W /system/bin/hwservicemanager: getTransportFromManifest: Cannot find entry android.hardware.drm@1.0::IDrmFactory in either framework or device manifest, using default transport.
10-31 08:29:52.487   562  5487 I DrmHal  : makeDrmFactories: using default drm instance
10-31 08:29:52.495   361   361 W /system/bin/hwservicemanager: getTransportFromManifest: Cannot find entry android.hardware.drm@1.0::IDrmFactory in either framework or device manifest, using default transport.
10-31 08:29:52.575   562   644 I DrmHal  : makeDrmFactories: using default drm instance
10-31 08:29:52.575   562 28303 D WVCdm   : Instantiating CDM.
10-31 08:29:52.582   562 19051 I WVCdm   : CdmEngine::QueryStatus
10-31 08:29:52.583   562 19051 I WVCdm   : Level3 Library 4445 May 19 2017 17:17:20
10-31 08:29:52.588   562 19051 D QSEECOMAPI: : QSEECom_get_handle sb_length = 0x19000
10-31 08:29:52.589   562 19051 D QSEECOMAPI: : App is not loaded in QSEE
10-31 08:29:52.659   562 19051 D QSEECOMAPI: : Loaded image: APP id = 1790
10-31 08:29:52.665   562 19051 D QSAPPSVER: qsapps_get_capabilities: Capability from secure side: 0x0
10-31 08:29:52.665   562 19051 D QSAPPSVER: qsapps_get_capabilities: returns 0
10-31 08:29:52.665   562 19051 E DrmWidevineDash: sion_buffer g_wv_fhandle->ion_sbuffer  0x0xef75d000
10-31 08:29:52.669   372   376 D DrmLibTime: got the req here! ret=0
10-31 08:29:52.669   372   376 D DrmLibTime: command id, time_cmd_id = 770
10-31 08:29:52.669   372   376 D DrmLibTime: time_getutcsec starts!
10-31 08:29:52.669   372   376 D DrmLibTime: QSEE Time Listener: time_getutcsec
10-31 08:29:52.669   372   376 D DrmLibTime: QSEE Time Listener: get_utc_seconds
10-31 08:29:52.669   372   376 D DrmLibTime: QSEE Time Listener: time_get_modem_time
10-31 08:29:52.669   372   376 D DrmLibTime: QSEE Time Listener: Checking if ATS_MODEM is set or not.
10-31 08:29:52.670   372   376 D QC-time-services: Lib:time_genoff_operation: pargs->base = 13
10-31 08:29:52.670   372   376 D QC-time-services: Lib:time_genoff_operation: pargs->operation = 2
10-31 08:29:52.670   372   376 D QC-time-services: Lib:time_genoff_operation: pargs->ts_val = 0
10-31 08:29:52.670   372   376 D QC-time-services: Lib:time_genoff_operation: Send to server  passed!!
10-31 08:29:52.670   625   647 D QC-time-services: Daemon: Connection accepted:time_genoff
10-31 08:29:52.670   625  2158 D QC-time-services: Daemon:Received base = 13, unit = 1, operation = 2,value = 0
10-31 08:29:52.670   625  2158 D QC-time-services: Daemon:genoff_opr: Base = 13, val = 0, operation = 2
10-31 08:29:52.670   625  2158 D QC-time-services: offset is: 0 for base: 13
10-31 08:29:52.671   372   376 E QC-time-services: Receive Passed == base = 13, unit = 1, operation = 2, result = 0
10-31 08:29:52.671   372   376 D DrmLibTime: QSEE Time Listener: ATS_MODEM is not set. Fallback to Android system time.
10-31 08:29:52.671   372   376 D DrmLibTime: QSEE Time Listener: Retrieved Android system time: 1667201392
10-31 08:29:52.671   372   376 D DrmLibTime: time_getutcsec returns 0, sec = 1667201392; nsec = 0
10-31 08:29:52.671   372   376 D DrmLibTime: time_getutcsec finished! 
10-31 08:29:52.671   372   376 D DrmLibTime: iotcl_continue_command finished! and return 0 
10-31 08:29:52.671   372   376 D DrmLibTime: before calling ioctl to read the next time_cmd
10-31 08:29:52.671   625   647 E QC-time-services: Daemon: Time-services: Waiting to acceptconnection
10-31 08:29:52.707   562 19051 D WVCdm   : OEMCrypto_Initialize Level 1 success. I will use level 1.
10-31 08:29:52.708   562 19051 D QSEECOMAPI: : QSEECom_dealloc_memory 
10-31 08:29:52.708   562 19051 D QSEECOMAPI: : QSEECom_shutdown_app, app_id = 1790
10-31 08:29:52.716   562  5487 I WVCdm   : CdmEngine::OpenSession
10-31 08:29:52.716   562  5487 I WVCdm   : Level3 Library 4445 May 19 2017 17:17:20
10-31 08:29:52.719   562  5487 D QSEECOMAPI: : QSEECom_get_handle sb_length = 0x19000
10-31 08:29:52.719   562  5487 D QSEECOMAPI: : App is not loaded in QSEE
10-31 08:29:52.766   562  5487 D QSEECOMAPI: : Loaded image: APP id = 1791
10-31 08:29:52.769   562  5487 D QSAPPSVER: qsapps_get_capabilities: Capability from secure side: 0x0
10-31 08:29:52.769   562  5487 D QSAPPSVER: qsapps_get_capabilities: returns 0
10-31 08:29:52.769   562  5487 E DrmWidevineDash: sion_buffer g_wv_fhandle->ion_sbuffer  0x0xef75d000
10-31 08:29:52.772   372   376 D DrmLibTime: got the req here! ret=0
10-31 08:29:52.772   372   376 D DrmLibTime: command id, time_cmd_id = 770
10-31 08:29:52.772   372   376 D DrmLibTime: time_getutcsec starts!
10-31 08:29:52.772   372   376 D DrmLibTime: QSEE Time Listener: time_getutcsec
10-31 08:29:52.772   372   376 D DrmLibTime: QSEE Time Listener: get_utc_seconds
10-31 08:29:52.772   372   376 D DrmLibTime: QSEE Time Listener: time_get_modem_time
10-31 08:29:52.772   372   376 D DrmLibTime: QSEE Time Listener: Checking if ATS_MODEM is set or not.
10-31 08:29:52.772   372   376 D QC-time-services: Lib:time_genoff_operation: pargs->base = 13
10-31 08:29:52.772   372   376 D QC-time-services: Lib:time_genoff_operation: pargs->operation = 2
10-31 08:29:52.772   372   376 D QC-time-services: Lib:time_genoff_operation: pargs->ts_val = 0
10-31 08:29:52.772   372   376 D QC-time-services: Lib:time_genoff_operation: Send to server  passed!!
10-31 08:29:52.772   625   647 D QC-time-services: Daemon: Connection accepted:time_genoff
10-31 08:29:52.773   625  2159 D QC-time-services: Daemon:Received base = 13, unit = 1, operation = 2,value = 0
10-31 08:29:52.773   625  2159 D QC-time-services: Daemon:genoff_opr: Base = 13, val = 0, operation = 2
10-31 08:29:52.773   625  2159 D QC-time-services: offset is: 0 for base: 13
10-31 08:29:52.773   372   376 E QC-time-services: Receive Passed == base = 13, unit = 1, operation = 2, result = 0
10-31 08:29:52.773   372   376 D DrmLibTime: QSEE Time Listener: ATS_MODEM is not set. Fallback to Android system time.
10-31 08:29:52.773   372   376 D DrmLibTime: QSEE Time Listener: Retrieved Android system time: 1667201392
10-31 08:29:52.773   372   376 D DrmLibTime: time_getutcsec returns 0, sec = 1667201392; nsec = 0
10-31 08:29:52.773   372   376 D DrmLibTime: time_getutcsec finished! 
10-31 08:29:52.773   372   376 D DrmLibTime: iotcl_continue_command finished! and return 0 
10-31 08:29:52.773   372   376 D DrmLibTime: before calling ioctl to read the next time_cmd
10-31 08:29:52.773   625   647 E QC-time-services: Daemon: Time-services: Waiting to acceptconnection
10-31 08:29:52.810   562  5487 D WVCdm   : OEMCrypto_Initialize Level 1 success. I will use level 1.
10-31 08:29:52.810   562  5487 D WVCdm   : CryptoSession::Open: Lock: requested_security_level: L3
10-31 08:29:52.817   562  5487 W WVCdm   : DeviceFiles::RetrieveHashedFile: /data/mediadrm/IDM1013/L3/cert.bin does not exist
10-31 08:29:52.818   562  5487 D QSEECOMAPI: : QSEECom_dealloc_memory 
10-31 08:29:52.818   562  5487 D QSEECOMAPI: : QSEECom_shutdown_app, app_id = 1791
10-31 08:29:52.827   562 19050 I WVCdm   : Level3 Library 4445 May 19 2017 17:17:20
10-31 08:29:52.831   562 19050 D QSEECOMAPI: : QSEECom_get_handle sb_length = 0x19000
10-31 08:29:52.832   562 19050 D QSEECOMAPI: : App is not loaded in QSEE
10-31 08:29:52.890   562 19050 D QSEECOMAPI: : Loaded image: APP id = 1792
10-31 08:29:52.895   562 19050 D QSAPPSVER: qsapps_get_capabilities: Capability from secure side: 0x0
10-31 08:29:52.895   562 19050 D QSAPPSVER: qsapps_get_capabilities: returns 0
10-31 08:29:52.895   562 19050 E DrmWidevineDash: sion_buffer g_wv_fhandle->ion_sbuffer  0x0xef75d000
10-31 08:29:52.898   372   376 D DrmLibTime: got the req here! ret=0
10-31 08:29:52.898   372   376 D DrmLibTime: command id, time_cmd_id = 770
10-31 08:29:52.898   372   376 D DrmLibTime: time_getutcsec starts!
10-31 08:29:52.898   372   376 D DrmLibTime: QSEE Time Listener: time_getutcsec
10-31 08:29:52.898   372   376 D DrmLibTime: QSEE Time Listener: get_utc_seconds
10-31 08:29:52.898   372   376 D DrmLibTime: QSEE Time Listener: time_get_modem_time
10-31 08:29:52.898   372   376 D DrmLibTime: QSEE Time Listener: Checking if ATS_MODEM is set or not.
10-31 08:29:52.898   372   376 D QC-time-services: Lib:time_genoff_operation: pargs->base = 13
10-31 08:29:52.898   372   376 D QC-time-services: Lib:time_genoff_operation: pargs->operation = 2
10-31 08:29:52.898   372   376 D QC-time-services: Lib:time_genoff_operation: pargs->ts_val = 0
10-31 08:29:52.898   372   376 D QC-time-services: Lib:time_genoff_operation: Send to server  passed!!
10-31 08:29:52.899   625   647 D QC-time-services: Daemon: Connection accepted:time_genoff
10-31 08:29:52.899   625  2160 D QC-time-services: Daemon:Received base = 13, unit = 1, operation = 2,value = 0
10-31 08:29:52.899   625  2160 D QC-time-services: Daemon:genoff_opr: Base = 13, val = 0, operation = 2
10-31 08:29:52.899   625  2160 D QC-time-services: offset is: 0 for base: 13
10-31 08:29:52.899   372   376 E QC-time-services: Receive Passed == base = 13, unit = 1, operation = 2, result = 0
10-31 08:29:52.899   372   376 D DrmLibTime: QSEE Time Listener: ATS_MODEM is not set. Fallback to Android system time.
10-31 08:29:52.899   372   376 D DrmLibTime: QSEE Time Listener: Retrieved Android system time: 1667201392
10-31 08:29:52.899   372   376 D DrmLibTime: time_getutcsec returns 0, sec = 1667201392; nsec = 0
10-31 08:29:52.899   372   376 D DrmLibTime: time_getutcsec finished! 
10-31 08:29:52.899   372   376 D DrmLibTime: iotcl_continue_command finished! and return 0 
10-31 08:29:52.899   372   376 D DrmLibTime: before calling ioctl to read the next time_cmd
10-31 08:29:52.899   625   647 E QC-time-services: Daemon: Time-services: Waiting to acceptconnection
10-31 08:29:52.927   562 19050 D WVCdm   : OEMCrypto_Initialize Level 1 success. I will use level 1.
10-31 08:29:52.927   562 19050 D WVCdm   : CryptoSession::Open: Lock: requested_security_level: L3
10-31 08:29:52.941   992   992 I cr_media: Provisioning origin ID 60E59B0DA69881EA27125756DF608C19
10-31 08:29:52.948   992   992 I MediaDrm: Drm event (1,0)
10-31 08:29:52.948   992   992 E cr_media: EventListener: No session for event 1.
10-31 08:29:53.377   562   562 D QSEECOMAPI: : QSEECom_dealloc_memory 
10-31 08:29:53.377   562   562 D QSEECOMAPI: : QSEECom_shutdown_app, app_id = 1792
10-31 08:29:53.389   992   992 I cr_media: Create MediaDrmBridge with level L1 and origin 60E59B0DA69881EA27125756DF608C19
10-31 08:29:53.391   361   361 W /system/bin/hwservicemanager: getTransportFromManifest: Cannot find entry android.hardware.drm@1.0::IDrmFactory in either framework or device manifest, using default transport.
10-31 08:29:53.393   562   644 I DrmHal  : makeDrmFactories: using default drm instance
10-31 08:29:53.395   361   361 W /system/bin/hwservicemanager: getTransportFromManifest: Cannot find entry android.hardware.drm@1.0::IDrmFactory in either framework or device manifest, using default transport.
10-31 08:29:53.398   562   644 I DrmHal  : makeDrmFactories: using default drm instance
10-31 08:29:53.399   562 28303 I WVCdm   : CdmEngine::QueryStatus
10-31 08:29:53.400   562 28303 I WVCdm   : Level3 Library 4445 May 19 2017 17:17:20
10-31 08:29:53.403   562 28303 D QSEECOMAPI: : QSEECom_get_handle sb_length = 0x19000
10-31 08:29:53.403   562 28303 D QSEECOMAPI: : App is not loaded in QSEE
10-31 08:29:53.450   562 28303 D QSEECOMAPI: : Loaded image: APP id = 1793
10-31 08:29:53.452   562 28303 D QSAPPSVER: qsapps_get_capabilities: Capability from secure side: 0x0
10-31 08:29:53.452   562 28303 D QSAPPSVER: qsapps_get_capabilities: returns 0
10-31 08:29:53.452   562 28303 E DrmWidevineDash: sion_buffer g_wv_fhandle->ion_sbuffer  0x0xef749000
10-31 08:29:53.455   372   376 D DrmLibTime: got the req here! ret=0
10-31 08:29:53.455   372   376 D DrmLibTime: command id, time_cmd_id = 770
10-31 08:29:53.455   372   376 D DrmLibTime: time_getutcsec starts!
10-31 08:29:53.455   372   376 D DrmLibTime: QSEE Time Listener: time_getutcsec
10-31 08:29:53.455   372   376 D DrmLibTime: QSEE Time Listener: get_utc_seconds
10-31 08:29:53.455   372   376 D DrmLibTime: QSEE Time Listener: time_get_modem_time
10-31 08:29:53.455   372   376 D DrmLibTime: QSEE Time Listener: Checking if ATS_MODEM is set or not.
10-31 08:29:53.455   372   376 D QC-time-services: Lib:time_genoff_operation: pargs->base = 13
10-31 08:29:53.455   372   376 D QC-time-services: Lib:time_genoff_operation: pargs->operation = 2
10-31 08:29:53.455   372   376 D QC-time-services: Lib:time_genoff_operation: pargs->ts_val = 0
10-31 08:29:53.456   372   376 D QC-time-services: Lib:time_genoff_operation: Send to server  passed!!
10-31 08:29:53.456   625   647 D QC-time-services: Daemon: Connection accepted:time_genoff
10-31 08:29:53.456   625  2167 D QC-time-services: Daemon:Received base = 13, unit = 1, operation = 2,value = 0
10-31 08:29:53.456   625  2167 D QC-time-services: Daemon:genoff_opr: Base = 13, val = 0, operation = 2
10-31 08:29:53.456   625  2167 D QC-time-services: offset is: 0 for base: 13
10-31 08:29:53.456   372   376 E QC-time-services: Receive Passed == base = 13, unit = 1, operation = 2, result = 0
10-31 08:29:53.456   372   376 D DrmLibTime: QSEE Time Listener: ATS_MODEM is not set. Fallback to Android system time.
10-31 08:29:53.456   372   376 D DrmLibTime: QSEE Time Listener: Retrieved Android system time: 1667201393
10-31 08:29:53.456   372   376 D DrmLibTime: time_getutcsec returns 0, sec = 1667201393; nsec = 0
10-31 08:29:53.456   372   376 D DrmLibTime: time_getutcsec finished! 
10-31 08:29:53.456   372   376 D DrmLibTime: iotcl_continue_command finished! and return 0 
10-31 08:29:53.456   372   376 D DrmLibTime: before calling ioctl to read the next time_cmd
10-31 08:29:53.457   625   647 E QC-time-services: Daemon: Time-services: Waiting to acceptconnection
10-31 08:29:53.493   562 28303 D WVCdm   : OEMCrypto_Initialize Level 1 success. I will use level 1.
10-31 08:29:53.494   562 28303 D QSEECOMAPI: : QSEECom_dealloc_memory 
10-31 08:29:53.494   562 28303 D QSEECOMAPI: : QSEECom_shutdown_app, app_id = 1793
10-31 08:29:53.502   562  5487 I WVCdm   : CdmEngine::OpenSession
10-31 08:29:53.502   562  5487 I WVCdm   : Level3 Library 4445 May 19 2017 17:17:20
10-31 08:29:53.516   562  5487 D QSEECOMAPI: : QSEECom_get_handle sb_length = 0x19000
10-31 08:29:53.516   562  5487 D QSEECOMAPI: : App is not loaded in QSEE
10-31 08:29:53.579   562  5487 D QSEECOMAPI: : Loaded image: APP id = 1794
10-31 08:29:53.584   562  5487 D QSAPPSVER: qsapps_get_capabilities: Capability from secure side: 0x0
10-31 08:29:53.584   562  5487 D QSAPPSVER: qsapps_get_capabilities: returns 0
10-31 08:29:53.584   562  5487 E DrmWidevineDash: sion_buffer g_wv_fhandle->ion_sbuffer  0x0xef749000
10-31 08:29:53.587   372   376 D DrmLibTime: got the req here! ret=0
10-31 08:29:53.587   372   376 D DrmLibTime: command id, time_cmd_id = 770
10-31 08:29:53.587   372   376 D DrmLibTime: time_getutcsec starts!
10-31 08:29:53.587   372   376 D DrmLibTime: QSEE Time Listener: time_getutcsec
10-31 08:29:53.587   372   376 D DrmLibTime: QSEE Time Listener: get_utc_seconds
10-31 08:29:53.587   372   376 D DrmLibTime: QSEE Time Listener: time_get_modem_time
10-31 08:29:53.587   372   376 D DrmLibTime: QSEE Time Listener: Checking if ATS_MODEM is set or not.
10-31 08:29:53.587   372   376 D QC-time-services: Lib:time_genoff_operation: pargs->base = 13
10-31 08:29:53.587   372   376 D QC-time-services: Lib:time_genoff_operation: pargs->operation = 2
10-31 08:29:53.587   372   376 D QC-time-services: Lib:time_genoff_operation: pargs->ts_val = 0
10-31 08:29:53.587   372   376 D QC-time-services: Lib:time_genoff_operation: Send to server  passed!!
10-31 08:29:53.587   625   647 D QC-time-services: Daemon: Connection accepted:time_genoff
10-31 08:29:53.588   625  2168 D QC-time-services: Daemon:Received base = 13, unit = 1, operation = 2,value = 0
10-31 08:29:53.588   625  2168 D QC-time-services: Daemon:genoff_opr: Base = 13, val = 0, operation = 2
10-31 08:29:53.588   625  2168 D QC-time-services: offset is: 0 for base: 13
10-31 08:29:53.588   372   376 E QC-time-services: Receive Passed == base = 13, unit = 1, operation = 2, result = 0
10-31 08:29:53.588   372   376 D DrmLibTime: QSEE Time Listener: ATS_MODEM is not set. Fallback to Android system time.
10-31 08:29:53.588   372   376 D DrmLibTime: QSEE Time Listener: Retrieved Android system time: 1667201393
10-31 08:29:53.588   372   376 D DrmLibTime: time_getutcsec returns 0, sec = 1667201393; nsec = 0
10-31 08:29:53.588   372   376 D DrmLibTime: time_getutcsec finished! 
10-31 08:29:53.588   372   376 D DrmLibTime: iotcl_continue_command finished! and return 0 
10-31 08:29:53.588   372   376 D DrmLibTime: before calling ioctl to read the next time_cmd
10-31 08:29:53.588   625   647 E QC-time-services: Daemon: Time-services: Waiting to acceptconnection
10-31 08:29:53.614   562  5487 D WVCdm   : OEMCrypto_Initialize Level 1 success. I will use level 1.
10-31 08:29:53.614   562  5487 D WVCdm   : CryptoSession::Open: Lock: requested_security_level: Default
10-31 08:29:53.617   562  5487 W WVCdm   : DeviceFiles::RetrieveHashedFile: /data/mediadrm/IDM1013/L1/cert.bin does not exist
10-31 08:29:53.618   562  5487 D QSEECOMAPI: : QSEECom_dealloc_memory 
10-31 08:29:53.618   562  5487 D QSEECOMAPI: : QSEECom_shutdown_app, app_id = 1794
10-31 08:29:53.638   562   562 I WVCdm   : Level3 Library 4445 May 19 2017 17:17:20
10-31 08:29:53.653   562   562 D QSEECOMAPI: : QSEECom_get_handle sb_length = 0x19000
10-31 08:29:53.653   562   562 D QSEECOMAPI: : App is not loaded in QSEE
10-31 08:29:53.701   562   562 D QSEECOMAPI: : Loaded image: APP id = 1795
10-31 08:29:53.705   562   562 D QSAPPSVER: qsapps_get_capabilities: Capability from secure side: 0x0
10-31 08:29:53.705   562   562 D QSAPPSVER: qsapps_get_capabilities: returns 0
10-31 08:29:53.705   562   562 E DrmWidevineDash: sion_buffer g_wv_fhandle->ion_sbuffer  0x0xefa8d000
10-31 08:29:53.707   372   376 D DrmLibTime: got the req here! ret=0
10-31 08:29:53.708   372   376 D DrmLibTime: command id, time_cmd_id = 770
10-31 08:29:53.708   372   376 D DrmLibTime: time_getutcsec starts!
10-31 08:29:53.708   372   376 D DrmLibTime: QSEE Time Listener: time_getutcsec
10-31 08:29:53.708   372   376 D DrmLibTime: QSEE Time Listener: get_utc_seconds
10-31 08:29:53.708   372   376 D DrmLibTime: QSEE Time Listener: time_get_modem_time
10-31 08:29:53.708   372   376 D DrmLibTime: QSEE Time Listener: Checking if ATS_MODEM is set or not.
10-31 08:29:53.708   372   376 D QC-time-services: Lib:time_genoff_operation: pargs->base = 13
10-31 08:29:53.708   372   376 D QC-time-services: Lib:time_genoff_operation: pargs->operation = 2
10-31 08:29:53.708   372   376 D QC-time-services: Lib:time_genoff_operation: pargs->ts_val = 0
10-31 08:29:53.708   372   376 D QC-time-services: Lib:time_genoff_operation: Send to server  passed!!
10-31 08:29:53.708   625   647 D QC-time-services: Daemon: Connection accepted:time_genoff
10-31 08:29:53.708   625  2169 D QC-time-services: Daemon:Received base = 13, unit = 1, operation = 2,value = 0
10-31 08:29:53.708   625  2169 D QC-time-services: Daemon:genoff_opr: Base = 13, val = 0, operation = 2
10-31 08:29:53.708   625  2169 D QC-time-services: offset is: 0 for base: 13
10-31 08:29:53.708   372   376 E QC-time-services: Receive Passed == base = 13, unit = 1, operation = 2, result = 0
10-31 08:29:53.708   372   376 D DrmLibTime: QSEE Time Listener: ATS_MODEM is not set. Fallback to Android system time.
10-31 08:29:53.708   372   376 D DrmLibTime: QSEE Time Listener: Retrieved Android system time: 1667201393
10-31 08:29:53.708   372   376 D DrmLibTime: time_getutcsec returns 0, sec = 1667201393; nsec = 0
10-31 08:29:53.708   372   376 D DrmLibTime: time_getutcsec finished! 
10-31 08:29:53.708   372   376 D DrmLibTime: iotcl_continue_command finished! and return 0 
10-31 08:29:53.708   372   376 D DrmLibTime: before calling ioctl to read the next time_cmd
10-31 08:29:53.709   625   647 E QC-time-services: Daemon: Time-services: Waiting to acceptconnection
10-31 08:29:53.733   562   562 D WVCdm   : OEMCrypto_Initialize Level 1 success. I will use level 1.
10-31 08:29:53.733   562   562 D WVCdm   : CryptoSession::Open: Lock: requested_security_level: Default
10-31 08:29:53.803   562   562 E DrmWidevineDash: OEMCrypto_GenerateSignature : input wrapped_rsa_key == NULL!, return short buffer
10-31 08:29:53.805   992   992 I cr_media: Provisioning origin ID 60E59B0DA69881EA27125756DF608C19
10-31 08:29:53.822   992   992 I MediaDrm: Drm event (1,0)
10-31 08:29:53.823   992   992 E cr_media: EventListener: No session for event 1.
10-31 08:29:53.840   562 19051 E DrmWidevineDash: OEMCrypto_RewrapDeviceRSAKey : input wrapped_rsa_key == NULL!, return short buffer
10-31 08:29:53.854   562 19051 D QSEECOMAPI: : QSEECom_dealloc_memory 
10-31 08:29:53.854   562 19051 D QSEECOMAPI: : QSEECom_shutdown_app, app_id = 1795
10-31 08:29:53.865   992   992 I cr_media: Create MediaDrmBridge with level L3 and origin 18626767ADBA6FDBCC20122F6FB26EFA
10-31 08:29:53.867   361   361 W /system/bin/hwservicemanager: getTransportFromManifest: Cannot find entry android.hardware.drm@1.0::IDrmFactory in either framework or device manifest, using default transport.
10-31 08:29:53.915   562 28303 I DrmHal  : makeDrmFactories: using default drm instance
10-31 08:29:53.917   361   361 W /system/bin/hwservicemanager: getTransportFromManifest: Cannot find entry android.hardware.drm@1.0::IDrmFactory in either framework or device manifest, using default transport.
10-31 08:29:53.966   562 19051 I DrmHal  : makeDrmFactories: using default drm instance
10-31 08:29:53.967   562   562 D WVCdm   : Instantiating CDM.
10-31 08:29:53.969   562   562 I WVCdm   : CdmEngine::QueryStatus
10-31 08:29:53.969   562   562 I WVCdm   : Level3 Library 4445 May 19 2017 17:17:20
10-31 08:29:53.974   562   562 D QSEECOMAPI: : QSEECom_get_handle sb_length = 0x19000
10-31 08:29:53.974   562   562 D QSEECOMAPI: : App is not loaded in QSEE
10-31 08:29:54.024   562   562 D QSEECOMAPI: : Loaded image: APP id = 1796
10-31 08:29:54.028   562   562 D QSAPPSVER: qsapps_get_capabilities: Capability from secure side: 0x0
10-31 08:29:54.028   562   562 D QSAPPSVER: qsapps_get_capabilities: returns 0
10-31 08:29:54.028   562   562 E DrmWidevineDash: sion_buffer g_wv_fhandle->ion_sbuffer  0x0xef75d000
10-31 08:29:54.032   372   376 D DrmLibTime: got the req here! ret=0
10-31 08:29:54.032   372   376 D DrmLibTime: command id, time_cmd_id = 770
10-31 08:29:54.032   372   376 D DrmLibTime: time_getutcsec starts!
10-31 08:29:54.032   372   376 D DrmLibTime: QSEE Time Listener: time_getutcsec
10-31 08:29:54.032   372   376 D DrmLibTime: QSEE Time Listener: get_utc_seconds
10-31 08:29:54.032   372   376 D DrmLibTime: QSEE Time Listener: time_get_modem_time
10-31 08:29:54.032   372   376 D DrmLibTime: QSEE Time Listener: Checking if ATS_MODEM is set or not.
10-31 08:29:54.032   372   376 D QC-time-services: Lib:time_genoff_operation: pargs->base = 13
10-31 08:29:54.032   372   376 D QC-time-services: Lib:time_genoff_operation: pargs->operation = 2
10-31 08:29:54.032   372   376 D QC-time-services: Lib:time_genoff_operation: pargs->ts_val = 0
10-31 08:29:54.032   372   376 D QC-time-services: Lib:time_genoff_operation: Send to server  passed!!
10-31 08:29:54.032   625   647 D QC-time-services: Daemon: Connection accepted:time_genoff
10-31 08:29:54.033   625  2174 D QC-time-services: Daemon:Received base = 13, unit = 1, operation = 2,value = 0
10-31 08:29:54.033   625  2174 D QC-time-services: Daemon:genoff_opr: Base = 13, val = 0, operation = 2
10-31 08:29:54.033   625  2174 D QC-time-services: offset is: 0 for base: 13
10-31 08:29:54.033   372   376 E QC-time-services: Receive Passed == base = 13, unit = 1, operation = 2, result = 0
10-31 08:29:54.033   372   376 D DrmLibTime: QSEE Time Listener: ATS_MODEM is not set. Fallback to Android system time.
10-31 08:29:54.033   372   376 D DrmLibTime: QSEE Time Listener: Retrieved Android system time: 1667201394
10-31 08:29:54.033   372   376 D DrmLibTime: time_getutcsec returns 0, sec = 1667201394; nsec = 0
10-31 08:29:54.033   372   376 D DrmLibTime: time_getutcsec finished! 
10-31 08:29:54.033   372   376 D DrmLibTime: iotcl_continue_command finished! and return 0 
10-31 08:29:54.033   372   376 D DrmLibTime: before calling ioctl to read the next time_cmd
10-31 08:29:54.033   625   647 E QC-time-services: Daemon: Time-services: Waiting to acceptconnection
10-31 08:29:54.059   562   562 D WVCdm   : OEMCrypto_Initialize Level 1 success. I will use level 1.
10-31 08:29:54.060   562   562 D QSEECOMAPI: : QSEECom_dealloc_memory 
10-31 08:29:54.060   562   562 D QSEECOMAPI: : QSEECom_shutdown_app, app_id = 1796
10-31 08:29:54.070   562 28303 I WVCdm   : CdmEngine::OpenSession
10-31 08:29:54.070   562 28303 I WVCdm   : Level3 Library 4445 May 19 2017 17:17:20
10-31 08:29:54.074   562 28303 D QSEECOMAPI: : QSEECom_get_handle sb_length = 0x19000
10-31 08:29:54.074   562 28303 D QSEECOMAPI: : App is not loaded in QSEE
10-31 08:29:54.126   562 28303 D QSEECOMAPI: : Loaded image: APP id = 1797
10-31 08:29:54.130   562 28303 D QSAPPSVER: qsapps_get_capabilities: Capability from secure side: 0x0
10-31 08:29:54.130   562 28303 D QSAPPSVER: qsapps_get_capabilities: returns 0
10-31 08:29:54.130   562 28303 E DrmWidevineDash: sion_buffer g_wv_fhandle->ion_sbuffer  0x0xef75d000
10-31 08:29:54.133   372   376 D DrmLibTime: got the req here! ret=0
10-31 08:29:54.133   372   376 D DrmLibTime: command id, time_cmd_id = 770
10-31 08:29:54.133   372   376 D DrmLibTime: time_getutcsec starts!
10-31 08:29:54.133   372   376 D DrmLibTime: QSEE Time Listener: time_getutcsec
10-31 08:29:54.133   372   376 D DrmLibTime: QSEE Time Listener: get_utc_seconds
10-31 08:29:54.133   372   376 D DrmLibTime: QSEE Time Listener: time_get_modem_time
10-31 08:29:54.133   372   376 D DrmLibTime: QSEE Time Listener: Checking if ATS_MODEM is set or not.
10-31 08:29:54.133   372   376 D QC-time-services: Lib:time_genoff_operation: pargs->base = 13
10-31 08:29:54.133   372   376 D QC-time-services: Lib:time_genoff_operation: pargs->operation = 2
10-31 08:29:54.133   372   376 D QC-time-services: Lib:time_genoff_operation: pargs->ts_val = 0
10-31 08:29:54.133   372   376 D QC-time-services: Lib:time_genoff_operation: Send to server  passed!!
10-31 08:29:54.133   625   647 D QC-time-services: Daemon: Connection accepted:time_genoff
10-31 08:29:54.134   625  2175 D QC-time-services: Daemon:Received base = 13, unit = 1, operation = 2,value = 0
10-31 08:29:54.134   625  2175 D QC-time-services: Daemon:genoff_opr: Base = 13, val = 0, operation = 2
10-31 08:29:54.134   625  2175 D QC-time-services: offset is: 0 for base: 13
10-31 08:29:54.134   372   376 E QC-time-services: Receive Passed == base = 13, unit = 1, operation = 2, result = 0
10-31 08:29:54.134   372   376 D DrmLibTime: QSEE Time Listener: ATS_MODEM is not set. Fallback to Android system time.
10-31 08:29:54.134   372   376 D DrmLibTime: QSEE Time Listener: Retrieved Android system time: 1667201394
10-31 08:29:54.134   372   376 D DrmLibTime: time_getutcsec returns 0, sec = 1667201394; nsec = 0
10-31 08:29:54.134   372   376 D DrmLibTime: time_getutcsec finished! 
10-31 08:29:54.134   372   376 D DrmLibTime: iotcl_continue_command finished! and return 0 
10-31 08:29:54.134   372   376 D DrmLibTime: before calling ioctl to read the next time_cmd
10-31 08:29:54.134   625   647 E QC-time-services: Daemon: Time-services: Waiting to acceptconnection
10-31 08:29:54.170   562 28303 D WVCdm   : OEMCrypto_Initialize Level 1 success. I will use level 1.
10-31 08:29:54.170   562 28303 D WVCdm   : CryptoSession::Open: Lock: requested_security_level: L3
10-31 08:29:54.177   562 28303 W WVCdm   : DeviceFiles::RetrieveHashedFile: /data/mediadrm/IDM1013/L3/cert.bin does not exist
10-31 08:29:54.178   562 28303 D QSEECOMAPI: : QSEECom_dealloc_memory 
10-31 08:29:54.178   562 28303 D QSEECOMAPI: : QSEECom_shutdown_app, app_id = 1797
10-31 08:29:54.185   562 19051 I WVCdm   : Level3 Library 4445 May 19 2017 17:17:20
10-31 08:29:54.189   562 19051 D QSEECOMAPI: : QSEECom_get_handle sb_length = 0x19000
10-31 08:29:54.189   562 19051 D QSEECOMAPI: : App is not loaded in QSEE
10-31 08:29:54.246   562 19051 D QSEECOMAPI: : Loaded image: APP id = 1798
