10-31 08:29:00.603   772  2970 I ActivityManager: Killing 1309:com.android.chrome:sandboxed_process6/u0a60i750 (adj 0): isolated not needed
10-31 08:29:00.605   772   790 W zygote64: failed to open /acct/uid_99750/pid_1309/cgroup.procs: No such file or directory
10-31 08:29:00.608  1367  1367 E WebViewFactory: can't load with relro file; address space not reserved
10-31 08:29:00.616   992   992 W chromium: [WARNING:compositor_view.cc(342)] Child process died (type=6) pid=1267)
10-31 08:29:00.618  1290  1417 I chromium: [INFO:child_process_service.cc(69)] ChildProcessService: Exiting child process.
10-31 08:29:00.623  1335  1420 I chromium: [INFO:child_process_service.cc(69)] ChildProcessService: Exiting child process.
10-31 08:29:00.630   422   422 E lowmemorykiller: Error writing /proc/1290/oom_score_adj; errno=22
10-31 08:29:00.630   772  3854 I ActivityManager: Killing 1290:com.android.chrome:sandboxed_process5/u0a60i749 (adj 0): isolated not needed
10-31 08:29:00.631   772   790 W zygote64: failed to open /acct/uid_99749/pid_1290/cgroup.procs: No such file or directory
10-31 08:29:00.633   422   422 E lowmemorykiller: Error writing /proc/1335/oom_score_adj; errno=22
10-31 08:29:00.633   772 13022 I ActivityManager: Killing 1335:com.android.chrome:sandboxed_process7/u0a60i751 (adj 0): isolated not needed
10-31 08:29:00.636   772   790 W zygote64: failed to open /acct/uid_99751/pid_1335/cgroup.procs: No such file or directory
10-31 08:29:00.639  1367  1433 I cr_LibraryLoader: Successfully loaded native library
10-31 08:29:00.641  1367  1433 I cr_CachingUmaRecorder: Flushed 3 samples from 3 histograms.
10-31 08:29:00.677   772   781 I zygote64: Background concurrent copying GC freed 36167(2MB) AllocSpace objects, 22(472KB) LOS objects, 42% free, 17MB/30MB, paused 4.536ms total 221.479ms
10-31 08:29:00.716   992  1059 I cr_VrCoreVersionChecker: Unable to find VrCore.
10-31 08:29:00.721   992   992 W ResourceType: Failure getting entry for 0x7f0100f9 (t=0 e=249) (error -75)
10-31 08:29:00.722   992   992 W ResourceType: Failure getting entry for 0x7f010828 (t=0 e=2088) (error -75)
10-31 08:29:00.732   992   992 W ResourceType: Failure getting entry for 0x7f010827 (t=0 e=2087) (error -75)
10-31 08:29:00.748   992   992 W chromium: [WARNING:compositor_view.cc(342)] Child process died (type=6) pid=1335)
10-31 08:29:00.752   992   992 W chromium: [WARNING:compositor_view.cc(342)] Child process died (type=6) pid=1309)
10-31 08:29:00.755   992   992 W chromium: [WARNING:compositor_view.cc(342)] Child process died (type=6) pid=1290)
10-31 08:29:00.760  1348  1418 I chromium: [INFO:child_process_service.cc(69)] ChildProcessService: Exiting child process.
10-31 08:29:00.762  1367  1433 I chromium: [INFO:child_process_service.cc(69)] ChildProcessService: Exiting child process.
10-31 08:29:00.763   772 10895 I ActivityManager: Killing 1348:com.android.chrome:sandboxed_process8/u0a60i752 (adj 0): isolated not needed
10-31 08:29:00.766   422   422 E lowmemorykiller: Error writing /proc/1367/oom_score_adj; errno=22
10-31 08:29:00.767   772 13071 I ActivityManager: Killing 1367:com.android.chrome:sandboxed_process9/u0a60i753 (adj 0): isolated not needed
10-31 08:29:00.767   772   790 W zygote64: failed to open /acct/uid_99752/pid_1348/cgroup.procs: No such file or directory
10-31 08:29:00.767   772   790 W zygote64: failed to open /acct/uid_99753/pid_1367/cgroup.procs: No such file or directory
10-31 08:29:00.798  1471  1471 E /system/bin/webview_zygote32: failed to make and chown /acct/uid_99754: Permission denied
10-31 08:29:00.798  1471  1471 E Zygote  : createProcessGroup(99754, 0) failed: Permission denied
10-31 08:29:00.799   772 10894 I ActivityManager: Start proc 1471:com.android.chrome:sandboxed_process10/u0i754 for webview_service com.android.chrome/org.chromium.content.app.SandboxedProcessService10
10-31 08:29:00.804   992   992 W chromium: [WARNING:compositor_view.cc(342)] Child process died (type=6) pid=1367)
10-31 08:29:00.805   992   992 W chromium: [WARNING:compositor_view.cc(342)] Child process died (type=6) pid=1348)
10-31 08:29:00.807   992   992 I Choreographer: Skipped 52 frames!  The application may be doing too much work on its main thread.
10-31 08:29:00.820  1471  1471 I SamplingProfilerIntegration: Profiling disabled.
10-31 08:29:00.830  1486  1486 E /system/bin/webview_zygote32: failed to make and chown /acct/uid_99755: Permission denied
10-31 08:29:00.830  1486  1486 E Zygote  : createProcessGroup(99755, 0) failed: Permission denied
10-31 08:29:00.832   992   992 W StaticLayout: maxLineHeight should not be -1.  maxLines:1 lineCount:1
10-31 08:29:00.835   772 10893 I ActivityManager: Start proc 1486:com.android.chrome:sandboxed_process11/u0i755 for webview_service com.android.chrome/org.chromium.content.app.SandboxedProcessService11
10-31 08:29:00.848  1486  1486 I SamplingProfilerIntegration: Profiling disabled.
10-31 08:29:00.867  1501  1501 E asset   : setgid: Operation not permitted
10-31 08:29:00.880  1502  1502 E asset   : setgid: Operation not permitted
10-31 08:29:00.896  1471  1471 I cr_SplitCompatApp: Launched version=106.0.5249.79 minSdkVersion=24 isBundle=true processName=com.android.chrome:sandboxed_process10 isIsolated=true
10-31 08:29:00.902  1471  1471 W SystemServiceRegistry: No service published for: uimode
10-31 08:29:00.911  1471  1471 I cr_ChildProcessService: Creating new ChildProcessService pid=1471
10-31 08:29:00.916   772   797 I ActivityManager: Displayed com.android.chrome/com.google.android.apps.chrome.Main: +1s198ms
10-31 08:29:00.918  1486  1486 I cr_SplitCompatApp: Launched version=106.0.5249.79 minSdkVersion=24 isBundle=true processName=com.android.chrome:sandboxed_process11 isIsolated=true
10-31 08:29:00.921  1471  1471 E WebViewFactory: can't load with relro file; address space not reserved
10-31 08:29:00.928  1486  1486 W SystemServiceRegistry: No service published for: uimode
10-31 08:29:00.932  1505  1505 E /system/bin/webview_zygote32: failed to make and chown /acct/uid_99756: Permission denied
10-31 08:29:00.932  1505  1505 E Zygote  : createProcessGroup(99756, 0) failed: Permission denied
10-31 08:29:00.938   772  1327 I ActivityManager: Start proc 1505:com.android.chrome:sandboxed_process12/u0i756 for webview_service com.android.chrome/org.chromium.content.app.SandboxedProcessService12
10-31 08:29:00.938  1486  1486 I cr_ChildProcessService: Creating new ChildProcessService pid=1486
10-31 08:29:00.949  1486  1486 E WebViewFactory: can't load with relro file; address space not reserved
10-31 08:29:00.958  1505  1505 I SamplingProfilerIntegration: Profiling disabled.
10-31 08:29:00.962  1518  1518 E /system/bin/webview_zygote32: failed to make and chown /acct/uid_99757: Permission denied
10-31 08:29:00.962  1518  1518 E Zygote  : createProcessGroup(99757, 0) failed: Permission denied
10-31 08:29:00.965   772   784 I ActivityManager: Start proc 1518:com.android.chrome:sandboxed_process13/u0i757 for webview_service com.android.chrome/org.chromium.content.app.SandboxedProcessService13
10-31 08:29:00.984  1530  1530 E /system/bin/webview_zygote32: failed to make and chown /acct/uid_99758: Permission denied
10-31 08:29:00.985  1530  1530 E Zygote  : createProcessGroup(99758, 0) failed: Permission denied
10-31 08:29:00.987   772  1259 I ActivityManager: Start proc 1530:com.android.chrome:sandboxed_process14/u0i758 for webview_service com.android.chrome/org.chromium.content.app.SandboxedProcessService14
10-31 08:29:01.001  1518  1518 I SamplingProfilerIntegration: Profiling disabled.
10-31 08:29:01.015  1543  1543 E asset   : setgid: Operation not permitted
10-31 08:29:01.017   772   785 I ActivityManager: Start proc 1544:com.android.chrome:sandboxed_process15/u0i759 for webview_service com.android.chrome/org.chromium.content.app.SandboxedProcessService15
10-31 08:29:01.019  1544  1544 E /system/bin/webview_zygote32: failed to make and chown /acct/uid_99759: Permission denied
10-31 08:29:01.019  1544  1544 E Zygote  : createProcessGroup(99759, 0) failed: Permission denied
10-31 08:29:01.021  1530  1530 I SamplingProfilerIntegration: Profiling disabled.
10-31 08:29:01.041  1544  1544 I SamplingProfilerIntegration: Profiling disabled.
10-31 08:29:01.043  1505  1505 I cr_SplitCompatApp: Launched version=106.0.5249.79 minSdkVersion=24 isBundle=true processName=com.android.chrome:sandboxed_process12 isIsolated=true
10-31 08:29:01.056  1505  1505 W SystemServiceRegistry: No service published for: uimode
10-31 08:29:01.057  1471  1504 I cr_LibraryLoader: Successfully loaded native library
10-31 08:29:01.058  1471  1504 I cr_CachingUmaRecorder: Flushed 3 samples from 3 histograms.
10-31 08:29:01.064  1562  1562 E asset   : setgid: Operation not permitted
10-31 08:29:01.068 31791 31791 E WorkerRegistryImpl: getWorker() is called after WorkerRegistry disposal.
10-31 08:29:01.068 31791 31791 E WorkerRegistryImpl: getWorker() is called after WorkerRegistry disposal.
10-31 08:29:01.069  1561  1561 E asset   : setgid: Operation not permitted
10-31 08:29:01.071  1486  1516 I cr_LibraryLoader: Successfully loaded native library
10-31 08:29:01.073  1486  1516 I cr_CachingUmaRecorder: Flushed 3 samples from 3 histograms.
10-31 08:29:01.076  1505  1505 I cr_ChildProcessService: Creating new ChildProcessService pid=1505
10-31 08:29:01.100  1579  1579 E asset   : setgid: Operation not permitted
10-31 08:29:01.104  1580  1580 E /system/bin/webview_zygote32: failed to make and chown /acct/uid_99760: Permission denied
10-31 08:29:01.104  1580  1580 E Zygote  : createProcessGroup(99760, 0) failed: Permission denied
10-31 08:29:01.112  1486  1516 I chromium: [INFO:child_process_service.cc(69)] ChildProcessService: Exiting child process.
10-31 08:29:01.120   772  4539 I ActivityManager: Start proc 1580:com.android.chrome:sandboxed_process16/u0i760 for webview_service com.android.chrome/org.chromium.content.app.SandboxedProcessService16
10-31 08:29:01.122  1471  1504 I chromium: [INFO:child_process_service.cc(69)] ChildProcessService: Exiting child process.
10-31 08:29:01.129  1544  1544 I cr_SplitCompatApp: Launched version=106.0.5249.79 minSdkVersion=24 isBundle=true processName=com.android.chrome:sandboxed_process15 isIsolated=true
10-31 08:29:01.132  1505  1505 E WebViewFactory: can't load with relro file; address space not reserved
10-31 08:29:01.135   422   422 E lowmemorykiller: Error writing /proc/1486/oom_score_adj; errno=22
10-31 08:29:01.136   772   996 I ActivityManager: Killing 1486:com.android.chrome:sandboxed_process11/u0a60i755 (adj 0): isolated not needed
10-31 08:29:01.138   422   422 E lowmemorykiller: Error writing /proc/1471/oom_score_adj; errno=22
10-31 08:29:01.139   772 13022 I ActivityManager: Killing 1471:com.android.chrome:sandboxed_process10/u0a60i754 (adj 0): isolated not needed
10-31 08:29:01.139   772   790 W zygote64: failed to open /acct/uid_99755/pid_1486/cgroup.procs: No such file or directory
10-31 08:29:01.139   772   790 W zygote64: failed to open /acct/uid_99754/pid_1471/cgroup.procs: No such file or directory
10-31 08:29:01.139  1544  1544 W SystemServiceRegistry: No service published for: uimode
10-31 08:29:01.145 31791 31791 I MemoryTrimmer: Trimming objects from memory, since app is in the background.
10-31 08:29:01.146  1544  1544 I cr_ChildProcessService: Creating new ChildProcessService pid=1544
10-31 08:29:01.153  1518  1518 I cr_SplitCompatApp: Launched version=106.0.5249.79 minSdkVersion=24 isBundle=true processName=com.android.chrome:sandboxed_process13 isIsolated=true
10-31 08:29:01.158  1544  1544 E WebViewFactory: can't load with relro file; address space not reserved
10-31 08:29:01.162  1518  1518 W SystemServiceRegistry: No service published for: uimode
10-31 08:29:01.168  1580  1580 I SamplingProfilerIntegration: Profiling disabled.
10-31 08:29:01.169  1505  1570 I cr_LibraryLoader: Successfully loaded native library
10-31 08:29:01.171  1505  1570 I cr_CachingUmaRecorder: Flushed 3 samples from 3 histograms.
10-31 08:29:01.171  1518  1518 I cr_ChildProcessService: Creating new ChildProcessService pid=1518
10-31 08:29:01.174  1530  1530 I cr_SplitCompatApp: Launched version=106.0.5249.79 minSdkVersion=24 isBundle=true processName=com.android.chrome:sandboxed_process14 isIsolated=true
10-31 08:29:01.178  1530  1530 W SystemServiceRegistry: No service published for: uimode
10-31 08:29:01.179  1544  1591 I cr_LibraryLoader: Successfully loaded native library
10-31 08:29:01.180  1544  1591 I cr_CachingUmaRecorder: Flushed 3 samples from 3 histograms.
10-31 08:29:01.183   992   992 W chromium: [WARNING:compositor_view.cc(342)] Child process died (type=6) pid=1486)
10-31 08:29:01.194  1518  1518 E WebViewFactory: can't load with relro file; address space not reserved
10-31 08:29:01.197  1530  1530 I cr_ChildProcessService: Creating new ChildProcessService pid=1530
10-31 08:29:01.204  1518  1596 I cr_LibraryLoader: Successfully loaded native library
10-31 08:29:01.205  1518  1596 I cr_CachingUmaRecorder: Flushed 3 samples from 3 histograms.
10-31 08:29:01.207  1610  1610 E asset   : setgid: Operation not permitted
10-31 08:29:01.221  1530  1530 E WebViewFactory: can't load with relro file; address space not reserved
10-31 08:29:01.238  1580  1580 I cr_SplitCompatApp: Launched version=106.0.5249.79 minSdkVersion=24 isBundle=true processName=com.android.chrome:sandboxed_process16 isIsolated=true
10-31 08:29:01.241   992   992 W chromium: [WARNING:compositor_view.cc(342)] Child process died (type=6) pid=1471)
10-31 08:29:01.243  1530  1609 I cr_LibraryLoader: Successfully loaded native library
10-31 08:29:01.244  1530  1609 I cr_CachingUmaRecorder: Flushed 3 samples from 3 histograms.
10-31 08:29:01.251  1505  1570 I chromium: [INFO:child_process_service.cc(69)] ChildProcessService: Exiting child process.
10-31 08:29:01.251  1580  1580 W SystemServiceRegistry: No service published for: uimode
10-31 08:29:01.258   422   422 E lowmemorykiller: Error writing /proc/1505/oom_score_adj; errno=22
10-31 08:29:01.262   772  4540 I ActivityManager: Killing 1505:com.android.chrome:sandboxed_process12/u0a60i756 (adj 0): isolated not needed
10-31 08:29:01.263  1544  1591 I chromium: [INFO:child_process_service.cc(69)] ChildProcessService: Exiting child process.
10-31 08:29:01.264  1518  1596 I chromium: [INFO:child_process_service.cc(69)] ChildProcessService: Exiting child process.
10-31 08:29:01.264   422   422 E lowmemorykiller: Error writing /proc/1544/oom_score_adj; errno=22
10-31 08:29:01.265   772   790 W zygote64: failed to open /acct/uid_99756/pid_1505/cgroup.procs: No such file or directory
10-31 08:29:01.266   772 10895 I ActivityManager: Killing 1544:com.android.chrome:sandboxed_process15/u0a60i759 (adj 0): isolated not needed
10-31 08:29:01.267   772   790 W zygote64: failed to open /acct/uid_99759/pid_1544/cgroup.procs: No such file or directory
10-31 08:29:01.273   422   422 E lowmemorykiller: Error writing /proc/1518/oom_score_adj; errno=22
10-31 08:29:01.275   772 13022 W AppOps  : Bad call: specified package com.google.android.gms under uid 10045 but it is really 10020
10-31 08:29:01.275   772 13022 W AppOps  : java.lang.RuntimeException: here
10-31 08:29:01.275   772 13022 W AppOps  : 	at com.android.server.AppOpsService.getOpsRawLocked(AppOpsService.java:1319)
10-31 08:29:01.275   772 13022 W AppOps  : 	at com.android.server.AppOpsService.checkPackage(AppOpsService.java:1038)
10-31 08:29:01.275   772 13022 W AppOps  : 	at com.android.internal.app.IAppOpsService$Stub.onTransact(IAppOpsService.java:169)
10-31 08:29:01.275   772 13022 W AppOps  : 	at android.os.Binder.execTransact(Binder.java:674)
10-31 08:29:01.276   772 13021 I ActivityManager: Killing 1518:com.android.chrome:sandboxed_process13/u0a60i757 (adj 0): isolated not needed
10-31 08:29:01.277   772  3037 W AppOps  : Bad call: specified package com.google.android.gms under uid 10045 but it is really 10020
10-31 08:29:01.277   772  3037 W AppOps  : java.lang.RuntimeException: here
10-31 08:29:01.277   772  3037 W AppOps  : 	at com.android.server.AppOpsService.getOpsRawLocked(AppOpsService.java:1319)
10-31 08:29:01.277   772  3037 W AppOps  : 	at com.android.server.AppOpsService.checkPackage(AppOpsService.java:1038)
10-31 08:29:01.277   772  3037 W AppOps  : 	at com.android.internal.app.IAppOpsService$Stub.onTransact(IAppOpsService.java:169)
10-31 08:29:01.277   772  3037 W AppOps  : 	at android.os.Binder.execTransact(Binder.java:674)
10-31 08:29:01.277   772   790 W zygote64: failed to open /acct/uid_99757/pid_1518/cgroup.procs: No such file or directory
10-31 08:29:01.284   992   992 W chromium: [WARNING:compositor_view.cc(342)] Child process died (type=6) pid=1505)
10-31 08:29:01.292  1530  1609 I chromium: [INFO:child_process_service.cc(69)] ChildProcessService: Exiting child process.
10-31 08:29:01.293  1580  1580 I cr_ChildProcessService: Creating new ChildProcessService pid=1580
10-31 08:29:01.294   422   422 E lowmemorykiller: Error writing /proc/1530/oom_score_adj; errno=22
10-31 08:29:01.295   772  3037 I ActivityManager: Killing 1530:com.android.chrome:sandboxed_process14/u0a60i758 (adj 0): isolated not needed
10-31 08:29:01.299   772   790 W zygote64: failed to open /acct/uid_99758/pid_1530/cgroup.procs: No such file or directory
10-31 08:29:01.304 31791 31791 I MemoryTrimmer: Trimming objects from memory, since app is in the background.
10-31 08:29:01.318   992   992 W chromium: [WARNING:compositor_view.cc(342)] Child process died (type=6) pid=1530)
10-31 08:29:01.320   992   992 W chromium: [WARNING:compositor_view.cc(342)] Child process died (type=6) pid=1518)
10-31 08:29:01.320  1580  1580 E WebViewFactory: can't load with relro file; address space not reserved
10-31 08:29:01.323   992  1037 I cr_BindingManager: Moderate binding enabled: maxSize=40
10-31 08:29:01.332   992  1058 W cr_CrashFileManager: /data/user/0/com.android.chrome/cache/Crash Reports does not exist or is not a directory
10-31 08:29:01.332   992  1058 I chatty  : uid=10060(u0_a60) identical 1 line
10-31 08:29:01.332   992  1058 W cr_CrashFileManager: /data/user/0/com.android.chrome/cache/Crash Reports does not exist or is not a directory
10-31 08:29:01.344  1580  1630 I cr_LibraryLoader: Successfully loaded native library
10-31 08:29:01.345  1580  1630 I cr_CachingUmaRecorder: Flushed 3 samples from 3 histograms.
10-31 08:29:01.359   772  3041 I ActivityManager: START u0 {act=android.intent.action.VIEW dat=http://192.168.178.178:5500/... flg=0x10000000 cmp=com.android.chrome/com.google.android.apps.chrome.Main} from uid 2000
10-31 08:29:01.379   992   992 W chromium: [WARNING:compositor_view.cc(342)] Child process died (type=6) pid=1544)
10-31 08:29:01.384  1580  1630 I chromium: [INFO:child_process_service.cc(69)] ChildProcessService: Exiting child process.
10-31 08:29:01.386   422   422 E lowmemorykiller: Error writing /proc/1580/oom_score_adj; errno=22
10-31 08:29:01.386   772 10860 I ActivityManager: Killing 1580:com.android.chrome:sandboxed_process16/u0a60i760 (adj 0): isolated not needed
10-31 08:29:01.387   772   790 W zygote64: failed to open /acct/uid_99760/pid_1580/cgroup.procs: No such file or directory
10-31 08:29:01.443   992   992 E cr_IntentUtils: getInt failed on bundle null
10-31 08:29:01.445   992   992 E ResourceType: Style contains key with bad entry: 0x0101062c
10-31 08:29:01.465  1644  1644 E /system/bin/webview_zygote32: failed to make and chown /acct/uid_99761: Permission denied
10-31 08:29:01.465  1644  1644 E Zygote  : createProcessGroup(99761, 0) failed: Permission denied
10-31 08:29:01.467   772 10893 I ActivityManager: Start proc 1644:com.android.chrome:sandboxed_process17/u0i761 for webview_service com.android.chrome/org.chromium.content.app.SandboxedProcessService17
10-31 08:29:01.469   992   992 I cr_tabmodel: Appending tabs being restored to metadata lists, 0, startingNormalCount: 2, startingIncognitoCount: 0
10-31 08:29:01.469   992   992 I cr_tabmodel: Serializing tab lists; counts: 2, 0
10-31 08:29:01.490  1644  1644 I SamplingProfilerIntegration: Profiling disabled.
10-31 08:29:01.504   992   992 I cr_OfflineDetector: Running updateState mConnectivityDetectorInitialized: true, mTimeWhenLastForegrounded: 1077395670, getElapsedTime: 1077395670, mTimeWhenLastOfflineNotificationReceived: 0, mTimeWhenLastOnline: 1077394522, mApplicationState: 1, mIsOfflineLastReportedByConnectivityDetector: false, mIsEffectivelyOffline: false
10-31 08:29:01.504   992   992 I cr_OfflineDetector: updateState(): timeSinceLastForeground: 0, timeSinceOfflineNotificationReceived: 1077395670, timeSinceLastOnline: 1148, timeNeededForForeground: 2000, timeNeededForOffline: -1077393670
10-31 08:29:01.508  1662  1662 E asset   : setgid: Operation not permitted
10-31 08:29:01.536   992   992 W chromium: [WARNING:compositor_view.cc(342)] Child process died (type=6) pid=1580)
10-31 08:29:01.546  1644  1644 I cr_SplitCompatApp: Launched version=106.0.5249.79 minSdkVersion=24 isBundle=true processName=com.android.chrome:sandboxed_process17 isIsolated=true
10-31 08:29:01.560   992   992 W ResourceType: Failure getting entry for 0x7f010216 (t=0 e=534) (error -75)
10-31 08:29:01.560   992   992 W ResourceType: Failure getting entry for 0x7f0107c9 (t=0 e=1993) (error -75)
10-31 08:29:01.565  1644  1644 W SystemServiceRegistry: No service published for: uimode
10-31 08:29:01.568   772 10893 I ActivityManager: Start proc 1667:com.android.chrome:sandboxed_process18/u0i762 for webview_service com.android.chrome/org.chromium.content.app.SandboxedProcessService18
10-31 08:29:01.573  1667  1667 E /system/bin/webview_zygote32: failed to make and chown /acct/uid_99762: Permission denied
10-31 08:29:01.573  1667  1667 E Zygote  : createProcessGroup(99762, 0) failed: Permission denied
10-31 08:29:01.582  1644  1644 I cr_ChildProcessService: Creating new ChildProcessService pid=1644
10-31 08:29:01.589  1677  1677 E /system/bin/webview_zygote32: failed to make and chown /acct/uid_99763: Permission denied
10-31 08:29:01.589  1677  1677 E Zygote  : createProcessGroup(99763, 0) failed: Permission denied
10-31 08:29:01.589   772 32228 I ActivityManager: Start proc 1677:com.android.chrome:sandboxed_process19/u0i763 for webview_service com.android.chrome/org.chromium.content.app.SandboxedProcessService19
10-31 08:29:01.606   772  1327 I ActivityManager: Start proc 1692:com.android.chrome:sandboxed_process20/u0i764 for webview_service com.android.chrome/org.chromium.content.app.SandboxedProcessService20
10-31 08:29:01.609  1692  1692 E /system/bin/webview_zygote32: failed to make and chown /acct/uid_99764: Permission denied
10-31 08:29:01.609  1692  1692 E Zygote  : createProcessGroup(99764, 0) failed: Permission denied
10-31 08:29:01.616  1644  1644 E WebViewFactory: can't load with relro file; address space not reserved
10-31 08:29:01.624  1677  1677 I SamplingProfilerIntegration: Profiling disabled.
10-31 08:29:01.626  1692  1692 I SamplingProfilerIntegration: Profiling disabled.
10-31 08:29:01.626  1667  1667 I SamplingProfilerIntegration: Profiling disabled.
10-31 08:29:01.628   772  3854 I ActivityManager: Start proc 1707:com.android.chrome:sandboxed_process21/u0i765 for webview_service com.android.chrome/org.chromium.content.app.SandboxedProcessService21
10-31 08:29:01.633  1707  1707 E /system/bin/webview_zygote32: failed to make and chown /acct/uid_99765: Permission denied
10-31 08:29:01.633  1707  1707 E Zygote  : createProcessGroup(99765, 0) failed: Permission denied
10-31 08:29:01.666  1728  1728 E asset   : setgid: Operation not permitted
10-31 08:29:01.667  1727  1727 E asset   : setgid: Operation not permitted
10-31 08:29:01.667  1644  1675 I cr_LibraryLoader: Successfully loaded native library
10-31 08:29:01.668  1644  1675 I cr_CachingUmaRecorder: Flushed 3 samples from 3 histograms.
10-31 08:29:01.672  1707  1707 I SamplingProfilerIntegration: Profiling disabled.
10-31 08:29:01.672  1730  1730 E asset   : setgid: Operation not permitted
10-31 08:29:01.701  1667  1667 I cr_SplitCompatApp: Launched version=106.0.5249.79 minSdkVersion=24 isBundle=true processName=com.android.chrome:sandboxed_process18 isIsolated=true
10-31 08:29:01.702  1739  1739 E asset   : setgid: Operation not permitted
10-31 08:29:01.713  1667  1667 W SystemServiceRegistry: No service published for: uimode
10-31 08:29:01.715  1692  1692 I cr_SplitCompatApp: Launched version=106.0.5249.79 minSdkVersion=24 isBundle=true processName=com.android.chrome:sandboxed_process20 isIsolated=true
10-31 08:29:01.720  1692  1692 W SystemServiceRegistry: No service published for: uimode
10-31 08:29:01.722  1667  1667 I cr_ChildProcessService: Creating new ChildProcessService pid=1667
10-31 08:29:01.733  1677  1677 I cr_SplitCompatApp: Launched version=106.0.5249.79 minSdkVersion=24 isBundle=true processName=com.android.chrome:sandboxed_process19 isIsolated=true
10-31 08:29:01.733  1667  1667 E WebViewFactory: can't load with relro file; address space not reserved
10-31 08:29:01.734  1692  1692 I cr_ChildProcessService: Creating new ChildProcessService pid=1692
10-31 08:29:01.742  1677  1677 W SystemServiceRegistry: No service published for: uimode
10-31 08:29:01.747  1692  1692 E WebViewFactory: can't load with relro file; address space not reserved
10-31 08:29:01.752  1667  1741 I cr_LibraryLoader: Successfully loaded native library
10-31 08:29:01.753  1667  1741 I cr_CachingUmaRecorder: Flushed 3 samples from 3 histograms.
10-31 08:29:01.759  1692  1742 I cr_LibraryLoader: Successfully loaded native library
10-31 08:29:01.760  1692  1742 I cr_CachingUmaRecorder: Flushed 3 samples from 3 histograms.
10-31 08:29:01.767  1677  1677 I cr_ChildProcessService: Creating new ChildProcessService pid=1677
10-31 08:29:01.777  1677  1677 E WebViewFactory: can't load with relro file; address space not reserved
10-31 08:29:01.781  1707  1707 I cr_SplitCompatApp: Launched version=106.0.5249.79 minSdkVersion=24 isBundle=true processName=com.android.chrome:sandboxed_process21 isIsolated=true
10-31 08:29:01.792  1667  1741 I chromium: [INFO:child_process_service.cc(69)] ChildProcessService: Exiting child process.
10-31 08:29:01.793  1707  1707 W SystemServiceRegistry: No service published for: uimode
10-31 08:29:01.794   422   422 E lowmemorykiller: Error writing /proc/1667/oom_score_adj; errno=22
10-31 08:29:01.794   772 10894 I ActivityManager: Killing 1667:com.android.chrome:sandboxed_process18/u0a60i762 (adj 0): isolated not needed
10-31 08:29:01.795   772   790 W zygote64: failed to open /acct/uid_99762/pid_1667/cgroup.procs: No such file or directory
10-31 08:29:01.799  1707  1707 I cr_ChildProcessService: Creating new ChildProcessService pid=1707
10-31 08:29:01.802  1692  1742 I chromium: [INFO:child_process_service.cc(69)] ChildProcessService: Exiting child process.
10-31 08:29:01.803  1677  1756 I cr_LibraryLoader: Successfully loaded native library
10-31 08:29:01.804  1677  1756 I cr_CachingUmaRecorder: Flushed 3 samples from 3 histograms.
10-31 08:29:01.809   422   422 E lowmemorykiller: Error writing /proc/1692/oom_score_adj; errno=22
10-31 08:29:01.810   772 10895 I ActivityManager: Killing 1692:com.android.chrome:sandboxed_process20/u0a60i764 (adj 0): isolated not needed
10-31 08:29:01.813   772   790 W zygote64: failed to open /acct/uid_99764/pid_1692/cgroup.procs: No such file or directory
10-31 08:29:01.819  1707  1707 E WebViewFactory: can't load with relro file; address space not reserved
10-31 08:29:01.828   992   992 W chromium: [WARNING:compositor_view.cc(342)] Child process died (type=6) pid=1692)
10-31 08:29:01.834  1677  1756 I chromium: [INFO:child_process_service.cc(69)] ChildProcessService: Exiting child process.
10-31 08:29:01.841  1707  1765 I cr_LibraryLoader: Successfully loaded native library
10-31 08:29:01.842   422   422 E lowmemorykiller: Error writing /proc/1677/oom_score_adj; errno=22
10-31 08:29:01.842   772  1324 I ActivityManager: Killing 1677:com.android.chrome:sandboxed_process19/u0a60i763 (adj 0): isolated not needed
10-31 08:29:01.843  1707  1765 I cr_CachingUmaRecorder: Flushed 3 samples from 3 histograms.
10-31 08:29:01.843   772   790 W zygote64: failed to open /acct/uid_99763/pid_1677/cgroup.procs: No such file or directory
10-31 08:29:01.882   992   992 W chromium: [WARNING:compositor_view.cc(342)] Child process died (type=6) pid=1667)
10-31 08:29:01.883   992   992 W chromium: [WARNING:compositor_view.cc(342)] Child process died (type=6) pid=1677)
10-31 08:29:01.910  1707  1765 I chromium: [INFO:child_process_service.cc(69)] ChildProcessService: Exiting child process.
10-31 08:29:01.913   422   422 E lowmemorykiller: Error writing /proc/1707/oom_score_adj; errno=22
10-31 08:29:01.914   772  1324 I ActivityManager: Killing 1707:com.android.chrome:sandboxed_process21/u0a60i765 (adj 0): isolated not needed
10-31 08:29:01.914   772   790 W zygote64: failed to open /acct/uid_99765/pid_1707/cgroup.procs: No such file or directory
10-31 08:29:01.978   992   992 W chromium: [WARNING:compositor_view.cc(342)] Child process died (type=6) pid=1707)
10-31 08:29:02.260   992  1004 I zygote  : Background concurrent copying GC freed 139777(5MB) AllocSpace objects, 9(180KB) LOS objects, 50% free, 5MB/10MB, paused 182us total 112.316ms
10-31 08:29:02.701  1070  1081 I vndksupport: sphal namespace is not configured for this process. Loading libutils.so from the current namespace instead.
10-31 08:29:02.701  1644  1659 I vndksupport: sphal namespace is not configured for this process. Loading libutils.so from the current namespace instead.
10-31 08:29:02.702   992  1005 I vndksupport: sphal namespace is not configured for this process. Loading libutils.so from the current namespace instead.
10-31 08:29:02.705  1038  1052 I vndksupport: sphal namespace is not configured for this process. Loading libutils.so from the current namespace instead.
10-31 08:29:02.714   556   687 E Parcel  : Reading a NULL string not supported here.
10-31 08:29:02.715   556   687 W Parcel  : **** enforceInterface() expected 'IAAudioService' but read ''
10-31 08:29:02.716   360   360 E SELinux : avc:  denied  { find } for service=android.service.gatekeeper.IGateKeeperService pid=1795 uid=2000 scontext=u:r:shell:s0 tcontext=u:object_r:gatekeeper_service:s0 tclass=service_manager
10-31 08:29:02.716   360   360 E SELinux : avc:  denied  { find } for service=netd pid=1795 uid=2000 scontext=u:r:shell:s0 tcontext=u:object_r:netd_service:s0 tclass=service_manager
10-31 08:29:02.720  1795  1795 W atrace  : type=1400 audit(0.0:13192): avc: denied { call } for scontext=u:r:shell:s0 tcontext=u:r:wificond:s0 tclass=binder permissive=0
10-31 08:29:02.723   360   360 E SELinux : avc:  denied  { find } for service=installd pid=1795 uid=2000 scontext=u:r:shell:s0 tcontext=u:object_r:installd_service:s0 tclass=service_manager
10-31 08:29:02.728   361   361 E SELinux : avc:  denied  { find } for interface=android.frameworks.displayservice::IDisplayService pid=1795 scontext=u:r:shell:s0 tcontext=u:object_r:fwk_display_hwservice:s0 tclass=hwservice_manager
10-31 08:29:02.730   361   361 E SELinux : avc:  denied  { find } for interface=android.frameworks.schedulerservice::ISchedulingPolicyService pid=1795 scontext=u:r:shell:s0 tcontext=u:object_r:fwk_scheduler_hwservice:s0 tclass=hwservice_manager
10-31 08:29:02.730   361   361 E SELinux : avc:  denied  { find } for interface=android.frameworks.sensorservice::ISensorManager pid=1795 scontext=u:r:shell:s0 tcontext=u:object_r:fwk_sensor_hwservice:s0 tclass=hwservice_manager
10-31 08:29:02.731   361   361 E SELinux : avc:  denied  { find } for interface=android.hardware.biometrics.fingerprint::IBiometricsFingerprint pid=1795 scontext=u:r:shell:s0 tcontext=u:object_r:hal_fingerprint_hwservice:s0 tclass=hwservice_manager
10-31 08:29:02.732   361   361 E SELinux : avc:  denied  { find } for interface=android.hardware.dumpstate::IDumpstateDevice pid=1795 scontext=u:r:shell:s0 tcontext=u:object_r:hal_dumpstate_hwservice:s0 tclass=hwservice_manager
10-31 08:29:02.733   361   361 E SELinux : avc:  denied  { find } for interface=android.hardware.radio.deprecated::IOemHook pid=1795 scontext=u:r:shell:s0 tcontext=u:object_r:hal_telephony_hwservice:s0 tclass=hwservice_manager
10-31 08:29:02.734   361   361 E SELinux : avc:  denied  { find } for interface=android.hardware.radio::IRadio pid=1795 scontext=u:r:shell:s0 tcontext=u:object_r:hal_telephony_hwservice:s0 tclass=hwservice_manager
10-31 08:29:02.734   361   361 E SELinux : avc:  denied  { find } for interface=android.hardware.radio::ISap pid=1795 scontext=u:r:shell:s0 tcontext=u:object_r:hal_telephony_hwservice:s0 tclass=hwservice_manager
10-31 08:29:02.735   361   361 E SELinux : avc:  denied  { find } for interface=android.hardware.usb::IUsb pid=1795 scontext=u:r:shell:s0 tcontext=u:object_r:hal_usb_hwservice:s0 tclass=hwservice_manager
10-31 08:29:02.735   361   361 E SELinux : avc:  denied  { find } for interface=android.hardware.wifi.supplicant::ISupplicant pid=1795 scontext=u:r:shell:s0 tcontext=u:object_r:hal_wifi_supplicant_hwservice:s0 tclass=hwservice_manager
10-31 08:29:02.736   361   361 E SELinux : avc:  denied  { find } for interface=android.hardware.wifi::IWifi pid=1795 scontext=u:r:shell:s0 tcontext=u:object_r:hal_wifi_hwservice:s0 tclass=hwservice_manager
10-31 08:29:02.738   361   361 E SELinux : avc:  denied  { find } for interface=android.hidl.base::IBase pid=1795 scontext=u:r:shell:s0 tcontext=u:object_r:hidl_base_hwservice:s0 tclass=hwservice_manager
10-31 08:29:02.738   361   361 I chatty  : uid=1000(system) hwservicemanage identical 1 line
10-31 08:29:02.739   361   361 E SELinux : avc:  denied  { find } for interface=android.hidl.base::IBase pid=1795 scontext=u:r:shell:s0 tcontext=u:object_r:hidl_base_hwservice:s0 tclass=hwservice_manager
10-31 08:29:02.740   361   361 E SELinux : avc:  denied  { find } for interface=android.system.wifi.keystore::IKeystore pid=1795 scontext=u:r:shell:s0 tcontext=u:object_r:system_wifi_keystore_hwservice:s0 tclass=hwservice_manager
10-31 08:29:03.025   992   992 W chromium: [WARNING:controller_impl.cc(1190)] Background download complete, client: 6, completion type: 0, file size:16643
10-31 08:29:03.053  1798  1798 E /system/bin/webview_zygote32: failed to make and chown /acct/uid_99766: Permission denied
10-31 08:29:03.053  1798  1798 E Zygote  : createProcessGroup(99766, 0) failed: Permission denied
10-31 08:29:03.061   772  3041 I ActivityManager: Start proc 1798:com.android.chrome:sandboxed_process22/u0i766 for webview_service com.android.chrome/org.chromium.content.app.SandboxedProcessService22
10-31 08:29:03.087  1798  1798 I SamplingProfilerIntegration: Profiling disabled.
10-31 08:29:03.094   992   992 W chromium: [WARNING:controller_impl.cc(1190)] Background download complete, client: 6, completion type: 0, file size:18160
10-31 08:29:03.131  1815  1815 E asset   : setgid: Operation not permitted
10-31 08:29:03.141   772 10893 I ActivityManager: Start proc 1816:com.android.chrome:sandboxed_process23/u0i767 for webview_service com.android.chrome/org.chromium.content.app.SandboxedProcessService23
10-31 08:29:03.143  1816  1816 E /system/bin/webview_zygote32: failed to make and chown /acct/uid_99767: Permission denied
10-31 08:29:03.143  1816  1816 E Zygote  : createProcessGroup(99767, 0) failed: Permission denied
10-31 08:29:03.164  1816  1816 I SamplingProfilerIntegration: Profiling disabled.
10-31 08:29:03.176  1798  1798 I cr_SplitCompatApp: Launched version=106.0.5249.79 minSdkVersion=24 isBundle=true processName=com.android.chrome:sandboxed_process22 isIsolated=true
10-31 08:29:03.180  1798  1798 W SystemServiceRegistry: No service published for: uimode
10-31 08:29:03.187  1798  1798 I cr_ChildProcessService: Creating new ChildProcessService pid=1798
10-31 08:29:03.188   992   992 W chromium: [WARNING:controller_impl.cc(1190)] Background download complete, client: 6, completion type: 0, file size:15859
10-31 08:29:03.189  1831  1831 E asset   : setgid: Operation not permitted
10-31 08:29:03.206  1798  1798 E WebViewFactory: can't load with relro file; address space not reserved
10-31 08:29:03.208   992   992 W chromium: [WARNING:controller_impl.cc(1190)] Background download complete, client: 6, completion type: 0, file size:265060
10-31 08:29:03.221   772 10860 I ActivityManager: Start proc 1832:com.android.chrome:sandboxed_process24/u0i768 for webview_service com.android.chrome/org.chromium.content.app.SandboxedProcessService24
10-31 08:29:03.221  1832  1832 E /system/bin/webview_zygote32: failed to make and chown /acct/uid_99768: Permission denied
10-31 08:29:03.222  1832  1832 E Zygote  : createProcessGroup(99768, 0) failed: Permission denied
10-31 08:29:03.223  1798  1830 I cr_LibraryLoader: Successfully loaded native library
10-31 08:29:03.225  1798  1830 I cr_CachingUmaRecorder: Flushed 3 samples from 3 histograms.
10-31 08:29:03.230  1816  1816 I cr_SplitCompatApp: Launched version=106.0.5249.79 minSdkVersion=24 isBundle=true processName=com.android.chrome:sandboxed_process23 isIsolated=true
10-31 08:29:03.237  1816  1816 W SystemServiceRegistry: No service published for: uimode
10-31 08:29:03.243  1816  1816 I cr_ChildProcessService: Creating new ChildProcessService pid=1816
10-31 08:29:03.247  1832  1832 I SamplingProfilerIntegration: Profiling disabled.
10-31 08:29:03.248  1851  1851 E /system/bin/webview_zygote32: failed to make and chown /acct/uid_99769: Permission denied
10-31 08:29:03.248  1851  1851 E Zygote  : createProcessGroup(99769, 0) failed: Permission denied
10-31 08:29:03.253  1846  1846 W ThreadPoolForeg: type=1400 audit(0.0:13193): avc: denied { setattr } for name="model-info.pb" dev="dm-2" ino=1504837 scontext=u:r:isolated_app:s0:c512,c768 tcontext=u:object_r:app_data_file:s0:c512,c768 tclass=file permissive=0
10-31 08:29:03.256  1846  1846 W ThreadPoolForeg: type=1400 audit(0.0:13194): avc: denied { setattr } for name="model.tflite" dev="dm-2" ino=1504840 scontext=u:r:isolated_app:s0:c512,c768 tcontext=u:object_r:app_data_file:s0:c512,c768 tclass=file permissive=0
10-31 08:29:03.257   772  4539 I ActivityManager: Start proc 1851:com.android.chrome:sandboxed_process25/u0i769 for webview_service com.android.chrome/org.chromium.content.app.SandboxedProcessService25
10-31 08:29:03.262   992   992 W chromium: [WARNING:controller_impl.cc(1190)] Background download complete, client: 6, completion type: 0, file size:4951
10-31 08:29:03.263  1816  1816 E WebViewFactory: can't load with relro file; address space not reserved
10-31 08:29:03.265  1798  1830 I chromium: [INFO:child_process_service.cc(69)] ChildProcessService: Exiting child process.
10-31 08:29:03.267   422   422 E lowmemorykiller: Error writing /proc/1798/oom_score_adj; errno=22
10-31 08:29:03.267   772  1327 I ActivityManager: Killing 1798:com.android.chrome:sandboxed_process22/u0a60i766 (adj 0): isolated not needed
10-31 08:29:03.268   772   790 W zygote64: failed to open /acct/uid_99766/pid_1798/cgroup.procs: No such file or directory
10-31 08:29:03.278  1864  1864 E asset   : setgid: Operation not permitted
10-31 08:29:03.281  1816  1850 I cr_LibraryLoader: Successfully loaded native library
10-31 08:29:03.282  1816  1850 I cr_CachingUmaRecorder: Flushed 3 samples from 3 histograms.
10-31 08:29:03.288  1851  1851 I SamplingProfilerIntegration: Profiling disabled.
10-31 08:29:03.296  1869  1869 W ThreadPoolForeg: type=1400 audit(0.0:13195): avc: denied { setattr } for name="model-info.pb" dev="dm-2" ino=1504795 scontext=u:r:isolated_app:s0:c512,c768 tcontext=u:object_r:app_data_file:s0:c512,c768 tclass=file permissive=0
10-31 08:29:03.296  1869  1869 W ThreadPoolForeg: type=1400 audit(0.0:13196): avc: denied { setattr } for name="model.tflite" dev="dm-2" ino=1504837 scontext=u:r:isolated_app:s0:c512,c768 tcontext=u:object_r:app_data_file:s0:c512,c768 tclass=file permissive=0
10-31 08:29:03.304  1816  1850 I chromium: [INFO:child_process_service.cc(69)] ChildProcessService: Exiting child process.
10-31 08:29:03.310  1875  1875 E /system/bin/webview_zygote32: failed to make and chown /acct/uid_99770: Permission denied
10-31 08:29:03.310  1875  1875 E Zygote  : createProcessGroup(99770, 0) failed: Permission denied
10-31 08:29:03.313  1832  1832 I cr_SplitCompatApp: Launched version=106.0.5249.79 minSdkVersion=24 isBundle=true processName=com.android.chrome:sandboxed_process24 isIsolated=true
10-31 08:29:03.315   772  2970 I ActivityManager: Start proc 1875:com.android.chrome:sandboxed_process26/u0i770 for webview_service com.android.chrome/org.chromium.content.app.SandboxedProcessService26
10-31 08:29:03.321  1832  1832 W SystemServiceRegistry: No service published for: uimode
10-31 08:29:03.325   422   422 E lowmemorykiller: Error writing /proc/1816/oom_score_adj; errno=22
10-31 08:29:03.325   772   785 W ActivityManager: Exception when unbinding service com.android.chrome/org.chromium.content.app.SandboxedProcessService23
10-31 08:29:03.325   772   785 W ActivityManager: android.os.DeadObjectException
10-31 08:29:03.325   772   785 W ActivityManager: 	at android.os.BinderProxy.transactNative(Native Method)
10-31 08:29:03.325   772   785 W ActivityManager: 	at android.os.BinderProxy.transact(Binder.java:748)
10-31 08:29:03.325   772   785 W ActivityManager: 	at android.app.IApplicationThread$Stub$Proxy.scheduleUnbindService(IApplicationThread.java:1522)
10-31 08:29:03.325   772   785 W ActivityManager: 	at com.android.server.am.ActiveServices.removeConnectionLocked(ActiveServices.java:2640)
10-31 08:29:03.325   772   785 W ActivityManager: 	at com.android.server.am.ActiveServices.unbindServiceLocked(ActiveServices.java:1551)
10-31 08:29:03.325   772   785 W ActivityManager: 	at com.android.server.am.ActivityManagerService.unbindService(ActivityManagerService.java:18297)
10-31 08:29:03.325   772   785 W ActivityManager: 	at android.app.IActivityManager$Stub.onTransact(IActivityManager.java:594)
10-31 08:29:03.325   772   785 W ActivityManager: 	at com.android.server.am.ActivityManagerService.onTransact(ActivityManagerService.java:2935)
10-31 08:29:03.325   772   785 W ActivityManager: 	at android.os.Binder.execTransact(Binder.java:674)
10-31 08:29:03.326   422   422 E lowmemorykiller: Error writing /proc/1816/oom_score_adj; errno=22
10-31 08:29:03.326   772   785 I ActivityManager: Killing 1816:com.android.chrome:sandboxed_process23/u0a60i767 (adj 900): isolated not needed
10-31 08:29:03.327   992   992 W chromium: [WARNING:compositor_view.cc(342)] Child process died (type=6) pid=1816)
10-31 08:29:03.327   772   790 W zygote64: failed to open /acct/uid_99767/pid_1816/cgroup.procs: No such file or directory
10-31 08:29:03.329 31791 31791 I MemoryTrimmer: Trimming objects from memory, since app is in the background.
10-31 08:29:03.331  1832  1832 I cr_ChildProcessService: Creating new ChildProcessService pid=1832
10-31 08:29:03.344  1875  1875 I SamplingProfilerIntegration: Profiling disabled.
10-31 08:29:03.350  1832  1832 E WebViewFactory: can't load with relro file; address space not reserved
10-31 08:29:03.354   992   992 W chromium: [WARNING:compositor_view.cc(342)] Child process died (type=6) pid=1798)
10-31 08:29:03.356  1888  1888 E asset   : setgid: Operation not permitted
10-31 08:29:03.358   992   992 W chromium: [WARNING:controller_impl.cc(1190)] Background download complete, client: 6, completion type: 0, file size:2759
10-31 08:29:03.372  1832  1886 I cr_LibraryLoader: Successfully loaded native library
10-31 08:29:03.373  1832  1886 I cr_CachingUmaRecorder: Flushed 3 samples from 3 histograms.
10-31 08:29:03.380   992   992 W chromium: [WARNING:controller_impl.cc(1190)] Background download complete, client: 6, completion type: 0, file size:116031
10-31 08:29:03.387  1893  1893 E asset   : setgid: Operation not permitted
10-31 08:29:03.405   772 13022 I ActivityManager: Start proc 1897:com.android.chrome:sandboxed_process27/u0i771 for webview_service com.android.chrome/org.chromium.content.app.SandboxedProcessService27
10-31 08:29:03.408  1897  1897 E /system/bin/webview_zygote32: failed to make and chown /acct/uid_99771: Permission denied
10-31 08:29:03.408  1897  1897 E Zygote  : createProcessGroup(99771, 0) failed: Permission denied
10-31 08:29:03.413  1892  1892 W ThreadPoolForeg: type=1400 audit(0.0:13197): avc: denied { setattr } for name="model-info.pb" dev="dm-2" ino=1504796 scontext=u:r:isolated_app:s0:c512,c768 tcontext=u:object_r:app_data_file:s0:c512,c768 tclass=file permissive=0
10-31 08:29:03.416  1892  1892 W ThreadPoolForeg: type=1400 audit(0.0:13198): avc: denied { setattr } for name="model.tflite" dev="dm-2" ino=1504871 scontext=u:r:isolated_app:s0:c512,c768 tcontext=u:object_r:app_data_file:s0:c512,c768 tclass=file permissive=0
10-31 08:29:03.425  1832  1886 I chromium: [INFO:child_process_service.cc(69)] ChildProcessService: Exiting child process.
10-31 08:29:03.431  1904  1904 E /system/bin/webview_zygote32: failed to make and chown /acct/uid_99772: Permission denied
10-31 08:29:03.431  1904  1904 E Zygote  : createProcessGroup(99772, 0) failed: Permission denied
10-31 08:29:03.437   772  3041 I ActivityManager: Start proc 1904:com.android.chrome:sandboxed_process28/u0i772 for webview_service com.android.chrome/org.chromium.content.app.SandboxedProcessService28
10-31 08:29:03.449   422   422 E lowmemorykiller: Error writing /proc/1832/oom_score_adj; errno=22
10-31 08:29:03.449   772  2970 I ActivityManager: Killing 1832:com.android.chrome:sandboxed_process24/u0a60i768 (adj 0): isolated not needed
10-31 08:29:03.450   772   790 W zygote64: failed to open /acct/uid_99768/pid_1832/cgroup.procs: No such file or directory
10-31 08:29:03.452   992   992 W chromium: [WARNING:controller_impl.cc(1190)] Background download complete, client: 6, completion type: 0, file size:9419
10-31 08:29:03.454   772   781 I zygote64: Background concurrent copying GC freed 111470(6MB) AllocSpace objects, 232(7MB) LOS objects, 42% free, 19MB/34MB, paused 215us total 145.091ms
10-31 08:29:03.455  1851  1851 I cr_SplitCompatApp: Launched version=106.0.5249.79 minSdkVersion=24 isBundle=true processName=com.android.chrome:sandboxed_process25 isIsolated=true
10-31 08:29:03.461  1904  1904 I SamplingProfilerIntegration: Profiling disabled.
10-31 08:29:03.466  1851  1851 W SystemServiceRegistry: No service published for: uimode
10-31 08:29:03.467  1875  1875 I cr_SplitCompatApp: Launched version=106.0.5249.79 minSdkVersion=24 isBundle=true processName=com.android.chrome:sandboxed_process26 isIsolated=true
10-31 08:29:03.468   992   992 W chromium: [WARNING:compositor_view.cc(342)] Child process died (type=6) pid=1832)
10-31 08:29:03.470  1897  1897 I SamplingProfilerIntegration: Profiling disabled.
10-31 08:29:03.472  1875  1875 W SystemServiceRegistry: No service published for: uimode
10-31 08:29:03.475  1851  1851 I cr_ChildProcessService: Creating new ChildProcessService pid=1851
10-31 08:29:03.479   772   785 I ActivityManager: Start proc 1924:com.android.chrome:sandboxed_process29/u0i773 for webview_service com.android.chrome/org.chromium.content.app.SandboxedProcessService29
10-31 08:29:03.487  1924  1924 E /system/bin/webview_zygote32: failed to make and chown /acct/uid_99773: Permission denied
10-31 08:29:03.488  1924  1924 E Zygote  : createProcessGroup(99773, 0) failed: Permission denied
10-31 08:29:03.491  1875  1875 I cr_ChildProcessService: Creating new ChildProcessService pid=1875
10-31 08:29:03.529  1851  1851 E WebViewFactory: can't load with relro file; address space not reserved
10-31 08:29:03.537  1851  1923 I cr_LibraryLoader: Successfully loaded native library
10-31 08:29:03.537  1875  1875 E WebViewFactory: can't load with relro file; address space not reserved
10-31 08:29:03.538  1851  1923 I cr_CachingUmaRecorder: Flushed 3 samples from 3 histograms.
10-31 08:29:03.547  1924  1924 I SamplingProfilerIntegration: Profiling disabled.
10-31 08:29:03.565  1941  1941 E asset   : setgid: Operation not permitted
10-31 08:29:03.569  1875  1931 I cr_LibraryLoader: Successfully loaded native library
10-31 08:29:03.570  1875  1931 I cr_CachingUmaRecorder: Flushed 3 samples from 3 histograms.
10-31 08:29:03.572  1943  1943 E asset   : setgid: Operation not permitted
10-31 08:29:03.593  1945  1945 W ThreadPoolForeg: type=1400 audit(0.0:13199): avc: denied { setattr } for name="model-info.pb" dev="dm-2" ino=1504883 scontext=u:r:isolated_app:s0:c512,c768 tcontext=u:object_r:app_data_file:s0:c512,c768 tclass=file permissive=0
10-31 08:29:03.599  1951  1951 E asset   : setgid: Operation not permitted
10-31 08:29:03.613  1945  1945 W ThreadPoolForeg: type=1400 audit(0.0:13200): avc: denied { setattr } for name="model.tflite" dev="dm-2" ino=1504884 scontext=u:r:isolated_app:s0:c512,c768 tcontext=u:object_r:app_data_file:s0:c512,c768 tclass=file permissive=0
10-31 08:29:03.621  1904  1904 I cr_SplitCompatApp: Launched version=106.0.5249.79 minSdkVersion=24 isBundle=true processName=com.android.chrome:sandboxed_process28 isIsolated=true
10-31 08:29:03.623  1955  1955 W ThreadPoolForeg: type=1400 audit(0.0:13201): avc: denied { setattr } for name="model-info.pb" dev="dm-2" ino=1504885 scontext=u:r:isolated_app:s0:c512,c768 tcontext=u:object_r:app_data_file:s0:c512,c768 tclass=file permissive=0
10-31 08:29:03.623  1851  1923 I chromium: [INFO:child_process_service.cc(69)] ChildProcessService: Exiting child process.
10-31 08:29:03.625   422   422 E lowmemorykiller: Error writing /proc/1851/oom_score_adj; errno=22
10-31 08:29:03.626   772  1324 I ActivityManager: Killing 1851:com.android.chrome:sandboxed_process25/u0a60i769 (adj 0): isolated not needed
10-31 08:29:03.628   772   790 W zygote64: failed to open /acct/uid_99769/pid_1851/cgroup.procs: No such file or directory
