10-30 23:06:23.928   372   376 D DrmLibTime: command id, time_cmd_id = 770
10-30 23:06:23.928   372   376 D DrmLibTime: time_getutcsec starts!
10-30 23:06:23.928   372   376 D DrmLibTime: QSEE Time Listener: time_getutcsec
10-30 23:06:23.928   372   376 D DrmLibTime: QSEE Time Listener: get_utc_seconds
10-30 23:06:23.928   372   376 D DrmLibTime: QSEE Time Listener: time_get_modem_time
10-30 23:06:23.928   372   376 D DrmLibTime: QSEE Time Listener: Checking if ATS_MODEM is set or not.
10-30 23:06:23.928   372   376 D QC-time-services: Lib:time_genoff_operation: pargs->base = 13
10-30 23:06:23.928   372   376 D QC-time-services: Lib:time_genoff_operation: pargs->operation = 2
10-30 23:06:23.928   372   376 D QC-time-services: Lib:time_genoff_operation: pargs->ts_val = 0
10-30 23:06:23.929   372   376 D QC-time-services: Lib:time_genoff_operation: Send to server  passed!!
10-30 23:06:23.929   625   647 D QC-time-services: Daemon: Connection accepted:time_genoff
10-30 23:06:23.930   625  3488 D QC-time-services: Daemon:Received base = 13, unit = 1, operation = 2,value = 0
10-30 23:06:23.930   625  3488 D QC-time-services: Daemon:genoff_opr: Base = 13, val = 0, operation = 2
10-30 23:06:23.930   625  3488 D QC-time-services: offset is: 0 for base: 13
10-30 23:06:23.930   372   376 E QC-time-services: Receive Passed == base = 13, unit = 1, operation = 2, result = 0
10-30 23:06:23.930   372   376 D DrmLibTime: QSEE Time Listener: ATS_MODEM is not set. Fallback to Android system time.
10-30 23:06:23.930   372   376 D DrmLibTime: QSEE Time Listener: Retrieved Android system time: 1667167583
10-30 23:06:23.930   372   376 D DrmLibTime: time_getutcsec returns 0, sec = 1667167583; nsec = 0
10-30 23:06:23.930   372   376 D DrmLibTime: time_getutcsec finished! 
10-30 23:06:23.930   372   376 D DrmLibTime: iotcl_continue_command finished! and return 0 
10-30 23:06:23.930   372   376 D DrmLibTime: before calling ioctl to read the next time_cmd
10-30 23:06:23.930   625   647 E QC-time-services: Daemon: Time-services: Waiting to acceptconnection
10-30 23:06:23.949   372   376 D DrmLibTime: got the req here! ret=0
10-30 23:06:23.949   372   376 D DrmLibTime: command id, time_cmd_id = 770
10-30 23:06:23.949   372   376 D DrmLibTime: time_getutcsec starts!
10-30 23:06:23.949   372   376 D DrmLibTime: QSEE Time Listener: time_getutcsec
10-30 23:06:23.949   372   376 D DrmLibTime: QSEE Time Listener: get_utc_seconds
10-30 23:06:23.949   372   376 D DrmLibTime: QSEE Time Listener: time_get_modem_time
10-30 23:06:23.949   372   376 D DrmLibTime: QSEE Time Listener: Checking if ATS_MODEM is set or not.
10-30 23:06:23.949   372   376 D QC-time-services: Lib:time_genoff_operation: pargs->base = 13
10-30 23:06:23.949   372   376 D QC-time-services: Lib:time_genoff_operation: pargs->operation = 2
10-30 23:06:23.949   372   376 D QC-time-services: Lib:time_genoff_operation: pargs->ts_val = 0
10-30 23:06:23.949   372   376 D QC-time-services: Lib:time_genoff_operation: Send to server  passed!!
10-30 23:06:23.949   625   647 D QC-time-services: Daemon: Connection accepted:time_genoff
10-30 23:06:23.950   625  3489 D QC-time-services: Daemon:Received base = 13, unit = 1, operation = 2,value = 0
10-30 23:06:23.950   625  3489 D QC-time-services: Daemon:genoff_opr: Base = 13, val = 0, operation = 2
10-30 23:06:23.951   625  3489 D QC-time-services: offset is: 0 for base: 13
10-30 23:06:23.952   372   376 E QC-time-services: Receive Passed == base = 13, unit = 1, operation = 2, result = 0
10-30 23:06:23.952   372   376 D DrmLibTime: QSEE Time Listener: ATS_MODEM is not set. Fallback to Android system time.
10-30 23:06:23.952   372   376 D DrmLibTime: QSEE Time Listener: Retrieved Android system time: 1667167583
10-30 23:06:23.952   372   376 D DrmLibTime: time_getutcsec returns 0, sec = 1667167583; nsec = 0
10-30 23:06:23.952   372   376 D DrmLibTime: time_getutcsec finished! 
10-30 23:06:23.952   372   376 D DrmLibTime: iotcl_continue_command finished! and return 0 
10-30 23:06:23.952   372   376 D DrmLibTime: before calling ioctl to read the next time_cmd
10-30 23:06:23.952   625   647 E QC-time-services: Daemon: Time-services: Waiting to acceptconnection
10-30 23:06:23.969   372   376 D DrmLibTime: got the req here! ret=0
10-30 23:06:23.970   372   376 D DrmLibTime: command id, time_cmd_id = 770
10-30 23:06:23.970   372   376 D DrmLibTime: time_getutcsec starts!
10-30 23:06:23.970   372   376 D DrmLibTime: QSEE Time Listener: time_getutcsec
10-30 23:06:23.970   372   376 D DrmLibTime: QSEE Time Listener: get_utc_seconds
10-30 23:06:23.970   372   376 D DrmLibTime: QSEE Time Listener: time_get_modem_time
10-30 23:06:23.970   372   376 D DrmLibTime: QSEE Time Listener: Checking if ATS_MODEM is set or not.
10-30 23:06:23.970   372   376 D QC-time-services: Lib:time_genoff_operation: pargs->base = 13
10-30 23:06:23.970   372   376 D QC-time-services: Lib:time_genoff_operation: pargs->operation = 2
10-30 23:06:23.970   372   376 D QC-time-services: Lib:time_genoff_operation: pargs->ts_val = 0
10-30 23:06:23.970   372   376 D QC-time-services: Lib:time_genoff_operation: Send to server  passed!!
10-30 23:06:23.970   625   647 D QC-time-services: Daemon: Connection accepted:time_genoff
10-30 23:06:23.970   625  3490 D QC-time-services: Daemon:Received base = 13, unit = 1, operation = 2,value = 0
10-30 23:06:23.970   625  3490 D QC-time-services: Daemon:genoff_opr: Base = 13, val = 0, operation = 2
10-30 23:06:23.970   625  3490 D QC-time-services: offset is: 0 for base: 13
10-30 23:06:23.970   372   376 E QC-time-services: Receive Passed == base = 13, unit = 1, operation = 2, result = 0
10-30 23:06:23.970   372   376 D DrmLibTime: QSEE Time Listener: ATS_MODEM is not set. Fallback to Android system time.
10-30 23:06:23.970   372   376 D DrmLibTime: QSEE Time Listener: Retrieved Android system time: 1667167583
10-30 23:06:23.971   372   376 D DrmLibTime: time_getutcsec returns 0, sec = 1667167583; nsec = 0
10-30 23:06:23.971   372   376 D DrmLibTime: time_getutcsec finished! 
10-30 23:06:23.971   372   376 D DrmLibTime: iotcl_continue_command finished! and return 0 
10-30 23:06:23.971   372   376 D DrmLibTime: before calling ioctl to read the next time_cmd
10-30 23:06:23.971   625   647 E QC-time-services: Daemon: Time-services: Waiting to acceptconnection
10-30 23:06:24.088  3960  3197 W NetworkScheduler: Error inserting period=4318000 preferred_charging_state=1 preferred_network_type=1 target_class=com.google.android.gms.measurement.PackageMeasurementTaskService required_network_type=0 runtime=1667167584065 required_idleness_state=0 source=16 service_kind=0 target_package=com.google.android.gms persistence_level=1 source_version=223616000 last_runtime=0 user_id=0 job_id=-1 requires_charging=0 tag=Measurement.PackageMeasurementTaskService.UPLOAD_TASK_TAG flex_time=2158000 task_type=0 retry_strategy={"maximum_backoff_seconds":{"3600":0},"initial_backoff_seconds":{"30":0},"retry_policy":{"0":0}} [CONTEXT service_id=218 ]
10-30 23:06:24.088  3960  3197 W NetworkScheduler: android.database.sqlite.SQLiteConstraintException: UNIQUE constraint failed: pending_ops.tag, pending_ops.target_class, pending_ops.target_package, pending_ops.user_id (code 2067)
10-30 23:06:24.088  3960  3197 W NetworkScheduler: 	at android.database.sqlite.SQLiteConnection.nativeExecuteForLastInsertedRowId(Native Method)
10-30 23:06:24.088  3960  3197 W NetworkScheduler: 	at android.database.sqlite.SQLiteConnection.executeForLastInsertedRowId(SQLiteConnection.java:782)
10-30 23:06:24.088  3960  3197 W NetworkScheduler: 	at android.database.sqlite.SQLiteSession.executeForLastInsertedRowId(SQLiteSession.java:788)
10-30 23:06:24.088  3960  3197 W NetworkScheduler: 	at android.database.sqlite.SQLiteStatement.executeInsert(SQLiteStatement.java:86)
10-30 23:06:24.088  3960  3197 W NetworkScheduler: 	at android.database.sqlite.SQLiteDatabase.insertWithOnConflict(SQLiteDatabase.java:1474)
10-30 23:06:24.088  3960  3197 W NetworkScheduler: 	at android.database.sqlite.SQLiteDatabase.insertOrThrow(SQLiteDatabase.java:1369)
10-30 23:06:24.088  3960  3197 W NetworkScheduler: 	at biel.g(:com.google.android.gms@223616019@22.36.16 (040400-476895098):52)
10-30 23:06:24.088  3960  3197 W NetworkScheduler: 	at bide.n(:com.google.android.gms@223616019@22.36.16 (040400-476895098):3)
10-30 23:06:24.088  3960  3197 W NetworkScheduler: 	at bide.u(:com.google.android.gms@223616019@22.36.16 (040400-476895098):20)
10-30 23:06:24.088  3960  3197 W NetworkScheduler: 	at bide.h(:com.google.android.gms@223616019@22.36.16 (040400-476895098):3)
10-30 23:06:24.088  3960  3197 W NetworkScheduler: 	at bhyv.run(:com.google.android.gms@223616019@22.36.16 (040400-476895098):9)
10-30 23:06:24.088  3960  3197 W NetworkScheduler: 	at aarl.c(:com.google.android.gms@223616019@22.36.16 (040400-476895098):6)
10-30 23:06:24.088  3960  3197 W NetworkScheduler: 	at aarl.run(:com.google.android.gms@223616019@22.36.16 (040400-476895098):7)
10-30 23:06:24.088  3960  3197 W NetworkScheduler: 	at java.util.concurrent.ThreadPoolExecutor.runWorker(ThreadPoolExecutor.java:1162)
10-30 23:06:24.088  3960  3197 W NetworkScheduler: 	at java.util.concurrent.ThreadPoolExecutor$Worker.run(ThreadPoolExecutor.java:636)
10-30 23:06:24.088  3960  3197 W NetworkScheduler: 	at aaws.run(:com.google.android.gms@223616019@22.36.16 (040400-476895098):0)
10-30 23:06:24.088  3960  3197 W NetworkScheduler: 	at java.lang.Thread.run(Thread.java:764)
10-30 23:06:24.098   772 13071 I ActivityManager: Start proc 3502:com.opera.browser:sandboxed_process0/u0a99 for service com.opera.browser/com.opera.android.browser.chromium.services.SandboxedProcessService0
10-30 23:06:24.179  3502  3502 I LoadedApk: No resource references to update in package com.opera.browser.nord_vpn
10-30 23:06:24.258   361   361 W /system/bin/hwservicemanager: getTransportFromManifest: Cannot find entry android.hardware.graphics.mapper@2.0::IMapper in either framework or device manifest, using default transport.
10-30 23:06:24.262  3144  3163 I vndksupport: sphal namespace is not configured for this process. Loading /vendor/lib/hw/gralloc.msm8992.so from the current namespace instead.
10-30 23:06:24.313  3960  6244 I FontLog : Received query name=Google Sans&weight=700&besteffort=false, URI content://com.google.android.gms.fonts [CONTEXT service_id=132 ]
10-30 23:06:24.313  3960  6244 I FontLog : Query [name=Google Sans&weight=700&besteffort=false] resolved to {Google Sans, wdth 100.0, wght 700, ital 0.0, bestEffort false} [CONTEXT service_id=132 ]
10-30 23:06:24.314  3960  6244 I FontLog : Fetch {Google Sans, wdth 100.0, wght 700, ital 0.0, bestEffort false} end status Status{statusCode=SUCCESS, resolution=null} [CONTEXT service_id=132 ]
10-30 23:06:24.317  3960  4151 I FontLog : Pulling font file for id = 1119, cache size = 9 [CONTEXT service_id=132 ]
10-30 23:06:24.323  3960  4244 I FontLog : Received query name=Noto Color Emoji Compat&weight=400&besteffort=false, URI content://com.google.android.gms.fonts [CONTEXT service_id=132 ]
10-30 23:06:24.324  3960  4244 I FontLog : Query [name=Noto Color Emoji Compat&weight=400&besteffort=false] resolved to {Noto Color Emoji Compat, wdth 100.0, wght 400, ital 0.0, bestEffort false} [CONTEXT service_id=132 ]
10-30 23:06:24.325  3960  4244 I FontLog : Fetch {Noto Color Emoji Compat, wdth 100.0, wght 400, ital 0.0, bestEffort false} end status Status{statusCode=SUCCESS, resolution=null} [CONTEXT service_id=132 ]
10-30 23:06:24.329  3960  6244 I FontLog : Pulling font file for id = 1120, cache size = 8 [CONTEXT service_id=132 ]
10-30 23:06:24.332  3960  4245 I FontLog : Received query name=Google Sans&weight=400&besteffort=false, URI content://com.google.android.gms.fonts [CONTEXT service_id=132 ]
10-30 23:06:24.332  3960  4245 I FontLog : Query [name=Google Sans&weight=400&besteffort=false] resolved to {Google Sans, wdth 100.0, wght 400, ital 0.0, bestEffort false} [CONTEXT service_id=132 ]
10-30 23:06:24.334  3960  4245 I FontLog : Font PFD returned from cache for {Google Sans, wdth 100.0, wght 400, ital 0.0, bestEffort false} [CONTEXT service_id=132 ]
10-30 23:06:24.334  3960  4245 I FontLog : Fetch {Google Sans, wdth 100.0, wght 400, ital 0.0, bestEffort false} end status Status{statusCode=SUCCESS, resolution=null} [CONTEXT service_id=132 ]
10-30 23:06:24.337  3960  4244 I FontLog : Pulling font file for id = 1121, cache size = 9 [CONTEXT service_id=132 ]
10-30 23:06:24.340  3960  3972 I FontLog : Received query name=Google Sans&weight=500&besteffort=false, URI content://com.google.android.gms.fonts [CONTEXT service_id=132 ]
10-30 23:06:24.340  3960  3972 I FontLog : Query [name=Google Sans&weight=500&besteffort=false] resolved to {Google Sans, wdth 100.0, wght 500, ital 0.0, bestEffort false} [CONTEXT service_id=132 ]
10-30 23:06:24.342  3960  3972 I FontLog : Font PFD returned from cache for {Google Sans, wdth 100.0, wght 500, ital 0.0, bestEffort false} [CONTEXT service_id=132 ]
10-30 23:06:24.343  3960  3972 I FontLog : Fetch {Google Sans, wdth 100.0, wght 500, ital 0.0, bestEffort false} end status Status{statusCode=SUCCESS, resolution=null} [CONTEXT service_id=132 ]
10-30 23:06:24.345  3960  3126 I SQLiteConnectionPool: The connection pool for /data/user/0/com.google.android.gms/databases/metadata.db has been closed but there are still 1 connections in use.  They will be closed as they are released back to the pool.
10-30 23:06:24.345  3960  4245 I FontLog : Pulling font file for id = 1122, cache size = 7 [CONTEXT service_id=132 ]
10-30 23:06:24.354  3960 30913 W FontLog : Error updating last accessed time for {Noto Color Emoji Compat, wdth 100.0, wght 400, ital 0.0, bestEffort false}. [CONTEXT service_id=132 ]
10-30 23:06:24.354  3960 30913 W FontLog : java.lang.IllegalStateException: Cannot perform this operation because the connection pool has been closed.
10-30 23:06:24.354  3960 30913 W FontLog : 	at android.database.sqlite.SQLiteConnectionPool.throwIfClosedLocked(SQLiteConnectionPool.java:962)
10-30 23:06:24.354  3960 30913 W FontLog : 	at android.database.sqlite.SQLiteConnectionPool.waitForConnection(SQLiteConnectionPool.java:677)
10-30 23:06:24.354  3960 30913 W FontLog : 	at android.database.sqlite.SQLiteConnectionPool.acquireConnection(SQLiteConnectionPool.java:348)
10-30 23:06:24.354  3960 30913 W FontLog : 	at android.database.sqlite.SQLiteSession.acquireConnection(SQLiteSession.java:894)
10-30 23:06:24.354  3960 30913 W FontLog : 	at android.database.sqlite.SQLiteSession.executeForChangedRowCount(SQLiteSession.java:752)
10-30 23:06:24.354  3960 30913 W FontLog : 	at android.database.sqlite.SQLiteStatement.executeUpdateDelete(SQLiteStatement.java:64)
10-30 23:06:24.354  3960 30913 W FontLog : 	at android.database.sqlite.SQLiteDatabase.executeSql(SQLiteDatabase.java:1679)
10-30 23:06:24.354  3960 30913 W FontLog : 	at android.database.sqlite.SQLiteDatabase.execSQL(SQLiteDatabase.java:1658)
10-30 23:06:24.354  3960 30913 W FontLog : 	at aksk.run(:com.google.android.gms@223616019@22.36.16 (040400-476895098):5)
10-30 23:06:24.354  3960 30913 W FontLog : 	at aarl.c(:com.google.android.gms@223616019@22.36.16 (040400-476895098):6)
10-30 23:06:24.354  3960 30913 W FontLog : 	at aarl.run(:com.google.android.gms@223616019@22.36.16 (040400-476895098):7)
10-30 23:06:24.354  3960 30913 W FontLog : 	at java.util.concurrent.ThreadPoolExecutor.runWorker(ThreadPoolExecutor.java:1162)
10-30 23:06:24.354  3960 30913 W FontLog : 	at java.util.concurrent.ThreadPoolExecutor$Worker.run(ThreadPoolExecutor.java:636)
10-30 23:06:24.354  3960 30913 W FontLog : 	at aaws.run(:com.google.android.gms@223616019@22.36.16 (040400-476895098):0)
10-30 23:06:24.354  3960 30913 W FontLog : 	at java.lang.Thread.run(Thread.java:764)
10-30 23:06:24.516  2946  2946 I zygote  : Deoptimizing boolean p73.a(java.util.Collection, java.util.Iterator) due to JIT inline cache
10-30 23:06:24.556  2946  2946 I zygote  : Deoptimizing void yn3.<init>(yn3$b) due to JIT inline cache
10-30 23:06:24.581  2946  2966 I zygote  : Background concurrent copying GC freed 92086(5MB) AllocSpace objects, 65(2MB) LOS objects, 49% free, 9MB/18MB, paused 770us total 129.883ms
10-30 23:06:24.586  2946  2953 I zygote  : Do partial code cache collection, code=503KB, data=353KB
10-30 23:06:24.588  2946  2953 I zygote  : After code cache collection, code=494KB, data=349KB
10-30 23:06:24.588  2946  2953 I zygote  : Increasing code cache capacity to 2MB
10-30 23:06:24.795   423   423 D SurfaceFlinger: duplicate layer name: changing com.opera.browser/com.opera.android.BrowserActivity to com.opera.browser/com.opera.android.BrowserActivity#1
10-30 23:06:24.892  3144  3156 I vndksupport: sphal namespace is not configured for this process. Loading libutils.so from the current namespace instead.
10-30 23:06:24.893  3502  3514 I vndksupport: sphal namespace is not configured for this process. Loading libutils.so from the current namespace instead.
10-30 23:06:24.896  2946  3164 I vndksupport: sphal namespace is not configured for this process. Loading libutils.so from the current namespace instead.
10-30 23:06:24.904   556   687 E Parcel  : Reading a NULL string not supported here.
10-30 23:06:24.904   556   687 W Parcel  : **** enforceInterface() expected 'IAAudioService' but read ''
10-30 23:06:24.904   360   360 E SELinux : avc:  denied  { find } for service=android.service.gatekeeper.IGateKeeperService pid=3543 uid=2000 scontext=u:r:shell:s0 tcontext=u:object_r:gatekeeper_service:s0 tclass=service_manager
10-30 23:06:24.905   360   360 E SELinux : avc:  denied  { find } for service=netd pid=3543 uid=2000 scontext=u:r:shell:s0 tcontext=u:object_r:netd_service:s0 tclass=service_manager
10-30 23:06:24.910  3543  3543 W atrace  : type=1400 audit(0.0:11277): avc: denied { call } for scontext=u:r:shell:s0 tcontext=u:r:wificond:s0 tclass=binder permissive=0
10-30 23:06:24.915   360   360 E SELinux : avc:  denied  { find } for service=installd pid=3543 uid=2000 scontext=u:r:shell:s0 tcontext=u:object_r:installd_service:s0 tclass=service_manager
10-30 23:06:24.927   361   361 E SELinux : avc:  denied  { find } for interface=android.frameworks.displayservice::IDisplayService pid=3543 scontext=u:r:shell:s0 tcontext=u:object_r:fwk_display_hwservice:s0 tclass=hwservice_manager
10-30 23:06:24.928   361   361 E SELinux : avc:  denied  { find } for interface=android.frameworks.schedulerservice::ISchedulingPolicyService pid=3543 scontext=u:r:shell:s0 tcontext=u:object_r:fwk_scheduler_hwservice:s0 tclass=hwservice_manager
10-30 23:06:24.929   361   361 E SELinux : avc:  denied  { find } for interface=android.frameworks.sensorservice::ISensorManager pid=3543 scontext=u:r:shell:s0 tcontext=u:object_r:fwk_sensor_hwservice:s0 tclass=hwservice_manager
10-30 23:06:24.930   361   361 E SELinux : avc:  denied  { find } for interface=android.hardware.biometrics.fingerprint::IBiometricsFingerprint pid=3543 scontext=u:r:shell:s0 tcontext=u:object_r:hal_fingerprint_hwservice:s0 tclass=hwservice_manager
10-30 23:06:24.931   361   361 E SELinux : avc:  denied  { find } for interface=android.hardware.dumpstate::IDumpstateDevice pid=3543 scontext=u:r:shell:s0 tcontext=u:object_r:hal_dumpstate_hwservice:s0 tclass=hwservice_manager
10-30 23:06:24.933   361   361 E SELinux : avc:  denied  { find } for interface=android.hardware.radio.deprecated::IOemHook pid=3543 scontext=u:r:shell:s0 tcontext=u:object_r:hal_telephony_hwservice:s0 tclass=hwservice_manager
10-30 23:06:24.934   361   361 E SELinux : avc:  denied  { find } for interface=android.hardware.radio::IRadio pid=3543 scontext=u:r:shell:s0 tcontext=u:object_r:hal_telephony_hwservice:s0 tclass=hwservice_manager
10-30 23:06:24.936   361   361 E SELinux : avc:  denied  { find } for interface=android.hardware.radio::ISap pid=3543 scontext=u:r:shell:s0 tcontext=u:object_r:hal_telephony_hwservice:s0 tclass=hwservice_manager
10-30 23:06:24.936   361   361 E SELinux : avc:  denied  { find } for interface=android.hardware.usb::IUsb pid=3543 scontext=u:r:shell:s0 tcontext=u:object_r:hal_usb_hwservice:s0 tclass=hwservice_manager
10-30 23:06:24.937   361   361 E SELinux : avc:  denied  { find } for interface=android.hardware.wifi.supplicant::ISupplicant pid=3543 scontext=u:r:shell:s0 tcontext=u:object_r:hal_wifi_supplicant_hwservice:s0 tclass=hwservice_manager
10-30 23:06:24.937   361   361 E SELinux : avc:  denied  { find } for interface=android.hardware.wifi::IWifi pid=3543 scontext=u:r:shell:s0 tcontext=u:object_r:hal_wifi_hwservice:s0 tclass=hwservice_manager
10-30 23:06:24.940   361   361 E SELinux : avc:  denied  { find } for interface=android.hidl.base::IBase pid=3543 scontext=u:r:shell:s0 tcontext=u:object_r:hidl_base_hwservice:s0 tclass=hwservice_manager
10-30 23:06:24.941   361   361 I chatty  : uid=1000(system) hwservicemanage identical 1 line
10-30 23:06:24.941   361   361 E SELinux : avc:  denied  { find } for interface=android.hidl.base::IBase pid=3543 scontext=u:r:shell:s0 tcontext=u:object_r:hidl_base_hwservice:s0 tclass=hwservice_manager
10-30 23:06:24.944   361   361 E SELinux : avc:  denied  { find } for interface=android.system.wifi.keystore::IKeystore pid=3543 scontext=u:r:shell:s0 tcontext=u:object_r:system_wifi_keystore_hwservice:s0 tclass=hwservice_manager
10-30 23:06:27.138  2946  2946 I zygote  : Deoptimizing int zd3.b(android.view.View) due to JIT inline cache
10-30 23:06:30.198   551   618 I ThermalEngine: ACTION: LCD - Setting max LCD brightness to 232
10-30 23:06:34.065 13542 13542 D BoundBrokerSvc: onUnbind: Intent { act=com.google.android.gms.measurement.START pkg=com.google.android.gms }
10-30 23:06:36.421   551   618 I ThermalEngine: ACTION: BATTERY - Setting battery charging mitigation to 3
10-30 23:06:58.500   772  3041 D WificondControl: Scan result ready event
10-30 23:06:58.570  3960  3971 I ChimeraSrvcProxy: NullBinder for android.net.action.RECOMMEND_NETWORKS triggering remote TransactionTooLargeException due to Service without Chimera impl
10-30 23:07:29.240   772 10895 I ActivityManager: Force stopping com.opera.browser appid=10099 user=0: from pid 3603
10-30 23:07:29.240   772 10895 I ActivityManager: Killing 3144:com.opera.browser:privileged_process0/u0a99 (adj 0): stop com.opera.browser
10-30 23:07:29.240   772 10895 W ActivityManager: Scheduling restart of crashed service com.opera.browser/com.opera.android.browser.chromium.services.PrivilegedProcessService0 in 1000ms
10-30 23:07:29.244   772 10895 I ActivityManager: Killing 2946:com.opera.browser/u0a99 (adj 0): stop com.opera.browser
10-30 23:07:29.251   772 10895 W ActivityManager: Force removing ActivityRecord{3d58c4e u0 com.opera.browser/com.opera.android.BrowserActivity t634}: app died, no saved state
10-30 23:07:29.262  3502  3502 I zygote  : System.exit called, status: 0
10-30 23:07:29.262  3502  3502 I AndroidRuntime: VM exiting with result code 0, cleanup skipped.
10-30 23:07:29.320   772  3086 I OpenGLRenderer: Initialized EGL, version 1.4
10-30 23:07:29.321   772  3086 D OpenGLRenderer: Swap behavior 2
10-30 23:07:29.337   772 10895 I ActivityManager: Killing 3502:com.opera.browser:sandboxed_process0/u0a99 (adj 0): stop com.opera.browser
10-30 23:07:29.350  1311  1311 D CarrierSvcBindHelper: No carrier app for: 0
10-30 23:07:29.364   772  1327 D WindowManager: relayoutVisibleWindow: Window{87fb20c u0 com.google.android.googlequicksearchbox/com.google.android.launcher.GEL EXITING} mAnimatingExit=true, mRemoveOnExit=false, mDestroying=true
10-30 23:07:29.369  2964  2964 D RegisteredNfcFServicesCache: Service unchanged, not updating
10-30 23:07:29.371   772 13022 D ConnectivityService: ConnectivityService NetworkRequestInfo binderDied(NetworkRequest [ LISTEN id=1514, [ Capabilities: INTERNET&NOT_RESTRICTED&TRUSTED&FOREGROUND] ], android.os.BinderProxy@bd5d32)
10-30 23:07:29.371   772 13071 D ConnectivityService: ConnectivityService NetworkRequestInfo binderDied(NetworkRequest [ LISTEN id=1513, [ Capabilities: INTERNET&NOT_RESTRICTED&TRUSTED&FOREGROUND] ], android.os.BinderProxy@9b21a83)
10-30 23:07:29.372   772   862 E ConnectivityService: RemoteException caught trying to send a callback msg for NetworkRequest [ LISTEN id=1513, [ Capabilities: INTERNET&NOT_RESTRICTED&TRUSTED&FOREGROUND] ]
10-30 23:07:29.377 13325 13387 I Adreno  : QUALCOMM build                   : 7142022, Ib5823dd10c
10-30 23:07:29.377 13325 13387 I Adreno  : Build Date                       : 06/23/17
10-30 23:07:29.377 13325 13387 I Adreno  : OpenGL ES Shader Compiler Version: EV031.18.00.00
10-30 23:07:29.377 13325 13387 I Adreno  : Local Branch                     : O11A
10-30 23:07:29.377 13325 13387 I Adreno  : Remote Branch                    : 
10-30 23:07:29.377 13325 13387 I Adreno  : Remote Branch                    : 
10-30 23:07:29.377 13325 13387 I Adreno  : Reconstruct Branch               : 
10-30 23:07:29.378   772 13021 I WindowManager: WIN DEATH: Window{833f5f1 u0 com.opera.browser/com.opera.android.BrowserActivity}
10-30 23:07:29.379 13325 13387 I vndksupport: sphal namespace is not configured for this process. Loading /vendor/lib64/hw/gralloc.msm8992.so from the current namespace instead.
10-30 23:07:29.383 13325 13387 I Adreno  : PFP: 0x00000000, ME: 0x00000000
10-30 23:07:29.386 13325 13387 I OpenGLRenderer: Initialized EGL, version 1.4
10-30 23:07:29.386 13325 13387 D OpenGLRenderer: Swap behavior 2
10-30 23:07:29.387   772   845 W InputDispatcher: channel 'b206907 com.opera.browser/com.opera.android.BrowserActivity (server)' ~ Consumer closed input channel or an error occurred.  events=0x9
10-30 23:07:29.387   772   845 E InputDispatcher: channel 'b206907 com.opera.browser/com.opera.android.BrowserActivity (server)' ~ Channel is unrecoverably broken and will be disposed!
10-30 23:07:29.387   772   862 E ConnectivityService: RemoteException caught trying to send a callback msg for NetworkRequest [ LISTEN id=1514, [ Capabilities: INTERNET&NOT_RESTRICTED&TRUSTED&FOREGROUND] ]
10-30 23:07:29.390   772  3041 I WindowManager: WIN DEATH: Window{b206907 u0 com.opera.browser/com.opera.android.BrowserActivity}
10-30 23:07:29.390   772  3041 W InputDispatcher: Attempted to unregister already unregistered input channel 'b206907 com.opera.browser/com.opera.android.BrowserActivity (server)'
10-30 23:07:29.416   772   797 W ActivityManager: setHasOverlayUi called on unknown pid: 2946
10-30 23:07:29.456   772  3854 W ActivityManager: Unable to start service Intent { act=com.google.android.gms.speech.service.START pkg=com.google.android.gms } U=0: not found
10-30 23:07:29.457   772  3041 W ActivityManager: Unbind failed: could not find connection for android.os.BinderProxy@abf2da9
10-30 23:07:29.457 17730 17779 E GmsClient: unable to connect to service: com.google.android.gms.speech.service.START on com.google.android.gms
10-30 23:07:29.467 17730 17741 W SessionLifecycleManager: Handover failed. Creating new session controller.
10-30 23:07:29.472 17730 17730 I OptInState: There is a new client and it does not support opt-in. Dropping request.
10-30 23:07:29.474   926   942 I zygote64: NativeAllocBackground concurrent copying GC freed 22779(884KB) AllocSpace objects, 0(0B) LOS objects, 49% free, 5MB/10MB, paused 328us total 120.191ms
10-30 23:07:29.512 17730 17730 I MicroDetectionWorker: #updateMicroDetector [detectionMode: [mDetectionMode: [1]]]
10-30 23:07:29.512 17730 17730 I MicroDetectionWorker: #startMicroDetector [speakerMode: 0]
10-30 23:07:29.516 17730 17730 I MicroDetectionWorker: onReady
10-30 23:07:29.518 17730 17754 I MicroRecognitionRunner: Starting detection.
10-30 23:07:29.526 17730 17761 I MicrophoneInputStream: mic_starting com.google.android.apps.gsa.speech.audio.af@42b3771
10-30 23:07:29.527   556   687 W DeviceHAL: Device 0xefa2d000 open_input_stream: Invalid argument
10-30 23:07:29.532   556  3617 I AudioFlinger: AudioFlinger's thread 0xec907c40 tid=3617 ready to run
10-30 23:07:29.543 17730 17761 I MicrophoneInputStream: mic_started com.google.android.apps.gsa.speech.audio.af@42b3771
10-30 23:07:29.544   556   753 I SoundTriggerHwService::Module: onCallbackEvent no clients
10-30 23:07:29.550   556  3618 D sound_trigger_platform: platform_stdev_check_and_update_concurrency: concurrency active 0, tx 1, rx 0, concurrency session_allowed 0
10-30 23:07:29.550   556  3618 D audio_hw_primary: enable_snd_device: snd_device(72: voice-rec-mic)
10-30 23:07:29.557   556  3618 D audio_hw_primary: enable_audio_route: usecase(9) apply and update mixer path: audio-record
10-30 23:07:29.608 17730 17739 I zygote64: Background concurrent copying GC freed 7563(518KB) AllocSpace objects, 7(188KB) LOS objects, 49% free, 2MB/4MB, paused 5.044ms total 88.569ms
10-30 23:07:29.624 17730 17730 I MicroDetectionWorker: onReady
10-30 23:07:29.929 13325 13387 W OpenGLRenderer: Incorrectly called buildLayer on View: ShortcutAndWidgetContainer, destroying layer...
10-30 23:07:30.095  3607  3607 D AndroidRuntime: >>>>>> START com.android.internal.os.RuntimeInit uid 2000 <<<<<<
10-30 23:07:30.342  3607  3607 D AndroidRuntime: Calling main entry com.android.commands.pm.Pm
10-30 23:07:30.349   772  2970 I ActivityManager: Force stopping com.opera.browser appid=10099 user=0: clear data
10-30 23:07:30.354   772   788 I ActivityManager: Force stopping com.opera.browser appid=10099 user=-1: clearApplicationUserData
10-30 23:07:30.403   560   560 I keystore: clear_uid 10099
10-30 23:07:30.446  1311  1311 D CarrierSvcBindHelper: No carrier app for: 0
10-30 23:07:30.460  3607  3607 I app_process: System.exit called, status: 0
10-30 23:07:30.460  3607  3607 I AndroidRuntime: VM exiting with result code 0.
10-30 23:07:30.461   772   787 W ResourceType: No known package when getting value for resource number 0x7f100007
10-30 23:07:30.461   772   787 W ResourceType: No known package when getting value for resource number 0x7f13090c
10-30 23:07:30.461   772   787 W ResourceType: No known package when getting value for resource number 0x7f100005
10-30 23:07:30.461   772   787 W ResourceType: No known package when getting value for resource number 0x7f13090a
10-30 23:07:30.461   772   787 W ResourceType: No known package when getting value for resource number 0x7f100004
10-30 23:07:30.461   772   787 W ResourceType: No known package when getting value for resource number 0x7f130909
10-30 23:07:30.462   772   787 W ResourceType: No known package when getting value for resource number 0x7f100006
10-30 23:07:30.462   772   787 W ResourceType: No known package when getting value for resource number 0x7f13090b
10-30 23:07:30.464  2964  2964 D RegisteredNfcFServicesCache: Service unchanged, not updating
10-30 23:07:30.494  3960  3633 I Fitness : FitCleanupIntentOperation received Intent android.intent.action.PACKAGE_DATA_CLEARED [CONTEXT service_id=17 ]
10-30 23:07:30.519 13542 13644 I Icing   : doRemovePackageData com.opera.browser
10-30 23:07:30.855   772   784 I ActivityManager: Force stopping com.opera.browser appid=10099 user=0: from pid 3659
10-30 23:07:30.868  1311  1311 D CarrierSvcBindHelper: No carrier app for: 0
10-30 23:07:30.875  2964  2964 D RegisteredNfcFServicesCache: Service unchanged, not updating
10-30 23:07:31.597  3661  3661 D AndroidRuntime: >>>>>> START com.android.internal.os.RuntimeInit uid 2000 <<<<<<
10-30 23:07:31.842  3661  3661 D AndroidRuntime: Calling main entry com.android.commands.pm.Pm
10-30 23:07:31.849   772 10894 I ActivityManager: Force stopping com.opera.browser appid=10099 user=0: clear data
10-30 23:07:31.851   772   788 I ActivityManager: Force stopping com.opera.browser appid=10099 user=-1: clearApplicationUserData
10-30 23:07:31.854   560   560 I keystore: clear_uid 10099
10-30 23:07:31.878  1311  1311 D CarrierSvcBindHelper: No carrier app for: 0
10-30 23:07:31.882  3661  3661 I app_process: System.exit called, status: 0
10-30 23:07:31.882  3661  3661 I AndroidRuntime: VM exiting with result code 0.
10-30 23:07:31.884   772   787 W ResourceType: No known package when getting value for resource number 0x7f100007
10-30 23:07:31.884   772   787 W ResourceType: No known package when getting value for resource number 0x7f13090c
10-30 23:07:31.884   772   787 W ResourceType: No known package when getting value for resource number 0x7f100005
10-30 23:07:31.884   772   787 W ResourceType: No known package when getting value for resource number 0x7f13090a
10-30 23:07:31.884   772   787 W ResourceType: No known package when getting value for resource number 0x7f100004
10-30 23:07:31.884   772   787 W ResourceType: No known package when getting value for resource number 0x7f130909
10-30 23:07:31.884   772   787 W ResourceType: No known package when getting value for resource number 0x7f100006
10-30 23:07:31.884   772   787 W ResourceType: No known package when getting value for resource number 0x7f13090b
10-30 23:07:31.898  2964  2964 D RegisteredNfcFServicesCache: Service unchanged, not updating
10-30 23:07:31.907  3960  3637 I Fitness : FitCleanupIntentOperation received Intent android.intent.action.PACKAGE_DATA_CLEARED [CONTEXT service_id=17 ]
10-30 23:07:31.931 13542 13644 I Icing   : doRemovePackageData com.opera.browser
