10-30 20:53:34.957   372   376 D DrmLibTime: QSEE Time Listener: ATS_MODEM is not set. Fallback to Android system time.
10-30 20:53:34.957   372   376 D DrmLibTime: QSEE Time Listener: Retrieved Android system time: 1667159614
10-30 20:53:34.957   372   376 D DrmLibTime: time_getutcsec returns 0, sec = 1667159614; nsec = 0
10-30 20:53:34.957   372   376 D DrmLibTime: time_getutcsec finished! 
10-30 20:53:34.957   372   376 D DrmLibTime: iotcl_continue_command finished! and return 0 
10-30 20:53:34.957   372   376 D DrmLibTime: before calling ioctl to read the next time_cmd
10-30 20:53:34.958   625   647 E QC-time-services: Daemon: Time-services: Waiting to acceptconnection
10-30 20:53:34.977   372   376 D DrmLibTime: got the req here! ret=0
10-30 20:53:34.977   372   376 D DrmLibTime: command id, time_cmd_id = 770
10-30 20:53:34.977   372   376 D DrmLibTime: time_getutcsec starts!
10-30 20:53:34.977   372   376 D DrmLibTime: QSEE Time Listener: time_getutcsec
10-30 20:53:34.977   372   376 D DrmLibTime: QSEE Time Listener: get_utc_seconds
10-30 20:53:34.977   372   376 D DrmLibTime: QSEE Time Listener: time_get_modem_time
10-30 20:53:34.977   372   376 D DrmLibTime: QSEE Time Listener: Checking if ATS_MODEM is set or not.
10-30 20:53:34.977   372   376 D QC-time-services: Lib:time_genoff_operation: pargs->base = 13
10-30 20:53:34.977   372   376 D QC-time-services: Lib:time_genoff_operation: pargs->operation = 2
10-30 20:53:34.977   372   376 D QC-time-services: Lib:time_genoff_operation: pargs->ts_val = 0
10-30 20:53:34.977   372   376 D QC-time-services: Lib:time_genoff_operation: Send to server  passed!!
10-30 20:53:34.977   625   647 D QC-time-services: Daemon: Connection accepted:time_genoff
10-30 20:53:34.982   625  1532 D QC-time-services: Daemon:Received base = 13, unit = 1, operation = 2,value = 0
10-30 20:53:34.982   625  1532 D QC-time-services: Daemon:genoff_opr: Base = 13, val = 0, operation = 2
10-30 20:53:34.982   625  1532 D QC-time-services: offset is: 0 for base: 13
10-30 20:53:34.983   372   376 E QC-time-services: Receive Passed == base = 13, unit = 1, operation = 2, result = 0
10-30 20:53:34.983   372   376 D DrmLibTime: QSEE Time Listener: ATS_MODEM is not set. Fallback to Android system time.
10-30 20:53:34.983   372   376 D DrmLibTime: QSEE Time Listener: Retrieved Android system time: 1667159614
10-30 20:53:34.983   372   376 D DrmLibTime: time_getutcsec returns 0, sec = 1667159614; nsec = 0
10-30 20:53:34.983   372   376 D DrmLibTime: time_getutcsec finished! 
10-30 20:53:34.983   372   376 D DrmLibTime: iotcl_continue_command finished! and return 0 
10-30 20:53:34.983   372   376 D DrmLibTime: before calling ioctl to read the next time_cmd
10-30 20:53:34.983   625   647 E QC-time-services: Daemon: Time-services: Waiting to acceptconnection
10-30 20:53:35.005   372   376 D DrmLibTime: got the req here! ret=0
10-30 20:53:35.005   372   376 D DrmLibTime: command id, time_cmd_id = 770
10-30 20:53:35.005   372   376 D DrmLibTime: time_getutcsec starts!
10-30 20:53:35.005   372   376 D DrmLibTime: QSEE Time Listener: time_getutcsec
10-30 20:53:35.005   372   376 D DrmLibTime: QSEE Time Listener: get_utc_seconds
10-30 20:53:35.005   372   376 D DrmLibTime: QSEE Time Listener: time_get_modem_time
10-30 20:53:35.005   372   376 D DrmLibTime: QSEE Time Listener: Checking if ATS_MODEM is set or not.
10-30 20:53:35.005   372   376 D QC-time-services: Lib:time_genoff_operation: pargs->base = 13
10-30 20:53:35.005   372   376 D QC-time-services: Lib:time_genoff_operation: pargs->operation = 2
10-30 20:53:35.005   372   376 D QC-time-services: Lib:time_genoff_operation: pargs->ts_val = 0
10-30 20:53:35.006   372   376 D QC-time-services: Lib:time_genoff_operation: Send to server  passed!!
10-30 20:53:35.006   625   647 D QC-time-services: Daemon: Connection accepted:time_genoff
10-30 20:53:35.010   625  1535 D QC-time-services: Daemon:Received base = 13, unit = 1, operation = 2,value = 0
10-30 20:53:35.010   625  1535 D QC-time-services: Daemon:genoff_opr: Base = 13, val = 0, operation = 2
10-30 20:53:35.010   625  1535 D QC-time-services: offset is: 0 for base: 13
10-30 20:53:35.011   372   376 E QC-time-services: Receive Passed == base = 13, unit = 1, operation = 2, result = 0
10-30 20:53:35.011   372   376 D DrmLibTime: QSEE Time Listener: ATS_MODEM is not set. Fallback to Android system time.
10-30 20:53:35.011   372   376 D DrmLibTime: QSEE Time Listener: Retrieved Android system time: 1667159615
10-30 20:53:35.011   372   376 D DrmLibTime: time_getutcsec returns 0, sec = 1667159615; nsec = 0
10-30 20:53:35.011   372   376 D DrmLibTime: time_getutcsec finished! 
10-30 20:53:35.011   372   376 D DrmLibTime: iotcl_continue_command finished! and return 0 
10-30 20:53:35.011   372   376 D DrmLibTime: before calling ioctl to read the next time_cmd
10-30 20:53:35.012   625   647 E QC-time-services: Daemon: Time-services: Waiting to acceptconnection
10-30 20:53:35.238   772 13022 I ActivityManager: Start proc 1539:com.opera.browser:sandboxed_process0/u0a99 for service com.opera.browser/com.opera.android.browser.chromium.services.SandboxedProcessService0
10-30 20:53:35.272  3960 27124 W NetworkScheduler: Error inserting period=5055000 preferred_charging_state=1 preferred_network_type=1 target_class=com.google.android.gms.measurement.PackageMeasurementTaskService required_network_type=0 runtime=1667159615268 required_idleness_state=0 source=16 service_kind=0 target_package=com.google.android.gms persistence_level=1 source_version=223616000 last_runtime=0 user_id=0 job_id=-1 requires_charging=0 tag=Measurement.PackageMeasurementTaskService.UPLOAD_TASK_TAG flex_time=2527000 task_type=0 retry_strategy={"maximum_backoff_seconds":{"3600":0},"initial_backoff_seconds":{"30":0},"retry_policy":{"0":0}} [CONTEXT service_id=218 ]
10-30 20:53:35.272  3960 27124 W NetworkScheduler: android.database.sqlite.SQLiteConstraintException: UNIQUE constraint failed: pending_ops.tag, pending_ops.target_class, pending_ops.target_package, pending_ops.user_id (code 2067)
10-30 20:53:35.272  3960 27124 W NetworkScheduler: 	at android.database.sqlite.SQLiteConnection.nativeExecuteForLastInsertedRowId(Native Method)
10-30 20:53:35.272  3960 27124 W NetworkScheduler: 	at android.database.sqlite.SQLiteConnection.executeForLastInsertedRowId(SQLiteConnection.java:782)
10-30 20:53:35.272  3960 27124 W NetworkScheduler: 	at android.database.sqlite.SQLiteSession.executeForLastInsertedRowId(SQLiteSession.java:788)
10-30 20:53:35.272  3960 27124 W NetworkScheduler: 	at android.database.sqlite.SQLiteStatement.executeInsert(SQLiteStatement.java:86)
10-30 20:53:35.272  3960 27124 W NetworkScheduler: 	at android.database.sqlite.SQLiteDatabase.insertWithOnConflict(SQLiteDatabase.java:1474)
10-30 20:53:35.272  3960 27124 W NetworkScheduler: 	at android.database.sqlite.SQLiteDatabase.insertOrThrow(SQLiteDatabase.java:1369)
10-30 20:53:35.272  3960 27124 W NetworkScheduler: 	at biel.g(:com.google.android.gms@223616019@22.36.16 (040400-476895098):52)
10-30 20:53:35.272  3960 27124 W NetworkScheduler: 	at bide.n(:com.google.android.gms@223616019@22.36.16 (040400-476895098):3)
10-30 20:53:35.272  3960 27124 W NetworkScheduler: 	at bide.u(:com.google.android.gms@223616019@22.36.16 (040400-476895098):20)
10-30 20:53:35.272  3960 27124 W NetworkScheduler: 	at bide.h(:com.google.android.gms@223616019@22.36.16 (040400-476895098):3)
10-30 20:53:35.272  3960 27124 W NetworkScheduler: 	at bhyv.run(:com.google.android.gms@223616019@22.36.16 (040400-476895098):9)
10-30 20:53:35.272  3960 27124 W NetworkScheduler: 	at aarl.c(:com.google.android.gms@223616019@22.36.16 (040400-476895098):6)
10-30 20:53:35.272  3960 27124 W NetworkScheduler: 	at aarl.run(:com.google.android.gms@223616019@22.36.16 (040400-476895098):7)
10-30 20:53:35.272  3960 27124 W NetworkScheduler: 	at java.util.concurrent.ThreadPoolExecutor.runWorker(ThreadPoolExecutor.java:1162)
10-30 20:53:35.272  3960 27124 W NetworkScheduler: 	at java.util.concurrent.ThreadPoolExecutor$Worker.run(ThreadPoolExecutor.java:636)
10-30 20:53:35.272  3960 27124 W NetworkScheduler: 	at aaws.run(:com.google.android.gms@223616019@22.36.16 (040400-476895098):0)
10-30 20:53:35.272  3960 27124 W NetworkScheduler: 	at java.lang.Thread.run(Thread.java:764)
10-30 20:53:35.307  1539  1539 I LoadedApk: No resource references to update in package com.opera.browser.nord_vpn
10-30 20:53:35.533   361   361 W /system/bin/hwservicemanager: getTransportFromManifest: Cannot find entry android.hardware.graphics.mapper@2.0::IMapper in either framework or device manifest, using default transport.
10-30 20:53:35.538  1113  1133 I vndksupport: sphal namespace is not configured for this process. Loading /vendor/lib/hw/gralloc.msm8992.so from the current namespace instead.
10-30 20:53:35.551  3960  3971 I FontLog : Received query name=Google Sans&weight=700&besteffort=false, URI content://com.google.android.gms.fonts [CONTEXT service_id=132 ]
10-30 20:53:35.551  3960  3971 I FontLog : Query [name=Google Sans&weight=700&besteffort=false] resolved to {Google Sans, wdth 100.0, wght 700, ital 0.0, bestEffort false} [CONTEXT service_id=132 ]
10-30 20:53:35.553  3960  3971 I FontLog : Fetch {Google Sans, wdth 100.0, wght 700, ital 0.0, bestEffort false} end status Status{statusCode=SUCCESS, resolution=null} [CONTEXT service_id=132 ]
10-30 20:53:35.563  3960  4217 I FontLog : Pulling font file for id = 512, cache size = 5 [CONTEXT service_id=132 ]
10-30 20:53:35.578  3960  4245 I FontLog : Received query name=Noto Color Emoji Compat&weight=400&besteffort=false, URI content://com.google.android.gms.fonts [CONTEXT service_id=132 ]
10-30 20:53:35.578  3960  4245 I FontLog : Query [name=Noto Color Emoji Compat&weight=400&besteffort=false] resolved to {Noto Color Emoji Compat, wdth 100.0, wght 400, ital 0.0, bestEffort false} [CONTEXT service_id=132 ]
10-30 20:53:35.586  3960  4245 I FontLog : Fetch {Noto Color Emoji Compat, wdth 100.0, wght 400, ital 0.0, bestEffort false} end status Status{statusCode=SUCCESS, resolution=null} [CONTEXT service_id=132 ]
10-30 20:53:35.600  3960  4217 I FontLog : Pulling font file for id = 513, cache size = 5 [CONTEXT service_id=132 ]
10-30 20:53:35.606  3960  3971 I FontLog : Received query name=Google Sans&weight=400&besteffort=false, URI content://com.google.android.gms.fonts [CONTEXT service_id=132 ]
10-30 20:53:35.606  3960  3971 I FontLog : Query [name=Google Sans&weight=400&besteffort=false] resolved to {Google Sans, wdth 100.0, wght 400, ital 0.0, bestEffort false} [CONTEXT service_id=132 ]
10-30 20:53:35.607  3960  3971 I FontLog : Font PFD returned from cache for {Google Sans, wdth 100.0, wght 400, ital 0.0, bestEffort false} [CONTEXT service_id=132 ]
10-30 20:53:35.607  3960  3971 I FontLog : Fetch {Google Sans, wdth 100.0, wght 400, ital 0.0, bestEffort false} end status Status{statusCode=SUCCESS, resolution=null} [CONTEXT service_id=132 ]
10-30 20:53:35.610  3960  3972 I FontLog : Pulling font file for id = 514, cache size = 5 [CONTEXT service_id=132 ]
10-30 20:53:35.614  3960  4217 I FontLog : Received query name=Google Sans&weight=500&besteffort=false, URI content://com.google.android.gms.fonts [CONTEXT service_id=132 ]
10-30 20:53:35.614  3960  4217 I FontLog : Query [name=Google Sans&weight=500&besteffort=false] resolved to {Google Sans, wdth 100.0, wght 500, ital 0.0, bestEffort false} [CONTEXT service_id=132 ]
10-30 20:53:35.615  3960  4217 I FontLog : Font PFD returned from cache for {Google Sans, wdth 100.0, wght 500, ital 0.0, bestEffort false} [CONTEXT service_id=132 ]
10-30 20:53:35.615  3960  4217 I FontLog : Fetch {Google Sans, wdth 100.0, wght 500, ital 0.0, bestEffort false} end status Status{statusCode=SUCCESS, resolution=null} [CONTEXT service_id=132 ]
10-30 20:53:35.618  3960  4151 I FontLog : Pulling font file for id = 515, cache size = 5 [CONTEXT service_id=132 ]
10-30 20:53:35.655  3960  1572 I SQLiteConnectionPool: The connection pool for /data/user/0/com.google.android.gms/databases/metadata.db has been closed but there are still 1 connections in use.  They will be closed as they are released back to the pool.
10-30 20:53:35.723   955   955 I zygote  : Deoptimizing void yn3.<init>(yn3$b) due to JIT inline cache
10-30 20:53:35.774   955   955 I zygote  : Deoptimizing boolean p73.a(java.util.Collection, java.util.Iterator) due to JIT inline cache
10-30 20:53:35.778   955   960 I zygote  : Do partial code cache collection, code=508KB, data=361KB
10-30 20:53:35.779   955   960 I zygote  : After code cache collection, code=482KB, data=350KB
10-30 20:53:35.779   955   960 I zygote  : Increasing code cache capacity to 2MB
10-30 20:53:35.813   955   969 I vndksupport: sphal namespace is not configured for this process. Loading libutils.so from the current namespace instead.
10-30 20:53:35.813  1539  1551 I vndksupport: sphal namespace is not configured for this process. Loading libutils.so from the current namespace instead.
10-30 20:53:35.814  1113  1127 I vndksupport: sphal namespace is not configured for this process. Loading libutils.so from the current namespace instead.
10-30 20:53:35.824   556   556 E Parcel  : Reading a NULL string not supported here.
10-30 20:53:35.825   556   556 W Parcel  : **** enforceInterface() expected 'IAAudioService' but read ''
10-30 20:53:35.826   360   360 E SELinux : avc:  denied  { find } for service=android.service.gatekeeper.IGateKeeperService pid=1569 uid=2000 scontext=u:r:shell:s0 tcontext=u:object_r:gatekeeper_service:s0 tclass=service_manager
10-30 20:53:35.826   360   360 E SELinux : avc:  denied  { find } for service=netd pid=1569 uid=2000 scontext=u:r:shell:s0 tcontext=u:object_r:netd_service:s0 tclass=service_manager
10-30 20:53:35.835  1569  1569 W atrace  : type=1400 audit(0.0:9783): avc: denied { call } for scontext=u:r:shell:s0 tcontext=u:r:wificond:s0 tclass=binder permissive=0
10-30 20:53:35.838   360   360 E SELinux : avc:  denied  { find } for service=installd pid=1569 uid=2000 scontext=u:r:shell:s0 tcontext=u:object_r:installd_service:s0 tclass=service_manager
10-30 20:53:35.844   361   361 E SELinux : avc:  denied  { find } for interface=android.frameworks.displayservice::IDisplayService pid=1569 scontext=u:r:shell:s0 tcontext=u:object_r:fwk_display_hwservice:s0 tclass=hwservice_manager
10-30 20:53:35.844   361   361 E SELinux : avc:  denied  { find } for interface=android.frameworks.schedulerservice::ISchedulingPolicyService pid=1569 scontext=u:r:shell:s0 tcontext=u:object_r:fwk_scheduler_hwservice:s0 tclass=hwservice_manager
10-30 20:53:35.845   361   361 E SELinux : avc:  denied  { find } for interface=android.frameworks.sensorservice::ISensorManager pid=1569 scontext=u:r:shell:s0 tcontext=u:object_r:fwk_sensor_hwservice:s0 tclass=hwservice_manager
10-30 20:53:35.846   361   361 E SELinux : avc:  denied  { find } for interface=android.hardware.biometrics.fingerprint::IBiometricsFingerprint pid=1569 scontext=u:r:shell:s0 tcontext=u:object_r:hal_fingerprint_hwservice:s0 tclass=hwservice_manager
10-30 20:53:35.848   361   361 E SELinux : avc:  denied  { find } for interface=android.hardware.dumpstate::IDumpstateDevice pid=1569 scontext=u:r:shell:s0 tcontext=u:object_r:hal_dumpstate_hwservice:s0 tclass=hwservice_manager
10-30 20:53:35.850   361   361 E SELinux : avc:  denied  { find } for interface=android.hardware.radio.deprecated::IOemHook pid=1569 scontext=u:r:shell:s0 tcontext=u:object_r:hal_telephony_hwservice:s0 tclass=hwservice_manager
10-30 20:53:35.856   361   361 E SELinux : avc:  denied  { find } for interface=android.hardware.radio::IRadio pid=1569 scontext=u:r:shell:s0 tcontext=u:object_r:hal_telephony_hwservice:s0 tclass=hwservice_manager
10-30 20:53:35.857   361   361 E SELinux : avc:  denied  { find } for interface=android.hardware.radio::ISap pid=1569 scontext=u:r:shell:s0 tcontext=u:object_r:hal_telephony_hwservice:s0 tclass=hwservice_manager
10-30 20:53:35.858   361   361 E SELinux : avc:  denied  { find } for interface=android.hardware.usb::IUsb pid=1569 scontext=u:r:shell:s0 tcontext=u:object_r:hal_usb_hwservice:s0 tclass=hwservice_manager
10-30 20:53:35.859   361   361 E SELinux : avc:  denied  { find } for interface=android.hardware.wifi.supplicant::ISupplicant pid=1569 scontext=u:r:shell:s0 tcontext=u:object_r:hal_wifi_supplicant_hwservice:s0 tclass=hwservice_manager
10-30 20:53:35.860   361   361 E SELinux : avc:  denied  { find } for interface=android.hardware.wifi::IWifi pid=1569 scontext=u:r:shell:s0 tcontext=u:object_r:hal_wifi_hwservice:s0 tclass=hwservice_manager
10-30 20:53:35.861   361   361 E SELinux : avc:  denied  { find } for interface=android.hidl.base::IBase pid=1569 scontext=u:r:shell:s0 tcontext=u:object_r:hidl_base_hwservice:s0 tclass=hwservice_manager
10-30 20:53:35.862   361   361 I chatty  : uid=1000(system) hwservicemanage identical 1 line
10-30 20:53:35.863   361   361 E SELinux : avc:  denied  { find } for interface=android.hidl.base::IBase pid=1569 scontext=u:r:shell:s0 tcontext=u:object_r:hidl_base_hwservice:s0 tclass=hwservice_manager
10-30 20:53:35.865   361   361 E SELinux : avc:  denied  { find } for interface=android.system.wifi.keystore::IKeystore pid=1569 scontext=u:r:shell:s0 tcontext=u:object_r:system_wifi_keystore_hwservice:s0 tclass=hwservice_manager
10-30 20:53:38.290   955   955 I zygote  : Deoptimizing int zd3.b(android.view.View) due to JIT inline cache
10-30 20:53:41.901   551   618 I ThermalEngine: ACTION: LCD - Setting max LCD brightness to 232
10-30 20:53:43.767   551   618 I ThermalEngine: ACTION: BATTERY - Setting battery charging mitigation to 3
10-30 20:53:45.255 31215 31215 D BoundBrokerSvc: onUnbind: Intent { act=com.google.android.gms.measurement.START pkg=com.google.android.gms }
10-30 20:54:40.486   772  1327 I ActivityManager: Force stopping com.opera.browser appid=10099 user=0: from pid 1665
10-30 20:54:40.487   772  1327 I ActivityManager: Killing 1113:com.opera.browser:privileged_process0/u0a99 (adj 0): stop com.opera.browser
10-30 20:54:40.488   772  1327 W ActivityManager: Scheduling restart of crashed service com.opera.browser/com.opera.android.browser.chromium.services.PrivilegedProcessService0 in 1000ms
10-30 20:54:40.493   772  1327 I ActivityManager: Killing 955:com.opera.browser/u0a99 (adj 0): stop com.opera.browser
10-30 20:54:40.502   772  1327 W ActivityManager: Force removing ActivityRecord{509168a u0 com.opera.browser/com.opera.android.BrowserActivity t568}: app died, no saved state
10-30 20:54:40.509   772  1327 I WindowManager: Failed to capture screenshot of Token{278d4fb ActivityRecord{509168a u0 com.opera.browser/com.opera.android.BrowserActivity t568 f}} appWin=Window{c11401d u0 com.opera.browser/com.opera.android.BrowserActivity} drawState=4
10-30 20:54:40.523  1539  1539 I zygote  : System.exit called, status: 0
10-30 20:54:40.523  1539  1539 I AndroidRuntime: VM exiting with result code 0, cleanup skipped.
10-30 20:54:40.524   772  1327 I ActivityManager: Killing 1539:com.opera.browser:sandboxed_process0/u0a99 (adj 0): stop com.opera.browser
10-30 20:54:40.534  1311  1311 D CarrierSvcBindHelper: No carrier app for: 0
10-30 20:54:40.549   772 20193 D WindowManager: relayoutVisibleWindow: Window{aaeb1b9 u0 com.google.android.googlequicksearchbox/com.google.android.launcher.GEL EXITING} mAnimatingExit=true, mRemoveOnExit=false, mDestroying=true
10-30 20:54:40.550  2964  2964 D RegisteredNfcFServicesCache: Service unchanged, not updating
10-30 20:54:40.558 31447 31489 I Adreno  : QUALCOMM build                   : 7142022, Ib5823dd10c
10-30 20:54:40.558 31447 31489 I Adreno  : Build Date                       : 06/23/17
10-30 20:54:40.558 31447 31489 I Adreno  : OpenGL ES Shader Compiler Version: EV031.18.00.00
10-30 20:54:40.558 31447 31489 I Adreno  : Local Branch                     : O11A
10-30 20:54:40.558 31447 31489 I Adreno  : Remote Branch                    : 
10-30 20:54:40.558 31447 31489 I Adreno  : Remote Branch                    : 
10-30 20:54:40.558 31447 31489 I Adreno  : Reconstruct Branch               : 
10-30 20:54:40.561 31447 31489 I vndksupport: sphal namespace is not configured for this process. Loading /vendor/lib64/hw/gralloc.msm8992.so from the current namespace instead.
10-30 20:54:40.568 31447 31489 I Adreno  : PFP: 0x00000000, ME: 0x00000000
10-30 20:54:40.576 31447 31489 I OpenGLRenderer: Initialized EGL, version 1.4
10-30 20:54:40.576 31447 31489 D OpenGLRenderer: Swap behavior 2
10-30 20:54:40.605   772   996 W ActivityManager: Unable to start service Intent { act=com.google.android.gms.speech.service.START pkg=com.google.android.gms } U=0: not found
10-30 20:54:40.607   772  3041 W ActivityManager: Unbind failed: could not find connection for android.os.BinderProxy@7441b3f
10-30 20:54:40.609 31472 31528 E GmsClient: unable to connect to service: com.google.android.gms.speech.service.START on com.google.android.gms
10-30 20:54:40.626   772  3041 D ConnectivityService: ConnectivityService NetworkRequestInfo binderDied(NetworkRequest [ LISTEN id=1340, [ Capabilities: INTERNET&NOT_RESTRICTED&TRUSTED&FOREGROUND] ], android.os.BinderProxy@a06fc0c)
10-30 20:54:40.626   772 10894 D ConnectivityService: ConnectivityService NetworkRequestInfo binderDied(NetworkRequest [ LISTEN id=1341, [ Capabilities: INTERNET&NOT_RESTRICTED&TRUSTED&FOREGROUND] ], android.os.BinderProxy@30d2955)
10-30 20:54:40.627   772   862 E ConnectivityService: RemoteException caught trying to send a callback msg for NetworkRequest [ LISTEN id=1341, [ Capabilities: INTERNET&NOT_RESTRICTED&TRUSTED&FOREGROUND] ]
10-30 20:54:40.628   772   862 E ConnectivityService: RemoteException caught trying to send a callback msg for NetworkRequest [ LISTEN id=1340, [ Capabilities: INTERNET&NOT_RESTRICTED&TRUSTED&FOREGROUND] ]
10-30 20:54:40.629   772   797 W ActivityManager: setHasOverlayUi called on unknown pid: 955
10-30 20:54:40.641 31472 31813 W SessionLifecycleManager: Handover failed. Creating new session controller.
10-30 20:54:40.647 31472 31472 I OptInState: There is a new client and it does not support opt-in. Dropping request.
10-30 20:54:40.670 31472 31472 I MicroDetectionWorker: #updateMicroDetector [detectionMode: [mDetectionMode: [1]]]
10-30 20:54:40.670 31472 31472 I MicroDetectionWorker: #startMicroDetector [speakerMode: 0]
10-30 20:54:40.682 31472 31472 I MicroDetectionWorker: onReady
10-30 20:54:40.682 31472 31501 I MicroRecognitionRunner: Starting detection.
10-30 20:54:40.683 31472 31505 I MicrophoneInputStream: mic_starting com.google.android.apps.gsa.speech.audio.af@b7b9797
10-30 20:54:40.684   556  6508 W DeviceHAL: Device 0xefa2d000 open_input_stream: Invalid argument
10-30 20:54:40.685   556  1682 I AudioFlinger: AudioFlinger's thread 0xec907d80 tid=1682 ready to run
10-30 20:54:40.692   556   753 I SoundTriggerHwService::Module: onCallbackEvent no clients
10-30 20:54:40.692 31472 31505 I MicrophoneInputStream: mic_started com.google.android.apps.gsa.speech.audio.af@b7b9797
10-30 20:54:40.695   556  1683 D sound_trigger_platform: platform_stdev_check_and_update_concurrency: concurrency active 0, tx 1, rx 0, concurrency session_allowed 0
10-30 20:54:40.695   556  1683 D audio_hw_primary: enable_snd_device: snd_device(72: voice-rec-mic)
10-30 20:54:40.702   556  1683 D audio_hw_primary: enable_audio_route: usecase(9) apply and update mixer path: audio-record
10-30 20:54:40.769 31472 31472 I MicroDetectionWorker: onReady
10-30 20:54:41.109 31447 31489 W OpenGLRenderer: Incorrectly called buildLayer on View: ShortcutAndWidgetContainer, destroying layer...
10-30 20:54:41.316  1670  1670 D AndroidRuntime: >>>>>> START com.android.internal.os.RuntimeInit uid 2000 <<<<<<
10-30 20:54:41.708  1670  1670 D AndroidRuntime: Calling main entry com.android.commands.pm.Pm
10-30 20:54:41.730   772   784 I ActivityManager: Force stopping com.opera.browser appid=10099 user=0: clear data
10-30 20:54:41.734   772   788 I ActivityManager: Force stopping com.opera.browser appid=10099 user=-1: clearApplicationUserData
10-30 20:54:41.831   560   560 I keystore: clear_uid 10099
10-30 20:54:41.888  1311  1311 D CarrierSvcBindHelper: No carrier app for: 0
10-30 20:54:41.895   772   787 W ResourceType: No known package when getting value for resource number 0x7f100007
10-30 20:54:41.895   772   787 W ResourceType: No known package when getting value for resource number 0x7f13090c
10-30 20:54:41.895   772   787 W ResourceType: No known package when getting value for resource number 0x7f100005
10-30 20:54:41.895   772   787 W ResourceType: No known package when getting value for resource number 0x7f13090a
10-30 20:54:41.896   772   787 W ResourceType: No known package when getting value for resource number 0x7f100004
10-30 20:54:41.896   772   787 W ResourceType: No known package when getting value for resource number 0x7f130909
10-30 20:54:41.896   772   787 W ResourceType: No known package when getting value for resource number 0x7f100006
10-30 20:54:41.896   772   787 W ResourceType: No known package when getting value for resource number 0x7f13090b
10-30 20:54:41.898  1670  1670 I app_process: System.exit called, status: 0
10-30 20:54:41.899  1670  1670 I AndroidRuntime: VM exiting with result code 0.
10-30 20:54:41.907  2964  2964 D RegisteredNfcFServicesCache: Service unchanged, not updating
10-30 20:54:41.960  3960  1699 I Fitness : FitCleanupIntentOperation received Intent android.intent.action.PACKAGE_DATA_CLEARED [CONTEXT service_id=17 ]
10-30 20:54:42.008 31215 31410 I Icing   : doRemovePackageData com.opera.browser
10-30 20:54:42.254   772   784 I ActivityManager: Force stopping com.opera.browser appid=10099 user=0: from pid 1727
10-30 20:54:42.260  1311  1311 D CarrierSvcBindHelper: No carrier app for: 0
10-30 20:54:42.274  2964  2964 D RegisteredNfcFServicesCache: Service unchanged, not updating
10-30 20:54:43.019  1729  1729 D AndroidRuntime: >>>>>> START com.android.internal.os.RuntimeInit uid 2000 <<<<<<
10-30 20:54:43.293  1729  1729 D AndroidRuntime: Calling main entry com.android.commands.pm.Pm
10-30 20:54:43.301   772  3041 I ActivityManager: Force stopping com.opera.browser appid=10099 user=0: clear data
10-30 20:54:43.303   772   788 I ActivityManager: Force stopping com.opera.browser appid=10099 user=-1: clearApplicationUserData
10-30 20:54:43.309   560   560 I keystore: clear_uid 10099
10-30 20:54:43.345  1311  1311 D CarrierSvcBindHelper: No carrier app for: 0
10-30 20:54:43.347   772   787 W ResourceType: No known package when getting value for resource number 0x7f100007
10-30 20:54:43.347   772   787 W ResourceType: No known package when getting value for resource number 0x7f13090c
10-30 20:54:43.347   772   787 W ResourceType: No known package when getting value for resource number 0x7f100005
10-30 20:54:43.347   772   787 W ResourceType: No known package when getting value for resource number 0x7f13090a
10-30 20:54:43.347   772   787 W ResourceType: No known package when getting value for resource number 0x7f100004
10-30 20:54:43.347   772   787 W ResourceType: No known package when getting value for resource number 0x7f130909
10-30 20:54:43.347   772   787 W ResourceType: No known package when getting value for resource number 0x7f100006
10-30 20:54:43.347   772   787 W ResourceType: No known package when getting value for resource number 0x7f13090b
10-30 20:54:43.347  1729  1729 I app_process: System.exit called, status: 0
10-30 20:54:43.348  1729  1729 I AndroidRuntime: VM exiting with result code 0.
10-30 20:54:43.363  2964  2964 D RegisteredNfcFServicesCache: Service unchanged, not updating
10-30 20:54:43.383  3960  1701 I Fitness : FitCleanupIntentOperation received Intent android.intent.action.PACKAGE_DATA_CLEARED [CONTEXT service_id=17 ]
10-30 20:54:43.399 31215 31410 I Icing   : doRemovePackageData com.opera.browser
