10-30 23:17:59.064   772   785 I ActivityManager: Process com.android.chrome:sandboxed_process4 (pid 9497) has died: vis  TOP 
10-30 23:17:59.064   772   785 W ActivityManager: Scheduling restart of crashed service com.android.chrome/org.chromium.content.app.SandboxedProcessService4 in 20960ms
10-30 23:17:59.066  9260  9260 W chromium: [WARNING:compositor_view.cc(342)] Child process died (type=6) pid=9484)
10-30 23:17:59.068   772   790 W zygote64: failed to open /acct/uid_99829/pid_9497/cgroup.procs: No such file or directory
10-30 23:17:59.070  9260  9260 W chromium: [WARNING:compositor_view.cc(342)] Child process died (type=6) pid=9534)
10-30 23:17:59.075   772  1327 I ActivityManager: Process com.android.chrome:sandboxed_process6 (pid 9527) has died: vis  TOP 
10-30 23:17:59.075   772   790 W zygote64: failed to open /acct/uid_99831/pid_9527/cgroup.procs: No such file or directory
10-30 23:17:59.075   772  1327 W ActivityManager: Scheduling restart of crashed service com.android.chrome/org.chromium.content.app.SandboxedProcessService6 in 30949ms
10-30 23:17:59.083   772  3037 I ActivityManager: Process com.android.chrome:sandboxed_process3 (pid 9484) has died: vis  TOP 
10-30 23:17:59.083   772  3037 W ActivityManager: Scheduling restart of crashed service com.android.chrome/org.chromium.content.app.SandboxedProcessService3 in 40941ms
10-30 23:17:59.083   772   790 W zygote64: failed to open /acct/uid_99828/pid_9484/cgroup.procs: No such file or directory
10-30 23:17:59.096   772   790 W zygote64: failed to open /acct/uid_99832/pid_9534/cgroup.procs: No such file or directory
10-30 23:17:59.097   772 13022 I ActivityManager: Process com.android.chrome:sandboxed_process7 (pid 9534) has died: vis  TOP 
10-30 23:17:59.097   772 13022 W ActivityManager: Scheduling restart of crashed service com.android.chrome/org.chromium.content.app.SandboxedProcessService7 in 50927ms
10-30 23:17:59.106  9658  9658 E asset   : setgid: Operation not permitted
10-30 23:17:59.119  9572  9572 E WebViewFactory: can't load with relro file; address space not reserved
10-30 23:17:59.133  9572  9641 I cr_LibraryLoader: Successfully loaded native library
10-30 23:17:59.134  9572  9641 I cr_CachingUmaRecorder: Flushed 3 samples from 3 histograms.
10-30 23:17:59.148  9635  9635 I cr_SplitCompatApp: Launched version=106.0.5249.79 minSdkVersion=24 isBundle=true processName=com.android.chrome:sandboxed_process10 isIsolated=true
10-30 23:17:59.152  9635  9635 W SystemServiceRegistry: No service published for: uimode
10-30 23:17:59.158  9635  9635 I cr_ChildProcessService: Creating new ChildProcessService pid=9635
10-30 23:17:59.163  9635  9635 E WebViewFactory: can't load with relro file; address space not reserved
10-30 23:17:59.170  9635  9667 I cr_LibraryLoader: Successfully loaded native library
10-30 23:17:59.171  9635  9667 I cr_CachingUmaRecorder: Flushed 3 samples from 3 histograms.
10-30 23:17:59.194  9260  9319 I cr_VrCoreVersionChecker: Unable to find VrCore.
10-30 23:17:59.204  9260  9260 W ResourceType: Failure getting entry for 0x7f0100f9 (t=0 e=249) (error -75)
10-30 23:17:59.208  9260  9260 W ResourceType: Failure getting entry for 0x7f010828 (t=0 e=2088) (error -75)
10-30 23:17:59.221  9260  9260 W ResourceType: Failure getting entry for 0x7f010827 (t=0 e=2087) (error -75)
10-30 23:17:59.244  9556  9624 I chromium: [INFO:child_process_service.cc(69)] ChildProcessService: Exiting child process.
10-30 23:17:59.245   422   422 E lowmemorykiller: Error writing /proc/9556/oom_score_adj; errno=22
10-30 23:17:59.246   772  1327 I ActivityManager: Killing 9556:com.android.chrome:sandboxed_process8/u0a60i833 (adj 0): isolated not needed
10-30 23:17:59.246   772   790 W zygote64: failed to open /acct/uid_99833/pid_9556/cgroup.procs: No such file or directory
10-30 23:17:59.256  9572  9641 I chromium: [INFO:child_process_service.cc(69)] ChildProcessService: Exiting child process.
10-30 23:17:59.257  9635  9667 I chromium: [INFO:child_process_service.cc(69)] ChildProcessService: Exiting child process.
10-30 23:17:59.260   422   422 E lowmemorykiller: Error writing /proc/9572/oom_score_adj; errno=22
10-30 23:17:59.261   772 10860 I ActivityManager: Killing 9572:com.android.chrome:sandboxed_process9/u0a60i834 (adj 0): isolated not needed
10-30 23:17:59.262   772   790 W zygote64: failed to open /acct/uid_99834/pid_9572/cgroup.procs: No such file or directory
10-30 23:17:59.267  9260  9260 W chromium: [WARNING:compositor_view.cc(342)] Child process died (type=6) pid=9556)
10-30 23:17:59.279  9680  9680 E /system/bin/webview_zygote32: failed to make and chown /acct/uid_99836: Permission denied
10-30 23:17:59.279  9680  9680 E Zygote  : createProcessGroup(99836, 0) failed: Permission denied
10-30 23:17:59.282   772   784 I ActivityManager: Start proc 9680:com.android.chrome:sandboxed_process11/u0i836 for webview_service com.android.chrome/org.chromium.content.app.SandboxedProcessService11
10-30 23:17:59.292   772 13022 I ActivityManager: Process com.android.chrome:sandboxed_process10 (pid 9635) has died: vis  TOP 
10-30 23:17:59.292   772   790 W zygote64: failed to open /acct/uid_99835/pid_9635/cgroup.procs: No such file or directory
10-30 23:17:59.292   772 13022 W ActivityManager: Scheduling restart of crashed service com.android.chrome/org.chromium.content.app.SandboxedProcessService10 in 1000ms
10-30 23:17:59.301  9260  9260 W chromium: [WARNING:compositor_view.cc(342)] Child process died (type=6) pid=9572)
10-30 23:17:59.302  9260  9260 W chromium: [WARNING:compositor_view.cc(342)] Child process died (type=6) pid=9635)
10-30 23:17:59.305  9260  9260 I Choreographer: Skipped 60 frames!  The application may be doing too much work on its main thread.
10-30 23:17:59.323  9680  9680 I SamplingProfilerIntegration: Profiling disabled.
10-30 23:17:59.340  9260  9260 W StaticLayout: maxLineHeight should not be -1.  maxLines:1 lineCount:1
10-30 23:17:59.342  9699  9699 E asset   : setgid: Operation not permitted
10-30 23:17:59.372  9680  9680 I cr_SplitCompatApp: Launched version=106.0.5249.79 minSdkVersion=24 isBundle=true processName=com.android.chrome:sandboxed_process11 isIsolated=true
10-30 23:17:59.379  9680  9680 W SystemServiceRegistry: No service published for: uimode
10-30 23:17:59.389  9680  9680 I cr_ChildProcessService: Creating new ChildProcessService pid=9680
10-30 23:17:59.396  9680  9680 E WebViewFactory: can't load with relro file; address space not reserved
10-30 23:17:59.405  9680  9701 I cr_LibraryLoader: Successfully loaded native library
10-30 23:17:59.406  9680  9701 I cr_CachingUmaRecorder: Flushed 3 samples from 3 histograms.
10-30 23:17:59.420   772   797 I ActivityManager: Displayed com.android.chrome/com.google.android.apps.chrome.Main: +1s345ms
10-30 23:17:59.443   772 13022 I ActivityManager: Start proc 9709:com.android.chrome:sandboxed_process12/u0i837 for webview_service com.android.chrome/org.chromium.content.app.SandboxedProcessService12
10-30 23:17:59.451 17730 17730 E WorkerRegistryImpl: getWorker() is called after WorkerRegistry disposal.
10-30 23:17:59.452 17730 17730 E WorkerRegistryImpl: getWorker() is called after WorkerRegistry disposal.
10-30 23:17:59.453  9709  9709 E /system/bin/webview_zygote32: failed to make and chown /acct/uid_99837: Permission denied
10-30 23:17:59.453  9709  9709 E Zygote  : createProcessGroup(99837, 0) failed: Permission denied
10-30 23:17:59.466  9719  9719 E /system/bin/webview_zygote32: failed to make and chown /acct/uid_99838: Permission denied
10-30 23:17:59.466  9719  9719 E Zygote  : createProcessGroup(99838, 0) failed: Permission denied
10-30 23:17:59.473   772 20193 I ActivityManager: Start proc 9719:com.android.chrome:sandboxed_process13/u0i838 for webview_service com.android.chrome/org.chromium.content.app.SandboxedProcessService13
10-30 23:17:59.483  9680  9701 I chromium: [INFO:child_process_service.cc(69)] ChildProcessService: Exiting child process.
10-30 23:17:59.501  9736  9736 E /system/bin/webview_zygote32: failed to make and chown /acct/uid_99839: Permission denied
10-30 23:17:59.501  9736  9736 E Zygote  : createProcessGroup(99839, 0) failed: Permission denied
10-30 23:17:59.502  9709  9709 I SamplingProfilerIntegration: Profiling disabled.
10-30 23:17:59.503  9719  9719 I SamplingProfilerIntegration: Profiling disabled.
10-30 23:17:59.506   772  1327 I ActivityManager: Start proc 9736:com.android.chrome:sandboxed_process14/u0i839 for webview_service com.android.chrome/org.chromium.content.app.SandboxedProcessService14
10-30 23:17:59.512   772  4539 I ActivityManager: Process com.android.chrome:sandboxed_process11 (pid 9680) has died: vis  TOP 
10-30 23:17:59.512   772  4539 W ActivityManager: Scheduling restart of crashed service com.android.chrome/org.chromium.content.app.SandboxedProcessService11 in 1000ms
10-30 23:17:59.513   772   790 W zygote64: failed to open /acct/uid_99836/pid_9680/cgroup.procs: No such file or directory
10-30 23:17:59.519  9736  9736 I SamplingProfilerIntegration: Profiling disabled.
10-30 23:17:59.526  9753  9753 E asset   : setgid: Operation not permitted
10-30 23:17:59.533  9260  9260 W chromium: [WARNING:compositor_view.cc(342)] Child process died (type=6) pid=9680)
10-30 23:17:59.546 17730 17730 I MemoryTrimmer: Trimming objects from memory, since app is in the background.
10-30 23:17:59.547  9755  9755 E asset   : setgid: Operation not permitted
10-30 23:17:59.558  9757  9757 E asset   : setgid: Operation not permitted
10-30 23:17:59.585   772  3037 I ActivityManager: Start proc 9763:com.android.chrome:sandboxed_process15/u0i840 for webview_service com.android.chrome/org.chromium.content.app.SandboxedProcessService15
10-30 23:17:59.592  9763  9763 E /system/bin/webview_zygote32: failed to make and chown /acct/uid_99840: Permission denied
10-30 23:17:59.593  9763  9763 E Zygote  : createProcessGroup(99840, 0) failed: Permission denied
10-30 23:17:59.608  9709  9709 I cr_SplitCompatApp: Launched version=106.0.5249.79 minSdkVersion=24 isBundle=true processName=com.android.chrome:sandboxed_process12 isIsolated=true
10-30 23:17:59.613  9719  9719 I cr_SplitCompatApp: Launched version=106.0.5249.79 minSdkVersion=24 isBundle=true processName=com.android.chrome:sandboxed_process13 isIsolated=true
10-30 23:17:59.617  9709  9709 W SystemServiceRegistry: No service published for: uimode
10-30 23:17:59.621   772   996 I ActivityManager: Start proc 9778:com.android.chrome:sandboxed_process16/u0i841 for webview_service com.android.chrome/org.chromium.content.app.SandboxedProcessService16
10-30 23:17:59.621   772 10893 I ActivityManager: START u0 {act=android.intent.action.VIEW dat=http://192.168.178.178:5500/... flg=0x10000000 cmp=com.android.chrome/com.google.android.apps.chrome.Main} from uid 2000
10-30 23:17:59.622  9778  9778 E /system/bin/webview_zygote32: failed to make and chown /acct/uid_99841: Permission denied
10-30 23:17:59.622  9778  9778 E Zygote  : createProcessGroup(99841, 0) failed: Permission denied
10-30 23:17:59.625  9736  9736 I cr_SplitCompatApp: Launched version=106.0.5249.79 minSdkVersion=24 isBundle=true processName=com.android.chrome:sandboxed_process14 isIsolated=true
10-30 23:17:59.626  9719  9719 W SystemServiceRegistry: No service published for: uimode
10-30 23:17:59.633  9709  9709 I cr_ChildProcessService: Creating new ChildProcessService pid=9709
10-30 23:17:59.637  9763  9763 I SamplingProfilerIntegration: Profiling disabled.
10-30 23:17:59.641  9719  9719 I cr_ChildProcessService: Creating new ChildProcessService pid=9719
10-30 23:17:59.641  9736  9736 W SystemServiceRegistry: No service published for: uimode
10-30 23:17:59.650   772  3854 I ActivityManager: Start proc 9795:com.android.chrome:sandboxed_process17/u0i842 for webview_service com.android.chrome/org.chromium.content.app.SandboxedProcessService17
10-30 23:17:59.654  9709  9709 E WebViewFactory: can't load with relro file; address space not reserved
10-30 23:17:59.654  9736  9736 I cr_ChildProcessService: Creating new ChildProcessService pid=9736
10-30 23:17:59.655  9778  9778 I SamplingProfilerIntegration: Profiling disabled.
10-30 23:17:59.659  9795  9795 E /system/bin/webview_zygote32: failed to make and chown /acct/uid_99842: Permission denied
10-30 23:17:59.659  9795  9795 E Zygote  : createProcessGroup(99842, 0) failed: Permission denied
10-30 23:17:59.674  9719  9719 E WebViewFactory: can't load with relro file; address space not reserved
10-30 23:17:59.683  9736  9736 E WebViewFactory: can't load with relro file; address space not reserved
10-30 23:17:59.683  9811  9811 E asset   : setgid: Operation not permitted
10-30 23:17:59.684  9260  9260 E cr_IntentUtils: getInt failed on bundle null
10-30 23:17:59.684  9812  9812 E asset   : setgid: Operation not permitted
10-30 23:17:59.691  9736  9801 I cr_LibraryLoader: Successfully loaded native library
10-30 23:17:59.691  9736  9801 I cr_CachingUmaRecorder: Flushed 3 samples from 3 histograms.
10-30 23:17:59.693  9709  9785 I cr_LibraryLoader: Successfully loaded native library
10-30 23:17:59.694  9260  9260 E ResourceType: Style contains key with bad entry: 0x0101062c
10-30 23:17:59.694  9709  9785 I cr_CachingUmaRecorder: Flushed 3 samples from 3 histograms.
10-30 23:17:59.695  9795  9795 I SamplingProfilerIntegration: Profiling disabled.
10-30 23:17:59.699  9719  9793 I cr_LibraryLoader: Successfully loaded native library
10-30 23:17:59.701  9719  9793 I cr_CachingUmaRecorder: Flushed 3 samples from 3 histograms.
10-30 23:17:59.727   772  4539 I ActivityManager: Start proc 9826:com.android.chrome:sandboxed_process18/u0i843 for webview_service com.android.chrome/org.chromium.content.app.SandboxedProcessService18
10-30 23:17:59.737  9826  9826 E /system/bin/webview_zygote32: failed to make and chown /acct/uid_99843: Permission denied
10-30 23:17:59.737  9763  9763 I cr_SplitCompatApp: Launched version=106.0.5249.79 minSdkVersion=24 isBundle=true processName=com.android.chrome:sandboxed_process15 isIsolated=true
10-30 23:17:59.737  9826  9826 E Zygote  : createProcessGroup(99843, 0) failed: Permission denied
10-30 23:17:59.739  9778  9778 I cr_SplitCompatApp: Launched version=106.0.5249.79 minSdkVersion=24 isBundle=true processName=com.android.chrome:sandboxed_process16 isIsolated=true
10-30 23:17:59.740  9260  9260 I cr_tabmodel: Appending tabs being restored to metadata lists, 0, startingNormalCount: 2, startingIncognitoCount: 0
10-30 23:17:59.740  9260  9260 I cr_tabmodel: Serializing tab lists; counts: 2, 0
10-30 23:17:59.751  9778  9778 W SystemServiceRegistry: No service published for: uimode
10-30 23:17:59.755  9763  9763 W SystemServiceRegistry: No service published for: uimode
10-30 23:17:59.756  9845  9845 E asset   : setgid: Operation not permitted
10-30 23:17:59.772  9826  9826 I SamplingProfilerIntegration: Profiling disabled.
10-30 23:17:59.777  9778  9778 I cr_ChildProcessService: Creating new ChildProcessService pid=9778
10-30 23:17:59.777  9763  9763 I cr_ChildProcessService: Creating new ChildProcessService pid=9763
10-30 23:17:59.794  9778  9778 E WebViewFactory: can't load with relro file; address space not reserved
10-30 23:17:59.796  9763  9763 E WebViewFactory: can't load with relro file; address space not reserved
10-30 23:17:59.811  9763  9852 I cr_LibraryLoader: Successfully loaded native library
10-30 23:17:59.811  9778  9851 I cr_LibraryLoader: Successfully loaded native library
10-30 23:17:59.815  9778  9851 I cr_CachingUmaRecorder: Flushed 3 samples from 3 histograms.
10-30 23:17:59.816  9260  9260 I cr_OfflineDetector: Running updateState mConnectivityDetectorInitialized: true, mTimeWhenLastForegrounded: 1044333982, getElapsedTime: 1044333982, mTimeWhenLastOfflineNotificationReceived: 0, mTimeWhenLastOnline: 1044333036, mApplicationState: 1, mIsOfflineLastReportedByConnectivityDetector: false, mIsEffectivelyOffline: false
10-30 23:17:59.816  9763  9852 I cr_CachingUmaRecorder: Flushed 3 samples from 3 histograms.
10-30 23:17:59.816  9260  9260 I cr_OfflineDetector: updateState(): timeSinceLastForeground: 0, timeSinceOfflineNotificationReceived: 1044333982, timeSinceLastOnline: 946, timeNeededForForeground: 2000, timeNeededForOffline: -1044331982
10-30 23:17:59.819  9856  9856 E asset   : setgid: Operation not permitted
10-30 23:17:59.829  9795  9795 I cr_SplitCompatApp: Launched version=106.0.5249.79 minSdkVersion=24 isBundle=true processName=com.android.chrome:sandboxed_process17 isIsolated=true
10-30 23:17:59.838  9795  9795 W SystemServiceRegistry: No service published for: uimode
10-30 23:17:59.858  9719  9793 I chromium: [INFO:child_process_service.cc(69)] ChildProcessService: Exiting child process.
10-30 23:17:59.858  9709  9785 I chromium: [INFO:child_process_service.cc(69)] ChildProcessService: Exiting child process.
10-30 23:17:59.859  9826  9826 I cr_SplitCompatApp: Launched version=106.0.5249.79 minSdkVersion=24 isBundle=true processName=com.android.chrome:sandboxed_process18 isIsolated=true
10-30 23:17:59.859  9736  9801 I chromium: [INFO:child_process_service.cc(69)] ChildProcessService: Exiting child process.
10-30 23:17:59.864  9795  9795 I cr_ChildProcessService: Creating new ChildProcessService pid=9795
10-30 23:17:59.867   422   422 E lowmemorykiller: Error writing /proc/9709/oom_score_adj; errno=22
10-30 23:17:59.868   772 10860 I ActivityManager: Killing 9709:com.android.chrome:sandboxed_process12/u0a60i837 (adj 0): isolated not needed
10-30 23:17:59.868   772   790 W zygote64: failed to open /acct/uid_99837/pid_9709/cgroup.procs: No such file or directory
10-30 23:17:59.868  9260  9260 W ResourceType: Failure getting entry for 0x7f010216 (t=0 e=534) (error -75)
10-30 23:17:59.869  9260  9260 W ResourceType: Failure getting entry for 0x7f0107c9 (t=0 e=1993) (error -75)
10-30 23:17:59.884  9826  9826 W SystemServiceRegistry: No service published for: uimode
10-30 23:17:59.884  9871  9871 E /system/bin/webview_zygote32: failed to make and chown /acct/uid_99844: Permission denied
10-30 23:17:59.885   772  2969 I ActivityManager: Start proc 9871:com.android.chrome:sandboxed_process19/u0i844 for webview_service com.android.chrome/org.chromium.content.app.SandboxedProcessService19
10-30 23:17:59.893  9871  9871 E Zygote  : createProcessGroup(99844, 0) failed: Permission denied
10-30 23:17:59.896   772 13071 I ActivityManager: Process com.android.chrome:sandboxed_process13 (pid 9719) has died: vis  TOP 
10-30 23:17:59.896   772   790 W zygote64: failed to open /acct/uid_99838/pid_9719/cgroup.procs: No such file or directory
10-30 23:17:59.896   772 13071 W ActivityManager: Scheduling restart of crashed service com.android.chrome/org.chromium.content.app.SandboxedProcessService13 in 1000ms
10-30 23:17:59.902  9795  9795 E WebViewFactory: can't load with relro file; address space not reserved
10-30 23:17:59.904  9260  9260 W chromium: [WARNING:compositor_view.cc(342)] Child process died (type=6) pid=9709)
10-30 23:17:59.905  9260  9260 W chromium: [WARNING:compositor_view.cc(342)] Child process died (type=6) pid=9719)
10-30 23:17:59.915   422   422 E lowmemorykiller: Error writing /proc/9736/oom_score_adj; errno=22
10-30 23:17:59.915   772  3041 E JavaBinder: !!! FAILED BINDER TRANSACTION !!!  (parcel size = 76)
10-30 23:17:59.915   772  3041 E JavaBinder: !!! FAILED BINDER TRANSACTION !!!  (parcel size = 756)
10-30 23:17:59.915   772  3041 W ActivityManager: Exception when unbinding service com.android.chrome/org.chromium.content.app.SandboxedProcessService14
10-30 23:17:59.915   772  3041 W ActivityManager: android.os.DeadObjectException: Transaction failed on small parcel; remote process probably died
10-30 23:17:59.915   772  3041 W ActivityManager: 	at android.os.BinderProxy.transactNative(Native Method)
10-30 23:17:59.915   772  3041 W ActivityManager: 	at android.os.BinderProxy.transact(Binder.java:748)
10-30 23:17:59.915   772  3041 W ActivityManager: 	at android.app.IApplicationThread$Stub$Proxy.scheduleUnbindService(IApplicationThread.java:1522)
10-30 23:17:59.915   772  3041 W ActivityManager: 	at com.android.server.am.ActiveServices.removeConnectionLocked(ActiveServices.java:2640)
10-30 23:17:59.915   772  3041 W ActivityManager: 	at com.android.server.am.ActiveServices.unbindServiceLocked(ActiveServices.java:1551)
10-30 23:17:59.915   772  3041 W ActivityManager: 	at com.android.server.am.ActivityManagerService.unbindService(ActivityManagerService.java:18297)
10-30 23:17:59.915   772  3041 W ActivityManager: 	at android.app.IActivityManager$Stub.onTransact(IActivityManager.java:594)
10-30 23:17:59.915   772  3041 W ActivityManager: 	at com.android.server.am.ActivityManagerService.onTransact(ActivityManagerService.java:2935)
10-30 23:17:59.915   772  3041 W ActivityManager: 	at android.os.Binder.execTransact(Binder.java:674)
10-30 23:17:59.916   772  3041 E JavaBinder: !!! FAILED BINDER TRANSACTION !!!  (parcel size = 76)
10-30 23:17:59.916   772  3041 E JavaBinder: !!! FAILED BINDER TRANSACTION !!!  (parcel size = 76)
10-30 23:17:59.916   422   422 E lowmemorykiller: Error writing /proc/9736/oom_score_adj; errno=22
10-30 23:17:59.916   772  3041 I ActivityManager: Killing 9736:com.android.chrome:sandboxed_process14/u0a60i839 (adj 900): isolated not needed
10-30 23:17:59.917  9778  9851 I chromium: [INFO:child_process_service.cc(69)] ChildProcessService: Exiting child process.
10-30 23:17:59.918   772   790 W zygote64: failed to open /acct/uid_99839/pid_9736/cgroup.procs: No such file or directory
10-30 23:17:59.920   422   422 E lowmemorykiller: Error writing /proc/9778/oom_score_adj; errno=22
10-30 23:17:59.920   772   784 I ActivityManager: Killing 9778:com.android.chrome:sandboxed_process16/u0a60i841 (adj 0): isolated not needed
10-30 23:17:59.922   772   790 W zygote64: failed to open /acct/uid_99841/pid_9778/cgroup.procs: No such file or directory
10-30 23:17:59.927  9260  9260 W chromium: [WARNING:compositor_view.cc(342)] Child process died (type=6) pid=9736)
10-30 23:17:59.928  9826  9826 I cr_ChildProcessService: Creating new ChildProcessService pid=9826
10-30 23:17:59.938  9826  9826 E WebViewFactory: can't load with relro file; address space not reserved
10-30 23:17:59.942  9795  9867 I cr_LibraryLoader: Successfully loaded native library
10-30 23:17:59.944  9871  9871 I SamplingProfilerIntegration: Profiling disabled.
10-30 23:17:59.944  9795  9867 I cr_CachingUmaRecorder: Flushed 3 samples from 3 histograms.
10-30 23:17:59.961  9826  9883 I cr_LibraryLoader: Successfully loaded native library
10-30 23:17:59.962  9826  9883 I cr_CachingUmaRecorder: Flushed 3 samples from 3 histograms.
10-30 23:18:00.008  9903  9903 E asset   : setgid: Operation not permitted
10-30 23:18:00.014  9260  9260 W chromium: [WARNING:compositor_view.cc(342)] Child process died (type=6) pid=9778)
10-30 23:18:00.018  9763  9852 I chromium: [INFO:child_process_service.cc(69)] ChildProcessService: Exiting child process.
10-30 23:18:00.020   422   422 E lowmemorykiller: Error writing /proc/9763/oom_score_adj; errno=22
10-30 23:18:00.020   772 13071 I ActivityManager: Killing 9763:com.android.chrome:sandboxed_process15/u0a60i840 (adj 0): isolated not needed
10-30 23:18:00.022   772   790 W zygote64: failed to open /acct/uid_99840/pid_9763/cgroup.procs: No such file or directory
10-30 23:18:00.051  9795  9867 I chromium: [INFO:child_process_service.cc(69)] ChildProcessService: Exiting child process.
10-30 23:18:00.051   422   422 E lowmemorykiller: Error writing /proc/9795/oom_score_adj; errno=22
10-30 23:18:00.052   772 10893 I ActivityManager: Killing 9795:com.android.chrome:sandboxed_process17/u0a60i842 (adj 0): isolated not needed
10-30 23:18:00.053   772   790 W zygote64: failed to open /acct/uid_99842/pid_9795/cgroup.procs: No such file or directory
10-30 23:18:00.087   772  3854 W AppOps  : Bad call: specified package com.google.android.gms under uid 10045 but it is really 10020
10-30 23:18:00.087   772  3854 W AppOps  : java.lang.RuntimeException: here
10-30 23:18:00.087   772  3854 W AppOps  : 	at com.android.server.AppOpsService.getOpsRawLocked(AppOpsService.java:1319)
10-30 23:18:00.087   772  3854 W AppOps  : 	at com.android.server.AppOpsService.checkPackage(AppOpsService.java:1038)
10-30 23:18:00.087   772  3854 W AppOps  : 	at com.android.internal.app.IAppOpsService$Stub.onTransact(IAppOpsService.java:169)
10-30 23:18:00.087   772  3854 W AppOps  : 	at android.os.Binder.execTransact(Binder.java:674)
10-30 23:18:00.090   772  4539 W AppOps  : Bad call: specified package com.google.android.gms under uid 10045 but it is really 10020
10-30 23:18:00.090   772  4539 W AppOps  : java.lang.RuntimeException: here
10-30 23:18:00.090   772  4539 W AppOps  : 	at com.android.server.AppOpsService.getOpsRawLocked(AppOpsService.java:1319)
10-30 23:18:00.090   772  4539 W AppOps  : 	at com.android.server.AppOpsService.checkPackage(AppOpsService.java:1038)
10-30 23:18:00.090   772  4539 W AppOps  : 	at com.android.internal.app.IAppOpsService$Stub.onTransact(IAppOpsService.java:169)
10-30 23:18:00.090   772  4539 W AppOps  : 	at android.os.Binder.execTransact(Binder.java:674)
10-30 23:18:00.099  9260  9260 W chromium: [WARNING:compositor_view.cc(342)] Child process died (type=6) pid=9763)
10-30 23:18:00.105 17730 17730 I MemoryTrimmer: Trimming objects from memory, since app is in the background.
10-30 23:18:00.106  9260  9298 I cr_BindingManager: Moderate binding enabled: maxSize=40
10-30 23:18:00.107  9260  9319 W cr_CrashFileManager: /data/user/0/com.android.chrome/cache/Crash Reports does not exist or is not a directory
10-30 23:18:00.107  9260  9319 W cr_CrashFileManager: /data/user/0/com.android.chrome/cache/Crash Reports does not exist or is not a directory
10-30 23:18:00.116  9871  9871 I cr_SplitCompatApp: Launched version=106.0.5249.79 minSdkVersion=24 isBundle=true processName=com.android.chrome:sandboxed_process19 isIsolated=true
10-30 23:18:00.118  9260  9319 W cr_CrashFileManager: /data/user/0/com.android.chrome/cache/Crash Reports does not exist or is not a directory
10-30 23:18:00.121  9871  9871 W SystemServiceRegistry: No service published for: uimode
10-30 23:18:00.138  9260  9260 W chromium: [WARNING:compositor_view.cc(342)] Child process died (type=6) pid=9795)
10-30 23:18:00.143  9871  9871 I cr_ChildProcessService: Creating new ChildProcessService pid=9871
10-30 23:18:00.154  9871  9871 E WebViewFactory: can't load with relro file; address space not reserved
10-30 23:18:00.170  9871  9907 I cr_LibraryLoader: Successfully loaded native library
10-30 23:18:00.171  9871  9907 I cr_CachingUmaRecorder: Flushed 3 samples from 3 histograms.
10-30 23:18:00.222   772 10893 I ActivityManager: Start proc 9921:com.android.chrome:sandboxed_process20/u0i845 for webview_service com.android.chrome/org.chromium.content.app.SandboxedProcessService20
10-30 23:18:00.224  9921  9921 E /system/bin/webview_zygote32: failed to make and chown /acct/uid_99845: Permission denied
10-30 23:18:00.224  9921  9921 E Zygote  : createProcessGroup(99845, 0) failed: Permission denied
10-30 23:18:00.229  9871  9907 I chromium: [INFO:child_process_service.cc(69)] ChildProcessService: Exiting child process.
10-30 23:18:00.232   772 13021 I ActivityManager: Killing 9871:com.android.chrome:sandboxed_process19/u0a60i844 (adj 0): isolated not needed
10-30 23:18:00.233   772   790 W zygote64: failed to open /acct/uid_99844/pid_9871/cgroup.procs: No such file or directory
10-30 23:18:00.242  9921  9921 I SamplingProfilerIntegration: Profiling disabled.
10-30 23:18:00.288  9935  9935 E asset   : setgid: Operation not permitted
10-30 23:18:00.334  9260  9270 I zygote  : Background concurrent copying GC freed 115596(4MB) AllocSpace objects, 8(160KB) LOS objects, 49% free, 5MB/10MB, paused 6.452ms total 182.347ms
10-30 23:18:00.339  9921  9921 I cr_SplitCompatApp: Launched version=106.0.5249.79 minSdkVersion=24 isBundle=true processName=com.android.chrome:sandboxed_process20 isIsolated=true
10-30 23:18:00.345  9921  9921 W SystemServiceRegistry: No service published for: uimode
10-30 23:18:00.351  9260  9260 W chromium: [WARNING:compositor_view.cc(342)] Child process died (type=6) pid=9871)
10-30 23:18:00.358  9921  9921 I cr_ChildProcessService: Creating new ChildProcessService pid=9921
10-30 23:18:00.375  9921  9921 E WebViewFactory: can't load with relro file; address space not reserved
10-30 23:18:00.395   772 10894 I ActivityManager: Start proc 9940:com.android.chrome:sandboxed_process21/u0i846 for webview_service com.android.chrome/org.chromium.content.app.SandboxedProcessService21
10-30 23:18:00.403  9940  9940 E /system/bin/webview_zygote32: failed to make and chown /acct/uid_99846: Permission denied
10-30 23:18:00.403  9940  9940 E Zygote  : createProcessGroup(99846, 0) failed: Permission denied
10-30 23:18:00.403  9921  9938 I cr_LibraryLoader: Successfully loaded native library
10-30 23:18:00.407  9921  9938 I cr_CachingUmaRecorder: Flushed 3 samples from 3 histograms.
10-30 23:18:00.420   772 13021 I ActivityManager: Start proc 9947:com.android.chrome:sandboxed_process22/u0i847 for webview_service com.android.chrome/org.chromium.content.app.SandboxedProcessService22
10-30 23:18:00.434  9940  9940 I SamplingProfilerIntegration: Profiling disabled.
10-30 23:18:00.469  9921  9938 I chromium: [INFO:child_process_service.cc(69)] ChildProcessService: Exiting child process.
10-30 23:18:00.471   422   422 E lowmemorykiller: Error writing /proc/9921/oom_score_adj; errno=22
10-30 23:18:00.472   772 10893 I ActivityManager: Killing 9921:com.android.chrome:sandboxed_process20/u0a60i845 (adj 0): isolated not needed
10-30 23:18:00.475   772   790 W zygote64: failed to open /acct/uid_99845/pid_9921/cgroup.procs: No such file or directory
10-30 23:18:00.486  9964  9964 E asset   : setgid: Operation not permitted
10-30 23:18:00.536  9947  9947 E /system/bin/webview_zygote32: failed to make and chown /acct/uid_99847: Permission denied
10-30 23:18:00.536  9947  9947 E Zygote  : createProcessGroup(99847, 0) failed: Permission denied
10-30 23:18:00.541  9260  9260 W chromium: [WARNING:compositor_view.cc(342)] Child process died (type=6) pid=9921)
10-30 23:18:00.543  9940  9940 I cr_SplitCompatApp: Launched version=106.0.5249.79 minSdkVersion=24 isBundle=true processName=com.android.chrome:sandboxed_process21 isIsolated=true
10-30 23:18:00.554  9940  9940 W SystemServiceRegistry: No service published for: uimode
10-30 23:18:00.570  9940  9940 I cr_ChildProcessService: Creating new ChildProcessService pid=9940
10-30 23:18:00.572  9947  9947 I SamplingProfilerIntegration: Profiling disabled.
10-30 23:18:00.581  9940  9940 E WebViewFactory: can't load with relro file; address space not reserved
10-30 23:18:00.595  9940  9972 I cr_LibraryLoader: Successfully loaded native library
10-30 23:18:00.596  9940  9972 I cr_CachingUmaRecorder: Flushed 3 samples from 3 histograms.
10-30 23:18:00.605  9974  9974 E asset   : setgid: Operation not permitted
10-30 23:18:00.636  9947  9947 I cr_SplitCompatApp: Launched version=106.0.5249.79 minSdkVersion=24 isBundle=true processName=com.android.chrome:sandboxed_process22 isIsolated=true
10-30 23:18:00.641  9947  9947 W SystemServiceRegistry: No service published for: uimode
10-30 23:18:00.643  9330  9341 I vndksupport: sphal namespace is not configured for this process. Loading libutils.so from the current namespace instead.
10-30 23:18:00.643  9826  9849 I vndksupport: sphal namespace is not configured for this process. Loading libutils.so from the current namespace instead.
10-30 23:18:00.644  9260  9271 I vndksupport: sphal namespace is not configured for this process. Loading libutils.so from the current namespace instead.
10-30 23:18:00.644  9940  9963 I vndksupport: sphal namespace is not configured for this process. Loading libutils.so from the current namespace instead.
10-30 23:18:00.644  9947  9973 I vndksupport: sphal namespace is not configured for this process. Loading libutils.so from the current namespace instead.
10-30 23:18:00.644  9299  9311 I vndksupport: sphal namespace is not configured for this process. Loading libutils.so from the current namespace instead.
10-30 23:18:00.651  9947  9947 I cr_ChildProcessService: Creating new ChildProcessService pid=9947
10-30 23:18:00.652   556  7524 E Parcel  : Reading a NULL string not supported here.
10-30 23:18:00.653   556  7524 W Parcel  : **** enforceInterface() expected 'IAAudioService' but read ''
10-30 23:18:00.654   360   360 E SELinux : avc:  denied  { find } for service=android.service.gatekeeper.IGateKeeperService pid=9939 uid=2000 scontext=u:r:shell:s0 tcontext=u:object_r:gatekeeper_service:s0 tclass=service_manager
10-30 23:18:00.654   360   360 E SELinux : avc:  denied  { find } for service=netd pid=9939 uid=2000 scontext=u:r:shell:s0 tcontext=u:object_r:netd_service:s0 tclass=service_manager
10-30 23:18:00.658  9940  9972 I chromium: [INFO:child_process_service.cc(69)] ChildProcessService: Exiting child process.
10-30 23:18:00.660  9939  9939 W atrace  : type=1400 audit(0.0:11431): avc: denied { call } for scontext=u:r:shell:s0 tcontext=u:r:wificond:s0 tclass=binder permissive=0
10-30 23:18:00.662  9947  9947 E WebViewFactory: can't load with relro file; address space not reserved
10-30 23:18:00.663   422   422 E lowmemorykiller: Error writing /proc/9940/oom_score_adj; errno=22
10-30 23:18:00.663   772   996 I ActivityManager: Killing 9940:com.android.chrome:sandboxed_process21/u0a60i846 (adj 0): isolated not needed
10-30 23:18:00.664   772   790 W zygote64: failed to open /acct/uid_99846/pid_9940/cgroup.procs: No such file or directory
10-30 23:18:00.664   360   360 E SELinux : avc:  denied  { find } for service=installd pid=9939 uid=2000 scontext=u:r:shell:s0 tcontext=u:object_r:installd_service:s0 tclass=service_manager
10-30 23:18:00.669   361   361 E SELinux : avc:  denied  { find } for interface=android.frameworks.displayservice::IDisplayService pid=9939 scontext=u:r:shell:s0 tcontext=u:object_r:fwk_display_hwservice:s0 tclass=hwservice_manager
10-30 23:18:00.670   361   361 E SELinux : avc:  denied  { find } for interface=android.frameworks.schedulerservice::ISchedulingPolicyService pid=9939 scontext=u:r:shell:s0 tcontext=u:object_r:fwk_scheduler_hwservice:s0 tclass=hwservice_manager
10-30 23:18:00.670   361   361 E SELinux : avc:  denied  { find } for interface=android.frameworks.sensorservice::ISensorManager pid=9939 scontext=u:r:shell:s0 tcontext=u:object_r:fwk_sensor_hwservice:s0 tclass=hwservice_manager
10-30 23:18:00.671   361   361 E SELinux : avc:  denied  { find } for interface=android.hardware.biometrics.fingerprint::IBiometricsFingerprint pid=9939 scontext=u:r:shell:s0 tcontext=u:object_r:hal_fingerprint_hwservice:s0 tclass=hwservice_manager
10-30 23:18:00.672   361   361 E SELinux : avc:  denied  { find } for interface=android.hardware.dumpstate::IDumpstateDevice pid=9939 scontext=u:r:shell:s0 tcontext=u:object_r:hal_dumpstate_hwservice:s0 tclass=hwservice_manager
10-30 23:18:00.673   361   361 E SELinux : avc:  denied  { find } for interface=android.hardware.radio.deprecated::IOemHook pid=9939 scontext=u:r:shell:s0 tcontext=u:object_r:hal_telephony_hwservice:s0 tclass=hwservice_manager
10-30 23:18:00.674   361   361 E SELinux : avc:  denied  { find } for interface=android.hardware.radio::IRadio pid=9939 scontext=u:r:shell:s0 tcontext=u:object_r:hal_telephony_hwservice:s0 tclass=hwservice_manager
10-30 23:18:00.674   361   361 E SELinux : avc:  denied  { find } for interface=android.hardware.radio::ISap pid=9939 scontext=u:r:shell:s0 tcontext=u:object_r:hal_telephony_hwservice:s0 tclass=hwservice_manager
10-30 23:18:00.674   361   361 E SELinux : avc:  denied  { find } for interface=android.hardware.usb::IUsb pid=9939 scontext=u:r:shell:s0 tcontext=u:object_r:hal_usb_hwservice:s0 tclass=hwservice_manager
10-30 23:18:00.675   361   361 E SELinux : avc:  denied  { find } for interface=android.hardware.wifi.supplicant::ISupplicant pid=9939 scontext=u:r:shell:s0 tcontext=u:object_r:hal_wifi_supplicant_hwservice:s0 tclass=hwservice_manager
10-30 23:18:00.676   361   361 E SELinux : avc:  denied  { find } for interface=android.hardware.wifi::IWifi pid=9939 scontext=u:r:shell:s0 tcontext=u:object_r:hal_wifi_hwservice:s0 tclass=hwservice_manager
10-30 23:18:00.677   361   361 E SELinux : avc:  denied  { find } for interface=android.hidl.base::IBase pid=9939 scontext=u:r:shell:s0 tcontext=u:object_r:hidl_base_hwservice:s0 tclass=hwservice_manager
10-30 23:18:00.677   361   361 E SELinux : avc:  denied  { find } for interface=android.hidl.base::IBase pid=9939 scontext=u:r:shell:s0 tcontext=u:object_r:hidl_base_hwservice:s0 tclass=hwservice_manager
10-30 23:18:00.677  9947  9981 I cr_LibraryLoader: Successfully loaded native library
10-30 23:18:00.678   361   361 E SELinux : avc:  denied  { find } for interface=android.hidl.base::IBase pid=9939 scontext=u:r:shell:s0 tcontext=u:object_r:hidl_base_hwservice:s0 tclass=hwservice_manager
10-30 23:18:00.679  9947  9981 I cr_CachingUmaRecorder: Flushed 3 samples from 3 histograms.
10-30 23:18:00.680   361   361 E SELinux : avc:  denied  { find } for interface=android.system.wifi.keystore::IKeystore pid=9939 scontext=u:r:shell:s0 tcontext=u:object_r:system_wifi_keystore_hwservice:s0 tclass=hwservice_manager
10-30 23:18:00.684  9260  9260 W chromium: [WARNING:compositor_view.cc(342)] Child process died (type=6) pid=9940)
10-30 23:18:00.721  9947  9981 I chromium: [INFO:child_process_service.cc(69)] ChildProcessService: Exiting child process.
10-30 23:18:00.723   422   422 E lowmemorykiller: Error writing /proc/9947/oom_score_adj; errno=22
10-30 23:18:00.724   772  1259 I ActivityManager: Killing 9947:com.android.chrome:sandboxed_process22/u0a60i847 (adj 0): isolated not needed
10-30 23:18:00.726   772   790 W zygote64: failed to open /acct/uid_99847/pid_9947/cgroup.procs: No such file or directory
10-30 23:18:00.759  9260  9260 W chromium: [WARNING:compositor_view.cc(342)] Child process died (type=6) pid=9947)
10-30 23:18:01.147 13542 13542 D BoundBrokerSvc: onBind: Intent { act=com.google.android.gms.common.BIND_SHARED_PREFS pkg=com.google.android.gms }
10-30 23:18:01.147 13542 13542 D BoundBrokerSvc: Loading bound service for intent: Intent { act=com.google.android.gms.common.BIND_SHARED_PREFS pkg=com.google.android.gms }
10-30 23:18:01.157 13542 13542 D BoundBrokerSvc: onUnbind: Intent { act=com.google.android.gms.common.BIND_SHARED_PREFS pkg=com.google.android.gms }
10-30 23:18:01.162  3960  3968 W SQLiteConnectionPool: A SQLiteConnection object for database '/data/user/0/com.google.android.gms/databases/metadata.db' was leaked!  Please fix your application to end transactions in progress properly and to close the database when it is no longer needed.
10-30 23:18:01.166 13542 13674 I Icing   : IndexChimeraService.getServiceInterface callingPackage=com.google.android.gms componentName=null serviceId=30
10-30 23:18:01.196 13542 13666 I GmsCoreXrpcWrapper: Returning a channel provider with trafficStatsTag=12803 trafficStatsUid=-1
10-30 23:18:01.356 13542 13666 I Icing   : Usage reports ok 3, Failed Usage reports 0, indexed 1, rejected 0
10-30 23:18:03.307  9260  9260 W chromium: [WARNING:controller_impl.cc(1190)] Background download complete, client: 6, completion type: 0, file size:16643
10-30 23:18:03.340   772   785 I ActivityManager: Start proc 9997:com.android.chrome:sandboxed_process23/u0i848 for webview_service com.android.chrome/org.chromium.content.app.SandboxedProcessService23
10-30 23:18:03.344  9997  9997 E /system/bin/webview_zygote32: failed to make and chown /acct/uid_99848: Permission denied
10-30 23:18:03.345  9997  9997 E Zygote  : createProcessGroup(99848, 0) failed: Permission denied
10-30 23:18:03.366  9997  9997 I SamplingProfilerIntegration: Profiling disabled.
10-30 23:18:03.388 10010 10010 E asset   : setgid: Operation not permitted
10-30 23:18:03.421  9997  9997 I cr_SplitCompatApp: Launched version=106.0.5249.79 minSdkVersion=24 isBundle=true processName=com.android.chrome:sandboxed_process23 isIsolated=true
10-30 23:18:03.428  9997  9997 W SystemServiceRegistry: No service published for: uimode
10-30 23:18:03.439  9997  9997 I cr_ChildProcessService: Creating new ChildProcessService pid=9997
10-30 23:18:03.446  9997  9997 E WebViewFactory: can't load with relro file; address space not reserved
10-30 23:18:03.467  9997 10013 I cr_LibraryLoader: Successfully loaded native library
10-30 23:18:03.470  9997 10013 I cr_CachingUmaRecorder: Flushed 3 samples from 3 histograms.
10-30 23:18:03.486 10018 10018 W ThreadPoolForeg: type=1400 audit(0.0:11432): avc: denied { setattr } for name="model-info.pb" dev="dm-2" ino=1504901 scontext=u:r:isolated_app:s0:c512,c768 tcontext=u:object_r:app_data_file:s0:c512,c768 tclass=file permissive=0
10-30 23:18:03.486 10018 10018 W ThreadPoolForeg: type=1400 audit(0.0:11433): avc: denied { setattr } for name="model.tflite" dev="dm-2" ino=1504902 scontext=u:r:isolated_app:s0:c512,c768 tcontext=u:object_r:app_data_file:s0:c512,c768 tclass=file permissive=0
10-30 23:18:03.499  9997 10013 I chromium: [INFO:child_process_service.cc(69)] ChildProcessService: Exiting child process.
10-30 23:18:03.501   422   422 E lowmemorykiller: Error writing /proc/9997/oom_score_adj; errno=22
10-30 23:18:03.503   772  2969 I ActivityManager: Killing 9997:com.android.chrome:sandboxed_process23/u0a60i848 (adj 0): isolated not needed
10-30 23:18:03.503   772   790 W zygote64: failed to open /acct/uid_99848/pid_9997/cgroup.procs: No such file or directory
10-30 23:18:03.521  9260  9260 W chromium: [WARNING:controller_impl.cc(1190)] Background download complete, client: 6, completion type: 0, file size:18160
10-30 23:18:03.536  9260  9260 W chromium: [WARNING:compositor_view.cc(342)] Child process died (type=6) pid=9997)
10-30 23:18:03.550 10020 10020 E /system/bin/webview_zygote32: failed to make and chown /acct/uid_99849: Permission denied
10-30 23:18:03.550 10020 10020 E Zygote  : createProcessGroup(99849, 0) failed: Permission denied
10-30 23:18:03.559   772  1324 I ActivityManager: Start proc 10020:com.android.chrome:sandboxed_process24/u0i849 for webview_service com.android.chrome/org.chromium.content.app.SandboxedProcessService24
10-30 23:18:03.578 10020 10020 I SamplingProfilerIntegration: Profiling disabled.
10-30 23:18:03.594 10033 10033 E asset   : setgid: Operation not permitted
10-30 23:18:03.621 10020 10020 I cr_SplitCompatApp: Launched version=106.0.5249.79 minSdkVersion=24 isBundle=true processName=com.android.chrome:sandboxed_process24 isIsolated=true
10-30 23:18:03.629 10020 10020 W SystemServiceRegistry: No service published for: uimode
10-30 23:18:03.636 10020 10020 I cr_ChildProcessService: Creating new ChildProcessService pid=10020
10-30 23:18:03.642 10020 10020 E WebViewFactory: can't load with relro file; address space not reserved
10-30 23:18:03.652 10020 10035 I cr_LibraryLoader: Successfully loaded native library
10-30 23:18:03.657 10020 10035 I cr_CachingUmaRecorder: Flushed 3 samples from 3 histograms.
10-30 23:18:03.673 10040 10040 W ThreadPoolForeg: type=1400 audit(0.0:11434): avc: denied { setattr } for name="model-info.pb" dev="dm-2" ino=1504905 scontext=u:r:isolated_app:s0:c512,c768 tcontext=u:object_r:app_data_file:s0:c512,c768 tclass=file permissive=0
10-30 23:18:03.676 10040 10040 W ThreadPoolForeg: type=1400 audit(0.0:11435): avc: denied { setattr } for name="model.tflite" dev="dm-2" ino=1504911 scontext=u:r:isolated_app:s0:c512,c768 tcontext=u:object_r:app_data_file:s0:c512,c768 tclass=file permissive=0
10-30 23:18:03.682 10020 10035 I chromium: [INFO:child_process_service.cc(69)] ChildProcessService: Exiting child process.
10-30 23:18:03.685   422   422 E lowmemorykiller: Error writing /proc/10020/oom_score_adj; errno=22
10-30 23:18:03.686   772  2969 I ActivityManager: Killing 10020:com.android.chrome:sandboxed_process24/u0a60i849 (adj 0): isolated not needed
10-30 23:18:03.686   772   790 W zygote64: failed to open /acct/uid_99849/pid_10020/cgroup.procs: No such file or directory
10-30 23:18:03.689  9260  9260 W chromium: [WARNING:controller_impl.cc(1190)] Background download complete, client: 6, completion type: 0, file size:265060
10-30 23:18:03.711  9260  9260 W chromium: [WARNING:compositor_view.cc(342)] Child process died (type=6) pid=10020)
10-30 23:18:03.721 10042 10042 E /system/bin/webview_zygote32: failed to make and chown /acct/uid_99850: Permission denied
10-30 23:18:03.721 10042 10042 E Zygote  : createProcessGroup(99850, 0) failed: Permission denied
10-30 23:18:03.727   772  1259 I ActivityManager: Start proc 10042:com.android.chrome:sandboxed_process25/u0i850 for webview_service com.android.chrome/org.chromium.content.app.SandboxedProcessService25
10-30 23:18:03.733  9260  9260 W chromium: [WARNING:controller_impl.cc(1190)] Background download complete, client: 6, completion type: 0, file size:15859
10-30 23:18:03.756 10042 10042 I SamplingProfilerIntegration: Profiling disabled.
10-30 23:18:03.763  9260  9260 W chromium: [WARNING:controller_impl.cc(1190)] Background download complete, client: 6, completion type: 0, file size:4951
10-30 23:18:03.768 10055 10055 E /system/bin/webview_zygote32: failed to make and chown /acct/uid_99851: Permission denied
10-30 23:18:03.768 10055 10055 E Zygote  : createProcessGroup(99851, 0) failed: Permission denied
10-30 23:18:03.769   772  2970 I ActivityManager: Start proc 10055:com.android.chrome:sandboxed_process26/u0i851 for webview_service com.android.chrome/org.chromium.content.app.SandboxedProcessService26
10-30 23:18:03.787 10065 10065 E asset   : setgid: Operation not permitted
10-30 23:18:03.797 10067 10067 E /system/bin/webview_zygote32: failed to make and chown /acct/uid_99852: Permission denied
10-30 23:18:03.797 10067 10067 E Zygote  : createProcessGroup(99852, 0) failed: Permission denied
10-30 23:18:03.803   772  3037 I ActivityManager: Start proc 10067:com.android.chrome:sandboxed_process27/u0i852 for webview_service com.android.chrome/org.chromium.content.app.SandboxedProcessService27
10-30 23:18:03.806 10055 10055 I SamplingProfilerIntegration: Profiling disabled.
10-30 23:18:03.821 10042 10042 I cr_SplitCompatApp: Launched version=106.0.5249.79 minSdkVersion=24 isBundle=true processName=com.android.chrome:sandboxed_process25 isIsolated=true
10-30 23:18:03.828 10067 10067 I SamplingProfilerIntegration: Profiling disabled.
10-30 23:18:03.828 10083 10083 E asset   : setgid: Operation not permitted
10-30 23:18:03.831 10042 10042 W SystemServiceRegistry: No service published for: uimode
10-30 23:18:03.844 10042 10042 I cr_ChildProcessService: Creating new ChildProcessService pid=10042
10-30 23:18:03.850 10085 10085 E asset   : setgid: Operation not permitted
10-30 23:18:03.857 10042 10042 E WebViewFactory: can't load with relro file; address space not reserved
10-30 23:18:03.879 10042 10084 I cr_LibraryLoader: Successfully loaded native library
10-30 23:18:03.880 10042 10084 I cr_CachingUmaRecorder: Flushed 3 samples from 3 histograms.
10-30 23:18:03.893 10055 10055 I cr_SplitCompatApp: Launched version=106.0.5249.79 minSdkVersion=24 isBundle=true processName=com.android.chrome:sandboxed_process26 isIsolated=true
10-30 23:18:03.897 10055 10055 W SystemServiceRegistry: No service published for: uimode
10-30 23:18:03.903 10067 10067 I cr_SplitCompatApp: Launched version=106.0.5249.79 minSdkVersion=24 isBundle=true processName=com.android.chrome:sandboxed_process27 isIsolated=true
10-30 23:18:03.906 10093 10093 W ThreadPoolForeg: type=1400 audit(0.0:11436): avc: denied { setattr } for name="model-info.pb" dev="dm-2" ino=1504922 scontext=u:r:isolated_app:s0:c512,c768 tcontext=u:object_r:app_data_file:s0:c512,c768 tclass=file permissive=0
10-30 23:18:03.909 10055 10055 I cr_ChildProcessService: Creating new ChildProcessService pid=10055
10-30 23:18:03.910 10067 10067 W SystemServiceRegistry: No service published for: uimode
10-30 23:18:03.916 10067 10067 I cr_ChildProcessService: Creating new ChildProcessService pid=10067
10-30 23:18:03.926 10093 10093 W ThreadPoolForeg: type=1400 audit(0.0:11437): avc: denied { setattr } for name="model.tflite" dev="dm-2" ino=1504923 scontext=u:r:isolated_app:s0:c512,c768 tcontext=u:object_r:app_data_file:s0:c512,c768 tclass=file permissive=0
10-30 23:18:03.926 10067 10067 E WebViewFactory: can't load with relro file; address space not reserved
10-30 23:18:03.934 10042 10084 I chromium: [INFO:child_process_service.cc(69)] ChildProcessService: Exiting child process.
10-30 23:18:03.937   422   422 E lowmemorykiller: Error writing /proc/10042/oom_score_adj; errno=22
10-30 23:18:03.937   772 13021 I ActivityManager: Killing 10042:com.android.chrome:sandboxed_process25/u0a60i850 (adj 0): isolated not needed
10-30 23:18:03.937 10067 10096 I cr_LibraryLoader: Successfully loaded native library
10-30 23:18:03.938   772   790 W zygote64: failed to open /acct/uid_99850/pid_10042/cgroup.procs: No such file or directory
10-30 23:18:03.938 10067 10096 I cr_CachingUmaRecorder: Flushed 3 samples from 3 histograms.
10-30 23:18:03.945  9260  9260 W chromium: [WARNING:controller_impl.cc(1190)] Background download complete, client: 6, completion type: 0, file size:2759
10-30 23:18:03.946 10055 10095 E WebViewFactory: can't load with relro file; address space not reserved
10-30 23:18:03.956 10055 10095 I cr_LibraryLoader: Successfully loaded native library
10-30 23:18:03.957 10055 10095 I cr_CachingUmaRecorder: Flushed 3 samples from 3 histograms.
10-30 23:18:03.966 10100 10100 W ThreadPoolForeg: type=1400 audit(0.0:11438): avc: denied { setattr } for name="model-info.pb" dev="dm-2" ino=1504922 scontext=u:r:isolated_app:s0:c512,c768 tcontext=u:object_r:app_data_file:s0:c512,c768 tclass=file permissive=0
