10-30 23:18:03.970 10100 10100 W ThreadPoolForeg: type=1400 audit(0.0:11439): avc: denied { setattr } for name="model.tflite" dev="dm-2" ino=1504925 scontext=u:r:isolated_app:s0:c512,c768 tcontext=u:object_r:app_data_file:s0:c512,c768 tclass=file permissive=0
10-30 23:18:03.970  9260  9260 W chromium: [WARNING:compositor_view.cc(342)] Child process died (type=6) pid=10042)
10-30 23:18:03.976 10067 10096 I chromium: [INFO:child_process_service.cc(69)] ChildProcessService: Exiting child process.
10-30 23:18:03.981 10110 10110 E /system/bin/webview_zygote32: failed to make and chown /acct/uid_99853: Permission denied
10-30 23:18:03.981 10110 10110 E Zygote  : createProcessGroup(99853, 0) failed: Permission denied
10-30 23:18:03.981   772  1259 I ActivityManager: Start proc 10110:com.android.chrome:sandboxed_process28/u0i853 for webview_service com.android.chrome/org.chromium.content.app.SandboxedProcessService28
10-30 23:18:03.984  9826  9883 I tflite  : Initialized TensorFlow Lite runtime.
10-30 23:18:03.989  9260  9260 W chromium: [WARNING:controller_impl.cc(1190)] Background download complete, client: 6, completion type: 0, file size:116031
10-30 23:18:03.993 10105 10105 W ThreadPoolForeg: type=1400 audit(0.0:11440): avc: denied { setattr } for name="model-info.pb" dev="dm-2" ino=1504916 scontext=u:r:isolated_app:s0:c512,c768 tcontext=u:object_r:app_data_file:s0:c512,c768 tclass=file permissive=0
10-30 23:18:03.993 10105 10105 W ThreadPoolForeg: type=1400 audit(0.0:11441): avc: denied { setattr } for name="model.tflite" dev="dm-2" ino=1504922 scontext=u:r:isolated_app:s0:c512,c768 tcontext=u:object_r:app_data_file:s0:c512,c768 tclass=file permissive=0
10-30 23:18:04.002   422   422 E lowmemorykiller: Error writing /proc/10067/oom_score_adj; errno=22
10-30 23:18:04.002   772 20193 I ActivityManager: Killing 10067:com.android.chrome:sandboxed_process27/u0a60i852 (adj 0): isolated not needed
10-30 23:18:04.002 10055 10095 I chromium: [INFO:child_process_service.cc(69)] ChildProcessService: Exiting child process.
10-30 23:18:04.003   772   790 W zygote64: failed to open /acct/uid_99852/pid_10067/cgroup.procs: No such file or directory
10-30 23:18:04.004   422   422 E lowmemorykiller: Error writing /proc/10055/oom_score_adj; errno=22
10-30 23:18:04.005   772 13021 I ActivityManager: Killing 10055:com.android.chrome:sandboxed_process26/u0a60i851 (adj 0): isolated not needed
10-30 23:18:04.005   772   790 W zygote64: failed to open /acct/uid_99851/pid_10055/cgroup.procs: No such file or directory
10-30 23:18:04.025  9260  9260 W chromium: [WARNING:compositor_view.cc(342)] Child process died (type=6) pid=10067)
10-30 23:18:04.027 10124 10124 E /system/bin/webview_zygote32: failed to make and chown /acct/uid_99854: Permission denied
10-30 23:18:04.027 10124 10124 E Zygote  : createProcessGroup(99854, 0) failed: Permission denied
10-30 23:18:04.028   772 13071 I ActivityManager: Start proc 10124:com.android.chrome:sandboxed_process29/u0i854 for webview_service com.android.chrome/org.chromium.content.app.SandboxedProcessService29
10-30 23:18:04.031 10110 10110 I SamplingProfilerIntegration: Profiling disabled.
10-30 23:18:04.038  9260  9260 W chromium: [WARNING:compositor_view.cc(342)] Child process died (type=6) pid=10055)
10-30 23:18:04.058 10124 10124 I SamplingProfilerIntegration: Profiling disabled.
10-30 23:18:04.067 10137 10137 E asset   : setgid: Operation not permitted
10-30 23:18:04.079 10138 10138 E asset   : setgid: Operation not permitted
10-30 23:18:04.108 10124 10124 I cr_SplitCompatApp: Launched version=106.0.5249.79 minSdkVersion=24 isBundle=true processName=com.android.chrome:sandboxed_process29 isIsolated=true
10-30 23:18:04.120 10124 10124 W SystemServiceRegistry: No service published for: uimode
10-30 23:18:04.121 10110 10110 I cr_SplitCompatApp: Launched version=106.0.5249.79 minSdkVersion=24 isBundle=true processName=com.android.chrome:sandboxed_process28 isIsolated=true
10-30 23:18:04.129 10124 10124 I cr_ChildProcessService: Creating new ChildProcessService pid=10124
10-30 23:18:04.129 10110 10110 W SystemServiceRegistry: No service published for: uimode
10-30 23:18:04.138 10124 10124 E WebViewFactory: can't load with relro file; address space not reserved
10-30 23:18:04.138 10110 10110 I cr_ChildProcessService: Creating new ChildProcessService pid=10110
10-30 23:18:04.149 10110 10110 E WebViewFactory: can't load with relro file; address space not reserved
10-30 23:18:04.155 10124 10140 I cr_LibraryLoader: Successfully loaded native library
10-30 23:18:04.156 10124 10140 I cr_CachingUmaRecorder: Flushed 3 samples from 3 histograms.
10-30 23:18:04.166 10110 10141 I cr_LibraryLoader: Successfully loaded native library
10-30 23:18:04.167 10110 10141 I cr_CachingUmaRecorder: Flushed 3 samples from 3 histograms.
10-30 23:18:04.293 10144 10144 W ThreadPoolForeg: type=1400 audit(0.0:11442): avc: denied { setattr } for name="model-info.pb" dev="dm-2" ino=1504942 scontext=u:r:isolated_app:s0:c512,c768 tcontext=u:object_r:app_data_file:s0:c512,c768 tclass=file permissive=0
10-30 23:18:04.293 10154 10154 W ThreadPoolForeg: type=1400 audit(0.0:11443): avc: denied { setattr } for name="model-info.pb" dev="dm-2" ino=1504943 scontext=u:r:isolated_app:s0:c512,c768 tcontext=u:object_r:app_data_file:s0:c512,c768 tclass=file permissive=0
10-30 23:18:04.296 10154 10154 W ThreadPoolForeg: type=1400 audit(0.0:11444): avc: denied { setattr } for name="model.tflite" dev="dm-2" ino=1504945 scontext=u:r:isolated_app:s0:c512,c768 tcontext=u:object_r:app_data_file:s0:c512,c768 tclass=file permissive=0
10-30 23:18:04.310 10144 10144 W ThreadPoolForeg: type=1400 audit(0.0:11445): avc: denied { setattr } for name="model.tflite" dev="dm-2" ino=1504944 scontext=u:r:isolated_app:s0:c512,c768 tcontext=u:object_r:app_data_file:s0:c512,c768 tclass=file permissive=0
10-30 23:18:04.314 10110 10141 I chromium: [INFO:child_process_service.cc(69)] ChildProcessService: Exiting child process.
10-30 23:18:04.317   422   422 E lowmemorykiller: Error writing /proc/10110/oom_score_adj; errno=22
10-30 23:18:04.318   772 10895 I ActivityManager: Killing 10110:com.android.chrome:sandboxed_process28/u0a60i853 (adj 0): isolated not needed
10-30 23:18:04.318   772   790 W zygote64: failed to open /acct/uid_99853/pid_10110/cgroup.procs: No such file or directory
10-30 23:18:04.320 10124 10140 I chromium: [INFO:child_process_service.cc(69)] ChildProcessService: Exiting child process.
10-30 23:18:04.322   422   422 E lowmemorykiller: Error writing /proc/10124/oom_score_adj; errno=22
10-30 23:18:04.323   772  1324 I ActivityManager: Killing 10124:com.android.chrome:sandboxed_process29/u0a60i854 (adj 0): isolated not needed
10-30 23:18:04.326   772   790 W zygote64: failed to open /acct/uid_99854/pid_10124/cgroup.procs: No such file or directory
10-30 23:18:04.333  9260  9320 I cr_omaha: OmahaBase::generateAndPostRequest(): Sending request to Omaha:
10-30 23:18:04.333  9260  9320 I cr_omaha: <?xml version='1.0' encoding='UTF-8' standalone='yes' ?><request protocol="3.0" updater="Android" updaterversion="106.0.5249.79" updaterchannel="chrome" ismachine="1" requestid="{7eced1f6-ce12-47f5-b797-515c3453990e}" sessionid="{b896cdb8-8501-4278-bda6-4d75a7029ec2}" installsource="system_image" dedup="cr"><os platform="android" version="8.0.0" arch="arm" /><app brand="" client="ms-android-google" appid="{387E11AD-7109-45F6-83CF-CAA241ADC9DF}" version="106.0.5249.79" nextversion="" lang="en-US" installage="-1" ap="chrome;google;nexus 5x"><event eventtype="2" eventresult="1" /></app></request>
10-30 23:18:04.348  9260  9260 W chromium: [WARNING:controller_impl.cc(1190)] Background download complete, client: 6, completion type: 0, file size:9419
10-30 23:18:04.367  9260  9260 W chromium: [WARNING:compositor_view.cc(342)] Child process died (type=6) pid=10110)
10-30 23:18:04.369  9260  9260 W chromium: [WARNING:compositor_view.cc(342)] Child process died (type=6) pid=10124)
10-30 23:18:04.388 10157 10157 E /system/bin/webview_zygote32: failed to make and chown /acct/uid_99855: Permission denied
10-30 23:18:04.388 10157 10157 E Zygote  : createProcessGroup(99855, 0) failed: Permission denied
10-30 23:18:04.388   772  2969 I ActivityManager: Start proc 10157:com.android.chrome:sandboxed_process30/u0i855 for webview_service com.android.chrome/org.chromium.content.app.SandboxedProcessService30
10-30 23:18:04.410 10157 10157 I SamplingProfilerIntegration: Profiling disabled.
10-30 23:18:04.425 10170 10170 E asset   : setgid: Operation not permitted
10-30 23:18:04.453 10157 10157 I cr_SplitCompatApp: Launched version=106.0.5249.79 minSdkVersion=24 isBundle=true processName=com.android.chrome:sandboxed_process30 isIsolated=true
10-30 23:18:04.457 10157 10157 W SystemServiceRegistry: No service published for: uimode
10-30 23:18:04.464 10157 10157 I cr_ChildProcessService: Creating new ChildProcessService pid=10157
10-30 23:18:04.470 10157 10157 E WebViewFactory: can't load with relro file; address space not reserved
10-30 23:18:04.480 10157 10172 I cr_LibraryLoader: Successfully loaded native library
10-30 23:18:04.481 10157 10172 I cr_CachingUmaRecorder: Flushed 3 samples from 3 histograms.
10-30 23:18:04.496 10175 10175 W ThreadPoolForeg: type=1400 audit(0.0:11446): avc: denied { setattr } for name="model-info.pb" dev="dm-2" ino=1504942 scontext=u:r:isolated_app:s0:c512,c768 tcontext=u:object_r:app_data_file:s0:c512,c768 tclass=file permissive=0
10-30 23:18:04.496 10175 10175 W ThreadPoolForeg: type=1400 audit(0.0:11447): avc: denied { setattr } for name="model.tflite" dev="dm-2" ino=1504943 scontext=u:r:isolated_app:s0:c512,c768 tcontext=u:object_r:app_data_file:s0:c512,c768 tclass=file permissive=0
10-30 23:18:04.504 10157 10172 I chromium: [INFO:child_process_service.cc(69)] ChildProcessService: Exiting child process.
10-30 23:18:04.505   422   422 E lowmemorykiller: Error writing /proc/10157/oom_score_adj; errno=22
10-30 23:18:04.506   772   996 I ActivityManager: Killing 10157:com.android.chrome:sandboxed_process30/u0a60i855 (adj 0): isolated not needed
10-30 23:18:04.506   772   790 W zygote64: failed to open /acct/uid_99855/pid_10157/cgroup.procs: No such file or directory
10-30 23:18:04.520  9260  9260 W chromium: [WARNING:compositor_view.cc(342)] Child process died (type=6) pid=10157)
10-30 23:18:04.598  9260  9320 I cr_omaha: OmahaBase::generateAndPostRequest(): Received response from Omaha:
10-30 23:18:04.598  9260  9320 I cr_omaha: <?xml version="1.0" encoding="UTF-8"?><response protocol="3.0" server="prod"><daystart elapsed_days="5781" elapsed_seconds="55082"/><app appid="{387E11AD-7109-45F6-83CF-CAA241ADC9DF}" status="ok"><event status="ok"/></app></response>
10-30 23:18:04.608  9260  9320 I cr_omaha: Request to Server Successful. Timestamp for next request:1667171884608
10-30 23:18:04.623  9260  9320 I cr_omaha: OmahaBase::generateAndPostRequest(): Sending request to Omaha:
10-30 23:18:04.623  9260  9320 I cr_omaha: <?xml version='1.0' encoding='UTF-8' standalone='yes' ?><request protocol="3.0" updater="Android" updaterversion="106.0.5249.79" updaterchannel="chrome" ismachine="1" requestid="{21e19ab7-0394-41ae-baa0-0d5869286669}" sessionid="{b896cdb8-8501-4278-bda6-4d75a7029ec2}" installsource="system_image" dedup="cr"><os platform="android" version="8.0.0" arch="arm" /><app brand="" client="ms-android-google" appid="{387E11AD-7109-45F6-83CF-CAA241ADC9DF}" version="106.0.5249.79" nextversion="" lang="en-US" installage="0" ap="chrome;google;nexus 5x"><updatecheck /><ping active="1" ad="5781" rd="5781" /></app></request>
10-30 23:18:04.765  9260  9320 I cr_omaha: OmahaBase::generateAndPostRequest(): Received response from Omaha:
10-30 23:18:04.765  9260  9320 I cr_omaha: <?xml version="1.0" encoding="UTF-8"?><response protocol="3.0" server="prod"><daystart elapsed_days="5781" elapsed_seconds="55083"/><app appid="{387E11AD-7109-45F6-83CF-CAA241ADC9DF}" cohort="1:hyx:" cohortname="Stable Chrome" status="ok"><updatecheck status="noupdate"/><ping status="ok"/></app></response>
10-30 23:18:04.767  9260  9320 I cr_omaha: Request to Server Successful. Timestamp for next request:1667171884767
10-30 23:18:04.767  9260  9320 I cr_omaha: Attempting to schedule next job for: Mon Oct 31 04:18:04 GMT+01:00 2022
10-30 23:18:04.770  9260  9260 I cr_omaha: Scheduled using JobService
10-30 23:18:04.772  9260  9260 E cr_BkgrdTaskJS: Tried finishing non-current BackgroundTask.
10-30 23:18:06.788  9260  9260 I cr_tabmodel: Appending tabs being restored to metadata lists, 0, startingNormalCount: 2, startingIncognitoCount: 0
10-30 23:18:06.788  9260  9260 I cr_tabmodel: Serializing tab lists; counts: 2, 0
10-30 23:18:06.840 13542 13542 D BoundBrokerSvc: onBind: Intent { act=com.google.android.gms.common.BIND_SHARED_PREFS pkg=com.google.android.gms }
10-30 23:18:06.840 13542 13542 D BoundBrokerSvc: Loading bound service for intent: Intent { act=com.google.android.gms.common.BIND_SHARED_PREFS pkg=com.google.android.gms }
10-30 23:18:06.844 13542 13542 D BoundBrokerSvc: onUnbind: Intent { act=com.google.android.gms.common.BIND_SHARED_PREFS pkg=com.google.android.gms }
10-30 23:18:08.055   772 10894 D WificondControl: Scan result ready event
10-30 23:18:08.127  3960  6244 I ChimeraSrvcProxy: NullBinder for android.net.action.RECOMMEND_NETWORKS triggering remote TransactionTooLargeException due to Service without Chimera impl
10-30 23:18:09.403  9260  9260 I cr_tabmodel: Appending tabs being restored to metadata lists, 0, startingNormalCount: 2, startingIncognitoCount: 0
10-30 23:18:09.403  9260  9260 I cr_tabmodel: Serializing tab lists; counts: 2, 0
10-30 23:18:09.543  9260  9260 E cr_BTSPrefs: No data found for task id: 56
10-30 23:18:09.543  9260  9260 E cr_BkgrdTaskScheduler: Task cannot be canceled because no data was found instorage or data was invalid
10-30 23:18:13.666  9260  9260 W ResourceType: Failure getting entry for 0x7f010888 (t=0 e=2184) (error -75)
10-30 23:18:13.705  9260  9260 I chatty  : uid=10060(u0_a60) com.android.chrome:sandboxed identical 7 lines
10-30 23:18:13.710  9260  9260 W ResourceType: Failure getting entry for 0x7f010888 (t=0 e=2184) (error -75)
10-30 23:18:13.713  9260  9260 I cr_TopSites: Start a new task.
10-30 23:18:13.714  9260  9318 I cr_TopSites: Serializing top sites lists finished; count: 9
10-30 23:18:13.722  9260  9318 I cr_TopSites: Finished saving top sites list to file:/data/user/0/com.android.chrome/app_top_sites/top_sites
10-30 23:18:47.124   568   709 E NetlinkListener: recvmsg failed (No buffer space available)
10-30 23:18:51.094  9260  9260 I cr_media: Create MediaDrmBridge with level L3 and origin CD220C4CDCF29E5EBFBD1106970DD021
10-30 23:18:51.113   361   361 W /system/bin/hwservicemanager: getTransportFromManifest: Cannot find entry android.hardware.drm@1.0::IDrmFactory in either framework or device manifest, using default transport.
10-30 23:18:51.254   562 28303 I DrmHal  : makeDrmFactories: using default drm instance
10-30 23:18:51.259   361   361 W /system/bin/hwservicemanager: getTransportFromManifest: Cannot find entry android.hardware.drm@1.0::IDrmFactory in either framework or device manifest, using default transport.
10-30 23:18:51.315   562  5487 I DrmHal  : makeDrmFactories: using default drm instance
10-30 23:18:51.316   562   644 D WVCdm   : Instantiating CDM.
10-30 23:18:51.322   562 19051 I WVCdm   : CdmEngine::QueryStatus
10-30 23:18:51.322   562 19051 I WVCdm   : Level3 Library 4445 May 19 2017 17:17:20
10-30 23:18:51.333   562 19051 D QSEECOMAPI: : QSEECom_get_handle sb_length = 0x19000
10-30 23:18:51.334   562 19051 D QSEECOMAPI: : App is not loaded in QSEE
10-30 23:18:51.395   562 19051 D QSEECOMAPI: : Loaded image: APP id = 1418
10-30 23:18:51.399   562 19051 D QSAPPSVER: qsapps_get_capabilities: Capability from secure side: 0x0
10-30 23:18:51.400   562 19051 D QSAPPSVER: qsapps_get_capabilities: returns 0
10-30 23:18:51.400   562 19051 E DrmWidevineDash: sion_buffer g_wv_fhandle->ion_sbuffer  0x0xefca2000
10-30 23:18:51.404   372   376 D DrmLibTime: got the req here! ret=0
10-30 23:18:51.405   372   376 D DrmLibTime: command id, time_cmd_id = 770
10-30 23:18:51.405   372   376 D DrmLibTime: time_getutcsec starts!
10-30 23:18:51.405   372   376 D DrmLibTime: QSEE Time Listener: time_getutcsec
10-30 23:18:51.405   372   376 D DrmLibTime: QSEE Time Listener: get_utc_seconds
10-30 23:18:51.405   372   376 D DrmLibTime: QSEE Time Listener: time_get_modem_time
10-30 23:18:51.405   372   376 D DrmLibTime: QSEE Time Listener: Checking if ATS_MODEM is set or not.
10-30 23:18:51.405   372   376 D QC-time-services: Lib:time_genoff_operation: pargs->base = 13
10-30 23:18:51.405   372   376 D QC-time-services: Lib:time_genoff_operation: pargs->operation = 2
10-30 23:18:51.405   372   376 D QC-time-services: Lib:time_genoff_operation: pargs->ts_val = 0
10-30 23:18:51.405   372   376 D QC-time-services: Lib:time_genoff_operation: Send to server  passed!!
10-30 23:18:51.405   625   647 D QC-time-services: Daemon: Connection accepted:time_genoff
10-30 23:18:51.406   625 10194 D QC-time-services: Daemon:Received base = 13, unit = 1, operation = 2,value = 0
10-30 23:18:51.406   625 10194 D QC-time-services: Daemon:genoff_opr: Base = 13, val = 0, operation = 2
10-30 23:18:51.406   625 10194 D QC-time-services: offset is: 0 for base: 13
10-30 23:18:51.406   372   376 E QC-time-services: Receive Passed == base = 13, unit = 1, operation = 2, result = 0
10-30 23:18:51.406   372   376 D DrmLibTime: QSEE Time Listener: ATS_MODEM is not set. Fallback to Android system time.
10-30 23:18:51.406   372   376 D DrmLibTime: QSEE Time Listener: Retrieved Android system time: 1667168331
10-30 23:18:51.406   372   376 D DrmLibTime: time_getutcsec returns 0, sec = 1667168331; nsec = 0
10-30 23:18:51.406   372   376 D DrmLibTime: time_getutcsec finished! 
10-30 23:18:51.407   372   376 D DrmLibTime: iotcl_continue_command finished! and return 0 
10-30 23:18:51.407   372   376 D DrmLibTime: before calling ioctl to read the next time_cmd
10-30 23:18:51.407   625   647 E QC-time-services: Daemon: Time-services: Waiting to acceptconnection
10-30 23:18:51.446   562 19051 D WVCdm   : OEMCrypto_Initialize Level 1 success. I will use level 1.
10-30 23:18:51.447   562 19051 D QSEECOMAPI: : QSEECom_dealloc_memory 
10-30 23:18:51.447   562 19051 D QSEECOMAPI: : QSEECom_shutdown_app, app_id = 1418
10-30 23:18:51.454   562   644 I WVCdm   : CdmEngine::OpenSession
10-30 23:18:51.455   562   644 I WVCdm   : Level3 Library 4445 May 19 2017 17:17:20
10-30 23:18:51.459   562   644 D QSEECOMAPI: : QSEECom_get_handle sb_length = 0x19000
10-30 23:18:51.459   562   644 D QSEECOMAPI: : App is not loaded in QSEE
10-30 23:18:51.508   562   644 D QSEECOMAPI: : Loaded image: APP id = 1419
10-30 23:18:51.512   562   644 D QSAPPSVER: qsapps_get_capabilities: Capability from secure side: 0x0
10-30 23:18:51.512   562   644 D QSAPPSVER: qsapps_get_capabilities: returns 0
10-30 23:18:51.512   562   644 E DrmWidevineDash: sion_buffer g_wv_fhandle->ion_sbuffer  0x0xefca2000
10-30 23:18:51.514   372   376 D DrmLibTime: got the req here! ret=0
10-30 23:18:51.514   372   376 D DrmLibTime: command id, time_cmd_id = 770
10-30 23:18:51.514   372   376 D DrmLibTime: time_getutcsec starts!
10-30 23:18:51.514   372   376 D DrmLibTime: QSEE Time Listener: time_getutcsec
10-30 23:18:51.515   372   376 D DrmLibTime: QSEE Time Listener: get_utc_seconds
10-30 23:18:51.515   372   376 D DrmLibTime: QSEE Time Listener: time_get_modem_time
10-30 23:18:51.515   372   376 D DrmLibTime: QSEE Time Listener: Checking if ATS_MODEM is set or not.
10-30 23:18:51.515   372   376 D QC-time-services: Lib:time_genoff_operation: pargs->base = 13
10-30 23:18:51.515   372   376 D QC-time-services: Lib:time_genoff_operation: pargs->operation = 2
10-30 23:18:51.515   372   376 D QC-time-services: Lib:time_genoff_operation: pargs->ts_val = 0
10-30 23:18:51.515   372   376 D QC-time-services: Lib:time_genoff_operation: Send to server  passed!!
10-30 23:18:51.515   625   647 D QC-time-services: Daemon: Connection accepted:time_genoff
10-30 23:18:51.515   625 10195 D QC-time-services: Daemon:Received base = 13, unit = 1, operation = 2,value = 0
10-30 23:18:51.515   625 10195 D QC-time-services: Daemon:genoff_opr: Base = 13, val = 0, operation = 2
10-30 23:18:51.515   625 10195 D QC-time-services: offset is: 0 for base: 13
10-30 23:18:51.515   372   376 E QC-time-services: Receive Passed == base = 13, unit = 1, operation = 2, result = 0
10-30 23:18:51.515   372   376 D DrmLibTime: QSEE Time Listener: ATS_MODEM is not set. Fallback to Android system time.
10-30 23:18:51.515   372   376 D DrmLibTime: QSEE Time Listener: Retrieved Android system time: 1667168331
10-30 23:18:51.515   372   376 D DrmLibTime: time_getutcsec returns 0, sec = 1667168331; nsec = 0
10-30 23:18:51.515   372   376 D DrmLibTime: time_getutcsec finished! 
10-30 23:18:51.515   372   376 D DrmLibTime: iotcl_continue_command finished! and return 0 
10-30 23:18:51.515   372   376 D DrmLibTime: before calling ioctl to read the next time_cmd
10-30 23:18:51.516   625   647 E QC-time-services: Daemon: Time-services: Waiting to acceptconnection
10-30 23:18:51.537   562   644 D WVCdm   : OEMCrypto_Initialize Level 1 success. I will use level 1.
10-30 23:18:51.537   562   644 D WVCdm   : CryptoSession::Open: Lock: requested_security_level: L3
10-30 23:18:51.544   562   644 W WVCdm   : DeviceFiles::RetrieveHashedFile: /data/mediadrm/IDM1013/L3/cert.bin does not exist
10-30 23:18:51.546   562   644 D QSEECOMAPI: : QSEECom_dealloc_memory 
10-30 23:18:51.546   562   644 D QSEECOMAPI: : QSEECom_shutdown_app, app_id = 1419
10-30 23:18:51.556   562 19050 I WVCdm   : Level3 Library 4445 May 19 2017 17:17:20
10-30 23:18:51.560   562 19050 D QSEECOMAPI: : QSEECom_get_handle sb_length = 0x19000
10-30 23:18:51.560   562 19050 D QSEECOMAPI: : App is not loaded in QSEE
10-30 23:18:51.610   562 19050 D QSEECOMAPI: : Loaded image: APP id = 1420
10-30 23:18:51.614   562 19050 D QSAPPSVER: qsapps_get_capabilities: Capability from secure side: 0x0
10-30 23:18:51.615   562 19050 D QSAPPSVER: qsapps_get_capabilities: returns 0
10-30 23:18:51.615   562 19050 E DrmWidevineDash: sion_buffer g_wv_fhandle->ion_sbuffer  0x0xefca2000
10-30 23:18:51.619   372   376 D DrmLibTime: got the req here! ret=0
10-30 23:18:51.619   372   376 D DrmLibTime: command id, time_cmd_id = 770
10-30 23:18:51.619   372   376 D DrmLibTime: time_getutcsec starts!
10-30 23:18:51.619   372   376 D DrmLibTime: QSEE Time Listener: time_getutcsec
10-30 23:18:51.619   372   376 D DrmLibTime: QSEE Time Listener: get_utc_seconds
10-30 23:18:51.619   372   376 D DrmLibTime: QSEE Time Listener: time_get_modem_time
10-30 23:18:51.619   372   376 D DrmLibTime: QSEE Time Listener: Checking if ATS_MODEM is set or not.
10-30 23:18:51.619   372   376 D QC-time-services: Lib:time_genoff_operation: pargs->base = 13
10-30 23:18:51.619   372   376 D QC-time-services: Lib:time_genoff_operation: pargs->operation = 2
10-30 23:18:51.619   372   376 D QC-time-services: Lib:time_genoff_operation: pargs->ts_val = 0
10-30 23:18:51.620   372   376 D QC-time-services: Lib:time_genoff_operation: Send to server  passed!!
10-30 23:18:51.620   625   647 D QC-time-services: Daemon: Connection accepted:time_genoff
10-30 23:18:51.620   625 10196 D QC-time-services: Daemon:Received base = 13, unit = 1, operation = 2,value = 0
10-30 23:18:51.620   625 10196 D QC-time-services: Daemon:genoff_opr: Base = 13, val = 0, operation = 2
10-30 23:18:51.620   625 10196 D QC-time-services: offset is: 0 for base: 13
10-30 23:18:51.620   372   376 E QC-time-services: Receive Passed == base = 13, unit = 1, operation = 2, result = 0
10-30 23:18:51.620   372   376 D DrmLibTime: QSEE Time Listener: ATS_MODEM is not set. Fallback to Android system time.
10-30 23:18:51.620   372   376 D DrmLibTime: QSEE Time Listener: Retrieved Android system time: 1667168331
10-30 23:18:51.620   372   376 D DrmLibTime: time_getutcsec returns 0, sec = 1667168331; nsec = 0
10-30 23:18:51.620   372   376 D DrmLibTime: time_getutcsec finished! 
10-30 23:18:51.620   372   376 D DrmLibTime: iotcl_continue_command finished! and return 0 
10-30 23:18:51.620   372   376 D DrmLibTime: before calling ioctl to read the next time_cmd
10-30 23:18:51.621   625   647 E QC-time-services: Daemon: Time-services: Waiting to acceptconnection
10-30 23:18:51.650   562 19050 D WVCdm   : OEMCrypto_Initialize Level 1 success. I will use level 1.
10-30 23:18:51.650   562 19050 D WVCdm   : CryptoSession::Open: Lock: requested_security_level: L3
10-30 23:18:51.661  9260  9260 I cr_media: Provisioning origin ID CD220C4CDCF29E5EBFBD1106970DD021
10-30 23:18:51.664  9260  9260 I MediaDrm: Drm event (1,0)
10-30 23:18:51.665  9260  9260 E cr_media: EventListener: No session for event 1.
10-30 23:18:51.997   562   562 D QSEECOMAPI: : QSEECom_dealloc_memory 
10-30 23:18:51.997   562   562 D QSEECOMAPI: : QSEECom_shutdown_app, app_id = 1420
10-30 23:18:52.009  9260  9260 I cr_media: Create MediaDrmBridge with level L1 and origin CD220C4CDCF29E5EBFBD1106970DD021
10-30 23:18:52.011   361   361 W /system/bin/hwservicemanager: getTransportFromManifest: Cannot find entry android.hardware.drm@1.0::IDrmFactory in either framework or device manifest, using default transport.
10-30 23:18:52.014   562  5487 I DrmHal  : makeDrmFactories: using default drm instance
10-30 23:18:52.017   361   361 W /system/bin/hwservicemanager: getTransportFromManifest: Cannot find entry android.hardware.drm@1.0::IDrmFactory in either framework or device manifest, using default transport.
10-30 23:18:52.020   562  5487 I DrmHal  : makeDrmFactories: using default drm instance
10-30 23:18:52.022   562 28303 I WVCdm   : CdmEngine::QueryStatus
10-30 23:18:52.023   562 28303 I WVCdm   : Level3 Library 4445 May 19 2017 17:17:20
10-30 23:18:52.028   562 28303 D QSEECOMAPI: : QSEECom_get_handle sb_length = 0x19000
10-30 23:18:52.028   562 28303 D QSEECOMAPI: : App is not loaded in QSEE
10-30 23:18:52.079   562 28303 D QSEECOMAPI: : Loaded image: APP id = 1421
10-30 23:18:52.084   562 28303 D QSAPPSVER: qsapps_get_capabilities: Capability from secure side: 0x0
10-30 23:18:52.084   562 28303 D QSAPPSVER: qsapps_get_capabilities: returns 0
10-30 23:18:52.084   562 28303 E DrmWidevineDash: sion_buffer g_wv_fhandle->ion_sbuffer  0x0xefc77000
10-30 23:18:52.086   372   376 D DrmLibTime: got the req here! ret=0
10-30 23:18:52.086   372   376 D DrmLibTime: command id, time_cmd_id = 770
10-30 23:18:52.086   372   376 D DrmLibTime: time_getutcsec starts!
10-30 23:18:52.086   372   376 D DrmLibTime: QSEE Time Listener: time_getutcsec
10-30 23:18:52.086   372   376 D DrmLibTime: QSEE Time Listener: get_utc_seconds
10-30 23:18:52.086   372   376 D DrmLibTime: QSEE Time Listener: time_get_modem_time
10-30 23:18:52.086   372   376 D DrmLibTime: QSEE Time Listener: Checking if ATS_MODEM is set or not.
10-30 23:18:52.086   372   376 D QC-time-services: Lib:time_genoff_operation: pargs->base = 13
10-30 23:18:52.086   372   376 D QC-time-services: Lib:time_genoff_operation: pargs->operation = 2
10-30 23:18:52.086   372   376 D QC-time-services: Lib:time_genoff_operation: pargs->ts_val = 0
10-30 23:18:52.087   372   376 D QC-time-services: Lib:time_genoff_operation: Send to server  passed!!
10-30 23:18:52.087   625   647 D QC-time-services: Daemon: Connection accepted:time_genoff
10-30 23:18:52.087   625 10201 D QC-time-services: Daemon:Received base = 13, unit = 1, operation = 2,value = 0
10-30 23:18:52.087   625 10201 D QC-time-services: Daemon:genoff_opr: Base = 13, val = 0, operation = 2
10-30 23:18:52.087   625 10201 D QC-time-services: offset is: 0 for base: 13
10-30 23:18:52.087   372   376 E QC-time-services: Receive Passed == base = 13, unit = 1, operation = 2, result = 0
10-30 23:18:52.087   372   376 D DrmLibTime: QSEE Time Listener: ATS_MODEM is not set. Fallback to Android system time.
10-30 23:18:52.087   372   376 D DrmLibTime: QSEE Time Listener: Retrieved Android system time: 1667168332
10-30 23:18:52.087   372   376 D DrmLibTime: time_getutcsec returns 0, sec = 1667168332; nsec = 0
10-30 23:18:52.087   372   376 D DrmLibTime: time_getutcsec finished! 
10-30 23:18:52.087   372   376 D DrmLibTime: iotcl_continue_command finished! and return 0 
10-30 23:18:52.087   372   376 D DrmLibTime: before calling ioctl to read the next time_cmd
10-30 23:18:52.088   625   647 E QC-time-services: Daemon: Time-services: Waiting to acceptconnection
10-30 23:18:52.113   562 28303 D WVCdm   : OEMCrypto_Initialize Level 1 success. I will use level 1.
10-30 23:18:52.114   562 28303 D QSEECOMAPI: : QSEECom_dealloc_memory 
10-30 23:18:52.114   562 28303 D QSEECOMAPI: : QSEECom_shutdown_app, app_id = 1421
10-30 23:18:52.121   562  5487 I WVCdm   : CdmEngine::OpenSession
10-30 23:18:52.122   562  5487 I WVCdm   : Level3 Library 4445 May 19 2017 17:17:20
10-30 23:18:52.126   562  5487 D QSEECOMAPI: : QSEECom_get_handle sb_length = 0x19000
10-30 23:18:52.126   562  5487 D QSEECOMAPI: : App is not loaded in QSEE
10-30 23:18:52.173   562  5487 D QSEECOMAPI: : Loaded image: APP id = 1422
10-30 23:18:52.176   562  5487 D QSAPPSVER: qsapps_get_capabilities: Capability from secure side: 0x0
10-30 23:18:52.176   562  5487 D QSAPPSVER: qsapps_get_capabilities: returns 0
10-30 23:18:52.176   562  5487 E DrmWidevineDash: sion_buffer g_wv_fhandle->ion_sbuffer  0x0xefc77000
10-30 23:18:52.180   372   376 D DrmLibTime: got the req here! ret=0
10-30 23:18:52.180   372   376 D DrmLibTime: command id, time_cmd_id = 770
10-30 23:18:52.180   372   376 D DrmLibTime: time_getutcsec starts!
10-30 23:18:52.180   372   376 D DrmLibTime: QSEE Time Listener: time_getutcsec
10-30 23:18:52.180   372   376 D DrmLibTime: QSEE Time Listener: get_utc_seconds
10-30 23:18:52.180   372   376 D DrmLibTime: QSEE Time Listener: time_get_modem_time
10-30 23:18:52.180   372   376 D DrmLibTime: QSEE Time Listener: Checking if ATS_MODEM is set or not.
10-30 23:18:52.180   372   376 D QC-time-services: Lib:time_genoff_operation: pargs->base = 13
10-30 23:18:52.180   372   376 D QC-time-services: Lib:time_genoff_operation: pargs->operation = 2
10-30 23:18:52.180   372   376 D QC-time-services: Lib:time_genoff_operation: pargs->ts_val = 0
10-30 23:18:52.180   372   376 D QC-time-services: Lib:time_genoff_operation: Send to server  passed!!
10-30 23:18:52.180   625   647 D QC-time-services: Daemon: Connection accepted:time_genoff
10-30 23:18:52.180   625 10202 D QC-time-services: Daemon:Received base = 13, unit = 1, operation = 2,value = 0
10-30 23:18:52.180   625 10202 D QC-time-services: Daemon:genoff_opr: Base = 13, val = 0, operation = 2
10-30 23:18:52.180   625 10202 D QC-time-services: offset is: 0 for base: 13
10-30 23:18:52.180   372   376 E QC-time-services: Receive Passed == base = 13, unit = 1, operation = 2, result = 0
10-30 23:18:52.180   372   376 D DrmLibTime: QSEE Time Listener: ATS_MODEM is not set. Fallback to Android system time.
10-30 23:18:52.180   372   376 D DrmLibTime: QSEE Time Listener: Retrieved Android system time: 1667168332
10-30 23:18:52.180   372   376 D DrmLibTime: time_getutcsec returns 0, sec = 1667168332; nsec = 0
10-30 23:18:52.180   372   376 D DrmLibTime: time_getutcsec finished! 
10-30 23:18:52.180   372   376 D DrmLibTime: iotcl_continue_command finished! and return 0 
10-30 23:18:52.180   372   376 D DrmLibTime: before calling ioctl to read the next time_cmd
10-30 23:18:52.181   625   647 E QC-time-services: Daemon: Time-services: Waiting to acceptconnection
10-30 23:18:52.217   562  5487 D WVCdm   : OEMCrypto_Initialize Level 1 success. I will use level 1.
10-30 23:18:52.217   562  5487 D WVCdm   : CryptoSession::Open: Lock: requested_security_level: Default
10-30 23:18:52.220   562  5487 W WVCdm   : DeviceFiles::RetrieveHashedFile: /data/mediadrm/IDM1013/L1/cert.bin does not exist
10-30 23:18:52.221   562  5487 D QSEECOMAPI: : QSEECom_dealloc_memory 
10-30 23:18:52.221   562  5487 D QSEECOMAPI: : QSEECom_shutdown_app, app_id = 1422
10-30 23:18:52.227   562 19051 I WVCdm   : Level3 Library 4445 May 19 2017 17:17:20
10-30 23:18:52.239   562 19051 D QSEECOMAPI: : QSEECom_get_handle sb_length = 0x19000
10-30 23:18:52.239   562 19051 D QSEECOMAPI: : App is not loaded in QSEE
10-30 23:18:52.293   562 19051 D QSEECOMAPI: : Loaded image: APP id = 1423
10-30 23:18:52.297   562 19051 D QSAPPSVER: qsapps_get_capabilities: Capability from secure side: 0x0
10-30 23:18:52.297   562 19051 D QSAPPSVER: qsapps_get_capabilities: returns 0
10-30 23:18:52.297   562 19051 E DrmWidevineDash: sion_buffer g_wv_fhandle->ion_sbuffer  0x0xefcc0000
10-30 23:18:52.300   372   376 D DrmLibTime: got the req here! ret=0
10-30 23:18:52.300   372   376 D DrmLibTime: command id, time_cmd_id = 770
10-30 23:18:52.300   372   376 D DrmLibTime: time_getutcsec starts!
10-30 23:18:52.300   372   376 D DrmLibTime: QSEE Time Listener: time_getutcsec
10-30 23:18:52.300   372   376 D DrmLibTime: QSEE Time Listener: get_utc_seconds
10-30 23:18:52.300   372   376 D DrmLibTime: QSEE Time Listener: time_get_modem_time
10-30 23:18:52.300   372   376 D DrmLibTime: QSEE Time Listener: Checking if ATS_MODEM is set or not.
10-30 23:18:52.300   372   376 D QC-time-services: Lib:time_genoff_operation: pargs->base = 13
10-30 23:18:52.300   372   376 D QC-time-services: Lib:time_genoff_operation: pargs->operation = 2
10-30 23:18:52.300   372   376 D QC-time-services: Lib:time_genoff_operation: pargs->ts_val = 0
10-30 23:18:52.300   372   376 D QC-time-services: Lib:time_genoff_operation: Send to server  passed!!
10-30 23:18:52.300   625   647 D QC-time-services: Daemon: Connection accepted:time_genoff
10-30 23:18:52.301   625 10203 D QC-time-services: Daemon:Received base = 13, unit = 1, operation = 2,value = 0
10-30 23:18:52.301   625 10203 D QC-time-services: Daemon:genoff_opr: Base = 13, val = 0, operation = 2
10-30 23:18:52.301   625 10203 D QC-time-services: offset is: 0 for base: 13
10-30 23:18:52.301   372   376 E QC-time-services: Receive Passed == base = 13, unit = 1, operation = 2, result = 0
10-30 23:18:52.301   372   376 D DrmLibTime: QSEE Time Listener: ATS_MODEM is not set. Fallback to Android system time.
10-30 23:18:52.301   372   376 D DrmLibTime: QSEE Time Listener: Retrieved Android system time: 1667168332
10-30 23:18:52.301   372   376 D DrmLibTime: time_getutcsec returns 0, sec = 1667168332; nsec = 0
10-30 23:18:52.301   372   376 D DrmLibTime: time_getutcsec finished! 
10-30 23:18:52.301   372   376 D DrmLibTime: iotcl_continue_command finished! and return 0 
10-30 23:18:52.301   372   376 D DrmLibTime: before calling ioctl to read the next time_cmd
10-30 23:18:52.301   625   647 E QC-time-services: Daemon: Time-services: Waiting to acceptconnection
10-30 23:18:52.327   562 19051 D WVCdm   : OEMCrypto_Initialize Level 1 success. I will use level 1.
10-30 23:18:52.327   562 19051 D WVCdm   : CryptoSession::Open: Lock: requested_security_level: Default
10-30 23:18:52.397   562 19051 E DrmWidevineDash: OEMCrypto_GenerateSignature : input wrapped_rsa_key == NULL!, return short buffer
10-30 23:18:52.399  9260  9260 I cr_media: Provisioning origin ID CD220C4CDCF29E5EBFBD1106970DD021
10-30 23:18:52.416  9260  9260 I MediaDrm: Drm event (1,0)
10-30 23:18:52.417  9260  9260 E cr_media: EventListener: No session for event 1.
10-30 23:18:52.458   562   644 E DrmWidevineDash: OEMCrypto_RewrapDeviceRSAKey : input wrapped_rsa_key == NULL!, return short buffer
10-30 23:18:52.477   562   644 D QSEECOMAPI: : QSEECom_dealloc_memory 
10-30 23:18:52.478   562   644 D QSEECOMAPI: : QSEECom_shutdown_app, app_id = 1423
10-30 23:18:52.491  9260  9260 I cr_media: Create MediaDrmBridge with level L3 and origin 074352A096B7B1CEF252AA396791BFC5
10-30 23:18:52.493   361   361 W /system/bin/hwservicemanager: getTransportFromManifest: Cannot find entry android.hardware.drm@1.0::IDrmFactory in either framework or device manifest, using default transport.
10-30 23:18:52.543   562 28303 I DrmHal  : makeDrmFactories: using default drm instance
10-30 23:18:52.545   361   361 W /system/bin/hwservicemanager: getTransportFromManifest: Cannot find entry android.hardware.drm@1.0::IDrmFactory in either framework or device manifest, using default transport.
10-30 23:18:52.592   562   562 I DrmHal  : makeDrmFactories: using default drm instance
10-30 23:18:52.592   562   644 D WVCdm   : Instantiating CDM.
10-30 23:18:52.594   562 19050 I WVCdm   : CdmEngine::QueryStatus
10-30 23:18:52.594   562 19050 I WVCdm   : Level3 Library 4445 May 19 2017 17:17:20
10-30 23:18:52.598   562 19050 D QSEECOMAPI: : QSEECom_get_handle sb_length = 0x19000
10-30 23:18:52.598   562 19050 D QSEECOMAPI: : App is not loaded in QSEE
10-30 23:18:52.645   562 19050 D QSEECOMAPI: : Loaded image: APP id = 1424
10-30 23:18:52.648   562 19050 D QSAPPSVER: qsapps_get_capabilities: Capability from secure side: 0x0
10-30 23:18:52.648   562 19050 D QSAPPSVER: qsapps_get_capabilities: returns 0
10-30 23:18:52.648   562 19050 E DrmWidevineDash: sion_buffer g_wv_fhandle->ion_sbuffer  0x0xefc9c000
10-30 23:18:52.651   372   376 D DrmLibTime: got the req here! ret=0
10-30 23:18:52.651   372   376 D DrmLibTime: command id, time_cmd_id = 770
10-30 23:18:52.651   372   376 D DrmLibTime: time_getutcsec starts!
10-30 23:18:52.651   372   376 D DrmLibTime: QSEE Time Listener: time_getutcsec
10-30 23:18:52.651   372   376 D DrmLibTime: QSEE Time Listener: get_utc_seconds
10-30 23:18:52.651   372   376 D DrmLibTime: QSEE Time Listener: time_get_modem_time
10-30 23:18:52.651   372   376 D DrmLibTime: QSEE Time Listener: Checking if ATS_MODEM is set or not.
10-30 23:18:52.651   372   376 D QC-time-services: Lib:time_genoff_operation: pargs->base = 13
10-30 23:18:52.651   372   376 D QC-time-services: Lib:time_genoff_operation: pargs->operation = 2
10-30 23:18:52.651   372   376 D QC-time-services: Lib:time_genoff_operation: pargs->ts_val = 0
10-30 23:18:52.652   372   376 D QC-time-services: Lib:time_genoff_operation: Send to server  passed!!
10-30 23:18:52.652   625   647 D QC-time-services: Daemon: Connection accepted:time_genoff
10-30 23:18:52.652   625 10208 D QC-time-services: Daemon:Received base = 13, unit = 1, operation = 2,value = 0
10-30 23:18:52.652   625 10208 D QC-time-services: Daemon:genoff_opr: Base = 13, val = 0, operation = 2
10-30 23:18:52.652   625 10208 D QC-time-services: offset is: 0 for base: 13
10-30 23:18:52.652   372   376 E QC-time-services: Receive Passed == base = 13, unit = 1, operation = 2, result = 0
10-30 23:18:52.652   372   376 D DrmLibTime: QSEE Time Listener: ATS_MODEM is not set. Fallback to Android system time.
10-30 23:18:52.652   372   376 D DrmLibTime: QSEE Time Listener: Retrieved Android system time: 1667168332
10-30 23:18:52.652   372   376 D DrmLibTime: time_getutcsec returns 0, sec = 1667168332; nsec = 0
10-30 23:18:52.652   372   376 D DrmLibTime: time_getutcsec finished! 
10-30 23:18:52.652   372   376 D DrmLibTime: iotcl_continue_command finished! and return 0 
10-30 23:18:52.652   372   376 D DrmLibTime: before calling ioctl to read the next time_cmd
10-30 23:18:52.652   625   647 E QC-time-services: Daemon: Time-services: Waiting to acceptconnection
10-30 23:18:52.688   562 19050 D WVCdm   : OEMCrypto_Initialize Level 1 success. I will use level 1.
10-30 23:18:52.689   562 19050 D QSEECOMAPI: : QSEECom_dealloc_memory 
10-30 23:18:52.689   562 19050 D QSEECOMAPI: : QSEECom_shutdown_app, app_id = 1424
10-30 23:18:52.695   562 19051 I WVCdm   : CdmEngine::OpenSession
10-30 23:18:52.696   562 19051 I WVCdm   : Level3 Library 4445 May 19 2017 17:17:20
10-30 23:18:52.699   562 19051 D QSEECOMAPI: : QSEECom_get_handle sb_length = 0x19000
10-30 23:18:52.699   562 19051 D QSEECOMAPI: : App is not loaded in QSEE
10-30 23:18:52.754   562 19051 D QSEECOMAPI: : Loaded image: APP id = 1425
10-30 23:18:52.758   562 19051 D QSAPPSVER: qsapps_get_capabilities: Capability from secure side: 0x0
10-30 23:18:52.758   562 19051 D QSAPPSVER: qsapps_get_capabilities: returns 0
10-30 23:18:52.758   562 19051 E DrmWidevineDash: sion_buffer g_wv_fhandle->ion_sbuffer  0x0xefc9c000
10-30 23:18:52.761   372   376 D DrmLibTime: got the req here! ret=0
10-30 23:18:52.761   372   376 D DrmLibTime: command id, time_cmd_id = 770
10-30 23:18:52.761   372   376 D DrmLibTime: time_getutcsec starts!
10-30 23:18:52.761   372   376 D DrmLibTime: QSEE Time Listener: time_getutcsec
10-30 23:18:52.761   372   376 D DrmLibTime: QSEE Time Listener: get_utc_seconds
10-30 23:18:52.761   372   376 D DrmLibTime: QSEE Time Listener: time_get_modem_time
10-30 23:18:52.761   372   376 D DrmLibTime: QSEE Time Listener: Checking if ATS_MODEM is set or not.
10-30 23:18:52.761   372   376 D QC-time-services: Lib:time_genoff_operation: pargs->base = 13
10-30 23:18:52.761   372   376 D QC-time-services: Lib:time_genoff_operation: pargs->operation = 2
10-30 23:18:52.761   372   376 D QC-time-services: Lib:time_genoff_operation: pargs->ts_val = 0
10-30 23:18:52.761   372   376 D QC-time-services: Lib:time_genoff_operation: Send to server  passed!!
10-30 23:18:52.761   625   647 D QC-time-services: Daemon: Connection accepted:time_genoff
10-30 23:18:52.761   625 10209 D QC-time-services: Daemon:Received base = 13, unit = 1, operation = 2,value = 0
10-30 23:18:52.761   625 10209 D QC-time-services: Daemon:genoff_opr: Base = 13, val = 0, operation = 2
10-30 23:18:52.761   625 10209 D QC-time-services: offset is: 0 for base: 13
10-30 23:18:52.762   372   376 E QC-time-services: Receive Passed == base = 13, unit = 1, operation = 2, result = 0
10-30 23:18:52.762   372   376 D DrmLibTime: QSEE Time Listener: ATS_MODEM is not set. Fallback to Android system time.
10-30 23:18:52.762   372   376 D DrmLibTime: QSEE Time Listener: Retrieved Android system time: 1667168332
10-30 23:18:52.762   372   376 D DrmLibTime: time_getutcsec returns 0, sec = 1667168332; nsec = 0
10-30 23:18:52.762   372   376 D DrmLibTime: time_getutcsec finished! 
10-30 23:18:52.762   372   376 D DrmLibTime: iotcl_continue_command finished! and return 0 
10-30 23:18:52.762   372   376 D DrmLibTime: before calling ioctl to read the next time_cmd
10-30 23:18:52.762   625   647 E QC-time-services: Daemon: Time-services: Waiting to acceptconnection
10-30 23:18:52.788   562 19051 D WVCdm   : OEMCrypto_Initialize Level 1 success. I will use level 1.
10-30 23:18:52.788   562 19051 D WVCdm   : CryptoSession::Open: Lock: requested_security_level: L3
10-30 23:18:52.794   562 19051 W WVCdm   : DeviceFiles::RetrieveHashedFile: /data/mediadrm/IDM1013/L3/cert.bin does not exist
10-30 23:18:52.795   562 19051 D QSEECOMAPI: : QSEECom_dealloc_memory 
10-30 23:18:52.795   562 19051 D QSEECOMAPI: : QSEECom_shutdown_app, app_id = 1425
10-30 23:18:52.803   562   562 I WVCdm   : Level3 Library 4445 May 19 2017 17:17:20
10-30 23:18:52.807   562   562 D QSEECOMAPI: : QSEECom_get_handle sb_length = 0x19000
10-30 23:18:52.807   562   562 D QSEECOMAPI: : App is not loaded in QSEE
10-30 23:18:52.855   562   562 D QSEECOMAPI: : Loaded image: APP id = 1426
10-30 23:18:52.858   562   562 D QSAPPSVER: qsapps_get_capabilities: Capability from secure side: 0x0
10-30 23:18:52.858   562   562 D QSAPPSVER: qsapps_get_capabilities: returns 0
10-30 23:18:52.858   562   562 E DrmWidevineDash: sion_buffer g_wv_fhandle->ion_sbuffer  0x0xefc9c000
10-30 23:18:52.861   372   376 D DrmLibTime: got the req here! ret=0
10-30 23:18:52.861   372   376 D DrmLibTime: command id, time_cmd_id = 770
10-30 23:18:52.861   372   376 D DrmLibTime: time_getutcsec starts!
10-30 23:18:52.861   372   376 D DrmLibTime: QSEE Time Listener: time_getutcsec
10-30 23:18:52.861   372   376 D DrmLibTime: QSEE Time Listener: get_utc_seconds
10-30 23:18:52.861   372   376 D DrmLibTime: QSEE Time Listener: time_get_modem_time
10-30 23:18:52.861   372   376 D DrmLibTime: QSEE Time Listener: Checking if ATS_MODEM is set or not.
10-30 23:18:52.861   372   376 D QC-time-services: Lib:time_genoff_operation: pargs->base = 13
10-30 23:18:52.861   372   376 D QC-time-services: Lib:time_genoff_operation: pargs->operation = 2
10-30 23:18:52.861   372   376 D QC-time-services: Lib:time_genoff_operation: pargs->ts_val = 0
10-30 23:18:52.861   372   376 D QC-time-services: Lib:time_genoff_operation: Send to server  passed!!
10-30 23:18:52.861   625   647 D QC-time-services: Daemon: Connection accepted:time_genoff
10-30 23:18:52.861   625 10210 D QC-time-services: Daemon:Received base = 13, unit = 1, operation = 2,value = 0
10-30 23:18:52.861   625 10210 D QC-time-services: Daemon:genoff_opr: Base = 13, val = 0, operation = 2
10-30 23:18:52.861   625 10210 D QC-time-services: offset is: 0 for base: 13
10-30 23:18:52.861   372   376 E QC-time-services: Receive Passed == base = 13, unit = 1, operation = 2, result = 0
10-30 23:18:52.861   372   376 D DrmLibTime: QSEE Time Listener: ATS_MODEM is not set. Fallback to Android system time.
10-30 23:18:52.862   372   376 D DrmLibTime: QSEE Time Listener: Retrieved Android system time: 1667168332
10-30 23:18:52.862   372   376 D DrmLibTime: time_getutcsec returns 0, sec = 1667168332; nsec = 0
10-30 23:18:52.862   372   376 D DrmLibTime: time_getutcsec finished! 
10-30 23:18:52.862   372   376 D DrmLibTime: iotcl_continue_command finished! and return 0 
10-30 23:18:52.862   372   376 D DrmLibTime: before calling ioctl to read the next time_cmd
10-30 23:18:52.862   625   647 E QC-time-services: Daemon: Time-services: Waiting to acceptconnection
10-30 23:18:52.897   562   562 D WVCdm   : OEMCrypto_Initialize Level 1 success. I will use level 1.
10-30 23:18:52.897   562   562 D WVCdm   : CryptoSession::Open: Lock: requested_security_level: L3
10-30 23:18:52.911  9260  9260 I cr_media: Provisioning origin ID 074352A096B7B1CEF252AA396791BFC5
10-30 23:18:52.912  9260  9260 I MediaDrm: Drm event (1,0)
10-30 23:18:52.912  9260  9260 E cr_media: EventListener: No session for event 1.
10-30 23:18:52.941 10211 10211 E /system/bin/webview_zygote32: failed to make and chown /acct/uid_99856: Permission denied
10-30 23:18:52.941 10211 10211 E Zygote  : createProcessGroup(99856, 0) failed: Permission denied
10-30 23:18:52.943   772  3854 I ActivityManager: Start proc 10211:com.android.chrome:sandboxed_process31/u0i856 for webview_service com.android.chrome/org.chromium.content.app.SandboxedProcessService31
10-30 23:18:52.971 10211 10211 I SamplingProfilerIntegration: Profiling disabled.
10-30 23:18:52.972   562  5487 D QSEECOMAPI: : QSEECom_dealloc_memory 
10-30 23:18:52.972   562  5487 D QSEECOMAPI: : QSEECom_shutdown_app, app_id = 1426
10-30 23:18:52.983  9260  9260 I cr_media: Create MediaDrmBridge with level L1 and origin 074352A096B7B1CEF252AA396791BFC5
10-30 23:18:52.985   361   361 W /system/bin/hwservicemanager: getTransportFromManifest: Cannot find entry android.hardware.drm@1.0::IDrmFactory in either framework or device manifest, using default transport.
10-30 23:18:52.989   562 28303 I DrmHal  : makeDrmFactories: using default drm instance
10-30 23:18:52.992   361   361 W /system/bin/hwservicemanager: getTransportFromManifest: Cannot find entry android.hardware.drm@1.0::IDrmFactory in either framework or device manifest, using default transport.
10-30 23:18:52.995   562 28303 I DrmHal  : makeDrmFactories: using default drm instance
10-30 23:18:52.997 10227 10227 E asset   : setgid: Operation not permitted
10-30 23:18:52.999   562   562 I WVCdm   : CdmEngine::QueryStatus
10-30 23:18:52.999   562   562 I WVCdm   : Level3 Library 4445 May 19 2017 17:17:20
10-30 23:18:53.005   562   562 D QSEECOMAPI: : QSEECom_get_handle sb_length = 0x19000
10-30 23:18:53.005   562   562 D QSEECOMAPI: : App is not loaded in QSEE
10-30 23:18:53.031 10211 10211 I cr_SplitCompatApp: Launched version=106.0.5249.79 minSdkVersion=24 isBundle=true processName=com.android.chrome:sandboxed_process31 isIsolated=true
10-30 23:18:53.037 10211 10211 W SystemServiceRegistry: No service published for: uimode
10-30 23:18:53.046 10211 10211 I cr_ChildProcessService: Creating new ChildProcessService pid=10211
10-30 23:18:53.054   562   562 D QSEECOMAPI: : Loaded image: APP id = 1427
10-30 23:18:53.058 10211 10211 E WebViewFactory: can't load with relro file; address space not reserved
10-30 23:18:53.059   562   562 D QSAPPSVER: qsapps_get_capabilities: Capability from secure side: 0x0
10-30 23:18:53.059   562   562 D QSAPPSVER: qsapps_get_capabilities: returns 0
10-30 23:18:53.059   562   562 E DrmWidevineDash: sion_buffer g_wv_fhandle->ion_sbuffer  0x0xefc72000
10-30 23:18:53.064   372   376 D DrmLibTime: got the req here! ret=0
10-30 23:18:53.064   372   376 D DrmLibTime: command id, time_cmd_id = 770
10-30 23:18:53.064   372   376 D DrmLibTime: time_getutcsec starts!
10-30 23:18:53.064   372   376 D DrmLibTime: QSEE Time Listener: time_getutcsec
10-30 23:18:53.064   372   376 D DrmLibTime: QSEE Time Listener: get_utc_seconds
10-30 23:18:53.064   372   376 D DrmLibTime: QSEE Time Listener: time_get_modem_time
10-30 23:18:53.064   372   376 D DrmLibTime: QSEE Time Listener: Checking if ATS_MODEM is set or not.
10-30 23:18:53.064   372   376 D QC-time-services: Lib:time_genoff_operation: pargs->base = 13
10-30 23:18:53.064   372   376 D QC-time-services: Lib:time_genoff_operation: pargs->operation = 2
10-30 23:18:53.064   372   376 D QC-time-services: Lib:time_genoff_operation: pargs->ts_val = 0
10-30 23:18:53.064   372   376 D QC-time-services: Lib:time_genoff_operation: Send to server  passed!!
10-30 23:18:53.064   625   647 D QC-time-services: Daemon: Connection accepted:time_genoff
10-30 23:18:53.065   625 10230 D QC-time-services: Daemon:Received base = 13, unit = 1, operation = 2,value = 0
10-30 23:18:53.065   625 10230 D QC-time-services: Daemon:genoff_opr: Base = 13, val = 0, operation = 2
10-30 23:18:53.065   625 10230 D QC-time-services: offset is: 0 for base: 13
