--------- beginning of system
10-30 23:03:55.945   772   791 E BatteryStatsService: no controller energy info supplied
10-30 23:17:12.893   772  3041 E BatteryStatsService: no controller energy info supplied
10-30 23:17:49.038   772  3041 I ActivityManager: Force stopping com.android.chrome appid=10060 user=0: from pid 9258
10-30 23:17:49.039   772  3041 I ActivityManager: Killing 8377:com.android.chrome/u0a60 (adj 902): stop com.android.chrome
--------- beginning of main
10-30 23:17:49.052  1311  1311 D CarrierSvcBindHelper: No carrier app for: 0
10-30 23:17:49.063  2964  2964 D RegisteredNfcFServicesCache: Service unchanged, not updating
10-30 23:17:49.300   772  3041 I ActivityManager: START u0 {act=android.intent.action.VIEW flg=0x10008000 cmp=com.android.chrome/com.google.android.apps.chrome.Main} from uid 2000
10-30 23:17:49.317   772   830 E ResourceType: Style contains key with bad entry: 0x0101062c
10-30 23:17:49.363   772  3041 I ActivityManager: Start proc 9260:com.android.chrome/u0a60 for activity com.android.chrome/com.google.android.apps.chrome.Main
10-30 23:17:49.400   772   830 E ResourceType: Style contains key with bad entry: 0x0101062c
10-30 23:17:49.478  9260  9260 I cr_SplitCompatApp: Launched version=106.0.5249.79 minSdkVersion=24 isBundle=true processName=com.android.chrome isIsolated=false
10-30 23:17:49.644  3960  4217 I FontLog : Received query Google Sans, URI content://com.google.android.gms.fonts [CONTEXT service_id=132 ]
10-30 23:17:49.644  3960  4217 I FontLog : Query [Google Sans] resolved to {Google Sans, wdth 100.0, wght 400, ital 0.0, bestEffort false} [CONTEXT service_id=132 ]
10-30 23:17:49.646  3960  4217 I FontLog : Font PFD returned from cache for {Google Sans, wdth 100.0, wght 400, ital 0.0, bestEffort false} [CONTEXT service_id=132 ]
10-30 23:17:49.646  3960  4217 I FontLog : Fetch {Google Sans, wdth 100.0, wght 400, ital 0.0, bestEffort false} end status Status{statusCode=SUCCESS, resolution=null} [CONTEXT service_id=132 ]
10-30 23:17:49.658  3960  4151 I FontLog : Pulling font file for id = 1176, cache size = 6 [CONTEXT service_id=132 ]
10-30 23:17:49.676  3960  6244 I FontLog : Received query Google Sans:500, URI content://com.google.android.gms.fonts [CONTEXT service_id=132 ]
10-30 23:17:49.676  3960  6244 I FontLog : Query [Google Sans:500] resolved to {Google Sans, wdth 100.0, wght 500, ital 0.0, bestEffort false} [CONTEXT service_id=132 ]
10-30 23:17:49.678  3960  6244 I FontLog : Font PFD returned from cache for {Google Sans, wdth 100.0, wght 500, ital 0.0, bestEffort false} [CONTEXT service_id=132 ]
10-30 23:17:49.678  3960  6244 I FontLog : Fetch {Google Sans, wdth 100.0, wght 500, ital 0.0, bestEffort false} end status Status{statusCode=SUCCESS, resolution=null} [CONTEXT service_id=132 ]
10-30 23:17:49.686  3960  4217 I FontLog : Pulling font file for id = 1177, cache size = 7 [CONTEXT service_id=132 ]
10-30 23:17:49.697  3960  3972 I FontLog : Received query Google Sans:700, URI content://com.google.android.gms.fonts [CONTEXT service_id=132 ]
10-30 23:17:49.698  3960  3972 I FontLog : Query [Google Sans:700] resolved to {Google Sans, wdth 100.0, wght 700, ital 0.0, bestEffort false} [CONTEXT service_id=132 ]
10-30 23:17:49.700  3960  3972 I FontLog : Fetch {Google Sans, wdth 100.0, wght 700, ital 0.0, bestEffort false} end status Status{statusCode=SUCCESS, resolution=null} [CONTEXT service_id=132 ]
10-30 23:17:49.704  3960  4244 I FontLog : Pulling font file for id = 1178, cache size = 7 [CONTEXT service_id=132 ]
10-30 23:17:49.788  9260  9279 I cr_LibraryLoader: Successfully loaded native library
10-30 23:17:49.788  9260  9279 I cr_CachingUmaRecorder: Flushed 19 samples from 19 histograms.
10-30 23:17:49.858  9260  9260 E ResourceType: Style contains key with bad entry: 0x0101062c
10-30 23:17:49.891  9260  9282 W DynamiteModule: Local module descriptor class for com.google.android.gms.googlecertificates not found.
10-30 23:17:49.913  9260  9282 W zygote  : Skipping duplicate class check due to unrecognized classloader
10-30 23:17:49.918   772  1327 I ActivityManager: START u0 {cmp=com.android.chrome/org.chromium.chrome.browser.firstrun.FirstRunActivity (has extras)} from uid 10060
10-30 23:17:49.921  9260  9282 I DynamiteModule: Considering local module com.google.android.gms.googlecertificates:0 and remote module com.google.android.gms.googlecertificates:7
10-30 23:17:49.921  9260  9282 I DynamiteModule: Selected remote version of com.google.android.gms.googlecertificates, version >= 7
10-30 23:17:49.943  9260  9260 E ResourceType: Style contains key with bad entry: 0x0101062c
10-30 23:17:50.166  9260  9282 W zygote  : Skipping duplicate class check due to unrecognized classloader
10-30 23:17:50.174  9260  9260 W ResourceType: Failure getting entry for 0x7f010055 (t=0 e=85) (error -75)
10-30 23:17:50.206  9260  9289 D OpenGLRenderer: HWUI GL Pipeline
10-30 23:17:50.209   772  1327 W AppOps  : Bad call: specified package com.google.android.gms under uid 10060 but it is really 10020
10-30 23:17:50.209   772  1327 W AppOps  : java.lang.RuntimeException: here
10-30 23:17:50.209   772  1327 W AppOps  : 	at com.android.server.AppOpsService.getOpsRawLocked(AppOpsService.java:1319)
10-30 23:17:50.209   772  1327 W AppOps  : 	at com.android.server.AppOpsService.checkPackage(AppOpsService.java:1038)
10-30 23:17:50.209   772  1327 W AppOps  : 	at com.android.internal.app.IAppOpsService$Stub.onTransact(IAppOpsService.java:169)
10-30 23:17:50.209   772  1327 W AppOps  : 	at android.os.Binder.execTransact(Binder.java:674)
10-30 23:17:50.211   772  4539 W AppOps  : Bad call: specified package com.google.android.gms under uid 10060 but it is really 10020
10-30 23:17:50.211   772  4539 W AppOps  : java.lang.RuntimeException: here
10-30 23:17:50.211   772  4539 W AppOps  : 	at com.android.server.AppOpsService.getOpsRawLocked(AppOpsService.java:1319)
10-30 23:17:50.211   772  4539 W AppOps  : 	at com.android.server.AppOpsService.checkPackage(AppOpsService.java:1038)
10-30 23:17:50.211   772  4539 W AppOps  : 	at com.android.internal.app.IAppOpsService$Stub.onTransact(IAppOpsService.java:169)
10-30 23:17:50.211   772  4539 W AppOps  : 	at android.os.Binder.execTransact(Binder.java:674)
10-30 23:17:50.221   772  4540 W AppOps  : Bad call: specified package com.google.android.gms under uid 10060 but it is really 10020
10-30 23:17:50.221   772  4540 W AppOps  : java.lang.RuntimeException: here
10-30 23:17:50.221   772  4540 W AppOps  : 	at com.android.server.AppOpsService.getOpsRawLocked(AppOpsService.java:1319)
10-30 23:17:50.221   772  4540 W AppOps  : 	at com.android.server.AppOpsService.checkPackage(AppOpsService.java:1038)
10-30 23:17:50.221   772  4540 W AppOps  : 	at com.android.internal.app.IAppOpsService$Stub.onTransact(IAppOpsService.java:169)
10-30 23:17:50.221   772  4540 W AppOps  : 	at android.os.Binder.execTransact(Binder.java:674)
10-30 23:17:50.225   772  3041 W AppOps  : Bad call: specified package com.google.android.gms under uid 10060 but it is really 10020
10-30 23:17:50.225   772  3041 W AppOps  : java.lang.RuntimeException: here
10-30 23:17:50.225   772  3041 W AppOps  : 	at com.android.server.AppOpsService.getOpsRawLocked(AppOpsService.java:1319)
10-30 23:17:50.225   772  3041 W AppOps  : 	at com.android.server.AppOpsService.checkPackage(AppOpsService.java:1038)
10-30 23:17:50.225   772  3041 W AppOps  : 	at com.android.internal.app.IAppOpsService$Stub.onTransact(IAppOpsService.java:169)
10-30 23:17:50.225   772  3041 W AppOps  : 	at android.os.Binder.execTransact(Binder.java:674)
10-30 23:17:50.239  9260  9289 I Adreno  : QUALCOMM build                   : 7142022, Ib5823dd10c
10-30 23:17:50.239  9260  9289 I Adreno  : Build Date                       : 06/23/17
10-30 23:17:50.239  9260  9289 I Adreno  : OpenGL ES Shader Compiler Version: EV031.18.00.00
10-30 23:17:50.239  9260  9289 I Adreno  : Local Branch                     : O11A
10-30 23:17:50.239  9260  9289 I Adreno  : Remote Branch                    : 
10-30 23:17:50.239  9260  9289 I Adreno  : Remote Branch                    : 
10-30 23:17:50.239  9260  9289 I Adreno  : Reconstruct Branch               : 
10-30 23:17:50.241  9260  9289 I vndksupport: sphal namespace is not configured for this process. Loading /vendor/lib/hw/gralloc.msm8992.so from the current namespace instead.
10-30 23:17:50.246  9260  9260 W RecyclerView: No adapter attached; skipping layout
10-30 23:17:50.259  9260  9260 I cr_StartSurfaceConfig: Recorded Startup.Android.FirstDrawCompletedTime.NoInstant = 157 ms
10-30 23:17:50.268  9260  9289 I Adreno  : PFP: 0x00000000, ME: 0x00000000
10-30 23:17:50.275  9260  9289 I OpenGLRenderer: Initialized EGL, version 1.4
10-30 23:17:50.276  9260  9289 D OpenGLRenderer: Swap behavior 2
10-30 23:17:50.298  9260  9283 D NetworkSecurityConfig: Using Network Security Config from resource 0_resource_name_obfuscated debugBuild: false
10-30 23:17:50.311  3960  4181 E bfry    : Phenotype API error. Event # ddoj@cb1d493b, EventCode: 7 [CONTEXT service_id=51 ]
10-30 23:17:50.311  3960  4181 E bfry    : bfra: 29505: No config packages for log source, or config package not registered
10-30 23:17:50.311  3960  4181 E bfry    : 	at bfst.b(:com.google.android.gms@223616019@22.36.16 (040400-476895098):4)
10-30 23:17:50.311  3960  4181 E bfry    : 	at bfsq.g(:com.google.android.gms@223616019@22.36.16 (040400-476895098):0)
10-30 23:17:50.311  3960  4181 E bfry    : 	at bfry.e(:com.google.android.gms@223616019@22.36.16 (040400-476895098):4)
10-30 23:17:50.311  3960  4181 E bfry    : 	at bfry.f(:com.google.android.gms@223616019@22.36.16 (040400-476895098):2)
10-30 23:17:50.311  3960  4181 E bfry    : 	at arjg.ep(:com.google.android.gms@223616019@22.36.16 (040400-476895098):1)
10-30 23:17:50.311  3960  4181 E bfry    : 	at arjm.run(:com.google.android.gms@223616019@22.36.16 (040400-476895098):12)
10-30 23:17:50.311  3960  4181 E bfry    : 	at cjoq.run(:com.google.android.gms@223616019@22.36.16 (040400-476895098):2)
10-30 23:17:50.311  3960  4181 E bfry    : 	at aarl.c(:com.google.android.gms@223616019@22.36.16 (040400-476895098):6)
10-30 23:17:50.311  3960  4181 E bfry    : 	at aarl.run(:com.google.android.gms@223616019@22.36.16 (040400-476895098):7)
10-30 23:17:50.311  3960  4181 E bfry    : 	at java.util.concurrent.ThreadPoolExecutor.runWorker(ThreadPoolExecutor.java:1162)
10-30 23:17:50.311  3960  4181 E bfry    : 	at java.util.concurrent.ThreadPoolExecutor$Worker.run(ThreadPoolExecutor.java:636)
10-30 23:17:50.311  3960  4181 E bfry    : 	at aaws.run(:com.google.android.gms@223616019@22.36.16 (040400-476895098):0)
10-30 23:17:50.311  3960  4181 E bfry    : 	at java.lang.Thread.run(Thread.java:764)
10-30 23:17:50.312  3960  4181 W AsyncOperation: operation=GetExperimentTokensOperationCall, opStatusCode=29505 [CONTEXT service_id=51 ]
10-30 23:17:50.312  3960  4181 W AsyncOperation: OperationException[Status{statusCode=No config packages for log source, or config package not registered, resolution=null}]
10-30 23:17:50.312  3960  4181 W AsyncOperation: 	at bfry.e(:com.google.android.gms@223616019@22.36.16 (040400-476895098):6)
10-30 23:17:50.312  3960  4181 W AsyncOperation: 	at bfry.f(:com.google.android.gms@223616019@22.36.16 (040400-476895098):2)
10-30 23:17:50.312  3960  4181 W AsyncOperation: 	at arjg.ep(:com.google.android.gms@223616019@22.36.16 (040400-476895098):1)
10-30 23:17:50.312  3960  4181 W AsyncOperation: 	at arjm.run(:com.google.android.gms@223616019@22.36.16 (040400-476895098):12)
10-30 23:17:50.312  3960  4181 W AsyncOperation: 	at cjoq.run(:com.google.android.gms@223616019@22.36.16 (040400-476895098):2)
10-30 23:17:50.312  3960  4181 W AsyncOperation: 	at aarl.c(:com.google.android.gms@223616019@22.36.16 (040400-476895098):6)
10-30 23:17:50.312  3960  4181 W AsyncOperation: 	at aarl.run(:com.google.android.gms@223616019@22.36.16 (040400-476895098):7)
10-30 23:17:50.312  3960  4181 W AsyncOperation: 	at java.util.concurrent.ThreadPoolExecutor.runWorker(ThreadPoolExecutor.java:1162)
10-30 23:17:50.312  3960  4181 W AsyncOperation: 	at java.util.concurrent.ThreadPoolExecutor$Worker.run(ThreadPoolExecutor.java:636)
10-30 23:17:50.312  3960  4181 W AsyncOperation: 	at aaws.run(:com.google.android.gms@223616019@22.36.16 (040400-476895098):0)
10-30 23:17:50.312  3960  4181 W AsyncOperation: 	at java.lang.Thread.run(Thread.java:764)
10-30 23:17:50.637  9260  9283 I cr_VariationsSeedFetch: Fetched first run seed in 360 ms
10-30 23:17:50.654   361   361 W /system/bin/hwservicemanager: getTransportFromManifest: Cannot find entry android.hardware.graphics.mapper@2.0::IMapper in either framework or device manifest, using default transport.
10-30 23:17:50.658  9260  9289 I vndksupport: sphal namespace is not configured for this process. Loading /vendor/lib/hw/gralloc.msm8992.so from the current namespace instead.
10-30 23:17:50.715   772   797 I ActivityManager: Displayed com.android.chrome/org.chromium.chrome.browser.firstrun.FirstRunActivity: +673ms (total +1s377ms)
10-30 23:17:50.734  9299  9299 E /system/bin/webview_zygote32: failed to make and chown /acct/uid_99825: Permission denied
10-30 23:17:50.734  9299  9299 E Zygote  : createProcessGroup(99825, 0) failed: Permission denied
10-30 23:17:50.743   772 10895 I ActivityManager: Start proc 9299:com.android.chrome:sandboxed_process0/u0i825 for webview_service com.android.chrome/org.chromium.content.app.SandboxedProcessService0
10-30 23:17:50.769  9299  9299 I SamplingProfilerIntegration: Profiling disabled.
10-30 23:17:50.790  9313  9313 E asset   : setgid: Operation not permitted
10-30 23:17:50.825  9299  9299 I cr_SplitCompatApp: Launched version=106.0.5249.79 minSdkVersion=24 isBundle=true processName=com.android.chrome:sandboxed_process0 isIsolated=true
10-30 23:17:50.834  9299  9299 W SystemServiceRegistry: No service published for: uimode
10-30 23:17:50.844  9299  9299 I cr_ChildProcessService: Creating new ChildProcessService pid=9299
10-30 23:17:50.852  9299  9299 E WebViewFactory: can't load with relro file; address space not reserved
10-30 23:17:51.063   772  2970 I ActivityManager: Start proc 9330:com.android.chrome:privileged_process0/u0a60 for service com.android.chrome/org.chromium.content.app.PrivilegedProcessService0
10-30 23:17:51.114  9260  9260 I cr_SmsProviderGms: construction successfull y93@1155d62, v93@458cef3
10-30 23:17:51.133 13542 13542 D BoundBrokerSvc: onBind: Intent { act=com.google.android.gms.auth.key.retrieval.service.START dat=chimera-action:com.google.android.gms.auth.key.retrieval.service.START cmp=com.google.android.gms/.chimera.GmsApiService }
10-30 23:17:51.133 13542 13542 D BoundBrokerSvc: Loading bound service for intent: Intent { act=com.google.android.gms.auth.key.retrieval.service.START dat=chimera-action:com.google.android.gms.auth.key.retrieval.service.START cmp=com.google.android.gms/.chimera.GmsApiService }
10-30 23:17:51.133  9330  9330 I cr_SplitCompatApp: Launched version=106.0.5249.79 minSdkVersion=24 isBundle=true processName=com.android.chrome:privileged_process0 isIsolated=false
10-30 23:17:51.144  9330  9330 I cr_ChildProcessService: Creating new ChildProcessService pid=9330
10-30 23:17:51.195  9330  9347 I cr_LibraryLoader: Successfully loaded native library
10-30 23:17:51.196  9330  9347 I cr_CachingUmaRecorder: Flushed 3 samples from 3 histograms.
10-30 23:17:51.211  9260  9260 W cr_KnoxSettingsProvider: Permission to read device policy denied.
10-30 23:17:51.213  9330  9347 I Adreno  : QUALCOMM build                   : 7142022, Ib5823dd10c
10-30 23:17:51.213  9330  9347 I Adreno  : Build Date                       : 06/23/17
10-30 23:17:51.213  9330  9347 I Adreno  : OpenGL ES Shader Compiler Version: EV031.18.00.00
10-30 23:17:51.213  9330  9347 I Adreno  : Local Branch                     : O11A
10-30 23:17:51.213  9330  9347 I Adreno  : Remote Branch                    : 
10-30 23:17:51.213  9330  9347 I Adreno  : Remote Branch                    : 
10-30 23:17:51.213  9330  9347 I Adreno  : Reconstruct Branch               : 
10-30 23:17:51.213  9330  9347 I vndksupport: sphal namespace is not configured for this process. Loading /vendor/lib/hw/gralloc.msm8992.so from the current namespace instead.
10-30 23:17:51.217  9330  9347 I Adreno  : PFP: 0x00000000, ME: 0x00000000
10-30 23:17:51.253  9260  9260 I Choreographer: Skipped 31 frames!  The application may be doing too much work on its main thread.
10-30 23:17:51.359 17730 17783 I PBSessionCacheImpl: Deleted sessionId[5857827204828] from persistence.
10-30 23:17:51.363 13325 13325 I MemoryTrimmer: Trimming objects from memory, since app is in the background.
10-30 23:17:51.367 13325  9114 V rsC++   : RS Message thread exiting.
10-30 23:17:51.397 17730 17730 I MicroDetector: Keeping mic open: false
10-30 23:17:51.398 17730 17900 I DeviceStateChecker: DeviceStateChecker cancelled
10-30 23:17:51.398 17730 17761 I AudioController: internalShutdown
10-30 23:17:51.401 17730 17761 I MicrophoneInputStream: mic_close com.google.android.apps.gsa.speech.audio.af@344d006
10-30 23:17:51.402 17730 18423 I MicroRecognitionRunner: Stopping hotword detection.
10-30 23:17:51.450   556  9117 D audio_hw_primary: disable_audio_route: usecase(9) reset and update mixer path: audio-record
10-30 23:17:51.451   556  9117 D audio_hw_primary: disable_snd_device: snd_device(72: voice-rec-mic)
10-30 23:17:51.453   556  9117 D sound_trigger_platform: platform_stdev_check_and_update_concurrency: concurrency active 0, tx 0, rx 0, concurrency session_allowed 1
10-30 23:17:51.455   556   753 I SoundTriggerHwService::Module: onCallbackEvent no clients
10-30 23:17:51.458 17730  5635 I MicroRecognitionRunner: Detection finished
10-30 23:17:51.956  9358  9358 E /system/bin/webview_zygote32: failed to make and chown /acct/uid_99826: Permission denied
10-30 23:17:51.956  9358  9358 E Zygote  : createProcessGroup(99826, 0) failed: Permission denied
10-30 23:17:51.958   772  2969 I ActivityManager: Start proc 9358:com.android.chrome:sandboxed_process1/u0i826 for webview_service com.android.chrome/org.chromium.content.app.SandboxedProcessService1
10-30 23:17:51.974  9358  9358 I SamplingProfilerIntegration: Profiling disabled.
10-30 23:17:51.994  9371  9371 E asset   : setgid: Operation not permitted
10-30 23:17:52.026  9358  9358 I cr_SplitCompatApp: Launched version=106.0.5249.79 minSdkVersion=24 isBundle=true processName=com.android.chrome:sandboxed_process1 isIsolated=true
10-30 23:17:52.034  9358  9358 W SystemServiceRegistry: No service published for: uimode
10-30 23:17:52.044  9358  9358 I cr_ChildProcessService: Creating new ChildProcessService pid=9358
10-30 23:17:52.051  9358  9358 E WebViewFactory: can't load with relro file; address space not reserved
10-30 23:17:52.062  9358  9373 I cr_LibraryLoader: Successfully loaded native library
10-30 23:17:52.063  9358  9373 I cr_CachingUmaRecorder: Flushed 3 samples from 3 histograms.
10-30 23:17:52.096  9358  9373 I chromium: [INFO:child_process_service.cc(69)] ChildProcessService: Exiting child process.
10-30 23:17:52.098   422   422 E lowmemorykiller: Error writing /proc/9358/oom_score_adj; errno=22
10-30 23:17:52.100   772  2969 I ActivityManager: Killing 9358:com.android.chrome:sandboxed_process1/u0a60i826 (adj 0): isolated not needed
10-30 23:17:52.100   772   790 W zygote64: failed to open /acct/uid_99826/pid_9358/cgroup.procs: No such file or directory
10-30 23:17:53.325  9260  9260 E cr_BTSPrefs: No data found for task id: 53
10-30 23:17:53.328  9260  9260 E cr_BkgrdTaskScheduler: Task cannot be canceled because no data was found instorage or data was invalid
10-30 23:17:56.281  9399  9399 D AndroidRuntime: >>>>>> START com.android.internal.os.RuntimeInit uid 2000 <<<<<<
10-30 23:17:56.430  9399  9399 D AndroidRuntime: Calling main entry com.android.commands.input.Input
10-30 23:17:56.431 17730  5635 I EventLogSendingHelper: Sending log events.
10-30 23:17:56.437  9399  9399 I Input   : injectMotionEvent: MotionEvent { action=ACTION_DOWN, actionButton=0, id[0]=0, x[0]=540.0, y[0]=1660.0, toolType[0]=TOOL_TYPE_UNKNOWN, buttonState=0, metaState=0, flags=0x0, edgeFlags=0x0, pointerCount=1, historySize=0, eventTime=486774700, downTime=486774700, deviceId=8, source=0x1002 }
10-30 23:17:56.441  9399  9399 I Input   : injectMotionEvent: MotionEvent { action=ACTION_UP, actionButton=0, id[0]=0, x[0]=540.0, y[0]=1660.0, toolType[0]=TOOL_TYPE_UNKNOWN, buttonState=0, metaState=0, flags=0x0, edgeFlags=0x0, pointerCount=1, historySize=0, eventTime=486774700, downTime=486774700, deviceId=8, source=0x1002 }
10-30 23:17:56.444  9399  9399 D AndroidRuntime: Shutting down VM
10-30 23:17:56.471   556  6498 D audio_hw_primary: enable_snd_device: snd_device(88: vi-feedback)
10-30 23:17:56.471   556  6498 D audio_hw_primary: enable_audio_route: usecase(23) apply and update mixer path: spkr-vi-record
10-30 23:17:56.496   556  6498 D audio_hw_primary: enable_audio_route: usecase(1) apply and update mixer path: low-latency-playback
10-30 23:17:57.017   556   731 D audio_hw_primary: disable_audio_route: usecase(1) reset and update mixer path: low-latency-playback
10-30 23:17:57.033   556   731 D audio_hw_primary: disable_snd_device: snd_device(88: vi-feedback)
10-30 23:17:57.033   556   731 D audio_hw_primary: disable_audio_route: usecase(23) reset and update mixer path: spkr-vi-record
10-30 23:17:57.881  9414  9414 D AndroidRuntime: >>>>>> START com.android.internal.os.RuntimeInit uid 2000 <<<<<<
10-30 23:17:58.011  9414  9414 D AndroidRuntime: Calling main entry com.android.commands.input.Input
10-30 23:17:58.021  9414  9414 I Input   : injectMotionEvent: MotionEvent { action=ACTION_DOWN, actionButton=0, id[0]=0, x[0]=180.0, y[0]=1690.0, toolType[0]=TOOL_TYPE_UNKNOWN, buttonState=0, metaState=0, flags=0x0, edgeFlags=0x0, pointerCount=1, historySize=0, eventTime=486776281, downTime=486776281, deviceId=8, source=0x1002 }
10-30 23:17:58.025  9414  9414 I Input   : injectMotionEvent: MotionEvent { action=ACTION_UP, actionButton=0, id[0]=0, x[0]=180.0, y[0]=1690.0, toolType[0]=TOOL_TYPE_UNKNOWN, buttonState=0, metaState=0, flags=0x0, edgeFlags=0x0, pointerCount=1, historySize=0, eventTime=486776281, downTime=486776281, deviceId=8, source=0x1002 }
10-30 23:17:58.027  9414  9414 D AndroidRuntime: Shutting down VM
10-30 23:17:58.053   556  6498 D audio_hw_primary: enable_snd_device: snd_device(88: vi-feedback)
10-30 23:17:58.053   556  6498 D audio_hw_primary: enable_audio_route: usecase(23) apply and update mixer path: spkr-vi-record
10-30 23:17:58.056   772   996 I ActivityManager: START u0 {act=android.intent.action.VIEW flg=0x10008000 cmp=com.android.chrome/com.google.android.apps.chrome.Main (has extras)} from uid 10060
10-30 23:17:58.062   772   830 E ResourceType: Style contains key with bad entry: 0x0101062c
10-30 23:17:58.063   772   830 E ResourceType: Style contains key with bad entry: 0x0101062c
10-30 23:17:58.082   556  6498 D audio_hw_primary: enable_audio_route: usecase(1) apply and update mixer path: low-latency-playback
10-30 23:17:58.082  9260  9260 E ResourceType: Style contains key with bad entry: 0x0101062c
10-30 23:17:58.089  9260  9260 E ResourceType: Style contains key with bad entry: 0x0101062c
10-30 23:17:58.123  9260  9260 W ResourceType: Failure getting entry for 0x7f010055 (t=0 e=85) (error -75)
10-30 23:17:58.129  9260  9260 I cr_CompositorSurfaceMgr: Transitioning to surface with format: -1
10-30 23:17:58.135  9260  9260 W ResourceType: Failure getting entry for 0x7f010530 (t=0 e=1328) (error -75)
10-30 23:17:58.188  9260  9319 W cr_tabmodel: Starting to perform legacy migration.
10-30 23:17:58.191  9260  9319 W cr_tabmodel: Finished performing legacy migration.
10-30 23:17:58.191  9260  9319 W cr_tabmodel: Starting to perform multi-instance migration.
10-30 23:17:58.191  9260  9319 W cr_tabmodel: Finished performing multi-instance migration.
10-30 23:17:58.191  9260  9319 I cr_tabmodel: Starting to fetch tab list for tab_state0
10-30 23:17:58.191  9260  9319 I cr_tabmodel: State file does not exist.
10-30 23:17:58.191  9260  9319 I cr_tabmodel: Starting to fetch tab list for tab_state1
10-30 23:17:58.191  9260  9319 I cr_tabmodel: State file does not exist.
10-30 23:17:58.239   772  4539 W ActivityManager: Duplicate finish request for ActivityRecord{ea328f4 u0 com.android.chrome/org.chromium.chrome.browser.firstrun.FirstRunActivity t640 f}
10-30 23:17:58.242  9260  9319 W cr_PartnerCustomize: Partner homepage must be HTTP(S) or NewTabPage. Got invalid URL "org.chromium.url.GURL@0"
10-30 23:17:58.273  9260  9260 I cr_StartSurfaceConfig: Recorded Startup.Android.FirstDrawCompletedTime.NoInstant = 172 ms
10-30 23:17:58.276  9260  9289 D OpenGLRenderer: endAllActiveAnimators on 0xca3f2300 (RippleDrawable) with handle 0xca5706b0
10-30 23:17:58.281  9260  9260 I cr_CompositorSurfaceMgr: Transitioning to surface with format: -1
10-30 23:17:58.284  9260  9260 I cr_CompositorSurfaceMgr: surfaceCreated format: 0
10-30 23:17:58.292  9260  9260 I cr_ChromeTabbedActivity: #initializeState
10-30 23:17:58.293  9260  9260 I cr_CipherFactory: #restoreFromBundle, no savedInstanceState.
10-30 23:17:58.293  9260  9260 I cr_tabmodel: #loadState, ignoreIncognitoFiles? true
10-30 23:17:58.299  9260  9260 I cr_tabmodel: Loaded tab lists; counts: 0,0
10-30 23:17:58.299  9260  9260 I cr_ChromeTabbedActivity: #createInitialTab executed.
10-30 23:17:58.325  9260  9260 E ResourceType: Style contains key with bad entry: 0x0101062c
10-30 23:17:58.368   772 10860 E BatteryStatsService: no controller energy info supplied
10-30 23:17:58.368   772 10860 E BatteryStatsService: no controller energy info supplied
10-30 23:17:58.370  9260  9260 W ResourceType: Failure getting entry for 0x7f010565 (t=0 e=1381) (error -75)
10-30 23:17:58.383  9260  9260 W ResourceType: Failure getting entry for 0x7f010551 (t=0 e=1361) (error -75)
10-30 23:17:58.387   772   788 W ProcessCpuTracker: Skipping unknown process pid 9449
10-30 23:17:58.519  9260  9260 W ResourceType: Failure getting entry for 0x7f01059a (t=0 e=1434) (error -75)
10-30 23:17:58.553   772  1259 W AppOps  : Bad call: specified package com.google.android.gms under uid 10060 but it is really 10020
10-30 23:17:58.553   772  1259 W AppOps  : java.lang.RuntimeException: here
10-30 23:17:58.553   772  1259 W AppOps  : 	at com.android.server.AppOpsService.getOpsRawLocked(AppOpsService.java:1319)
10-30 23:17:58.553   772  1259 W AppOps  : 	at com.android.server.AppOpsService.checkPackage(AppOpsService.java:1038)
10-30 23:17:58.553   772  1259 W AppOps  : 	at com.android.internal.app.IAppOpsService$Stub.onTransact(IAppOpsService.java:169)
10-30 23:17:58.553   772  1259 W AppOps  : 	at android.os.Binder.execTransact(Binder.java:674)
10-30 23:17:58.553   772  3037 W AppOps  : Bad call: specified package com.google.android.gms under uid 10060 but it is really 10020
10-30 23:17:58.553   772  3037 W AppOps  : java.lang.RuntimeException: here
10-30 23:17:58.553   772  3037 W AppOps  : 	at com.android.server.AppOpsService.getOpsRawLocked(AppOpsService.java:1319)
10-30 23:17:58.553   772  3037 W AppOps  : 	at com.android.server.AppOpsService.checkPackage(AppOpsService.java:1038)
10-30 23:17:58.553   772  3037 W AppOps  : 	at com.android.internal.app.IAppOpsService$Stub.onTransact(IAppOpsService.java:169)
10-30 23:17:58.553   772  3037 W AppOps  : 	at android.os.Binder.execTransact(Binder.java:674)
10-30 23:17:58.555   772 10893 W AppOps  : Bad call: specified package com.google.android.gms under uid 10060 but it is really 10020
10-30 23:17:58.555   772 10893 W AppOps  : java.lang.RuntimeException: here
10-30 23:17:58.555   772 10893 W AppOps  : 	at com.android.server.AppOpsService.getOpsRawLocked(AppOpsService.java:1319)
10-30 23:17:58.555   772 10893 W AppOps  : 	at com.android.server.AppOpsService.checkPackage(AppOpsService.java:1038)
10-30 23:17:58.555   772 10893 W AppOps  : 	at com.android.internal.app.IAppOpsService$Stub.onTransact(IAppOpsService.java:169)
10-30 23:17:58.555   772 10893 W AppOps  : 	at android.os.Binder.execTransact(Binder.java:674)
10-30 23:17:58.556   772   996 W AppOps  : Bad call: specified package com.google.android.gms under uid 10060 but it is really 10020
10-30 23:17:58.556   772   996 W AppOps  : java.lang.RuntimeException: here
10-30 23:17:58.556   772   996 W AppOps  : 	at com.android.server.AppOpsService.getOpsRawLocked(AppOpsService.java:1319)
10-30 23:17:58.556   772   996 W AppOps  : 	at com.android.server.AppOpsService.checkPackage(AppOpsService.java:1038)
10-30 23:17:58.556   772   996 W AppOps  : 	at com.android.internal.app.IAppOpsService$Stub.onTransact(IAppOpsService.java:169)
10-30 23:17:58.556   772   996 W AppOps  : 	at android.os.Binder.execTransact(Binder.java:674)
10-30 23:17:58.582   556   731 D audio_hw_primary: disable_audio_route: usecase(1) reset and update mixer path: low-latency-playback
10-30 23:17:58.584  9299  9315 I cr_LibraryLoader: Successfully loaded native library
10-30 23:17:58.585  9299  9315 I cr_CachingUmaRecorder: Flushed 3 samples from 3 histograms.
10-30 23:17:58.586  9260  9260 E cr_IntentUtils: getBooleanExtra failed on intent null
10-30 23:17:58.586  9260  9260 E cr_IntentUtils: getBooleanExtra failed on intent null
10-30 23:17:58.597   556   731 D audio_hw_primary: disable_snd_device: snd_device(88: vi-feedback)
10-30 23:17:58.597   556   731 D audio_hw_primary: disable_audio_route: usecase(23) reset and update mixer path: spkr-vi-record
10-30 23:17:58.622  3960  4217 I FontLog : Received query name=Google Sans&weight=700&besteffort=false, URI content://com.google.android.gms.fonts [CONTEXT service_id=132 ]
10-30 23:17:58.622  3960  4217 I FontLog : Query [name=Google Sans&weight=700&besteffort=false] resolved to {Google Sans, wdth 100.0, wght 700, ital 0.0, bestEffort false} [CONTEXT service_id=132 ]
10-30 23:17:58.624  9260  9260 W ResourceType: Failure getting entry for 0x7f010888 (t=0 e=2184) (error -75)
10-30 23:17:58.625  3960  4217 I FontLog : Fetch {Google Sans, wdth 100.0, wght 700, ital 0.0, bestEffort false} end status Status{statusCode=SUCCESS, resolution=null} [CONTEXT service_id=132 ]
10-30 23:17:58.634  3960  3971 I FontLog : Pulling font file for id = 1179, cache size = 8 [CONTEXT service_id=132 ]
10-30 23:17:58.635  9260  9260 W ResourceType: Failure getting entry for 0x7f010888 (t=0 e=2184) (error -75)
10-30 23:17:58.637  9260  9260 I chatty  : uid=10060(u0_a60) com.android.chrome:sandboxed identical 1 line
10-30 23:17:58.639  9260  9260 W ResourceType: Failure getting entry for 0x7f010888 (t=0 e=2184) (error -75)
10-30 23:17:58.640  3960  4151 I FontLog : Received query name=Noto Color Emoji Compat&weight=400&besteffort=false, URI content://com.google.android.gms.fonts [CONTEXT service_id=132 ]
10-30 23:17:58.640  9260  9260 W ResourceType: Failure getting entry for 0x7f010888 (t=0 e=2184) (error -75)
10-30 23:17:58.642  9260  9260 W ResourceType: Failure getting entry for 0x7f010888 (t=0 e=2184) (error -75)
10-30 23:17:58.642  3960  4151 I FontLog : Query [name=Noto Color Emoji Compat&weight=400&besteffort=false] resolved to {Noto Color Emoji Compat, wdth 100.0, wght 400, ital 0.0, bestEffort false} [CONTEXT service_id=132 ]
10-30 23:17:58.643  9260  9260 W ResourceType: Failure getting entry for 0x7f010888 (t=0 e=2184) (error -75)
10-30 23:17:58.644  3960  4151 I FontLog : Fetch {Noto Color Emoji Compat, wdth 100.0, wght 400, ital 0.0, bestEffort false} end status Status{statusCode=SUCCESS, resolution=null} [CONTEXT service_id=132 ]
10-30 23:17:58.645  9260  9260 W ResourceType: Failure getting entry for 0x7f010888 (t=0 e=2184) (error -75)
10-30 23:17:58.646  9260  9260 I cr_TopSites: Start a new task.
10-30 23:17:58.647  9260  9325 I cr_TopSites: Serializing top sites lists finished; count: 8
10-30 23:17:58.648  3960  4217 I FontLog : Pulling font file for id = 1180, cache size = 9 [CONTEXT service_id=132 ]
10-30 23:17:58.652  3960  6244 I FontLog : Received query name=Google Sans&weight=400&besteffort=false, URI content://com.google.android.gms.fonts [CONTEXT service_id=132 ]
10-30 23:17:58.652  3960  6244 I FontLog : Query [name=Google Sans&weight=400&besteffort=false] resolved to {Google Sans, wdth 100.0, wght 400, ital 0.0, bestEffort false} [CONTEXT service_id=132 ]
10-30 23:17:58.653  3960  6244 I FontLog : Font PFD returned from cache for {Google Sans, wdth 100.0, wght 400, ital 0.0, bestEffort false} [CONTEXT service_id=132 ]
10-30 23:17:58.653  3960  6244 I FontLog : Fetch {Google Sans, wdth 100.0, wght 400, ital 0.0, bestEffort false} end status Status{statusCode=SUCCESS, resolution=null} [CONTEXT service_id=132 ]
10-30 23:17:58.655  3960  4151 I FontLog : Pulling font file for id = 1181, cache size = 10 [CONTEXT service_id=132 ]
10-30 23:17:58.659  3960 30913 W FontLog : Error updating last accessed time for {Noto Color Emoji Compat, wdth 100.0, wght 400, ital 0.0, bestEffort false}. [CONTEXT service_id=132 ]
10-30 23:17:58.659  3960 30913 W FontLog : java.lang.IllegalStateException: attempt to re-open an already-closed object: SQLiteDatabase: /data/user/0/com.google.android.gms/databases/metadata.db
10-30 23:17:58.659  3960 30913 W FontLog : 	at android.database.sqlite.SQLiteClosable.acquireReference(SQLiteClosable.java:55)
10-30 23:17:58.659  3960 30913 W FontLog : 	at android.database.sqlite.SQLiteDatabase.executeSql(SQLiteDatabase.java:1662)
10-30 23:17:58.659  3960 30913 W FontLog : 	at android.database.sqlite.SQLiteDatabase.execSQL(SQLiteDatabase.java:1658)
10-30 23:17:58.659  3960 30913 W FontLog : 	at aksk.run(:com.google.android.gms@223616019@22.36.16 (040400-476895098):5)
10-30 23:17:58.659  3960 30913 W FontLog : 	at aarl.c(:com.google.android.gms@223616019@22.36.16 (040400-476895098):6)
10-30 23:17:58.659  3960 30913 W FontLog : 	at aarl.run(:com.google.android.gms@223616019@22.36.16 (040400-476895098):7)
10-30 23:17:58.659  3960 30913 W FontLog : 	at java.util.concurrent.ThreadPoolExecutor.runWorker(ThreadPoolExecutor.java:1162)
10-30 23:17:58.659  3960 30913 W FontLog : 	at java.util.concurrent.ThreadPoolExecutor$Worker.run(ThreadPoolExecutor.java:636)
10-30 23:17:58.659  3960 30913 W FontLog : 	at aaws.run(:com.google.android.gms@223616019@22.36.16 (040400-476895098):0)
10-30 23:17:58.659  3960 30913 W FontLog : 	at java.lang.Thread.run(Thread.java:764)
10-30 23:17:58.662  9260  9325 I cr_TopSites: Finished saving top sites list to file:/data/user/0/com.android.chrome/app_top_sites/top_sites
10-30 23:17:58.676   772 10893 I ActivityManager: Start proc 9470:com.android.chrome:sandboxed_process2/u0i827 for webview_service com.android.chrome/org.chromium.content.app.SandboxedProcessService2
10-30 23:17:58.677  9470  9470 E /system/bin/webview_zygote32: failed to make and chown /acct/uid_99827: Permission denied
10-30 23:17:58.677  9470  9470 E Zygote  : createProcessGroup(99827, 0) failed: Permission denied
10-30 23:17:58.679  3960  3972 I FontLog : Received query name=Google Sans&weight=500&besteffort=false, URI content://com.google.android.gms.fonts [CONTEXT service_id=132 ]
10-30 23:17:58.680  3960  3972 I FontLog : Query [name=Google Sans&weight=500&besteffort=false] resolved to {Google Sans, wdth 100.0, wght 500, ital 0.0, bestEffort false} [CONTEXT service_id=132 ]
10-30 23:17:58.683  3960  3972 I FontLog : Font PFD returned from cache for {Google Sans, wdth 100.0, wght 500, ital 0.0, bestEffort false} [CONTEXT service_id=132 ]
10-30 23:17:58.683  3960  3972 I FontLog : Fetch {Google Sans, wdth 100.0, wght 500, ital 0.0, bestEffort false} end status Status{statusCode=SUCCESS, resolution=null} [CONTEXT service_id=132 ]
10-30 23:17:58.685   361   361 W /system/bin/hwservicemanager: getTransportFromManifest: Cannot find entry android.hardware.graphics.mapper@2.0::IMapper in either framework or device manifest, using default transport.
10-30 23:17:58.691  9330  9347 I vndksupport: sphal namespace is not configured for this process. Loading /vendor/lib/hw/gralloc.msm8992.so from the current namespace instead.
10-30 23:17:58.701   772  3037 I ActivityManager: Start proc 9484:com.android.chrome:sandboxed_process3/u0i828 for webview_service com.android.chrome/org.chromium.content.app.SandboxedProcessService3
10-30 23:17:58.703  3960  6244 I FontLog : Pulling font file for id = 1182, cache size = 11 [CONTEXT service_id=132 ]
10-30 23:17:58.708  9484  9484 E /system/bin/webview_zygote32: failed to make and chown /acct/uid_99828: Permission denied
10-30 23:17:58.708  9484  9484 E Zygote  : createProcessGroup(99828, 0) failed: Permission denied
10-30 23:17:58.716  9470  9470 I SamplingProfilerIntegration: Profiling disabled.
10-30 23:17:58.721  9497  9497 E /system/bin/webview_zygote32: failed to make and chown /acct/uid_99829: Permission denied
10-30 23:17:58.721  9497  9497 E Zygote  : createProcessGroup(99829, 0) failed: Permission denied
10-30 23:17:58.723  9484  9484 I SamplingProfilerIntegration: Profiling disabled.
10-30 23:17:58.726   772  4540 I ActivityManager: Start proc 9497:com.android.chrome:sandboxed_process4/u0i829 for webview_service com.android.chrome/org.chromium.content.app.SandboxedProcessService4
10-30 23:17:58.744  9497  9497 I SamplingProfilerIntegration: Profiling disabled.
10-30 23:17:58.744  9511  9511 E asset   : setgid: Operation not permitted
10-30 23:17:58.749  9513  9513 E asset   : setgid: Operation not permitted
10-30 23:17:58.750  9514  9514 E /system/bin/webview_zygote32: failed to make and chown /acct/uid_99830: Permission denied
10-30 23:17:58.750  9514  9514 E Zygote  : createProcessGroup(99830, 0) failed: Permission denied
10-30 23:17:58.751   772  1324 I ActivityManager: Start proc 9514:com.android.chrome:sandboxed_process5/u0i830 for webview_service com.android.chrome/org.chromium.content.app.SandboxedProcessService5
10-30 23:17:58.758  9260  9260 I cr_tabmodel: Appending tabs being restored to metadata lists, 0, startingNormalCount: 1, startingIncognitoCount: 0
10-30 23:17:58.758  9260  9260 I cr_tabmodel: Serializing tab lists; counts: 1, 0
10-30 23:17:58.769  9514  9514 I SamplingProfilerIntegration: Profiling disabled.
10-30 23:17:58.788   772 10894 I ActivityManager: Start proc 9527:com.android.chrome:sandboxed_process6/u0i831 for webview_service com.android.chrome/org.chromium.content.app.SandboxedProcessService6
10-30 23:17:58.791  9527  9527 E /system/bin/webview_zygote32: failed to make and chown /acct/uid_99831: Permission denied
10-30 23:17:58.791  9527  9527 E Zygote  : createProcessGroup(99831, 0) failed: Permission denied
10-30 23:17:58.799  9533  9533 E asset   : setgid: Operation not permitted
10-30 23:17:58.807   772  1324 I ActivityManager: Start proc 9534:com.android.chrome:sandboxed_process7/u0i832 for webview_service com.android.chrome/org.chromium.content.app.SandboxedProcessService7
10-30 23:17:58.811  9534  9534 E /system/bin/webview_zygote32: failed to make and chown /acct/uid_99832: Permission denied
10-30 23:17:58.811  9534  9534 E Zygote  : createProcessGroup(99832, 0) failed: Permission denied
10-30 23:17:58.811  9470  9470 I cr_SplitCompatApp: Launched version=106.0.5249.79 minSdkVersion=24 isBundle=true processName=com.android.chrome:sandboxed_process2 isIsolated=true
10-30 23:17:58.814  9260  9260 W ResourceType: Failure getting entry for 0x7f010216 (t=0 e=534) (error -75)
10-30 23:17:58.817  9260  9260 W ResourceType: Failure getting entry for 0x7f0107c9 (t=0 e=1993) (error -75)
10-30 23:17:58.817  9527  9527 I SamplingProfilerIntegration: Profiling disabled.
10-30 23:17:58.821  9470  9470 W SystemServiceRegistry: No service published for: uimode
10-30 23:17:58.825  9547  9547 E asset   : setgid: Operation not permitted
10-30 23:17:58.834  9484  9484 I cr_SplitCompatApp: Launched version=106.0.5249.79 minSdkVersion=24 isBundle=true processName=com.android.chrome:sandboxed_process3 isIsolated=true
10-30 23:17:58.835  9470  9470 I cr_ChildProcessService: Creating new ChildProcessService pid=9470
10-30 23:17:58.837  9534  9534 I SamplingProfilerIntegration: Profiling disabled.
10-30 23:17:58.841  9484  9484 W SystemServiceRegistry: No service published for: uimode
10-30 23:17:58.843  9497  9497 I cr_SplitCompatApp: Launched version=106.0.5249.79 minSdkVersion=24 isBundle=true processName=com.android.chrome:sandboxed_process4 isIsolated=true
10-30 23:17:58.844  9556  9556 E /system/bin/webview_zygote32: failed to make and chown /acct/uid_99833: Permission denied
10-30 23:17:58.844  9556  9556 E Zygote  : createProcessGroup(99833, 0) failed: Permission denied
10-30 23:17:58.846  9260  9260 W ResourceType: Failure getting entry for 0x7f010827 (t=0 e=2087) (error -75)
10-30 23:17:58.847   772 10893 I ActivityManager: Start proc 9556:com.android.chrome:sandboxed_process8/u0i833 for webview_service com.android.chrome/org.chromium.content.app.SandboxedProcessService8
10-30 23:17:58.851  9497  9497 W SystemServiceRegistry: No service published for: uimode
10-30 23:17:58.853  9484  9484 I cr_ChildProcessService: Creating new ChildProcessService pid=9484
10-30 23:17:58.861  9497  9497 I cr_ChildProcessService: Creating new ChildProcessService pid=9497
10-30 23:17:58.862   772   781 I zygote64: Background concurrent copying GC freed 65062(3MB) AllocSpace objects, 51(1100KB) LOS objects, 42% free, 17MB/30MB, paused 218us total 114.804ms
10-30 23:17:58.864  9514  9514 I cr_SplitCompatApp: Launched version=106.0.5249.79 minSdkVersion=24 isBundle=true processName=com.android.chrome:sandboxed_process5 isIsolated=true
10-30 23:17:58.866  9260  9260 I cr_OfflineIndicator: onConnectionTypeChanged 2
10-30 23:17:58.868  9470  9470 E WebViewFactory: can't load with relro file; address space not reserved
10-30 23:17:58.869  9260  9260 I cr_OfflineIndicator: Reported by system: [ Transports: WIFI Capabilities: NOT_METERED&INTERNET&NOT_RESTRICTED&TRUSTED&NOT_VPN&VALIDATED&FOREGROUND LinkUpBandwidth>=1048576Kbps LinkDnBandwidth>=1048576Kbps SignalStrength: -56]
10-30 23:17:58.869  9260  9260 I cr_OfflineIndicator: setConnectionState connectionState=4
10-30 23:17:58.869  9514  9514 W SystemServiceRegistry: No service published for: uimode
10-30 23:17:58.869  9260  9260 I cr_OfflineDetector: Running updateState mConnectivityDetectorInitialized: true, mTimeWhenLastForegrounded: 1044333032, getElapsedTime: 1044333036, mTimeWhenLastOfflineNotificationReceived: 0, mTimeWhenLastOnline: 1044333036, mApplicationState: 1, mIsOfflineLastReportedByConnectivityDetector: false, mIsEffectivelyOffline: false
10-30 23:17:58.869  9260  9260 I cr_OfflineDetector: updateState(): timeSinceLastForeground: 4, timeSinceOfflineNotificationReceived: 1044333036, timeSinceLastOnline: 0, timeNeededForForeground: 1996, timeNeededForOffline: -1044331036
10-30 23:17:58.870  9260  9260 I cr_OfflineIndicator: processConnectivityCheckResult mConnectionState=4 mConnectivityCheckingStage=1
10-30 23:17:58.870  9484  9484 E WebViewFactory: can't load with relro file; address space not reserved
10-30 23:17:58.876  9568  9568 E asset   : setgid: Operation not permitted
10-30 23:17:58.876  9514  9514 I cr_ChildProcessService: Creating new ChildProcessService pid=9514
10-30 23:17:58.877  9571  9571 E asset   : setgid: Operation not permitted
10-30 23:17:58.879  9572  9572 E /system/bin/webview_zygote32: failed to make and chown /acct/uid_99834: Permission denied
10-30 23:17:58.879  9572  9572 E Zygote  : createProcessGroup(99834, 0) failed: Permission denied
10-30 23:17:58.880   772 10860 I ActivityManager: Start proc 9572:com.android.chrome:sandboxed_process9/u0i834 for webview_service com.android.chrome/org.chromium.content.app.SandboxedProcessService9
10-30 23:17:58.887  9497  9497 E WebViewFactory: can't load with relro file; address space not reserved
10-30 23:17:58.892  9514  9514 E WebViewFactory: can't load with relro file; address space not reserved
10-30 23:17:58.893  9470  9555 I cr_LibraryLoader: Successfully loaded native library
10-30 23:17:58.894  9470  9555 I cr_CachingUmaRecorder: Flushed 3 samples from 3 histograms.
10-30 23:17:58.895  9497  9565 I cr_LibraryLoader: Successfully loaded native library
10-30 23:17:58.896  9497  9565 I cr_CachingUmaRecorder: Flushed 3 samples from 3 histograms.
10-30 23:17:58.896  9484  9562 I cr_LibraryLoader: Successfully loaded native library
10-30 23:17:58.898  9484  9562 I cr_CachingUmaRecorder: Flushed 3 samples from 3 histograms.
10-30 23:17:58.903  9556  9556 I SamplingProfilerIntegration: Profiling disabled.
10-30 23:17:58.915  9527  9527 I cr_SplitCompatApp: Launched version=106.0.5249.79 minSdkVersion=24 isBundle=true processName=com.android.chrome:sandboxed_process6 isIsolated=true
10-30 23:17:58.917  9514  9570 I cr_LibraryLoader: Successfully loaded native library
10-30 23:17:58.919  9514  9570 I cr_CachingUmaRecorder: Flushed 3 samples from 3 histograms.
10-30 23:17:58.925  9527  9527 W SystemServiceRegistry: No service published for: uimode
10-30 23:17:58.926  9534  9534 I cr_SplitCompatApp: Launched version=106.0.5249.79 minSdkVersion=24 isBundle=true processName=com.android.chrome:sandboxed_process7 isIsolated=true
10-30 23:17:58.927  9606  9606 E asset   : setgid: Operation not permitted
10-30 23:17:58.934  9527  9527 I cr_ChildProcessService: Creating new ChildProcessService pid=9527
10-30 23:17:58.936  9534  9534 W SystemServiceRegistry: No service published for: uimode
10-30 23:17:58.940  9527  9527 E WebViewFactory: can't load with relro file; address space not reserved
10-30 23:17:58.943  9572  9572 I SamplingProfilerIntegration: Profiling disabled.
10-30 23:17:58.945  9534  9534 I cr_ChildProcessService: Creating new ChildProcessService pid=9534
10-30 23:17:58.946  9260  9260 W ResourceType: Failure getting entry for 0x7f010415 (t=0 e=1045) (error -75)
10-30 23:17:58.952  9534  9534 E WebViewFactory: can't load with relro file; address space not reserved
10-30 23:17:58.956  9527  9615 I cr_LibraryLoader: Successfully loaded native library
10-30 23:17:58.957  9527  9615 I cr_CachingUmaRecorder: Flushed 3 samples from 3 histograms.
10-30 23:17:58.962  9620  9620 E asset   : setgid: Operation not permitted
10-30 23:17:58.963  9556  9556 I cr_SplitCompatApp: Launched version=106.0.5249.79 minSdkVersion=24 isBundle=true processName=com.android.chrome:sandboxed_process8 isIsolated=true
10-30 23:17:58.965  9534  9618 I cr_LibraryLoader: Successfully loaded native library
10-30 23:17:58.966  9534  9618 I cr_CachingUmaRecorder: Flushed 3 samples from 3 histograms.
10-30 23:17:58.966  9556  9556 W SystemServiceRegistry: No service published for: uimode
10-30 23:17:58.973  9556  9556 I cr_ChildProcessService: Creating new ChildProcessService pid=9556
10-30 23:17:58.984  9470  9555 I chromium: [INFO:child_process_service.cc(69)] ChildProcessService: Exiting child process.
10-30 23:17:58.985  9497  9565 I chromium: [INFO:child_process_service.cc(69)] ChildProcessService: Exiting child process.
10-30 23:17:58.985  9484  9562 I chromium: [INFO:child_process_service.cc(69)] ChildProcessService: Exiting child process.
10-30 23:17:58.987  9514  9570 I chromium: [INFO:child_process_service.cc(69)] ChildProcessService: Exiting child process.
10-30 23:17:58.991  9556  9556 E WebViewFactory: can't load with relro file; address space not reserved
10-30 23:17:59.011  9572  9572 I cr_SplitCompatApp: Launched version=106.0.5249.79 minSdkVersion=24 isBundle=true processName=com.android.chrome:sandboxed_process9 isIsolated=true
10-30 23:17:59.013  9556  9624 I cr_LibraryLoader: Successfully loaded native library
10-30 23:17:59.014  9635  9635 E /system/bin/webview_zygote32: failed to make and chown /acct/uid_99835: Permission denied
10-30 23:17:59.014  9635  9635 E Zygote  : createProcessGroup(99835, 0) failed: Permission denied
10-30 23:17:59.014  9556  9624 I cr_CachingUmaRecorder: Flushed 3 samples from 3 histograms.
10-30 23:17:59.015  9572  9572 W SystemServiceRegistry: No service published for: uimode
10-30 23:17:59.023  9572  9572 I cr_ChildProcessService: Creating new ChildProcessService pid=9572
10-30 23:17:59.023   772 13021 I ActivityManager: Start proc 9635:com.android.chrome:sandboxed_process10/u0i835 for webview_service com.android.chrome/org.chromium.content.app.SandboxedProcessService10
10-30 23:17:59.024   772 10895 I ActivityManager: Process com.android.chrome:sandboxed_process5 (pid 9514) has died: vis  TOP 
10-30 23:17:59.024   772 10895 W ActivityManager: Scheduling restart of crashed service com.android.chrome/org.chromium.content.app.SandboxedProcessService5 in 1000ms
10-30 23:17:59.024   772   790 W zygote64: failed to open /acct/uid_99830/pid_9514/cgroup.procs: No such file or directory
10-30 23:17:59.026  9260  9260 W chromium: [WARNING:compositor_view.cc(342)] Child process died (type=6) pid=9514)
10-30 23:17:59.026   772 10895 E JavaBinder: !!! FAILED BINDER TRANSACTION !!!  (parcel size = 76)
10-30 23:17:59.030  9260  9260 W chromium: [WARNING:compositor_view.cc(342)] Child process died (type=6) pid=9470)
10-30 23:17:59.036  9260  9260 W chromium: [WARNING:compositor_view.cc(342)] Child process died (type=6) pid=9497)
10-30 23:17:59.041  9534  9618 I chromium: [INFO:child_process_service.cc(69)] ChildProcessService: Exiting child process.
10-30 23:17:59.041  9527  9615 I chromium: [INFO:child_process_service.cc(69)] ChildProcessService: Exiting child process.
10-30 23:17:59.047  9635  9635 I SamplingProfilerIntegration: Profiling disabled.
10-30 23:17:59.056   772  3854 I ActivityManager: Process com.android.chrome:sandboxed_process2 (pid 9470) has died: vis  TOP 
10-30 23:17:59.056   772  3854 W ActivityManager: Scheduling restart of crashed service com.android.chrome/org.chromium.content.app.SandboxedProcessService2 in 10968ms
10-30 23:17:59.057   772   790 W zygote64: failed to open /acct/uid_99827/pid_9470/cgroup.procs: No such file or directory
10-30 23:17:59.064  9260  9260 W chromium: [WARNING:compositor_view.cc(342)] Child process died (type=6) pid=9527)
