10-30 23:18:53.065   372   376 E QC-time-services: Receive Passed == base = 13, unit = 1, operation = 2, result = 0
10-30 23:18:53.065   372   376 D DrmLibTime: QSEE Time Listener: ATS_MODEM is not set. Fallback to Android system time.
10-30 23:18:53.065   372   376 D DrmLibTime: QSEE Time Listener: Retrieved Android system time: 1667168333
10-30 23:18:53.065   372   376 D DrmLibTime: time_getutcsec returns 0, sec = 1667168333; nsec = 0
10-30 23:18:53.065   372   376 D DrmLibTime: time_getutcsec finished! 
10-30 23:18:53.065   372   376 D DrmLibTime: iotcl_continue_command finished! and return 0 
10-30 23:18:53.065   372   376 D DrmLibTime: before calling ioctl to read the next time_cmd
10-30 23:18:53.065   625   647 E QC-time-services: Daemon: Time-services: Waiting to acceptconnection
10-30 23:18:53.069 10211 10229 I cr_LibraryLoader: Successfully loaded native library
10-30 23:18:53.070 10211 10229 I cr_CachingUmaRecorder: Flushed 3 samples from 3 histograms.
10-30 23:18:53.095   562   562 D WVCdm   : OEMCrypto_Initialize Level 1 success. I will use level 1.
10-30 23:18:53.097   562   562 D QSEECOMAPI: : QSEECom_dealloc_memory 
10-30 23:18:53.097   562   562 D QSEECOMAPI: : QSEECom_shutdown_app, app_id = 1427
10-30 23:18:53.109   562   644 I WVCdm   : CdmEngine::OpenSession
10-30 23:18:53.110 10234 10234 W ThreadPoolForeg: type=1400 audit(0.0:11448): avc: denied { setattr } for name="LICENSE.txt" dev="dm-2" ino=1504993 scontext=u:r:isolated_app:s0:c512,c768 tcontext=u:object_r:app_data_file:s0:c512,c768 tclass=file permissive=0
10-30 23:18:53.110   562   644 I WVCdm   : Level3 Library 4445 May 19 2017 17:17:20
10-30 23:18:53.113 10234 10234 W ThreadPoolForeg: type=1400 audit(0.0:11449): avc: denied { setattr } for name=46696C746572696E672052756C6573 dev="dm-2" ino=1504994 scontext=u:r:isolated_app:s0:c512,c768 tcontext=u:object_r:app_data_file:s0:c512,c768 tclass=file permissive=0
10-30 23:18:53.113   562   644 D QSEECOMAPI: : QSEECom_get_handle sb_length = 0x19000
10-30 23:18:53.113   562   644 D QSEECOMAPI: : App is not loaded in QSEE
10-30 23:18:53.116 10234 10234 W ThreadPoolForeg: type=1400 audit(0.0:11450): avc: denied { setattr } for name="manifest.json" dev="dm-2" ino=1504995 scontext=u:r:isolated_app:s0:c512,c768 tcontext=u:object_r:app_data_file:s0:c512,c768 tclass=file permissive=0
10-30 23:18:53.120 10234 10234 W ThreadPoolForeg: type=1400 audit(0.0:11451): avc: denied { setattr } for name="verified_contents.json" dev="dm-2" ino=1504997 scontext=u:r:isolated_app:s0:c512,c768 tcontext=u:object_r:app_data_file:s0:c512,c768 tclass=file permissive=0
10-30 23:18:53.127 10211 10229 I chromium: [INFO:child_process_service.cc(69)] ChildProcessService: Exiting child process.
10-30 23:18:53.129   422   422 E lowmemorykiller: Error writing /proc/10211/oom_score_adj; errno=22
10-30 23:18:53.130   772  3854 I ActivityManager: Killing 10211:com.android.chrome:sandboxed_process31/u0a60i856 (adj 0): isolated not needed
10-30 23:18:53.130   772   790 W zygote64: failed to open /acct/uid_99856/pid_10211/cgroup.procs: No such file or directory
10-30 23:18:53.161   562   644 D QSEECOMAPI: : Loaded image: APP id = 1428
10-30 23:18:53.164   562   644 D QSAPPSVER: qsapps_get_capabilities: Capability from secure side: 0x0
10-30 23:18:53.164   562   644 D QSAPPSVER: qsapps_get_capabilities: returns 0
10-30 23:18:53.164   562   644 E DrmWidevineDash: sion_buffer g_wv_fhandle->ion_sbuffer  0x0xefc72000
10-30 23:18:53.167   372   376 D DrmLibTime: got the req here! ret=0
10-30 23:18:53.168   372   376 D DrmLibTime: command id, time_cmd_id = 770
10-30 23:18:53.168   372   376 D DrmLibTime: time_getutcsec starts!
10-30 23:18:53.168   372   376 D DrmLibTime: QSEE Time Listener: time_getutcsec
10-30 23:18:53.168   372   376 D DrmLibTime: QSEE Time Listener: get_utc_seconds
10-30 23:18:53.168   372   376 D DrmLibTime: QSEE Time Listener: time_get_modem_time
10-30 23:18:53.168   372   376 D DrmLibTime: QSEE Time Listener: Checking if ATS_MODEM is set or not.
10-30 23:18:53.168   372   376 D QC-time-services: Lib:time_genoff_operation: pargs->base = 13
10-30 23:18:53.168   372   376 D QC-time-services: Lib:time_genoff_operation: pargs->operation = 2
10-30 23:18:53.168   372   376 D QC-time-services: Lib:time_genoff_operation: pargs->ts_val = 0
10-30 23:18:53.168   372   376 D QC-time-services: Lib:time_genoff_operation: Send to server  passed!!
10-30 23:18:53.168   625   647 D QC-time-services: Daemon: Connection accepted:time_genoff
10-30 23:18:53.168   625 10237 D QC-time-services: Daemon:Received base = 13, unit = 1, operation = 2,value = 0
10-30 23:18:53.169   625 10237 D QC-time-services: Daemon:genoff_opr: Base = 13, val = 0, operation = 2
10-30 23:18:53.169   625 10237 D QC-time-services: offset is: 0 for base: 13
10-30 23:18:53.169   372   376 E QC-time-services: Receive Passed == base = 13, unit = 1, operation = 2, result = 0
10-30 23:18:53.169   372   376 D DrmLibTime: QSEE Time Listener: ATS_MODEM is not set. Fallback to Android system time.
10-30 23:18:53.169   372   376 D DrmLibTime: QSEE Time Listener: Retrieved Android system time: 1667168333
10-30 23:18:53.169   372   376 D DrmLibTime: time_getutcsec returns 0, sec = 1667168333; nsec = 0
10-30 23:18:53.169   372   376 D DrmLibTime: time_getutcsec finished! 
10-30 23:18:53.169   372   376 D DrmLibTime: iotcl_continue_command finished! and return 0 
10-30 23:18:53.169   372   376 D DrmLibTime: before calling ioctl to read the next time_cmd
10-30 23:18:53.169   625   647 E QC-time-services: Daemon: Time-services: Waiting to acceptconnection
10-30 23:18:53.205   562   644 D WVCdm   : OEMCrypto_Initialize Level 1 success. I will use level 1.
10-30 23:18:53.206   562   644 D WVCdm   : CryptoSession::Open: Lock: requested_security_level: Default
10-30 23:18:53.208   562   644 W WVCdm   : DeviceFiles::RetrieveHashedFile: /data/mediadrm/IDM1013/L1/cert.bin does not exist
10-30 23:18:53.209   562   644 D QSEECOMAPI: : QSEECom_dealloc_memory 
10-30 23:18:53.209   562   644 D QSEECOMAPI: : QSEECom_shutdown_app, app_id = 1428
10-30 23:18:53.217   562  5487 I WVCdm   : Level3 Library 4445 May 19 2017 17:17:20
10-30 23:18:53.241   562  5487 D QSEECOMAPI: : QSEECom_get_handle sb_length = 0x19000
10-30 23:18:53.241   562  5487 D QSEECOMAPI: : App is not loaded in QSEE
10-30 23:18:53.298   562  5487 D QSEECOMAPI: : Loaded image: APP id = 1429
10-30 23:18:53.303   562  5487 D QSAPPSVER: qsapps_get_capabilities: Capability from secure side: 0x0
10-30 23:18:53.303   562  5487 D QSAPPSVER: qsapps_get_capabilities: returns 0
10-30 23:18:53.303   562  5487 E DrmWidevineDash: sion_buffer g_wv_fhandle->ion_sbuffer  0x0xefcba000
10-30 23:18:53.305   372   376 D DrmLibTime: got the req here! ret=0
10-30 23:18:53.305   372   376 D DrmLibTime: command id, time_cmd_id = 770
10-30 23:18:53.305   372   376 D DrmLibTime: time_getutcsec starts!
10-30 23:18:53.305   372   376 D DrmLibTime: QSEE Time Listener: time_getutcsec
10-30 23:18:53.305   372   376 D DrmLibTime: QSEE Time Listener: get_utc_seconds
10-30 23:18:53.305   372   376 D DrmLibTime: QSEE Time Listener: time_get_modem_time
10-30 23:18:53.305   372   376 D DrmLibTime: QSEE Time Listener: Checking if ATS_MODEM is set or not.
10-30 23:18:53.305   372   376 D QC-time-services: Lib:time_genoff_operation: pargs->base = 13
10-30 23:18:53.305   372   376 D QC-time-services: Lib:time_genoff_operation: pargs->operation = 2
10-30 23:18:53.305   372   376 D QC-time-services: Lib:time_genoff_operation: pargs->ts_val = 0
10-30 23:18:53.305   372   376 D QC-time-services: Lib:time_genoff_operation: Send to server  passed!!
10-30 23:18:53.305   625   647 D QC-time-services: Daemon: Connection accepted:time_genoff
10-30 23:18:53.306   625 10238 D QC-time-services: Daemon:Received base = 13, unit = 1, operation = 2,value = 0
10-30 23:18:53.306   625 10238 D QC-time-services: Daemon:genoff_opr: Base = 13, val = 0, operation = 2
10-30 23:18:53.306   625 10238 D QC-time-services: offset is: 0 for base: 13
10-30 23:18:53.306   372   376 E QC-time-services: Receive Passed == base = 13, unit = 1, operation = 2, result = 0
10-30 23:18:53.306   372   376 D DrmLibTime: QSEE Time Listener: ATS_MODEM is not set. Fallback to Android system time.
10-30 23:18:53.306   372   376 D DrmLibTime: QSEE Time Listener: Retrieved Android system time: 1667168333
10-30 23:18:53.306   372   376 D DrmLibTime: time_getutcsec returns 0, sec = 1667168333; nsec = 0
10-30 23:18:53.306   372   376 D DrmLibTime: time_getutcsec finished! 
10-30 23:18:53.306   372   376 D DrmLibTime: iotcl_continue_command finished! and return 0 
10-30 23:18:53.306   372   376 D DrmLibTime: before calling ioctl to read the next time_cmd
10-30 23:18:53.306   625   647 E QC-time-services: Daemon: Time-services: Waiting to acceptconnection
10-30 23:18:53.331   562  5487 D WVCdm   : OEMCrypto_Initialize Level 1 success. I will use level 1.
10-30 23:18:53.331   562  5487 D WVCdm   : CryptoSession::Open: Lock: requested_security_level: Default
10-30 23:18:53.400   562  5487 E DrmWidevineDash: OEMCrypto_GenerateSignature : input wrapped_rsa_key == NULL!, return short buffer
10-30 23:18:53.402  9260  9260 I cr_media: Provisioning origin ID 074352A096B7B1CEF252AA396791BFC5
10-30 23:18:53.406  9260  9260 W chromium: [WARNING:compositor_view.cc(342)] Child process died (type=6) pid=10211)
10-30 23:18:53.408  9260  9260 I MediaDrm: Drm event (1,0)
10-30 23:18:53.408  9260  9260 E cr_media: EventListener: No session for event 1.
10-30 23:18:53.449   562 19050 E DrmWidevineDash: OEMCrypto_RewrapDeviceRSAKey : input wrapped_rsa_key == NULL!, return short buffer
10-30 23:18:53.465   562 19050 D QSEECOMAPI: : QSEECom_dealloc_memory 
10-30 23:18:53.465   562 19050 D QSEECOMAPI: : QSEECom_shutdown_app, app_id = 1429
10-30 23:18:54.993 10239 10239 E /system/bin/webview_zygote32: failed to make and chown /acct/uid_99857: Permission denied
10-30 23:18:54.993 10239 10239 E Zygote  : createProcessGroup(99857, 0) failed: Permission denied
10-30 23:18:54.995   772 10860 I ActivityManager: Start proc 10239:com.android.chrome:sandboxed_process32/u0i857 for webview_service com.android.chrome/org.chromium.content.app.SandboxedProcessService32
10-30 23:18:55.016 10239 10239 I SamplingProfilerIntegration: Profiling disabled.
10-30 23:18:55.040 10252 10252 E asset   : setgid: Operation not permitted
10-30 23:18:55.084 10239 10239 I cr_SplitCompatApp: Launched version=106.0.5249.79 minSdkVersion=24 isBundle=true processName=com.android.chrome:sandboxed_process32 isIsolated=true
10-30 23:18:55.092 10239 10239 W SystemServiceRegistry: No service published for: uimode
10-30 23:18:55.105 10239 10239 I cr_ChildProcessService: Creating new ChildProcessService pid=10239
10-30 23:18:55.115 10239 10239 E WebViewFactory: can't load with relro file; address space not reserved
10-30 23:18:55.128 10239 10254 I cr_LibraryLoader: Successfully loaded native library
10-30 23:18:55.130 10239 10254 I cr_CachingUmaRecorder: Flushed 3 samples from 3 histograms.
10-30 23:18:55.220 10257 10257 W ThreadPoolForeg: type=1400 audit(0.0:11452): avc: denied { setattr } for name="tl_en-us_2022-10-17_483521407_100000_index.bin" dev="dm-2" ino=1505008 scontext=u:r:isolated_app:s0:c512,c768 tcontext=u:object_r:app_data_file:s0:c512,c768 tclass=file permissive=0
10-30 23:18:55.226 10257 10257 W ThreadPoolForeg: type=1400 audit(0.0:11453): avc: denied { setattr } for name="manifest.json" dev="dm-2" ino=1505020 scontext=u:r:isolated_app:s0:c512,c768 tcontext=u:object_r:app_data_file:s0:c512,c768 tclass=file permissive=0
10-30 23:18:55.236 10257 10257 W ThreadPoolForeg: type=1400 audit(0.0:11454): avc: denied { setattr } for name="verified_contents.json" dev="dm-2" ino=1505026 scontext=u:r:isolated_app:s0:c512,c768 tcontext=u:object_r:app_data_file:s0:c512,c768 tclass=file permissive=0
10-30 23:18:55.246 10239 10254 I chromium: [INFO:child_process_service.cc(69)] ChildProcessService: Exiting child process.
10-30 23:18:55.248   422   422 E lowmemorykiller: Error writing /proc/10239/oom_score_adj; errno=22
10-30 23:18:55.249   772 10860 I ActivityManager: Killing 10239:com.android.chrome:sandboxed_process32/u0a60i857 (adj 0): isolated not needed
10-30 23:18:55.250   772   790 W zygote64: failed to open /acct/uid_99857/pid_10239/cgroup.procs: No such file or directory
10-30 23:18:55.272  9260  9260 W chromium: [WARNING:compositor_view.cc(342)] Child process died (type=6) pid=10239)
10-30 23:18:57.142 10261 10261 E /system/bin/webview_zygote32: failed to make and chown /acct/uid_99858: Permission denied
10-30 23:18:57.142 10261 10261 E Zygote  : createProcessGroup(99858, 0) failed: Permission denied
10-30 23:18:57.149   772  3854 I ActivityManager: Start proc 10261:com.android.chrome:sandboxed_process33/u0i858 for webview_service com.android.chrome/org.chromium.content.app.SandboxedProcessService33
10-30 23:18:57.176 10261 10261 I SamplingProfilerIntegration: Profiling disabled.
10-30 23:18:57.203 10274 10274 E asset   : setgid: Operation not permitted
10-30 23:18:57.238 10261 10261 I cr_SplitCompatApp: Launched version=106.0.5249.79 minSdkVersion=24 isBundle=true processName=com.android.chrome:sandboxed_process33 isIsolated=true
10-30 23:18:57.247 10261 10261 W SystemServiceRegistry: No service published for: uimode
10-30 23:18:57.258 10261 10261 I cr_ChildProcessService: Creating new ChildProcessService pid=10261
10-30 23:18:57.267 10261 10261 E WebViewFactory: can't load with relro file; address space not reserved
10-30 23:18:57.279 10261 10275 I cr_LibraryLoader: Successfully loaded native library
10-30 23:18:57.281 10261 10275 I cr_CachingUmaRecorder: Flushed 3 samples from 3 histograms.
10-30 23:18:57.326 10278 10278 W ThreadPoolForeg: type=1400 audit(0.0:11455): avc: denied { setattr } for name="optimization-hints.pb" dev="dm-2" ino=1504602 scontext=u:r:isolated_app:s0:c512,c768 tcontext=u:object_r:app_data_file:s0:c512,c768 tclass=file permissive=0
10-30 23:18:57.330 10278 10278 W ThreadPoolForeg: type=1400 audit(0.0:11456): avc: denied { setattr } for name="manifest.json" dev="dm-2" ino=1505030 scontext=u:r:isolated_app:s0:c512,c768 tcontext=u:object_r:app_data_file:s0:c512,c768 tclass=file permissive=0
10-30 23:18:57.336 10278 10278 W ThreadPoolForeg: type=1400 audit(0.0:11457): avc: denied { setattr } for name="verified_contents.json" dev="dm-2" ino=1505035 scontext=u:r:isolated_app:s0:c512,c768 tcontext=u:object_r:app_data_file:s0:c512,c768 tclass=file permissive=0
10-30 23:18:57.348 10261 10275 I chromium: [INFO:child_process_service.cc(69)] ChildProcessService: Exiting child process.
10-30 23:18:57.351   422   422 E lowmemorykiller: Error writing /proc/10261/oom_score_adj; errno=22
10-30 23:18:57.351   772 13071 I ActivityManager: Killing 10261:com.android.chrome:sandboxed_process33/u0a60i858 (adj 0): isolated not needed
10-30 23:18:57.353   772   790 W zygote64: failed to open /acct/uid_99858/pid_10261/cgroup.procs: No such file or directory
10-30 23:18:57.378  9260  9260 W chromium: [WARNING:compositor_view.cc(342)] Child process died (type=6) pid=10261)
10-30 23:18:59.664 10283 10283 E /system/bin/webview_zygote32: failed to make and chown /acct/uid_99859: Permission denied
10-30 23:18:59.665 10283 10283 E Zygote  : createProcessGroup(99859, 0) failed: Permission denied
10-30 23:18:59.669   772  2970 I ActivityManager: Start proc 10283:com.android.chrome:sandboxed_process34/u0i859 for webview_service com.android.chrome/org.chromium.content.app.SandboxedProcessService34
10-30 23:18:59.709 10283 10283 I SamplingProfilerIntegration: Profiling disabled.
10-30 23:18:59.739 10296 10296 E asset   : setgid: Operation not permitted
10-30 23:18:59.780 10283 10283 I cr_SplitCompatApp: Launched version=106.0.5249.79 minSdkVersion=24 isBundle=true processName=com.android.chrome:sandboxed_process34 isIsolated=true
10-30 23:18:59.788 10283 10283 W SystemServiceRegistry: No service published for: uimode
10-30 23:18:59.802 10283 10283 I cr_ChildProcessService: Creating new ChildProcessService pid=10283
10-30 23:18:59.812 10283 10283 E WebViewFactory: can't load with relro file; address space not reserved
10-30 23:18:59.825 10283 10297 I cr_LibraryLoader: Successfully loaded native library
10-30 23:18:59.826 10283 10297 I cr_CachingUmaRecorder: Flushed 3 samples from 3 histograms.
10-30 23:18:59.866 10301 10301 W ThreadPoolForeg: type=1400 audit(0.0:11458): avc: denied { setattr } for name="ssl_error_assistant.pb" dev="dm-2" ino=1505043 scontext=u:r:isolated_app:s0:c512,c768 tcontext=u:object_r:app_data_file:s0:c512,c768 tclass=file permissive=0
10-30 23:18:59.866 10301 10301 W ThreadPoolForeg: type=1400 audit(0.0:11459): avc: denied { setattr } for name="ssl_error_assistant.pb" dev="dm-2" ino=1505043 scontext=u:r:isolated_app:s0:c512,c768 tcontext=u:object_r:app_data_file:s0:c512,c768 tclass=file permissive=0
10-30 23:18:59.866 10301 10301 W ThreadPoolForeg: type=1400 audit(0.0:11460): avc: denied { setattr } for name="manifest.json" dev="dm-2" ino=1505044 scontext=u:r:isolated_app:s0:c512,c768 tcontext=u:object_r:app_data_file:s0:c512,c768 tclass=file permissive=0
10-30 23:18:59.873 10301 10301 W ThreadPoolForeg: type=1400 audit(0.0:11461): avc: denied { setattr } for name="verified_contents.json" dev="dm-2" ino=1505052 scontext=u:r:isolated_app:s0:c512,c768 tcontext=u:object_r:app_data_file:s0:c512,c768 tclass=file permissive=0
10-30 23:18:59.886   772   996 I ActivityManager: Killing 10283:com.android.chrome:sandboxed_process34/u0a60i859 (adj 0): isolated not needed
10-30 23:18:59.887   772   790 W zygote64: failed to open /acct/uid_99859/pid_10283/cgroup.procs: No such file or directory
10-30 23:18:59.911  9260  9260 W chromium: [WARNING:compositor_view.cc(342)] Child process died (type=6) pid=10283)
10-30 23:19:02.499 10304 10304 E /system/bin/webview_zygote32: failed to make and chown /acct/uid_99860: Permission denied
10-30 23:19:02.499 10304 10304 E Zygote  : createProcessGroup(99860, 0) failed: Permission denied
10-30 23:19:02.504   772   785 I ActivityManager: Start proc 10304:com.android.chrome:sandboxed_process35/u0i860 for webview_service com.android.chrome/org.chromium.content.app.SandboxedProcessService35
10-30 23:19:02.529 10304 10304 I SamplingProfilerIntegration: Profiling disabled.
10-30 23:19:02.555 10317 10317 E asset   : setgid: Operation not permitted
10-30 23:19:02.594 10304 10304 I cr_SplitCompatApp: Launched version=106.0.5249.79 minSdkVersion=24 isBundle=true processName=com.android.chrome:sandboxed_process35 isIsolated=true
10-30 23:19:02.601 10304 10304 W SystemServiceRegistry: No service published for: uimode
10-30 23:19:02.615 10304 10304 I cr_ChildProcessService: Creating new ChildProcessService pid=10304
10-30 23:19:02.624 10304 10304 E WebViewFactory: can't load with relro file; address space not reserved
10-30 23:19:02.638 10304 10319 I cr_LibraryLoader: Successfully loaded native library
10-30 23:19:02.639 10304 10319 I cr_CachingUmaRecorder: Flushed 3 samples from 3 histograms.
10-30 23:19:02.686 10322 10322 W ThreadPoolForeg: type=1400 audit(0.0:11462): avc: denied { setattr } for name="download_file_types.pb" dev="dm-2" ino=1505056 scontext=u:r:isolated_app:s0:c512,c768 tcontext=u:object_r:app_data_file:s0:c512,c768 tclass=file permissive=0
10-30 23:19:02.686 10322 10322 W ThreadPoolForeg: type=1400 audit(0.0:11463): avc: denied { setattr } for name="download_file_types.pb" dev="dm-2" ino=1505056 scontext=u:r:isolated_app:s0:c512,c768 tcontext=u:object_r:app_data_file:s0:c512,c768 tclass=file permissive=0
10-30 23:19:02.686 10322 10322 W ThreadPoolForeg: type=1400 audit(0.0:11464): avc: denied { setattr } for name="manifest.json" dev="dm-2" ino=1505057 scontext=u:r:isolated_app:s0:c512,c768 tcontext=u:object_r:app_data_file:s0:c512,c768 tclass=file permissive=0
10-30 23:19:02.693 10322 10322 W ThreadPoolForeg: type=1400 audit(0.0:11465): avc: denied { setattr } for name="verified_contents.json" dev="dm-2" ino=1505059 scontext=u:r:isolated_app:s0:c512,c768 tcontext=u:object_r:app_data_file:s0:c512,c768 tclass=file permissive=0
10-30 23:19:02.700 10304 10319 I chromium: [INFO:child_process_service.cc(69)] ChildProcessService: Exiting child process.
10-30 23:19:02.702   422   422 E lowmemorykiller: Error writing /proc/10304/oom_score_adj; errno=22
10-30 23:19:02.703   772   785 I ActivityManager: Killing 10304:com.android.chrome:sandboxed_process35/u0a60i860 (adj 0): isolated not needed
10-30 23:19:02.703   772   790 W zygote64: failed to open /acct/uid_99860/pid_10304/cgroup.procs: No such file or directory
10-30 23:19:02.719  9260  9260 W chromium: [WARNING:compositor_view.cc(342)] Child process died (type=6) pid=10304)
10-30 23:19:05.187   772 10860 I ActivityManager: Force stopping com.android.chrome appid=10060 user=0: from pid 10336
10-30 23:19:05.188   772 10860 I ActivityManager: Killing 9330:com.android.chrome:privileged_process0/u0a60 (adj 0): stop com.android.chrome
10-30 23:19:05.188   772 10860 W ActivityManager: Scheduling restart of crashed service com.android.chrome/org.chromium.content.app.PrivilegedProcessService0 in 1000ms
10-30 23:19:05.192   772 10860 I ActivityManager: Killing 9260:com.android.chrome/u0a60 (adj 0): stop com.android.chrome
10-30 23:19:05.197   772 10860 I ActivityManager: Killing 9826:com.android.chrome:sandboxed_process18/u0a60i843 (adj 0): isolated not needed
10-30 23:19:05.199   772 10860 W ActivityManager: Force removing ActivityRecord{c4e79c8 u0 com.android.chrome/com.google.android.apps.chrome.Main t640}: app died, no saved state
10-30 23:19:05.201  9299  9299 I cr_ChildProcessService: Destroying ChildProcessService pid=9299
10-30 23:19:05.203   772 10860 I WindowManager: Failed to capture screenshot of Token{f34fa61 ActivityRecord{c4e79c8 u0 com.android.chrome/com.google.android.apps.chrome.Main t640 f}} appWin=Window{b99e60d u0 com.android.chrome/com.google.android.apps.chrome.Main} drawState=4
10-30 23:19:05.206 13542 13542 D BoundBrokerSvc: onUnbind: Intent { act=com.google.android.gms.auth.key.retrieval.service.START dat=chimera-action:com.google.android.gms.auth.key.retrieval.service.START cmp=com.google.android.gms/.chimera.GmsApiService }
10-30 23:19:05.213   772 10860 I ActivityManager: Killing 9299:com.android.chrome:sandboxed_process0/u0a60i825 (adj 0): isolated not needed
10-30 23:19:05.226  1311  1311 D CarrierSvcBindHelper: No carrier app for: 0
10-30 23:19:05.237  2964  2964 D RegisteredNfcFServicesCache: Service unchanged, not updating
10-30 23:19:05.258 13325 13387 I Adreno  : QUALCOMM build                   : 7142022, Ib5823dd10c
10-30 23:19:05.258 13325 13387 I Adreno  : Build Date                       : 06/23/17
10-30 23:19:05.258 13325 13387 I Adreno  : OpenGL ES Shader Compiler Version: EV031.18.00.00
10-30 23:19:05.258 13325 13387 I Adreno  : Local Branch                     : O11A
10-30 23:19:05.258 13325 13387 I Adreno  : Remote Branch                    : 
10-30 23:19:05.258 13325 13387 I Adreno  : Remote Branch                    : 
10-30 23:19:05.258 13325 13387 I Adreno  : Reconstruct Branch               : 
10-30 23:19:05.260 13325 13387 I vndksupport: sphal namespace is not configured for this process. Loading /vendor/lib64/hw/gralloc.msm8992.so from the current namespace instead.
10-30 23:19:05.264 13325 13387 I Adreno  : PFP: 0x00000000, ME: 0x00000000
10-30 23:19:05.269   772 32228 E JavaBinder: !!! FAILED BINDER TRANSACTION !!!  (parcel size = 108)
10-30 23:19:05.269 13325 13387 I OpenGLRenderer: Initialized EGL, version 1.4
10-30 23:19:05.269 13325 13387 D OpenGLRenderer: Swap behavior 2
10-30 23:19:05.269   772 32228 W InputMethodManagerService: Got RemoteException sending setActive(false) notification to pid 9260 uid 10060
10-30 23:19:05.269   772 32228 E JavaBinder: !!! FAILED BINDER TRANSACTION !!!  (parcel size = 108)
10-30 23:19:05.291   772 13022 D ConnectivityService: ConnectivityService NetworkRequestInfo binderDied(NetworkRequest [ LISTEN id=1531, [ Capabilities: INTERNET&NOT_RESTRICTED&TRUSTED&FOREGROUND] ], android.os.BinderProxy@d7c50da)
10-30 23:19:05.292   772 20193 D ConnectivityService: ConnectivityService NetworkRequestInfo binderDied(NetworkRequest [ LISTEN id=1530, [ Capabilities: INTERNET&NOT_RESTRICTED&TRUSTED&FOREGROUND] ], android.os.BinderProxy@12d090b)
10-30 23:19:05.292   772  2969 D ConnectivityService: ConnectivityService NetworkRequestInfo binderDied(NetworkRequest [ LISTEN id=1529, [ Capabilities: INTERNET&NOT_RESTRICTED&TRUSTED&FOREGROUND] ], android.os.BinderProxy@27063e8)
10-30 23:19:05.293   772   862 E ConnectivityService: RemoteException caught trying to send a callback msg for NetworkRequest [ LISTEN id=1531, [ Capabilities: INTERNET&NOT_RESTRICTED&TRUSTED&FOREGROUND] ]
10-30 23:19:05.294   772   862 E ConnectivityService: RemoteException caught trying to send a callback msg for NetworkRequest [ LISTEN id=1530, [ Capabilities: INTERNET&NOT_RESTRICTED&TRUSTED&FOREGROUND] ]
10-30 23:19:05.294   772   862 E ConnectivityService: RemoteException caught trying to send a callback msg for NetworkRequest [ LISTEN id=1529, [ Capabilities: INTERNET&NOT_RESTRICTED&TRUSTED&FOREGROUND] ]
10-30 23:19:05.296   772   797 W ActivityManager: setHasOverlayUi called on unknown pid: 9260
10-30 23:19:05.310   772  2969 W ActivityManager: Unable to start service Intent { act=com.google.android.gms.speech.service.START pkg=com.google.android.gms } U=0: not found
10-30 23:19:05.311   772  3037 W ActivityManager: Unbind failed: could not find connection for android.os.BinderProxy@24b8e83
10-30 23:19:05.312 17730 17895 E GmsClient: unable to connect to service: com.google.android.gms.speech.service.START on com.google.android.gms
10-30 23:19:05.313   772   790 W zygote64: failed to open /acct/uid_99843/pid_9826/cgroup.procs: No such file or directory
10-30 23:19:05.313   772   790 W zygote64: failed to open /acct/uid_99825/pid_9299/cgroup.procs: No such file or directory
10-30 23:19:05.329 17730 17741 W SessionLifecycleManager: Handover failed. Creating new session controller.
10-30 23:19:05.334 17730 17730 I OptInState: There is a new client and it does not support opt-in. Dropping request.
10-30 23:19:05.361 17730 17730 I MicroDetectionWorker: #updateMicroDetector [detectionMode: [mDetectionMode: [1]]]
10-30 23:19:05.361 17730 17730 I MicroDetectionWorker: #startMicroDetector [speakerMode: 0]
10-30 23:19:05.365 17730 17730 I MicroDetectionWorker: onReady
10-30 23:19:05.366 17730  5635 I MicroRecognitionRunner: Starting detection.
10-30 23:19:05.369 17730 17761 I MicrophoneInputStream: mic_starting com.google.android.apps.gsa.speech.audio.af@51532f7
10-30 23:19:05.371   556   556 W DeviceHAL: Device 0xefa2d000 open_input_stream: Invalid argument
10-30 23:19:05.372   556 10349 I AudioFlinger: AudioFlinger's thread 0xec6031c0 tid=10349 ready to run
10-30 23:19:05.381   556   753 I SoundTriggerHwService::Module: onCallbackEvent no clients
10-30 23:19:05.383 17730 17761 I MicrophoneInputStream: mic_started com.google.android.apps.gsa.speech.audio.af@51532f7
10-30 23:19:05.386   556 10350 D sound_trigger_platform: platform_stdev_check_and_update_concurrency: concurrency active 0, tx 1, rx 0, concurrency session_allowed 0
10-30 23:19:05.386   556 10350 D audio_hw_primary: enable_snd_device: snd_device(72: voice-rec-mic)
10-30 23:19:05.392   556 10350 D audio_hw_primary: enable_audio_route: usecase(9) apply and update mixer path: audio-record
10-30 23:19:05.454 17730 17730 I MicroDetectionWorker: onReady
10-30 23:19:05.647 10339 10339 D AndroidRuntime: >>>>>> START com.android.internal.os.RuntimeInit uid 2000 <<<<<<
10-30 23:19:05.772 10339 10339 D AndroidRuntime: Calling main entry com.android.commands.pm.Pm
10-30 23:19:05.780   772 10894 I ActivityManager: Force stopping com.android.chrome appid=10060 user=0: clear data
10-30 23:19:05.786   772   788 I ActivityManager: Force stopping com.android.chrome appid=10060 user=-1: clearApplicationUserData
10-30 23:19:05.795 13325 13387 W OpenGLRenderer: Incorrectly called buildLayer on View: ShortcutAndWidgetContainer, destroying layer...
10-30 23:19:05.878   560   560 I keystore: clear_uid 10060
10-30 23:19:05.894  1311  1311 D CarrierSvcBindHelper: No carrier app for: 0
10-30 23:19:05.896   772   787 W ResourceType: No known package when getting value for resource number 0x7f0904db
10-30 23:19:05.896   772   787 W ResourceType: No known package when getting value for resource number 0x7f140670
10-30 23:19:05.896   772   787 W ResourceType: No known package when getting value for resource number 0x7f0904da
10-30 23:19:05.896   772   787 W ResourceType: No known package when getting value for resource number 0x7f14018b
10-30 23:19:05.896   772   787 W ResourceType: No known package when getting value for resource number 0x7f14066f
10-30 23:19:05.897   772   787 W ResourceType: No known package when getting value for resource number 0x7f140434
10-30 23:19:05.897   772   787 E ShortcutService: Ignoring excessive intent tag.
10-30 23:19:05.899 10339 10339 I app_process: System.exit called, status: 0
10-30 23:19:05.899 10339 10339 I AndroidRuntime: VM exiting with result code 0.
10-30 23:19:05.920  2964  2964 D RegisteredNfcFServicesCache: Service unchanged, not updating
10-30 23:19:05.927  3960 10366 I Fitness : FitCleanupIntentOperation received Intent android.intent.action.PACKAGE_DATA_CLEARED [CONTEXT service_id=17 ]
10-30 23:19:05.968 13542 13666 I Icing   : doRemovePackageData com.android.chrome
10-30 23:19:05.968 13542 13666 I Icing   : Removing corpus key com.android.chrome-omnibox for package com.android.chrome
10-30 23:19:06.009 13542 13666 I native  : I0000 00:00:1667168346.009731   13666 flash-index.cc:1535] Flash index sort hb 8 prefix-hits 12 -> 12 at 17.114ms
10-30 23:19:06.061 13542 13666 I Icing   : Removing corpus key com.android.chrome-.implicit: for package com.android.chrome
10-30 23:19:06.095 13542 13666 I Icing   : Removing corpus key com.android.chrome-internal.3p:WebPage for package com.android.chrome
10-30 23:19:06.160 13542 13666 I Icing   : updateResources: need to parse anue{com.android.chrome}
10-30 23:19:06.226 13542 13666 I Icing   : Indexing com.android.chrome-omnibox from com.android.chrome
10-30 23:19:06.242   772 10860 I ActivityManager: Start proc 10390:com.android.chrome/u0a60 for content provider com.android.chrome/com.google.android.apps.chrome.icing.IcingProvider
10-30 23:19:06.246   772  4539 I ActivityManager: Force stopping com.android.chrome appid=10060 user=0: from pid 10389
10-30 23:19:06.246   772  4539 I ActivityManager: Killing 10390:com.android.chrome/u0a60 (adj -10000): stop com.android.chrome
10-30 23:19:06.258   772  4539 I ActivityManager: Start proc 10397:com.android.chrome/u0a60 for restart com.android.chrome
10-30 23:19:06.260   772 10860 W ActivityManager: Unable to launch app com.android.chrome/10060 for provider com.android.chrome.icing: launching app became null
10-30 23:19:06.261 13542 13666 E ActivityThread: Failed to find provider info for com.android.chrome.icing
10-30 23:19:06.261 13542 13666 W Icing   : Could not connect to content provider content://com.android.chrome.icing
10-30 23:19:06.265  1311  1311 D CarrierSvcBindHelper: No carrier app for: 0
10-30 23:19:06.279  2964  2964 D RegisteredNfcFServicesCache: Service unchanged, not updating
10-30 23:19:06.319 10397 10397 I cr_SplitCompatApp: Launched version=106.0.5249.79 minSdkVersion=24 isBundle=true processName=com.android.chrome isIsolated=false
10-30 23:19:06.444  3960  4217 I FontLog : Received query Google Sans, URI content://com.google.android.gms.fonts [CONTEXT service_id=132 ]
10-30 23:19:06.445  3960  4217 I FontLog : Query [Google Sans] resolved to {Google Sans, wdth 100.0, wght 400, ital 0.0, bestEffort false} [CONTEXT service_id=132 ]
10-30 23:19:06.446  3960  4217 I FontLog : Font PFD returned from cache for {Google Sans, wdth 100.0, wght 400, ital 0.0, bestEffort false} [CONTEXT service_id=132 ]
10-30 23:19:06.446  3960  4217 I FontLog : Fetch {Google Sans, wdth 100.0, wght 400, ital 0.0, bestEffort false} end status Status{statusCode=SUCCESS, resolution=null} [CONTEXT service_id=132 ]
10-30 23:19:06.504  3960  4151 I FontLog : Pulling font file for id = 1183, cache size = 8 [CONTEXT service_id=132 ]
10-30 23:19:06.514 13542 13666 I Icing   : Indexing done com.android.chrome-omnibox
10-30 23:19:06.601 10397 10418 I cr_LibraryLoader: Successfully loaded native library
10-30 23:19:06.602 10397 10418 I cr_CachingUmaRecorder: Flushed 20 samples from 19 histograms.
10-30 23:19:06.644  3960  3972 I FontLog : Received query Google Sans:500, URI content://com.google.android.gms.fonts [CONTEXT service_id=132 ]
10-30 23:19:06.644  3960  3972 I FontLog : Query [Google Sans:500] resolved to {Google Sans, wdth 100.0, wght 500, ital 0.0, bestEffort false} [CONTEXT service_id=132 ]
10-30 23:19:06.646  3960  3972 I FontLog : Font PFD returned from cache for {Google Sans, wdth 100.0, wght 500, ital 0.0, bestEffort false} [CONTEXT service_id=132 ]
10-30 23:19:06.646  3960  3972 I FontLog : Fetch {Google Sans, wdth 100.0, wght 500, ital 0.0, bestEffort false} end status Status{statusCode=SUCCESS, resolution=null} [CONTEXT service_id=132 ]
10-30 23:19:06.659 10410 10410 D AndroidRuntime: >>>>>> START com.android.internal.os.RuntimeInit uid 2000 <<<<<<
10-30 23:19:06.682  3960  4217 I FontLog : Pulling font file for id = 1184, cache size = 7 [CONTEXT service_id=132 ]
10-30 23:19:06.715  3960  4245 I FontLog : Received query Google Sans:700, URI content://com.google.android.gms.fonts [CONTEXT service_id=132 ]
10-30 23:19:06.715  3960  4245 I FontLog : Query [Google Sans:700] resolved to {Google Sans, wdth 100.0, wght 700, ital 0.0, bestEffort false} [CONTEXT service_id=132 ]
10-30 23:19:06.717  3960  4245 I FontLog : Fetch {Google Sans, wdth 100.0, wght 700, ital 0.0, bestEffort false} end status Status{statusCode=SUCCESS, resolution=null} [CONTEXT service_id=132 ]
10-30 23:19:06.730  3960  3972 I FontLog : Pulling font file for id = 1185, cache size = 6 [CONTEXT service_id=132 ]
10-30 23:19:06.793 10410 10410 D AndroidRuntime: Calling main entry com.android.commands.pm.Pm
10-30 23:19:06.812   772 13021 I ActivityManager: Force stopping com.android.chrome appid=10060 user=0: clear data
10-30 23:19:06.812   772 13021 I ActivityManager: Killing 10397:com.android.chrome/u0a60 (adj 700): stop com.android.chrome
10-30 23:19:06.817   772   788 I ActivityManager: Force stopping com.android.chrome appid=10060 user=-1: clearApplicationUserData
10-30 23:19:06.819   560   560 I keystore: clear_uid 10060
10-30 23:19:06.846  1311  1311 D CarrierSvcBindHelper: No carrier app for: 0
10-30 23:19:06.854 10410 10410 I app_process: System.exit called, status: 0
10-30 23:19:06.854 10410 10410 I AndroidRuntime: VM exiting with result code 0.
10-30 23:19:06.856   772   787 W ResourceType: No known package when getting value for resource number 0x7f0904db
10-30 23:19:06.856   772   787 W ResourceType: No known package when getting value for resource number 0x7f140670
10-30 23:19:06.856   772   787 W ResourceType: No known package when getting value for resource number 0x7f0904da
10-30 23:19:06.857   772   787 W ResourceType: No known package when getting value for resource number 0x7f14018b
10-30 23:19:06.857   772   787 W ResourceType: No known package when getting value for resource number 0x7f14066f
10-30 23:19:06.857   772   787 W ResourceType: No known package when getting value for resource number 0x7f140434
10-30 23:19:06.857   772   787 E ShortcutService: Ignoring excessive intent tag.
10-30 23:19:06.860  2964  2964 D RegisteredNfcFServicesCache: Service unchanged, not updating
10-30 23:19:06.871  3960 10367 I Fitness : FitCleanupIntentOperation received Intent android.intent.action.PACKAGE_DATA_CLEARED [CONTEXT service_id=17 ]
10-30 23:19:06.903 13542 13666 I Icing   : doRemovePackageData com.android.chrome
10-30 23:19:06.903 13542 13666 I Icing   : Removing corpus key com.android.chrome-omnibox for package com.android.chrome
10-30 23:19:06.966 13542 13666 I Icing   : updateResources: need to parse anue{com.android.chrome}
10-30 23:19:07.019 13542 13666 I Icing   : Indexing com.android.chrome-omnibox from com.android.chrome
10-30 23:19:07.031   772  4540 I ActivityManager: Start proc 10434:com.android.chrome/u0a60 for content provider com.android.chrome/com.google.android.apps.chrome.icing.IcingProvider
10-30 23:19:07.075 10434 10434 I cr_SplitCompatApp: Launched version=106.0.5249.79 minSdkVersion=24 isBundle=true processName=com.android.chrome isIsolated=false
10-30 23:19:07.171  3960  4245 I FontLog : Received query Google Sans, URI content://com.google.android.gms.fonts [CONTEXT service_id=132 ]
10-30 23:19:07.171  3960  4245 I FontLog : Query [Google Sans] resolved to {Google Sans, wdth 100.0, wght 400, ital 0.0, bestEffort false} [CONTEXT service_id=132 ]
10-30 23:19:07.173  3960  4245 I FontLog : Font PFD returned from cache for {Google Sans, wdth 100.0, wght 400, ital 0.0, bestEffort false} [CONTEXT service_id=132 ]
10-30 23:19:07.174  3960  4245 I FontLog : Fetch {Google Sans, wdth 100.0, wght 400, ital 0.0, bestEffort false} end status Status{statusCode=SUCCESS, resolution=null} [CONTEXT service_id=132 ]
10-30 23:19:07.286  3960  3972 I FontLog : Pulling font file for id = 1186, cache size = 4 [CONTEXT service_id=132 ]
10-30 23:19:07.287 13542 13666 I Icing   : Indexing done com.android.chrome-omnibox
10-30 23:19:07.322 10434 10453 I cr_LibraryLoader: Successfully loaded native library
10-30 23:19:07.324 10434 10453 I cr_CachingUmaRecorder: Flushed 20 samples from 19 histograms.
10-30 23:19:07.389  3960  3971 I FontLog : Received query Google Sans:500, URI content://com.google.android.gms.fonts [CONTEXT service_id=132 ]
10-30 23:19:07.390  3960  3971 I FontLog : Query [Google Sans:500] resolved to {Google Sans, wdth 100.0, wght 500, ital 0.0, bestEffort false} [CONTEXT service_id=132 ]
10-30 23:19:07.393  3960  3971 I FontLog : Font PFD returned from cache for {Google Sans, wdth 100.0, wght 500, ital 0.0, bestEffort false} [CONTEXT service_id=132 ]
10-30 23:19:07.394  3960  3971 I FontLog : Fetch {Google Sans, wdth 100.0, wght 500, ital 0.0, bestEffort false} end status Status{statusCode=SUCCESS, resolution=null} [CONTEXT service_id=132 ]
10-30 23:19:07.413  3960  4245 I FontLog : Pulling font file for id = 1187, cache size = 5 [CONTEXT service_id=132 ]
10-30 23:19:07.439  3960  6244 I FontLog : Received query Google Sans:700, URI content://com.google.android.gms.fonts [CONTEXT service_id=132 ]
10-30 23:19:07.439  3960  6244 I FontLog : Query [Google Sans:700] resolved to {Google Sans, wdth 100.0, wght 700, ital 0.0, bestEffort false} [CONTEXT service_id=132 ]
10-30 23:19:07.441  3960  6244 I FontLog : Fetch {Google Sans, wdth 100.0, wght 700, ital 0.0, bestEffort false} end status Status{statusCode=SUCCESS, resolution=null} [CONTEXT service_id=132 ]
10-30 23:19:07.451  3960  3971 I FontLog : Pulling font file for id = 1188, cache size = 6 [CONTEXT service_id=132 ]
