10-31 10:51:32.121   372   376 E QC-time-services: Receive Passed == base = 13, unit = 1, operation = 2, result = 0
10-31 10:51:32.121   372   376 D DrmLibTime: QSEE Time Listener: ATS_MODEM is not set. Fallback to Android system time.
10-31 10:51:32.121   372   376 D DrmLibTime: QSEE Time Listener: Retrieved Android system time: 1667209892
10-31 10:51:32.121   372   376 D DrmLibTime: time_getutcsec returns 0, sec = 1667209892; nsec = 0
10-31 10:51:32.121   372   376 D DrmLibTime: time_getutcsec finished! 
10-31 10:51:32.121   372   376 D DrmLibTime: iotcl_continue_command finished! and return 0 
10-31 10:51:32.121   372   376 D DrmLibTime: before calling ioctl to read the next time_cmd
10-31 10:51:32.121   625   647 E QC-time-services: Daemon: Time-services: Waiting to acceptconnection
10-31 10:51:32.148   562   644 D WVCdm   : OEMCrypto_Initialize Level 1 success. I will use level 1.
10-31 10:51:32.148   562   644 D WVCdm   : CryptoSession::Open: Lock: requested_security_level: Default
10-31 10:51:32.151   562   644 W WVCdm   : DeviceFiles::RetrieveHashedFile: /data/mediadrm/IDM1013/L1/cert.bin does not exist
10-31 10:51:32.152   562   644 D QSEECOMAPI: : QSEECom_dealloc_memory 
10-31 10:51:32.152   562   644 D QSEECOMAPI: : QSEECom_shutdown_app, app_id = 1812
10-31 10:51:32.166   562 19050 I WVCdm   : Level3 Library 4445 May 19 2017 17:17:20
10-31 10:51:32.183   562 19050 D QSEECOMAPI: : QSEECom_get_handle sb_length = 0x19000
10-31 10:51:32.183   562 19050 D QSEECOMAPI: : App is not loaded in QSEE
10-31 10:51:32.235   562 19050 D QSEECOMAPI: : Loaded image: APP id = 1813
10-31 10:51:32.238   562 19050 D QSAPPSVER: qsapps_get_capabilities: Capability from secure side: 0x0
10-31 10:51:32.238   562 19050 D QSAPPSVER: qsapps_get_capabilities: returns 0
10-31 10:51:32.238   562 19050 E DrmWidevineDash: sion_buffer g_wv_fhandle->ion_sbuffer  0x0xef73a000
10-31 10:51:32.242   372   376 D DrmLibTime: got the req here! ret=0
10-31 10:51:32.242   372   376 D DrmLibTime: command id, time_cmd_id = 770
10-31 10:51:32.242   372   376 D DrmLibTime: time_getutcsec starts!
10-31 10:51:32.242   372   376 D DrmLibTime: QSEE Time Listener: time_getutcsec
10-31 10:51:32.242   372   376 D DrmLibTime: QSEE Time Listener: get_utc_seconds
10-31 10:51:32.242   372   376 D DrmLibTime: QSEE Time Listener: time_get_modem_time
10-31 10:51:32.242   372   376 D DrmLibTime: QSEE Time Listener: Checking if ATS_MODEM is set or not.
10-31 10:51:32.243   372   376 D QC-time-services: Lib:time_genoff_operation: pargs->base = 13
10-31 10:51:32.243   372   376 D QC-time-services: Lib:time_genoff_operation: pargs->operation = 2
10-31 10:51:32.243   372   376 D QC-time-services: Lib:time_genoff_operation: pargs->ts_val = 0
10-31 10:51:32.243   372   376 D QC-time-services: Lib:time_genoff_operation: Send to server  passed!!
10-31 10:51:32.243   625   647 D QC-time-services: Daemon: Connection accepted:time_genoff
10-31 10:51:32.243   625  4789 D QC-time-services: Daemon:Received base = 13, unit = 1, operation = 2,value = 0
10-31 10:51:32.243   625  4789 D QC-time-services: Daemon:genoff_opr: Base = 13, val = 0, operation = 2
10-31 10:51:32.243   625  4789 D QC-time-services: offset is: 0 for base: 13
10-31 10:51:32.243   372   376 E QC-time-services: Receive Passed == base = 13, unit = 1, operation = 2, result = 0
10-31 10:51:32.243   372   376 D DrmLibTime: QSEE Time Listener: ATS_MODEM is not set. Fallback to Android system time.
10-31 10:51:32.243   372   376 D DrmLibTime: QSEE Time Listener: Retrieved Android system time: 1667209892
10-31 10:51:32.243   372   376 D DrmLibTime: time_getutcsec returns 0, sec = 1667209892; nsec = 0
10-31 10:51:32.243   372   376 D DrmLibTime: time_getutcsec finished! 
10-31 10:51:32.244   372   376 D DrmLibTime: iotcl_continue_command finished! and return 0 
10-31 10:51:32.244   372   376 D DrmLibTime: before calling ioctl to read the next time_cmd
10-31 10:51:32.244   625   647 E QC-time-services: Daemon: Time-services: Waiting to acceptconnection
10-31 10:51:32.279   562 19050 D WVCdm   : OEMCrypto_Initialize Level 1 success. I will use level 1.
10-31 10:51:32.279   562 19050 D WVCdm   : CryptoSession::Open: Lock: requested_security_level: Default
10-31 10:51:32.382   562 19050 E DrmWidevineDash: OEMCrypto_GenerateSignature : input wrapped_rsa_key == NULL!, return short buffer
10-31 10:51:32.385  3762  3762 I cr_media: Provisioning origin ID 20DE6098B659E86158BC3CDA4819820F
10-31 10:51:32.468   562 19051 E DrmWidevineDash: OEMCrypto_RewrapDeviceRSAKey : input wrapped_rsa_key == NULL!, return short buffer
10-31 10:51:32.481   562 19051 D QSEECOMAPI: : QSEECom_dealloc_memory 
10-31 10:51:32.481   562 19051 D QSEECOMAPI: : QSEECom_shutdown_app, app_id = 1813
10-31 10:51:32.499  3762  3762 W MediaDrm: MediaDrm went away with unhandled events
10-31 10:51:32.520  4790  4790 E /system/bin/webview_zygote32: failed to make and chown /acct/uid_99810: Permission denied
10-31 10:51:32.520  4790  4790 E Zygote  : createProcessGroup(99810, 0) failed: Permission denied
10-31 10:51:32.522   772  1324 I ActivityManager: Start proc 4790:com.android.chrome:sandboxed_process31/u0i810 for webview_service com.android.chrome/org.chromium.content.app.SandboxedProcessService31
10-31 10:51:32.547  4790  4790 I SamplingProfilerIntegration: Profiling disabled.
10-31 10:51:32.577  4803  4803 E asset   : setgid: Operation not permitted
10-31 10:51:32.612  4790  4790 I cr_SplitCompatApp: Launched version=106.0.5249.79 minSdkVersion=24 isBundle=true processName=com.android.chrome:sandboxed_process31 isIsolated=true
10-31 10:51:32.619  4790  4790 W SystemServiceRegistry: No service published for: uimode
10-31 10:51:32.632  4790  4790 I cr_ChildProcessService: Creating new ChildProcessService pid=4790
10-31 10:51:32.640  4790  4790 E WebViewFactory: can't load with relro file; address space not reserved
10-31 10:51:32.652  4790  4804 I cr_LibraryLoader: Successfully loaded native library
10-31 10:51:32.653  4790  4804 I cr_CachingUmaRecorder: Flushed 3 samples from 3 histograms.
10-31 10:51:32.690  4808  4808 W ThreadPoolForeg: type=1400 audit(0.0:13246): avc: denied { setattr } for name="LICENSE.txt" dev="dm-2" ino=1504953 scontext=u:r:isolated_app:s0:c512,c768 tcontext=u:object_r:app_data_file:s0:c512,c768 tclass=file permissive=0
10-31 10:51:32.694  4808  4808 W ThreadPoolForeg: type=1400 audit(0.0:13247): avc: denied { setattr } for name=46696C746572696E672052756C6573 dev="dm-2" ino=1504954 scontext=u:r:isolated_app:s0:c512,c768 tcontext=u:object_r:app_data_file:s0:c512,c768 tclass=file permissive=0
10-31 10:51:32.694  4808  4808 W ThreadPoolForeg: type=1400 audit(0.0:13248): avc: denied { setattr } for name="manifest.json" dev="dm-2" ino=1504955 scontext=u:r:isolated_app:s0:c512,c768 tcontext=u:object_r:app_data_file:s0:c512,c768 tclass=file permissive=0
10-31 10:51:32.700  4808  4808 W ThreadPoolForeg: type=1400 audit(0.0:13249): avc: denied { setattr } for name="verified_contents.json" dev="dm-2" ino=1504957 scontext=u:r:isolated_app:s0:c512,c768 tcontext=u:object_r:app_data_file:s0:c512,c768 tclass=file permissive=0
10-31 10:51:32.714  4790  4804 I chromium: [INFO:child_process_service.cc(69)] ChildProcessService: Exiting child process.
10-31 10:51:32.717   422   422 E lowmemorykiller: Error writing /proc/4790/oom_score_adj; errno=22
10-31 10:51:32.718   772  1324 I ActivityManager: Killing 4790:com.android.chrome:sandboxed_process31/u0a60i810 (adj 0): isolated not needed
10-31 10:51:32.718   772   790 W zygote64: failed to open /acct/uid_99810/pid_4790/cgroup.procs: No such file or directory
10-31 10:51:32.732  3762  3762 W chromium: [WARNING:compositor_view.cc(342)] Child process died (type=6) pid=4790)
10-31 10:51:32.743   772 10895 I ActivityManager: Process com.android.defcontainer (pid 30461) has died: cch+6CEM 
10-31 10:51:33.697  3762  3762 I cr_tabmodel: Appending tabs being restored to metadata lists, 0, startingNormalCount: 2, startingIncognitoCount: 0
10-31 10:51:33.697  3762  3762 I cr_tabmodel: Serializing tab lists; counts: 2, 0
10-31 10:51:34.402  4812  4812 E /system/bin/webview_zygote32: failed to make and chown /acct/uid_99811: Permission denied
10-31 10:51:34.402  4812  4812 E Zygote  : createProcessGroup(99811, 0) failed: Permission denied
10-31 10:51:34.405   772  2970 I ActivityManager: Start proc 4812:com.android.chrome:sandboxed_process32/u0i811 for webview_service com.android.chrome/org.chromium.content.app.SandboxedProcessService32
10-31 10:51:34.436  4812  4812 I SamplingProfilerIntegration: Profiling disabled.
10-31 10:51:34.456  4825  4825 E asset   : setgid: Operation not permitted
10-31 10:51:34.491  4812  4812 I cr_SplitCompatApp: Launched version=106.0.5249.79 minSdkVersion=24 isBundle=true processName=com.android.chrome:sandboxed_process32 isIsolated=true
10-31 10:51:34.498  4812  4812 W SystemServiceRegistry: No service published for: uimode
10-31 10:51:34.518  4812  4812 I cr_ChildProcessService: Creating new ChildProcessService pid=4812
10-31 10:51:34.527  4812  4812 E WebViewFactory: can't load with relro file; address space not reserved
10-31 10:51:34.538  4812  4826 I cr_LibraryLoader: Successfully loaded native library
10-31 10:51:34.539  4812  4826 I cr_CachingUmaRecorder: Flushed 3 samples from 3 histograms.
10-31 10:51:34.634  4831  4831 W ThreadPoolForeg: type=1400 audit(0.0:13250): avc: denied { setattr } for name="tl_en-us_2022-10-24_484508980_100000_index.bin" dev="dm-2" ino=1504966 scontext=u:r:isolated_app:s0:c512,c768 tcontext=u:object_r:app_data_file:s0:c512,c768 tclass=file permissive=0
10-31 10:51:34.637  4831  4831 W ThreadPoolForeg: type=1400 audit(0.0:13251): avc: denied { setattr } for name="manifest.json" dev="dm-2" ino=1504967 scontext=u:r:isolated_app:s0:c512,c768 tcontext=u:object_r:app_data_file:s0:c512,c768 tclass=file permissive=0
10-31 10:51:34.650  4831  4831 W ThreadPoolForeg: type=1400 audit(0.0:13252): avc: denied { setattr } for name="verified_contents.json" dev="dm-2" ino=1504969 scontext=u:r:isolated_app:s0:c512,c768 tcontext=u:object_r:app_data_file:s0:c512,c768 tclass=file permissive=0
10-31 10:51:34.660  4812  4826 I chromium: [INFO:child_process_service.cc(69)] ChildProcessService: Exiting child process.
10-31 10:51:34.663   422   422 E lowmemorykiller: Error writing /proc/4812/oom_score_adj; errno=22
10-31 10:51:34.664   772   996 I ActivityManager: Killing 4812:com.android.chrome:sandboxed_process32/u0a60i811 (adj 0): isolated not needed
10-31 10:51:34.665   772   790 W zygote64: failed to open /acct/uid_99811/pid_4812/cgroup.procs: No such file or directory
10-31 10:51:34.682  3762  3762 W chromium: [WARNING:compositor_view.cc(342)] Child process died (type=6) pid=4812)
10-31 10:51:36.901  4833  4833 E /system/bin/webview_zygote32: failed to make and chown /acct/uid_99812: Permission denied
10-31 10:51:36.901  4833  4833 E Zygote  : createProcessGroup(99812, 0) failed: Permission denied
10-31 10:51:36.906   772 10860 I ActivityManager: Start proc 4833:com.android.chrome:sandboxed_process33/u0i812 for webview_service com.android.chrome/org.chromium.content.app.SandboxedProcessService33
10-31 10:51:36.970  4833  4833 I SamplingProfilerIntegration: Profiling disabled.
10-31 10:51:37.002  4846  4846 E asset   : setgid: Operation not permitted
10-31 10:51:37.039  4833  4833 I cr_SplitCompatApp: Launched version=106.0.5249.79 minSdkVersion=24 isBundle=true processName=com.android.chrome:sandboxed_process33 isIsolated=true
10-31 10:51:37.047  4833  4833 W SystemServiceRegistry: No service published for: uimode
10-31 10:51:37.061  4833  4833 I cr_ChildProcessService: Creating new ChildProcessService pid=4833
10-31 10:51:37.073  4833  4833 E WebViewFactory: can't load with relro file; address space not reserved
10-31 10:51:37.085  4833  4847 I cr_LibraryLoader: Successfully loaded native library
10-31 10:51:37.087  4833  4847 I cr_CachingUmaRecorder: Flushed 3 samples from 3 histograms.
10-31 10:51:37.134  4851  4851 W ThreadPoolForeg: type=1400 audit(0.0:13253): avc: denied { setattr } for name="optimization-hints.pb" dev="dm-2" ino=1504972 scontext=u:r:isolated_app:s0:c512,c768 tcontext=u:object_r:app_data_file:s0:c512,c768 tclass=file permissive=0
10-31 10:51:37.134  4851  4851 W ThreadPoolForeg: type=1400 audit(0.0:13254): avc: denied { setattr } for name="manifest.json" dev="dm-2" ino=1504973 scontext=u:r:isolated_app:s0:c512,c768 tcontext=u:object_r:app_data_file:s0:c512,c768 tclass=file permissive=0
10-31 10:51:37.140  4851  4851 W ThreadPoolForeg: type=1400 audit(0.0:13255): avc: denied { setattr } for name="verified_contents.json" dev="dm-2" ino=1504979 scontext=u:r:isolated_app:s0:c512,c768 tcontext=u:object_r:app_data_file:s0:c512,c768 tclass=file permissive=0
10-31 10:51:37.146  4833  4847 I chromium: [INFO:child_process_service.cc(69)] ChildProcessService: Exiting child process.
10-31 10:51:37.149   422   422 E lowmemorykiller: Error writing /proc/4833/oom_score_adj; errno=22
10-31 10:51:37.149   772 10860 I ActivityManager: Killing 4833:com.android.chrome:sandboxed_process33/u0a60i812 (adj 0): isolated not needed
10-31 10:51:37.150   772   790 W zygote64: failed to open /acct/uid_99812/pid_4833/cgroup.procs: No such file or directory
10-31 10:51:37.161  3762  3762 W chromium: [WARNING:compositor_view.cc(342)] Child process died (type=6) pid=4833)
10-31 10:51:39.753  4855  4855 E /system/bin/webview_zygote32: failed to make and chown /acct/uid_99813: Permission denied
10-31 10:51:39.753  4855  4855 E Zygote  : createProcessGroup(99813, 0) failed: Permission denied
10-31 10:51:39.756   772   785 I ActivityManager: Start proc 4855:com.android.chrome:sandboxed_process34/u0i813 for webview_service com.android.chrome/org.chromium.content.app.SandboxedProcessService34
10-31 10:51:39.788  4855  4855 I SamplingProfilerIntegration: Profiling disabled.
10-31 10:51:39.813  4868  4868 E asset   : setgid: Operation not permitted
10-31 10:51:39.857  4855  4855 I cr_SplitCompatApp: Launched version=106.0.5249.79 minSdkVersion=24 isBundle=true processName=com.android.chrome:sandboxed_process34 isIsolated=true
10-31 10:51:39.864  4855  4855 W SystemServiceRegistry: No service published for: uimode
10-31 10:51:39.878  4855  4855 I cr_ChildProcessService: Creating new ChildProcessService pid=4855
10-31 10:51:39.889  4855  4855 E WebViewFactory: can't load with relro file; address space not reserved
10-31 10:51:39.901  4855  4869 I cr_LibraryLoader: Successfully loaded native library
10-31 10:51:39.902  4855  4869 I cr_CachingUmaRecorder: Flushed 3 samples from 3 histograms.
10-31 10:51:39.950  4873  4873 W ThreadPoolForeg: type=1400 audit(0.0:13256): avc: denied { setattr } for name="ssl_error_assistant.pb" dev="dm-2" ino=1505044 scontext=u:r:isolated_app:s0:c512,c768 tcontext=u:object_r:app_data_file:s0:c512,c768 tclass=file permissive=0
10-31 10:51:39.950  4873  4873 W ThreadPoolForeg: type=1400 audit(0.0:13257): avc: denied { setattr } for name="ssl_error_assistant.pb" dev="dm-2" ino=1505044 scontext=u:r:isolated_app:s0:c512,c768 tcontext=u:object_r:app_data_file:s0:c512,c768 tclass=file permissive=0
10-31 10:51:39.950  4873  4873 W ThreadPoolForeg: type=1400 audit(0.0:13258): avc: denied { setattr } for name="manifest.json" dev="dm-2" ino=1505052 scontext=u:r:isolated_app:s0:c512,c768 tcontext=u:object_r:app_data_file:s0:c512,c768 tclass=file permissive=0
10-31 10:51:39.957  4873  4873 W ThreadPoolForeg: type=1400 audit(0.0:13259): avc: denied { setattr } for name="verified_contents.json" dev="dm-2" ino=1505055 scontext=u:r:isolated_app:s0:c512,c768 tcontext=u:object_r:app_data_file:s0:c512,c768 tclass=file permissive=0
10-31 10:51:39.967  4855  4869 I chromium: [INFO:child_process_service.cc(69)] ChildProcessService: Exiting child process.
10-31 10:51:39.969   422   422 E lowmemorykiller: Error writing /proc/4855/oom_score_adj; errno=22
10-31 10:51:39.970   772   785 I ActivityManager: Killing 4855:com.android.chrome:sandboxed_process34/u0a60i813 (adj 0): isolated not needed
10-31 10:51:39.971   772   790 W zygote64: failed to open /acct/uid_99813/pid_4855/cgroup.procs: No such file or directory
10-31 10:51:39.999  3762  3762 W chromium: [WARNING:compositor_view.cc(342)] Child process died (type=6) pid=4855)
10-31 10:51:43.083  4877  4877 E /system/bin/webview_zygote32: failed to make and chown /acct/uid_99814: Permission denied
10-31 10:51:43.083  4877  4877 E Zygote  : createProcessGroup(99814, 0) failed: Permission denied
10-31 10:51:43.088   772 13021 I ActivityManager: Start proc 4877:com.android.chrome:sandboxed_process35/u0i814 for webview_service com.android.chrome/org.chromium.content.app.SandboxedProcessService35
10-31 10:51:43.111  4877  4877 I SamplingProfilerIntegration: Profiling disabled.
10-31 10:51:43.134  4890  4890 E asset   : setgid: Operation not permitted
10-31 10:51:43.176  4877  4877 I cr_SplitCompatApp: Launched version=106.0.5249.79 minSdkVersion=24 isBundle=true processName=com.android.chrome:sandboxed_process35 isIsolated=true
10-31 10:51:43.183  4877  4877 W SystemServiceRegistry: No service published for: uimode
10-31 10:51:43.196  4877  4877 I cr_ChildProcessService: Creating new ChildProcessService pid=4877
10-31 10:51:43.206  4877  4877 E WebViewFactory: can't load with relro file; address space not reserved
10-31 10:51:43.218  4877  4891 I cr_LibraryLoader: Successfully loaded native library
10-31 10:51:43.220  4877  4891 I cr_CachingUmaRecorder: Flushed 3 samples from 3 histograms.
10-31 10:51:43.264  4897  4897 W ThreadPoolForeg: type=1400 audit(0.0:13260): avc: denied { setattr } for name="download_file_types.pb" dev="dm-2" ino=1505058 scontext=u:r:isolated_app:s0:c512,c768 tcontext=u:object_r:app_data_file:s0:c512,c768 tclass=file permissive=0
10-31 10:51:43.264  4897  4897 W ThreadPoolForeg: type=1400 audit(0.0:13261): avc: denied { setattr } for name="download_file_types.pb" dev="dm-2" ino=1505058 scontext=u:r:isolated_app:s0:c512,c768 tcontext=u:object_r:app_data_file:s0:c512,c768 tclass=file permissive=0
10-31 10:51:43.267  4897  4897 W ThreadPoolForeg: type=1400 audit(0.0:13262): avc: denied { setattr } for name="manifest.json" dev="dm-2" ino=1505059 scontext=u:r:isolated_app:s0:c512,c768 tcontext=u:object_r:app_data_file:s0:c512,c768 tclass=file permissive=0
10-31 10:51:43.270  4897  4897 W ThreadPoolForeg: type=1400 audit(0.0:13263): avc: denied { setattr } for name="verified_contents.json" dev="dm-2" ino=1505061 scontext=u:r:isolated_app:s0:c512,c768 tcontext=u:object_r:app_data_file:s0:c512,c768 tclass=file permissive=0
10-31 10:51:43.279  4877  4891 I chromium: [INFO:child_process_service.cc(69)] ChildProcessService: Exiting child process.
10-31 10:51:43.282   772 32228 I ActivityManager: Killing 4877:com.android.chrome:sandboxed_process35/u0a60i814 (adj 0): isolated not needed
10-31 10:51:43.285   772   790 W zygote64: failed to open /acct/uid_99814/pid_4877/cgroup.procs: No such file or directory
10-31 10:51:43.299  3762  3762 W chromium: [WARNING:compositor_view.cc(342)] Child process died (type=6) pid=4877)
10-31 10:51:44.955   772   784 I ActivityManager: Force stopping com.android.chrome appid=10060 user=0: from pid 4909
10-31 10:51:44.956   772   784 I ActivityManager: Killing 3849:com.android.chrome:privileged_process0/u0a60 (adj 0): stop com.android.chrome
10-31 10:51:44.958   772   784 W ActivityManager: Scheduling restart of crashed service com.android.chrome/org.chromium.content.app.PrivilegedProcessService0 in 1000ms
10-31 10:51:44.965   772   784 I ActivityManager: Killing 3762:com.android.chrome/u0a60 (adj 0): stop com.android.chrome
10-31 10:51:44.976   772   784 W ActivityManager: Force removing ActivityRecord{a447228 u0 com.android.chrome/com.google.android.apps.chrome.Main t695}: app died, no saved state
10-31 10:51:44.977 13542 13542 D BoundBrokerSvc: onUnbind: Intent { act=com.google.android.gms.auth.key.retrieval.service.START dat=chimera-action:com.google.android.gms.auth.key.retrieval.service.START cmp=com.google.android.gms/.chimera.GmsApiService }
10-31 10:51:44.979  3813  3813 I cr_ChildProcessService: Destroying ChildProcessService pid=3813
10-31 10:51:44.980   772   784 I WindowManager: Failed to capture screenshot of Token{cdcfb41 ActivityRecord{a447228 u0 com.android.chrome/com.google.android.apps.chrome.Main t695 f}} appWin=Window{a8a8ced u0 com.android.chrome/com.google.android.apps.chrome.Main} drawState=4
10-31 10:51:44.994   772   784 I ActivityManager: Killing 4465:com.android.chrome:sandboxed_process20/u0a60i799 (adj 0): isolated not needed
10-31 10:51:44.994   772   784 I ActivityManager: Killing 3813:com.android.chrome:sandboxed_process0/u0a60i779 (adj 0): isolated not needed
10-31 10:51:45.011  1311  1311 D CarrierSvcBindHelper: No carrier app for: 0
10-31 10:51:45.045   772  1324 D ConnectivityService: ConnectivityService NetworkRequestInfo binderDied(NetworkRequest [ LISTEN id=1686, [ Capabilities: INTERNET&NOT_RESTRICTED&TRUSTED&FOREGROUND] ], android.os.BinderProxy@a1a492e)
10-31 10:51:45.045   772 20193 D ConnectivityService: ConnectivityService NetworkRequestInfo binderDied(NetworkRequest [ LISTEN id=1684, [ Capabilities: INTERNET&NOT_RESTRICTED&TRUSTED&FOREGROUND] ], android.os.BinderProxy@7115ccf)
10-31 10:51:45.045   772 32228 D ConnectivityService: ConnectivityService NetworkRequestInfo binderDied(NetworkRequest [ LISTEN id=1685, [ Capabilities: INTERNET&NOT_RESTRICTED&TRUSTED&FOREGROUND] ], android.os.BinderProxy@3c5c65c)
10-31 10:51:45.047   772   862 E ConnectivityService: RemoteException caught trying to send a callback msg for NetworkRequest [ LISTEN id=1686, [ Capabilities: INTERNET&NOT_RESTRICTED&TRUSTED&FOREGROUND] ]
10-31 10:51:45.048   772   862 E ConnectivityService: RemoteException caught trying to send a callback msg for NetworkRequest [ LISTEN id=1684, [ Capabilities: INTERNET&NOT_RESTRICTED&TRUSTED&FOREGROUND] ]
10-31 10:51:45.048   772   797 W ActivityManager: setHasOverlayUi called on unknown pid: 3762
10-31 10:51:45.049   772   862 E ConnectivityService: RemoteException caught trying to send a callback msg for NetworkRequest [ LISTEN id=1685, [ Capabilities: INTERNET&NOT_RESTRICTED&TRUSTED&FOREGROUND] ]
10-31 10:51:45.063   772   790 W zygote64: failed to open /acct/uid_99799/pid_4465/cgroup.procs: No such file or directory
10-31 10:51:45.063   772   790 W zygote64: failed to open /acct/uid_99779/pid_3813/cgroup.procs: No such file or directory
10-31 10:51:45.174 13325 13387 I Adreno  : QUALCOMM build                   : 7142022, Ib5823dd10c
10-31 10:51:45.174 13325 13387 I Adreno  : Build Date                       : 06/23/17
10-31 10:51:45.174 13325 13387 I Adreno  : OpenGL ES Shader Compiler Version: EV031.18.00.00
10-31 10:51:45.174 13325 13387 I Adreno  : Local Branch                     : O11A
10-31 10:51:45.174 13325 13387 I Adreno  : Remote Branch                    : 
10-31 10:51:45.174 13325 13387 I Adreno  : Remote Branch                    : 
10-31 10:51:45.174 13325 13387 I Adreno  : Reconstruct Branch               : 
10-31 10:51:45.178 13325 13387 I vndksupport: sphal namespace is not configured for this process. Loading /vendor/lib64/hw/gralloc.msm8992.so from the current namespace instead.
10-31 10:51:45.186  2964  2964 D RegisteredNfcFServicesCache: Service unchanged, not updating
10-31 10:51:45.187 13325 13387 I Adreno  : PFP: 0x00000000, ME: 0x00000000
10-31 10:51:45.192 13325 13387 I OpenGLRenderer: Initialized EGL, version 1.4
10-31 10:51:45.192 13325 13387 D OpenGLRenderer: Swap behavior 2
10-31 10:51:45.303   772 13071 W ActivityManager: Unable to start service Intent { act=com.google.android.gms.speech.service.START pkg=com.google.android.gms } U=0: not found
10-31 10:51:45.304   772   996 W ActivityManager: Unbind failed: could not find connection for android.os.BinderProxy@2f8c6b6
10-31 10:51:45.306  3801  4920 E GmsClient: unable to connect to service: com.google.android.gms.speech.service.START on com.google.android.gms
10-31 10:51:45.312  3801  3826 W SessionLifecycleManager: Handover failed. Creating new session controller.
10-31 10:51:45.365  3801  3801 I OptInState: There is a new client and it does not support opt-in. Dropping request.
10-31 10:51:45.521  3801  3801 I MicroDetectionWorker: #updateMicroDetector [detectionMode: [mDetectionMode: [1]]]
10-31 10:51:45.521  3801  3801 I MicroDetectionWorker: #startMicroDetector [speakerMode: 0]
10-31 10:51:45.540  3801  3807 I zygote64: Do partial code cache collection, code=0B, data=5KB
10-31 10:51:45.543  3801  3807 I zygote64: After code cache collection, code=0B, data=5KB
10-31 10:51:45.543  3801  3807 I zygote64: Increasing code cache capacity to 128KB
10-31 10:51:45.550  3801  3807 I zygote64: Do partial code cache collection, code=0B, data=5KB
10-31 10:51:45.552  3801  3807 I zygote64: After code cache collection, code=0B, data=5KB
10-31 10:51:45.552  3801  3807 I zygote64: Increasing code cache capacity to 256KB
10-31 10:51:45.558  3801  3801 I MicroDetectionWorker: onReady
10-31 10:51:45.572  3801  3807 I zygote64: Method exceeds compiler instruction limit: 25337 in void org.ccil.cowan.tagsoup.HTMLSchema.<init>()
10-31 10:51:45.584  3801  4921 I GsaNativeCrashHandler: Loaded shared library: nativecrashreporter
10-31 10:51:45.621  3801  4921 I MicroDataManager: Created a new hotword model for:
10-31 10:51:45.621  3801  4921 I MicroDataManager: # com.google.android.apps.gsa.speech.microdetection.h@36410d17
10-31 10:51:45.628  3801  3882 I MicroRecognitionRunner: Starting detection.
10-31 10:51:45.629  3801  3881 I MicrophoneInputStream: mic_starting com.google.android.apps.gsa.speech.audio.af@c68c5e1
10-31 10:51:45.630   556  6508 W DeviceHAL: Device 0xefa2d000 open_input_stream: Invalid argument
10-31 10:51:45.632   556  4924 I AudioFlinger: AudioFlinger's thread 0xec907dc0 tid=4924 ready to run
10-31 10:51:45.639  3801  3881 I MicrophoneInputStream: mic_started com.google.android.apps.gsa.speech.audio.af@c68c5e1
10-31 10:51:45.639   556   753 I SoundTriggerHwService::Module: onCallbackEvent no clients
10-31 10:51:45.642   556  4925 D sound_trigger_platform: platform_stdev_check_and_update_concurrency: concurrency active 0, tx 1, rx 0, concurrency session_allowed 0
10-31 10:51:45.642   556  4925 D audio_hw_primary: enable_snd_device: snd_device(72: voice-rec-mic)
10-31 10:51:45.647   556  4925 D audio_hw_primary: enable_audio_route: usecase(9) apply and update mixer path: audio-record
10-31 10:51:45.706 13325 13387 W OpenGLRenderer: Incorrectly called buildLayer on View: ShortcutAndWidgetContainer, destroying layer...
10-31 10:51:45.714  3801  3801 I MicroDetectionWorker: onReady
10-31 10:51:45.973  4912  4912 D AndroidRuntime: >>>>>> START com.android.internal.os.RuntimeInit uid 2000 <<<<<<
10-31 10:51:46.346  4912  4912 D AndroidRuntime: Calling main entry com.android.commands.pm.Pm
10-31 10:51:46.364   772 10894 I ActivityManager: Force stopping com.android.chrome appid=10060 user=0: clear data
10-31 10:51:46.369   772   788 I ActivityManager: Force stopping com.android.chrome appid=10060 user=-1: clearApplicationUserData
10-31 10:51:46.497   560   560 I keystore: clear_uid 10060
10-31 10:51:46.549   772   804 I ActivityManager: Start proc 4934:com.android.defcontainer/u0a13 for service com.android.defcontainer/.DefaultContainerService
10-31 10:51:46.618  1311  1311 D CarrierSvcBindHelper: No carrier app for: 0
10-31 10:51:46.625  4912  4912 I app_process: System.exit called, status: 0
10-31 10:51:46.625  4912  4912 I AndroidRuntime: VM exiting with result code 0.
10-31 10:51:46.626   772   787 W ResourceType: No known package when getting value for resource number 0x7f0904db
10-31 10:51:46.626   772   787 W ResourceType: No known package when getting value for resource number 0x7f140670
10-31 10:51:46.626   772   787 W ResourceType: No known package when getting value for resource number 0x7f0904da
10-31 10:51:46.626   772   787 W ResourceType: No known package when getting value for resource number 0x7f14018b
10-31 10:51:46.626   772   787 W ResourceType: No known package when getting value for resource number 0x7f14066f
10-31 10:51:46.626   772   787 W ResourceType: No known package when getting value for resource number 0x7f140434
10-31 10:51:46.626   772   787 E ShortcutService: Ignoring excessive intent tag.
10-31 10:51:46.635  2964  2964 D RegisteredNfcFServicesCache: Service unchanged, not updating
10-31 10:51:46.680  3960  4954 I Fitness : FitCleanupIntentOperation received Intent android.intent.action.PACKAGE_DATA_CLEARED [CONTEXT service_id=17 ]
10-31 10:51:46.732 13542 29422 I Icing   : doRemovePackageData com.android.chrome
10-31 10:51:46.732 13542 29422 I Icing   : Removing corpus key com.android.chrome-omnibox for package com.android.chrome
10-31 10:51:46.747 13542 29422 I native  : I0000 00:00:1667209906.747236   29422 flash-index.cc:1535] Flash index sort hb 29 prefix-hits 61 -> 54 at 7.200ms
10-31 10:51:46.787 13542 29422 I Icing   : Removing corpus key com.android.chrome-.implicit: for package com.android.chrome
10-31 10:51:46.821 13542 29422 I Icing   : Removing corpus key com.android.chrome-internal.3p:WebPage for package com.android.chrome
10-31 10:51:46.897 13542 29422 I Icing   : Starting compaction min disk 99.985% min index 99.987%
10-31 10:51:46.966   772  1327 I ActivityManager: Force stopping com.android.chrome appid=10060 user=0: from pid 4978
10-31 10:51:46.971  1311  1311 D CarrierSvcBindHelper: No carrier app for: 0
10-31 10:51:46.985  2964  2964 D RegisteredNfcFServicesCache: Service unchanged, not updating
10-31 10:51:46.993 13542 29422 I native  : I0000 00:00:1667209906.993840   29422 document-store.cc:1684] Scored 814 usage reports, missing_corpora 307 update_failed 0
10-31 10:51:47.049 13542 29422 W native  : W0000 00:00:1667209907.049319   29422 words-map.cc:36] INVALID_ARGUMENT: Empty URI
10-31 10:51:47.049 13542 29422 W native  : W0000 00:00:1667209907.049471   29422 words-map.cc:40] WordsMap was not properly initialized
10-31 10:51:47.105 13542 29422 E native  : E0000 00:00:1667209907.105868   29422 compactor.cc:77] Could not index embedding for docid 1: INTERNAL: Unable to find Thing Proto section 
10-31 10:51:47.106 13542 29422 E native  : E0000 00:00:1667209907.106675   29422 compactor.cc:77] Could not index embedding for docid 3: INTERNAL: Unable to find Thing Proto section 
10-31 10:51:47.107 13542 29422 E native  : E0000 00:00:1667209907.107189   29422 compactor.cc:77] Could not index embedding for docid 5: INTERNAL: Unable to find Thing Proto section 
10-31 10:51:47.107 13542 29422 E native  : E0000 00:00:1667209907.107648   29422 compactor.cc:77] Could not index embedding for docid 7: INTERNAL: Unable to find Thing Proto section 
10-31 10:51:47.108 13542 29422 E native  : E0000 00:00:1667209907.108120   29422 compactor.cc:77] Could not index embedding for docid 9: INTERNAL: Unable to find Thing Proto section 
10-31 10:51:47.108 13542 29422 E native  : E0000 00:00:1667209907.108683   29422 compactor.cc:77] Could not index embedding for docid 11: INTERNAL: Unable to find Thing Proto section 
10-31 10:51:47.109 13542 29422 E native  : E0000 00:00:1667209907.109167   29422 compactor.cc:77] Could not index embedding for docid 13: INTERNAL: Unable to find Thing Proto section 
10-31 10:51:47.109 13542 29422 E native  : E0000 00:00:1667209907.109638   29422 compactor.cc:77] Could not index embedding for docid 15: INTERNAL: Unable to find Thing Proto section 
10-31 10:51:47.110 13542 29422 E native  : E0000 00:00:1667209907.110090   29422 compactor.cc:77] Could not index embedding for docid 17: INTERNAL: Unable to find Thing Proto section 
10-31 10:51:47.110 13542 29422 E native  : E0000 00:00:1667209907.110536   29422 compactor.cc:77] Could not index embedding for docid 19: INTERNAL: Unable to find Thing Proto section 
10-31 10:51:47.111 13542 29422 E native  : E0000 00:00:1667209907.110992   29422 compactor.cc:77] Could not index embedding for docid 21: INTERNAL: Unable to find Thing Proto section 
10-31 10:51:47.111 13542 29422 E native  : E0000 00:00:1667209907.111470   29422 compactor.cc:77] Could not index embedding for docid 23: INTERNAL: Unable to find Thing Proto section 
10-31 10:51:47.112 13542 29422 E native  : E0000 00:00:1667209907.112220   29422 compactor.cc:77] Could not index embedding for docid 25: INTERNAL: Unable to find Thing Proto section 
10-31 10:51:47.116 13542 29422 E native  : E0000 00:00:1667209907.116026   29422 compactor.cc:77] Could not index embedding for docid 26: INTERNAL: Unable to find Thing Proto section 
10-31 10:51:47.119 13542 29422 E native  : E0000 00:00:1667209907.119551   29422 compactor.cc:77] Could not index embedding for docid 27: INTERNAL: Unable to find Thing Proto section 
10-31 10:51:47.155 13542 29422 I native  : I0000 00:00:1667209907.155459   29422 flash-index.cc:1535] Flash index sort hb 40 prefix-hits 68 -> 67 at 18.434ms
10-31 10:51:47.184 13542 29422 W native  : W0000 00:00:1667209907.183925   29422 words-map.cc:36] INVALID_ARGUMENT: Empty URI
10-31 10:51:47.184 13542 29422 W native  : W0000 00:00:1667209907.184088   29422 words-map.cc:40] WordsMap was not properly initialized
10-31 10:51:47.233 13542 29422 I Icing   : updateResources: need to parse anue{com.android.chrome}
10-31 10:51:47.323 13542 29422 I Icing   : Indexing com.android.chrome-omnibox from com.android.chrome
10-31 10:51:47.329  3960  3970 I zygote64: Background concurrent copying GC freed 194130(10MB) AllocSpace objects, 23(644KB) LOS objects, 50% free, 11MB/23MB, paused 568us total 110.369ms
10-31 10:51:47.336   772  1259 I ActivityManager: Start proc 4982:com.android.chrome/u0a60 for content provider com.android.chrome/com.google.android.apps.chrome.icing.IcingProvider
10-31 10:51:47.366  4980  4980 D AndroidRuntime: >>>>>> START com.android.internal.os.RuntimeInit uid 2000 <<<<<<
10-31 10:51:47.438  4982  4982 I cr_SplitCompatApp: Launched version=106.0.5249.79 minSdkVersion=24 isBundle=true processName=com.android.chrome isIsolated=false
10-31 10:51:47.484  4980  4980 D AndroidRuntime: Calling main entry com.android.commands.pm.Pm
10-31 10:51:47.491   772 20193 I ActivityManager: Force stopping com.android.chrome appid=10060 user=0: clear data
10-31 10:51:47.491   772 20193 I ActivityManager: Killing 4982:com.android.chrome/u0a60 (adj 200): stop com.android.chrome
10-31 10:51:47.510   772 20193 I ActivityManager: Start proc 5005:com.android.chrome/u0a60 for restart com.android.chrome
10-31 10:51:47.512   772  1259 W ActivityManager: Unable to launch app com.android.chrome/10060 for provider com.android.chrome.icing: launching app became null
10-31 10:51:47.513 13542 29422 E ActivityThread: Failed to find provider info for com.android.chrome.icing
10-31 10:51:47.513 13542 29422 W Icing   : Could not connect to content provider content://com.android.chrome.icing
10-31 10:51:47.517   772   788 I ActivityManager: Force stopping com.android.chrome appid=10060 user=-1: clearApplicationUserData
10-31 10:51:47.517   772   788 I ActivityManager: Killing 5005:com.android.chrome/u0a60 (adj 200): stop com.android.chrome
10-31 10:51:47.518   772   788 E ActivityManager: Failure starting process com.android.chrome
10-31 10:51:47.518   772   788 E ActivityManager: java.lang.SecurityException: Package com.android.chrome is currently frozen!
10-31 10:51:47.518   772   788 E ActivityManager: 	at com.android.server.pm.PackageManagerService.checkPackageStartable(PackageManagerService.java:3610)
10-31 10:51:47.518   772   788 E ActivityManager: 	at com.android.server.am.ActivityManagerService.startProcessLocked(ActivityManagerService.java:3791)
10-31 10:51:47.518   772   788 E ActivityManager: 	at com.android.server.am.ActivityManagerService.startProcessLocked(ActivityManagerService.java:3763)
10-31 10:51:47.518   772   788 E ActivityManager: 	at com.android.server.am.ActivityManagerService.cleanUpApplicationRecordLocked(ActivityManagerService.java:18049)
10-31 10:51:47.518   772   788 E ActivityManager: 	at com.android.server.am.ActivityManagerService.handleAppDiedLocked(ActivityManagerService.java:5241)
10-31 10:51:47.518   772   788 E ActivityManager: 	at com.android.server.am.ActivityManagerService.removeProcessLocked(ActivityManagerService.java:6645)
10-31 10:51:47.518   772   788 E ActivityManager: 	at com.android.server.am.ActivityManagerService.killPackageProcessesLocked(ActivityManagerService.java:6289)
10-31 10:51:47.518   772   788 E ActivityManager: 	at com.android.server.am.ActivityManagerService.forceStopPackageLocked(ActivityManagerService.java:6421)
10-31 10:51:47.518   772   788 E ActivityManager: 	at com.android.server.am.ActivityManagerService$MainHandler.handleMessage(ActivityManagerService.java:2079)
10-31 10:51:47.518   772   788 E ActivityManager: 	at android.os.Handler.dispatchMessage(Handler.java:105)
10-31 10:51:47.518   772   788 E ActivityManager: 	at android.os.Looper.loop(Looper.java:164)
10-31 10:51:47.518   772   788 E ActivityManager: 	at android.os.HandlerThread.run(HandlerThread.java:65)
10-31 10:51:47.518   772   788 E ActivityManager: 	at com.android.server.ServiceThread.run(ServiceThread.java:46)
10-31 10:51:47.518   772   788 I ActivityManager: Force stopping com.android.chrome appid=10060 user=0: start failure
10-31 10:51:47.519   772 10893 W ActivityManager: Unable to launch app com.android.chrome/10060 for provider com.android.chrome.icing: launching app became null
10-31 10:51:47.520 13542 29422 E ActivityThread: Failed to find provider info for com.android.chrome.icing
10-31 10:51:47.520 13542 29422 W Icing   : Could not connect to content provider content://com.android.chrome.icing
10-31 10:51:47.520 13542 29422 I Icing   : Indexing done com.android.chrome-omnibox
10-31 10:51:47.521   560   560 I keystore: clear_uid 10060
10-31 10:51:47.522   772   788 I ActivityManager: Exiting empty application process 0:com.android.chrome/u0a60 (null)
10-31 10:51:47.539  1311  1311 D CarrierSvcBindHelper: No carrier app for: 0
10-31 10:51:47.542  4980  4980 I app_process: System.exit called, status: 0
10-31 10:51:47.542  4980  4980 I AndroidRuntime: VM exiting with result code 0.
10-31 10:51:47.549   772   787 W ResourceType: No known package when getting value for resource number 0x7f0904db
10-31 10:51:47.549   772   787 W ResourceType: No known package when getting value for resource number 0x7f140670
10-31 10:51:47.549   772   787 W ResourceType: No known package when getting value for resource number 0x7f0904da
10-31 10:51:47.549   772   787 W ResourceType: No known package when getting value for resource number 0x7f14018b
10-31 10:51:47.549   772   787 W ResourceType: No known package when getting value for resource number 0x7f14066f
10-31 10:51:47.549   772   787 W ResourceType: No known package when getting value for resource number 0x7f140434
10-31 10:51:47.549   772   787 E ShortcutService: Ignoring excessive intent tag.
10-31 10:51:47.551  2964  2964 D RegisteredNfcFServicesCache: Service unchanged, not updating
10-31 10:51:47.576 13542 29422 I Icing   : doRemovePackageData com.android.chrome
10-31 10:51:47.576 13542 29422 I Icing   : Removing corpus key com.android.chrome-omnibox for package com.android.chrome
10-31 10:51:47.594  3960  4956 I Fitness : FitCleanupIntentOperation received Intent android.intent.action.PACKAGE_DATA_CLEARED [CONTEXT service_id=17 ]
10-31 10:51:47.651 13542 29422 I Icing   : updateResources: need to parse anue{com.android.chrome}
10-31 10:51:47.707 13542 29422 I Icing   : Indexing com.android.chrome-omnibox from com.android.chrome
10-31 10:51:47.720   772  3037 I ActivityManager: Start proc 5016:com.android.chrome/u0a60 for content provider com.android.chrome/com.google.android.apps.chrome.icing.IcingProvider
10-31 10:51:47.766  5016  5016 I cr_SplitCompatApp: Launched version=106.0.5249.79 minSdkVersion=24 isBundle=true processName=com.android.chrome isIsolated=false
10-31 10:51:47.997  3960  4151 I FontLog : Received query Google Sans, URI content://com.google.android.gms.fonts [CONTEXT service_id=132 ]
10-31 10:51:47.997  3960  4151 I FontLog : Query [Google Sans] resolved to {Google Sans, wdth 100.0, wght 400, ital 0.0, bestEffort false} [CONTEXT service_id=132 ]
10-31 10:51:47.999  3960  4151 I FontLog : Font PFD returned from cache for {Google Sans, wdth 100.0, wght 400, ital 0.0, bestEffort false} [CONTEXT service_id=132 ]
10-31 10:51:48.001  3960  4151 I FontLog : Fetch {Google Sans, wdth 100.0, wght 400, ital 0.0, bestEffort false} end status Status{statusCode=SUCCESS, resolution=null} [CONTEXT service_id=132 ]
10-31 10:51:48.129  3960  4244 I FontLog : Pulling font file for id = 1677, cache size = 7 [CONTEXT service_id=132 ]
10-31 10:51:48.164 13542 29422 I Icing   : Indexing done com.android.chrome-omnibox
10-31 10:51:48.242  5016  5035 I cr_LibraryLoader: Successfully loaded native library
10-31 10:51:48.252  5016  5035 I cr_CachingUmaRecorder: Flushed 20 samples from 19 histograms.
10-31 10:51:48.296  3960  6244 I FontLog : Received query Google Sans:500, URI content://com.google.android.gms.fonts [CONTEXT service_id=132 ]
10-31 10:51:48.296  3960  6244 I FontLog : Query [Google Sans:500] resolved to {Google Sans, wdth 100.0, wght 500, ital 0.0, bestEffort false} [CONTEXT service_id=132 ]
10-31 10:51:48.298  3960  6244 I FontLog : Font PFD returned from cache for {Google Sans, wdth 100.0, wght 500, ital 0.0, bestEffort false} [CONTEXT service_id=132 ]
10-31 10:51:48.299  3960  6244 I FontLog : Fetch {Google Sans, wdth 100.0, wght 500, ital 0.0, bestEffort false} end status Status{statusCode=SUCCESS, resolution=null} [CONTEXT service_id=132 ]
10-31 10:51:48.332  3960  3971 I FontLog : Pulling font file for id = 1678, cache size = 8 [CONTEXT service_id=132 ]
10-31 10:51:48.378  3960  3972 I FontLog : Received query Google Sans:700, URI content://com.google.android.gms.fonts [CONTEXT service_id=132 ]
10-31 10:51:48.379  3960  3972 I FontLog : Query [Google Sans:700] resolved to {Google Sans, wdth 100.0, wght 700, ital 0.0, bestEffort false} [CONTEXT service_id=132 ]
10-31 10:51:48.381  3960  3972 I FontLog : Fetch {Google Sans, wdth 100.0, wght 700, ital 0.0, bestEffort false} end status Status{statusCode=SUCCESS, resolution=null} [CONTEXT service_id=132 ]
10-31 10:51:48.393  3960  4151 I FontLog : Pulling font file for id = 1679, cache size = 9 [CONTEXT service_id=132 ]
10-31 10:51:50.558   772  2970 D WificondControl: Scan result ready event
