--------- beginning of system
10-30 14:33:47.279   772   791 E BatteryStatsService: no controller energy info supplied
10-30 14:33:59.976   772 10893 I ActivityManager: Force stopping com.android.chrome appid=10060 user=0: from pid 6716
10-30 14:33:59.977   772 10893 I ActivityManager: Killing 6611:com.android.chrome/u0a60 (adj 902): stop com.android.chrome
--------- beginning of main
10-30 14:33:59.987  1311  1311 D CarrierSvcBindHelper: No carrier app for: 0
10-30 14:33:59.999  2964  2964 D RegisteredNfcFServicesCache: Service unchanged, not updating
10-30 14:34:00.234   772 10893 I ActivityManager: START u0 {act=android.intent.action.VIEW flg=0x10008000 cmp=com.android.chrome/com.google.android.apps.chrome.Main} from uid 2000
10-30 14:34:00.241   772   830 E ResourceType: Style contains key with bad entry: 0x0101062c
10-30 14:34:00.247   772   830 E ResourceType: Style contains key with bad entry: 0x0101062c
10-30 14:34:00.266   772 13021 I ActivityManager: Start proc 6718:com.android.chrome/u0a60 for activity com.android.chrome/com.google.android.apps.chrome.Main
10-30 14:34:00.348  6718  6718 I cr_SplitCompatApp: Launched version=106.0.5249.79 minSdkVersion=24 isBundle=true processName=com.android.chrome isIsolated=false
10-30 14:34:00.405 31420 31431 I FontLog : Received query Google Sans, URI content://com.google.android.gms.fonts [CONTEXT service_id=132 ]
10-30 14:34:00.406 31420 31431 I FontLog : Query [Google Sans] resolved to {Google Sans, wdth 100.0, wght 400, ital 0.0, bestEffort false} [CONTEXT service_id=132 ]
10-30 14:34:00.410 31420 31431 I FontLog : Font PFD returned from cache for {Google Sans, wdth 100.0, wght 400, ital 0.0, bestEffort false} [CONTEXT service_id=132 ]
10-30 14:34:00.411 31420 31431 I FontLog : Fetch {Google Sans, wdth 100.0, wght 400, ital 0.0, bestEffort false} end status Status{statusCode=SUCCESS, resolution=null} [CONTEXT service_id=132 ]
10-30 14:34:00.417 31420 31432 I FontLog : Pulling font file for id = 1967, cache size = 8 [CONTEXT service_id=132 ]
10-30 14:34:00.439 31420  2270 I FontLog : Received query Google Sans:500, URI content://com.google.android.gms.fonts [CONTEXT service_id=132 ]
10-30 14:34:00.440 31420  2270 I FontLog : Query [Google Sans:500] resolved to {Google Sans, wdth 100.0, wght 500, ital 0.0, bestEffort false} [CONTEXT service_id=132 ]
10-30 14:34:00.441 31420  2270 I FontLog : Font PFD returned from cache for {Google Sans, wdth 100.0, wght 500, ital 0.0, bestEffort false} [CONTEXT service_id=132 ]
10-30 14:34:00.442 31420  2270 I FontLog : Fetch {Google Sans, wdth 100.0, wght 500, ital 0.0, bestEffort false} end status Status{statusCode=SUCCESS, resolution=null} [CONTEXT service_id=132 ]
10-30 14:34:00.451 31420 31432 I FontLog : Pulling font file for id = 1968, cache size = 9 [CONTEXT service_id=132 ]
10-30 14:34:00.461 31420 31431 I FontLog : Received query Google Sans:700, URI content://com.google.android.gms.fonts [CONTEXT service_id=132 ]
10-30 14:34:00.461 31420 31431 I FontLog : Query [Google Sans:700] resolved to {Google Sans, wdth 100.0, wght 700, ital 0.0, bestEffort false} [CONTEXT service_id=132 ]
10-30 14:34:00.463 31420 31431 I FontLog : Fetch {Google Sans, wdth 100.0, wght 700, ital 0.0, bestEffort false} end status Status{statusCode=SUCCESS, resolution=null} [CONTEXT service_id=132 ]
10-30 14:34:00.470 31420 25451 I FontLog : Pulling font file for id = 1969, cache size = 6 [CONTEXT service_id=132 ]
10-30 14:34:00.480  6718  6737 I cr_LibraryLoader: Successfully loaded native library
10-30 14:34:00.481  6718  6737 I cr_CachingUmaRecorder: Flushed 19 samples from 19 histograms.
10-30 14:34:00.538  6718  6718 E ResourceType: Style contains key with bad entry: 0x0101062c
10-30 14:34:00.548  6718  6740 W DynamiteModule: Local module descriptor class for com.google.android.gms.googlecertificates not found.
10-30 14:34:00.549   772   785 I ActivityManager: START u0 {cmp=com.android.chrome/org.chromium.chrome.browser.firstrun.FirstRunActivity (has extras)} from uid 10060
10-30 14:34:00.600  6718  6718 E ResourceType: Style contains key with bad entry: 0x0101062c
10-30 14:34:00.620  6718  6740 W zygote  : Skipping duplicate class check due to unrecognized classloader
10-30 14:34:00.623  6718  6740 I DynamiteModule: Considering local module com.google.android.gms.googlecertificates:0 and remote module com.google.android.gms.googlecertificates:7
10-30 14:34:00.623  6718  6740 I DynamiteModule: Selected remote version of com.google.android.gms.googlecertificates, version >= 7
10-30 14:34:00.675  6718  6740 W zygote  : Skipping duplicate class check due to unrecognized classloader
10-30 14:34:00.727   772 10894 W AppOps  : Bad call: specified package com.google.android.gms under uid 10060 but it is really 10020
10-30 14:34:00.727   772 10894 W AppOps  : java.lang.RuntimeException: here
10-30 14:34:00.727   772 10894 W AppOps  : 	at com.android.server.AppOpsService.getOpsRawLocked(AppOpsService.java:1319)
10-30 14:34:00.727   772 10894 W AppOps  : 	at com.android.server.AppOpsService.checkPackage(AppOpsService.java:1038)
10-30 14:34:00.727   772 10894 W AppOps  : 	at com.android.internal.app.IAppOpsService$Stub.onTransact(IAppOpsService.java:169)
10-30 14:34:00.727   772 10894 W AppOps  : 	at android.os.Binder.execTransact(Binder.java:674)
10-30 14:34:00.728   772  4539 W AppOps  : Bad call: specified package com.google.android.gms under uid 10060 but it is really 10020
10-30 14:34:00.728   772  4539 W AppOps  : java.lang.RuntimeException: here
10-30 14:34:00.728   772  4539 W AppOps  : 	at com.android.server.AppOpsService.getOpsRawLocked(AppOpsService.java:1319)
10-30 14:34:00.728   772  4539 W AppOps  : 	at com.android.server.AppOpsService.checkPackage(AppOpsService.java:1038)
10-30 14:34:00.728   772  4539 W AppOps  : 	at com.android.internal.app.IAppOpsService$Stub.onTransact(IAppOpsService.java:169)
10-30 14:34:00.728   772  4539 W AppOps  : 	at android.os.Binder.execTransact(Binder.java:674)
10-30 14:34:00.734   772  1327 W AppOps  : Bad call: specified package com.google.android.gms under uid 10060 but it is really 10020
10-30 14:34:00.734   772  1327 W AppOps  : java.lang.RuntimeException: here
10-30 14:34:00.734   772  1327 W AppOps  : 	at com.android.server.AppOpsService.getOpsRawLocked(AppOpsService.java:1319)
10-30 14:34:00.734   772  1327 W AppOps  : 	at com.android.server.AppOpsService.checkPackage(AppOpsService.java:1038)
10-30 14:34:00.734   772  1327 W AppOps  : 	at com.android.internal.app.IAppOpsService$Stub.onTransact(IAppOpsService.java:169)
10-30 14:34:00.734   772  1327 W AppOps  : 	at android.os.Binder.execTransact(Binder.java:674)
10-30 14:34:00.734  6718  6718 W ResourceType: Failure getting entry for 0x7f010055 (t=0 e=85) (error -75)
10-30 14:34:00.736   772 13071 W AppOps  : Bad call: specified package com.google.android.gms under uid 10060 but it is really 10020
10-30 14:34:00.736   772 13071 W AppOps  : java.lang.RuntimeException: here
10-30 14:34:00.736   772 13071 W AppOps  : 	at com.android.server.AppOpsService.getOpsRawLocked(AppOpsService.java:1319)
10-30 14:34:00.736   772 13071 W AppOps  : 	at com.android.server.AppOpsService.checkPackage(AppOpsService.java:1038)
10-30 14:34:00.736   772 13071 W AppOps  : 	at com.android.internal.app.IAppOpsService$Stub.onTransact(IAppOpsService.java:169)
10-30 14:34:00.736   772 13071 W AppOps  : 	at android.os.Binder.execTransact(Binder.java:674)
10-30 14:34:00.772  6718  6747 D OpenGLRenderer: HWUI GL Pipeline
10-30 14:34:00.800 31420 31461 E bfry    : Phenotype API error. Event # ddoj@924b8840, EventCode: 7 [CONTEXT service_id=51 ]
10-30 14:34:00.800 31420 31461 E bfry    : bfra: 29505: No config packages for log source, or config package not registered
10-30 14:34:00.800 31420 31461 E bfry    : 	at bfst.b(:com.google.android.gms@223616019@22.36.16 (040400-476895098):4)
10-30 14:34:00.800 31420 31461 E bfry    : 	at bfsq.g(:com.google.android.gms@223616019@22.36.16 (040400-476895098):0)
10-30 14:34:00.800 31420 31461 E bfry    : 	at bfry.e(:com.google.android.gms@223616019@22.36.16 (040400-476895098):4)
10-30 14:34:00.800 31420 31461 E bfry    : 	at bfry.f(:com.google.android.gms@223616019@22.36.16 (040400-476895098):2)
10-30 14:34:00.800 31420 31461 E bfry    : 	at arjg.ep(:com.google.android.gms@223616019@22.36.16 (040400-476895098):1)
10-30 14:34:00.800 31420 31461 E bfry    : 	at arjm.run(:com.google.android.gms@223616019@22.36.16 (040400-476895098):12)
10-30 14:34:00.800 31420 31461 E bfry    : 	at cjoq.run(:com.google.android.gms@223616019@22.36.16 (040400-476895098):2)
10-30 14:34:00.800 31420 31461 E bfry    : 	at aarl.c(:com.google.android.gms@223616019@22.36.16 (040400-476895098):6)
10-30 14:34:00.800 31420 31461 E bfry    : 	at aarl.run(:com.google.android.gms@223616019@22.36.16 (040400-476895098):7)
10-30 14:34:00.800 31420 31461 E bfry    : 	at java.util.concurrent.ThreadPoolExecutor.runWorker(ThreadPoolExecutor.java:1162)
10-30 14:34:00.800 31420 31461 E bfry    : 	at java.util.concurrent.ThreadPoolExecutor$Worker.run(ThreadPoolExecutor.java:636)
10-30 14:34:00.800 31420 31461 E bfry    : 	at aaws.run(:com.google.android.gms@223616019@22.36.16 (040400-476895098):0)
10-30 14:34:00.800 31420 31461 E bfry    : 	at java.lang.Thread.run(Thread.java:764)
10-30 14:34:00.800  6718  6747 I Adreno  : QUALCOMM build                   : 7142022, Ib5823dd10c
10-30 14:34:00.800  6718  6747 I Adreno  : Build Date                       : 06/23/17
10-30 14:34:00.800  6718  6747 I Adreno  : OpenGL ES Shader Compiler Version: EV031.18.00.00
10-30 14:34:00.800  6718  6747 I Adreno  : Local Branch                     : O11A
10-30 14:34:00.800  6718  6747 I Adreno  : Remote Branch                    : 
10-30 14:34:00.800  6718  6747 I Adreno  : Remote Branch                    : 
10-30 14:34:00.800  6718  6747 I Adreno  : Reconstruct Branch               : 
10-30 14:34:00.800  6718  6747 I vndksupport: sphal namespace is not configured for this process. Loading /vendor/lib/hw/gralloc.msm8992.so from the current namespace instead.
10-30 14:34:00.801 31420 31461 W AsyncOperation: operation=GetExperimentTokensOperationCall, opStatusCode=29505 [CONTEXT service_id=51 ]
10-30 14:34:00.801 31420 31461 W AsyncOperation: OperationException[Status{statusCode=No config packages for log source, or config package not registered, resolution=null}]
10-30 14:34:00.801 31420 31461 W AsyncOperation: 	at bfry.e(:com.google.android.gms@223616019@22.36.16 (040400-476895098):6)
10-30 14:34:00.801 31420 31461 W AsyncOperation: 	at bfry.f(:com.google.android.gms@223616019@22.36.16 (040400-476895098):2)
10-30 14:34:00.801 31420 31461 W AsyncOperation: 	at arjg.ep(:com.google.android.gms@223616019@22.36.16 (040400-476895098):1)
10-30 14:34:00.801 31420 31461 W AsyncOperation: 	at arjm.run(:com.google.android.gms@223616019@22.36.16 (040400-476895098):12)
10-30 14:34:00.801 31420 31461 W AsyncOperation: 	at cjoq.run(:com.google.android.gms@223616019@22.36.16 (040400-476895098):2)
10-30 14:34:00.801 31420 31461 W AsyncOperation: 	at aarl.c(:com.google.android.gms@223616019@22.36.16 (040400-476895098):6)
10-30 14:34:00.801 31420 31461 W AsyncOperation: 	at aarl.run(:com.google.android.gms@223616019@22.36.16 (040400-476895098):7)
10-30 14:34:00.801 31420 31461 W AsyncOperation: 	at java.util.concurrent.ThreadPoolExecutor.runWorker(ThreadPoolExecutor.java:1162)
10-30 14:34:00.801 31420 31461 W AsyncOperation: 	at java.util.concurrent.ThreadPoolExecutor$Worker.run(ThreadPoolExecutor.java:636)
10-30 14:34:00.801 31420 31461 W AsyncOperation: 	at aaws.run(:com.google.android.gms@223616019@22.36.16 (040400-476895098):0)
10-30 14:34:00.801 31420 31461 W AsyncOperation: 	at java.lang.Thread.run(Thread.java:764)
10-30 14:34:00.809  6718  6718 W RecyclerView: No adapter attached; skipping layout
10-30 14:34:00.813  6718  6747 I Adreno  : PFP: 0x00000000, ME: 0x00000000
10-30 14:34:00.818  6718  6747 I OpenGLRenderer: Initialized EGL, version 1.4
10-30 14:34:00.818  6718  6747 D OpenGLRenderer: Swap behavior 2
10-30 14:34:00.819  6718  6718 I cr_StartSurfaceConfig: Recorded Startup.Android.FirstDrawCompletedTime.NoInstant = 128 ms
10-30 14:34:00.849  6718  6733 D NetworkSecurityConfig: Using Network Security Config from resource 0_resource_name_obfuscated debugBuild: false
10-30 14:34:01.074   361   361 W /system/bin/hwservicemanager: getTransportFromManifest: Cannot find entry android.hardware.graphics.mapper@2.0::IMapper in either framework or device manifest, using default transport.
10-30 14:34:01.078  6718  6747 I vndksupport: sphal namespace is not configured for this process. Loading /vendor/lib/hw/gralloc.msm8992.so from the current namespace instead.
10-30 14:34:01.125   772   797 I ActivityManager: Displayed com.android.chrome/org.chromium.chrome.browser.firstrun.FirstRunActivity: +470ms (total +873ms)
10-30 14:34:01.142 32394  4184 I PBSessionCacheImpl: Deleted sessionId[4552156832552] from persistence.
10-30 14:34:01.143  3042  3042 I MemoryTrimmer: Trimming objects from memory, since app is in the background.
10-30 14:34:01.146  3042  6553 V rsC++   : RS Message thread exiting.
10-30 14:34:01.174 32394 32394 I MicroDetector: Keeping mic open: false
10-30 14:34:01.175 32394 32445 I MicroRecognitionRunner: Stopping hotword detection.
10-30 14:34:01.176 32394  3973 I DeviceStateChecker: DeviceStateChecker cancelled
10-30 14:34:01.176 32394  4184 I AudioController: internalShutdown
10-30 14:34:01.176 32394  4184 I MicrophoneInputStream: mic_close com.google.android.apps.gsa.speech.audio.af@bd0b8c8
10-30 14:34:01.232   556  6556 D audio_hw_primary: disable_audio_route: usecase(9) reset and update mixer path: audio-record
10-30 14:34:01.233   556  6556 D audio_hw_primary: disable_snd_device: snd_device(72: voice-rec-mic)
10-30 14:34:01.238   556  6556 D sound_trigger_platform: platform_stdev_check_and_update_concurrency: concurrency active 0, tx 0, rx 0, concurrency session_allowed 1
10-30 14:34:01.240   556   753 I SoundTriggerHwService::Module: onCallbackEvent no clients
10-30 14:34:01.243 32394  3970 I MicroRecognitionRunner: Detection finished
10-30 14:34:01.250  6718  6733 I cr_VariationsSeedFetch: Fetched first run seed in 414 ms
10-30 14:34:01.294  6755  6755 E /system/bin/webview_zygote32: failed to make and chown /acct/uid_99416: Permission denied
10-30 14:34:01.294  6755  6755 E Zygote  : createProcessGroup(99416, 0) failed: Permission denied
10-30 14:34:01.297   772 10895 I ActivityManager: Start proc 6755:com.android.chrome:sandboxed_process0/u0i416 for webview_service com.android.chrome/org.chromium.content.app.SandboxedProcessService0
10-30 14:34:01.313  6755  6755 I SamplingProfilerIntegration: Profiling disabled.
10-30 14:34:01.335  6772  6772 E asset   : setgid: Operation not permitted
10-30 14:34:01.363  6755  6755 I cr_SplitCompatApp: Launched version=106.0.5249.79 minSdkVersion=24 isBundle=true processName=com.android.chrome:sandboxed_process0 isIsolated=true
10-30 14:34:01.368  6755  6755 W SystemServiceRegistry: No service published for: uimode
10-30 14:34:01.374  6755  6755 I cr_ChildProcessService: Creating new ChildProcessService pid=6755
10-30 14:34:01.382  6755  6755 E WebViewFactory: can't load with relro file; address space not reserved
10-30 14:34:01.567   772  1327 I ActivityManager: Start proc 6789:com.android.chrome:privileged_process0/u0a60 for service com.android.chrome/org.chromium.content.app.PrivilegedProcessService0
10-30 14:34:01.633  6789  6789 I cr_SplitCompatApp: Launched version=106.0.5249.79 minSdkVersion=24 isBundle=true processName=com.android.chrome:privileged_process0 isIsolated=false
10-30 14:34:01.648  6789  6789 I cr_ChildProcessService: Creating new ChildProcessService pid=6789
10-30 14:34:01.650  6718  6718 I cr_SmsProviderGms: construction successfull y93@e6fedae, v93@2a7674f
10-30 14:34:01.653 26466 26466 D BoundBrokerSvc: onBind: Intent { act=com.google.android.gms.auth.key.retrieval.service.START dat=chimera-action:com.google.android.gms.auth.key.retrieval.service.START cmp=com.google.android.gms/.chimera.GmsApiService }
10-30 14:34:01.653 26466 26466 D BoundBrokerSvc: Loading bound service for intent: Intent { act=com.google.android.gms.auth.key.retrieval.service.START dat=chimera-action:com.google.android.gms.auth.key.retrieval.service.START cmp=com.google.android.gms/.chimera.GmsApiService }
10-30 14:34:01.713  6718  6718 W cr_KnoxSettingsProvider: Permission to read device policy denied.
10-30 14:34:01.714  6789  6804 I cr_LibraryLoader: Successfully loaded native library
10-30 14:34:01.715  6789  6804 I cr_CachingUmaRecorder: Flushed 3 samples from 3 histograms.
10-30 14:34:01.728  6789  6804 I Adreno  : QUALCOMM build                   : 7142022, Ib5823dd10c
10-30 14:34:01.728  6789  6804 I Adreno  : Build Date                       : 06/23/17
10-30 14:34:01.728  6789  6804 I Adreno  : OpenGL ES Shader Compiler Version: EV031.18.00.00
10-30 14:34:01.728  6789  6804 I Adreno  : Local Branch                     : O11A
10-30 14:34:01.728  6789  6804 I Adreno  : Remote Branch                    : 
10-30 14:34:01.728  6789  6804 I Adreno  : Remote Branch                    : 
10-30 14:34:01.728  6789  6804 I Adreno  : Reconstruct Branch               : 
10-30 14:34:01.728  6789  6804 I vndksupport: sphal namespace is not configured for this process. Loading /vendor/lib/hw/gralloc.msm8992.so from the current namespace instead.
10-30 14:34:01.733  6789  6804 I Adreno  : PFP: 0x00000000, ME: 0x00000000
10-30 14:34:02.721  6815  6815 E /system/bin/webview_zygote32: failed to make and chown /acct/uid_99417: Permission denied
10-30 14:34:02.721  6815  6815 E Zygote  : createProcessGroup(99417, 0) failed: Permission denied
10-30 14:34:02.724   772 13021 I ActivityManager: Start proc 6815:com.android.chrome:sandboxed_process1/u0i417 for webview_service com.android.chrome/org.chromium.content.app.SandboxedProcessService1
10-30 14:34:02.746  6815  6815 I SamplingProfilerIntegration: Profiling disabled.
10-30 14:34:02.769  6828  6828 E asset   : setgid: Operation not permitted
10-30 14:34:02.801  6815  6815 I cr_SplitCompatApp: Launched version=106.0.5249.79 minSdkVersion=24 isBundle=true processName=com.android.chrome:sandboxed_process1 isIsolated=true
10-30 14:34:02.811  6815  6815 W SystemServiceRegistry: No service published for: uimode
10-30 14:34:02.822  6815  6815 I cr_ChildProcessService: Creating new ChildProcessService pid=6815
10-30 14:34:02.831  6815  6815 E WebViewFactory: can't load with relro file; address space not reserved
10-30 14:34:02.844  6815  6829 I cr_LibraryLoader: Successfully loaded native library
10-30 14:34:02.846  6815  6829 I cr_CachingUmaRecorder: Flushed 3 samples from 3 histograms.
10-30 14:34:02.901  6815  6829 I chromium: [INFO:child_process_service.cc(69)] ChildProcessService: Exiting child process.
10-30 14:34:02.905   422   422 E lowmemorykiller: Error writing /proc/6815/oom_score_adj; errno=22
10-30 14:34:02.906   772  3041 I ActivityManager: Killing 6815:com.android.chrome:sandboxed_process1/u0a60i417 (adj 0): isolated not needed
10-30 14:34:02.907   772   790 W zygote64: failed to open /acct/uid_99417/pid_6815/cgroup.procs: No such file or directory
10-30 14:34:03.893  6718  6718 E cr_BTSPrefs: No data found for task id: 53
10-30 14:34:03.894  6718  6718 E cr_BkgrdTaskScheduler: Task cannot be canceled because no data was found instorage or data was invalid
10-30 14:34:06.213 32394  3970 I EventLogSendingHelper: Sending log events.
10-30 14:34:07.099  6855  6855 D AndroidRuntime: >>>>>> START com.android.internal.os.RuntimeInit uid 2000 <<<<<<
10-30 14:34:07.250  6855  6855 D AndroidRuntime: Calling main entry com.android.commands.input.Input
10-30 14:34:07.265  6855  6855 I Input   : injectMotionEvent: MotionEvent { action=ACTION_DOWN, actionButton=0, id[0]=0, x[0]=540.0, y[0]=1660.0, toolType[0]=TOOL_TYPE_UNKNOWN, buttonState=0, metaState=0, flags=0x0, edgeFlags=0x0, pointerCount=1, historySize=0, eventTime=455345519, downTime=455345519, deviceId=8, source=0x1002 }
10-30 14:34:07.272  6855  6855 I Input   : injectMotionEvent: MotionEvent { action=ACTION_UP, actionButton=0, id[0]=0, x[0]=540.0, y[0]=1660.0, toolType[0]=TOOL_TYPE_UNKNOWN, buttonState=0, metaState=0, flags=0x0, edgeFlags=0x0, pointerCount=1, historySize=0, eventTime=455345519, downTime=455345519, deviceId=8, source=0x1002 }
10-30 14:34:07.274  6855  6855 D AndroidRuntime: Shutting down VM
10-30 14:34:07.298   556  6498 D audio_hw_primary: enable_snd_device: snd_device(88: vi-feedback)
10-30 14:34:07.298   556  6498 D audio_hw_primary: enable_audio_route: usecase(23) apply and update mixer path: spkr-vi-record
10-30 14:34:07.324   556  6498 D audio_hw_primary: enable_audio_route: usecase(1) apply and update mixer path: low-latency-playback
10-30 14:34:07.827   556   731 D audio_hw_primary: disable_audio_route: usecase(1) reset and update mixer path: low-latency-playback
10-30 14:34:07.841   556   731 D audio_hw_primary: disable_snd_device: snd_device(88: vi-feedback)
10-30 14:34:07.841   556   731 D audio_hw_primary: disable_audio_route: usecase(23) reset and update mixer path: spkr-vi-record
10-30 14:34:08.708  6871  6871 D AndroidRuntime: >>>>>> START com.android.internal.os.RuntimeInit uid 2000 <<<<<<
10-30 14:34:08.829  6871  6871 D AndroidRuntime: Calling main entry com.android.commands.input.Input
10-30 14:34:08.834  6871  6871 I Input   : injectMotionEvent: MotionEvent { action=ACTION_DOWN, actionButton=0, id[0]=0, x[0]=180.0, y[0]=1690.0, toolType[0]=TOOL_TYPE_UNKNOWN, buttonState=0, metaState=0, flags=0x0, edgeFlags=0x0, pointerCount=1, historySize=0, eventTime=455347098, downTime=455347098, deviceId=8, source=0x1002 }
10-30 14:34:08.837  6871  6871 I Input   : injectMotionEvent: MotionEvent { action=ACTION_UP, actionButton=0, id[0]=0, x[0]=180.0, y[0]=1690.0, toolType[0]=TOOL_TYPE_UNKNOWN, buttonState=0, metaState=0, flags=0x0, edgeFlags=0x0, pointerCount=1, historySize=0, eventTime=455347098, downTime=455347098, deviceId=8, source=0x1002 }
10-30 14:34:08.842  6871  6871 D AndroidRuntime: Shutting down VM
10-30 14:34:08.859   556  6498 D audio_hw_primary: enable_snd_device: snd_device(88: vi-feedback)
10-30 14:34:08.859   556  6498 D audio_hw_primary: enable_audio_route: usecase(23) apply and update mixer path: spkr-vi-record
10-30 14:34:08.862   772   785 I ActivityManager: START u0 {act=android.intent.action.VIEW flg=0x10008000 cmp=com.android.chrome/com.google.android.apps.chrome.Main (has extras)} from uid 10060
10-30 14:34:08.870   772   830 E ResourceType: Style contains key with bad entry: 0x0101062c
10-30 14:34:08.870   772   830 E ResourceType: Style contains key with bad entry: 0x0101062c
10-30 14:34:08.888   556  6498 D audio_hw_primary: enable_audio_route: usecase(1) apply and update mixer path: low-latency-playback
10-30 14:34:08.898  6718  6718 E ResourceType: Style contains key with bad entry: 0x0101062c
10-30 14:34:08.901  6718  6718 E ResourceType: Style contains key with bad entry: 0x0101062c
10-30 14:34:08.945  6718  6718 W ResourceType: Failure getting entry for 0x7f010055 (t=0 e=85) (error -75)
10-30 14:34:08.949  6718  6718 I cr_CompositorSurfaceMgr: Transitioning to surface with format: -1
10-30 14:34:08.953  6718  6718 W ResourceType: Failure getting entry for 0x7f010530 (t=0 e=1328) (error -75)
10-30 14:34:08.991  6718  6782 W cr_tabmodel: Starting to perform legacy migration.
10-30 14:34:08.993  6718  6782 W cr_tabmodel: Finished performing legacy migration.
10-30 14:34:08.993  6718  6782 W cr_tabmodel: Starting to perform multi-instance migration.
10-30 14:34:08.993  6718  6782 W cr_tabmodel: Finished performing multi-instance migration.
10-30 14:34:08.993  6718  6782 I cr_tabmodel: Starting to fetch tab list for tab_state0
10-30 14:34:08.993  6718  6782 I cr_tabmodel: State file does not exist.
10-30 14:34:08.993  6718  6782 I cr_tabmodel: Starting to fetch tab list for tab_state1
10-30 14:34:08.994  6718  6782 I cr_tabmodel: State file does not exist.
10-30 14:34:09.027   772  2969 W ActivityManager: Duplicate finish request for ActivityRecord{d3d991f u0 com.android.chrome/org.chromium.chrome.browser.firstrun.FirstRunActivity t477 f}
10-30 14:34:09.030  6718  6782 W cr_PartnerCustomize: Partner homepage must be HTTP(S) or NewTabPage. Got invalid URL "org.chromium.url.GURL@0"
10-30 14:34:09.063  6718  6718 I cr_StartSurfaceConfig: Recorded Startup.Android.FirstDrawCompletedTime.NoInstant = 136 ms
10-30 14:34:09.066  6718  6747 D OpenGLRenderer: endAllActiveAnimators on 0xc61d9d80 (RippleDrawable) with handle 0xce1bdb70
10-30 14:34:09.070  6718  6718 I cr_CompositorSurfaceMgr: Transitioning to surface with format: -1
10-30 14:34:09.072  6718  6718 I cr_CompositorSurfaceMgr: surfaceCreated format: 0
10-30 14:34:09.080  6718  6718 I cr_ChromeTabbedActivity: #initializeState
10-30 14:34:09.080  6718  6718 I cr_CipherFactory: #restoreFromBundle, no savedInstanceState.
10-30 14:34:09.080  6718  6718 I cr_tabmodel: #loadState, ignoreIncognitoFiles? true
10-30 14:34:09.086  6718  6718 I cr_tabmodel: Loaded tab lists; counts: 0,0
10-30 14:34:09.086  6718  6718 I cr_ChromeTabbedActivity: #createInitialTab executed.
10-30 14:34:09.113  6718  6718 E ResourceType: Style contains key with bad entry: 0x0101062c
10-30 14:34:09.145  6718  6718 W ResourceType: Failure getting entry for 0x7f010565 (t=0 e=1381) (error -75)
10-30 14:34:09.151  6718  6718 W ResourceType: Failure getting entry for 0x7f010551 (t=0 e=1361) (error -75)
10-30 14:34:09.196  6718  6718 W ResourceType: Failure getting entry for 0x7f01059a (t=0 e=1434) (error -75)
10-30 14:34:09.216   772 20193 E BatteryStatsService: no controller energy info supplied
10-30 14:34:09.216   772 20193 E BatteryStatsService: no controller energy info supplied
10-30 14:34:09.230   772   785 W AppOps  : Bad call: specified package com.google.android.gms under uid 10060 but it is really 10020
10-30 14:34:09.230   772   785 W AppOps  : java.lang.RuntimeException: here
10-30 14:34:09.230   772   785 W AppOps  : 	at com.android.server.AppOpsService.getOpsRawLocked(AppOpsService.java:1319)
10-30 14:34:09.230   772   785 W AppOps  : 	at com.android.server.AppOpsService.checkPackage(AppOpsService.java:1038)
10-30 14:34:09.230   772   785 W AppOps  : 	at com.android.internal.app.IAppOpsService$Stub.onTransact(IAppOpsService.java:169)
10-30 14:34:09.230   772   785 W AppOps  : 	at android.os.Binder.execTransact(Binder.java:674)
10-30 14:34:09.231   772  1327 W AppOps  : Bad call: specified package com.google.android.gms under uid 10060 but it is really 10020
10-30 14:34:09.231   772  1327 W AppOps  : java.lang.RuntimeException: here
10-30 14:34:09.231   772  1327 W AppOps  : 	at com.android.server.AppOpsService.getOpsRawLocked(AppOpsService.java:1319)
10-30 14:34:09.231   772  1327 W AppOps  : 	at com.android.server.AppOpsService.checkPackage(AppOpsService.java:1038)
10-30 14:34:09.231   772  1327 W AppOps  : 	at com.android.internal.app.IAppOpsService$Stub.onTransact(IAppOpsService.java:169)
10-30 14:34:09.231   772  1327 W AppOps  : 	at android.os.Binder.execTransact(Binder.java:674)
10-30 14:34:09.236   772  3041 W AppOps  : Bad call: specified package com.google.android.gms under uid 10060 but it is really 10020
10-30 14:34:09.236   772  3041 W AppOps  : java.lang.RuntimeException: here
10-30 14:34:09.236   772  3041 W AppOps  : 	at com.android.server.AppOpsService.getOpsRawLocked(AppOpsService.java:1319)
10-30 14:34:09.236   772  3041 W AppOps  : 	at com.android.server.AppOpsService.checkPackage(AppOpsService.java:1038)
10-30 14:34:09.236   772  3041 W AppOps  : 	at com.android.internal.app.IAppOpsService$Stub.onTransact(IAppOpsService.java:169)
10-30 14:34:09.236   772  3041 W AppOps  : 	at android.os.Binder.execTransact(Binder.java:674)
10-30 14:34:09.237   772  1324 W AppOps  : Bad call: specified package com.google.android.gms under uid 10060 but it is really 10020
10-30 14:34:09.237   772  1324 W AppOps  : java.lang.RuntimeException: here
10-30 14:34:09.237   772  1324 W AppOps  : 	at com.android.server.AppOpsService.getOpsRawLocked(AppOpsService.java:1319)
10-30 14:34:09.237   772  1324 W AppOps  : 	at com.android.server.AppOpsService.checkPackage(AppOpsService.java:1038)
10-30 14:34:09.237   772  1324 W AppOps  : 	at com.android.internal.app.IAppOpsService$Stub.onTransact(IAppOpsService.java:169)
10-30 14:34:09.237   772  1324 W AppOps  : 	at android.os.Binder.execTransact(Binder.java:674)
10-30 14:34:09.260  6718  6718 E cr_IntentUtils: getBooleanExtra failed on intent null
10-30 14:34:09.260  6718  6718 E cr_IntentUtils: getBooleanExtra failed on intent null
10-30 14:34:09.260  6755  6773 I cr_LibraryLoader: Successfully loaded native library
10-30 14:34:09.261  6755  6773 I cr_CachingUmaRecorder: Flushed 3 samples from 3 histograms.
10-30 14:34:09.292  6718  6718 W ResourceType: Failure getting entry for 0x7f010888 (t=0 e=2184) (error -75)
10-30 14:34:09.297  6718  6718 I chatty  : uid=10060(u0_a60) identical 1 line
10-30 14:34:09.300  6718  6718 W ResourceType: Failure getting entry for 0x7f010888 (t=0 e=2184) (error -75)
10-30 14:34:09.300 31420 31501 I FontLog : Received query name=Google Sans&weight=700&besteffort=false, URI content://com.google.android.gms.fonts [CONTEXT service_id=132 ]
10-30 14:34:09.302  6718  6718 W ResourceType: Failure getting entry for 0x7f010888 (t=0 e=2184) (error -75)
10-30 14:34:09.303 31420 31501 I FontLog : Query [name=Google Sans&weight=700&besteffort=false] resolved to {Google Sans, wdth 100.0, wght 700, ital 0.0, bestEffort false} [CONTEXT service_id=132 ]
10-30 14:34:09.304  6718  6718 W ResourceType: Failure getting entry for 0x7f010888 (t=0 e=2184) (error -75)
10-30 14:34:09.305  6718  6718 I chatty  : uid=10060(u0_a60) identical 1 line
10-30 14:34:09.307  6718  6718 W ResourceType: Failure getting entry for 0x7f010888 (t=0 e=2184) (error -75)
10-30 14:34:09.307 31420 31501 I FontLog : Fetch {Google Sans, wdth 100.0, wght 700, ital 0.0, bestEffort false} end status Status{statusCode=SUCCESS, resolution=null} [CONTEXT service_id=132 ]
10-30 14:34:09.309  6718  6718 W ResourceType: Failure getting entry for 0x7f010888 (t=0 e=2184) (error -75)
10-30 14:34:09.310  6718  6718 I cr_TopSites: Start a new task.
10-30 14:34:09.311  6718  6786 I cr_TopSites: Serializing top sites lists finished; count: 8
10-30 14:34:09.323 31420 25451 I FontLog : Pulling font file for id = 1970, cache size = 7 [CONTEXT service_id=132 ]
10-30 14:34:09.328  6718  6786 I cr_TopSites: Finished saving top sites list to file:/data/user/0/com.android.chrome/app_top_sites/top_sites
10-30 14:34:09.337  6925  6925 E /system/bin/webview_zygote32: failed to make and chown /acct/uid_99418: Permission denied
10-30 14:34:09.337  6925  6925 E Zygote  : createProcessGroup(99418, 0) failed: Permission denied
10-30 14:34:09.340   772  3041 I ActivityManager: Start proc 6925:com.android.chrome:sandboxed_process2/u0i418 for webview_service com.android.chrome/org.chromium.content.app.SandboxedProcessService2
10-30 14:34:09.343   361   361 W /system/bin/hwservicemanager: getTransportFromManifest: Cannot find entry android.hardware.graphics.mapper@2.0::IMapper in either framework or device manifest, using default transport.
10-30 14:34:09.348  6789  6804 I vndksupport: sphal namespace is not configured for this process. Loading /vendor/lib/hw/gralloc.msm8992.so from the current namespace instead.
10-30 14:34:09.373  6939  6939 E /system/bin/webview_zygote32: failed to make and chown /acct/uid_99419: Permission denied
10-30 14:34:09.373  6939  6939 E Zygote  : createProcessGroup(99419, 0) failed: Permission denied
10-30 14:34:09.376  6925  6925 I SamplingProfilerIntegration: Profiling disabled.
10-30 14:34:09.376   772  4539 I ActivityManager: Start proc 6939:com.android.chrome:sandboxed_process3/u0i419 for webview_service com.android.chrome/org.chromium.content.app.SandboxedProcessService3
10-30 14:34:09.379 31420 31465 I FontLog : Received query name=Noto Color Emoji Compat&weight=400&besteffort=false, URI content://com.google.android.gms.fonts [CONTEXT service_id=132 ]
10-30 14:34:09.379 31420 31465 I FontLog : Query [name=Noto Color Emoji Compat&weight=400&besteffort=false] resolved to {Noto Color Emoji Compat, wdth 100.0, wght 400, ital 0.0, bestEffort false} [CONTEXT service_id=132 ]
10-30 14:34:09.381 31420 31465 I FontLog : Fetch {Noto Color Emoji Compat, wdth 100.0, wght 400, ital 0.0, bestEffort false} end status Status{statusCode=SUCCESS, resolution=null} [CONTEXT service_id=132 ]
10-30 14:34:09.393  6939  6939 I SamplingProfilerIntegration: Profiling disabled.
10-30 14:34:09.400   772   784 I ActivityManager: Start proc 6956:com.android.chrome:sandboxed_process4/u0i420 for webview_service com.android.chrome/org.chromium.content.app.SandboxedProcessService4
10-30 14:34:09.403  6956  6956 E /system/bin/webview_zygote32: failed to make and chown /acct/uid_99420: Permission denied
10-30 14:34:09.403  6956  6956 E Zygote  : createProcessGroup(99420, 0) failed: Permission denied
10-30 14:34:09.407   556   731 D audio_hw_primary: disable_audio_route: usecase(1) reset and update mixer path: low-latency-playback
10-30 14:34:09.409  6718  6718 I cr_tabmodel: Appending tabs being restored to metadata lists, 0, startingNormalCount: 1, startingIncognitoCount: 0
10-30 14:34:09.409  6718  6718 I cr_tabmodel: Serializing tab lists; counts: 1, 0
10-30 14:34:09.421   556   731 D audio_hw_primary: disable_snd_device: snd_device(88: vi-feedback)
10-30 14:34:09.421   556   731 D audio_hw_primary: disable_audio_route: usecase(23) reset and update mixer path: spkr-vi-record
10-30 14:34:09.428  6967  6967 E asset   : setgid: Operation not permitted
10-30 14:34:09.434  6956  6956 I SamplingProfilerIntegration: Profiling disabled.
10-30 14:34:09.438  6718  6718 W ResourceType: Failure getting entry for 0x7f010216 (t=0 e=534) (error -75)
10-30 14:34:09.442  6718  6718 W ResourceType: Failure getting entry for 0x7f0107c9 (t=0 e=1993) (error -75)
10-30 14:34:09.442   772 32228 I ActivityManager: Start proc 6970:com.android.chrome:sandboxed_process5/u0i421 for webview_service com.android.chrome/org.chromium.content.app.SandboxedProcessService5
10-30 14:34:09.443 31420 25451 I FontLog : Pulling font file for id = 1971, cache size = 8 [CONTEXT service_id=132 ]
10-30 14:34:09.444  6970  6970 E /system/bin/webview_zygote32: failed to make and chown /acct/uid_99421: Permission denied
10-30 14:34:09.444  6970  6970 E Zygote  : createProcessGroup(99421, 0) failed: Permission denied
10-30 14:34:09.445  6969  6969 E asset   : setgid: Operation not permitted
10-30 14:34:09.461  6982  6982 E /system/bin/webview_zygote32: failed to make and chown /acct/uid_99422: Permission denied
10-30 14:34:09.462  6982  6982 E Zygote  : createProcessGroup(99422, 0) failed: Permission denied
10-30 14:34:09.468   772  4540 I ActivityManager: Start proc 6982:com.android.chrome:sandboxed_process6/u0i422 for webview_service com.android.chrome/org.chromium.content.app.SandboxedProcessService6
10-30 14:34:09.470 31420 31501 I FontLog : Received query name=Google Sans&weight=400&besteffort=false, URI content://com.google.android.gms.fonts [CONTEXT service_id=132 ]
10-30 14:34:09.471  6970  6970 I SamplingProfilerIntegration: Profiling disabled.
10-30 14:34:09.471 31420 31501 I FontLog : Query [name=Google Sans&weight=400&besteffort=false] resolved to {Google Sans, wdth 100.0, wght 400, ital 0.0, bestEffort false} [CONTEXT service_id=132 ]
10-30 14:34:09.472  6718  6718 W ResourceType: Failure getting entry for 0x7f010827 (t=0 e=2087) (error -75)
10-30 14:34:09.473 31420 31501 I FontLog : Font PFD returned from cache for {Google Sans, wdth 100.0, wght 400, ital 0.0, bestEffort false} [CONTEXT service_id=132 ]
10-30 14:34:09.473 31420 31501 I FontLog : Fetch {Google Sans, wdth 100.0, wght 400, ital 0.0, bestEffort false} end status Status{statusCode=SUCCESS, resolution=null} [CONTEXT service_id=132 ]
10-30 14:34:09.476  6939  6939 I cr_SplitCompatApp: Launched version=106.0.5249.79 minSdkVersion=24 isBundle=true processName=com.android.chrome:sandboxed_process3 isIsolated=true
10-30 14:34:09.485  6718  6718 I cr_OfflineIndicator: onConnectionTypeChanged 2
10-30 14:34:09.485  6939  6939 W SystemServiceRegistry: No service published for: uimode
10-30 14:34:09.486  6718  6718 I cr_OfflineIndicator: Reported by system: [ Transports: WIFI Capabilities: NOT_METERED&INTERNET&NOT_RESTRICTED&TRUSTED&NOT_VPN&VALIDATED&FOREGROUND LinkUpBandwidth>=1048576Kbps LinkDnBandwidth>=1048576Kbps SignalStrength: -65]
10-30 14:34:09.486  6718  6718 I cr_OfflineIndicator: setConnectionState connectionState=4
10-30 14:34:09.487  6718  6718 I cr_OfflineDetector: Running updateState mConnectivityDetectorInitialized: true, mTimeWhenLastForegrounded: 1012903651, getElapsedTime: 1012903653, mTimeWhenLastOfflineNotificationReceived: 0, mTimeWhenLastOnline: 1012903653, mApplicationState: 1, mIsOfflineLastReportedByConnectivityDetector: false, mIsEffectivelyOffline: false
10-30 14:34:09.487  6718  6718 I cr_OfflineDetector: updateState(): timeSinceLastForeground: 2, timeSinceOfflineNotificationReceived: 1012903653, timeSinceLastOnline: 0, timeNeededForForeground: 1998, timeNeededForOffline: -1012901653
10-30 14:34:09.487  6718  6718 I cr_OfflineIndicator: processConnectivityCheckResult mConnectionState=4 mConnectivityCheckingStage=1
10-30 14:34:09.491  6925  6925 I cr_SplitCompatApp: Launched version=106.0.5249.79 minSdkVersion=24 isBundle=true processName=com.android.chrome:sandboxed_process2 isIsolated=true
10-30 14:34:09.495  6982  6982 I SamplingProfilerIntegration: Profiling disabled.
10-30 14:34:09.496  6925  6925 W SystemServiceRegistry: No service published for: uimode
10-30 14:34:09.497  1003  6989 I /system/bin/webview_zygote32: Background concurrent copying GC freed 2264(1440KB) AllocSpace objects, 0(0B) LOS objects, 98% free, 17KB/1553KB, paused 6.791ms total 28.649ms
10-30 14:34:09.502  6999  6999 E asset   : setgid: Operation not permitted
10-30 14:34:09.502  6998  6998 E asset   : setgid: Operation not permitted
10-30 14:34:09.503  6939  6939 I cr_ChildProcessService: Creating new ChildProcessService pid=6939
10-30 14:34:09.506  7001  7001 E /system/bin/webview_zygote32: failed to make and chown /acct/uid_99423: Permission denied
10-30 14:34:09.506  7001  7001 E Zygote  : createProcessGroup(99423, 0) failed: Permission denied
10-30 14:34:09.507  6925  6925 I cr_ChildProcessService: Creating new ChildProcessService pid=6925
10-30 14:34:09.514   772   996 I ActivityManager: Start proc 7001:com.android.chrome:sandboxed_process7/u0i423 for webview_service com.android.chrome/org.chromium.content.app.SandboxedProcessService7
10-30 14:34:09.516 31420 31432 I FontLog : Pulling font file for id = 1972, cache size = 9 [CONTEXT service_id=132 ]
10-30 14:34:09.520  6718  6718 W ResourceType: Failure getting entry for 0x7f010415 (t=0 e=1045) (error -75)
10-30 14:34:09.526  7001  7001 I SamplingProfilerIntegration: Profiling disabled.
10-30 14:34:09.537  7016  7016 E asset   : setgid: Operation not permitted
10-30 14:34:09.537  6970  6970 I cr_SplitCompatApp: Launched version=106.0.5249.79 minSdkVersion=24 isBundle=true processName=com.android.chrome:sandboxed_process5 isIsolated=true
10-30 14:34:09.541  6939  6939 E WebViewFactory: can't load with relro file; address space not reserved
10-30 14:34:09.548  6925  6925 E WebViewFactory: can't load with relro file; address space not reserved
10-30 14:34:09.553  7017  7017 E /system/bin/webview_zygote32: failed to make and chown /acct/uid_99424: Permission denied
10-30 14:34:09.554  7017  7017 E Zygote  : createProcessGroup(99424, 0) failed: Permission denied
10-30 14:34:09.554  6970  6970 W SystemServiceRegistry: No service published for: uimode
10-30 14:34:09.554   772   996 I ActivityManager: Start proc 7017:com.android.chrome:sandboxed_process8/u0i424 for webview_service com.android.chrome/org.chromium.content.app.SandboxedProcessService8
10-30 14:34:09.559 31420  2270 I FontLog : Received query name=Google Sans&weight=500&besteffort=false, URI content://com.google.android.gms.fonts [CONTEXT service_id=132 ]
10-30 14:34:09.560 31420  2270 I FontLog : Query [name=Google Sans&weight=500&besteffort=false] resolved to {Google Sans, wdth 100.0, wght 500, ital 0.0, bestEffort false} [CONTEXT service_id=132 ]
10-30 14:34:09.561 31420  2270 I FontLog : Font PFD returned from cache for {Google Sans, wdth 100.0, wght 500, ital 0.0, bestEffort false} [CONTEXT service_id=132 ]
10-30 14:34:09.561 31420  2270 I FontLog : Fetch {Google Sans, wdth 100.0, wght 500, ital 0.0, bestEffort false} end status Status{statusCode=SUCCESS, resolution=null} [CONTEXT service_id=132 ]
10-30 14:34:09.565  6970  6970 I cr_ChildProcessService: Creating new ChildProcessService pid=6970
10-30 14:34:09.566 31420 25451 I FontLog : Pulling font file for id = 1973, cache size = 10 [CONTEXT service_id=132 ]
10-30 14:34:09.574  7029  7029 E asset   : setgid: Operation not permitted
10-30 14:34:09.578  6956  6956 I cr_SplitCompatApp: Launched version=106.0.5249.79 minSdkVersion=24 isBundle=true processName=com.android.chrome:sandboxed_process4 isIsolated=true
10-30 14:34:09.582   772 10895 I ActivityManager: Start proc 7030:com.android.chrome:sandboxed_process9/u0i425 for webview_service com.android.chrome/org.chromium.content.app.SandboxedProcessService9
10-30 14:34:09.587  7017  7017 I SamplingProfilerIntegration: Profiling disabled.
10-30 14:34:09.588  6956  6956 W SystemServiceRegistry: No service published for: uimode
10-30 14:34:09.590  7030  7030 E /system/bin/webview_zygote32: failed to make and chown /acct/uid_99425: Permission denied
10-30 14:34:09.590  7030  7030 E Zygote  : createProcessGroup(99425, 0) failed: Permission denied
10-30 14:34:09.593  6970  6970 E WebViewFactory: can't load with relro file; address space not reserved
10-30 14:34:09.602   772  4540 I ActivityManager: Start proc 7039:com.android.chrome:sandboxed_process10/u0i426 for webview_service com.android.chrome/org.chromium.content.app.SandboxedProcessService10
10-30 14:34:09.611  7039  7039 E /system/bin/webview_zygote32: failed to make and chown /acct/uid_99426: Permission denied
10-30 14:34:09.611  7039  7039 E Zygote  : createProcessGroup(99426, 0) failed: Permission denied
10-30 14:34:09.616  6982  6982 I cr_SplitCompatApp: Launched version=106.0.5249.79 minSdkVersion=24 isBundle=true processName=com.android.chrome:sandboxed_process6 isIsolated=true
10-30 14:34:09.616  7001  7001 I cr_SplitCompatApp: Launched version=106.0.5249.79 minSdkVersion=24 isBundle=true processName=com.android.chrome:sandboxed_process7 isIsolated=true
10-30 14:34:09.624  6956  6956 I cr_ChildProcessService: Creating new ChildProcessService pid=6956
10-30 14:34:09.628  6939  7000 I cr_LibraryLoader: Successfully loaded native library
10-30 14:34:09.630  6970  7028 I cr_LibraryLoader: Successfully loaded native library
10-30 14:34:09.630  6970  7028 I cr_CachingUmaRecorder: Flushed 3 samples from 3 histograms.
10-30 14:34:09.631  7030  7030 I SamplingProfilerIntegration: Profiling disabled.
10-30 14:34:09.640  6956  6956 E WebViewFactory: can't load with relro file; address space not reserved
10-30 14:34:09.640  6925  7005 I cr_LibraryLoader: Successfully loaded native library
10-30 14:34:09.640  6939  7000 I cr_CachingUmaRecorder: Flushed 3 samples from 3 histograms.
10-30 14:34:09.641  6925  7005 I cr_CachingUmaRecorder: Flushed 3 samples from 3 histograms.
10-30 14:34:09.643  7039  7039 I SamplingProfilerIntegration: Profiling disabled.
10-30 14:34:09.644  7001  7001 W SystemServiceRegistry: No service published for: uimode
10-30 14:34:09.649  7061  7061 E asset   : setgid: Operation not permitted
10-30 14:34:09.666  6956  7053 I cr_LibraryLoader: Successfully loaded native library
10-30 14:34:09.667  6956  7053 I cr_CachingUmaRecorder: Flushed 3 samples from 3 histograms.
10-30 14:34:09.669  7001  7001 I cr_ChildProcessService: Creating new ChildProcessService pid=7001
10-30 14:34:09.673  7073  7073 E asset   : setgid: Operation not permitted
10-30 14:34:09.676  6982  6982 W SystemServiceRegistry: No service published for: uimode
10-30 14:34:09.679  6718  6718 W ResourceType: Failure getting entry for 0x7f0100f9 (t=0 e=249) (error -75)
10-30 14:34:09.692  7001  7001 E WebViewFactory: can't load with relro file; address space not reserved
10-30 14:34:09.697  6982  6982 I cr_ChildProcessService: Creating new ChildProcessService pid=6982
10-30 14:34:09.700  7092  7092 E asset   : setgid: Operation not permitted
10-30 14:34:09.703  7001  7072 I cr_LibraryLoader: Successfully loaded native library
10-30 14:34:09.704  7001  7072 I cr_CachingUmaRecorder: Flushed 3 samples from 3 histograms.
10-30 14:34:09.708  6982  6982 E WebViewFactory: can't load with relro file; address space not reserved
10-30 14:34:09.714  6718  6718 W ResourceType: Failure getting entry for 0x7f010828 (t=0 e=2088) (error -75)
10-30 14:34:09.720  7017  7017 I cr_SplitCompatApp: Launched version=106.0.5249.79 minSdkVersion=24 isBundle=true processName=com.android.chrome:sandboxed_process8 isIsolated=true
10-30 14:34:09.723  7039  7039 I cr_SplitCompatApp: Launched version=106.0.5249.79 minSdkVersion=24 isBundle=true processName=com.android.chrome:sandboxed_process10 isIsolated=true
10-30 14:34:09.731  6718  6779 I cr_VrCoreVersionChecker: Unable to find VrCore.
10-30 14:34:09.732  7017  7017 W SystemServiceRegistry: No service published for: uimode
10-30 14:34:09.733  6982  7089 I cr_LibraryLoader: Successfully loaded native library
10-30 14:34:09.733  6718  6718 W ResourceType: Failure getting entry for 0x7f010827 (t=0 e=2087) (error -75)
10-30 14:34:09.734  6982  7089 I cr_CachingUmaRecorder: Flushed 3 samples from 3 histograms.
10-30 14:34:09.737  7039  7039 W SystemServiceRegistry: No service published for: uimode
10-30 14:34:09.767  7017  7017 I cr_ChildProcessService: Creating new ChildProcessService pid=7017
10-30 14:34:09.774  7039  7039 I cr_ChildProcessService: Creating new ChildProcessService pid=7039
10-30 14:34:09.777  6970  7028 I chromium: [INFO:child_process_service.cc(69)] ChildProcessService: Exiting child process.
10-30 14:34:09.778  7017  7017 E WebViewFactory: can't load with relro file; address space not reserved
10-30 14:34:09.779  7030  7030 I cr_SplitCompatApp: Launched version=106.0.5249.79 minSdkVersion=24 isBundle=true processName=com.android.chrome:sandboxed_process9 isIsolated=true
10-30 14:34:09.779   422   422 E lowmemorykiller: Error writing /proc/6970/oom_score_adj; errno=22
10-30 14:34:09.780   772  2969 I ActivityManager: Killing 6970:com.android.chrome:sandboxed_process5/u0a60i421 (adj 0): isolated not needed
10-30 14:34:09.781  7039  7039 E WebViewFactory: can't load with relro file; address space not reserved
10-30 14:34:09.781   772   781 I zygote64: Background concurrent copying GC freed 23756(1762KB) AllocSpace objects, 19(412KB) LOS objects, 42% free, 16MB/28MB, paused 255us total 149.553ms
10-30 14:34:09.784   772   790 W zygote64: failed to open /acct/uid_99421/pid_6970/cgroup.procs: No such file or directory
10-30 14:34:09.785  6939  7000 I chromium: [INFO:child_process_service.cc(69)] ChildProcessService: Exiting child process.
10-30 14:34:09.790  7030  7030 W SystemServiceRegistry: No service published for: uimode
10-30 14:34:09.791  6925  7005 I chromium: [INFO:child_process_service.cc(69)] ChildProcessService: Exiting child process.
10-30 14:34:09.795   422   422 E lowmemorykiller: Error writing /proc/6939/oom_score_adj; errno=22
10-30 14:34:09.796   772 13022 I ActivityManager: Killing 6939:com.android.chrome:sandboxed_process3/u0a60i419 (adj 0): isolated not needed
10-30 14:34:09.796   772   790 W zygote64: failed to open /acct/uid_99419/pid_6939/cgroup.procs: No such file or directory
10-30 14:34:09.797  7039  7114 I cr_LibraryLoader: Successfully loaded native library
10-30 14:34:09.798  7039  7114 I cr_CachingUmaRecorder: Flushed 3 samples from 3 histograms.
10-30 14:34:09.798  7030  7030 I cr_ChildProcessService: Creating new ChildProcessService pid=7030
10-30 14:34:09.801   422   422 E lowmemorykiller: Error writing /proc/6925/oom_score_adj; errno=22
10-30 14:34:09.801   772  3037 I ActivityManager: Killing 6925:com.android.chrome:sandboxed_process2/u0a60i418 (adj 0): isolated not needed
10-30 14:34:09.803   772   790 W zygote64: failed to open /acct/uid_99418/pid_6925/cgroup.procs: No such file or directory
10-30 14:34:09.803  6956  7053 I chromium: [INFO:child_process_service.cc(69)] ChildProcessService: Exiting child process.
10-30 14:34:09.805   422   422 E lowmemorykiller: Error writing /proc/6956/oom_score_adj; errno=22
10-30 14:34:09.806   772 10894 I ActivityManager: Killing 6956:com.android.chrome:sandboxed_process4/u0a60i420 (adj 0): isolated not needed
10-30 14:34:09.808  7017  7112 I cr_LibraryLoader: Successfully loaded native library
10-30 14:34:09.808  7030  7030 E WebViewFactory: can't load with relro file; address space not reserved
10-30 14:34:09.811  7017  7112 I cr_CachingUmaRecorder: Flushed 3 samples from 3 histograms.
10-30 14:34:09.816  7001  7072 I chromium: [INFO:child_process_service.cc(69)] ChildProcessService: Exiting child process.
10-30 14:34:09.818  7030  7116 I cr_LibraryLoader: Successfully loaded native library
10-30 14:34:09.819  7030  7116 I cr_CachingUmaRecorder: Flushed 3 samples from 3 histograms.
10-30 14:34:09.821  6982  7089 I chromium: [INFO:child_process_service.cc(69)] ChildProcessService: Exiting child process.
10-30 14:34:09.822  6718  6718 I Choreographer: Skipped 45 frames!  The application may be doing too much work on its main thread.
10-30 14:34:09.823   422   422 E lowmemorykiller: Error writing /proc/7001/oom_score_adj; errno=22
10-30 14:34:09.824   772 13021 I ActivityManager: Killing 7001:com.android.chrome:sandboxed_process7/u0a60i423 (adj 0): isolated not needed
