10-30 14:34:09.824   772   790 W zygote64: failed to open /acct/uid_99420/pid_6956/cgroup.procs: No such file or directory
10-30 14:34:09.824   772   790 W zygote64: failed to open /acct/uid_99423/pid_7001/cgroup.procs: No such file or directory
10-30 14:34:09.825   422   422 E lowmemorykiller: Error writing /proc/6982/oom_score_adj; errno=22
10-30 14:34:09.825   772 13022 I ActivityManager: Killing 6982:com.android.chrome:sandboxed_process6/u0a60i422 (adj 0): isolated not needed
10-30 14:34:09.827   772   790 W zygote64: failed to open /acct/uid_99422/pid_6982/cgroup.procs: No such file or directory
10-30 14:34:09.883  6718  6728 I zygote  : Background concurrent copying GC freed 40916(2MB) AllocSpace objects, 1(20KB) LOS objects, 49% free, 5MB/10MB, paused 2.323ms total 281.688ms
10-30 14:34:09.920  6718  6718 W StaticLayout: maxLineHeight should not be -1.  maxLines:1 lineCount:1
10-30 14:34:09.978  6718  6718 W chromium: [WARNING:compositor_view.cc(342)] Child process died (type=6) pid=6970)
10-30 14:34:09.979  6718  6718 W chromium: [WARNING:compositor_view.cc(342)] Child process died (type=6) pid=6925)
10-30 14:34:09.980  6718  6718 W chromium: [WARNING:compositor_view.cc(342)] Child process died (type=6) pid=6939)
10-30 14:34:09.982  6718  6718 W chromium: [WARNING:compositor_view.cc(342)] Child process died (type=6) pid=7001)
10-30 14:34:09.982   772   797 I ActivityManager: Displayed com.android.chrome/com.google.android.apps.chrome.Main: +1s101ms
10-30 14:34:09.983  6718  6718 W chromium: [WARNING:compositor_view.cc(342)] Child process died (type=6) pid=6982)
10-30 14:34:09.984  6718  6718 W chromium: [WARNING:compositor_view.cc(342)] Child process died (type=6) pid=6956)
10-30 14:34:09.989  7030  7116 I chromium: [INFO:child_process_service.cc(69)] ChildProcessService: Exiting child process.
10-30 14:34:09.989  7039  7114 I chromium: [INFO:child_process_service.cc(69)] ChildProcessService: Exiting child process.
10-30 14:34:09.991  7017  7112 I chromium: [INFO:child_process_service.cc(69)] ChildProcessService: Exiting child process.
10-30 14:34:09.992   422   422 E lowmemorykiller: Error writing /proc/7039/oom_score_adj; errno=22
10-30 14:34:09.992   772   784 I ActivityManager: Killing 7039:com.android.chrome:sandboxed_process10/u0a60i426 (adj 0): isolated not needed
10-30 14:34:09.995   772   790 W zygote64: failed to open /acct/uid_99426/pid_7039/cgroup.procs: No such file or directory
10-30 14:34:10.011   772 13071 I ActivityManager: Start proc 7137:com.android.chrome:sandboxed_process11/u0i427 for webview_service com.android.chrome/org.chromium.content.app.SandboxedProcessService11
10-30 14:34:10.017  7137  7137 E /system/bin/webview_zygote32: failed to make and chown /acct/uid_99427: Permission denied
10-30 14:34:10.017  7137  7137 E Zygote  : createProcessGroup(99427, 0) failed: Permission denied
10-30 14:34:10.019   772  1259 I ActivityManager: Process com.android.chrome:sandboxed_process9 (pid 7030) has died: vis  TOP 
10-30 14:34:10.019   772  1259 W ActivityManager: Scheduling restart of crashed service com.android.chrome/org.chromium.content.app.SandboxedProcessService9 in 1000ms
10-30 14:34:10.019   772   790 W zygote64: failed to open /acct/uid_99425/pid_7030/cgroup.procs: No such file or directory
10-30 14:34:10.030   772  4540 I ActivityManager: Process com.android.chrome:sandboxed_process8 (pid 7017) has died: vis  TOP 
10-30 14:34:10.031   772  4540 W ActivityManager: Scheduling restart of crashed service com.android.chrome/org.chromium.content.app.SandboxedProcessService8 in 10989ms
10-30 14:34:10.031   772   790 W zygote64: failed to open /acct/uid_99424/pid_7017/cgroup.procs: No such file or directory
10-30 14:34:10.045  7137  7137 I SamplingProfilerIntegration: Profiling disabled.
10-30 14:34:10.048  6718  6718 W chromium: [WARNING:compositor_view.cc(342)] Child process died (type=6) pid=7039)
10-30 14:34:10.050  6718  6718 W chromium: [WARNING:compositor_view.cc(342)] Child process died (type=6) pid=7017)
10-30 14:34:10.050  6718  6718 W chromium: [WARNING:compositor_view.cc(342)] Child process died (type=6) pid=7030)
10-30 14:34:10.061   772 20193 I ActivityManager: Start proc 7152:com.android.chrome:sandboxed_process12/u0i428 for webview_service com.android.chrome/org.chromium.content.app.SandboxedProcessService12
10-30 14:34:10.064  7152  7152 E /system/bin/webview_zygote32: failed to make and chown /acct/uid_99428: Permission denied
10-30 14:34:10.064  7152  7152 E Zygote  : createProcessGroup(99428, 0) failed: Permission denied
10-30 14:34:10.081  7162  7162 E asset   : setgid: Operation not permitted
10-30 14:34:10.085   772  2969 I ActivityManager: Start proc 7166:com.android.chrome:sandboxed_process13/u0i429 for webview_service com.android.chrome/org.chromium.content.app.SandboxedProcessService13
10-30 14:34:10.085  7166  7166 E /system/bin/webview_zygote32: failed to make and chown /acct/uid_99429: Permission denied
10-30 14:34:10.085  7166  7166 E Zygote  : createProcessGroup(99429, 0) failed: Permission denied
10-30 14:34:10.100   772  3041 I ActivityManager: Start proc 7179:com.android.chrome:sandboxed_process14/u0i430 for webview_service com.android.chrome/org.chromium.content.app.SandboxedProcessService14
10-30 14:34:10.102  7179  7179 E /system/bin/webview_zygote32: failed to make and chown /acct/uid_99430: Permission denied
10-30 14:34:10.102  7179  7179 E Zygote  : createProcessGroup(99430, 0) failed: Permission denied
10-30 14:34:10.108  7152  7152 I SamplingProfilerIntegration: Profiling disabled.
10-30 14:34:10.110  7166  7166 I SamplingProfilerIntegration: Profiling disabled.
10-30 14:34:10.111  7179  7179 I SamplingProfilerIntegration: Profiling disabled.
10-30 14:34:10.123  7137  7137 I cr_SplitCompatApp: Launched version=106.0.5249.79 minSdkVersion=24 isBundle=true processName=com.android.chrome:sandboxed_process11 isIsolated=true
10-30 14:34:10.139  7137  7137 W SystemServiceRegistry: No service published for: uimode
10-30 14:34:10.153  7199  7199 E asset   : setgid: Operation not permitted
10-30 14:34:10.161  7137  7137 I cr_ChildProcessService: Creating new ChildProcessService pid=7137
10-30 14:34:10.165  7201  7201 E asset   : setgid: Operation not permitted
10-30 14:34:10.171  7202  7202 E asset   : setgid: Operation not permitted
10-30 14:34:10.173  7137  7137 E WebViewFactory: can't load with relro file; address space not reserved
10-30 14:34:10.193  6718  6784 W chromium: [WARNING:spdy_session.cc(3502)] Received HEADERS for invalid stream 3
10-30 14:34:10.198   772  2970 I ActivityManager: Start proc 7204:com.android.chrome:sandboxed_process15/u0i431 for webview_service com.android.chrome/org.chromium.content.app.SandboxedProcessService15
10-30 14:34:10.205  7137  7200 I cr_LibraryLoader: Successfully loaded native library
10-30 14:34:10.206  7137  7200 I cr_CachingUmaRecorder: Flushed 3 samples from 3 histograms.
10-30 14:34:10.211  7166  7166 I cr_SplitCompatApp: Launched version=106.0.5249.79 minSdkVersion=24 isBundle=true processName=com.android.chrome:sandboxed_process13 isIsolated=true
10-30 14:34:10.212  7179  7179 I cr_SplitCompatApp: Launched version=106.0.5249.79 minSdkVersion=24 isBundle=true processName=com.android.chrome:sandboxed_process14 isIsolated=true
10-30 14:34:10.214  7204  7204 E /system/bin/webview_zygote32: failed to make and chown /acct/uid_99431: Permission denied
10-30 14:34:10.214  7204  7204 E Zygote  : createProcessGroup(99431, 0) failed: Permission denied
10-30 14:34:10.217  7179  7179 W SystemServiceRegistry: No service published for: uimode
10-30 14:34:10.219  7166  7166 W SystemServiceRegistry: No service published for: uimode
10-30 14:34:10.229  7152  7152 I cr_SplitCompatApp: Launched version=106.0.5249.79 minSdkVersion=24 isBundle=true processName=com.android.chrome:sandboxed_process12 isIsolated=true
10-30 14:34:10.229  7166  7166 I cr_ChildProcessService: Creating new ChildProcessService pid=7166
10-30 14:34:10.231  7179  7179 I cr_ChildProcessService: Creating new ChildProcessService pid=7179
10-30 14:34:10.234  7152  7152 W SystemServiceRegistry: No service published for: uimode
10-30 14:34:10.239  7204  7204 I SamplingProfilerIntegration: Profiling disabled.
10-30 14:34:10.244  7226  7226 E /system/bin/webview_zygote32: failed to make and chown /acct/uid_99432: Permission denied
10-30 14:34:10.244  7226  7226 E Zygote  : createProcessGroup(99432, 0) failed: Permission denied
10-30 14:34:10.245   772   996 I ActivityManager: Start proc 7226:com.android.chrome:sandboxed_process16/u0i432 for webview_service com.android.chrome/org.chromium.content.app.SandboxedProcessService16
10-30 14:34:10.246  7152  7152 I cr_ChildProcessService: Creating new ChildProcessService pid=7152
10-30 14:34:10.252  7166  7166 E WebViewFactory: can't load with relro file; address space not reserved
10-30 14:34:10.257  7179  7179 E WebViewFactory: can't load with relro file; address space not reserved
10-30 14:34:10.265  7166  7217 I cr_LibraryLoader: Successfully loaded native library
10-30 14:34:10.266  7166  7217 I cr_CachingUmaRecorder: Flushed 3 samples from 3 histograms.
10-30 14:34:10.269  7137  7200 I chromium: [INFO:child_process_service.cc(69)] ChildProcessService: Exiting child process.
10-30 14:34:10.272  7241  7241 E asset   : setgid: Operation not permitted
10-30 14:34:10.277   772 13022 W AppOps  : Bad call: specified package com.google.android.gms under uid 10045 but it is really 10020
10-30 14:34:10.277   772 13022 W AppOps  : java.lang.RuntimeException: here
10-30 14:34:10.277   772 13022 W AppOps  : 	at com.android.server.AppOpsService.getOpsRawLocked(AppOpsService.java:1319)
10-30 14:34:10.277   772 13022 W AppOps  : 	at com.android.server.AppOpsService.checkPackage(AppOpsService.java:1038)
10-30 14:34:10.277   772 13022 W AppOps  : 	at com.android.internal.app.IAppOpsService$Stub.onTransact(IAppOpsService.java:169)
10-30 14:34:10.277   772 13022 W AppOps  : 	at android.os.Binder.execTransact(Binder.java:674)
10-30 14:34:10.277  7226  7226 I SamplingProfilerIntegration: Profiling disabled.
10-30 14:34:10.278   772  3037 W AppOps  : Bad call: specified package com.google.android.gms under uid 10045 but it is really 10020
10-30 14:34:10.278   772  3037 W AppOps  : java.lang.RuntimeException: here
10-30 14:34:10.278   772  3037 W AppOps  : 	at com.android.server.AppOpsService.getOpsRawLocked(AppOpsService.java:1319)
10-30 14:34:10.278   772  3037 W AppOps  : 	at com.android.server.AppOpsService.checkPackage(AppOpsService.java:1038)
10-30 14:34:10.278   772  3037 W AppOps  : 	at com.android.internal.app.IAppOpsService$Stub.onTransact(IAppOpsService.java:169)
10-30 14:34:10.278   772  3037 W AppOps  : 	at android.os.Binder.execTransact(Binder.java:674)
10-30 14:34:10.282   422   422 E lowmemorykiller: Error writing /proc/7137/oom_score_adj; errno=22
10-30 14:34:10.283   772 13021 I ActivityManager: Killing 7137:com.android.chrome:sandboxed_process11/u0a60i427 (adj 0): isolated not needed
10-30 14:34:10.284  7152  7152 E WebViewFactory: can't load with relro file; address space not reserved
10-30 14:34:10.284  7179  7218 I cr_LibraryLoader: Successfully loaded native library
10-30 14:34:10.285   772   790 W zygote64: failed to open /acct/uid_99427/pid_7137/cgroup.procs: No such file or directory
10-30 14:34:10.287  7179  7218 I cr_CachingUmaRecorder: Flushed 3 samples from 3 histograms.
10-30 14:34:10.297  7152  7231 I cr_LibraryLoader: Successfully loaded native library
10-30 14:34:10.298  7152  7231 I cr_CachingUmaRecorder: Flushed 3 samples from 3 histograms.
10-30 14:34:10.304  6718  6718 W chromium: [WARNING:compositor_view.cc(342)] Child process died (type=6) pid=7137)
10-30 14:34:10.304  7253  7253 E asset   : setgid: Operation not permitted
10-30 14:34:10.311  7166  7217 I chromium: [INFO:child_process_service.cc(69)] ChildProcessService: Exiting child process.
10-30 14:34:10.316   422   422 E lowmemorykiller: Error writing /proc/7166/oom_score_adj; errno=22
10-30 14:34:10.317   772   996 I ActivityManager: Killing 7166:com.android.chrome:sandboxed_process13/u0a60i429 (adj 0): isolated not needed
10-30 14:34:10.318   772   790 W zygote64: failed to open /acct/uid_99429/pid_7166/cgroup.procs: No such file or directory
10-30 14:34:10.323  6718  6786 W cr_CrashFileManager: /data/user/0/com.android.chrome/cache/Crash Reports does not exist or is not a directory
10-30 14:34:10.323  6718  6786 I chatty  : uid=10060(u0_a60) identical 1 line
10-30 14:34:10.324  6718  6786 W cr_CrashFileManager: /data/user/0/com.android.chrome/cache/Crash Reports does not exist or is not a directory
10-30 14:34:10.328  6718  6754 I cr_BindingManager: Moderate binding enabled: maxSize=40
10-30 14:34:10.328  7226  7226 I cr_SplitCompatApp: Launched version=106.0.5249.79 minSdkVersion=24 isBundle=true processName=com.android.chrome:sandboxed_process16 isIsolated=true
10-30 14:34:10.334  7226  7226 W SystemServiceRegistry: No service published for: uimode
10-30 14:34:10.343 32394 32394 E WorkerRegistryImpl: getWorker() is called after WorkerRegistry disposal.
10-30 14:34:10.344  7226  7226 I cr_ChildProcessService: Creating new ChildProcessService pid=7226
10-30 14:34:10.344 32394 32394 E WorkerRegistryImpl: getWorker() is called after WorkerRegistry disposal.
10-30 14:34:10.346  7179  7218 I chromium: [INFO:child_process_service.cc(69)] ChildProcessService: Exiting child process.
10-30 14:34:10.352   422   422 E lowmemorykiller: Error writing /proc/7179/oom_score_adj; errno=22
10-30 14:34:10.352  7226  7226 E WebViewFactory: can't load with relro file; address space not reserved
10-30 14:34:10.352   772  2969 I ActivityManager: Killing 7179:com.android.chrome:sandboxed_process14/u0a60i430 (adj 0): isolated not needed
10-30 14:34:10.354   772   790 W zygote64: failed to open /acct/uid_99430/pid_7179/cgroup.procs: No such file or directory
10-30 14:34:10.356  7204  7204 I cr_SplitCompatApp: Launched version=106.0.5249.79 minSdkVersion=24 isBundle=true processName=com.android.chrome:sandboxed_process15 isIsolated=true
10-30 14:34:10.359  7226  7263 I cr_LibraryLoader: Successfully loaded native library
10-30 14:34:10.360  7226  7263 I cr_CachingUmaRecorder: Flushed 3 samples from 3 histograms.
10-30 14:34:10.369  7204  7204 W SystemServiceRegistry: No service published for: uimode
10-30 14:34:10.374 32394 32394 I MemoryTrimmer: Trimming objects from memory, since app is in the background.
10-30 14:34:10.396  7152  7231 I chromium: [INFO:child_process_service.cc(69)] ChildProcessService: Exiting child process.
10-30 14:34:10.396  7226  7263 I chromium: [INFO:child_process_service.cc(69)] ChildProcessService: Exiting child process.
10-30 14:34:10.398  7204  7204 I cr_ChildProcessService: Creating new ChildProcessService pid=7204
10-30 14:34:10.414   422   422 E lowmemorykiller: Error writing /proc/7226/oom_score_adj; errno=22
10-30 14:34:10.414   772 20193 I ActivityManager: Killing 7226:com.android.chrome:sandboxed_process16/u0a60i432 (adj 0): isolated not needed
10-30 14:34:10.415   772   790 W zygote64: failed to open /acct/uid_99432/pid_7226/cgroup.procs: No such file or directory
10-30 14:34:10.416  6718  6718 W chromium: [WARNING:compositor_view.cc(342)] Child process died (type=6) pid=7179)
10-30 14:34:10.419   422   422 E lowmemorykiller: Error writing /proc/7152/oom_score_adj; errno=22
10-30 14:34:10.420   772   784 I ActivityManager: Killing 7152:com.android.chrome:sandboxed_process12/u0a60i428 (adj 0): isolated not needed
10-30 14:34:10.420   772   790 W zygote64: failed to open /acct/uid_99428/pid_7152/cgroup.procs: No such file or directory
10-30 14:34:10.421  7204  7204 E WebViewFactory: can't load with relro file; address space not reserved
10-30 14:34:10.435  7204  7280 I cr_LibraryLoader: Successfully loaded native library
10-30 14:34:10.437  7204  7280 I cr_CachingUmaRecorder: Flushed 3 samples from 3 histograms.
10-30 14:34:10.451  6718  6718 W chromium: [WARNING:compositor_view.cc(342)] Child process died (type=6) pid=7152)
10-30 14:34:10.453  6718  6718 W chromium: [WARNING:compositor_view.cc(342)] Child process died (type=6) pid=7166)
10-30 14:34:10.455  6718  6718 W chromium: [WARNING:compositor_view.cc(342)] Child process died (type=6) pid=7226)
10-30 14:34:10.487  7204  7280 I chromium: [INFO:child_process_service.cc(69)] ChildProcessService: Exiting child process.
10-30 14:34:10.489   422   422 E lowmemorykiller: Error writing /proc/7204/oom_score_adj; errno=22
10-30 14:34:10.490   772  2970 I ActivityManager: Killing 7204:com.android.chrome:sandboxed_process15/u0a60i431 (adj 0): isolated not needed
10-30 14:34:10.490   772   790 W zygote64: failed to open /acct/uid_99431/pid_7204/cgroup.procs: No such file or directory
10-30 14:34:10.514  6718  6718 W chromium: [WARNING:compositor_view.cc(342)] Child process died (type=6) pid=7204)
10-30 14:34:10.539   772  4539 I ActivityManager: START u0 {act=android.intent.action.VIEW dat=http://192.168.178.178:5500/... flg=0x10000000 cmp=com.android.chrome/com.google.android.apps.chrome.Main} from uid 2000
10-30 14:34:10.580  6718  6718 E cr_IntentUtils: getInt failed on bundle null
10-30 14:34:10.582  6718  6718 E ResourceType: Style contains key with bad entry: 0x0101062c
10-30 14:34:10.604  6718  6718 I cr_tabmodel: Appending tabs being restored to metadata lists, 0, startingNormalCount: 2, startingIncognitoCount: 0
10-30 14:34:10.604  6718  6718 I cr_tabmodel: Serializing tab lists; counts: 2, 0
10-30 14:34:10.608  7299  7299 E /system/bin/webview_zygote32: failed to make and chown /acct/uid_99433: Permission denied
10-30 14:34:10.608  7299  7299 E Zygote  : createProcessGroup(99433, 0) failed: Permission denied
10-30 14:34:10.616   772 20193 I ActivityManager: Start proc 7299:com.android.chrome:sandboxed_process17/u0i433 for webview_service com.android.chrome/org.chromium.content.app.SandboxedProcessService17
10-30 14:34:10.640  7299  7299 I SamplingProfilerIntegration: Profiling disabled.
10-30 14:34:10.651  6718  6718 I cr_OfflineDetector: Running updateState mConnectivityDetectorInitialized: true, mTimeWhenLastForegrounded: 1012904818, getElapsedTime: 1012904818, mTimeWhenLastOfflineNotificationReceived: 0, mTimeWhenLastOnline: 1012903653, mApplicationState: 1, mIsOfflineLastReportedByConnectivityDetector: false, mIsEffectivelyOffline: false
10-30 14:34:10.651  6718  6718 I cr_OfflineDetector: updateState(): timeSinceLastForeground: 0, timeSinceOfflineNotificationReceived: 1012904818, timeSinceLastOnline: 1165, timeNeededForForeground: 2000, timeNeededForOffline: -1012902818
10-30 14:34:10.655  7319  7319 E asset   : setgid: Operation not permitted
10-30 14:34:10.688  6718  6718 W ResourceType: Failure getting entry for 0x7f010216 (t=0 e=534) (error -75)
10-30 14:34:10.689  6718  6718 W ResourceType: Failure getting entry for 0x7f0107c9 (t=0 e=1993) (error -75)
10-30 14:34:10.693  7325  7325 E /system/bin/webview_zygote32: failed to make and chown /acct/uid_99434: Permission denied
10-30 14:34:10.693  7325  7325 E Zygote  : createProcessGroup(99434, 0) failed: Permission denied
10-30 14:34:10.694   772  3041 I ActivityManager: Start proc 7325:com.android.chrome:sandboxed_process18/u0i434 for webview_service com.android.chrome/org.chromium.content.app.SandboxedProcessService18
10-30 14:34:10.705  7299  7299 I cr_SplitCompatApp: Launched version=106.0.5249.79 minSdkVersion=24 isBundle=true processName=com.android.chrome:sandboxed_process17 isIsolated=true
10-30 14:34:10.711  7299  7299 W SystemServiceRegistry: No service published for: uimode
10-30 14:34:10.723   772 10895 I ActivityManager: Start proc 7337:com.android.chrome:sandboxed_process19/u0i435 for webview_service com.android.chrome/org.chromium.content.app.SandboxedProcessService19
10-30 14:34:10.733  7299  7299 I cr_ChildProcessService: Creating new ChildProcessService pid=7299
10-30 14:34:10.734  7337  7337 E /system/bin/webview_zygote32: failed to make and chown /acct/uid_99435: Permission denied
10-30 14:34:10.734  7337  7337 E Zygote  : createProcessGroup(99435, 0) failed: Permission denied
10-30 14:34:10.736  7325  7325 I SamplingProfilerIntegration: Profiling disabled.
10-30 14:34:10.757   772  4540 I ActivityManager: Start proc 7351:com.android.chrome:sandboxed_process20/u0i436 for webview_service com.android.chrome/org.chromium.content.app.SandboxedProcessService20
10-30 14:34:10.761  7337  7337 I SamplingProfilerIntegration: Profiling disabled.
10-30 14:34:10.768  7351  7351 E /system/bin/webview_zygote32: failed to make and chown /acct/uid_99436: Permission denied
10-30 14:34:10.768  7351  7351 E Zygote  : createProcessGroup(99436, 0) failed: Permission denied
10-30 14:34:10.778  7299  7299 E WebViewFactory: can't load with relro file; address space not reserved
10-30 14:34:10.784  7361  7361 E asset   : setgid: Operation not permitted
10-30 14:34:10.794  7370  7370 E asset   : setgid: Operation not permitted
10-30 14:34:10.795   772  3037 I ActivityManager: Start proc 7365:com.android.chrome:sandboxed_process21/u0i437 for webview_service com.android.chrome/org.chromium.content.app.SandboxedProcessService21
10-30 14:34:10.797  7351  7351 I SamplingProfilerIntegration: Profiling disabled.
10-30 14:34:10.803  7365  7365 E /system/bin/webview_zygote32: failed to make and chown /acct/uid_99437: Permission denied
10-30 14:34:10.803  7365  7365 E Zygote  : createProcessGroup(99437, 0) failed: Permission denied
10-30 14:34:10.817  7325  7325 I cr_SplitCompatApp: Launched version=106.0.5249.79 minSdkVersion=24 isBundle=true processName=com.android.chrome:sandboxed_process18 isIsolated=true
10-30 14:34:10.824  7325  7325 W SystemServiceRegistry: No service published for: uimode
10-30 14:34:10.826  7299  7342 I cr_LibraryLoader: Successfully loaded native library
10-30 14:34:10.827  7299  7342 I cr_CachingUmaRecorder: Flushed 3 samples from 3 histograms.
10-30 14:34:10.828  7365  7365 I SamplingProfilerIntegration: Profiling disabled.
10-30 14:34:10.842  7383  7383 E asset   : setgid: Operation not permitted
10-30 14:34:10.845  7325  7325 I cr_ChildProcessService: Creating new ChildProcessService pid=7325
10-30 14:34:10.864  7325  7325 E WebViewFactory: can't load with relro file; address space not reserved
10-30 14:34:10.877  7337  7337 I cr_SplitCompatApp: Launched version=106.0.5249.79 minSdkVersion=24 isBundle=true processName=com.android.chrome:sandboxed_process19 isIsolated=true
10-30 14:34:10.882  7325  7385 I cr_LibraryLoader: Successfully loaded native library
10-30 14:34:10.892  7337  7337 W SystemServiceRegistry: No service published for: uimode
10-30 14:34:10.892  7325  7385 I cr_CachingUmaRecorder: Flushed 3 samples from 3 histograms.
10-30 14:34:10.893  7393  7393 E asset   : setgid: Operation not permitted
10-30 14:34:10.913  7337  7337 I cr_ChildProcessService: Creating new ChildProcessService pid=7337
10-30 14:34:10.916  7351  7351 I cr_SplitCompatApp: Launched version=106.0.5249.79 minSdkVersion=24 isBundle=true processName=com.android.chrome:sandboxed_process20 isIsolated=true
10-30 14:34:10.924  7365  7365 I cr_SplitCompatApp: Launched version=106.0.5249.79 minSdkVersion=24 isBundle=true processName=com.android.chrome:sandboxed_process21 isIsolated=true
10-30 14:34:10.937  7337  7337 E WebViewFactory: can't load with relro file; address space not reserved
10-30 14:34:10.937  7351  7351 W SystemServiceRegistry: No service published for: uimode
10-30 14:34:10.942  7365  7365 W SystemServiceRegistry: No service published for: uimode
10-30 14:34:10.976  7337  7396 I cr_LibraryLoader: Successfully loaded native library
10-30 14:34:10.978  7337  7396 I cr_CachingUmaRecorder: Flushed 3 samples from 3 histograms.
10-30 14:34:10.978  7365  7365 I cr_ChildProcessService: Creating new ChildProcessService pid=7365
10-30 14:34:10.986  7325  7385 I chromium: [INFO:child_process_service.cc(69)] ChildProcessService: Exiting child process.
10-30 14:34:10.987   422   422 E lowmemorykiller: Error writing /proc/7325/oom_score_adj; errno=22
10-30 14:34:10.988   772 13022 I ActivityManager: Killing 7325:com.android.chrome:sandboxed_process18/u0a60i434 (adj 0): isolated not needed
10-30 14:34:10.992   772   790 W zygote64: failed to open /acct/uid_99434/pid_7325/cgroup.procs: No such file or directory
10-30 14:34:10.994  7351  7351 I cr_ChildProcessService: Creating new ChildProcessService pid=7351
10-30 14:34:10.999  7365  7365 E WebViewFactory: can't load with relro file; address space not reserved
10-30 14:34:11.008  7351  7351 E WebViewFactory: can't load with relro file; address space not reserved
10-30 14:34:11.009  7365  7405 I cr_LibraryLoader: Successfully loaded native library
10-30 14:34:11.009  7365  7405 I cr_CachingUmaRecorder: Flushed 3 samples from 3 histograms.
10-30 14:34:11.021  7337  7396 I chromium: [INFO:child_process_service.cc(69)] ChildProcessService: Exiting child process.
10-30 14:34:11.024  7351  7407 I cr_LibraryLoader: Successfully loaded native library
10-30 14:34:11.024   422   422 E lowmemorykiller: Error writing /proc/7337/oom_score_adj; errno=22
10-30 14:34:11.025   772  2969 I ActivityManager: Killing 7337:com.android.chrome:sandboxed_process19/u0a60i435 (adj 0): isolated not needed
10-30 14:34:11.025   772   790 W zygote64: failed to open /acct/uid_99435/pid_7337/cgroup.procs: No such file or directory
10-30 14:34:11.025  7351  7407 I cr_CachingUmaRecorder: Flushed 3 samples from 3 histograms.
10-30 14:34:11.029  6718  6718 W chromium: [WARNING:compositor_view.cc(342)] Child process died (type=6) pid=7325)
10-30 14:34:11.087  7365  7405 I chromium: [INFO:child_process_service.cc(69)] ChildProcessService: Exiting child process.
10-30 14:34:11.089   422   422 E lowmemorykiller: Error writing /proc/7365/oom_score_adj; errno=22
10-30 14:34:11.090   772 13021 I ActivityManager: Killing 7365:com.android.chrome:sandboxed_process21/u0a60i437 (adj 0): isolated not needed
10-30 14:34:11.090   772   790 W zygote64: failed to open /acct/uid_99437/pid_7365/cgroup.procs: No such file or directory
10-30 14:34:11.096  6718  6718 W chromium: [WARNING:compositor_view.cc(342)] Child process died (type=6) pid=7337)
10-30 14:34:11.100  7351  7407 I chromium: [INFO:child_process_service.cc(69)] ChildProcessService: Exiting child process.
10-30 14:34:11.104   422   422 E lowmemorykiller: Error writing /proc/7351/oom_score_adj; errno=22
10-30 14:34:11.104   772  4539 I ActivityManager: Killing 7351:com.android.chrome:sandboxed_process20/u0a60i436 (adj 0): isolated not needed
10-30 14:34:11.106   772   790 W zygote64: failed to open /acct/uid_99436/pid_7351/cgroup.procs: No such file or directory
10-30 14:34:11.111  6718  6718 W chromium: [WARNING:compositor_view.cc(342)] Child process died (type=6) pid=7365)
10-30 14:34:11.123  6718  6718 W chromium: [WARNING:compositor_view.cc(342)] Child process died (type=6) pid=7351)
10-30 14:34:11.412  6789  6800 I vndksupport: sphal namespace is not configured for this process. Loading libutils.so from the current namespace instead.
10-30 14:34:11.412  7299  7317 I vndksupport: sphal namespace is not configured for this process. Loading libutils.so from the current namespace instead.
10-30 14:34:11.413  6718  6730 I vndksupport: sphal namespace is not configured for this process. Loading libutils.so from the current namespace instead.
10-30 14:34:11.414  6755  6771 I vndksupport: sphal namespace is not configured for this process. Loading libutils.so from the current namespace instead.
10-30 14:34:11.419   556   687 E Parcel  : Reading a NULL string not supported here.
10-30 14:34:11.419   556   687 W Parcel  : **** enforceInterface() expected 'IAAudioService' but read ''
10-30 14:34:11.419   360   360 E SELinux : avc:  denied  { find } for service=android.service.gatekeeper.IGateKeeperService pid=7434 uid=2000 scontext=u:r:shell:s0 tcontext=u:object_r:gatekeeper_service:s0 tclass=service_manager
10-30 14:34:11.420  7434  7434 W atrace  : type=1400 audit(0.0:7857): avc: denied { call } for scontext=u:r:shell:s0 tcontext=u:r:wificond:s0 tclass=binder permissive=0
10-30 14:34:11.420   360   360 E SELinux : avc:  denied  { find } for service=netd pid=7434 uid=2000 scontext=u:r:shell:s0 tcontext=u:object_r:netd_service:s0 tclass=service_manager
10-30 14:34:11.425   360   360 E SELinux : avc:  denied  { find } for service=installd pid=7434 uid=2000 scontext=u:r:shell:s0 tcontext=u:object_r:installd_service:s0 tclass=service_manager
10-30 14:34:11.429   361   361 E SELinux : avc:  denied  { find } for interface=android.frameworks.displayservice::IDisplayService pid=7434 scontext=u:r:shell:s0 tcontext=u:object_r:fwk_display_hwservice:s0 tclass=hwservice_manager
10-30 14:34:11.429   361   361 E SELinux : avc:  denied  { find } for interface=android.frameworks.schedulerservice::ISchedulingPolicyService pid=7434 scontext=u:r:shell:s0 tcontext=u:object_r:fwk_scheduler_hwservice:s0 tclass=hwservice_manager
10-30 14:34:11.429   361   361 E SELinux : avc:  denied  { find } for interface=android.frameworks.sensorservice::ISensorManager pid=7434 scontext=u:r:shell:s0 tcontext=u:object_r:fwk_sensor_hwservice:s0 tclass=hwservice_manager
10-30 14:34:11.430   361   361 E SELinux : avc:  denied  { find } for interface=android.hardware.biometrics.fingerprint::IBiometricsFingerprint pid=7434 scontext=u:r:shell:s0 tcontext=u:object_r:hal_fingerprint_hwservice:s0 tclass=hwservice_manager
10-30 14:34:11.431   361   361 E SELinux : avc:  denied  { find } for interface=android.hardware.dumpstate::IDumpstateDevice pid=7434 scontext=u:r:shell:s0 tcontext=u:object_r:hal_dumpstate_hwservice:s0 tclass=hwservice_manager
10-30 14:34:11.432   361   361 E SELinux : avc:  denied  { find } for interface=android.hardware.radio.deprecated::IOemHook pid=7434 scontext=u:r:shell:s0 tcontext=u:object_r:hal_telephony_hwservice:s0 tclass=hwservice_manager
10-30 14:34:11.432   361   361 E SELinux : avc:  denied  { find } for interface=android.hardware.radio::IRadio pid=7434 scontext=u:r:shell:s0 tcontext=u:object_r:hal_telephony_hwservice:s0 tclass=hwservice_manager
10-30 14:34:11.432   361   361 E SELinux : avc:  denied  { find } for interface=android.hardware.radio::ISap pid=7434 scontext=u:r:shell:s0 tcontext=u:object_r:hal_telephony_hwservice:s0 tclass=hwservice_manager
10-30 14:34:11.433   361   361 E SELinux : avc:  denied  { find } for interface=android.hardware.usb::IUsb pid=7434 scontext=u:r:shell:s0 tcontext=u:object_r:hal_usb_hwservice:s0 tclass=hwservice_manager
10-30 14:34:11.433   361   361 E SELinux : avc:  denied  { find } for interface=android.hardware.wifi.supplicant::ISupplicant pid=7434 scontext=u:r:shell:s0 tcontext=u:object_r:hal_wifi_supplicant_hwservice:s0 tclass=hwservice_manager
10-30 14:34:11.433   361   361 E SELinux : avc:  denied  { find } for interface=android.hardware.wifi::IWifi pid=7434 scontext=u:r:shell:s0 tcontext=u:object_r:hal_wifi_hwservice:s0 tclass=hwservice_manager
10-30 14:34:11.434   361   361 E SELinux : avc:  denied  { find } for interface=android.hidl.base::IBase pid=7434 scontext=u:r:shell:s0 tcontext=u:object_r:hidl_base_hwservice:s0 tclass=hwservice_manager
10-30 14:34:11.434   361   361 I chatty  : uid=1000(system) hwservicemanage identical 1 line
10-30 14:34:11.435   361   361 E SELinux : avc:  denied  { find } for interface=android.hidl.base::IBase pid=7434 scontext=u:r:shell:s0 tcontext=u:object_r:hidl_base_hwservice:s0 tclass=hwservice_manager
10-30 14:34:11.436   361   361 E SELinux : avc:  denied  { find } for interface=android.system.wifi.keystore::IKeystore pid=7434 scontext=u:r:shell:s0 tcontext=u:object_r:system_wifi_keystore_hwservice:s0 tclass=hwservice_manager
10-30 14:34:12.314  6718  6718 W chromium: [WARNING:controller_impl.cc(1190)] Background download complete, client: 6, completion type: 0, file size:16643
10-30 14:34:12.348   772  1259 I ActivityManager: Start proc 7439:com.android.chrome:sandboxed_process22/u0i438 for webview_service com.android.chrome/org.chromium.content.app.SandboxedProcessService22
10-30 14:34:12.348  7439  7439 E /system/bin/webview_zygote32: failed to make and chown /acct/uid_99438: Permission denied
10-30 14:34:12.349  7439  7439 E Zygote  : createProcessGroup(99438, 0) failed: Permission denied
10-30 14:34:12.395  7439  7439 I SamplingProfilerIntegration: Profiling disabled.
10-30 14:34:12.411  6718  6718 W chromium: [WARNING:controller_impl.cc(1190)] Background download complete, client: 6, completion type: 0, file size:18160
10-30 14:34:12.416 26466 26466 D BoundBrokerSvc: onBind: Intent { act=com.google.android.gms.common.BIND_SHARED_PREFS pkg=com.google.android.gms }
10-30 14:34:12.416 26466 26466 D BoundBrokerSvc: Loading bound service for intent: Intent { act=com.google.android.gms.common.BIND_SHARED_PREFS pkg=com.google.android.gms }
10-30 14:34:12.425 26466 26466 D BoundBrokerSvc: onUnbind: Intent { act=com.google.android.gms.common.BIND_SHARED_PREFS pkg=com.google.android.gms }
10-30 14:34:12.443  7452  7452 E asset   : setgid: Operation not permitted
10-30 14:34:12.463   772   996 I ActivityManager: Start proc 7453:com.android.chrome:sandboxed_process23/u0i439 for webview_service com.android.chrome/org.chromium.content.app.SandboxedProcessService23
10-30 14:34:12.466  7453  7453 E /system/bin/webview_zygote32: failed to make and chown /acct/uid_99439: Permission denied
10-30 14:34:12.466  7453  7453 E Zygote  : createProcessGroup(99439, 0) failed: Permission denied
10-30 14:34:12.484  7439  7439 I cr_SplitCompatApp: Launched version=106.0.5249.79 minSdkVersion=24 isBundle=true processName=com.android.chrome:sandboxed_process22 isIsolated=true
10-30 14:34:12.496  7439  7439 W SystemServiceRegistry: No service published for: uimode
10-30 14:34:12.507  6718  6718 W chromium: [WARNING:controller_impl.cc(1190)] Background download complete, client: 6, completion type: 0, file size:15859
10-30 14:34:12.517  7439  7439 I cr_ChildProcessService: Creating new ChildProcessService pid=7439
10-30 14:34:12.527  7439  7439 E WebViewFactory: can't load with relro file; address space not reserved
10-30 14:34:12.540  7439  7465 I cr_LibraryLoader: Successfully loaded native library
10-30 14:34:12.545  7439  7465 I cr_CachingUmaRecorder: Flushed 3 samples from 3 histograms.
10-30 14:34:12.552  7453  7453 I SamplingProfilerIntegration: Profiling disabled.
10-30 14:34:12.557  7468  7468 E /system/bin/webview_zygote32: failed to make and chown /acct/uid_99440: Permission denied
10-30 14:34:12.557   772 13022 I ActivityManager: Start proc 7468:com.android.chrome:sandboxed_process24/u0i440 for webview_service com.android.chrome/org.chromium.content.app.SandboxedProcessService24
10-30 14:34:12.558  7468  7468 E Zygote  : createProcessGroup(99440, 0) failed: Permission denied
10-30 14:34:12.583  7484  7484 W ThreadPoolForeg: type=1400 audit(0.0:7858): avc: denied { setattr } for name="model-info.pb" dev="dm-2" ino=1504857 scontext=u:r:isolated_app:s0:c512,c768 tcontext=u:object_r:app_data_file:s0:c512,c768 tclass=file permissive=0
10-30 14:34:12.587  7484  7484 W ThreadPoolForeg: type=1400 audit(0.0:7859): avc: denied { setattr } for name="model.tflite" dev="dm-2" ino=1504859 scontext=u:r:isolated_app:s0:c512,c768 tcontext=u:object_r:app_data_file:s0:c512,c768 tclass=file permissive=0
10-30 14:34:12.589  7468  7468 I SamplingProfilerIntegration: Profiling disabled.
10-30 14:34:12.605  7488  7488 E asset   : setgid: Operation not permitted
10-30 14:34:12.611  7439  7465 I chromium: [INFO:child_process_service.cc(69)] ChildProcessService: Exiting child process.
10-30 14:34:12.618   422   422 E lowmemorykiller: Error writing /proc/7439/oom_score_adj; errno=22
10-30 14:34:12.619   772 10893 I ActivityManager: Killing 7439:com.android.chrome:sandboxed_process22/u0a60i438 (adj 0): isolated not needed
10-30 14:34:12.621   772   790 W zygote64: failed to open /acct/uid_99438/pid_7439/cgroup.procs: No such file or directory
10-30 14:34:12.621  7489  7489 E asset   : setgid: Operation not permitted
10-30 14:34:12.665   772   781 I zygote64: Background concurrent copying GC freed 103262(6MB) AllocSpace objects, 211(6MB) LOS objects, 42% free, 16MB/28MB, paused 3.915ms total 120.304ms
10-30 14:34:12.680  6718  6718 W chromium: [WARNING:compositor_view.cc(342)] Child process died (type=6) pid=7439)
10-30 14:34:12.684  7453  7453 I cr_SplitCompatApp: Launched version=106.0.5249.79 minSdkVersion=24 isBundle=true processName=com.android.chrome:sandboxed_process23 isIsolated=true
10-30 14:34:12.696  7453  7453 W SystemServiceRegistry: No service published for: uimode
10-30 14:34:12.699  7468  7468 I cr_SplitCompatApp: Launched version=106.0.5249.79 minSdkVersion=24 isBundle=true processName=com.android.chrome:sandboxed_process24 isIsolated=true
10-30 14:34:12.703  7468  7468 W SystemServiceRegistry: No service published for: uimode
10-30 14:34:12.707  7453  7453 I cr_ChildProcessService: Creating new ChildProcessService pid=7453
10-30 14:34:12.712  7468  7468 I cr_ChildProcessService: Creating new ChildProcessService pid=7468
10-30 14:34:12.713  7453  7453 E WebViewFactory: can't load with relro file; address space not reserved
10-30 14:34:12.727  7468  7468 E WebViewFactory: can't load with relro file; address space not reserved
10-30 14:34:12.731  7453  7491 I cr_LibraryLoader: Successfully loaded native library
10-30 14:34:12.732  7453  7491 I cr_CachingUmaRecorder: Flushed 3 samples from 3 histograms.
10-30 14:34:12.738  7468  7492 I cr_LibraryLoader: Successfully loaded native library
10-30 14:34:12.740  7468  7492 I cr_CachingUmaRecorder: Flushed 3 samples from 3 histograms.
10-30 14:34:12.760  7496  7496 W ThreadPoolForeg: type=1400 audit(0.0:7860): avc: denied { setattr } for name="model-info.pb" dev="dm-2" ino=1504873 scontext=u:r:isolated_app:s0:c512,c768 tcontext=u:object_r:app_data_file:s0:c512,c768 tclass=file permissive=0
10-30 14:34:12.763  7496  7496 W ThreadPoolForeg: type=1400 audit(0.0:7861): avc: denied { setattr } for name="model.tflite" dev="dm-2" ino=1504874 scontext=u:r:isolated_app:s0:c512,c768 tcontext=u:object_r:app_data_file:s0:c512,c768 tclass=file permissive=0
10-30 14:34:12.769  7453  7491 I chromium: [INFO:child_process_service.cc(69)] ChildProcessService: Exiting child process.
10-30 14:34:12.773   422   422 E lowmemorykiller: Error writing /proc/7453/oom_score_adj; errno=22
10-30 14:34:12.774   772   785 I ActivityManager: Killing 7453:com.android.chrome:sandboxed_process23/u0a60i439 (adj 0): isolated not needed
10-30 14:34:12.774   772   790 W zygote64: failed to open /acct/uid_99439/pid_7453/cgroup.procs: No such file or directory
10-30 14:34:12.777  7504  7504 W ThreadPoolForeg: type=1400 audit(0.0:7862): avc: denied { setattr } for name="model-info.pb" dev="dm-2" ino=1504873 scontext=u:r:isolated_app:s0:c512,c768 tcontext=u:object_r:app_data_file:s0:c512,c768 tclass=file permissive=0
10-30 14:34:12.779  6718  6718 W chromium: [WARNING:controller_impl.cc(1190)] Background download complete, client: 6, completion type: 0, file size:265060
10-30 14:34:12.780  7504  7504 W ThreadPoolForeg: type=1400 audit(0.0:7863): avc: denied { setattr } for name="model.tflite" dev="dm-2" ino=1504876 scontext=u:r:isolated_app:s0:c512,c768 tcontext=u:object_r:app_data_file:s0:c512,c768 tclass=file permissive=0
10-30 14:34:12.791  7468  7492 I chromium: [INFO:child_process_service.cc(69)] ChildProcessService: Exiting child process.
10-30 14:34:12.798   422   422 E lowmemorykiller: Error writing /proc/7468/oom_score_adj; errno=22
10-30 14:34:12.798   772  2969 I ActivityManager: Killing 7468:com.android.chrome:sandboxed_process24/u0a60i440 (adj 0): isolated not needed
10-30 14:34:12.803   772   790 W zygote64: failed to open /acct/uid_99440/pid_7468/cgroup.procs: No such file or directory
10-30 14:34:12.808  6718  6718 W chromium: [WARNING:compositor_view.cc(342)] Child process died (type=6) pid=7453)
10-30 14:34:12.815   772 13021 I ActivityManager: Start proc 7506:com.android.chrome:sandboxed_process25/u0i441 for webview_service com.android.chrome/org.chromium.content.app.SandboxedProcessService25
10-30 14:34:12.815  6718  6718 W chromium: [WARNING:compositor_view.cc(342)] Child process died (type=6) pid=7468)
10-30 14:34:12.820  7506  7506 E /system/bin/webview_zygote32: failed to make and chown /acct/uid_99441: Permission denied
10-30 14:34:12.820  7506  7506 E Zygote  : createProcessGroup(99441, 0) failed: Permission denied
10-30 14:34:12.844  6718  6718 W chromium: [WARNING:controller_impl.cc(1190)] Background download complete, client: 6, completion type: 0, file size:2759
10-30 14:34:12.844  7506  7506 I SamplingProfilerIntegration: Profiling disabled.
10-30 14:34:12.876  7521  7521 E asset   : setgid: Operation not permitted
10-30 14:34:12.876  7519  7519 E /system/bin/webview_zygote32: failed to make and chown /acct/uid_99442: Permission denied
10-30 14:34:12.876  7519  7519 E Zygote  : createProcessGroup(99442, 0) failed: Permission denied
10-30 14:34:12.884   772  4540 I ActivityManager: Start proc 7519:com.android.chrome:sandboxed_process26/u0i442 for webview_service com.android.chrome/org.chromium.content.app.SandboxedProcessService26
10-30 14:34:12.904  7519  7519 I SamplingProfilerIntegration: Profiling disabled.
10-30 14:34:12.915  7506  7506 I cr_SplitCompatApp: Launched version=106.0.5249.79 minSdkVersion=24 isBundle=true processName=com.android.chrome:sandboxed_process25 isIsolated=true
10-30 14:34:12.927  7506  7506 W SystemServiceRegistry: No service published for: uimode
10-30 14:34:12.935  7537  7537 E asset   : setgid: Operation not permitted
10-30 14:34:12.938  7506  7506 I cr_ChildProcessService: Creating new ChildProcessService pid=7506
10-30 14:34:12.947  7506  7506 E WebViewFactory: can't load with relro file; address space not reserved
10-30 14:34:12.948  6718  6718 W chromium: [WARNING:controller_impl.cc(1190)] Background download complete, client: 6, completion type: 0, file size:116031
10-30 14:34:12.970  7506  7538 I cr_LibraryLoader: Successfully loaded native library
10-30 14:34:12.972  7506  7538 I cr_CachingUmaRecorder: Flushed 3 samples from 3 histograms.
10-30 14:34:12.976  7519  7519 I cr_SplitCompatApp: Launched version=106.0.5249.79 minSdkVersion=24 isBundle=true processName=com.android.chrome:sandboxed_process26 isIsolated=true
10-30 14:34:12.981  7540  7540 E /system/bin/webview_zygote32: failed to make and chown /acct/uid_99443: Permission denied
10-30 14:34:12.981  7540  7540 E Zygote  : createProcessGroup(99443, 0) failed: Permission denied
10-30 14:34:12.982   772   996 I ActivityManager: Start proc 7540:com.android.chrome:sandboxed_process27/u0i443 for webview_service com.android.chrome/org.chromium.content.app.SandboxedProcessService27
10-30 14:34:12.986  7519  7519 W SystemServiceRegistry: No service published for: uimode
10-30 14:34:12.997  7550  7550 W ThreadPoolForeg: type=1400 audit(0.0:7864): avc: denied { setattr } for name="model-info.pb" dev="dm-2" ino=1504882 scontext=u:r:isolated_app:s0:c512,c768 tcontext=u:object_r:app_data_file:s0:c512,c768 tclass=file permissive=0
10-30 14:34:12.999  7519  7519 I cr_ChildProcessService: Creating new ChildProcessService pid=7519
10-30 14:34:13.008  7540  7540 I SamplingProfilerIntegration: Profiling disabled.
10-30 14:34:13.010  7550  7550 W ThreadPoolForeg: type=1400 audit(0.0:7865): avc: denied { setattr } for name="model.tflite" dev="dm-2" ino=1504883 scontext=u:r:isolated_app:s0:c512,c768 tcontext=u:object_r:app_data_file:s0:c512,c768 tclass=file permissive=0
10-30 14:34:13.012  7519  7519 E WebViewFactory: can't load with relro file; address space not reserved
10-30 14:34:13.017  7506  7538 I chromium: [INFO:child_process_service.cc(69)] ChildProcessService: Exiting child process.
10-30 14:34:13.028   422   422 E lowmemorykiller: Error writing /proc/7506/oom_score_adj; errno=22
10-30 14:34:13.029   772  3037 I ActivityManager: Killing 7506:com.android.chrome:sandboxed_process25/u0a60i441 (adj 0): isolated not needed
10-30 14:34:13.030   772   790 W zygote64: failed to open /acct/uid_99441/pid_7506/cgroup.procs: No such file or directory
10-30 14:34:13.032  7519  7559 I cr_LibraryLoader: Successfully loaded native library
10-30 14:34:13.033  7519  7559 I cr_CachingUmaRecorder: Flushed 3 samples from 3 histograms.
10-30 14:34:13.040  6718  6718 W chromium: [WARNING:compositor_view.cc(342)] Child process died (type=6) pid=7506)
10-30 14:34:13.043  7562  7562 E asset   : setgid: Operation not permitted
10-30 14:34:13.050  7565  7565 W ThreadPoolForeg: type=1400 audit(0.0:7866): avc: denied { setattr } for name="model-info.pb" dev="dm-2" ino=1504877 scontext=u:r:isolated_app:s0:c512,c768 tcontext=u:object_r:app_data_file:s0:c512,c768 tclass=file permissive=0
10-30 14:34:13.053  7565  7565 W ThreadPoolForeg: type=1400 audit(0.0:7867): avc: denied { setattr } for name="model.tflite" dev="dm-2" ino=1504882 scontext=u:r:isolated_app:s0:c512,c768 tcontext=u:object_r:app_data_file:s0:c512,c768 tclass=file permissive=0
10-30 14:34:13.061  7519  7559 I chromium: [INFO:child_process_service.cc(69)] ChildProcessService: Exiting child process.
10-30 14:34:13.064   422   422 E lowmemorykiller: Error writing /proc/7519/oom_score_adj; errno=22
10-30 14:34:13.065   772 10894 I ActivityManager: Killing 7519:com.android.chrome:sandboxed_process26/u0a60i442 (adj 0): isolated not needed
10-30 14:34:13.067   772   790 W zygote64: failed to open /acct/uid_99442/pid_7519/cgroup.procs: No such file or directory
10-30 14:34:13.073  7540  7540 I cr_SplitCompatApp: Launched version=106.0.5249.79 minSdkVersion=24 isBundle=true processName=com.android.chrome:sandboxed_process27 isIsolated=true
10-30 14:34:13.079  7540  7540 W SystemServiceRegistry: No service published for: uimode
10-30 14:34:13.085  7540  7540 I cr_ChildProcessService: Creating new ChildProcessService pid=7540
10-30 14:34:13.099  7540  7540 E WebViewFactory: can't load with relro file; address space not reserved
10-30 14:34:13.111  6718  6718 W chromium: [WARNING:compositor_view.cc(342)] Child process died (type=6) pid=7519)
10-30 14:34:13.115  7540  7571 I cr_LibraryLoader: Successfully loaded native library
10-30 14:34:13.116  7540  7571 I cr_CachingUmaRecorder: Flushed 3 samples from 3 histograms.
10-30 14:34:13.150  7575  7575 W ThreadPoolForeg: type=1400 audit(0.0:7868): avc: denied { setattr } for name="model-info.pb" dev="dm-2" ino=1504879 scontext=u:r:isolated_app:s0:c512,c768 tcontext=u:object_r:app_data_file:s0:c512,c768 tclass=file permissive=0
10-30 14:34:13.157  7575  7575 W ThreadPoolForeg: type=1400 audit(0.0:7869): avc: denied { setattr } for name="model.tflite" dev="dm-2" ino=1504887 scontext=u:r:isolated_app:s0:c512,c768 tcontext=u:object_r:app_data_file:s0:c512,c768 tclass=file permissive=0
10-30 14:34:13.165  7540  7571 I chromium: [INFO:child_process_service.cc(69)] ChildProcessService: Exiting child process.
10-30 14:34:13.167   422   422 E lowmemorykiller: Error writing /proc/7540/oom_score_adj; errno=22
10-30 14:34:13.168   772 32228 I ActivityManager: Killing 7540:com.android.chrome:sandboxed_process27/u0a60i443 (adj 0): isolated not needed
10-30 14:34:13.168   772   790 W zygote64: failed to open /acct/uid_99443/pid_7540/cgroup.procs: No such file or directory
10-30 14:34:13.181  6718  6718 W chromium: [WARNING:compositor_view.cc(342)] Child process died (type=6) pid=7540)
10-30 14:34:13.338  7299  7342 I tflite  : Initialized TensorFlow Lite runtime.
10-30 14:34:14.630  6718  6779 I cr_omaha: OmahaBase::generateAndPostRequest(): Sending request to Omaha:
10-30 14:34:14.630  6718  6779 I cr_omaha: <?xml version='1.0' encoding='UTF-8' standalone='yes' ?><request protocol="3.0" updater="Android" updaterversion="106.0.5249.79" updaterchannel="chrome" ismachine="1" requestid="{baaaaf78-d366-4700-8e37-59a9d48db032}" sessionid="{16a0f65b-839e-436e-9b2b-76de943fa591}" installsource="system_image" dedup="cr"><os platform="android" version="8.0.0" arch="arm" /><app brand="" client="ms-android-google" appid="{387E11AD-7109-45F6-83CF-CAA241ADC9DF}" version="106.0.5249.79" nextversion="" lang="en-US" installage="-1" ap="chrome;google;nexus 5x"><event eventtype="2" eventresult="1" /></app></request>
10-30 14:34:14.635 32394 32394 I MemoryTrimmer: Trimming objects from memory, since app is in the background.
10-30 14:34:14.761  6718  6779 I cr_omaha: OmahaBase::generateAndPostRequest(): Received response from Omaha:
10-30 14:34:14.761  6718  6779 I cr_omaha: <?xml version="1.0" encoding="UTF-8"?><response protocol="3.0" server="prod"><daystart elapsed_days="5781" elapsed_seconds="23653"/><app appid="{387E11AD-7109-45F6-83CF-CAA241ADC9DF}" status="ok"><event status="ok"/></app></response>
10-30 14:34:14.765  6718  6779 I cr_omaha: Request to Server Successful. Timestamp for next request:1667140454765
10-30 14:34:14.778  6718  6779 I cr_omaha: OmahaBase::generateAndPostRequest(): Sending request to Omaha:
10-30 14:34:14.778  6718  6779 I cr_omaha: <?xml version='1.0' encoding='UTF-8' standalone='yes' ?><request protocol="3.0" updater="Android" updaterversion="106.0.5249.79" updaterchannel="chrome" ismachine="1" requestid="{b47b4b2f-76c0-40cf-aa18-d76c1f4b360b}" sessionid="{16a0f65b-839e-436e-9b2b-76de943fa591}" installsource="system_image" dedup="cr"><os platform="android" version="8.0.0" arch="arm" /><app brand="" client="ms-android-google" appid="{387E11AD-7109-45F6-83CF-CAA241ADC9DF}" version="106.0.5249.79" nextversion="" lang="en-US" installage="0" ap="chrome;google;nexus 5x"><updatecheck /><ping active="1" ad="5781" rd="5781" /></app></request>
10-30 14:34:14.812  6718  6779 I cr_omaha: OmahaBase::generateAndPostRequest(): Received response from Omaha:
