10-31 10:50:41.320  3762  3762 W chromium: [WARNING:compositor_view.cc(342)] Child process died (type=6) pid=4637)
10-31 10:50:41.326  4666  4666 I cr_ChildProcessService: Creating new ChildProcessService pid=4666
10-31 10:50:41.327  4651  4688 I chromium: [INFO:child_process_service.cc(69)] ChildProcessService: Exiting child process.
10-31 10:50:41.329   422   422 E lowmemorykiller: Error writing /proc/4651/oom_score_adj; errno=22
10-31 10:50:41.329   772   996 I ActivityManager: Killing 4651:com.android.chrome:sandboxed_process27/u0a60i806 (adj 0): isolated not needed
10-31 10:50:41.329   772   790 W zygote64: failed to open /acct/uid_99806/pid_4651/cgroup.procs: No such file or directory
10-31 10:50:41.334  4666  4666 E WebViewFactory: can't load with relro file; address space not reserved
10-31 10:50:41.346  3762  3762 W chromium: [WARNING:compositor_view.cc(342)] Child process died (type=6) pid=4651)
10-31 10:50:41.357  4666  4697 I cr_LibraryLoader: Successfully loaded native library
10-31 10:50:41.359  4666  4697 I cr_CachingUmaRecorder: Flushed 3 samples from 3 histograms.
10-31 10:50:41.377  4701  4701 W ThreadPoolForeg: type=1400 audit(0.0:13240): avc: denied { setattr } for name="model-info.pb" dev="dm-2" ino=1504799 scontext=u:r:isolated_app:s0:c512,c768 tcontext=u:object_r:app_data_file:s0:c512,c768 tclass=file permissive=0
10-31 10:50:41.387  4701  4701 W ThreadPoolForeg: type=1400 audit(0.0:13241): avc: denied { setattr } for name="model.tflite" dev="dm-2" ino=1504805 scontext=u:r:isolated_app:s0:c512,c768 tcontext=u:object_r:app_data_file:s0:c512,c768 tclass=file permissive=0
10-31 10:50:41.391  4666  4697 I chromium: [INFO:child_process_service.cc(69)] ChildProcessService: Exiting child process.
10-31 10:50:41.394   422   422 E lowmemorykiller: Error writing /proc/4666/oom_score_adj; errno=22
10-31 10:50:41.395   772 10895 I ActivityManager: Killing 4666:com.android.chrome:sandboxed_process28/u0a60i807 (adj 0): isolated not needed
10-31 10:50:41.398   772   790 W zygote64: failed to open /acct/uid_99807/pid_4666/cgroup.procs: No such file or directory
10-31 10:50:41.413  3762  3762 W chromium: [WARNING:compositor_view.cc(342)] Child process died (type=6) pid=4666)
10-31 10:50:42.222  3762  3762 W chromium: [WARNING:controller_impl.cc(1190)] Background download complete, client: 6, completion type: 0, file size:9419
10-31 10:50:42.244  4706  4706 E /system/bin/webview_zygote32: failed to make and chown /acct/uid_99808: Permission denied
10-31 10:50:42.244  4706  4706 E Zygote  : createProcessGroup(99808, 0) failed: Permission denied
10-31 10:50:42.248   772  2970 I ActivityManager: Start proc 4706:com.android.chrome:sandboxed_process29/u0i808 for webview_service com.android.chrome/org.chromium.content.app.SandboxedProcessService29
10-31 10:50:42.269  4706  4706 I SamplingProfilerIntegration: Profiling disabled.
10-31 10:50:42.288  4719  4719 E asset   : setgid: Operation not permitted
10-31 10:50:42.318  4706  4706 I cr_SplitCompatApp: Launched version=106.0.5249.79 minSdkVersion=24 isBundle=true processName=com.android.chrome:sandboxed_process29 isIsolated=true
10-31 10:50:42.325  4706  4706 W SystemServiceRegistry: No service published for: uimode
10-31 10:50:42.335  4706  4706 I cr_ChildProcessService: Creating new ChildProcessService pid=4706
10-31 10:50:42.342  4706  4706 E WebViewFactory: can't load with relro file; address space not reserved
10-31 10:50:42.357  4706  4721 I cr_LibraryLoader: Successfully loaded native library
10-31 10:50:42.358  4706  4721 I cr_CachingUmaRecorder: Flushed 3 samples from 3 histograms.
10-31 10:50:42.380  4724  4724 W ThreadPoolForeg: type=1400 audit(0.0:13242): avc: denied { setattr } for name="model-info.pb" dev="dm-2" ino=1504810 scontext=u:r:isolated_app:s0:c512,c768 tcontext=u:object_r:app_data_file:s0:c512,c768 tclass=file permissive=0
10-31 10:50:42.384  4724  4724 W ThreadPoolForeg: type=1400 audit(0.0:13243): avc: denied { setattr } for name="model.tflite" dev="dm-2" ino=1504812 scontext=u:r:isolated_app:s0:c512,c768 tcontext=u:object_r:app_data_file:s0:c512,c768 tclass=file permissive=0
10-31 10:50:42.392  4706  4721 I chromium: [INFO:child_process_service.cc(69)] ChildProcessService: Exiting child process.
10-31 10:50:42.393   422   422 E lowmemorykiller: Error writing /proc/4706/oom_score_adj; errno=22
10-31 10:50:42.394   772 10893 I ActivityManager: Killing 4706:com.android.chrome:sandboxed_process29/u0a60i808 (adj 0): isolated not needed
10-31 10:50:42.394   772   790 W zygote64: failed to open /acct/uid_99808/pid_4706/cgroup.procs: No such file or directory
10-31 10:50:42.409  3762  3762 W chromium: [WARNING:compositor_view.cc(342)] Child process died (type=6) pid=4706)
10-31 10:50:43.076  3762  3762 W chromium: [WARNING:controller_impl.cc(1190)] Background download complete, client: 6, completion type: 0, file size:4951
10-31 10:50:43.108  4729  4729 E /system/bin/webview_zygote32: failed to make and chown /acct/uid_99809: Permission denied
10-31 10:50:43.108  4729  4729 E Zygote  : createProcessGroup(99809, 0) failed: Permission denied
10-31 10:50:43.112   772   996 I ActivityManager: Start proc 4729:com.android.chrome:sandboxed_process30/u0i809 for webview_service com.android.chrome/org.chromium.content.app.SandboxedProcessService30
10-31 10:50:43.123 13542 13542 D BoundBrokerSvc: onBind: Intent { act=com.google.android.gms.common.BIND_SHARED_PREFS pkg=com.google.android.gms }
10-31 10:50:43.123 13542 13542 D BoundBrokerSvc: Loading bound service for intent: Intent { act=com.google.android.gms.common.BIND_SHARED_PREFS pkg=com.google.android.gms }
10-31 10:50:43.129 13542 13542 D BoundBrokerSvc: onUnbind: Intent { act=com.google.android.gms.common.BIND_SHARED_PREFS pkg=com.google.android.gms }
10-31 10:50:43.129 13542 13674 I Icing   : IndexChimeraService.getServiceInterface callingPackage=com.google.android.gms componentName=null serviceId=30
10-31 10:50:43.149  4729  4729 I SamplingProfilerIntegration: Profiling disabled.
10-31 10:50:43.166 13542 29422 I GmsCoreXrpcWrapper: Returning a channel provider with trafficStatsTag=12803 trafficStatsUid=-1
10-31 10:50:43.183  4742  4742 E asset   : setgid: Operation not permitted
10-31 10:50:43.237  3762  3845 I cr_omaha: OmahaBase::generateAndPostRequest(): Sending request to Omaha:
10-31 10:50:43.237  3762  3845 I cr_omaha: <?xml version='1.0' encoding='UTF-8' standalone='yes' ?><request protocol="3.0" updater="Android" updaterversion="106.0.5249.79" updaterchannel="chrome" ismachine="1" requestid="{72938d0c-427e-4302-8af3-7b9c23d47d16}" sessionid="{e3d025d4-346a-4753-93ae-bd00c0a4ae47}" installsource="system_image" dedup="cr"><os platform="android" version="8.0.0" arch="arm" /><app brand="" client="ms-android-google" appid="{387E11AD-7109-45F6-83CF-CAA241ADC9DF}" version="106.0.5249.79" nextversion="" lang="en-US" installage="-1" ap="chrome;google;nexus 5x"><event eventtype="2" eventresult="1" /></app></request>
10-31 10:50:43.248  4729  4729 I cr_SplitCompatApp: Launched version=106.0.5249.79 minSdkVersion=24 isBundle=true processName=com.android.chrome:sandboxed_process30 isIsolated=true
10-31 10:50:43.267  4729  4729 W SystemServiceRegistry: No service published for: uimode
10-31 10:50:43.280  4729  4729 I cr_ChildProcessService: Creating new ChildProcessService pid=4729
10-31 10:50:43.288  4729  4729 E WebViewFactory: can't load with relro file; address space not reserved
10-31 10:50:43.307  4729  4744 I cr_LibraryLoader: Successfully loaded native library
10-31 10:50:43.309  4729  4744 I cr_CachingUmaRecorder: Flushed 3 samples from 3 histograms.
10-31 10:50:43.324  4748  4748 W ThreadPoolForeg: type=1400 audit(0.0:13244): avc: denied { setattr } for name="model-info.pb" dev="dm-2" ino=1504857 scontext=u:r:isolated_app:s0:c512,c768 tcontext=u:object_r:app_data_file:s0:c512,c768 tclass=file permissive=0
10-31 10:50:43.324  4748  4748 W ThreadPoolForeg: type=1400 audit(0.0:13245): avc: denied { setattr } for name="model.tflite" dev="dm-2" ino=1504859 scontext=u:r:isolated_app:s0:c512,c768 tcontext=u:object_r:app_data_file:s0:c512,c768 tclass=file permissive=0
10-31 10:50:43.330  4729  4744 I chromium: [INFO:child_process_service.cc(69)] ChildProcessService: Exiting child process.
10-31 10:50:43.332   422   422 E lowmemorykiller: Error writing /proc/4729/oom_score_adj; errno=22
10-31 10:50:43.335   772 32228 I ActivityManager: Killing 4729:com.android.chrome:sandboxed_process30/u0a60i809 (adj 0): isolated not needed
10-31 10:50:43.335   772   790 W zygote64: failed to open /acct/uid_99809/pid_4729/cgroup.procs: No such file or directory
10-31 10:50:43.348 13542 29422 I Icing   : Usage reports ok 3, Failed Usage reports 0, indexed 2, rejected 0
10-31 10:50:43.356  3762  3762 W chromium: [WARNING:compositor_view.cc(342)] Child process died (type=6) pid=4729)
10-31 10:50:43.417  3762  3845 I cr_omaha: OmahaBase::generateAndPostRequest(): Received response from Omaha:
10-31 10:50:43.417  3762  3845 I cr_omaha: <?xml version="1.0" encoding="UTF-8"?><response protocol="3.0" server="prod"><daystart elapsed_days="5782" elapsed_seconds="10241"/><app appid="{387E11AD-7109-45F6-83CF-CAA241ADC9DF}" status="ok"><event status="ok"/></app></response>
10-31 10:50:43.423  3762  3845 I cr_omaha: Request to Server Successful. Timestamp for next request:1667213443423
10-31 10:50:43.437  3762  3845 I cr_omaha: OmahaBase::generateAndPostRequest(): Sending request to Omaha:
10-31 10:50:43.437  3762  3845 I cr_omaha: <?xml version='1.0' encoding='UTF-8' standalone='yes' ?><request protocol="3.0" updater="Android" updaterversion="106.0.5249.79" updaterchannel="chrome" ismachine="1" requestid="{e74c115e-655b-4f9d-8f69-c9ef39841685}" sessionid="{e3d025d4-346a-4753-93ae-bd00c0a4ae47}" installsource="system_image" dedup="cr"><os platform="android" version="8.0.0" arch="arm" /><app brand="" client="ms-android-google" appid="{387E11AD-7109-45F6-83CF-CAA241ADC9DF}" version="106.0.5249.79" nextversion="" lang="en-US" installage="0" ap="chrome;google;nexus 5x"><updatecheck /><ping active="1" ad="5782" rd="5782" /></app></request>
10-31 10:50:43.466  3762  3845 I cr_omaha: OmahaBase::generateAndPostRequest(): Received response from Omaha:
10-31 10:50:43.466  3762  3845 I cr_omaha: <?xml version="1.0" encoding="UTF-8"?><response protocol="3.0" server="prod"><daystart elapsed_days="5782" elapsed_seconds="10241"/><app appid="{387E11AD-7109-45F6-83CF-CAA241ADC9DF}" cohort="1:hyx:" cohortname="Stable Chrome" status="ok"><updatecheck status="noupdate"/><ping status="ok"/></app></response>
10-31 10:50:43.468  3762  3845 I cr_omaha: Request to Server Successful. Timestamp for next request:1667213443467
10-31 10:50:43.468  3762  3845 I cr_omaha: Attempting to schedule next job for: Mon Oct 31 15:50:43 GMT+01:00 2022
10-31 10:50:43.470  3762  3762 I cr_omaha: Scheduled using JobService
10-31 10:50:43.471  3762  3762 E cr_BkgrdTaskJS: Tried finishing non-current BackgroundTask.
10-31 10:50:45.930  3762  3762 I cr_tabmodel: Appending tabs being restored to metadata lists, 0, startingNormalCount: 2, startingIncognitoCount: 0
10-31 10:50:45.930  3762  3762 I cr_tabmodel: Serializing tab lists; counts: 2, 0
10-31 10:50:46.165 13542 13542 D BoundBrokerSvc: onBind: Intent { act=com.google.android.gms.common.BIND_SHARED_PREFS pkg=com.google.android.gms }
10-31 10:50:46.165 13542 13542 D BoundBrokerSvc: Loading bound service for intent: Intent { act=com.google.android.gms.common.BIND_SHARED_PREFS pkg=com.google.android.gms }
10-31 10:50:46.170 13542 13542 D BoundBrokerSvc: onUnbind: Intent { act=com.google.android.gms.common.BIND_SHARED_PREFS pkg=com.google.android.gms }
10-31 10:50:48.736  3762  3762 E cr_BTSPrefs: No data found for task id: 56
10-31 10:50:48.737  3762  3762 E cr_BkgrdTaskScheduler: Task cannot be canceled because no data was found instorage or data was invalid
10-31 10:50:52.843  3762  3762 W ResourceType: Failure getting entry for 0x7f010888 (t=0 e=2184) (error -75)
10-31 10:50:52.887  3762  3762 I chatty  : uid=10060(u0_a60) identical 7 lines
10-31 10:50:52.891  3762  3762 W ResourceType: Failure getting entry for 0x7f010888 (t=0 e=2184) (error -75)
10-31 10:50:52.895  3762  3762 I cr_TopSites: Start a new task.
10-31 10:50:52.895  3762  3844 I cr_TopSites: Serializing top sites lists finished; count: 9
10-31 10:50:52.902  3762  3844 I cr_TopSites: Finished saving top sites list to file:/data/user/0/com.android.chrome/app_top_sites/top_sites
10-31 10:51:03.256  3762  3772 I zygote  : Background concurrent copying GC freed 116291(4MB) AllocSpace objects, 14(428KB) LOS objects, 49% free, 4MB/9MB, paused 385us total 106.208ms
10-31 10:51:29.950  3762  3762 I cr_media: Create MediaDrmBridge with level L3 and origin EAC6D336F274FCEC685F628B91629DCF
10-31 10:51:29.956   361   361 W /system/bin/hwservicemanager: getTransportFromManifest: Cannot find entry android.hardware.drm@1.0::IDrmFactory in either framework or device manifest, using default transport.
10-31 10:51:29.994   562 19051 I DrmHal  : makeDrmFactories: using default drm instance
10-31 10:51:30.011   361   361 W /system/bin/hwservicemanager: getTransportFromManifest: Cannot find entry android.hardware.drm@1.0::IDrmFactory in either framework or device manifest, using default transport.
10-31 10:51:30.071   562   562 I DrmHal  : makeDrmFactories: using default drm instance
10-31 10:51:30.071   562  5487 D WVCdm   : Instantiating CDM.
10-31 10:51:30.107   562 19050 I WVCdm   : CdmEngine::QueryStatus
10-31 10:51:30.108   562 19050 I WVCdm   : Level3 Library 4445 May 19 2017 17:17:20
10-31 10:51:30.126   562 19050 D QSEECOMAPI: : QSEECom_get_handle sb_length = 0x19000
10-31 10:51:30.126   562 19050 D QSEECOMAPI: : App is not loaded in QSEE
10-31 10:51:30.191   562 19050 D QSEECOMAPI: : Loaded image: APP id = 1802
10-31 10:51:30.195   562 19050 D QSAPPSVER: qsapps_get_capabilities: Capability from secure side: 0x0
10-31 10:51:30.195   562 19050 D QSAPPSVER: qsapps_get_capabilities: returns 0
10-31 10:51:30.195   562 19050 E DrmWidevineDash: sion_buffer g_wv_fhandle->ion_sbuffer  0x0xef75d000
10-31 10:51:30.199   372   376 D DrmLibTime: got the req here! ret=0
10-31 10:51:30.199   372   376 D DrmLibTime: command id, time_cmd_id = 770
10-31 10:51:30.199   372   376 D DrmLibTime: time_getutcsec starts!
10-31 10:51:30.199   372   376 D DrmLibTime: QSEE Time Listener: time_getutcsec
10-31 10:51:30.199   372   376 D DrmLibTime: QSEE Time Listener: get_utc_seconds
10-31 10:51:30.199   372   376 D DrmLibTime: QSEE Time Listener: time_get_modem_time
10-31 10:51:30.199   372   376 D DrmLibTime: QSEE Time Listener: Checking if ATS_MODEM is set or not.
10-31 10:51:30.199   372   376 D QC-time-services: Lib:time_genoff_operation: pargs->base = 13
10-31 10:51:30.200   372   376 D QC-time-services: Lib:time_genoff_operation: pargs->operation = 2
10-31 10:51:30.200   372   376 D QC-time-services: Lib:time_genoff_operation: pargs->ts_val = 0
10-31 10:51:30.200   372   376 D QC-time-services: Lib:time_genoff_operation: Send to server  passed!!
10-31 10:51:30.200   625   647 D QC-time-services: Daemon: Connection accepted:time_genoff
10-31 10:51:30.201   625  4766 D QC-time-services: Daemon:Received base = 13, unit = 1, operation = 2,value = 0
10-31 10:51:30.201   625  4766 D QC-time-services: Daemon:genoff_opr: Base = 13, val = 0, operation = 2
10-31 10:51:30.201   625  4766 D QC-time-services: offset is: 0 for base: 13
10-31 10:51:30.201   372   376 E QC-time-services: Receive Passed == base = 13, unit = 1, operation = 2, result = 0
10-31 10:51:30.201   372   376 D DrmLibTime: QSEE Time Listener: ATS_MODEM is not set. Fallback to Android system time.
10-31 10:51:30.201   372   376 D DrmLibTime: QSEE Time Listener: Retrieved Android system time: 1667209890
10-31 10:51:30.201   372   376 D DrmLibTime: time_getutcsec returns 0, sec = 1667209890; nsec = 0
10-31 10:51:30.201   372   376 D DrmLibTime: time_getutcsec finished! 
10-31 10:51:30.201   372   376 D DrmLibTime: iotcl_continue_command finished! and return 0 
10-31 10:51:30.201   372   376 D DrmLibTime: before calling ioctl to read the next time_cmd
10-31 10:51:30.202   625   647 E QC-time-services: Daemon: Time-services: Waiting to acceptconnection
10-31 10:51:30.237   562 19050 D WVCdm   : OEMCrypto_Initialize Level 1 success. I will use level 1.
10-31 10:51:30.238   562 19050 D QSEECOMAPI: : QSEECom_dealloc_memory 
10-31 10:51:30.238   562 19050 D QSEECOMAPI: : QSEECom_shutdown_app, app_id = 1802
10-31 10:51:30.248   562  5487 I WVCdm   : CdmEngine::OpenSession
10-31 10:51:30.248   562  5487 I WVCdm   : Level3 Library 4445 May 19 2017 17:17:20
10-31 10:51:30.252   562  5487 D QSEECOMAPI: : QSEECom_get_handle sb_length = 0x19000
10-31 10:51:30.252   562  5487 D QSEECOMAPI: : App is not loaded in QSEE
10-31 10:51:30.303   562  5487 D QSEECOMAPI: : Loaded image: APP id = 1803
10-31 10:51:30.307   562  5487 D QSAPPSVER: qsapps_get_capabilities: Capability from secure side: 0x0
10-31 10:51:30.307   562  5487 D QSAPPSVER: qsapps_get_capabilities: returns 0
10-31 10:51:30.307   562  5487 E DrmWidevineDash: sion_buffer g_wv_fhandle->ion_sbuffer  0x0xef75d000
10-31 10:51:30.311   372   376 D DrmLibTime: got the req here! ret=0
10-31 10:51:30.311   372   376 D DrmLibTime: command id, time_cmd_id = 770
10-31 10:51:30.312   372   376 D DrmLibTime: time_getutcsec starts!
10-31 10:51:30.312   372   376 D DrmLibTime: QSEE Time Listener: time_getutcsec
10-31 10:51:30.312   372   376 D DrmLibTime: QSEE Time Listener: get_utc_seconds
10-31 10:51:30.312   372   376 D DrmLibTime: QSEE Time Listener: time_get_modem_time
10-31 10:51:30.312   372   376 D DrmLibTime: QSEE Time Listener: Checking if ATS_MODEM is set or not.
10-31 10:51:30.312   372   376 D QC-time-services: Lib:time_genoff_operation: pargs->base = 13
10-31 10:51:30.312   372   376 D QC-time-services: Lib:time_genoff_operation: pargs->operation = 2
10-31 10:51:30.312   372   376 D QC-time-services: Lib:time_genoff_operation: pargs->ts_val = 0
10-31 10:51:30.312   372   376 D QC-time-services: Lib:time_genoff_operation: Send to server  passed!!
10-31 10:51:30.312   625   647 D QC-time-services: Daemon: Connection accepted:time_genoff
10-31 10:51:30.312   625  4767 D QC-time-services: Daemon:Received base = 13, unit = 1, operation = 2,value = 0
10-31 10:51:30.312   625  4767 D QC-time-services: Daemon:genoff_opr: Base = 13, val = 0, operation = 2
10-31 10:51:30.312   625  4767 D QC-time-services: offset is: 0 for base: 13
10-31 10:51:30.312   372   376 E QC-time-services: Receive Passed == base = 13, unit = 1, operation = 2, result = 0
10-31 10:51:30.312   372   376 D DrmLibTime: QSEE Time Listener: ATS_MODEM is not set. Fallback to Android system time.
10-31 10:51:30.312   372   376 D DrmLibTime: QSEE Time Listener: Retrieved Android system time: 1667209890
10-31 10:51:30.312   372   376 D DrmLibTime: time_getutcsec returns 0, sec = 1667209890; nsec = 0
10-31 10:51:30.312   372   376 D DrmLibTime: time_getutcsec finished! 
10-31 10:51:30.312   372   376 D DrmLibTime: iotcl_continue_command finished! and return 0 
10-31 10:51:30.312   372   376 D DrmLibTime: before calling ioctl to read the next time_cmd
10-31 10:51:30.313   625   647 E QC-time-services: Daemon: Time-services: Waiting to acceptconnection
10-31 10:51:30.346   562  5487 D WVCdm   : OEMCrypto_Initialize Level 1 success. I will use level 1.
10-31 10:51:30.346   562  5487 D WVCdm   : CryptoSession::Open: Lock: requested_security_level: L3
10-31 10:51:30.355   562  5487 W WVCdm   : DeviceFiles::RetrieveHashedFile: /data/mediadrm/IDM1013/L3/cert.bin does not exist
10-31 10:51:30.356   562  5487 D QSEECOMAPI: : QSEECom_dealloc_memory 
10-31 10:51:30.356   562  5487 D QSEECOMAPI: : QSEECom_shutdown_app, app_id = 1803
10-31 10:51:30.370   562 28303 I WVCdm   : Level3 Library 4445 May 19 2017 17:17:20
10-31 10:51:30.374   562 28303 D QSEECOMAPI: : QSEECom_get_handle sb_length = 0x19000
10-31 10:51:30.374   562 28303 D QSEECOMAPI: : App is not loaded in QSEE
10-31 10:51:30.428   562 28303 D QSEECOMAPI: : Loaded image: APP id = 1804
10-31 10:51:30.434   562 28303 D QSAPPSVER: qsapps_get_capabilities: Capability from secure side: 0x0
10-31 10:51:30.435   562 28303 D QSAPPSVER: qsapps_get_capabilities: returns 0
10-31 10:51:30.435   562 28303 E DrmWidevineDash: sion_buffer g_wv_fhandle->ion_sbuffer  0x0xef75d000
10-31 10:51:30.440   372   376 D DrmLibTime: got the req here! ret=0
10-31 10:51:30.440   372   376 D DrmLibTime: command id, time_cmd_id = 770
10-31 10:51:30.440   372   376 D DrmLibTime: time_getutcsec starts!
10-31 10:51:30.440   372   376 D DrmLibTime: QSEE Time Listener: time_getutcsec
10-31 10:51:30.440   372   376 D DrmLibTime: QSEE Time Listener: get_utc_seconds
10-31 10:51:30.440   372   376 D DrmLibTime: QSEE Time Listener: time_get_modem_time
10-31 10:51:30.440   372   376 D DrmLibTime: QSEE Time Listener: Checking if ATS_MODEM is set or not.
10-31 10:51:30.440   372   376 D QC-time-services: Lib:time_genoff_operation: pargs->base = 13
10-31 10:51:30.440   372   376 D QC-time-services: Lib:time_genoff_operation: pargs->operation = 2
10-31 10:51:30.440   372   376 D QC-time-services: Lib:time_genoff_operation: pargs->ts_val = 0
10-31 10:51:30.440   372   376 D QC-time-services: Lib:time_genoff_operation: Send to server  passed!!
10-31 10:51:30.440   625   647 D QC-time-services: Daemon: Connection accepted:time_genoff
10-31 10:51:30.441   625  4768 D QC-time-services: Daemon:Received base = 13, unit = 1, operation = 2,value = 0
10-31 10:51:30.441   625  4768 D QC-time-services: Daemon:genoff_opr: Base = 13, val = 0, operation = 2
10-31 10:51:30.441   625  4768 D QC-time-services: offset is: 0 for base: 13
10-31 10:51:30.441   372   376 E QC-time-services: Receive Passed == base = 13, unit = 1, operation = 2, result = 0
10-31 10:51:30.441   372   376 D DrmLibTime: QSEE Time Listener: ATS_MODEM is not set. Fallback to Android system time.
10-31 10:51:30.441   372   376 D DrmLibTime: QSEE Time Listener: Retrieved Android system time: 1667209890
10-31 10:51:30.441   372   376 D DrmLibTime: time_getutcsec returns 0, sec = 1667209890; nsec = 0
10-31 10:51:30.441   372   376 D DrmLibTime: time_getutcsec finished! 
10-31 10:51:30.441   372   376 D DrmLibTime: iotcl_continue_command finished! and return 0 
10-31 10:51:30.441   372   376 D DrmLibTime: before calling ioctl to read the next time_cmd
10-31 10:51:30.441   625   647 E QC-time-services: Daemon: Time-services: Waiting to acceptconnection
10-31 10:51:30.476   562 28303 D WVCdm   : OEMCrypto_Initialize Level 1 success. I will use level 1.
10-31 10:51:30.476   562 28303 D WVCdm   : CryptoSession::Open: Lock: requested_security_level: L3
10-31 10:51:30.492  3762  3762 I cr_media: Provisioning origin ID EAC6D336F274FCEC685F628B91629DCF
10-31 10:51:30.554  3762  3762 I MediaDrm: Drm event (1,0)
10-31 10:51:30.555  3762  3762 E cr_media: EventListener: No session for event 1.
10-31 10:51:30.932   562   644 D QSEECOMAPI: : QSEECom_dealloc_memory 
10-31 10:51:30.932   562   644 D QSEECOMAPI: : QSEECom_shutdown_app, app_id = 1804
10-31 10:51:30.944  3762  3762 I cr_media: Create MediaDrmBridge with level L1 and origin EAC6D336F274FCEC685F628B91629DCF
10-31 10:51:30.946   361   361 W /system/bin/hwservicemanager: getTransportFromManifest: Cannot find entry android.hardware.drm@1.0::IDrmFactory in either framework or device manifest, using default transport.
10-31 10:51:30.952   562   562 I DrmHal  : makeDrmFactories: using default drm instance
10-31 10:51:30.954   361   361 W /system/bin/hwservicemanager: getTransportFromManifest: Cannot find entry android.hardware.drm@1.0::IDrmFactory in either framework or device manifest, using default transport.
10-31 10:51:30.958   562   644 I DrmHal  : makeDrmFactories: using default drm instance
10-31 10:51:30.960   562  5487 I WVCdm   : CdmEngine::QueryStatus
10-31 10:51:30.960   562  5487 I WVCdm   : Level3 Library 4445 May 19 2017 17:17:20
10-31 10:51:30.967   562  5487 D QSEECOMAPI: : QSEECom_get_handle sb_length = 0x19000
10-31 10:51:30.967   562  5487 D QSEECOMAPI: : App is not loaded in QSEE
10-31 10:51:31.016   562  5487 D QSEECOMAPI: : Loaded image: APP id = 1805
10-31 10:51:31.022   562  5487 D QSAPPSVER: qsapps_get_capabilities: Capability from secure side: 0x0
10-31 10:51:31.022   562  5487 D QSAPPSVER: qsapps_get_capabilities: returns 0
10-31 10:51:31.022   562  5487 E DrmWidevineDash: sion_buffer g_wv_fhandle->ion_sbuffer  0x0xef73f000
10-31 10:51:31.025   372   376 D DrmLibTime: got the req here! ret=0
10-31 10:51:31.025   372   376 D DrmLibTime: command id, time_cmd_id = 770
10-31 10:51:31.025   372   376 D DrmLibTime: time_getutcsec starts!
10-31 10:51:31.025   372   376 D DrmLibTime: QSEE Time Listener: time_getutcsec
10-31 10:51:31.026   372   376 D DrmLibTime: QSEE Time Listener: get_utc_seconds
10-31 10:51:31.026   372   376 D DrmLibTime: QSEE Time Listener: time_get_modem_time
10-31 10:51:31.026   372   376 D DrmLibTime: QSEE Time Listener: Checking if ATS_MODEM is set or not.
10-31 10:51:31.026   372   376 D QC-time-services: Lib:time_genoff_operation: pargs->base = 13
10-31 10:51:31.026   372   376 D QC-time-services: Lib:time_genoff_operation: pargs->operation = 2
10-31 10:51:31.026   372   376 D QC-time-services: Lib:time_genoff_operation: pargs->ts_val = 0
10-31 10:51:31.026   372   376 D QC-time-services: Lib:time_genoff_operation: Send to server  passed!!
10-31 10:51:31.026   625   647 D QC-time-services: Daemon: Connection accepted:time_genoff
10-31 10:51:31.027   625  4773 D QC-time-services: Daemon:Received base = 13, unit = 1, operation = 2,value = 0
10-31 10:51:31.027   625  4773 D QC-time-services: Daemon:genoff_opr: Base = 13, val = 0, operation = 2
10-31 10:51:31.027   625  4773 D QC-time-services: offset is: 0 for base: 13
10-31 10:51:31.027   372   376 E QC-time-services: Receive Passed == base = 13, unit = 1, operation = 2, result = 0
10-31 10:51:31.027   372   376 D DrmLibTime: QSEE Time Listener: ATS_MODEM is not set. Fallback to Android system time.
10-31 10:51:31.027   372   376 D DrmLibTime: QSEE Time Listener: Retrieved Android system time: 1667209891
10-31 10:51:31.027   372   376 D DrmLibTime: time_getutcsec returns 0, sec = 1667209891; nsec = 0
10-31 10:51:31.027   372   376 D DrmLibTime: time_getutcsec finished! 
10-31 10:51:31.027   372   376 D DrmLibTime: iotcl_continue_command finished! and return 0 
10-31 10:51:31.027   372   376 D DrmLibTime: before calling ioctl to read the next time_cmd
10-31 10:51:31.027   625   647 E QC-time-services: Daemon: Time-services: Waiting to acceptconnection
10-31 10:51:31.060   562  5487 D WVCdm   : OEMCrypto_Initialize Level 1 success. I will use level 1.
10-31 10:51:31.061   562  5487 D QSEECOMAPI: : QSEECom_dealloc_memory 
10-31 10:51:31.061   562  5487 D QSEECOMAPI: : QSEECom_shutdown_app, app_id = 1805
10-31 10:51:31.070   562 28303 I WVCdm   : CdmEngine::OpenSession
10-31 10:51:31.071   562 28303 I WVCdm   : Level3 Library 4445 May 19 2017 17:17:20
10-31 10:51:31.076   562 28303 D QSEECOMAPI: : QSEECom_get_handle sb_length = 0x19000
10-31 10:51:31.077   562 28303 D QSEECOMAPI: : App is not loaded in QSEE
10-31 10:51:31.135   562 28303 D QSEECOMAPI: : Loaded image: APP id = 1806
10-31 10:51:31.139   562 28303 D QSAPPSVER: qsapps_get_capabilities: Capability from secure side: 0x0
10-31 10:51:31.139   562 28303 D QSAPPSVER: qsapps_get_capabilities: returns 0
10-31 10:51:31.139   562 28303 E DrmWidevineDash: sion_buffer g_wv_fhandle->ion_sbuffer  0x0xef73f000
10-31 10:51:31.144   372   376 D DrmLibTime: got the req here! ret=0
10-31 10:51:31.145   372   376 D DrmLibTime: command id, time_cmd_id = 770
10-31 10:51:31.145   372   376 D DrmLibTime: time_getutcsec starts!
10-31 10:51:31.145   372   376 D DrmLibTime: QSEE Time Listener: time_getutcsec
10-31 10:51:31.145   372   376 D DrmLibTime: QSEE Time Listener: get_utc_seconds
10-31 10:51:31.145   372   376 D DrmLibTime: QSEE Time Listener: time_get_modem_time
10-31 10:51:31.145   372   376 D DrmLibTime: QSEE Time Listener: Checking if ATS_MODEM is set or not.
10-31 10:51:31.145   372   376 D QC-time-services: Lib:time_genoff_operation: pargs->base = 13
10-31 10:51:31.145   372   376 D QC-time-services: Lib:time_genoff_operation: pargs->operation = 2
10-31 10:51:31.145   372   376 D QC-time-services: Lib:time_genoff_operation: pargs->ts_val = 0
10-31 10:51:31.145   372   376 D QC-time-services: Lib:time_genoff_operation: Send to server  passed!!
10-31 10:51:31.145   625   647 D QC-time-services: Daemon: Connection accepted:time_genoff
10-31 10:51:31.145   625  4774 D QC-time-services: Daemon:Received base = 13, unit = 1, operation = 2,value = 0
10-31 10:51:31.145   625  4774 D QC-time-services: Daemon:genoff_opr: Base = 13, val = 0, operation = 2
10-31 10:51:31.145   625  4774 D QC-time-services: offset is: 0 for base: 13
10-31 10:51:31.145   372   376 E QC-time-services: Receive Passed == base = 13, unit = 1, operation = 2, result = 0
10-31 10:51:31.145   372   376 D DrmLibTime: QSEE Time Listener: ATS_MODEM is not set. Fallback to Android system time.
10-31 10:51:31.145   372   376 D DrmLibTime: QSEE Time Listener: Retrieved Android system time: 1667209891
10-31 10:51:31.146   372   376 D DrmLibTime: time_getutcsec returns 0, sec = 1667209891; nsec = 0
10-31 10:51:31.146   372   376 D DrmLibTime: time_getutcsec finished! 
10-31 10:51:31.146   372   376 D DrmLibTime: iotcl_continue_command finished! and return 0 
10-31 10:51:31.146   372   376 D DrmLibTime: before calling ioctl to read the next time_cmd
10-31 10:51:31.146   625   647 E QC-time-services: Daemon: Time-services: Waiting to acceptconnection
10-31 10:51:31.183   562 28303 D WVCdm   : OEMCrypto_Initialize Level 1 success. I will use level 1.
10-31 10:51:31.183   562 28303 D WVCdm   : CryptoSession::Open: Lock: requested_security_level: Default
10-31 10:51:31.187   562 28303 W WVCdm   : DeviceFiles::RetrieveHashedFile: /data/mediadrm/IDM1013/L1/cert.bin does not exist
10-31 10:51:31.190   562 28303 D QSEECOMAPI: : QSEECom_dealloc_memory 
10-31 10:51:31.190   562 28303 D QSEECOMAPI: : QSEECom_shutdown_app, app_id = 1806
10-31 10:51:31.204   562 19051 I WVCdm   : Level3 Library 4445 May 19 2017 17:17:20
10-31 10:51:31.221   562 19051 D QSEECOMAPI: : QSEECom_get_handle sb_length = 0x19000
10-31 10:51:31.221   562 19051 D QSEECOMAPI: : App is not loaded in QSEE
10-31 10:51:31.275   562 19051 D QSEECOMAPI: : Loaded image: APP id = 1807
10-31 10:51:31.279   562 19051 D QSAPPSVER: qsapps_get_capabilities: Capability from secure side: 0x0
10-31 10:51:31.279   562 19051 D QSAPPSVER: qsapps_get_capabilities: returns 0
10-31 10:51:31.279   562 19051 E DrmWidevineDash: sion_buffer g_wv_fhandle->ion_sbuffer  0x0xefa81000
10-31 10:51:31.282   372   376 D DrmLibTime: got the req here! ret=0
10-31 10:51:31.282   372   376 D DrmLibTime: command id, time_cmd_id = 770
10-31 10:51:31.282   372   376 D DrmLibTime: time_getutcsec starts!
10-31 10:51:31.282   372   376 D DrmLibTime: QSEE Time Listener: time_getutcsec
10-31 10:51:31.282   372   376 D DrmLibTime: QSEE Time Listener: get_utc_seconds
10-31 10:51:31.282   372   376 D DrmLibTime: QSEE Time Listener: time_get_modem_time
10-31 10:51:31.282   372   376 D DrmLibTime: QSEE Time Listener: Checking if ATS_MODEM is set or not.
10-31 10:51:31.282   372   376 D QC-time-services: Lib:time_genoff_operation: pargs->base = 13
10-31 10:51:31.282   372   376 D QC-time-services: Lib:time_genoff_operation: pargs->operation = 2
10-31 10:51:31.282   372   376 D QC-time-services: Lib:time_genoff_operation: pargs->ts_val = 0
10-31 10:51:31.282   372   376 D QC-time-services: Lib:time_genoff_operation: Send to server  passed!!
10-31 10:51:31.282   625   647 D QC-time-services: Daemon: Connection accepted:time_genoff
10-31 10:51:31.283   625  4775 D QC-time-services: Daemon:Received base = 13, unit = 1, operation = 2,value = 0
10-31 10:51:31.283   625  4775 D QC-time-services: Daemon:genoff_opr: Base = 13, val = 0, operation = 2
10-31 10:51:31.283   625  4775 D QC-time-services: offset is: 0 for base: 13
10-31 10:51:31.283   372   376 E QC-time-services: Receive Passed == base = 13, unit = 1, operation = 2, result = 0
10-31 10:51:31.283   372   376 D DrmLibTime: QSEE Time Listener: ATS_MODEM is not set. Fallback to Android system time.
10-31 10:51:31.283   372   376 D DrmLibTime: QSEE Time Listener: Retrieved Android system time: 1667209891
10-31 10:51:31.283   372   376 D DrmLibTime: time_getutcsec returns 0, sec = 1667209891; nsec = 0
10-31 10:51:31.283   372   376 D DrmLibTime: time_getutcsec finished! 
10-31 10:51:31.283   372   376 D DrmLibTime: iotcl_continue_command finished! and return 0 
10-31 10:51:31.283   372   376 D DrmLibTime: before calling ioctl to read the next time_cmd
10-31 10:51:31.284   625   647 E QC-time-services: Daemon: Time-services: Waiting to acceptconnection
10-31 10:51:31.307   562 19051 D WVCdm   : OEMCrypto_Initialize Level 1 success. I will use level 1.
10-31 10:51:31.307   562 19051 D WVCdm   : CryptoSession::Open: Lock: requested_security_level: Default
10-31 10:51:31.365   562 19051 E DrmWidevineDash: OEMCrypto_GenerateSignature : input wrapped_rsa_key == NULL!, return short buffer
10-31 10:51:31.367  3762  3762 I cr_media: Provisioning origin ID EAC6D336F274FCEC685F628B91629DCF
10-31 10:51:31.443   562   562 E DrmWidevineDash: OEMCrypto_RewrapDeviceRSAKey : input wrapped_rsa_key == NULL!, return short buffer
10-31 10:51:31.453   562   562 D QSEECOMAPI: : QSEECom_dealloc_memory 
10-31 10:51:31.453   562   562 D QSEECOMAPI: : QSEECom_shutdown_app, app_id = 1807
10-31 10:51:31.471  3762  3762 I cr_media: Create MediaDrmBridge with level L3 and origin 20DE6098B659E86158BC3CDA4819820F
10-31 10:51:31.473   361   361 W /system/bin/hwservicemanager: getTransportFromManifest: Cannot find entry android.hardware.drm@1.0::IDrmFactory in either framework or device manifest, using default transport.
10-31 10:51:31.515   562   644 I DrmHal  : makeDrmFactories: using default drm instance
10-31 10:51:31.519   361   361 W /system/bin/hwservicemanager: getTransportFromManifest: Cannot find entry android.hardware.drm@1.0::IDrmFactory in either framework or device manifest, using default transport.
10-31 10:51:31.523   562 19050 I DrmHal  : makeDrmFactories: using default drm instance
10-31 10:51:31.524   562   562 D WVCdm   : Instantiating CDM.
10-31 10:51:31.526   562  5487 I WVCdm   : CdmEngine::QueryStatus
10-31 10:51:31.527   562  5487 I WVCdm   : Level3 Library 4445 May 19 2017 17:17:20
10-31 10:51:31.531   562  5487 D QSEECOMAPI: : QSEECom_get_handle sb_length = 0x19000
10-31 10:51:31.531   562  5487 D QSEECOMAPI: : App is not loaded in QSEE
10-31 10:51:31.577   562  5487 D QSEECOMAPI: : Loaded image: APP id = 1808
10-31 10:51:31.580   562  5487 D QSAPPSVER: qsapps_get_capabilities: Capability from secure side: 0x0
10-31 10:51:31.580   562  5487 D QSAPPSVER: qsapps_get_capabilities: returns 0
10-31 10:51:31.580   562  5487 E DrmWidevineDash: sion_buffer g_wv_fhandle->ion_sbuffer  0x0xef74e000
10-31 10:51:31.583   372   376 D DrmLibTime: got the req here! ret=0
10-31 10:51:31.583   372   376 D DrmLibTime: command id, time_cmd_id = 770
10-31 10:51:31.583   372   376 D DrmLibTime: time_getutcsec starts!
10-31 10:51:31.583   372   376 D DrmLibTime: QSEE Time Listener: time_getutcsec
10-31 10:51:31.583   372   376 D DrmLibTime: QSEE Time Listener: get_utc_seconds
10-31 10:51:31.583   372   376 D DrmLibTime: QSEE Time Listener: time_get_modem_time
10-31 10:51:31.583   372   376 D DrmLibTime: QSEE Time Listener: Checking if ATS_MODEM is set or not.
10-31 10:51:31.583   372   376 D QC-time-services: Lib:time_genoff_operation: pargs->base = 13
10-31 10:51:31.583   372   376 D QC-time-services: Lib:time_genoff_operation: pargs->operation = 2
10-31 10:51:31.584   372   376 D QC-time-services: Lib:time_genoff_operation: pargs->ts_val = 0
10-31 10:51:31.584   372   376 D QC-time-services: Lib:time_genoff_operation: Send to server  passed!!
10-31 10:51:31.584   625   647 D QC-time-services: Daemon: Connection accepted:time_genoff
10-31 10:51:31.584   625  4780 D QC-time-services: Daemon:Received base = 13, unit = 1, operation = 2,value = 0
10-31 10:51:31.584   625  4780 D QC-time-services: Daemon:genoff_opr: Base = 13, val = 0, operation = 2
10-31 10:51:31.584   625  4780 D QC-time-services: offset is: 0 for base: 13
10-31 10:51:31.584   372   376 E QC-time-services: Receive Passed == base = 13, unit = 1, operation = 2, result = 0
10-31 10:51:31.584   372   376 D DrmLibTime: QSEE Time Listener: ATS_MODEM is not set. Fallback to Android system time.
10-31 10:51:31.585   372   376 D DrmLibTime: QSEE Time Listener: Retrieved Android system time: 1667209891
10-31 10:51:31.585   372   376 D DrmLibTime: time_getutcsec returns 0, sec = 1667209891; nsec = 0
10-31 10:51:31.585   372   376 D DrmLibTime: time_getutcsec finished! 
10-31 10:51:31.585   372   376 D DrmLibTime: iotcl_continue_command finished! and return 0 
10-31 10:51:31.585   372   376 D DrmLibTime: before calling ioctl to read the next time_cmd
10-31 10:51:31.585   625   647 E QC-time-services: Daemon: Time-services: Waiting to acceptconnection
10-31 10:51:31.620   562  5487 D WVCdm   : OEMCrypto_Initialize Level 1 success. I will use level 1.
10-31 10:51:31.621   562  5487 D QSEECOMAPI: : QSEECom_dealloc_memory 
10-31 10:51:31.621   562  5487 D QSEECOMAPI: : QSEECom_shutdown_app, app_id = 1808
10-31 10:51:31.628   562 19051 I WVCdm   : CdmEngine::OpenSession
10-31 10:51:31.629   562 19051 I WVCdm   : Level3 Library 4445 May 19 2017 17:17:20
10-31 10:51:31.631   562 19051 D QSEECOMAPI: : QSEECom_get_handle sb_length = 0x19000
10-31 10:51:31.631   562 19051 D QSEECOMAPI: : App is not loaded in QSEE
10-31 10:51:31.677   562 19051 D QSEECOMAPI: : Loaded image: APP id = 1809
10-31 10:51:31.680   562 19051 D QSAPPSVER: qsapps_get_capabilities: Capability from secure side: 0x0
10-31 10:51:31.680   562 19051 D QSAPPSVER: qsapps_get_capabilities: returns 0
10-31 10:51:31.680   562 19051 E DrmWidevineDash: sion_buffer g_wv_fhandle->ion_sbuffer  0x0xef74e000
10-31 10:51:31.684   372   376 D DrmLibTime: got the req here! ret=0
10-31 10:51:31.684   372   376 D DrmLibTime: command id, time_cmd_id = 770
10-31 10:51:31.684   372   376 D DrmLibTime: time_getutcsec starts!
10-31 10:51:31.684   372   376 D DrmLibTime: QSEE Time Listener: time_getutcsec
10-31 10:51:31.684   372   376 D DrmLibTime: QSEE Time Listener: get_utc_seconds
10-31 10:51:31.684   372   376 D DrmLibTime: QSEE Time Listener: time_get_modem_time
10-31 10:51:31.684   372   376 D DrmLibTime: QSEE Time Listener: Checking if ATS_MODEM is set or not.
10-31 10:51:31.684   372   376 D QC-time-services: Lib:time_genoff_operation: pargs->base = 13
10-31 10:51:31.684   372   376 D QC-time-services: Lib:time_genoff_operation: pargs->operation = 2
10-31 10:51:31.684   372   376 D QC-time-services: Lib:time_genoff_operation: pargs->ts_val = 0
10-31 10:51:31.684   372   376 D QC-time-services: Lib:time_genoff_operation: Send to server  passed!!
10-31 10:51:31.684   625   647 D QC-time-services: Daemon: Connection accepted:time_genoff
10-31 10:51:31.685   625  4781 D QC-time-services: Daemon:Received base = 13, unit = 1, operation = 2,value = 0
10-31 10:51:31.685   625  4781 D QC-time-services: Daemon:genoff_opr: Base = 13, val = 0, operation = 2
10-31 10:51:31.685   625  4781 D QC-time-services: offset is: 0 for base: 13
10-31 10:51:31.685   372   376 E QC-time-services: Receive Passed == base = 13, unit = 1, operation = 2, result = 0
10-31 10:51:31.685   372   376 D DrmLibTime: QSEE Time Listener: ATS_MODEM is not set. Fallback to Android system time.
10-31 10:51:31.685   372   376 D DrmLibTime: QSEE Time Listener: Retrieved Android system time: 1667209891
10-31 10:51:31.685   372   376 D DrmLibTime: time_getutcsec returns 0, sec = 1667209891; nsec = 0
10-31 10:51:31.685   372   376 D DrmLibTime: time_getutcsec finished! 
10-31 10:51:31.685   372   376 D DrmLibTime: iotcl_continue_command finished! and return 0 
10-31 10:51:31.685   372   376 D DrmLibTime: before calling ioctl to read the next time_cmd
10-31 10:51:31.685   625   647 E QC-time-services: Daemon: Time-services: Waiting to acceptconnection
10-31 10:51:31.719   562 19051 D WVCdm   : OEMCrypto_Initialize Level 1 success. I will use level 1.
10-31 10:51:31.720   562 19051 D WVCdm   : CryptoSession::Open: Lock: requested_security_level: L3
10-31 10:51:31.724   562 19051 W WVCdm   : DeviceFiles::RetrieveHashedFile: /data/mediadrm/IDM1013/L3/cert.bin does not exist
10-31 10:51:31.725   562 19051 D QSEECOMAPI: : QSEECom_dealloc_memory 
10-31 10:51:31.725   562 19051 D QSEECOMAPI: : QSEECom_shutdown_app, app_id = 1809
10-31 10:51:31.732   562   562 I WVCdm   : Level3 Library 4445 May 19 2017 17:17:20
10-31 10:51:31.735   562   562 D QSEECOMAPI: : QSEECom_get_handle sb_length = 0x19000
10-31 10:51:31.735   562   562 D QSEECOMAPI: : App is not loaded in QSEE
10-31 10:51:31.787   562   562 D QSEECOMAPI: : Loaded image: APP id = 1810
10-31 10:51:31.793   562   562 D QSAPPSVER: qsapps_get_capabilities: Capability from secure side: 0x0
10-31 10:51:31.793   562   562 D QSAPPSVER: qsapps_get_capabilities: returns 0
10-31 10:51:31.793   562   562 E DrmWidevineDash: sion_buffer g_wv_fhandle->ion_sbuffer  0x0xef74e000
10-31 10:51:31.796   372   376 D DrmLibTime: got the req here! ret=0
10-31 10:51:31.796   372   376 D DrmLibTime: command id, time_cmd_id = 770
10-31 10:51:31.796   372   376 D DrmLibTime: time_getutcsec starts!
10-31 10:51:31.796   372   376 D DrmLibTime: QSEE Time Listener: time_getutcsec
10-31 10:51:31.796   372   376 D DrmLibTime: QSEE Time Listener: get_utc_seconds
10-31 10:51:31.796   372   376 D DrmLibTime: QSEE Time Listener: time_get_modem_time
10-31 10:51:31.796   372   376 D DrmLibTime: QSEE Time Listener: Checking if ATS_MODEM is set or not.
10-31 10:51:31.796   372   376 D QC-time-services: Lib:time_genoff_operation: pargs->base = 13
10-31 10:51:31.796   372   376 D QC-time-services: Lib:time_genoff_operation: pargs->operation = 2
10-31 10:51:31.796   372   376 D QC-time-services: Lib:time_genoff_operation: pargs->ts_val = 0
10-31 10:51:31.796   372   376 D QC-time-services: Lib:time_genoff_operation: Send to server  passed!!
10-31 10:51:31.796   625   647 D QC-time-services: Daemon: Connection accepted:time_genoff
10-31 10:51:31.797   625  4782 D QC-time-services: Daemon:Received base = 13, unit = 1, operation = 2,value = 0
10-31 10:51:31.797   625  4782 D QC-time-services: Daemon:genoff_opr: Base = 13, val = 0, operation = 2
10-31 10:51:31.797   625  4782 D QC-time-services: offset is: 0 for base: 13
10-31 10:51:31.797   372   376 E QC-time-services: Receive Passed == base = 13, unit = 1, operation = 2, result = 0
10-31 10:51:31.797   372   376 D DrmLibTime: QSEE Time Listener: ATS_MODEM is not set. Fallback to Android system time.
10-31 10:51:31.797   372   376 D DrmLibTime: QSEE Time Listener: Retrieved Android system time: 1667209891
10-31 10:51:31.797   372   376 D DrmLibTime: time_getutcsec returns 0, sec = 1667209891; nsec = 0
10-31 10:51:31.797   372   376 D DrmLibTime: time_getutcsec finished! 
10-31 10:51:31.797   372   376 D DrmLibTime: iotcl_continue_command finished! and return 0 
10-31 10:51:31.797   372   376 D DrmLibTime: before calling ioctl to read the next time_cmd
10-31 10:51:31.797   625   647 E QC-time-services: Daemon: Time-services: Waiting to acceptconnection
10-31 10:51:31.824   562   562 D WVCdm   : OEMCrypto_Initialize Level 1 success. I will use level 1.
10-31 10:51:31.824   562   562 D WVCdm   : CryptoSession::Open: Lock: requested_security_level: L3
10-31 10:51:31.835  3762  3762 I cr_media: Provisioning origin ID 20DE6098B659E86158BC3CDA4819820F
10-31 10:51:31.883  3762  3762 W MediaDrm: MediaDrm went away with unhandled events
10-31 10:51:31.884  3762  3762 I MediaDrm: Drm event (1,0)
10-31 10:51:31.884  3762  3762 E cr_media: EventListener: No session for event 1.
10-31 10:51:31.912   562   644 D QSEECOMAPI: : QSEECom_dealloc_memory 
10-31 10:51:31.913   562   644 D QSEECOMAPI: : QSEECom_shutdown_app, app_id = 1810
10-31 10:51:31.924  3762  3762 I cr_media: Create MediaDrmBridge with level L1 and origin 20DE6098B659E86158BC3CDA4819820F
10-31 10:51:31.926   361   361 W /system/bin/hwservicemanager: getTransportFromManifest: Cannot find entry android.hardware.drm@1.0::IDrmFactory in either framework or device manifest, using default transport.
10-31 10:51:31.929   562 28303 I DrmHal  : makeDrmFactories: using default drm instance
10-31 10:51:31.932   361   361 W /system/bin/hwservicemanager: getTransportFromManifest: Cannot find entry android.hardware.drm@1.0::IDrmFactory in either framework or device manifest, using default transport.
10-31 10:51:31.938   562 19050 I DrmHal  : makeDrmFactories: using default drm instance
10-31 10:51:31.940   562 28303 I WVCdm   : CdmEngine::QueryStatus
10-31 10:51:31.940   562 28303 I WVCdm   : Level3 Library 4445 May 19 2017 17:17:20
10-31 10:51:31.944   562 28303 D QSEECOMAPI: : QSEECom_get_handle sb_length = 0x19000
10-31 10:51:31.944   562 28303 D QSEECOMAPI: : App is not loaded in QSEE
10-31 10:51:31.997   562 28303 D QSEECOMAPI: : Loaded image: APP id = 1811
10-31 10:51:32.000   562 28303 D QSAPPSVER: qsapps_get_capabilities: Capability from secure side: 0x0
10-31 10:51:32.000   562 28303 D QSAPPSVER: qsapps_get_capabilities: returns 0
10-31 10:51:32.000   562 28303 E DrmWidevineDash: sion_buffer g_wv_fhandle->ion_sbuffer  0x0xef73a000
10-31 10:51:32.004   372   376 D DrmLibTime: got the req here! ret=0
10-31 10:51:32.004   372   376 D DrmLibTime: command id, time_cmd_id = 770
10-31 10:51:32.004   372   376 D DrmLibTime: time_getutcsec starts!
10-31 10:51:32.004   372   376 D DrmLibTime: QSEE Time Listener: time_getutcsec
10-31 10:51:32.004   372   376 D DrmLibTime: QSEE Time Listener: get_utc_seconds
10-31 10:51:32.004   372   376 D DrmLibTime: QSEE Time Listener: time_get_modem_time
10-31 10:51:32.004   372   376 D DrmLibTime: QSEE Time Listener: Checking if ATS_MODEM is set or not.
10-31 10:51:32.004   372   376 D QC-time-services: Lib:time_genoff_operation: pargs->base = 13
10-31 10:51:32.004   372   376 D QC-time-services: Lib:time_genoff_operation: pargs->operation = 2
10-31 10:51:32.004   372   376 D QC-time-services: Lib:time_genoff_operation: pargs->ts_val = 0
10-31 10:51:32.005   372   376 D QC-time-services: Lib:time_genoff_operation: Send to server  passed!!
10-31 10:51:32.005   625   647 D QC-time-services: Daemon: Connection accepted:time_genoff
10-31 10:51:32.005   625  4787 D QC-time-services: Daemon:Received base = 13, unit = 1, operation = 2,value = 0
10-31 10:51:32.005   625  4787 D QC-time-services: Daemon:genoff_opr: Base = 13, val = 0, operation = 2
10-31 10:51:32.005   625  4787 D QC-time-services: offset is: 0 for base: 13
10-31 10:51:32.005   372   376 E QC-time-services: Receive Passed == base = 13, unit = 1, operation = 2, result = 0
10-31 10:51:32.005   372   376 D DrmLibTime: QSEE Time Listener: ATS_MODEM is not set. Fallback to Android system time.
10-31 10:51:32.005   372   376 D DrmLibTime: QSEE Time Listener: Retrieved Android system time: 1667209892
10-31 10:51:32.005   372   376 D DrmLibTime: time_getutcsec returns 0, sec = 1667209892; nsec = 0
10-31 10:51:32.005   372   376 D DrmLibTime: time_getutcsec finished! 
10-31 10:51:32.006   372   376 D DrmLibTime: iotcl_continue_command finished! and return 0 
10-31 10:51:32.006   372   376 D DrmLibTime: before calling ioctl to read the next time_cmd
10-31 10:51:32.006   625   647 E QC-time-services: Daemon: Time-services: Waiting to acceptconnection
10-31 10:51:32.040   562 28303 D WVCdm   : OEMCrypto_Initialize Level 1 success. I will use level 1.
10-31 10:51:32.041   562 28303 D QSEECOMAPI: : QSEECom_dealloc_memory 
10-31 10:51:32.041   562 28303 D QSEECOMAPI: : QSEECom_shutdown_app, app_id = 1811
10-31 10:51:32.050   562   644 I WVCdm   : CdmEngine::OpenSession
10-31 10:51:32.051   562   644 I WVCdm   : Level3 Library 4445 May 19 2017 17:17:20
10-31 10:51:32.057   562   644 D QSEECOMAPI: : QSEECom_get_handle sb_length = 0x19000
10-31 10:51:32.057   562   644 D QSEECOMAPI: : App is not loaded in QSEE
10-31 10:51:32.112   562   644 D QSEECOMAPI: : Loaded image: APP id = 1812
10-31 10:51:32.117   562   644 D QSAPPSVER: qsapps_get_capabilities: Capability from secure side: 0x0
10-31 10:51:32.117   562   644 D QSAPPSVER: qsapps_get_capabilities: returns 0
10-31 10:51:32.117   562   644 E DrmWidevineDash: sion_buffer g_wv_fhandle->ion_sbuffer  0x0xef73a000
10-31 10:51:32.120   372   376 D DrmLibTime: got the req here! ret=0
10-31 10:51:32.120   372   376 D DrmLibTime: command id, time_cmd_id = 770
10-31 10:51:32.120   372   376 D DrmLibTime: time_getutcsec starts!
10-31 10:51:32.120   372   376 D DrmLibTime: QSEE Time Listener: time_getutcsec
10-31 10:51:32.120   372   376 D DrmLibTime: QSEE Time Listener: get_utc_seconds
10-31 10:51:32.120   372   376 D DrmLibTime: QSEE Time Listener: time_get_modem_time
10-31 10:51:32.120   372   376 D DrmLibTime: QSEE Time Listener: Checking if ATS_MODEM is set or not.
10-31 10:51:32.120   372   376 D QC-time-services: Lib:time_genoff_operation: pargs->base = 13
10-31 10:51:32.120   372   376 D QC-time-services: Lib:time_genoff_operation: pargs->operation = 2
10-31 10:51:32.120   372   376 D QC-time-services: Lib:time_genoff_operation: pargs->ts_val = 0
10-31 10:51:32.120   372   376 D QC-time-services: Lib:time_genoff_operation: Send to server  passed!!
10-31 10:51:32.120   625   647 D QC-time-services: Daemon: Connection accepted:time_genoff
10-31 10:51:32.121   625  4788 D QC-time-services: Daemon:Received base = 13, unit = 1, operation = 2,value = 0
10-31 10:51:32.121   625  4788 D QC-time-services: Daemon:genoff_opr: Base = 13, val = 0, operation = 2
10-31 10:51:32.121   625  4788 D QC-time-services: offset is: 0 for base: 13
