--------- beginning of system
10-31 10:50:28.551   772  2970 I ActivityManager: Force stopping com.android.chrome appid=10060 user=0: from pid 3759
10-31 10:50:28.552   772  2970 I ActivityManager: Killing 2878:com.android.chrome:webview_service/u0a60 (adj 902): stop com.android.chrome
10-31 10:50:28.554   772  2970 I ActivityManager: Killing 31791:com.google.android.googlequicksearchbox:search/u0a45 (adj 100): stop com.android.chrome
10-31 10:50:28.555   772  2970 W ActivityManager: Scheduling restart of crashed service com.google.android.googlequicksearchbox/com.google.android.apps.gsa.search.core.service.SearchService in 1000ms
10-31 10:50:28.560   772  2970 I ActivityManager: Killing 2407:com.android.chrome/u0a60 (adj 904): stop com.android.chrome
--------- beginning of main
10-31 10:50:28.566  1311  1311 D CarrierSvcBindHelper: No carrier app for: 0
10-31 10:50:28.575   772  2889 V KeyValueBackupJob: Scheduling k/v pass in 249 minutes
10-31 10:50:28.576  2964  2964 D RegisteredNfcFServicesCache: Service unchanged, not updating
10-31 10:50:28.588   772 32228 D ConnectivityService: ConnectivityService NetworkRequestInfo binderDied(NetworkRequest [ LISTEN id=1682, [ Capabilities: INTERNET&NOT_RESTRICTED&TRUSTED] ], android.os.BinderProxy@b08f32e)
10-31 10:50:28.589   772   862 E ConnectivityService: RemoteException caught trying to send a callback msg for NetworkRequest [ LISTEN id=1682, [ Capabilities: INTERNET&NOT_RESTRICTED&TRUSTED] ]
10-31 10:50:28.631   556  2327 D audio_hw_primary: disable_audio_route: usecase(9) reset and update mixer path: audio-record
10-31 10:50:28.632   556  2327 D audio_hw_primary: disable_snd_device: snd_device(72: voice-rec-mic)
10-31 10:50:28.634   556  2327 D sound_trigger_platform: platform_stdev_check_and_update_concurrency: concurrency active 0, tx 0, rx 0, concurrency session_allowed 1
10-31 10:50:28.636   556   753 I SoundTriggerHwService::Module: onCallbackEvent no clients
10-31 10:50:28.813   772  2970 I ActivityManager: START u0 {act=android.intent.action.VIEW flg=0x10008000 cmp=com.android.chrome/com.google.android.apps.chrome.Main} from uid 2000
10-31 10:50:28.820   772   830 E ResourceType: Style contains key with bad entry: 0x0101062c
10-31 10:50:28.827   772   830 E ResourceType: Style contains key with bad entry: 0x0101062c
10-31 10:50:28.848   772  1324 I ActivityManager: Start proc 3762:com.android.chrome/u0a60 for activity com.android.chrome/com.google.android.apps.chrome.Main
10-31 10:50:28.915  3762  3762 I cr_SplitCompatApp: Launched version=106.0.5249.79 minSdkVersion=24 isBundle=true processName=com.android.chrome isIsolated=false
10-31 10:50:28.964  3960  3971 I FontLog : Received query Google Sans, URI content://com.google.android.gms.fonts [CONTEXT service_id=132 ]
10-31 10:50:28.964  3960  3971 I FontLog : Query [Google Sans] resolved to {Google Sans, wdth 100.0, wght 400, ital 0.0, bestEffort false} [CONTEXT service_id=132 ]
10-31 10:50:28.969  3960  3971 I FontLog : Font PFD returned from cache for {Google Sans, wdth 100.0, wght 400, ital 0.0, bestEffort false} [CONTEXT service_id=132 ]
10-31 10:50:28.969  3960  3971 I FontLog : Fetch {Google Sans, wdth 100.0, wght 400, ital 0.0, bestEffort false} end status Status{statusCode=SUCCESS, resolution=null} [CONTEXT service_id=132 ]
10-31 10:50:28.975  3960  4245 I FontLog : Pulling font file for id = 1670, cache size = 8 [CONTEXT service_id=132 ]
10-31 10:50:28.985  3960  4244 I FontLog : Received query Google Sans:500, URI content://com.google.android.gms.fonts [CONTEXT service_id=132 ]
10-31 10:50:28.985  3960  4244 I FontLog : Query [Google Sans:500] resolved to {Google Sans, wdth 100.0, wght 500, ital 0.0, bestEffort false} [CONTEXT service_id=132 ]
10-31 10:50:28.987  3960  4244 I FontLog : Font PFD returned from cache for {Google Sans, wdth 100.0, wght 500, ital 0.0, bestEffort false} [CONTEXT service_id=132 ]
10-31 10:50:28.987  3960  4244 I FontLog : Fetch {Google Sans, wdth 100.0, wght 500, ital 0.0, bestEffort false} end status Status{statusCode=SUCCESS, resolution=null} [CONTEXT service_id=132 ]
10-31 10:50:28.991  3960  3971 I FontLog : Pulling font file for id = 1671, cache size = 8 [CONTEXT service_id=132 ]
10-31 10:50:28.999  3960  3972 I FontLog : Received query Google Sans:700, URI content://com.google.android.gms.fonts [CONTEXT service_id=132 ]
10-31 10:50:29.000  3960  3972 I FontLog : Query [Google Sans:700] resolved to {Google Sans, wdth 100.0, wght 700, ital 0.0, bestEffort false} [CONTEXT service_id=132 ]
10-31 10:50:29.001  3960  3972 I FontLog : Fetch {Google Sans, wdth 100.0, wght 700, ital 0.0, bestEffort false} end status Status{statusCode=SUCCESS, resolution=null} [CONTEXT service_id=132 ]
10-31 10:50:29.005  3960  4244 I FontLog : Pulling font file for id = 1672, cache size = 5 [CONTEXT service_id=132 ]
10-31 10:50:29.024  3762  3781 I cr_LibraryLoader: Successfully loaded native library
10-31 10:50:29.025  3762  3781 I cr_CachingUmaRecorder: Flushed 19 samples from 19 histograms.
10-31 10:50:29.070  3762  3762 E ResourceType: Style contains key with bad entry: 0x0101062c
10-31 10:50:29.085  3762  3787 W DynamiteModule: Local module descriptor class for com.google.android.gms.googlecertificates not found.
10-31 10:50:29.086   772  4540 I ActivityManager: START u0 {cmp=com.android.chrome/org.chromium.chrome.browser.firstrun.FirstRunActivity (has extras)} from uid 10060
10-31 10:50:29.095  3762  3762 E ResourceType: Style contains key with bad entry: 0x0101062c
10-31 10:50:29.100  3762  3787 W zygote  : Skipping duplicate class check due to unrecognized classloader
10-31 10:50:29.102  3762  3787 I DynamiteModule: Considering local module com.google.android.gms.googlecertificates:0 and remote module com.google.android.gms.googlecertificates:7
10-31 10:50:29.103  3762  3787 I DynamiteModule: Selected remote version of com.google.android.gms.googlecertificates, version >= 7
10-31 10:50:29.136  3762  3787 W zygote  : Skipping duplicate class check due to unrecognized classloader
10-31 10:50:29.173  3762  3762 W ResourceType: Failure getting entry for 0x7f010055 (t=0 e=85) (error -75)
10-31 10:50:29.176   772  1327 W AppOps  : Bad call: specified package com.google.android.gms under uid 10060 but it is really 10020
10-31 10:50:29.176   772  1327 W AppOps  : java.lang.RuntimeException: here
10-31 10:50:29.176   772  1327 W AppOps  : 	at com.android.server.AppOpsService.getOpsRawLocked(AppOpsService.java:1319)
10-31 10:50:29.176   772  1327 W AppOps  : 	at com.android.server.AppOpsService.checkPackage(AppOpsService.java:1038)
10-31 10:50:29.176   772  1327 W AppOps  : 	at com.android.internal.app.IAppOpsService$Stub.onTransact(IAppOpsService.java:169)
10-31 10:50:29.176   772  1327 W AppOps  : 	at android.os.Binder.execTransact(Binder.java:674)
10-31 10:50:29.178   772 13021 W AppOps  : Bad call: specified package com.google.android.gms under uid 10060 but it is really 10020
10-31 10:50:29.178   772 13021 W AppOps  : java.lang.RuntimeException: here
10-31 10:50:29.178   772 13021 W AppOps  : 	at com.android.server.AppOpsService.getOpsRawLocked(AppOpsService.java:1319)
10-31 10:50:29.178   772 13021 W AppOps  : 	at com.android.server.AppOpsService.checkPackage(AppOpsService.java:1038)
10-31 10:50:29.178   772 13021 W AppOps  : 	at com.android.internal.app.IAppOpsService$Stub.onTransact(IAppOpsService.java:169)
10-31 10:50:29.178   772 13021 W AppOps  : 	at android.os.Binder.execTransact(Binder.java:674)
10-31 10:50:29.184   772 10895 W AppOps  : Bad call: specified package com.google.android.gms under uid 10060 but it is really 10020
10-31 10:50:29.184   772 10895 W AppOps  : java.lang.RuntimeException: here
10-31 10:50:29.184   772 10895 W AppOps  : 	at com.android.server.AppOpsService.getOpsRawLocked(AppOpsService.java:1319)
10-31 10:50:29.184   772 10895 W AppOps  : 	at com.android.server.AppOpsService.checkPackage(AppOpsService.java:1038)
10-31 10:50:29.184   772 10895 W AppOps  : 	at com.android.internal.app.IAppOpsService$Stub.onTransact(IAppOpsService.java:169)
10-31 10:50:29.184   772 10895 W AppOps  : 	at android.os.Binder.execTransact(Binder.java:674)
10-31 10:50:29.187   772  2970 W AppOps  : Bad call: specified package com.google.android.gms under uid 10060 but it is really 10020
10-31 10:50:29.187   772  2970 W AppOps  : java.lang.RuntimeException: here
10-31 10:50:29.187   772  2970 W AppOps  : 	at com.android.server.AppOpsService.getOpsRawLocked(AppOpsService.java:1319)
10-31 10:50:29.187   772  2970 W AppOps  : 	at com.android.server.AppOpsService.checkPackage(AppOpsService.java:1038)
10-31 10:50:29.187   772  2970 W AppOps  : 	at com.android.internal.app.IAppOpsService$Stub.onTransact(IAppOpsService.java:169)
10-31 10:50:29.187   772  2970 W AppOps  : 	at android.os.Binder.execTransact(Binder.java:674)
10-31 10:50:29.193  3762  3794 D OpenGLRenderer: HWUI GL Pipeline
10-31 10:50:29.219  3762  3794 I Adreno  : QUALCOMM build                   : 7142022, Ib5823dd10c
10-31 10:50:29.219  3762  3794 I Adreno  : Build Date                       : 06/23/17
10-31 10:50:29.219  3762  3794 I Adreno  : OpenGL ES Shader Compiler Version: EV031.18.00.00
10-31 10:50:29.219  3762  3794 I Adreno  : Local Branch                     : O11A
10-31 10:50:29.219  3762  3794 I Adreno  : Remote Branch                    : 
10-31 10:50:29.219  3762  3794 I Adreno  : Remote Branch                    : 
10-31 10:50:29.219  3762  3794 I Adreno  : Reconstruct Branch               : 
10-31 10:50:29.220  3762  3794 I vndksupport: sphal namespace is not configured for this process. Loading /vendor/lib/hw/gralloc.msm8992.so from the current namespace instead.
10-31 10:50:29.228  3762  3794 I Adreno  : PFP: 0x00000000, ME: 0x00000000
10-31 10:50:29.230  3762  3762 W RecyclerView: No adapter attached; skipping layout
10-31 10:50:29.239  3762  3794 I OpenGLRenderer: Initialized EGL, version 1.4
10-31 10:50:29.239  3762  3794 D OpenGLRenderer: Swap behavior 2
10-31 10:50:29.244  3762  3762 I cr_StartSurfaceConfig: Recorded Startup.Android.FirstDrawCompletedTime.NoInstant = 96 ms
10-31 10:50:29.252  3762  3779 D NetworkSecurityConfig: Using Network Security Config from resource 0_resource_name_obfuscated debugBuild: false
10-31 10:50:29.253  3960  4191 E bfry    : Phenotype API error. Event # ddoj@e7d6454f, EventCode: 7 [CONTEXT service_id=51 ]
10-31 10:50:29.253  3960  4191 E bfry    : bfra: 29505: No config packages for log source, or config package not registered
10-31 10:50:29.253  3960  4191 E bfry    : 	at bfst.b(:com.google.android.gms@223616019@22.36.16 (040400-476895098):4)
10-31 10:50:29.253  3960  4191 E bfry    : 	at bfsq.g(:com.google.android.gms@223616019@22.36.16 (040400-476895098):0)
10-31 10:50:29.253  3960  4191 E bfry    : 	at bfry.e(:com.google.android.gms@223616019@22.36.16 (040400-476895098):4)
10-31 10:50:29.253  3960  4191 E bfry    : 	at bfry.f(:com.google.android.gms@223616019@22.36.16 (040400-476895098):2)
10-31 10:50:29.253  3960  4191 E bfry    : 	at arjg.ep(:com.google.android.gms@223616019@22.36.16 (040400-476895098):1)
10-31 10:50:29.253  3960  4191 E bfry    : 	at arjm.run(:com.google.android.gms@223616019@22.36.16 (040400-476895098):12)
10-31 10:50:29.253  3960  4191 E bfry    : 	at cjoq.run(:com.google.android.gms@223616019@22.36.16 (040400-476895098):2)
10-31 10:50:29.253  3960  4191 E bfry    : 	at aarl.c(:com.google.android.gms@223616019@22.36.16 (040400-476895098):6)
10-31 10:50:29.253  3960  4191 E bfry    : 	at aarl.run(:com.google.android.gms@223616019@22.36.16 (040400-476895098):7)
10-31 10:50:29.253  3960  4191 E bfry    : 	at java.util.concurrent.ThreadPoolExecutor.runWorker(ThreadPoolExecutor.java:1162)
10-31 10:50:29.253  3960  4191 E bfry    : 	at java.util.concurrent.ThreadPoolExecutor$Worker.run(ThreadPoolExecutor.java:636)
10-31 10:50:29.253  3960  4191 E bfry    : 	at aaws.run(:com.google.android.gms@223616019@22.36.16 (040400-476895098):0)
10-31 10:50:29.253  3960  4191 E bfry    : 	at java.lang.Thread.run(Thread.java:764)
10-31 10:50:29.255  3960  4191 W AsyncOperation: operation=GetExperimentTokensOperationCall, opStatusCode=29505 [CONTEXT service_id=51 ]
10-31 10:50:29.255  3960  4191 W AsyncOperation: OperationException[Status{statusCode=No config packages for log source, or config package not registered, resolution=null}]
10-31 10:50:29.255  3960  4191 W AsyncOperation: 	at bfry.e(:com.google.android.gms@223616019@22.36.16 (040400-476895098):6)
10-31 10:50:29.255  3960  4191 W AsyncOperation: 	at bfry.f(:com.google.android.gms@223616019@22.36.16 (040400-476895098):2)
10-31 10:50:29.255  3960  4191 W AsyncOperation: 	at arjg.ep(:com.google.android.gms@223616019@22.36.16 (040400-476895098):1)
10-31 10:50:29.255  3960  4191 W AsyncOperation: 	at arjm.run(:com.google.android.gms@223616019@22.36.16 (040400-476895098):12)
10-31 10:50:29.255  3960  4191 W AsyncOperation: 	at cjoq.run(:com.google.android.gms@223616019@22.36.16 (040400-476895098):2)
10-31 10:50:29.255  3960  4191 W AsyncOperation: 	at aarl.c(:com.google.android.gms@223616019@22.36.16 (040400-476895098):6)
10-31 10:50:29.255  3960  4191 W AsyncOperation: 	at aarl.run(:com.google.android.gms@223616019@22.36.16 (040400-476895098):7)
10-31 10:50:29.255  3960  4191 W AsyncOperation: 	at java.util.concurrent.ThreadPoolExecutor.runWorker(ThreadPoolExecutor.java:1162)
10-31 10:50:29.255  3960  4191 W AsyncOperation: 	at java.util.concurrent.ThreadPoolExecutor$Worker.run(ThreadPoolExecutor.java:636)
10-31 10:50:29.255  3960  4191 W AsyncOperation: 	at aaws.run(:com.google.android.gms@223616019@22.36.16 (040400-476895098):0)
10-31 10:50:29.255  3960  4191 W AsyncOperation: 	at java.lang.Thread.run(Thread.java:764)
10-31 10:50:29.513   361   361 W /system/bin/hwservicemanager: getTransportFromManifest: Cannot find entry android.hardware.graphics.mapper@2.0::IMapper in either framework or device manifest, using default transport.
10-31 10:50:29.515  3762  3794 I vndksupport: sphal namespace is not configured for this process. Loading /vendor/lib/hw/gralloc.msm8992.so from the current namespace instead.
10-31 10:50:29.550   772   797 I ActivityManager: Displayed com.android.chrome/org.chromium.chrome.browser.firstrun.FirstRunActivity: +417ms (total +713ms)
10-31 10:50:29.566  3762  3779 I cr_VariationsSeedFetch: Fetched first run seed in 315 ms
10-31 10:50:29.573   772   788 I ActivityManager: Start proc 3801:com.google.android.googlequicksearchbox:search/u0a45 for service com.google.android.googlequicksearchbox/com.google.android.apps.gsa.search.core.service.SearchService
10-31 10:50:29.590  3813  3813 E /system/bin/webview_zygote32: failed to make and chown /acct/uid_99779: Permission denied
10-31 10:50:29.590  3813  3813 E Zygote  : createProcessGroup(99779, 0) failed: Permission denied
10-31 10:50:29.595   772   784 I ActivityManager: Start proc 3813:com.android.chrome:sandboxed_process0/u0i779 for webview_service com.android.chrome/org.chromium.content.app.SandboxedProcessService0
10-31 10:50:29.628  3813  3813 I SamplingProfilerIntegration: Profiling disabled.
10-31 10:50:29.650  3830  3830 E asset   : setgid: Operation not permitted
10-31 10:50:29.686  3813  3813 I cr_SplitCompatApp: Launched version=106.0.5249.79 minSdkVersion=24 isBundle=true processName=com.android.chrome:sandboxed_process0 isIsolated=true
10-31 10:50:29.692  3813  3813 W SystemServiceRegistry: No service published for: uimode
10-31 10:50:29.699  3813  3813 I cr_ChildProcessService: Creating new ChildProcessService pid=3813
10-31 10:50:29.705  3813  3813 E WebViewFactory: can't load with relro file; address space not reserved
10-31 10:50:29.796   772   784 I ActivityManager: Start proc 3849:com.android.chrome:privileged_process0/u0a60 for service com.android.chrome/org.chromium.content.app.PrivilegedProcessService0
10-31 10:50:29.851  3762  3762 I cr_SmsProviderGms: construction successfull y93@48d2629, v93@2a7674f
10-31 10:50:29.860  3849  3849 I cr_SplitCompatApp: Launched version=106.0.5249.79 minSdkVersion=24 isBundle=true processName=com.android.chrome:privileged_process0 isIsolated=false
10-31 10:50:29.866 13542 13542 D BoundBrokerSvc: onBind: Intent { act=com.google.android.gms.auth.key.retrieval.service.START dat=chimera-action:com.google.android.gms.auth.key.retrieval.service.START cmp=com.google.android.gms/.chimera.GmsApiService }
10-31 10:50:29.867 13542 13542 D BoundBrokerSvc: Loading bound service for intent: Intent { act=com.google.android.gms.auth.key.retrieval.service.START dat=chimera-action:com.google.android.gms.auth.key.retrieval.service.START cmp=com.google.android.gms/.chimera.GmsApiService }
10-31 10:50:29.882  3849  3849 I cr_ChildProcessService: Creating new ChildProcessService pid=3849
10-31 10:50:29.935  3762  3762 W cr_KnoxSettingsProvider: Permission to read device policy denied.
10-31 10:50:29.936  3849  3868 I cr_LibraryLoader: Successfully loaded native library
10-31 10:50:29.937  3849  3868 I cr_CachingUmaRecorder: Flushed 3 samples from 3 histograms.
10-31 10:50:29.952  3849  3868 I Adreno  : QUALCOMM build                   : 7142022, Ib5823dd10c
10-31 10:50:29.952  3849  3868 I Adreno  : Build Date                       : 06/23/17
10-31 10:50:29.952  3849  3868 I Adreno  : OpenGL ES Shader Compiler Version: EV031.18.00.00
10-31 10:50:29.952  3849  3868 I Adreno  : Local Branch                     : O11A
10-31 10:50:29.952  3849  3868 I Adreno  : Remote Branch                    : 
10-31 10:50:29.952  3849  3868 I Adreno  : Remote Branch                    : 
10-31 10:50:29.952  3849  3868 I Adreno  : Reconstruct Branch               : 
10-31 10:50:29.952  3849  3868 I vndksupport: sphal namespace is not configured for this process. Loading /vendor/lib/hw/gralloc.msm8992.so from the current namespace instead.
10-31 10:50:29.958  3849  3868 I Adreno  : PFP: 0x00000000, ME: 0x00000000
10-31 10:50:30.136   772 20193 W ActivityManager: Unable to start service Intent { act=com.google.android.gms.speech.service.START pkg=com.google.android.gms } U=0: not found
10-31 10:50:30.136   772 32228 W ActivityManager: Unbind failed: could not find connection for android.os.BinderProxy@9529937
10-31 10:50:30.137  3801  3892 E GmsClient: unable to connect to service: com.google.android.gms.speech.service.START on com.google.android.gms
10-31 10:50:30.138  3801  3801 I MicroDetectionWorker: #initializeDataManager [recognitionLocale: en-US, isForced: false, initGHRecognizer: false]
10-31 10:50:30.142  3801  3801 W SearchService: Abort, client detached.
10-31 10:50:30.146  3801  3865 W com.google.protobuf.fi: copyMemory is missing from platform - proto runtime falling back to safer methods.
10-31 10:50:30.795  3894  3894 E /system/bin/webview_zygote32: failed to make and chown /acct/uid_99780: Permission denied
10-31 10:50:30.795  3894  3894 E Zygote  : createProcessGroup(99780, 0) failed: Permission denied
10-31 10:50:30.798   772 10895 I ActivityManager: Start proc 3894:com.android.chrome:sandboxed_process1/u0i780 for webview_service com.android.chrome/org.chromium.content.app.SandboxedProcessService1
10-31 10:50:30.816  3894  3894 I SamplingProfilerIntegration: Profiling disabled.
10-31 10:50:30.835  3907  3907 E asset   : setgid: Operation not permitted
10-31 10:50:30.866  3894  3894 I cr_SplitCompatApp: Launched version=106.0.5249.79 minSdkVersion=24 isBundle=true processName=com.android.chrome:sandboxed_process1 isIsolated=true
10-31 10:50:30.872  3894  3894 W SystemServiceRegistry: No service published for: uimode
10-31 10:50:30.884  3894  3894 I cr_ChildProcessService: Creating new ChildProcessService pid=3894
10-31 10:50:30.891  3894  3894 E WebViewFactory: can't load with relro file; address space not reserved
10-31 10:50:30.904  3894  3909 I cr_LibraryLoader: Successfully loaded native library
10-31 10:50:30.910  3894  3909 I cr_CachingUmaRecorder: Flushed 3 samples from 3 histograms.
10-31 10:50:30.941  3894  3909 I chromium: [INFO:child_process_service.cc(69)] ChildProcessService: Exiting child process.
10-31 10:50:30.946   422   422 E lowmemorykiller: Error writing /proc/3894/oom_score_adj; errno=22
10-31 10:50:30.946   772 10895 I ActivityManager: Killing 3894:com.android.chrome:sandboxed_process1/u0a60i780 (adj 0): isolated not needed
10-31 10:50:30.947   772   790 W zygote64: failed to open /acct/uid_99780/pid_3894/cgroup.procs: No such file or directory
10-31 10:50:32.054  3762  3762 E cr_BTSPrefs: No data found for task id: 53
10-31 10:50:32.055  3762  3762 E cr_BkgrdTaskScheduler: Task cannot be canceled because no data was found instorage or data was invalid
10-31 10:50:32.792   772   787 I UsageStatsService: User[0] Flushing usage stats to disk
10-31 10:50:35.639  3935  3935 D AndroidRuntime: >>>>>> START com.android.internal.os.RuntimeInit uid 2000 <<<<<<
10-31 10:50:35.793  3935  3935 D AndroidRuntime: Calling main entry com.android.commands.input.Input
10-31 10:50:35.803  3935  3935 I Input   : injectMotionEvent: MotionEvent { action=ACTION_DOWN, actionButton=0, id[0]=0, x[0]=540.0, y[0]=1660.0, toolType[0]=TOOL_TYPE_UNKNOWN, buttonState=0, metaState=0, flags=0x0, edgeFlags=0x0, pointerCount=1, historySize=0, eventTime=528334062, downTime=528334062, deviceId=8, source=0x1002 }
10-31 10:50:35.810  3935  3935 I Input   : injectMotionEvent: MotionEvent { action=ACTION_UP, actionButton=0, id[0]=0, x[0]=540.0, y[0]=1660.0, toolType[0]=TOOL_TYPE_UNKNOWN, buttonState=0, metaState=0, flags=0x0, edgeFlags=0x0, pointerCount=1, historySize=0, eventTime=528334062, downTime=528334062, deviceId=8, source=0x1002 }
10-31 10:50:35.815  3935  3935 D AndroidRuntime: Shutting down VM
10-31 10:50:35.841   556  6498 D audio_hw_primary: enable_snd_device: snd_device(88: vi-feedback)
10-31 10:50:35.841   556  6498 D audio_hw_primary: enable_audio_route: usecase(23) apply and update mixer path: spkr-vi-record
10-31 10:50:35.867   556  6498 D audio_hw_primary: enable_audio_route: usecase(1) apply and update mixer path: low-latency-playback
10-31 10:50:36.395   556   731 D audio_hw_primary: disable_audio_route: usecase(1) reset and update mixer path: low-latency-playback
10-31 10:50:36.409   556   731 D audio_hw_primary: disable_snd_device: snd_device(88: vi-feedback)
10-31 10:50:36.409   556   731 D audio_hw_primary: disable_audio_route: usecase(23) reset and update mixer path: spkr-vi-record
10-31 10:50:37.236  3951  3951 D AndroidRuntime: >>>>>> START com.android.internal.os.RuntimeInit uid 2000 <<<<<<
10-31 10:50:37.359  3951  3951 D AndroidRuntime: Calling main entry com.android.commands.input.Input
10-31 10:50:37.364  3951  3951 I Input   : injectMotionEvent: MotionEvent { action=ACTION_DOWN, actionButton=0, id[0]=0, x[0]=180.0, y[0]=1690.0, toolType[0]=TOOL_TYPE_UNKNOWN, buttonState=0, metaState=0, flags=0x0, edgeFlags=0x0, pointerCount=1, historySize=0, eventTime=528335629, downTime=528335629, deviceId=8, source=0x1002 }
10-31 10:50:37.367  3951  3951 I Input   : injectMotionEvent: MotionEvent { action=ACTION_UP, actionButton=0, id[0]=0, x[0]=180.0, y[0]=1690.0, toolType[0]=TOOL_TYPE_UNKNOWN, buttonState=0, metaState=0, flags=0x0, edgeFlags=0x0, pointerCount=1, historySize=0, eventTime=528335629, downTime=528335629, deviceId=8, source=0x1002 }
10-31 10:50:37.369  3951  3951 D AndroidRuntime: Shutting down VM
10-31 10:50:37.383   556  6498 D audio_hw_primary: enable_snd_device: snd_device(88: vi-feedback)
10-31 10:50:37.383   556  6498 D audio_hw_primary: enable_audio_route: usecase(23) apply and update mixer path: spkr-vi-record
10-31 10:50:37.386   772  2970 I ActivityManager: START u0 {act=android.intent.action.VIEW flg=0x10008000 cmp=com.android.chrome/com.google.android.apps.chrome.Main (has extras)} from uid 10060
10-31 10:50:37.390   772   830 E ResourceType: Style contains key with bad entry: 0x0101062c
10-31 10:50:37.393   772   830 E ResourceType: Style contains key with bad entry: 0x0101062c
10-31 10:50:37.409   556  6498 D audio_hw_primary: enable_audio_route: usecase(1) apply and update mixer path: low-latency-playback
10-31 10:50:37.410  3762  3762 E ResourceType: Style contains key with bad entry: 0x0101062c
10-31 10:50:37.417  3762  3762 E ResourceType: Style contains key with bad entry: 0x0101062c
10-31 10:50:37.454  3762  3762 W ResourceType: Failure getting entry for 0x7f010055 (t=0 e=85) (error -75)
10-31 10:50:37.461  3762  3762 I cr_CompositorSurfaceMgr: Transitioning to surface with format: -1
10-31 10:50:37.468  3762  3762 W ResourceType: Failure getting entry for 0x7f010530 (t=0 e=1328) (error -75)
10-31 10:50:37.502  3762  3838 W cr_tabmodel: Starting to perform legacy migration.
10-31 10:50:37.504  3762  3838 W cr_tabmodel: Finished performing legacy migration.
10-31 10:50:37.504  3762  3838 W cr_tabmodel: Starting to perform multi-instance migration.
10-31 10:50:37.505  3762  3838 W cr_tabmodel: Finished performing multi-instance migration.
10-31 10:50:37.505  3762  3838 I cr_tabmodel: Starting to fetch tab list for tab_state0
10-31 10:50:37.505  3762  3838 I cr_tabmodel: State file does not exist.
10-31 10:50:37.505  3762  3838 I cr_tabmodel: Starting to fetch tab list for tab_state1
10-31 10:50:37.505  3762  3838 I cr_tabmodel: State file does not exist.
10-31 10:50:37.540   772   996 W ActivityManager: Duplicate finish request for ActivityRecord{12130b6 u0 com.android.chrome/org.chromium.chrome.browser.firstrun.FirstRunActivity t695 f}
10-31 10:50:37.547  3762  3838 W cr_PartnerCustomize: Partner homepage must be HTTP(S) or NewTabPage. Got invalid URL "org.chromium.url.GURL@0"
10-31 10:50:37.570  3762  3762 I cr_StartSurfaceConfig: Recorded Startup.Android.FirstDrawCompletedTime.NoInstant = 143 ms
10-31 10:50:37.574  3762  3794 D OpenGLRenderer: endAllActiveAnimators on 0xca7c4d80 (RippleDrawable) with handle 0xc847eb60
10-31 10:50:37.579  3762  3762 I cr_CompositorSurfaceMgr: Transitioning to surface with format: -1
10-31 10:50:37.581  3762  3762 I cr_CompositorSurfaceMgr: surfaceCreated format: 0
10-31 10:50:37.590  3762  3762 I cr_ChromeTabbedActivity: #initializeState
10-31 10:50:37.590  3762  3762 I cr_CipherFactory: #restoreFromBundle, no savedInstanceState.
10-31 10:50:37.590  3762  3762 I cr_tabmodel: #loadState, ignoreIncognitoFiles? true
10-31 10:50:37.596  3762  3762 I cr_tabmodel: Loaded tab lists; counts: 0,0
10-31 10:50:37.597  3762  3762 I cr_ChromeTabbedActivity: #createInitialTab executed.
10-31 10:50:37.620  3762  3762 E ResourceType: Style contains key with bad entry: 0x0101062c
10-31 10:50:37.655  3762  3762 W ResourceType: Failure getting entry for 0x7f010565 (t=0 e=1381) (error -75)
10-31 10:50:37.661  3762  3762 W ResourceType: Failure getting entry for 0x7f010551 (t=0 e=1361) (error -75)
10-31 10:50:37.706  3762  3762 W ResourceType: Failure getting entry for 0x7f01059a (t=0 e=1434) (error -75)
10-31 10:50:37.722   772 20193 E BatteryStatsService: no controller energy info supplied
10-31 10:50:37.722   772 20193 E BatteryStatsService: no controller energy info supplied
10-31 10:50:37.741   772  1324 W AppOps  : Bad call: specified package com.google.android.gms under uid 10060 but it is really 10020
10-31 10:50:37.741   772  1324 W AppOps  : java.lang.RuntimeException: here
10-31 10:50:37.741   772  1324 W AppOps  : 	at com.android.server.AppOpsService.getOpsRawLocked(AppOpsService.java:1319)
10-31 10:50:37.741   772  1324 W AppOps  : 	at com.android.server.AppOpsService.checkPackage(AppOpsService.java:1038)
10-31 10:50:37.741   772  1324 W AppOps  : 	at com.android.internal.app.IAppOpsService$Stub.onTransact(IAppOpsService.java:169)
10-31 10:50:37.741   772  1324 W AppOps  : 	at android.os.Binder.execTransact(Binder.java:674)
10-31 10:50:37.742   772 13071 W AppOps  : Bad call: specified package com.google.android.gms under uid 10060 but it is really 10020
10-31 10:50:37.742   772 13071 W AppOps  : java.lang.RuntimeException: here
10-31 10:50:37.742   772 13071 W AppOps  : 	at com.android.server.AppOpsService.getOpsRawLocked(AppOpsService.java:1319)
10-31 10:50:37.742   772 13071 W AppOps  : 	at com.android.server.AppOpsService.checkPackage(AppOpsService.java:1038)
10-31 10:50:37.742   772 13071 W AppOps  : 	at com.android.internal.app.IAppOpsService$Stub.onTransact(IAppOpsService.java:169)
10-31 10:50:37.742   772 13071 W AppOps  : 	at android.os.Binder.execTransact(Binder.java:674)
10-31 10:50:37.744   772   784 W AppOps  : Bad call: specified package com.google.android.gms under uid 10060 but it is really 10020
10-31 10:50:37.744   772   784 W AppOps  : java.lang.RuntimeException: here
10-31 10:50:37.744   772   784 W AppOps  : 	at com.android.server.AppOpsService.getOpsRawLocked(AppOpsService.java:1319)
10-31 10:50:37.744   772   784 W AppOps  : 	at com.android.server.AppOpsService.checkPackage(AppOpsService.java:1038)
10-31 10:50:37.744   772   784 W AppOps  : 	at com.android.internal.app.IAppOpsService$Stub.onTransact(IAppOpsService.java:169)
10-31 10:50:37.744   772   784 W AppOps  : 	at android.os.Binder.execTransact(Binder.java:674)
10-31 10:50:37.745   772   785 W AppOps  : Bad call: specified package com.google.android.gms under uid 10060 but it is really 10020
10-31 10:50:37.745   772   785 W AppOps  : java.lang.RuntimeException: here
10-31 10:50:37.745   772   785 W AppOps  : 	at com.android.server.AppOpsService.getOpsRawLocked(AppOpsService.java:1319)
10-31 10:50:37.745   772   785 W AppOps  : 	at com.android.server.AppOpsService.checkPackage(AppOpsService.java:1038)
10-31 10:50:37.745   772   785 W AppOps  : 	at com.android.internal.app.IAppOpsService$Stub.onTransact(IAppOpsService.java:169)
10-31 10:50:37.745   772   785 W AppOps  : 	at android.os.Binder.execTransact(Binder.java:674)
10-31 10:50:37.753   772   788 W ProcessCpuTracker: Skipping unknown process pid 3998
10-31 10:50:37.764  3813  3832 I cr_LibraryLoader: Successfully loaded native library
10-31 10:50:37.765  3813  3832 I cr_CachingUmaRecorder: Flushed 3 samples from 3 histograms.
10-31 10:50:37.779  3762  3762 E cr_IntentUtils: getBooleanExtra failed on intent null
10-31 10:50:37.779  3762  3762 E cr_IntentUtils: getBooleanExtra failed on intent null
10-31 10:50:37.810  3762  3762 W ResourceType: Failure getting entry for 0x7f010888 (t=0 e=2184) (error -75)
10-31 10:50:37.825  3762  3762 I chatty  : uid=10060(u0_a60) identical 6 lines
10-31 10:50:37.826  3762  3762 W ResourceType: Failure getting entry for 0x7f010888 (t=0 e=2184) (error -75)
10-31 10:50:37.827  3762  3762 I cr_TopSites: Start a new task.
10-31 10:50:37.828  3762  3845 I cr_TopSites: Serializing top sites lists finished; count: 8
10-31 10:50:37.830  3960  3971 I FontLog : Received query name=Google Sans&weight=700&besteffort=false, URI content://com.google.android.gms.fonts [CONTEXT service_id=132 ]
10-31 10:50:37.830  3960  3971 I FontLog : Query [name=Google Sans&weight=700&besteffort=false] resolved to {Google Sans, wdth 100.0, wght 700, ital 0.0, bestEffort false} [CONTEXT service_id=132 ]
10-31 10:50:37.833  3960  3971 I FontLog : Fetch {Google Sans, wdth 100.0, wght 700, ital 0.0, bestEffort false} end status Status{statusCode=SUCCESS, resolution=null} [CONTEXT service_id=132 ]
10-31 10:50:37.835  3762  3845 I cr_TopSites: Finished saving top sites list to file:/data/user/0/com.android.chrome/app_top_sites/top_sites
10-31 10:50:37.844  3960  4245 I FontLog : Pulling font file for id = 1673, cache size = 6 [CONTEXT service_id=132 ]
10-31 10:50:37.855   772  4540 I ActivityManager: Start proc 4017:com.android.chrome:sandboxed_process2/u0i781 for webview_service com.android.chrome/org.chromium.content.app.SandboxedProcessService2
10-31 10:50:37.856  4017  4017 E /system/bin/webview_zygote32: failed to make and chown /acct/uid_99781: Permission denied
10-31 10:50:37.856  4017  4017 E Zygote  : createProcessGroup(99781, 0) failed: Permission denied
10-31 10:50:37.867   361   361 W /system/bin/hwservicemanager: getTransportFromManifest: Cannot find entry android.hardware.graphics.mapper@2.0::IMapper in either framework or device manifest, using default transport.
10-31 10:50:37.872  3849  3868 I vndksupport: sphal namespace is not configured for this process. Loading /vendor/lib/hw/gralloc.msm8992.so from the current namespace instead.
10-31 10:50:37.876   772  3041 I ActivityManager: Start proc 4027:com.android.chrome:sandboxed_process3/u0i782 for webview_service com.android.chrome/org.chromium.content.app.SandboxedProcessService3
10-31 10:50:37.883  3960  3972 I FontLog : Received query name=Noto Color Emoji Compat&weight=400&besteffort=false, URI content://com.google.android.gms.fonts [CONTEXT service_id=132 ]
10-31 10:50:37.884  3960  3972 I FontLog : Query [name=Noto Color Emoji Compat&weight=400&besteffort=false] resolved to {Noto Color Emoji Compat, wdth 100.0, wght 400, ital 0.0, bestEffort false} [CONTEXT service_id=132 ]
10-31 10:50:37.887  3960  3972 I FontLog : Fetch {Noto Color Emoji Compat, wdth 100.0, wght 400, ital 0.0, bestEffort false} end status Status{statusCode=SUCCESS, resolution=null} [CONTEXT service_id=132 ]
10-31 10:50:37.888  4027  4027 E /system/bin/webview_zygote32: failed to make and chown /acct/uid_99782: Permission denied
10-31 10:50:37.888  4027  4027 E Zygote  : createProcessGroup(99782, 0) failed: Permission denied
10-31 10:50:37.904  4017  4017 I SamplingProfilerIntegration: Profiling disabled.
10-31 10:50:37.913  4045  4045 E /system/bin/webview_zygote32: failed to make and chown /acct/uid_99783: Permission denied
10-31 10:50:37.913  4045  4045 E Zygote  : createProcessGroup(99783, 0) failed: Permission denied
10-31 10:50:37.915   772 10894 I ActivityManager: Start proc 4045:com.android.chrome:sandboxed_process4/u0i783 for webview_service com.android.chrome/org.chromium.content.app.SandboxedProcessService4
10-31 10:50:37.916  4027  4027 I SamplingProfilerIntegration: Profiling disabled.
10-31 10:50:37.922  3960  4151 I FontLog : Pulling font file for id = 1674, cache size = 7 [CONTEXT service_id=132 ]
10-31 10:50:37.934   556   731 D audio_hw_primary: disable_audio_route: usecase(1) reset and update mixer path: low-latency-playback
10-31 10:50:37.936   772 10893 I ActivityManager: Start proc 4054:com.android.chrome:sandboxed_process5/u0i784 for webview_service com.android.chrome/org.chromium.content.app.SandboxedProcessService5
10-31 10:50:37.938  4054  4054 E /system/bin/webview_zygote32: failed to make and chown /acct/uid_99784: Permission denied
10-31 10:50:37.938  4054  4054 E Zygote  : createProcessGroup(99784, 0) failed: Permission denied
10-31 10:50:37.946  3960  3972 I FontLog : Received query name=Google Sans&weight=400&besteffort=false, URI content://com.google.android.gms.fonts [CONTEXT service_id=132 ]
10-31 10:50:37.946  3960  3972 I FontLog : Query [name=Google Sans&weight=400&besteffort=false] resolved to {Google Sans, wdth 100.0, wght 400, ital 0.0, bestEffort false} [CONTEXT service_id=132 ]
10-31 10:50:37.949  3960  3972 I FontLog : Font PFD returned from cache for {Google Sans, wdth 100.0, wght 400, ital 0.0, bestEffort false} [CONTEXT service_id=132 ]
10-31 10:50:37.949  3960  3972 I FontLog : Fetch {Google Sans, wdth 100.0, wght 400, ital 0.0, bestEffort false} end status Status{statusCode=SUCCESS, resolution=null} [CONTEXT service_id=132 ]
10-31 10:50:37.949   556   731 D audio_hw_primary: disable_snd_device: snd_device(88: vi-feedback)
10-31 10:50:37.949   556   731 D audio_hw_primary: disable_audio_route: usecase(23) reset and update mixer path: spkr-vi-record
10-31 10:50:37.954  3762  3762 W ResourceType: Failure getting entry for 0x7f010216 (t=0 e=534) (error -75)
10-31 10:50:37.954  4065  4065 E asset   : setgid: Operation not permitted
10-31 10:50:37.958  3762  3762 W ResourceType: Failure getting entry for 0x7f0107c9 (t=0 e=1993) (error -75)
10-31 10:50:37.963  4071  4071 E asset   : setgid: Operation not permitted
10-31 10:50:37.965  4072  4072 E /system/bin/webview_zygote32: failed to make and chown /acct/uid_99785: Permission denied
10-31 10:50:37.965  4072  4072 E Zygote  : createProcessGroup(99785, 0) failed: Permission denied
10-31 10:50:37.968   772 13021 I ActivityManager: Start proc 4072:com.android.chrome:sandboxed_process6/u0i785 for webview_service com.android.chrome/org.chromium.content.app.SandboxedProcessService6
10-31 10:50:37.971  3960  4244 I FontLog : Pulling font file for id = 1675, cache size = 6 [CONTEXT service_id=132 ]
10-31 10:50:37.975  4045  4045 I SamplingProfilerIntegration: Profiling disabled.
10-31 10:50:37.978  3762  3762 W ResourceType: Failure getting entry for 0x7f010827 (t=0 e=2087) (error -75)
10-31 10:50:37.984  4017  4017 I cr_SplitCompatApp: Launched version=106.0.5249.79 minSdkVersion=24 isBundle=true processName=com.android.chrome:sandboxed_process2 isIsolated=true
10-31 10:50:37.986  4072  4072 I SamplingProfilerIntegration: Profiling disabled.
10-31 10:50:37.988  4045  4062 I /system/bin/webview_zygote32: Background concurrent copying GC freed 2257(1410KB) AllocSpace objects, 0(0B) LOS objects, 96% free, 47KB/1583KB, paused 6.600ms total 24.337ms
10-31 10:50:37.988  3762  3762 I cr_OfflineIndicator: onConnectionTypeChanged 2
10-31 10:50:37.989  3762  3762 I cr_OfflineIndicator: Reported by system: [ Transports: WIFI Capabilities: NOT_METERED&INTERNET&NOT_RESTRICTED&TRUSTED&NOT_VPN&VALIDATED&FOREGROUND LinkUpBandwidth>=1048576Kbps LinkDnBandwidth>=1048576Kbps SignalStrength: -66]
10-31 10:50:37.989  4017  4017 W SystemServiceRegistry: No service published for: uimode
10-31 10:50:37.989  3762  3762 I cr_OfflineIndicator: setConnectionState connectionState=4
10-31 10:50:37.989  3762  3762 I cr_OfflineDetector: Running updateState mConnectivityDetectorInitialized: true, mTimeWhenLastForegrounded: 1085892155, getElapsedTime: 1085892155, mTimeWhenLastOfflineNotificationReceived: 0, mTimeWhenLastOnline: 1085892155, mApplicationState: 1, mIsOfflineLastReportedByConnectivityDetector: false, mIsEffectivelyOffline: false
10-31 10:50:37.989  3762  3762 I cr_OfflineDetector: updateState(): timeSinceLastForeground: 0, timeSinceOfflineNotificationReceived: 1085892155, timeSinceLastOnline: 0, timeNeededForForeground: 2000, timeNeededForOffline: -1085890155
10-31 10:50:37.989  3762  3762 I cr_OfflineIndicator: processConnectivityCheckResult mConnectionState=4 mConnectivityCheckingStage=1
10-31 10:50:37.994  4027  4027 I cr_SplitCompatApp: Launched version=106.0.5249.79 minSdkVersion=24 isBundle=true processName=com.android.chrome:sandboxed_process3 isIsolated=true
10-31 10:50:37.995  4054  4054 I SamplingProfilerIntegration: Profiling disabled.
10-31 10:50:38.000  4017  4017 I cr_ChildProcessService: Creating new ChildProcessService pid=4017
10-31 10:50:38.004  4027  4027 W SystemServiceRegistry: No service published for: uimode
10-31 10:50:38.004  4089  4089 E /system/bin/webview_zygote32: failed to make and chown /acct/uid_99786: Permission denied
10-31 10:50:38.005  4089  4089 E Zygote  : createProcessGroup(99786, 0) failed: Permission denied
10-31 10:50:38.007   772   784 I ActivityManager: Start proc 4089:com.android.chrome:sandboxed_process7/u0i786 for webview_service com.android.chrome/org.chromium.content.app.SandboxedProcessService7
10-31 10:50:38.011  4027  4027 I cr_ChildProcessService: Creating new ChildProcessService pid=4027
10-31 10:50:38.023  3762  3762 W ResourceType: Failure getting entry for 0x7f010415 (t=0 e=1045) (error -75)
10-31 10:50:38.025  3960  4217 I FontLog : Received query name=Google Sans&weight=500&besteffort=false, URI content://com.google.android.gms.fonts [CONTEXT service_id=132 ]
10-31 10:50:38.026  3960  4217 I FontLog : Query [name=Google Sans&weight=500&besteffort=false] resolved to {Google Sans, wdth 100.0, wght 500, ital 0.0, bestEffort false} [CONTEXT service_id=132 ]
10-31 10:50:38.026  4017  4017 E WebViewFactory: can't load with relro file; address space not reserved
10-31 10:50:38.027  3960  4217 I FontLog : Font PFD returned from cache for {Google Sans, wdth 100.0, wght 500, ital 0.0, bestEffort false} [CONTEXT service_id=132 ]
10-31 10:50:38.027  3960  4217 I FontLog : Fetch {Google Sans, wdth 100.0, wght 500, ital 0.0, bestEffort false} end status Status{statusCode=SUCCESS, resolution=null} [CONTEXT service_id=132 ]
10-31 10:50:38.034  4089  4089 I SamplingProfilerIntegration: Profiling disabled.
10-31 10:50:38.035  4027  4027 E WebViewFactory: can't load with relro file; address space not reserved
10-31 10:50:38.036  4103  4103 E asset   : setgid: Operation not permitted
10-31 10:50:38.038  4102  4102 E asset   : setgid: Operation not permitted
10-31 10:50:38.039  4104  4104 E asset   : setgid: Operation not permitted
10-31 10:50:38.047   772  1327 I ActivityManager: Start proc 4106:com.android.chrome:sandboxed_process8/u0i787 for webview_service com.android.chrome/org.chromium.content.app.SandboxedProcessService8
10-31 10:50:38.052  4106  4106 E /system/bin/webview_zygote32: failed to make and chown /acct/uid_99787: Permission denied
10-31 10:50:38.052  4106  4106 E Zygote  : createProcessGroup(99787, 0) failed: Permission denied
10-31 10:50:38.059  3960  4151 I FontLog : Pulling font file for id = 1676, cache size = 7 [CONTEXT service_id=132 ]
10-31 10:50:38.072  3762  3762 I cr_tabmodel: Appending tabs being restored to metadata lists, 0, startingNormalCount: 1, startingIncognitoCount: 0
10-31 10:50:38.072  3762  3762 I cr_tabmodel: Serializing tab lists; counts: 1, 0
10-31 10:50:38.072  4045  4045 I cr_SplitCompatApp: Launched version=106.0.5249.79 minSdkVersion=24 isBundle=true processName=com.android.chrome:sandboxed_process4 isIsolated=true
10-31 10:50:38.075   772 13022 I ActivityManager: Start proc 4118:com.android.chrome:sandboxed_process9/u0i788 for webview_service com.android.chrome/org.chromium.content.app.SandboxedProcessService9
10-31 10:50:38.078  4118  4118 E /system/bin/webview_zygote32: failed to make and chown /acct/uid_99788: Permission denied
10-31 10:50:38.078  4118  4118 E Zygote  : createProcessGroup(99788, 0) failed: Permission denied
10-31 10:50:38.078  4045  4045 W SystemServiceRegistry: No service published for: uimode
10-31 10:50:38.083  4106  4106 I SamplingProfilerIntegration: Profiling disabled.
10-31 10:50:38.086  4017  4088 I cr_LibraryLoader: Successfully loaded native library
10-31 10:50:38.087  4072  4072 I cr_SplitCompatApp: Launched version=106.0.5249.79 minSdkVersion=24 isBundle=true processName=com.android.chrome:sandboxed_process6 isIsolated=true
10-31 10:50:38.088  4124  4124 E asset   : setgid: Operation not permitted
10-31 10:50:38.090  4017  4088 I cr_CachingUmaRecorder: Flushed 3 samples from 3 histograms.
10-31 10:50:38.092  4027  4096 I cr_LibraryLoader: Successfully loaded native library
10-31 10:50:38.092  4045  4045 I cr_ChildProcessService: Creating new ChildProcessService pid=4045
10-31 10:50:38.095  4027  4096 I cr_CachingUmaRecorder: Flushed 3 samples from 3 histograms.
10-31 10:50:38.098  4054  4054 I cr_SplitCompatApp: Launched version=106.0.5249.79 minSdkVersion=24 isBundle=true processName=com.android.chrome:sandboxed_process5 isIsolated=true
10-31 10:50:38.105  4072  4072 W SystemServiceRegistry: No service published for: uimode
10-31 10:50:38.107  4045  4045 E WebViewFactory: can't load with relro file; address space not reserved
10-31 10:50:38.108  4054  4054 W SystemServiceRegistry: No service published for: uimode
10-31 10:50:38.117  4045  4129 I cr_LibraryLoader: Successfully loaded native library
10-31 10:50:38.117  4045  4129 I cr_CachingUmaRecorder: Flushed 3 samples from 3 histograms.
10-31 10:50:38.121  4054  4054 I cr_ChildProcessService: Creating new ChildProcessService pid=4054
10-31 10:50:38.125  4072  4072 I cr_ChildProcessService: Creating new ChildProcessService pid=4072
10-31 10:50:38.125  4118  4118 I SamplingProfilerIntegration: Profiling disabled.
10-31 10:50:38.127  4144  4144 E asset   : setgid: Operation not permitted
10-31 10:50:38.143  4072  4072 E WebViewFactory: can't load with relro file; address space not reserved
10-31 10:50:38.148  4017  4088 I chromium: [INFO:child_process_service.cc(69)] ChildProcessService: Exiting child process.
10-31 10:50:38.150  4054  4054 E WebViewFactory: can't load with relro file; address space not reserved
10-31 10:50:38.153   422   422 E lowmemorykiller: Error writing /proc/4017/oom_score_adj; errno=22
10-31 10:50:38.154   772  4540 I ActivityManager: Killing 4017:com.android.chrome:sandboxed_process2/u0a60i781 (adj 0): isolated not needed
10-31 10:50:38.155   772   790 W zygote64: failed to open /acct/uid_99781/pid_4017/cgroup.procs: No such file or directory
10-31 10:50:38.159  4072  4146 I cr_LibraryLoader: Successfully loaded native library
10-31 10:50:38.160  4089  4089 I cr_SplitCompatApp: Launched version=106.0.5249.79 minSdkVersion=24 isBundle=true processName=com.android.chrome:sandboxed_process7 isIsolated=true
10-31 10:50:38.161  4072  4146 I cr_CachingUmaRecorder: Flushed 3 samples from 3 histograms.
10-31 10:50:38.166  4054  4145 I cr_LibraryLoader: Successfully loaded native library
10-31 10:50:38.168  4054  4145 I cr_CachingUmaRecorder: Flushed 3 samples from 3 histograms.
10-31 10:50:38.173  4158  4158 E asset   : setgid: Operation not permitted
10-31 10:50:38.174  4089  4089 W SystemServiceRegistry: No service published for: uimode
10-31 10:50:38.192  4089  4089 I cr_ChildProcessService: Creating new ChildProcessService pid=4089
10-31 10:50:38.196  4106  4106 I cr_SplitCompatApp: Launched version=106.0.5249.79 minSdkVersion=24 isBundle=true processName=com.android.chrome:sandboxed_process8 isIsolated=true
10-31 10:50:38.206  4089  4089 E WebViewFactory: can't load with relro file; address space not reserved
10-31 10:50:38.206  4106  4106 W SystemServiceRegistry: No service published for: uimode
10-31 10:50:38.212  4106  4106 I cr_ChildProcessService: Creating new ChildProcessService pid=4106
10-31 10:50:38.212  4118  4118 I cr_SplitCompatApp: Launched version=106.0.5249.79 minSdkVersion=24 isBundle=true processName=com.android.chrome:sandboxed_process9 isIsolated=true
10-31 10:50:38.221  4089  4175 I cr_LibraryLoader: Successfully loaded native library
10-31 10:50:38.223  4089  4175 I cr_CachingUmaRecorder: Flushed 3 samples from 3 histograms.
10-31 10:50:38.223  4106  4106 E WebViewFactory: can't load with relro file; address space not reserved
10-31 10:50:38.224  4118  4118 W SystemServiceRegistry: No service published for: uimode
10-31 10:50:38.231  4106  4183 I cr_LibraryLoader: Successfully loaded native library
10-31 10:50:38.232  4106  4183 I cr_CachingUmaRecorder: Flushed 3 samples from 3 histograms.
10-31 10:50:38.243  3762  3838 I cr_VrCoreVersionChecker: Unable to find VrCore.
10-31 10:50:38.245  4118  4118 I cr_ChildProcessService: Creating new ChildProcessService pid=4118
10-31 10:50:38.252  4118  4118 E WebViewFactory: can't load with relro file; address space not reserved
10-31 10:50:38.258  3762  3762 W ResourceType: Failure getting entry for 0x7f0100f9 (t=0 e=249) (error -75)
10-31 10:50:38.259  3762  3762 W ResourceType: Failure getting entry for 0x7f010828 (t=0 e=2088) (error -75)
10-31 10:50:38.267  4118  4192 I cr_LibraryLoader: Successfully loaded native library
10-31 10:50:38.269  4118  4192 I cr_CachingUmaRecorder: Flushed 3 samples from 3 histograms.
10-31 10:50:38.272  3762  3762 W ResourceType: Failure getting entry for 0x7f010827 (t=0 e=2087) (error -75)
10-31 10:50:38.296  3762  3762 W chromium: [WARNING:compositor_view.cc(342)] Child process died (type=6) pid=4017)
10-31 10:50:38.297  4027  4096 I chromium: [INFO:child_process_service.cc(69)] ChildProcessService: Exiting child process.
10-31 10:50:38.299   422   422 E lowmemorykiller: Error writing /proc/4027/oom_score_adj; errno=22
10-31 10:50:38.300   772  3854 I ActivityManager: Killing 4027:com.android.chrome:sandboxed_process3/u0a60i782 (adj 0): isolated not needed
10-31 10:50:38.300   772   790 W zygote64: failed to open /acct/uid_99782/pid_4027/cgroup.procs: No such file or directory
10-31 10:50:38.302  4045  4129 I chromium: [INFO:child_process_service.cc(69)] ChildProcessService: Exiting child process.
10-31 10:50:38.303   422   422 E lowmemorykiller: Error writing /proc/4045/oom_score_adj; errno=22
10-31 10:50:38.304  4072  4146 I chromium: [INFO:child_process_service.cc(69)] ChildProcessService: Exiting child process.
10-31 10:50:38.305   772 32228 I ActivityManager: Killing 4045:com.android.chrome:sandboxed_process4/u0a60i783 (adj 0): isolated not needed
10-31 10:50:38.305  4054  4145 I chromium: [INFO:child_process_service.cc(69)] ChildProcessService: Exiting child process.
10-31 10:50:38.306   772   790 W zygote64: failed to open /acct/uid_99783/pid_4045/cgroup.procs: No such file or directory
10-31 10:50:38.307  4089  4175 I chromium: [INFO:child_process_service.cc(69)] ChildProcessService: Exiting child process.
10-31 10:50:38.310   422   422 E lowmemorykiller: Error writing /proc/4072/oom_score_adj; errno=22
10-31 10:50:38.311   772  3041 I ActivityManager: Killing 4072:com.android.chrome:sandboxed_process6/u0a60i785 (adj 0): isolated not needed
10-31 10:50:38.314  4106  4183 I chromium: [INFO:child_process_service.cc(69)] ChildProcessService: Exiting child process.
10-31 10:50:38.314   422   422 E lowmemorykiller: Error writing /proc/4054/oom_score_adj; errno=22
10-31 10:50:38.315   772 10894 I ActivityManager: Killing 4054:com.android.chrome:sandboxed_process5/u0a60i784 (adj 0): isolated not needed
10-31 10:50:38.318   772   790 W zygote64: failed to open /acct/uid_99785/pid_4072/cgroup.procs: No such file or directory
10-31 10:50:38.320   422   422 E lowmemorykiller: Error writing /proc/4089/oom_score_adj; errno=22
10-31 10:50:38.321   772   784 I ActivityManager: Killing 4089:com.android.chrome:sandboxed_process7/u0a60i786 (adj 0): isolated not needed
10-31 10:50:38.323   422   422 E lowmemorykiller: Error writing /proc/4106/oom_score_adj; errno=22
10-31 10:50:38.323  3762  3762 I Choreographer: Skipped 45 frames!  The application may be doing too much work on its main thread.
