10-30 14:34:14.812  6718  6779 I cr_omaha: <?xml version="1.0" encoding="UTF-8"?><response protocol="3.0" server="prod"><daystart elapsed_days="5781" elapsed_seconds="23653"/><app appid="{387E11AD-7109-45F6-83CF-CAA241ADC9DF}" cohort="1:hyx:" cohortname="Stable Chrome" status="ok"><updatecheck status="noupdate"/><ping status="ok"/></app></response>
10-30 14:34:14.814  6718  6779 I cr_omaha: Request to Server Successful. Timestamp for next request:1667140454814
10-30 14:34:14.814  6718  6779 I cr_omaha: Attempting to schedule next job for: Sun Oct 30 19:34:14 GMT+01:00 2022
10-30 14:34:14.817  6718  6718 I cr_omaha: Scheduled using JobService
10-30 14:34:14.818  6718  6718 E cr_BkgrdTaskJS: Tried finishing non-current BackgroundTask.
10-30 14:34:15.407  6718  6718 I cr_tabmodel: Appending tabs being restored to metadata lists, 0, startingNormalCount: 2, startingIncognitoCount: 0
10-30 14:34:15.407  6718  6718 I cr_tabmodel: Serializing tab lists; counts: 2, 0
10-30 14:34:15.610 26466 26466 D BoundBrokerSvc: onBind: Intent { act=com.google.android.gms.common.BIND_SHARED_PREFS pkg=com.google.android.gms }
10-30 14:34:15.610 26466 26466 D BoundBrokerSvc: Loading bound service for intent: Intent { act=com.google.android.gms.common.BIND_SHARED_PREFS pkg=com.google.android.gms }
10-30 14:34:15.616 26466 26466 D BoundBrokerSvc: onUnbind: Intent { act=com.google.android.gms.common.BIND_SHARED_PREFS pkg=com.google.android.gms }
10-30 14:34:16.812  6718  6718 W chromium: [WARNING:controller_impl.cc(1190)] Background download complete, client: 6, completion type: 0, file size:9419
10-30 14:34:16.825  6718  6718 W chromium: [WARNING:controller_impl.cc(1190)] Background download complete, client: 6, completion type: 0, file size:4951
10-30 14:34:16.844  7588  7588 E /system/bin/webview_zygote32: failed to make and chown /acct/uid_99444: Permission denied
10-30 14:34:16.844  7588  7588 E Zygote  : createProcessGroup(99444, 0) failed: Permission denied
10-30 14:34:16.848   772 13071 I ActivityManager: Start proc 7588:com.android.chrome:sandboxed_process28/u0i444 for webview_service com.android.chrome/org.chromium.content.app.SandboxedProcessService28
10-30 14:34:16.863  7599  7599 E /system/bin/webview_zygote32: failed to make and chown /acct/uid_99445: Permission denied
10-30 14:34:16.864  7599  7599 E Zygote  : createProcessGroup(99445, 0) failed: Permission denied
10-30 14:34:16.864   772  2969 I ActivityManager: Start proc 7599:com.android.chrome:sandboxed_process29/u0i445 for webview_service com.android.chrome/org.chromium.content.app.SandboxedProcessService29
10-30 14:34:16.870  7588  7588 I SamplingProfilerIntegration: Profiling disabled.
10-30 14:34:16.885  7599  7599 I SamplingProfilerIntegration: Profiling disabled.
10-30 14:34:16.889  7614  7614 E asset   : setgid: Operation not permitted
10-30 14:34:16.903  7615  7615 E asset   : setgid: Operation not permitted
10-30 14:34:16.934  7588  7588 I cr_SplitCompatApp: Launched version=106.0.5249.79 minSdkVersion=24 isBundle=true processName=com.android.chrome:sandboxed_process28 isIsolated=true
10-30 14:34:16.937  7599  7599 I cr_SplitCompatApp: Launched version=106.0.5249.79 minSdkVersion=24 isBundle=true processName=com.android.chrome:sandboxed_process29 isIsolated=true
10-30 14:34:16.940  7588  7588 W SystemServiceRegistry: No service published for: uimode
10-30 14:34:16.942  7599  7599 W SystemServiceRegistry: No service published for: uimode
10-30 14:34:16.950  7588  7588 I cr_ChildProcessService: Creating new ChildProcessService pid=7588
10-30 14:34:16.951  7599  7599 I cr_ChildProcessService: Creating new ChildProcessService pid=7599
10-30 14:34:16.956  7588  7588 E WebViewFactory: can't load with relro file; address space not reserved
10-30 14:34:16.959  7599  7599 E WebViewFactory: can't load with relro file; address space not reserved
10-30 14:34:16.966  7588  7618 I cr_LibraryLoader: Successfully loaded native library
10-30 14:34:16.967  7588  7618 I cr_CachingUmaRecorder: Flushed 3 samples from 3 histograms.
10-30 14:34:16.968  7599  7619 I cr_LibraryLoader: Successfully loaded native library
10-30 14:34:16.970  7599  7619 I cr_CachingUmaRecorder: Flushed 3 samples from 3 histograms.
10-30 14:34:16.990  7622  7622 W ThreadPoolForeg: type=1400 audit(0.0:7870): avc: denied { setattr } for name="model-info.pb" dev="dm-2" ino=1504951 scontext=u:r:isolated_app:s0:c512,c768 tcontext=u:object_r:app_data_file:s0:c512,c768 tclass=file permissive=0
10-30 14:34:16.993  7622  7622 W ThreadPoolForeg: type=1400 audit(0.0:7871): avc: denied { setattr } for name="model.tflite" dev="dm-2" ino=1504952 scontext=u:r:isolated_app:s0:c512,c768 tcontext=u:object_r:app_data_file:s0:c512,c768 tclass=file permissive=0
10-30 14:34:16.993  7631  7631 W ThreadPoolForeg: type=1400 audit(0.0:7872): avc: denied { setattr } for name="model-info.pb" dev="dm-2" ino=1504953 scontext=u:r:isolated_app:s0:c512,c768 tcontext=u:object_r:app_data_file:s0:c512,c768 tclass=file permissive=0
10-30 14:34:16.997  7631  7631 W ThreadPoolForeg: type=1400 audit(0.0:7873): avc: denied { setattr } for name="model.tflite" dev="dm-2" ino=1504954 scontext=u:r:isolated_app:s0:c512,c768 tcontext=u:object_r:app_data_file:s0:c512,c768 tclass=file permissive=0
10-30 14:34:17.000  7588  7618 I chromium: [INFO:child_process_service.cc(69)] ChildProcessService: Exiting child process.
10-30 14:34:17.002   422   422 E lowmemorykiller: Error writing /proc/7588/oom_score_adj; errno=22
10-30 14:34:17.003   772 13022 I ActivityManager: Killing 7588:com.android.chrome:sandboxed_process28/u0a60i444 (adj 0): isolated not needed
10-30 14:34:17.003   772   790 W zygote64: failed to open /acct/uid_99444/pid_7588/cgroup.procs: No such file or directory
10-30 14:34:17.008  7599  7619 I chromium: [INFO:child_process_service.cc(69)] ChildProcessService: Exiting child process.
10-30 14:34:17.010   422   422 E lowmemorykiller: Error writing /proc/7599/oom_score_adj; errno=22
10-30 14:34:17.010   772 20193 I ActivityManager: Killing 7599:com.android.chrome:sandboxed_process29/u0a60i445 (adj 0): isolated not needed
10-30 14:34:17.011   772   790 W zygote64: failed to open /acct/uid_99445/pid_7599/cgroup.procs: No such file or directory
10-30 14:34:17.017  6718  6718 W chromium: [WARNING:compositor_view.cc(342)] Child process died (type=6) pid=7588)
10-30 14:34:17.029  6718  6718 W chromium: [WARNING:compositor_view.cc(342)] Child process died (type=6) pid=7599)
10-30 14:34:20.214  6718  6718 E cr_BTSPrefs: No data found for task id: 56
10-30 14:34:20.215  6718  6718 E cr_BkgrdTaskScheduler: Task cannot be canceled because no data was found instorage or data was invalid
10-30 14:34:24.339  6718  6718 W ResourceType: Failure getting entry for 0x7f010888 (t=0 e=2184) (error -75)
10-30 14:34:24.378  6718  6718 I chatty  : uid=10060(u0_a60) identical 7 lines
10-30 14:34:24.384  6718  6718 W ResourceType: Failure getting entry for 0x7f010888 (t=0 e=2184) (error -75)
10-30 14:34:24.387  6718  6718 I cr_TopSites: Start a new task.
10-30 14:34:24.387  6718  6786 I cr_TopSites: Serializing top sites lists finished; count: 9
10-30 14:34:24.395  6718  6786 I cr_TopSites: Finished saving top sites list to file:/data/user/0/com.android.chrome/app_top_sites/top_sites
10-30 14:35:01.625  6718  6718 I cr_media: Create MediaDrmBridge with level L3 and origin 821FCF0F29B4B2BEE0B0BDCF638CC30A
10-30 14:35:01.631   361   361 W /system/bin/hwservicemanager: getTransportFromManifest: Cannot find entry android.hardware.drm@1.0::IDrmFactory in either framework or device manifest, using default transport.
10-30 14:35:01.695   562   562 I DrmHal  : makeDrmFactories: using default drm instance
10-30 14:35:01.700   361   361 W /system/bin/hwservicemanager: getTransportFromManifest: Cannot find entry android.hardware.drm@1.0::IDrmFactory in either framework or device manifest, using default transport.
10-30 14:35:01.741   562 19051 I DrmHal  : makeDrmFactories: using default drm instance
10-30 14:35:01.742   562 19050 D WVCdm   : Instantiating CDM.
10-30 14:35:01.745   562   562 I WVCdm   : CdmEngine::QueryStatus
10-30 14:35:01.745   562   562 I WVCdm   : Level3 Library 4445 May 19 2017 17:17:20
10-30 14:35:01.757   562   562 D QSEECOMAPI: : QSEECom_get_handle sb_length = 0x19000
10-30 14:35:01.757   562   562 D QSEECOMAPI: : App is not loaded in QSEE
10-30 14:35:01.816   562   562 D QSEECOMAPI: : Loaded image: APP id = 437
10-30 14:35:01.821   562   562 D QSAPPSVER: qsapps_get_capabilities: Capability from secure side: 0x0
10-30 14:35:01.821   562   562 D QSAPPSVER: qsapps_get_capabilities: returns 0
10-30 14:35:01.821   562   562 E DrmWidevineDash: sion_buffer g_wv_fhandle->ion_sbuffer  0x0xf02b4000
10-30 14:35:01.825   372   376 D DrmLibTime: got the req here! ret=0
10-30 14:35:01.826   372   376 D DrmLibTime: command id, time_cmd_id = 770
10-30 14:35:01.826   372   376 D DrmLibTime: time_getutcsec starts!
10-30 14:35:01.826   372   376 D DrmLibTime: QSEE Time Listener: time_getutcsec
10-30 14:35:01.826   372   376 D DrmLibTime: QSEE Time Listener: get_utc_seconds
10-30 14:35:01.826   372   376 D DrmLibTime: QSEE Time Listener: time_get_modem_time
10-30 14:35:01.826   372   376 D DrmLibTime: QSEE Time Listener: Checking if ATS_MODEM is set or not.
10-30 14:35:01.826   372   376 D QC-time-services: Lib:time_genoff_operation: pargs->base = 13
10-30 14:35:01.826   372   376 D QC-time-services: Lib:time_genoff_operation: pargs->operation = 2
10-30 14:35:01.826   372   376 D QC-time-services: Lib:time_genoff_operation: pargs->ts_val = 0
10-30 14:35:01.826   372   376 D QC-time-services: Lib:time_genoff_operation: Send to server  passed!!
10-30 14:35:01.826   625   647 D QC-time-services: Daemon: Connection accepted:time_genoff
10-30 14:35:01.827   625  7643 D QC-time-services: Daemon:Received base = 13, unit = 1, operation = 2,value = 0
10-30 14:35:01.827   625  7643 D QC-time-services: Daemon:genoff_opr: Base = 13, val = 0, operation = 2
10-30 14:35:01.827   625  7643 D QC-time-services: offset is: 0 for base: 13
10-30 14:35:01.827   372   376 E QC-time-services: Receive Passed == base = 13, unit = 1, operation = 2, result = 0
10-30 14:35:01.827   372   376 D DrmLibTime: QSEE Time Listener: ATS_MODEM is not set. Fallback to Android system time.
10-30 14:35:01.827   372   376 D DrmLibTime: QSEE Time Listener: Retrieved Android system time: 1667136901
10-30 14:35:01.827   372   376 D DrmLibTime: time_getutcsec returns 0, sec = 1667136901; nsec = 0
10-30 14:35:01.827   372   376 D DrmLibTime: time_getutcsec finished! 
10-30 14:35:01.827   372   376 D DrmLibTime: iotcl_continue_command finished! and return 0 
10-30 14:35:01.827   372   376 D DrmLibTime: before calling ioctl to read the next time_cmd
10-30 14:35:01.827   625   647 E QC-time-services: Daemon: Time-services: Waiting to acceptconnection
10-30 14:35:01.865   562   562 D WVCdm   : OEMCrypto_Initialize Level 1 success. I will use level 1.
10-30 14:35:01.866   562   562 D QSEECOMAPI: : QSEECom_dealloc_memory 
10-30 14:35:01.866   562   562 D QSEECOMAPI: : QSEECom_shutdown_app, app_id = 437
10-30 14:35:01.870   562  5487 I WVCdm   : CdmEngine::OpenSession
10-30 14:35:01.871   562  5487 I WVCdm   : Level3 Library 4445 May 19 2017 17:17:20
10-30 14:35:01.875   562  5487 D QSEECOMAPI: : QSEECom_get_handle sb_length = 0x19000
10-30 14:35:01.875   562  5487 D QSEECOMAPI: : App is not loaded in QSEE
10-30 14:35:01.925   562  5487 D QSEECOMAPI: : Loaded image: APP id = 438
10-30 14:35:01.930   562  5487 D QSAPPSVER: qsapps_get_capabilities: Capability from secure side: 0x0
10-30 14:35:01.930   562  5487 D QSAPPSVER: qsapps_get_capabilities: returns 0
10-30 14:35:01.930   562  5487 E DrmWidevineDash: sion_buffer g_wv_fhandle->ion_sbuffer  0x0xf02b4000
10-30 14:35:01.934   372   376 D DrmLibTime: got the req here! ret=0
10-30 14:35:01.934   372   376 D DrmLibTime: command id, time_cmd_id = 770
10-30 14:35:01.934   372   376 D DrmLibTime: time_getutcsec starts!
10-30 14:35:01.934   372   376 D DrmLibTime: QSEE Time Listener: time_getutcsec
10-30 14:35:01.934   372   376 D DrmLibTime: QSEE Time Listener: get_utc_seconds
10-30 14:35:01.934   372   376 D DrmLibTime: QSEE Time Listener: time_get_modem_time
10-30 14:35:01.934   372   376 D DrmLibTime: QSEE Time Listener: Checking if ATS_MODEM is set or not.
10-30 14:35:01.934   372   376 D QC-time-services: Lib:time_genoff_operation: pargs->base = 13
10-30 14:35:01.934   372   376 D QC-time-services: Lib:time_genoff_operation: pargs->operation = 2
10-30 14:35:01.934   372   376 D QC-time-services: Lib:time_genoff_operation: pargs->ts_val = 0
10-30 14:35:01.934   372   376 D QC-time-services: Lib:time_genoff_operation: Send to server  passed!!
10-30 14:35:01.934   625   647 D QC-time-services: Daemon: Connection accepted:time_genoff
10-30 14:35:01.935   625  7644 D QC-time-services: Daemon:Received base = 13, unit = 1, operation = 2,value = 0
10-30 14:35:01.935   625  7644 D QC-time-services: Daemon:genoff_opr: Base = 13, val = 0, operation = 2
10-30 14:35:01.935   625  7644 D QC-time-services: offset is: 0 for base: 13
10-30 14:35:01.935   372   376 E QC-time-services: Receive Passed == base = 13, unit = 1, operation = 2, result = 0
10-30 14:35:01.935   372   376 D DrmLibTime: QSEE Time Listener: ATS_MODEM is not set. Fallback to Android system time.
10-30 14:35:01.935   372   376 D DrmLibTime: QSEE Time Listener: Retrieved Android system time: 1667136901
10-30 14:35:01.935   372   376 D DrmLibTime: time_getutcsec returns 0, sec = 1667136901; nsec = 0
10-30 14:35:01.935   372   376 D DrmLibTime: time_getutcsec finished! 
10-30 14:35:01.935   372   376 D DrmLibTime: iotcl_continue_command finished! and return 0 
10-30 14:35:01.935   372   376 D DrmLibTime: before calling ioctl to read the next time_cmd
10-30 14:35:01.935   625   647 E QC-time-services: Daemon: Time-services: Waiting to acceptconnection
10-30 14:35:01.973   562  5487 D WVCdm   : OEMCrypto_Initialize Level 1 success. I will use level 1.
10-30 14:35:01.973   562  5487 D WVCdm   : CryptoSession::Open: Lock: requested_security_level: L3
10-30 14:35:01.979   562  5487 W WVCdm   : DeviceFiles::RetrieveHashedFile: /data/mediadrm/IDM1013/L3/cert.bin does not exist
10-30 14:35:01.980   562  5487 D QSEECOMAPI: : QSEECom_dealloc_memory 
10-30 14:35:01.980   562  5487 D QSEECOMAPI: : QSEECom_shutdown_app, app_id = 438
10-30 14:35:01.984   562 19051 I WVCdm   : Level3 Library 4445 May 19 2017 17:17:20
10-30 14:35:01.987   562 19051 D QSEECOMAPI: : QSEECom_get_handle sb_length = 0x19000
10-30 14:35:01.987   562 19051 D QSEECOMAPI: : App is not loaded in QSEE
10-30 14:35:02.041   562 19051 D QSEECOMAPI: : Loaded image: APP id = 439
10-30 14:35:02.044   562 19051 D QSAPPSVER: qsapps_get_capabilities: Capability from secure side: 0x0
10-30 14:35:02.045   562 19051 D QSAPPSVER: qsapps_get_capabilities: returns 0
10-30 14:35:02.045   562 19051 E DrmWidevineDash: sion_buffer g_wv_fhandle->ion_sbuffer  0x0xf02b4000
10-30 14:35:02.050   372   376 D DrmLibTime: got the req here! ret=0
10-30 14:35:02.050   372   376 D DrmLibTime: command id, time_cmd_id = 770
10-30 14:35:02.050   372   376 D DrmLibTime: time_getutcsec starts!
10-30 14:35:02.050   372   376 D DrmLibTime: QSEE Time Listener: time_getutcsec
10-30 14:35:02.050   372   376 D DrmLibTime: QSEE Time Listener: get_utc_seconds
10-30 14:35:02.050   372   376 D DrmLibTime: QSEE Time Listener: time_get_modem_time
10-30 14:35:02.050   372   376 D DrmLibTime: QSEE Time Listener: Checking if ATS_MODEM is set or not.
10-30 14:35:02.050   372   376 D QC-time-services: Lib:time_genoff_operation: pargs->base = 13
10-30 14:35:02.050   372   376 D QC-time-services: Lib:time_genoff_operation: pargs->operation = 2
10-30 14:35:02.050   372   376 D QC-time-services: Lib:time_genoff_operation: pargs->ts_val = 0
10-30 14:35:02.050   372   376 D QC-time-services: Lib:time_genoff_operation: Send to server  passed!!
10-30 14:35:02.050   625   647 D QC-time-services: Daemon: Connection accepted:time_genoff
10-30 14:35:02.051   625  7645 D QC-time-services: Daemon:Received base = 13, unit = 1, operation = 2,value = 0
10-30 14:35:02.051   625  7645 D QC-time-services: Daemon:genoff_opr: Base = 13, val = 0, operation = 2
10-30 14:35:02.051   625  7645 D QC-time-services: offset is: 0 for base: 13
10-30 14:35:02.051   372   376 E QC-time-services: Receive Passed == base = 13, unit = 1, operation = 2, result = 0
10-30 14:35:02.051   372   376 D DrmLibTime: QSEE Time Listener: ATS_MODEM is not set. Fallback to Android system time.
10-30 14:35:02.051   372   376 D DrmLibTime: QSEE Time Listener: Retrieved Android system time: 1667136902
10-30 14:35:02.051   372   376 D DrmLibTime: time_getutcsec returns 0, sec = 1667136902; nsec = 0
10-30 14:35:02.051   372   376 D DrmLibTime: time_getutcsec finished! 
10-30 14:35:02.051   372   376 D DrmLibTime: iotcl_continue_command finished! and return 0 
10-30 14:35:02.051   372   376 D DrmLibTime: before calling ioctl to read the next time_cmd
10-30 14:35:02.052   625   647 E QC-time-services: Daemon: Time-services: Waiting to acceptconnection
10-30 14:35:02.087   562 19051 D WVCdm   : OEMCrypto_Initialize Level 1 success. I will use level 1.
10-30 14:35:02.087   562 19051 D WVCdm   : CryptoSession::Open: Lock: requested_security_level: L3
10-30 14:35:02.098  6718  6718 I cr_media: Provisioning origin ID 821FCF0F29B4B2BEE0B0BDCF638CC30A
10-30 14:35:02.133  6718  6718 I MediaDrm: Drm event (1,0)
10-30 14:35:02.134  6718  6718 E cr_media: EventListener: No session for event 1.
10-30 14:35:02.501   562   644 D QSEECOMAPI: : QSEECom_dealloc_memory 
10-30 14:35:02.501   562   644 D QSEECOMAPI: : QSEECom_shutdown_app, app_id = 439
10-30 14:35:02.508  6718  6718 I cr_media: Create MediaDrmBridge with level L1 and origin 821FCF0F29B4B2BEE0B0BDCF638CC30A
10-30 14:35:02.511   361   361 W /system/bin/hwservicemanager: getTransportFromManifest: Cannot find entry android.hardware.drm@1.0::IDrmFactory in either framework or device manifest, using default transport.
10-30 14:35:02.514   562 19050 I DrmHal  : makeDrmFactories: using default drm instance
10-30 14:35:02.520   361   361 W /system/bin/hwservicemanager: getTransportFromManifest: Cannot find entry android.hardware.drm@1.0::IDrmFactory in either framework or device manifest, using default transport.
10-30 14:35:02.524   562   562 I DrmHal  : makeDrmFactories: using default drm instance
10-30 14:35:02.527   562 19050 I WVCdm   : CdmEngine::QueryStatus
10-30 14:35:02.527   562 19050 I WVCdm   : Level3 Library 4445 May 19 2017 17:17:20
10-30 14:35:02.533   562 19050 D QSEECOMAPI: : QSEECom_get_handle sb_length = 0x19000
10-30 14:35:02.533   562 19050 D QSEECOMAPI: : App is not loaded in QSEE
10-30 14:35:02.587   562 19050 D QSEECOMAPI: : Loaded image: APP id = 440
10-30 14:35:02.592   562 19050 D QSAPPSVER: qsapps_get_capabilities: Capability from secure side: 0x0
10-30 14:35:02.592   562 19050 D QSAPPSVER: qsapps_get_capabilities: returns 0
10-30 14:35:02.592   562 19050 E DrmWidevineDash: sion_buffer g_wv_fhandle->ion_sbuffer  0x0xf0292000
10-30 14:35:02.595   372   376 D DrmLibTime: got the req here! ret=0
10-30 14:35:02.595   372   376 D DrmLibTime: command id, time_cmd_id = 770
10-30 14:35:02.595   372   376 D DrmLibTime: time_getutcsec starts!
10-30 14:35:02.595   372   376 D DrmLibTime: QSEE Time Listener: time_getutcsec
10-30 14:35:02.595   372   376 D DrmLibTime: QSEE Time Listener: get_utc_seconds
10-30 14:35:02.595   372   376 D DrmLibTime: QSEE Time Listener: time_get_modem_time
10-30 14:35:02.595   372   376 D DrmLibTime: QSEE Time Listener: Checking if ATS_MODEM is set or not.
10-30 14:35:02.595   372   376 D QC-time-services: Lib:time_genoff_operation: pargs->base = 13
10-30 14:35:02.595   372   376 D QC-time-services: Lib:time_genoff_operation: pargs->operation = 2
10-30 14:35:02.595   372   376 D QC-time-services: Lib:time_genoff_operation: pargs->ts_val = 0
10-30 14:35:02.596   372   376 D QC-time-services: Lib:time_genoff_operation: Send to server  passed!!
10-30 14:35:02.596   625   647 D QC-time-services: Daemon: Connection accepted:time_genoff
10-30 14:35:02.596   625  7650 D QC-time-services: Daemon:Received base = 13, unit = 1, operation = 2,value = 0
10-30 14:35:02.596   625  7650 D QC-time-services: Daemon:genoff_opr: Base = 13, val = 0, operation = 2
10-30 14:35:02.596   625  7650 D QC-time-services: offset is: 0 for base: 13
10-30 14:35:02.596   372   376 E QC-time-services: Receive Passed == base = 13, unit = 1, operation = 2, result = 0
10-30 14:35:02.597   372   376 D DrmLibTime: QSEE Time Listener: ATS_MODEM is not set. Fallback to Android system time.
10-30 14:35:02.597   372   376 D DrmLibTime: QSEE Time Listener: Retrieved Android system time: 1667136902
10-30 14:35:02.597   372   376 D DrmLibTime: time_getutcsec returns 0, sec = 1667136902; nsec = 0
10-30 14:35:02.597   372   376 D DrmLibTime: time_getutcsec finished! 
10-30 14:35:02.597   372   376 D DrmLibTime: iotcl_continue_command finished! and return 0 
10-30 14:35:02.597   372   376 D DrmLibTime: before calling ioctl to read the next time_cmd
10-30 14:35:02.597   625   647 E QC-time-services: Daemon: Time-services: Waiting to acceptconnection
10-30 14:35:02.625   562 19050 D WVCdm   : OEMCrypto_Initialize Level 1 success. I will use level 1.
10-30 14:35:02.626   562 19050 D QSEECOMAPI: : QSEECom_dealloc_memory 
10-30 14:35:02.626   562 19050 D QSEECOMAPI: : QSEECom_shutdown_app, app_id = 440
10-30 14:35:02.630   562 19051 I WVCdm   : CdmEngine::OpenSession
10-30 14:35:02.631   562 19051 I WVCdm   : Level3 Library 4445 May 19 2017 17:17:20
10-30 14:35:02.637   562 19051 D QSEECOMAPI: : QSEECom_get_handle sb_length = 0x19000
10-30 14:35:02.637   562 19051 D QSEECOMAPI: : App is not loaded in QSEE
10-30 14:35:02.689   562 19051 D QSEECOMAPI: : Loaded image: APP id = 441
10-30 14:35:02.692   562 19051 D QSAPPSVER: qsapps_get_capabilities: Capability from secure side: 0x0
10-30 14:35:02.692   562 19051 D QSAPPSVER: qsapps_get_capabilities: returns 0
10-30 14:35:02.692   562 19051 E DrmWidevineDash: sion_buffer g_wv_fhandle->ion_sbuffer  0x0xf0292000
10-30 14:35:02.696   372   376 D DrmLibTime: got the req here! ret=0
10-30 14:35:02.696   372   376 D DrmLibTime: command id, time_cmd_id = 770
10-30 14:35:02.696   372   376 D DrmLibTime: time_getutcsec starts!
10-30 14:35:02.696   372   376 D DrmLibTime: QSEE Time Listener: time_getutcsec
10-30 14:35:02.696   372   376 D DrmLibTime: QSEE Time Listener: get_utc_seconds
10-30 14:35:02.696   372   376 D DrmLibTime: QSEE Time Listener: time_get_modem_time
10-30 14:35:02.696   372   376 D DrmLibTime: QSEE Time Listener: Checking if ATS_MODEM is set or not.
10-30 14:35:02.696   372   376 D QC-time-services: Lib:time_genoff_operation: pargs->base = 13
10-30 14:35:02.696   372   376 D QC-time-services: Lib:time_genoff_operation: pargs->operation = 2
10-30 14:35:02.696   372   376 D QC-time-services: Lib:time_genoff_operation: pargs->ts_val = 0
10-30 14:35:02.697   372   376 D QC-time-services: Lib:time_genoff_operation: Send to server  passed!!
10-30 14:35:02.697   625   647 D QC-time-services: Daemon: Connection accepted:time_genoff
10-30 14:35:02.697   625  7651 D QC-time-services: Daemon:Received base = 13, unit = 1, operation = 2,value = 0
10-30 14:35:02.697   625  7651 D QC-time-services: Daemon:genoff_opr: Base = 13, val = 0, operation = 2
10-30 14:35:02.697   625  7651 D QC-time-services: offset is: 0 for base: 13
10-30 14:35:02.697   372   376 E QC-time-services: Receive Passed == base = 13, unit = 1, operation = 2, result = 0
10-30 14:35:02.697   372   376 D DrmLibTime: QSEE Time Listener: ATS_MODEM is not set. Fallback to Android system time.
10-30 14:35:02.697   372   376 D DrmLibTime: QSEE Time Listener: Retrieved Android system time: 1667136902
10-30 14:35:02.697   372   376 D DrmLibTime: time_getutcsec returns 0, sec = 1667136902; nsec = 0
10-30 14:35:02.697   372   376 D DrmLibTime: time_getutcsec finished! 
10-30 14:35:02.697   372   376 D DrmLibTime: iotcl_continue_command finished! and return 0 
10-30 14:35:02.697   372   376 D DrmLibTime: before calling ioctl to read the next time_cmd
10-30 14:35:02.698   625   647 E QC-time-services: Daemon: Time-services: Waiting to acceptconnection
10-30 14:35:02.732   562 19051 D WVCdm   : OEMCrypto_Initialize Level 1 success. I will use level 1.
10-30 14:35:02.732   562 19051 D WVCdm   : CryptoSession::Open: Lock: requested_security_level: Default
10-30 14:35:02.736   562 19051 W WVCdm   : DeviceFiles::RetrieveHashedFile: /data/mediadrm/IDM1013/L1/cert.bin does not exist
10-30 14:35:02.736   772   791 E BatteryStatsService: no controller energy info supplied
10-30 14:35:02.736   772   791 E BatteryStatsService: no controller energy info supplied
10-30 14:35:02.738   562 19051 D QSEECOMAPI: : QSEECom_dealloc_memory 
10-30 14:35:02.738   562 19051 D QSEECOMAPI: : QSEECom_shutdown_app, app_id = 441
10-30 14:35:02.742   562   562 I WVCdm   : Level3 Library 4445 May 19 2017 17:17:20
10-30 14:35:02.745   562   562 D QSEECOMAPI: : QSEECom_get_handle sb_length = 0x19000
10-30 14:35:02.745   562   562 D QSEECOMAPI: : App is not loaded in QSEE
10-30 14:35:02.793   562   562 D QSEECOMAPI: : Loaded image: APP id = 442
10-30 14:35:02.796   562   562 D QSAPPSVER: qsapps_get_capabilities: Capability from secure side: 0x0
10-30 14:35:02.796   562   562 D QSAPPSVER: qsapps_get_capabilities: returns 0
10-30 14:35:02.796   562   562 E DrmWidevineDash: sion_buffer g_wv_fhandle->ion_sbuffer  0x0xf0292000
10-30 14:35:02.799   372   376 D DrmLibTime: got the req here! ret=0
10-30 14:35:02.799   372   376 D DrmLibTime: command id, time_cmd_id = 770
10-30 14:35:02.799   372   376 D DrmLibTime: time_getutcsec starts!
10-30 14:35:02.799   372   376 D DrmLibTime: QSEE Time Listener: time_getutcsec
10-30 14:35:02.799   372   376 D DrmLibTime: QSEE Time Listener: get_utc_seconds
10-30 14:35:02.799   372   376 D DrmLibTime: QSEE Time Listener: time_get_modem_time
10-30 14:35:02.799   372   376 D DrmLibTime: QSEE Time Listener: Checking if ATS_MODEM is set or not.
10-30 14:35:02.799   372   376 D QC-time-services: Lib:time_genoff_operation: pargs->base = 13
10-30 14:35:02.799   372   376 D QC-time-services: Lib:time_genoff_operation: pargs->operation = 2
10-30 14:35:02.799   372   376 D QC-time-services: Lib:time_genoff_operation: pargs->ts_val = 0
10-30 14:35:02.800   372   376 D QC-time-services: Lib:time_genoff_operation: Send to server  passed!!
10-30 14:35:02.800   625   647 D QC-time-services: Daemon: Connection accepted:time_genoff
10-30 14:35:02.800   625  7655 D QC-time-services: Daemon:Received base = 13, unit = 1, operation = 2,value = 0
10-30 14:35:02.800   625  7655 D QC-time-services: Daemon:genoff_opr: Base = 13, val = 0, operation = 2
10-30 14:35:02.800   625  7655 D QC-time-services: offset is: 0 for base: 13
10-30 14:35:02.801   372   376 E QC-time-services: Receive Passed == base = 13, unit = 1, operation = 2, result = 0
10-30 14:35:02.801   372   376 D DrmLibTime: QSEE Time Listener: ATS_MODEM is not set. Fallback to Android system time.
10-30 14:35:02.801   372   376 D DrmLibTime: QSEE Time Listener: Retrieved Android system time: 1667136902
10-30 14:35:02.801   372   376 D DrmLibTime: time_getutcsec returns 0, sec = 1667136902; nsec = 0
10-30 14:35:02.801   372   376 D DrmLibTime: time_getutcsec finished! 
10-30 14:35:02.801   372   376 D DrmLibTime: iotcl_continue_command finished! and return 0 
10-30 14:35:02.801   372   376 D DrmLibTime: before calling ioctl to read the next time_cmd
10-30 14:35:02.801   625   647 E QC-time-services: Daemon: Time-services: Waiting to acceptconnection
10-30 14:35:02.838   562   562 D WVCdm   : OEMCrypto_Initialize Level 1 success. I will use level 1.
10-30 14:35:02.838   562   562 D WVCdm   : CryptoSession::Open: Lock: requested_security_level: Default
10-30 14:35:02.940   562   562 E DrmWidevineDash: OEMCrypto_GenerateSignature : input wrapped_rsa_key == NULL!, return short buffer
10-30 14:35:02.942  6718  6718 I cr_media: Provisioning origin ID 821FCF0F29B4B2BEE0B0BDCF638CC30A
10-30 14:35:02.999   562 19050 E DrmWidevineDash: OEMCrypto_RewrapDeviceRSAKey : input wrapped_rsa_key == NULL!, return short buffer
10-30 14:35:03.017   562 19050 D QSEECOMAPI: : QSEECom_dealloc_memory 
10-30 14:35:03.017   562 19050 D QSEECOMAPI: : QSEECom_shutdown_app, app_id = 442
10-30 14:35:03.021  6718  6718 I cr_media: Create MediaDrmBridge with level L3 and origin C55975A46C6F853F34527214D32E8D01
10-30 14:35:03.025   361   361 W /system/bin/hwservicemanager: getTransportFromManifest: Cannot find entry android.hardware.drm@1.0::IDrmFactory in either framework or device manifest, using default transport.
10-30 14:35:03.069   562 19051 I DrmHal  : makeDrmFactories: using default drm instance
10-30 14:35:03.073   361   361 W /system/bin/hwservicemanager: getTransportFromManifest: Cannot find entry android.hardware.drm@1.0::IDrmFactory in either framework or device manifest, using default transport.
10-30 14:35:03.114   562 19051 I DrmHal  : makeDrmFactories: using default drm instance
10-30 14:35:03.115   562   644 D WVCdm   : Instantiating CDM.
10-30 14:35:03.117   562   644 I WVCdm   : CdmEngine::QueryStatus
10-30 14:35:03.118   562   644 I WVCdm   : Level3 Library 4445 May 19 2017 17:17:20
10-30 14:35:03.123   562   644 D QSEECOMAPI: : QSEECom_get_handle sb_length = 0x19000
10-30 14:35:03.123   562   644 D QSEECOMAPI: : App is not loaded in QSEE
10-30 14:35:03.177   562   644 D QSEECOMAPI: : Loaded image: APP id = 443
10-30 14:35:03.181   562   644 D QSAPPSVER: qsapps_get_capabilities: Capability from secure side: 0x0
10-30 14:35:03.181   562   644 D QSAPPSVER: qsapps_get_capabilities: returns 0
10-30 14:35:03.181   562   644 E DrmWidevineDash: sion_buffer g_wv_fhandle->ion_sbuffer  0x0xf02b4000
10-30 14:35:03.185   372   376 D DrmLibTime: got the req here! ret=0
10-30 14:35:03.185   372   376 D DrmLibTime: command id, time_cmd_id = 770
10-30 14:35:03.185   372   376 D DrmLibTime: time_getutcsec starts!
10-30 14:35:03.185   372   376 D DrmLibTime: QSEE Time Listener: time_getutcsec
10-30 14:35:03.185   372   376 D DrmLibTime: QSEE Time Listener: get_utc_seconds
10-30 14:35:03.185   372   376 D DrmLibTime: QSEE Time Listener: time_get_modem_time
10-30 14:35:03.185   372   376 D DrmLibTime: QSEE Time Listener: Checking if ATS_MODEM is set or not.
10-30 14:35:03.186   372   376 D QC-time-services: Lib:time_genoff_operation: pargs->base = 13
10-30 14:35:03.186   372   376 D QC-time-services: Lib:time_genoff_operation: pargs->operation = 2
10-30 14:35:03.186   372   376 D QC-time-services: Lib:time_genoff_operation: pargs->ts_val = 0
10-30 14:35:03.186   372   376 D QC-time-services: Lib:time_genoff_operation: Send to server  passed!!
10-30 14:35:03.186   625   647 D QC-time-services: Daemon: Connection accepted:time_genoff
10-30 14:35:03.187   625  7660 D QC-time-services: Daemon:Received base = 13, unit = 1, operation = 2,value = 0
10-30 14:35:03.187   625  7660 D QC-time-services: Daemon:genoff_opr: Base = 13, val = 0, operation = 2
10-30 14:35:03.187   625  7660 D QC-time-services: offset is: 0 for base: 13
10-30 14:35:03.187   372   376 E QC-time-services: Receive Passed == base = 13, unit = 1, operation = 2, result = 0
10-30 14:35:03.187   372   376 D DrmLibTime: QSEE Time Listener: ATS_MODEM is not set. Fallback to Android system time.
10-30 14:35:03.187   372   376 D DrmLibTime: QSEE Time Listener: Retrieved Android system time: 1667136903
10-30 14:35:03.187   372   376 D DrmLibTime: time_getutcsec returns 0, sec = 1667136903; nsec = 0
10-30 14:35:03.187   372   376 D DrmLibTime: time_getutcsec finished! 
10-30 14:35:03.187   372   376 D DrmLibTime: iotcl_continue_command finished! and return 0 
10-30 14:35:03.187   372   376 D DrmLibTime: before calling ioctl to read the next time_cmd
10-30 14:35:03.187   625   647 E QC-time-services: Daemon: Time-services: Waiting to acceptconnection
10-30 14:35:03.214   562   644 D WVCdm   : OEMCrypto_Initialize Level 1 success. I will use level 1.
10-30 14:35:03.215   562   644 D QSEECOMAPI: : QSEECom_dealloc_memory 
10-30 14:35:03.215   562   644 D QSEECOMAPI: : QSEECom_shutdown_app, app_id = 443
10-30 14:35:03.220   562  5487 I WVCdm   : CdmEngine::OpenSession
10-30 14:35:03.220   562  5487 I WVCdm   : Level3 Library 4445 May 19 2017 17:17:20
10-30 14:35:03.224   562  5487 D QSEECOMAPI: : QSEECom_get_handle sb_length = 0x19000
10-30 14:35:03.224   562  5487 D QSEECOMAPI: : App is not loaded in QSEE
10-30 14:35:03.276   562  5487 D QSEECOMAPI: : Loaded image: APP id = 444
10-30 14:35:03.279   562  5487 D QSAPPSVER: qsapps_get_capabilities: Capability from secure side: 0x0
10-30 14:35:03.279   562  5487 D QSAPPSVER: qsapps_get_capabilities: returns 0
10-30 14:35:03.279   562  5487 E DrmWidevineDash: sion_buffer g_wv_fhandle->ion_sbuffer  0x0xf02b4000
10-30 14:35:03.283   372   376 D DrmLibTime: got the req here! ret=0
10-30 14:35:03.283   372   376 D DrmLibTime: command id, time_cmd_id = 770
10-30 14:35:03.283   372   376 D DrmLibTime: time_getutcsec starts!
10-30 14:35:03.283   372   376 D DrmLibTime: QSEE Time Listener: time_getutcsec
10-30 14:35:03.283   372   376 D DrmLibTime: QSEE Time Listener: get_utc_seconds
10-30 14:35:03.283   372   376 D DrmLibTime: QSEE Time Listener: time_get_modem_time
10-30 14:35:03.283   372   376 D DrmLibTime: QSEE Time Listener: Checking if ATS_MODEM is set or not.
10-30 14:35:03.283   372   376 D QC-time-services: Lib:time_genoff_operation: pargs->base = 13
10-30 14:35:03.283   372   376 D QC-time-services: Lib:time_genoff_operation: pargs->operation = 2
10-30 14:35:03.283   372   376 D QC-time-services: Lib:time_genoff_operation: pargs->ts_val = 0
10-30 14:35:03.283   372   376 D QC-time-services: Lib:time_genoff_operation: Send to server  passed!!
10-30 14:35:03.283   625   647 D QC-time-services: Daemon: Connection accepted:time_genoff
10-30 14:35:03.284   625  7661 D QC-time-services: Daemon:Received base = 13, unit = 1, operation = 2,value = 0
10-30 14:35:03.284   625  7661 D QC-time-services: Daemon:genoff_opr: Base = 13, val = 0, operation = 2
10-30 14:35:03.284   625  7661 D QC-time-services: offset is: 0 for base: 13
10-30 14:35:03.284   372   376 E QC-time-services: Receive Passed == base = 13, unit = 1, operation = 2, result = 0
10-30 14:35:03.284   372   376 D DrmLibTime: QSEE Time Listener: ATS_MODEM is not set. Fallback to Android system time.
10-30 14:35:03.284   372   376 D DrmLibTime: QSEE Time Listener: Retrieved Android system time: 1667136903
10-30 14:35:03.284   372   376 D DrmLibTime: time_getutcsec returns 0, sec = 1667136903; nsec = 0
10-30 14:35:03.284   372   376 D DrmLibTime: time_getutcsec finished! 
10-30 14:35:03.284   372   376 D DrmLibTime: iotcl_continue_command finished! and return 0 
10-30 14:35:03.284   372   376 D DrmLibTime: before calling ioctl to read the next time_cmd
10-30 14:35:03.284   625   647 E QC-time-services: Daemon: Time-services: Waiting to acceptconnection
10-30 14:35:03.321   562  5487 D WVCdm   : OEMCrypto_Initialize Level 1 success. I will use level 1.
10-30 14:35:03.321   562  5487 D WVCdm   : CryptoSession::Open: Lock: requested_security_level: L3
10-30 14:35:03.326   562  5487 W WVCdm   : DeviceFiles::RetrieveHashedFile: /data/mediadrm/IDM1013/L3/cert.bin does not exist
10-30 14:35:03.327   562  5487 D QSEECOMAPI: : QSEECom_dealloc_memory 
10-30 14:35:03.327   562  5487 D QSEECOMAPI: : QSEECom_shutdown_app, app_id = 444
10-30 14:35:03.331   562 19051 I WVCdm   : Level3 Library 4445 May 19 2017 17:17:20
10-30 14:35:03.334   562 19051 D QSEECOMAPI: : QSEECom_get_handle sb_length = 0x19000
10-30 14:35:03.334   562 19051 D QSEECOMAPI: : App is not loaded in QSEE
10-30 14:35:03.382   562 19051 D QSEECOMAPI: : Loaded image: APP id = 445
10-30 14:35:03.384   562 19051 D QSAPPSVER: qsapps_get_capabilities: Capability from secure side: 0x0
10-30 14:35:03.385   562 19051 D QSAPPSVER: qsapps_get_capabilities: returns 0
10-30 14:35:03.385   562 19051 E DrmWidevineDash: sion_buffer g_wv_fhandle->ion_sbuffer  0x0xf02b4000
10-30 14:35:03.389   372   376 D DrmLibTime: got the req here! ret=0
10-30 14:35:03.389   372   376 D DrmLibTime: command id, time_cmd_id = 770
10-30 14:35:03.389   372   376 D DrmLibTime: time_getutcsec starts!
10-30 14:35:03.389   372   376 D DrmLibTime: QSEE Time Listener: time_getutcsec
10-30 14:35:03.389   372   376 D DrmLibTime: QSEE Time Listener: get_utc_seconds
10-30 14:35:03.389   372   376 D DrmLibTime: QSEE Time Listener: time_get_modem_time
10-30 14:35:03.389   372   376 D DrmLibTime: QSEE Time Listener: Checking if ATS_MODEM is set or not.
10-30 14:35:03.389   372   376 D QC-time-services: Lib:time_genoff_operation: pargs->base = 13
10-30 14:35:03.389   372   376 D QC-time-services: Lib:time_genoff_operation: pargs->operation = 2
10-30 14:35:03.389   372   376 D QC-time-services: Lib:time_genoff_operation: pargs->ts_val = 0
10-30 14:35:03.389   372   376 D QC-time-services: Lib:time_genoff_operation: Send to server  passed!!
10-30 14:35:03.389   625   647 D QC-time-services: Daemon: Connection accepted:time_genoff
10-30 14:35:03.390   625  7662 D QC-time-services: Daemon:Received base = 13, unit = 1, operation = 2,value = 0
10-30 14:35:03.390   625  7662 D QC-time-services: Daemon:genoff_opr: Base = 13, val = 0, operation = 2
10-30 14:35:03.390   625  7662 D QC-time-services: offset is: 0 for base: 13
10-30 14:35:03.390   372   376 E QC-time-services: Receive Passed == base = 13, unit = 1, operation = 2, result = 0
10-30 14:35:03.390   372   376 D DrmLibTime: QSEE Time Listener: ATS_MODEM is not set. Fallback to Android system time.
10-30 14:35:03.390   372   376 D DrmLibTime: QSEE Time Listener: Retrieved Android system time: 1667136903
10-30 14:35:03.390   372   376 D DrmLibTime: time_getutcsec returns 0, sec = 1667136903; nsec = 0
10-30 14:35:03.390   372   376 D DrmLibTime: time_getutcsec finished! 
10-30 14:35:03.390   372   376 D DrmLibTime: iotcl_continue_command finished! and return 0 
10-30 14:35:03.390   372   376 D DrmLibTime: before calling ioctl to read the next time_cmd
10-30 14:35:03.390   625   647 E QC-time-services: Daemon: Time-services: Waiting to acceptconnection
10-30 14:35:03.425   562 19051 D WVCdm   : OEMCrypto_Initialize Level 1 success. I will use level 1.
10-30 14:35:03.426   562 19051 D WVCdm   : CryptoSession::Open: Lock: requested_security_level: L3
10-30 14:35:03.434  6718  6718 I cr_media: Provisioning origin ID C55975A46C6F853F34527214D32E8D01
10-30 14:35:03.455  6718  6718 W MediaDrm: MediaDrm went away with unhandled events
10-30 14:35:03.456  6718  6718 I MediaDrm: Drm event (1,0)
10-30 14:35:03.456  6718  6718 E cr_media: EventListener: No session for event 1.
10-30 14:35:03.486   562 19050 D QSEECOMAPI: : QSEECom_dealloc_memory 
10-30 14:35:03.486   562 19050 D QSEECOMAPI: : QSEECom_shutdown_app, app_id = 445
10-30 14:35:03.491  6718  6718 I cr_media: Create MediaDrmBridge with level L1 and origin C55975A46C6F853F34527214D32E8D01
10-30 14:35:03.494   361   361 W /system/bin/hwservicemanager: getTransportFromManifest: Cannot find entry android.hardware.drm@1.0::IDrmFactory in either framework or device manifest, using default transport.
10-30 14:35:03.499   562   644 I DrmHal  : makeDrmFactories: using default drm instance
10-30 14:35:03.502   361   361 W /system/bin/hwservicemanager: getTransportFromManifest: Cannot find entry android.hardware.drm@1.0::IDrmFactory in either framework or device manifest, using default transport.
10-30 14:35:03.506   562   562 I DrmHal  : makeDrmFactories: using default drm instance
10-30 14:35:03.508   562   644 I WVCdm   : CdmEngine::QueryStatus
10-30 14:35:03.509   562   644 I WVCdm   : Level3 Library 4445 May 19 2017 17:17:20
10-30 14:35:03.514   562   644 D QSEECOMAPI: : QSEECom_get_handle sb_length = 0x19000
10-30 14:35:03.514   562   644 D QSEECOMAPI: : App is not loaded in QSEE
10-30 14:35:03.568   562   644 D QSEECOMAPI: : Loaded image: APP id = 446
10-30 14:35:03.572   562   644 D QSAPPSVER: qsapps_get_capabilities: Capability from secure side: 0x0
10-30 14:35:03.572   562   644 D QSAPPSVER: qsapps_get_capabilities: returns 0
10-30 14:35:03.572   562   644 E DrmWidevineDash: sion_buffer g_wv_fhandle->ion_sbuffer  0x0xf0292000
10-30 14:35:03.577   372   376 D DrmLibTime: got the req here! ret=0
10-30 14:35:03.577   372   376 D DrmLibTime: command id, time_cmd_id = 770
10-30 14:35:03.577   372   376 D DrmLibTime: time_getutcsec starts!
10-30 14:35:03.577   372   376 D DrmLibTime: QSEE Time Listener: time_getutcsec
10-30 14:35:03.577   372   376 D DrmLibTime: QSEE Time Listener: get_utc_seconds
10-30 14:35:03.577   372   376 D DrmLibTime: QSEE Time Listener: time_get_modem_time
10-30 14:35:03.577   372   376 D DrmLibTime: QSEE Time Listener: Checking if ATS_MODEM is set or not.
10-30 14:35:03.577   372   376 D QC-time-services: Lib:time_genoff_operation: pargs->base = 13
10-30 14:35:03.578   372   376 D QC-time-services: Lib:time_genoff_operation: pargs->operation = 2
10-30 14:35:03.578   372   376 D QC-time-services: Lib:time_genoff_operation: pargs->ts_val = 0
10-30 14:35:03.578   372   376 D QC-time-services: Lib:time_genoff_operation: Send to server  passed!!
10-30 14:35:03.578   625   647 D QC-time-services: Daemon: Connection accepted:time_genoff
10-30 14:35:03.579   625  7667 D QC-time-services: Daemon:Received base = 13, unit = 1, operation = 2,value = 0
10-30 14:35:03.579   625  7667 D QC-time-services: Daemon:genoff_opr: Base = 13, val = 0, operation = 2
10-30 14:35:03.579   625  7667 D QC-time-services: offset is: 0 for base: 13
10-30 14:35:03.579   372   376 E QC-time-services: Receive Passed == base = 13, unit = 1, operation = 2, result = 0
10-30 14:35:03.579   372   376 D DrmLibTime: QSEE Time Listener: ATS_MODEM is not set. Fallback to Android system time.
10-30 14:35:03.579   372   376 D DrmLibTime: QSEE Time Listener: Retrieved Android system time: 1667136903
10-30 14:35:03.579   372   376 D DrmLibTime: time_getutcsec returns 0, sec = 1667136903; nsec = 0
10-30 14:35:03.579   372   376 D DrmLibTime: time_getutcsec finished! 
10-30 14:35:03.579   372   376 D DrmLibTime: iotcl_continue_command finished! and return 0 
10-30 14:35:03.579   372   376 D DrmLibTime: before calling ioctl to read the next time_cmd
10-30 14:35:03.579   625   647 E QC-time-services: Daemon: Time-services: Waiting to acceptconnection
10-30 14:35:03.617   562   644 D WVCdm   : OEMCrypto_Initialize Level 1 success. I will use level 1.
10-30 14:35:03.619   562   644 D QSEECOMAPI: : QSEECom_dealloc_memory 
10-30 14:35:03.619   562   644 D QSEECOMAPI: : QSEECom_shutdown_app, app_id = 446
10-30 14:35:03.624   562 19050 I WVCdm   : CdmEngine::OpenSession
10-30 14:35:03.624   562 19050 I WVCdm   : Level3 Library 4445 May 19 2017 17:17:20
10-30 14:35:03.629   562 19050 D QSEECOMAPI: : QSEECom_get_handle sb_length = 0x19000
10-30 14:35:03.629   562 19050 D QSEECOMAPI: : App is not loaded in QSEE
10-30 14:35:03.683   562 19050 D QSEECOMAPI: : Loaded image: APP id = 447
10-30 14:35:03.687   562 19050 D QSAPPSVER: qsapps_get_capabilities: Capability from secure side: 0x0
10-30 14:35:03.688   562 19050 D QSAPPSVER: qsapps_get_capabilities: returns 0
10-30 14:35:03.688   562 19050 E DrmWidevineDash: sion_buffer g_wv_fhandle->ion_sbuffer  0x0xf0292000
10-30 14:35:03.691   372   376 D DrmLibTime: got the req here! ret=0
10-30 14:35:03.691   372   376 D DrmLibTime: command id, time_cmd_id = 770
10-30 14:35:03.691   372   376 D DrmLibTime: time_getutcsec starts!
10-30 14:35:03.691   372   376 D DrmLibTime: QSEE Time Listener: time_getutcsec
10-30 14:35:03.691   372   376 D DrmLibTime: QSEE Time Listener: get_utc_seconds
10-30 14:35:03.691   372   376 D DrmLibTime: QSEE Time Listener: time_get_modem_time
10-30 14:35:03.691   372   376 D DrmLibTime: QSEE Time Listener: Checking if ATS_MODEM is set or not.
10-30 14:35:03.691   372   376 D QC-time-services: Lib:time_genoff_operation: pargs->base = 13
10-30 14:35:03.691   372   376 D QC-time-services: Lib:time_genoff_operation: pargs->operation = 2
10-30 14:35:03.691   372   376 D QC-time-services: Lib:time_genoff_operation: pargs->ts_val = 0
10-30 14:35:03.691   372   376 D QC-time-services: Lib:time_genoff_operation: Send to server  passed!!
10-30 14:35:03.691   625   647 D QC-time-services: Daemon: Connection accepted:time_genoff
10-30 14:35:03.691   625  7668 D QC-time-services: Daemon:Received base = 13, unit = 1, operation = 2,value = 0
10-30 14:35:03.691   625  7668 D QC-time-services: Daemon:genoff_opr: Base = 13, val = 0, operation = 2
10-30 14:35:03.691   625  7668 D QC-time-services: offset is: 0 for base: 13
10-30 14:35:03.691   372   376 E QC-time-services: Receive Passed == base = 13, unit = 1, operation = 2, result = 0
10-30 14:35:03.692   372   376 D DrmLibTime: QSEE Time Listener: ATS_MODEM is not set. Fallback to Android system time.
10-30 14:35:03.692   372   376 D DrmLibTime: QSEE Time Listener: Retrieved Android system time: 1667136903
10-30 14:35:03.692   372   376 D DrmLibTime: time_getutcsec returns 0, sec = 1667136903; nsec = 0
10-30 14:35:03.692   372   376 D DrmLibTime: time_getutcsec finished! 
10-30 14:35:03.692   372   376 D DrmLibTime: iotcl_continue_command finished! and return 0 
10-30 14:35:03.692   372   376 D DrmLibTime: before calling ioctl to read the next time_cmd
10-30 14:35:03.692   625   647 E QC-time-services: Daemon: Time-services: Waiting to acceptconnection
10-30 14:35:03.721   562 19050 D WVCdm   : OEMCrypto_Initialize Level 1 success. I will use level 1.
10-30 14:35:03.721   562 19050 D WVCdm   : CryptoSession::Open: Lock: requested_security_level: Default
10-30 14:35:03.724   562 19050 W WVCdm   : DeviceFiles::RetrieveHashedFile: /data/mediadrm/IDM1013/L1/cert.bin does not exist
10-30 14:35:03.726   562 19050 D QSEECOMAPI: : QSEECom_dealloc_memory 
10-30 14:35:03.726   562 19050 D QSEECOMAPI: : QSEECom_shutdown_app, app_id = 447
10-30 14:35:03.731   562   562 I WVCdm   : Level3 Library 4445 May 19 2017 17:17:20
10-30 14:35:03.738   562   562 D QSEECOMAPI: : QSEECom_get_handle sb_length = 0x19000
10-30 14:35:03.738   562   562 D QSEECOMAPI: : App is not loaded in QSEE
10-30 14:35:03.789   562   562 D QSEECOMAPI: : Loaded image: APP id = 448
10-30 14:35:03.793   562   562 D QSAPPSVER: qsapps_get_capabilities: Capability from secure side: 0x0
10-30 14:35:03.793   562   562 D QSAPPSVER: qsapps_get_capabilities: returns 0
10-30 14:35:03.793   562   562 E DrmWidevineDash: sion_buffer g_wv_fhandle->ion_sbuffer  0x0xf02f7000
10-30 14:35:03.799   372   376 D DrmLibTime: got the req here! ret=0
10-30 14:35:03.799   372   376 D DrmLibTime: command id, time_cmd_id = 770
10-30 14:35:03.799   372   376 D DrmLibTime: time_getutcsec starts!
10-30 14:35:03.799   372   376 D DrmLibTime: QSEE Time Listener: time_getutcsec
10-30 14:35:03.799   372   376 D DrmLibTime: QSEE Time Listener: get_utc_seconds
10-30 14:35:03.799   372   376 D DrmLibTime: QSEE Time Listener: time_get_modem_time
10-30 14:35:03.799   372   376 D DrmLibTime: QSEE Time Listener: Checking if ATS_MODEM is set or not.
10-30 14:35:03.799   372   376 D QC-time-services: Lib:time_genoff_operation: pargs->base = 13
10-30 14:35:03.799   372   376 D QC-time-services: Lib:time_genoff_operation: pargs->operation = 2
10-30 14:35:03.799   372   376 D QC-time-services: Lib:time_genoff_operation: pargs->ts_val = 0
10-30 14:35:03.799   372   376 D QC-time-services: Lib:time_genoff_operation: Send to server  passed!!
10-30 14:35:03.799   625   647 D QC-time-services: Daemon: Connection accepted:time_genoff
10-30 14:35:03.800   625  7669 D QC-time-services: Daemon:Received base = 13, unit = 1, operation = 2,value = 0
10-30 14:35:03.800   625  7669 D QC-time-services: Daemon:genoff_opr: Base = 13, val = 0, operation = 2
10-30 14:35:03.800   625  7669 D QC-time-services: offset is: 0 for base: 13
10-30 14:35:03.800   372   376 E QC-time-services: Receive Passed == base = 13, unit = 1, operation = 2, result = 0
10-30 14:35:03.800   372   376 D DrmLibTime: QSEE Time Listener: ATS_MODEM is not set. Fallback to Android system time.
10-30 14:35:03.800   372   376 D DrmLibTime: QSEE Time Listener: Retrieved Android system time: 1667136903
10-30 14:35:03.800   372   376 D DrmLibTime: time_getutcsec returns 0, sec = 1667136903; nsec = 0
10-30 14:35:03.800   372   376 D DrmLibTime: time_getutcsec finished! 
10-30 14:35:03.800   372   376 D DrmLibTime: iotcl_continue_command finished! and return 0 
10-30 14:35:03.800   372   376 D DrmLibTime: before calling ioctl to read the next time_cmd
10-30 14:35:03.800   625   647 E QC-time-services: Daemon: Time-services: Waiting to acceptconnection
10-30 14:35:03.829   562   562 D WVCdm   : OEMCrypto_Initialize Level 1 success. I will use level 1.
10-30 14:35:03.829   562   562 D WVCdm   : CryptoSession::Open: Lock: requested_security_level: Default
10-30 14:35:03.904   562   562 E DrmWidevineDash: OEMCrypto_GenerateSignature : input wrapped_rsa_key == NULL!, return short buffer
10-30 14:35:03.906  6718  6718 I cr_media: Provisioning origin ID C55975A46C6F853F34527214D32E8D01
10-30 14:35:03.965   562  5487 E DrmWidevineDash: OEMCrypto_RewrapDeviceRSAKey : input wrapped_rsa_key == NULL!, return short buffer
10-30 14:35:03.983   562  5487 D QSEECOMAPI: : QSEECom_dealloc_memory 
10-30 14:35:03.983   562  5487 D QSEECOMAPI: : QSEECom_shutdown_app, app_id = 448
10-30 14:35:03.992  6718  6718 W MediaDrm: MediaDrm went away with unhandled events
10-30 14:35:04.015  7670  7670 E /system/bin/webview_zygote32: failed to make and chown /acct/uid_99446: Permission denied
10-30 14:35:04.015  7670  7670 E Zygote  : createProcessGroup(99446, 0) failed: Permission denied
10-30 14:35:04.020   772  3041 I ActivityManager: Start proc 7670:com.android.chrome:sandboxed_process30/u0i446 for webview_service com.android.chrome/org.chromium.content.app.SandboxedProcessService30
