10-31 10:50:38.323   772  1327 I ActivityManager: Killing 4106:com.android.chrome:sandboxed_process8/u0a60i787 (adj 0): isolated not needed
10-31 10:50:38.326   772   790 W zygote64: failed to open /acct/uid_99784/pid_4054/cgroup.procs: No such file or directory
10-31 10:50:38.326   772   790 W zygote64: failed to open /acct/uid_99786/pid_4089/cgroup.procs: No such file or directory
10-31 10:50:38.326   772   790 W zygote64: failed to open /acct/uid_99787/pid_4106/cgroup.procs: No such file or directory
10-31 10:50:38.333  4118  4192 I chromium: [INFO:child_process_service.cc(69)] ChildProcessService: Exiting child process.
10-31 10:50:38.334   422   422 E lowmemorykiller: Error writing /proc/4118/oom_score_adj; errno=22
10-31 10:50:38.338   772 10894 I ActivityManager: Killing 4118:com.android.chrome:sandboxed_process9/u0a60i788 (adj 0): isolated not needed
10-31 10:50:38.339   772   790 W zygote64: failed to open /acct/uid_99788/pid_4118/cgroup.procs: No such file or directory
10-31 10:50:38.361  3762  3762 W StaticLayout: maxLineHeight should not be -1.  maxLines:1 lineCount:1
10-31 10:50:38.426  3762  3762 W chromium: [WARNING:compositor_view.cc(342)] Child process died (type=6) pid=4089)
10-31 10:50:38.427  3762  3762 W chromium: [WARNING:compositor_view.cc(342)] Child process died (type=6) pid=4054)
10-31 10:50:38.428  3762  3762 W chromium: [WARNING:compositor_view.cc(342)] Child process died (type=6) pid=4106)
10-31 10:50:38.429  3762  3762 W chromium: [WARNING:compositor_view.cc(342)] Child process died (type=6) pid=4027)
10-31 10:50:38.429  3762  3762 W chromium: [WARNING:compositor_view.cc(342)] Child process died (type=6) pid=4045)
10-31 10:50:38.430  3762  3762 W chromium: [WARNING:compositor_view.cc(342)] Child process died (type=6) pid=4072)
10-31 10:50:38.431  3762  3762 W chromium: [WARNING:compositor_view.cc(342)] Child process died (type=6) pid=4118)
10-31 10:50:38.431   772   797 I ActivityManager: Displayed com.android.chrome/com.google.android.apps.chrome.Main: +1s32ms
10-31 10:50:38.450  4208  4208 E /system/bin/webview_zygote32: failed to make and chown /acct/uid_99789: Permission denied
10-31 10:50:38.450  4208  4208 E Zygote  : createProcessGroup(99789, 0) failed: Permission denied
10-31 10:50:38.451   772 13021 I ActivityManager: Start proc 4208:com.android.chrome:sandboxed_process10/u0i789 for webview_service com.android.chrome/org.chromium.content.app.SandboxedProcessService10
10-31 10:50:38.475  4208  4208 I SamplingProfilerIntegration: Profiling disabled.
10-31 10:50:38.495  4223  4223 E asset   : setgid: Operation not permitted
10-31 10:50:38.524  4208  4208 I cr_SplitCompatApp: Launched version=106.0.5249.79 minSdkVersion=24 isBundle=true processName=com.android.chrome:sandboxed_process10 isIsolated=true
10-31 10:50:38.529  4208  4208 W SystemServiceRegistry: No service published for: uimode
10-31 10:50:38.543  4208  4208 I cr_ChildProcessService: Creating new ChildProcessService pid=4208
10-31 10:50:38.551  3762  3803 I cr_BindingManager: Moderate binding enabled: maxSize=40
10-31 10:50:38.557  3762  3845 W cr_CrashFileManager: /data/user/0/com.android.chrome/cache/Crash Reports does not exist or is not a directory
10-31 10:50:38.557  3762  3845 I chatty  : uid=10060(u0_a60) identical 1 line
10-31 10:50:38.557  3762  3845 W cr_CrashFileManager: /data/user/0/com.android.chrome/cache/Crash Reports does not exist or is not a directory
10-31 10:50:38.567  4208  4208 E WebViewFactory: can't load with relro file; address space not reserved
10-31 10:50:38.574  4208  4225 I cr_LibraryLoader: Successfully loaded native library
10-31 10:50:38.575  4208  4225 I cr_CachingUmaRecorder: Flushed 3 samples from 3 histograms.
10-31 10:50:38.577  3801  3826 W DynamiteModule: Local module descriptor class for com.google.android.gms.googlecertificates not found.
10-31 10:50:38.633  4208  4225 I chromium: [INFO:child_process_service.cc(69)] ChildProcessService: Exiting child process.
10-31 10:50:38.639   422   422 E lowmemorykiller: Error writing /proc/4208/oom_score_adj; errno=22
10-31 10:50:38.639   772 10894 I ActivityManager: Killing 4208:com.android.chrome:sandboxed_process10/u0a60i789 (adj 0): isolated not needed
10-31 10:50:38.640   772   790 W zygote64: failed to open /acct/uid_99789/pid_4208/cgroup.procs: No such file or directory
10-31 10:50:38.653  3762  3762 W chromium: [WARNING:compositor_view.cc(342)] Child process died (type=6) pid=4208)
10-31 10:50:38.675  4234  4234 E /system/bin/webview_zygote32: failed to make and chown /acct/uid_99790: Permission denied
10-31 10:50:38.675  4234  4234 E Zygote  : createProcessGroup(99790, 0) failed: Permission denied
10-31 10:50:38.676   772 32228 I ActivityManager: Start proc 4234:com.android.chrome:sandboxed_process11/u0i790 for webview_service com.android.chrome/org.chromium.content.app.SandboxedProcessService11
10-31 10:50:38.693  4234  4234 I SamplingProfilerIntegration: Profiling disabled.
10-31 10:50:38.713  4250  4250 E /system/bin/webview_zygote32: failed to make and chown /acct/uid_99791: Permission denied
10-31 10:50:38.713  4250  4250 E Zygote  : createProcessGroup(99791, 0) failed: Permission denied
10-31 10:50:38.715   772   996 I ActivityManager: Start proc 4250:com.android.chrome:sandboxed_process12/u0i791 for webview_service com.android.chrome/org.chromium.content.app.SandboxedProcessService12
10-31 10:50:38.739  4250  4250 I SamplingProfilerIntegration: Profiling disabled.
10-31 10:50:38.741  4262  4262 E asset   : setgid: Operation not permitted
10-31 10:50:38.742   772 13071 I ActivityManager: Start proc 4264:com.android.chrome:sandboxed_process13/u0i792 for webview_service com.android.chrome/org.chromium.content.app.SandboxedProcessService13
10-31 10:50:38.742  4264  4264 E /system/bin/webview_zygote32: failed to make and chown /acct/uid_99792: Permission denied
10-31 10:50:38.742  4264  4264 E Zygote  : createProcessGroup(99792, 0) failed: Permission denied
10-31 10:50:38.763  4270  4270 E asset   : setgid: Operation not permitted
10-31 10:50:38.764  4234  4234 I cr_SplitCompatApp: Launched version=106.0.5249.79 minSdkVersion=24 isBundle=true processName=com.android.chrome:sandboxed_process11 isIsolated=true
10-31 10:50:38.767   772  3854 I ActivityManager: Start proc 4274:com.android.chrome:sandboxed_process14/u0i793 for webview_service com.android.chrome/org.chromium.content.app.SandboxedProcessService14
10-31 10:50:38.767  4274  4274 E /system/bin/webview_zygote32: failed to make and chown /acct/uid_99793: Permission denied
10-31 10:50:38.767  4274  4274 E Zygote  : createProcessGroup(99793, 0) failed: Permission denied
10-31 10:50:38.770  3801  3826 I DynamiteModule: Considering local module com.google.android.gms.googlecertificates:0 and remote module com.google.android.gms.googlecertificates:7
10-31 10:50:38.770  3801  3826 I DynamiteModule: Selected remote version of com.google.android.gms.googlecertificates, version >= 7
10-31 10:50:38.771  4234  4234 W SystemServiceRegistry: No service published for: uimode
10-31 10:50:38.778  4264  4264 I SamplingProfilerIntegration: Profiling disabled.
10-31 10:50:38.781  4234  4234 I cr_ChildProcessService: Creating new ChildProcessService pid=4234
10-31 10:50:38.788  4299  4299 E /system/bin/webview_zygote32: failed to make and chown /acct/uid_99794: Permission denied
10-31 10:50:38.788  4299  4299 E Zygote  : createProcessGroup(99794, 0) failed: Permission denied
10-31 10:50:38.794   772 10894 I ActivityManager: Start proc 4299:com.android.chrome:sandboxed_process15/u0i794 for webview_service com.android.chrome/org.chromium.content.app.SandboxedProcessService15
10-31 10:50:38.795  4250  4250 I cr_SplitCompatApp: Launched version=106.0.5249.79 minSdkVersion=24 isBundle=true processName=com.android.chrome:sandboxed_process12 isIsolated=true
10-31 10:50:38.801  4274  4274 I SamplingProfilerIntegration: Profiling disabled.
10-31 10:50:38.805  4234  4234 E WebViewFactory: can't load with relro file; address space not reserved
10-31 10:50:38.806  4250  4250 W SystemServiceRegistry: No service published for: uimode
10-31 10:50:38.814  4311  4311 E asset   : setgid: Operation not permitted
10-31 10:50:38.816  4250  4250 I cr_ChildProcessService: Creating new ChildProcessService pid=4250
10-31 10:50:38.830   772 13022 I ActivityManager: Start proc 4317:com.android.chrome:sandboxed_process16/u0i795 for webview_service com.android.chrome/org.chromium.content.app.SandboxedProcessService16
10-31 10:50:38.834  4299  4299 I SamplingProfilerIntegration: Profiling disabled.
10-31 10:50:38.850  4317  4317 E /system/bin/webview_zygote32: failed to make and chown /acct/uid_99795: Permission denied
10-31 10:50:38.850  4317  4317 E Zygote  : createProcessGroup(99795, 0) failed: Permission denied
10-31 10:50:38.856  4250  4250 E WebViewFactory: can't load with relro file; address space not reserved
10-31 10:50:38.866  4335  4335 E asset   : setgid: Operation not permitted
10-31 10:50:38.867  4330  4330 E asset   : setgid: Operation not permitted
10-31 10:50:38.867   772 10894 I ActivityManager: Start proc 4334:com.android.chrome:sandboxed_process17/u0i796 for webview_service com.android.chrome/org.chromium.content.app.SandboxedProcessService17
10-31 10:50:38.873  4334  4334 E /system/bin/webview_zygote32: failed to make and chown /acct/uid_99796: Permission denied
10-31 10:50:38.874  4334  4334 E Zygote  : createProcessGroup(99796, 0) failed: Permission denied
10-31 10:50:38.880  4250  4313 I cr_LibraryLoader: Successfully loaded native library
10-31 10:50:38.881  4317  4317 I SamplingProfilerIntegration: Profiling disabled.
10-31 10:50:38.885  4250  4313 I cr_CachingUmaRecorder: Flushed 3 samples from 3 histograms.
10-31 10:50:38.886  4234  4298 I cr_LibraryLoader: Successfully loaded native library
10-31 10:50:38.886  4264  4264 I cr_SplitCompatApp: Launched version=106.0.5249.79 minSdkVersion=24 isBundle=true processName=com.android.chrome:sandboxed_process13 isIsolated=true
10-31 10:50:38.887  4234  4298 I cr_CachingUmaRecorder: Flushed 3 samples from 3 histograms.
10-31 10:50:38.899  3801  3826 W zygote64: Skipping duplicate class check due to unrecognized classloader
10-31 10:50:38.900  4264  4264 W SystemServiceRegistry: No service published for: uimode
10-31 10:50:38.903  4334  4334 I SamplingProfilerIntegration: Profiling disabled.
10-31 10:50:38.918  4264  4264 I cr_ChildProcessService: Creating new ChildProcessService pid=4264
10-31 10:50:38.929  4264  4264 E WebViewFactory: can't load with relro file; address space not reserved
10-31 10:50:38.934  4274  4274 I cr_SplitCompatApp: Launched version=106.0.5249.79 minSdkVersion=24 isBundle=true processName=com.android.chrome:sandboxed_process14 isIsolated=true
10-31 10:50:38.939  3801  3826 D GoogleCertificates: com.google.android.gms.googlecertificates module is loaded
10-31 10:50:38.941  4299  4299 I cr_SplitCompatApp: Launched version=106.0.5249.79 minSdkVersion=24 isBundle=true processName=com.android.chrome:sandboxed_process15 isIsolated=true
10-31 10:50:38.942  4250  4313 I chromium: [INFO:child_process_service.cc(69)] ChildProcessService: Exiting child process.
10-31 10:50:38.945   772 20193 I ActivityManager: Start proc 4365:com.android.chrome:sandboxed_process18/u0i797 for webview_service com.android.chrome/org.chromium.content.app.SandboxedProcessService18
10-31 10:50:38.947  4366  4366 E asset   : setgid: Operation not permitted
10-31 10:50:38.951  3762  3772 I zygote  : Background concurrent copying GC freed 91478(3MB) AllocSpace objects, 7(140KB) LOS objects, 49% free, 5MB/10MB, paused 961us total 136.275ms
10-31 10:50:38.955  4299  4299 W SystemServiceRegistry: No service published for: uimode
10-31 10:50:38.955   422   422 E lowmemorykiller: Error writing /proc/4250/oom_score_adj; errno=22
10-31 10:50:38.956   772  4539 I ActivityManager: Killing 4250:com.android.chrome:sandboxed_process12/u0a60i791 (adj 0): isolated not needed
10-31 10:50:38.960  4365  4365 E /system/bin/webview_zygote32: failed to make and chown /acct/uid_99797: Permission denied
10-31 10:50:38.960  4365  4365 E Zygote  : createProcessGroup(99797, 0) failed: Permission denied
10-31 10:50:38.961   772   790 W zygote64: failed to open /acct/uid_99791/pid_4250/cgroup.procs: No such file or directory
10-31 10:50:38.961  4379  4379 E asset   : setgid: Operation not permitted
10-31 10:50:38.965  3762  3762 W chromium: [WARNING:compositor_view.cc(342)] Child process died (type=6) pid=4250)
10-31 10:50:38.966  4274  4274 W SystemServiceRegistry: No service published for: uimode
10-31 10:50:38.967  4264  4364 I cr_LibraryLoader: Successfully loaded native library
10-31 10:50:38.970  4264  4364 I cr_CachingUmaRecorder: Flushed 3 samples from 3 histograms.
10-31 10:50:38.982  4274  4274 I cr_ChildProcessService: Creating new ChildProcessService pid=4274
10-31 10:50:38.994  4299  4299 I cr_ChildProcessService: Creating new ChildProcessService pid=4299
10-31 10:50:39.002  4234  4298 I chromium: [INFO:child_process_service.cc(69)] ChildProcessService: Exiting child process.
10-31 10:50:39.007   422   422 E lowmemorykiller: Error writing /proc/4234/oom_score_adj; errno=22
10-31 10:50:39.007  4365  4365 I SamplingProfilerIntegration: Profiling disabled.
10-31 10:50:39.008   772 20193 I ActivityManager: Killing 4234:com.android.chrome:sandboxed_process11/u0a60i790 (adj 0): isolated not needed
10-31 10:50:39.008   772   790 W zygote64: failed to open /acct/uid_99790/pid_4234/cgroup.procs: No such file or directory
10-31 10:50:39.008  4274  4388 E WebViewFactory: can't load with relro file; address space not reserved
10-31 10:50:39.018  4299  4299 E WebViewFactory: can't load with relro file; address space not reserved
10-31 10:50:39.021  4264  4364 I chromium: [INFO:child_process_service.cc(69)] ChildProcessService: Exiting child process.
10-31 10:50:39.028  3762  3762 W chromium: [WARNING:compositor_view.cc(342)] Child process died (type=6) pid=4234)
10-31 10:50:39.031  4317  4317 I cr_SplitCompatApp: Launched version=106.0.5249.79 minSdkVersion=24 isBundle=true processName=com.android.chrome:sandboxed_process16 isIsolated=true
10-31 10:50:39.033  4274  4388 I cr_LibraryLoader: Successfully loaded native library
10-31 10:50:39.034  4274  4388 I cr_CachingUmaRecorder: Flushed 3 samples from 3 histograms.
10-31 10:50:39.037   772 13022 W AppOps  : Bad call: specified package com.google.android.gms under uid 10045 but it is really 10020
10-31 10:50:39.037   772 13022 W AppOps  : java.lang.RuntimeException: here
10-31 10:50:39.037   772 13022 W AppOps  : 	at com.android.server.AppOpsService.getOpsRawLocked(AppOpsService.java:1319)
10-31 10:50:39.037   772 13022 W AppOps  : 	at com.android.server.AppOpsService.checkPackage(AppOpsService.java:1038)
10-31 10:50:39.037   772 13022 W AppOps  : 	at com.android.internal.app.IAppOpsService$Stub.onTransact(IAppOpsService.java:169)
10-31 10:50:39.037   772 13022 W AppOps  : 	at android.os.Binder.execTransact(Binder.java:674)
10-31 10:50:39.045   422   422 E lowmemorykiller: Error writing /proc/4264/oom_score_adj; errno=22
10-31 10:50:39.048  4299  4394 I cr_LibraryLoader: Successfully loaded native library
10-31 10:50:39.050  4299  4394 I cr_CachingUmaRecorder: Flushed 3 samples from 3 histograms.
10-31 10:50:39.053   772   785 W AppOps  : Bad call: specified package com.google.android.gms under uid 10045 but it is really 10020
10-31 10:50:39.053   772   785 W AppOps  : java.lang.RuntimeException: here
10-31 10:50:39.053   772   785 W AppOps  : 	at com.android.server.AppOpsService.getOpsRawLocked(AppOpsService.java:1319)
10-31 10:50:39.053   772   785 W AppOps  : 	at com.android.server.AppOpsService.checkPackage(AppOpsService.java:1038)
10-31 10:50:39.053   772   785 W AppOps  : 	at com.android.internal.app.IAppOpsService$Stub.onTransact(IAppOpsService.java:169)
10-31 10:50:39.053   772   785 W AppOps  : 	at android.os.Binder.execTransact(Binder.java:674)
10-31 10:50:39.059  4317  4317 W SystemServiceRegistry: No service published for: uimode
10-31 10:50:39.061  4334  4334 I cr_SplitCompatApp: Launched version=106.0.5249.79 minSdkVersion=24 isBundle=true processName=com.android.chrome:sandboxed_process17 isIsolated=true
10-31 10:50:39.062  4412  4412 E asset   : setgid: Operation not permitted
10-31 10:50:39.066   772  2969 W ActivityManager: Exception when unbinding service com.android.chrome/org.chromium.content.app.SandboxedProcessService13
10-31 10:50:39.066   772  2969 W ActivityManager: android.os.DeadObjectException
10-31 10:50:39.066   772  2969 W ActivityManager: 	at android.os.BinderProxy.transactNative(Native Method)
10-31 10:50:39.066   772  2969 W ActivityManager: 	at android.os.BinderProxy.transact(Binder.java:748)
10-31 10:50:39.066   772  2969 W ActivityManager: 	at android.app.IApplicationThread$Stub$Proxy.scheduleUnbindService(IApplicationThread.java:1522)
10-31 10:50:39.066   772  2969 W ActivityManager: 	at com.android.server.am.ActiveServices.removeConnectionLocked(ActiveServices.java:2640)
10-31 10:50:39.066   772  2969 W ActivityManager: 	at com.android.server.am.ActiveServices.unbindServiceLocked(ActiveServices.java:1551)
10-31 10:50:39.066   772  2969 W ActivityManager: 	at com.android.server.am.ActivityManagerService.unbindService(ActivityManagerService.java:18297)
10-31 10:50:39.066   772  2969 W ActivityManager: 	at android.app.IActivityManager$Stub.onTransact(IActivityManager.java:594)
10-31 10:50:39.066   772  2969 W ActivityManager: 	at com.android.server.am.ActivityManagerService.onTransact(ActivityManagerService.java:2935)
10-31 10:50:39.066   772  2969 W ActivityManager: 	at android.os.Binder.execTransact(Binder.java:674)
10-31 10:50:39.067   422   422 E lowmemorykiller: Error opening /proc/4264/oom_score_adj; errno=2
10-31 10:50:39.067   772  2969 I ActivityManager: Killing 4264:com.android.chrome:sandboxed_process13/u0a60i792 (adj 900): isolated not needed
10-31 10:50:39.067   422   422 E lowmemorykiller: Error opening /proc/4264/oom_score_adj; errno=2
10-31 10:50:39.067   772   790 W zygote64: failed to open /acct/uid_99792/pid_4264/cgroup.procs: No such file or directory
10-31 10:50:39.072  3762  3762 W chromium: [WARNING:compositor_view.cc(342)] Child process died (type=6) pid=4264)
10-31 10:50:39.084  4334  4334 W SystemServiceRegistry: No service published for: uimode
10-31 10:50:39.088   772   781 I zygote64: Background concurrent copying GC freed 60146(3MB) AllocSpace objects, 60(1360KB) LOS objects, 42% free, 17MB/29MB, paused 228us total 280.404ms
10-31 10:50:39.090  4317  4317 I cr_ChildProcessService: Creating new ChildProcessService pid=4317
10-31 10:50:39.095  4334  4334 I cr_ChildProcessService: Creating new ChildProcessService pid=4334
10-31 10:50:39.106  4274  4388 I chromium: [INFO:child_process_service.cc(69)] ChildProcessService: Exiting child process.
10-31 10:50:39.106   772  2969 I ActivityManager: START u0 {act=android.intent.action.VIEW dat=http://192.168.178.178:5500/... flg=0x10000000 cmp=com.android.chrome/com.google.android.apps.chrome.Main} from uid 2000
10-31 10:50:39.108  4317  4317 E WebViewFactory: can't load with relro file; address space not reserved
10-31 10:50:39.110  4334  4334 E WebViewFactory: can't load with relro file; address space not reserved
10-31 10:50:39.120   422   422 E lowmemorykiller: Error writing /proc/4274/oom_score_adj; errno=22
10-31 10:50:39.120   772  1327 I ActivityManager: Killing 4274:com.android.chrome:sandboxed_process14/u0a60i793 (adj 0): isolated not needed
10-31 10:50:39.121   772   790 W zygote64: failed to open /acct/uid_99793/pid_4274/cgroup.procs: No such file or directory
10-31 10:50:39.133  4365  4365 I cr_SplitCompatApp: Launched version=106.0.5249.79 minSdkVersion=24 isBundle=true processName=com.android.chrome:sandboxed_process18 isIsolated=true
10-31 10:50:39.133  4317  4420 I cr_LibraryLoader: Successfully loaded native library
10-31 10:50:39.134  4317  4420 I cr_CachingUmaRecorder: Flushed 3 samples from 3 histograms.
10-31 10:50:39.136  4426  4426 E /system/bin/webview_zygote32: failed to make and chown /acct/uid_99798: Permission denied
10-31 10:50:39.136  4426  4426 E Zygote  : createProcessGroup(99798, 0) failed: Permission denied
10-31 10:50:39.137   772 13022 I ActivityManager: Start proc 4426:com.android.chrome:sandboxed_process19/u0i798 for webview_service com.android.chrome/org.chromium.content.app.SandboxedProcessService19
10-31 10:50:39.137  4365  4365 W SystemServiceRegistry: No service published for: uimode
10-31 10:50:39.144  4365  4365 I cr_ChildProcessService: Creating new ChildProcessService pid=4365
10-31 10:50:39.163  4365  4365 E WebViewFactory: can't load with relro file; address space not reserved
10-31 10:50:39.168  4334  4422 I cr_LibraryLoader: Successfully loaded native library
10-31 10:50:39.169  4334  4422 I cr_CachingUmaRecorder: Flushed 3 samples from 3 histograms.
10-31 10:50:39.177  4426  4426 I SamplingProfilerIntegration: Profiling disabled.
10-31 10:50:39.179  4365  4439 I cr_LibraryLoader: Successfully loaded native library
10-31 10:50:39.180  4365  4439 I cr_CachingUmaRecorder: Flushed 3 samples from 3 histograms.
10-31 10:50:39.192  3762  3762 E cr_IntentUtils: getInt failed on bundle null
10-31 10:50:39.194  3762  3762 E ResourceType: Style contains key with bad entry: 0x0101062c
10-31 10:50:39.203  4463  4463 E asset   : setgid: Operation not permitted
10-31 10:50:39.226  4465  4465 E /system/bin/webview_zygote32: failed to make and chown /acct/uid_99799: Permission denied
10-31 10:50:39.227  4465  4465 E Zygote  : createProcessGroup(99799, 0) failed: Permission denied
10-31 10:50:39.229  3762  3762 I cr_tabmodel: Appending tabs being restored to metadata lists, 0, startingNormalCount: 2, startingIncognitoCount: 0
10-31 10:50:39.229  3762  3762 I cr_tabmodel: Serializing tab lists; counts: 2, 0
10-31 10:50:39.230   772 10894 I ActivityManager: Start proc 4465:com.android.chrome:sandboxed_process20/u0i799 for webview_service com.android.chrome/org.chromium.content.app.SandboxedProcessService20
10-31 10:50:39.252  4465  4465 I SamplingProfilerIntegration: Profiling disabled.
10-31 10:50:39.252  4426  4426 I cr_SplitCompatApp: Launched version=106.0.5249.79 minSdkVersion=24 isBundle=true processName=com.android.chrome:sandboxed_process19 isIsolated=true
10-31 10:50:39.258  4426  4426 W SystemServiceRegistry: No service published for: uimode
10-31 10:50:39.266  4426  4426 I cr_ChildProcessService: Creating new ChildProcessService pid=4426
10-31 10:50:39.267  3762  3762 I cr_OfflineDetector: Running updateState mConnectivityDetectorInitialized: true, mTimeWhenLastForegrounded: 1085893433, getElapsedTime: 1085893433, mTimeWhenLastOfflineNotificationReceived: 0, mTimeWhenLastOnline: 1085892155, mApplicationState: 1, mIsOfflineLastReportedByConnectivityDetector: false, mIsEffectivelyOffline: false
10-31 10:50:39.267  3762  3762 I cr_OfflineDetector: updateState(): timeSinceLastForeground: 0, timeSinceOfflineNotificationReceived: 1085893433, timeSinceLastOnline: 1278, timeNeededForForeground: 2000, timeNeededForOffline: -1085891433
10-31 10:50:39.270  4480  4480 E asset   : setgid: Operation not permitted
10-31 10:50:39.272  4426  4426 E WebViewFactory: can't load with relro file; address space not reserved
10-31 10:50:39.282  4426  4479 I cr_LibraryLoader: Successfully loaded native library
10-31 10:50:39.284  4426  4479 I cr_CachingUmaRecorder: Flushed 3 samples from 3 histograms.
10-31 10:50:39.298  4465  4465 I cr_SplitCompatApp: Launched version=106.0.5249.79 minSdkVersion=24 isBundle=true processName=com.android.chrome:sandboxed_process20 isIsolated=true
10-31 10:50:39.302  3762  3762 W chromium: [WARNING:compositor_view.cc(342)] Child process died (type=6) pid=4274)
10-31 10:50:39.303  4465  4465 W SystemServiceRegistry: No service published for: uimode
10-31 10:50:39.307  4299  4394 I chromium: [INFO:child_process_service.cc(69)] ChildProcessService: Exiting child process.
10-31 10:50:39.309  4317  4420 I chromium: [INFO:child_process_service.cc(69)] ChildProcessService: Exiting child process.
10-31 10:50:39.311  4365  4439 I chromium: [INFO:child_process_service.cc(69)] ChildProcessService: Exiting child process.
10-31 10:50:39.314  4334  4422 I chromium: [INFO:child_process_service.cc(69)] ChildProcessService: Exiting child process.
10-31 10:50:39.315   772 10895 I ActivityManager: Killing 4299:com.android.chrome:sandboxed_process15/u0a60i794 (adj 0): isolated not needed
10-31 10:50:39.316   772   790 W zygote64: failed to open /acct/uid_99794/pid_4299/cgroup.procs: No such file or directory
10-31 10:50:39.319  4465  4465 I cr_ChildProcessService: Creating new ChildProcessService pid=4465
10-31 10:50:39.331  4465  4465 E WebViewFactory: can't load with relro file; address space not reserved
10-31 10:50:39.332  3762  3762 W ResourceType: Failure getting entry for 0x7f010216 (t=0 e=534) (error -75)
10-31 10:50:39.333  3762  3762 W ResourceType: Failure getting entry for 0x7f0107c9 (t=0 e=1993) (error -75)
10-31 10:50:39.352  4495  4495 E /system/bin/webview_zygote32: failed to make and chown /acct/uid_99800: Permission denied
10-31 10:50:39.352  4495  4495 E Zygote  : createProcessGroup(99800, 0) failed: Permission denied
10-31 10:50:39.354   772  2970 I ActivityManager: Start proc 4495:com.android.chrome:sandboxed_process21/u0i800 for webview_service com.android.chrome/org.chromium.content.app.SandboxedProcessService21
10-31 10:50:39.355   772  2969 I ActivityManager: Process com.android.chrome:sandboxed_process18 (pid 4365) has died: vis  TOP 
10-31 10:50:39.355   772   790 W zygote64: failed to open /acct/uid_99797/pid_4365/cgroup.procs: No such file or directory
10-31 10:50:39.355   772  2969 W ActivityManager: Scheduling restart of crashed service com.android.chrome/org.chromium.content.app.SandboxedProcessService18 in 1000ms
10-31 10:50:39.362 13325 13325 I MemoryTrimmer: Trimming objects from memory, since app is in the background.
10-31 10:50:39.369  3762  3762 W chromium: [WARNING:compositor_view.cc(342)] Child process died (type=6) pid=4317)
10-31 10:50:39.370  3762  3762 W chromium: [WARNING:compositor_view.cc(342)] Child process died (type=6) pid=4365)
10-31 10:50:39.370 13325  2324 V rsC++   : RS Message thread exiting.
10-31 10:50:39.370   772 10893 I ActivityManager: Process com.android.chrome:sandboxed_process16 (pid 4317) has died: vis  TOP 
10-31 10:50:39.371   772 10893 W ActivityManager: Scheduling restart of crashed service com.android.chrome/org.chromium.content.app.SandboxedProcessService16 in 10985ms
10-31 10:50:39.371  3762  3762 W chromium: [WARNING:compositor_view.cc(342)] Child process died (type=6) pid=4334)
10-31 10:50:39.371  3762  3762 W chromium: [WARNING:compositor_view.cc(342)] Child process died (type=6) pid=4299)
10-31 10:50:39.381   772   790 W zygote64: failed to open /acct/uid_99795/pid_4317/cgroup.procs: No such file or directory
10-31 10:50:39.382  4426  4479 I chromium: [INFO:child_process_service.cc(69)] ChildProcessService: Exiting child process.
10-31 10:50:39.389  4495  4495 I SamplingProfilerIntegration: Profiling disabled.
10-31 10:50:39.396   772  4540 I ActivityManager: Process com.android.chrome:sandboxed_process17 (pid 4334) has died: vis  TOP 
10-31 10:50:39.397   772  4540 W ActivityManager: Scheduling restart of crashed service com.android.chrome/org.chromium.content.app.SandboxedProcessService17 in 20959ms
10-31 10:50:39.398   772   790 W zygote64: failed to open /acct/uid_99796/pid_4334/cgroup.procs: No such file or directory
10-31 10:50:39.411  4511  4511 E /system/bin/webview_zygote32: failed to make and chown /acct/uid_99801: Permission denied
10-31 10:50:39.411  4511  4511 E Zygote  : createProcessGroup(99801, 0) failed: Permission denied
10-31 10:50:39.413   772  3041 I ActivityManager: Start proc 4511:com.android.chrome:sandboxed_process22/u0i801 for webview_service com.android.chrome/org.chromium.content.app.SandboxedProcessService22
10-31 10:50:39.413   772 10893 I ActivityManager: Process com.android.chrome:sandboxed_process19 (pid 4426) has died: vis  TOP 
10-31 10:50:39.413   772   790 W zygote64: failed to open /acct/uid_99798/pid_4426/cgroup.procs: No such file or directory
10-31 10:50:39.414   772 10893 W ActivityManager: Scheduling restart of crashed service com.android.chrome/org.chromium.content.app.SandboxedProcessService19 in 30942ms
10-31 10:50:39.418  3762  3762 W chromium: [WARNING:compositor_view.cc(342)] Child process died (type=6) pid=4426)
10-31 10:50:39.440  4511  4511 I SamplingProfilerIntegration: Profiling disabled.
10-31 10:50:39.450  4526  4526 E asset   : setgid: Operation not permitted
10-31 10:50:39.452  4465  4488 I cr_LibraryLoader: Successfully loaded native library
10-31 10:50:39.453  4465  4488 I cr_CachingUmaRecorder: Flushed 3 samples from 3 histograms.
10-31 10:50:39.455  3762  3803 I cr_BindingManager: onTrimMemory: level=5, size=0
10-31 10:50:39.472  4528  4528 E asset   : setgid: Operation not permitted
10-31 10:50:39.509  4495  4495 I cr_SplitCompatApp: Launched version=106.0.5249.79 minSdkVersion=24 isBundle=true processName=com.android.chrome:sandboxed_process21 isIsolated=true
10-31 10:50:39.519  4495  4495 W SystemServiceRegistry: No service published for: uimode
10-31 10:50:39.530  4511  4511 I cr_SplitCompatApp: Launched version=106.0.5249.79 minSdkVersion=24 isBundle=true processName=com.android.chrome:sandboxed_process22 isIsolated=true
10-31 10:50:39.539  4511  4511 W SystemServiceRegistry: No service published for: uimode
10-31 10:50:39.543  4495  4495 I cr_ChildProcessService: Creating new ChildProcessService pid=4495
10-31 10:50:39.551  4495  4495 E WebViewFactory: can't load with relro file; address space not reserved
10-31 10:50:39.551  4511  4511 I cr_ChildProcessService: Creating new ChildProcessService pid=4511
10-31 10:50:39.560  4511  4511 E WebViewFactory: can't load with relro file; address space not reserved
10-31 10:50:39.569  4495  4537 I cr_LibraryLoader: Successfully loaded native library
10-31 10:50:39.570  4495  4537 I cr_CachingUmaRecorder: Flushed 3 samples from 3 histograms.
10-31 10:50:39.581  4511  4538 I cr_LibraryLoader: Successfully loaded native library
10-31 10:50:39.583  4511  4538 I cr_CachingUmaRecorder: Flushed 3 samples from 3 histograms.
10-31 10:50:39.613  4495  4537 I chromium: [INFO:child_process_service.cc(69)] ChildProcessService: Exiting child process.
10-31 10:50:39.619   422   422 E lowmemorykiller: Error writing /proc/4495/oom_score_adj; errno=22
10-31 10:50:39.620   772  4540 I ActivityManager: Killing 4495:com.android.chrome:sandboxed_process21/u0a60i800 (adj 0): isolated not needed
10-31 10:50:39.620   772   790 W zygote64: failed to open /acct/uid_99800/pid_4495/cgroup.procs: No such file or directory
10-31 10:50:39.636  3762  3762 W chromium: [WARNING:compositor_view.cc(342)] Child process died (type=6) pid=4495)
10-31 10:50:39.649  4511  4538 I chromium: [INFO:child_process_service.cc(69)] ChildProcessService: Exiting child process.
10-31 10:50:39.650   422   422 E lowmemorykiller: Error writing /proc/4511/oom_score_adj; errno=22
10-31 10:50:39.658   772 13021 I ActivityManager: Killing 4511:com.android.chrome:sandboxed_process22/u0a60i801 (adj 0): isolated not needed
10-31 10:50:39.658   772   790 W zygote64: failed to open /acct/uid_99801/pid_4511/cgroup.procs: No such file or directory
10-31 10:50:39.695  3762  3762 W chromium: [WARNING:compositor_view.cc(342)] Child process died (type=6) pid=4511)
10-31 10:50:40.216  3801  3801 I MemoryTrimmer: Trimming objects from memory, since app is in the background.
10-31 10:50:40.236  3630  3641 I vndksupport: sphal namespace is not configured for this process. Loading libutils.so from the current namespace instead.
10-31 10:50:40.236  3762  3869 I vndksupport: sphal namespace is not configured for this process. Loading libutils.so from the current namespace instead.
10-31 10:50:40.238  3801  3819 I vndksupport: sphal namespace is not configured for this process. Loading libutils.so from the current namespace instead.
10-31 10:50:40.238  4465  4478 I vndksupport: sphal namespace is not configured for this process. Loading libutils.so from the current namespace instead.
10-31 10:50:40.239  3849  3863 I vndksupport: sphal namespace is not configured for this process. Loading libutils.so from the current namespace instead.
10-31 10:50:40.240  3813  3831 I vndksupport: sphal namespace is not configured for this process. Loading libutils.so from the current namespace instead.
10-31 10:50:40.243   556   687 E Parcel  : Reading a NULL string not supported here.
10-31 10:50:40.244   556   687 W Parcel  : **** enforceInterface() expected 'IAAudioService' but read ''
10-31 10:50:40.244   360   360 E SELinux : avc:  denied  { find } for service=android.service.gatekeeper.IGateKeeperService pid=4569 uid=2000 scontext=u:r:shell:s0 tcontext=u:object_r:gatekeeper_service:s0 tclass=service_manager
10-31 10:50:40.245   360   360 E SELinux : avc:  denied  { find } for service=netd pid=4569 uid=2000 scontext=u:r:shell:s0 tcontext=u:object_r:netd_service:s0 tclass=service_manager
10-31 10:50:40.247  4569  4569 W atrace  : type=1400 audit(0.0:13229): avc: denied { call } for scontext=u:r:shell:s0 tcontext=u:r:wificond:s0 tclass=binder permissive=0
10-31 10:50:40.251   360   360 E SELinux : avc:  denied  { find } for service=installd pid=4569 uid=2000 scontext=u:r:shell:s0 tcontext=u:object_r:installd_service:s0 tclass=service_manager
10-31 10:50:40.257   361   361 E SELinux : avc:  denied  { find } for interface=android.frameworks.displayservice::IDisplayService pid=4569 scontext=u:r:shell:s0 tcontext=u:object_r:fwk_display_hwservice:s0 tclass=hwservice_manager
10-31 10:50:40.258   361   361 E SELinux : avc:  denied  { find } for interface=android.frameworks.schedulerservice::ISchedulingPolicyService pid=4569 scontext=u:r:shell:s0 tcontext=u:object_r:fwk_scheduler_hwservice:s0 tclass=hwservice_manager
10-31 10:50:40.259   361   361 E SELinux : avc:  denied  { find } for interface=android.frameworks.sensorservice::ISensorManager pid=4569 scontext=u:r:shell:s0 tcontext=u:object_r:fwk_sensor_hwservice:s0 tclass=hwservice_manager
10-31 10:50:40.260   361   361 E SELinux : avc:  denied  { find } for interface=android.hardware.biometrics.fingerprint::IBiometricsFingerprint pid=4569 scontext=u:r:shell:s0 tcontext=u:object_r:hal_fingerprint_hwservice:s0 tclass=hwservice_manager
10-31 10:50:40.261   361   361 E SELinux : avc:  denied  { find } for interface=android.hardware.dumpstate::IDumpstateDevice pid=4569 scontext=u:r:shell:s0 tcontext=u:object_r:hal_dumpstate_hwservice:s0 tclass=hwservice_manager
10-31 10:50:40.262   361   361 E SELinux : avc:  denied  { find } for interface=android.hardware.radio.deprecated::IOemHook pid=4569 scontext=u:r:shell:s0 tcontext=u:object_r:hal_telephony_hwservice:s0 tclass=hwservice_manager
10-31 10:50:40.263   361   361 E SELinux : avc:  denied  { find } for interface=android.hardware.radio::IRadio pid=4569 scontext=u:r:shell:s0 tcontext=u:object_r:hal_telephony_hwservice:s0 tclass=hwservice_manager
10-31 10:50:40.263   361   361 E SELinux : avc:  denied  { find } for interface=android.hardware.radio::ISap pid=4569 scontext=u:r:shell:s0 tcontext=u:object_r:hal_telephony_hwservice:s0 tclass=hwservice_manager
10-31 10:50:40.265   361   361 E SELinux : avc:  denied  { find } for interface=android.hardware.usb::IUsb pid=4569 scontext=u:r:shell:s0 tcontext=u:object_r:hal_usb_hwservice:s0 tclass=hwservice_manager
10-31 10:50:40.266   361   361 E SELinux : avc:  denied  { find } for interface=android.hardware.wifi.supplicant::ISupplicant pid=4569 scontext=u:r:shell:s0 tcontext=u:object_r:hal_wifi_supplicant_hwservice:s0 tclass=hwservice_manager
10-31 10:50:40.266   361   361 E SELinux : avc:  denied  { find } for interface=android.hardware.wifi::IWifi pid=4569 scontext=u:r:shell:s0 tcontext=u:object_r:hal_wifi_hwservice:s0 tclass=hwservice_manager
10-31 10:50:40.268   361   361 E SELinux : avc:  denied  { find } for interface=android.hidl.base::IBase pid=4569 scontext=u:r:shell:s0 tcontext=u:object_r:hidl_base_hwservice:s0 tclass=hwservice_manager
10-31 10:50:40.268   361   361 I chatty  : uid=1000(system) hwservicemanage identical 1 line
10-31 10:50:40.269   361   361 E SELinux : avc:  denied  { find } for interface=android.hidl.base::IBase pid=4569 scontext=u:r:shell:s0 tcontext=u:object_r:hidl_base_hwservice:s0 tclass=hwservice_manager
10-31 10:50:40.271   361   361 E SELinux : avc:  denied  { find } for interface=android.system.wifi.keystore::IKeystore pid=4569 scontext=u:r:shell:s0 tcontext=u:object_r:system_wifi_keystore_hwservice:s0 tclass=hwservice_manager
10-31 10:50:40.288  3762  3762 W chromium: [WARNING:controller_impl.cc(1190)] Background download complete, client: 6, completion type: 0, file size:16643
10-31 10:50:40.311  4570  4570 E /system/bin/webview_zygote32: failed to make and chown /acct/uid_99802: Permission denied
10-31 10:50:40.311  4570  4570 E Zygote  : createProcessGroup(99802, 0) failed: Permission denied
10-31 10:50:40.315   772 10860 I ActivityManager: Start proc 4570:com.android.chrome:sandboxed_process23/u0i802 for webview_service com.android.chrome/org.chromium.content.app.SandboxedProcessService23
10-31 10:50:40.355  4570  4570 I SamplingProfilerIntegration: Profiling disabled.
10-31 10:50:40.369  3762  3762 W chromium: [WARNING:controller_impl.cc(1190)] Background download complete, client: 6, completion type: 0, file size:18160
10-31 10:50:40.384  4584  4584 E asset   : setgid: Operation not permitted
10-31 10:50:40.424   772 10894 I ActivityManager: Start proc 4585:com.android.chrome:sandboxed_process24/u0i803 for webview_service com.android.chrome/org.chromium.content.app.SandboxedProcessService24
10-31 10:50:40.429  4585  4585 E /system/bin/webview_zygote32: failed to make and chown /acct/uid_99803: Permission denied
10-31 10:50:40.430  4585  4585 E Zygote  : createProcessGroup(99803, 0) failed: Permission denied
10-31 10:50:40.455  4570  4570 I cr_SplitCompatApp: Launched version=106.0.5249.79 minSdkVersion=24 isBundle=true processName=com.android.chrome:sandboxed_process23 isIsolated=true
10-31 10:50:40.456  4585  4585 I SamplingProfilerIntegration: Profiling disabled.
10-31 10:50:40.463  4570  4570 W SystemServiceRegistry: No service published for: uimode
10-31 10:50:40.469  4570  4570 I cr_ChildProcessService: Creating new ChildProcessService pid=4570
10-31 10:50:40.473  4600  4600 E asset   : setgid: Operation not permitted
10-31 10:50:40.484  4570  4570 E WebViewFactory: can't load with relro file; address space not reserved
10-31 10:50:40.495  4570  4599 I cr_LibraryLoader: Successfully loaded native library
10-31 10:50:40.496  4570  4599 I cr_CachingUmaRecorder: Flushed 3 samples from 3 histograms.
10-31 10:50:40.499  4585  4585 I cr_SplitCompatApp: Launched version=106.0.5249.79 minSdkVersion=24 isBundle=true processName=com.android.chrome:sandboxed_process24 isIsolated=true
10-31 10:50:40.503  4585  4585 W SystemServiceRegistry: No service published for: uimode
10-31 10:50:40.509  4585  4585 I cr_ChildProcessService: Creating new ChildProcessService pid=4585
10-31 10:50:40.517  4605  4605 W ThreadPoolForeg: type=1400 audit(0.0:13230): avc: denied { setattr } for name="model-info.pb" dev="dm-2" ino=1504757 scontext=u:r:isolated_app:s0:c512,c768 tcontext=u:object_r:app_data_file:s0:c512,c768 tclass=file permissive=0
10-31 10:50:40.517  4605  4605 W ThreadPoolForeg: type=1400 audit(0.0:13231): avc: denied { setattr } for name="model.tflite" dev="dm-2" ino=1504758 scontext=u:r:isolated_app:s0:c512,c768 tcontext=u:object_r:app_data_file:s0:c512,c768 tclass=file permissive=0
10-31 10:50:40.517  4585  4585 E WebViewFactory: can't load with relro file; address space not reserved
10-31 10:50:40.525  4570  4599 I chromium: [INFO:child_process_service.cc(69)] ChildProcessService: Exiting child process.
10-31 10:50:40.534   422   422 E lowmemorykiller: Error writing /proc/4570/oom_score_adj; errno=22
10-31 10:50:40.535  4585  4608 I cr_LibraryLoader: Successfully loaded native library
10-31 10:50:40.535   772   996 I ActivityManager: Killing 4570:com.android.chrome:sandboxed_process23/u0a60i802 (adj 0): isolated not needed
10-31 10:50:40.536  4585  4608 I cr_CachingUmaRecorder: Flushed 3 samples from 3 histograms.
10-31 10:50:40.541   772   790 W zygote64: failed to open /acct/uid_99802/pid_4570/cgroup.procs: No such file or directory
10-31 10:50:40.554  4611  4611 W ThreadPoolForeg: type=1400 audit(0.0:13232): avc: denied { setattr } for name="model-info.pb" dev="dm-2" ino=1504742 scontext=u:r:isolated_app:s0:c512,c768 tcontext=u:object_r:app_data_file:s0:c512,c768 tclass=file permissive=0
10-31 10:50:40.557  3762  3762 W chromium: [WARNING:compositor_view.cc(342)] Child process died (type=6) pid=4570)
10-31 10:50:40.567  4611  4611 W ThreadPoolForeg: type=1400 audit(0.0:13233): avc: denied { setattr } for name="model.tflite" dev="dm-2" ino=1504757 scontext=u:r:isolated_app:s0:c512,c768 tcontext=u:object_r:app_data_file:s0:c512,c768 tclass=file permissive=0
10-31 10:50:40.575  4585  4608 I chromium: [INFO:child_process_service.cc(69)] ChildProcessService: Exiting child process.
10-31 10:50:40.577   422   422 E lowmemorykiller: Error writing /proc/4585/oom_score_adj; errno=22
10-31 10:50:40.580   772 32228 I ActivityManager: Killing 4585:com.android.chrome:sandboxed_process24/u0a60i803 (adj 0): isolated not needed
10-31 10:50:40.580   772   790 W zygote64: failed to open /acct/uid_99803/pid_4585/cgroup.procs: No such file or directory
10-31 10:50:40.612  3762  3762 W chromium: [WARNING:compositor_view.cc(342)] Child process died (type=6) pid=4585)
10-31 10:50:40.793  3762  3762 W chromium: [WARNING:controller_impl.cc(1190)] Background download complete, client: 6, completion type: 0, file size:265060
10-31 10:50:40.826  4615  4615 E /system/bin/webview_zygote32: failed to make and chown /acct/uid_99804: Permission denied
10-31 10:50:40.826  4615  4615 E Zygote  : createProcessGroup(99804, 0) failed: Permission denied
10-31 10:50:40.828   772  3041 I ActivityManager: Start proc 4615:com.android.chrome:sandboxed_process25/u0i804 for webview_service com.android.chrome/org.chromium.content.app.SandboxedProcessService25
10-31 10:50:40.849  4615  4615 I SamplingProfilerIntegration: Profiling disabled.
10-31 10:50:40.878  4628  4628 E asset   : setgid: Operation not permitted
10-31 10:50:40.916  4615  4615 I cr_SplitCompatApp: Launched version=106.0.5249.79 minSdkVersion=24 isBundle=true processName=com.android.chrome:sandboxed_process25 isIsolated=true
10-31 10:50:40.921  4615  4615 W SystemServiceRegistry: No service published for: uimode
10-31 10:50:40.927  4615  4615 I cr_ChildProcessService: Creating new ChildProcessService pid=4615
10-31 10:50:40.936  4615  4615 E WebViewFactory: can't load with relro file; address space not reserved
10-31 10:50:40.952  4615  4630 I cr_LibraryLoader: Successfully loaded native library
10-31 10:50:40.953  4615  4630 I cr_CachingUmaRecorder: Flushed 3 samples from 3 histograms.
10-31 10:50:40.974  4635  4635 W ThreadPoolForeg: type=1400 audit(0.0:13234): avc: denied { setattr } for name="model-info.pb" dev="dm-2" ino=1504785 scontext=u:r:isolated_app:s0:c512,c768 tcontext=u:object_r:app_data_file:s0:c512,c768 tclass=file permissive=0
10-31 10:50:40.987  4635  4635 W ThreadPoolForeg: type=1400 audit(0.0:13235): avc: denied { setattr } for name="model.tflite" dev="dm-2" ino=1504786 scontext=u:r:isolated_app:s0:c512,c768 tcontext=u:object_r:app_data_file:s0:c512,c768 tclass=file permissive=0
10-31 10:50:40.994  4615  4630 I chromium: [INFO:child_process_service.cc(69)] ChildProcessService: Exiting child process.
10-31 10:50:40.997   422   422 E lowmemorykiller: Error writing /proc/4615/oom_score_adj; errno=22
10-31 10:50:41.001   772  1259 I ActivityManager: Killing 4615:com.android.chrome:sandboxed_process25/u0a60i804 (adj 0): isolated not needed
10-31 10:50:41.001  3813  3832 I tflite  : Initialized TensorFlow Lite runtime.
10-31 10:50:41.001   772   790 W zygote64: failed to open /acct/uid_99804/pid_4615/cgroup.procs: No such file or directory
10-31 10:50:41.007  4465  4488 I tflite  : Initialized TensorFlow Lite runtime.
10-31 10:50:41.029  3762  3762 W chromium: [WARNING:controller_impl.cc(1190)] Background download complete, client: 6, completion type: 0, file size:15859
10-31 10:50:41.044  3762  3762 W chromium: [WARNING:compositor_view.cc(342)] Child process died (type=6) pid=4615)
10-31 10:50:41.064  4637  4637 E /system/bin/webview_zygote32: failed to make and chown /acct/uid_99805: Permission denied
10-31 10:50:41.065  4637  4637 E Zygote  : createProcessGroup(99805, 0) failed: Permission denied
10-31 10:50:41.065   772 13071 I ActivityManager: Start proc 4637:com.android.chrome:sandboxed_process26/u0i805 for webview_service com.android.chrome/org.chromium.content.app.SandboxedProcessService26
10-31 10:50:41.088  4637  4637 I SamplingProfilerIntegration: Profiling disabled.
10-31 10:50:41.106  3762  3762 W chromium: [WARNING:controller_impl.cc(1190)] Background download complete, client: 6, completion type: 0, file size:2759
10-31 10:50:41.118  4650  4650 E asset   : setgid: Operation not permitted
10-31 10:50:41.131  4651  4651 E /system/bin/webview_zygote32: failed to make and chown /acct/uid_99806: Permission denied
10-31 10:50:41.131  4651  4651 E Zygote  : createProcessGroup(99806, 0) failed: Permission denied
10-31 10:50:41.134   772   785 I ActivityManager: Start proc 4651:com.android.chrome:sandboxed_process27/u0i806 for webview_service com.android.chrome/org.chromium.content.app.SandboxedProcessService27
10-31 10:50:41.150  4637  4637 I cr_SplitCompatApp: Launched version=106.0.5249.79 minSdkVersion=24 isBundle=true processName=com.android.chrome:sandboxed_process26 isIsolated=true
10-31 10:50:41.159  4637  4637 W SystemServiceRegistry: No service published for: uimode
10-31 10:50:41.168  4651  4651 I SamplingProfilerIntegration: Profiling disabled.
10-31 10:50:41.174  4637  4637 I cr_ChildProcessService: Creating new ChildProcessService pid=4637
10-31 10:50:41.190  4637  4637 E WebViewFactory: can't load with relro file; address space not reserved
10-31 10:50:41.193  3762  3762 W chromium: [WARNING:controller_impl.cc(1190)] Background download complete, client: 6, completion type: 0, file size:116031
10-31 10:50:41.203  4637  4664 I cr_LibraryLoader: Successfully loaded native library
10-31 10:50:41.204  4637  4664 I cr_CachingUmaRecorder: Flushed 3 samples from 3 histograms.
10-31 10:50:41.205  4665  4665 E asset   : setgid: Operation not permitted
10-31 10:50:41.221  4666  4666 E /system/bin/webview_zygote32: failed to make and chown /acct/uid_99807: Permission denied
10-31 10:50:41.222  4666  4666 E Zygote  : createProcessGroup(99807, 0) failed: Permission denied
10-31 10:50:41.227   772  3041 I ActivityManager: Start proc 4666:com.android.chrome:sandboxed_process28/u0i807 for webview_service com.android.chrome/org.chromium.content.app.SandboxedProcessService28
10-31 10:50:41.234  4651  4651 I cr_SplitCompatApp: Launched version=106.0.5249.79 minSdkVersion=24 isBundle=true processName=com.android.chrome:sandboxed_process27 isIsolated=true
10-31 10:50:41.240  4651  4651 W SystemServiceRegistry: No service published for: uimode
10-31 10:50:41.243  4666  4666 I SamplingProfilerIntegration: Profiling disabled.
10-31 10:50:41.251  4651  4651 I cr_ChildProcessService: Creating new ChildProcessService pid=4651
10-31 10:50:41.260   772   781 I zygote64: Background concurrent copying GC freed 106389(6MB) AllocSpace objects, 230(7MB) LOS objects, 42% free, 17MB/30MB, paused 1.859ms total 102.302ms
10-31 10:50:41.260  4651  4651 E WebViewFactory: can't load with relro file; address space not reserved
10-31 10:50:41.271  4651  4688 I cr_LibraryLoader: Successfully loaded native library
10-31 10:50:41.272  4651  4688 I cr_CachingUmaRecorder: Flushed 3 samples from 3 histograms.
10-31 10:50:41.274  4681  4681 W ThreadPoolForeg: type=1400 audit(0.0:13236): avc: denied { setattr } for name="model-info.pb" dev="dm-2" ino=1504799 scontext=u:r:isolated_app:s0:c512,c768 tcontext=u:object_r:app_data_file:s0:c512,c768 tclass=file permissive=0
10-31 10:50:41.274  4681  4681 W ThreadPoolForeg: type=1400 audit(0.0:13237): avc: denied { setattr } for name="model.tflite" dev="dm-2" ino=1504801 scontext=u:r:isolated_app:s0:c512,c768 tcontext=u:object_r:app_data_file:s0:c512,c768 tclass=file permissive=0
10-31 10:50:41.274  4690  4690 E asset   : setgid: Operation not permitted
10-31 10:50:41.282  4637  4664 I chromium: [INFO:child_process_service.cc(69)] ChildProcessService: Exiting child process.
10-31 10:50:41.283   422   422 E lowmemorykiller: Error writing /proc/4637/oom_score_adj; errno=22
10-31 10:50:41.283   772  2970 I ActivityManager: Killing 4637:com.android.chrome:sandboxed_process26/u0a60i805 (adj 0): isolated not needed
10-31 10:50:41.285   772   790 W zygote64: failed to open /acct/uid_99805/pid_4637/cgroup.procs: No such file or directory
10-31 10:50:41.313  4666  4666 I cr_SplitCompatApp: Launched version=106.0.5249.79 minSdkVersion=24 isBundle=true processName=com.android.chrome:sandboxed_process28 isIsolated=true
10-31 10:50:41.317  4694  4694 W ThreadPoolForeg: type=1400 audit(0.0:13238): avc: denied { setattr } for name="model-info.pb" dev="dm-2" ino=1504799 scontext=u:r:isolated_app:s0:c512,c768 tcontext=u:object_r:app_data_file:s0:c512,c768 tclass=file permissive=0
10-31 10:50:41.319  4666  4666 W SystemServiceRegistry: No service published for: uimode
10-31 10:50:41.320  4694  4694 W ThreadPoolForeg: type=1400 audit(0.0:13239): avc: denied { setattr } for name="model.tflite" dev="dm-2" ino=1504804 scontext=u:r:isolated_app:s0:c512,c768 tcontext=u:object_r:app_data_file:s0:c512,c768 tclass=file permissive=0
