10-30 14:35:04.061  7670  7670 I SamplingProfilerIntegration: Profiling disabled.
10-30 14:35:04.084  7683  7683 E asset   : setgid: Operation not permitted
10-30 14:35:04.115  7670  7670 I cr_SplitCompatApp: Launched version=106.0.5249.79 minSdkVersion=24 isBundle=true processName=com.android.chrome:sandboxed_process30 isIsolated=true
10-30 14:35:04.123  7670  7670 W SystemServiceRegistry: No service published for: uimode
10-30 14:35:04.134  7670  7670 I cr_ChildProcessService: Creating new ChildProcessService pid=7670
10-30 14:35:04.163  7670  7670 E WebViewFactory: can't load with relro file; address space not reserved
10-30 14:35:04.183  7670  7684 I cr_LibraryLoader: Successfully loaded native library
10-30 14:35:04.184  7670  7684 I cr_CachingUmaRecorder: Flushed 3 samples from 3 histograms.
10-30 14:35:04.227  7687  7687 W ThreadPoolForeg: type=1400 audit(0.0:7874): avc: denied { setattr } for name="LICENSE.txt" dev="dm-2" ino=1504967 scontext=u:r:isolated_app:s0:c512,c768 tcontext=u:object_r:app_data_file:s0:c512,c768 tclass=file permissive=0
10-30 14:35:04.230  7687  7687 W ThreadPoolForeg: type=1400 audit(0.0:7875): avc: denied { setattr } for name=46696C746572696E672052756C6573 dev="dm-2" ino=1504969 scontext=u:r:isolated_app:s0:c512,c768 tcontext=u:object_r:app_data_file:s0:c512,c768 tclass=file permissive=0
10-30 14:35:04.233  7687  7687 W ThreadPoolForeg: type=1400 audit(0.0:7876): avc: denied { setattr } for name="manifest.json" dev="dm-2" ino=1504971 scontext=u:r:isolated_app:s0:c512,c768 tcontext=u:object_r:app_data_file:s0:c512,c768 tclass=file permissive=0
10-30 14:35:04.237  7687  7687 W ThreadPoolForeg: type=1400 audit(0.0:7877): avc: denied { setattr } for name="verified_contents.json" dev="dm-2" ino=1504973 scontext=u:r:isolated_app:s0:c512,c768 tcontext=u:object_r:app_data_file:s0:c512,c768 tclass=file permissive=0
10-30 14:35:04.251  7670  7684 I chromium: [INFO:child_process_service.cc(69)] ChildProcessService: Exiting child process.
10-30 14:35:04.255   422   422 E lowmemorykiller: Error writing /proc/7670/oom_score_adj; errno=22
10-30 14:35:04.256   772 20193 I ActivityManager: Killing 7670:com.android.chrome:sandboxed_process30/u0a60i446 (adj 0): isolated not needed
10-30 14:35:04.257   772   790 W zygote64: failed to open /acct/uid_99446/pid_7670/cgroup.procs: No such file or directory
10-30 14:35:04.267  6718  6718 W chromium: [WARNING:compositor_view.cc(342)] Child process died (type=6) pid=7670)
10-30 14:35:05.400  6718  6718 I cr_tabmodel: Appending tabs being restored to metadata lists, 0, startingNormalCount: 2, startingIncognitoCount: 0
10-30 14:35:05.400  6718  6718 I cr_tabmodel: Serializing tab lists; counts: 2, 0
10-30 14:35:05.912  7691  7691 E /system/bin/webview_zygote32: failed to make and chown /acct/uid_99447: Permission denied
10-30 14:35:05.913  7691  7691 E Zygote  : createProcessGroup(99447, 0) failed: Permission denied
10-30 14:35:05.915   772 13022 I ActivityManager: Start proc 7691:com.android.chrome:sandboxed_process31/u0i447 for webview_service com.android.chrome/org.chromium.content.app.SandboxedProcessService31
10-30 14:35:05.947  7691  7691 I SamplingProfilerIntegration: Profiling disabled.
10-30 14:35:05.973  7704  7704 E asset   : setgid: Operation not permitted
10-30 14:35:06.009  7691  7691 I cr_SplitCompatApp: Launched version=106.0.5249.79 minSdkVersion=24 isBundle=true processName=com.android.chrome:sandboxed_process31 isIsolated=true
10-30 14:35:06.017  7691  7691 W SystemServiceRegistry: No service published for: uimode
10-30 14:35:06.037  7691  7691 I cr_ChildProcessService: Creating new ChildProcessService pid=7691
10-30 14:35:06.045  7691  7691 E WebViewFactory: can't load with relro file; address space not reserved
10-30 14:35:06.057  7691  7705 I cr_LibraryLoader: Successfully loaded native library
10-30 14:35:06.058  7691  7705 I cr_CachingUmaRecorder: Flushed 3 samples from 3 histograms.
10-30 14:35:06.130  7709  7709 W ThreadPoolForeg: type=1400 audit(0.0:7878): avc: denied { setattr } for name="tl_en-us_2022-10-17_483521407_100000_index.bin" dev="dm-2" ino=1505060 scontext=u:r:isolated_app:s0:c512,c768 tcontext=u:object_r:app_data_file:s0:c512,c768 tclass=file permissive=0
10-30 14:35:06.133  7709  7709 W ThreadPoolForeg: type=1400 audit(0.0:7879): avc: denied { setattr } for name="manifest.json" dev="dm-2" ino=1505061 scontext=u:r:isolated_app:s0:c512,c768 tcontext=u:object_r:app_data_file:s0:c512,c768 tclass=file permissive=0
10-30 14:35:06.140  7709  7709 W ThreadPoolForeg: type=1400 audit(0.0:7880): avc: denied { setattr } for name="verified_contents.json" dev="dm-2" ino=1505063 scontext=u:r:isolated_app:s0:c512,c768 tcontext=u:object_r:app_data_file:s0:c512,c768 tclass=file permissive=0
10-30 14:35:06.147  7691  7705 I chromium: [INFO:child_process_service.cc(69)] ChildProcessService: Exiting child process.
10-30 14:35:06.149   422   422 E lowmemorykiller: Error writing /proc/7691/oom_score_adj; errno=22
10-30 14:35:06.150   772 10894 I ActivityManager: Killing 7691:com.android.chrome:sandboxed_process31/u0a60i447 (adj 0): isolated not needed
10-30 14:35:06.151   772   790 W zygote64: failed to open /acct/uid_99447/pid_7691/cgroup.procs: No such file or directory
10-30 14:35:06.162  6718  6718 W chromium: [WARNING:compositor_view.cc(342)] Child process died (type=6) pid=7691)
10-30 14:35:08.215  7712  7712 E /system/bin/webview_zygote32: failed to make and chown /acct/uid_99448: Permission denied
10-30 14:35:08.216  7712  7712 E Zygote  : createProcessGroup(99448, 0) failed: Permission denied
10-30 14:35:08.217   772   996 I ActivityManager: Start proc 7712:com.android.chrome:sandboxed_process32/u0i448 for webview_service com.android.chrome/org.chromium.content.app.SandboxedProcessService32
10-30 14:35:08.252  7712  7712 I SamplingProfilerIntegration: Profiling disabled.
10-30 14:35:08.282  7725  7725 E asset   : setgid: Operation not permitted
10-30 14:35:08.322  7712  7712 I cr_SplitCompatApp: Launched version=106.0.5249.79 minSdkVersion=24 isBundle=true processName=com.android.chrome:sandboxed_process32 isIsolated=true
10-30 14:35:08.329  7712  7712 W SystemServiceRegistry: No service published for: uimode
10-30 14:35:08.342  7712  7712 I cr_ChildProcessService: Creating new ChildProcessService pid=7712
10-30 14:35:08.352  7712  7712 E WebViewFactory: can't load with relro file; address space not reserved
10-30 14:35:08.365  7712  7726 I cr_LibraryLoader: Successfully loaded native library
10-30 14:35:08.367  7712  7726 I cr_CachingUmaRecorder: Flushed 3 samples from 3 histograms.
10-30 14:35:08.423  7729  7729 W ThreadPoolForeg: type=1400 audit(0.0:7881): avc: denied { setattr } for name="optimization-hints.pb" dev="dm-2" ino=1505066 scontext=u:r:isolated_app:s0:c512,c768 tcontext=u:object_r:app_data_file:s0:c512,c768 tclass=file permissive=0
10-30 14:35:08.427  7729  7729 W ThreadPoolForeg: type=1400 audit(0.0:7882): avc: denied { setattr } for name="manifest.json" dev="dm-2" ino=1505076 scontext=u:r:isolated_app:s0:c512,c768 tcontext=u:object_r:app_data_file:s0:c512,c768 tclass=file permissive=0
10-30 14:35:08.437  7729  7729 W ThreadPoolForeg: type=1400 audit(0.0:7883): avc: denied { setattr } for name="verified_contents.json" dev="dm-2" ino=1505085 scontext=u:r:isolated_app:s0:c512,c768 tcontext=u:object_r:app_data_file:s0:c512,c768 tclass=file permissive=0
10-30 14:35:08.449  7712  7726 I chromium: [INFO:child_process_service.cc(69)] ChildProcessService: Exiting child process.
10-30 14:35:08.455   422   422 E lowmemorykiller: Error writing /proc/7712/oom_score_adj; errno=22
10-30 14:35:08.456   772 10860 I ActivityManager: Killing 7712:com.android.chrome:sandboxed_process32/u0a60i448 (adj 0): isolated not needed
10-30 14:35:08.457   772   790 W zygote64: failed to open /acct/uid_99448/pid_7712/cgroup.procs: No such file or directory
10-30 14:35:08.478  6718  6718 W chromium: [WARNING:compositor_view.cc(342)] Child process died (type=6) pid=7712)
10-30 14:35:10.905  7734  7734 E /system/bin/webview_zygote32: failed to make and chown /acct/uid_99449: Permission denied
10-30 14:35:10.905  7734  7734 E Zygote  : createProcessGroup(99449, 0) failed: Permission denied
10-30 14:35:10.908   772 13071 I ActivityManager: Start proc 7734:com.android.chrome:sandboxed_process33/u0i449 for webview_service com.android.chrome/org.chromium.content.app.SandboxedProcessService33
10-30 14:35:10.944  7734  7734 I SamplingProfilerIntegration: Profiling disabled.
10-30 14:35:10.971  7747  7747 E asset   : setgid: Operation not permitted
10-30 14:35:11.006  7734  7734 I cr_SplitCompatApp: Launched version=106.0.5249.79 minSdkVersion=24 isBundle=true processName=com.android.chrome:sandboxed_process33 isIsolated=true
10-30 14:35:11.013  7734  7734 W SystemServiceRegistry: No service published for: uimode
10-30 14:35:11.027  7734  7734 I cr_ChildProcessService: Creating new ChildProcessService pid=7734
10-30 14:35:11.037  7734  7734 E WebViewFactory: can't load with relro file; address space not reserved
10-30 14:35:11.049  7734  7748 I cr_LibraryLoader: Successfully loaded native library
10-30 14:35:11.050  7734  7748 I cr_CachingUmaRecorder: Flushed 3 samples from 3 histograms.
10-30 14:35:11.087  7753  7753 W ThreadPoolForeg: type=1400 audit(0.0:7884): avc: denied { setattr } for name="ssl_error_assistant.pb" dev="dm-2" ino=1505089 scontext=u:r:isolated_app:s0:c512,c768 tcontext=u:object_r:app_data_file:s0:c512,c768 tclass=file permissive=0
10-30 14:35:11.087  7753  7753 W ThreadPoolForeg: type=1400 audit(0.0:7885): avc: denied { setattr } for name="ssl_error_assistant.pb" dev="dm-2" ino=1505089 scontext=u:r:isolated_app:s0:c512,c768 tcontext=u:object_r:app_data_file:s0:c512,c768 tclass=file permissive=0
10-30 14:35:11.090  7753  7753 W ThreadPoolForeg: type=1400 audit(0.0:7886): avc: denied { setattr } for name="manifest.json" dev="dm-2" ino=1505090 scontext=u:r:isolated_app:s0:c512,c768 tcontext=u:object_r:app_data_file:s0:c512,c768 tclass=file permissive=0
10-30 14:35:11.093  7753  7753 W ThreadPoolForeg: type=1400 audit(0.0:7887): avc: denied { setattr } for name="verified_contents.json" dev="dm-2" ino=1505092 scontext=u:r:isolated_app:s0:c512,c768 tcontext=u:object_r:app_data_file:s0:c512,c768 tclass=file permissive=0
10-30 14:35:11.099  7734  7748 I chromium: [INFO:child_process_service.cc(69)] ChildProcessService: Exiting child process.
10-30 14:35:11.107   422   422 E lowmemorykiller: Error writing /proc/7734/oom_score_adj; errno=22
10-30 14:35:11.107   772   785 I ActivityManager: Killing 7734:com.android.chrome:sandboxed_process33/u0a60i449 (adj 0): isolated not needed
10-30 14:35:11.108   772   790 W zygote64: failed to open /acct/uid_99449/pid_7734/cgroup.procs: No such file or directory
10-30 14:35:11.116  6718  6718 W chromium: [WARNING:compositor_view.cc(342)] Child process died (type=6) pid=7734)
10-30 14:35:13.937  7757  7757 E /system/bin/webview_zygote32: failed to make and chown /acct/uid_99450: Permission denied
10-30 14:35:13.937  7757  7757 E Zygote  : createProcessGroup(99450, 0) failed: Permission denied
10-30 14:35:13.943   772  1327 I ActivityManager: Start proc 7757:com.android.chrome:sandboxed_process34/u0i450 for webview_service com.android.chrome/org.chromium.content.app.SandboxedProcessService34
10-30 14:35:13.965  7757  7757 I SamplingProfilerIntegration: Profiling disabled.
10-30 14:35:13.987  7770  7770 E asset   : setgid: Operation not permitted
10-30 14:35:14.020  7757  7757 I cr_SplitCompatApp: Launched version=106.0.5249.79 minSdkVersion=24 isBundle=true processName=com.android.chrome:sandboxed_process34 isIsolated=true
10-30 14:35:14.026  7757  7757 W SystemServiceRegistry: No service published for: uimode
10-30 14:35:14.038  7757  7757 I cr_ChildProcessService: Creating new ChildProcessService pid=7757
10-30 14:35:14.047  7757  7757 E WebViewFactory: can't load with relro file; address space not reserved
10-30 14:35:14.059  7757  7772 I cr_LibraryLoader: Successfully loaded native library
10-30 14:35:14.060  7757  7772 I cr_CachingUmaRecorder: Flushed 3 samples from 3 histograms.
10-30 14:35:14.103  7777  7777 W ThreadPoolForeg: type=1400 audit(0.0:7888): avc: denied { setattr } for name="download_file_types.pb" dev="dm-2" ino=1505106 scontext=u:r:isolated_app:s0:c512,c768 tcontext=u:object_r:app_data_file:s0:c512,c768 tclass=file permissive=0
10-30 14:35:14.103  7777  7777 W ThreadPoolForeg: type=1400 audit(0.0:7889): avc: denied { setattr } for name="download_file_types.pb" dev="dm-2" ino=1505106 scontext=u:r:isolated_app:s0:c512,c768 tcontext=u:object_r:app_data_file:s0:c512,c768 tclass=file permissive=0
10-30 14:35:14.103  7777  7777 W ThreadPoolForeg: type=1400 audit(0.0:7890): avc: denied { setattr } for name="manifest.json" dev="dm-2" ino=1505107 scontext=u:r:isolated_app:s0:c512,c768 tcontext=u:object_r:app_data_file:s0:c512,c768 tclass=file permissive=0
10-30 14:35:14.110  7777  7777 W ThreadPoolForeg: type=1400 audit(0.0:7891): avc: denied { setattr } for name="verified_contents.json" dev="dm-2" ino=1505110 scontext=u:r:isolated_app:s0:c512,c768 tcontext=u:object_r:app_data_file:s0:c512,c768 tclass=file permissive=0
10-30 14:35:14.120  7757  7772 I chromium: [INFO:child_process_service.cc(69)] ChildProcessService: Exiting child process.
10-30 14:35:14.122   422   422 E lowmemorykiller: Error writing /proc/7757/oom_score_adj; errno=22
10-30 14:35:14.123   772   784 I ActivityManager: Killing 7757:com.android.chrome:sandboxed_process34/u0a60i450 (adj 0): isolated not needed
10-30 14:35:14.123   772   790 W zygote64: failed to open /acct/uid_99450/pid_7757/cgroup.procs: No such file or directory
10-30 14:35:14.140  6718  6718 W chromium: [WARNING:compositor_view.cc(342)] Child process died (type=6) pid=7757)
10-30 14:35:16.250   772 13021 I ActivityManager: Force stopping com.android.chrome appid=10060 user=0: from pid 7789
10-30 14:35:16.250   772 13021 I ActivityManager: Killing 6789:com.android.chrome:privileged_process0/u0a60 (adj 0): stop com.android.chrome
10-30 14:35:16.251   772 13021 W ActivityManager: Scheduling restart of crashed service com.android.chrome/org.chromium.content.app.PrivilegedProcessService0 in 1000ms
10-30 14:35:16.260   772 13021 I ActivityManager: Killing 6718:com.android.chrome/u0a60 (adj 0): stop com.android.chrome
10-30 14:35:16.266   772 13021 W ActivityManager: Force removing ActivityRecord{6d640f2 u0 com.android.chrome/com.google.android.apps.chrome.Main t477}: app died, no saved state
10-30 14:35:16.269   772 13021 I WindowManager: Failed to capture screenshot of Token{e2f9343 ActivityRecord{6d640f2 u0 com.android.chrome/com.google.android.apps.chrome.Main t477 f}} appWin=Window{5666f8f u0 com.android.chrome/com.google.android.apps.chrome.Main} drawState=4
10-30 14:35:16.270  6755  6755 I cr_ChildProcessService: Destroying ChildProcessService pid=6755
10-30 14:35:16.278   772 13021 I ActivityManager: Killing 7299:com.android.chrome:sandboxed_process17/u0a60i433 (adj 0): isolated not needed
10-30 14:35:16.279   772 13021 I ActivityManager: Killing 6755:com.android.chrome:sandboxed_process0/u0a60i416 (adj 0): isolated not needed
10-30 14:35:16.283 32394 32394 I MemoryTrimmer: Trimming objects from memory, since app is in the background.
10-30 14:35:16.288 26466 26466 D BoundBrokerSvc: onUnbind: Intent { act=com.google.android.gms.auth.key.retrieval.service.START dat=chimera-action:com.google.android.gms.auth.key.retrieval.service.START cmp=com.google.android.gms/.chimera.GmsApiService }
10-30 14:35:16.292  1311  1311 D CarrierSvcBindHelper: No carrier app for: 0
10-30 14:35:16.304  2964  2964 D RegisteredNfcFServicesCache: Service unchanged, not updating
10-30 14:35:16.321  3042  3179 I Adreno  : QUALCOMM build                   : 7142022, Ib5823dd10c
10-30 14:35:16.321  3042  3179 I Adreno  : Build Date                       : 06/23/17
10-30 14:35:16.321  3042  3179 I Adreno  : OpenGL ES Shader Compiler Version: EV031.18.00.00
10-30 14:35:16.321  3042  3179 I Adreno  : Local Branch                     : O11A
10-30 14:35:16.321  3042  3179 I Adreno  : Remote Branch                    : 
10-30 14:35:16.321  3042  3179 I Adreno  : Remote Branch                    : 
10-30 14:35:16.321  3042  3179 I Adreno  : Reconstruct Branch               : 
10-30 14:35:16.325  3042  3179 I vndksupport: sphal namespace is not configured for this process. Loading /vendor/lib64/hw/gralloc.msm8992.so from the current namespace instead.
10-30 14:35:16.334  3042  3179 I Adreno  : PFP: 0x00000000, ME: 0x00000000
10-30 14:35:16.341  3042  3179 I OpenGLRenderer: Initialized EGL, version 1.4
10-30 14:35:16.341  3042  3179 D OpenGLRenderer: Swap behavior 2
10-30 14:35:16.342   772  2970 E JavaBinder: !!! FAILED BINDER TRANSACTION !!!  (parcel size = 108)
10-30 14:35:16.342   772  2970 W InputMethodManagerService: Got RemoteException sending setActive(false) notification to pid 6718 uid 10060
10-30 14:35:16.342   772  2970 E JavaBinder: !!! FAILED BINDER TRANSACTION !!!  (parcel size = 108)
10-30 14:35:16.344   772  1324 D ConnectivityService: ConnectivityService NetworkRequestInfo binderDied(NetworkRequest [ LISTEN id=1080, [ Capabilities: INTERNET&NOT_RESTRICTED&TRUSTED&FOREGROUND] ], android.os.BinderProxy@2d26ab2)
10-30 14:35:16.344   772 20193 D ConnectivityService: ConnectivityService NetworkRequestInfo binderDied(NetworkRequest [ LISTEN id=1081, [ Capabilities: INTERNET&NOT_RESTRICTED&TRUSTED&FOREGROUND] ], android.os.BinderProxy@80f24bd)
10-30 14:35:16.345   772   996 D ConnectivityService: ConnectivityService NetworkRequestInfo binderDied(NetworkRequest [ LISTEN id=1082, [ Capabilities: INTERNET&NOT_RESTRICTED&TRUSTED&FOREGROUND] ], android.os.BinderProxy@7c5da03)
10-30 14:35:16.347   772   797 W ActivityManager: setHasOverlayUi called on unknown pid: 6718
10-30 14:35:16.348   772   862 E ConnectivityService: RemoteException caught trying to send a callback msg for NetworkRequest [ LISTEN id=1081, [ Capabilities: INTERNET&NOT_RESTRICTED&TRUSTED&FOREGROUND] ]
10-30 14:35:16.349   772   862 E ConnectivityService: RemoteException caught trying to send a callback msg for NetworkRequest [ LISTEN id=1080, [ Capabilities: INTERNET&NOT_RESTRICTED&TRUSTED&FOREGROUND] ]
10-30 14:35:16.349   772   862 E ConnectivityService: RemoteException caught trying to send a callback msg for NetworkRequest [ LISTEN id=1082, [ Capabilities: INTERNET&NOT_RESTRICTED&TRUSTED&FOREGROUND] ]
10-30 14:35:16.358   772   790 W zygote64: failed to open /acct/uid_99433/pid_7299/cgroup.procs: No such file or directory
10-30 14:35:16.358   772   790 W zygote64: failed to open /acct/uid_99416/pid_6755/cgroup.procs: No such file or directory
10-30 14:35:16.371   772 13021 W ActivityManager: Unable to start service Intent { act=com.google.android.gms.speech.service.START pkg=com.google.android.gms } U=0: not found
10-30 14:35:16.374   772  1324 W ActivityManager: Unbind failed: could not find connection for android.os.BinderProxy@a37b72d
10-30 14:35:16.374 32394 32580 E GmsClient: unable to connect to service: com.google.android.gms.speech.service.START on com.google.android.gms
10-30 14:35:16.408 32394 32406 W SessionLifecycleManager: Handover failed. Creating new session controller.
10-30 14:35:16.412 32394 32394 I OptInState: There is a new client and it does not support opt-in. Dropping request.
10-30 14:35:16.447 32394 32394 I MicroDetectionWorker: #updateMicroDetector [detectionMode: [mDetectionMode: [1]]]
10-30 14:35:16.461 32394 32394 I MicroDetectionWorker: #startMicroDetector [speakerMode: 0]
10-30 14:35:16.467 32394 32394 I MicroDetectionWorker: onReady
10-30 14:35:16.468 32394  4083 I MicroRecognitionRunner: Starting detection.
10-30 14:35:16.469 32394  4184 I MicrophoneInputStream: mic_starting com.google.android.apps.gsa.speech.audio.af@da74211
10-30 14:35:16.470   556   688 W DeviceHAL: Device 0xefa2d000 open_input_stream: Invalid argument
10-30 14:35:16.471   556  7802 I AudioFlinger: AudioFlinger's thread 0xec603a80 tid=7802 ready to run
10-30 14:35:16.480 32394  4184 I MicrophoneInputStream: mic_started com.google.android.apps.gsa.speech.audio.af@da74211
10-30 14:35:16.480   556   753 I SoundTriggerHwService::Module: onCallbackEvent no clients
10-30 14:35:16.483   556  7803 D sound_trigger_platform: platform_stdev_check_and_update_concurrency: concurrency active 0, tx 1, rx 0, concurrency session_allowed 0
10-30 14:35:16.483   556  7803 D audio_hw_primary: enable_snd_device: snd_device(72: voice-rec-mic)
10-30 14:35:16.490   556  7803 D audio_hw_primary: enable_audio_route: usecase(9) apply and update mixer path: audio-record
10-30 14:35:16.557 32394 32394 I MicroDetectionWorker: onReady
10-30 14:35:16.702  7792  7792 D AndroidRuntime: >>>>>> START com.android.internal.os.RuntimeInit uid 2000 <<<<<<
10-30 14:35:16.851  7792  7792 D AndroidRuntime: Calling main entry com.android.commands.pm.Pm
10-30 14:35:16.861  3042  3179 W OpenGLRenderer: Incorrectly called buildLayer on View: ShortcutAndWidgetContainer, destroying layer...
10-30 14:35:16.867   772  2970 I ActivityManager: Force stopping com.android.chrome appid=10060 user=0: clear data
10-30 14:35:16.873   772   788 I ActivityManager: Force stopping com.android.chrome appid=10060 user=-1: clearApplicationUserData
10-30 14:35:16.979   560   560 I keystore: clear_uid 10060
10-30 14:35:17.003  1311  1311 D CarrierSvcBindHelper: No carrier app for: 0
10-30 14:35:17.006   772   787 W ResourceType: No known package when getting value for resource number 0x7f0904db
10-30 14:35:17.006   772   787 W ResourceType: No known package when getting value for resource number 0x7f140670
10-30 14:35:17.007   772   787 W ResourceType: No known package when getting value for resource number 0x7f0904da
10-30 14:35:17.007   772   787 W ResourceType: No known package when getting value for resource number 0x7f14018b
10-30 14:35:17.008  7792  7792 I app_process: System.exit called, status: 0
10-30 14:35:17.008  7792  7792 I AndroidRuntime: VM exiting with result code 0.
10-30 14:35:17.008   772   787 W ResourceType: No known package when getting value for resource number 0x7f14066f
10-30 14:35:17.008   772   787 W ResourceType: No known package when getting value for resource number 0x7f140434
10-30 14:35:17.008   772   787 E ShortcutService: Ignoring excessive intent tag.
10-30 14:35:17.020  2964  2964 D RegisteredNfcFServicesCache: Service unchanged, not updating
10-30 14:35:17.034 31420  7816 I Fitness : FitCleanupIntentOperation received Intent android.intent.action.PACKAGE_DATA_CLEARED [CONTEXT service_id=17 ]
10-30 14:35:17.077 26466 25116 I Icing   : doRemovePackageData com.android.chrome
10-30 14:35:17.077 26466 25116 I Icing   : Removing corpus key com.android.chrome-omnibox for package com.android.chrome
10-30 14:35:17.093 26466 25116 I native  : I0000 00:00:1667136917.093061   25116 flash-index.cc:1535] Flash index sort hb 10 prefix-hits 20 -> 18 at 7.242ms
10-30 14:35:17.182 26466 25116 I Icing   : Removing corpus key com.android.chrome-internal.3p:WebPage for package com.android.chrome
10-30 14:35:17.322 26466 25116 I Icing   : updateResources: need to parse anue{com.android.chrome}
10-30 14:35:17.374   772   996 I ActivityManager: Force stopping com.android.chrome appid=10060 user=0: from pid 7843
10-30 14:35:17.379  1311  1311 D CarrierSvcBindHelper: No carrier app for: 0
10-30 14:35:17.388  2964  2964 D RegisteredNfcFServicesCache: Service unchanged, not updating
10-30 14:35:17.417 26466 25116 I Icing   : Indexing com.android.chrome-omnibox from com.android.chrome
10-30 14:35:17.435   772   996 I ActivityManager: Start proc 7848:com.android.chrome/u0a60 for content provider com.android.chrome/com.google.android.apps.chrome.icing.IcingProvider
10-30 14:35:17.488  7848  7848 I cr_SplitCompatApp: Launched version=106.0.5249.79 minSdkVersion=24 isBundle=true processName=com.android.chrome isIsolated=false
10-30 14:35:17.575 31420 25451 I FontLog : Received query Google Sans, URI content://com.google.android.gms.fonts [CONTEXT service_id=132 ]
10-30 14:35:17.576 31420 25451 I FontLog : Query [Google Sans] resolved to {Google Sans, wdth 100.0, wght 400, ital 0.0, bestEffort false} [CONTEXT service_id=132 ]
10-30 14:35:17.577 31420 25451 I FontLog : Font PFD returned from cache for {Google Sans, wdth 100.0, wght 400, ital 0.0, bestEffort false} [CONTEXT service_id=132 ]
10-30 14:35:17.577 31420 25451 I FontLog : Fetch {Google Sans, wdth 100.0, wght 400, ital 0.0, bestEffort false} end status Status{statusCode=SUCCESS, resolution=null} [CONTEXT service_id=132 ]
10-30 14:35:17.719 31420 31432 I FontLog : Pulling font file for id = 1974, cache size = 8 [CONTEXT service_id=132 ]
10-30 14:35:17.760  7845  7845 D AndroidRuntime: >>>>>> START com.android.internal.os.RuntimeInit uid 2000 <<<<<<
10-30 14:35:17.767 26466 25116 I Icing   : Indexing done com.android.chrome-omnibox
10-30 14:35:17.806  7848  7868 I cr_LibraryLoader: Successfully loaded native library
10-30 14:35:17.807  7848  7868 I cr_CachingUmaRecorder: Flushed 20 samples from 19 histograms.
10-30 14:35:17.851 31420 31431 I FontLog : Received query Google Sans:500, URI content://com.google.android.gms.fonts [CONTEXT service_id=132 ]
10-30 14:35:17.851 31420 31431 I FontLog : Query [Google Sans:500] resolved to {Google Sans, wdth 100.0, wght 500, ital 0.0, bestEffort false} [CONTEXT service_id=132 ]
10-30 14:35:17.853 31420 31431 I FontLog : Font PFD returned from cache for {Google Sans, wdth 100.0, wght 500, ital 0.0, bestEffort false} [CONTEXT service_id=132 ]
10-30 14:35:17.853 31420 31431 I FontLog : Fetch {Google Sans, wdth 100.0, wght 500, ital 0.0, bestEffort false} end status Status{statusCode=SUCCESS, resolution=null} [CONTEXT service_id=132 ]
10-30 14:35:17.883 31420 31501 I FontLog : Pulling font file for id = 1975, cache size = 7 [CONTEXT service_id=132 ]
10-30 14:35:17.889  7845  7845 D AndroidRuntime: Calling main entry com.android.commands.pm.Pm
10-30 14:35:17.907   772 10860 I ActivityManager: Force stopping com.android.chrome appid=10060 user=0: clear data
10-30 14:35:17.908   772 10860 I ActivityManager: Killing 7848:com.android.chrome/u0a60 (adj 700): stop com.android.chrome
10-30 14:35:17.912   772   788 I ActivityManager: Force stopping com.android.chrome appid=10060 user=-1: clearApplicationUserData
10-30 14:35:17.914   560   560 I keystore: clear_uid 10060
10-30 14:35:17.946   772   787 W ResourceType: No known package when getting value for resource number 0x7f0904db
10-30 14:35:17.946  1311  1311 D CarrierSvcBindHelper: No carrier app for: 0
10-30 14:35:17.948  7845  7845 I app_process: System.exit called, status: 0
10-30 14:35:17.948  7845  7845 I AndroidRuntime: VM exiting with result code 0.
10-30 14:35:17.951   772   787 W ResourceType: No known package when getting value for resource number 0x7f140670
10-30 14:35:17.951   772   787 W ResourceType: No known package when getting value for resource number 0x7f0904da
10-30 14:35:17.951   772   787 W ResourceType: No known package when getting value for resource number 0x7f14018b
10-30 14:35:17.951   772   787 W ResourceType: No known package when getting value for resource number 0x7f14066f
10-30 14:35:17.951   772   787 W ResourceType: No known package when getting value for resource number 0x7f140434
10-30 14:35:17.951   772   787 E ShortcutService: Ignoring excessive intent tag.
10-30 14:35:17.963  2964  2964 D RegisteredNfcFServicesCache: Service unchanged, not updating
10-30 14:35:17.977 31420  7816 I Fitness : FitCleanupIntentOperation received Intent android.intent.action.PACKAGE_DATA_CLEARED [CONTEXT service_id=17 ]
10-30 14:35:18.002 26466 25116 I Icing   : doRemovePackageData com.android.chrome
10-30 14:35:18.002 26466 25116 I Icing   : Removing corpus key com.android.chrome-omnibox for package com.android.chrome
10-30 14:35:18.112 26466 25116 I Icing   : updateResources: need to parse anue{com.android.chrome}
10-30 14:35:18.200 26466 25116 I Icing   : Indexing com.android.chrome-omnibox from com.android.chrome
10-30 14:35:18.215   772  2970 I ActivityManager: Start proc 7885:com.android.chrome/u0a60 for content provider com.android.chrome/com.google.android.apps.chrome.icing.IcingProvider
10-30 14:35:18.256  7885  7885 I cr_SplitCompatApp: Launched version=106.0.5249.79 minSdkVersion=24 isBundle=true processName=com.android.chrome isIsolated=false
10-30 14:35:18.404 31420 31431 I FontLog : Received query Google Sans, URI content://com.google.android.gms.fonts [CONTEXT service_id=132 ]
10-30 14:35:18.405 31420 31431 I FontLog : Query [Google Sans] resolved to {Google Sans, wdth 100.0, wght 400, ital 0.0, bestEffort false} [CONTEXT service_id=132 ]
10-30 14:35:18.406 31420 31431 I FontLog : Font PFD returned from cache for {Google Sans, wdth 100.0, wght 400, ital 0.0, bestEffort false} [CONTEXT service_id=132 ]
10-30 14:35:18.406 31420 31431 I FontLog : Fetch {Google Sans, wdth 100.0, wght 400, ital 0.0, bestEffort false} end status Status{statusCode=SUCCESS, resolution=null} [CONTEXT service_id=132 ]
10-30 14:35:18.466 31420 31465 I FontLog : Pulling font file for id = 1976, cache size = 6 [CONTEXT service_id=132 ]
10-30 14:35:18.486 26466 25116 I Icing   : Indexing done com.android.chrome-omnibox
10-30 14:35:18.538  7885  7904 I cr_LibraryLoader: Successfully loaded native library
10-30 14:35:18.546  7885  7904 I cr_CachingUmaRecorder: Flushed 20 samples from 19 histograms.
10-30 14:35:18.596 31420 31432 I FontLog : Received query Google Sans:500, URI content://com.google.android.gms.fonts [CONTEXT service_id=132 ]
10-30 14:35:18.597 31420 31432 I FontLog : Query [Google Sans:500] resolved to {Google Sans, wdth 100.0, wght 500, ital 0.0, bestEffort false} [CONTEXT service_id=132 ]
10-30 14:35:18.598 31420 31432 I FontLog : Font PFD returned from cache for {Google Sans, wdth 100.0, wght 500, ital 0.0, bestEffort false} [CONTEXT service_id=132 ]
10-30 14:35:18.598 31420 31432 I FontLog : Fetch {Google Sans, wdth 100.0, wght 500, ital 0.0, bestEffort false} end status Status{statusCode=SUCCESS, resolution=null} [CONTEXT service_id=132 ]
10-30 14:35:18.624 31420 25451 I FontLog : Pulling font file for id = 1977, cache size = 7 [CONTEXT service_id=132 ]
10-30 14:35:18.679 31420 31465 I FontLog : Received query Google Sans:700, URI content://com.google.android.gms.fonts [CONTEXT service_id=132 ]
10-30 14:35:18.680 31420 31465 I FontLog : Query [Google Sans:700] resolved to {Google Sans, wdth 100.0, wght 700, ital 0.0, bestEffort false} [CONTEXT service_id=132 ]
10-30 14:35:18.681 31420 31465 I FontLog : Fetch {Google Sans, wdth 100.0, wght 700, ital 0.0, bestEffort false} end status Status{statusCode=SUCCESS, resolution=null} [CONTEXT service_id=132 ]
10-30 14:35:18.691 31420 31431 I FontLog : Pulling font file for id = 1978, cache size = 8 [CONTEXT service_id=132 ]
