10-31 17:16:33.329  8044  8059 I cr_LibraryLoader: Successfully loaded native library
10-31 17:16:33.330  8044  8059 I cr_CachingUmaRecorder: Flushed 3 samples from 3 histograms.
10-31 17:16:33.373  8065  8065 W ThreadPoolForeg: type=1400 audit(0.0:16923): avc: denied { setattr } for name="model-info.pb" dev="dm-2" ino=1504874 scontext=u:r:isolated_app:s0:c512,c768 tcontext=u:object_r:app_data_file:s0:c512,c768 tclass=file permissive=0
10-31 17:16:33.375   772 13071 I ActivityManager: Start proc 8067:com.android.chrome:sandboxed_process26/u0i528 for webview_service com.android.chrome/org.chromium.content.app.SandboxedProcessService26
10-31 17:16:33.382  8067  8067 E /system/bin/webview_zygote32: failed to make and chown /acct/uid_99528: Permission denied
10-31 17:16:33.382  8067  8067 E Zygote  : createProcessGroup(99528, 0) failed: Permission denied
10-31 17:16:33.401  7261  7261 W chromium: [WARNING:controller_impl.cc(1190)] Background download complete, client: 6, completion type: 0, file size:4951
10-31 17:16:33.409  8065  8065 W ThreadPoolForeg: type=1400 audit(0.0:16924): avc: denied { setattr } for name="model.tflite" dev="dm-2" ino=1504875 scontext=u:r:isolated_app:s0:c512,c768 tcontext=u:object_r:app_data_file:s0:c512,c768 tclass=file permissive=0
10-31 17:16:33.420  8044  8059 I chromium: [INFO:child_process_service.cc(69)] ChildProcessService: Exiting child process.
10-31 17:16:33.422   422   422 E lowmemorykiller: Error writing /proc/8044/oom_score_adj; errno=22
10-31 17:16:33.424   772  4539 I ActivityManager: Killing 8044:com.android.chrome:sandboxed_process25/u0a60i527 (adj 0): isolated not needed
10-31 17:16:33.425   772   790 W zygote64: failed to open /acct/uid_99527/pid_8044/cgroup.procs: No such file or directory
10-31 17:16:33.428  8067  8067 I SamplingProfilerIntegration: Profiling disabled.
10-31 17:16:33.444  7261  7261 W chromium: [WARNING:compositor_view.cc(342)] Child process died (type=6) pid=8044)
10-31 17:16:33.448  8081  8081 E /system/bin/webview_zygote32: failed to make and chown /acct/uid_99529: Permission denied
10-31 17:16:33.448  8081  8081 E Zygote  : createProcessGroup(99529, 0) failed: Permission denied
10-31 17:16:33.452   772 10894 I ActivityManager: Start proc 8081:com.android.chrome:sandboxed_process27/u0i529 for webview_service com.android.chrome/org.chromium.content.app.SandboxedProcessService27
10-31 17:16:33.460   772   781 I zygote64: Background concurrent copying GC freed 118799(7MB) AllocSpace objects, 252(7MB) LOS objects, 42% free, 19MB/33MB, paused 746us total 145.711ms
10-31 17:16:33.468  8081  8081 I SamplingProfilerIntegration: Profiling disabled.
10-31 17:16:33.485  8094  8094 E asset   : setgid: Operation not permitted
10-31 17:16:33.489  8095  8095 E asset   : setgid: Operation not permitted
10-31 17:16:33.516  8067  8067 I cr_SplitCompatApp: Launched version=106.0.5249.79 minSdkVersion=24 isBundle=true processName=com.android.chrome:sandboxed_process26 isIsolated=true
10-31 17:16:33.520  8067  8067 W SystemServiceRegistry: No service published for: uimode
10-31 17:16:33.523  8081  8081 I cr_SplitCompatApp: Launched version=106.0.5249.79 minSdkVersion=24 isBundle=true processName=com.android.chrome:sandboxed_process27 isIsolated=true
10-31 17:16:33.527  8081  8081 W SystemServiceRegistry: No service published for: uimode
10-31 17:16:33.528  8067  8067 I cr_ChildProcessService: Creating new ChildProcessService pid=8067
10-31 17:16:33.532  7261  7261 W chromium: [WARNING:controller_impl.cc(1190)] Background download complete, client: 6, completion type: 0, file size:116031
10-31 17:16:33.535  8081  8081 I cr_ChildProcessService: Creating new ChildProcessService pid=8081
10-31 17:16:33.538  8067  8067 E WebViewFactory: can't load with relro file; address space not reserved
10-31 17:16:33.545  8081  8081 E WebViewFactory: can't load with relro file; address space not reserved
10-31 17:16:33.553  7829  7880 I tflite  : Initialized TensorFlow Lite runtime.
10-31 17:16:33.560  8067  8098 I cr_LibraryLoader: Successfully loaded native library
10-31 17:16:33.562  8067  8098 I cr_CachingUmaRecorder: Flushed 3 samples from 3 histograms.
10-31 17:16:33.567  8081  8099 I cr_LibraryLoader: Successfully loaded native library
10-31 17:16:33.568  8081  8099 I cr_CachingUmaRecorder: Flushed 3 samples from 3 histograms.
10-31 17:16:33.569   772  4539 I ActivityManager: Start proc 8102:com.android.chrome:sandboxed_process28/u0i530 for webview_service com.android.chrome/org.chromium.content.app.SandboxedProcessService28
10-31 17:16:33.575  8102  8102 E /system/bin/webview_zygote32: failed to make and chown /acct/uid_99530: Permission denied
10-31 17:16:33.576  8102  8102 E Zygote  : createProcessGroup(99530, 0) failed: Permission denied
10-31 17:16:33.603  8119  8119 W ThreadPoolForeg: type=1400 audit(0.0:16925): avc: denied { setattr } for name="model-info.pb" dev="dm-2" ino=1504878 scontext=u:r:isolated_app:s0:c512,c768 tcontext=u:object_r:app_data_file:s0:c512,c768 tclass=file permissive=0
10-31 17:16:33.609  8119  8119 W ThreadPoolForeg: type=1400 audit(0.0:16926): avc: denied { setattr } for name="model.tflite" dev="dm-2" ino=1504879 scontext=u:r:isolated_app:s0:c512,c768 tcontext=u:object_r:app_data_file:s0:c512,c768 tclass=file permissive=0
10-31 17:16:33.609  8115  8115 W ThreadPoolForeg: type=1400 audit(0.0:16927): avc: denied { setattr } for name="model-info.pb" dev="dm-2" ino=1504880 scontext=u:r:isolated_app:s0:c512,c768 tcontext=u:object_r:app_data_file:s0:c512,c768 tclass=file permissive=0
10-31 17:16:33.613  8115  8115 W ThreadPoolForeg: type=1400 audit(0.0:16928): avc: denied { setattr } for name="model.tflite" dev="dm-2" ino=1504881 scontext=u:r:isolated_app:s0:c512,c768 tcontext=u:object_r:app_data_file:s0:c512,c768 tclass=file permissive=0
10-31 17:16:33.619  8081  8099 I chromium: [INFO:child_process_service.cc(69)] ChildProcessService: Exiting child process.
10-31 17:16:33.620   422   422 E lowmemorykiller: Error writing /proc/8081/oom_score_adj; errno=22
10-31 17:16:33.621   772  1327 I ActivityManager: Killing 8081:com.android.chrome:sandboxed_process27/u0a60i529 (adj 0): isolated not needed
10-31 17:16:33.622   772   790 W zygote64: failed to open /acct/uid_99529/pid_8081/cgroup.procs: No such file or directory
10-31 17:16:33.623  8067  8098 I chromium: [INFO:child_process_service.cc(69)] ChildProcessService: Exiting child process.
10-31 17:16:33.626  8102  8102 I SamplingProfilerIntegration: Profiling disabled.
10-31 17:16:33.628   422   422 E lowmemorykiller: Error writing /proc/8067/oom_score_adj; errno=22
10-31 17:16:33.630   772  2970 I ActivityManager: Killing 8067:com.android.chrome:sandboxed_process26/u0a60i528 (adj 0): isolated not needed
10-31 17:16:33.630   772   790 W zygote64: failed to open /acct/uid_99528/pid_8067/cgroup.procs: No such file or directory
10-31 17:16:33.655  7261  7261 W chromium: [WARNING:compositor_view.cc(342)] Child process died (type=6) pid=8067)
10-31 17:16:33.662  8130  8130 E asset   : setgid: Operation not permitted
10-31 17:16:33.673  7261  7261 W chromium: [WARNING:compositor_view.cc(342)] Child process died (type=6) pid=8081)
10-31 17:16:33.698  8102  8102 I cr_SplitCompatApp: Launched version=106.0.5249.79 minSdkVersion=24 isBundle=true processName=com.android.chrome:sandboxed_process28 isIsolated=true
10-31 17:16:33.706  8102  8102 W SystemServiceRegistry: No service published for: uimode
10-31 17:16:33.713  8102  8102 I cr_ChildProcessService: Creating new ChildProcessService pid=8102
10-31 17:16:33.732  8102  8102 E WebViewFactory: can't load with relro file; address space not reserved
10-31 17:16:33.746  8102  8132 I cr_LibraryLoader: Successfully loaded native library
10-31 17:16:33.747  8102  8132 I cr_CachingUmaRecorder: Flushed 3 samples from 3 histograms.
10-31 17:16:33.766   551   618 I ThermalEngine: ACTION: LCD - Setting max LCD brightness to 232
10-31 17:16:33.773  8136  8136 W ThreadPoolForeg: type=1400 audit(0.0:16929): avc: denied { setattr } for name="model-info.pb" dev="dm-2" ino=1504880 scontext=u:r:isolated_app:s0:c512,c768 tcontext=u:object_r:app_data_file:s0:c512,c768 tclass=file permissive=0
10-31 17:16:33.779  8136  8136 W ThreadPoolForeg: type=1400 audit(0.0:16930): avc: denied { setattr } for name="model.tflite" dev="dm-2" ino=1504883 scontext=u:r:isolated_app:s0:c512,c768 tcontext=u:object_r:app_data_file:s0:c512,c768 tclass=file permissive=0
10-31 17:16:33.786  8102  8132 I chromium: [INFO:child_process_service.cc(69)] ChildProcessService: Exiting child process.
10-31 17:16:33.791   422   422 E lowmemorykiller: Error writing /proc/8102/oom_score_adj; errno=22
10-31 17:16:33.791   772 32228 I ActivityManager: Killing 8102:com.android.chrome:sandboxed_process28/u0a60i530 (adj 0): isolated not needed
10-31 17:16:33.792   772   790 W zygote64: failed to open /acct/uid_99530/pid_8102/cgroup.procs: No such file or directory
10-31 17:16:33.816  7261  7261 W chromium: [WARNING:compositor_view.cc(342)] Child process died (type=6) pid=8102)
10-31 17:16:34.750  7261  7328 I cr_omaha: OmahaBase::generateAndPostRequest(): Sending request to Omaha:
10-31 17:16:34.750  7261  7328 I cr_omaha: <?xml version='1.0' encoding='UTF-8' standalone='yes' ?><request protocol="3.0" updater="Android" updaterversion="106.0.5249.79" updaterchannel="chrome" ismachine="1" requestid="{3d546439-7431-471c-b41e-bf0350162ddf}" sessionid="{d79c2496-49c7-433a-8bb0-5291cf94fe64}" installsource="system_image" dedup="cr"><os platform="android" version="8.0.0" arch="arm" /><app brand="" client="ms-android-google" appid="{387E11AD-7109-45F6-83CF-CAA241ADC9DF}" version="106.0.5249.79" nextversion="" lang="en-US" installage="-1" ap="chrome;google;nexus 5x"><event eventtype="2" eventresult="1" /></app></request>
10-31 17:16:35.070  7261  7328 I cr_omaha: OmahaBase::generateAndPostRequest(): Received response from Omaha:
10-31 17:16:35.070  7261  7328 I cr_omaha: <?xml version="1.0" encoding="UTF-8"?><response protocol="3.0" server="prod"><daystart elapsed_days="5782" elapsed_seconds="33393"/><app appid="{387E11AD-7109-45F6-83CF-CAA241ADC9DF}" status="ok"><event status="ok"/></app></response>
10-31 17:16:35.080  7261  7328 I cr_omaha: Request to Server Successful. Timestamp for next request:1667236595080
10-31 17:16:35.096  7261  7328 I cr_omaha: OmahaBase::generateAndPostRequest(): Sending request to Omaha:
10-31 17:16:35.096  7261  7328 I cr_omaha: <?xml version='1.0' encoding='UTF-8' standalone='yes' ?><request protocol="3.0" updater="Android" updaterversion="106.0.5249.79" updaterchannel="chrome" ismachine="1" requestid="{994739f2-15db-4b9a-8ed1-39e56db97549}" sessionid="{d79c2496-49c7-433a-8bb0-5291cf94fe64}" installsource="system_image" dedup="cr"><os platform="android" version="8.0.0" arch="arm" /><app brand="" client="ms-android-google" appid="{387E11AD-7109-45F6-83CF-CAA241ADC9DF}" version="106.0.5249.79" nextversion="" lang="en-US" installage="0" ap="chrome;google;nexus 5x"><updatecheck /><ping active="1" ad="5782" rd="5782" /></app></request>
10-31 17:16:35.257  7261  7328 I cr_omaha: OmahaBase::generateAndPostRequest(): Received response from Omaha:
10-31 17:16:35.257  7261  7328 I cr_omaha: <?xml version="1.0" encoding="UTF-8"?><response protocol="3.0" server="prod"><daystart elapsed_days="5782" elapsed_seconds="33393"/><app appid="{387E11AD-7109-45F6-83CF-CAA241ADC9DF}" cohort="1:hyx:" cohortname="Stable Chrome" status="ok"><updatecheck status="noupdate"/><ping status="ok"/></app></response>
10-31 17:16:35.261  7261  7328 I cr_omaha: Request to Server Successful. Timestamp for next request:1667236595261
10-31 17:16:35.295  7261  7328 I cr_omaha: Attempting to schedule next job for: Mon Oct 31 22:16:34 GMT+01:00 2022
10-31 17:16:35.300  7261  7261 I cr_omaha: Scheduled using JobService
10-31 17:16:35.301  7261  7261 E cr_BkgrdTaskJS: Tried finishing non-current BackgroundTask.
10-31 17:16:36.007  7261  7261 W chromium: [WARNING:controller_impl.cc(1190)] Background download complete, client: 6, completion type: 0, file size:9419
10-31 17:16:36.045  8145  8145 E /system/bin/webview_zygote32: failed to make and chown /acct/uid_99531: Permission denied
10-31 17:16:36.045  8145  8145 E Zygote  : createProcessGroup(99531, 0) failed: Permission denied
10-31 17:16:36.046   772  4540 I ActivityManager: Start proc 8145:com.android.chrome:sandboxed_process29/u0i531 for webview_service com.android.chrome/org.chromium.content.app.SandboxedProcessService29
10-31 17:16:36.066  8145  8145 I SamplingProfilerIntegration: Profiling disabled.
10-31 17:16:36.085  8158  8158 E asset   : setgid: Operation not permitted
10-31 17:16:36.115  8145  8145 I cr_SplitCompatApp: Launched version=106.0.5249.79 minSdkVersion=24 isBundle=true processName=com.android.chrome:sandboxed_process29 isIsolated=true
10-31 17:16:36.121  8145  8145 W SystemServiceRegistry: No service published for: uimode
10-31 17:16:36.131  8145  8145 I cr_ChildProcessService: Creating new ChildProcessService pid=8145
10-31 17:16:36.137  8145  8145 E WebViewFactory: can't load with relro file; address space not reserved
10-31 17:16:36.147  8145  8160 I cr_LibraryLoader: Successfully loaded native library
10-31 17:16:36.147  8145  8160 I cr_CachingUmaRecorder: Flushed 3 samples from 3 histograms.
10-31 17:16:36.159  8163  8163 W ThreadPoolForeg: type=1400 audit(0.0:16931): avc: denied { setattr } for name="model-info.pb" dev="dm-2" ino=1504887 scontext=u:r:isolated_app:s0:c512,c768 tcontext=u:object_r:app_data_file:s0:c512,c768 tclass=file permissive=0
10-31 17:16:36.163  8163  8163 W ThreadPoolForeg: type=1400 audit(0.0:16932): avc: denied { setattr } for name="model.tflite" dev="dm-2" ino=1504888 scontext=u:r:isolated_app:s0:c512,c768 tcontext=u:object_r:app_data_file:s0:c512,c768 tclass=file permissive=0
10-31 17:16:36.168  8145  8160 I chromium: [INFO:child_process_service.cc(69)] ChildProcessService: Exiting child process.
10-31 17:16:36.170   422   422 E lowmemorykiller: Error writing /proc/8145/oom_score_adj; errno=22
10-31 17:16:36.171   772  1327 I ActivityManager: Killing 8145:com.android.chrome:sandboxed_process29/u0a60i531 (adj 0): isolated not needed
10-31 17:16:36.173   772   790 W zygote64: failed to open /acct/uid_99531/pid_8145/cgroup.procs: No such file or directory
10-31 17:16:36.188  7261  7261 W chromium: [WARNING:compositor_view.cc(342)] Child process died (type=6) pid=8145)
10-31 17:16:39.443  7261  7261 I cr_tabmodel: Appending tabs being restored to metadata lists, 0, startingNormalCount: 2, startingIncognitoCount: 0
10-31 17:16:39.443  7261  7261 I cr_tabmodel: Serializing tab lists; counts: 2, 0
10-31 17:16:40.066  7261  7261 E cr_BTSPrefs: No data found for task id: 56
10-31 17:16:40.067  7261  7261 E cr_BkgrdTaskScheduler: Task cannot be canceled because no data was found instorage or data was invalid
10-31 17:16:42.333   551   618 I ThermalEngine: ACTION: BATTERY - Setting battery charging mitigation to 3
10-31 17:16:44.169  7261  7261 W ResourceType: Failure getting entry for 0x7f010888 (t=0 e=2184) (error -75)
10-31 17:16:44.202  7261  7261 I chatty  : uid=10060(u0_a60) com.android.chrome:sandboxed identical 7 lines
10-31 17:16:44.206  7261  7261 W ResourceType: Failure getting entry for 0x7f010888 (t=0 e=2184) (error -75)
10-31 17:16:44.209  7261  7261 I cr_TopSites: Start a new task.
10-31 17:16:44.210  7261  7327 I cr_TopSites: Serializing top sites lists finished; count: 9
10-31 17:16:44.216  7261  7327 I cr_TopSites: Finished saving top sites list to file:/data/user/0/com.android.chrome/app_top_sites/top_sites
10-31 17:17:02.343   551   618 I ThermalEngine: ACTION: BATTERY - Setting battery charging mitigation to 0
10-31 17:17:17.876   551   618 I ThermalEngine: ACTION: LCD - Setting max LCD brightness to 255
10-31 17:17:21.976  7261  7261 I cr_media: Create MediaDrmBridge with level L3 and origin 342A8B006A86C29BDD2A19422AC4E72A
10-31 17:17:21.998   361   361 W /system/bin/hwservicemanager: getTransportFromManifest: Cannot find entry android.hardware.drm@1.0::IDrmFactory in either framework or device manifest, using default transport.
10-31 17:17:22.130   562 19050 I DrmHal  : makeDrmFactories: using default drm instance
10-31 17:17:22.138   361   361 W /system/bin/hwservicemanager: getTransportFromManifest: Cannot find entry android.hardware.drm@1.0::IDrmFactory in either framework or device manifest, using default transport.
10-31 17:17:22.204   562   562 I DrmHal  : makeDrmFactories: using default drm instance
10-31 17:17:22.205   562 19051 D WVCdm   : Instantiating CDM.
10-31 17:17:22.214   562   562 I WVCdm   : CdmEngine::QueryStatus
10-31 17:17:22.215   562   562 I WVCdm   : Level3 Library 4445 May 19 2017 17:17:20
10-31 17:17:22.229   562   562 D QSEECOMAPI: : QSEECom_get_handle sb_length = 0x19000
10-31 17:17:22.229   562   562 D QSEECOMAPI: : App is not loaded in QSEE
10-31 17:17:22.299   562   562 D QSEECOMAPI: : Loaded image: APP id = 2954
10-31 17:17:22.307   562   562 D QSAPPSVER: qsapps_get_capabilities: Capability from secure side: 0x0
10-31 17:17:22.307   562   562 D QSAPPSVER: qsapps_get_capabilities: returns 0
10-31 17:17:22.307   562   562 E DrmWidevineDash: sion_buffer g_wv_fhandle->ion_sbuffer  0x0xeef33000
10-31 17:17:22.313   372   376 D DrmLibTime: got the req here! ret=0
10-31 17:17:22.313   372   376 D DrmLibTime: command id, time_cmd_id = 770
10-31 17:17:22.313   372   376 D DrmLibTime: time_getutcsec starts!
10-31 17:17:22.313   372   376 D DrmLibTime: QSEE Time Listener: time_getutcsec
10-31 17:17:22.313   372   376 D DrmLibTime: QSEE Time Listener: get_utc_seconds
10-31 17:17:22.313   372   376 D DrmLibTime: QSEE Time Listener: time_get_modem_time
10-31 17:17:22.313   372   376 D DrmLibTime: QSEE Time Listener: Checking if ATS_MODEM is set or not.
10-31 17:17:22.313   372   376 D QC-time-services: Lib:time_genoff_operation: pargs->base = 13
10-31 17:17:22.313   372   376 D QC-time-services: Lib:time_genoff_operation: pargs->operation = 2
10-31 17:17:22.313   372   376 D QC-time-services: Lib:time_genoff_operation: pargs->ts_val = 0
10-31 17:17:22.314   372   376 D QC-time-services: Lib:time_genoff_operation: Send to server  passed!!
10-31 17:17:22.315   625   647 D QC-time-services: Daemon: Connection accepted:time_genoff
10-31 17:17:22.315   625  8173 D QC-time-services: Daemon:Received base = 13, unit = 1, operation = 2,value = 0
10-31 17:17:22.315   625  8173 D QC-time-services: Daemon:genoff_opr: Base = 13, val = 0, operation = 2
10-31 17:17:22.315   625  8173 D QC-time-services: offset is: 0 for base: 13
10-31 17:17:22.315   372   376 E QC-time-services: Receive Passed == base = 13, unit = 1, operation = 2, result = 0
10-31 17:17:22.315   372   376 D DrmLibTime: QSEE Time Listener: ATS_MODEM is not set. Fallback to Android system time.
10-31 17:17:22.315   372   376 D DrmLibTime: QSEE Time Listener: Retrieved Android system time: 1667233042
10-31 17:17:22.315   372   376 D DrmLibTime: time_getutcsec returns 0, sec = 1667233042; nsec = 0
10-31 17:17:22.315   372   376 D DrmLibTime: time_getutcsec finished! 
10-31 17:17:22.315   372   376 D DrmLibTime: iotcl_continue_command finished! and return 0 
10-31 17:17:22.315   372   376 D DrmLibTime: before calling ioctl to read the next time_cmd
10-31 17:17:22.316   625   647 E QC-time-services: Daemon: Time-services: Waiting to acceptconnection
10-31 17:17:22.343   562   562 D WVCdm   : OEMCrypto_Initialize Level 1 success. I will use level 1.
10-31 17:17:22.344   562   562 D QSEECOMAPI: : QSEECom_dealloc_memory 
10-31 17:17:22.344   562   562 D QSEECOMAPI: : QSEECom_shutdown_app, app_id = 2954
10-31 17:17:22.371   562 19051 I WVCdm   : CdmEngine::OpenSession
10-31 17:17:22.372   562 19051 I WVCdm   : Level3 Library 4445 May 19 2017 17:17:20
10-31 17:17:22.376   562 19051 D QSEECOMAPI: : QSEECom_get_handle sb_length = 0x19000
10-31 17:17:22.376   562 19051 D QSEECOMAPI: : App is not loaded in QSEE
10-31 17:17:22.426   562 19051 D QSEECOMAPI: : Loaded image: APP id = 2955
10-31 17:17:22.432   562 19051 D QSAPPSVER: qsapps_get_capabilities: Capability from secure side: 0x0
10-31 17:17:22.432   562 19051 D QSAPPSVER: qsapps_get_capabilities: returns 0
10-31 17:17:22.432   562 19051 E DrmWidevineDash: sion_buffer g_wv_fhandle->ion_sbuffer  0x0xeef33000
10-31 17:17:22.437   372   376 D DrmLibTime: got the req here! ret=0
10-31 17:17:22.437   372   376 D DrmLibTime: command id, time_cmd_id = 770
10-31 17:17:22.437   372   376 D DrmLibTime: time_getutcsec starts!
10-31 17:17:22.437   372   376 D DrmLibTime: QSEE Time Listener: time_getutcsec
10-31 17:17:22.437   372   376 D DrmLibTime: QSEE Time Listener: get_utc_seconds
10-31 17:17:22.437   372   376 D DrmLibTime: QSEE Time Listener: time_get_modem_time
10-31 17:17:22.437   372   376 D DrmLibTime: QSEE Time Listener: Checking if ATS_MODEM is set or not.
10-31 17:17:22.437   372   376 D QC-time-services: Lib:time_genoff_operation: pargs->base = 13
10-31 17:17:22.437   372   376 D QC-time-services: Lib:time_genoff_operation: pargs->operation = 2
10-31 17:17:22.437   372   376 D QC-time-services: Lib:time_genoff_operation: pargs->ts_val = 0
10-31 17:17:22.437   372   376 D QC-time-services: Lib:time_genoff_operation: Send to server  passed!!
10-31 17:17:22.437   625   647 D QC-time-services: Daemon: Connection accepted:time_genoff
10-31 17:17:22.438   625  8174 D QC-time-services: Daemon:Received base = 13, unit = 1, operation = 2,value = 0
10-31 17:17:22.438   625  8174 D QC-time-services: Daemon:genoff_opr: Base = 13, val = 0, operation = 2
10-31 17:17:22.438   625  8174 D QC-time-services: offset is: 0 for base: 13
10-31 17:17:22.438   372   376 E QC-time-services: Receive Passed == base = 13, unit = 1, operation = 2, result = 0
10-31 17:17:22.438   372   376 D DrmLibTime: QSEE Time Listener: ATS_MODEM is not set. Fallback to Android system time.
10-31 17:17:22.438   372   376 D DrmLibTime: QSEE Time Listener: Retrieved Android system time: 1667233042
10-31 17:17:22.438   372   376 D DrmLibTime: time_getutcsec returns 0, sec = 1667233042; nsec = 0
10-31 17:17:22.438   372   376 D DrmLibTime: time_getutcsec finished! 
10-31 17:17:22.438   372   376 D DrmLibTime: iotcl_continue_command finished! and return 0 
10-31 17:17:22.438   372   376 D DrmLibTime: before calling ioctl to read the next time_cmd
10-31 17:17:22.438   625   647 E QC-time-services: Daemon: Time-services: Waiting to acceptconnection
10-31 17:17:22.464   562 19051 D WVCdm   : OEMCrypto_Initialize Level 1 success. I will use level 1.
10-31 17:17:22.464   562 19051 D WVCdm   : CryptoSession::Open: Lock: requested_security_level: L3
10-31 17:17:22.483   562 19051 W WVCdm   : DeviceFiles::RetrieveHashedFile: /data/mediadrm/IDM1013/L3/cert.bin does not exist
10-31 17:17:22.484   562 19051 D QSEECOMAPI: : QSEECom_dealloc_memory 
10-31 17:17:22.484   562 19051 D QSEECOMAPI: : QSEECom_shutdown_app, app_id = 2955
10-31 17:17:22.505   562 28303 I WVCdm   : Level3 Library 4445 May 19 2017 17:17:20
10-31 17:17:22.508   562 28303 D QSEECOMAPI: : QSEECom_get_handle sb_length = 0x19000
10-31 17:17:22.508   562 28303 D QSEECOMAPI: : App is not loaded in QSEE
10-31 17:17:22.557   562 28303 D QSEECOMAPI: : Loaded image: APP id = 2956
10-31 17:17:22.560   562 28303 D QSAPPSVER: qsapps_get_capabilities: Capability from secure side: 0x0
10-31 17:17:22.561   562 28303 D QSAPPSVER: qsapps_get_capabilities: returns 0
10-31 17:17:22.561   562 28303 E DrmWidevineDash: sion_buffer g_wv_fhandle->ion_sbuffer  0x0xeef33000
10-31 17:17:22.563   372   376 D DrmLibTime: got the req here! ret=0
10-31 17:17:22.563   372   376 D DrmLibTime: command id, time_cmd_id = 770
10-31 17:17:22.563   372   376 D DrmLibTime: time_getutcsec starts!
10-31 17:17:22.563   372   376 D DrmLibTime: QSEE Time Listener: time_getutcsec
10-31 17:17:22.563   372   376 D DrmLibTime: QSEE Time Listener: get_utc_seconds
10-31 17:17:22.563   372   376 D DrmLibTime: QSEE Time Listener: time_get_modem_time
10-31 17:17:22.563   372   376 D DrmLibTime: QSEE Time Listener: Checking if ATS_MODEM is set or not.
10-31 17:17:22.563   372   376 D QC-time-services: Lib:time_genoff_operation: pargs->base = 13
10-31 17:17:22.563   372   376 D QC-time-services: Lib:time_genoff_operation: pargs->operation = 2
10-31 17:17:22.563   372   376 D QC-time-services: Lib:time_genoff_operation: pargs->ts_val = 0
10-31 17:17:22.564   372   376 D QC-time-services: Lib:time_genoff_operation: Send to server  passed!!
10-31 17:17:22.564   625   647 D QC-time-services: Daemon: Connection accepted:time_genoff
10-31 17:17:22.564   625  8175 D QC-time-services: Daemon:Received base = 13, unit = 1, operation = 2,value = 0
10-31 17:17:22.564   625  8175 D QC-time-services: Daemon:genoff_opr: Base = 13, val = 0, operation = 2
10-31 17:17:22.564   625  8175 D QC-time-services: offset is: 0 for base: 13
10-31 17:17:22.564   372   376 E QC-time-services: Receive Passed == base = 13, unit = 1, operation = 2, result = 0
10-31 17:17:22.564   372   376 D DrmLibTime: QSEE Time Listener: ATS_MODEM is not set. Fallback to Android system time.
10-31 17:17:22.564   372   376 D DrmLibTime: QSEE Time Listener: Retrieved Android system time: 1667233042
10-31 17:17:22.564   372   376 D DrmLibTime: time_getutcsec returns 0, sec = 1667233042; nsec = 0
10-31 17:17:22.564   372   376 D DrmLibTime: time_getutcsec finished! 
10-31 17:17:22.564   372   376 D DrmLibTime: iotcl_continue_command finished! and return 0 
10-31 17:17:22.564   372   376 D DrmLibTime: before calling ioctl to read the next time_cmd
10-31 17:17:22.565   625   647 E QC-time-services: Daemon: Time-services: Waiting to acceptconnection
10-31 17:17:22.600   562 28303 D WVCdm   : OEMCrypto_Initialize Level 1 success. I will use level 1.
10-31 17:17:22.600   562 28303 D WVCdm   : CryptoSession::Open: Lock: requested_security_level: L3
10-31 17:17:22.611  7261  7261 I cr_media: Provisioning origin ID 342A8B006A86C29BDD2A19422AC4E72A
10-31 17:17:22.615  7261  7261 I MediaDrm: Drm event (1,0)
10-31 17:17:22.615  7261  7261 E cr_media: EventListener: No session for event 1.
10-31 17:17:23.086   562  5487 D QSEECOMAPI: : QSEECom_dealloc_memory 
10-31 17:17:23.086   562  5487 D QSEECOMAPI: : QSEECom_shutdown_app, app_id = 2956
10-31 17:17:23.105  7261  7261 I cr_media: Create MediaDrmBridge with level L1 and origin 342A8B006A86C29BDD2A19422AC4E72A
10-31 17:17:23.107   361   361 W /system/bin/hwservicemanager: getTransportFromManifest: Cannot find entry android.hardware.drm@1.0::IDrmFactory in either framework or device manifest, using default transport.
10-31 17:17:23.110   562   644 I DrmHal  : makeDrmFactories: using default drm instance
10-31 17:17:23.112   361   361 W /system/bin/hwservicemanager: getTransportFromManifest: Cannot find entry android.hardware.drm@1.0::IDrmFactory in either framework or device manifest, using default transport.
10-31 17:17:23.115   562  5487 I DrmHal  : makeDrmFactories: using default drm instance
10-31 17:17:23.117   562 19051 I WVCdm   : CdmEngine::QueryStatus
10-31 17:17:23.117   562 19051 I WVCdm   : Level3 Library 4445 May 19 2017 17:17:20
10-31 17:17:23.120   562 19051 D QSEECOMAPI: : QSEECom_get_handle sb_length = 0x19000
10-31 17:17:23.121   562 19051 D QSEECOMAPI: : App is not loaded in QSEE
10-31 17:17:23.168   562 19051 D QSEECOMAPI: : Loaded image: APP id = 2957
10-31 17:17:23.173   562 19051 D QSAPPSVER: qsapps_get_capabilities: Capability from secure side: 0x0
10-31 17:17:23.173   562 19051 D QSAPPSVER: qsapps_get_capabilities: returns 0
10-31 17:17:23.173   562 19051 E DrmWidevineDash: sion_buffer g_wv_fhandle->ion_sbuffer  0x0xeee2b000
10-31 17:17:23.175   372   376 D DrmLibTime: got the req here! ret=0
10-31 17:17:23.175   372   376 D DrmLibTime: command id, time_cmd_id = 770
10-31 17:17:23.175   372   376 D DrmLibTime: time_getutcsec starts!
10-31 17:17:23.175   372   376 D DrmLibTime: QSEE Time Listener: time_getutcsec
10-31 17:17:23.175   372   376 D DrmLibTime: QSEE Time Listener: get_utc_seconds
10-31 17:17:23.175   372   376 D DrmLibTime: QSEE Time Listener: time_get_modem_time
10-31 17:17:23.175   372   376 D DrmLibTime: QSEE Time Listener: Checking if ATS_MODEM is set or not.
10-31 17:17:23.175   372   376 D QC-time-services: Lib:time_genoff_operation: pargs->base = 13
10-31 17:17:23.175   372   376 D QC-time-services: Lib:time_genoff_operation: pargs->operation = 2
10-31 17:17:23.175   372   376 D QC-time-services: Lib:time_genoff_operation: pargs->ts_val = 0
10-31 17:17:23.175   372   376 D QC-time-services: Lib:time_genoff_operation: Send to server  passed!!
10-31 17:17:23.176   625   647 D QC-time-services: Daemon: Connection accepted:time_genoff
10-31 17:17:23.176   625  8181 D QC-time-services: Daemon:Received base = 13, unit = 1, operation = 2,value = 0
10-31 17:17:23.176   625  8181 D QC-time-services: Daemon:genoff_opr: Base = 13, val = 0, operation = 2
10-31 17:17:23.176   625  8181 D QC-time-services: offset is: 0 for base: 13
10-31 17:17:23.176   372   376 E QC-time-services: Receive Passed == base = 13, unit = 1, operation = 2, result = 0
10-31 17:17:23.176   372   376 D DrmLibTime: QSEE Time Listener: ATS_MODEM is not set. Fallback to Android system time.
10-31 17:17:23.176   372   376 D DrmLibTime: QSEE Time Listener: Retrieved Android system time: 1667233043
10-31 17:17:23.176   372   376 D DrmLibTime: time_getutcsec returns 0, sec = 1667233043; nsec = 0
10-31 17:17:23.176   372   376 D DrmLibTime: time_getutcsec finished! 
10-31 17:17:23.176   372   376 D DrmLibTime: iotcl_continue_command finished! and return 0 
10-31 17:17:23.176   372   376 D DrmLibTime: before calling ioctl to read the next time_cmd
10-31 17:17:23.176   625   647 E QC-time-services: Daemon: Time-services: Waiting to acceptconnection
10-31 17:17:23.201   562 19051 D WVCdm   : OEMCrypto_Initialize Level 1 success. I will use level 1.
10-31 17:17:23.202   562 19051 D QSEECOMAPI: : QSEECom_dealloc_memory 
10-31 17:17:23.202   562 19051 D QSEECOMAPI: : QSEECom_shutdown_app, app_id = 2957
10-31 17:17:23.220   562   562 I WVCdm   : CdmEngine::OpenSession
10-31 17:17:23.220   562   562 I WVCdm   : Level3 Library 4445 May 19 2017 17:17:20
10-31 17:17:23.227   562   562 D QSEECOMAPI: : QSEECom_get_handle sb_length = 0x19000
10-31 17:17:23.227   562   562 D QSEECOMAPI: : App is not loaded in QSEE
10-31 17:17:23.276   562   562 D QSEECOMAPI: : Loaded image: APP id = 2958
10-31 17:17:23.280   562   562 D QSAPPSVER: qsapps_get_capabilities: Capability from secure side: 0x0
10-31 17:17:23.280   562   562 D QSAPPSVER: qsapps_get_capabilities: returns 0
10-31 17:17:23.280   562   562 E DrmWidevineDash: sion_buffer g_wv_fhandle->ion_sbuffer  0x0xef14e000
10-31 17:17:23.283   372   376 D DrmLibTime: got the req here! ret=0
10-31 17:17:23.283   372   376 D DrmLibTime: command id, time_cmd_id = 770
10-31 17:17:23.283   372   376 D DrmLibTime: time_getutcsec starts!
10-31 17:17:23.283   372   376 D DrmLibTime: QSEE Time Listener: time_getutcsec
10-31 17:17:23.283   372   376 D DrmLibTime: QSEE Time Listener: get_utc_seconds
10-31 17:17:23.283   372   376 D DrmLibTime: QSEE Time Listener: time_get_modem_time
10-31 17:17:23.283   372   376 D DrmLibTime: QSEE Time Listener: Checking if ATS_MODEM is set or not.
10-31 17:17:23.283   372   376 D QC-time-services: Lib:time_genoff_operation: pargs->base = 13
10-31 17:17:23.283   372   376 D QC-time-services: Lib:time_genoff_operation: pargs->operation = 2
10-31 17:17:23.283   372   376 D QC-time-services: Lib:time_genoff_operation: pargs->ts_val = 0
10-31 17:17:23.284   372   376 D QC-time-services: Lib:time_genoff_operation: Send to server  passed!!
10-31 17:17:23.284   625   647 D QC-time-services: Daemon: Connection accepted:time_genoff
10-31 17:17:23.285   625  8182 D QC-time-services: Daemon:Received base = 13, unit = 1, operation = 2,value = 0
10-31 17:17:23.285   625  8182 D QC-time-services: Daemon:genoff_opr: Base = 13, val = 0, operation = 2
10-31 17:17:23.285   625  8182 D QC-time-services: offset is: 0 for base: 13
10-31 17:17:23.285   372   376 E QC-time-services: Receive Passed == base = 13, unit = 1, operation = 2, result = 0
10-31 17:17:23.285   372   376 D DrmLibTime: QSEE Time Listener: ATS_MODEM is not set. Fallback to Android system time.
10-31 17:17:23.285   372   376 D DrmLibTime: QSEE Time Listener: Retrieved Android system time: 1667233043
10-31 17:17:23.285   372   376 D DrmLibTime: time_getutcsec returns 0, sec = 1667233043; nsec = 0
10-31 17:17:23.285   372   376 D DrmLibTime: time_getutcsec finished! 
10-31 17:17:23.285   372   376 D DrmLibTime: iotcl_continue_command finished! and return 0 
10-31 17:17:23.285   372   376 D DrmLibTime: before calling ioctl to read the next time_cmd
10-31 17:17:23.286   625   647 E QC-time-services: Daemon: Time-services: Waiting to acceptconnection
10-31 17:17:23.325   562   562 D WVCdm   : OEMCrypto_Initialize Level 1 success. I will use level 1.
10-31 17:17:23.325   562   562 D WVCdm   : CryptoSession::Open: Lock: requested_security_level: Default
10-31 17:17:23.332   562   562 W WVCdm   : DeviceFiles::RetrieveHashedFile: /data/mediadrm/IDM1013/L1/cert.bin does not exist
10-31 17:17:23.334   562   562 D QSEECOMAPI: : QSEECom_dealloc_memory 
10-31 17:17:23.334   562   562 D QSEECOMAPI: : QSEECom_shutdown_app, app_id = 2958
10-31 17:17:23.348   562 19050 I WVCdm   : Level3 Library 4445 May 19 2017 17:17:20
10-31 17:17:23.352   562 19050 D QSEECOMAPI: : QSEECom_get_handle sb_length = 0x19000
10-31 17:17:23.352   562 19050 D QSEECOMAPI: : App is not loaded in QSEE
10-31 17:17:23.409   562 19050 D QSEECOMAPI: : Loaded image: APP id = 2959
10-31 17:17:23.414   562 19050 D QSAPPSVER: qsapps_get_capabilities: Capability from secure side: 0x0
10-31 17:17:23.414   562 19050 D QSAPPSVER: qsapps_get_capabilities: returns 0
10-31 17:17:23.414   562 19050 E DrmWidevineDash: sion_buffer g_wv_fhandle->ion_sbuffer  0x0xef14e000
10-31 17:17:23.417   372   376 D DrmLibTime: got the req here! ret=0
10-31 17:17:23.417   372   376 D DrmLibTime: command id, time_cmd_id = 770
10-31 17:17:23.417   372   376 D DrmLibTime: time_getutcsec starts!
10-31 17:17:23.417   372   376 D DrmLibTime: QSEE Time Listener: time_getutcsec
10-31 17:17:23.417   372   376 D DrmLibTime: QSEE Time Listener: get_utc_seconds
10-31 17:17:23.417   372   376 D DrmLibTime: QSEE Time Listener: time_get_modem_time
10-31 17:17:23.417   372   376 D DrmLibTime: QSEE Time Listener: Checking if ATS_MODEM is set or not.
10-31 17:17:23.417   372   376 D QC-time-services: Lib:time_genoff_operation: pargs->base = 13
10-31 17:17:23.417   372   376 D QC-time-services: Lib:time_genoff_operation: pargs->operation = 2
10-31 17:17:23.417   372   376 D QC-time-services: Lib:time_genoff_operation: pargs->ts_val = 0
10-31 17:17:23.417   372   376 D QC-time-services: Lib:time_genoff_operation: Send to server  passed!!
10-31 17:17:23.417   625   647 D QC-time-services: Daemon: Connection accepted:time_genoff
10-31 17:17:23.417   625  8183 D QC-time-services: Daemon:Received base = 13, unit = 1, operation = 2,value = 0
10-31 17:17:23.418   625  8183 D QC-time-services: Daemon:genoff_opr: Base = 13, val = 0, operation = 2
10-31 17:17:23.418   625  8183 D QC-time-services: offset is: 0 for base: 13
10-31 17:17:23.418   372   376 E QC-time-services: Receive Passed == base = 13, unit = 1, operation = 2, result = 0
10-31 17:17:23.418   372   376 D DrmLibTime: QSEE Time Listener: ATS_MODEM is not set. Fallback to Android system time.
10-31 17:17:23.418   372   376 D DrmLibTime: QSEE Time Listener: Retrieved Android system time: 1667233043
10-31 17:17:23.418   372   376 D DrmLibTime: time_getutcsec returns 0, sec = 1667233043; nsec = 0
10-31 17:17:23.418   372   376 D DrmLibTime: time_getutcsec finished! 
10-31 17:17:23.418   372   376 D DrmLibTime: iotcl_continue_command finished! and return 0 
10-31 17:17:23.418   372   376 D DrmLibTime: before calling ioctl to read the next time_cmd
10-31 17:17:23.418   625   647 E QC-time-services: Daemon: Time-services: Waiting to acceptconnection
10-31 17:17:23.445   562 19050 D WVCdm   : OEMCrypto_Initialize Level 1 success. I will use level 1.
10-31 17:17:23.445   562 19050 D WVCdm   : CryptoSession::Open: Lock: requested_security_level: Default
10-31 17:17:23.530   562 19050 E DrmWidevineDash: OEMCrypto_GenerateSignature : input wrapped_rsa_key == NULL!, return short buffer
10-31 17:17:23.532  7261  7261 I cr_media: Provisioning origin ID 342A8B006A86C29BDD2A19422AC4E72A
10-31 17:17:23.557  7261  7261 I MediaDrm: Drm event (1,0)
10-31 17:17:23.557  7261  7261 E cr_media: EventListener: No session for event 1.
10-31 17:17:23.577   562 19051 E DrmWidevineDash: OEMCrypto_RewrapDeviceRSAKey : input wrapped_rsa_key == NULL!, return short buffer
10-31 17:17:23.595   562 19051 D QSEECOMAPI: : QSEECom_dealloc_memory 
10-31 17:17:23.596   562 19051 D QSEECOMAPI: : QSEECom_shutdown_app, app_id = 2959
10-31 17:17:23.621  7261  7261 I cr_media: Create MediaDrmBridge with level L3 and origin DC802CCD9074BFEC851D8AEAA119DC69
10-31 17:17:23.624   361   361 W /system/bin/hwservicemanager: getTransportFromManifest: Cannot find entry android.hardware.drm@1.0::IDrmFactory in either framework or device manifest, using default transport.
10-31 17:17:23.685   562   562 I DrmHal  : makeDrmFactories: using default drm instance
10-31 17:17:23.687   361   361 W /system/bin/hwservicemanager: getTransportFromManifest: Cannot find entry android.hardware.drm@1.0::IDrmFactory in either framework or device manifest, using default transport.
10-31 17:17:23.747   562   644 I DrmHal  : makeDrmFactories: using default drm instance
10-31 17:17:23.748   562 28303 D WVCdm   : Instantiating CDM.
10-31 17:17:23.749   562 19051 I WVCdm   : CdmEngine::QueryStatus
10-31 17:17:23.749   562 19051 I WVCdm   : Level3 Library 4445 May 19 2017 17:17:20
10-31 17:17:23.754   562 19051 D QSEECOMAPI: : QSEECom_get_handle sb_length = 0x19000
10-31 17:17:23.754   562 19051 D QSEECOMAPI: : App is not loaded in QSEE
10-31 17:17:23.803   562 19051 D QSEECOMAPI: : Loaded image: APP id = 2960
10-31 17:17:23.808   562 19051 D QSAPPSVER: qsapps_get_capabilities: Capability from secure side: 0x0
10-31 17:17:23.808   562 19051 D QSAPPSVER: qsapps_get_capabilities: returns 0
10-31 17:17:23.808   562 19051 E DrmWidevineDash: sion_buffer g_wv_fhandle->ion_sbuffer  0x0xeef2e000
10-31 17:17:23.810   372   376 D DrmLibTime: got the req here! ret=0
10-31 17:17:23.810   372   376 D DrmLibTime: command id, time_cmd_id = 770
10-31 17:17:23.810   372   376 D DrmLibTime: time_getutcsec starts!
10-31 17:17:23.810   372   376 D DrmLibTime: QSEE Time Listener: time_getutcsec
10-31 17:17:23.810   372   376 D DrmLibTime: QSEE Time Listener: get_utc_seconds
10-31 17:17:23.810   372   376 D DrmLibTime: QSEE Time Listener: time_get_modem_time
10-31 17:17:23.810   372   376 D DrmLibTime: QSEE Time Listener: Checking if ATS_MODEM is set or not.
10-31 17:17:23.810   372   376 D QC-time-services: Lib:time_genoff_operation: pargs->base = 13
10-31 17:17:23.811   372   376 D QC-time-services: Lib:time_genoff_operation: pargs->operation = 2
10-31 17:17:23.811   372   376 D QC-time-services: Lib:time_genoff_operation: pargs->ts_val = 0
10-31 17:17:23.811   372   376 D QC-time-services: Lib:time_genoff_operation: Send to server  passed!!
10-31 17:17:23.811   625   647 D QC-time-services: Daemon: Connection accepted:time_genoff
10-31 17:17:23.811   625  8188 D QC-time-services: Daemon:Received base = 13, unit = 1, operation = 2,value = 0
10-31 17:17:23.811   625  8188 D QC-time-services: Daemon:genoff_opr: Base = 13, val = 0, operation = 2
10-31 17:17:23.811   625  8188 D QC-time-services: offset is: 0 for base: 13
10-31 17:17:23.811   372   376 E QC-time-services: Receive Passed == base = 13, unit = 1, operation = 2, result = 0
10-31 17:17:23.811   372   376 D DrmLibTime: QSEE Time Listener: ATS_MODEM is not set. Fallback to Android system time.
10-31 17:17:23.811   372   376 D DrmLibTime: QSEE Time Listener: Retrieved Android system time: 1667233043
10-31 17:17:23.811   372   376 D DrmLibTime: time_getutcsec returns 0, sec = 1667233043; nsec = 0
10-31 17:17:23.811   372   376 D DrmLibTime: time_getutcsec finished! 
10-31 17:17:23.812   372   376 D DrmLibTime: iotcl_continue_command finished! and return 0 
10-31 17:17:23.812   372   376 D DrmLibTime: before calling ioctl to read the next time_cmd
10-31 17:17:23.812   625   647 E QC-time-services: Daemon: Time-services: Waiting to acceptconnection
10-31 17:17:23.838   562 19051 D WVCdm   : OEMCrypto_Initialize Level 1 success. I will use level 1.
10-31 17:17:23.838   562 19051 D QSEECOMAPI: : QSEECom_dealloc_memory 
10-31 17:17:23.838   562 19051 D QSEECOMAPI: : QSEECom_shutdown_app, app_id = 2960
10-31 17:17:23.856   562 19050 I WVCdm   : CdmEngine::OpenSession
10-31 17:17:23.856   562 19050 I WVCdm   : Level3 Library 4445 May 19 2017 17:17:20
10-31 17:17:23.860   562 19050 D QSEECOMAPI: : QSEECom_get_handle sb_length = 0x19000
10-31 17:17:23.860   562 19050 D QSEECOMAPI: : App is not loaded in QSEE
10-31 17:17:23.908   562 19050 D QSEECOMAPI: : Loaded image: APP id = 2961
10-31 17:17:23.911   562 19050 D QSAPPSVER: qsapps_get_capabilities: Capability from secure side: 0x0
10-31 17:17:23.911   562 19050 D QSAPPSVER: qsapps_get_capabilities: returns 0
10-31 17:17:23.911   562 19050 E DrmWidevineDash: sion_buffer g_wv_fhandle->ion_sbuffer  0x0xeef2e000
10-31 17:17:23.914   372   376 D DrmLibTime: got the req here! ret=0
10-31 17:17:23.914   372   376 D DrmLibTime: command id, time_cmd_id = 770
10-31 17:17:23.914   372   376 D DrmLibTime: time_getutcsec starts!
10-31 17:17:23.914   372   376 D DrmLibTime: QSEE Time Listener: time_getutcsec
10-31 17:17:23.914   372   376 D DrmLibTime: QSEE Time Listener: get_utc_seconds
10-31 17:17:23.914   372   376 D DrmLibTime: QSEE Time Listener: time_get_modem_time
10-31 17:17:23.914   372   376 D DrmLibTime: QSEE Time Listener: Checking if ATS_MODEM is set or not.
10-31 17:17:23.914   372   376 D QC-time-services: Lib:time_genoff_operation: pargs->base = 13
10-31 17:17:23.914   372   376 D QC-time-services: Lib:time_genoff_operation: pargs->operation = 2
10-31 17:17:23.914   372   376 D QC-time-services: Lib:time_genoff_operation: pargs->ts_val = 0
10-31 17:17:23.914   372   376 D QC-time-services: Lib:time_genoff_operation: Send to server  passed!!
10-31 17:17:23.914   625   647 D QC-time-services: Daemon: Connection accepted:time_genoff
10-31 17:17:23.914   625  8189 D QC-time-services: Daemon:Received base = 13, unit = 1, operation = 2,value = 0
10-31 17:17:23.914   625  8189 D QC-time-services: Daemon:genoff_opr: Base = 13, val = 0, operation = 2
10-31 17:17:23.914   625  8189 D QC-time-services: offset is: 0 for base: 13
10-31 17:17:23.914   372   376 E QC-time-services: Receive Passed == base = 13, unit = 1, operation = 2, result = 0
10-31 17:17:23.914   372   376 D DrmLibTime: QSEE Time Listener: ATS_MODEM is not set. Fallback to Android system time.
10-31 17:17:23.914   372   376 D DrmLibTime: QSEE Time Listener: Retrieved Android system time: 1667233043
10-31 17:17:23.914   372   376 D DrmLibTime: time_getutcsec returns 0, sec = 1667233043; nsec = 0
10-31 17:17:23.914   372   376 D DrmLibTime: time_getutcsec finished! 
10-31 17:17:23.915   372   376 D DrmLibTime: iotcl_continue_command finished! and return 0 
10-31 17:17:23.915   372   376 D DrmLibTime: before calling ioctl to read the next time_cmd
10-31 17:17:23.915   625   647 E QC-time-services: Daemon: Time-services: Waiting to acceptconnection
10-31 17:17:23.950   562 19050 D WVCdm   : OEMCrypto_Initialize Level 1 success. I will use level 1.
10-31 17:17:23.950   562 19050 D WVCdm   : CryptoSession::Open: Lock: requested_security_level: L3
10-31 17:17:23.956   562 19050 W WVCdm   : DeviceFiles::RetrieveHashedFile: /data/mediadrm/IDM1013/L3/cert.bin does not exist
10-31 17:17:23.957   562 19050 D QSEECOMAPI: : QSEECom_dealloc_memory 
10-31 17:17:23.957   562 19050 D QSEECOMAPI: : QSEECom_shutdown_app, app_id = 2961
10-31 17:17:23.968   562 28303 I WVCdm   : Level3 Library 4445 May 19 2017 17:17:20
10-31 17:17:23.971   562 28303 D QSEECOMAPI: : QSEECom_get_handle sb_length = 0x19000
10-31 17:17:23.972   562 28303 D QSEECOMAPI: : App is not loaded in QSEE
10-31 17:17:24.027   562 28303 D QSEECOMAPI: : Loaded image: APP id = 2962
10-31 17:17:24.032   562 28303 D QSAPPSVER: qsapps_get_capabilities: Capability from secure side: 0x0
10-31 17:17:24.032   562 28303 D QSAPPSVER: qsapps_get_capabilities: returns 0
10-31 17:17:24.032   562 28303 E DrmWidevineDash: sion_buffer g_wv_fhandle->ion_sbuffer  0x0xeef2e000
10-31 17:17:24.034   372   376 D DrmLibTime: got the req here! ret=0
10-31 17:17:24.034   372   376 D DrmLibTime: command id, time_cmd_id = 770
10-31 17:17:24.034   372   376 D DrmLibTime: time_getutcsec starts!
10-31 17:17:24.034   372   376 D DrmLibTime: QSEE Time Listener: time_getutcsec
10-31 17:17:24.034   372   376 D DrmLibTime: QSEE Time Listener: get_utc_seconds
10-31 17:17:24.034   372   376 D DrmLibTime: QSEE Time Listener: time_get_modem_time
10-31 17:17:24.034   372   376 D DrmLibTime: QSEE Time Listener: Checking if ATS_MODEM is set or not.
10-31 17:17:24.034   372   376 D QC-time-services: Lib:time_genoff_operation: pargs->base = 13
10-31 17:17:24.034   372   376 D QC-time-services: Lib:time_genoff_operation: pargs->operation = 2
10-31 17:17:24.034   372   376 D QC-time-services: Lib:time_genoff_operation: pargs->ts_val = 0
10-31 17:17:24.035   372   376 D QC-time-services: Lib:time_genoff_operation: Send to server  passed!!
10-31 17:17:24.035   625   647 D QC-time-services: Daemon: Connection accepted:time_genoff
10-31 17:17:24.035   625  8190 D QC-time-services: Daemon:Received base = 13, unit = 1, operation = 2,value = 0
10-31 17:17:24.035   625  8190 D QC-time-services: Daemon:genoff_opr: Base = 13, val = 0, operation = 2
10-31 17:17:24.035   625  8190 D QC-time-services: offset is: 0 for base: 13
10-31 17:17:24.035   372   376 E QC-time-services: Receive Passed == base = 13, unit = 1, operation = 2, result = 0
10-31 17:17:24.035   372   376 D DrmLibTime: QSEE Time Listener: ATS_MODEM is not set. Fallback to Android system time.
10-31 17:17:24.035   372   376 D DrmLibTime: QSEE Time Listener: Retrieved Android system time: 1667233044
10-31 17:17:24.035   372   376 D DrmLibTime: time_getutcsec returns 0, sec = 1667233044; nsec = 0
10-31 17:17:24.035   372   376 D DrmLibTime: time_getutcsec finished! 
10-31 17:17:24.035   372   376 D DrmLibTime: iotcl_continue_command finished! and return 0 
10-31 17:17:24.035   372   376 D DrmLibTime: before calling ioctl to read the next time_cmd
10-31 17:17:24.036   625   647 E QC-time-services: Daemon: Time-services: Waiting to acceptconnection
10-31 17:17:24.060   562 28303 D WVCdm   : OEMCrypto_Initialize Level 1 success. I will use level 1.
10-31 17:17:24.061   562 28303 D WVCdm   : CryptoSession::Open: Lock: requested_security_level: L3
10-31 17:17:24.072  7261  7261 I cr_media: Provisioning origin ID DC802CCD9074BFEC851D8AEAA119DC69
10-31 17:17:24.075  7261  7261 I MediaDrm: Drm event (1,0)
10-31 17:17:24.075  7261  7261 E cr_media: EventListener: No session for event 1.
10-31 17:17:24.097  8191  8191 E /system/bin/webview_zygote32: failed to make and chown /acct/uid_99532: Permission denied
10-31 17:17:24.097  8191  8191 E Zygote  : createProcessGroup(99532, 0) failed: Permission denied
10-31 17:17:24.099   772  3854 I ActivityManager: Start proc 8191:com.android.chrome:sandboxed_process30/u0i532 for webview_service com.android.chrome/org.chromium.content.app.SandboxedProcessService30
10-31 17:17:24.118  8191  8191 I SamplingProfilerIntegration: Profiling disabled.
10-31 17:17:24.128   562   644 D QSEECOMAPI: : QSEECom_dealloc_memory 
10-31 17:17:24.128   562   644 D QSEECOMAPI: : QSEECom_shutdown_app, app_id = 2962
10-31 17:17:24.139  8204  8204 E asset   : setgid: Operation not permitted
10-31 17:17:24.145  7261  7261 I cr_media: Create MediaDrmBridge with level L1 and origin DC802CCD9074BFEC851D8AEAA119DC69
10-31 17:17:24.147   361   361 W /system/bin/hwservicemanager: getTransportFromManifest: Cannot find entry android.hardware.drm@1.0::IDrmFactory in either framework or device manifest, using default transport.
10-31 17:17:24.150   562   562 I DrmHal  : makeDrmFactories: using default drm instance
10-31 17:17:24.153   361   361 W /system/bin/hwservicemanager: getTransportFromManifest: Cannot find entry android.hardware.drm@1.0::IDrmFactory in either framework or device manifest, using default transport.
10-31 17:17:24.155   562 19051 I DrmHal  : makeDrmFactories: using default drm instance
10-31 17:17:24.157   562   562 I WVCdm   : CdmEngine::QueryStatus
10-31 17:17:24.157   562   562 I WVCdm   : Level3 Library 4445 May 19 2017 17:17:20
10-31 17:17:24.161   562   562 D QSEECOMAPI: : QSEECom_get_handle sb_length = 0x19000
10-31 17:17:24.161   562   562 D QSEECOMAPI: : App is not loaded in QSEE
10-31 17:17:24.168  8191  8191 I cr_SplitCompatApp: Launched version=106.0.5249.79 minSdkVersion=24 isBundle=true processName=com.android.chrome:sandboxed_process30 isIsolated=true
10-31 17:17:24.177  8191  8191 W SystemServiceRegistry: No service published for: uimode
10-31 17:17:24.186  8191  8191 I cr_ChildProcessService: Creating new ChildProcessService pid=8191
10-31 17:17:24.193  8191  8191 E WebViewFactory: can't load with relro file; address space not reserved
10-31 17:17:24.203  8191  8209 I cr_LibraryLoader: Successfully loaded native library
10-31 17:17:24.204  8191  8209 I cr_CachingUmaRecorder: Flushed 3 samples from 3 histograms.
10-31 17:17:24.210   562   562 D QSEECOMAPI: : Loaded image: APP id = 2963
10-31 17:17:24.214   562   562 D QSAPPSVER: qsapps_get_capabilities: Capability from secure side: 0x0
10-31 17:17:24.214   562   562 D QSAPPSVER: qsapps_get_capabilities: returns 0
10-31 17:17:24.214   562   562 E DrmWidevineDash: sion_buffer g_wv_fhandle->ion_sbuffer  0x0xeeeec000
