--------- beginning of system
10-31 17:15:58.217   772   791 E BatteryStatsService: no controller energy info supplied
10-31 17:16:19.515   772   996 I ActivityManager: Force stopping com.android.chrome appid=10060 user=0: from pid 7259
10-31 17:16:19.515   772   996 I ActivityManager: Killing 7094:com.android.chrome/u0a60 (adj 900): stop com.android.chrome
--------- beginning of main
10-31 17:16:19.527  1311  1311 D CarrierSvcBindHelper: No carrier app for: 0
10-31 17:16:19.542  2964  2964 D RegisteredNfcFServicesCache: Service unchanged, not updating
10-31 17:16:19.776   772   996 I ActivityManager: START u0 {act=android.intent.action.VIEW flg=0x10008000 cmp=com.android.chrome/com.google.android.apps.chrome.Main} from uid 2000
10-31 17:16:19.791   772   830 E ResourceType: Style contains key with bad entry: 0x0101062c
10-31 17:16:19.805   772   830 E ResourceType: Style contains key with bad entry: 0x0101062c
10-31 17:16:19.819   772  2970 I ActivityManager: Start proc 7261:com.android.chrome/u0a60 for activity com.android.chrome/com.google.android.apps.chrome.Main
10-31 17:16:19.887  7261  7261 I cr_SplitCompatApp: Launched version=106.0.5249.79 minSdkVersion=24 isBundle=true processName=com.android.chrome isIsolated=false
10-31 17:16:19.952 29486 29650 I FontLog : Received query Google Sans, URI content://com.google.android.gms.fonts [CONTEXT service_id=132 ]
10-31 17:16:19.953 29486 29650 I FontLog : Query [Google Sans] resolved to {Google Sans, wdth 100.0, wght 400, ital 0.0, bestEffort false} [CONTEXT service_id=132 ]
10-31 17:16:19.956 29486 29650 I FontLog : Font PFD returned from cache for {Google Sans, wdth 100.0, wght 400, ital 0.0, bestEffort false} [CONTEXT service_id=132 ]
10-31 17:16:19.958 29486 29650 I FontLog : Fetch {Google Sans, wdth 100.0, wght 400, ital 0.0, bestEffort false} end status Status{statusCode=SUCCESS, resolution=null} [CONTEXT service_id=132 ]
10-31 17:16:19.964 29486 29497 I FontLog : Pulling font file for id = 80, cache size = 10 [CONTEXT service_id=132 ]
10-31 17:16:20.092 29486 30686 I FontLog : Received query Google Sans:500, URI content://com.google.android.gms.fonts [CONTEXT service_id=132 ]
10-31 17:16:20.093 29486 30686 I FontLog : Query [Google Sans:500] resolved to {Google Sans, wdth 100.0, wght 500, ital 0.0, bestEffort false} [CONTEXT service_id=132 ]
10-31 17:16:20.095 29486 30686 I FontLog : Font PFD returned from cache for {Google Sans, wdth 100.0, wght 500, ital 0.0, bestEffort false} [CONTEXT service_id=132 ]
10-31 17:16:20.095 29486 30686 I FontLog : Fetch {Google Sans, wdth 100.0, wght 500, ital 0.0, bestEffort false} end status Status{statusCode=SUCCESS, resolution=null} [CONTEXT service_id=132 ]
10-31 17:16:20.103 29486 29651 I FontLog : Pulling font file for id = 81, cache size = 8 [CONTEXT service_id=132 ]
10-31 17:16:20.106  7261  7271 I zygote  : Background concurrent copying GC freed 3343(1217KB) AllocSpace objects, 0(0B) LOS objects, 65% free, 812KB/2MB, paused 3.173ms total 142.034ms
10-31 17:16:20.109  7261  7280 I cr_LibraryLoader: Successfully loaded native library
10-31 17:16:20.110  7261  7280 I cr_CachingUmaRecorder: Flushed 19 samples from 19 histograms.
10-31 17:16:20.112 29486 30686 I FontLog : Received query Google Sans:700, URI content://com.google.android.gms.fonts [CONTEXT service_id=132 ]
10-31 17:16:20.113 29486 30686 I FontLog : Query [Google Sans:700] resolved to {Google Sans, wdth 100.0, wght 700, ital 0.0, bestEffort false} [CONTEXT service_id=132 ]
10-31 17:16:20.114 29486 30686 I FontLog : Fetch {Google Sans, wdth 100.0, wght 700, ital 0.0, bestEffort false} end status Status{statusCode=SUCCESS, resolution=null} [CONTEXT service_id=132 ]
10-31 17:16:20.119 29486 29651 I FontLog : Pulling font file for id = 82, cache size = 9 [CONTEXT service_id=132 ]
10-31 17:16:20.311  7261  7261 E ResourceType: Style contains key with bad entry: 0x0101062c
10-31 17:16:20.359  7261  7283 W DynamiteModule: Local module descriptor class for com.google.android.gms.googlecertificates not found.
10-31 17:16:20.386   772  1324 I ActivityManager: START u0 {cmp=com.android.chrome/org.chromium.chrome.browser.firstrun.FirstRunActivity (has extras)} from uid 10060
10-31 17:16:20.406  7261  7283 W zygote  : Skipping duplicate class check due to unrecognized classloader
10-31 17:16:20.408  7261  7261 E ResourceType: Style contains key with bad entry: 0x0101062c
10-31 17:16:20.415  7261  7283 I DynamiteModule: Considering local module com.google.android.gms.googlecertificates:0 and remote module com.google.android.gms.googlecertificates:7
10-31 17:16:20.415  7261  7283 I DynamiteModule: Selected remote version of com.google.android.gms.googlecertificates, version >= 7
10-31 17:16:20.475  7261  7283 W zygote  : Skipping duplicate class check due to unrecognized classloader
10-31 17:16:20.518   772  3041 W AppOps  : Bad call: specified package com.google.android.gms under uid 10060 but it is really 10020
10-31 17:16:20.518   772  3041 W AppOps  : java.lang.RuntimeException: here
10-31 17:16:20.518   772  3041 W AppOps  : 	at com.android.server.AppOpsService.getOpsRawLocked(AppOpsService.java:1319)
10-31 17:16:20.518   772  3041 W AppOps  : 	at com.android.server.AppOpsService.checkPackage(AppOpsService.java:1038)
10-31 17:16:20.518   772  3041 W AppOps  : 	at com.android.internal.app.IAppOpsService$Stub.onTransact(IAppOpsService.java:169)
10-31 17:16:20.518   772  3041 W AppOps  : 	at android.os.Binder.execTransact(Binder.java:674)
10-31 17:16:20.519   772 13071 W AppOps  : Bad call: specified package com.google.android.gms under uid 10060 but it is really 10020
10-31 17:16:20.519   772 13071 W AppOps  : java.lang.RuntimeException: here
10-31 17:16:20.519   772 13071 W AppOps  : 	at com.android.server.AppOpsService.getOpsRawLocked(AppOpsService.java:1319)
10-31 17:16:20.519   772 13071 W AppOps  : 	at com.android.server.AppOpsService.checkPackage(AppOpsService.java:1038)
10-31 17:16:20.519   772 13071 W AppOps  : 	at com.android.internal.app.IAppOpsService$Stub.onTransact(IAppOpsService.java:169)
10-31 17:16:20.519   772 13071 W AppOps  : 	at android.os.Binder.execTransact(Binder.java:674)
10-31 17:16:20.526   772   781 I zygote64: Background concurrent copying GC freed 81717(3MB) AllocSpace objects, 33(740KB) LOS objects, 42% free, 17MB/30MB, paused 528us total 112.202ms
10-31 17:16:20.527   772  4539 W AppOps  : Bad call: specified package com.google.android.gms under uid 10060 but it is really 10020
10-31 17:16:20.527   772  4539 W AppOps  : java.lang.RuntimeException: here
10-31 17:16:20.527   772  4539 W AppOps  : 	at com.android.server.AppOpsService.getOpsRawLocked(AppOpsService.java:1319)
10-31 17:16:20.527   772  4539 W AppOps  : 	at com.android.server.AppOpsService.checkPackage(AppOpsService.java:1038)
10-31 17:16:20.527   772  4539 W AppOps  : 	at com.android.internal.app.IAppOpsService$Stub.onTransact(IAppOpsService.java:169)
10-31 17:16:20.527   772  4539 W AppOps  : 	at android.os.Binder.execTransact(Binder.java:674)
10-31 17:16:20.530   772  4540 W AppOps  : Bad call: specified package com.google.android.gms under uid 10060 but it is really 10020
10-31 17:16:20.530   772  4540 W AppOps  : java.lang.RuntimeException: here
10-31 17:16:20.530   772  4540 W AppOps  : 	at com.android.server.AppOpsService.getOpsRawLocked(AppOpsService.java:1319)
10-31 17:16:20.530   772  4540 W AppOps  : 	at com.android.server.AppOpsService.checkPackage(AppOpsService.java:1038)
10-31 17:16:20.530   772  4540 W AppOps  : 	at com.android.internal.app.IAppOpsService$Stub.onTransact(IAppOpsService.java:169)
10-31 17:16:20.530   772  4540 W AppOps  : 	at android.os.Binder.execTransact(Binder.java:674)
10-31 17:16:20.672  7261  7261 W ResourceType: Failure getting entry for 0x7f010055 (t=0 e=85) (error -75)
10-31 17:16:20.714  7261  7291 D OpenGLRenderer: HWUI GL Pipeline
10-31 17:16:20.749  7261  7291 I Adreno  : QUALCOMM build                   : 7142022, Ib5823dd10c
10-31 17:16:20.749  7261  7291 I Adreno  : Build Date                       : 06/23/17
10-31 17:16:20.749  7261  7291 I Adreno  : OpenGL ES Shader Compiler Version: EV031.18.00.00
10-31 17:16:20.749  7261  7291 I Adreno  : Local Branch                     : O11A
10-31 17:16:20.749  7261  7291 I Adreno  : Remote Branch                    : 
10-31 17:16:20.749  7261  7291 I Adreno  : Remote Branch                    : 
10-31 17:16:20.749  7261  7291 I Adreno  : Reconstruct Branch               : 
10-31 17:16:20.750  7261  7291 I vndksupport: sphal namespace is not configured for this process. Loading /vendor/lib/hw/gralloc.msm8992.so from the current namespace instead.
10-31 17:16:20.759  7261  7261 W RecyclerView: No adapter attached; skipping layout
10-31 17:16:20.773  7261  7261 I cr_StartSurfaceConfig: Recorded Startup.Android.FirstDrawCompletedTime.NoInstant = 192 ms
10-31 17:16:20.811  7261  7284 D NetworkSecurityConfig: Using Network Security Config from resource 0_resource_name_obfuscated debugBuild: false
10-31 17:16:20.870 29486 29646 E bfry    : Phenotype API error. Event # ddoj@76d2fa86, EventCode: 7 [CONTEXT service_id=51 ]
10-31 17:16:20.870 29486 29646 E bfry    : bfra: 29505: No config packages for log source, or config package not registered
10-31 17:16:20.870 29486 29646 E bfry    : 	at bfst.b(:com.google.android.gms@223616019@22.36.16 (040400-476895098):4)
10-31 17:16:20.870 29486 29646 E bfry    : 	at bfsq.g(:com.google.android.gms@223616019@22.36.16 (040400-476895098):0)
10-31 17:16:20.870 29486 29646 E bfry    : 	at bfry.e(:com.google.android.gms@223616019@22.36.16 (040400-476895098):4)
10-31 17:16:20.870 29486 29646 E bfry    : 	at bfry.f(:com.google.android.gms@223616019@22.36.16 (040400-476895098):2)
10-31 17:16:20.870 29486 29646 E bfry    : 	at arjg.ep(:com.google.android.gms@223616019@22.36.16 (040400-476895098):1)
10-31 17:16:20.870 29486 29646 E bfry    : 	at arjm.run(:com.google.android.gms@223616019@22.36.16 (040400-476895098):12)
10-31 17:16:20.870 29486 29646 E bfry    : 	at cjoq.run(:com.google.android.gms@223616019@22.36.16 (040400-476895098):2)
10-31 17:16:20.870 29486 29646 E bfry    : 	at aarl.c(:com.google.android.gms@223616019@22.36.16 (040400-476895098):6)
10-31 17:16:20.870 29486 29646 E bfry    : 	at aarl.run(:com.google.android.gms@223616019@22.36.16 (040400-476895098):7)
10-31 17:16:20.870 29486 29646 E bfry    : 	at java.util.concurrent.ThreadPoolExecutor.runWorker(ThreadPoolExecutor.java:1162)
10-31 17:16:20.870 29486 29646 E bfry    : 	at java.util.concurrent.ThreadPoolExecutor$Worker.run(ThreadPoolExecutor.java:636)
10-31 17:16:20.870 29486 29646 E bfry    : 	at aaws.run(:com.google.android.gms@223616019@22.36.16 (040400-476895098):0)
10-31 17:16:20.870 29486 29646 E bfry    : 	at java.lang.Thread.run(Thread.java:764)
10-31 17:16:20.884 29486 29646 W AsyncOperation: operation=GetExperimentTokensOperationCall, opStatusCode=29505 [CONTEXT service_id=51 ]
10-31 17:16:20.884 29486 29646 W AsyncOperation: OperationException[Status{statusCode=No config packages for log source, or config package not registered, resolution=null}]
10-31 17:16:20.884 29486 29646 W AsyncOperation: 	at bfry.e(:com.google.android.gms@223616019@22.36.16 (040400-476895098):6)
10-31 17:16:20.884 29486 29646 W AsyncOperation: 	at bfry.f(:com.google.android.gms@223616019@22.36.16 (040400-476895098):2)
10-31 17:16:20.884 29486 29646 W AsyncOperation: 	at arjg.ep(:com.google.android.gms@223616019@22.36.16 (040400-476895098):1)
10-31 17:16:20.884 29486 29646 W AsyncOperation: 	at arjm.run(:com.google.android.gms@223616019@22.36.16 (040400-476895098):12)
10-31 17:16:20.884 29486 29646 W AsyncOperation: 	at cjoq.run(:com.google.android.gms@223616019@22.36.16 (040400-476895098):2)
10-31 17:16:20.884 29486 29646 W AsyncOperation: 	at aarl.c(:com.google.android.gms@223616019@22.36.16 (040400-476895098):6)
10-31 17:16:20.884 29486 29646 W AsyncOperation: 	at aarl.run(:com.google.android.gms@223616019@22.36.16 (040400-476895098):7)
10-31 17:16:20.884 29486 29646 W AsyncOperation: 	at java.util.concurrent.ThreadPoolExecutor.runWorker(ThreadPoolExecutor.java:1162)
10-31 17:16:20.884 29486 29646 W AsyncOperation: 	at java.util.concurrent.ThreadPoolExecutor$Worker.run(ThreadPoolExecutor.java:636)
10-31 17:16:20.884 29486 29646 W AsyncOperation: 	at aaws.run(:com.google.android.gms@223616019@22.36.16 (040400-476895098):0)
10-31 17:16:20.884 29486 29646 W AsyncOperation: 	at java.lang.Thread.run(Thread.java:764)
10-31 17:16:20.895  7261  7291 I Adreno  : PFP: 0x00000000, ME: 0x00000000
10-31 17:16:20.911  7261  7291 I OpenGLRenderer: Initialized EGL, version 1.4
10-31 17:16:20.911  7261  7291 D OpenGLRenderer: Swap behavior 2
10-31 17:16:21.196   361   361 W /system/bin/hwservicemanager: getTransportFromManifest: Cannot find entry android.hardware.graphics.mapper@2.0::IMapper in either framework or device manifest, using default transport.
10-31 17:16:21.201  7261  7291 I vndksupport: sphal namespace is not configured for this process. Loading /vendor/lib/hw/gralloc.msm8992.so from the current namespace instead.
10-31 17:16:21.253   772   797 I ActivityManager: Displayed com.android.chrome/org.chromium.chrome.browser.firstrun.FirstRunActivity: +741ms (total +1s448ms)
10-31 17:16:21.310 29407 29407 I MemoryTrimmer: Trimming objects from memory, since app is in the background.
10-31 17:16:21.313 29407  7027 V rsC++   : RS Message thread exiting.
10-31 17:16:21.333  7009  7038 I PBSessionCacheImpl: Deleted sessionId[7850692677176] from persistence.
10-31 17:16:21.343  7009  7009 I MicroDetector: Keeping mic open: false
10-31 17:16:21.343  7009  7032 I DeviceStateChecker: DeviceStateChecker cancelled
10-31 17:16:21.346  7009  7034 I AudioController: internalShutdown
10-31 17:16:21.346  7009  7034 I MicrophoneInputStream: mic_close com.google.android.apps.gsa.speech.audio.af@de54247
10-31 17:16:21.347  7009  7062 I MicroRecognitionRunner: Stopping hotword detection.
10-31 17:16:21.406   556  7065 D audio_hw_primary: disable_audio_route: usecase(9) reset and update mixer path: audio-record
10-31 17:16:21.407   556  7065 D audio_hw_primary: disable_snd_device: snd_device(72: voice-rec-mic)
10-31 17:16:21.413   556  7065 D sound_trigger_platform: platform_stdev_check_and_update_concurrency: concurrency active 0, tx 0, rx 0, concurrency session_allowed 1
10-31 17:16:21.414   556   753 I SoundTriggerHwService::Module: onCallbackEvent no clients
10-31 17:16:21.418  7009  7035 I MicroRecognitionRunner: Detection finished
10-31 17:16:21.566  7261  7284 I cr_VariationsSeedFetch: Fetched first run seed in 784 ms
10-31 17:16:21.626  7300  7300 E /system/bin/webview_zygote32: failed to make and chown /acct/uid_99502: Permission denied
10-31 17:16:21.626  7300  7300 E Zygote  : createProcessGroup(99502, 0) failed: Permission denied
10-31 17:16:21.634   772  4540 I ActivityManager: Start proc 7300:com.android.chrome:sandboxed_process0/u0i502 for webview_service com.android.chrome/org.chromium.content.app.SandboxedProcessService0
10-31 17:16:21.652  7300  7300 I SamplingProfilerIntegration: Profiling disabled.
10-31 17:16:21.694  7313  7313 E asset   : setgid: Operation not permitted
10-31 17:16:21.841  7300  7300 I cr_SplitCompatApp: Launched version=106.0.5249.79 minSdkVersion=24 isBundle=true processName=com.android.chrome:sandboxed_process0 isIsolated=true
10-31 17:16:21.855  7300  7300 W SystemServiceRegistry: No service published for: uimode
10-31 17:16:21.877  7300  7300 I cr_ChildProcessService: Creating new ChildProcessService pid=7300
10-31 17:16:21.884  7300  7300 E WebViewFactory: can't load with relro file; address space not reserved
10-31 17:16:21.963   772 10894 I ActivityManager: Start proc 7331:com.android.chrome:privileged_process0/u0a60 for service com.android.chrome/org.chromium.content.app.PrivilegedProcessService0
10-31 17:16:21.998  7261  7261 I cr_SmsProviderGms: construction successfull y93@bd057b0, v93@48d2629
10-31 17:16:22.015  7331  7331 I cr_SplitCompatApp: Launched version=106.0.5249.79 minSdkVersion=24 isBundle=true processName=com.android.chrome:privileged_process0 isIsolated=false
10-31 17:16:22.021 29692 29692 D BoundBrokerSvc: onBind: Intent { act=com.google.android.gms.auth.key.retrieval.service.START dat=chimera-action:com.google.android.gms.auth.key.retrieval.service.START cmp=com.google.android.gms/.chimera.GmsApiService }
10-31 17:16:22.022 29692 29692 D BoundBrokerSvc: Loading bound service for intent: Intent { act=com.google.android.gms.auth.key.retrieval.service.START dat=chimera-action:com.google.android.gms.auth.key.retrieval.service.START cmp=com.google.android.gms/.chimera.GmsApiService }
10-31 17:16:22.025  7331  7331 I cr_ChildProcessService: Creating new ChildProcessService pid=7331
10-31 17:16:22.078  7331  7349 I cr_LibraryLoader: Successfully loaded native library
10-31 17:16:22.079  7261  7261 W cr_KnoxSettingsProvider: Permission to read device policy denied.
10-31 17:16:22.079  7331  7349 I cr_CachingUmaRecorder: Flushed 3 samples from 3 histograms.
10-31 17:16:22.123  7331  7349 I Adreno  : QUALCOMM build                   : 7142022, Ib5823dd10c
10-31 17:16:22.123  7331  7349 I Adreno  : Build Date                       : 06/23/17
10-31 17:16:22.123  7331  7349 I Adreno  : OpenGL ES Shader Compiler Version: EV031.18.00.00
10-31 17:16:22.123  7331  7349 I Adreno  : Local Branch                     : O11A
10-31 17:16:22.123  7331  7349 I Adreno  : Remote Branch                    : 
10-31 17:16:22.123  7331  7349 I Adreno  : Remote Branch                    : 
10-31 17:16:22.123  7331  7349 I Adreno  : Reconstruct Branch               : 
10-31 17:16:22.123  7331  7349 I vndksupport: sphal namespace is not configured for this process. Loading /vendor/lib/hw/gralloc.msm8992.so from the current namespace instead.
10-31 17:16:22.130  7331  7349 I Adreno  : PFP: 0x00000000, ME: 0x00000000
10-31 17:16:22.903  7358  7358 E /system/bin/webview_zygote32: failed to make and chown /acct/uid_99503: Permission denied
10-31 17:16:22.903  7358  7358 E Zygote  : createProcessGroup(99503, 0) failed: Permission denied
10-31 17:16:22.905   772 10860 I ActivityManager: Start proc 7358:com.android.chrome:sandboxed_process1/u0i503 for webview_service com.android.chrome/org.chromium.content.app.SandboxedProcessService1
10-31 17:16:22.917  7358  7358 I SamplingProfilerIntegration: Profiling disabled.
10-31 17:16:22.934  7371  7371 E asset   : setgid: Operation not permitted
10-31 17:16:22.963  7358  7358 I cr_SplitCompatApp: Launched version=106.0.5249.79 minSdkVersion=24 isBundle=true processName=com.android.chrome:sandboxed_process1 isIsolated=true
10-31 17:16:22.970  7358  7358 W SystemServiceRegistry: No service published for: uimode
10-31 17:16:22.979  7358  7358 I cr_ChildProcessService: Creating new ChildProcessService pid=7358
10-31 17:16:22.986  7358  7358 E WebViewFactory: can't load with relro file; address space not reserved
10-31 17:16:23.005  7358  7373 I cr_LibraryLoader: Successfully loaded native library
10-31 17:16:23.007  7358  7373 I cr_CachingUmaRecorder: Flushed 3 samples from 3 histograms.
10-31 17:16:23.039  7358  7373 I chromium: [INFO:child_process_service.cc(69)] ChildProcessService: Exiting child process.
10-31 17:16:23.041   422   422 E lowmemorykiller: Error writing /proc/7358/oom_score_adj; errno=22
10-31 17:16:23.042   772 10860 I ActivityManager: Killing 7358:com.android.chrome:sandboxed_process1/u0a60i503 (adj 0): isolated not needed
10-31 17:16:23.042   772   790 W zygote64: failed to open /acct/uid_99503/pid_7358/cgroup.procs: No such file or directory
10-31 17:16:24.272  7261  7261 E cr_BTSPrefs: No data found for task id: 53
10-31 17:16:24.273  7261  7261 E cr_BkgrdTaskScheduler: Task cannot be canceled because no data was found instorage or data was invalid
10-31 17:16:26.431  7009  7035 I EventLogSendingHelper: Sending log events.
10-31 17:16:26.621  7399  7399 D AndroidRuntime: >>>>>> START com.android.internal.os.RuntimeInit uid 2000 <<<<<<
10-31 17:16:26.779  7399  7399 D AndroidRuntime: Calling main entry com.android.commands.input.Input
10-31 17:16:26.795  7399  7399 I Input   : injectMotionEvent: MotionEvent { action=ACTION_DOWN, actionButton=0, id[0]=0, x[0]=540.0, y[0]=1660.0, toolType[0]=TOOL_TYPE_UNKNOWN, buttonState=0, metaState=0, flags=0x0, edgeFlags=0x0, pointerCount=1, historySize=0, eventTime=551485050, downTime=551485050, deviceId=8, source=0x1002 }
10-31 17:16:26.804  7399  7399 I Input   : injectMotionEvent: MotionEvent { action=ACTION_UP, actionButton=0, id[0]=0, x[0]=540.0, y[0]=1660.0, toolType[0]=TOOL_TYPE_UNKNOWN, buttonState=0, metaState=0, flags=0x0, edgeFlags=0x0, pointerCount=1, historySize=0, eventTime=551485050, downTime=551485050, deviceId=8, source=0x1002 }
10-31 17:16:26.808  7399  7399 D AndroidRuntime: Shutting down VM
10-31 17:16:26.866   556  6498 D audio_hw_primary: enable_snd_device: snd_device(88: vi-feedback)
10-31 17:16:26.867   556  6498 D audio_hw_primary: enable_audio_route: usecase(23) apply and update mixer path: spkr-vi-record
10-31 17:16:26.892   556  6498 D audio_hw_primary: enable_audio_route: usecase(1) apply and update mixer path: low-latency-playback
10-31 17:16:27.418   556   731 D audio_hw_primary: disable_audio_route: usecase(1) reset and update mixer path: low-latency-playback
10-31 17:16:27.432   556   731 D audio_hw_primary: disable_snd_device: snd_device(88: vi-feedback)
10-31 17:16:27.432   556   731 D audio_hw_primary: disable_audio_route: usecase(23) reset and update mixer path: spkr-vi-record
10-31 17:16:28.240  7418  7418 D AndroidRuntime: >>>>>> START com.android.internal.os.RuntimeInit uid 2000 <<<<<<
10-31 17:16:28.376  7418  7418 D AndroidRuntime: Calling main entry com.android.commands.input.Input
10-31 17:16:28.389  7418  7418 I Input   : injectMotionEvent: MotionEvent { action=ACTION_DOWN, actionButton=0, id[0]=0, x[0]=180.0, y[0]=1690.0, toolType[0]=TOOL_TYPE_UNKNOWN, buttonState=0, metaState=0, flags=0x0, edgeFlags=0x0, pointerCount=1, historySize=0, eventTime=551486648, downTime=551486648, deviceId=8, source=0x1002 }
10-31 17:16:28.393  7418  7418 I Input   : injectMotionEvent: MotionEvent { action=ACTION_UP, actionButton=0, id[0]=0, x[0]=180.0, y[0]=1690.0, toolType[0]=TOOL_TYPE_UNKNOWN, buttonState=0, metaState=0, flags=0x0, edgeFlags=0x0, pointerCount=1, historySize=0, eventTime=551486648, downTime=551486648, deviceId=8, source=0x1002 }
10-31 17:16:28.397  7418  7418 D AndroidRuntime: Shutting down VM
10-31 17:16:28.416   556  6498 D audio_hw_primary: enable_snd_device: snd_device(88: vi-feedback)
10-31 17:16:28.416   556  6498 D audio_hw_primary: enable_audio_route: usecase(23) apply and update mixer path: spkr-vi-record
10-31 17:16:28.420   772  4540 I ActivityManager: START u0 {act=android.intent.action.VIEW flg=0x10008000 cmp=com.android.chrome/com.google.android.apps.chrome.Main (has extras)} from uid 10060
10-31 17:16:28.426   772   830 E ResourceType: Style contains key with bad entry: 0x0101062c
10-31 17:16:28.426   772   830 E ResourceType: Style contains key with bad entry: 0x0101062c
10-31 17:16:28.441   556  6498 D audio_hw_primary: enable_audio_route: usecase(1) apply and update mixer path: low-latency-playback
10-31 17:16:28.447  7261  7261 E ResourceType: Style contains key with bad entry: 0x0101062c
10-31 17:16:28.450  7261  7261 E ResourceType: Style contains key with bad entry: 0x0101062c
10-31 17:16:28.502  7261  7261 W ResourceType: Failure getting entry for 0x7f010055 (t=0 e=85) (error -75)
10-31 17:16:28.518  7261  7261 I cr_CompositorSurfaceMgr: Transitioning to surface with format: -1
10-31 17:16:28.523  7261  7261 W ResourceType: Failure getting entry for 0x7f010530 (t=0 e=1328) (error -75)
10-31 17:16:28.604  7261  7320 W cr_tabmodel: Starting to perform legacy migration.
10-31 17:16:28.605  7261  7320 W cr_tabmodel: Finished performing legacy migration.
10-31 17:16:28.605  7261  7320 W cr_tabmodel: Starting to perform multi-instance migration.
10-31 17:16:28.605  7261  7320 W cr_tabmodel: Finished performing multi-instance migration.
10-31 17:16:28.606  7261  7320 I cr_tabmodel: Starting to fetch tab list for tab_state0
10-31 17:16:28.606  7261  7320 I cr_tabmodel: State file does not exist.
10-31 17:16:28.606  7261  7320 I cr_tabmodel: Starting to fetch tab list for tab_state1
10-31 17:16:28.606  7261  7320 I cr_tabmodel: State file does not exist.
10-31 17:16:28.668   772 10893 W ActivityManager: Duplicate finish request for ActivityRecord{7703da0 u0 com.android.chrome/org.chromium.chrome.browser.firstrun.FirstRunActivity t861 f}
10-31 17:16:28.670  7261  7320 W cr_PartnerCustomize: Partner homepage must be HTTP(S) or NewTabPage. Got invalid URL "org.chromium.url.GURL@0"
10-31 17:16:28.713  7261  7261 I cr_StartSurfaceConfig: Recorded Startup.Android.FirstDrawCompletedTime.NoInstant = 252 ms
10-31 17:16:28.723  7261  7291 D OpenGLRenderer: endAllActiveAnimators on 0xc609d480 (RippleDrawable) with handle 0xc605adb0
10-31 17:16:28.732  7261  7261 I cr_CompositorSurfaceMgr: Transitioning to surface with format: -1
10-31 17:16:28.735  7261  7261 I cr_CompositorSurfaceMgr: surfaceCreated format: 0
10-31 17:16:28.744  7261  7261 I cr_ChromeTabbedActivity: #initializeState
10-31 17:16:28.744  7261  7261 I cr_CipherFactory: #restoreFromBundle, no savedInstanceState.
10-31 17:16:28.744  7261  7261 I cr_tabmodel: #loadState, ignoreIncognitoFiles? true
10-31 17:16:28.750  7261  7261 I cr_tabmodel: Loaded tab lists; counts: 0,0
10-31 17:16:28.751  7261  7261 I cr_ChromeTabbedActivity: #createInitialTab executed.
10-31 17:16:28.775  7261  7261 E ResourceType: Style contains key with bad entry: 0x0101062c
10-31 17:16:28.786   772 20193 E BatteryStatsService: no controller energy info supplied
10-31 17:16:28.786   772 20193 E BatteryStatsService: no controller energy info supplied
10-31 17:16:28.827  7261  7261 W ResourceType: Failure getting entry for 0x7f010565 (t=0 e=1381) (error -75)
10-31 17:16:28.837  7261  7261 W ResourceType: Failure getting entry for 0x7f010551 (t=0 e=1361) (error -75)
10-31 17:16:28.974   556   731 D audio_hw_primary: disable_audio_route: usecase(1) reset and update mixer path: low-latency-playback
10-31 17:16:28.990   556   731 D audio_hw_primary: disable_snd_device: snd_device(88: vi-feedback)
10-31 17:16:28.990   556   731 D audio_hw_primary: disable_audio_route: usecase(23) reset and update mixer path: spkr-vi-record
10-31 17:16:29.030  7261  7261 W ResourceType: Failure getting entry for 0x7f01059a (t=0 e=1434) (error -75)
10-31 17:16:29.070   772  1259 W AppOps  : Bad call: specified package com.google.android.gms under uid 10060 but it is really 10020
10-31 17:16:29.070   772  1259 W AppOps  : java.lang.RuntimeException: here
10-31 17:16:29.070   772  1259 W AppOps  : 	at com.android.server.AppOpsService.getOpsRawLocked(AppOpsService.java:1319)
10-31 17:16:29.070   772  1259 W AppOps  : 	at com.android.server.AppOpsService.checkPackage(AppOpsService.java:1038)
10-31 17:16:29.070   772  1259 W AppOps  : 	at com.android.internal.app.IAppOpsService$Stub.onTransact(IAppOpsService.java:169)
10-31 17:16:29.070   772  1259 W AppOps  : 	at android.os.Binder.execTransact(Binder.java:674)
10-31 17:16:29.071   772 13022 W AppOps  : Bad call: specified package com.google.android.gms under uid 10060 but it is really 10020
10-31 17:16:29.071   772 13022 W AppOps  : java.lang.RuntimeException: here
10-31 17:16:29.071   772 13022 W AppOps  : 	at com.android.server.AppOpsService.getOpsRawLocked(AppOpsService.java:1319)
10-31 17:16:29.071   772 13022 W AppOps  : 	at com.android.server.AppOpsService.checkPackage(AppOpsService.java:1038)
10-31 17:16:29.071   772 13022 W AppOps  : 	at com.android.internal.app.IAppOpsService$Stub.onTransact(IAppOpsService.java:169)
10-31 17:16:29.071   772 13022 W AppOps  : 	at android.os.Binder.execTransact(Binder.java:674)
10-31 17:16:29.074   772 10860 W AppOps  : Bad call: specified package com.google.android.gms under uid 10060 but it is really 10020
10-31 17:16:29.074   772 10860 W AppOps  : java.lang.RuntimeException: here
10-31 17:16:29.074   772 10860 W AppOps  : 	at com.android.server.AppOpsService.getOpsRawLocked(AppOpsService.java:1319)
10-31 17:16:29.074   772 10860 W AppOps  : 	at com.android.server.AppOpsService.checkPackage(AppOpsService.java:1038)
10-31 17:16:29.074   772 10860 W AppOps  : 	at com.android.internal.app.IAppOpsService$Stub.onTransact(IAppOpsService.java:169)
10-31 17:16:29.074   772 10860 W AppOps  : 	at android.os.Binder.execTransact(Binder.java:674)
10-31 17:16:29.075   772  3854 W AppOps  : Bad call: specified package com.google.android.gms under uid 10060 but it is really 10020
10-31 17:16:29.075   772  3854 W AppOps  : java.lang.RuntimeException: here
10-31 17:16:29.075   772  3854 W AppOps  : 	at com.android.server.AppOpsService.getOpsRawLocked(AppOpsService.java:1319)
10-31 17:16:29.075   772  3854 W AppOps  : 	at com.android.server.AppOpsService.checkPackage(AppOpsService.java:1038)
10-31 17:16:29.075   772  3854 W AppOps  : 	at com.android.internal.app.IAppOpsService$Stub.onTransact(IAppOpsService.java:169)
10-31 17:16:29.075   772  3854 W AppOps  : 	at android.os.Binder.execTransact(Binder.java:674)
10-31 17:16:29.104  7261  7261 E cr_IntentUtils: getBooleanExtra failed on intent null
10-31 17:16:29.104  7261  7261 E cr_IntentUtils: getBooleanExtra failed on intent null
10-31 17:16:29.104  7300  7316 I cr_LibraryLoader: Successfully loaded native library
10-31 17:16:29.105  7300  7316 I cr_CachingUmaRecorder: Flushed 3 samples from 3 histograms.
10-31 17:16:29.141  7261  7261 W ResourceType: Failure getting entry for 0x7f010888 (t=0 e=2184) (error -75)
10-31 17:16:29.143 29486 29497 I FontLog : Received query name=Google Sans&weight=700&besteffort=false, URI content://com.google.android.gms.fonts [CONTEXT service_id=132 ]
10-31 17:16:29.143 29486 29497 I FontLog : Query [name=Google Sans&weight=700&besteffort=false] resolved to {Google Sans, wdth 100.0, wght 700, ital 0.0, bestEffort false} [CONTEXT service_id=132 ]
10-31 17:16:29.145 29486 29497 I FontLog : Fetch {Google Sans, wdth 100.0, wght 700, ital 0.0, bestEffort false} end status Status{statusCode=SUCCESS, resolution=null} [CONTEXT service_id=132 ]
10-31 17:16:29.146  7261  7261 W ResourceType: Failure getting entry for 0x7f010888 (t=0 e=2184) (error -75)
10-31 17:16:29.150  7261  7261 I chatty  : uid=10060(u0_a60) com.android.chrome:sandboxed identical 2 lines
10-31 17:16:29.151  7261  7261 W ResourceType: Failure getting entry for 0x7f010888 (t=0 e=2184) (error -75)
10-31 17:16:29.153 29486 29498 I FontLog : Pulling font file for id = 83, cache size = 7 [CONTEXT service_id=132 ]
10-31 17:16:29.153  7261  7261 W ResourceType: Failure getting entry for 0x7f010888 (t=0 e=2184) (error -75)
10-31 17:16:29.155  7261  7261 I chatty  : uid=10060(u0_a60) com.android.chrome:sandboxed identical 1 line
10-31 17:16:29.156  7261  7261 W ResourceType: Failure getting entry for 0x7f010888 (t=0 e=2184) (error -75)
10-31 17:16:29.158 29486 29650 I FontLog : Received query name=Noto Color Emoji Compat&weight=400&besteffort=false, URI content://com.google.android.gms.fonts [CONTEXT service_id=132 ]
10-31 17:16:29.158  7261  7261 I cr_TopSites: Start a new task.
10-31 17:16:29.159 29486 29650 I FontLog : Query [name=Noto Color Emoji Compat&weight=400&besteffort=false] resolved to {Noto Color Emoji Compat, wdth 100.0, wght 400, ital 0.0, bestEffort false} [CONTEXT service_id=132 ]
10-31 17:16:29.159  7261  7326 I cr_TopSites: Serializing top sites lists finished; count: 8
10-31 17:16:29.169  7261  7326 I cr_TopSites: Finished saving top sites list to file:/data/user/0/com.android.chrome/app_top_sites/top_sites
10-31 17:16:29.176 29486 29650 I FontLog : Fetch {Noto Color Emoji Compat, wdth 100.0, wght 400, ital 0.0, bestEffort false} end status Status{statusCode=SUCCESS, resolution=null} [CONTEXT service_id=132 ]
10-31 17:16:29.183   772  2969 I ActivityManager: Start proc 7477:com.android.chrome:sandboxed_process2/u0i504 for webview_service com.android.chrome/org.chromium.content.app.SandboxedProcessService2
10-31 17:16:29.188  7477  7477 E /system/bin/webview_zygote32: failed to make and chown /acct/uid_99504: Permission denied
10-31 17:16:29.188  7477  7477 E Zygote  : createProcessGroup(99504, 0) failed: Permission denied
10-31 17:16:29.203  7483  7483 E /system/bin/webview_zygote32: failed to make and chown /acct/uid_99505: Permission denied
10-31 17:16:29.203  7483  7483 E Zygote  : createProcessGroup(99505, 0) failed: Permission denied
10-31 17:16:29.204   361   361 W /system/bin/hwservicemanager: getTransportFromManifest: Cannot find entry android.hardware.graphics.mapper@2.0::IMapper in either framework or device manifest, using default transport.
10-31 17:16:29.207  7331  7349 I vndksupport: sphal namespace is not configured for this process. Loading /vendor/lib/hw/gralloc.msm8992.so from the current namespace instead.
10-31 17:16:29.209  7477  7477 I SamplingProfilerIntegration: Profiling disabled.
10-31 17:16:29.213   772 10894 I ActivityManager: Start proc 7483:com.android.chrome:sandboxed_process3/u0i505 for webview_service com.android.chrome/org.chromium.content.app.SandboxedProcessService3
10-31 17:16:29.215 29486 30686 I FontLog : Pulling font file for id = 84, cache size = 8 [CONTEXT service_id=132 ]
10-31 17:16:29.230  7502  7502 E /system/bin/webview_zygote32: failed to make and chown /acct/uid_99506: Permission denied
10-31 17:16:29.230  7502  7502 E Zygote  : createProcessGroup(99506, 0) failed: Permission denied
10-31 17:16:29.230   772 29404 I ActivityManager: Start proc 7502:com.android.chrome:sandboxed_process4/u0i506 for webview_service com.android.chrome/org.chromium.content.app.SandboxedProcessService4
10-31 17:16:29.240 29486 29497 I FontLog : Received query name=Google Sans&weight=400&besteffort=false, URI content://com.google.android.gms.fonts [CONTEXT service_id=132 ]
10-31 17:16:29.240 29486 29497 I FontLog : Query [name=Google Sans&weight=400&besteffort=false] resolved to {Google Sans, wdth 100.0, wght 400, ital 0.0, bestEffort false} [CONTEXT service_id=132 ]
10-31 17:16:29.243  7483  7483 I SamplingProfilerIntegration: Profiling disabled.
10-31 17:16:29.246 29486 29497 I FontLog : Font PFD returned from cache for {Google Sans, wdth 100.0, wght 400, ital 0.0, bestEffort false} [CONTEXT service_id=132 ]
10-31 17:16:29.247 29486 29497 I FontLog : Fetch {Google Sans, wdth 100.0, wght 400, ital 0.0, bestEffort false} end status Status{statusCode=SUCCESS, resolution=null} [CONTEXT service_id=132 ]
10-31 17:16:29.250  7261  7261 I cr_tabmodel: Appending tabs being restored to metadata lists, 0, startingNormalCount: 1, startingIncognitoCount: 0
10-31 17:16:29.250  7261  7261 I cr_tabmodel: Serializing tab lists; counts: 1, 0
10-31 17:16:29.258  7516  7516 E asset   : setgid: Operation not permitted
10-31 17:16:29.260   772  1324 I ActivityManager: Start proc 7514:com.android.chrome:sandboxed_process5/u0i507 for webview_service com.android.chrome/org.chromium.content.app.SandboxedProcessService5
10-31 17:16:29.270  7514  7514 E /system/bin/webview_zygote32: failed to make and chown /acct/uid_99507: Permission denied
10-31 17:16:29.270  7514  7514 E Zygote  : createProcessGroup(99507, 0) failed: Permission denied
10-31 17:16:29.278  7502  7502 I SamplingProfilerIntegration: Profiling disabled.
10-31 17:16:29.283  7535  7535 E /system/bin/webview_zygote32: failed to make and chown /acct/uid_99508: Permission denied
10-31 17:16:29.283  7535  7535 E Zygote  : createProcessGroup(99508, 0) failed: Permission denied
10-31 17:16:29.284   772 10893 I ActivityManager: Start proc 7535:com.android.chrome:sandboxed_process6/u0i508 for webview_service com.android.chrome/org.chromium.content.app.SandboxedProcessService6
10-31 17:16:29.285 29486 29650 I FontLog : Pulling font file for id = 85, cache size = 8 [CONTEXT service_id=132 ]
10-31 17:16:29.286  7540  7540 E asset   : setgid: Operation not permitted
10-31 17:16:29.291  7514  7514 I SamplingProfilerIntegration: Profiling disabled.
10-31 17:16:29.293  7261  7261 W ResourceType: Failure getting entry for 0x7f010216 (t=0 e=534) (error -75)
10-31 17:16:29.300  7535  7535 I SamplingProfilerIntegration: Profiling disabled.
10-31 17:16:29.309  7261  7261 W ResourceType: Failure getting entry for 0x7f0107c9 (t=0 e=1993) (error -75)
10-31 17:16:29.310 29486 29651 I FontLog : Received query name=Google Sans&weight=500&besteffort=false, URI content://com.google.android.gms.fonts [CONTEXT service_id=132 ]
10-31 17:16:29.311 29486 29651 I FontLog : Query [name=Google Sans&weight=500&besteffort=false] resolved to {Google Sans, wdth 100.0, wght 500, ital 0.0, bestEffort false} [CONTEXT service_id=132 ]
10-31 17:16:29.311  7477  7477 I cr_SplitCompatApp: Launched version=106.0.5249.79 minSdkVersion=24 isBundle=true processName=com.android.chrome:sandboxed_process2 isIsolated=true
10-31 17:16:29.312  7555  7555 E /system/bin/webview_zygote32: failed to make and chown /acct/uid_99509: Permission denied
10-31 17:16:29.312  7555  7555 E Zygote  : createProcessGroup(99509, 0) failed: Permission denied
10-31 17:16:29.313  7559  7559 E asset   : setgid: Operation not permitted
10-31 17:16:29.315 29486 29651 I FontLog : Font PFD returned from cache for {Google Sans, wdth 100.0, wght 500, ital 0.0, bestEffort false} [CONTEXT service_id=132 ]
10-31 17:16:29.315 29486 29651 I FontLog : Fetch {Google Sans, wdth 100.0, wght 500, ital 0.0, bestEffort false} end status Status{statusCode=SUCCESS, resolution=null} [CONTEXT service_id=132 ]
10-31 17:16:29.318  7477  7477 W SystemServiceRegistry: No service published for: uimode
10-31 17:16:29.324  7567  7567 E asset   : setgid: Operation not permitted
10-31 17:16:29.325  7477  7477 I cr_ChildProcessService: Creating new ChildProcessService pid=7477
10-31 17:16:29.328   772  1324 I ActivityManager: Start proc 7555:com.android.chrome:sandboxed_process7/u0i509 for webview_service com.android.chrome/org.chromium.content.app.SandboxedProcessService7
10-31 17:16:29.328  7483  7483 I cr_SplitCompatApp: Launched version=106.0.5249.79 minSdkVersion=24 isBundle=true processName=com.android.chrome:sandboxed_process3 isIsolated=true
10-31 17:16:29.332  7483  7483 W SystemServiceRegistry: No service published for: uimode
10-31 17:16:29.340  7483  7483 I cr_ChildProcessService: Creating new ChildProcessService pid=7483
10-31 17:16:29.341  7555  7555 I SamplingProfilerIntegration: Profiling disabled.
10-31 17:16:29.345  7573  7573 E asset   : setgid: Operation not permitted
10-31 17:16:29.352   772  3041 I ActivityManager: Start proc 7575:com.android.chrome:sandboxed_process8/u0i510 for webview_service com.android.chrome/org.chromium.content.app.SandboxedProcessService8
10-31 17:16:29.357 29486 29651 I FontLog : Pulling font file for id = 86, cache size = 9 [CONTEXT service_id=132 ]
10-31 17:16:29.357  7477  7477 E WebViewFactory: can't load with relro file; address space not reserved
10-31 17:16:29.360  7575  7575 E /system/bin/webview_zygote32: failed to make and chown /acct/uid_99510: Permission denied
10-31 17:16:29.360  7575  7575 E Zygote  : createProcessGroup(99510, 0) failed: Permission denied
10-31 17:16:29.367  7483  7483 E WebViewFactory: can't load with relro file; address space not reserved
10-31 17:16:29.368  7261  7261 W ResourceType: Failure getting entry for 0x7f010827 (t=0 e=2087) (error -75)
10-31 17:16:29.373  7502  7502 I cr_SplitCompatApp: Launched version=106.0.5249.79 minSdkVersion=24 isBundle=true processName=com.android.chrome:sandboxed_process4 isIsolated=true
10-31 17:16:29.381  7502  7502 W SystemServiceRegistry: No service published for: uimode
10-31 17:16:29.382  7587  7587 E /system/bin/webview_zygote32: failed to make and chown /acct/uid_99511: Permission denied
10-31 17:16:29.382  7587  7587 E Zygote  : createProcessGroup(99511, 0) failed: Permission denied
10-31 17:16:29.383  7261  7261 I cr_OfflineIndicator: onConnectionTypeChanged 2
10-31 17:16:29.383  7261  7261 I cr_OfflineIndicator: Reported by system: [ Transports: WIFI Capabilities: NOT_METERED&INTERNET&NOT_RESTRICTED&TRUSTED&NOT_VPN&VALIDATED&FOREGROUND LinkUpBandwidth>=1048576Kbps LinkDnBandwidth>=1048576Kbps SignalStrength: -63]
10-31 17:16:29.383  7261  7261 I cr_OfflineIndicator: setConnectionState connectionState=4
10-31 17:16:29.383  7535  7535 I cr_SplitCompatApp: Launched version=106.0.5249.79 minSdkVersion=24 isBundle=true processName=com.android.chrome:sandboxed_process6 isIsolated=true
10-31 17:16:29.383  7514  7514 I cr_SplitCompatApp: Launched version=106.0.5249.79 minSdkVersion=24 isBundle=true processName=com.android.chrome:sandboxed_process5 isIsolated=true
10-31 17:16:29.383  7261  7261 I cr_OfflineDetector: Running updateState mConnectivityDetectorInitialized: true, mTimeWhenLastForegrounded: 1109043549, getElapsedTime: 1109043550, mTimeWhenLastOfflineNotificationReceived: 0, mTimeWhenLastOnline: 1109043550, mApplicationState: 1, mIsOfflineLastReportedByConnectivityDetector: false, mIsEffectivelyOffline: false
10-31 17:16:29.384  7261  7261 I cr_OfflineDetector: updateState(): timeSinceLastForeground: 1, timeSinceOfflineNotificationReceived: 1109043550, timeSinceLastOnline: 0, timeNeededForForeground: 1999, timeNeededForOffline: -1109041550
10-31 17:16:29.384  7261  7261 I cr_OfflineIndicator: processConnectivityCheckResult mConnectionState=4 mConnectivityCheckingStage=1
10-31 17:16:29.385  7589  7589 E asset   : setgid: Operation not permitted
10-31 17:16:29.388  7575  7575 I SamplingProfilerIntegration: Profiling disabled.
10-31 17:16:29.390   772  1327 I ActivityManager: Start proc 7587:com.android.chrome:sandboxed_process9/u0i511 for webview_service com.android.chrome/org.chromium.content.app.SandboxedProcessService9
10-31 17:16:29.390  7514  7514 W SystemServiceRegistry: No service published for: uimode
10-31 17:16:29.394  7502  7502 I cr_ChildProcessService: Creating new ChildProcessService pid=7502
10-31 17:16:29.404  7483  7572 I cr_LibraryLoader: Successfully loaded native library
10-31 17:16:29.404  7483  7572 I cr_CachingUmaRecorder: Flushed 3 samples from 3 histograms.
10-31 17:16:29.406  7535  7535 W SystemServiceRegistry: No service published for: uimode
10-31 17:16:29.408  7477  7568 I cr_LibraryLoader: Successfully loaded native library
10-31 17:16:29.408  7477  7568 I cr_CachingUmaRecorder: Flushed 3 samples from 3 histograms.
10-31 17:16:29.417  7514  7514 I cr_ChildProcessService: Creating new ChildProcessService pid=7514
10-31 17:16:29.421  7587  7587 I SamplingProfilerIntegration: Profiling disabled.
10-31 17:16:29.423  7502  7502 E WebViewFactory: can't load with relro file; address space not reserved
10-31 17:16:29.427  7514  7514 E WebViewFactory: can't load with relro file; address space not reserved
10-31 17:16:29.427  7555  7555 I cr_SplitCompatApp: Launched version=106.0.5249.79 minSdkVersion=24 isBundle=true processName=com.android.chrome:sandboxed_process7 isIsolated=true
10-31 17:16:29.428  7535  7535 I cr_ChildProcessService: Creating new ChildProcessService pid=7535
10-31 17:16:29.433  7618  7618 E asset   : setgid: Operation not permitted
10-31 17:16:29.436  7261  7271 I zygote  : Background concurrent copying GC freed 14934(1255KB) AllocSpace objects, 2(40KB) LOS objects, 50% free, 3MB/7MB, paused 1.396ms total 164.213ms
10-31 17:16:29.437  7502  7598 I cr_LibraryLoader: Successfully loaded native library
10-31 17:16:29.438  7502  7598 I cr_CachingUmaRecorder: Flushed 3 samples from 3 histograms.
10-31 17:16:29.439  7555  7555 W SystemServiceRegistry: No service published for: uimode
10-31 17:16:29.440  7514  7608 I cr_LibraryLoader: Successfully loaded native library
10-31 17:16:29.442  7514  7608 I cr_CachingUmaRecorder: Flushed 3 samples from 3 histograms.
10-31 17:16:29.446  7261  7261 W ResourceType: Failure getting entry for 0x7f010415 (t=0 e=1045) (error -75)
10-31 17:16:29.448  7626  7626 E asset   : setgid: Operation not permitted
10-31 17:16:29.455  7555  7555 I cr_ChildProcessService: Creating new ChildProcessService pid=7555
10-31 17:16:29.465  7535  7535 E WebViewFactory: can't load with relro file; address space not reserved
10-31 17:16:29.473  7555  7555 E WebViewFactory: can't load with relro file; address space not reserved
10-31 17:16:29.475  7535  7617 I cr_LibraryLoader: Successfully loaded native library
10-31 17:16:29.481  7535  7617 I cr_CachingUmaRecorder: Flushed 3 samples from 3 histograms.
10-31 17:16:29.485  7575  7575 I cr_SplitCompatApp: Launched version=106.0.5249.79 minSdkVersion=24 isBundle=true processName=com.android.chrome:sandboxed_process8 isIsolated=true
10-31 17:16:29.489  7483  7572 I chromium: [INFO:child_process_service.cc(69)] ChildProcessService: Exiting child process.
10-31 17:16:29.491  7555  7628 I cr_LibraryLoader: Successfully loaded native library
10-31 17:16:29.495  7555  7628 I cr_CachingUmaRecorder: Flushed 3 samples from 3 histograms.
10-31 17:16:29.495   422   422 E lowmemorykiller: Error writing /proc/7483/oom_score_adj; errno=22
10-31 17:16:29.496   772  3037 I ActivityManager: Killing 7483:com.android.chrome:sandboxed_process3/u0a60i505 (adj 0): isolated not needed
10-31 17:16:29.496   772   790 W zygote64: failed to open /acct/uid_99505/pid_7483/cgroup.procs: No such file or directory
10-31 17:16:29.497  7477  7568 I chromium: [INFO:child_process_service.cc(69)] ChildProcessService: Exiting child process.
10-31 17:16:29.498  7502  7598 I chromium: [INFO:child_process_service.cc(69)] ChildProcessService: Exiting child process.
10-31 17:16:29.498   422   422 E lowmemorykiller: Error writing /proc/7477/oom_score_adj; errno=22
10-31 17:16:29.499   772 32228 I ActivityManager: Killing 7477:com.android.chrome:sandboxed_process2/u0a60i504 (adj 0): isolated not needed
10-31 17:16:29.499   772   790 W zygote64: failed to open /acct/uid_99504/pid_7477/cgroup.procs: No such file or directory
10-31 17:16:29.507  7575  7575 W SystemServiceRegistry: No service published for: uimode
10-31 17:16:29.510   422   422 E lowmemorykiller: Error writing /proc/7502/oom_score_adj; errno=22
10-31 17:16:29.511   772  2969 I ActivityManager: Killing 7502:com.android.chrome:sandboxed_process4/u0a60i506 (adj 0): isolated not needed
10-31 17:16:29.514   772   790 W zygote64: failed to open /acct/uid_99506/pid_7502/cgroup.procs: No such file or directory
10-31 17:16:29.524  7575  7575 I cr_ChildProcessService: Creating new ChildProcessService pid=7575
10-31 17:16:29.530  7587  7587 I cr_SplitCompatApp: Launched version=106.0.5249.79 minSdkVersion=24 isBundle=true processName=com.android.chrome:sandboxed_process9 isIsolated=true
10-31 17:16:29.530  7261  7261 W chromium: [WARNING:compositor_view.cc(342)] Child process died (type=6) pid=7477)
10-31 17:16:29.531  7261  7261 W chromium: [WARNING:compositor_view.cc(342)] Child process died (type=6) pid=7483)
10-31 17:16:29.531  7514  7608 I chromium: [INFO:child_process_service.cc(69)] ChildProcessService: Exiting child process.
10-31 17:16:29.533  7535  7617 I chromium: [INFO:child_process_service.cc(69)] ChildProcessService: Exiting child process.
10-31 17:16:29.535   772 13071 I ActivityManager: Start proc 7651:com.android.chrome:sandboxed_process10/u0i512 for webview_service com.android.chrome/org.chromium.content.app.SandboxedProcessService10
10-31 17:16:29.540  7261  7261 W chromium: [WARNING:compositor_view.cc(342)] Child process died (type=6) pid=7502)
10-31 17:16:29.541  7651  7651 E /system/bin/webview_zygote32: failed to make and chown /acct/uid_99512: Permission denied
10-31 17:16:29.541  7651  7651 E Zygote  : createProcessGroup(99512, 0) failed: Permission denied
10-31 17:16:29.544  7587  7587 W SystemServiceRegistry: No service published for: uimode
10-31 17:16:29.545  7261  7261 W chromium: [WARNING:compositor_view.cc(342)] Child process died (type=6) pid=7535)
10-31 17:16:29.550  7575  7575 E WebViewFactory: can't load with relro file; address space not reserved
10-31 17:16:29.561   772 29404 I ActivityManager: Process com.android.chrome:sandboxed_process6 (pid 7535) has died: vis  TOP 
10-31 17:16:29.562   772   790 W zygote64: failed to open /acct/uid_99508/pid_7535/cgroup.procs: No such file or directory
10-31 17:16:29.562   772 29404 W ActivityManager: Scheduling restart of crashed service com.android.chrome/org.chromium.content.app.SandboxedProcessService6 in 1000ms
10-31 17:16:29.576  7651  7651 I SamplingProfilerIntegration: Profiling disabled.
10-31 17:16:29.588   422   422 E lowmemorykiller: Error opening /proc/7514/oom_score_adj; errno=2
10-31 17:16:29.589   772  2970 W ActivityManager: Exception when unbinding service com.android.chrome/org.chromium.content.app.SandboxedProcessService5
10-31 17:16:29.589   772  2970 W ActivityManager: android.os.DeadObjectException
10-31 17:16:29.589   772  2970 W ActivityManager: 	at android.os.BinderProxy.transactNative(Native Method)
10-31 17:16:29.589   772  2970 W ActivityManager: 	at android.os.BinderProxy.transact(Binder.java:748)
10-31 17:16:29.589   772  2970 W ActivityManager: 	at android.app.IApplicationThread$Stub$Proxy.scheduleUnbindService(IApplicationThread.java:1522)
10-31 17:16:29.589   772  2970 W ActivityManager: 	at com.android.server.am.ActiveServices.removeConnectionLocked(ActiveServices.java:2640)
10-31 17:16:29.589   772  2970 W ActivityManager: 	at com.android.server.am.ActiveServices.unbindServiceLocked(ActiveServices.java:1551)
10-31 17:16:29.589   772  2970 W ActivityManager: 	at com.android.server.am.ActivityManagerService.unbindService(ActivityManagerService.java:18297)
10-31 17:16:29.589   772  2970 W ActivityManager: 	at android.app.IActivityManager$Stub.onTransact(IActivityManager.java:594)
10-31 17:16:29.589   772  2970 W ActivityManager: 	at com.android.server.am.ActivityManagerService.onTransact(ActivityManagerService.java:2935)
10-31 17:16:29.589   772  2970 W ActivityManager: 	at android.os.Binder.execTransact(Binder.java:674)
