10-31 17:16:29.589   422   422 E lowmemorykiller: Error opening /proc/7514/oom_score_adj; errno=2
10-31 17:16:29.589   772  2970 I ActivityManager: Killing 7514:com.android.chrome:sandboxed_process5/u0a60i507 (adj 900): isolated not needed
10-31 17:16:29.590   772   790 W zygote64: failed to open /acct/uid_99507/pid_7514/cgroup.procs: No such file or directory
10-31 17:16:29.601  7587  7587 I cr_ChildProcessService: Creating new ChildProcessService pid=7587
10-31 17:16:29.610  7261  7261 W chromium: [WARNING:compositor_view.cc(342)] Child process died (type=6) pid=7514)
10-31 17:16:29.621  7555  7628 I chromium: [INFO:child_process_service.cc(69)] ChildProcessService: Exiting child process.
10-31 17:16:29.623   422   422 E lowmemorykiller: Error writing /proc/7555/oom_score_adj; errno=22
10-31 17:16:29.624   772  1324 I ActivityManager: Killing 7555:com.android.chrome:sandboxed_process7/u0a60i509 (adj 0): isolated not needed
10-31 17:16:29.629   772   790 W zygote64: failed to open /acct/uid_99509/pid_7555/cgroup.procs: No such file or directory
10-31 17:16:29.630  7587  7587 E WebViewFactory: can't load with relro file; address space not reserved
10-31 17:16:29.636  7575  7650 I cr_LibraryLoader: Successfully loaded native library
10-31 17:16:29.638  7575  7650 I cr_CachingUmaRecorder: Flushed 3 samples from 3 histograms.
10-31 17:16:29.644  7587  7677 I cr_LibraryLoader: Successfully loaded native library
10-31 17:16:29.646  7680  7680 E asset   : setgid: Operation not permitted
10-31 17:16:29.654  7587  7677 I cr_CachingUmaRecorder: Flushed 3 samples from 3 histograms.
10-31 17:16:29.672   772   781 I zygote64: Background concurrent copying GC freed 29278(1889KB) AllocSpace objects, 19(412KB) LOS objects, 42% free, 18MB/32MB, paused 218us total 230.881ms
10-31 17:16:29.694  7651  7651 I cr_SplitCompatApp: Launched version=106.0.5249.79 minSdkVersion=24 isBundle=true processName=com.android.chrome:sandboxed_process10 isIsolated=true
10-31 17:16:29.699  7651  7651 W SystemServiceRegistry: No service published for: uimode
10-31 17:16:29.705  7651  7651 I cr_ChildProcessService: Creating new ChildProcessService pid=7651
10-31 17:16:29.714  7651  7651 E WebViewFactory: can't load with relro file; address space not reserved
10-31 17:16:29.724  7651  7697 I cr_LibraryLoader: Successfully loaded native library
10-31 17:16:29.726  7651  7697 I cr_CachingUmaRecorder: Flushed 3 samples from 3 histograms.
10-31 17:16:29.727  7261  7319 I cr_VrCoreVersionChecker: Unable to find VrCore.
10-31 17:16:29.729  7261  7261 W ResourceType: Failure getting entry for 0x7f0100f9 (t=0 e=249) (error -75)
10-31 17:16:29.733  7261  7261 W ResourceType: Failure getting entry for 0x7f010828 (t=0 e=2088) (error -75)
10-31 17:16:29.740  7261  7261 W ResourceType: Failure getting entry for 0x7f010827 (t=0 e=2087) (error -75)
10-31 17:16:29.768  7261  7261 W chromium: [WARNING:compositor_view.cc(342)] Child process died (type=6) pid=7555)
10-31 17:16:29.772  7575  7650 I chromium: [INFO:child_process_service.cc(69)] ChildProcessService: Exiting child process.
10-31 17:16:29.772  7587  7677 I chromium: [INFO:child_process_service.cc(69)] ChildProcessService: Exiting child process.
10-31 17:16:29.777   422   422 E lowmemorykiller: Error writing /proc/7587/oom_score_adj; errno=22
10-31 17:16:29.778   772  1259 I ActivityManager: Killing 7587:com.android.chrome:sandboxed_process9/u0a60i511 (adj 0): isolated not needed
10-31 17:16:29.778   772   790 W zygote64: failed to open /acct/uid_99511/pid_7587/cgroup.procs: No such file or directory
10-31 17:16:29.781   422   422 E lowmemorykiller: Error writing /proc/7575/oom_score_adj; errno=22
10-31 17:16:29.781  7651  7697 I chromium: [INFO:child_process_service.cc(69)] ChildProcessService: Exiting child process.
10-31 17:16:29.782   772 29404 I ActivityManager: Killing 7575:com.android.chrome:sandboxed_process8/u0a60i510 (adj 0): isolated not needed
10-31 17:16:29.783   772   790 W zygote64: failed to open /acct/uid_99510/pid_7575/cgroup.procs: No such file or directory
10-31 17:16:29.791  7261  7261 I Choreographer: Skipped 64 frames!  The application may be doing too much work on its main thread.
10-31 17:16:29.802   772  2970 I ActivityManager: Start proc 7711:com.android.chrome:sandboxed_process11/u0i513 for webview_service com.android.chrome/org.chromium.content.app.SandboxedProcessService11
10-31 17:16:29.802  7711  7711 E /system/bin/webview_zygote32: failed to make and chown /acct/uid_99513: Permission denied
10-31 17:16:29.803  7711  7711 E Zygote  : createProcessGroup(99513, 0) failed: Permission denied
10-31 17:16:29.803   772  1327 I ActivityManager: Process com.android.chrome:sandboxed_process10 (pid 7651) has died: vis  TOP 
10-31 17:16:29.803   772  1327 W ActivityManager: Scheduling restart of crashed service com.android.chrome/org.chromium.content.app.SandboxedProcessService10 in 1000ms
10-31 17:16:29.804   772   790 W zygote64: failed to open /acct/uid_99512/pid_7651/cgroup.procs: No such file or directory
10-31 17:16:29.841  7711  7711 I SamplingProfilerIntegration: Profiling disabled.
10-31 17:16:29.857  7261  7261 W StaticLayout: maxLineHeight should not be -1.  maxLines:1 lineCount:1
10-31 17:16:29.867  7009  7009 E WorkerRegistryImpl: getWorker() is called after WorkerRegistry disposal.
10-31 17:16:29.867  7009  7009 E WorkerRegistryImpl: getWorker() is called after WorkerRegistry disposal.
10-31 17:16:29.878  7009  7009 I MemoryTrimmer: Trimming objects from memory, since app is in the background.
10-31 17:16:29.879  7726  7726 E asset   : setgid: Operation not permitted
10-31 17:16:29.908  7711  7711 I cr_SplitCompatApp: Launched version=106.0.5249.79 minSdkVersion=24 isBundle=true processName=com.android.chrome:sandboxed_process11 isIsolated=true
10-31 17:16:29.912  7711  7711 W SystemServiceRegistry: No service published for: uimode
10-31 17:16:29.921  7711  7711 I cr_ChildProcessService: Creating new ChildProcessService pid=7711
10-31 17:16:29.928  7711  7711 E WebViewFactory: can't load with relro file; address space not reserved
10-31 17:16:29.943  7711  7728 I cr_LibraryLoader: Successfully loaded native library
10-31 17:16:29.944  7711  7728 I cr_CachingUmaRecorder: Flushed 3 samples from 3 histograms.
10-31 17:16:29.964  7261  7261 W chromium: [WARNING:compositor_view.cc(342)] Child process died (type=6) pid=7651)
10-31 17:16:29.965  7261  7261 W chromium: [WARNING:compositor_view.cc(342)] Child process died (type=6) pid=7587)
10-31 17:16:29.966  7261  7261 W chromium: [WARNING:compositor_view.cc(342)] Child process died (type=6) pid=7575)
10-31 17:16:29.971   772   797 I ActivityManager: Displayed com.android.chrome/com.google.android.apps.chrome.Main: +1s530ms
10-31 17:16:30.000  7711  7728 I chromium: [INFO:child_process_service.cc(69)] ChildProcessService: Exiting child process.
10-31 17:16:30.007  7740  7740 E /system/bin/webview_zygote32: failed to make and chown /acct/uid_99514: Permission denied
10-31 17:16:30.007  7740  7740 E Zygote  : createProcessGroup(99514, 0) failed: Permission denied
10-31 17:16:30.019   772 10860 I ActivityManager: Start proc 7740:com.android.chrome:sandboxed_process12/u0i514 for webview_service com.android.chrome/org.chromium.content.app.SandboxedProcessService12
10-31 17:16:30.028   772 10894 I ActivityManager: START u0 {act=android.intent.action.VIEW dat=http://192.168.178.178:5500/... flg=0x10000000 cmp=com.android.chrome/com.google.android.apps.chrome.Main} from uid 2000
10-31 17:16:30.057  7740  7740 I SamplingProfilerIntegration: Profiling disabled.
10-31 17:16:30.058  7753  7753 E /system/bin/webview_zygote32: failed to make and chown /acct/uid_99515: Permission denied
10-31 17:16:30.059  7753  7753 E Zygote  : createProcessGroup(99515, 0) failed: Permission denied
10-31 17:16:30.068   772   785 I ActivityManager: Start proc 7753:com.android.chrome:sandboxed_process13/u0i515 for webview_service com.android.chrome/org.chromium.content.app.SandboxedProcessService13
10-31 17:16:30.083   772 29404 I ActivityManager: Process com.android.chrome:sandboxed_process11 (pid 7711) has died: vis  TOP 
10-31 17:16:30.084   772 29404 W ActivityManager: Scheduling restart of crashed service com.android.chrome/org.chromium.content.app.SandboxedProcessService11 in 1000ms
10-31 17:16:30.084   772   790 W zygote64: failed to open /acct/uid_99513/pid_7711/cgroup.procs: No such file or directory
10-31 17:16:30.093  7261  7261 W chromium: [WARNING:compositor_view.cc(342)] Child process died (type=6) pid=7711)
10-31 17:16:30.102  7765  7765 E asset   : setgid: Operation not permitted
10-31 17:16:30.112   772 10860 I ActivityManager: Start proc 7766:com.android.chrome:sandboxed_process14/u0i516 for webview_service com.android.chrome/org.chromium.content.app.SandboxedProcessService14
10-31 17:16:30.117  7753  7753 I SamplingProfilerIntegration: Profiling disabled.
10-31 17:16:30.121  7766  7766 E /system/bin/webview_zygote32: failed to make and chown /acct/uid_99516: Permission denied
10-31 17:16:30.121  7766  7766 E Zygote  : createProcessGroup(99516, 0) failed: Permission denied
10-31 17:16:30.140  7740  7740 I cr_SplitCompatApp: Launched version=106.0.5249.79 minSdkVersion=24 isBundle=true processName=com.android.chrome:sandboxed_process12 isIsolated=true
10-31 17:16:30.143   772   785 I ActivityManager: Start proc 7780:com.android.chrome:sandboxed_process15/u0i517 for webview_service com.android.chrome/org.chromium.content.app.SandboxedProcessService15
10-31 17:16:30.145  7780  7780 E /system/bin/webview_zygote32: failed to make and chown /acct/uid_99517: Permission denied
10-31 17:16:30.146  7766  7766 I SamplingProfilerIntegration: Profiling disabled.
10-31 17:16:30.147  7780  7780 E Zygote  : createProcessGroup(99517, 0) failed: Permission denied
10-31 17:16:30.150  7740  7740 W SystemServiceRegistry: No service published for: uimode
10-31 17:16:30.163  7740  7740 I cr_ChildProcessService: Creating new ChildProcessService pid=7740
10-31 17:16:30.164  7788  7788 E asset   : setgid: Operation not permitted
10-31 17:16:30.185  7797  7797 E asset   : setgid: Operation not permitted
10-31 17:16:30.187  7780  7780 I SamplingProfilerIntegration: Profiling disabled.
10-31 17:16:30.188   772 32228 I ActivityManager: Start proc 7798:com.android.chrome:sandboxed_process16/u0i518 for webview_service com.android.chrome/org.chromium.content.app.SandboxedProcessService16
10-31 17:16:30.195  7798  7798 E /system/bin/webview_zygote32: failed to make and chown /acct/uid_99518: Permission denied
10-31 17:16:30.195  7798  7798 E Zygote  : createProcessGroup(99518, 0) failed: Permission denied
10-31 17:16:30.198  7740  7740 E WebViewFactory: can't load with relro file; address space not reserved
10-31 17:16:30.211  7753  7753 I cr_SplitCompatApp: Launched version=106.0.5249.79 minSdkVersion=24 isBundle=true processName=com.android.chrome:sandboxed_process13 isIsolated=true
10-31 17:16:30.219  7740  7790 I cr_LibraryLoader: Successfully loaded native library
10-31 17:16:30.220  7740  7790 I cr_CachingUmaRecorder: Flushed 3 samples from 3 histograms.
10-31 17:16:30.225  7812  7812 E asset   : setgid: Operation not permitted
10-31 17:16:30.228  7766  7766 I cr_SplitCompatApp: Launched version=106.0.5249.79 minSdkVersion=24 isBundle=true processName=com.android.chrome:sandboxed_process14 isIsolated=true
10-31 17:16:30.229  7753  7753 W SystemServiceRegistry: No service published for: uimode
10-31 17:16:30.235  7766  7766 W SystemServiceRegistry: No service published for: uimode
10-31 17:16:30.241  7753  7753 I cr_ChildProcessService: Creating new ChildProcessService pid=7753
10-31 17:16:30.244  7798  7798 I SamplingProfilerIntegration: Profiling disabled.
10-31 17:16:30.249  7766  7766 I cr_ChildProcessService: Creating new ChildProcessService pid=7766
10-31 17:16:30.250  7753  7753 E WebViewFactory: can't load with relro file; address space not reserved
10-31 17:16:30.264  7753  7813 I cr_LibraryLoader: Successfully loaded native library
10-31 17:16:30.265  7753  7813 I cr_CachingUmaRecorder: Flushed 3 samples from 3 histograms.
10-31 17:16:30.265  7780  7780 I cr_SplitCompatApp: Launched version=106.0.5249.79 minSdkVersion=24 isBundle=true processName=com.android.chrome:sandboxed_process15 isIsolated=true
10-31 17:16:30.266  7261  7261 E cr_IntentUtils: getInt failed on bundle null
10-31 17:16:30.268  7261  7261 E ResourceType: Style contains key with bad entry: 0x0101062c
10-31 17:16:30.277  7780  7780 W SystemServiceRegistry: No service published for: uimode
10-31 17:16:30.287  7766  7766 E WebViewFactory: can't load with relro file; address space not reserved
10-31 17:16:30.291  7827  7827 E asset   : setgid: Operation not permitted
10-31 17:16:30.294   772  2970 I ActivityManager: Start proc 7829:com.android.chrome:sandboxed_process17/u0i519 for webview_service com.android.chrome/org.chromium.content.app.SandboxedProcessService17
10-31 17:16:30.301  7261  7261 I cr_tabmodel: Appending tabs being restored to metadata lists, 0, startingNormalCount: 2, startingIncognitoCount: 0
10-31 17:16:30.302  7261  7261 I cr_tabmodel: Serializing tab lists; counts: 2, 0
10-31 17:16:30.303  7829  7829 E /system/bin/webview_zygote32: failed to make and chown /acct/uid_99519: Permission denied
10-31 17:16:30.303  7829  7829 E Zygote  : createProcessGroup(99519, 0) failed: Permission denied
10-31 17:16:30.310  7780  7780 I cr_ChildProcessService: Creating new ChildProcessService pid=7780
10-31 17:16:30.317  7780  7780 E WebViewFactory: can't load with relro file; address space not reserved
10-31 17:16:30.318  7829  7829 I SamplingProfilerIntegration: Profiling disabled.
10-31 17:16:30.319  7766  7778 I /system/bin/webview_zygote32: Background concurrent copying GC freed 2950(1368KB) AllocSpace objects, 0(0B) LOS objects, 94% free, 92KB/1628KB, paused 6.625ms total 43.385ms
10-31 17:16:30.322  7766  7814 I cr_LibraryLoader: Successfully loaded native library
10-31 17:16:30.323  7766  7814 I cr_CachingUmaRecorder: Flushed 3 samples from 3 histograms.
10-31 17:16:30.337  7261  7261 I cr_OfflineDetector: Running updateState mConnectivityDetectorInitialized: true, mTimeWhenLastForegrounded: 1109044504, getElapsedTime: 1109044504, mTimeWhenLastOfflineNotificationReceived: 0, mTimeWhenLastOnline: 1109043550, mApplicationState: 1, mIsOfflineLastReportedByConnectivityDetector: false, mIsEffectivelyOffline: false
10-31 17:16:30.337  7261  7261 I cr_OfflineDetector: updateState(): timeSinceLastForeground: 0, timeSinceOfflineNotificationReceived: 1109044504, timeSinceLastOnline: 954, timeNeededForForeground: 2000, timeNeededForOffline: -1109042504
10-31 17:16:30.339  7780  7840 I cr_LibraryLoader: Successfully loaded native library
10-31 17:16:30.340  7780  7840 I cr_CachingUmaRecorder: Flushed 3 samples from 3 histograms.
10-31 17:16:30.350  7798  7798 I cr_SplitCompatApp: Launched version=106.0.5249.79 minSdkVersion=24 isBundle=true processName=com.android.chrome:sandboxed_process16 isIsolated=true
10-31 17:16:30.358  7798  7798 W SystemServiceRegistry: No service published for: uimode
10-31 17:16:30.362  7861  7861 E asset   : setgid: Operation not permitted
10-31 17:16:30.369  7798  7798 I cr_ChildProcessService: Creating new ChildProcessService pid=7798
10-31 17:16:30.379  7798  7798 E WebViewFactory: can't load with relro file; address space not reserved
10-31 17:16:30.383  7740  7790 I chromium: [INFO:child_process_service.cc(69)] ChildProcessService: Exiting child process.
10-31 17:16:30.384   422   422 E lowmemorykiller: Error writing /proc/7740/oom_score_adj; errno=22
10-31 17:16:30.385   772 10895 I ActivityManager: Killing 7740:com.android.chrome:sandboxed_process12/u0a60i514 (adj 0): isolated not needed
10-31 17:16:30.385  7766  7814 I chromium: [INFO:child_process_service.cc(69)] ChildProcessService: Exiting child process.
10-31 17:16:30.386   772   790 W zygote64: failed to open /acct/uid_99514/pid_7740/cgroup.procs: No such file or directory
10-31 17:16:30.387  7753  7813 I chromium: [INFO:child_process_service.cc(69)] ChildProcessService: Exiting child process.
10-31 17:16:30.397  7780  7840 I chromium: [INFO:child_process_service.cc(69)] ChildProcessService: Exiting child process.
10-31 17:16:30.398  7261  7261 W ResourceType: Failure getting entry for 0x7f010216 (t=0 e=534) (error -75)
10-31 17:16:30.403  7261  7261 W ResourceType: Failure getting entry for 0x7f0107c9 (t=0 e=1993) (error -75)
10-31 17:16:30.408   772 13021 I ActivityManager: Start proc 7866:com.android.chrome:sandboxed_process18/u0i520 for webview_service com.android.chrome/org.chromium.content.app.SandboxedProcessService18
10-31 17:16:30.419  7798  7865 I cr_LibraryLoader: Successfully loaded native library
10-31 17:16:30.421  7798  7865 I cr_CachingUmaRecorder: Flushed 3 samples from 3 histograms.
10-31 17:16:30.434  7829  7829 I cr_SplitCompatApp: Launched version=106.0.5249.79 minSdkVersion=24 isBundle=true processName=com.android.chrome:sandboxed_process17 isIsolated=true
10-31 17:16:30.443  7829  7829 W SystemServiceRegistry: No service published for: uimode
10-31 17:16:30.450   772  1259 I ActivityManager: Start proc 7872:com.android.chrome:sandboxed_process19/u0i521 for webview_service com.android.chrome/org.chromium.content.app.SandboxedProcessService19
10-31 17:16:30.471  7829  7829 I cr_ChildProcessService: Creating new ChildProcessService pid=7829
10-31 17:16:30.473   772 13071 I ActivityManager: Start proc 7878:com.android.chrome:sandboxed_process20/u0i522 for webview_service com.android.chrome/org.chromium.content.app.SandboxedProcessService20
10-31 17:16:30.479   422   422 E lowmemorykiller: Error writing /proc/7766/oom_score_adj; errno=22
10-31 17:16:30.479   772  4540 E JavaBinder: !!! FAILED BINDER TRANSACTION !!!  (parcel size = 76)
10-31 17:16:30.479   772  4540 E JavaBinder: !!! FAILED BINDER TRANSACTION !!!  (parcel size = 756)
10-31 17:16:30.480   772  4540 W ActivityManager: Exception when unbinding service com.android.chrome/org.chromium.content.app.SandboxedProcessService14
10-31 17:16:30.480   772  4540 W ActivityManager: android.os.DeadObjectException: Transaction failed on small parcel; remote process probably died
10-31 17:16:30.480   772  4540 W ActivityManager: 	at android.os.BinderProxy.transactNative(Native Method)
10-31 17:16:30.480   772  4540 W ActivityManager: 	at android.os.BinderProxy.transact(Binder.java:748)
10-31 17:16:30.480   772  4540 W ActivityManager: 	at android.app.IApplicationThread$Stub$Proxy.scheduleUnbindService(IApplicationThread.java:1522)
10-31 17:16:30.480   772  4540 W ActivityManager: 	at com.android.server.am.ActiveServices.removeConnectionLocked(ActiveServices.java:2640)
10-31 17:16:30.480   772  4540 W ActivityManager: 	at com.android.server.am.ActiveServices.unbindServiceLocked(ActiveServices.java:1551)
10-31 17:16:30.480   772  4540 W ActivityManager: 	at com.android.server.am.ActivityManagerService.unbindService(ActivityManagerService.java:18297)
10-31 17:16:30.480   772  4540 W ActivityManager: 	at android.app.IActivityManager$Stub.onTransact(IActivityManager.java:594)
10-31 17:16:30.480   772  4540 W ActivityManager: 	at com.android.server.am.ActivityManagerService.onTransact(ActivityManagerService.java:2935)
10-31 17:16:30.480   772  4540 W ActivityManager: 	at android.os.Binder.execTransact(Binder.java:674)
10-31 17:16:30.480   772  4540 E JavaBinder: !!! FAILED BINDER TRANSACTION !!!  (parcel size = 76)
10-31 17:16:30.480   772  4540 E JavaBinder: !!! FAILED BINDER TRANSACTION !!!  (parcel size = 76)
10-31 17:16:30.480   422   422 E lowmemorykiller: Error writing /proc/7766/oom_score_adj; errno=22
10-31 17:16:30.480   772  4540 I ActivityManager: Killing 7766:com.android.chrome:sandboxed_process14/u0a60i516 (adj 900): isolated not needed
10-31 17:16:30.481   772   790 W zygote64: failed to open /acct/uid_99516/pid_7766/cgroup.procs: No such file or directory
10-31 17:16:30.482   422   422 E lowmemorykiller: Error writing /proc/7753/oom_score_adj; errno=22
10-31 17:16:30.482   772 10895 E JavaBinder: !!! FAILED BINDER TRANSACTION !!!  (parcel size = 76)
10-31 17:16:30.482   772 10895 E JavaBinder: !!! FAILED BINDER TRANSACTION !!!  (parcel size = 756)
10-31 17:16:30.483   772 10895 W ActivityManager: Exception when unbinding service com.android.chrome/org.chromium.content.app.SandboxedProcessService13
10-31 17:16:30.483   772 10895 W ActivityManager: android.os.DeadObjectException: Transaction failed on small parcel; remote process probably died
10-31 17:16:30.483   772 10895 W ActivityManager: 	at android.os.BinderProxy.transactNative(Native Method)
10-31 17:16:30.483   772 10895 W ActivityManager: 	at android.os.BinderProxy.transact(Binder.java:748)
10-31 17:16:30.483   772 10895 W ActivityManager: 	at android.app.IApplicationThread$Stub$Proxy.scheduleUnbindService(IApplicationThread.java:1522)
10-31 17:16:30.483   772 10895 W ActivityManager: 	at com.android.server.am.ActiveServices.removeConnectionLocked(ActiveServices.java:2640)
10-31 17:16:30.483   772 10895 W ActivityManager: 	at com.android.server.am.ActiveServices.unbindServiceLocked(ActiveServices.java:1551)
10-31 17:16:30.483   772 10895 W ActivityManager: 	at com.android.server.am.ActivityManagerService.unbindService(ActivityManagerService.java:18297)
10-31 17:16:30.483   772 10895 W ActivityManager: 	at android.app.IActivityManager$Stub.onTransact(IActivityManager.java:594)
10-31 17:16:30.483   772 10895 W ActivityManager: 	at com.android.server.am.ActivityManagerService.onTransact(ActivityManagerService.java:2935)
10-31 17:16:30.483   772 10895 W ActivityManager: 	at android.os.Binder.execTransact(Binder.java:674)
10-31 17:16:30.483   772 10895 E JavaBinder: !!! FAILED BINDER TRANSACTION !!!  (parcel size = 76)
10-31 17:16:30.483  7829  7829 E WebViewFactory: can't load with relro file; address space not reserved
10-31 17:16:30.483   772 10895 E JavaBinder: !!! FAILED BINDER TRANSACTION !!!  (parcel size = 76)
10-31 17:16:30.483   422   422 E lowmemorykiller: Error writing /proc/7753/oom_score_adj; errno=22
10-31 17:16:30.483   772 10895 I ActivityManager: Killing 7753:com.android.chrome:sandboxed_process13/u0a60i515 (adj 900): isolated not needed
10-31 17:16:30.484   772   790 W zygote64: failed to open /acct/uid_99515/pid_7753/cgroup.procs: No such file or directory
10-31 17:16:30.485   422   422 E lowmemorykiller: Error writing /proc/7780/oom_score_adj; errno=22
10-31 17:16:30.485   772  3037 E JavaBinder: !!! FAILED BINDER TRANSACTION !!!  (parcel size = 76)
10-31 17:16:30.485   772  3037 E JavaBinder: !!! FAILED BINDER TRANSACTION !!!  (parcel size = 756)
10-31 17:16:30.485   772  3037 W ActivityManager: Exception when unbinding service com.android.chrome/org.chromium.content.app.SandboxedProcessService15
10-31 17:16:30.485   772  3037 W ActivityManager: android.os.DeadObjectException: Transaction failed on small parcel; remote process probably died
10-31 17:16:30.485   772  3037 W ActivityManager: 	at android.os.BinderProxy.transactNative(Native Method)
10-31 17:16:30.485   772  3037 W ActivityManager: 	at android.os.BinderProxy.transact(Binder.java:748)
10-31 17:16:30.485   772  3037 W ActivityManager: 	at android.app.IApplicationThread$Stub$Proxy.scheduleUnbindService(IApplicationThread.java:1522)
10-31 17:16:30.485   772  3037 W ActivityManager: 	at com.android.server.am.ActiveServices.removeConnectionLocked(ActiveServices.java:2640)
10-31 17:16:30.485   772  3037 W ActivityManager: 	at com.android.server.am.ActiveServices.unbindServiceLocked(ActiveServices.java:1551)
10-31 17:16:30.485   772  3037 W ActivityManager: 	at com.android.server.am.ActivityManagerService.unbindService(ActivityManagerService.java:18297)
10-31 17:16:30.485   772  3037 W ActivityManager: 	at android.app.IActivityManager$Stub.onTransact(IActivityManager.java:594)
10-31 17:16:30.485   772  3037 W ActivityManager: 	at com.android.server.am.ActivityManagerService.onTransact(ActivityManagerService.java:2935)
10-31 17:16:30.485   772  3037 W ActivityManager: 	at android.os.Binder.execTransact(Binder.java:674)
10-31 17:16:30.485   772  3037 E JavaBinder: !!! FAILED BINDER TRANSACTION !!!  (parcel size = 76)
10-31 17:16:30.486   772  3037 E JavaBinder: !!! FAILED BINDER TRANSACTION !!!  (parcel size = 76)
10-31 17:16:30.486   422   422 E lowmemorykiller: Error writing /proc/7780/oom_score_adj; errno=22
10-31 17:16:30.490   772  3037 I ActivityManager: Killing 7780:com.android.chrome:sandboxed_process15/u0a60i517 (adj 900): isolated not needed
10-31 17:16:30.491   772   790 W zygote64: failed to open /acct/uid_99517/pid_7780/cgroup.procs: No such file or directory
10-31 17:16:30.503  7829  7880 I cr_LibraryLoader: Successfully loaded native library
10-31 17:16:30.505  7829  7880 I cr_CachingUmaRecorder: Flushed 3 samples from 3 histograms.
10-31 17:16:30.538   772 10894 I ActivityManager: Start proc 7891:com.android.chrome:sandboxed_process21/u0i523 for webview_service com.android.chrome/org.chromium.content.app.SandboxedProcessService21
10-31 17:16:30.641  7866  7866 E /system/bin/webview_zygote32: failed to make and chown /acct/uid_99520: Permission denied
10-31 17:16:30.641  7866  7866 E Zygote  : createProcessGroup(99520, 0) failed: Permission denied
10-31 17:16:30.642  7872  7872 E /system/bin/webview_zygote32: failed to make and chown /acct/uid_99521: Permission denied
10-31 17:16:30.642  7872  7872 E Zygote  : createProcessGroup(99521, 0) failed: Permission denied
10-31 17:16:30.646  7891  7891 E /system/bin/webview_zygote32: failed to make and chown /acct/uid_99523: Permission denied
10-31 17:16:30.646  7878  7878 E /system/bin/webview_zygote32: failed to make and chown /acct/uid_99522: Permission denied
10-31 17:16:30.646  7878  7878 E Zygote  : createProcessGroup(99522, 0) failed: Permission denied
10-31 17:16:30.646  7891  7891 E Zygote  : createProcessGroup(99523, 0) failed: Permission denied
10-31 17:16:30.660  7872  7872 I SamplingProfilerIntegration: Profiling disabled.
10-31 17:16:30.662  7261  7261 W chromium: [WARNING:compositor_view.cc(342)] Child process died (type=6) pid=7740)
10-31 17:16:30.663  7798  7865 I chromium: [INFO:child_process_service.cc(69)] ChildProcessService: Exiting child process.
10-31 17:16:30.665  7261  7261 W chromium: [WARNING:compositor_view.cc(342)] Child process died (type=6) pid=7766)
10-31 17:16:30.667  7261  7261 W chromium: [WARNING:compositor_view.cc(342)] Child process died (type=6) pid=7780)
10-31 17:16:30.669  7261  7261 W chromium: [WARNING:compositor_view.cc(342)] Child process died (type=6) pid=7753)
10-31 17:16:30.677   422   422 E lowmemorykiller: Error writing /proc/7798/oom_score_adj; errno=22
10-31 17:16:30.678   772  1324 I ActivityManager: Killing 7798:com.android.chrome:sandboxed_process16/u0a60i518 (adj 0): isolated not needed
10-31 17:16:30.678   772   790 W zygote64: failed to open /acct/uid_99518/pid_7798/cgroup.procs: No such file or directory
10-31 17:16:30.699  7866  7866 I SamplingProfilerIntegration: Profiling disabled.
10-31 17:16:30.701  7891  7891 I SamplingProfilerIntegration: Profiling disabled.
10-31 17:16:30.703  7878  7878 I SamplingProfilerIntegration: Profiling disabled.
10-31 17:16:30.722  7261  7261 W chromium: [WARNING:compositor_view.cc(342)] Child process died (type=6) pid=7798)
10-31 17:16:30.730  7940  7940 E asset   : setgid: Operation not permitted
10-31 17:16:30.752  7941  7941 E asset   : setgid: Operation not permitted
10-31 17:16:30.762  7942  7942 E asset   : setgid: Operation not permitted
10-31 17:16:30.771  7943  7943 E asset   : setgid: Operation not permitted
10-31 17:16:30.771  7872  7872 I cr_SplitCompatApp: Launched version=106.0.5249.79 minSdkVersion=24 isBundle=true processName=com.android.chrome:sandboxed_process19 isIsolated=true
10-31 17:16:30.775  7872  7872 W SystemServiceRegistry: No service published for: uimode
10-31 17:16:30.781  7872  7872 I cr_ChildProcessService: Creating new ChildProcessService pid=7872
10-31 17:16:30.787  7866  7866 I cr_SplitCompatApp: Launched version=106.0.5249.79 minSdkVersion=24 isBundle=true processName=com.android.chrome:sandboxed_process18 isIsolated=true
10-31 17:16:30.792  7866  7866 W SystemServiceRegistry: No service published for: uimode
10-31 17:16:30.795  7872  7872 E WebViewFactory: can't load with relro file; address space not reserved
10-31 17:16:30.799  7866  7866 I cr_ChildProcessService: Creating new ChildProcessService pid=7866
10-31 17:16:30.805  7891  7891 I cr_SplitCompatApp: Launched version=106.0.5249.79 minSdkVersion=24 isBundle=true processName=com.android.chrome:sandboxed_process21 isIsolated=true
10-31 17:16:30.806  7872  7945 I cr_LibraryLoader: Successfully loaded native library
10-31 17:16:30.815  7891  7891 W SystemServiceRegistry: No service published for: uimode
10-31 17:16:30.818  7261  7321 W cr_CrashFileManager: /data/user/0/com.android.chrome/cache/Crash Reports does not exist or is not a directory
10-31 17:16:30.818  7261  7321 I chatty  : uid=10060(u0_a60) com.android.chrome:sandboxed identical 1 line
10-31 17:16:30.818  7261  7321 W cr_CrashFileManager: /data/user/0/com.android.chrome/cache/Crash Reports does not exist or is not a directory
10-31 17:16:30.821  7872  7945 I cr_CachingUmaRecorder: Flushed 3 samples from 3 histograms.
10-31 17:16:30.826  7009  7021 W DynamiteModule: Local module descriptor class for com.google.android.gms.googlecertificates not found.
10-31 17:16:30.827  7891  7891 I cr_ChildProcessService: Creating new ChildProcessService pid=7891
10-31 17:16:30.830  7878  7878 I cr_SplitCompatApp: Launched version=106.0.5249.79 minSdkVersion=24 isBundle=true processName=com.android.chrome:sandboxed_process20 isIsolated=true
10-31 17:16:30.831  7261  7299 I cr_BindingManager: Moderate binding enabled: maxSize=40
10-31 17:16:30.839  7866  7866 E WebViewFactory: can't load with relro file; address space not reserved
10-31 17:16:30.844  7891  7891 E WebViewFactory: can't load with relro file; address space not reserved
10-31 17:16:30.846  7866  7946 I cr_LibraryLoader: Successfully loaded native library
10-31 17:16:30.847  7866  7946 I cr_CachingUmaRecorder: Flushed 3 samples from 3 histograms.
10-31 17:16:30.847  7878  7878 W SystemServiceRegistry: No service published for: uimode
10-31 17:16:30.854  7878  7878 I cr_ChildProcessService: Creating new ChildProcessService pid=7878
10-31 17:16:30.865  7878  7878 E WebViewFactory: can't load with relro file; address space not reserved
10-31 17:16:30.868  7891  7947 I cr_LibraryLoader: Successfully loaded native library
10-31 17:16:30.871  7891  7947 I cr_CachingUmaRecorder: Flushed 3 samples from 3 histograms.
10-31 17:16:30.893  7878  7951 I cr_LibraryLoader: Successfully loaded native library
10-31 17:16:30.899  7878  7951 I cr_CachingUmaRecorder: Flushed 3 samples from 3 histograms.
10-31 17:16:30.936  7261  7272 I vndksupport: sphal namespace is not configured for this process. Loading libutils.so from the current namespace instead.
10-31 17:16:30.936  7331  7344 I vndksupport: sphal namespace is not configured for this process. Loading libutils.so from the current namespace instead.
10-31 17:16:30.937  7300  7311 I vndksupport: sphal namespace is not configured for this process. Loading libutils.so from the current namespace instead.
10-31 17:16:30.937  7829  7849 I vndksupport: sphal namespace is not configured for this process. Loading libutils.so from the current namespace instead.
10-31 17:16:30.937  7866  7934 I vndksupport: sphal namespace is not configured for this process. Loading libutils.so from the current namespace instead.
10-31 17:16:30.937  7872  7916 I vndksupport: sphal namespace is not configured for this process. Loading libutils.so from the current namespace instead.
10-31 17:16:30.938  7878  7935 I vndksupport: sphal namespace is not configured for this process. Loading libutils.so from the current namespace instead.
10-31 17:16:30.938  7891  7939 I vndksupport: sphal namespace is not configured for this process. Loading libutils.so from the current namespace instead.
10-31 17:16:30.947   556  6508 E Parcel  : Reading a NULL string not supported here.
10-31 17:16:30.947   556  6508 W Parcel  : **** enforceInterface() expected 'IAAudioService' but read ''
10-31 17:16:30.948   360   360 E SELinux : avc:  denied  { find } for service=android.service.gatekeeper.IGateKeeperService pid=7848 uid=2000 scontext=u:r:shell:s0 tcontext=u:object_r:gatekeeper_service:s0 tclass=service_manager
10-31 17:16:30.949   360   360 E SELinux : avc:  denied  { find } for service=netd pid=7848 uid=2000 scontext=u:r:shell:s0 tcontext=u:object_r:netd_service:s0 tclass=service_manager
10-31 17:16:30.953  7848  7848 W atrace  : type=1400 audit(0.0:16916): avc: denied { call } for scontext=u:r:shell:s0 tcontext=u:r:wificond:s0 tclass=binder permissive=0
10-31 17:16:30.957   360   360 E SELinux : avc:  denied  { find } for service=installd pid=7848 uid=2000 scontext=u:r:shell:s0 tcontext=u:object_r:installd_service:s0 tclass=service_manager
10-31 17:16:30.967  7866  7946 I chromium: [INFO:child_process_service.cc(69)] ChildProcessService: Exiting child process.
10-31 17:16:30.969  7891  7947 I chromium: [INFO:child_process_service.cc(69)] ChildProcessService: Exiting child process.
10-31 17:16:30.970   422   422 E lowmemorykiller: Error writing /proc/7891/oom_score_adj; errno=22
10-31 17:16:30.970   772  3037 I ActivityManager: Killing 7891:com.android.chrome:sandboxed_process21/u0a60i523 (adj 0): isolated not needed
10-31 17:16:30.971   772   790 W zygote64: failed to open /acct/uid_99523/pid_7891/cgroup.procs: No such file or directory
10-31 17:16:30.972   361   361 E SELinux : avc:  denied  { find } for interface=android.frameworks.displayservice::IDisplayService pid=7848 scontext=u:r:shell:s0 tcontext=u:object_r:fwk_display_hwservice:s0 tclass=hwservice_manager
10-31 17:16:30.973  7878  7951 I chromium: [INFO:child_process_service.cc(69)] ChildProcessService: Exiting child process.
10-31 17:16:30.974  7872  7945 I chromium: [INFO:child_process_service.cc(69)] ChildProcessService: Exiting child process.
10-31 17:16:30.981   361   361 E SELinux : avc:  denied  { find } for interface=android.frameworks.schedulerservice::ISchedulingPolicyService pid=7848 scontext=u:r:shell:s0 tcontext=u:object_r:fwk_scheduler_hwservice:s0 tclass=hwservice_manager
10-31 17:16:30.983   422   422 E lowmemorykiller: Error writing /proc/7866/oom_score_adj; errno=22
10-31 17:16:30.983   772  1324 I ActivityManager: Killing 7866:com.android.chrome:sandboxed_process18/u0a60i520 (adj 0): isolated not needed
10-31 17:16:30.984   772   790 W zygote64: failed to open /acct/uid_99520/pid_7866/cgroup.procs: No such file or directory
10-31 17:16:30.988   422   422 E lowmemorykiller: Error writing /proc/7878/oom_score_adj; errno=22
10-31 17:16:30.989   772  3041 I ActivityManager: Killing 7878:com.android.chrome:sandboxed_process20/u0a60i522 (adj 0): isolated not needed
10-31 17:16:30.991   422   422 E lowmemorykiller: Error writing /proc/7872/oom_score_adj; errno=22
10-31 17:16:30.991   772   790 W zygote64: failed to open /acct/uid_99522/pid_7878/cgroup.procs: No such file or directory
10-31 17:16:30.991   772 13071 I ActivityManager: Killing 7872:com.android.chrome:sandboxed_process19/u0a60i521 (adj 0): isolated not needed
10-31 17:16:30.993   361   361 E SELinux : avc:  denied  { find } for interface=android.frameworks.sensorservice::ISensorManager pid=7848 scontext=u:r:shell:s0 tcontext=u:object_r:fwk_sensor_hwservice:s0 tclass=hwservice_manager
10-31 17:16:30.993   772   790 W zygote64: failed to open /acct/uid_99521/pid_7872/cgroup.procs: No such file or directory
10-31 17:16:30.993   361   361 E SELinux : avc:  denied  { find } for interface=android.hardware.biometrics.fingerprint::IBiometricsFingerprint pid=7848 scontext=u:r:shell:s0 tcontext=u:object_r:hal_fingerprint_hwservice:s0 tclass=hwservice_manager
10-31 17:16:30.999   361   361 E SELinux : avc:  denied  { find } for interface=android.hardware.dumpstate::IDumpstateDevice pid=7848 scontext=u:r:shell:s0 tcontext=u:object_r:hal_dumpstate_hwservice:s0 tclass=hwservice_manager
10-31 17:16:31.001   361   361 E SELinux : avc:  denied  { find } for interface=android.hardware.radio.deprecated::IOemHook pid=7848 scontext=u:r:shell:s0 tcontext=u:object_r:hal_telephony_hwservice:s0 tclass=hwservice_manager
10-31 17:16:31.001   361   361 E SELinux : avc:  denied  { find } for interface=android.hardware.radio::IRadio pid=7848 scontext=u:r:shell:s0 tcontext=u:object_r:hal_telephony_hwservice:s0 tclass=hwservice_manager
10-31 17:16:31.002   361   361 E SELinux : avc:  denied  { find } for interface=android.hardware.radio::ISap pid=7848 scontext=u:r:shell:s0 tcontext=u:object_r:hal_telephony_hwservice:s0 tclass=hwservice_manager
10-31 17:16:31.005   361   361 E SELinux : avc:  denied  { find } for interface=android.hardware.usb::IUsb pid=7848 scontext=u:r:shell:s0 tcontext=u:object_r:hal_usb_hwservice:s0 tclass=hwservice_manager
10-31 17:16:31.007   361   361 E SELinux : avc:  denied  { find } for interface=android.hardware.wifi.supplicant::ISupplicant pid=7848 scontext=u:r:shell:s0 tcontext=u:object_r:hal_wifi_supplicant_hwservice:s0 tclass=hwservice_manager
10-31 17:16:31.007   361   361 E SELinux : avc:  denied  { find } for interface=android.hardware.wifi::IWifi pid=7848 scontext=u:r:shell:s0 tcontext=u:object_r:hal_wifi_hwservice:s0 tclass=hwservice_manager
10-31 17:16:31.008   361   361 E SELinux : avc:  denied  { find } for interface=android.hidl.base::IBase pid=7848 scontext=u:r:shell:s0 tcontext=u:object_r:hidl_base_hwservice:s0 tclass=hwservice_manager
10-31 17:16:31.010   361   361 I chatty  : uid=1000(system) hwservicemanage identical 1 line
10-31 17:16:31.011   361   361 E SELinux : avc:  denied  { find } for interface=android.hidl.base::IBase pid=7848 scontext=u:r:shell:s0 tcontext=u:object_r:hidl_base_hwservice:s0 tclass=hwservice_manager
10-31 17:16:31.012  7261  7261 W chromium: [WARNING:compositor_view.cc(342)] Child process died (type=6) pid=7878)
10-31 17:16:31.014   361   361 E SELinux : avc:  denied  { find } for interface=android.system.wifi.keystore::IKeystore pid=7848 scontext=u:r:shell:s0 tcontext=u:object_r:system_wifi_keystore_hwservice:s0 tclass=hwservice_manager
10-31 17:16:31.026  7261  7261 W chromium: [WARNING:compositor_view.cc(342)] Child process died (type=6) pid=7866)
10-31 17:16:31.027  7261  7261 W chromium: [WARNING:compositor_view.cc(342)] Child process died (type=6) pid=7872)
10-31 17:16:31.051  7261  7261 W chromium: [WARNING:compositor_view.cc(342)] Child process died (type=6) pid=7891)
10-31 17:16:31.218  7009  7021 I DynamiteModule: Considering local module com.google.android.gms.googlecertificates:0 and remote module com.google.android.gms.googlecertificates:7
10-31 17:16:31.218  7009  7021 I DynamiteModule: Selected remote version of com.google.android.gms.googlecertificates, version >= 7
10-31 17:16:31.439  7009  7021 W zygote64: Skipping duplicate class check due to unrecognized classloader
10-31 17:16:31.453  7009  7021 D GoogleCertificates: com.google.android.gms.googlecertificates module is loaded
10-31 17:16:31.484   772   996 W AppOps  : Bad call: specified package com.google.android.gms under uid 10045 but it is really 10020
10-31 17:16:31.484   772   996 W AppOps  : java.lang.RuntimeException: here
10-31 17:16:31.484   772   996 W AppOps  : 	at com.android.server.AppOpsService.getOpsRawLocked(AppOpsService.java:1319)
10-31 17:16:31.484   772   996 W AppOps  : 	at com.android.server.AppOpsService.checkPackage(AppOpsService.java:1038)
10-31 17:16:31.484   772   996 W AppOps  : 	at com.android.internal.app.IAppOpsService$Stub.onTransact(IAppOpsService.java:169)
10-31 17:16:31.484   772   996 W AppOps  : 	at android.os.Binder.execTransact(Binder.java:674)
10-31 17:16:31.492   772 32228 W AppOps  : Bad call: specified package com.google.android.gms under uid 10045 but it is really 10020
10-31 17:16:31.492   772 32228 W AppOps  : java.lang.RuntimeException: here
10-31 17:16:31.492   772 32228 W AppOps  : 	at com.android.server.AppOpsService.getOpsRawLocked(AppOpsService.java:1319)
10-31 17:16:31.492   772 32228 W AppOps  : 	at com.android.server.AppOpsService.checkPackage(AppOpsService.java:1038)
10-31 17:16:31.492   772 32228 W AppOps  : 	at com.android.internal.app.IAppOpsService$Stub.onTransact(IAppOpsService.java:169)
10-31 17:16:31.492   772 32228 W AppOps  : 	at android.os.Binder.execTransact(Binder.java:674)
10-31 17:16:31.510  7009  7009 I MemoryTrimmer: Trimming objects from memory, since app is in the background.
10-31 17:16:32.699  7261  7261 W chromium: [WARNING:controller_impl.cc(1190)] Background download complete, client: 6, completion type: 0, file size:16643
10-31 17:16:32.734   772  3037 I ActivityManager: Start proc 7978:com.android.chrome:sandboxed_process22/u0i524 for webview_service com.android.chrome/org.chromium.content.app.SandboxedProcessService22
10-31 17:16:32.743  7978  7978 E /system/bin/webview_zygote32: failed to make and chown /acct/uid_99524: Permission denied
10-31 17:16:32.743  7978  7978 E Zygote  : createProcessGroup(99524, 0) failed: Permission denied
10-31 17:16:32.791  7978  7978 I SamplingProfilerIntegration: Profiling disabled.
10-31 17:16:32.805  7261  7261 W chromium: [WARNING:controller_impl.cc(1190)] Background download complete, client: 6, completion type: 0, file size:18160
10-31 17:16:32.818 29692 29692 D BoundBrokerSvc: onBind: Intent { act=com.google.android.gms.common.BIND_SHARED_PREFS pkg=com.google.android.gms }
10-31 17:16:32.818 29692 29692 D BoundBrokerSvc: Loading bound service for intent: Intent { act=com.google.android.gms.common.BIND_SHARED_PREFS pkg=com.google.android.gms }
10-31 17:16:32.822  7992  7992 E asset   : setgid: Operation not permitted
10-31 17:16:32.839   772  1327 I ActivityManager: Start proc 7993:com.android.chrome:sandboxed_process23/u0i525 for webview_service com.android.chrome/org.chromium.content.app.SandboxedProcessService23
10-31 17:16:32.840  7993  7993 E /system/bin/webview_zygote32: failed to make and chown /acct/uid_99525: Permission denied
10-31 17:16:32.840  7993  7993 E Zygote  : createProcessGroup(99525, 0) failed: Permission denied
10-31 17:16:32.846 29692 29692 D BoundBrokerSvc: onUnbind: Intent { act=com.google.android.gms.common.BIND_SHARED_PREFS pkg=com.google.android.gms }
10-31 17:16:32.865  7978  7978 I cr_SplitCompatApp: Launched version=106.0.5249.79 minSdkVersion=24 isBundle=true processName=com.android.chrome:sandboxed_process22 isIsolated=true
10-31 17:16:32.873  7993  7993 I SamplingProfilerIntegration: Profiling disabled.
10-31 17:16:32.876  7978  7978 W SystemServiceRegistry: No service published for: uimode
10-31 17:16:32.883  7978  7978 I cr_ChildProcessService: Creating new ChildProcessService pid=7978
10-31 17:16:32.901  7978  7978 E WebViewFactory: can't load with relro file; address space not reserved
10-31 17:16:32.909  8007  8007 E asset   : setgid: Operation not permitted
10-31 17:16:32.917  7978  8006 I cr_LibraryLoader: Successfully loaded native library
10-31 17:16:32.918  7978  8006 I cr_CachingUmaRecorder: Flushed 3 samples from 3 histograms.
10-31 17:16:32.935  7993  7993 I cr_SplitCompatApp: Launched version=106.0.5249.79 minSdkVersion=24 isBundle=true processName=com.android.chrome:sandboxed_process23 isIsolated=true
10-31 17:16:32.936  8012  8012 W ThreadPoolForeg: type=1400 audit(0.0:16917): avc: denied { setattr } for name="model-info.pb" dev="dm-2" ino=1504804 scontext=u:r:isolated_app:s0:c512,c768 tcontext=u:object_r:app_data_file:s0:c512,c768 tclass=file permissive=0
10-31 17:16:32.936  8012  8012 W ThreadPoolForeg: type=1400 audit(0.0:16918): avc: denied { setattr } for name="model.tflite" dev="dm-2" ino=1504805 scontext=u:r:isolated_app:s0:c512,c768 tcontext=u:object_r:app_data_file:s0:c512,c768 tclass=file permissive=0
10-31 17:16:32.939  7993  7993 W SystemServiceRegistry: No service published for: uimode
10-31 17:16:32.948  7993  7993 I cr_ChildProcessService: Creating new ChildProcessService pid=7993
10-31 17:16:32.950  7978  8006 I chromium: [INFO:child_process_service.cc(69)] ChildProcessService: Exiting child process.
10-31 17:16:32.952   422   422 E lowmemorykiller: Error writing /proc/7978/oom_score_adj; errno=22
10-31 17:16:32.952   772 13021 I ActivityManager: Killing 7978:com.android.chrome:sandboxed_process22/u0a60i524 (adj 0): isolated not needed
10-31 17:16:32.952   772   790 W zygote64: failed to open /acct/uid_99524/pid_7978/cgroup.procs: No such file or directory
10-31 17:16:32.955  7993  7993 E WebViewFactory: can't load with relro file; address space not reserved
10-31 17:16:32.968  7993  8015 I cr_LibraryLoader: Successfully loaded native library
10-31 17:16:32.968  7261  7261 W chromium: [WARNING:compositor_view.cc(342)] Child process died (type=6) pid=7978)
10-31 17:16:32.969  7993  8015 I cr_CachingUmaRecorder: Flushed 3 samples from 3 histograms.
10-31 17:16:32.986  8019  8019 W ThreadPoolForeg: type=1400 audit(0.0:16919): avc: denied { setattr } for name="model-info.pb" dev="dm-2" ino=1504791 scontext=u:r:isolated_app:s0:c512,c768 tcontext=u:object_r:app_data_file:s0:c512,c768 tclass=file permissive=0
10-31 17:16:32.988  7261  7261 W chromium: [WARNING:controller_impl.cc(1190)] Background download complete, client: 6, completion type: 0, file size:15859
10-31 17:16:32.996  8019  8019 W ThreadPoolForeg: type=1400 audit(0.0:16920): avc: denied { setattr } for name="model.tflite" dev="dm-2" ino=1504804 scontext=u:r:isolated_app:s0:c512,c768 tcontext=u:object_r:app_data_file:s0:c512,c768 tclass=file permissive=0
10-31 17:16:33.016  7993  8015 I chromium: [INFO:child_process_service.cc(69)] ChildProcessService: Exiting child process.
10-31 17:16:33.018  8022  8022 E /system/bin/webview_zygote32: failed to make and chown /acct/uid_99526: Permission denied
10-31 17:16:33.018  8022  8022 E Zygote  : createProcessGroup(99526, 0) failed: Permission denied
10-31 17:16:33.034   772 13022 I ActivityManager: Start proc 8022:com.android.chrome:sandboxed_process24/u0i526 for webview_service com.android.chrome/org.chromium.content.app.SandboxedProcessService24
10-31 17:16:33.037   422   422 E lowmemorykiller: Error writing /proc/7993/oom_score_adj; errno=22
10-31 17:16:33.038   772  1324 I ActivityManager: Killing 7993:com.android.chrome:sandboxed_process23/u0a60i525 (adj 0): isolated not needed
10-31 17:16:33.039   772   790 W zygote64: failed to open /acct/uid_99525/pid_7993/cgroup.procs: No such file or directory
10-31 17:16:33.063  7261  7261 W chromium: [WARNING:compositor_view.cc(342)] Child process died (type=6) pid=7993)
10-31 17:16:33.071  8022  8022 I SamplingProfilerIntegration: Profiling disabled.
10-31 17:16:33.099  8035  8035 E asset   : setgid: Operation not permitted
10-31 17:16:33.129  8022  8022 I cr_SplitCompatApp: Launched version=106.0.5249.79 minSdkVersion=24 isBundle=true processName=com.android.chrome:sandboxed_process24 isIsolated=true
10-31 17:16:33.134  8022  8022 W SystemServiceRegistry: No service published for: uimode
10-31 17:16:33.141  8022  8022 I cr_ChildProcessService: Creating new ChildProcessService pid=8022
10-31 17:16:33.147  8022  8022 E WebViewFactory: can't load with relro file; address space not reserved
10-31 17:16:33.157  8022  8037 I cr_LibraryLoader: Successfully loaded native library
10-31 17:16:33.158  8022  8037 I cr_CachingUmaRecorder: Flushed 3 samples from 3 histograms.
10-31 17:16:33.170  7261  7261 W chromium: [WARNING:controller_impl.cc(1190)] Background download complete, client: 6, completion type: 0, file size:265060
10-31 17:16:33.189  8040  8040 W ThreadPoolForeg: type=1400 audit(0.0:16921): avc: denied { setattr } for name="model-info.pb" dev="dm-2" ino=1504839 scontext=u:r:isolated_app:s0:c512,c768 tcontext=u:object_r:app_data_file:s0:c512,c768 tclass=file permissive=0
10-31 17:16:33.193  8040  8040 W ThreadPoolForeg: type=1400 audit(0.0:16922): avc: denied { setattr } for name="model.tflite" dev="dm-2" ino=1504847 scontext=u:r:isolated_app:s0:c512,c768 tcontext=u:object_r:app_data_file:s0:c512,c768 tclass=file permissive=0
10-31 17:16:33.199  8044  8044 E /system/bin/webview_zygote32: failed to make and chown /acct/uid_99527: Permission denied
10-31 17:16:33.199  8044  8044 E Zygote  : createProcessGroup(99527, 0) failed: Permission denied
10-31 17:16:33.200  8022  8037 I chromium: [INFO:child_process_service.cc(69)] ChildProcessService: Exiting child process.
10-31 17:16:33.204   772 10860 I ActivityManager: Start proc 8044:com.android.chrome:sandboxed_process25/u0i527 for webview_service com.android.chrome/org.chromium.content.app.SandboxedProcessService25
10-31 17:16:33.206   422   422 E lowmemorykiller: Error writing /proc/8022/oom_score_adj; errno=22
10-31 17:16:33.207   772  1259 I ActivityManager: Killing 8022:com.android.chrome:sandboxed_process24/u0a60i526 (adj 0): isolated not needed
10-31 17:16:33.207   772   790 W zygote64: failed to open /acct/uid_99526/pid_8022/cgroup.procs: No such file or directory
10-31 17:16:33.229  8044  8044 I SamplingProfilerIntegration: Profiling disabled.
10-31 17:16:33.236  7261  7261 W chromium: [WARNING:compositor_view.cc(342)] Child process died (type=6) pid=8022)
10-31 17:16:33.259  8058  8058 E asset   : setgid: Operation not permitted
10-31 17:16:33.289  8044  8044 I cr_SplitCompatApp: Launched version=106.0.5249.79 minSdkVersion=24 isBundle=true processName=com.android.chrome:sandboxed_process25 isIsolated=true
10-31 17:16:33.293  8044  8044 W SystemServiceRegistry: No service published for: uimode
10-31 17:16:33.300  8044  8044 I cr_ChildProcessService: Creating new ChildProcessService pid=8044
10-31 17:16:33.305  8044  8044 E WebViewFactory: can't load with relro file; address space not reserved
10-31 17:16:33.312  7261  7261 W chromium: [WARNING:controller_impl.cc(1190)] Background download complete, client: 6, completion type: 0, file size:2759
