10-31 17:17:24.218   372   376 D DrmLibTime: got the req here! ret=0
10-31 17:17:24.218   372   376 D DrmLibTime: command id, time_cmd_id = 770
10-31 17:17:24.218   372   376 D DrmLibTime: time_getutcsec starts!
10-31 17:17:24.218   372   376 D DrmLibTime: QSEE Time Listener: time_getutcsec
10-31 17:17:24.218   372   376 D DrmLibTime: QSEE Time Listener: get_utc_seconds
10-31 17:17:24.218   372   376 D DrmLibTime: QSEE Time Listener: time_get_modem_time
10-31 17:17:24.218   372   376 D DrmLibTime: QSEE Time Listener: Checking if ATS_MODEM is set or not.
10-31 17:17:24.218   372   376 D QC-time-services: Lib:time_genoff_operation: pargs->base = 13
10-31 17:17:24.218   372   376 D QC-time-services: Lib:time_genoff_operation: pargs->operation = 2
10-31 17:17:24.218   372   376 D QC-time-services: Lib:time_genoff_operation: pargs->ts_val = 0
10-31 17:17:24.219   372   376 D QC-time-services: Lib:time_genoff_operation: Send to server  passed!!
10-31 17:17:24.219   625   647 D QC-time-services: Daemon: Connection accepted:time_genoff
10-31 17:17:24.219   625  8213 D QC-time-services: Daemon:Received base = 13, unit = 1, operation = 2,value = 0
10-31 17:17:24.220   625  8213 D QC-time-services: Daemon:genoff_opr: Base = 13, val = 0, operation = 2
10-31 17:17:24.220   625  8213 D QC-time-services: offset is: 0 for base: 13
10-31 17:17:24.220   372   376 E QC-time-services: Receive Passed == base = 13, unit = 1, operation = 2, result = 0
10-31 17:17:24.220   372   376 D DrmLibTime: QSEE Time Listener: ATS_MODEM is not set. Fallback to Android system time.
10-31 17:17:24.220   372   376 D DrmLibTime: QSEE Time Listener: Retrieved Android system time: 1667233044
10-31 17:17:24.220   372   376 D DrmLibTime: time_getutcsec returns 0, sec = 1667233044; nsec = 0
10-31 17:17:24.220   372   376 D DrmLibTime: time_getutcsec finished! 
10-31 17:17:24.220   372   376 D DrmLibTime: iotcl_continue_command finished! and return 0 
10-31 17:17:24.220   372   376 D DrmLibTime: before calling ioctl to read the next time_cmd
10-31 17:17:24.220   625   647 E QC-time-services: Daemon: Time-services: Waiting to acceptconnection
10-31 17:17:24.233  8212  8212 W ThreadPoolForeg: type=1400 audit(0.0:16933): avc: denied { setattr } for name="LICENSE.txt" dev="dm-2" ino=1504907 scontext=u:r:isolated_app:s0:c512,c768 tcontext=u:object_r:app_data_file:s0:c512,c768 tclass=file permissive=0
10-31 17:17:24.236  8212  8212 W ThreadPoolForeg: type=1400 audit(0.0:16934): avc: denied { setattr } for name=46696C746572696E672052756C6573 dev="dm-2" ino=1504908 scontext=u:r:isolated_app:s0:c512,c768 tcontext=u:object_r:app_data_file:s0:c512,c768 tclass=file permissive=0
10-31 17:17:24.236  8212  8212 W ThreadPoolForeg: type=1400 audit(0.0:16935): avc: denied { setattr } for name="manifest.json" dev="dm-2" ino=1504909 scontext=u:r:isolated_app:s0:c512,c768 tcontext=u:object_r:app_data_file:s0:c512,c768 tclass=file permissive=0
10-31 17:17:24.243  8212  8212 W ThreadPoolForeg: type=1400 audit(0.0:16936): avc: denied { setattr } for name="verified_contents.json" dev="dm-2" ino=1504911 scontext=u:r:isolated_app:s0:c512,c768 tcontext=u:object_r:app_data_file:s0:c512,c768 tclass=file permissive=0
10-31 17:17:24.252   562   562 D WVCdm   : OEMCrypto_Initialize Level 1 success. I will use level 1.
10-31 17:17:24.253   562   562 D QSEECOMAPI: : QSEECom_dealloc_memory 
10-31 17:17:24.253   562   562 D QSEECOMAPI: : QSEECom_shutdown_app, app_id = 2963
10-31 17:17:24.253  8191  8209 I chromium: [INFO:child_process_service.cc(69)] ChildProcessService: Exiting child process.
10-31 17:17:24.256   422   422 E lowmemorykiller: Error writing /proc/8191/oom_score_adj; errno=22
10-31 17:17:24.256   772 32228 I ActivityManager: Killing 8191:com.android.chrome:sandboxed_process30/u0a60i532 (adj 0): isolated not needed
10-31 17:17:24.257   772   790 W zygote64: failed to open /acct/uid_99532/pid_8191/cgroup.procs: No such file or directory
10-31 17:17:24.266   562 19051 I WVCdm   : CdmEngine::OpenSession
10-31 17:17:24.267   562 19051 I WVCdm   : Level3 Library 4445 May 19 2017 17:17:20
10-31 17:17:24.271   562 19051 D QSEECOMAPI: : QSEECom_get_handle sb_length = 0x19000
10-31 17:17:24.271   562 19051 D QSEECOMAPI: : App is not loaded in QSEE
10-31 17:17:24.315   562 19051 D QSEECOMAPI: : Loaded image: APP id = 2964
10-31 17:17:24.318   562 19051 D QSAPPSVER: qsapps_get_capabilities: Capability from secure side: 0x0
10-31 17:17:24.318   562 19051 D QSAPPSVER: qsapps_get_capabilities: returns 0
10-31 17:17:24.318   562 19051 E DrmWidevineDash: sion_buffer g_wv_fhandle->ion_sbuffer  0x0xeeeec000
10-31 17:17:24.321   372   376 D DrmLibTime: got the req here! ret=0
10-31 17:17:24.321   372   376 D DrmLibTime: command id, time_cmd_id = 770
10-31 17:17:24.321   372   376 D DrmLibTime: time_getutcsec starts!
10-31 17:17:24.321   372   376 D DrmLibTime: QSEE Time Listener: time_getutcsec
10-31 17:17:24.321   372   376 D DrmLibTime: QSEE Time Listener: get_utc_seconds
10-31 17:17:24.321   372   376 D DrmLibTime: QSEE Time Listener: time_get_modem_time
10-31 17:17:24.321   372   376 D DrmLibTime: QSEE Time Listener: Checking if ATS_MODEM is set or not.
10-31 17:17:24.321   372   376 D QC-time-services: Lib:time_genoff_operation: pargs->base = 13
10-31 17:17:24.321   372   376 D QC-time-services: Lib:time_genoff_operation: pargs->operation = 2
10-31 17:17:24.321   372   376 D QC-time-services: Lib:time_genoff_operation: pargs->ts_val = 0
10-31 17:17:24.322   372   376 D QC-time-services: Lib:time_genoff_operation: Send to server  passed!!
10-31 17:17:24.322   625   647 D QC-time-services: Daemon: Connection accepted:time_genoff
10-31 17:17:24.322   625  8217 D QC-time-services: Daemon:Received base = 13, unit = 1, operation = 2,value = 0
10-31 17:17:24.322   625  8217 D QC-time-services: Daemon:genoff_opr: Base = 13, val = 0, operation = 2
10-31 17:17:24.322   625  8217 D QC-time-services: offset is: 0 for base: 13
10-31 17:17:24.322   372   376 E QC-time-services: Receive Passed == base = 13, unit = 1, operation = 2, result = 0
10-31 17:17:24.322   372   376 D DrmLibTime: QSEE Time Listener: ATS_MODEM is not set. Fallback to Android system time.
10-31 17:17:24.322   372   376 D DrmLibTime: QSEE Time Listener: Retrieved Android system time: 1667233044
10-31 17:17:24.322   372   376 D DrmLibTime: time_getutcsec returns 0, sec = 1667233044; nsec = 0
10-31 17:17:24.322   372   376 D DrmLibTime: time_getutcsec finished! 
10-31 17:17:24.322   372   376 D DrmLibTime: iotcl_continue_command finished! and return 0 
10-31 17:17:24.322   372   376 D DrmLibTime: before calling ioctl to read the next time_cmd
10-31 17:17:24.323   625   647 E QC-time-services: Daemon: Time-services: Waiting to acceptconnection
10-31 17:17:24.359   562 19051 D WVCdm   : OEMCrypto_Initialize Level 1 success. I will use level 1.
10-31 17:17:24.359   562 19051 D WVCdm   : CryptoSession::Open: Lock: requested_security_level: Default
10-31 17:17:24.362   562 19051 W WVCdm   : DeviceFiles::RetrieveHashedFile: /data/mediadrm/IDM1013/L1/cert.bin does not exist
10-31 17:17:24.363   562 19051 D QSEECOMAPI: : QSEECom_dealloc_memory 
10-31 17:17:24.363   562 19051 D QSEECOMAPI: : QSEECom_shutdown_app, app_id = 2964
10-31 17:17:24.378   562  5487 I WVCdm   : Level3 Library 4445 May 19 2017 17:17:20
10-31 17:17:24.381   562  5487 D QSEECOMAPI: : QSEECom_get_handle sb_length = 0x19000
10-31 17:17:24.381   562  5487 D QSEECOMAPI: : App is not loaded in QSEE
10-31 17:17:24.430   562  5487 D QSEECOMAPI: : Loaded image: APP id = 2965
10-31 17:17:24.435   562  5487 D QSAPPSVER: qsapps_get_capabilities: Capability from secure side: 0x0
10-31 17:17:24.435   562  5487 D QSAPPSVER: qsapps_get_capabilities: returns 0
10-31 17:17:24.435   562  5487 E DrmWidevineDash: sion_buffer g_wv_fhandle->ion_sbuffer  0x0xef148000
10-31 17:17:24.438   372   376 D DrmLibTime: got the req here! ret=0
10-31 17:17:24.438   372   376 D DrmLibTime: command id, time_cmd_id = 770
10-31 17:17:24.438   372   376 D DrmLibTime: time_getutcsec starts!
10-31 17:17:24.438   372   376 D DrmLibTime: QSEE Time Listener: time_getutcsec
10-31 17:17:24.438   372   376 D DrmLibTime: QSEE Time Listener: get_utc_seconds
10-31 17:17:24.438   372   376 D DrmLibTime: QSEE Time Listener: time_get_modem_time
10-31 17:17:24.438   372   376 D DrmLibTime: QSEE Time Listener: Checking if ATS_MODEM is set or not.
10-31 17:17:24.438   372   376 D QC-time-services: Lib:time_genoff_operation: pargs->base = 13
10-31 17:17:24.438   372   376 D QC-time-services: Lib:time_genoff_operation: pargs->operation = 2
10-31 17:17:24.438   372   376 D QC-time-services: Lib:time_genoff_operation: pargs->ts_val = 0
10-31 17:17:24.438   372   376 D QC-time-services: Lib:time_genoff_operation: Send to server  passed!!
10-31 17:17:24.438   625   647 D QC-time-services: Daemon: Connection accepted:time_genoff
10-31 17:17:24.438   625  8218 D QC-time-services: Daemon:Received base = 13, unit = 1, operation = 2,value = 0
10-31 17:17:24.438   625  8218 D QC-time-services: Daemon:genoff_opr: Base = 13, val = 0, operation = 2
10-31 17:17:24.438   625  8218 D QC-time-services: offset is: 0 for base: 13
10-31 17:17:24.438   372   376 E QC-time-services: Receive Passed == base = 13, unit = 1, operation = 2, result = 0
10-31 17:17:24.438   372   376 D DrmLibTime: QSEE Time Listener: ATS_MODEM is not set. Fallback to Android system time.
10-31 17:17:24.438   372   376 D DrmLibTime: QSEE Time Listener: Retrieved Android system time: 1667233044
10-31 17:17:24.438   372   376 D DrmLibTime: time_getutcsec returns 0, sec = 1667233044; nsec = 0
10-31 17:17:24.438   372   376 D DrmLibTime: time_getutcsec finished! 
10-31 17:17:24.438   372   376 D DrmLibTime: iotcl_continue_command finished! and return 0 
10-31 17:17:24.438   372   376 D DrmLibTime: before calling ioctl to read the next time_cmd
10-31 17:17:24.439   625   647 E QC-time-services: Daemon: Time-services: Waiting to acceptconnection
10-31 17:17:24.464   562  5487 D WVCdm   : OEMCrypto_Initialize Level 1 success. I will use level 1.
10-31 17:17:24.464   562  5487 D WVCdm   : CryptoSession::Open: Lock: requested_security_level: Default
10-31 17:17:24.548   562  5487 E DrmWidevineDash: OEMCrypto_GenerateSignature : input wrapped_rsa_key == NULL!, return short buffer
10-31 17:17:24.550  7261  7261 I cr_media: Provisioning origin ID DC802CCD9074BFEC851D8AEAA119DC69
10-31 17:17:24.555  7261  7261 W chromium: [WARNING:compositor_view.cc(342)] Child process died (type=6) pid=8191)
10-31 17:17:24.558  7261  7261 I MediaDrm: Drm event (1,0)
10-31 17:17:24.559  7261  7261 E cr_media: EventListener: No session for event 1.
10-31 17:17:24.597   562   562 E DrmWidevineDash: OEMCrypto_RewrapDeviceRSAKey : input wrapped_rsa_key == NULL!, return short buffer
10-31 17:17:24.615   562   562 D QSEECOMAPI: : QSEECom_dealloc_memory 
10-31 17:17:24.615   562   562 D QSEECOMAPI: : QSEECom_shutdown_app, app_id = 2965
10-31 17:17:26.174  8220  8220 E /system/bin/webview_zygote32: failed to make and chown /acct/uid_99533: Permission denied
10-31 17:17:26.174  8220  8220 E Zygote  : createProcessGroup(99533, 0) failed: Permission denied
10-31 17:17:26.176   772  1324 I ActivityManager: Start proc 8220:com.android.chrome:sandboxed_process31/u0i533 for webview_service com.android.chrome/org.chromium.content.app.SandboxedProcessService31
10-31 17:17:26.198  8220  8220 I SamplingProfilerIntegration: Profiling disabled.
10-31 17:17:26.221  8233  8233 E asset   : setgid: Operation not permitted
10-31 17:17:26.256  8220  8220 I cr_SplitCompatApp: Launched version=106.0.5249.79 minSdkVersion=24 isBundle=true processName=com.android.chrome:sandboxed_process31 isIsolated=true
10-31 17:17:26.264  8220  8220 W SystemServiceRegistry: No service published for: uimode
10-31 17:17:26.276  8220  8220 I cr_ChildProcessService: Creating new ChildProcessService pid=8220
10-31 17:17:26.287  8220  8220 E WebViewFactory: can't load with relro file; address space not reserved
10-31 17:17:26.301  8220  8234 I cr_LibraryLoader: Successfully loaded native library
10-31 17:17:26.302  8220  8234 I cr_CachingUmaRecorder: Flushed 3 samples from 3 histograms.
10-31 17:17:26.399  8239  8239 W ThreadPoolForeg: type=1400 audit(0.0:16937): avc: denied { setattr } for name="tl_en-us_2022-10-24_484508980_100000_index.bin" dev="dm-2" ino=1504920 scontext=u:r:isolated_app:s0:c512,c768 tcontext=u:object_r:app_data_file:s0:c512,c768 tclass=file permissive=0
10-31 17:17:26.403  8239  8239 W ThreadPoolForeg: type=1400 audit(0.0:16938): avc: denied { setattr } for name="manifest.json" dev="dm-2" ino=1504921 scontext=u:r:isolated_app:s0:c512,c768 tcontext=u:object_r:app_data_file:s0:c512,c768 tclass=file permissive=0
10-31 17:17:26.413  8239  8239 W ThreadPoolForeg: type=1400 audit(0.0:16939): avc: denied { setattr } for name="verified_contents.json" dev="dm-2" ino=1504923 scontext=u:r:isolated_app:s0:c512,c768 tcontext=u:object_r:app_data_file:s0:c512,c768 tclass=file permissive=0
10-31 17:17:26.426  8220  8234 I chromium: [INFO:child_process_service.cc(69)] ChildProcessService: Exiting child process.
10-31 17:17:26.430   422   422 E lowmemorykiller: Error writing /proc/8220/oom_score_adj; errno=22
10-31 17:17:26.431   772  1259 I ActivityManager: Killing 8220:com.android.chrome:sandboxed_process31/u0a60i533 (adj 0): isolated not needed
10-31 17:17:26.440   772   790 W zygote64: failed to open /acct/uid_99533/pid_8220/cgroup.procs: No such file or directory
10-31 17:17:26.451  7261  7261 W chromium: [WARNING:compositor_view.cc(342)] Child process died (type=6) pid=8220)
10-31 17:17:28.596  8241  8241 E /system/bin/webview_zygote32: failed to make and chown /acct/uid_99534: Permission denied
10-31 17:17:28.596  8241  8241 E Zygote  : createProcessGroup(99534, 0) failed: Permission denied
10-31 17:17:28.603   772 10895 I ActivityManager: Start proc 8241:com.android.chrome:sandboxed_process32/u0i534 for webview_service com.android.chrome/org.chromium.content.app.SandboxedProcessService32
10-31 17:17:28.649  8241  8241 I SamplingProfilerIntegration: Profiling disabled.
10-31 17:17:28.680  8254  8254 E asset   : setgid: Operation not permitted
10-31 17:17:28.723  8241  8241 I cr_SplitCompatApp: Launched version=106.0.5249.79 minSdkVersion=24 isBundle=true processName=com.android.chrome:sandboxed_process32 isIsolated=true
10-31 17:17:28.730  8241  8241 W SystemServiceRegistry: No service published for: uimode
10-31 17:17:28.744  8241  8241 I cr_ChildProcessService: Creating new ChildProcessService pid=8241
10-31 17:17:28.754  8241  8241 E WebViewFactory: can't load with relro file; address space not reserved
10-31 17:17:28.766  8241  8255 I cr_LibraryLoader: Successfully loaded native library
10-31 17:17:28.768  8241  8255 I cr_CachingUmaRecorder: Flushed 3 samples from 3 histograms.
10-31 17:17:28.809  8259  8259 W ThreadPoolForeg: type=1400 audit(0.0:16940): avc: denied { setattr } for name="optimization-hints.pb" dev="dm-2" ino=1504927 scontext=u:r:isolated_app:s0:c512,c768 tcontext=u:object_r:app_data_file:s0:c512,c768 tclass=file permissive=0
10-31 17:17:28.813  8259  8259 W ThreadPoolForeg: type=1400 audit(0.0:16941): avc: denied { setattr } for name="manifest.json" dev="dm-2" ino=1504928 scontext=u:r:isolated_app:s0:c512,c768 tcontext=u:object_r:app_data_file:s0:c512,c768 tclass=file permissive=0
10-31 17:17:28.816  8259  8259 W ThreadPoolForeg: type=1400 audit(0.0:16942): avc: denied { setattr } for name="verified_contents.json" dev="dm-2" ino=1504930 scontext=u:r:isolated_app:s0:c512,c768 tcontext=u:object_r:app_data_file:s0:c512,c768 tclass=file permissive=0
10-31 17:17:28.828  8241  8255 I chromium: [INFO:child_process_service.cc(69)] ChildProcessService: Exiting child process.
10-31 17:17:28.830   422   422 E lowmemorykiller: Error writing /proc/8241/oom_score_adj; errno=22
10-31 17:17:28.831   772 29404 I ActivityManager: Killing 8241:com.android.chrome:sandboxed_process32/u0a60i534 (adj 0): isolated not needed
10-31 17:17:28.832   772   790 W zygote64: failed to open /acct/uid_99534/pid_8241/cgroup.procs: No such file or directory
10-31 17:17:28.848  7261  7261 W chromium: [WARNING:compositor_view.cc(342)] Child process died (type=6) pid=8241)
10-31 17:17:31.229  8263  8263 E /system/bin/webview_zygote32: failed to make and chown /acct/uid_99535: Permission denied
10-31 17:17:31.229  8263  8263 E Zygote  : createProcessGroup(99535, 0) failed: Permission denied
10-31 17:17:31.233   772  1327 I ActivityManager: Start proc 8263:com.android.chrome:sandboxed_process33/u0i535 for webview_service com.android.chrome/org.chromium.content.app.SandboxedProcessService33
10-31 17:17:31.255  8263  8263 I SamplingProfilerIntegration: Profiling disabled.
10-31 17:17:31.282  8276  8276 E asset   : setgid: Operation not permitted
10-31 17:17:31.316  8263  8263 I cr_SplitCompatApp: Launched version=106.0.5249.79 minSdkVersion=24 isBundle=true processName=com.android.chrome:sandboxed_process33 isIsolated=true
10-31 17:17:31.323  8263  8263 W SystemServiceRegistry: No service published for: uimode
10-31 17:17:31.336  8263  8263 I cr_ChildProcessService: Creating new ChildProcessService pid=8263
10-31 17:17:31.346  8263  8263 E WebViewFactory: can't load with relro file; address space not reserved
10-31 17:17:31.357  8263  8277 I cr_LibraryLoader: Successfully loaded native library
10-31 17:17:31.358  8263  8277 I cr_CachingUmaRecorder: Flushed 3 samples from 3 histograms.
10-31 17:17:31.406  8281  8281 W ThreadPoolForeg: type=1400 audit(0.0:16943): avc: denied { setattr } for name="ssl_error_assistant.pb" dev="dm-2" ino=1504935 scontext=u:r:isolated_app:s0:c512,c768 tcontext=u:object_r:app_data_file:s0:c512,c768 tclass=file permissive=0
10-31 17:17:31.406  8281  8281 W ThreadPoolForeg: type=1400 audit(0.0:16944): avc: denied { setattr } for name="ssl_error_assistant.pb" dev="dm-2" ino=1504935 scontext=u:r:isolated_app:s0:c512,c768 tcontext=u:object_r:app_data_file:s0:c512,c768 tclass=file permissive=0
10-31 17:17:31.406  8281  8281 W ThreadPoolForeg: type=1400 audit(0.0:16945): avc: denied { setattr } for name="manifest.json" dev="dm-2" ino=1504936 scontext=u:r:isolated_app:s0:c512,c768 tcontext=u:object_r:app_data_file:s0:c512,c768 tclass=file permissive=0
10-31 17:17:31.409  8281  8281 W ThreadPoolForeg: type=1400 audit(0.0:16946): avc: denied { setattr } for name="verified_contents.json" dev="dm-2" ino=1504938 scontext=u:r:isolated_app:s0:c512,c768 tcontext=u:object_r:app_data_file:s0:c512,c768 tclass=file permissive=0
10-31 17:17:31.423  8263  8277 I chromium: [INFO:child_process_service.cc(69)] ChildProcessService: Exiting child process.
10-31 17:17:31.426   422   422 E lowmemorykiller: Error writing /proc/8263/oom_score_adj; errno=22
10-31 17:17:31.426   772  1327 I ActivityManager: Killing 8263:com.android.chrome:sandboxed_process33/u0a60i535 (adj 0): isolated not needed
10-31 17:17:31.427   772   790 W zygote64: failed to open /acct/uid_99535/pid_8263/cgroup.procs: No such file or directory
10-31 17:17:31.439  7261  7261 W chromium: [WARNING:compositor_view.cc(342)] Child process died (type=6) pid=8263)
10-31 17:17:34.303  8284  8284 E /system/bin/webview_zygote32: failed to make and chown /acct/uid_99536: Permission denied
10-31 17:17:34.303  8284  8284 E Zygote  : createProcessGroup(99536, 0) failed: Permission denied
10-31 17:17:34.308   772   784 I ActivityManager: Start proc 8284:com.android.chrome:sandboxed_process34/u0i536 for webview_service com.android.chrome/org.chromium.content.app.SandboxedProcessService34
10-31 17:17:34.348  8284  8284 I SamplingProfilerIntegration: Profiling disabled.
10-31 17:17:34.386  8297  8297 E asset   : setgid: Operation not permitted
10-31 17:17:34.435  8284  8284 I cr_SplitCompatApp: Launched version=106.0.5249.79 minSdkVersion=24 isBundle=true processName=com.android.chrome:sandboxed_process34 isIsolated=true
10-31 17:17:34.444  8284  8284 W SystemServiceRegistry: No service published for: uimode
10-31 17:17:34.458  8284  8284 I cr_ChildProcessService: Creating new ChildProcessService pid=8284
10-31 17:17:34.472  8284  8284 E WebViewFactory: can't load with relro file; address space not reserved
10-31 17:17:34.485  8284  8299 I cr_LibraryLoader: Successfully loaded native library
10-31 17:17:34.486  8284  8299 I cr_CachingUmaRecorder: Flushed 3 samples from 3 histograms.
10-31 17:17:34.533  8302  8302 W ThreadPoolForeg: type=1400 audit(0.0:16947): avc: denied { setattr } for name="download_file_types.pb" dev="dm-2" ino=1504942 scontext=u:r:isolated_app:s0:c512,c768 tcontext=u:object_r:app_data_file:s0:c512,c768 tclass=file permissive=0
10-31 17:17:34.533  8302  8302 W ThreadPoolForeg: type=1400 audit(0.0:16948): avc: denied { setattr } for name="download_file_types.pb" dev="dm-2" ino=1504942 scontext=u:r:isolated_app:s0:c512,c768 tcontext=u:object_r:app_data_file:s0:c512,c768 tclass=file permissive=0
10-31 17:17:34.536  8302  8302 W ThreadPoolForeg: type=1400 audit(0.0:16949): avc: denied { setattr } for name="manifest.json" dev="dm-2" ino=1504943 scontext=u:r:isolated_app:s0:c512,c768 tcontext=u:object_r:app_data_file:s0:c512,c768 tclass=file permissive=0
10-31 17:17:34.543  8302  8302 W ThreadPoolForeg: type=1400 audit(0.0:16950): avc: denied { setattr } for name="verified_contents.json" dev="dm-2" ino=1504945 scontext=u:r:isolated_app:s0:c512,c768 tcontext=u:object_r:app_data_file:s0:c512,c768 tclass=file permissive=0
10-31 17:17:34.552  8284  8299 I chromium: [INFO:child_process_service.cc(69)] ChildProcessService: Exiting child process.
10-31 17:17:34.555   422   422 E lowmemorykiller: Error writing /proc/8284/oom_score_adj; errno=22
10-31 17:17:34.559   772  3854 I ActivityManager: Killing 8284:com.android.chrome:sandboxed_process34/u0a60i536 (adj 0): isolated not needed
10-31 17:17:34.560   772   790 W zygote64: failed to open /acct/uid_99536/pid_8284/cgroup.procs: No such file or directory
10-31 17:17:34.578  7261  7261 W chromium: [WARNING:compositor_view.cc(342)] Child process died (type=6) pid=8284)
10-31 17:17:35.713   772  1259 I ActivityManager: Force stopping com.android.chrome appid=10060 user=0: from pid 8316
10-31 17:17:35.713   772  1259 I ActivityManager: Killing 7331:com.android.chrome:privileged_process0/u0a60 (adj 0): stop com.android.chrome
10-31 17:17:35.716   772  1259 W ActivityManager: Scheduling restart of crashed service com.android.chrome/org.chromium.content.app.PrivilegedProcessService0 in 1000ms
10-31 17:17:35.721   772  1259 I ActivityManager: Killing 7261:com.android.chrome/u0a60 (adj 0): stop com.android.chrome
10-31 17:17:35.730 29692 29692 D BoundBrokerSvc: onUnbind: Intent { act=com.google.android.gms.auth.key.retrieval.service.START dat=chimera-action:com.google.android.gms.auth.key.retrieval.service.START cmp=com.google.android.gms/.chimera.GmsApiService }
10-31 17:17:35.731   772  1259 W ActivityManager: Force removing ActivityRecord{550f3b4 u0 com.android.chrome/com.google.android.apps.chrome.Main t861}: app died, no saved state
10-31 17:17:35.732  7300  7300 I cr_ChildProcessService: Destroying ChildProcessService pid=7300
10-31 17:17:35.735  7829  7829 I cr_ChildProcessService: Destroying ChildProcessService pid=7829
10-31 17:17:35.736   772  1259 I WindowManager: Failed to capture screenshot of Token{ef0cbdd ActivityRecord{550f3b4 u0 com.android.chrome/com.google.android.apps.chrome.Main t861 f}} appWin=Window{ceb1a49 u0 com.android.chrome/com.google.android.apps.chrome.Main} drawState=4
10-31 17:17:35.749   772  1259 I ActivityManager: Killing 7829:com.android.chrome:sandboxed_process17/u0a60i519 (adj 0): isolated not needed
10-31 17:17:35.750   772  1259 I ActivityManager: Killing 7300:com.android.chrome:sandboxed_process0/u0a60i502 (adj 0): isolated not needed
10-31 17:17:35.754  7009  7009 I MemoryTrimmer: Trimming objects from memory, since app is in the background.
10-31 17:17:35.763  1311  1311 D CarrierSvcBindHelper: No carrier app for: 0
10-31 17:17:35.782  2964  2964 D RegisteredNfcFServicesCache: Service unchanged, not updating
10-31 17:17:35.784   772  1259 D ConnectivityService: ConnectivityService NetworkRequestInfo binderDied(NetworkRequest [ LISTEN id=2123, [ Capabilities: INTERNET&NOT_RESTRICTED&TRUSTED&FOREGROUND] ], android.os.BinderProxy@b89dde5)
10-31 17:17:35.784   772   785 D ConnectivityService: ConnectivityService NetworkRequestInfo binderDied(NetworkRequest [ LISTEN id=2121, [ Capabilities: INTERNET&NOT_RESTRICTED&TRUSTED&FOREGROUND] ], android.os.BinderProxy@f6d70ba)
10-31 17:17:35.784   772  3037 D ConnectivityService: ConnectivityService NetworkRequestInfo binderDied(NetworkRequest [ LISTEN id=2122, [ Capabilities: INTERNET&NOT_RESTRICTED&TRUSTED&FOREGROUND] ], android.os.BinderProxy@3cddb6b)
10-31 17:17:35.786   772   862 E ConnectivityService: RemoteException caught trying to send a callback msg for NetworkRequest [ LISTEN id=2123, [ Capabilities: INTERNET&NOT_RESTRICTED&TRUSTED&FOREGROUND] ]
10-31 17:17:35.787   772   862 E ConnectivityService: RemoteException caught trying to send a callback msg for NetworkRequest [ LISTEN id=2122, [ Capabilities: INTERNET&NOT_RESTRICTED&TRUSTED&FOREGROUND] ]
10-31 17:17:35.787   772   862 E ConnectivityService: RemoteException caught trying to send a callback msg for NetworkRequest [ LISTEN id=2121, [ Capabilities: INTERNET&NOT_RESTRICTED&TRUSTED&FOREGROUND] ]
10-31 17:17:35.791 29407 29511 I Adreno  : QUALCOMM build                   : 7142022, Ib5823dd10c
10-31 17:17:35.791 29407 29511 I Adreno  : Build Date                       : 06/23/17
10-31 17:17:35.791 29407 29511 I Adreno  : OpenGL ES Shader Compiler Version: EV031.18.00.00
10-31 17:17:35.791 29407 29511 I Adreno  : Local Branch                     : O11A
10-31 17:17:35.791 29407 29511 I Adreno  : Remote Branch                    : 
10-31 17:17:35.791 29407 29511 I Adreno  : Remote Branch                    : 
10-31 17:17:35.791 29407 29511 I Adreno  : Reconstruct Branch               : 
10-31 17:17:35.792   772   797 W ActivityManager: setHasOverlayUi called on unknown pid: 7261
10-31 17:17:35.798   772   790 W zygote64: failed to open /acct/uid_99519/pid_7829/cgroup.procs: No such file or directory
10-31 17:17:35.799   772   790 W zygote64: failed to open /acct/uid_99502/pid_7300/cgroup.procs: No such file or directory
10-31 17:17:35.802 29407 29511 I vndksupport: sphal namespace is not configured for this process. Loading /vendor/lib64/hw/gralloc.msm8992.so from the current namespace instead.
10-31 17:17:35.805 29407 29511 I Adreno  : PFP: 0x00000000, ME: 0x00000000
10-31 17:17:35.809 29407 29511 I OpenGLRenderer: Initialized EGL, version 1.4
10-31 17:17:35.809 29407 29511 D OpenGLRenderer: Swap behavior 2
10-31 17:17:35.865   772  1324 W ActivityManager: Unable to start service Intent { act=com.google.android.gms.speech.service.START pkg=com.google.android.gms } U=0: not found
10-31 17:17:35.865   772  1259 W ActivityManager: Unbind failed: could not find connection for android.os.BinderProxy@d7af6d1
10-31 17:17:35.865  7009  7179 E GmsClient: unable to connect to service: com.google.android.gms.speech.service.START on com.google.android.gms
10-31 17:17:35.926  7009  7021 W SessionLifecycleManager: Handover failed. Creating new session controller.
10-31 17:17:35.931  7009  7009 I OptInState: There is a new client and it does not support opt-in. Dropping request.
10-31 17:17:35.952  7009  7009 I MicroDetectionWorker: #updateMicroDetector [detectionMode: [mDetectionMode: [1]]]
10-31 17:17:35.952  7009  7009 I MicroDetectionWorker: #startMicroDetector [speakerMode: 0]
10-31 17:17:35.955  7009  7009 I MicroDetectionWorker: onReady
10-31 17:17:35.961  7009  7035 I MicroRecognitionRunner: Starting detection.
10-31 17:17:35.962  7009  7060 I MicrophoneInputStream: mic_starting com.google.android.apps.gsa.speech.audio.af@a9da85f
10-31 17:17:35.963   556   556 W DeviceHAL: Device 0xefa2d000 open_input_stream: Invalid argument
10-31 17:17:35.964   556  8330 I AudioFlinger: AudioFlinger's thread 0xec6038c0 tid=8330 ready to run
10-31 17:17:35.973   556   753 I SoundTriggerHwService::Module: onCallbackEvent no clients
10-31 17:17:35.974  7009  7060 I MicrophoneInputStream: mic_started com.google.android.apps.gsa.speech.audio.af@a9da85f
10-31 17:17:35.977   556  8331 D sound_trigger_platform: platform_stdev_check_and_update_concurrency: concurrency active 0, tx 1, rx 0, concurrency session_allowed 0
10-31 17:17:35.978   556  8331 D audio_hw_primary: enable_snd_device: snd_device(72: voice-rec-mic)
10-31 17:17:35.985   556  8331 D audio_hw_primary: enable_audio_route: usecase(9) apply and update mixer path: audio-record
10-31 17:17:36.046  7009  7009 I MicroDetectionWorker: onReady
10-31 17:17:36.304  8320  8320 D AndroidRuntime: >>>>>> START com.android.internal.os.RuntimeInit uid 2000 <<<<<<
10-31 17:17:36.323 29407 29511 W OpenGLRenderer: Incorrectly called buildLayer on View: ShortcutAndWidgetContainer, destroying layer...
10-31 17:17:36.549  8320  8320 D AndroidRuntime: Calling main entry com.android.commands.pm.Pm
10-31 17:17:36.567   772 10893 I ActivityManager: Force stopping com.android.chrome appid=10060 user=0: clear data
10-31 17:17:36.572   772   788 I ActivityManager: Force stopping com.android.chrome appid=10060 user=-1: clearApplicationUserData
10-31 17:17:36.653   560   560 I keystore: clear_uid 10060
10-31 17:17:36.672  1311  1311 D CarrierSvcBindHelper: No carrier app for: 0
10-31 17:17:36.677   772   787 W ResourceType: No known package when getting value for resource number 0x7f0904db
10-31 17:17:36.677   772   787 W ResourceType: No known package when getting value for resource number 0x7f140670
10-31 17:17:36.677   772   787 W ResourceType: No known package when getting value for resource number 0x7f0904da
10-31 17:17:36.677   772   787 W ResourceType: No known package when getting value for resource number 0x7f14018b
10-31 17:17:36.677   772   787 W ResourceType: No known package when getting value for resource number 0x7f14066f
10-31 17:17:36.677   772   787 W ResourceType: No known package when getting value for resource number 0x7f140434
10-31 17:17:36.677   772   787 E ShortcutService: Ignoring excessive intent tag.
10-31 17:17:36.681  8320  8320 I app_process: System.exit called, status: 0
10-31 17:17:36.681  8320  8320 I AndroidRuntime: VM exiting with result code 0.
10-31 17:17:36.704  2964  2964 D RegisteredNfcFServicesCache: Service unchanged, not updating
10-31 17:17:36.716 29486  8347 I Fitness : FitCleanupIntentOperation received Intent android.intent.action.PACKAGE_DATA_CLEARED [CONTEXT service_id=17 ]
10-31 17:17:36.737 29692 29758 I Icing   : doRemovePackageData com.android.chrome
10-31 17:17:36.742 29692 29758 I Icing   : Removing corpus key com.android.chrome-omnibox for package com.android.chrome
10-31 17:17:36.876 29692 29758 I Icing   : updateResources: need to parse anue{com.android.chrome}
10-31 17:17:36.988 29692 29758 I Icing   : Indexing com.android.chrome-omnibox from com.android.chrome
10-31 17:17:37.021   772 10893 I ActivityManager: Start proc 8368:com.android.chrome/u0a60 for content provider com.android.chrome/com.google.android.apps.chrome.icing.IcingProvider
10-31 17:17:37.039   772  1327 I ActivityManager: Force stopping com.android.chrome appid=10060 user=0: from pid 8367
10-31 17:17:37.039   772  1327 I ActivityManager: Killing 8368:com.android.chrome/u0a60 (adj 200): stop com.android.chrome
10-31 17:17:37.053   772  1327 I ActivityManager: Start proc 8382:com.android.chrome/u0a60 for restart com.android.chrome
10-31 17:17:37.055   772 10893 W ActivityManager: Unable to launch app com.android.chrome/10060 for provider com.android.chrome.icing: launching app became null
10-31 17:17:37.055 29692 29758 E ActivityThread: Failed to find provider info for com.android.chrome.icing
10-31 17:17:37.055 29692 29758 W Icing   : Could not connect to content provider content://com.android.chrome.icing
10-31 17:17:37.061  1311  1311 D CarrierSvcBindHelper: No carrier app for: 0
10-31 17:17:37.074  2964  2964 D RegisteredNfcFServicesCache: Service unchanged, not updating
10-31 17:17:37.117  8382  8382 I cr_SplitCompatApp: Launched version=106.0.5249.79 minSdkVersion=24 isBundle=true processName=com.android.chrome isIsolated=false
10-31 17:17:37.174 29692 29758 I Icing   : Indexing done com.android.chrome-omnibox
10-31 17:17:37.175 29486 29650 I FontLog : Received query Google Sans, URI content://com.google.android.gms.fonts [CONTEXT service_id=132 ]
10-31 17:17:37.176 29486 29650 I FontLog : Query [Google Sans] resolved to {Google Sans, wdth 100.0, wght 400, ital 0.0, bestEffort false} [CONTEXT service_id=132 ]
10-31 17:17:37.177 29486 29650 I FontLog : Font PFD returned from cache for {Google Sans, wdth 100.0, wght 400, ital 0.0, bestEffort false} [CONTEXT service_id=132 ]
10-31 17:17:37.178 29486 29650 I FontLog : Fetch {Google Sans, wdth 100.0, wght 400, ital 0.0, bestEffort false} end status Status{statusCode=SUCCESS, resolution=null} [CONTEXT service_id=132 ]
10-31 17:17:37.264 29486 29498 I FontLog : Pulling font file for id = 87, cache size = 8 [CONTEXT service_id=132 ]
10-31 17:17:37.387  8382  8403 I cr_LibraryLoader: Successfully loaded native library
10-31 17:17:37.393  8382  8403 I cr_CachingUmaRecorder: Flushed 20 samples from 19 histograms.
10-31 17:17:37.419  8395  8395 D AndroidRuntime: >>>>>> START com.android.internal.os.RuntimeInit uid 2000 <<<<<<
10-31 17:17:37.424 29486 29497 I FontLog : Received query Google Sans:500, URI content://com.google.android.gms.fonts [CONTEXT service_id=132 ]
10-31 17:17:37.424 29486 29497 I FontLog : Query [Google Sans:500] resolved to {Google Sans, wdth 100.0, wght 500, ital 0.0, bestEffort false} [CONTEXT service_id=132 ]
10-31 17:17:37.425 29486 29497 I FontLog : Font PFD returned from cache for {Google Sans, wdth 100.0, wght 500, ital 0.0, bestEffort false} [CONTEXT service_id=132 ]
10-31 17:17:37.425 29486 29497 I FontLog : Fetch {Google Sans, wdth 100.0, wght 500, ital 0.0, bestEffort false} end status Status{statusCode=SUCCESS, resolution=null} [CONTEXT service_id=132 ]
10-31 17:17:37.457 29486 30686 I FontLog : Pulling font file for id = 88, cache size = 7 [CONTEXT service_id=132 ]
10-31 17:17:37.493 29486 29497 I FontLog : Received query Google Sans:700, URI content://com.google.android.gms.fonts [CONTEXT service_id=132 ]
10-31 17:17:37.493 29486 29497 I FontLog : Query [Google Sans:700] resolved to {Google Sans, wdth 100.0, wght 700, ital 0.0, bestEffort false} [CONTEXT service_id=132 ]
10-31 17:17:37.495 29486 29497 I FontLog : Fetch {Google Sans, wdth 100.0, wght 700, ital 0.0, bestEffort false} end status Status{statusCode=SUCCESS, resolution=null} [CONTEXT service_id=132 ]
10-31 17:17:37.504 29486 30686 I FontLog : Pulling font file for id = 89, cache size = 7 [CONTEXT service_id=132 ]
10-31 17:17:37.547  8395  8395 D AndroidRuntime: Calling main entry com.android.commands.pm.Pm
10-31 17:17:37.559   772 20193 I ActivityManager: Force stopping com.android.chrome appid=10060 user=0: clear data
10-31 17:17:37.559   772 20193 I ActivityManager: Killing 8382:com.android.chrome/u0a60 (adj 700): stop com.android.chrome
10-31 17:17:37.567   560   560 I keystore: clear_uid 10060
10-31 17:17:37.570   772   788 I ActivityManager: Force stopping com.android.chrome appid=10060 user=-1: clearApplicationUserData
10-31 17:17:37.593  1311  1311 D CarrierSvcBindHelper: No carrier app for: 0
10-31 17:17:37.597   772   787 W ResourceType: No known package when getting value for resource number 0x7f0904db
10-31 17:17:37.597   772   787 W ResourceType: No known package when getting value for resource number 0x7f140670
10-31 17:17:37.597  8395  8395 I app_process: System.exit called, status: 0
10-31 17:17:37.597   772   787 W ResourceType: No known package when getting value for resource number 0x7f0904da
10-31 17:17:37.597  8395  8395 I AndroidRuntime: VM exiting with result code 0.
10-31 17:17:37.597   772   787 W ResourceType: No known package when getting value for resource number 0x7f14018b
10-31 17:17:37.597   772   787 W ResourceType: No known package when getting value for resource number 0x7f14066f
10-31 17:17:37.597   772   787 W ResourceType: No known package when getting value for resource number 0x7f140434
10-31 17:17:37.597   772   787 E ShortcutService: Ignoring excessive intent tag.
10-31 17:17:37.605  2964  2964 D RegisteredNfcFServicesCache: Service unchanged, not updating
10-31 17:17:37.620 29486  8345 I Fitness : FitCleanupIntentOperation received Intent android.intent.action.PACKAGE_DATA_CLEARED [CONTEXT service_id=17 ]
10-31 17:17:37.634 29692 29758 I Icing   : doRemovePackageData com.android.chrome
10-31 17:17:37.634 29692 29758 I Icing   : Removing corpus key com.android.chrome-omnibox for package com.android.chrome
10-31 17:17:37.709 29692 29758 I Icing   : updateResources: need to parse anue{com.android.chrome}
10-31 17:17:37.761 29692 29758 I Icing   : Indexing com.android.chrome-omnibox from com.android.chrome
10-31 17:17:37.773   772 20193 I ActivityManager: Start proc 8419:com.android.chrome/u0a60 for content provider com.android.chrome/com.google.android.apps.chrome.icing.IcingProvider
10-31 17:17:37.833  8419  8419 I cr_SplitCompatApp: Launched version=106.0.5249.79 minSdkVersion=24 isBundle=true processName=com.android.chrome isIsolated=false
10-31 17:17:37.895 29486 29650 I FontLog : Received query Google Sans, URI content://com.google.android.gms.fonts [CONTEXT service_id=132 ]
10-31 17:17:37.895 29486 29650 I FontLog : Query [Google Sans] resolved to {Google Sans, wdth 100.0, wght 400, ital 0.0, bestEffort false} [CONTEXT service_id=132 ]
10-31 17:17:37.896 29692 29758 I Icing   : Indexing done com.android.chrome-omnibox
10-31 17:17:37.899 29486 29650 I FontLog : Font PFD returned from cache for {Google Sans, wdth 100.0, wght 400, ital 0.0, bestEffort false} [CONTEXT service_id=132 ]
10-31 17:17:37.900 29486 29650 I FontLog : Fetch {Google Sans, wdth 100.0, wght 400, ital 0.0, bestEffort false} end status Status{statusCode=SUCCESS, resolution=null} [CONTEXT service_id=132 ]
10-31 17:17:37.986 29486 29498 I FontLog : Pulling font file for id = 90, cache size = 8 [CONTEXT service_id=132 ]
10-31 17:17:38.073  8419  8439 I cr_LibraryLoader: Successfully loaded native library
10-31 17:17:38.074  8419  8439 I cr_CachingUmaRecorder: Flushed 20 samples from 19 histograms.
10-31 17:17:38.103 29486 29651 I FontLog : Received query Google Sans:500, URI content://com.google.android.gms.fonts [CONTEXT service_id=132 ]
10-31 17:17:38.103 29486 29651 I FontLog : Query [Google Sans:500] resolved to {Google Sans, wdth 100.0, wght 500, ital 0.0, bestEffort false} [CONTEXT service_id=132 ]
10-31 17:17:38.104 29486 29651 I FontLog : Font PFD returned from cache for {Google Sans, wdth 100.0, wght 500, ital 0.0, bestEffort false} [CONTEXT service_id=132 ]
10-31 17:17:38.104 29486 29651 I FontLog : Fetch {Google Sans, wdth 100.0, wght 500, ital 0.0, bestEffort false} end status Status{statusCode=SUCCESS, resolution=null} [CONTEXT service_id=132 ]
10-31 17:17:38.132 29486 29497 I FontLog : Pulling font file for id = 91, cache size = 9 [CONTEXT service_id=132 ]
10-31 17:17:38.155 29486 29498 I FontLog : Received query Google Sans:700, URI content://com.google.android.gms.fonts [CONTEXT service_id=132 ]
10-31 17:17:38.155 29486 29498 I FontLog : Query [Google Sans:700] resolved to {Google Sans, wdth 100.0, wght 700, ital 0.0, bestEffort false} [CONTEXT service_id=132 ]
10-31 17:17:38.157 29486 29498 I FontLog : Fetch {Google Sans, wdth 100.0, wght 700, ital 0.0, bestEffort false} end status Status{statusCode=SUCCESS, resolution=null} [CONTEXT service_id=132 ]
10-31 17:17:38.166 29486 30686 I FontLog : Pulling font file for id = 92, cache size = 6 [CONTEXT service_id=132 ]
