10-31 16:58:31.613 29486 29651 I FontLog : Query [name=Google Sans&weight=700&besteffort=false] resolved to {Google Sans, wdth 100.0, wght 700, ital 0.0, bestEffort false} [CONTEXT service_id=132 ]
10-31 16:58:31.615 29486 29651 I FontLog : Fetch {Google Sans, wdth 100.0, wght 700, ital 0.0, bestEffort false} end status Status{statusCode=SUCCESS, resolution=null} [CONTEXT service_id=132 ]
10-31 16:58:31.620 29486 29497 I FontLog : Pulling font file for id = 5, cache size = 5 [CONTEXT service_id=132 ]
10-31 16:58:31.625 29486 29651 I FontLog : Received query name=Noto Color Emoji Compat&weight=400&besteffort=false, URI content://com.google.android.gms.fonts [CONTEXT service_id=132 ]
10-31 16:58:31.625 29486 29651 I FontLog : Query [name=Noto Color Emoji Compat&weight=400&besteffort=false] resolved to {Noto Color Emoji Compat, wdth 100.0, wght 400, ital 0.0, bestEffort false} [CONTEXT service_id=132 ]
10-31 16:58:31.627 29486 29651 I FontLog : Fetch {Noto Color Emoji Compat, wdth 100.0, wght 400, ital 0.0, bestEffort false} end status Status{statusCode=SUCCESS, resolution=null} [CONTEXT service_id=132 ]
10-31 16:58:31.630 29486 29497 I FontLog : Pulling font file for id = 6, cache size = 6 [CONTEXT service_id=132 ]
10-31 16:58:31.631 29486 29690 W FontLog : Error updating last accessed time for {Noto Color Emoji Compat, wdth 100.0, wght 400, ital 0.0, bestEffort false}. [CONTEXT service_id=132 ]
10-31 16:58:31.631 29486 29690 W FontLog : java.lang.IllegalStateException: attempt to re-open an already-closed object: SQLiteDatabase: /data/user/0/com.google.android.gms/databases/metadata.db
10-31 16:58:31.631 29486 29690 W FontLog : 	at android.database.sqlite.SQLiteClosable.acquireReference(SQLiteClosable.java:55)
10-31 16:58:31.631 29486 29690 W FontLog : 	at android.database.sqlite.SQLiteDatabase.executeSql(SQLiteDatabase.java:1662)
10-31 16:58:31.631 29486 29690 W FontLog : 	at android.database.sqlite.SQLiteDatabase.execSQL(SQLiteDatabase.java:1658)
10-31 16:58:31.631 29486 29690 W FontLog : 	at aksk.run(:com.google.android.gms@223616019@22.36.16 (040400-476895098):5)
10-31 16:58:31.631 29486 29690 W FontLog : 	at aarl.c(:com.google.android.gms@223616019@22.36.16 (040400-476895098):6)
10-31 16:58:31.631 29486 29690 W FontLog : 	at aarl.run(:com.google.android.gms@223616019@22.36.16 (040400-476895098):7)
10-31 16:58:31.631 29486 29690 W FontLog : 	at java.util.concurrent.ThreadPoolExecutor.runWorker(ThreadPoolExecutor.java:1162)
10-31 16:58:31.631 29486 29690 W FontLog : 	at java.util.concurrent.ThreadPoolExecutor$Worker.run(ThreadPoolExecutor.java:636)
10-31 16:58:31.631 29486 29690 W FontLog : 	at aaws.run(:com.google.android.gms@223616019@22.36.16 (040400-476895098):0)
10-31 16:58:31.631 29486 29690 W FontLog : 	at java.lang.Thread.run(Thread.java:764)
10-31 16:58:31.633 29486 29651 I FontLog : Received query name=Google Sans&weight=400&besteffort=false, URI content://com.google.android.gms.fonts [CONTEXT service_id=132 ]
10-31 16:58:31.634 29486 29651 I FontLog : Query [name=Google Sans&weight=400&besteffort=false] resolved to {Google Sans, wdth 100.0, wght 400, ital 0.0, bestEffort false} [CONTEXT service_id=132 ]
10-31 16:58:31.634 29486 29651 I FontLog : Font PFD returned from cache for {Google Sans, wdth 100.0, wght 400, ital 0.0, bestEffort false} [CONTEXT service_id=132 ]
10-31 16:58:31.635 29486 29651 I FontLog : Fetch {Google Sans, wdth 100.0, wght 400, ital 0.0, bestEffort false} end status Status{statusCode=SUCCESS, resolution=null} [CONTEXT service_id=132 ]
10-31 16:58:31.639 29486 29497 I FontLog : Pulling font file for id = 7, cache size = 7 [CONTEXT service_id=132 ]
10-31 16:58:31.646 29486 29651 I FontLog : Received query name=Google Sans&weight=500&besteffort=false, URI content://com.google.android.gms.fonts [CONTEXT service_id=132 ]
10-31 16:58:31.647 29486 29651 I FontLog : Query [name=Google Sans&weight=500&besteffort=false] resolved to {Google Sans, wdth 100.0, wght 500, ital 0.0, bestEffort false} [CONTEXT service_id=132 ]
10-31 16:58:31.648 29486 29651 I FontLog : Font PFD returned from cache for {Google Sans, wdth 100.0, wght 500, ital 0.0, bestEffort false} [CONTEXT service_id=132 ]
10-31 16:58:31.649 29486 29651 I FontLog : Fetch {Google Sans, wdth 100.0, wght 500, ital 0.0, bestEffort false} end status Status{statusCode=SUCCESS, resolution=null} [CONTEXT service_id=132 ]
10-31 16:58:31.653 29486 29497 I FontLog : Pulling font file for id = 8, cache size = 8 [CONTEXT service_id=132 ]
10-31 16:58:31.826 29985 29985 I zygote  : Deoptimizing boolean p73.a(java.util.Collection, java.util.Iterator) due to JIT inline cache
10-31 16:58:32.026 30132 30144 I vndksupport: sphal namespace is not configured for this process. Loading libutils.so from the current namespace instead.
10-31 16:58:32.026 29952 29964 I vndksupport: sphal namespace is not configured for this process. Loading libutils.so from the current namespace instead.
10-31 16:58:32.026 30521 30533 I vndksupport: sphal namespace is not configured for this process. Loading libutils.so from the current namespace instead.
10-31 16:58:32.026 29985 29997 I vndksupport: sphal namespace is not configured for this process. Loading libutils.so from the current namespace instead.
10-31 16:58:32.028 29903 29915 I vndksupport: sphal namespace is not configured for this process. Loading libutils.so from the current namespace instead.
10-31 16:58:32.040   556  6508 E Parcel  : Reading a NULL string not supported here.
10-31 16:58:32.040   556  6508 W Parcel  : **** enforceInterface() expected 'IAAudioService' but read ''
10-31 16:58:32.041   360   360 E SELinux : avc:  denied  { find } for service=android.service.gatekeeper.IGateKeeperService pid=30550 uid=2000 scontext=u:r:shell:s0 tcontext=u:object_r:gatekeeper_service:s0 tclass=service_manager
10-31 16:58:32.042   360   360 E SELinux : avc:  denied  { find } for service=netd pid=30550 uid=2000 scontext=u:r:shell:s0 tcontext=u:object_r:netd_service:s0 tclass=service_manager
10-31 16:58:32.043 30550 30550 W atrace  : type=1400 audit(0.0:16757): avc: denied { call } for scontext=u:r:shell:s0 tcontext=u:r:wificond:s0 tclass=binder permissive=0
10-31 16:58:32.050   360   360 E SELinux : avc:  denied  { find } for service=installd pid=30550 uid=2000 scontext=u:r:shell:s0 tcontext=u:object_r:installd_service:s0 tclass=service_manager
10-31 16:58:32.061   361   361 E SELinux : avc:  denied  { find } for interface=android.frameworks.displayservice::IDisplayService pid=30550 scontext=u:r:shell:s0 tcontext=u:object_r:fwk_display_hwservice:s0 tclass=hwservice_manager
10-31 16:58:32.061   361   361 E SELinux : avc:  denied  { find } for interface=android.frameworks.schedulerservice::ISchedulingPolicyService pid=30550 scontext=u:r:shell:s0 tcontext=u:object_r:fwk_scheduler_hwservice:s0 tclass=hwservice_manager
10-31 16:58:32.062   361   361 E SELinux : avc:  denied  { find } for interface=android.frameworks.sensorservice::ISensorManager pid=30550 scontext=u:r:shell:s0 tcontext=u:object_r:fwk_sensor_hwservice:s0 tclass=hwservice_manager
10-31 16:58:32.063   361   361 E SELinux : avc:  denied  { find } for interface=android.hardware.biometrics.fingerprint::IBiometricsFingerprint pid=30550 scontext=u:r:shell:s0 tcontext=u:object_r:hal_fingerprint_hwservice:s0 tclass=hwservice_manager
10-31 16:58:32.070   361   361 E SELinux : avc:  denied  { find } for interface=android.hardware.dumpstate::IDumpstateDevice pid=30550 scontext=u:r:shell:s0 tcontext=u:object_r:hal_dumpstate_hwservice:s0 tclass=hwservice_manager
10-31 16:58:32.071   361   361 E SELinux : avc:  denied  { find } for interface=android.hardware.radio.deprecated::IOemHook pid=30550 scontext=u:r:shell:s0 tcontext=u:object_r:hal_telephony_hwservice:s0 tclass=hwservice_manager
10-31 16:58:32.071   361   361 E SELinux : avc:  denied  { find } for interface=android.hardware.radio::IRadio pid=30550 scontext=u:r:shell:s0 tcontext=u:object_r:hal_telephony_hwservice:s0 tclass=hwservice_manager
10-31 16:58:32.072   361   361 E SELinux : avc:  denied  { find } for interface=android.hardware.radio::ISap pid=30550 scontext=u:r:shell:s0 tcontext=u:object_r:hal_telephony_hwservice:s0 tclass=hwservice_manager
10-31 16:58:32.073   361   361 E SELinux : avc:  denied  { find } for interface=android.hardware.usb::IUsb pid=30550 scontext=u:r:shell:s0 tcontext=u:object_r:hal_usb_hwservice:s0 tclass=hwservice_manager
10-31 16:58:32.074   361   361 E SELinux : avc:  denied  { find } for interface=android.hardware.wifi.supplicant::ISupplicant pid=30550 scontext=u:r:shell:s0 tcontext=u:object_r:hal_wifi_supplicant_hwservice:s0 tclass=hwservice_manager
10-31 16:58:32.075   361   361 E SELinux : avc:  denied  { find } for interface=android.hardware.wifi::IWifi pid=30550 scontext=u:r:shell:s0 tcontext=u:object_r:hal_wifi_hwservice:s0 tclass=hwservice_manager
10-31 16:58:32.078   361   361 E SELinux : avc:  denied  { find } for interface=android.hidl.base::IBase pid=30550 scontext=u:r:shell:s0 tcontext=u:object_r:hidl_base_hwservice:s0 tclass=hwservice_manager
10-31 16:58:32.078   361   361 I chatty  : uid=1000(system) hwservicemanage identical 1 line
10-31 16:58:32.079   361   361 E SELinux : avc:  denied  { find } for interface=android.hidl.base::IBase pid=30550 scontext=u:r:shell:s0 tcontext=u:object_r:hidl_base_hwservice:s0 tclass=hwservice_manager
10-31 16:58:32.079 29985 29990 I zygote  : Do partial code cache collection, code=504KB, data=343KB
10-31 16:58:32.081 29985 29990 I zygote  : After code cache collection, code=501KB, data=342KB
10-31 16:58:32.081 29985 29990 I zygote  : Increasing code cache capacity to 2MB
10-31 16:58:32.083   361   361 E SELinux : avc:  denied  { find } for interface=android.system.wifi.keystore::IKeystore pid=30550 scontext=u:r:shell:s0 tcontext=u:object_r:system_wifi_keystore_hwservice:s0 tclass=hwservice_manager
10-31 16:58:32.157 29985 29995 I zygote  : Background concurrent copying GC freed 143610(5MB) AllocSpace objects, 26(1216KB) LOS objects, 49% free, 9MB/19MB, paused 3.229ms total 144.979ms
10-31 16:58:34.652 29985 29985 I zygote  : Deoptimizing int zd3.b(android.view.View) due to JIT inline cache
10-31 16:58:38.657   551   618 I ThermalEngine: ACTION: Hotplugged OFF CPU[5]
10-31 16:58:38.663   551   618 I ThermalEngine: ACTION: Hotplugged OFF CPU[4]
10-31 16:58:41.215 29692 29692 D BoundBrokerSvc: onUnbind: Intent { act=com.google.android.gms.measurement.START pkg=com.google.android.gms }
10-31 16:58:57.674   551   618 I ThermalEngine: ACTION: Hotplugged ON CPU[5]
10-31 16:58:57.678   551   618 I ThermalEngine: ACTION: Hotplugged ON CPU[4]
10-31 16:59:36.423   772  4539 I ActivityManager: Force stopping com.opera.browser appid=10099 user=0: from pid 30634
10-31 16:59:36.423   772  4539 I ActivityManager: Killing 30132:com.opera.browser:privileged_process0/u0a99 (adj 0): stop com.opera.browser
10-31 16:59:36.424   772  4539 W ActivityManager: Scheduling restart of crashed service com.opera.browser/com.opera.android.browser.chromium.services.PrivilegedProcessService0 in 1000ms
10-31 16:59:36.427   772  4539 I ActivityManager: Killing 29985:com.opera.browser/u0a99 (adj 0): stop com.opera.browser
10-31 16:59:36.433   772  4539 W ActivityManager: Force removing ActivityRecord{9164271 u0 com.opera.browser/com.opera.android.BrowserActivity t851}: app died, no saved state
10-31 16:59:36.437   772  4539 I WindowManager: Failed to capture screenshot of Token{b1ee856 ActivityRecord{9164271 u0 com.opera.browser/com.opera.android.BrowserActivity t851 f}} appWin=Window{7b0a760 u0 com.opera.browser/com.opera.android.BrowserActivity} drawState=4
10-31 16:59:36.453   772  4539 I ActivityManager: Killing 30521:com.opera.browser:sandboxed_process0/u0a99 (adj 0): stop com.opera.browser
10-31 16:59:36.468  1311  1311 D CarrierSvcBindHelper: No carrier app for: 0
10-31 16:59:36.483  2964  2964 D RegisteredNfcFServicesCache: Service unchanged, not updating
10-31 16:59:36.487   772   784 D WindowManager: relayoutVisibleWindow: Window{9e19b20 u0 com.google.android.googlequicksearchbox/com.google.android.launcher.GEL EXITING} mAnimatingExit=true, mRemoveOnExit=false, mDestroying=true
10-31 16:59:36.496 29407 29511 I Adreno  : QUALCOMM build                   : 7142022, Ib5823dd10c
10-31 16:59:36.496 29407 29511 I Adreno  : Build Date                       : 06/23/17
10-31 16:59:36.496 29407 29511 I Adreno  : OpenGL ES Shader Compiler Version: EV031.18.00.00
10-31 16:59:36.496 29407 29511 I Adreno  : Local Branch                     : O11A
10-31 16:59:36.496 29407 29511 I Adreno  : Remote Branch                    : 
10-31 16:59:36.496 29407 29511 I Adreno  : Remote Branch                    : 
10-31 16:59:36.496 29407 29511 I Adreno  : Reconstruct Branch               : 
10-31 16:59:36.498 29407 29511 I vndksupport: sphal namespace is not configured for this process. Loading /vendor/lib64/hw/gralloc.msm8992.so from the current namespace instead.
10-31 16:59:36.507 29407 29511 I Adreno  : PFP: 0x00000000, ME: 0x00000000
10-31 16:59:36.514 29407 29511 I OpenGLRenderer: Initialized EGL, version 1.4
10-31 16:59:36.515 29407 29511 D OpenGLRenderer: Swap behavior 2
10-31 16:59:36.519   772  4540 E JavaBinder: !!! FAILED BINDER TRANSACTION !!!  (parcel size = 108)
10-31 16:59:36.522   772  4540 W InputMethodManagerService: Got RemoteException sending setActive(false) notification to pid 29985 uid 10099
10-31 16:59:36.522   772  4540 E JavaBinder: !!! FAILED BINDER TRANSACTION !!!  (parcel size = 108)
10-31 16:59:36.530   772  4539 D ConnectivityService: ConnectivityService NetworkRequestInfo binderDied(NetworkRequest [ LISTEN id=2096, [ Capabilities: INTERNET&NOT_RESTRICTED&TRUSTED&FOREGROUND] ], android.os.BinderProxy@d4c81ae)
10-31 16:59:36.530   772 10893 D ConnectivityService: ConnectivityService NetworkRequestInfo binderDied(NetworkRequest [ LISTEN id=2097, [ Capabilities: INTERNET&NOT_RESTRICTED&TRUSTED&FOREGROUND] ], android.os.BinderProxy@16f8a29)
10-31 16:59:36.531   772   862 E ConnectivityService: RemoteException caught trying to send a callback msg for NetworkRequest [ LISTEN id=2096, [ Capabilities: INTERNET&NOT_RESTRICTED&TRUSTED&FOREGROUND] ]
10-31 16:59:36.531   772   797 W ActivityManager: setHasOverlayUi called on unknown pid: 29985
10-31 16:59:36.532   772   862 E ConnectivityService: RemoteException caught trying to send a callback msg for NetworkRequest [ LISTEN id=2097, [ Capabilities: INTERNET&NOT_RESTRICTED&TRUSTED&FOREGROUND] ]
10-31 16:59:36.616 29458 29470 W SessionLifecycleManager: Handover failed. Creating new session controller.
10-31 16:59:36.630   772 10860 W ActivityManager: Unable to start service Intent { act=com.google.android.gms.speech.service.START pkg=com.google.android.gms } U=0: not found
10-31 16:59:36.632   772  1259 W ActivityManager: Unbind failed: could not find connection for android.os.BinderProxy@4a380e0
10-31 16:59:36.633 29458 29804 E GmsClient: unable to connect to service: com.google.android.gms.speech.service.START on com.google.android.gms
10-31 16:59:36.641 29458 29458 I OptInState: There is a new client and it does not support opt-in. Dropping request.
10-31 16:59:36.673 29458 29458 I MicroDetectionWorker: #updateMicroDetector [detectionMode: [mDetectionMode: [1]]]
10-31 16:59:36.673 29458 29458 I MicroDetectionWorker: #startMicroDetector [speakerMode: 0]
10-31 16:59:36.677 29458 29458 I MicroDetectionWorker: onReady
10-31 16:59:36.693 29458 29802 I MicroRecognitionRunner: Starting detection.
10-31 16:59:36.693 29458 29515 I MicrophoneInputStream: mic_starting com.google.android.apps.gsa.speech.audio.af@9679e81
10-31 16:59:36.694   556  6508 W DeviceHAL: Device 0xefa2d000 open_input_stream: Invalid argument
10-31 16:59:36.696   556 30650 I AudioFlinger: AudioFlinger's thread 0xec907140 tid=30650 ready to run
10-31 16:59:36.706   556   753 I SoundTriggerHwService::Module: onCallbackEvent no clients
10-31 16:59:36.706 29458 29515 I MicrophoneInputStream: mic_started com.google.android.apps.gsa.speech.audio.af@9679e81
10-31 16:59:36.719   556 30651 D sound_trigger_platform: platform_stdev_check_and_update_concurrency: concurrency active 0, tx 1, rx 0, concurrency session_allowed 0
10-31 16:59:36.719   556 30651 D audio_hw_primary: enable_snd_device: snd_device(72: voice-rec-mic)
10-31 16:59:36.725   556 30651 D audio_hw_primary: enable_audio_route: usecase(9) apply and update mixer path: audio-record
10-31 16:59:36.793 29458 29458 I MicroDetectionWorker: onReady
10-31 16:59:37.045 29407 29511 W OpenGLRenderer: Incorrectly called buildLayer on View: ShortcutAndWidgetContainer, destroying layer...
10-31 16:59:37.314 30639 30639 D AndroidRuntime: >>>>>> START com.android.internal.os.RuntimeInit uid 2000 <<<<<<
10-31 16:59:37.625 30639 30639 D AndroidRuntime: Calling main entry com.android.commands.pm.Pm
10-31 16:59:37.635   772 13022 I ActivityManager: Force stopping com.opera.browser appid=10099 user=0: clear data
10-31 16:59:37.639   772   788 I ActivityManager: Force stopping com.opera.browser appid=10099 user=-1: clearApplicationUserData
10-31 16:59:37.703   560   560 I keystore: clear_uid 10099
10-31 16:59:37.746  1311  1311 D CarrierSvcBindHelper: No carrier app for: 0
10-31 16:59:37.751 30639 30639 I app_process: System.exit called, status: 0
10-31 16:59:37.751 30639 30639 I AndroidRuntime: VM exiting with result code 0.
10-31 16:59:37.753   772   787 W ResourceType: No known package when getting value for resource number 0x7f100007
10-31 16:59:37.753   772   787 W ResourceType: No known package when getting value for resource number 0x7f13090c
10-31 16:59:37.753   772   787 W ResourceType: No known package when getting value for resource number 0x7f100005
10-31 16:59:37.753   772   787 W ResourceType: No known package when getting value for resource number 0x7f13090a
10-31 16:59:37.753   772   787 W ResourceType: No known package when getting value for resource number 0x7f100004
10-31 16:59:37.753   772   787 W ResourceType: No known package when getting value for resource number 0x7f130909
10-31 16:59:37.754   772   787 W ResourceType: No known package when getting value for resource number 0x7f100006
10-31 16:59:37.754   772   787 W ResourceType: No known package when getting value for resource number 0x7f13090b
10-31 16:59:37.764  2964  2964 D RegisteredNfcFServicesCache: Service unchanged, not updating
10-31 16:59:37.886 29486 30675 I Fitness : FitCleanupIntentOperation received Intent android.intent.action.PACKAGE_DATA_CLEARED [CONTEXT service_id=17 ]
10-31 16:59:37.905 29692 29758 I Icing   : doRemovePackageData com.opera.browser
10-31 16:59:38.073   772  2969 I ActivityManager: Force stopping com.opera.browser appid=10099 user=0: from pid 30692
10-31 16:59:38.077  1311  1311 D CarrierSvcBindHelper: No carrier app for: 0
10-31 16:59:38.087  2964  2964 D RegisteredNfcFServicesCache: Service unchanged, not updating
10-31 16:59:38.407   772  3041 D WificondControl: Scan result ready event
10-31 16:59:38.451 29486 29651 I ChimeraSrvcProxy: NullBinder for android.net.action.RECOMMEND_NETWORKS triggering remote TransactionTooLargeException due to Service without Chimera impl
10-31 16:59:38.817 30694 30694 D AndroidRuntime: >>>>>> START com.android.internal.os.RuntimeInit uid 2000 <<<<<<
10-31 16:59:39.066 30694 30694 D AndroidRuntime: Calling main entry com.android.commands.pm.Pm
10-31 16:59:39.072   772  2970 I ActivityManager: Force stopping com.opera.browser appid=10099 user=0: clear data
10-31 16:59:39.074   772   788 I ActivityManager: Force stopping com.opera.browser appid=10099 user=-1: clearApplicationUserData
10-31 16:59:39.076   560   560 I keystore: clear_uid 10099
10-31 16:59:39.102  1311  1311 D CarrierSvcBindHelper: No carrier app for: 0
10-31 16:59:39.107   772   787 W ResourceType: No known package when getting value for resource number 0x7f100007
10-31 16:59:39.107   772   787 W ResourceType: No known package when getting value for resource number 0x7f13090c
10-31 16:59:39.107   772   787 W ResourceType: No known package when getting value for resource number 0x7f100005
10-31 16:59:39.107   772   787 W ResourceType: No known package when getting value for resource number 0x7f13090a
10-31 16:59:39.107   772   787 W ResourceType: No known package when getting value for resource number 0x7f100004
10-31 16:59:39.107   772   787 W ResourceType: No known package when getting value for resource number 0x7f130909
10-31 16:59:39.107   772   787 W ResourceType: No known package when getting value for resource number 0x7f100006
10-31 16:59:39.107   772   787 W ResourceType: No known package when getting value for resource number 0x7f13090b
10-31 16:59:39.109 30694 30694 I app_process: System.exit called, status: 0
10-31 16:59:39.109 30694 30694 I AndroidRuntime: VM exiting with result code 0.
10-31 16:59:39.118  2964  2964 D RegisteredNfcFServicesCache: Service unchanged, not updating
10-31 16:59:39.142 29692 29758 I Icing   : doRemovePackageData com.opera.browser
10-31 16:59:39.165 29486 30675 I Fitness : FitCleanupIntentOperation received Intent android.intent.action.PACKAGE_DATA_CLEARED [CONTEXT service_id=17 ]
