10-31 15:19:20.965   772 32228 I ActivityManager: Start proc 13323:com.android.chrome:sandboxed_process31/u0i544 for webview_service com.android.chrome/org.chromium.content.app.SandboxedProcessService31
10-31 15:19:20.985 13323 13323 I SamplingProfilerIntegration: Profiling disabled.
10-31 15:19:20.993   562 28303 D QSEECOMAPI: : QSEECom_dealloc_memory 
10-31 15:19:20.993   562 28303 D QSEECOMAPI: : QSEECom_shutdown_app, app_id = 2542
10-31 15:19:21.008 13349 13349 E asset   : setgid: Operation not permitted
10-31 15:19:21.010 12369 12369 I cr_media: Create MediaDrmBridge with level L1 and origin 9B002BCE36760FF5474E2CCCF3CB6D92
10-31 15:19:21.012   361   361 W /system/bin/hwservicemanager: getTransportFromManifest: Cannot find entry android.hardware.drm@1.0::IDrmFactory in either framework or device manifest, using default transport.
10-31 15:19:21.015   562  5487 I DrmHal  : makeDrmFactories: using default drm instance
10-31 15:19:21.018   361   361 W /system/bin/hwservicemanager: getTransportFromManifest: Cannot find entry android.hardware.drm@1.0::IDrmFactory in either framework or device manifest, using default transport.
10-31 15:19:21.021   562 19050 I DrmHal  : makeDrmFactories: using default drm instance
10-31 15:19:21.022   562   562 I WVCdm   : CdmEngine::QueryStatus
10-31 15:19:21.023   562   562 I WVCdm   : Level3 Library 4445 May 19 2017 17:17:20
10-31 15:19:21.027   562   562 D QSEECOMAPI: : QSEECom_get_handle sb_length = 0x19000
10-31 15:19:21.027   562   562 D QSEECOMAPI: : App is not loaded in QSEE
10-31 15:19:21.041 13323 13323 I cr_SplitCompatApp: Launched version=106.0.5249.79 minSdkVersion=24 isBundle=true processName=com.android.chrome:sandboxed_process31 isIsolated=true
10-31 15:19:21.047 13323 13323 W SystemServiceRegistry: No service published for: uimode
10-31 15:19:21.056 13323 13323 I cr_ChildProcessService: Creating new ChildProcessService pid=13323
10-31 15:19:21.064 13323 13323 E WebViewFactory: can't load with relro file; address space not reserved
10-31 15:19:21.075 13323 13354 I cr_LibraryLoader: Successfully loaded native library
10-31 15:19:21.076   562   562 D QSEECOMAPI: : Loaded image: APP id = 2543
10-31 15:19:21.076 13323 13354 I cr_CachingUmaRecorder: Flushed 3 samples from 3 histograms.
10-31 15:19:21.081   562   562 D QSAPPSVER: qsapps_get_capabilities: Capability from secure side: 0x0
10-31 15:19:21.081   562   562 D QSAPPSVER: qsapps_get_capabilities: returns 0
10-31 15:19:21.081   562   562 E DrmWidevineDash: sion_buffer g_wv_fhandle->ion_sbuffer  0x0xef1fc000
10-31 15:19:21.085   372   376 D DrmLibTime: got the req here! ret=0
10-31 15:19:21.085   372   376 D DrmLibTime: command id, time_cmd_id = 770
10-31 15:19:21.085   372   376 D DrmLibTime: time_getutcsec starts!
10-31 15:19:21.085   372   376 D DrmLibTime: QSEE Time Listener: time_getutcsec
10-31 15:19:21.085   372   376 D DrmLibTime: QSEE Time Listener: get_utc_seconds
10-31 15:19:21.085   372   376 D DrmLibTime: QSEE Time Listener: time_get_modem_time
10-31 15:19:21.085   372   376 D DrmLibTime: QSEE Time Listener: Checking if ATS_MODEM is set or not.
10-31 15:19:21.085   372   376 D QC-time-services: Lib:time_genoff_operation: pargs->base = 13
10-31 15:19:21.085   372   376 D QC-time-services: Lib:time_genoff_operation: pargs->operation = 2
10-31 15:19:21.085   372   376 D QC-time-services: Lib:time_genoff_operation: pargs->ts_val = 0
10-31 15:19:21.085   372   376 D QC-time-services: Lib:time_genoff_operation: Send to server  passed!!
10-31 15:19:21.085   625   647 D QC-time-services: Daemon: Connection accepted:time_genoff
10-31 15:19:21.086   625 13355 D QC-time-services: Daemon:Received base = 13, unit = 1, operation = 2,value = 0
10-31 15:19:21.086   625 13355 D QC-time-services: Daemon:genoff_opr: Base = 13, val = 0, operation = 2
10-31 15:19:21.086   625 13355 D QC-time-services: offset is: 0 for base: 13
10-31 15:19:21.086   372   376 E QC-time-services: Receive Passed == base = 13, unit = 1, operation = 2, result = 0
10-31 15:19:21.086   372   376 D DrmLibTime: QSEE Time Listener: ATS_MODEM is not set. Fallback to Android system time.
10-31 15:19:21.086   372   376 D DrmLibTime: QSEE Time Listener: Retrieved Android system time: 1667225961
10-31 15:19:21.086   372   376 D DrmLibTime: time_getutcsec returns 0, sec = 1667225961; nsec = 0
10-31 15:19:21.086   372   376 D DrmLibTime: time_getutcsec finished! 
10-31 15:19:21.086   372   376 D DrmLibTime: iotcl_continue_command finished! and return 0 
10-31 15:19:21.086   372   376 D DrmLibTime: before calling ioctl to read the next time_cmd
10-31 15:19:21.086   625   647 E QC-time-services: Daemon: Time-services: Waiting to acceptconnection
10-31 15:19:21.112 13358 13358 W ThreadPoolForeg: type=1400 audit(0.0:15585): avc: denied { setattr } for name="LICENSE.txt" dev="dm-2" ino=1504984 scontext=u:r:isolated_app:s0:c512,c768 tcontext=u:object_r:app_data_file:s0:c512,c768 tclass=file permissive=0
10-31 15:19:21.115 13358 13358 W ThreadPoolForeg: type=1400 audit(0.0:15586): avc: denied { setattr } for name=46696C746572696E672052756C6573 dev="dm-2" ino=1504985 scontext=u:r:isolated_app:s0:c512,c768 tcontext=u:object_r:app_data_file:s0:c512,c768 tclass=file permissive=0
10-31 15:19:21.119 13358 13358 W ThreadPoolForeg: type=1400 audit(0.0:15587): avc: denied { setattr } for name="manifest.json" dev="dm-2" ino=1504986 scontext=u:r:isolated_app:s0:c512,c768 tcontext=u:object_r:app_data_file:s0:c512,c768 tclass=file permissive=0
10-31 15:19:21.122 13358 13358 W ThreadPoolForeg: type=1400 audit(0.0:15588): avc: denied { setattr } for name="verified_contents.json" dev="dm-2" ino=1504988 scontext=u:r:isolated_app:s0:c512,c768 tcontext=u:object_r:app_data_file:s0:c512,c768 tclass=file permissive=0
10-31 15:19:21.123   562   562 D WVCdm   : OEMCrypto_Initialize Level 1 success. I will use level 1.
10-31 15:19:21.124   562   562 D QSEECOMAPI: : QSEECom_dealloc_memory 
10-31 15:19:21.124   562   562 D QSEECOMAPI: : QSEECom_shutdown_app, app_id = 2543
10-31 15:19:21.130 13323 13354 I chromium: [INFO:child_process_service.cc(69)] ChildProcessService: Exiting child process.
10-31 15:19:21.132   422   422 E lowmemorykiller: Error writing /proc/13323/oom_score_adj; errno=22
10-31 15:19:21.133   772  3041 I ActivityManager: Killing 13323:com.android.chrome:sandboxed_process31/u0a60i544 (adj 0): isolated not needed
10-31 15:19:21.133   772   790 W zygote64: failed to open /acct/uid_99544/pid_13323/cgroup.procs: No such file or directory
10-31 15:19:21.136   562 28303 I WVCdm   : CdmEngine::OpenSession
10-31 15:19:21.136   562 28303 I WVCdm   : Level3 Library 4445 May 19 2017 17:17:20
10-31 15:19:21.140   562 28303 D QSEECOMAPI: : QSEECom_get_handle sb_length = 0x19000
10-31 15:19:21.140   562 28303 D QSEECOMAPI: : App is not loaded in QSEE
10-31 15:19:21.184   562 28303 D QSEECOMAPI: : Loaded image: APP id = 2544
10-31 15:19:21.187   562 28303 D QSAPPSVER: qsapps_get_capabilities: Capability from secure side: 0x0
10-31 15:19:21.187   562 28303 D QSAPPSVER: qsapps_get_capabilities: returns 0
10-31 15:19:21.187   562 28303 E DrmWidevineDash: sion_buffer g_wv_fhandle->ion_sbuffer  0x0xef1fc000
10-31 15:19:21.191   372   376 D DrmLibTime: got the req here! ret=0
10-31 15:19:21.191   372   376 D DrmLibTime: command id, time_cmd_id = 770
10-31 15:19:21.191   372   376 D DrmLibTime: time_getutcsec starts!
10-31 15:19:21.191   372   376 D DrmLibTime: QSEE Time Listener: time_getutcsec
10-31 15:19:21.191   372   376 D DrmLibTime: QSEE Time Listener: get_utc_seconds
10-31 15:19:21.191   372   376 D DrmLibTime: QSEE Time Listener: time_get_modem_time
10-31 15:19:21.191   372   376 D DrmLibTime: QSEE Time Listener: Checking if ATS_MODEM is set or not.
10-31 15:19:21.191   372   376 D QC-time-services: Lib:time_genoff_operation: pargs->base = 13
10-31 15:19:21.191   372   376 D QC-time-services: Lib:time_genoff_operation: pargs->operation = 2
10-31 15:19:21.191   372   376 D QC-time-services: Lib:time_genoff_operation: pargs->ts_val = 0
10-31 15:19:21.191   372   376 D QC-time-services: Lib:time_genoff_operation: Send to server  passed!!
10-31 15:19:21.191   625   647 D QC-time-services: Daemon: Connection accepted:time_genoff
10-31 15:19:21.192   625 13364 D QC-time-services: Daemon:Received base = 13, unit = 1, operation = 2,value = 0
10-31 15:19:21.192   625 13364 D QC-time-services: Daemon:genoff_opr: Base = 13, val = 0, operation = 2
10-31 15:19:21.192   625 13364 D QC-time-services: offset is: 0 for base: 13
10-31 15:19:21.192   372   376 E QC-time-services: Receive Passed == base = 13, unit = 1, operation = 2, result = 0
10-31 15:19:21.192   372   376 D DrmLibTime: QSEE Time Listener: ATS_MODEM is not set. Fallback to Android system time.
10-31 15:19:21.192   372   376 D DrmLibTime: QSEE Time Listener: Retrieved Android system time: 1667225961
10-31 15:19:21.192   372   376 D DrmLibTime: time_getutcsec returns 0, sec = 1667225961; nsec = 0
10-31 15:19:21.192   372   376 D DrmLibTime: time_getutcsec finished! 
10-31 15:19:21.192   372   376 D DrmLibTime: iotcl_continue_command finished! and return 0 
10-31 15:19:21.192   372   376 D DrmLibTime: before calling ioctl to read the next time_cmd
10-31 15:19:21.192   625   647 E QC-time-services: Daemon: Time-services: Waiting to acceptconnection
10-31 15:19:21.227   562 28303 D WVCdm   : OEMCrypto_Initialize Level 1 success. I will use level 1.
10-31 15:19:21.227   562 28303 D WVCdm   : CryptoSession::Open: Lock: requested_security_level: Default
10-31 15:19:21.230   562 28303 W WVCdm   : DeviceFiles::RetrieveHashedFile: /data/mediadrm/IDM1013/L1/cert.bin does not exist
10-31 15:19:21.232   562 28303 D QSEECOMAPI: : QSEECom_dealloc_memory 
10-31 15:19:21.232   562 28303 D QSEECOMAPI: : QSEECom_shutdown_app, app_id = 2544
10-31 15:19:21.245   562 19051 I WVCdm   : Level3 Library 4445 May 19 2017 17:17:20
10-31 15:19:21.257   562 19051 D QSEECOMAPI: : QSEECom_get_handle sb_length = 0x19000
10-31 15:19:21.257   562 19051 D QSEECOMAPI: : App is not loaded in QSEE
10-31 15:19:21.316   562 19051 D QSEECOMAPI: : Loaded image: APP id = 2545
10-31 15:19:21.320   562 19051 D QSAPPSVER: qsapps_get_capabilities: Capability from secure side: 0x0
10-31 15:19:21.320   562 19051 D QSAPPSVER: qsapps_get_capabilities: returns 0
10-31 15:19:21.320   562 19051 E DrmWidevineDash: sion_buffer g_wv_fhandle->ion_sbuffer  0x0xef2fd000
10-31 15:19:21.323   372   376 D DrmLibTime: got the req here! ret=0
10-31 15:19:21.323   372   376 D DrmLibTime: command id, time_cmd_id = 770
10-31 15:19:21.323   372   376 D DrmLibTime: time_getutcsec starts!
10-31 15:19:21.323   372   376 D DrmLibTime: QSEE Time Listener: time_getutcsec
10-31 15:19:21.323   372   376 D DrmLibTime: QSEE Time Listener: get_utc_seconds
10-31 15:19:21.323   372   376 D DrmLibTime: QSEE Time Listener: time_get_modem_time
10-31 15:19:21.323   372   376 D DrmLibTime: QSEE Time Listener: Checking if ATS_MODEM is set or not.
10-31 15:19:21.323   372   376 D QC-time-services: Lib:time_genoff_operation: pargs->base = 13
10-31 15:19:21.323   372   376 D QC-time-services: Lib:time_genoff_operation: pargs->operation = 2
10-31 15:19:21.323   372   376 D QC-time-services: Lib:time_genoff_operation: pargs->ts_val = 0
10-31 15:19:21.323   372   376 D QC-time-services: Lib:time_genoff_operation: Send to server  passed!!
10-31 15:19:21.323   625   647 D QC-time-services: Daemon: Connection accepted:time_genoff
10-31 15:19:21.324   625 13365 D QC-time-services: Daemon:Received base = 13, unit = 1, operation = 2,value = 0
10-31 15:19:21.324   625 13365 D QC-time-services: Daemon:genoff_opr: Base = 13, val = 0, operation = 2
10-31 15:19:21.324   625 13365 D QC-time-services: offset is: 0 for base: 13
10-31 15:19:21.324   372   376 E QC-time-services: Receive Passed == base = 13, unit = 1, operation = 2, result = 0
10-31 15:19:21.324   372   376 D DrmLibTime: QSEE Time Listener: ATS_MODEM is not set. Fallback to Android system time.
10-31 15:19:21.324   372   376 D DrmLibTime: QSEE Time Listener: Retrieved Android system time: 1667225961
10-31 15:19:21.324   372   376 D DrmLibTime: time_getutcsec returns 0, sec = 1667225961; nsec = 0
10-31 15:19:21.324   372   376 D DrmLibTime: time_getutcsec finished! 
10-31 15:19:21.324   372   376 D DrmLibTime: iotcl_continue_command finished! and return 0 
10-31 15:19:21.324   372   376 D DrmLibTime: before calling ioctl to read the next time_cmd
10-31 15:19:21.324   625   647 E QC-time-services: Daemon: Time-services: Waiting to acceptconnection
10-31 15:19:21.349   562 19051 D WVCdm   : OEMCrypto_Initialize Level 1 success. I will use level 1.
10-31 15:19:21.350   562 19051 D WVCdm   : CryptoSession::Open: Lock: requested_security_level: Default
10-31 15:19:21.419   562 19051 E DrmWidevineDash: OEMCrypto_GenerateSignature : input wrapped_rsa_key == NULL!, return short buffer
10-31 15:19:21.421 12369 12369 I cr_media: Provisioning origin ID 9B002BCE36760FF5474E2CCCF3CB6D92
10-31 15:19:21.424 12369 12369 W chromium: [WARNING:compositor_view.cc(342)] Child process died (type=6) pid=13323)
10-31 15:19:21.428 12369 12369 I MediaDrm: Drm event (1,0)
10-31 15:19:21.428 12369 12369 E cr_media: EventListener: No session for event 1.
10-31 15:19:21.461   562  5487 E DrmWidevineDash: OEMCrypto_RewrapDeviceRSAKey : input wrapped_rsa_key == NULL!, return short buffer
10-31 15:19:21.484   562  5487 D QSEECOMAPI: : QSEECom_dealloc_memory 
10-31 15:19:21.484   562  5487 D QSEECOMAPI: : QSEECom_shutdown_app, app_id = 2545
10-31 15:19:23.050 13366 13366 E /system/bin/webview_zygote32: failed to make and chown /acct/uid_99545: Permission denied
10-31 15:19:23.050 13366 13366 E Zygote  : createProcessGroup(99545, 0) failed: Permission denied
10-31 15:19:23.052   772  3037 I ActivityManager: Start proc 13366:com.android.chrome:sandboxed_process32/u0i545 for webview_service com.android.chrome/org.chromium.content.app.SandboxedProcessService32
10-31 15:19:23.068 13366 13366 I SamplingProfilerIntegration: Profiling disabled.
10-31 15:19:23.089 13379 13379 E asset   : setgid: Operation not permitted
10-31 15:19:23.126 13366 13366 I cr_SplitCompatApp: Launched version=106.0.5249.79 minSdkVersion=24 isBundle=true processName=com.android.chrome:sandboxed_process32 isIsolated=true
10-31 15:19:23.135 13366 13366 W SystemServiceRegistry: No service published for: uimode
10-31 15:19:23.147 13366 13366 I cr_ChildProcessService: Creating new ChildProcessService pid=13366
10-31 15:19:23.161 13366 13366 E WebViewFactory: can't load with relro file; address space not reserved
10-31 15:19:23.174 13366 13380 I cr_LibraryLoader: Successfully loaded native library
10-31 15:19:23.175 13366 13380 I cr_CachingUmaRecorder: Flushed 3 samples from 3 histograms.
10-31 15:19:23.279 13386 13386 W ThreadPoolForeg: type=1400 audit(0.0:15589): avc: denied { setattr } for name="tl_en-us_2022-10-24_484508980_100000_index.bin" dev="dm-2" ino=1504998 scontext=u:r:isolated_app:s0:c512,c768 tcontext=u:object_r:app_data_file:s0:c512,c768 tclass=file permissive=0
10-31 15:19:23.285 13386 13386 W ThreadPoolForeg: type=1400 audit(0.0:15590): avc: denied { setattr } for name="manifest.json" dev="dm-2" ino=1505002 scontext=u:r:isolated_app:s0:c512,c768 tcontext=u:object_r:app_data_file:s0:c512,c768 tclass=file permissive=0
10-31 15:19:23.292 13386 13386 W ThreadPoolForeg: type=1400 audit(0.0:15591): avc: denied { setattr } for name="verified_contents.json" dev="dm-2" ino=1505004 scontext=u:r:isolated_app:s0:c512,c768 tcontext=u:object_r:app_data_file:s0:c512,c768 tclass=file permissive=0
10-31 15:19:23.304 13366 13380 I chromium: [INFO:child_process_service.cc(69)] ChildProcessService: Exiting child process.
10-31 15:19:23.309   772  3037 I ActivityManager: Killing 13366:com.android.chrome:sandboxed_process32/u0a60i545 (adj 0): isolated not needed
10-31 15:19:23.309   772   790 W zygote64: failed to open /acct/uid_99545/pid_13366/cgroup.procs: No such file or directory
10-31 15:19:23.324 12369 12369 W chromium: [WARNING:compositor_view.cc(342)] Child process died (type=6) pid=13366)
10-31 15:19:25.435 13391 13391 E /system/bin/webview_zygote32: failed to make and chown /acct/uid_99546: Permission denied
10-31 15:19:25.435 13391 13391 E Zygote  : createProcessGroup(99546, 0) failed: Permission denied
10-31 15:19:25.441   772 32228 I ActivityManager: Start proc 13391:com.android.chrome:sandboxed_process33/u0i546 for webview_service com.android.chrome/org.chromium.content.app.SandboxedProcessService33
10-31 15:19:25.470 13391 13391 I SamplingProfilerIntegration: Profiling disabled.
10-31 15:19:25.499 13408 13408 E asset   : setgid: Operation not permitted
10-31 15:19:25.539 13391 13391 I cr_SplitCompatApp: Launched version=106.0.5249.79 minSdkVersion=24 isBundle=true processName=com.android.chrome:sandboxed_process33 isIsolated=true
10-31 15:19:25.548 13391 13391 W SystemServiceRegistry: No service published for: uimode
10-31 15:19:25.559 13391 13391 I cr_ChildProcessService: Creating new ChildProcessService pid=13391
10-31 15:19:25.576 13391 13391 E WebViewFactory: can't load with relro file; address space not reserved
10-31 15:19:25.589 13391 13409 I cr_LibraryLoader: Successfully loaded native library
10-31 15:19:25.591 13391 13409 I cr_CachingUmaRecorder: Flushed 3 samples from 3 histograms.
10-31 15:19:25.649 13421 13421 W ThreadPoolForeg: type=1400 audit(0.0:15592): avc: denied { setattr } for name="optimization-hints.pb" dev="dm-2" ino=1505020 scontext=u:r:isolated_app:s0:c512,c768 tcontext=u:object_r:app_data_file:s0:c512,c768 tclass=file permissive=0
10-31 15:19:25.652 13421 13421 W ThreadPoolForeg: type=1400 audit(0.0:15593): avc: denied { setattr } for name="manifest.json" dev="dm-2" ino=1505025 scontext=u:r:isolated_app:s0:c512,c768 tcontext=u:object_r:app_data_file:s0:c512,c768 tclass=file permissive=0
10-31 15:19:25.655 13421 13421 W ThreadPoolForeg: type=1400 audit(0.0:15594): avc: denied { setattr } for name="verified_contents.json" dev="dm-2" ino=1505027 scontext=u:r:isolated_app:s0:c512,c768 tcontext=u:object_r:app_data_file:s0:c512,c768 tclass=file permissive=0
10-31 15:19:25.664 13391 13409 I chromium: [INFO:child_process_service.cc(69)] ChildProcessService: Exiting child process.
10-31 15:19:25.666   422   422 E lowmemorykiller: Error writing /proc/13391/oom_score_adj; errno=22
10-31 15:19:25.667   772 32228 I ActivityManager: Killing 13391:com.android.chrome:sandboxed_process33/u0a60i546 (adj 0): isolated not needed
10-31 15:19:25.668   772   790 W zygote64: failed to open /acct/uid_99546/pid_13391/cgroup.procs: No such file or directory
10-31 15:19:25.684 12369 12369 W chromium: [WARNING:compositor_view.cc(342)] Child process died (type=6) pid=13391)
10-31 15:19:28.212 13424 13424 E /system/bin/webview_zygote32: failed to make and chown /acct/uid_99547: Permission denied
10-31 15:19:28.212 13424 13424 E Zygote  : createProcessGroup(99547, 0) failed: Permission denied
10-31 15:19:28.215   772  4540 I ActivityManager: Start proc 13424:com.android.chrome:sandboxed_process34/u0i547 for webview_service com.android.chrome/org.chromium.content.app.SandboxedProcessService34
10-31 15:19:28.243 13424 13424 I SamplingProfilerIntegration: Profiling disabled.
10-31 15:19:28.267 13440 13440 E asset   : setgid: Operation not permitted
10-31 15:19:28.305 13424 13424 I cr_SplitCompatApp: Launched version=106.0.5249.79 minSdkVersion=24 isBundle=true processName=com.android.chrome:sandboxed_process34 isIsolated=true
10-31 15:19:28.313 13424 13424 W SystemServiceRegistry: No service published for: uimode
10-31 15:19:28.328 13424 13424 I cr_ChildProcessService: Creating new ChildProcessService pid=13424
10-31 15:19:28.339 13424 13424 E WebViewFactory: can't load with relro file; address space not reserved
10-31 15:19:28.357 13424 13442 I cr_LibraryLoader: Successfully loaded native library
10-31 15:19:28.358 13424 13442 I cr_CachingUmaRecorder: Flushed 3 samples from 3 histograms.
10-31 15:19:28.395 13447 13447 W ThreadPoolForeg: type=1400 audit(0.0:15595): avc: denied { setattr } for name="ssl_error_assistant.pb" dev="dm-2" ino=1505035 scontext=u:r:isolated_app:s0:c512,c768 tcontext=u:object_r:app_data_file:s0:c512,c768 tclass=file permissive=0
10-31 15:19:28.395 13447 13447 W ThreadPoolForeg: type=1400 audit(0.0:15596): avc: denied { setattr } for name="ssl_error_assistant.pb" dev="dm-2" ino=1505035 scontext=u:r:isolated_app:s0:c512,c768 tcontext=u:object_r:app_data_file:s0:c512,c768 tclass=file permissive=0
10-31 15:19:28.399 13447 13447 W ThreadPoolForeg: type=1400 audit(0.0:15597): avc: denied { setattr } for name="manifest.json" dev="dm-2" ino=1505036 scontext=u:r:isolated_app:s0:c512,c768 tcontext=u:object_r:app_data_file:s0:c512,c768 tclass=file permissive=0
10-31 15:19:28.405 13447 13447 W ThreadPoolForeg: type=1400 audit(0.0:15598): avc: denied { setattr } for name="verified_contents.json" dev="dm-2" ino=1505043 scontext=u:r:isolated_app:s0:c512,c768 tcontext=u:object_r:app_data_file:s0:c512,c768 tclass=file permissive=0
10-31 15:19:28.416 13424 13442 I chromium: [INFO:child_process_service.cc(69)] ChildProcessService: Exiting child process.
10-31 15:19:28.419   422   422 E lowmemorykiller: Error writing /proc/13424/oom_score_adj; errno=22
10-31 15:19:28.423   772 20193 I ActivityManager: Killing 13424:com.android.chrome:sandboxed_process34/u0a60i547 (adj 0): isolated not needed
10-31 15:19:28.423   772   790 W zygote64: failed to open /acct/uid_99547/pid_13424/cgroup.procs: No such file or directory
10-31 15:19:28.433 12369 12369 W chromium: [WARNING:compositor_view.cc(342)] Child process died (type=6) pid=13424)
10-31 15:19:31.494 13450 13450 E /system/bin/webview_zygote32: failed to make and chown /acct/uid_99548: Permission denied
10-31 15:19:31.494 13450 13450 E Zygote  : createProcessGroup(99548, 0) failed: Permission denied
10-31 15:19:31.502   772   996 I ActivityManager: Start proc 13450:com.android.chrome:sandboxed_process35/u0i548 for webview_service com.android.chrome/org.chromium.content.app.SandboxedProcessService35
10-31 15:19:31.540 13450 13450 I SamplingProfilerIntegration: Profiling disabled.
10-31 15:19:31.582 13465 13465 E asset   : setgid: Operation not permitted
10-31 15:19:31.621 13450 13450 I cr_SplitCompatApp: Launched version=106.0.5249.79 minSdkVersion=24 isBundle=true processName=com.android.chrome:sandboxed_process35 isIsolated=true
10-31 15:19:31.628 13450 13450 W SystemServiceRegistry: No service published for: uimode
10-31 15:19:31.639 13450 13450 I cr_ChildProcessService: Creating new ChildProcessService pid=13450
10-31 15:19:31.655 13450 13450 E WebViewFactory: can't load with relro file; address space not reserved
10-31 15:19:31.667 13450 13466 I cr_LibraryLoader: Successfully loaded native library
10-31 15:19:31.668 13450 13466 I cr_CachingUmaRecorder: Flushed 3 samples from 3 histograms.
10-31 15:19:31.715 13470 13470 W ThreadPoolForeg: type=1400 audit(0.0:15599): avc: denied { setattr } for name="download_file_types.pb" dev="dm-2" ino=1505052 scontext=u:r:isolated_app:s0:c512,c768 tcontext=u:object_r:app_data_file:s0:c512,c768 tclass=file permissive=0
10-31 15:19:31.715 13470 13470 W ThreadPoolForeg: type=1400 audit(0.0:15600): avc: denied { setattr } for name="download_file_types.pb" dev="dm-2" ino=1505052 scontext=u:r:isolated_app:s0:c512,c768 tcontext=u:object_r:app_data_file:s0:c512,c768 tclass=file permissive=0
10-31 15:19:31.715 13470 13470 W ThreadPoolForeg: type=1400 audit(0.0:15601): avc: denied { setattr } for name="manifest.json" dev="dm-2" ino=1505054 scontext=u:r:isolated_app:s0:c512,c768 tcontext=u:object_r:app_data_file:s0:c512,c768 tclass=file permissive=0
10-31 15:19:31.722 13470 13470 W ThreadPoolForeg: type=1400 audit(0.0:15602): avc: denied { setattr } for name="verified_contents.json" dev="dm-2" ino=1505056 scontext=u:r:isolated_app:s0:c512,c768 tcontext=u:object_r:app_data_file:s0:c512,c768 tclass=file permissive=0
10-31 15:19:31.729 13450 13466 I chromium: [INFO:child_process_service.cc(69)] ChildProcessService: Exiting child process.
10-31 15:19:31.730   422   422 E lowmemorykiller: Error writing /proc/13450/oom_score_adj; errno=22
10-31 15:19:31.731   772   996 I ActivityManager: Killing 13450:com.android.chrome:sandboxed_process35/u0a60i548 (adj 0): isolated not needed
10-31 15:19:31.732   772   790 W zygote64: failed to open /acct/uid_99548/pid_13450/cgroup.procs: No such file or directory
10-31 15:19:31.751 12369 12369 W chromium: [WARNING:compositor_view.cc(342)] Child process died (type=6) pid=13450)
10-31 15:19:33.499   772 20193 I ActivityManager: Force stopping com.android.chrome appid=10060 user=0: from pid 13483
10-31 15:19:33.500   772 20193 I ActivityManager: Killing 12439:com.android.chrome:privileged_process0/u0a60 (adj 0): stop com.android.chrome
10-31 15:19:33.502   772 20193 W ActivityManager: Scheduling restart of crashed service com.android.chrome/org.chromium.content.app.PrivilegedProcessService0 in 1000ms
10-31 15:19:33.509   772 20193 I ActivityManager: Killing 12369:com.android.chrome/u0a60 (adj 0): stop com.android.chrome
10-31 15:19:33.526   772 20193 W ActivityManager: Force removing ActivityRecord{7074b84 u0 com.android.chrome/com.google.android.apps.chrome.Main t802}: app died, no saved state
10-31 15:19:33.527 12407 12407 I cr_ChildProcessService: Destroying ChildProcessService pid=12407
10-31 15:19:33.528 13542 13542 D BoundBrokerSvc: onUnbind: Intent { act=com.google.android.gms.auth.key.retrieval.service.START dat=chimera-action:com.google.android.gms.auth.key.retrieval.service.START cmp=com.google.android.gms/.chimera.GmsApiService }
10-31 15:19:33.531 12948 12948 I cr_ChildProcessService: Destroying ChildProcessService pid=12948
10-31 15:19:33.531   772 20193 I WindowManager: Failed to capture screenshot of Token{3358f6d ActivityRecord{7074b84 u0 com.android.chrome/com.google.android.apps.chrome.Main t802 f}} appWin=Window{71facbe u0 com.android.chrome/com.google.android.apps.chrome.Main} drawState=4
10-31 15:19:33.546   772 20193 I ActivityManager: Killing 12948:com.android.chrome:sandboxed_process17/u0a60i530 (adj 0): isolated not needed
10-31 15:19:33.546   772 20193 I ActivityManager: Killing 12407:com.android.chrome:sandboxed_process0/u0a60i513 (adj 0): isolated not needed
10-31 15:19:33.549  6851  6851 I MemoryTrimmer: Trimming objects from memory, since app is in the background.
10-31 15:19:33.559  1311  1311 D CarrierSvcBindHelper: No carrier app for: 0
10-31 15:19:33.571  2964  2964 D RegisteredNfcFServicesCache: Service unchanged, not updating
10-31 15:19:33.582   772  1324 D ConnectivityService: ConnectivityService NetworkRequestInfo binderDied(NetworkRequest [ LISTEN id=1964, [ Capabilities: INTERNET&NOT_RESTRICTED&TRUSTED&FOREGROUND] ], android.os.BinderProxy@d89e6d3)
10-31 15:19:33.582   772   784 D ConnectivityService: ConnectivityService NetworkRequestInfo binderDied(NetworkRequest [ LISTEN id=1963, [ Capabilities: INTERNET&NOT_RESTRICTED&TRUSTED&FOREGROUND] ], android.os.BinderProxy@23dc210)
10-31 15:19:33.584   772   862 E ConnectivityService: RemoteException caught trying to send a callback msg for NetworkRequest [ LISTEN id=1964, [ Capabilities: INTERNET&NOT_RESTRICTED&TRUSTED&FOREGROUND] ]
10-31 15:19:33.584   772   862 E ConnectivityService: RemoteException caught trying to send a callback msg for NetworkRequest [ LISTEN id=1963, [ Capabilities: INTERNET&NOT_RESTRICTED&TRUSTED&FOREGROUND] ]
10-31 15:19:33.585   772 32228 D ConnectivityService: ConnectivityService NetworkRequestInfo binderDied(NetworkRequest [ LISTEN id=1965, [ Capabilities: INTERNET&NOT_RESTRICTED&TRUSTED&FOREGROUND] ], android.os.BinderProxy@dccb109)
10-31 15:19:33.586   772   862 E ConnectivityService: RemoteException caught trying to send a callback msg for NetworkRequest [ LISTEN id=1965, [ Capabilities: INTERNET&NOT_RESTRICTED&TRUSTED&FOREGROUND] ]
10-31 15:19:33.591 13325 13387 I Adreno  : QUALCOMM build                   : 7142022, Ib5823dd10c
10-31 15:19:33.591 13325 13387 I Adreno  : Build Date                       : 06/23/17
10-31 15:19:33.591 13325 13387 I Adreno  : OpenGL ES Shader Compiler Version: EV031.18.00.00
10-31 15:19:33.591 13325 13387 I Adreno  : Local Branch                     : O11A
10-31 15:19:33.591 13325 13387 I Adreno  : Remote Branch                    : 
10-31 15:19:33.591 13325 13387 I Adreno  : Remote Branch                    : 
10-31 15:19:33.591 13325 13387 I Adreno  : Reconstruct Branch               : 
10-31 15:19:33.594   772   797 W ActivityManager: setHasOverlayUi called on unknown pid: 12369
10-31 15:19:33.602 13325 13387 I vndksupport: sphal namespace is not configured for this process. Loading /vendor/lib64/hw/gralloc.msm8992.so from the current namespace instead.
10-31 15:19:33.606   772   790 W zygote64: failed to open /acct/uid_99530/pid_12948/cgroup.procs: No such file or directory
10-31 15:19:33.607 13325 13387 I Adreno  : PFP: 0x00000000, ME: 0x00000000
10-31 15:19:33.610   772   790 W zygote64: failed to open /acct/uid_99513/pid_12407/cgroup.procs: No such file or directory
10-31 15:19:33.612 13325 13387 I OpenGLRenderer: Initialized EGL, version 1.4
10-31 15:19:33.612 13325 13387 D OpenGLRenderer: Swap behavior 2
10-31 15:19:33.661   772 10894 W ActivityManager: Unable to start service Intent { act=com.google.android.gms.speech.service.START pkg=com.google.android.gms } U=0: not found
10-31 15:19:33.662   772  1324 W ActivityManager: Unbind failed: could not find connection for android.os.BinderProxy@bbab01f
10-31 15:19:33.663  6851  6890 E GmsClient: unable to connect to service: com.google.android.gms.speech.service.START on com.google.android.gms
10-31 15:19:33.665  6851  6889 W SessionLifecycleManager: Handover failed. Creating new session controller.
10-31 15:19:33.668  6851  6851 I OptInState: There is a new client and it does not support opt-in. Dropping request.
10-31 15:19:33.696  6851  6851 I MicroDetectionWorker: #updateMicroDetector [detectionMode: [mDetectionMode: [1]]]
10-31 15:19:33.696  6851  6851 I MicroDetectionWorker: #startMicroDetector [speakerMode: 0]
10-31 15:19:33.701  6851  6851 I MicroDetectionWorker: onReady
10-31 15:19:33.703  6851  6874 I MicroRecognitionRunner: Starting detection.
10-31 15:19:33.704  6851  6878 I MicrophoneInputStream: mic_starting com.google.android.apps.gsa.speech.audio.af@45269e6
10-31 15:19:33.704   556   688 W DeviceHAL: Device 0xefa2d000 open_input_stream: Invalid argument
10-31 15:19:33.705   556 13497 I AudioFlinger: AudioFlinger's thread 0xec603580 tid=13497 ready to run
10-31 15:19:33.713   556   753 I SoundTriggerHwService::Module: onCallbackEvent no clients
10-31 15:19:33.713  6851  6878 I MicrophoneInputStream: mic_started com.google.android.apps.gsa.speech.audio.af@45269e6
10-31 15:19:33.720   556 13498 D sound_trigger_platform: platform_stdev_check_and_update_concurrency: concurrency active 0, tx 1, rx 0, concurrency session_allowed 0
10-31 15:19:33.720   556 13498 D audio_hw_primary: enable_snd_device: snd_device(72: voice-rec-mic)
10-31 15:19:33.725   556 13498 D audio_hw_primary: enable_audio_route: usecase(9) apply and update mixer path: audio-record
10-31 15:19:33.792  6851  6851 I MicroDetectionWorker: onReady
10-31 15:19:33.936 13487 13487 D AndroidRuntime: >>>>>> START com.android.internal.os.RuntimeInit uid 2000 <<<<<<
10-31 15:19:34.059 13487 13487 D AndroidRuntime: Calling main entry com.android.commands.pm.Pm
10-31 15:19:34.069   772 10894 I ActivityManager: Force stopping com.android.chrome appid=10060 user=0: clear data
10-31 15:19:34.075   772   788 I ActivityManager: Force stopping com.android.chrome appid=10060 user=-1: clearApplicationUserData
10-31 15:19:34.124 13325 13387 W OpenGLRenderer: Incorrectly called buildLayer on View: ShortcutAndWidgetContainer, destroying layer...
10-31 15:19:34.180   560   560 I keystore: clear_uid 10060
10-31 15:19:34.194  1311  1311 D CarrierSvcBindHelper: No carrier app for: 0
10-31 15:19:34.197 13487 13487 I app_process: System.exit called, status: 0
10-31 15:19:34.197 13487 13487 I AndroidRuntime: VM exiting with result code 0.
10-31 15:19:34.201   772   787 W ResourceType: No known package when getting value for resource number 0x7f0904db
10-31 15:19:34.201   772   787 W ResourceType: No known package when getting value for resource number 0x7f140670
10-31 15:19:34.201   772   787 W ResourceType: No known package when getting value for resource number 0x7f0904da
10-31 15:19:34.201   772   787 W ResourceType: No known package when getting value for resource number 0x7f14018b
10-31 15:19:34.201   772   787 W ResourceType: No known package when getting value for resource number 0x7f14066f
10-31 15:19:34.201   772   787 W ResourceType: No known package when getting value for resource number 0x7f140434
10-31 15:19:34.201   772   787 E ShortcutService: Ignoring excessive intent tag.
10-31 15:19:34.217  2964  2964 D RegisteredNfcFServicesCache: Service unchanged, not updating
10-31 15:19:34.228  3960 13513 I Fitness : FitCleanupIntentOperation received Intent android.intent.action.PACKAGE_DATA_CLEARED [CONTEXT service_id=17 ]
10-31 15:19:34.272 13542 20573 I Icing   : doRemovePackageData com.android.chrome
10-31 15:19:34.272 13542 20573 I Icing   : Removing corpus key com.android.chrome-omnibox for package com.android.chrome
10-31 15:19:34.294 13542 20573 I native  : I0000 00:00:1667225974.293963   20573 flash-index.cc:1535] Flash index sort hb 14 prefix-hits 32 -> 24 at 10.109ms
10-31 15:19:34.340 13542 20573 I Icing   : Removing corpus key com.android.chrome-.implicit: for package com.android.chrome
10-31 15:19:34.380 13542 20573 I Icing   : Removing corpus key com.android.chrome-internal.3p:WebPage for package com.android.chrome
10-31 15:19:34.454 13542 20573 I Icing   : Starting compaction min disk 99.985% min index 99.991%
10-31 15:19:34.524   772  3854 I ActivityManager: Force stopping com.android.chrome appid=10060 user=0: from pid 13540
10-31 15:19:34.529  1311  1311 D CarrierSvcBindHelper: No carrier app for: 0
10-31 15:19:34.539  2964  2964 D RegisteredNfcFServicesCache: Service unchanged, not updating
10-31 15:19:34.583 13542 20573 I native  : I0000 00:00:1667225974.583333   20573 document-store.cc:1684] Scored 976 usage reports, missing_corpora 380 update_failed 0
10-31 15:19:34.663 13542 20573 W native  : W0000 00:00:1667225974.662966   20573 words-map.cc:36] INVALID_ARGUMENT: Empty URI
10-31 15:19:34.663 13542 20573 W native  : W0000 00:00:1667225974.663140   20573 words-map.cc:40] WordsMap was not properly initialized
10-31 15:19:34.738 13542 20573 E native  : E0000 00:00:1667225974.738900   20573 compactor.cc:77] Could not index embedding for docid 1: INTERNAL: Unable to find Thing Proto section 
10-31 15:19:34.739 13542 20573 E native  : E0000 00:00:1667225974.739735   20573 compactor.cc:77] Could not index embedding for docid 3: INTERNAL: Unable to find Thing Proto section 
10-31 15:19:34.740 13542 20573 E native  : E0000 00:00:1667225974.740324   20573 compactor.cc:77] Could not index embedding for docid 5: INTERNAL: Unable to find Thing Proto section 
10-31 15:19:34.740 13542 20573 E native  : E0000 00:00:1667225974.740835   20573 compactor.cc:77] Could not index embedding for docid 7: INTERNAL: Unable to find Thing Proto section 
10-31 15:19:34.741 13542 20573 E native  : E0000 00:00:1667225974.741317   20573 compactor.cc:77] Could not index embedding for docid 9: INTERNAL: Unable to find Thing Proto section 
10-31 15:19:34.741 13542 20573 E native  : E0000 00:00:1667225974.741765   20573 compactor.cc:77] Could not index embedding for docid 11: INTERNAL: Unable to find Thing Proto section 
10-31 15:19:34.742 13542 20573 E native  : E0000 00:00:1667225974.742204   20573 compactor.cc:77] Could not index embedding for docid 13: INTERNAL: Unable to find Thing Proto section 
10-31 15:19:34.742 13542 20573 E native  : E0000 00:00:1667225974.742669   20573 compactor.cc:77] Could not index embedding for docid 15: INTERNAL: Unable to find Thing Proto section 
10-31 15:19:34.743 13542 20573 E native  : E0000 00:00:1667225974.743125   20573 compactor.cc:77] Could not index embedding for docid 17: INTERNAL: Unable to find Thing Proto section 
10-31 15:19:34.743 13542 20573 E native  : E0000 00:00:1667225974.743868   20573 compactor.cc:77] Could not index embedding for docid 19: INTERNAL: Unable to find Thing Proto section 
10-31 15:19:34.744 13542 20573 E native  : E0000 00:00:1667225974.744402   20573 compactor.cc:77] Could not index embedding for docid 21: INTERNAL: Unable to find Thing Proto section 
10-31 15:19:34.744 13542 20573 E native  : E0000 00:00:1667225974.744897   20573 compactor.cc:77] Could not index embedding for docid 23: INTERNAL: Unable to find Thing Proto section 
10-31 15:19:34.745 13542 20573 E native  : E0000 00:00:1667225974.745355   20573 compactor.cc:77] Could not index embedding for docid 25: INTERNAL: Unable to find Thing Proto section 
10-31 15:19:34.749 13542 20573 E native  : E0000 00:00:1667225974.749200   20573 compactor.cc:77] Could not index embedding for docid 26: INTERNAL: Unable to find Thing Proto section 
10-31 15:19:34.752 13542 20573 E native  : E0000 00:00:1667225974.752884   20573 compactor.cc:77] Could not index embedding for docid 27: INTERNAL: Unable to find Thing Proto section 
10-31 15:19:34.788 13542 20573 I native  : I0000 00:00:1667225974.788222   20573 flash-index.cc:1535] Flash index sort hb 40 prefix-hits 68 -> 67 at 19.052ms
10-31 15:19:34.821 13542 20573 W native  : W0000 00:00:1667225974.821240   20573 words-map.cc:36] INVALID_ARGUMENT: Empty URI
10-31 15:19:34.821 13542 20573 W native  : W0000 00:00:1667225974.821390   20573 words-map.cc:40] WordsMap was not properly initialized
10-31 15:19:34.872 13542 20573 I Icing   : updateResources: need to parse anue{com.android.chrome}
10-31 15:19:34.921 13544 13544 D AndroidRuntime: >>>>>> START com.android.internal.os.RuntimeInit uid 2000 <<<<<<
10-31 15:19:34.944 13542 20573 I Icing   : Indexing com.android.chrome-omnibox from com.android.chrome
10-31 15:19:34.956   772 13071 I ActivityManager: Start proc 13546:com.android.chrome/u0a60 for content provider com.android.chrome/com.google.android.apps.chrome.icing.IcingProvider
10-31 15:19:34.997 13546 13546 I cr_SplitCompatApp: Launched version=106.0.5249.79 minSdkVersion=24 isBundle=true processName=com.android.chrome isIsolated=false
10-31 15:19:35.043 13544 13544 D AndroidRuntime: Calling main entry com.android.commands.pm.Pm
10-31 15:19:35.048   772  1259 I ActivityManager: Force stopping com.android.chrome appid=10060 user=0: clear data
10-31 15:19:35.048   772  1259 I ActivityManager: Killing 13546:com.android.chrome/u0a60 (adj 200): stop com.android.chrome
10-31 15:19:35.062   772  1259 I ActivityManager: Start proc 13585:com.android.chrome/u0a60 for restart com.android.chrome
10-31 15:19:35.065   772 13071 W ActivityManager: Unable to launch app com.android.chrome/10060 for provider com.android.chrome.icing: launching app became null
10-31 15:19:35.065 13542 20573 E ActivityThread: Failed to find provider info for com.android.chrome.icing
10-31 15:19:35.065 13542 20573 W Icing   : Could not connect to content provider content://com.android.chrome.icing
10-31 15:19:35.068   772   788 I ActivityManager: Force stopping com.android.chrome appid=10060 user=-1: clearApplicationUserData
10-31 15:19:35.068   772   788 I ActivityManager: Killing 13585:com.android.chrome/u0a60 (adj 200): stop com.android.chrome
10-31 15:19:35.069   772   788 E ActivityManager: Failure starting process com.android.chrome
10-31 15:19:35.069   772   788 E ActivityManager: java.lang.SecurityException: Package com.android.chrome is currently frozen!
10-31 15:19:35.069   772   788 E ActivityManager: 	at com.android.server.pm.PackageManagerService.checkPackageStartable(PackageManagerService.java:3610)
10-31 15:19:35.069   772   788 E ActivityManager: 	at com.android.server.am.ActivityManagerService.startProcessLocked(ActivityManagerService.java:3791)
10-31 15:19:35.069   772   788 E ActivityManager: 	at com.android.server.am.ActivityManagerService.startProcessLocked(ActivityManagerService.java:3763)
10-31 15:19:35.069   772   788 E ActivityManager: 	at com.android.server.am.ActivityManagerService.cleanUpApplicationRecordLocked(ActivityManagerService.java:18049)
10-31 15:19:35.069   772   788 E ActivityManager: 	at com.android.server.am.ActivityManagerService.handleAppDiedLocked(ActivityManagerService.java:5241)
10-31 15:19:35.069   772   788 E ActivityManager: 	at com.android.server.am.ActivityManagerService.removeProcessLocked(ActivityManagerService.java:6645)
10-31 15:19:35.069   772   788 E ActivityManager: 	at com.android.server.am.ActivityManagerService.killPackageProcessesLocked(ActivityManagerService.java:6289)
10-31 15:19:35.069   772   788 E ActivityManager: 	at com.android.server.am.ActivityManagerService.forceStopPackageLocked(ActivityManagerService.java:6421)
10-31 15:19:35.069   772   788 E ActivityManager: 	at com.android.server.am.ActivityManagerService$MainHandler.handleMessage(ActivityManagerService.java:2079)
10-31 15:19:35.069   772   788 E ActivityManager: 	at android.os.Handler.dispatchMessage(Handler.java:105)
10-31 15:19:35.069   772   788 E ActivityManager: 	at android.os.Looper.loop(Looper.java:164)
10-31 15:19:35.069   772   788 E ActivityManager: 	at android.os.HandlerThread.run(HandlerThread.java:65)
10-31 15:19:35.069   772   788 E ActivityManager: 	at com.android.server.ServiceThread.run(ServiceThread.java:46)
10-31 15:19:35.069   772   788 I ActivityManager: Force stopping com.android.chrome appid=10060 user=0: start failure
10-31 15:19:35.071   560   560 I keystore: clear_uid 10060
10-31 15:19:35.072   772 10860 W ActivityManager: Unable to launch app com.android.chrome/10060 for provider com.android.chrome.icing: launching app became null
10-31 15:19:35.073   772   788 I ActivityManager: Exiting empty application process 0:com.android.chrome/u0a60 (null)
10-31 15:19:35.073 13542 20573 E ActivityThread: Failed to find provider info for com.android.chrome.icing
10-31 15:19:35.073 13542 20573 W Icing   : Could not connect to content provider content://com.android.chrome.icing
10-31 15:19:35.074 13542 20573 I Icing   : Indexing done com.android.chrome-omnibox
10-31 15:19:35.096  1311  1311 D CarrierSvcBindHelper: No carrier app for: 0
10-31 15:19:35.097 13544 13544 I app_process: System.exit called, status: 0
10-31 15:19:35.097 13544 13544 I AndroidRuntime: VM exiting with result code 0.
10-31 15:19:35.097   772   787 W ResourceType: No known package when getting value for resource number 0x7f0904db
10-31 15:19:35.097   772   787 W ResourceType: No known package when getting value for resource number 0x7f140670
10-31 15:19:35.101   772   787 W ResourceType: No known package when getting value for resource number 0x7f0904da
10-31 15:19:35.101   772   787 W ResourceType: No known package when getting value for resource number 0x7f14018b
10-31 15:19:35.101   772   787 W ResourceType: No known package when getting value for resource number 0x7f14066f
10-31 15:19:35.101   772   787 W ResourceType: No known package when getting value for resource number 0x7f140434
10-31 15:19:35.101   772   787 E ShortcutService: Ignoring excessive intent tag.
10-31 15:19:35.117  2964  2964 D RegisteredNfcFServicesCache: Service unchanged, not updating
10-31 15:19:35.123  3960 13511 I Fitness : FitCleanupIntentOperation received Intent android.intent.action.PACKAGE_DATA_CLEARED [CONTEXT service_id=17 ]
10-31 15:19:35.148 13542 20573 I Icing   : doRemovePackageData com.android.chrome
10-31 15:19:35.148 13542 20573 I Icing   : Removing corpus key com.android.chrome-omnibox for package com.android.chrome
10-31 15:19:35.240 13542 20573 I Icing   : updateResources: need to parse anue{com.android.chrome}
10-31 15:19:35.243  3960  3968 W SQLiteConnectionPool: A SQLiteConnection object for database '/data/user/0/com.google.android.gms/databases/metadata.db' was leaked!  Please fix your application to end transactions in progress properly and to close the database when it is no longer needed.
10-31 15:19:35.295 13542 20573 I Icing   : Indexing com.android.chrome-omnibox from com.android.chrome
10-31 15:19:35.307   772 13022 I ActivityManager: Start proc 13598:com.android.chrome/u0a60 for content provider com.android.chrome/com.google.android.apps.chrome.icing.IcingProvider
10-31 15:19:35.352 13598 13598 I cr_SplitCompatApp: Launched version=106.0.5249.79 minSdkVersion=24 isBundle=true processName=com.android.chrome isIsolated=false
10-31 15:19:35.471  3960  6244 I FontLog : Received query Google Sans, URI content://com.google.android.gms.fonts [CONTEXT service_id=132 ]
10-31 15:19:35.472  3960  6244 I FontLog : Query [Google Sans] resolved to {Google Sans, wdth 100.0, wght 400, ital 0.0, bestEffort false} [CONTEXT service_id=132 ]
10-31 15:19:35.477  3960  6244 I FontLog : Font PFD returned from cache for {Google Sans, wdth 100.0, wght 400, ital 0.0, bestEffort false} [CONTEXT service_id=132 ]
10-31 15:19:35.479  3960  6244 I FontLog : Fetch {Google Sans, wdth 100.0, wght 400, ital 0.0, bestEffort false} end status Status{statusCode=SUCCESS, resolution=null} [CONTEXT service_id=132 ]
10-31 15:19:35.563 13542 20573 I Icing   : Indexing done com.android.chrome-omnibox
10-31 15:19:35.583  3960  4217 I FontLog : Pulling font file for id = 2614, cache size = 9 [CONTEXT service_id=132 ]
10-31 15:19:35.670 13598 13617 I cr_LibraryLoader: Successfully loaded native library
10-31 15:19:35.671 13598 13617 I cr_CachingUmaRecorder: Flushed 20 samples from 19 histograms.
10-31 15:19:35.721  3960  4245 I FontLog : Received query Google Sans:500, URI content://com.google.android.gms.fonts [CONTEXT service_id=132 ]
10-31 15:19:35.722  3960  4245 I FontLog : Query [Google Sans:500] resolved to {Google Sans, wdth 100.0, wght 500, ital 0.0, bestEffort false} [CONTEXT service_id=132 ]
10-31 15:19:35.723  3960  4245 I FontLog : Font PFD returned from cache for {Google Sans, wdth 100.0, wght 500, ital 0.0, bestEffort false} [CONTEXT service_id=132 ]
10-31 15:19:35.723  3960  4245 I FontLog : Fetch {Google Sans, wdth 100.0, wght 500, ital 0.0, bestEffort false} end status Status{statusCode=SUCCESS, resolution=null} [CONTEXT service_id=132 ]
10-31 15:19:35.766  3960  3972 I FontLog : Pulling font file for id = 2615, cache size = 8 [CONTEXT service_id=132 ]
10-31 15:19:35.802  3960  4151 I FontLog : Received query Google Sans:700, URI content://com.google.android.gms.fonts [CONTEXT service_id=132 ]
10-31 15:19:35.803  3960  4151 I FontLog : Query [Google Sans:700] resolved to {Google Sans, wdth 100.0, wght 700, ital 0.0, bestEffort false} [CONTEXT service_id=132 ]
10-31 15:19:35.805  3960  4151 I FontLog : Fetch {Google Sans, wdth 100.0, wght 700, ital 0.0, bestEffort false} end status Status{statusCode=SUCCESS, resolution=null} [CONTEXT service_id=132 ]
10-31 15:19:35.815  3960  4244 I FontLog : Pulling font file for id = 2616, cache size = 6 [CONTEXT service_id=132 ]
