10-31 02:30:48.769 28647 28647 E /system/bin/webview_zygote32: failed to make and chown /acct/uid_99689: Permission denied
10-31 02:30:48.770 28647 28647 E Zygote  : createProcessGroup(99689, 0) failed: Permission denied
10-31 02:30:48.775   772   785 I ActivityManager: Start proc 28647:com.android.chrome:sandboxed_process13/u0i689 for webview_service com.android.chrome/org.chromium.content.app.SandboxedProcessService13
10-31 02:30:48.803 28647 28647 I SamplingProfilerIntegration: Profiling disabled.
10-31 02:30:48.827 28660 28660 E asset   : setgid: Operation not permitted
10-31 02:30:48.863 28647 28647 I cr_SplitCompatApp: Launched version=106.0.5249.79 minSdkVersion=24 isBundle=true processName=com.android.chrome:sandboxed_process13 isIsolated=true
10-31 02:30:48.869 28647 28647 W SystemServiceRegistry: No service published for: uimode
10-31 02:30:48.883 28647 28647 I cr_ChildProcessService: Creating new ChildProcessService pid=28647
10-31 02:30:48.892 28647 28647 E WebViewFactory: can't load with relro file; address space not reserved
10-31 02:30:48.903 28647 28661 I cr_LibraryLoader: Successfully loaded native library
10-31 02:30:48.905 28647 28661 I cr_CachingUmaRecorder: Flushed 3 samples from 3 histograms.
10-31 02:30:48.944 28664 28664 W ThreadPoolForeg: type=1400 audit(0.0:12863): avc: denied { setattr } for name="crs.pb" dev="dm-2" ino=1504714 scontext=u:r:isolated_app:s0:c512,c768 tcontext=u:object_r:app_data_file:s0:c512,c768 tclass=file permissive=0
10-31 02:30:48.947 28664 28664 W ThreadPoolForeg: type=1400 audit(0.0:12864): avc: denied { setattr } for name="ct_config.pb" dev="dm-2" ino=1504716 scontext=u:r:isolated_app:s0:c512,c768 tcontext=u:object_r:app_data_file:s0:c512,c768 tclass=file permissive=0
10-31 02:30:48.951 28664 28664 W ThreadPoolForeg: type=1400 audit(0.0:12865): avc: denied { setattr } for name="kp_pinslist.pb" dev="dm-2" ino=1504717 scontext=u:r:isolated_app:s0:c512,c768 tcontext=u:object_r:app_data_file:s0:c512,c768 tclass=file permissive=0
10-31 02:30:48.954 28664 28664 W ThreadPoolForeg: type=1400 audit(0.0:12866): avc: denied { setattr } for name="manifest.json" dev="dm-2" ino=1504718 scontext=u:r:isolated_app:s0:c512,c768 tcontext=u:object_r:app_data_file:s0:c512,c768 tclass=file permissive=0
10-31 02:30:48.961 28664 28664 W ThreadPoolForeg: type=1400 audit(0.0:12867): avc: denied { setattr } for name="verified_contents.json" dev="dm-2" ino=1504720 scontext=u:r:isolated_app:s0:c512,c768 tcontext=u:object_r:app_data_file:s0:c512,c768 tclass=file permissive=0
10-31 02:30:48.973 28647 28661 I chromium: [INFO:child_process_service.cc(69)] ChildProcessService: Exiting child process.
10-31 02:30:48.976   422   422 E lowmemorykiller: Error writing /proc/28647/oom_score_adj; errno=22
10-31 02:30:48.977   772 13021 I ActivityManager: Killing 28647:com.android.chrome:sandboxed_process13/u0a60i689 (adj 0): isolated not needed
10-31 02:30:48.978   772   790 W zygote64: failed to open /acct/uid_99689/pid_28647/cgroup.procs: No such file or directory
10-31 02:30:52.994 28668 28668 E /system/bin/webview_zygote32: failed to make and chown /acct/uid_99690: Permission denied
10-31 02:30:52.994 28668 28668 E Zygote  : createProcessGroup(99690, 0) failed: Permission denied
10-31 02:30:53.002   772  3041 I ActivityManager: Start proc 28668:com.android.chrome:sandboxed_process14/u0i690 for webview_service com.android.chrome/org.chromium.content.app.SandboxedProcessService14
10-31 02:30:53.026 28668 28668 I SamplingProfilerIntegration: Profiling disabled.
10-31 02:30:53.052 28681 28681 E asset   : setgid: Operation not permitted
10-31 02:30:53.094 28668 28668 I cr_SplitCompatApp: Launched version=106.0.5249.79 minSdkVersion=24 isBundle=true processName=com.android.chrome:sandboxed_process14 isIsolated=true
10-31 02:30:53.102 28668 28668 W SystemServiceRegistry: No service published for: uimode
10-31 02:30:53.115 28668 28668 I cr_ChildProcessService: Creating new ChildProcessService pid=28668
10-31 02:30:53.125 28668 28668 E WebViewFactory: can't load with relro file; address space not reserved
10-31 02:30:53.138 28668 28683 I cr_LibraryLoader: Successfully loaded native library
10-31 02:30:53.139 28668 28683 I cr_CachingUmaRecorder: Flushed 3 samples from 3 histograms.
10-31 02:30:53.171 28687 28687 W ThreadPoolForeg: type=1400 audit(0.0:12868): avc: denied { setattr } for name="manifest.json" dev="dm-2" ino=1504723 scontext=u:r:isolated_app:s0:c512,c768 tcontext=u:object_r:app_data_file:s0:c512,c768 tclass=file permissive=0
10-31 02:30:53.177 28687 28687 W ThreadPoolForeg: type=1400 audit(0.0:12869): avc: denied { setattr } for name="verified_contents.json" dev="dm-2" ino=1504734 scontext=u:r:isolated_app:s0:c512,c768 tcontext=u:object_r:app_data_file:s0:c512,c768 tclass=file permissive=0
10-31 02:30:53.189 28668 28683 I chromium: [INFO:child_process_service.cc(69)] ChildProcessService: Exiting child process.
10-31 02:30:53.192   422   422 E lowmemorykiller: Error writing /proc/28668/oom_score_adj; errno=22
10-31 02:30:53.193   772  3041 I ActivityManager: Killing 28668:com.android.chrome:sandboxed_process14/u0a60i690 (adj 0): isolated not needed
10-31 02:30:53.195   772   790 W zygote64: failed to open /acct/uid_99690/pid_28668/cgroup.procs: No such file or directory
10-31 02:30:57.591 28691 28691 E /system/bin/webview_zygote32: failed to make and chown /acct/uid_99691: Permission denied
10-31 02:30:57.591 28691 28691 E Zygote  : createProcessGroup(99691, 0) failed: Permission denied
10-31 02:30:57.593   772  1324 I ActivityManager: Start proc 28691:com.android.chrome:sandboxed_process15/u0i691 for webview_service com.android.chrome/org.chromium.content.app.SandboxedProcessService15
10-31 02:30:57.624 28691 28691 I SamplingProfilerIntegration: Profiling disabled.
10-31 02:30:57.653 28704 28704 E asset   : setgid: Operation not permitted
10-31 02:30:57.696 28691 28691 I cr_SplitCompatApp: Launched version=106.0.5249.79 minSdkVersion=24 isBundle=true processName=com.android.chrome:sandboxed_process15 isIsolated=true
10-31 02:30:57.704 28691 28691 W SystemServiceRegistry: No service published for: uimode
10-31 02:30:57.718 28691 28691 I cr_ChildProcessService: Creating new ChildProcessService pid=28691
10-31 02:30:57.726 28691 28691 E WebViewFactory: can't load with relro file; address space not reserved
10-31 02:30:57.739 28691 28706 I cr_LibraryLoader: Successfully loaded native library
10-31 02:30:57.740 28691 28706 I cr_CachingUmaRecorder: Flushed 3 samples from 3 histograms.
10-31 02:30:57.777 28709 28709 W ThreadPoolForeg: type=1400 audit(0.0:12870): avc: denied { setattr } for name="safety_tips.pb" dev="dm-2" ino=1504737 scontext=u:r:isolated_app:s0:c512,c768 tcontext=u:object_r:app_data_file:s0:c512,c768 tclass=file permissive=0
10-31 02:30:57.777 28709 28709 W ThreadPoolForeg: type=1400 audit(0.0:12871): avc: denied { setattr } for name="safety_tips.pb" dev="dm-2" ino=1504737 scontext=u:r:isolated_app:s0:c512,c768 tcontext=u:object_r:app_data_file:s0:c512,c768 tclass=file permissive=0
10-31 02:30:57.781 28709 28709 W ThreadPoolForeg: type=1400 audit(0.0:12872): avc: denied { setattr } for name="manifest.json" dev="dm-2" ino=1504742 scontext=u:r:isolated_app:s0:c512,c768 tcontext=u:object_r:app_data_file:s0:c512,c768 tclass=file permissive=0
10-31 02:30:57.784 28709 28709 W ThreadPoolForeg: type=1400 audit(0.0:12873): avc: denied { setattr } for name="verified_contents.json" dev="dm-2" ino=1504744 scontext=u:r:isolated_app:s0:c512,c768 tcontext=u:object_r:app_data_file:s0:c512,c768 tclass=file permissive=0
10-31 02:30:57.796 28691 28706 I chromium: [INFO:child_process_service.cc(69)] ChildProcessService: Exiting child process.
10-31 02:30:57.799   422   422 E lowmemorykiller: Error writing /proc/28691/oom_score_adj; errno=22
10-31 02:30:57.800   772   785 I ActivityManager: Killing 28691:com.android.chrome:sandboxed_process15/u0a60i691 (adj 0): isolated not needed
10-31 02:30:57.800   772   790 W zygote64: failed to open /acct/uid_99691/pid_28691/cgroup.procs: No such file or directory
10-31 02:31:02.600 28713 28713 E /system/bin/webview_zygote32: failed to make and chown /acct/uid_99692: Permission denied
10-31 02:31:02.600 28713 28713 E Zygote  : createProcessGroup(99692, 0) failed: Permission denied
10-31 02:31:02.605   772  3041 I ActivityManager: Start proc 28713:com.android.chrome:sandboxed_process16/u0i692 for webview_service com.android.chrome/org.chromium.content.app.SandboxedProcessService16
10-31 02:31:02.632 28713 28713 I SamplingProfilerIntegration: Profiling disabled.
10-31 02:31:02.658 28726 28726 E asset   : setgid: Operation not permitted
10-31 02:31:02.699 28713 28713 I cr_SplitCompatApp: Launched version=106.0.5249.79 minSdkVersion=24 isBundle=true processName=com.android.chrome:sandboxed_process16 isIsolated=true
10-31 02:31:02.706 28713 28713 W SystemServiceRegistry: No service published for: uimode
10-31 02:31:02.720 28713 28713 I cr_ChildProcessService: Creating new ChildProcessService pid=28713
10-31 02:31:02.729 28713 28713 E WebViewFactory: can't load with relro file; address space not reserved
10-31 02:31:02.741 28713 28727 I cr_LibraryLoader: Successfully loaded native library
10-31 02:31:02.742 28713 28727 I cr_CachingUmaRecorder: Flushed 3 samples from 3 histograms.
10-31 02:31:02.801 28733 28733 W ThreadPoolForeg: type=1400 audit(0.0:12874): avc: denied { setattr } for name=5072656C6F61642044617461 dev="dm-2" ino=1504747 scontext=u:r:isolated_app:s0:c512,c768 tcontext=u:object_r:app_data_file:s0:c512,c768 tclass=file permissive=0
10-31 02:31:02.801 28733 28733 W ThreadPoolForeg: type=1400 audit(0.0:12875): avc: denied { setattr } for name="manifest.json" dev="dm-2" ino=1504748 scontext=u:r:isolated_app:s0:c512,c768 tcontext=u:object_r:app_data_file:s0:c512,c768 tclass=file permissive=0
10-31 02:31:02.804 28733 28733 W ThreadPoolForeg: type=1400 audit(0.0:12876): avc: denied { setattr } for name="verified_contents.json" dev="dm-2" ino=1504754 scontext=u:r:isolated_app:s0:c512,c768 tcontext=u:object_r:app_data_file:s0:c512,c768 tclass=file permissive=0
10-31 02:31:02.815 28713 28727 I chromium: [INFO:child_process_service.cc(69)] ChildProcessService: Exiting child process.
10-31 02:31:02.817   422   422 E lowmemorykiller: Error writing /proc/28713/oom_score_adj; errno=22
10-31 02:31:02.819   772  3041 I ActivityManager: Killing 28713:com.android.chrome:sandboxed_process16/u0a60i692 (adj 0): isolated not needed
10-31 02:31:02.819   772   790 W zygote64: failed to open /acct/uid_99692/pid_28713/cgroup.procs: No such file or directory
10-31 02:31:08.044 28736 28736 E /system/bin/webview_zygote32: failed to make and chown /acct/uid_99693: Permission denied
10-31 02:31:08.044 28736 28736 E Zygote  : createProcessGroup(99693, 0) failed: Permission denied
10-31 02:31:08.049   772 10894 I ActivityManager: Start proc 28736:com.android.chrome:sandboxed_process17/u0i693 for webview_service com.android.chrome/org.chromium.content.app.SandboxedProcessService17
10-31 02:31:08.083 28736 28736 I SamplingProfilerIntegration: Profiling disabled.
10-31 02:31:08.115 28749 28749 E asset   : setgid: Operation not permitted
10-31 02:31:08.153 28736 28736 I cr_SplitCompatApp: Launched version=106.0.5249.79 minSdkVersion=24 isBundle=true processName=com.android.chrome:sandboxed_process17 isIsolated=true
10-31 02:31:08.161 28736 28736 W SystemServiceRegistry: No service published for: uimode
10-31 02:31:08.172 28736 28736 I cr_ChildProcessService: Creating new ChildProcessService pid=28736
10-31 02:31:08.187 28736 28736 E WebViewFactory: can't load with relro file; address space not reserved
10-31 02:31:08.199 28736 28750 I cr_LibraryLoader: Successfully loaded native library
10-31 02:31:08.200 28736 28750 I cr_CachingUmaRecorder: Flushed 3 samples from 3 histograms.
10-31 02:31:08.257 28754 28754 W ThreadPoolForeg: type=1400 audit(0.0:12877): avc: denied { setattr } for name="ZW" dev="dm-2" ino=1504757 scontext=u:r:isolated_app:s0:c512,c768 tcontext=u:object_r:app_data_file:s0:c512,c768 tclass=file permissive=0
10-31 02:31:08.261 28754 28754 W ThreadPoolForeg: type=1400 audit(0.0:12878): avc: denied { setattr } for name="ZM" dev="dm-2" ino=1504758 scontext=u:r:isolated_app:s0:c512,c768 tcontext=u:object_r:app_data_file:s0:c512,c768 tclass=file permissive=0
10-31 02:31:08.264 28754 28754 W ThreadPoolForeg: type=1400 audit(0.0:12879): avc: denied { setattr } for name="ZA" dev="dm-2" ino=1504759 scontext=u:r:isolated_app:s0:c512,c768 tcontext=u:object_r:app_data_file:s0:c512,c768 tclass=file permissive=0
10-31 02:31:08.267 28754 28754 W ThreadPoolForeg: type=1400 audit(0.0:12880): avc: denied { setattr } for name="YT" dev="dm-2" ino=1504760 scontext=u:r:isolated_app:s0:c512,c768 tcontext=u:object_r:app_data_file:s0:c512,c768 tclass=file permissive=0
10-31 02:31:08.267 28754 28754 W ThreadPoolForeg: type=1400 audit(0.0:12881): avc: denied { setattr } for name="YE" dev="dm-2" ino=1504761 scontext=u:r:isolated_app:s0:c512,c768 tcontext=u:object_r:app_data_file:s0:c512,c768 tclass=file permissive=0
10-31 02:31:08.271 28754 28754 W ThreadPoolForeg: type=1400 audit(0.0:12882): avc: denied { setattr } for name="XK" dev="dm-2" ino=1504762 scontext=u:r:isolated_app:s0:c512,c768 tcontext=u:object_r:app_data_file:s0:c512,c768 tclass=file permissive=0
10-31 02:31:08.274 28754 28754 W ThreadPoolForeg: type=1400 audit(0.0:12883): avc: denied { setattr } for name="WS" dev="dm-2" ino=1504763 scontext=u:r:isolated_app:s0:c512,c768 tcontext=u:object_r:app_data_file:s0:c512,c768 tclass=file permissive=0
10-31 02:31:08.274 28754 28754 W ThreadPoolForeg: type=1400 audit(0.0:12884): avc: denied { setattr } for name="WF" dev="dm-2" ino=1504764 scontext=u:r:isolated_app:s0:c512,c768 tcontext=u:object_r:app_data_file:s0:c512,c768 tclass=file permissive=0
10-31 02:31:08.277 28754 28754 W ThreadPoolForeg: type=1400 audit(0.0:12885): avc: denied { setattr } for name="VU" dev="dm-2" ino=1504765 scontext=u:r:isolated_app:s0:c512,c768 tcontext=u:object_r:app_data_file:s0:c512,c768 tclass=file permissive=0
10-31 02:31:08.281 28754 28754 W ThreadPoolForeg: type=1400 audit(0.0:12886): avc: denied { setattr } for name="VN" dev="dm-2" ino=1504766 scontext=u:r:isolated_app:s0:c512,c768 tcontext=u:object_r:app_data_file:s0:c512,c768 tclass=file permissive=0
10-31 02:31:08.281 28754 28754 W ThreadPoolForeg: type=1400 audit(0.0:12887): avc: denied { setattr } for name="VI" dev="dm-2" ino=1504767 scontext=u:r:isolated_app:s0:c512,c768 tcontext=u:object_r:app_data_file:s0:c512,c768 tclass=file permissive=0
10-31 02:31:08.284 28754 28754 W ThreadPoolForeg: type=1400 audit(0.0:12888): avc: denied { setattr } for name="VG" dev="dm-2" ino=1504768 scontext=u:r:isolated_app:s0:c512,c768 tcontext=u:object_r:app_data_file:s0:c512,c768 tclass=file permissive=0
10-31 02:31:08.287 28754 28754 W ThreadPoolForeg: type=1400 audit(0.0:12889): avc: denied { setattr } for name="VE" dev="dm-2" ino=1504772 scontext=u:r:isolated_app:s0:c512,c768 tcontext=u:object_r:app_data_file:s0:c512,c768 tclass=file permissive=0
10-31 02:31:08.287 28754 28754 W ThreadPoolForeg: type=1400 audit(0.0:12890): avc: denied { setattr } for name="VC" dev="dm-2" ino=1504773 scontext=u:r:isolated_app:s0:c512,c768 tcontext=u:object_r:app_data_file:s0:c512,c768 tclass=file permissive=0
10-31 02:31:08.291 28754 28754 W ThreadPoolForeg: type=1400 audit(0.0:12891): avc: denied { setattr } for name="UZ" dev="dm-2" ino=1504774 scontext=u:r:isolated_app:s0:c512,c768 tcontext=u:object_r:app_data_file:s0:c512,c768 tclass=file permissive=0
10-31 02:31:08.294 28754 28754 W ThreadPoolForeg: type=1400 audit(0.0:12892): avc: denied { setattr } for name="UY" dev="dm-2" ino=1504775 scontext=u:r:isolated_app:s0:c512,c768 tcontext=u:object_r:app_data_file:s0:c512,c768 tclass=file permissive=0
10-31 02:31:08.294 28754 28754 W ThreadPoolForeg: type=1400 audit(0.0:12893): avc: denied { setattr } for name="US" dev="dm-2" ino=1504783 scontext=u:r:isolated_app:s0:c512,c768 tcontext=u:object_r:app_data_file:s0:c512,c768 tclass=file permissive=0
10-31 02:31:08.297 28754 28754 W ThreadPoolForeg: type=1400 audit(0.0:12894): avc: denied { setattr } for name="UG" dev="dm-2" ino=1504784 scontext=u:r:isolated_app:s0:c512,c768 tcontext=u:object_r:app_data_file:s0:c512,c768 tclass=file permissive=0
10-31 02:31:08.301 28754 28754 W ThreadPoolForeg: type=1400 audit(0.0:12895): avc: denied { setattr } for name="UA" dev="dm-2" ino=1504785 scontext=u:r:isolated_app:s0:c512,c768 tcontext=u:object_r:app_data_file:s0:c512,c768 tclass=file permissive=0
10-31 02:31:08.304 28754 28754 W ThreadPoolForeg: type=1400 audit(0.0:12896): avc: denied { setattr } for name="TZ" dev="dm-2" ino=1504786 scontext=u:r:isolated_app:s0:c512,c768 tcontext=u:object_r:app_data_file:s0:c512,c768 tclass=file permissive=0
10-31 02:31:08.868 28736 28750 I chromium: [INFO:child_process_service.cc(69)] ChildProcessService: Exiting child process.
10-31 02:31:08.872   422   422 E lowmemorykiller: Error writing /proc/28736/oom_score_adj; errno=22
10-31 02:31:08.874   772 20193 I ActivityManager: Killing 28736:com.android.chrome:sandboxed_process17/u0a60i693 (adj 0): isolated not needed
10-31 02:31:08.875   772   790 W zygote64: failed to open /acct/uid_99693/pid_28736/cgroup.procs: No such file or directory
10-31 02:31:15.274 28759 28759 E /system/bin/webview_zygote32: failed to make and chown /acct/uid_99694: Permission denied
10-31 02:31:15.274 28759 28759 E Zygote  : createProcessGroup(99694, 0) failed: Permission denied
10-31 02:31:15.279   772 32228 I ActivityManager: Start proc 28759:com.android.chrome:sandboxed_process18/u0i694 for webview_service com.android.chrome/org.chromium.content.app.SandboxedProcessService18
10-31 02:31:15.321 28759 28759 I SamplingProfilerIntegration: Profiling disabled.
10-31 02:31:15.356 28772 28772 E asset   : setgid: Operation not permitted
10-31 02:31:15.399 28759 28759 I cr_SplitCompatApp: Launched version=106.0.5249.79 minSdkVersion=24 isBundle=true processName=com.android.chrome:sandboxed_process18 isIsolated=true
10-31 02:31:15.405 28759 28759 W SystemServiceRegistry: No service published for: uimode
10-31 02:31:15.419 28759 28759 I cr_ChildProcessService: Creating new ChildProcessService pid=28759
10-31 02:31:15.427 28759 28759 E WebViewFactory: can't load with relro file; address space not reserved
10-31 02:31:15.439 28759 28773 I cr_LibraryLoader: Successfully loaded native library
10-31 02:31:15.441 28759 28773 I cr_CachingUmaRecorder: Flushed 3 samples from 3 histograms.
10-31 02:31:15.487 28777 28777 W ThreadPoolForeg: type=1400 audit(0.0:13106): avc: denied { setattr } for name="list.pb" dev="dm-2" ino=1505115 scontext=u:r:isolated_app:s0:c512,c768 tcontext=u:object_r:app_data_file:s0:c512,c768 tclass=file permissive=0
10-31 02:31:15.491 28777 28777 W ThreadPoolForeg: type=1400 audit(0.0:13107): avc: denied { setattr } for name="manifest.json" dev="dm-2" ino=1505117 scontext=u:r:isolated_app:s0:c512,c768 tcontext=u:object_r:app_data_file:s0:c512,c768 tclass=file permissive=0
10-31 02:31:15.494 28777 28777 W ThreadPoolForeg: type=1400 audit(0.0:13108): avc: denied { setattr } for name="verified_contents.json" dev="dm-2" ino=1505119 scontext=u:r:isolated_app:s0:c512,c768 tcontext=u:object_r:app_data_file:s0:c512,c768 tclass=file permissive=0
10-31 02:31:15.508 28759 28773 I chromium: [INFO:child_process_service.cc(69)] ChildProcessService: Exiting child process.
10-31 02:31:15.513   422   422 E lowmemorykiller: Error writing /proc/28759/oom_score_adj; errno=22
10-31 02:31:15.513   772 32228 I ActivityManager: Killing 28759:com.android.chrome:sandboxed_process18/u0a60i694 (adj 0): isolated not needed
10-31 02:31:15.514   772   790 W zygote64: failed to open /acct/uid_99694/pid_28759/cgroup.procs: No such file or directory
10-31 02:31:22.340 28781 28781 E /system/bin/webview_zygote32: failed to make and chown /acct/uid_99695: Permission denied
10-31 02:31:22.340 28781 28781 E Zygote  : createProcessGroup(99695, 0) failed: Permission denied
10-31 02:31:22.345   772 20193 I ActivityManager: Start proc 28781:com.android.chrome:sandboxed_process19/u0i695 for webview_service com.android.chrome/org.chromium.content.app.SandboxedProcessService19
10-31 02:31:22.377 28781 28781 I SamplingProfilerIntegration: Profiling disabled.
10-31 02:31:22.408 28794 28794 E asset   : setgid: Operation not permitted
10-31 02:31:22.454 28781 28781 I cr_SplitCompatApp: Launched version=106.0.5249.79 minSdkVersion=24 isBundle=true processName=com.android.chrome:sandboxed_process19 isIsolated=true
10-31 02:31:22.462 28781 28781 W SystemServiceRegistry: No service published for: uimode
10-31 02:31:22.477 28781 28781 I cr_ChildProcessService: Creating new ChildProcessService pid=28781
10-31 02:31:22.488 28781 28781 E WebViewFactory: can't load with relro file; address space not reserved
10-31 02:31:22.502 28781 28795 I cr_LibraryLoader: Successfully loaded native library
10-31 02:31:22.506 28781 28795 I cr_CachingUmaRecorder: Flushed 3 samples from 3 histograms.
10-31 02:31:22.557 28799 28799 W ThreadPoolForeg: type=1400 audit(0.0:13109): avc: denied { setattr } for name="client_model.pb" dev="dm-2" ino=1505122 scontext=u:r:isolated_app:s0:c512,c768 tcontext=u:object_r:app_data_file:s0:c512,c768 tclass=file permissive=0
10-31 02:31:22.577 28799 28799 W ThreadPoolForeg: type=1400 audit(0.0:13110): avc: denied { setattr } for name="visual_model.tflite" dev="dm-2" ino=1505123 scontext=u:r:isolated_app:s0:c512,c768 tcontext=u:object_r:app_data_file:s0:c512,c768 tclass=file permissive=0
10-31 02:31:22.581 28799 28799 W ThreadPoolForeg: type=1400 audit(0.0:13111): avc: denied { setattr } for name="manifest.json" dev="dm-2" ino=1505124 scontext=u:r:isolated_app:s0:c512,c768 tcontext=u:object_r:app_data_file:s0:c512,c768 tclass=file permissive=0
10-31 02:31:22.587 28799 28799 W ThreadPoolForeg: type=1400 audit(0.0:13112): avc: denied { setattr } for name="verified_contents.json" dev="dm-2" ino=1505160 scontext=u:r:isolated_app:s0:c512,c768 tcontext=u:object_r:app_data_file:s0:c512,c768 tclass=file permissive=0
10-31 02:31:22.599 28781 28795 I chromium: [INFO:child_process_service.cc(69)] ChildProcessService: Exiting child process.
10-31 02:31:22.602   422   422 E lowmemorykiller: Error writing /proc/28781/oom_score_adj; errno=22
10-31 02:31:22.602   772 10893 I ActivityManager: Killing 28781:com.android.chrome:sandboxed_process19/u0a60i695 (adj 0): isolated not needed
10-31 02:31:22.604   772   790 W zygote64: failed to open /acct/uid_99695/pid_28781/cgroup.procs: No such file or directory
10-31 02:31:29.891 28803 28803 E /system/bin/webview_zygote32: failed to make and chown /acct/uid_99696: Permission denied
10-31 02:31:29.891 28803 28803 E Zygote  : createProcessGroup(99696, 0) failed: Permission denied
10-31 02:31:29.896   772  4539 I ActivityManager: Start proc 28803:com.android.chrome:sandboxed_process20/u0i696 for webview_service com.android.chrome/org.chromium.content.app.SandboxedProcessService20
10-31 02:31:29.939 28803 28803 I SamplingProfilerIntegration: Profiling disabled.
10-31 02:31:29.974 28816 28816 E asset   : setgid: Operation not permitted
10-31 02:31:30.015 28803 28803 I cr_SplitCompatApp: Launched version=106.0.5249.79 minSdkVersion=24 isBundle=true processName=com.android.chrome:sandboxed_process20 isIsolated=true
10-31 02:31:30.022 28803 28803 W SystemServiceRegistry: No service published for: uimode
10-31 02:31:30.034 28803 28803 I cr_ChildProcessService: Creating new ChildProcessService pid=28803
10-31 02:31:30.046 28803 28803 E WebViewFactory: can't load with relro file; address space not reserved
10-31 02:31:30.082 28803 28817 I cr_LibraryLoader: Successfully loaded native library
10-31 02:31:30.083 28803 28817 I cr_CachingUmaRecorder: Flushed 3 samples from 3 histograms.
10-31 02:31:30.124 28822 28822 W ThreadPoolForeg: type=1400 audit(0.0:13113): avc: denied { setattr } for name="sets.json" dev="dm-2" ino=1505170 scontext=u:r:isolated_app:s0:c512,c768 tcontext=u:object_r:app_data_file:s0:c512,c768 tclass=file permissive=0
10-31 02:31:30.127 28822 28822 W ThreadPoolForeg: type=1400 audit(0.0:13114): avc: denied { setattr } for name="manifest.json" dev="dm-2" ino=1505171 scontext=u:r:isolated_app:s0:c512,c768 tcontext=u:object_r:app_data_file:s0:c512,c768 tclass=file permissive=0
10-31 02:31:30.127 28822 28822 W ThreadPoolForeg: type=1400 audit(0.0:13115): avc: denied { setattr } for name="LICENSE" dev="dm-2" ino=1505172 scontext=u:r:isolated_app:s0:c512,c768 tcontext=u:object_r:app_data_file:s0:c512,c768 tclass=file permissive=0
10-31 02:31:30.134 28822 28822 W ThreadPoolForeg: type=1400 audit(0.0:13116): avc: denied { setattr } for name="verified_contents.json" dev="dm-2" ino=1505174 scontext=u:r:isolated_app:s0:c512,c768 tcontext=u:object_r:app_data_file:s0:c512,c768 tclass=file permissive=0
10-31 02:31:30.142 28803 28817 I chromium: [INFO:child_process_service.cc(69)] ChildProcessService: Exiting child process.
10-31 02:31:30.144   422   422 E lowmemorykiller: Error writing /proc/28803/oom_score_adj; errno=22
10-31 02:31:30.145   772  2970 I ActivityManager: Killing 28803:com.android.chrome:sandboxed_process20/u0a60i696 (adj 0): isolated not needed
10-31 02:31:30.145   772   790 W zygote64: failed to open /acct/uid_99696/pid_28803/cgroup.procs: No such file or directory
10-31 02:31:45.384   772   791 E BatteryStatsService: no controller energy info supplied
10-31 02:32:48.208   568   716 I Netd    : Destroyed 9 sockets for UidRanges{ 10000-2147483647 } skip={1000 1001 1027 2000 10005 10008 10012 10015 10017 10020 10041 10045} in 2.3 ms
10-31 02:32:48.223   772   791 E BatteryStatsService: no controller energy info supplied
10-31 02:33:57.479  3960 28826 E WakeLock: GCM_HB_ALARM release without a matched acquire!
10-31 02:33:47.628   772   791 I chatty  : uid=1000(system) batterystats-sy identical 3 lines
10-31 02:33:47.927   772   791 E BatteryStatsService: no controller energy info supplied
10-31 02:34:07.576   772   787 I ProcessStatsService: Pruning old procstats: /data/system/procstats/state-2022-10-29-23-59-25.bin
10-31 02:34:12.695   772   791 E BatteryStatsService: no controller energy info supplied
10-31 02:34:44.356 13542 13542 D BoundBrokerSvc: onUnbind: Intent { act=com.google.android.gms.auth.key.retrieval.service.START dat=chimera-action:com.google.android.gms.auth.key.retrieval.service.START cmp=com.google.android.gms/.chimera.GmsApiService }
10-31 02:37:00.251   926   942 I zygote64: Background concurrent copying GC freed 126929(4MB) AllocSpace objects, 0(0B) LOS objects, 49% free, 5MB/10MB, paused 679us total 187.301ms
10-31 02:35:29.294   772   791 I chatty  : uid=1000(system) batterystats-sy identical 5 lines
10-31 02:35:44.318   772   791 E BatteryStatsService: no controller energy info supplied
10-31 02:38:16.209   772   791 E BatteryStatsService: no controller energy info supplied
10-31 02:39:47.630  3960 28035 E WakeLock: GCM_HB_ALARM release without a matched acquire!
10-31 02:38:31.252   772   791 E BatteryStatsService: no controller energy info supplied
10-31 02:39:47.649   772   791 E BatteryStatsService: no controller energy info supplied
10-31 02:40:02.778   772   791 E BatteryStatsService: no controller energy info supplied
10-31 02:41:59.347   772   791 E BatteryStatsService: no controller energy info supplied
10-31 02:42:14.401   772   791 E BatteryStatsService: no controller energy info supplied
10-31 02:44:00.200   772   787 I UsageStatsService: User[0] Flushing usage stats to disk
10-31 02:44:06.736   772   791 E BatteryStatsService: no controller energy info supplied
10-31 02:45:37.760  3960 28035 E WakeLock: GCM_HB_ALARM release without a matched acquire!
10-31 02:47:53.362  3960 28826 I NetworkScheduler.Stats: Task com.google.android.gms/com.google.android.gms.auth.account.be.accountstate.GcmTaskService started execution. cause:11 exec_start_elapsed_seconds: 1056927 [CONTEXT service_id=218 ]
10-31 02:47:53.412  3960 28826 I NetworkScheduler.Stats: Task com.google.android.gms/com.google.android.gms.auth.account.be.accountstate.GcmTaskService finished executing. cause:11 result: 1 elapsed_millis: 70 uptime_millis: 69 exec_start_elapsed_seconds: 1056927 [CONTEXT service_id=218 ]
10-31 02:47:53.482  3960 28849 I NetworkScheduler.Stats: Task com.google.android.gms/com.google.android.gms.ipa.base.IpaGcmTaskService started execution. cause:5 exec_start_elapsed_seconds: 1056927 [CONTEXT service_id=218 ]
10-31 02:47:53.498 13542 28850 I GmscoreIpa: Starting mediastore batch index [CONTEXT service_id=255 ]
10-31 02:47:53.519  3960 28826 I NetworkScheduler.Stats: Task com.google.android.gms/com.google.android.gms.checkin.EventLogService started execution. cause:5 exec_start_elapsed_seconds: 1056927 [CONTEXT service_id=218 ]
10-31 02:47:53.527 13542 27494 I GmscoreIpa: Bulk mediastore status = true [CONTEXT service_id=255 ]
10-31 02:47:53.530  3960  4284 I NetworkScheduler: ignoring stale queue check message
10-31 02:47:53.533  3960 28849 I NetworkScheduler.Stats: Task com.google.android.gms/com.google.android.gms.ipa.base.IpaGcmTaskService finished executing. cause:5 result: 1 elapsed_millis: 79 uptime_millis: 79 exec_start_elapsed_seconds: 1056927 [CONTEXT service_id=218 ]
10-31 02:47:53.571 13542 27495 I Checkin : [EventLogChimeraService] Opted in for usage reporting: false
10-31 02:47:53.572 13542 27495 I Checkin : [EventLogChimeraService] Aggregate from 1667179436894 (log), 1667179436894 (data)
10-31 02:47:53.586  3960 28826 I NetworkScheduler.Stats: Task com.google.android.gms/com.google.android.gms.instantapps.routing.DomainFilterUpdateService started execution. cause:5 exec_start_elapsed_seconds: 1056927 [CONTEXT service_id=218 ]
10-31 02:45:37.775   772   791 I chatty  : uid=1000(system) batterystats-sy identical 4 lines
10-31 02:45:52.909   772   791 E BatteryStatsService: no controller energy info supplied
10-31 02:47:53.592   772 10860 W ActivityManager: Unable to start service Intent { act=com.android.vending.contentfilters.IContentFiltersService.BIND pkg=com.android.vending } U=0: not found
10-31 02:47:53.594  3960 28035 E DomainFilterImpl: Error while reading domain filter from WHAPI [CONTEXT service_id=121 ]
10-31 02:47:53.594  3960 28035 E DomainFilterImpl: java.util.concurrent.ExecutionException: apcq: Unable to read Finsky Content Filter settings
10-31 02:47:53.594  3960 28035 E DomainFilterImpl: 	at java.util.concurrent.FutureTask.report(FutureTask.java:123)
10-31 02:47:53.594  3960 28035 E DomainFilterImpl: 	at java.util.concurrent.FutureTask.get(FutureTask.java:193)
10-31 02:47:53.594  3960 28035 E DomainFilterImpl: 	at aakm.get(:com.google.android.gms@223616019@22.36.16 (040400-476895098):2)
10-31 02:47:53.594  3960 28035 E DomainFilterImpl: 	at aphs.t(:com.google.android.gms@223616019@22.36.16 (040400-476895098):8)
10-31 02:47:53.594  3960 28035 E DomainFilterImpl: 	at aphs.d(:com.google.android.gms@223616019@22.36.16 (040400-476895098):8)
10-31 02:47:53.594  3960 28035 E DomainFilterImpl: 	at aphl.d(:com.google.android.gms@223616019@22.36.16 (040400-476895098):0)
10-31 02:47:53.594  3960 28035 E DomainFilterImpl: 	at com.google.android.gms.instantapps.routing.DomainFilterUpdateChimeraService.a(:com.google.android.gms@223616019@22.36.16 (040400-476895098):22)
10-31 02:47:53.594  3960 28035 E DomainFilterImpl: 	at arox.call(:com.google.android.gms@223616019@22.36.16 (040400-476895098):4)
10-31 02:47:53.594  3960 28035 E DomainFilterImpl: 	at java.util.concurrent.FutureTask.run(FutureTask.java:266)
10-31 02:47:53.594  3960 28035 E DomainFilterImpl: 	at aarl.c(:com.google.android.gms@223616019@22.36.16 (040400-476895098):6)
10-31 02:47:53.594  3960 28035 E DomainFilterImpl: 	at aarl.run(:com.google.android.gms@223616019@22.36.16 (040400-476895098):7)
10-31 02:47:53.594  3960 28035 E DomainFilterImpl: 	at java.util.concurrent.ThreadPoolExecutor.runWorker(ThreadPoolExecutor.java:1162)
10-31 02:47:53.594  3960 28035 E DomainFilterImpl: 	at java.util.concurrent.ThreadPoolExecutor$Worker.run(ThreadPoolExecutor.java:636)
10-31 02:47:53.594  3960 28035 E DomainFilterImpl: 	at aaws.run(:com.google.android.gms@223616019@22.36.16 (040400-476895098):0)
10-31 02:47:53.594  3960 28035 E DomainFilterImpl: 	at java.lang.Thread.run(Thread.java:764)
10-31 02:47:53.594  3960 28035 E DomainFilterImpl: Caused by: apcq: Unable to read Finsky Content Filter settings
10-31 02:47:53.594  3960 28035 E DomainFilterImpl: 	at apcs.b(:com.google.android.gms@223616019@22.36.16 (040400-476895098):7)
10-31 02:47:53.594  3960 28035 E DomainFilterImpl: 	at apcd.a(:com.google.android.gms@223616019@22.36.16 (040400-476895098):2)
10-31 02:47:53.594  3960 28035 E DomainFilterImpl: 	at aakk.call(:com.google.android.gms@223616019@22.36.16 (040400-476895098):2)
10-31 02:47:53.594  3960 28035 E DomainFilterImpl: 	... 7 more
10-31 02:47:53.594  3960 28035 W DomainFilterUpdateChime: Retry later [CONTEXT service_id=121 ]
10-31 02:47:53.597  3960 28849 I NetworkScheduler.Stats: Task com.google.android.gms/com.google.android.gms.instantapps.routing.DomainFilterUpdateService finished executing. cause:5 result: 3 elapsed_millis: 29 uptime_millis: 28 exec_start_elapsed_seconds: 1056927 [CONTEXT service_id=218 ]
10-31 02:47:53.645  3960  3960 D BoundBrokerSvc: onBind: Intent { act=com.google.android.contextmanager.service.ContextManagerLogsUploadBoundService.ACTION_TASK_READY dat=chimera-action:com.google.android.contextmanager.service.ContextManagerLogsUploadBoundService.ACTION_TASK_READY cmp=com.google.android.gms/.chimera.PersistentInternalBoundBrokerService }
10-31 02:47:53.645  3960  3960 D BoundBrokerSvc: Loading bound service for intent: Intent { act=com.google.android.contextmanager.service.ContextManagerLogsUploadBoundService.ACTION_TASK_READY dat=chimera-action:com.google.android.contextmanager.service.ContextManagerLogsUploadBoundService.ACTION_TASK_READY cmp=com.google.android.gms/.chimera.PersistentInternalBoundBrokerService }
10-31 02:47:53.650  3960 28035 I NetworkScheduler.Stats: Task com.google.android.gms/com.google.android.contextmanager.service.ContextManagerLogsUploadBoundService started execution. cause:5 exec_start_elapsed_seconds: 1056927 [CONTEXT service_id=218 ]
10-31 02:47:53.653  3960 28849 I NetworkScheduler.Stats: Task com.google.android.gms/com.google.android.contextmanager.service.ContextManagerLogsUploadBoundService finished executing. cause:5 result: 1 elapsed_millis: 10 uptime_millis: 11 exec_start_elapsed_seconds: 1056927 [CONTEXT service_id=218 ]
10-31 02:47:53.655  3960  3960 D BoundBrokerSvc: onUnbind: Intent { act=com.google.android.contextmanager.service.ContextManagerLogsUploadBoundService.ACTION_TASK_READY dat=chimera-action:com.google.android.contextmanager.service.ContextManagerLogsUploadBoundService.ACTION_TASK_READY cmp=com.google.android.gms/.chimera.PersistentInternalBoundBrokerService }
10-31 02:47:53.708 13542 28852 I GmscoreIpa: Batch indexing status=true [CONTEXT service_id=255 ]
10-31 02:47:53.716   772   788 W BroadcastQueue: Background execution not allowed: receiving Intent { act=android.intent.action.DROPBOX_ENTRY_ADDED flg=0x10 (has extras) } to com.google.android.gms/.stats.service.DropBoxEntryAddedReceiver
10-31 02:47:53.716   772   788 W BroadcastQueue: Background execution not allowed: receiving Intent { act=android.intent.action.DROPBOX_ENTRY_ADDED flg=0x10 (has extras) } to com.google.android.gms/.chimera.GmsIntentOperationService$PersistentTrustedReceiver
10-31 02:47:53.736  3960 28849 I NetworkScheduler.Stats: Task com.google.android.gms/com.google.android.gms.gass.chimera.SchedulePeriodicTasksService started execution. cause:5 exec_start_elapsed_seconds: 1056927 [CONTEXT service_id=218 ]
10-31 02:47:53.761 13542 27495 I Checkin : [ServiceDumpSys] dumping service [account]
10-31 02:47:53.778   772   788 W BroadcastQueue: Background execution not allowed: receiving Intent { act=android.intent.action.DROPBOX_ENTRY_ADDED flg=0x10 (has extras) } to com.google.android.gms/.stats.service.DropBoxEntryAddedReceiver
10-31 02:47:53.778   772   788 W BroadcastQueue: Background execution not allowed: receiving Intent { act=android.intent.action.DROPBOX_ENTRY_ADDED flg=0x10 (has extras) } to com.google.android.gms/.chimera.GmsIntentOperationService$PersistentTrustedReceiver
10-31 02:47:53.783  3960 28035 I NetworkScheduler.Stats: Task com.google.android.gms/com.google.android.gms.checkin.EventLogService finished executing. cause:5 result: 1 elapsed_millis: 290 uptime_millis: 291 exec_start_elapsed_seconds: 1056927 [CONTEXT service_id=218 ]
10-31 02:47:53.813  3960 28035 I NetworkScheduler.Stats: Task com.google.android.gms/com.google.android.gms.gass.chimera.SchedulePeriodicTasksService finished executing. cause:5 result: 1 elapsed_millis: 104 uptime_millis: 103 exec_start_elapsed_seconds: 1056927 [CONTEXT service_id=218 ]
10-31 02:47:56.308   772   791 E BatteryStatsService: no controller energy info supplied
10-31 02:48:11.355   772   791 E BatteryStatsService: no controller energy info supplied
10-31 02:49:12.193   772   791 E BatteryStatsService: no controller energy info supplied
10-31 02:51:27.890  3960 28826 E WakeLock: GCM_HB_ALARM release without a matched acquire!
10-31 02:49:27.192   772   791 E BatteryStatsService: no controller energy info supplied
10-31 02:51:27.903   772   791 E BatteryStatsService: no controller energy info supplied
10-31 02:51:43.041   772   791 E BatteryStatsService: no controller energy info supplied
10-31 02:53:03.823   772   791 E BatteryStatsService: no controller energy info supplied
10-31 02:53:18.883   772   791 E BatteryStatsService: no controller energy info supplied
10-31 02:54:40.082   772   791 E BatteryStatsService: no controller energy info supplied
10-31 02:57:18.029  3960 28849 E WakeLock: GCM_HB_ALARM release without a matched acquire!
10-31 02:54:55.095   772   791 E BatteryStatsService: no controller energy info supplied
10-31 02:57:18.045   772   791 E BatteryStatsService: no controller energy info supplied
10-31 02:58:37.148   568   713 D MDnsDS  : MDnsSdListener::Monitor poll timed out
10-31 02:58:37.148   568   713 D MDnsDS  : Going to poll with pollCount 1
10-31 02:57:33.174   772   791 E BatteryStatsService: no controller energy info supplied
10-31 02:59:21.578   772   791 E BatteryStatsService: no controller energy info supplied
10-31 03:03:08.166  3960 28826 E WakeLock: GCM_HB_ALARM release without a matched acquire!
10-31 02:59:36.585   772   791 E BatteryStatsService: no controller energy info supplied
10-31 03:03:08.181   772   791 E BatteryStatsService: no controller energy info supplied
10-31 03:03:23.306   772   791 E BatteryStatsService: no controller energy info supplied
10-31 03:05:02.885   772   791 E BatteryStatsService: no controller energy info supplied
10-31 03:05:32.486   772   791 I chatty  : uid=1000(system) batterystats-sy identical 2 lines
10-31 03:05:47.520   772   791 E BatteryStatsService: no controller energy info supplied
10-31 03:06:57.892   772   791 E BatteryStatsService: no controller energy info supplied
10-31 03:08:58.302  3960 28849 E WakeLock: GCM_HB_ALARM release without a matched acquire!
10-31 03:07:12.906   772   791 E BatteryStatsService: no controller energy info supplied
10-31 03:08:58.318   772   791 E BatteryStatsService: no controller energy info supplied
10-31 03:09:31.786   772   791 I chatty  : uid=1000(system) batterystats-sy identical 2 lines
10-31 03:09:46.825   772   791 E BatteryStatsService: no controller energy info supplied
10-31 03:14:29.668   772   791 E BatteryStatsService: no controller energy info supplied
10-31 03:14:48.433  3960 28860 E WakeLock: GCM_HB_ALARM release without a matched acquire!
10-31 03:14:48.450   772   791 I chatty  : uid=1000(system) batterystats-sy identical 2 lines
10-31 03:15:03.628   772   791 E BatteryStatsService: no controller energy info supplied
10-31 03:16:16.377   772   791 E BatteryStatsService: no controller energy info supplied
10-31 03:16:31.413   772   791 E BatteryStatsService: no controller energy info supplied
10-31 03:19:12.191   772   791 E BatteryStatsService: no controller energy info supplied
10-31 03:20:38.590  3960 28826 E WakeLock: GCM_HB_ALARM release without a matched acquire!
10-31 03:19:27.253   772   791 E BatteryStatsService: no controller energy info supplied
10-31 03:20:38.605   772   791 E BatteryStatsService: no controller energy info supplied
10-31 03:20:53.759   772   791 E BatteryStatsService: no controller energy info supplied
10-31 03:22:00.131   772   791 E BatteryStatsService: no controller energy info supplied
10-31 03:22:15.148   772   791 E BatteryStatsService: no controller energy info supplied
10-31 03:24:46.532   772   791 E BatteryStatsService: no controller energy info supplied
10-31 03:26:28.722  3960 28860 E WakeLock: GCM_HB_ALARM release without a matched acquire!
10-31 03:25:01.550   772   791 E BatteryStatsService: no controller energy info supplied
10-31 03:26:28.735   772   791 E BatteryStatsService: no controller energy info supplied
10-31 03:26:43.898   772   791 E BatteryStatsService: no controller energy info supplied
10-31 03:28:09.699   772   791 E BatteryStatsService: no controller energy info supplied
10-31 03:28:24.745   772   791 E BatteryStatsService: no controller energy info supplied
10-31 03:30:20.973   772   791 E BatteryStatsService: no controller energy info supplied
10-31 03:30:35.998   772   791 E BatteryStatsService: no controller energy info supplied
10-31 03:30:41.262   772   772 I ActivityManager: Start proc 28914:com.google.android.googlequicksearchbox:search/u0a45 for service com.google.android.googlequicksearchbox/com.google.android.apps.gsa.tasks.BackgroundTasksJobService
10-31 03:30:41.336  3960 28849 I NetworkScheduler.Stats: Task com.google.android.gms/com.google.android.gms.checkin.EventLogService started execution. cause:11 exec_start_elapsed_seconds: 1059495 [CONTEXT service_id=218 ]
10-31 03:30:41.350 13542 27495 I Checkin : [EventLogChimeraService] Opted in for usage reporting: false
10-31 03:30:41.350 13542 27495 I Checkin : [EventLogChimeraService] Aggregate from 1667180873572 (log), 1667180873572 (data)
10-31 03:30:41.422   772   788 W BroadcastQueue: Background execution not allowed: receiving Intent { act=android.intent.action.DROPBOX_ENTRY_ADDED flg=0x10 (has extras) } to com.google.android.gms/.stats.service.DropBoxEntryAddedReceiver
10-31 03:30:41.422   772   788 W BroadcastQueue: Background execution not allowed: receiving Intent { act=android.intent.action.DROPBOX_ENTRY_ADDED flg=0x10 (has extras) } to com.google.android.gms/.chimera.GmsIntentOperationService$PersistentTrustedReceiver
10-31 03:30:41.492  3960 28849 I LockboxService: Completed task: true [CONTEXT service_id=26 ]
10-31 03:30:41.502 13542 27495 I Checkin : [ServiceDumpSys] dumping service [account]
10-31 03:30:41.518   772   788 W BroadcastQueue: Background execution not allowed: receiving Intent { act=android.intent.action.DROPBOX_ENTRY_ADDED flg=0x10 (has extras) } to com.google.android.gms/.stats.service.DropBoxEntryAddedReceiver
10-31 03:30:41.518   772   788 W BroadcastQueue: Background execution not allowed: receiving Intent { act=android.intent.action.DROPBOX_ENTRY_ADDED flg=0x10 (has extras) } to com.google.android.gms/.chimera.GmsIntentOperationService$PersistentTrustedReceiver
10-31 03:30:41.532  3960 28860 I NetworkScheduler.Stats: Task com.google.android.gms/com.google.android.gms.checkin.EventLogService finished executing. cause:11 result: 1 elapsed_millis: 221 uptime_millis: 222 exec_start_elapsed_seconds: 1059495 [CONTEXT service_id=218 ]
10-31 03:30:41.591 13542 13542 D BoundBrokerSvc: onBind: Intent { act=com.google.android.gms.security.snet.TelecomTaskService.ACTION_TASK_READY dat=chimera-action:com.google.android.gms.security.snet.TelecomTaskService.ACTION_TASK_READY cmp=com.google.android.gms/.chimera.GmsInternalBoundBrokerService }
10-31 03:30:41.591 13542 13542 D BoundBrokerSvc: Loading bound service for intent: Intent { act=com.google.android.gms.security.snet.TelecomTaskService.ACTION_TASK_READY dat=chimera-action:com.google.android.gms.security.snet.TelecomTaskService.ACTION_TASK_READY cmp=com.google.android.gms/.chimera.GmsInternalBoundBrokerService }
10-31 03:30:41.611  3960 28860 I NetworkScheduler.Stats: Task com.google.android.gms/com.google.android.gms.security.snet.TelecomTaskService started execution. cause:5 exec_start_elapsed_seconds: 1059495 [CONTEXT service_id=218 ]
10-31 03:30:41.633  3960 28849 I NetworkScheduler.Stats: Task com.google.android.gms/com.google.android.gms.clearcut.uploader.QosUploaderService started execution. cause:5 exec_start_elapsed_seconds: 1059495 [CONTEXT service_id=218 ]
10-31 03:30:41.703 13542 13542 D BoundBrokerSvc: onUnbind: Intent { act=com.google.android.gms.security.snet.TelecomTaskService.ACTION_TASK_READY dat=chimera-action:com.google.android.gms.security.snet.TelecomTaskService.ACTION_TASK_READY cmp=com.google.android.gms/.chimera.GmsInternalBoundBrokerService }
10-31 03:30:41.705  3960 28860 I NetworkScheduler.Stats: Task com.google.android.gms/com.google.android.gms.security.snet.TelecomTaskService finished executing. cause:5 result: 1 elapsed_millis: 117 uptime_millis: 117 exec_start_elapsed_seconds: 1059495 [CONTEXT service_id=218 ]
10-31 03:30:41.749 28914 28924 I zygote64: Background concurrent copying GC freed 2797(1011KB) AllocSpace objects, 1(24KB) LOS objects, 57% free, 1151KB/2MB, paused 2.035ms total 105.712ms
10-31 03:30:41.812  3960 28860 I NetworkScheduler.Stats: Task com.google.android.gms/com.google.android.gms.clearcut.uploader.QosUploaderService started execution. cause:5 exec_start_elapsed_seconds: 1059495 [CONTEXT service_id=218 ]
10-31 03:30:41.813  3960 28860 I NetworkScheduler.Stats: Task com.google.android.gms/com.google.android.gms.clearcut.uploader.QosUploaderService finished executing. cause:5 result: 1 elapsed_millis: 182 uptime_millis: 182 exec_start_elapsed_seconds: 1059495 [CONTEXT service_id=218 ]
10-31 03:30:41.839 28914 28914 I MicroDetectionWorker: #initializeDataManager [recognitionLocale: en-US, isForced: false, initGHRecognizer: false]
10-31 03:30:41.857   772 10893 W ActivityManager: Unable to start service Intent { act=com.google.android.gms.speech.service.START pkg=com.google.android.gms } U=0: not found
10-31 03:30:41.858   772  1327 W ActivityManager: Unbind failed: could not find connection for android.os.BinderProxy@57f55e2
10-31 03:30:41.859 28914 28952 E GmsClient: unable to connect to service: com.google.android.gms.speech.service.START on com.google.android.gms
10-31 03:30:41.891  3960 28849 I NetworkScheduler.Stats: Task com.google.android.gms/com.google.android.gms.measurement.PackageMeasurementTaskService started execution. cause:5 exec_start_elapsed_seconds: 1059496 [CONTEXT service_id=218 ]
10-31 03:30:41.931   772   791 E BatteryStatsService: no controller energy info supplied
10-31 03:30:41.934 28914 28941 I WebViewFactory: Loading com.android.chrome version 106.0.5249.79 (code 524907923)
10-31 03:30:42.002 28914 28941 W linker  : "/data/app/com.android.chrome-6miXT7Rhe2HDjAcD6FuDPg==/base.apk!/lib/arm64-v8a/libmonochrome.so" unused DT entry: type 0x70000001 arg 0x0
10-31 03:30:42.125 28914 28941 I zygote64: Rejecting re-init on previously-failed class java.lang.Class<Se2>: java.lang.NoClassDefFoundError: Failed resolution of: Landroid/webkit/PacProcessor;
10-31 03:30:42.125 28914 28941 I zygote64:   at java.lang.Class java.lang.Class.classForName(java.lang.String, boolean, java.lang.ClassLoader) (Class.java:-2)
10-31 03:30:42.125 28914 28941 I zygote64:   at java.lang.Class java.lang.Class.forName(java.lang.String, boolean, java.lang.ClassLoader) (Class.java:453)
10-31 03:30:42.125 28914 28941 I zygote64:   at java.lang.Class android.webkit.WebViewFactory.getWebViewProviderClass(java.lang.ClassLoader) (WebViewFactory.java:150)
10-31 03:30:42.125 28914 28941 I zygote64:   at java.lang.Class android.webkit.WebViewFactory.getProviderClass() (WebViewFactory.java:417)
10-31 03:30:42.125 28914 28941 I zygote64:   at android.webkit.WebViewFactoryProvider android.webkit.WebViewFactory.getProvider() (WebViewFactory.java:211)
10-31 03:30:42.125 28914 28941 I zygote64:   at android.webkit.CookieManager android.webkit.CookieManager.getInstance() (CookieManager.java:39)
10-31 03:30:42.125 28914 28941 I zygote64:   at boolean com.google.android.apps.gsa.search.core.q.a.a.o.Oq() (SourceFile:32)
10-31 03:30:42.125 28914 28941 I zygote64:   at com.google.android.apps.gsa.search.core.q.a.a com.google.android.apps.gsa.search.core.q.a.a.o.dE(java.lang.String) (SourceFile:86)
10-31 03:30:42.125 28914 28941 I zygote64:   at com.google.android.apps.gsa.search.core.q.a.a com.google.android.apps.gsa.search.core.q.a.a.o.dz(java.lang.String) (SourceFile:54)
10-31 03:30:42.125 28914 28941 I zygote64:   at boolean com.google.android.apps.gsa.search.core.google.u.a(android.net.Uri, java.util.Map) (SourceFile:11)
10-31 03:30:42.125 28914 28941 I zygote64:   at com.google.android.apps.gsa.search.shared.api.UriRequest com.google.android.apps.gsa.search.core.google.dc.a(com.google.android.apps.gsa.search.core.google.dd) (SourceFile:42)
10-31 03:30:42.125 28914 28941 I zygote64:   at com.google.android.apps.gsa.search.shared.api.UriRequest com.google.android.apps.gsa.search.core.google.cv.t(com.google.android.apps.gsa.shared.search.Query) (SourceFile:204)
10-31 03:30:42.125 28914 28941 I zygote64:   at com.google.android.apps.gsa.search.core.google.a.g com.google.android.apps.gsa.search.core.google.a.h.e(com.google.android.apps.gsa.shared.search.Query, boolean) (SourceFile:18)
10-31 03:30:42.125 28914 28941 I zygote64:   at com.google.android.apps.gsa.taskgraph.Done com.google.android.apps.gsa.searchbox.client.gsa.a.d.aiq() (SourceFile:15)
