10-31 15:18:30.148   772   790 W zygote64: failed to open /acct/uid_99537/pid_13114/cgroup.procs: No such file or directory
10-31 15:18:30.150 12948 12976 I tflite  : Initialized TensorFlow Lite runtime.
10-31 15:18:30.158 12369 12369 W chromium: [WARNING:compositor_view.cc(342)] Child process died (type=6) pid=13128)
10-31 15:18:30.181 13183 13183 I SamplingProfilerIntegration: Profiling disabled.
10-31 15:18:30.198 13145 13145 I cr_SplitCompatApp: Launched version=106.0.5249.79 minSdkVersion=24 isBundle=true processName=com.android.chrome:sandboxed_process26 isIsolated=true
10-31 15:18:30.198   772   781 I zygote64: Background concurrent copying GC freed 87095(5MB) AllocSpace objects, 212(7MB) LOS objects, 42% free, 17MB/31MB, paused 3.730ms total 118.689ms
10-31 15:18:30.204 13145 13145 W SystemServiceRegistry: No service published for: uimode
10-31 15:18:30.210 12369 12369 W chromium: [WARNING:compositor_view.cc(342)] Child process died (type=6) pid=13114)
10-31 15:18:30.212 13145 13145 I cr_ChildProcessService: Creating new ChildProcessService pid=13145
10-31 15:18:30.222 13201 13201 E asset   : setgid: Operation not permitted
10-31 15:18:30.228 13145 13145 E WebViewFactory: can't load with relro file; address space not reserved
10-31 15:18:30.242 13145 13199 I cr_LibraryLoader: Successfully loaded native library
10-31 15:18:30.243 13145 13199 I cr_CachingUmaRecorder: Flushed 3 samples from 3 histograms.
10-31 15:18:30.264 13183 13183 I cr_SplitCompatApp: Launched version=106.0.5249.79 minSdkVersion=24 isBundle=true processName=com.android.chrome:sandboxed_process27 isIsolated=true
10-31 15:18:30.265 13206 13206 W ThreadPoolForeg: type=1400 audit(0.0:15573): avc: denied { setattr } for name="model-info.pb" dev="dm-2" ino=1504883 scontext=u:r:isolated_app:s0:c512,c768 tcontext=u:object_r:app_data_file:s0:c512,c768 tclass=file permissive=0
10-31 15:18:30.265 13206 13206 W ThreadPoolForeg: type=1400 audit(0.0:15574): avc: denied { setattr } for name="model.tflite" dev="dm-2" ino=1504884 scontext=u:r:isolated_app:s0:c512,c768 tcontext=u:object_r:app_data_file:s0:c512,c768 tclass=file permissive=0
10-31 15:18:30.271 13183 13183 W SystemServiceRegistry: No service published for: uimode
10-31 15:18:30.273 13145 13199 I chromium: [INFO:child_process_service.cc(69)] ChildProcessService: Exiting child process.
10-31 15:18:30.274   422   422 E lowmemorykiller: Error writing /proc/13145/oom_score_adj; errno=22
10-31 15:18:30.277   772  4539 I ActivityManager: Killing 13145:com.android.chrome:sandboxed_process26/u0a60i539 (adj 0): isolated not needed
10-31 15:18:30.278 13183 13183 I cr_ChildProcessService: Creating new ChildProcessService pid=13183
10-31 15:18:30.279   772   790 W zygote64: failed to open /acct/uid_99539/pid_13145/cgroup.procs: No such file or directory
10-31 15:18:30.290 13183 13183 E WebViewFactory: can't load with relro file; address space not reserved
10-31 15:18:30.311 13183 13209 I cr_LibraryLoader: Successfully loaded native library
10-31 15:18:30.311 13183 13209 I cr_CachingUmaRecorder: Flushed 3 samples from 3 histograms.
10-31 15:18:30.316 12369 12369 W chromium: [WARNING:compositor_view.cc(342)] Child process died (type=6) pid=13145)
10-31 15:18:30.342 13213 13213 W ThreadPoolForeg: type=1400 audit(0.0:15575): avc: denied { setattr } for name="model-info.pb" dev="dm-2" ino=1504885 scontext=u:r:isolated_app:s0:c512,c768 tcontext=u:object_r:app_data_file:s0:c512,c768 tclass=file permissive=0
10-31 15:18:30.349 13213 13213 W ThreadPoolForeg: type=1400 audit(0.0:15576): avc: denied { setattr } for name="model.tflite" dev="dm-2" ino=1504887 scontext=u:r:isolated_app:s0:c512,c768 tcontext=u:object_r:app_data_file:s0:c512,c768 tclass=file permissive=0
10-31 15:18:30.356 13183 13209 I chromium: [INFO:child_process_service.cc(69)] ChildProcessService: Exiting child process.
10-31 15:18:30.357   422   422 E lowmemorykiller: Error writing /proc/13183/oom_score_adj; errno=22
10-31 15:18:30.358   772   784 I ActivityManager: Killing 13183:com.android.chrome:sandboxed_process27/u0a60i540 (adj 0): isolated not needed
10-31 15:18:30.359   772   790 W zygote64: failed to open /acct/uid_99540/pid_13183/cgroup.procs: No such file or directory
10-31 15:18:30.373 12369 12369 W chromium: [WARNING:compositor_view.cc(342)] Child process died (type=6) pid=13183)
10-31 15:18:30.457 12369 12369 W chromium: [WARNING:controller_impl.cc(1190)] Background download complete, client: 6, completion type: 0, file size:1008531
10-31 15:18:30.495 13217 13217 E /system/bin/webview_zygote32: failed to make and chown /acct/uid_99541: Permission denied
10-31 15:18:30.495 13217 13217 E Zygote  : createProcessGroup(99541, 0) failed: Permission denied
10-31 15:18:30.497   772   784 I ActivityManager: Start proc 13217:com.android.chrome:sandboxed_process28/u0i541 for webview_service com.android.chrome/org.chromium.content.app.SandboxedProcessService28
10-31 15:18:30.512 13217 13217 I SamplingProfilerIntegration: Profiling disabled.
10-31 15:18:30.528 13230 13230 E asset   : setgid: Operation not permitted
10-31 15:18:30.561 13217 13217 I cr_SplitCompatApp: Launched version=106.0.5249.79 minSdkVersion=24 isBundle=true processName=com.android.chrome:sandboxed_process28 isIsolated=true
10-31 15:18:30.568 13217 13217 W SystemServiceRegistry: No service published for: uimode
10-31 15:18:30.577 13217 13217 I cr_ChildProcessService: Creating new ChildProcessService pid=13217
10-31 15:18:30.583 13217 13217 E WebViewFactory: can't load with relro file; address space not reserved
10-31 15:18:30.594 13217 13231 I cr_LibraryLoader: Successfully loaded native library
10-31 15:18:30.595 13217 13231 I cr_CachingUmaRecorder: Flushed 3 samples from 3 histograms.
10-31 15:18:30.601 12369 12369 W chromium: [WARNING:controller_impl.cc(1190)] Background download complete, client: 6, completion type: 0, file size:4951
10-31 15:18:30.625 13238 13238 E /system/bin/webview_zygote32: failed to make and chown /acct/uid_99542: Permission denied
10-31 15:18:30.625 13238 13238 E Zygote  : createProcessGroup(99542, 0) failed: Permission denied
10-31 15:18:30.626   772 10893 I ActivityManager: Start proc 13238:com.android.chrome:sandboxed_process29/u0i542 for webview_service com.android.chrome/org.chromium.content.app.SandboxedProcessService29
10-31 15:18:30.635 13234 13234 W ThreadPoolForeg: type=1400 audit(0.0:15577): avc: denied { setattr } for name="model-info.pb" dev="dm-2" ino=1504894 scontext=u:r:isolated_app:s0:c512,c768 tcontext=u:object_r:app_data_file:s0:c512,c768 tclass=file permissive=0
10-31 15:18:30.635 13234 13234 W ThreadPoolForeg: type=1400 audit(0.0:15578): avc: denied { setattr } for name="VERSION.txt" dev="dm-2" ino=1504895 scontext=u:r:isolated_app:s0:c512,c768 tcontext=u:object_r:app_data_file:s0:c512,c768 tclass=file permissive=0
10-31 15:18:30.639 13234 13234 W ThreadPoolForeg: type=1400 audit(0.0:15579): avc: denied { setattr } for name="override_list.pb.gz" dev="dm-2" ino=1504896 scontext=u:r:isolated_app:s0:c512,c768 tcontext=u:object_r:app_data_file:s0:c512,c768 tclass=file permissive=0
10-31 15:18:30.662 13238 13238 I SamplingProfilerIntegration: Profiling disabled.
10-31 15:18:30.686 13252 13252 E asset   : setgid: Operation not permitted
10-31 15:18:30.692 13234 13234 W ThreadPoolForeg: type=1400 audit(0.0:15580): avc: denied { setattr } for name="model.tflite" dev="dm-2" ino=1504897 scontext=u:r:isolated_app:s0:c512,c768 tcontext=u:object_r:app_data_file:s0:c512,c768 tclass=file permissive=0
10-31 15:18:30.699 13217 13231 I chromium: [INFO:child_process_service.cc(69)] ChildProcessService: Exiting child process.
10-31 15:18:30.699   422   422 E lowmemorykiller: Error writing /proc/13217/oom_score_adj; errno=22
10-31 15:18:30.700   772 13021 I ActivityManager: Killing 13217:com.android.chrome:sandboxed_process28/u0a60i541 (adj 0): isolated not needed
10-31 15:18:30.704   772   790 W zygote64: failed to open /acct/uid_99541/pid_13217/cgroup.procs: No such file or directory
10-31 15:18:30.720 12369 12369 W chromium: [WARNING:compositor_view.cc(342)] Child process died (type=6) pid=13217)
10-31 15:18:30.724 13238 13238 I cr_SplitCompatApp: Launched version=106.0.5249.79 minSdkVersion=24 isBundle=true processName=com.android.chrome:sandboxed_process29 isIsolated=true
10-31 15:18:30.729 13238 13238 W SystemServiceRegistry: No service published for: uimode
10-31 15:18:30.740 13238 13238 I cr_ChildProcessService: Creating new ChildProcessService pid=13238
10-31 15:18:30.747 13238 13238 E WebViewFactory: can't load with relro file; address space not reserved
10-31 15:18:30.757 13238 13253 I cr_LibraryLoader: Successfully loaded native library
10-31 15:18:30.758 13238 13253 I cr_CachingUmaRecorder: Flushed 3 samples from 3 histograms.
10-31 15:18:30.785 13257 13257 W ThreadPoolForeg: type=1400 audit(0.0:15581): avc: denied { setattr } for name="model-info.pb" dev="dm-2" ino=1504900 scontext=u:r:isolated_app:s0:c512,c768 tcontext=u:object_r:app_data_file:s0:c512,c768 tclass=file permissive=0
10-31 15:18:30.789 13257 13257 W ThreadPoolForeg: type=1400 audit(0.0:15582): avc: denied { setattr } for name="model.tflite" dev="dm-2" ino=1504901 scontext=u:r:isolated_app:s0:c512,c768 tcontext=u:object_r:app_data_file:s0:c512,c768 tclass=file permissive=0
10-31 15:18:30.795 13238 13253 I chromium: [INFO:child_process_service.cc(69)] ChildProcessService: Exiting child process.
10-31 15:18:30.797   422   422 E lowmemorykiller: Error writing /proc/13238/oom_score_adj; errno=22
10-31 15:18:30.798   772 13022 I ActivityManager: Killing 13238:com.android.chrome:sandboxed_process29/u0a60i542 (adj 0): isolated not needed
10-31 15:18:30.798   772   790 W zygote64: failed to open /acct/uid_99542/pid_13238/cgroup.procs: No such file or directory
10-31 15:18:30.820 12369 12369 W chromium: [WARNING:compositor_view.cc(342)] Child process died (type=6) pid=13238)
10-31 15:18:30.841 12369 12369 W chromium: [WARNING:controller_impl.cc(1190)] Background download complete, client: 6, completion type: 0, file size:9419
10-31 15:18:30.869 13260 13260 E /system/bin/webview_zygote32: failed to make and chown /acct/uid_99543: Permission denied
10-31 15:18:30.869 13260 13260 E Zygote  : createProcessGroup(99543, 0) failed: Permission denied
10-31 15:18:30.876   772   996 I ActivityManager: Start proc 13260:com.android.chrome:sandboxed_process30/u0i543 for webview_service com.android.chrome/org.chromium.content.app.SandboxedProcessService30
10-31 15:18:30.892 13260 13260 I SamplingProfilerIntegration: Profiling disabled.
10-31 15:18:30.909 13273 13273 E asset   : setgid: Operation not permitted
10-31 15:18:30.944 13260 13260 I cr_SplitCompatApp: Launched version=106.0.5249.79 minSdkVersion=24 isBundle=true processName=com.android.chrome:sandboxed_process30 isIsolated=true
10-31 15:18:30.948 13260 13260 W SystemServiceRegistry: No service published for: uimode
10-31 15:18:30.955 13260 13260 I cr_ChildProcessService: Creating new ChildProcessService pid=13260
10-31 15:18:30.961 13260 13260 E WebViewFactory: can't load with relro file; address space not reserved
10-31 15:18:30.974 13260 13275 I cr_LibraryLoader: Successfully loaded native library
10-31 15:18:30.975 13260 13275 I cr_CachingUmaRecorder: Flushed 3 samples from 3 histograms.
10-31 15:18:30.992 13279 13279 W ThreadPoolForeg: type=1400 audit(0.0:15583): avc: denied { setattr } for name="model-info.pb" dev="dm-2" ino=1504903 scontext=u:r:isolated_app:s0:c512,c768 tcontext=u:object_r:app_data_file:s0:c512,c768 tclass=file permissive=0
10-31 15:18:30.992 13279 13279 W ThreadPoolForeg: type=1400 audit(0.0:15584): avc: denied { setattr } for name="model.tflite" dev="dm-2" ino=1504904 scontext=u:r:isolated_app:s0:c512,c768 tcontext=u:object_r:app_data_file:s0:c512,c768 tclass=file permissive=0
10-31 15:18:30.998 13260 13275 I chromium: [INFO:child_process_service.cc(69)] ChildProcessService: Exiting child process.
10-31 15:18:31.001   422   422 E lowmemorykiller: Error writing /proc/13260/oom_score_adj; errno=22
10-31 15:18:31.001   772  2970 I ActivityManager: Killing 13260:com.android.chrome:sandboxed_process30/u0a60i543 (adj 0): isolated not needed
10-31 15:18:31.001   772   790 W zygote64: failed to open /acct/uid_99543/pid_13260/cgroup.procs: No such file or directory
10-31 15:18:31.026 12369 12369 W chromium: [WARNING:compositor_view.cc(342)] Child process died (type=6) pid=13260)
10-31 15:18:31.813 13542 13674 I Icing   : IndexChimeraService.getServiceInterface callingPackage=com.google.android.gms componentName=null serviceId=30
10-31 15:18:31.819 13542 13542 D BoundBrokerSvc: onBind: Intent { act=com.google.android.gms.common.BIND_SHARED_PREFS pkg=com.google.android.gms }
10-31 15:18:31.819 13542 13542 D BoundBrokerSvc: Loading bound service for intent: Intent { act=com.google.android.gms.common.BIND_SHARED_PREFS pkg=com.google.android.gms }
10-31 15:18:31.823 13542 13542 D BoundBrokerSvc: onUnbind: Intent { act=com.google.android.gms.common.BIND_SHARED_PREFS pkg=com.google.android.gms }
10-31 15:18:31.848 13542 20573 I GmsCoreXrpcWrapper: Returning a channel provider with trafficStatsTag=12803 trafficStatsUid=-1
10-31 15:18:32.064 13542 20573 I Icing   : Usage reports ok 3, Failed Usage reports 0, indexed 1, rejected 0
10-31 15:18:32.509 12369 12434 I cr_omaha: OmahaBase::generateAndPostRequest(): Sending request to Omaha:
10-31 15:18:32.509 12369 12434 I cr_omaha: <?xml version='1.0' encoding='UTF-8' standalone='yes' ?><request protocol="3.0" updater="Android" updaterversion="106.0.5249.79" updaterchannel="chrome" ismachine="1" requestid="{da7f4a04-f316-41c6-8e79-d8c88a6f5b00}" sessionid="{f4eac8b7-efb0-45c5-b702-3199ecd2cd83}" installsource="system_image" dedup="cr"><os platform="android" version="8.0.0" arch="arm" /><app brand="" client="ms-android-google" appid="{387E11AD-7109-45F6-83CF-CAA241ADC9DF}" version="106.0.5249.79" nextversion="" lang="en-US" installage="-1" ap="chrome;google;nexus 5x"><event eventtype="2" eventresult="1" /></app></request>
10-31 15:18:32.712 12369 12434 I cr_omaha: OmahaBase::generateAndPostRequest(): Received response from Omaha:
10-31 15:18:32.712 12369 12434 I cr_omaha: <?xml version="1.0" encoding="UTF-8"?><response protocol="3.0" server="prod"><daystart elapsed_days="5782" elapsed_seconds="26311"/><app appid="{387E11AD-7109-45F6-83CF-CAA241ADC9DF}" status="ok"><event status="ok"/></app></response>
10-31 15:18:32.721 12369 12434 I cr_omaha: Request to Server Successful. Timestamp for next request:1667229512721
10-31 15:18:32.731 12369 12434 I cr_omaha: OmahaBase::generateAndPostRequest(): Sending request to Omaha:
10-31 15:18:32.731 12369 12434 I cr_omaha: <?xml version='1.0' encoding='UTF-8' standalone='yes' ?><request protocol="3.0" updater="Android" updaterversion="106.0.5249.79" updaterchannel="chrome" ismachine="1" requestid="{2c336052-dc84-4e60-9c2c-8bc7785b7f4b}" sessionid="{f4eac8b7-efb0-45c5-b702-3199ecd2cd83}" installsource="system_image" dedup="cr"><os platform="android" version="8.0.0" arch="arm" /><app brand="" client="ms-android-google" appid="{387E11AD-7109-45F6-83CF-CAA241ADC9DF}" version="106.0.5249.79" nextversion="" lang="en-US" installage="0" ap="chrome;google;nexus 5x"><updatecheck /><ping active="1" ad="5782" rd="5782" /></app></request>
10-31 15:18:32.761 12369 12434 I cr_omaha: OmahaBase::generateAndPostRequest(): Received response from Omaha:
10-31 15:18:32.761 12369 12434 I cr_omaha: <?xml version="1.0" encoding="UTF-8"?><response protocol="3.0" server="prod"><daystart elapsed_days="5782" elapsed_seconds="26311"/><app appid="{387E11AD-7109-45F6-83CF-CAA241ADC9DF}" cohort="1:hyx:" cohortname="Stable Chrome" status="ok"><updatecheck status="noupdate"/><ping status="ok"/></app></response>
10-31 15:18:32.763 12369 12434 I cr_omaha: Request to Server Successful. Timestamp for next request:1667229512763
10-31 15:18:32.778 12369 12434 I cr_omaha: Attempting to schedule next job for: Mon Oct 31 20:18:32 GMT+01:00 2022
10-31 15:18:32.781 12369 12369 I cr_omaha: Scheduled using JobService
10-31 15:18:32.782 12369 12369 E cr_BkgrdTaskJS: Tried finishing non-current BackgroundTask.
10-31 15:18:32.941   551   618 I ThermalEngine: ACTION: LCD - Setting max LCD brightness to 232
10-31 15:18:33.918 12369 12369 I cr_tabmodel: Appending tabs being restored to metadata lists, 0, startingNormalCount: 2, startingIncognitoCount: 0
10-31 15:18:33.918 12369 12369 I cr_tabmodel: Serializing tab lists; counts: 2, 0
10-31 15:18:33.943 13542 13542 D BoundBrokerSvc: onBind: Intent { act=com.google.android.gms.common.BIND_SHARED_PREFS pkg=com.google.android.gms }
10-31 15:18:33.943 13542 13542 D BoundBrokerSvc: Loading bound service for intent: Intent { act=com.google.android.gms.common.BIND_SHARED_PREFS pkg=com.google.android.gms }
10-31 15:18:33.948 13542 13542 D BoundBrokerSvc: onUnbind: Intent { act=com.google.android.gms.common.BIND_SHARED_PREFS pkg=com.google.android.gms }
10-31 15:18:37.869 12369 12369 E cr_BTSPrefs: No data found for task id: 56
10-31 15:18:37.872 12369 12369 E cr_BkgrdTaskScheduler: Task cannot be canceled because no data was found instorage or data was invalid
10-31 15:18:40.011   551   618 I ThermalEngine: ACTION: BATTERY - Setting battery charging mitigation to 3
10-31 15:18:41.975 12369 12369 W ResourceType: Failure getting entry for 0x7f010888 (t=0 e=2184) (error -75)
10-31 15:18:42.020 12369 12369 I chatty  : uid=10060(u0_a60) identical 7 lines
10-31 15:18:42.024 12369 12369 W ResourceType: Failure getting entry for 0x7f010888 (t=0 e=2184) (error -75)
10-31 15:18:42.027 12369 12369 I cr_TopSites: Start a new task.
10-31 15:18:42.028 12369 12429 I cr_TopSites: Serializing top sites lists finished; count: 9
10-31 15:18:42.036 12369 12429 I cr_TopSites: Finished saving top sites list to file:/data/user/0/com.android.chrome/app_top_sites/top_sites
10-31 15:18:50.019   551   618 I ThermalEngine: ACTION: BATTERY - Setting battery charging mitigation to 0
10-31 15:18:59.653  6851  6851 I MemoryTrimmer: Trimming objects from memory, since app is in the background.
10-31 15:18:59.823  6851  6851 I MemoryTrimmer: Trimming objects from memory, since app is in the background.
10-31 15:19:00.005   551   618 I ThermalEngine: ACTION: LCD - Setting max LCD brightness to 255
10-31 15:19:19.022 12369 12369 I cr_media: Create MediaDrmBridge with level L3 and origin 491C6A3E1906D16739BD9DB06BDAB13C
10-31 15:19:19.031   361   361 W /system/bin/hwservicemanager: getTransportFromManifest: Cannot find entry android.hardware.drm@1.0::IDrmFactory in either framework or device manifest, using default transport.
10-31 15:19:19.066   562 19050 I DrmHal  : makeDrmFactories: using default drm instance
10-31 15:19:19.071   361   361 W /system/bin/hwservicemanager: getTransportFromManifest: Cannot find entry android.hardware.drm@1.0::IDrmFactory in either framework or device manifest, using default transport.
10-31 15:19:19.132   562 28303 I DrmHal  : makeDrmFactories: using default drm instance
10-31 15:19:19.133   562   644 D WVCdm   : Instantiating CDM.
10-31 15:19:19.137   562  5487 I WVCdm   : CdmEngine::QueryStatus
10-31 15:19:19.137   562  5487 I WVCdm   : Level3 Library 4445 May 19 2017 17:17:20
10-31 15:19:19.145   562  5487 D QSEECOMAPI: : QSEECom_get_handle sb_length = 0x19000
10-31 15:19:19.145   562  5487 D QSEECOMAPI: : App is not loaded in QSEE
10-31 15:19:19.196   562  5487 D QSEECOMAPI: : Loaded image: APP id = 2534
10-31 15:19:19.201   562  5487 D QSAPPSVER: qsapps_get_capabilities: Capability from secure side: 0x0
10-31 15:19:19.201   562  5487 D QSAPPSVER: qsapps_get_capabilities: returns 0
10-31 15:19:19.201   562  5487 E DrmWidevineDash: sion_buffer g_wv_fhandle->ion_sbuffer  0x0xef233000
10-31 15:19:19.205   372   376 D DrmLibTime: got the req here! ret=0
10-31 15:19:19.205   372   376 D DrmLibTime: command id, time_cmd_id = 770
10-31 15:19:19.205   372   376 D DrmLibTime: time_getutcsec starts!
10-31 15:19:19.205   372   376 D DrmLibTime: QSEE Time Listener: time_getutcsec
10-31 15:19:19.205   372   376 D DrmLibTime: QSEE Time Listener: get_utc_seconds
10-31 15:19:19.205   372   376 D DrmLibTime: QSEE Time Listener: time_get_modem_time
10-31 15:19:19.205   372   376 D DrmLibTime: QSEE Time Listener: Checking if ATS_MODEM is set or not.
10-31 15:19:19.205   372   376 D QC-time-services: Lib:time_genoff_operation: pargs->base = 13
10-31 15:19:19.205   372   376 D QC-time-services: Lib:time_genoff_operation: pargs->operation = 2
10-31 15:19:19.205   372   376 D QC-time-services: Lib:time_genoff_operation: pargs->ts_val = 0
10-31 15:19:19.205   372   376 D QC-time-services: Lib:time_genoff_operation: Send to server  passed!!
10-31 15:19:19.206   625   647 D QC-time-services: Daemon: Connection accepted:time_genoff
10-31 15:19:19.206   625 13306 D QC-time-services: Daemon:Received base = 13, unit = 1, operation = 2,value = 0
10-31 15:19:19.206   625 13306 D QC-time-services: Daemon:genoff_opr: Base = 13, val = 0, operation = 2
10-31 15:19:19.206   625 13306 D QC-time-services: offset is: 0 for base: 13
10-31 15:19:19.206   372   376 E QC-time-services: Receive Passed == base = 13, unit = 1, operation = 2, result = 0
10-31 15:19:19.206   372   376 D DrmLibTime: QSEE Time Listener: ATS_MODEM is not set. Fallback to Android system time.
10-31 15:19:19.206   372   376 D DrmLibTime: QSEE Time Listener: Retrieved Android system time: 1667225959
10-31 15:19:19.207   372   376 D DrmLibTime: time_getutcsec returns 0, sec = 1667225959; nsec = 0
10-31 15:19:19.207   372   376 D DrmLibTime: time_getutcsec finished! 
10-31 15:19:19.207   372   376 D DrmLibTime: iotcl_continue_command finished! and return 0 
10-31 15:19:19.207   372   376 D DrmLibTime: before calling ioctl to read the next time_cmd
10-31 15:19:19.207   625   647 E QC-time-services: Daemon: Time-services: Waiting to acceptconnection
10-31 15:19:19.245   562  5487 D WVCdm   : OEMCrypto_Initialize Level 1 success. I will use level 1.
10-31 15:19:19.246   562  5487 D QSEECOMAPI: : QSEECom_dealloc_memory 
10-31 15:19:19.246   562  5487 D QSEECOMAPI: : QSEECom_shutdown_app, app_id = 2534
10-31 15:19:19.257   562 19051 I WVCdm   : CdmEngine::OpenSession
10-31 15:19:19.258   562 19051 I WVCdm   : Level3 Library 4445 May 19 2017 17:17:20
10-31 15:19:19.261   562 19051 D QSEECOMAPI: : QSEECom_get_handle sb_length = 0x19000
10-31 15:19:19.261   562 19051 D QSEECOMAPI: : App is not loaded in QSEE
10-31 15:19:19.308   562 19051 D QSEECOMAPI: : Loaded image: APP id = 2535
10-31 15:19:19.312   562 19051 D QSAPPSVER: qsapps_get_capabilities: Capability from secure side: 0x0
10-31 15:19:19.312   562 19051 D QSAPPSVER: qsapps_get_capabilities: returns 0
10-31 15:19:19.312   562 19051 E DrmWidevineDash: sion_buffer g_wv_fhandle->ion_sbuffer  0x0xef233000
10-31 15:19:19.315   372   376 D DrmLibTime: got the req here! ret=0
10-31 15:19:19.315   372   376 D DrmLibTime: command id, time_cmd_id = 770
10-31 15:19:19.315   372   376 D DrmLibTime: time_getutcsec starts!
10-31 15:19:19.315   372   376 D DrmLibTime: QSEE Time Listener: time_getutcsec
10-31 15:19:19.315   372   376 D DrmLibTime: QSEE Time Listener: get_utc_seconds
10-31 15:19:19.315   372   376 D DrmLibTime: QSEE Time Listener: time_get_modem_time
10-31 15:19:19.315   372   376 D DrmLibTime: QSEE Time Listener: Checking if ATS_MODEM is set or not.
10-31 15:19:19.315   372   376 D QC-time-services: Lib:time_genoff_operation: pargs->base = 13
10-31 15:19:19.315   372   376 D QC-time-services: Lib:time_genoff_operation: pargs->operation = 2
10-31 15:19:19.315   372   376 D QC-time-services: Lib:time_genoff_operation: pargs->ts_val = 0
10-31 15:19:19.315   372   376 D QC-time-services: Lib:time_genoff_operation: Send to server  passed!!
10-31 15:19:19.315   625   647 D QC-time-services: Daemon: Connection accepted:time_genoff
10-31 15:19:19.315   625 13307 D QC-time-services: Daemon:Received base = 13, unit = 1, operation = 2,value = 0
10-31 15:19:19.315   625 13307 D QC-time-services: Daemon:genoff_opr: Base = 13, val = 0, operation = 2
10-31 15:19:19.315   625 13307 D QC-time-services: offset is: 0 for base: 13
10-31 15:19:19.315   372   376 E QC-time-services: Receive Passed == base = 13, unit = 1, operation = 2, result = 0
10-31 15:19:19.315   372   376 D DrmLibTime: QSEE Time Listener: ATS_MODEM is not set. Fallback to Android system time.
10-31 15:19:19.316   372   376 D DrmLibTime: QSEE Time Listener: Retrieved Android system time: 1667225959
10-31 15:19:19.316   372   376 D DrmLibTime: time_getutcsec returns 0, sec = 1667225959; nsec = 0
10-31 15:19:19.316   372   376 D DrmLibTime: time_getutcsec finished! 
10-31 15:19:19.316   372   376 D DrmLibTime: iotcl_continue_command finished! and return 0 
10-31 15:19:19.316   372   376 D DrmLibTime: before calling ioctl to read the next time_cmd
10-31 15:19:19.316   625   647 E QC-time-services: Daemon: Time-services: Waiting to acceptconnection
10-31 15:19:19.352   562 19051 D WVCdm   : OEMCrypto_Initialize Level 1 success. I will use level 1.
10-31 15:19:19.353   562 19051 D WVCdm   : CryptoSession::Open: Lock: requested_security_level: L3
10-31 15:19:19.362   562 19051 W WVCdm   : DeviceFiles::RetrieveHashedFile: /data/mediadrm/IDM1013/L3/cert.bin does not exist
10-31 15:19:19.364   562 19051 D QSEECOMAPI: : QSEECom_dealloc_memory 
10-31 15:19:19.364   562 19051 D QSEECOMAPI: : QSEECom_shutdown_app, app_id = 2535
10-31 15:19:19.378   562 19050 I WVCdm   : Level3 Library 4445 May 19 2017 17:17:20
10-31 15:19:19.381   562 19050 D QSEECOMAPI: : QSEECom_get_handle sb_length = 0x19000
10-31 15:19:19.381   562 19050 D QSEECOMAPI: : App is not loaded in QSEE
10-31 15:19:19.437   562 19050 D QSEECOMAPI: : Loaded image: APP id = 2536
10-31 15:19:19.441   562 19050 D QSAPPSVER: qsapps_get_capabilities: Capability from secure side: 0x0
10-31 15:19:19.441   562 19050 D QSAPPSVER: qsapps_get_capabilities: returns 0
10-31 15:19:19.441   562 19050 E DrmWidevineDash: sion_buffer g_wv_fhandle->ion_sbuffer  0x0xef233000
10-31 15:19:19.444   372   376 D DrmLibTime: got the req here! ret=0
10-31 15:19:19.444   372   376 D DrmLibTime: command id, time_cmd_id = 770
10-31 15:19:19.444   372   376 D DrmLibTime: time_getutcsec starts!
10-31 15:19:19.444   372   376 D DrmLibTime: QSEE Time Listener: time_getutcsec
10-31 15:19:19.444   372   376 D DrmLibTime: QSEE Time Listener: get_utc_seconds
10-31 15:19:19.444   372   376 D DrmLibTime: QSEE Time Listener: time_get_modem_time
10-31 15:19:19.444   372   376 D DrmLibTime: QSEE Time Listener: Checking if ATS_MODEM is set or not.
10-31 15:19:19.444   372   376 D QC-time-services: Lib:time_genoff_operation: pargs->base = 13
10-31 15:19:19.444   372   376 D QC-time-services: Lib:time_genoff_operation: pargs->operation = 2
10-31 15:19:19.444   372   376 D QC-time-services: Lib:time_genoff_operation: pargs->ts_val = 0
10-31 15:19:19.444   372   376 D QC-time-services: Lib:time_genoff_operation: Send to server  passed!!
10-31 15:19:19.444   625   647 D QC-time-services: Daemon: Connection accepted:time_genoff
10-31 15:19:19.445   625 13308 D QC-time-services: Daemon:Received base = 13, unit = 1, operation = 2,value = 0
10-31 15:19:19.445   625 13308 D QC-time-services: Daemon:genoff_opr: Base = 13, val = 0, operation = 2
10-31 15:19:19.445   625 13308 D QC-time-services: offset is: 0 for base: 13
10-31 15:19:19.445   372   376 E QC-time-services: Receive Passed == base = 13, unit = 1, operation = 2, result = 0
10-31 15:19:19.445   372   376 D DrmLibTime: QSEE Time Listener: ATS_MODEM is not set. Fallback to Android system time.
10-31 15:19:19.445   372   376 D DrmLibTime: QSEE Time Listener: Retrieved Android system time: 1667225959
10-31 15:19:19.445   372   376 D DrmLibTime: time_getutcsec returns 0, sec = 1667225959; nsec = 0
10-31 15:19:19.445   372   376 D DrmLibTime: time_getutcsec finished! 
10-31 15:19:19.445   372   376 D DrmLibTime: iotcl_continue_command finished! and return 0 
10-31 15:19:19.445   372   376 D DrmLibTime: before calling ioctl to read the next time_cmd
10-31 15:19:19.445   625   647 E QC-time-services: Daemon: Time-services: Waiting to acceptconnection
10-31 15:19:19.471   562 19050 D WVCdm   : OEMCrypto_Initialize Level 1 success. I will use level 1.
10-31 15:19:19.471   562 19050 D WVCdm   : CryptoSession::Open: Lock: requested_security_level: L3
10-31 15:19:19.483 12369 12369 I cr_media: Provisioning origin ID 491C6A3E1906D16739BD9DB06BDAB13C
10-31 15:19:19.491 12369 12369 I MediaDrm: Drm event (1,0)
10-31 15:19:19.491 12369 12369 E cr_media: EventListener: No session for event 1.
10-31 15:19:19.945   562  5487 D QSEECOMAPI: : QSEECom_dealloc_memory 
10-31 15:19:19.945   562  5487 D QSEECOMAPI: : QSEECom_shutdown_app, app_id = 2536
10-31 15:19:19.959 12369 12369 I cr_media: Create MediaDrmBridge with level L1 and origin 491C6A3E1906D16739BD9DB06BDAB13C
10-31 15:19:19.960   361   361 W /system/bin/hwservicemanager: getTransportFromManifest: Cannot find entry android.hardware.drm@1.0::IDrmFactory in either framework or device manifest, using default transport.
10-31 15:19:19.963   562 28303 I DrmHal  : makeDrmFactories: using default drm instance
10-31 15:19:19.965   361   361 W /system/bin/hwservicemanager: getTransportFromManifest: Cannot find entry android.hardware.drm@1.0::IDrmFactory in either framework or device manifest, using default transport.
10-31 15:19:19.968   562 19051 I DrmHal  : makeDrmFactories: using default drm instance
10-31 15:19:19.971   562 28303 I WVCdm   : CdmEngine::QueryStatus
10-31 15:19:19.972   562 28303 I WVCdm   : Level3 Library 4445 May 19 2017 17:17:20
10-31 15:19:19.978   562 28303 D QSEECOMAPI: : QSEECom_get_handle sb_length = 0x19000
10-31 15:19:19.979   562 28303 D QSEECOMAPI: : App is not loaded in QSEE
10-31 15:19:20.029   562 28303 D QSEECOMAPI: : Loaded image: APP id = 2537
10-31 15:19:20.033   562 28303 D QSAPPSVER: qsapps_get_capabilities: Capability from secure side: 0x0
10-31 15:19:20.033   562 28303 D QSAPPSVER: qsapps_get_capabilities: returns 0
10-31 15:19:20.033   562 28303 E DrmWidevineDash: sion_buffer g_wv_fhandle->ion_sbuffer  0x0xef20b000
10-31 15:19:20.035   372   376 D DrmLibTime: got the req here! ret=0
10-31 15:19:20.035   372   376 D DrmLibTime: command id, time_cmd_id = 770
10-31 15:19:20.035   372   376 D DrmLibTime: time_getutcsec starts!
10-31 15:19:20.035   372   376 D DrmLibTime: QSEE Time Listener: time_getutcsec
10-31 15:19:20.035   372   376 D DrmLibTime: QSEE Time Listener: get_utc_seconds
10-31 15:19:20.035   372   376 D DrmLibTime: QSEE Time Listener: time_get_modem_time
10-31 15:19:20.035   372   376 D DrmLibTime: QSEE Time Listener: Checking if ATS_MODEM is set or not.
10-31 15:19:20.035   372   376 D QC-time-services: Lib:time_genoff_operation: pargs->base = 13
10-31 15:19:20.035   372   376 D QC-time-services: Lib:time_genoff_operation: pargs->operation = 2
10-31 15:19:20.035   372   376 D QC-time-services: Lib:time_genoff_operation: pargs->ts_val = 0
10-31 15:19:20.036   372   376 D QC-time-services: Lib:time_genoff_operation: Send to server  passed!!
10-31 15:19:20.036   625   647 D QC-time-services: Daemon: Connection accepted:time_genoff
10-31 15:19:20.036   625 13313 D QC-time-services: Daemon:Received base = 13, unit = 1, operation = 2,value = 0
10-31 15:19:20.036   625 13313 D QC-time-services: Daemon:genoff_opr: Base = 13, val = 0, operation = 2
10-31 15:19:20.036   625 13313 D QC-time-services: offset is: 0 for base: 13
10-31 15:19:20.036   372   376 E QC-time-services: Receive Passed == base = 13, unit = 1, operation = 2, result = 0
10-31 15:19:20.036   372   376 D DrmLibTime: QSEE Time Listener: ATS_MODEM is not set. Fallback to Android system time.
10-31 15:19:20.036   372   376 D DrmLibTime: QSEE Time Listener: Retrieved Android system time: 1667225960
10-31 15:19:20.036   372   376 D DrmLibTime: time_getutcsec returns 0, sec = 1667225960; nsec = 0
10-31 15:19:20.036   372   376 D DrmLibTime: time_getutcsec finished! 
10-31 15:19:20.036   372   376 D DrmLibTime: iotcl_continue_command finished! and return 0 
10-31 15:19:20.036   372   376 D DrmLibTime: before calling ioctl to read the next time_cmd
10-31 15:19:20.037   625   647 E QC-time-services: Daemon: Time-services: Waiting to acceptconnection
10-31 15:19:20.061   562 28303 D WVCdm   : OEMCrypto_Initialize Level 1 success. I will use level 1.
10-31 15:19:20.063   562 28303 D QSEECOMAPI: : QSEECom_dealloc_memory 
10-31 15:19:20.063   562 28303 D QSEECOMAPI: : QSEECom_shutdown_app, app_id = 2537
10-31 15:19:20.078   562 19050 I WVCdm   : CdmEngine::OpenSession
10-31 15:19:20.078   562 19050 I WVCdm   : Level3 Library 4445 May 19 2017 17:17:20
10-31 15:19:20.082   562 19050 D QSEECOMAPI: : QSEECom_get_handle sb_length = 0x19000
10-31 15:19:20.082   562 19050 D QSEECOMAPI: : App is not loaded in QSEE
10-31 15:19:20.130   562 19050 D QSEECOMAPI: : Loaded image: APP id = 2538
10-31 15:19:20.134   562 19050 D QSAPPSVER: qsapps_get_capabilities: Capability from secure side: 0x0
10-31 15:19:20.134   562 19050 D QSAPPSVER: qsapps_get_capabilities: returns 0
10-31 15:19:20.134   562 19050 E DrmWidevineDash: sion_buffer g_wv_fhandle->ion_sbuffer  0x0xef20b000
10-31 15:19:20.138   372   376 D DrmLibTime: got the req here! ret=0
10-31 15:19:20.138   372   376 D DrmLibTime: command id, time_cmd_id = 770
10-31 15:19:20.138   372   376 D DrmLibTime: time_getutcsec starts!
10-31 15:19:20.138   372   376 D DrmLibTime: QSEE Time Listener: time_getutcsec
10-31 15:19:20.138   372   376 D DrmLibTime: QSEE Time Listener: get_utc_seconds
10-31 15:19:20.138   372   376 D DrmLibTime: QSEE Time Listener: time_get_modem_time
10-31 15:19:20.138   372   376 D DrmLibTime: QSEE Time Listener: Checking if ATS_MODEM is set or not.
10-31 15:19:20.138   372   376 D QC-time-services: Lib:time_genoff_operation: pargs->base = 13
10-31 15:19:20.138   372   376 D QC-time-services: Lib:time_genoff_operation: pargs->operation = 2
10-31 15:19:20.138   372   376 D QC-time-services: Lib:time_genoff_operation: pargs->ts_val = 0
10-31 15:19:20.139   372   376 D QC-time-services: Lib:time_genoff_operation: Send to server  passed!!
10-31 15:19:20.139   625   647 D QC-time-services: Daemon: Connection accepted:time_genoff
10-31 15:19:20.139   625 13314 D QC-time-services: Daemon:Received base = 13, unit = 1, operation = 2,value = 0
10-31 15:19:20.139   625 13314 D QC-time-services: Daemon:genoff_opr: Base = 13, val = 0, operation = 2
10-31 15:19:20.139   625 13314 D QC-time-services: offset is: 0 for base: 13
10-31 15:19:20.139   372   376 E QC-time-services: Receive Passed == base = 13, unit = 1, operation = 2, result = 0
10-31 15:19:20.140   372   376 D DrmLibTime: QSEE Time Listener: ATS_MODEM is not set. Fallback to Android system time.
10-31 15:19:20.140   372   376 D DrmLibTime: QSEE Time Listener: Retrieved Android system time: 1667225960
10-31 15:19:20.140   372   376 D DrmLibTime: time_getutcsec returns 0, sec = 1667225960; nsec = 0
10-31 15:19:20.140   372   376 D DrmLibTime: time_getutcsec finished! 
10-31 15:19:20.140   372   376 D DrmLibTime: iotcl_continue_command finished! and return 0 
10-31 15:19:20.140   372   376 D DrmLibTime: before calling ioctl to read the next time_cmd
10-31 15:19:20.140   625   647 E QC-time-services: Daemon: Time-services: Waiting to acceptconnection
10-31 15:19:20.176   562 19050 D WVCdm   : OEMCrypto_Initialize Level 1 success. I will use level 1.
10-31 15:19:20.177   562 19050 D WVCdm   : CryptoSession::Open: Lock: requested_security_level: Default
10-31 15:19:20.179   562 19050 W WVCdm   : DeviceFiles::RetrieveHashedFile: /data/mediadrm/IDM1013/L1/cert.bin does not exist
10-31 15:19:20.181   562 19050 D QSEECOMAPI: : QSEECom_dealloc_memory 
10-31 15:19:20.181   562 19050 D QSEECOMAPI: : QSEECom_shutdown_app, app_id = 2538
10-31 15:19:20.191   562  5487 I WVCdm   : Level3 Library 4445 May 19 2017 17:17:20
10-31 15:19:20.196   562  5487 D QSEECOMAPI: : QSEECom_get_handle sb_length = 0x19000
10-31 15:19:20.197   562  5487 D QSEECOMAPI: : App is not loaded in QSEE
10-31 15:19:20.253   562  5487 D QSEECOMAPI: : Loaded image: APP id = 2539
10-31 15:19:20.258   562  5487 D QSAPPSVER: qsapps_get_capabilities: Capability from secure side: 0x0
10-31 15:19:20.259   562  5487 D QSAPPSVER: qsapps_get_capabilities: returns 0
10-31 15:19:20.259   562  5487 E DrmWidevineDash: sion_buffer g_wv_fhandle->ion_sbuffer  0x0xef303000
10-31 15:19:20.262   372   376 D DrmLibTime: got the req here! ret=0
10-31 15:19:20.263   372   376 D DrmLibTime: command id, time_cmd_id = 770
10-31 15:19:20.263   372   376 D DrmLibTime: time_getutcsec starts!
10-31 15:19:20.263   372   376 D DrmLibTime: QSEE Time Listener: time_getutcsec
10-31 15:19:20.263   372   376 D DrmLibTime: QSEE Time Listener: get_utc_seconds
10-31 15:19:20.263   372   376 D DrmLibTime: QSEE Time Listener: time_get_modem_time
10-31 15:19:20.263   372   376 D DrmLibTime: QSEE Time Listener: Checking if ATS_MODEM is set or not.
10-31 15:19:20.263   372   376 D QC-time-services: Lib:time_genoff_operation: pargs->base = 13
10-31 15:19:20.263   372   376 D QC-time-services: Lib:time_genoff_operation: pargs->operation = 2
10-31 15:19:20.263   372   376 D QC-time-services: Lib:time_genoff_operation: pargs->ts_val = 0
10-31 15:19:20.263   372   376 D QC-time-services: Lib:time_genoff_operation: Send to server  passed!!
10-31 15:19:20.263   625   647 D QC-time-services: Daemon: Connection accepted:time_genoff
10-31 15:19:20.263   625 13315 D QC-time-services: Daemon:Received base = 13, unit = 1, operation = 2,value = 0
10-31 15:19:20.263   625 13315 D QC-time-services: Daemon:genoff_opr: Base = 13, val = 0, operation = 2
10-31 15:19:20.263   625 13315 D QC-time-services: offset is: 0 for base: 13
10-31 15:19:20.264   372   376 E QC-time-services: Receive Passed == base = 13, unit = 1, operation = 2, result = 0
10-31 15:19:20.264   372   376 D DrmLibTime: QSEE Time Listener: ATS_MODEM is not set. Fallback to Android system time.
10-31 15:19:20.264   372   376 D DrmLibTime: QSEE Time Listener: Retrieved Android system time: 1667225960
10-31 15:19:20.264   372   376 D DrmLibTime: time_getutcsec returns 0, sec = 1667225960; nsec = 0
10-31 15:19:20.264   372   376 D DrmLibTime: time_getutcsec finished! 
10-31 15:19:20.264   372   376 D DrmLibTime: iotcl_continue_command finished! and return 0 
10-31 15:19:20.264   372   376 D DrmLibTime: before calling ioctl to read the next time_cmd
10-31 15:19:20.264   625   647 E QC-time-services: Daemon: Time-services: Waiting to acceptconnection
10-31 15:19:20.291   562  5487 D WVCdm   : OEMCrypto_Initialize Level 1 success. I will use level 1.
10-31 15:19:20.292   562  5487 D WVCdm   : CryptoSession::Open: Lock: requested_security_level: Default
10-31 15:19:20.373   562  5487 E DrmWidevineDash: OEMCrypto_GenerateSignature : input wrapped_rsa_key == NULL!, return short buffer
10-31 15:19:20.375 12369 12369 I cr_media: Provisioning origin ID 491C6A3E1906D16739BD9DB06BDAB13C
10-31 15:19:20.403 12369 12369 I MediaDrm: Drm event (1,0)
10-31 15:19:20.403 12369 12369 E cr_media: EventListener: No session for event 1.
10-31 15:19:20.428   562 19051 E DrmWidevineDash: OEMCrypto_RewrapDeviceRSAKey : input wrapped_rsa_key == NULL!, return short buffer
10-31 15:19:20.445   562 19051 D QSEECOMAPI: : QSEECom_dealloc_memory 
10-31 15:19:20.445   562 19051 D QSEECOMAPI: : QSEECom_shutdown_app, app_id = 2539
10-31 15:19:20.465 12369 12369 I cr_media: Create MediaDrmBridge with level L3 and origin 9B002BCE36760FF5474E2CCCF3CB6D92
10-31 15:19:20.470   361   361 W /system/bin/hwservicemanager: getTransportFromManifest: Cannot find entry android.hardware.drm@1.0::IDrmFactory in either framework or device manifest, using default transport.
10-31 15:19:20.529   562 28303 I DrmHal  : makeDrmFactories: using default drm instance
10-31 15:19:20.532   361   361 W /system/bin/hwservicemanager: getTransportFromManifest: Cannot find entry android.hardware.drm@1.0::IDrmFactory in either framework or device manifest, using default transport.
10-31 15:19:20.587   562 19051 I DrmHal  : makeDrmFactories: using default drm instance
10-31 15:19:20.588   562   644 D WVCdm   : Instantiating CDM.
10-31 15:19:20.589   562   644 I WVCdm   : CdmEngine::QueryStatus
10-31 15:19:20.590   562   644 I WVCdm   : Level3 Library 4445 May 19 2017 17:17:20
10-31 15:19:20.597   562   644 D QSEECOMAPI: : QSEECom_get_handle sb_length = 0x19000
10-31 15:19:20.597   562   644 D QSEECOMAPI: : App is not loaded in QSEE
10-31 15:19:20.648   562   644 D QSEECOMAPI: : Loaded image: APP id = 2540
10-31 15:19:20.653   562   644 D QSAPPSVER: qsapps_get_capabilities: Capability from secure side: 0x0
10-31 15:19:20.653   562   644 D QSAPPSVER: qsapps_get_capabilities: returns 0
10-31 15:19:20.653   562   644 E DrmWidevineDash: sion_buffer g_wv_fhandle->ion_sbuffer  0x0xef235000
10-31 15:19:20.656   372   376 D DrmLibTime: got the req here! ret=0
10-31 15:19:20.656   372   376 D DrmLibTime: command id, time_cmd_id = 770
10-31 15:19:20.656   372   376 D DrmLibTime: time_getutcsec starts!
10-31 15:19:20.656   372   376 D DrmLibTime: QSEE Time Listener: time_getutcsec
10-31 15:19:20.656   372   376 D DrmLibTime: QSEE Time Listener: get_utc_seconds
10-31 15:19:20.656   372   376 D DrmLibTime: QSEE Time Listener: time_get_modem_time
10-31 15:19:20.656   372   376 D DrmLibTime: QSEE Time Listener: Checking if ATS_MODEM is set or not.
10-31 15:19:20.656   372   376 D QC-time-services: Lib:time_genoff_operation: pargs->base = 13
10-31 15:19:20.656   372   376 D QC-time-services: Lib:time_genoff_operation: pargs->operation = 2
10-31 15:19:20.656   372   376 D QC-time-services: Lib:time_genoff_operation: pargs->ts_val = 0
10-31 15:19:20.657   372   376 D QC-time-services: Lib:time_genoff_operation: Send to server  passed!!
10-31 15:19:20.657   625   647 D QC-time-services: Daemon: Connection accepted:time_genoff
10-31 15:19:20.657   625 13320 D QC-time-services: Daemon:Received base = 13, unit = 1, operation = 2,value = 0
10-31 15:19:20.657   625 13320 D QC-time-services: Daemon:genoff_opr: Base = 13, val = 0, operation = 2
10-31 15:19:20.657   625 13320 D QC-time-services: offset is: 0 for base: 13
10-31 15:19:20.657   372   376 E QC-time-services: Receive Passed == base = 13, unit = 1, operation = 2, result = 0
10-31 15:19:20.657   372   376 D DrmLibTime: QSEE Time Listener: ATS_MODEM is not set. Fallback to Android system time.
10-31 15:19:20.657   372   376 D DrmLibTime: QSEE Time Listener: Retrieved Android system time: 1667225960
10-31 15:19:20.657   372   376 D DrmLibTime: time_getutcsec returns 0, sec = 1667225960; nsec = 0
10-31 15:19:20.657   372   376 D DrmLibTime: time_getutcsec finished! 
10-31 15:19:20.657   372   376 D DrmLibTime: iotcl_continue_command finished! and return 0 
10-31 15:19:20.657   372   376 D DrmLibTime: before calling ioctl to read the next time_cmd
10-31 15:19:20.657   625   647 E QC-time-services: Daemon: Time-services: Waiting to acceptconnection
10-31 15:19:20.692   562   644 D WVCdm   : OEMCrypto_Initialize Level 1 success. I will use level 1.
10-31 15:19:20.693   562   644 D QSEECOMAPI: : QSEECom_dealloc_memory 
10-31 15:19:20.693   562   644 D QSEECOMAPI: : QSEECom_shutdown_app, app_id = 2540
10-31 15:19:20.707   562 19051 I WVCdm   : CdmEngine::OpenSession
10-31 15:19:20.708   562 19051 I WVCdm   : Level3 Library 4445 May 19 2017 17:17:20
10-31 15:19:20.711   562 19051 D QSEECOMAPI: : QSEECom_get_handle sb_length = 0x19000
10-31 15:19:20.711   562 19051 D QSEECOMAPI: : App is not loaded in QSEE
10-31 15:19:20.758   562 19051 D QSEECOMAPI: : Loaded image: APP id = 2541
10-31 15:19:20.761   562 19051 D QSAPPSVER: qsapps_get_capabilities: Capability from secure side: 0x0
10-31 15:19:20.761   562 19051 D QSAPPSVER: qsapps_get_capabilities: returns 0
10-31 15:19:20.761   562 19051 E DrmWidevineDash: sion_buffer g_wv_fhandle->ion_sbuffer  0x0xef235000
10-31 15:19:20.764   372   376 D DrmLibTime: got the req here! ret=0
10-31 15:19:20.764   372   376 D DrmLibTime: command id, time_cmd_id = 770
10-31 15:19:20.764   372   376 D DrmLibTime: time_getutcsec starts!
10-31 15:19:20.764   372   376 D DrmLibTime: QSEE Time Listener: time_getutcsec
10-31 15:19:20.764   372   376 D DrmLibTime: QSEE Time Listener: get_utc_seconds
10-31 15:19:20.764   372   376 D DrmLibTime: QSEE Time Listener: time_get_modem_time
10-31 15:19:20.764   372   376 D DrmLibTime: QSEE Time Listener: Checking if ATS_MODEM is set or not.
10-31 15:19:20.764   372   376 D QC-time-services: Lib:time_genoff_operation: pargs->base = 13
10-31 15:19:20.764   372   376 D QC-time-services: Lib:time_genoff_operation: pargs->operation = 2
10-31 15:19:20.764   372   376 D QC-time-services: Lib:time_genoff_operation: pargs->ts_val = 0
10-31 15:19:20.765   372   376 D QC-time-services: Lib:time_genoff_operation: Send to server  passed!!
10-31 15:19:20.765   625   647 D QC-time-services: Daemon: Connection accepted:time_genoff
10-31 15:19:20.765   625 13321 D QC-time-services: Daemon:Received base = 13, unit = 1, operation = 2,value = 0
10-31 15:19:20.765   625 13321 D QC-time-services: Daemon:genoff_opr: Base = 13, val = 0, operation = 2
10-31 15:19:20.765   625 13321 D QC-time-services: offset is: 0 for base: 13
10-31 15:19:20.765   372   376 E QC-time-services: Receive Passed == base = 13, unit = 1, operation = 2, result = 0
10-31 15:19:20.765   372   376 D DrmLibTime: QSEE Time Listener: ATS_MODEM is not set. Fallback to Android system time.
10-31 15:19:20.765   372   376 D DrmLibTime: QSEE Time Listener: Retrieved Android system time: 1667225960
10-31 15:19:20.765   372   376 D DrmLibTime: time_getutcsec returns 0, sec = 1667225960; nsec = 0
10-31 15:19:20.765   372   376 D DrmLibTime: time_getutcsec finished! 
10-31 15:19:20.765   372   376 D DrmLibTime: iotcl_continue_command finished! and return 0 
10-31 15:19:20.765   372   376 D DrmLibTime: before calling ioctl to read the next time_cmd
10-31 15:19:20.766   625   647 E QC-time-services: Daemon: Time-services: Waiting to acceptconnection
10-31 15:19:20.801   562 19051 D WVCdm   : OEMCrypto_Initialize Level 1 success. I will use level 1.
10-31 15:19:20.801   562 19051 D WVCdm   : CryptoSession::Open: Lock: requested_security_level: L3
10-31 15:19:20.807   562 19051 W WVCdm   : DeviceFiles::RetrieveHashedFile: /data/mediadrm/IDM1013/L3/cert.bin does not exist
10-31 15:19:20.808   562 19051 D QSEECOMAPI: : QSEECom_dealloc_memory 
10-31 15:19:20.808   562 19051 D QSEECOMAPI: : QSEECom_shutdown_app, app_id = 2541
10-31 15:19:20.818   562   562 I WVCdm   : Level3 Library 4445 May 19 2017 17:17:20
10-31 15:19:20.822   562   562 D QSEECOMAPI: : QSEECom_get_handle sb_length = 0x19000
10-31 15:19:20.822   562   562 D QSEECOMAPI: : App is not loaded in QSEE
10-31 15:19:20.878   562   562 D QSEECOMAPI: : Loaded image: APP id = 2542
10-31 15:19:20.883   562   562 D QSAPPSVER: qsapps_get_capabilities: Capability from secure side: 0x0
10-31 15:19:20.883   562   562 D QSAPPSVER: qsapps_get_capabilities: returns 0
10-31 15:19:20.883   562   562 E DrmWidevineDash: sion_buffer g_wv_fhandle->ion_sbuffer  0x0xef235000
10-31 15:19:20.886   372   376 D DrmLibTime: got the req here! ret=0
10-31 15:19:20.886   372   376 D DrmLibTime: command id, time_cmd_id = 770
10-31 15:19:20.886   372   376 D DrmLibTime: time_getutcsec starts!
10-31 15:19:20.886   372   376 D DrmLibTime: QSEE Time Listener: time_getutcsec
10-31 15:19:20.886   372   376 D DrmLibTime: QSEE Time Listener: get_utc_seconds
10-31 15:19:20.886   372   376 D DrmLibTime: QSEE Time Listener: time_get_modem_time
10-31 15:19:20.886   372   376 D DrmLibTime: QSEE Time Listener: Checking if ATS_MODEM is set or not.
10-31 15:19:20.886   372   376 D QC-time-services: Lib:time_genoff_operation: pargs->base = 13
10-31 15:19:20.886   372   376 D QC-time-services: Lib:time_genoff_operation: pargs->operation = 2
10-31 15:19:20.886   372   376 D QC-time-services: Lib:time_genoff_operation: pargs->ts_val = 0
10-31 15:19:20.886   372   376 D QC-time-services: Lib:time_genoff_operation: Send to server  passed!!
10-31 15:19:20.886   625   647 D QC-time-services: Daemon: Connection accepted:time_genoff
10-31 15:19:20.887   625 13322 D QC-time-services: Daemon:Received base = 13, unit = 1, operation = 2,value = 0
10-31 15:19:20.887   625 13322 D QC-time-services: Daemon:genoff_opr: Base = 13, val = 0, operation = 2
10-31 15:19:20.887   625 13322 D QC-time-services: offset is: 0 for base: 13
10-31 15:19:20.887   372   376 E QC-time-services: Receive Passed == base = 13, unit = 1, operation = 2, result = 0
10-31 15:19:20.887   372   376 D DrmLibTime: QSEE Time Listener: ATS_MODEM is not set. Fallback to Android system time.
10-31 15:19:20.887   372   376 D DrmLibTime: QSEE Time Listener: Retrieved Android system time: 1667225960
10-31 15:19:20.887   372   376 D DrmLibTime: time_getutcsec returns 0, sec = 1667225960; nsec = 0
10-31 15:19:20.887   372   376 D DrmLibTime: time_getutcsec finished! 
10-31 15:19:20.887   372   376 D DrmLibTime: iotcl_continue_command finished! and return 0 
10-31 15:19:20.887   372   376 D DrmLibTime: before calling ioctl to read the next time_cmd
10-31 15:19:20.887   625   647 E QC-time-services: Daemon: Time-services: Waiting to acceptconnection
10-31 15:19:20.915   562   562 D WVCdm   : OEMCrypto_Initialize Level 1 success. I will use level 1.
10-31 15:19:20.915   562   562 D WVCdm   : CryptoSession::Open: Lock: requested_security_level: L3
10-31 15:19:20.930 12369 12369 I cr_media: Provisioning origin ID 9B002BCE36760FF5474E2CCCF3CB6D92
10-31 15:19:20.933 12369 12369 I MediaDrm: Drm event (1,0)
10-31 15:19:20.933 12369 12369 E cr_media: EventListener: No session for event 1.
10-31 15:19:20.962 13323 13323 E /system/bin/webview_zygote32: failed to make and chown /acct/uid_99544: Permission denied
10-31 15:19:20.962 13323 13323 E Zygote  : createProcessGroup(99544, 0) failed: Permission denied
