--------- beginning of system
10-31 02:29:28.262   772 10860 I ActivityManager: Force stopping com.android.chrome appid=10060 user=0: from pid 28124
10-31 02:29:28.262   772 10860 I ActivityManager: Killing 27918:com.android.chrome/u0a60 (adj 700): stop com.android.chrome
--------- beginning of main
10-31 02:29:28.275  1311  1311 D CarrierSvcBindHelper: No carrier app for: 0
10-31 02:29:28.287  2964  2964 D RegisteredNfcFServicesCache: Service unchanged, not updating
10-31 02:29:28.523   772 10860 I ActivityManager: START u0 {act=android.intent.action.VIEW flg=0x10008000 cmp=com.android.chrome/com.google.android.apps.chrome.Main} from uid 2000
10-31 02:29:28.535   772   830 E ResourceType: Style contains key with bad entry: 0x0101062c
10-31 02:29:28.543   772   830 E ResourceType: Style contains key with bad entry: 0x0101062c
10-31 02:29:28.566   772 10860 I ActivityManager: Start proc 28126:com.android.chrome/u0a60 for activity com.android.chrome/com.google.android.apps.chrome.Main
10-31 02:29:28.609   772   830 W LocalDisplayAdapter: Unable to find color mode 0, ignoring request.
10-31 02:29:28.610   772   846 I InputReader: Reconfiguring input devices.  changes=0x00000004
10-31 02:29:28.617 13325 13325 I MemoryTrimmer: Trimming objects from memory, since app is in the background.
10-31 02:29:28.656 28126 28126 I cr_SplitCompatApp: Launched version=106.0.5249.79 minSdkVersion=24 isBundle=true processName=com.android.chrome isIsolated=false
10-31 02:29:28.705  3960  4244 I FontLog : Received query Google Sans, URI content://com.google.android.gms.fonts [CONTEXT service_id=132 ]
10-31 02:29:28.705  3960  4244 I FontLog : Query [Google Sans] resolved to {Google Sans, wdth 100.0, wght 400, ital 0.0, bestEffort false} [CONTEXT service_id=132 ]
10-31 02:29:28.707  3960  4244 I FontLog : Font PFD returned from cache for {Google Sans, wdth 100.0, wght 400, ital 0.0, bestEffort false} [CONTEXT service_id=132 ]
10-31 02:29:28.707  3960  4244 I FontLog : Fetch {Google Sans, wdth 100.0, wght 400, ital 0.0, bestEffort false} end status Status{statusCode=SUCCESS, resolution=null} [CONTEXT service_id=132 ]
10-31 02:29:28.717  3960  4217 I FontLog : Pulling font file for id = 1630, cache size = 5 [CONTEXT service_id=132 ]
10-31 02:29:28.726  3960  4245 I FontLog : Received query Google Sans:500, URI content://com.google.android.gms.fonts [CONTEXT service_id=132 ]
10-31 02:29:28.726  3960  4245 I FontLog : Query [Google Sans:500] resolved to {Google Sans, wdth 100.0, wght 500, ital 0.0, bestEffort false} [CONTEXT service_id=132 ]
10-31 02:29:28.728  3960  4245 I FontLog : Font PFD returned from cache for {Google Sans, wdth 100.0, wght 500, ital 0.0, bestEffort false} [CONTEXT service_id=132 ]
10-31 02:29:28.728  3960  4245 I FontLog : Fetch {Google Sans, wdth 100.0, wght 500, ital 0.0, bestEffort false} end status Status{statusCode=SUCCESS, resolution=null} [CONTEXT service_id=132 ]
10-31 02:29:28.733  3960  4244 I FontLog : Pulling font file for id = 1631, cache size = 6 [CONTEXT service_id=132 ]
10-31 02:29:28.742  3960  3972 I FontLog : Received query Google Sans:700, URI content://com.google.android.gms.fonts [CONTEXT service_id=132 ]
10-31 02:29:28.742  3960  3972 I FontLog : Query [Google Sans:700] resolved to {Google Sans, wdth 100.0, wght 700, ital 0.0, bestEffort false} [CONTEXT service_id=132 ]
10-31 02:29:28.748  3960  3972 I FontLog : Fetch {Google Sans, wdth 100.0, wght 700, ital 0.0, bestEffort false} end status Status{statusCode=SUCCESS, resolution=null} [CONTEXT service_id=132 ]
10-31 02:29:28.751  3960  4245 I FontLog : Pulling font file for id = 1632, cache size = 7 [CONTEXT service_id=132 ]
10-31 02:29:28.787 28126 28145 I cr_LibraryLoader: Successfully loaded native library
10-31 02:29:28.787 28126 28145 I cr_CachingUmaRecorder: Flushed 19 samples from 19 histograms.
10-31 02:29:28.837 28126 28126 E ResourceType: Style contains key with bad entry: 0x0101062c
10-31 02:29:28.848 28126 28148 W DynamiteModule: Local module descriptor class for com.google.android.gms.googlecertificates not found.
10-31 02:29:28.853   772  3037 I ActivityManager: START u0 {cmp=com.android.chrome/org.chromium.chrome.browser.firstrun.FirstRunActivity (has extras)} from uid 10060
10-31 02:29:28.865 28126 28126 E ResourceType: Style contains key with bad entry: 0x0101062c
10-31 02:29:28.867 28126 28148 W zygote  : Skipping duplicate class check due to unrecognized classloader
10-31 02:29:28.869 28126 28148 I DynamiteModule: Considering local module com.google.android.gms.googlecertificates:0 and remote module com.google.android.gms.googlecertificates:7
10-31 02:29:28.869 28126 28148 I DynamiteModule: Selected remote version of com.google.android.gms.googlecertificates, version >= 7
10-31 02:29:28.901 28126 28148 W zygote  : Skipping duplicate class check due to unrecognized classloader
10-31 02:29:28.933 28126 28126 W ResourceType: Failure getting entry for 0x7f010055 (t=0 e=85) (error -75)
10-31 02:29:28.936   772  1327 W AppOps  : Bad call: specified package com.google.android.gms under uid 10060 but it is really 10020
10-31 02:29:28.936   772  1327 W AppOps  : java.lang.RuntimeException: here
10-31 02:29:28.936   772  1327 W AppOps  : 	at com.android.server.AppOpsService.getOpsRawLocked(AppOpsService.java:1319)
10-31 02:29:28.936   772  1327 W AppOps  : 	at com.android.server.AppOpsService.checkPackage(AppOpsService.java:1038)
10-31 02:29:28.936   772  1327 W AppOps  : 	at com.android.internal.app.IAppOpsService$Stub.onTransact(IAppOpsService.java:169)
10-31 02:29:28.936   772  1327 W AppOps  : 	at android.os.Binder.execTransact(Binder.java:674)
10-31 02:29:28.937   772  2970 W AppOps  : Bad call: specified package com.google.android.gms under uid 10060 but it is really 10020
10-31 02:29:28.937   772  2970 W AppOps  : java.lang.RuntimeException: here
10-31 02:29:28.937   772  2970 W AppOps  : 	at com.android.server.AppOpsService.getOpsRawLocked(AppOpsService.java:1319)
10-31 02:29:28.937   772  2970 W AppOps  : 	at com.android.server.AppOpsService.checkPackage(AppOpsService.java:1038)
10-31 02:29:28.937   772  2970 W AppOps  : 	at com.android.internal.app.IAppOpsService$Stub.onTransact(IAppOpsService.java:169)
10-31 02:29:28.937   772  2970 W AppOps  : 	at android.os.Binder.execTransact(Binder.java:674)
10-31 02:29:28.942   772 10893 W AppOps  : Bad call: specified package com.google.android.gms under uid 10060 but it is really 10020
10-31 02:29:28.942   772 10893 W AppOps  : java.lang.RuntimeException: here
10-31 02:29:28.942   772 10893 W AppOps  : 	at com.android.server.AppOpsService.getOpsRawLocked(AppOpsService.java:1319)
10-31 02:29:28.942   772 10893 W AppOps  : 	at com.android.server.AppOpsService.checkPackage(AppOpsService.java:1038)
10-31 02:29:28.942   772 10893 W AppOps  : 	at com.android.internal.app.IAppOpsService$Stub.onTransact(IAppOpsService.java:169)
10-31 02:29:28.942   772 10893 W AppOps  : 	at android.os.Binder.execTransact(Binder.java:674)
10-31 02:29:28.947   772  4540 W AppOps  : Bad call: specified package com.google.android.gms under uid 10060 but it is really 10020
10-31 02:29:28.947   772  4540 W AppOps  : java.lang.RuntimeException: here
10-31 02:29:28.947   772  4540 W AppOps  : 	at com.android.server.AppOpsService.getOpsRawLocked(AppOpsService.java:1319)
10-31 02:29:28.947   772  4540 W AppOps  : 	at com.android.server.AppOpsService.checkPackage(AppOpsService.java:1038)
10-31 02:29:28.947   772  4540 W AppOps  : 	at com.android.internal.app.IAppOpsService$Stub.onTransact(IAppOpsService.java:169)
10-31 02:29:28.947   772  4540 W AppOps  : 	at android.os.Binder.execTransact(Binder.java:674)
10-31 02:29:28.949 28126 28155 D OpenGLRenderer: HWUI GL Pipeline
10-31 02:29:28.979 28126 28155 I Adreno  : QUALCOMM build                   : 7142022, Ib5823dd10c
10-31 02:29:28.979 28126 28155 I Adreno  : Build Date                       : 06/23/17
10-31 02:29:28.979 28126 28155 I Adreno  : OpenGL ES Shader Compiler Version: EV031.18.00.00
10-31 02:29:28.979 28126 28155 I Adreno  : Local Branch                     : O11A
10-31 02:29:28.979 28126 28155 I Adreno  : Remote Branch                    : 
10-31 02:29:28.979 28126 28155 I Adreno  : Remote Branch                    : 
10-31 02:29:28.979 28126 28155 I Adreno  : Reconstruct Branch               : 
10-31 02:29:28.980 28126 28155 I vndksupport: sphal namespace is not configured for this process. Loading /vendor/lib/hw/gralloc.msm8992.so from the current namespace instead.
10-31 02:29:28.987 28126 28126 W RecyclerView: No adapter attached; skipping layout
10-31 02:29:29.003 28126 28155 I Adreno  : PFP: 0x00000000, ME: 0x00000000
10-31 02:29:29.008 28126 28155 I OpenGLRenderer: Initialized EGL, version 1.4
10-31 02:29:29.008 28126 28155 D OpenGLRenderer: Swap behavior 2
10-31 02:29:29.058 28126 28126 I cr_StartSurfaceConfig: Recorded Startup.Android.FirstDrawCompletedTime.NoInstant = 149 ms
10-31 02:29:29.117  3960  4307 E bfry    : Phenotype API error. Event # ddoj@942c2dc7, EventCode: 7 [CONTEXT service_id=51 ]
10-31 02:29:29.117  3960  4307 E bfry    : bfra: 29505: No config packages for log source, or config package not registered
10-31 02:29:29.117  3960  4307 E bfry    : 	at bfst.b(:com.google.android.gms@223616019@22.36.16 (040400-476895098):4)
10-31 02:29:29.117  3960  4307 E bfry    : 	at bfsq.g(:com.google.android.gms@223616019@22.36.16 (040400-476895098):0)
10-31 02:29:29.117  3960  4307 E bfry    : 	at bfry.e(:com.google.android.gms@223616019@22.36.16 (040400-476895098):4)
10-31 02:29:29.117  3960  4307 E bfry    : 	at bfry.f(:com.google.android.gms@223616019@22.36.16 (040400-476895098):2)
10-31 02:29:29.117  3960  4307 E bfry    : 	at arjg.ep(:com.google.android.gms@223616019@22.36.16 (040400-476895098):1)
10-31 02:29:29.117  3960  4307 E bfry    : 	at arjm.run(:com.google.android.gms@223616019@22.36.16 (040400-476895098):12)
10-31 02:29:29.117  3960  4307 E bfry    : 	at cjoq.run(:com.google.android.gms@223616019@22.36.16 (040400-476895098):2)
10-31 02:29:29.117  3960  4307 E bfry    : 	at aarl.c(:com.google.android.gms@223616019@22.36.16 (040400-476895098):6)
10-31 02:29:29.117  3960  4307 E bfry    : 	at aarl.run(:com.google.android.gms@223616019@22.36.16 (040400-476895098):7)
10-31 02:29:29.117  3960  4307 E bfry    : 	at java.util.concurrent.ThreadPoolExecutor.runWorker(ThreadPoolExecutor.java:1162)
10-31 02:29:29.117  3960  4307 E bfry    : 	at java.util.concurrent.ThreadPoolExecutor$Worker.run(ThreadPoolExecutor.java:636)
10-31 02:29:29.117  3960  4307 E bfry    : 	at aaws.run(:com.google.android.gms@223616019@22.36.16 (040400-476895098):0)
10-31 02:29:29.117  3960  4307 E bfry    : 	at java.lang.Thread.run(Thread.java:764)
10-31 02:29:29.126  3960  4307 W AsyncOperation: operation=GetExperimentTokensOperationCall, opStatusCode=29505 [CONTEXT service_id=51 ]
10-31 02:29:29.126  3960  4307 W AsyncOperation: OperationException[Status{statusCode=No config packages for log source, or config package not registered, resolution=null}]
10-31 02:29:29.126  3960  4307 W AsyncOperation: 	at bfry.e(:com.google.android.gms@223616019@22.36.16 (040400-476895098):6)
10-31 02:29:29.126  3960  4307 W AsyncOperation: 	at bfry.f(:com.google.android.gms@223616019@22.36.16 (040400-476895098):2)
10-31 02:29:29.126  3960  4307 W AsyncOperation: 	at arjg.ep(:com.google.android.gms@223616019@22.36.16 (040400-476895098):1)
10-31 02:29:29.126  3960  4307 W AsyncOperation: 	at arjm.run(:com.google.android.gms@223616019@22.36.16 (040400-476895098):12)
10-31 02:29:29.126  3960  4307 W AsyncOperation: 	at cjoq.run(:com.google.android.gms@223616019@22.36.16 (040400-476895098):2)
10-31 02:29:29.126  3960  4307 W AsyncOperation: 	at aarl.c(:com.google.android.gms@223616019@22.36.16 (040400-476895098):6)
10-31 02:29:29.126  3960  4307 W AsyncOperation: 	at aarl.run(:com.google.android.gms@223616019@22.36.16 (040400-476895098):7)
10-31 02:29:29.126  3960  4307 W AsyncOperation: 	at java.util.concurrent.ThreadPoolExecutor.runWorker(ThreadPoolExecutor.java:1162)
10-31 02:29:29.126  3960  4307 W AsyncOperation: 	at java.util.concurrent.ThreadPoolExecutor$Worker.run(ThreadPoolExecutor.java:636)
10-31 02:29:29.126  3960  4307 W AsyncOperation: 	at aaws.run(:com.google.android.gms@223616019@22.36.16 (040400-476895098):0)
10-31 02:29:29.126  3960  4307 W AsyncOperation: 	at java.lang.Thread.run(Thread.java:764)
10-31 02:29:29.131 28126 28143 D NetworkSecurityConfig: Using Network Security Config from resource 0_resource_name_obfuscated debugBuild: false
10-31 02:29:29.825 28126 28143 I cr_VariationsSeedFetch: Fetched first run seed in 704 ms
10-31 02:29:29.879 28163 28163 E /system/bin/webview_zygote32: failed to make and chown /acct/uid_99676: Permission denied
10-31 02:29:29.879 28163 28163 E Zygote  : createProcessGroup(99676, 0) failed: Permission denied
10-31 02:29:29.883   772 13071 I ActivityManager: Start proc 28163:com.android.chrome:sandboxed_process0/u0i676 for webview_service com.android.chrome/org.chromium.content.app.SandboxedProcessService0
10-31 02:29:29.911 28163 28163 I SamplingProfilerIntegration: Profiling disabled.
10-31 02:29:29.933 28176 28176 E asset   : setgid: Operation not permitted
10-31 02:29:29.962 28163 28163 I cr_SplitCompatApp: Launched version=106.0.5249.79 minSdkVersion=24 isBundle=true processName=com.android.chrome:sandboxed_process0 isIsolated=true
10-31 02:29:29.967 28163 28163 W SystemServiceRegistry: No service published for: uimode
10-31 02:29:29.977 28163 28163 I cr_ChildProcessService: Creating new ChildProcessService pid=28163
10-31 02:29:29.983 28163 28163 E WebViewFactory: can't load with relro file; address space not reserved
10-31 02:29:30.096   772   996 I ActivityManager: Start proc 28193:com.android.chrome:privileged_process0/u0a60 for service com.android.chrome/org.chromium.content.app.PrivilegedProcessService0
10-31 02:29:30.135 28126 28126 I cr_SmsProviderGms: construction successfull y93@8e9389e, v93@78f5b4c
10-31 02:29:30.142 13542 13542 D BoundBrokerSvc: onBind: Intent { act=com.google.android.gms.auth.key.retrieval.service.START dat=chimera-action:com.google.android.gms.auth.key.retrieval.service.START cmp=com.google.android.gms/.chimera.GmsApiService }
10-31 02:29:30.142 13542 13542 D BoundBrokerSvc: Loading bound service for intent: Intent { act=com.google.android.gms.auth.key.retrieval.service.START dat=chimera-action:com.google.android.gms.auth.key.retrieval.service.START cmp=com.google.android.gms/.chimera.GmsApiService }
10-31 02:29:30.144 28193 28193 I cr_SplitCompatApp: Launched version=106.0.5249.79 minSdkVersion=24 isBundle=true processName=com.android.chrome:privileged_process0 isIsolated=false
10-31 02:29:30.155 28193 28193 I cr_ChildProcessService: Creating new ChildProcessService pid=28193
10-31 02:29:30.209 28193 28210 I cr_LibraryLoader: Successfully loaded native library
10-31 02:29:30.210 28193 28210 I cr_CachingUmaRecorder: Flushed 3 samples from 3 histograms.
10-31 02:29:30.219 28126 28126 W cr_KnoxSettingsProvider: Permission to read device policy denied.
10-31 02:29:30.223 28193 28210 I Adreno  : QUALCOMM build                   : 7142022, Ib5823dd10c
10-31 02:29:30.223 28193 28210 I Adreno  : Build Date                       : 06/23/17
10-31 02:29:30.223 28193 28210 I Adreno  : OpenGL ES Shader Compiler Version: EV031.18.00.00
10-31 02:29:30.223 28193 28210 I Adreno  : Local Branch                     : O11A
10-31 02:29:30.223 28193 28210 I Adreno  : Remote Branch                    : 
10-31 02:29:30.223 28193 28210 I Adreno  : Remote Branch                    : 
10-31 02:29:30.223 28193 28210 I Adreno  : Reconstruct Branch               : 
10-31 02:29:30.223 28193 28210 I vndksupport: sphal namespace is not configured for this process. Loading /vendor/lib/hw/gralloc.msm8992.so from the current namespace instead.
10-31 02:29:30.227 28193 28210 I Adreno  : PFP: 0x00000000, ME: 0x00000000
10-31 02:29:31.262 28219 28219 E /system/bin/webview_zygote32: failed to make and chown /acct/uid_99677: Permission denied
10-31 02:29:31.262 28219 28219 E Zygote  : createProcessGroup(99677, 0) failed: Permission denied
10-31 02:29:31.266   772 10893 I ActivityManager: Start proc 28219:com.android.chrome:sandboxed_process1/u0i677 for webview_service com.android.chrome/org.chromium.content.app.SandboxedProcessService1
10-31 02:29:31.294 28219 28219 I SamplingProfilerIntegration: Profiling disabled.
10-31 02:29:31.320 28232 28232 E asset   : setgid: Operation not permitted
10-31 02:29:31.363 28219 28219 I cr_SplitCompatApp: Launched version=106.0.5249.79 minSdkVersion=24 isBundle=true processName=com.android.chrome:sandboxed_process1 isIsolated=true
10-31 02:29:31.370 28219 28219 W SystemServiceRegistry: No service published for: uimode
10-31 02:29:31.382 28219 28219 I cr_ChildProcessService: Creating new ChildProcessService pid=28219
10-31 02:29:31.390 28219 28219 E WebViewFactory: can't load with relro file; address space not reserved
10-31 02:29:31.400 28219 28236 I cr_LibraryLoader: Successfully loaded native library
10-31 02:29:31.402 28219 28236 I cr_CachingUmaRecorder: Flushed 3 samples from 3 histograms.
10-31 02:29:31.434 28219 28236 I chromium: [INFO:child_process_service.cc(69)] ChildProcessService: Exiting child process.
10-31 02:29:31.436   422   422 E lowmemorykiller: Error writing /proc/28219/oom_score_adj; errno=22
10-31 02:29:31.436   772 13071 I ActivityManager: Killing 28219:com.android.chrome:sandboxed_process1/u0a60i677 (adj 0): isolated not needed
10-31 02:29:31.437   772   790 W zygote64: failed to open /acct/uid_99677/pid_28219/cgroup.procs: No such file or directory
10-31 02:29:31.497   772  3854 D WificondControl: Scan result ready event
10-31 02:29:31.531  3960  3972 I ChimeraSrvcProxy: NullBinder for android.net.action.RECOMMEND_NETWORKS triggering remote TransactionTooLargeException due to Service without Chimera impl
10-31 02:29:32.336 28126 28126 E cr_BTSPrefs: No data found for task id: 53
10-31 02:29:32.337 28126 28126 E cr_BkgrdTaskScheduler: Task cannot be canceled because no data was found instorage or data was invalid
10-31 02:29:35.699 28263 28263 D AndroidRuntime: >>>>>> START com.android.internal.os.RuntimeInit uid 2000 <<<<<<
10-31 02:29:35.853 28263 28263 D AndroidRuntime: Calling main entry com.android.commands.input.Input
10-31 02:29:35.861 28263 28263 I Input   : injectMotionEvent: MotionEvent { action=ACTION_DOWN, actionButton=0, id[0]=0, x[0]=540.0, y[0]=1660.0, toolType[0]=TOOL_TYPE_UNKNOWN, buttonState=0, metaState=0, flags=0x0, edgeFlags=0x0, pointerCount=1, historySize=0, eventTime=498274123, downTime=498274123, deviceId=8, source=0x1002 }
10-31 02:29:35.888 28263 28263 I Input   : injectMotionEvent: MotionEvent { action=ACTION_UP, actionButton=0, id[0]=0, x[0]=540.0, y[0]=1660.0, toolType[0]=TOOL_TYPE_UNKNOWN, buttonState=0, metaState=0, flags=0x0, edgeFlags=0x0, pointerCount=1, historySize=0, eventTime=498274123, downTime=498274123, deviceId=8, source=0x1002 }
10-31 02:29:35.892 28263 28263 D AndroidRuntime: Shutting down VM
10-31 02:29:37.418 28277 28277 D AndroidRuntime: >>>>>> START com.android.internal.os.RuntimeInit uid 2000 <<<<<<
10-31 02:29:37.559 28277 28277 D AndroidRuntime: Calling main entry com.android.commands.input.Input
10-31 02:29:37.567 28277 28277 I Input   : injectMotionEvent: MotionEvent { action=ACTION_DOWN, actionButton=0, id[0]=0, x[0]=180.0, y[0]=1690.0, toolType[0]=TOOL_TYPE_UNKNOWN, buttonState=0, metaState=0, flags=0x0, edgeFlags=0x0, pointerCount=1, historySize=0, eventTime=498275829, downTime=498275829, deviceId=8, source=0x1002 }
10-31 02:29:37.574 28277 28277 I Input   : injectMotionEvent: MotionEvent { action=ACTION_UP, actionButton=0, id[0]=0, x[0]=180.0, y[0]=1690.0, toolType[0]=TOOL_TYPE_UNKNOWN, buttonState=0, metaState=0, flags=0x0, edgeFlags=0x0, pointerCount=1, historySize=0, eventTime=498275829, downTime=498275829, deviceId=8, source=0x1002 }
10-31 02:29:37.578 28277 28277 D AndroidRuntime: Shutting down VM
10-31 02:29:37.952   772   784 E BatteryStatsService: no controller energy info supplied
10-31 02:29:37.952   772   784 E BatteryStatsService: no controller energy info supplied
10-31 02:29:37.983   772   788 W ProcessCpuTracker: Skipping unknown process pid 28311
10-31 02:29:39.192   772 32228 I ActivityManager: START u0 {act=android.intent.action.VIEW dat=http://192.168.178.178:5500/... flg=0x10000000 cmp=com.android.chrome/com.google.android.apps.chrome.Main} from uid 2000
10-31 02:29:39.210 28126 28126 E ResourceType: Style contains key with bad entry: 0x0101062c
10-31 02:29:39.217   772   785 I ActivityManager: START u0 {cmp=com.android.chrome/org.chromium.chrome.browser.firstrun.FirstRunActivity (has extras)} from uid 10060
10-31 02:29:39.224 28126 28126 E ResourceType: Style contains key with bad entry: 0x0101062c
10-31 02:29:39.283 28126 28126 W ResourceType: Failure getting entry for 0x7f010055 (t=0 e=85) (error -75)
10-31 02:29:39.335 28126 28126 W RecyclerView: No adapter attached; skipping layout
10-31 02:29:39.340 28126 28126 I cr_StartSurfaceConfig: Recorded Startup.Android.FirstDrawCompletedTime.NoInstant = 63 ms
10-31 02:29:40.274 28193 28205 I vndksupport: sphal namespace is not configured for this process. Loading libutils.so from the current namespace instead.
10-31 02:29:40.274 28126 28137 I vndksupport: sphal namespace is not configured for this process. Loading libutils.so from the current namespace instead.
10-31 02:29:40.275 28163 28174 I vndksupport: sphal namespace is not configured for this process. Loading libutils.so from the current namespace instead.
10-31 02:29:40.281 28359 28359 W atrace  : type=1400 audit(0.0:12830): avc: denied { call } for scontext=u:r:shell:s0 tcontext=u:r:wificond:s0 tclass=binder permissive=0
10-31 02:29:40.281   556   556 E Parcel  : Reading a NULL string not supported here.
10-31 02:29:40.281   556   556 W Parcel  : **** enforceInterface() expected 'IAAudioService' but read ''
10-31 02:29:40.281   360   360 E SELinux : avc:  denied  { find } for service=android.service.gatekeeper.IGateKeeperService pid=28359 uid=2000 scontext=u:r:shell:s0 tcontext=u:object_r:gatekeeper_service:s0 tclass=service_manager
10-31 02:29:40.282   360   360 E SELinux : avc:  denied  { find } for service=netd pid=28359 uid=2000 scontext=u:r:shell:s0 tcontext=u:object_r:netd_service:s0 tclass=service_manager
10-31 02:29:40.286   360   360 E SELinux : avc:  denied  { find } for service=installd pid=28359 uid=2000 scontext=u:r:shell:s0 tcontext=u:object_r:installd_service:s0 tclass=service_manager
10-31 02:29:40.290   361   361 E SELinux : avc:  denied  { find } for interface=android.frameworks.displayservice::IDisplayService pid=28359 scontext=u:r:shell:s0 tcontext=u:object_r:fwk_display_hwservice:s0 tclass=hwservice_manager
10-31 02:29:40.290   361   361 E SELinux : avc:  denied  { find } for interface=android.frameworks.schedulerservice::ISchedulingPolicyService pid=28359 scontext=u:r:shell:s0 tcontext=u:object_r:fwk_scheduler_hwservice:s0 tclass=hwservice_manager
10-31 02:29:40.290   361   361 E SELinux : avc:  denied  { find } for interface=android.frameworks.sensorservice::ISensorManager pid=28359 scontext=u:r:shell:s0 tcontext=u:object_r:fwk_sensor_hwservice:s0 tclass=hwservice_manager
10-31 02:29:40.291   361   361 E SELinux : avc:  denied  { find } for interface=android.hardware.biometrics.fingerprint::IBiometricsFingerprint pid=28359 scontext=u:r:shell:s0 tcontext=u:object_r:hal_fingerprint_hwservice:s0 tclass=hwservice_manager
10-31 02:29:40.292   361   361 E SELinux : avc:  denied  { find } for interface=android.hardware.dumpstate::IDumpstateDevice pid=28359 scontext=u:r:shell:s0 tcontext=u:object_r:hal_dumpstate_hwservice:s0 tclass=hwservice_manager
10-31 02:29:40.293   361   361 E SELinux : avc:  denied  { find } for interface=android.hardware.radio.deprecated::IOemHook pid=28359 scontext=u:r:shell:s0 tcontext=u:object_r:hal_telephony_hwservice:s0 tclass=hwservice_manager
10-31 02:29:40.293   361   361 E SELinux : avc:  denied  { find } for interface=android.hardware.radio::IRadio pid=28359 scontext=u:r:shell:s0 tcontext=u:object_r:hal_telephony_hwservice:s0 tclass=hwservice_manager
10-31 02:29:40.293   361   361 E SELinux : avc:  denied  { find } for interface=android.hardware.radio::ISap pid=28359 scontext=u:r:shell:s0 tcontext=u:object_r:hal_telephony_hwservice:s0 tclass=hwservice_manager
10-31 02:29:40.294   361   361 E SELinux : avc:  denied  { find } for interface=android.hardware.usb::IUsb pid=28359 scontext=u:r:shell:s0 tcontext=u:object_r:hal_usb_hwservice:s0 tclass=hwservice_manager
10-31 02:29:40.294   361   361 E SELinux : avc:  denied  { find } for interface=android.hardware.wifi.supplicant::ISupplicant pid=28359 scontext=u:r:shell:s0 tcontext=u:object_r:hal_wifi_supplicant_hwservice:s0 tclass=hwservice_manager
10-31 02:29:40.294   361   361 E SELinux : avc:  denied  { find } for interface=android.hardware.wifi::IWifi pid=28359 scontext=u:r:shell:s0 tcontext=u:object_r:hal_wifi_hwservice:s0 tclass=hwservice_manager
10-31 02:29:40.295   361   361 E SELinux : avc:  denied  { find } for interface=android.hidl.base::IBase pid=28359 scontext=u:r:shell:s0 tcontext=u:object_r:hidl_base_hwservice:s0 tclass=hwservice_manager
10-31 02:29:40.295   361   361 I chatty  : uid=1000(system) hwservicemanage identical 1 line
10-31 02:29:40.296   361   361 E SELinux : avc:  denied  { find } for interface=android.hidl.base::IBase pid=28359 scontext=u:r:shell:s0 tcontext=u:object_r:hidl_base_hwservice:s0 tclass=hwservice_manager
10-31 02:29:40.297   361   361 E SELinux : avc:  denied  { find } for interface=android.system.wifi.keystore::IKeystore pid=28359 scontext=u:r:shell:s0 tcontext=u:object_r:system_wifi_keystore_hwservice:s0 tclass=hwservice_manager
10-31 02:29:40.742 28126 28126 W chromium: [WARNING:controller_impl.cc(1190)] Background download complete, client: 6, completion type: 0, file size:18160
10-31 02:29:40.752 28126 28126 W chromium: [WARNING:controller_impl.cc(1190)] Background download complete, client: 6, completion type: 0, file size:16643
10-31 02:29:40.786 28360 28360 E /system/bin/webview_zygote32: failed to make and chown /acct/uid_99678: Permission denied
10-31 02:29:40.786 28360 28360 E Zygote  : createProcessGroup(99678, 0) failed: Permission denied
10-31 02:29:40.788   772 10860 I ActivityManager: Start proc 28360:com.android.chrome:sandboxed_process2/u0i678 for webview_service com.android.chrome/org.chromium.content.app.SandboxedProcessService2
10-31 02:29:40.803 28371 28371 E /system/bin/webview_zygote32: failed to make and chown /acct/uid_99679: Permission denied
10-31 02:29:40.804 28371 28371 E Zygote  : createProcessGroup(99679, 0) failed: Permission denied
10-31 02:29:40.805   772 10895 I ActivityManager: Start proc 28371:com.android.chrome:sandboxed_process3/u0i679 for webview_service com.android.chrome/org.chromium.content.app.SandboxedProcessService3
10-31 02:29:40.813 28360 28360 I SamplingProfilerIntegration: Profiling disabled.
10-31 02:29:40.832 28383 28383 E asset   : setgid: Operation not permitted
10-31 02:29:40.838 28126 28126 W chromium: [WARNING:controller_impl.cc(1190)] Background download complete, client: 6, completion type: 0, file size:2443
10-31 02:29:40.841 28371 28371 I SamplingProfilerIntegration: Profiling disabled.
10-31 02:29:40.845 28126 28126 W chromium: [WARNING:controller_impl.cc(1190)] Background download complete, client: 6, completion type: 0, file size:2759
10-31 02:29:40.864 28387 28387 E asset   : setgid: Operation not permitted
10-31 02:29:40.866 28360 28360 I cr_SplitCompatApp: Launched version=106.0.5249.79 minSdkVersion=24 isBundle=true processName=com.android.chrome:sandboxed_process2 isIsolated=true
10-31 02:29:40.874 28360 28360 W SystemServiceRegistry: No service published for: uimode
10-31 02:29:40.874 28388 28388 E /system/bin/webview_zygote32: failed to make and chown /acct/uid_99680: Permission denied
10-31 02:29:40.874 28388 28388 E Zygote  : createProcessGroup(99680, 0) failed: Permission denied
10-31 02:29:40.875   772  2970 I ActivityManager: Start proc 28388:com.android.chrome:sandboxed_process4/u0i680 for webview_service com.android.chrome/org.chromium.content.app.SandboxedProcessService4
10-31 02:29:40.886 28360 28360 I cr_ChildProcessService: Creating new ChildProcessService pid=28360
10-31 02:29:40.891 28400 28400 E /system/bin/webview_zygote32: failed to make and chown /acct/uid_99681: Permission denied
10-31 02:29:40.891 28400 28400 E Zygote  : createProcessGroup(99681, 0) failed: Permission denied
10-31 02:29:40.893   772 10894 I ActivityManager: Start proc 28400:com.android.chrome:sandboxed_process5/u0i681 for webview_service com.android.chrome/org.chromium.content.app.SandboxedProcessService5
10-31 02:29:40.898 28371 28371 I cr_SplitCompatApp: Launched version=106.0.5249.79 minSdkVersion=24 isBundle=true processName=com.android.chrome:sandboxed_process3 isIsolated=true
10-31 02:29:40.900 28360 28360 E WebViewFactory: can't load with relro file; address space not reserved
10-31 02:29:40.904 28371 28371 W SystemServiceRegistry: No service published for: uimode
10-31 02:29:40.907 28388 28388 I SamplingProfilerIntegration: Profiling disabled.
10-31 02:29:40.911 28371 28371 I cr_ChildProcessService: Creating new ChildProcessService pid=28371
10-31 02:29:40.911 28360 28399 I cr_LibraryLoader: Successfully loaded native library
10-31 02:29:40.914 28360 28399 I cr_CachingUmaRecorder: Flushed 3 samples from 3 histograms.
10-31 02:29:40.922 28400 28400 I SamplingProfilerIntegration: Profiling disabled.
10-31 02:29:40.922 28371 28371 E WebViewFactory: can't load with relro file; address space not reserved
10-31 02:29:40.931 28419 28419 W ThreadPoolForeg: type=1400 audit(0.0:12831): avc: denied { setattr } for name="model-info.pb" dev="dm-2" ino=1504641 scontext=u:r:isolated_app:s0:c512,c768 tcontext=u:object_r:app_data_file:s0:c512,c768 tclass=file permissive=0
10-31 02:29:40.931 28419 28419 W ThreadPoolForeg: type=1400 audit(0.0:12832): avc: denied { setattr } for name="model.tflite" dev="dm-2" ino=1504644 scontext=u:r:isolated_app:s0:c512,c768 tcontext=u:object_r:app_data_file:s0:c512,c768 tclass=file permissive=0
10-31 02:29:40.933 28423 28423 E asset   : setgid: Operation not permitted
10-31 02:29:40.937 28371 28414 I cr_LibraryLoader: Successfully loaded native library
10-31 02:29:40.938 28371 28414 I cr_CachingUmaRecorder: Flushed 3 samples from 3 histograms.
10-31 02:29:40.940 28360 28399 I chromium: [INFO:child_process_service.cc(69)] ChildProcessService: Exiting child process.
10-31 02:29:40.943   422   422 E lowmemorykiller: Error writing /proc/28360/oom_score_adj; errno=22
10-31 02:29:40.943 28424 28424 E asset   : setgid: Operation not permitted
10-31 02:29:40.944   772  4539 I ActivityManager: Killing 28360:com.android.chrome:sandboxed_process2/u0a60i678 (adj 0): isolated not needed
10-31 02:29:40.945   772   790 W zygote64: failed to open /acct/uid_99678/pid_28360/cgroup.procs: No such file or directory
10-31 02:29:40.964 28428 28428 W ThreadPoolForeg: type=1400 audit(0.0:12833): avc: denied { setattr } for name="model-info.pb" dev="dm-2" ino=1504627 scontext=u:r:isolated_app:s0:c512,c768 tcontext=u:object_r:app_data_file:s0:c512,c768 tclass=file permissive=0
10-31 02:29:40.967 28428 28428 W ThreadPoolForeg: type=1400 audit(0.0:12834): avc: denied { setattr } for name="model.tflite" dev="dm-2" ino=1504641 scontext=u:r:isolated_app:s0:c512,c768 tcontext=u:object_r:app_data_file:s0:c512,c768 tclass=file permissive=0
10-31 02:29:40.971 28388 28388 I cr_SplitCompatApp: Launched version=106.0.5249.79 minSdkVersion=24 isBundle=true processName=com.android.chrome:sandboxed_process4 isIsolated=true
10-31 02:29:40.973 28400 28400 I cr_SplitCompatApp: Launched version=106.0.5249.79 minSdkVersion=24 isBundle=true processName=com.android.chrome:sandboxed_process5 isIsolated=true
10-31 02:29:40.974 28371 28414 I chromium: [INFO:child_process_service.cc(69)] ChildProcessService: Exiting child process.
10-31 02:29:40.976   422   422 E lowmemorykiller: Error writing /proc/28371/oom_score_adj; errno=22
10-31 02:29:40.976   772 10895 I ActivityManager: Killing 28371:com.android.chrome:sandboxed_process3/u0a60i679 (adj 0): isolated not needed
10-31 02:29:40.976 28388 28388 W SystemServiceRegistry: No service published for: uimode
10-31 02:29:40.977   772   790 W zygote64: failed to open /acct/uid_99679/pid_28371/cgroup.procs: No such file or directory
10-31 02:29:40.979 28400 28400 W SystemServiceRegistry: No service published for: uimode
10-31 02:29:40.984 28388 28388 I cr_ChildProcessService: Creating new ChildProcessService pid=28388
10-31 02:29:40.987 28400 28400 I cr_ChildProcessService: Creating new ChildProcessService pid=28400
10-31 02:29:40.989 28388 28388 E WebViewFactory: can't load with relro file; address space not reserved
10-31 02:29:40.993 28400 28400 E WebViewFactory: can't load with relro file; address space not reserved
10-31 02:29:40.999 28388 28431 I cr_LibraryLoader: Successfully loaded native library
10-31 02:29:41.000 28388 28431 I cr_CachingUmaRecorder: Flushed 3 samples from 3 histograms.
10-31 02:29:41.004 28400 28432 I cr_LibraryLoader: Successfully loaded native library
10-31 02:29:41.005 28400 28432 I cr_CachingUmaRecorder: Flushed 3 samples from 3 histograms.
10-31 02:29:41.014 28437 28437 W ThreadPoolForeg: type=1400 audit(0.0:12835): avc: denied { setattr } for name="model-info.pb" dev="dm-2" ino=1504627 scontext=u:r:isolated_app:s0:c512,c768 tcontext=u:object_r:app_data_file:s0:c512,c768 tclass=file permissive=0
10-31 02:29:41.014 28437 28437 W ThreadPoolForeg: type=1400 audit(0.0:12836): avc: denied { setattr } for name="model.tflite" dev="dm-2" ino=1504638 scontext=u:r:isolated_app:s0:c512,c768 tcontext=u:object_r:app_data_file:s0:c512,c768 tclass=file permissive=0
10-31 02:29:41.017 28442 28442 W ThreadPoolForeg: type=1400 audit(0.0:12837): avc: denied { setattr } for name="model-info.pb" dev="dm-2" ino=1504649 scontext=u:r:isolated_app:s0:c512,c768 tcontext=u:object_r:app_data_file:s0:c512,c768 tclass=file permissive=0
10-31 02:29:41.023 28388 28431 I chromium: [INFO:child_process_service.cc(69)] ChildProcessService: Exiting child process.
10-31 02:29:41.024 28442 28442 W ThreadPoolForeg: type=1400 audit(0.0:12838): avc: denied { setattr } for name="model.tflite" dev="dm-2" ino=1504627 scontext=u:r:isolated_app:s0:c512,c768 tcontext=u:object_r:app_data_file:s0:c512,c768 tclass=file permissive=0
10-31 02:29:41.025   422   422 E lowmemorykiller: Error writing /proc/28388/oom_score_adj; errno=22
10-31 02:29:41.026   772 32228 I ActivityManager: Killing 28388:com.android.chrome:sandboxed_process4/u0a60i680 (adj 0): isolated not needed
10-31 02:29:41.026   772   790 W zygote64: failed to open /acct/uid_99680/pid_28388/cgroup.procs: No such file or directory
10-31 02:29:41.034 28400 28432 I chromium: [INFO:child_process_service.cc(69)] ChildProcessService: Exiting child process.
10-31 02:29:41.036   772 20193 I ActivityManager: Killing 28400:com.android.chrome:sandboxed_process5/u0a60i681 (adj 0): isolated not needed
10-31 02:29:41.036   772   790 W zygote64: failed to open /acct/uid_99681/pid_28400/cgroup.procs: No such file or directory
10-31 02:29:44.583 28126 28126 W chromium: [WARNING:controller_impl.cc(1190)] Background download complete, client: 6, completion type: 0, file size:9419
10-31 02:29:44.622 28449 28449 E /system/bin/webview_zygote32: failed to make and chown /acct/uid_99682: Permission denied
10-31 02:29:44.622 28449 28449 E Zygote  : createProcessGroup(99682, 0) failed: Permission denied
10-31 02:29:44.627   772  4540 I ActivityManager: Start proc 28449:com.android.chrome:sandboxed_process6/u0i682 for webview_service com.android.chrome/org.chromium.content.app.SandboxedProcessService6
10-31 02:29:44.641 28449 28449 I SamplingProfilerIntegration: Profiling disabled.
10-31 02:29:44.658 28462 28462 E asset   : setgid: Operation not permitted
10-31 02:29:44.689 28449 28449 I cr_SplitCompatApp: Launched version=106.0.5249.79 minSdkVersion=24 isBundle=true processName=com.android.chrome:sandboxed_process6 isIsolated=true
10-31 02:29:44.696 28449 28449 W SystemServiceRegistry: No service published for: uimode
10-31 02:29:44.707 28449 28449 I cr_ChildProcessService: Creating new ChildProcessService pid=28449
10-31 02:29:44.715 28449 28449 E WebViewFactory: can't load with relro file; address space not reserved
10-31 02:29:44.725 28449 28464 I cr_LibraryLoader: Successfully loaded native library
10-31 02:29:44.726 28449 28464 I cr_CachingUmaRecorder: Flushed 3 samples from 3 histograms.
10-31 02:29:44.747 28468 28468 W ThreadPoolForeg: type=1400 audit(0.0:12839): avc: denied { setattr } for name="model-info.pb" dev="dm-2" ino=1504649 scontext=u:r:isolated_app:s0:c512,c768 tcontext=u:object_r:app_data_file:s0:c512,c768 tclass=file permissive=0
10-31 02:29:44.747 28468 28468 W ThreadPoolForeg: type=1400 audit(0.0:12840): avc: denied { setattr } for name="model.tflite" dev="dm-2" ino=1504651 scontext=u:r:isolated_app:s0:c512,c768 tcontext=u:object_r:app_data_file:s0:c512,c768 tclass=file permissive=0
10-31 02:29:44.757 28449 28464 I chromium: [INFO:child_process_service.cc(69)] ChildProcessService: Exiting child process.
10-31 02:29:44.759   422   422 E lowmemorykiller: Error writing /proc/28449/oom_score_adj; errno=22
10-31 02:29:44.759   772  4540 I ActivityManager: Killing 28449:com.android.chrome:sandboxed_process6/u0a60i682 (adj 0): isolated not needed
10-31 02:29:44.760   772   790 W zygote64: failed to open /acct/uid_99682/pid_28449/cgroup.procs: No such file or directory
10-31 02:29:45.038   772  2970 D WificondControl: Scan result ready event
10-31 02:29:45.109  3960  4245 I ChimeraSrvcProxy: NullBinder for android.net.action.RECOMMEND_NETWORKS triggering remote TransactionTooLargeException due to Service without Chimera impl
10-31 02:29:47.571   772   799 I PowerManagerService: Going to sleep due to screen timeout (uid 1000)...
10-31 02:29:48.130   772   799 I DisplayPowerController: Blocking screen off
10-31 02:29:48.136   772   799 I DisplayPowerController: Unblocked screen off after 6 ms
10-31 02:29:48.162   423   423 D SurfaceFlinger: Set power mode=0, type=0 flinger=0x70b325e000
10-31 02:29:48.162   772   799 I DreamManagerService: Entering dreamland.
10-31 02:29:48.163   772   797 I DisplayManagerService: Display device changed state: "Built-in Screen", OFF
10-31 02:29:48.163   772   799 I PowerManagerService: Dozing...
10-31 02:29:48.167   423   423 D qdhwcomposer: hwc_setPowerMode: Setting mode 0 on display: 0
10-31 02:29:48.169   772   795 I DreamController: Starting dream: name=ComponentInfo{com.android.systemui/com.android.systemui.doze.DozeService}, isTest=false, canDoze=true, userId=0
10-31 02:29:48.171   772   830 W LocalDisplayAdapter: Unable to find color mode 0, ignoring request.
10-31 02:29:48.176   772   846 I InputReader: Reconfiguring input devices.  changes=0x00000004
10-31 02:29:48.287   423   483 I qdhwcomposer: handle_blank_event: dpy:0 panel power state: 0
10-31 02:29:48.290   423   423 D qdhwcomposer: hwc_setPowerMode: Done setting mode 0 on display 0
10-31 02:29:48.291   772   892 D SurfaceControl: Excessive delay in setPowerMode(): 129ms
10-31 02:29:48.299   926   926 D StatusBar: disable<e i a s b H R c s q >
10-31 02:29:48.327  2964  3128 E NxpTml  : _i2c_write() errno : 5
10-31 02:29:48.327  2964  3128 E NxpTml  : PN54X - Error in I2C Write.....
10-31 02:29:48.328  2964  3130 E NxpHal  : write error status = 0x1ff
10-31 02:29:48.328  2964  3108 E NxpHal  : write_unlocked failed - PN54X Maybe in Standby Mode - Retry
10-31 02:29:48.340  3960  4307 I NearbySharing: Screen is locked [CONTEXT service_id=194 ]
10-31 02:29:48.341  3960  4307 I NearbySharing: Failed to stop scanning because weren't scanning. [CONTEXT service_id=194 ]
10-31 02:29:48.341  3960  4307 I NearbySharing: Stopping discovery because the screen is locked. [CONTEXT service_id=194 ]
10-31 02:29:48.341  3960  4307 I NearbySharing: Can't stop advertising FastInitiation. Not advertising. [CONTEXT service_id=194 ]
10-31 02:29:48.341  3960  4307 I NearbySharing: Stopping Fast Init advertisement because Bluetooth is off. [CONTEXT service_id=194 ]
10-31 02:29:48.341  3960  4307 I NearbySharing: Stopping advertising because the screen is locked. [CONTEXT service_id=194 ]
10-31 02:29:48.341  3960  4307 I NearbySharing: Stopping FastInitiation scanning because the screen is locked. [CONTEXT service_id=194 ]
10-31 02:29:48.341  3960  4307 I NearbySharing: Can't stop scanning for FastInitiation. Not scanning. [CONTEXT service_id=194 ]
10-31 02:29:48.341  3960  4307 I NearbySharing: Cancelling in use notification [CONTEXT service_id=194 ]
10-31 02:29:48.342  3960  4307 I NearbySharing: Fast Initiation Scanning has stopped [CONTEXT service_id=194 ]
10-31 02:29:48.343  3960  4307 I NearbySharing: Dismissing HUN as there's no device nearby. [CONTEXT service_id=194 ]
10-31 02:29:48.343  3960  4307 I NearbySharing: Cancelling in use notification [CONTEXT service_id=194 ]
10-31 02:29:48.352 13325 13325 I MemoryTrimmer: Trimming objects from memory, since app is in the background.
10-31 02:29:59.677   772   791 E BatteryStatsService: no controller energy info supplied
10-31 02:30:30.145 28126 28126 I cr_media: Create MediaDrmBridge with level L3 and origin 44B697D83111444F6BC83F630DDC1935
10-31 02:30:30.153   361   361 W /system/bin/hwservicemanager: getTransportFromManifest: Cannot find entry android.hardware.drm@1.0::IDrmFactory in either framework or device manifest, using default transport.
10-31 02:30:30.201   562 28303 I DrmHal  : makeDrmFactories: using default drm instance
10-31 02:30:30.219   361   361 W /system/bin/hwservicemanager: getTransportFromManifest: Cannot find entry android.hardware.drm@1.0::IDrmFactory in either framework or device manifest, using default transport.
10-31 02:30:30.279   562 19051 I DrmHal  : makeDrmFactories: using default drm instance
10-31 02:30:30.280   562 19050 D WVCdm   : Instantiating CDM.
10-31 02:30:30.287   562  5487 I WVCdm   : CdmEngine::QueryStatus
10-31 02:30:30.288   562  5487 I WVCdm   : Level3 Library 4445 May 19 2017 17:17:20
10-31 02:30:30.296   562  5487 D QSEECOMAPI: : QSEECom_get_handle sb_length = 0x19000
10-31 02:30:30.296   562  5487 D QSEECOMAPI: : App is not loaded in QSEE
10-31 02:30:30.351   562  5487 D QSEECOMAPI: : Loaded image: APP id = 1754
10-31 02:30:30.354   562  5487 D QSAPPSVER: qsapps_get_capabilities: Capability from secure side: 0x0
10-31 02:30:30.354   562  5487 D QSAPPSVER: qsapps_get_capabilities: returns 0
10-31 02:30:30.354   562  5487 E DrmWidevineDash: sion_buffer g_wv_fhandle->ion_sbuffer  0x0xefa96000
10-31 02:30:30.358   372   376 D DrmLibTime: got the req here! ret=0
10-31 02:30:30.358   372   376 D DrmLibTime: command id, time_cmd_id = 770
10-31 02:30:30.358   372   376 D DrmLibTime: time_getutcsec starts!
10-31 02:30:30.358   372   376 D DrmLibTime: QSEE Time Listener: time_getutcsec
10-31 02:30:30.358   372   376 D DrmLibTime: QSEE Time Listener: get_utc_seconds
10-31 02:30:30.358   372   376 D DrmLibTime: QSEE Time Listener: time_get_modem_time
10-31 02:30:30.358   372   376 D DrmLibTime: QSEE Time Listener: Checking if ATS_MODEM is set or not.
10-31 02:30:30.358   372   376 D QC-time-services: Lib:time_genoff_operation: pargs->base = 13
10-31 02:30:30.358   372   376 D QC-time-services: Lib:time_genoff_operation: pargs->operation = 2
10-31 02:30:30.358   372   376 D QC-time-services: Lib:time_genoff_operation: pargs->ts_val = 0
10-31 02:30:30.358   372   376 D QC-time-services: Lib:time_genoff_operation: Send to server  passed!!
10-31 02:30:30.358   625   647 D QC-time-services: Daemon: Connection accepted:time_genoff
10-31 02:30:30.359   625 28491 D QC-time-services: Daemon:Received base = 13, unit = 1, operation = 2,value = 0
10-31 02:30:30.359   625 28491 D QC-time-services: Daemon:genoff_opr: Base = 13, val = 0, operation = 2
10-31 02:30:30.359   625 28491 D QC-time-services: offset is: 0 for base: 13
10-31 02:30:30.359   372   376 E QC-time-services: Receive Passed == base = 13, unit = 1, operation = 2, result = 0
10-31 02:30:30.359   372   376 D DrmLibTime: QSEE Time Listener: ATS_MODEM is not set. Fallback to Android system time.
10-31 02:30:30.359   372   376 D DrmLibTime: QSEE Time Listener: Retrieved Android system time: 1667179830
10-31 02:30:30.359   372   376 D DrmLibTime: time_getutcsec returns 0, sec = 1667179830; nsec = 0
10-31 02:30:30.359   372   376 D DrmLibTime: time_getutcsec finished! 
10-31 02:30:30.359   372   376 D DrmLibTime: iotcl_continue_command finished! and return 0 
10-31 02:30:30.359   372   376 D DrmLibTime: before calling ioctl to read the next time_cmd
10-31 02:30:30.359   625   647 E QC-time-services: Daemon: Time-services: Waiting to acceptconnection
10-31 02:30:30.396   562  5487 D WVCdm   : OEMCrypto_Initialize Level 1 success. I will use level 1.
10-31 02:30:30.397   562  5487 D QSEECOMAPI: : QSEECom_dealloc_memory 
10-31 02:30:30.397   562  5487 D QSEECOMAPI: : QSEECom_shutdown_app, app_id = 1754
10-31 02:30:30.408   562 28303 I WVCdm   : CdmEngine::OpenSession
10-31 02:30:30.409   562 28303 I WVCdm   : Level3 Library 4445 May 19 2017 17:17:20
10-31 02:30:30.415   562 28303 D QSEECOMAPI: : QSEECom_get_handle sb_length = 0x19000
10-31 02:30:30.415   562 28303 D QSEECOMAPI: : App is not loaded in QSEE
10-31 02:30:30.466   562 28303 D QSEECOMAPI: : Loaded image: APP id = 1755
10-31 02:30:30.470   562 28303 D QSAPPSVER: qsapps_get_capabilities: Capability from secure side: 0x0
10-31 02:30:30.470   562 28303 D QSAPPSVER: qsapps_get_capabilities: returns 0
10-31 02:30:30.470   562 28303 E DrmWidevineDash: sion_buffer g_wv_fhandle->ion_sbuffer  0x0xefa96000
10-31 02:30:30.473   372   376 D DrmLibTime: got the req here! ret=0
10-31 02:30:30.473   372   376 D DrmLibTime: command id, time_cmd_id = 770
10-31 02:30:30.473   372   376 D DrmLibTime: time_getutcsec starts!
10-31 02:30:30.473   372   376 D DrmLibTime: QSEE Time Listener: time_getutcsec
10-31 02:30:30.473   372   376 D DrmLibTime: QSEE Time Listener: get_utc_seconds
10-31 02:30:30.473   372   376 D DrmLibTime: QSEE Time Listener: time_get_modem_time
10-31 02:30:30.473   372   376 D DrmLibTime: QSEE Time Listener: Checking if ATS_MODEM is set or not.
10-31 02:30:30.473   372   376 D QC-time-services: Lib:time_genoff_operation: pargs->base = 13
10-31 02:30:30.473   372   376 D QC-time-services: Lib:time_genoff_operation: pargs->operation = 2
10-31 02:30:30.473   372   376 D QC-time-services: Lib:time_genoff_operation: pargs->ts_val = 0
10-31 02:30:30.473   372   376 D QC-time-services: Lib:time_genoff_operation: Send to server  passed!!
10-31 02:30:30.473   625   647 D QC-time-services: Daemon: Connection accepted:time_genoff
10-31 02:30:30.473   625 28492 D QC-time-services: Daemon:Received base = 13, unit = 1, operation = 2,value = 0
10-31 02:30:30.473   625 28492 D QC-time-services: Daemon:genoff_opr: Base = 13, val = 0, operation = 2
10-31 02:30:30.473   625 28492 D QC-time-services: offset is: 0 for base: 13
10-31 02:30:30.473   372   376 E QC-time-services: Receive Passed == base = 13, unit = 1, operation = 2, result = 0
10-31 02:30:30.473   372   376 D DrmLibTime: QSEE Time Listener: ATS_MODEM is not set. Fallback to Android system time.
10-31 02:30:30.473   372   376 D DrmLibTime: QSEE Time Listener: Retrieved Android system time: 1667179830
10-31 02:30:30.473   372   376 D DrmLibTime: time_getutcsec returns 0, sec = 1667179830; nsec = 0
10-31 02:30:30.473   372   376 D DrmLibTime: time_getutcsec finished! 
10-31 02:30:30.474   372   376 D DrmLibTime: iotcl_continue_command finished! and return 0 
10-31 02:30:30.474   372   376 D DrmLibTime: before calling ioctl to read the next time_cmd
10-31 02:30:30.474   625   647 E QC-time-services: Daemon: Time-services: Waiting to acceptconnection
10-31 02:30:30.494   562 28303 D WVCdm   : OEMCrypto_Initialize Level 1 success. I will use level 1.
10-31 02:30:30.494   562 28303 D WVCdm   : CryptoSession::Open: Lock: requested_security_level: L3
10-31 02:30:30.499   562 28303 W WVCdm   : DeviceFiles::RetrieveHashedFile: /data/mediadrm/IDM1013/L3/cert.bin does not exist
10-31 02:30:30.499   562 28303 D QSEECOMAPI: : QSEECom_dealloc_memory 
10-31 02:30:30.499   562 28303 D QSEECOMAPI: : QSEECom_shutdown_app, app_id = 1755
10-31 02:30:30.517   562   644 I WVCdm   : Level3 Library 4445 May 19 2017 17:17:20
10-31 02:30:30.522   562   644 D QSEECOMAPI: : QSEECom_get_handle sb_length = 0x19000
10-31 02:30:30.523   562   644 D QSEECOMAPI: : App is not loaded in QSEE
10-31 02:30:30.569   562   644 D QSEECOMAPI: : Loaded image: APP id = 1756
10-31 02:30:30.572   562   644 D QSAPPSVER: qsapps_get_capabilities: Capability from secure side: 0x0
10-31 02:30:30.572   562   644 D QSAPPSVER: qsapps_get_capabilities: returns 0
10-31 02:30:30.572   562   644 E DrmWidevineDash: sion_buffer g_wv_fhandle->ion_sbuffer  0x0xefa96000
10-31 02:30:30.576   372   376 D DrmLibTime: got the req here! ret=0
10-31 02:30:30.576   372   376 D DrmLibTime: command id, time_cmd_id = 770
10-31 02:30:30.576   372   376 D DrmLibTime: time_getutcsec starts!
10-31 02:30:30.576   372   376 D DrmLibTime: QSEE Time Listener: time_getutcsec
10-31 02:30:30.576   372   376 D DrmLibTime: QSEE Time Listener: get_utc_seconds
10-31 02:30:30.576   372   376 D DrmLibTime: QSEE Time Listener: time_get_modem_time
10-31 02:30:30.576   372   376 D DrmLibTime: QSEE Time Listener: Checking if ATS_MODEM is set or not.
10-31 02:30:30.576   372   376 D QC-time-services: Lib:time_genoff_operation: pargs->base = 13
10-31 02:30:30.576   372   376 D QC-time-services: Lib:time_genoff_operation: pargs->operation = 2
10-31 02:30:30.576   372   376 D QC-time-services: Lib:time_genoff_operation: pargs->ts_val = 0
10-31 02:30:30.576   372   376 D QC-time-services: Lib:time_genoff_operation: Send to server  passed!!
