10-31 03:33:15.413   772   791 E BatteryStatsService: no controller energy info supplied
10-31 03:34:15.875   772   791 E BatteryStatsService: no controller energy info supplied
10-31 03:35:42.188   772   791 I chatty  : uid=1000(system) batterystats-sy identical 8 lines
10-31 03:36:03.678   772   791 E BatteryStatsService: no controller energy info supplied
10-31 03:37:52.558   772   791 E BatteryStatsService: no controller energy info supplied
10-31 03:38:09.090  3960 28936 E WakeLock: GCM_HB_ALARM release without a matched acquire!
10-31 03:38:09.103  3960  4284 W NetworkScheduler: Error inserting period=7200000 preferred_charging_state=1 preferred_network_type=1 target_class=com.google.android.gms.measurement.PackageMeasurementTaskService required_network_type=0 runtime=1667183442656 required_idleness_state=0 source=16 service_kind=0 target_package=com.google.android.gms persistence_level=1 source_version=223616000 last_runtime=0 user_id=0 job_id=-1 requires_charging=0 tag=Measurement.PackageMeasurementTaskService.UPLOAD_TASK_TAG flex_time=3599000 task_type=0 retry_strategy={"maximum_backoff_seconds":{"3600":0},"initial_backoff_seconds":{"30":0},"retry_policy":{"0":0}} [CONTEXT service_id=218 ]
10-31 03:38:09.103  3960  4284 W NetworkScheduler: android.database.sqlite.SQLiteConstraintException: UNIQUE constraint failed: pending_ops.tag, pending_ops.target_class, pending_ops.target_package, pending_ops.user_id (code 2067)
10-31 03:38:09.103  3960  4284 W NetworkScheduler: 	at android.database.sqlite.SQLiteConnection.nativeExecuteForLastInsertedRowId(Native Method)
10-31 03:38:09.103  3960  4284 W NetworkScheduler: 	at android.database.sqlite.SQLiteConnection.executeForLastInsertedRowId(SQLiteConnection.java:782)
10-31 03:38:09.103  3960  4284 W NetworkScheduler: 	at android.database.sqlite.SQLiteSession.executeForLastInsertedRowId(SQLiteSession.java:788)
10-31 03:38:09.103  3960  4284 W NetworkScheduler: 	at android.database.sqlite.SQLiteStatement.executeInsert(SQLiteStatement.java:86)
10-31 03:38:09.103  3960  4284 W NetworkScheduler: 	at android.database.sqlite.SQLiteDatabase.insertWithOnConflict(SQLiteDatabase.java:1474)
10-31 03:38:09.103  3960  4284 W NetworkScheduler: 	at android.database.sqlite.SQLiteDatabase.insertOrThrow(SQLiteDatabase.java:1369)
10-31 03:38:09.103  3960  4284 W NetworkScheduler: 	at biel.g(:com.google.android.gms@223616019@22.36.16 (040400-476895098):52)
10-31 03:38:09.103  3960  4284 W NetworkScheduler: 	at bide.n(:com.google.android.gms@223616019@22.36.16 (040400-476895098):3)
10-31 03:38:09.103  3960  4284 W NetworkScheduler: 	at bide.u(:com.google.android.gms@223616019@22.36.16 (040400-476895098):20)
10-31 03:38:09.103  3960  4284 W NetworkScheduler: 	at bide.p(:com.google.android.gms@223616019@22.36.16 (040400-476895098):3)
10-31 03:38:09.103  3960  4284 W NetworkScheduler: 	at bide.l(:com.google.android.gms@223616019@22.36.16 (040400-476895098):26)
10-31 03:38:09.103  3960  4284 W NetworkScheduler: 	at bicr.handleMessage(:com.google.android.gms@223616019@22.36.16 (040400-476895098):13)
10-31 03:38:09.103  3960  4284 W NetworkScheduler: 	at android.os.Handler.dispatchMessage(Handler.java:105)
10-31 03:38:09.103  3960  4284 W NetworkScheduler: 	at arnl.kB(:com.google.android.gms@223616019@22.36.16 (040400-476895098):0)
10-31 03:38:09.103  3960  4284 W NetworkScheduler: 	at arnl.dispatchMessage(:com.google.android.gms@223616019@22.36.16 (040400-476895098):11)
10-31 03:38:09.103  3960  4284 W NetworkScheduler: 	at android.os.Looper.loop(Looper.java:164)
10-31 03:38:09.103  3960  4284 W NetworkScheduler: 	at android.os.HandlerThread.run(HandlerThread.java:65)
10-31 03:39:12.528   772   791 I chatty  : uid=1000(system) batterystats-sy identical 4 lines
10-31 03:39:27.575   772   791 E BatteryStatsService: no controller energy info supplied
10-31 03:40:46.335   772   791 E BatteryStatsService: no controller energy info supplied
10-31 03:41:01.387   772   791 E BatteryStatsService: no controller energy info supplied
10-31 03:42:21.982   772   791 E BatteryStatsService: no controller energy info supplied
10-31 03:42:37.010   772   791 E BatteryStatsService: no controller energy info supplied
10-31 03:42:48.108   772   772 D AnyMotionDetector: angleBetween: this = timeMillisSinceBoot=1060215874 | x=0.0036734971, y=0.0093552265, z=0.9999495, other = timeMillisSinceBoot=1060222268 | x=0.0040126224, y=0.009458052, z=0.99994725, degrees = 0.020304391
10-31 03:43:18.120   772   787 W AlarmManager: Unrecognized alarm listener com.android.server.DeviceIdleController$4@e3ff512
10-31 03:43:18.297   772   791 E BatteryStatsService: no controller energy info supplied
10-31 03:43:38.456   772   791 E BatteryStatsService: no controller energy info supplied
10-31 03:45:09.299   772   791 E BatteryStatsService: no controller energy info supplied
10-31 03:45:24.319   772   791 E BatteryStatsService: no controller energy info supplied
10-31 03:47:16.072   772   791 E BatteryStatsService: no controller energy info supplied
10-31 03:47:31.092   772   791 I chatty  : uid=1000(system) batterystats-sy identical 1 line
10-31 03:48:19.458   772   791 E BatteryStatsService: no controller energy info supplied
10-31 03:48:32.666   570   570 W wificond: Failed to get NL80211_ATTR_STATUS_CODE
10-31 03:48:32.708  1361  1361 I wpa_supplicant: wlan0: Associated with 68:02:b8:40:7b:b4
10-31 03:48:32.708  1361  1361 I wpa_supplicant: wlan0: CTRL-EVENT-SUBNET-STATUS-UPDATE status=0
10-31 03:48:32.709  1361  1361 I wpa_supplicant: wlan0: CTRL-EVENT-EAP-SUCCESS EAP authentication completed successfully (based on lower layer success)
10-31 03:48:32.717   570   570 E wificond: Failed to get NL80211_STA_INFO_TX_PACKETS
10-31 03:48:32.718   772   857 E WificondControl: Invalid signal poll result from wificond
10-31 03:48:32.727  1361  1361 I wpa_supplicant: wlan0: WPA: Key negotiation completed with 68:02:b8:40:7b:b4 [PTK=CCMP GTK=CCMP]
10-31 03:48:32.727  1361  1361 I wpa_supplicant: wlan0: CTRL-EVENT-CONNECTED - Connection to 68:02:b8:40:7b:b4 completed [id=0 id_str=%7B%22configKey%22%3A%22%5C%22Dan+%26+Sush%5C%22WPA_PSK%22%2C%22creatorUid%22%3A%221000%22%7D]
10-31 03:48:32.751  3960  4244 I ChimeraSrvcProxy: NullBinder for android.net.action.RECOMMEND_NETWORKS triggering remote TransactionTooLargeException due to Service without Chimera impl
10-31 03:48:35.755   772 25413 W IpReachabilityMonitor: ALERT: NeighborEvent{elapsedMs=1060569921, fe80::6a02:b8ff:fe40:f25a, [(null)], RTM_NEWNEIGH, NUD_FAILED}
10-31 03:48:35.755   772 25413 W IpReachabilityMonitor: FAILURE: LOST_PROVISIONING, NeighborEvent{elapsedMs=1060569921, fe80::6a02:b8ff:fe40:f25a, [(null)], RTM_NEWNEIGH, NUD_FAILED}
10-31 03:48:35.772   772 25413 W IpReachabilityMonitor: ALERT: NeighborEvent{elapsedMs=1060569939, 192.168.178.1, [(null)], RTM_NEWNEIGH, NUD_FAILED}
10-31 03:48:35.773   772 25413 W IpReachabilityMonitor: FAILURE: LOST_PROVISIONING, NeighborEvent{elapsedMs=1060569939, 192.168.178.1, [(null)], RTM_NEWNEIGH, NUD_FAILED}
10-31 03:48:35.891  1361  1361 I wpa_supplicant: wlan0: CTRL-EVENT-DISCONNECTED bssid=68:02:b8:40:7b:b4 reason=3 locally_generated=1
10-31 03:48:35.893   417  1342 E WifiHAL : Few pkt stats messages missed: rcvd = 1389, prev = 1384
10-31 03:48:35.894   417  1342 I WifiHAL : Fate Tx-Rx: Packet fate stats stop received
10-31 03:48:35.906  1361  1361 E wpa_supplicant: nl80211: Failed to open /proc/sys/net/ipv4/conf/wlan0/drop_unicast_in_l2_multicast: No such file or directory
10-31 03:48:35.906  1361  1361 E wpa_supplicant: nl80211: Failed to set IPv4 unicast in multicast filter
10-31 03:48:35.907  1361  1361 E wpa_supplicant: nl80211: Failed to open /proc/sys/net/ipv4/conf/wlan0/drop_unicast_in_l2_multicast: No such file or directory
10-31 03:48:35.907  1361  1361 E wpa_supplicant: nl80211: Failed to set IPv4 unicast in multicast filter
10-31 03:48:35.908   772   857 D WifiStateMachine: WifiStateMachine: Leaving Connected state
10-31 03:48:35.910  1361  1361 E hw-IPCThreadState: binder thread pool (1 threads) starved for 137 ms
10-31 03:48:35.910   772   858 D DhcpClient: doQuit
10-31 03:48:35.911   772   858 D ApfFilter: (wlan0): shutting down
10-31 03:48:35.915   772   857 E WifiVendorHal: stopRssiMonitoring(l.2115) failed {.code = ERROR_NOT_AVAILABLE, .description = }
10-31 03:48:35.915   772   857 W WifiConfigManager: Looking up network with invalid networkId -1
10-31 03:48:35.915   568   717 D CommandListener: Setting iface cfg
10-31 03:48:35.916   772 25414 D DhcpClient: Receive thread stopped
10-31 03:48:35.920   772   862 D ConnectivityService: NetworkAgentInfo [WIFI () - 132] EVENT_NETWORK_INFO_CHANGED, going from CONNECTED to DISCONNECTED
10-31 03:48:35.920   772   862 D ConnectivityService: NetworkAgentInfo [WIFI () - 132] got DISCONNECTED, was satisfying 11
10-31 03:48:35.935   772 25412 D DhcpClient: onQuitting
10-31 03:48:35.940  1361  1361 I wpa_supplicant: wlan0: CTRL-EVENT-REGDOM-CHANGE init=USER type=COUNTRY alpha2=00
10-31 03:48:35.943   772   857 D WifiCountryCode: Succeeded to set country code to: 00
10-31 03:48:35.943   772   857 D WifiStateMachine: Start Disconnecting Watchdog 16
10-31 03:48:35.945   772   857 E WifiVendorHal: stopRssiMonitoring(l.2115) failed {.code = ERROR_NOT_AVAILABLE, .description = }
10-31 03:48:35.945   568   717 D CommandListener: Clearing all IP addresses on wlan0
10-31 03:48:35.945   772   857 W WifiConfigManager: Looking up network with invalid networkId -1
10-31 03:48:35.946   568   709 I Netd    : Destroyed 3 sockets on 2001:1c00:306:100:e0a2:fa73:a71a:f3aa in 0.7 ms
10-31 03:48:35.949   772   857 I WifiStateMachine: disconnectedstate enter
10-31 03:48:35.951  3960 14435 V NativeCrypto: Read error: ssl=0x7a0b01bf08: I/O error during system call, Software caused connection abort
10-31 03:48:35.954   772   859 D WificondScannerImpl: Remove all networks from supplicant before starting PNO scan
10-31 03:48:35.955   772   857 D WifiNetworkAgent: NetworkAgent: NetworkAgent channel lost
10-31 03:48:35.966   570   570 I wificond: Pno scan started
10-31 03:48:35.966   772   859 D WificondScannerImpl: Changed PNO state from false to enable
10-31 03:48:35.968  3960 28913 V NativeCrypto: SSL shutdown failed: ssl=0x7a0b01bf08: I/O error during system call, Broken pipe
10-31 03:48:35.968  3960 28913 E WakeLock: GCM_HB_ALARM release without a matched acquire!
10-31 03:48:35.968  3960 28913 W WakeLock: GCM_HB_ALARM counter does not exist
10-31 03:48:35.972   772   791 E BatteryStatsService: no controller energy info supplied
10-31 03:48:35.973  2950  3047 W QCNEJ   : |CORE| network lost: 132
10-31 03:48:35.974  2950  3047 W QCNEJ   : |CORE| onLost: unbind the process to WIFI
10-31 03:48:36.003  3960 28913 E WakeLock: GCM_CONN_ALARM release without a matched acquire!
10-31 03:48:36.003  3960 28913 W WakeLock: GCM_CONN_ALARM counter does not exist
10-31 03:48:36.024   568   717 V IdletimerController: runCmd(/system/bin/ip6tables -w -t raw -D idletimer_raw_PREROUTING -i wlan0 -j IDLETIMER --timeout 15 --label 1 --send_nl_msg 1) res_ipv4=0, res_ipv6=0
10-31 03:48:36.050   568   717 V IdletimerController: runCmd(/system/bin/ip6tables -w -t mangle -D idletimer_mangle_POSTROUTING -o wlan0 -j IDLETIMER --timeout 15 --label 1 --send_nl_msg 1) res_ipv4=0, res_ipv6=0
10-31 03:48:36.050   772   862 D ConnectivityService: Sending DISCONNECTED broadcast for type 1 NetworkAgentInfo [WIFI () - 132] isDefaultNetwork=true
10-31 03:48:36.060 28126 28126 E cr_BTSPrefs: No data found for task id: 53
10-31 03:48:36.061 28126 28126 E cr_BkgrdTaskScheduler: Task cannot be canceled because no data was found instorage or data was invalid
10-31 03:48:36.062   772   791 E BatteryStatsService: no controller energy info supplied
10-31 03:48:37.089  3960 14435 E WakeLock: GCM_HB_ALARM release without a matched acquire!
10-31 03:48:37.090  3960 14435 W WakeLock: GCM_HB_ALARM counter does not exist
10-31 03:48:37.105  3960 14435 E WakeLock: GCM_CONN_ALARM release without a matched acquire!
10-31 03:48:40.582   570   570 I wificond: Pno scan result ready event
10-31 03:48:40.584   772  1324 D WificondControl: Pno scan result event
10-31 03:48:40.590   570   570 I wificond: Pno scan stopped
10-31 03:48:40.591   772   859 D WificondScannerImpl: Changed PNO state from true to disable
10-31 03:48:40.591   772   859 D WificondScannerImpl: Start PNO timer with delay 4997
10-31 03:48:40.595   772   857 W WifiConfigManager: Looking up network with invalid networkId -1
10-31 03:48:40.600   772   857 W WifiConfigManager: Looking up network with invalid networkId -1
10-31 03:48:40.601   772   857 D WifiStateMachine: CMD_START_CONNECT sup state DisconnectedState my state DisconnectedState nid=5 roam=false
10-31 03:48:40.603   570   570 W wificond: Scan is not started. Ignore abort request
10-31 03:48:40.604   772   857 D SupplicantStaIfaceHal: connectToNetwork "Dan & Sush"WPA_PSK
10-31 03:48:40.606   772   857 I SupplicantStaIfaceHal: addSupplicantStaNetwork via HIDL
10-31 03:48:40.646  3960  4217 I ChimeraSrvcProxy: NullBinder for android.net.action.RECOMMEND_NETWORKS triggering remote TransactionTooLargeException due to Service without Chimera impl
10-31 03:48:40.650  1361  1361 I wpa_supplicant: wlan0: Trying to associate with SSID 'Dan & Sush'
10-31 03:48:40.796  1361  1361 I wpa_supplicant: wlan0: Associated with 68:02:b8:40:7b:b4
10-31 03:48:40.797  1361  1361 I wpa_supplicant: wlan0: CTRL-EVENT-SUBNET-STATUS-UPDATE status=0
10-31 03:48:40.809  1361  1361 I wpa_supplicant: wlan0: CTRL-EVENT-EAP-SUCCESS EAP authentication completed successfully (based on lower layer success)
10-31 03:48:40.823  1361  1361 I wpa_supplicant: wlan0: WPA: Key negotiation completed with 68:02:b8:40:7b:b4 [PTK=CCMP GTK=CCMP]
10-31 03:48:40.823  1361  1361 I wpa_supplicant: wlan0: CTRL-EVENT-CONNECTED - Connection to 68:02:b8:40:7b:b4 completed [id=0 id_str=%7B%22configKey%22%3A%22%5C%22Dan+%26+Sush%5C%22WPA_PSK%22%2C%22creatorUid%22%3A%221000%22%7D]
10-31 03:48:40.840   772   857 D ConnectivityService: registerNetworkAgent NetworkAgentInfo{ ni{[type: WIFI[], state: CONNECTING/CONNECTING, reason: (unspecified), extra: "Dan & Sush", failover: false, available: true, roaming: false, metered: false]}  network{133}  nethandle{571247086302}  lp{{LinkAddresses: []  Routes: [] DnsAddresses: [] Domains: null MTU: 0}}  nc{[ Transports: WIFI Capabilities: NOT_METERED&INTERNET&NOT_RESTRICTED&TRUSTED&NOT_VPN LinkUpBandwidth>=1048576Kbps LinkDnBandwidth>=1048576Kbps]}  Score{20}  everValidated{false}  lastValidated{false}  created{false} lingering{false} explicitlySelected{false} acceptUnvalidated{false} everCaptivePortalDetected{false} lastCaptivePortalDetected{false} }
10-31 03:48:40.840   772   862 D ConnectivityService: NetworkAgentInfo [WIFI () - 133] EVENT_NETWORK_INFO_CHANGED, going from null to CONNECTING
10-31 03:48:40.858   772 29049 D ApfFilter: (wlan0): begin monitoring
10-31 03:48:40.873   772 29053 D DhcpClient: Receive thread started
10-31 03:48:40.884   772 29051 D DhcpClient: Broadcasting DHCPDISCOVER
10-31 03:48:45.888   772 29051 D DhcpClient: Broadcasting DHCPDISCOVER
10-31 03:48:45.935   772   857 W AlarmManager: Unrecognized alarm listener com.android.server.wifi.WifiConfigStore$1@36537b
10-31 03:48:45.975   772   857 D WifiConfigStore: Writing to stores completed in 40 ms.
10-31 03:48:46.424   772 29049 D ApfFilter: (wlan0): Adding RA fe80::6a02:b8ff:fe40:f25a -> fe80::2e59:8aff:fe5a:8ab1 1800s 2001:1c00:306:100::/64 1158240s/553440s DNS 360s 2001:b88:1002::10 2001:b88:1202::10 2001:730:3e42:1000::53
10-31 03:48:47.768   772   862 D ConnectivityService: NetworkAgentInfo [WIFI () - 133] EVENT_NETWORK_INFO_CHANGED, going from CONNECTING to CONNECTED
10-31 03:48:47.772   772   862 D ConnectivityService: Adding iface wlan0 to network 133
10-31 03:48:47.788   568   717 E Netd    : Error adding route 2001:1c00:306:100::/64 -> (null) wlan0 to table 1022: File exists
10-31 03:48:47.792   568   717 E Netd    : Error adding route ::/0 -> fe80::6a02:b8ff:fe40:f25a wlan0 to table 1022: File exists
10-31 03:48:47.795   568   717 E Netd    : Error adding route 2001:1c00:306:100::/64 -> fe80::6a02:b8ff:fe40:f25a wlan0 to table 1022: File exists
10-31 03:48:47.796   772   862 D ConnectivityService: Setting DNS servers for network 133 to [/2001:730:3e42:1000::53, /2001:b88:1002::10, /2001:b88:1202::10]
10-31 03:48:47.798   772   862 I Nat464Xlat: Starting clatd on wlan0
10-31 03:48:47.798   568   717 D ClatdController: starting clatd on wlan0
10-31 03:48:47.799   568   717 D ClatdController: clatd started on wlan0
10-31 03:48:47.812   772   791 E BatteryStatsService: no controller energy info supplied
10-31 03:48:47.821  3960  4245 I ChimeraSrvcProxy: NullBinder for android.net.action.RECOMMEND_NETWORKS triggering remote TransactionTooLargeException due to Service without Chimera impl
10-31 03:48:47.829 29054 29054 I clatd   : Starting clat version 1.4 on wlan0 netid=133 mark=0xf0085
10-31 03:48:47.829   772   862 D ConnectivityService: Switching to new default network: NetworkAgentInfo{ ni{[type: WIFI[], state: CONNECTED/CONNECTED, reason: (unspecified), extra: "Dan & Sush", failover: false, available: true, roaming: false, metered: false]}  network{133}  nethandle{571247086302}  lp{{InterfaceName: wlan0 LinkAddresses: [fe80::2e59:8aff:fe5a:8ab1/64,2001:1c00:306:100:e0a2:fa73:a71a:f3aa/64,]  Routes: [fe80::/64 -> :: wlan0,::/0 -> fe80::6a02:b8ff:fe40:f25a wlan0,2001:1c00:306:100::/64 -> fe80::6a02:b8ff:fe40:f25a wlan0,2001:1c00:306:100::/64 -> :: wlan0,] DnsAddresses: [2001:730:3e42:1000::53,2001:b88:1002::10,2001:b88:1202::10,] Domains: null MTU: 0 TcpBufferSizes: 524288,6291456,8291456,524288,6291456,8291456}}  nc{[ Transports: WIFI Capabilities: NOT_METERED&INTERNET&NOT_RESTRICTED&TRUSTED&NOT_VPN&FOREGROUND LinkUpBandwidth>=1048576Kbps LinkDnBandwidth>=1048576Kbps]}  Score{20}  everValidated{false}  lastValidated{false}  created{true} lingering{false} explicitlySelected{true} acceptUnvalidated{false} everCaptivePortalDetected{false} lastCaptivePortalDetected{false} }
10-31 03:48:47.829   772   857 D WifiNetworkAgent: NetworkAgent: Received signal strength thresholds: []
10-31 03:48:47.831   772   857 E WifiVendorHal: stopRssiMonitoring(l.2115) failed {.code = ERROR_NOT_AVAILABLE, .description = }
10-31 03:48:47.838 29054 29054 I clatd   : Using ring buffer with 656 frames (1048576 bytes) at 0x781ee8d000
10-31 03:48:47.852   772 29055 D NetworkMonitor/NetworkAgentInfo [WIFI () - 133]: PROBE_DNS www.google.com 19ms OK 2a00:1450:400e:811::2004
10-31 03:48:47.856 29054 29054 I clatd   : Detecting NAT64 prefix from DNS...
10-31 03:48:47.857   772 29057 D NetworkMonitor/NetworkAgentInfo [WIFI () - 133]: PROBE_DNS connectivitycheck.gstatic.com 24ms OK 2a00:1450:400e:80e::2003
10-31 03:48:47.876   568   717 V IdletimerController: runCmd(/system/bin/ip6tables -w -t raw -A idletimer_raw_PREROUTING -i wlan0 -j IDLETIMER --timeout 15 --label 1 --send_nl_msg 1) res_ipv4=0, res_ipv6=0
10-31 03:48:47.879 29054 29054 E clatd   : plat_prefix/dns(ipv4only.arpa) status = 7/No address associated with hostname
10-31 03:48:47.879 29054 29054 W clatd   : dns64_detection -- error, sleeping for 1 seconds
10-31 03:48:47.901   772 29057 D NetworkMonitor/NetworkAgentInfo [WIFI () - 133]: PROBE_HTTP http://connectivitycheck.gstatic.com/generate_204 time=44ms ret=204 request={User-Agent=[Mozilla/5.0 (X11; Linux x86_64) AppleWebKit/537.36 (KHTML, like Gecko) Chrome/52.0.2743.82 Safari/537.36]} headers={null=[HTTP/1.1 204 No Content], Content-Length=[0], Cross-Origin-Resource-Policy=[cross-origin], Date=[Mon, 31 Oct 2022 02:48:46 GMT], X-Android-Received-Millis=[1667184527901], X-Android-Response-Source=[NETWORK 204], X-Android-Selected-Protocol=[http/1.1], X-Android-Sent-Millis=[1667184527881]}
10-31 03:48:47.905   568   717 V IdletimerController: runCmd(/system/bin/ip6tables -w -t mangle -A idletimer_mangle_POSTROUTING -o wlan0 -j IDLETIMER --timeout 15 --label 1 --send_nl_msg 1) res_ipv4=0, res_ipv6=0
10-31 03:48:47.913   772   874 I GnssLocationProvider: WakeLock acquired by sendMessage(DOWNLOAD_XTRA_DATA, 0, null)
10-31 03:48:47.914   772   874 I GnssLocationProvider: WakeLock acquired by sendMessage(UPDATE_NETWORK_STATE, 0, 133)
10-31 03:48:47.914   772   787 D GnssLocationProvider: handleDownloadXtraData() called when Xtra not supported
10-31 03:48:47.914   772   787 I GnssLocationProvider: WakeLock released by handleMessage(DOWNLOAD_XTRA_DATA, 0, null)
10-31 03:48:47.917   772   791 E BatteryStatsService: no controller energy info supplied
10-31 03:48:47.919   772   862 D ConnectivityService: Sending CONNECTED broadcast for type 1 NetworkAgentInfo [WIFI () - 133] isDefaultNetwork=true
10-31 03:48:47.919  2950  3047 W QCNEJ   : |CORE| network available: 133
10-31 03:48:47.924   772 13021 D ConnectivityService: Returning blocked NetworkInfo to uid=10060
10-31 03:48:47.925   772   787 I GnssLocationProvider: WakeLock released by handleMessage(UPDATE_NETWORK_STATE, 0, 133)
10-31 03:48:47.926  2950  3047 W QCNEJ   : |CORE| onAvailable: bind the process to WIFI
10-31 03:48:47.927  2950  3047 W QCNEJ   : |CORE| newLp: {InterfaceName: wlan0 LinkAddresses: [fe80::2e59:8aff:fe5a:8ab1/64,2001:1c00:306:100:e0a2:fa73:a71a:f3aa/64,]  Routes: [fe80::/64 -> :: wlan0,::/0 -> fe80::6a02:b8ff:fe40:f25a wlan0,2001:1c00:306:100::/64 -> fe80::6a02:b8ff:fe40:f25a wlan0,2001:1c00:306:100::/64 -> :: wlan0,] DnsAddresses: [2001:730:3e42:1000::53,2001:b88:1002::10,2001:b88:1202::10,] Domains: null MTU: 0 TcpBufferSizes: 524288,6291456,8291456,524288,6291456,8291456}
10-31 03:48:47.928  2950  3047 W QCNEJ   : |CORE| curLp: {InterfaceName: wlan0 LinkAddresses: [fe80::2e59:8aff:fe5a:8ab1/64,2001:1c00:306:100:e0a2:fa73:a71a:f3aa/64,]  Routes: [fe80::/64 -> :: wlan0,::/0 -> fe80::6a02:b8ff:fe40:f25a wlan0,2001:1c00:306:100::/64 -> fe80::6a02:b8ff:fe40:f25a wlan0,2001:1c00:306:100::/64 -> :: wlan0,] DnsAddresses: [2001:730:3e42:1000::53,2001:b88:1002::10,2001:b88:1202::10,] Domains: null MTU: 0}
10-31 03:48:47.946   772 29055 D NetworkMonitor/NetworkAgentInfo [WIFI () - 133]: PROBE_HTTPS https://www.google.com/generate_204 time=93ms ret=204 request={User-Agent=[Mozilla/5.0 (X11; Linux x86_64) AppleWebKit/537.36 (KHTML, like Gecko) Chrome/52.0.2743.82 Safari/537.36]} headers={null=[HTTP/1.1 204 No Content], Alt-Svc=[h3=":443"; ma=2592000,h3-29=":443"; ma=2592000,h3-Q050=":443"; ma=2592000,h3-Q046=":443"; ma=2592000,h3-Q043=":443"; ma=2592000,quic=":443"; ma=2592000; v="46,43"], Content-Length=[0], Cross-Origin-Resource-Policy=[cross-origin], Date=[Mon, 31 Oct 2022 02:48:46 GMT], X-Android-Received-Millis=[1667184527946], X-Android-Response-Source=[NETWORK 204], X-Android-Selected-Protocol=[http/1.1], X-Android-Sent-Millis=[1667184527923]}
10-31 03:48:47.948   772   862 D ConnectivityService: NetworkAgentInfo [WIFI () - 133] validation passed
10-31 03:48:47.948   772   788 W BroadcastQueue: Background execution not allowed: receiving Intent { act=android.net.conn.NETWORK_CONDITIONS_MEASURED flg=0x10 (has extras) } to com.google.android.gms/.chimera.GmsIntentOperationService$PersistentTrustedReceiver
10-31 03:48:47.980  3960 28913 I qtaguid : Tagging socket -1 with tag 40700000000(1031) for uid -1 failed errno=-9
10-31 03:48:47.980  3960 28913 I NetworkManagementSocketTagger: tagSocketFd(-1, 1031, -1) failed with errno-9
10-31 03:48:48.096  3960 14435 E WakeLock: GCM_CONN_ALARM release without a matched acquire!
10-31 03:48:48.233  2950  3047 W QCNEJ   : |CORE| newLp: {InterfaceName: wlan0 LinkAddresses: [fe80::2e59:8aff:fe5a:8ab1/64,2001:1c00:306:100:e0a2:fa73:a71a:f3aa/64,2001:1c00:306:100:2e59:8aff:fe5a:8ab1/64,]  Routes: [fe80::/64 -> :: wlan0,::/0 -> fe80::6a02:b8ff:fe40:f25a wlan0,2001:1c00:306:100::/64 -> fe80::6a02:b8ff:fe40:f25a wlan0,2001:1c00:306:100::/64 -> :: wlan0,] DnsAddresses: [2001:730:3e42:1000::53,2001:b88:1002::10,2001:b88:1202::10,] Domains: null MTU: 0 TcpBufferSizes: 524288,6291456,8291456,524288,6291456,8291456}
10-31 03:48:48.234  2950  3047 W QCNEJ   : |CORE| curLp: {InterfaceName: wlan0 LinkAddresses: [fe80::2e59:8aff:fe5a:8ab1/64,2001:1c00:306:100:e0a2:fa73:a71a:f3aa/64,2001:1c00:306:100:2e59:8aff:fe5a:8ab1/64,]  Routes: [fe80::/64 -> :: wlan0,::/0 -> fe80::6a02:b8ff:fe40:f25a wlan0,2001:1c00:306:100::/64 -> fe80::6a02:b8ff:fe40:f25a wlan0,2001:1c00:306:100::/64 -> :: wlan0,] DnsAddresses: [2001:730:3e42:1000::53,2001:b88:1002::10,2001:b88:1202::10,] Domains: null MTU: 0}
10-31 03:48:48.880 29054 29054 I clatd   : Detecting NAT64 prefix from DNS...
10-31 03:48:48.884 29054 29054 E clatd   : plat_prefix/dns(ipv4only.arpa) status = 7/No address associated with hostname
10-31 03:48:48.884 29054 29054 W clatd   : dns64_detection -- error, sleeping for 2 seconds
10-31 03:48:49.921   772 29051 D DhcpClient: Broadcasting DHCPDISCOVER
10-31 03:48:49.959   772 29053 D DhcpClient: Received packet: 2c:59:8a:5a:8a:b1 OFFER, ip /192.168.178.248, mask /255.255.255.0, DNS servers: /84.116.46.23 /84.116.46.22 , gateways [/192.168.178.1] lease time 86400, domain home
10-31 03:48:49.960   772 29051 D DhcpClient: Got pending lease: IP address 192.168.178.248/24 Gateway 192.168.178.1  DNS servers: [ 84.116.46.23 84.116.46.22 ] Domains home DHCP server /192.168.178.1 Vendor info null lease 86400 seconds
10-31 03:48:49.962   772 29051 D DhcpClient: Broadcasting DHCPREQUEST ciaddr=0.0.0.0 request=192.168.178.248 serverid=192.168.178.1
10-31 03:48:50.100   772 29053 D DhcpClient: Received packet: 2c:59:8a:5a:8a:b1 ACK: your new IP /192.168.178.248, netmask /255.255.255.0, gateways [/192.168.178.1] DNS servers: /84.116.46.23 /84.116.46.22 , lease time 86400
10-31 03:48:50.101   772 29051 D DhcpClient: Confirmed lease: IP address 192.168.178.248/24 Gateway 192.168.178.1  DNS servers: [ 84.116.46.23 84.116.46.22 ] Domains home DHCP server /192.168.178.1 Vendor info null lease 86400 seconds
10-31 03:48:50.113   568   717 D CommandListener: Setting iface cfg
10-31 03:48:50.136   772 29051 D DhcpClient: Scheduling renewal in 43199s
10-31 03:48:50.136   772 29051 D DhcpClient: Scheduling rebind in 75599s
10-31 03:48:50.137   772 29051 D DhcpClient: Scheduling expiry in 86399s
10-31 03:48:50.138   772   862 D ConnectivityService: Setting DNS servers for network 133 to [/2001:730:3e42:1000::53, /2001:b88:1002::10, /2001:b88:1202::10]
10-31 03:48:50.159  2950  3047 W QCNEJ   : |CORE| newLp: {InterfaceName: wlan0 LinkAddresses: [fe80::2e59:8aff:fe5a:8ab1/64,2001:1c00:306:100:e0a2:fa73:a71a:f3aa/64,2001:1c00:306:100:2e59:8aff:fe5a:8ab1/64,]  Routes: [fe80::/64 -> :: wlan0,::/0 -> fe80::6a02:b8ff:fe40:f25a wlan0,2001:1c00:306:100::/64 -> fe80::6a02:b8ff:fe40:f25a wlan0,2001:1c00:306:100::/64 -> :: wlan0,192.168.178.0/24 -> 0.0.0.0 wlan0,0.0.0.0/0 -> 192.168.178.1 wlan0,] DnsAddresses: [2001:730:3e42:1000::53,2001:b88:1002::10,2001:b88:1202::10,] Domains: home MTU: 0 TcpBufferSizes: 524288,6291456,8291456,524288,6291456,8291456}
10-31 03:48:50.160  2950  3047 W QCNEJ   : |CORE| curLp: {InterfaceName: wlan0 LinkAddresses: [fe80::2e59:8aff:fe5a:8ab1/64,2001:1c00:306:100:e0a2:fa73:a71a:f3aa/64,2001:1c00:306:100:2e59:8aff:fe5a:8ab1/64,]  Routes: [fe80::/64 -> :: wlan0,::/0 -> fe80::6a02:b8ff:fe40:f25a wlan0,2001:1c00:306:100::/64 -> fe80::6a02:b8ff:fe40:f25a wlan0,2001:1c00:306:100::/64 -> :: wlan0,192.168.178.0/24 -> 0.0.0.0 wlan0,0.0.0.0/0 -> 192.168.178.1 wlan0,] DnsAddresses: [2001:730:3e42:1000::53,2001:b88:1002::10,2001:b88:1202::10,] Domains: home MTU: 0}
10-31 03:48:50.162   772   862 D ConnectivityService: Setting DNS servers for network 133 to [/2001:730:3e42:1000::53, /2001:b88:1002::10, /2001:b88:1202::10, /84.116.46.23, /84.116.46.22]
10-31 03:48:50.167   772   862 I Nat464Xlat: Stopping clatd
10-31 03:48:50.168   568   717 D ClatdController: Stopping clatd pid=29054 on wlan0
10-31 03:48:50.171   568   717 D ClatdController: clatd on wlan0 stopped
10-31 03:48:50.187  2950  3047 W QCNEJ   : |CORE| newLp: {InterfaceName: wlan0 LinkAddresses: [fe80::2e59:8aff:fe5a:8ab1/64,2001:1c00:306:100:e0a2:fa73:a71a:f3aa/64,2001:1c00:306:100:2e59:8aff:fe5a:8ab1/64,192.168.178.248/24,]  Routes: [fe80::/64 -> :: wlan0,::/0 -> fe80::6a02:b8ff:fe40:f25a wlan0,2001:1c00:306:100::/64 -> fe80::6a02:b8ff:fe40:f25a wlan0,2001:1c00:306:100::/64 -> :: wlan0,192.168.178.0/24 -> 0.0.0.0 wlan0,0.0.0.0/0 -> 192.168.178.1 wlan0,] DnsAddresses: [2001:730:3e42:1000::53,2001:b88:1002::10,2001:b88:1202::10,84.116.46.23,84.116.46.22,] Domains: home MTU: 0 TcpBufferSizes: 524288,6291456,8291456,524288,6291456,8291456}
10-31 03:48:50.188  2950  3047 W QCNEJ   : |CORE| curLp: {InterfaceName: wlan0 LinkAddresses: [fe80::2e59:8aff:fe5a:8ab1/64,2001:1c00:306:100:e0a2:fa73:a71a:f3aa/64,2001:1c00:306:100:2e59:8aff:fe5a:8ab1/64,192.168.178.248/24,]  Routes: [fe80::/64 -> :: wlan0,::/0 -> fe80::6a02:b8ff:fe40:f25a wlan0,2001:1c00:306:100::/64 -> fe80::6a02:b8ff:fe40:f25a wlan0,2001:1c00:306:100::/64 -> :: wlan0,192.168.178.0/24 -> 0.0.0.0 wlan0,0.0.0.0/0 -> 192.168.178.1 wlan0,] DnsAddresses: [2001:730:3e42:1000::53,2001:b88:1002::10,2001:b88:1202::10,84.116.46.23,84.116.46.22,] Domains: home MTU: 0}
10-31 03:48:57.790   772   857 W AlarmManager: Unrecognized alarm listener com.android.server.wifi.WifiConfigStore$1@36537b
10-31 03:48:57.822   772   857 D WifiConfigStore: Writing to stores completed in 32 ms.
10-31 03:49:05.177   772   791 E BatteryStatsService: no controller energy info supplied
10-31 03:50:41.732   772   787 I UsageStatsService: User[0] Flushing usage stats to disk
10-31 03:51:06.283   772 29049 D ApfFilter: (wlan0): Adding RA fe80::6a02:b8ff:fe40:f25a -> ff02::1 1800s 2001:1c00:306:100::/64 1158101s/553301s DNS 360s 2001:b88:1002::10 2001:b88:1202::10 2001:730:3e42:1000::53
10-31 03:51:06.309   772   791 E BatteryStatsService: no controller energy info supplied
10-31 03:54:08.184   772   781 I zygote64: Background concurrent copying GC freed 197072(8MB) AllocSpace objects, 117(3MB) LOS objects, 42% free, 16MB/28MB, paused 486us total 125.878ms
10-31 03:57:08.173   772 29049 D ApfFilter: (wlan0): Expiring RA fe80::6a02:b8ff:fe40:f25a -> fe80::2e59:8aff:fe5a:8ab1 1800s 2001:1c00:306:100::/64 1158240s/553440s DNS 360s 2001:b88:1002::10 2001:b88:1202::10 2001:730:3e42:1000::53
10-31 03:54:31.616   772   791 I chatty  : uid=1000(system) batterystats-sy identical 10 lines
10-31 03:54:46.662   772   791 E BatteryStatsService: no controller energy info supplied
10-31 03:57:08.192   772   791 E BatteryStatsService: no controller energy info supplied
10-31 03:58:58.487  3960 14435 E WakeLock: GCM_HB_ALARM release without a matched acquire!
10-31 03:57:23.201   772   791 E BatteryStatsService: no controller energy info supplied
10-31 03:58:58.503   772   791 E BatteryStatsService: no controller energy info supplied
10-31 03:59:15.836   772   791 E BatteryStatsService: no controller energy info supplied
10-31 04:00:20.706   772   791 E BatteryStatsService: no controller energy info supplied
10-31 04:00:35.729   772   791 E BatteryStatsService: no controller energy info supplied
10-31 04:02:47.758   772   791 E BatteryStatsService: no controller energy info supplied
10-31 04:03:02.773   772   791 E BatteryStatsService: no controller energy info supplied
10-31 04:04:52.687   772   791 E BatteryStatsService: no controller energy info supplied
10-31 04:05:02.892   772   791 I chatty  : uid=1000(system) batterystats-sy identical 2 lines
10-31 04:05:07.731   772   791 E BatteryStatsService: no controller energy info supplied
10-31 04:07:50.356   772   791 E BatteryStatsService: no controller energy info supplied
10-31 04:07:58.486  3960 28913 E WakeLock: GCM_HB_ALARM release without a matched acquire!
10-31 04:07:58.735  3960 29019 V NativeCrypto: Read error: ssl=0x7a0b01bf08: I/O error during system call, Connection reset by peer
10-31 04:07:58.740  3960 28913 V NativeCrypto: SSL shutdown failed: ssl=0x7a0b01bf08: I/O error during system call, Broken pipe
10-31 04:07:58.742  3960 28913 E WakeLock: GCM_HB_ALARM release without a matched acquire!
10-31 04:07:58.742  3960 28913 W WakeLock: GCM_HB_ALARM counter does not exist
10-31 04:07:58.744   772 20193 D ConnectivityService: reportNetworkConnectivity(133, false) by 10020
10-31 04:07:58.745   772 29048 D NetworkMonitor/NetworkAgentInfo [WIFI () - 133]: Forcing reevaluation for UID 10020
10-31 04:07:58.790   772 29095 D NetworkMonitor/NetworkAgentInfo [WIFI () - 133]: PROBE_DNS connectivitycheck.gstatic.com 42ms OK 2a00:1450:400e:80e::2003,142.250.179.195
10-31 04:07:58.795   772 29094 D NetworkMonitor/NetworkAgentInfo [WIFI () - 133]: PROBE_DNS www.google.com 47ms OK 2a00:1450:400e:802::2004,142.251.39.100
10-31 04:07:58.805  3960 29019 I qtaguid : Tagging socket -1 with tag 40700000000(1031) for uid -1 failed errno=-9
10-31 04:07:58.805  3960 29019 I NetworkManagementSocketTagger: tagSocketFd(-1, 1031, -1) failed with errno-9
10-31 04:07:58.835   772 29095 D NetworkMonitor/NetworkAgentInfo [WIFI () - 133]: PROBE_HTTP http://connectivitycheck.gstatic.com/generate_204 time=43ms ret=204 request={User-Agent=[Mozilla/5.0 (X11; Linux x86_64) AppleWebKit/537.36 (KHTML, like Gecko) Chrome/52.0.2743.82 Safari/537.36]} headers={null=[HTTP/1.1 204 No Content], Content-Length=[0], Cross-Origin-Resource-Policy=[cross-origin], Date=[Mon, 31 Oct 2022 03:07:57 GMT], X-Android-Received-Millis=[1667185678834], X-Android-Response-Source=[NETWORK 204], X-Android-Selected-Protocol=[http/1.1], X-Android-Sent-Millis=[1667185678813]}
10-31 04:07:58.898   772 29094 D NetworkMonitor/NetworkAgentInfo [WIFI () - 133]: PROBE_HTTPS https://www.google.com/generate_204 time=102ms ret=204 request={User-Agent=[Mozilla/5.0 (X11; Linux x86_64) AppleWebKit/537.36 (KHTML, like Gecko) Chrome/52.0.2743.82 Safari/537.36]} headers={null=[HTTP/1.1 204 No Content], Alt-Svc=[h3=":443"; ma=2592000,h3-29=":443"; ma=2592000,h3-Q050=":443"; ma=2592000,h3-Q046=":443"; ma=2592000,h3-Q043=":443"; ma=2592000,quic=":443"; ma=2592000; v="46,43"], Content-Length=[0], Cross-Origin-Resource-Policy=[cross-origin], Date=[Mon, 31 Oct 2022 03:07:57 GMT], X-Android-Received-Millis=[1667185678897], X-Android-Response-Source=[NETWORK 204], X-Android-Selected-Protocol=[http/1.1], X-Android-Sent-Millis=[1667185678871]}
10-31 04:07:58.900   772   862 D ConnectivityService: NetworkAgentInfo [WIFI () - 133] validation passed
10-31 04:07:58.900   772   788 W BroadcastQueue: Background execution not allowed: receiving Intent { act=android.net.conn.NETWORK_CONDITIONS_MEASURED flg=0x10 (has extras) } to com.google.android.gms/.chimera.GmsIntentOperationService$PersistentTrustedReceiver
10-31 04:07:58.943  3960 28913 E WakeLock: GCM_CONN_ALARM release without a matched acquire!
10-31 04:08:08.905   772   857 W AlarmManager: Unrecognized alarm listener com.android.server.wifi.WifiConfigStore$1@36537b
10-31 04:08:09.051   772   857 D WifiConfigStore: Writing to stores completed in 145 ms.
10-31 04:08:13.959   772   791 E BatteryStatsService: no controller energy info supplied
10-31 04:09:28.255   772   791 E BatteryStatsService: no controller energy info supplied
10-31 04:09:43.253   772   791 E BatteryStatsService: no controller energy info supplied
10-31 04:11:09.930   772   791 E BatteryStatsService: no controller energy info supplied
10-31 04:13:30.634   772   791 I chatty  : uid=1000(system) batterystats-sy identical 8 lines
10-31 04:13:45.652   772   791 E BatteryStatsService: no controller energy info supplied
10-31 04:16:22.771   772   791 E BatteryStatsService: no controller energy info supplied
10-31 04:18:09.678  3960 28913 E WakeLock: GCM_HB_ALARM release without a matched acquire!
10-31 04:18:29.446   772   791 I chatty  : uid=1000(system) batterystats-sy identical 6 lines
10-31 04:18:44.485   772   791 E BatteryStatsService: no controller energy info supplied
10-31 04:20:26.080   772   791 E BatteryStatsService: no controller energy info supplied
10-31 04:20:41.122   772   791 E BatteryStatsService: no controller energy info supplied
10-31 04:22:20.254   772   791 E BatteryStatsService: no controller energy info supplied
10-31 04:22:35.309   772   791 E BatteryStatsService: no controller energy info supplied
10-31 04:24:50.580   772   791 E BatteryStatsService: no controller energy info supplied
10-31 04:27:09.684  3960 29019 E WakeLock: GCM_HB_ALARM release without a matched acquire!
10-31 04:25:51.205   772   791 I chatty  : uid=1000(system) batterystats-sy identical 2 lines
10-31 04:26:06.242   772   791 E BatteryStatsService: no controller energy info supplied
10-31 04:27:09.698   772   791 E BatteryStatsService: no controller energy info supplied
10-31 04:27:10.241  3960 14435 V NativeCrypto: Read error: ssl=0x7a14c345c8: I/O error during system call, Connection reset by peer
10-31 04:27:10.251  3960 29019 V NativeCrypto: SSL shutdown failed: ssl=0x7a14c345c8: I/O error during system call, Broken pipe
10-31 04:27:10.252  3960 29019 E WakeLock: GCM_HB_ALARM release without a matched acquire!
10-31 04:27:10.252  3960 29019 W WakeLock: GCM_HB_ALARM counter does not exist
10-31 04:27:10.255   772 13071 D ConnectivityService: reportNetworkConnectivity(133, false) by 10020
10-31 04:27:10.256   772 29048 D NetworkMonitor/NetworkAgentInfo [WIFI () - 133]: Forcing reevaluation for UID 10020
10-31 04:27:10.306   772 29122 D NetworkMonitor/NetworkAgentInfo [WIFI () - 133]: PROBE_DNS connectivitycheck.gstatic.com 43ms OK 2a00:1450:400e:811::2003,142.250.179.195
10-31 04:27:10.315   772 29121 D NetworkMonitor/NetworkAgentInfo [WIFI () - 133]: PROBE_DNS www.google.com 54ms OK 2a00:1450:400e:801::2004,142.251.39.100
10-31 04:27:10.319  3960 14435 I qtaguid : Tagging socket -1 with tag 40700000000(1031) for uid -1 failed errno=-9
10-31 04:27:10.319  3960 14435 I NetworkManagementSocketTagger: tagSocketFd(-1, 1031, -1) failed with errno-9
10-31 04:27:10.394   772 29122 D NetworkMonitor/NetworkAgentInfo [WIFI () - 133]: PROBE_HTTP http://connectivitycheck.gstatic.com/generate_204 time=85ms ret=204 request={User-Agent=[Mozilla/5.0 (X11; Linux x86_64) AppleWebKit/537.36 (KHTML, like Gecko) Chrome/52.0.2743.82 Safari/537.36]} headers={null=[HTTP/1.1 204 No Content], Content-Length=[0], Cross-Origin-Resource-Policy=[cross-origin], Date=[Mon, 31 Oct 2022 03:27:08 GMT], X-Android-Received-Millis=[1667186830393], X-Android-Response-Source=[NETWORK 204], X-Android-Selected-Protocol=[http/1.1], X-Android-Sent-Millis=[1667186830343]}
10-31 04:27:10.448  3960 29019 E WakeLock: GCM_CONN_ALARM release without a matched acquire!
10-31 04:27:10.468   772 29121 D NetworkMonitor/NetworkAgentInfo [WIFI () - 133]: PROBE_HTTPS https://www.google.com/generate_204 time=150ms ret=204 request={User-Agent=[Mozilla/5.0 (X11; Linux x86_64) AppleWebKit/537.36 (KHTML, like Gecko) Chrome/52.0.2743.82 Safari/537.36]} headers={null=[HTTP/1.1 204 No Content], Alt-Svc=[h3=":443"; ma=2592000,h3-29=":443"; ma=2592000,h3-Q050=":443"; ma=2592000,h3-Q046=":443"; ma=2592000,h3-Q043=":443"; ma=2592000,quic=":443"; ma=2592000; v="46,43"], Content-Length=[0], Cross-Origin-Resource-Policy=[cross-origin], Date=[Mon, 31 Oct 2022 03:27:08 GMT], X-Android-Received-Millis=[1667186830467], X-Android-Response-Source=[NETWORK 204], X-Android-Selected-Protocol=[http/1.1], X-Android-Sent-Millis=[1667186830437]}
10-31 04:27:10.470   772   862 D ConnectivityService: NetworkAgentInfo [WIFI () - 133] validation passed
10-31 04:27:10.471   772   788 W BroadcastQueue: Background execution not allowed: receiving Intent { act=android.net.conn.NETWORK_CONDITIONS_MEASURED flg=0x10 (has extras) } to com.google.android.gms/.chimera.GmsIntentOperationService$PersistentTrustedReceiver
10-31 04:27:20.475   772   857 W AlarmManager: Unrecognized alarm listener com.android.server.wifi.WifiConfigStore$1@36537b
10-31 04:27:20.620   772   857 D WifiConfigStore: Writing to stores completed in 144 ms.
10-31 04:27:25.539   772   791 E BatteryStatsService: no controller energy info supplied
10-31 04:28:13.123   772   791 E BatteryStatsService: no controller energy info supplied
10-31 04:28:19.374   772   784 I ActivityManager: Force stopping com.android.chrome appid=10060 user=0: from pid 29143
10-31 04:28:19.375   772   784 I ActivityManager: Killing 28965:com.android.chrome:webview_service/u0a60 (adj 902): stop com.android.chrome
10-31 04:28:19.381   772   784 I ActivityManager: Killing 28914:com.google.android.googlequicksearchbox:search/u0a45 (adj 902): stop com.android.chrome
10-31 04:28:19.386   772   784 I ActivityManager: Killing 28193:com.android.chrome:privileged_process0/u0a60 (adj 0): stop com.android.chrome
10-31 04:28:19.387   772   784 W ActivityManager: Scheduling restart of crashed service com.android.chrome/org.chromium.content.app.PrivilegedProcessService0 in 1000ms
10-31 04:28:19.391   772   784 I ActivityManager: Killing 28126:com.android.chrome/u0a60 (adj 0): stop com.android.chrome
10-31 04:28:19.394 28163 28163 I cr_ChildProcessService: Destroying ChildProcessService pid=28163
10-31 04:28:19.396   772   784 I ActivityManager: Killing 28163:com.android.chrome:sandboxed_process0/u0a60i676 (adj 0): isolated not needed
10-31 04:28:19.396   772   784 I ActivityManager:   Force finishing activity ActivityRecord{1e52fb1 u0 com.android.chrome/org.chromium.chrome.browser.firstrun.FirstRunActivity t690}
10-31 04:28:19.402   772   784 I ActivityManager:   Force finishing activity ActivityRecord{1e52fb1 u0 com.android.chrome/org.chromium.chrome.browser.firstrun.FirstRunActivity t690 f}
10-31 04:28:19.403   772   784 W ActivityManager: Duplicate finish request for ActivityRecord{1e52fb1 u0 com.android.chrome/org.chromium.chrome.browser.firstrun.FirstRunActivity t690 f}
10-31 04:28:19.415  1311  1311 D CarrierSvcBindHelper: No carrier app for: 0
10-31 04:28:19.428  2964  2964 D RegisteredNfcFServicesCache: Service unchanged, not updating
10-31 04:28:19.439   772  1327 D ConnectivityService: ConnectivityService NetworkRequestInfo binderDied(NetworkRequest [ LISTEN id=1663, [ Capabilities: INTERNET&NOT_RESTRICTED&TRUSTED&FOREGROUND] ], android.os.BinderProxy@4111879)
10-31 04:28:19.439   772   797 W ActivityManager: setHasOverlayUi called on unknown pid: 28126
10-31 04:28:19.440   772   862 E ConnectivityService: RemoteException caught trying to send a callback msg for NetworkRequest [ LISTEN id=1663, [ Capabilities: INTERNET&NOT_RESTRICTED&TRUSTED&FOREGROUND] ]
10-31 04:28:19.440   772 10894 D ConnectivityService: ConnectivityService NetworkRequestInfo binderDied(NetworkRequest [ LISTEN id=1662, [ Capabilities: INTERNET&NOT_RESTRICTED&TRUSTED&FOREGROUND] ], android.os.BinderProxy@75279be)
10-31 04:28:19.441   772   862 E ConnectivityService: RemoteException caught trying to send a callback msg for NetworkRequest [ LISTEN id=1662, [ Capabilities: INTERNET&NOT_RESTRICTED&TRUSTED&FOREGROUND] ]
10-31 04:28:19.465   772 13022 D ConnectivityService: ConnectivityService NetworkRequestInfo binderDied(NetworkRequest [ LISTEN id=1665, [ Capabilities: INTERNET&NOT_RESTRICTED&TRUSTED] ], android.os.BinderProxy@629ea1f)
10-31 04:28:19.466   772   862 E ConnectivityService: RemoteException caught trying to send a callback msg for NetworkRequest [ LISTEN id=1665, [ Capabilities: INTERNET&NOT_RESTRICTED&TRUSTED] ]
10-31 04:28:19.467   772   790 W zygote64: failed to open /acct/uid_99676/pid_28163/cgroup.procs: No such file or directory
10-31 04:28:19.851 29146 29146 D AndroidRuntime: >>>>>> START com.android.internal.os.RuntimeInit uid 2000 <<<<<<
10-31 04:28:20.013 29146 29146 D AndroidRuntime: Calling main entry com.android.commands.pm.Pm
10-31 04:28:20.044   772 13022 I ActivityManager: Force stopping com.android.chrome appid=10060 user=0: clear data
10-31 04:28:20.048   772   788 I ActivityManager: Force stopping com.android.chrome appid=10060 user=-1: clearApplicationUserData
10-31 04:28:20.140   560   560 I keystore: clear_uid 10060
10-31 04:28:20.166  1311  1311 D CarrierSvcBindHelper: No carrier app for: 0
10-31 04:28:20.183   772   787 W ResourceType: No known package when getting value for resource number 0x7f0904db
10-31 04:28:20.183   772   787 W ResourceType: No known package when getting value for resource number 0x7f140670
10-31 04:28:20.183   772   787 W ResourceType: No known package when getting value for resource number 0x7f0904da
10-31 04:28:20.183   772   787 W ResourceType: No known package when getting value for resource number 0x7f14018b
10-31 04:28:20.183   772   787 W ResourceType: No known package when getting value for resource number 0x7f14066f
10-31 04:28:20.183   772   787 W ResourceType: No known package when getting value for resource number 0x7f140434
10-31 04:28:20.183   772   787 E ShortcutService: Ignoring excessive intent tag.
10-31 04:28:20.186 29146 29146 I app_process: System.exit called, status: 0
10-31 04:28:20.187 29146 29146 I AndroidRuntime: VM exiting with result code 0.
10-31 04:28:20.190  2964  2964 D RegisteredNfcFServicesCache: Service unchanged, not updating
10-31 04:28:20.216  3960 29164 I Fitness : FitCleanupIntentOperation received Intent android.intent.action.PACKAGE_DATA_CLEARED [CONTEXT service_id=17 ]
10-31 04:28:20.252 13542 27495 I Icing   : doRemovePackageData com.android.chrome
10-31 04:28:20.252 13542 27495 I Icing   : Removing corpus key com.android.chrome-omnibox for package com.android.chrome
10-31 04:28:20.335 13542 27495 I Icing   : updateResources: need to parse anue{com.android.chrome}
10-31 04:28:20.421 13542 27495 I Icing   : Indexing com.android.chrome-omnibox from com.android.chrome
10-31 04:28:20.439   772  1327 I ActivityManager: Start proc 29188:com.android.chrome/u0a60 for content provider com.android.chrome/com.google.android.apps.chrome.icing.IcingProvider
10-31 04:28:20.492 29188 29188 I cr_SplitCompatApp: Launched version=106.0.5249.79 minSdkVersion=24 isBundle=true processName=com.android.chrome isIsolated=false
10-31 04:28:20.505   772  2970 I ActivityManager: Force stopping com.android.chrome appid=10060 user=0: from pid 29203
10-31 04:28:20.506   772  2970 I ActivityManager: Killing 29188:com.android.chrome/u0a60 (adj 200): stop com.android.chrome
10-31 04:28:20.518   772  2970 I ActivityManager: Start proc 29208:com.android.chrome/u0a60 for restart com.android.chrome
10-31 04:28:20.520   772  1327 W ActivityManager: Unable to launch app com.android.chrome/10060 for provider com.android.chrome.icing: launching app became null
10-31 04:28:20.520 13542 27495 E ActivityThread: Failed to find provider info for com.android.chrome.icing
10-31 04:28:20.520 13542 27495 W Icing   : Could not connect to content provider content://com.android.chrome.icing
10-31 04:28:20.525  1311  1311 D CarrierSvcBindHelper: No carrier app for: 0
10-31 04:28:20.535  2964  2964 D RegisteredNfcFServicesCache: Service unchanged, not updating
10-31 04:28:20.566 29208 29208 I cr_SplitCompatApp: Launched version=106.0.5249.79 minSdkVersion=24 isBundle=true processName=com.android.chrome isIsolated=false
10-31 04:28:20.680 13542 27495 I Icing   : Indexing done com.android.chrome-omnibox
10-31 04:28:20.704  3960  4245 I FontLog : Received query Google Sans, URI content://com.google.android.gms.fonts [CONTEXT service_id=132 ]
10-31 04:28:20.705  3960  4245 I FontLog : Query [Google Sans] resolved to {Google Sans, wdth 100.0, wght 400, ital 0.0, bestEffort false} [CONTEXT service_id=132 ]
10-31 04:28:20.706  3960  4245 I FontLog : Font PFD returned from cache for {Google Sans, wdth 100.0, wght 400, ital 0.0, bestEffort false} [CONTEXT service_id=132 ]
10-31 04:28:20.706  3960  4245 I FontLog : Fetch {Google Sans, wdth 100.0, wght 400, ital 0.0, bestEffort false} end status Status{statusCode=SUCCESS, resolution=null} [CONTEXT service_id=132 ]
10-31 04:28:20.791  3960  3971 I FontLog : Pulling font file for id = 1633, cache size = 6 [CONTEXT service_id=132 ]
10-31 04:28:20.874 29208 29232 I cr_LibraryLoader: Successfully loaded native library
10-31 04:28:20.884 29208 29232 I cr_CachingUmaRecorder: Flushed 20 samples from 19 histograms.
10-31 04:28:20.905 29225 29225 D AndroidRuntime: >>>>>> START com.android.internal.os.RuntimeInit uid 2000 <<<<<<
10-31 04:28:20.942  3960  6244 I FontLog : Received query Google Sans:500, URI content://com.google.android.gms.fonts [CONTEXT service_id=132 ]
10-31 04:28:20.942  3960  6244 I FontLog : Query [Google Sans:500] resolved to {Google Sans, wdth 100.0, wght 500, ital 0.0, bestEffort false} [CONTEXT service_id=132 ]
10-31 04:28:20.943  3960  6244 I FontLog : Font PFD returned from cache for {Google Sans, wdth 100.0, wght 500, ital 0.0, bestEffort false} [CONTEXT service_id=132 ]
10-31 04:28:20.947  3960  6244 I FontLog : Fetch {Google Sans, wdth 100.0, wght 500, ital 0.0, bestEffort false} end status Status{statusCode=SUCCESS, resolution=null} [CONTEXT service_id=132 ]
10-31 04:28:20.969  3960  4217 I FontLog : Pulling font file for id = 1634, cache size = 7 [CONTEXT service_id=132 ]
10-31 04:28:20.992  3960  3972 I FontLog : Received query Google Sans:700, URI content://com.google.android.gms.fonts [CONTEXT service_id=132 ]
10-31 04:28:20.993  3960  3972 I FontLog : Query [Google Sans:700] resolved to {Google Sans, wdth 100.0, wght 700, ital 0.0, bestEffort false} [CONTEXT service_id=132 ]
10-31 04:28:20.994  3960  3972 I FontLog : Fetch {Google Sans, wdth 100.0, wght 700, ital 0.0, bestEffort false} end status Status{statusCode=SUCCESS, resolution=null} [CONTEXT service_id=132 ]
10-31 04:28:21.004  3960  6244 I FontLog : Pulling font file for id = 1635, cache size = 7 [CONTEXT service_id=132 ]
10-31 04:28:21.029 29225 29225 D AndroidRuntime: Calling main entry com.android.commands.pm.Pm
10-31 04:28:21.034   772  1324 I ActivityManager: Force stopping com.android.chrome appid=10060 user=0: clear data
10-31 04:28:21.034   772  1324 I ActivityManager: Killing 29208:com.android.chrome/u0a60 (adj 700): stop com.android.chrome
10-31 04:28:21.040   772   788 I ActivityManager: Force stopping com.android.chrome appid=10060 user=-1: clearApplicationUserData
