--------- beginning of system
10-31 15:18:17.290   772 13021 I ActivityManager: Force stopping com.android.chrome appid=10060 user=0: from pid 12367
10-31 15:18:17.290   772 13021 I ActivityManager: Killing 11339:com.android.chrome/u0a60 (adj 900): stop com.android.chrome
--------- beginning of main
10-31 15:18:17.304  1311  1311 D CarrierSvcBindHelper: No carrier app for: 0
10-31 15:18:17.314  2964  2964 D RegisteredNfcFServicesCache: Service unchanged, not updating
10-31 15:18:17.550   772 13021 I ActivityManager: START u0 {act=android.intent.action.VIEW flg=0x10008000 cmp=com.android.chrome/com.google.android.apps.chrome.Main} from uid 2000
10-31 15:18:17.563   772   830 E ResourceType: Style contains key with bad entry: 0x0101062c
10-31 15:18:17.574   772   830 E ResourceType: Style contains key with bad entry: 0x0101062c
10-31 15:18:17.602   772  3854 I ActivityManager: Start proc 12369:com.android.chrome/u0a60 for activity com.android.chrome/com.google.android.apps.chrome.Main
10-31 15:18:17.689 12369 12369 I cr_SplitCompatApp: Launched version=106.0.5249.79 minSdkVersion=24 isBundle=true processName=com.android.chrome isIsolated=false
10-31 15:18:17.740  3960  4217 I FontLog : Received query Google Sans, URI content://com.google.android.gms.fonts [CONTEXT service_id=132 ]
10-31 15:18:17.741  3960  4217 I FontLog : Query [Google Sans] resolved to {Google Sans, wdth 100.0, wght 400, ital 0.0, bestEffort false} [CONTEXT service_id=132 ]
10-31 15:18:17.742  3960  4217 I FontLog : Font PFD returned from cache for {Google Sans, wdth 100.0, wght 400, ital 0.0, bestEffort false} [CONTEXT service_id=132 ]
10-31 15:18:17.742  3960  4217 I FontLog : Fetch {Google Sans, wdth 100.0, wght 400, ital 0.0, bestEffort false} end status Status{statusCode=SUCCESS, resolution=null} [CONTEXT service_id=132 ]
10-31 15:18:17.750  3960  4245 I FontLog : Pulling font file for id = 2607, cache size = 9 [CONTEXT service_id=132 ]
10-31 15:18:17.765  3960  3971 I FontLog : Received query Google Sans:500, URI content://com.google.android.gms.fonts [CONTEXT service_id=132 ]
10-31 15:18:17.765  3960  3971 I FontLog : Query [Google Sans:500] resolved to {Google Sans, wdth 100.0, wght 500, ital 0.0, bestEffort false} [CONTEXT service_id=132 ]
10-31 15:18:17.766  3960  3971 I FontLog : Font PFD returned from cache for {Google Sans, wdth 100.0, wght 500, ital 0.0, bestEffort false} [CONTEXT service_id=132 ]
10-31 15:18:17.767  3960  3971 I FontLog : Fetch {Google Sans, wdth 100.0, wght 500, ital 0.0, bestEffort false} end status Status{statusCode=SUCCESS, resolution=null} [CONTEXT service_id=132 ]
10-31 15:18:17.772  3960  6244 I FontLog : Pulling font file for id = 2608, cache size = 8 [CONTEXT service_id=132 ]
10-31 15:18:17.780  3960  3972 I FontLog : Received query Google Sans:700, URI content://com.google.android.gms.fonts [CONTEXT service_id=132 ]
10-31 15:18:17.780  3960  3972 I FontLog : Query [Google Sans:700] resolved to {Google Sans, wdth 100.0, wght 700, ital 0.0, bestEffort false} [CONTEXT service_id=132 ]
10-31 15:18:17.782  3960  3972 I FontLog : Fetch {Google Sans, wdth 100.0, wght 700, ital 0.0, bestEffort false} end status Status{statusCode=SUCCESS, resolution=null} [CONTEXT service_id=132 ]
10-31 15:18:17.787  3960  3971 I FontLog : Pulling font file for id = 2609, cache size = 9 [CONTEXT service_id=132 ]
10-31 15:18:17.813 12369 12388 I cr_LibraryLoader: Successfully loaded native library
10-31 15:18:17.814 12369 12388 I cr_CachingUmaRecorder: Flushed 19 samples from 19 histograms.
10-31 15:18:17.897 12369 12369 E ResourceType: Style contains key with bad entry: 0x0101062c
10-31 15:18:17.930 12369 12391 W DynamiteModule: Local module descriptor class for com.google.android.gms.googlecertificates not found.
10-31 15:18:17.946 12369 12391 W zygote  : Skipping duplicate class check due to unrecognized classloader
10-31 15:18:17.949 12369 12391 I DynamiteModule: Considering local module com.google.android.gms.googlecertificates:0 and remote module com.google.android.gms.googlecertificates:7
10-31 15:18:17.949 12369 12391 I DynamiteModule: Selected remote version of com.google.android.gms.googlecertificates, version >= 7
10-31 15:18:17.958   772  1324 I ActivityManager: START u0 {cmp=com.android.chrome/org.chromium.chrome.browser.firstrun.FirstRunActivity (has extras)} from uid 10060
10-31 15:18:17.989 12369 12369 E ResourceType: Style contains key with bad entry: 0x0101062c
10-31 15:18:18.004 12369 12391 W zygote  : Skipping duplicate class check due to unrecognized classloader
10-31 15:18:18.045   772  4540 W AppOps  : Bad call: specified package com.google.android.gms under uid 10060 but it is really 10020
10-31 15:18:18.045   772  4540 W AppOps  : java.lang.RuntimeException: here
10-31 15:18:18.045   772  4540 W AppOps  : 	at com.android.server.AppOpsService.getOpsRawLocked(AppOpsService.java:1319)
10-31 15:18:18.045   772  4540 W AppOps  : 	at com.android.server.AppOpsService.checkPackage(AppOpsService.java:1038)
10-31 15:18:18.045   772  4540 W AppOps  : 	at com.android.internal.app.IAppOpsService$Stub.onTransact(IAppOpsService.java:169)
10-31 15:18:18.045   772  4540 W AppOps  : 	at android.os.Binder.execTransact(Binder.java:674)
10-31 15:18:18.046   772 13021 W AppOps  : Bad call: specified package com.google.android.gms under uid 10060 but it is really 10020
10-31 15:18:18.046   772 13021 W AppOps  : java.lang.RuntimeException: here
10-31 15:18:18.046   772 13021 W AppOps  : 	at com.android.server.AppOpsService.getOpsRawLocked(AppOpsService.java:1319)
10-31 15:18:18.046   772 13021 W AppOps  : 	at com.android.server.AppOpsService.checkPackage(AppOpsService.java:1038)
10-31 15:18:18.046   772 13021 W AppOps  : 	at com.android.internal.app.IAppOpsService$Stub.onTransact(IAppOpsService.java:169)
10-31 15:18:18.046   772 13021 W AppOps  : 	at android.os.Binder.execTransact(Binder.java:674)
10-31 15:18:18.052   772   996 W AppOps  : Bad call: specified package com.google.android.gms under uid 10060 but it is really 10020
10-31 15:18:18.052   772   996 W AppOps  : java.lang.RuntimeException: here
10-31 15:18:18.052   772   996 W AppOps  : 	at com.android.server.AppOpsService.getOpsRawLocked(AppOpsService.java:1319)
10-31 15:18:18.052   772   996 W AppOps  : 	at com.android.server.AppOpsService.checkPackage(AppOpsService.java:1038)
10-31 15:18:18.052   772   996 W AppOps  : 	at com.android.internal.app.IAppOpsService$Stub.onTransact(IAppOpsService.java:169)
10-31 15:18:18.052   772   996 W AppOps  : 	at android.os.Binder.execTransact(Binder.java:674)
10-31 15:18:18.057   772  3037 W AppOps  : Bad call: specified package com.google.android.gms under uid 10060 but it is really 10020
10-31 15:18:18.057   772  3037 W AppOps  : java.lang.RuntimeException: here
10-31 15:18:18.057   772  3037 W AppOps  : 	at com.android.server.AppOpsService.getOpsRawLocked(AppOpsService.java:1319)
10-31 15:18:18.057   772  3037 W AppOps  : 	at com.android.server.AppOpsService.checkPackage(AppOpsService.java:1038)
10-31 15:18:18.057   772  3037 W AppOps  : 	at com.android.internal.app.IAppOpsService$Stub.onTransact(IAppOpsService.java:169)
10-31 15:18:18.057   772  3037 W AppOps  : 	at android.os.Binder.execTransact(Binder.java:674)
10-31 15:18:18.175 12369 12369 W ResourceType: Failure getting entry for 0x7f010055 (t=0 e=85) (error -75)
10-31 15:18:18.208 12369 12399 D OpenGLRenderer: HWUI GL Pipeline
10-31 15:18:18.233 12369 12399 I Adreno  : QUALCOMM build                   : 7142022, Ib5823dd10c
10-31 15:18:18.233 12369 12399 I Adreno  : Build Date                       : 06/23/17
10-31 15:18:18.233 12369 12399 I Adreno  : OpenGL ES Shader Compiler Version: EV031.18.00.00
10-31 15:18:18.233 12369 12399 I Adreno  : Local Branch                     : O11A
10-31 15:18:18.233 12369 12399 I Adreno  : Remote Branch                    : 
10-31 15:18:18.233 12369 12399 I Adreno  : Remote Branch                    : 
10-31 15:18:18.233 12369 12399 I Adreno  : Reconstruct Branch               : 
10-31 15:18:18.234 12369 12399 I vndksupport: sphal namespace is not configured for this process. Loading /vendor/lib/hw/gralloc.msm8992.so from the current namespace instead.
10-31 15:18:18.243 12369 12369 W RecyclerView: No adapter attached; skipping layout
10-31 15:18:18.247 12369 12369 I cr_StartSurfaceConfig: Recorded Startup.Android.FirstDrawCompletedTime.NoInstant = 149 ms
10-31 15:18:18.250 12369 12399 I Adreno  : PFP: 0x00000000, ME: 0x00000000
10-31 15:18:18.255 12369 12386 D NetworkSecurityConfig: Using Network Security Config from resource 0_resource_name_obfuscated debugBuild: false
10-31 15:18:18.262 12369 12399 I OpenGLRenderer: Initialized EGL, version 1.4
10-31 15:18:18.262 12369 12399 D OpenGLRenderer: Swap behavior 2
10-31 15:18:18.270  3960  4191 E bfry    : Phenotype API error. Event # ddoj@3d61025e, EventCode: 7 [CONTEXT service_id=51 ]
10-31 15:18:18.270  3960  4191 E bfry    : bfra: 29505: No config packages for log source, or config package not registered
10-31 15:18:18.270  3960  4191 E bfry    : 	at bfst.b(:com.google.android.gms@223616019@22.36.16 (040400-476895098):4)
10-31 15:18:18.270  3960  4191 E bfry    : 	at bfsq.g(:com.google.android.gms@223616019@22.36.16 (040400-476895098):0)
10-31 15:18:18.270  3960  4191 E bfry    : 	at bfry.e(:com.google.android.gms@223616019@22.36.16 (040400-476895098):4)
10-31 15:18:18.270  3960  4191 E bfry    : 	at bfry.f(:com.google.android.gms@223616019@22.36.16 (040400-476895098):2)
10-31 15:18:18.270  3960  4191 E bfry    : 	at arjg.ep(:com.google.android.gms@223616019@22.36.16 (040400-476895098):1)
10-31 15:18:18.270  3960  4191 E bfry    : 	at arjm.run(:com.google.android.gms@223616019@22.36.16 (040400-476895098):12)
10-31 15:18:18.270  3960  4191 E bfry    : 	at cjoq.run(:com.google.android.gms@223616019@22.36.16 (040400-476895098):2)
10-31 15:18:18.270  3960  4191 E bfry    : 	at aarl.c(:com.google.android.gms@223616019@22.36.16 (040400-476895098):6)
10-31 15:18:18.270  3960  4191 E bfry    : 	at aarl.run(:com.google.android.gms@223616019@22.36.16 (040400-476895098):7)
10-31 15:18:18.270  3960  4191 E bfry    : 	at java.util.concurrent.ThreadPoolExecutor.runWorker(ThreadPoolExecutor.java:1162)
10-31 15:18:18.270  3960  4191 E bfry    : 	at java.util.concurrent.ThreadPoolExecutor$Worker.run(ThreadPoolExecutor.java:636)
10-31 15:18:18.270  3960  4191 E bfry    : 	at aaws.run(:com.google.android.gms@223616019@22.36.16 (040400-476895098):0)
10-31 15:18:18.270  3960  4191 E bfry    : 	at java.lang.Thread.run(Thread.java:764)
10-31 15:18:18.271  3960  4191 W AsyncOperation: operation=GetExperimentTokensOperationCall, opStatusCode=29505 [CONTEXT service_id=51 ]
10-31 15:18:18.271  3960  4191 W AsyncOperation: OperationException[Status{statusCode=No config packages for log source, or config package not registered, resolution=null}]
10-31 15:18:18.271  3960  4191 W AsyncOperation: 	at bfry.e(:com.google.android.gms@223616019@22.36.16 (040400-476895098):6)
10-31 15:18:18.271  3960  4191 W AsyncOperation: 	at bfry.f(:com.google.android.gms@223616019@22.36.16 (040400-476895098):2)
10-31 15:18:18.271  3960  4191 W AsyncOperation: 	at arjg.ep(:com.google.android.gms@223616019@22.36.16 (040400-476895098):1)
10-31 15:18:18.271  3960  4191 W AsyncOperation: 	at arjm.run(:com.google.android.gms@223616019@22.36.16 (040400-476895098):12)
10-31 15:18:18.271  3960  4191 W AsyncOperation: 	at cjoq.run(:com.google.android.gms@223616019@22.36.16 (040400-476895098):2)
10-31 15:18:18.271  3960  4191 W AsyncOperation: 	at aarl.c(:com.google.android.gms@223616019@22.36.16 (040400-476895098):6)
10-31 15:18:18.271  3960  4191 W AsyncOperation: 	at aarl.run(:com.google.android.gms@223616019@22.36.16 (040400-476895098):7)
10-31 15:18:18.271  3960  4191 W AsyncOperation: 	at java.util.concurrent.ThreadPoolExecutor.runWorker(ThreadPoolExecutor.java:1162)
10-31 15:18:18.271  3960  4191 W AsyncOperation: 	at java.util.concurrent.ThreadPoolExecutor$Worker.run(ThreadPoolExecutor.java:636)
10-31 15:18:18.271  3960  4191 W AsyncOperation: 	at aaws.run(:com.google.android.gms@223616019@22.36.16 (040400-476895098):0)
10-31 15:18:18.271  3960  4191 W AsyncOperation: 	at java.lang.Thread.run(Thread.java:764)
10-31 15:18:18.582   361   361 W /system/bin/hwservicemanager: getTransportFromManifest: Cannot find entry android.hardware.graphics.mapper@2.0::IMapper in either framework or device manifest, using default transport.
10-31 15:18:18.586 12369 12399 I vndksupport: sphal namespace is not configured for this process. Loading /vendor/lib/hw/gralloc.msm8992.so from the current namespace instead.
10-31 15:18:18.639   772   797 I ActivityManager: Displayed com.android.chrome/org.chromium.chrome.browser.firstrun.FirstRunActivity: +583ms (total +1s63ms)
10-31 15:18:18.658  6851  8158 I PBSessionCacheImpl: Deleted sessionId[7163497839407] from persistence.
10-31 15:18:18.668 13325 13325 I MemoryTrimmer: Trimming objects from memory, since app is in the background.
10-31 15:18:18.670 13325 12154 V rsC++   : RS Message thread exiting.
10-31 15:18:18.698  6851  6851 I MicroDetector: Keeping mic open: false
10-31 15:18:18.699  6851  7957 I MicroRecognitionRunner: Stopping hotword detection.
10-31 15:18:18.700  6851  7003 I DeviceStateChecker: DeviceStateChecker cancelled
10-31 15:18:18.701  6851  6876 I AudioController: internalShutdown
10-31 15:18:18.701  6851  6876 I MicrophoneInputStream: mic_close com.google.android.apps.gsa.speech.audio.af@c221a88
10-31 15:18:18.758   556 12157 D audio_hw_primary: disable_audio_route: usecase(9) reset and update mixer path: audio-record
10-31 15:18:18.759   556 12157 D audio_hw_primary: disable_snd_device: snd_device(72: voice-rec-mic)
10-31 15:18:18.763   556 12157 D sound_trigger_platform: platform_stdev_check_and_update_concurrency: concurrency active 0, tx 0, rx 0, concurrency session_allowed 1
10-31 15:18:18.764   556   753 I SoundTriggerHwService::Module: onCallbackEvent no clients
10-31 15:18:18.767  6851  6874 I MicroRecognitionRunner: Detection finished
10-31 15:18:18.790 12369 12386 I cr_VariationsSeedFetch: Fetched first run seed in 540 ms
10-31 15:18:18.810 12407 12407 E /system/bin/webview_zygote32: failed to make and chown /acct/uid_99513: Permission denied
10-31 15:18:18.810 12407 12407 E Zygote  : createProcessGroup(99513, 0) failed: Permission denied
10-31 15:18:18.813   772 10894 I ActivityManager: Start proc 12407:com.android.chrome:sandboxed_process0/u0i513 for webview_service com.android.chrome/org.chromium.content.app.SandboxedProcessService0
10-31 15:18:18.836 12407 12407 I SamplingProfilerIntegration: Profiling disabled.
10-31 15:18:18.852 12421 12421 E asset   : setgid: Operation not permitted
10-31 15:18:18.880 12407 12407 I cr_SplitCompatApp: Launched version=106.0.5249.79 minSdkVersion=24 isBundle=true processName=com.android.chrome:sandboxed_process0 isIsolated=true
10-31 15:18:18.883 12407 12407 W SystemServiceRegistry: No service published for: uimode
10-31 15:18:18.890 12407 12407 I cr_ChildProcessService: Creating new ChildProcessService pid=12407
10-31 15:18:18.896 12407 12407 E WebViewFactory: can't load with relro file; address space not reserved
10-31 15:18:18.971   772  1327 I ActivityManager: Start proc 12439:com.android.chrome:privileged_process0/u0a60 for service com.android.chrome/org.chromium.content.app.PrivilegedProcessService0
10-31 15:18:19.020 12439 12439 I cr_SplitCompatApp: Launched version=106.0.5249.79 minSdkVersion=24 isBundle=true processName=com.android.chrome:privileged_process0 isIsolated=false
10-31 15:18:19.022 12369 12369 I cr_SmsProviderGms: construction successfull y93@bd057b0, v93@e6fedae
10-31 15:18:19.031 12439 12439 I cr_ChildProcessService: Creating new ChildProcessService pid=12439
10-31 15:18:19.051 13542 13542 D BoundBrokerSvc: onBind: Intent { act=com.google.android.gms.auth.key.retrieval.service.START dat=chimera-action:com.google.android.gms.auth.key.retrieval.service.START cmp=com.google.android.gms/.chimera.GmsApiService }
10-31 15:18:19.051 13542 13542 D BoundBrokerSvc: Loading bound service for intent: Intent { act=com.google.android.gms.auth.key.retrieval.service.START dat=chimera-action:com.google.android.gms.auth.key.retrieval.service.START cmp=com.google.android.gms/.chimera.GmsApiService }
10-31 15:18:19.088 12439 12455 I cr_LibraryLoader: Successfully loaded native library
10-31 15:18:19.090 12439 12455 I cr_CachingUmaRecorder: Flushed 3 samples from 3 histograms.
10-31 15:18:19.094 12369 12369 W cr_KnoxSettingsProvider: Permission to read device policy denied.
10-31 15:18:19.103 12439 12455 I Adreno  : QUALCOMM build                   : 7142022, Ib5823dd10c
10-31 15:18:19.103 12439 12455 I Adreno  : Build Date                       : 06/23/17
10-31 15:18:19.103 12439 12455 I Adreno  : OpenGL ES Shader Compiler Version: EV031.18.00.00
10-31 15:18:19.103 12439 12455 I Adreno  : Local Branch                     : O11A
10-31 15:18:19.103 12439 12455 I Adreno  : Remote Branch                    : 
10-31 15:18:19.103 12439 12455 I Adreno  : Remote Branch                    : 
10-31 15:18:19.103 12439 12455 I Adreno  : Reconstruct Branch               : 
10-31 15:18:19.104 12439 12455 I vndksupport: sphal namespace is not configured for this process. Loading /vendor/lib/hw/gralloc.msm8992.so from the current namespace instead.
10-31 15:18:19.108 12439 12455 I Adreno  : PFP: 0x00000000, ME: 0x00000000
10-31 15:18:19.872 12465 12465 E /system/bin/webview_zygote32: failed to make and chown /acct/uid_99514: Permission denied
10-31 15:18:19.872 12465 12465 E Zygote  : createProcessGroup(99514, 0) failed: Permission denied
10-31 15:18:19.874   772   784 I ActivityManager: Start proc 12465:com.android.chrome:sandboxed_process1/u0i514 for webview_service com.android.chrome/org.chromium.content.app.SandboxedProcessService1
10-31 15:18:19.889 12465 12465 I SamplingProfilerIntegration: Profiling disabled.
10-31 15:18:19.908 12478 12478 E asset   : setgid: Operation not permitted
10-31 15:18:19.941 12465 12465 I cr_SplitCompatApp: Launched version=106.0.5249.79 minSdkVersion=24 isBundle=true processName=com.android.chrome:sandboxed_process1 isIsolated=true
10-31 15:18:19.947 12465 12465 W SystemServiceRegistry: No service published for: uimode
10-31 15:18:19.959 12465 12465 I cr_ChildProcessService: Creating new ChildProcessService pid=12465
10-31 15:18:19.967 12465 12465 E WebViewFactory: can't load with relro file; address space not reserved
10-31 15:18:19.978 12465 12480 I cr_LibraryLoader: Successfully loaded native library
10-31 15:18:19.979 12465 12480 I cr_CachingUmaRecorder: Flushed 3 samples from 3 histograms.
10-31 15:18:20.013 12465 12480 I chromium: [INFO:child_process_service.cc(69)] ChildProcessService: Exiting child process.
10-31 15:18:20.015   422   422 E lowmemorykiller: Error writing /proc/12465/oom_score_adj; errno=22
10-31 15:18:20.016   772   784 I ActivityManager: Killing 12465:com.android.chrome:sandboxed_process1/u0a60i514 (adj 0): isolated not needed
10-31 15:18:20.017   772   790 W zygote64: failed to open /acct/uid_99514/pid_12465/cgroup.procs: No such file or directory
10-31 15:18:21.272 12369 12369 E cr_BTSPrefs: No data found for task id: 53
10-31 15:18:21.273 12369 12369 E cr_BkgrdTaskScheduler: Task cannot be canceled because no data was found instorage or data was invalid
10-31 15:18:23.729  6851  7003 I EventLogSendingHelper: Sending log events.
10-31 15:18:24.120   772  1259 D WificondControl: Scan result ready event
10-31 15:18:24.151  3960  4151 I ChimeraSrvcProxy: NullBinder for android.net.action.RECOMMEND_NETWORKS triggering remote TransactionTooLargeException due to Service without Chimera impl
10-31 15:18:24.432 12508 12508 D AndroidRuntime: >>>>>> START com.android.internal.os.RuntimeInit uid 2000 <<<<<<
10-31 15:18:24.581 12508 12508 D AndroidRuntime: Calling main entry com.android.commands.input.Input
10-31 15:18:24.596 12508 12508 I Input   : injectMotionEvent: MotionEvent { action=ACTION_DOWN, actionButton=0, id[0]=0, x[0]=540.0, y[0]=1660.0, toolType[0]=TOOL_TYPE_UNKNOWN, buttonState=0, metaState=0, flags=0x0, edgeFlags=0x0, pointerCount=1, historySize=0, eventTime=544402850, downTime=544402850, deviceId=8, source=0x1002 }
10-31 15:18:24.603 12508 12508 I Input   : injectMotionEvent: MotionEvent { action=ACTION_UP, actionButton=0, id[0]=0, x[0]=540.0, y[0]=1660.0, toolType[0]=TOOL_TYPE_UNKNOWN, buttonState=0, metaState=0, flags=0x0, edgeFlags=0x0, pointerCount=1, historySize=0, eventTime=544402850, downTime=544402850, deviceId=8, source=0x1002 }
10-31 15:18:24.606 12508 12508 D AndroidRuntime: Shutting down VM
10-31 15:18:24.625   556  6498 D audio_hw_primary: enable_snd_device: snd_device(88: vi-feedback)
10-31 15:18:24.625   556  6498 D audio_hw_primary: enable_audio_route: usecase(23) apply and update mixer path: spkr-vi-record
10-31 15:18:24.653   556  6498 D audio_hw_primary: enable_audio_route: usecase(1) apply and update mixer path: low-latency-playback
10-31 15:18:25.168   556   731 D audio_hw_primary: disable_audio_route: usecase(1) reset and update mixer path: low-latency-playback
10-31 15:18:25.183   556   731 D audio_hw_primary: disable_snd_device: snd_device(88: vi-feedback)
10-31 15:18:25.183   556   731 D audio_hw_primary: disable_audio_route: usecase(23) reset and update mixer path: spkr-vi-record
10-31 15:18:26.048 12524 12524 D AndroidRuntime: >>>>>> START com.android.internal.os.RuntimeInit uid 2000 <<<<<<
10-31 15:18:26.180 12524 12524 D AndroidRuntime: Calling main entry com.android.commands.input.Input
10-31 15:18:26.189 12524 12524 I Input   : injectMotionEvent: MotionEvent { action=ACTION_DOWN, actionButton=0, id[0]=0, x[0]=180.0, y[0]=1690.0, toolType[0]=TOOL_TYPE_UNKNOWN, buttonState=0, metaState=0, flags=0x0, edgeFlags=0x0, pointerCount=1, historySize=0, eventTime=544404451, downTime=544404451, deviceId=8, source=0x1002 }
10-31 15:18:26.196 12524 12524 I Input   : injectMotionEvent: MotionEvent { action=ACTION_UP, actionButton=0, id[0]=0, x[0]=180.0, y[0]=1690.0, toolType[0]=TOOL_TYPE_UNKNOWN, buttonState=0, metaState=0, flags=0x0, edgeFlags=0x0, pointerCount=1, historySize=0, eventTime=544404451, downTime=544404451, deviceId=8, source=0x1002 }
10-31 15:18:26.199 12524 12524 D AndroidRuntime: Shutting down VM
10-31 15:18:26.224   772   785 I ActivityManager: START u0 {act=android.intent.action.VIEW flg=0x10008000 cmp=com.android.chrome/com.google.android.apps.chrome.Main (has extras)} from uid 10060
10-31 15:18:26.224   556  6498 D audio_hw_primary: enable_snd_device: snd_device(88: vi-feedback)
10-31 15:18:26.224   556  6498 D audio_hw_primary: enable_audio_route: usecase(23) apply and update mixer path: spkr-vi-record
10-31 15:18:26.228   772   830 E ResourceType: Style contains key with bad entry: 0x0101062c
10-31 15:18:26.228   772   830 E ResourceType: Style contains key with bad entry: 0x0101062c
10-31 15:18:26.248 12369 12369 E ResourceType: Style contains key with bad entry: 0x0101062c
10-31 15:18:26.250   556  6498 D audio_hw_primary: enable_audio_route: usecase(1) apply and update mixer path: low-latency-playback
10-31 15:18:26.258 12369 12369 E ResourceType: Style contains key with bad entry: 0x0101062c
10-31 15:18:26.319 12369 12369 W ResourceType: Failure getting entry for 0x7f010055 (t=0 e=85) (error -75)
10-31 15:18:26.327 12369 12369 I cr_CompositorSurfaceMgr: Transitioning to surface with format: -1
10-31 15:18:26.337 12369 12369 W ResourceType: Failure getting entry for 0x7f010530 (t=0 e=1328) (error -75)
10-31 15:18:26.402 12369 12436 W cr_tabmodel: Starting to perform legacy migration.
10-31 15:18:26.407 12369 12436 W cr_tabmodel: Finished performing legacy migration.
10-31 15:18:26.407 12369 12436 W cr_tabmodel: Starting to perform multi-instance migration.
10-31 15:18:26.408 12369 12436 W cr_tabmodel: Finished performing multi-instance migration.
10-31 15:18:26.408 12369 12436 I cr_tabmodel: Starting to fetch tab list for tab_state0
10-31 15:18:26.408 12369 12436 I cr_tabmodel: State file does not exist.
10-31 15:18:26.408 12369 12436 I cr_tabmodel: Starting to fetch tab list for tab_state1
10-31 15:18:26.408 12369 12436 I cr_tabmodel: State file does not exist.
10-31 15:18:26.477   772 10860 W ActivityManager: Duplicate finish request for ActivityRecord{2c5cba5 u0 com.android.chrome/org.chromium.chrome.browser.firstrun.FirstRunActivity t802 f}
10-31 15:18:26.481 12369 12436 W cr_PartnerCustomize: Partner homepage must be HTTP(S) or NewTabPage. Got invalid URL "org.chromium.url.GURL@0"
10-31 15:18:26.535 12369 12369 I cr_StartSurfaceConfig: Recorded Startup.Android.FirstDrawCompletedTime.NoInstant = 245 ms
10-31 15:18:26.544 12369 12399 D OpenGLRenderer: endAllActiveAnimators on 0xca5be580 (RippleDrawable) with handle 0xc5d4c340
10-31 15:18:26.549 12369 12369 I cr_CompositorSurfaceMgr: Transitioning to surface with format: -1
10-31 15:18:26.552 12369 12369 I cr_CompositorSurfaceMgr: surfaceCreated format: 0
10-31 15:18:26.561   772 13022 E BatteryStatsService: no controller energy info supplied
10-31 15:18:26.561   772 13022 E BatteryStatsService: no controller energy info supplied
10-31 15:18:26.561 12369 12369 I cr_ChromeTabbedActivity: #initializeState
10-31 15:18:26.562 12369 12369 I cr_CipherFactory: #restoreFromBundle, no savedInstanceState.
10-31 15:18:26.562 12369 12369 I cr_tabmodel: #loadState, ignoreIncognitoFiles? true
10-31 15:18:26.568 12369 12369 I cr_tabmodel: Loaded tab lists; counts: 0,0
10-31 15:18:26.568 12369 12369 I cr_ChromeTabbedActivity: #createInitialTab executed.
10-31 15:18:26.582   772   788 W ProcessCpuTracker: Skipping unknown process pid 12558
10-31 15:18:26.608 12369 12369 E ResourceType: Style contains key with bad entry: 0x0101062c
10-31 15:18:26.673 12369 12369 W ResourceType: Failure getting entry for 0x7f010565 (t=0 e=1381) (error -75)
10-31 15:18:26.689 12369 12369 W ResourceType: Failure getting entry for 0x7f010551 (t=0 e=1361) (error -75)
10-31 15:18:26.771   556   731 D audio_hw_primary: disable_audio_route: usecase(1) reset and update mixer path: low-latency-playback
10-31 15:18:26.785   556   731 D audio_hw_primary: disable_snd_device: snd_device(88: vi-feedback)
10-31 15:18:26.785   556   731 D audio_hw_primary: disable_audio_route: usecase(23) reset and update mixer path: spkr-vi-record
10-31 15:18:26.846 12369 12369 W ResourceType: Failure getting entry for 0x7f01059a (t=0 e=1434) (error -75)
10-31 15:18:26.871   772 32228 W AppOps  : Bad call: specified package com.google.android.gms under uid 10060 but it is really 10020
10-31 15:18:26.871   772 32228 W AppOps  : java.lang.RuntimeException: here
10-31 15:18:26.871   772 32228 W AppOps  : 	at com.android.server.AppOpsService.getOpsRawLocked(AppOpsService.java:1319)
10-31 15:18:26.871   772 32228 W AppOps  : 	at com.android.server.AppOpsService.checkPackage(AppOpsService.java:1038)
10-31 15:18:26.871   772 32228 W AppOps  : 	at com.android.internal.app.IAppOpsService$Stub.onTransact(IAppOpsService.java:169)
10-31 15:18:26.871   772 32228 W AppOps  : 	at android.os.Binder.execTransact(Binder.java:674)
10-31 15:18:26.871   772  4540 W AppOps  : Bad call: specified package com.google.android.gms under uid 10060 but it is really 10020
10-31 15:18:26.871   772  4540 W AppOps  : java.lang.RuntimeException: here
10-31 15:18:26.871   772  4540 W AppOps  : 	at com.android.server.AppOpsService.getOpsRawLocked(AppOpsService.java:1319)
10-31 15:18:26.871   772  4540 W AppOps  : 	at com.android.server.AppOpsService.checkPackage(AppOpsService.java:1038)
10-31 15:18:26.871   772  4540 W AppOps  : 	at com.android.internal.app.IAppOpsService$Stub.onTransact(IAppOpsService.java:169)
10-31 15:18:26.871   772  4540 W AppOps  : 	at android.os.Binder.execTransact(Binder.java:674)
10-31 15:18:26.872   772  3854 W AppOps  : Bad call: specified package com.google.android.gms under uid 10060 but it is really 10020
10-31 15:18:26.872   772  3854 W AppOps  : java.lang.RuntimeException: here
10-31 15:18:26.872   772  3854 W AppOps  : 	at com.android.server.AppOpsService.getOpsRawLocked(AppOpsService.java:1319)
10-31 15:18:26.872   772  3854 W AppOps  : 	at com.android.server.AppOpsService.checkPackage(AppOpsService.java:1038)
10-31 15:18:26.872   772  3854 W AppOps  : 	at com.android.internal.app.IAppOpsService$Stub.onTransact(IAppOpsService.java:169)
10-31 15:18:26.872   772  3854 W AppOps  : 	at android.os.Binder.execTransact(Binder.java:674)
10-31 15:18:26.873   772 13021 W AppOps  : Bad call: specified package com.google.android.gms under uid 10060 but it is really 10020
10-31 15:18:26.873   772 13021 W AppOps  : java.lang.RuntimeException: here
10-31 15:18:26.873   772 13021 W AppOps  : 	at com.android.server.AppOpsService.getOpsRawLocked(AppOpsService.java:1319)
10-31 15:18:26.873   772 13021 W AppOps  : 	at com.android.server.AppOpsService.checkPackage(AppOpsService.java:1038)
10-31 15:18:26.873   772 13021 W AppOps  : 	at com.android.internal.app.IAppOpsService$Stub.onTransact(IAppOpsService.java:169)
10-31 15:18:26.873   772 13021 W AppOps  : 	at android.os.Binder.execTransact(Binder.java:674)
10-31 15:18:26.896 12369 12369 E cr_IntentUtils: getBooleanExtra failed on intent null
10-31 15:18:26.896 12369 12369 E cr_IntentUtils: getBooleanExtra failed on intent null
10-31 15:18:26.900 12407 12423 I cr_LibraryLoader: Successfully loaded native library
10-31 15:18:26.900 12407 12423 I cr_CachingUmaRecorder: Flushed 3 samples from 3 histograms.
10-31 15:18:26.932 12369 12369 W ResourceType: Failure getting entry for 0x7f010888 (t=0 e=2184) (error -75)
10-31 15:18:26.932  3960  4245 I FontLog : Received query name=Google Sans&weight=700&besteffort=false, URI content://com.google.android.gms.fonts [CONTEXT service_id=132 ]
10-31 15:18:26.933  3960  4245 I FontLog : Query [name=Google Sans&weight=700&besteffort=false] resolved to {Google Sans, wdth 100.0, wght 700, ital 0.0, bestEffort false} [CONTEXT service_id=132 ]
10-31 15:18:26.935  3960  4245 I FontLog : Fetch {Google Sans, wdth 100.0, wght 700, ital 0.0, bestEffort false} end status Status{statusCode=SUCCESS, resolution=null} [CONTEXT service_id=132 ]
10-31 15:18:26.940  3960  4244 I FontLog : Pulling font file for id = 2610, cache size = 10 [CONTEXT service_id=132 ]
10-31 15:18:26.942 12369 12369 W ResourceType: Failure getting entry for 0x7f010888 (t=0 e=2184) (error -75)
10-31 15:18:26.945 12369 12369 I chatty  : uid=10060(u0_a60) identical 2 lines
10-31 15:18:26.946 12369 12369 W ResourceType: Failure getting entry for 0x7f010888 (t=0 e=2184) (error -75)
10-31 15:18:26.947  3960  4151 I FontLog : Received query name=Noto Color Emoji Compat&weight=400&besteffort=false, URI content://com.google.android.gms.fonts [CONTEXT service_id=132 ]
10-31 15:18:26.947  3960  4151 I FontLog : Query [name=Noto Color Emoji Compat&weight=400&besteffort=false] resolved to {Noto Color Emoji Compat, wdth 100.0, wght 400, ital 0.0, bestEffort false} [CONTEXT service_id=132 ]
10-31 15:18:26.948 12369 12369 W ResourceType: Failure getting entry for 0x7f010888 (t=0 e=2184) (error -75)
10-31 15:18:26.949  3960  4151 I FontLog : Fetch {Noto Color Emoji Compat, wdth 100.0, wght 400, ital 0.0, bestEffort false} end status Status{statusCode=SUCCESS, resolution=null} [CONTEXT service_id=132 ]
10-31 15:18:26.949 12369 12369 W ResourceType: Failure getting entry for 0x7f010888 (t=0 e=2184) (error -75)
10-31 15:18:26.951 12369 12369 W ResourceType: Failure getting entry for 0x7f010888 (t=0 e=2184) (error -75)
10-31 15:18:26.951  3960  4245 I FontLog : Pulling font file for id = 2611, cache size = 7 [CONTEXT service_id=132 ]
10-31 15:18:26.952 12369 12369 I cr_TopSites: Start a new task.
10-31 15:18:26.957 12369 12427 I cr_TopSites: Serializing top sites lists finished; count: 8
10-31 15:18:26.958  3960  3971 I FontLog : Received query name=Google Sans&weight=400&besteffort=false, URI content://com.google.android.gms.fonts [CONTEXT service_id=132 ]
10-31 15:18:26.958  3960  3971 I FontLog : Query [name=Google Sans&weight=400&besteffort=false] resolved to {Google Sans, wdth 100.0, wght 400, ital 0.0, bestEffort false} [CONTEXT service_id=132 ]
10-31 15:18:26.959  3960  3971 I FontLog : Font PFD returned from cache for {Google Sans, wdth 100.0, wght 400, ital 0.0, bestEffort false} [CONTEXT service_id=132 ]
10-31 15:18:26.959  3960  3971 I FontLog : Fetch {Google Sans, wdth 100.0, wght 400, ital 0.0, bestEffort false} end status Status{statusCode=SUCCESS, resolution=null} [CONTEXT service_id=132 ]
10-31 15:18:26.962  3960  4151 I FontLog : Pulling font file for id = 2612, cache size = 8 [CONTEXT service_id=132 ]
10-31 15:18:26.964  3960  3972 I FontLog : Received query name=Google Sans&weight=500&besteffort=false, URI content://com.google.android.gms.fonts [CONTEXT service_id=132 ]
10-31 15:18:26.965  3960  3972 I FontLog : Query [name=Google Sans&weight=500&besteffort=false] resolved to {Google Sans, wdth 100.0, wght 500, ital 0.0, bestEffort false} [CONTEXT service_id=132 ]
10-31 15:18:26.965 12369 12427 I cr_TopSites: Finished saving top sites list to file:/data/user/0/com.android.chrome/app_top_sites/top_sites
10-31 15:18:26.967  3960  3972 I FontLog : Font PFD returned from cache for {Google Sans, wdth 100.0, wght 500, ital 0.0, bestEffort false} [CONTEXT service_id=132 ]
10-31 15:18:26.972  3960  3972 I FontLog : Fetch {Google Sans, wdth 100.0, wght 500, ital 0.0, bestEffort false} end status Status{statusCode=SUCCESS, resolution=null} [CONTEXT service_id=132 ]
10-31 15:18:26.982   772  4540 I ActivityManager: Start proc 12582:com.android.chrome:sandboxed_process2/u0i515 for webview_service com.android.chrome/org.chromium.content.app.SandboxedProcessService2
10-31 15:18:26.991 12582 12582 E /system/bin/webview_zygote32: failed to make and chown /acct/uid_99515: Permission denied
10-31 15:18:26.991 12582 12582 E Zygote  : createProcessGroup(99515, 0) failed: Permission denied
10-31 15:18:26.993  3960 12006 I SQLiteConnectionPool: The connection pool for /data/user/0/com.google.android.gms/databases/metadata.db has been closed but there are still 1 connections in use.  They will be closed as they are released back to the pool.
10-31 15:18:26.997  3960 12580 W FontLog : Error updating last accessed time for {Google Sans, wdth 100.0, wght 500, ital 0.0, bestEffort false}. [CONTEXT service_id=132 ]
10-31 15:18:26.997  3960 12580 W FontLog : java.lang.IllegalStateException: Cannot perform this operation because the connection pool has been closed.
10-31 15:18:26.997  3960 12580 W FontLog : 	at android.database.sqlite.SQLiteConnectionPool.throwIfClosedLocked(SQLiteConnectionPool.java:962)
10-31 15:18:26.997  3960 12580 W FontLog : 	at android.database.sqlite.SQLiteConnectionPool.waitForConnection(SQLiteConnectionPool.java:677)
10-31 15:18:26.997  3960 12580 W FontLog : 	at android.database.sqlite.SQLiteConnectionPool.acquireConnection(SQLiteConnectionPool.java:348)
10-31 15:18:26.997  3960 12580 W FontLog : 	at android.database.sqlite.SQLiteSession.acquireConnection(SQLiteSession.java:894)
10-31 15:18:26.997  3960 12580 W FontLog : 	at android.database.sqlite.SQLiteSession.executeForChangedRowCount(SQLiteSession.java:752)
10-31 15:18:26.997  3960 12580 W FontLog : 	at android.database.sqlite.SQLiteStatement.executeUpdateDelete(SQLiteStatement.java:64)
10-31 15:18:26.997  3960 12580 W FontLog : 	at android.database.sqlite.SQLiteDatabase.executeSql(SQLiteDatabase.java:1679)
10-31 15:18:26.997  3960 12580 W FontLog : 	at android.database.sqlite.SQLiteDatabase.execSQL(SQLiteDatabase.java:1658)
10-31 15:18:26.997  3960 12580 W FontLog : 	at aksk.run(:com.google.android.gms@223616019@22.36.16 (040400-476895098):5)
10-31 15:18:26.997  3960 12580 W FontLog : 	at aarl.c(:com.google.android.gms@223616019@22.36.16 (040400-476895098):6)
10-31 15:18:26.997  3960 12580 W FontLog : 	at aarl.run(:com.google.android.gms@223616019@22.36.16 (040400-476895098):7)
10-31 15:18:26.997  3960 12580 W FontLog : 	at java.util.concurrent.ThreadPoolExecutor.runWorker(ThreadPoolExecutor.java:1162)
10-31 15:18:26.997  3960 12580 W FontLog : 	at java.util.concurrent.ThreadPoolExecutor$Worker.run(ThreadPoolExecutor.java:636)
10-31 15:18:26.997  3960 12580 W FontLog : 	at aaws.run(:com.google.android.gms@223616019@22.36.16 (040400-476895098):0)
10-31 15:18:26.997  3960 12580 W FontLog : 	at java.lang.Thread.run(Thread.java:764)
10-31 15:18:27.002   772 13071 I ActivityManager: Start proc 12590:com.android.chrome:sandboxed_process3/u0i516 for webview_service com.android.chrome/org.chromium.content.app.SandboxedProcessService3
10-31 15:18:27.003  3960  3971 I FontLog : Pulling font file for id = 2613, cache size = 9 [CONTEXT service_id=132 ]
10-31 15:18:27.007   361   361 W /system/bin/hwservicemanager: getTransportFromManifest: Cannot find entry android.hardware.graphics.mapper@2.0::IMapper in either framework or device manifest, using default transport.
10-31 15:18:27.009 12590 12590 E /system/bin/webview_zygote32: failed to make and chown /acct/uid_99516: Permission denied
10-31 15:18:27.009 12590 12590 E Zygote  : createProcessGroup(99516, 0) failed: Permission denied
10-31 15:18:27.010 12439 12455 I vndksupport: sphal namespace is not configured for this process. Loading /vendor/lib/hw/gralloc.msm8992.so from the current namespace instead.
10-31 15:18:27.018 12582 12582 I SamplingProfilerIntegration: Profiling disabled.
10-31 15:18:27.034 12612 12612 E /system/bin/webview_zygote32: failed to make and chown /acct/uid_99517: Permission denied
10-31 15:18:27.034 12612 12612 E Zygote  : createProcessGroup(99517, 0) failed: Permission denied
10-31 15:18:27.037   772   785 I ActivityManager: Start proc 12612:com.android.chrome:sandboxed_process4/u0i517 for webview_service com.android.chrome/org.chromium.content.app.SandboxedProcessService4
10-31 15:18:27.045 12590 12590 I SamplingProfilerIntegration: Profiling disabled.
10-31 15:18:27.057 12628 12628 E asset   : setgid: Operation not permitted
10-31 15:18:27.063 12629 12629 E /system/bin/webview_zygote32: failed to make and chown /acct/uid_99518: Permission denied
10-31 15:18:27.063 12629 12629 E Zygote  : createProcessGroup(99518, 0) failed: Permission denied
10-31 15:18:27.072   772 10894 I ActivityManager: Start proc 12629:com.android.chrome:sandboxed_process5/u0i518 for webview_service com.android.chrome/org.chromium.content.app.SandboxedProcessService5
10-31 15:18:27.078 12612 12612 I SamplingProfilerIntegration: Profiling disabled.
10-31 15:18:27.085 12369 12369 W ResourceType: Failure getting entry for 0x7f010216 (t=0 e=534) (error -75)
10-31 15:18:27.088 12582 12582 I cr_SplitCompatApp: Launched version=106.0.5249.79 minSdkVersion=24 isBundle=true processName=com.android.chrome:sandboxed_process2 isIsolated=true
10-31 15:18:27.089 12369 12369 W ResourceType: Failure getting entry for 0x7f0107c9 (t=0 e=1993) (error -75)
10-31 15:18:27.090 12643 12643 E asset   : setgid: Operation not permitted
10-31 15:18:27.091 12629 12629 I SamplingProfilerIntegration: Profiling disabled.
10-31 15:18:27.093 12582 12582 W SystemServiceRegistry: No service published for: uimode
10-31 15:18:27.096 12644 12644 E /system/bin/webview_zygote32: failed to make and chown /acct/uid_99519: Permission denied
10-31 15:18:27.096 12644 12644 E Zygote  : createProcessGroup(99519, 0) failed: Permission denied
10-31 15:18:27.099   772  3854 I ActivityManager: Start proc 12644:com.android.chrome:sandboxed_process6/u0i519 for webview_service com.android.chrome/org.chromium.content.app.SandboxedProcessService6
10-31 15:18:27.100 12582 12582 I cr_ChildProcessService: Creating new ChildProcessService pid=12582
10-31 15:18:27.109 12369 12369 W ResourceType: Failure getting entry for 0x7f010827 (t=0 e=2087) (error -75)
10-31 15:18:27.112 12582 12582 E WebViewFactory: can't load with relro file; address space not reserved
10-31 15:18:27.114 12655 12655 E asset   : setgid: Operation not permitted
10-31 15:18:27.121 12664 12664 E asset   : setgid: Operation not permitted
10-31 15:18:27.121 12369 12369 I cr_OfflineIndicator: onConnectionTypeChanged 2
10-31 15:18:27.121   772  4539 I ActivityManager: Start proc 12660:com.android.chrome:sandboxed_process7/u0i520 for webview_service com.android.chrome/org.chromium.content.app.SandboxedProcessService7
10-31 15:18:27.123 12590 12590 I cr_SplitCompatApp: Launched version=106.0.5249.79 minSdkVersion=24 isBundle=true processName=com.android.chrome:sandboxed_process3 isIsolated=true
10-31 15:18:27.124 12660 12660 E /system/bin/webview_zygote32: failed to make and chown /acct/uid_99520: Permission denied
10-31 15:18:27.124 12660 12660 E Zygote  : createProcessGroup(99520, 0) failed: Permission denied
10-31 15:18:27.130 12590 12590 W SystemServiceRegistry: No service published for: uimode
10-31 15:18:27.135 12369 12369 I cr_OfflineIndicator: Reported by system: [ Transports: WIFI Capabilities: NOT_METERED&INTERNET&NOT_RESTRICTED&TRUSTED&NOT_VPN&VALIDATED&FOREGROUND LinkUpBandwidth>=1048576Kbps LinkDnBandwidth>=1048576Kbps SignalStrength: -65]
10-31 15:18:27.135 12644 12644 I SamplingProfilerIntegration: Profiling disabled.
10-31 15:18:27.136 12369 12369 I cr_OfflineIndicator: setConnectionState connectionState=4
10-31 15:18:27.136 12369 12369 I cr_OfflineDetector: Running updateState mConnectivityDetectorInitialized: true, mTimeWhenLastForegrounded: 1101961288, getElapsedTime: 1101961302, mTimeWhenLastOfflineNotificationReceived: 0, mTimeWhenLastOnline: 1101961302, mApplicationState: 1, mIsOfflineLastReportedByConnectivityDetector: false, mIsEffectivelyOffline: false
10-31 15:18:27.136 12369 12369 I cr_OfflineDetector: updateState(): timeSinceLastForeground: 14, timeSinceOfflineNotificationReceived: 1101961302, timeSinceLastOnline: 0, timeNeededForForeground: 1986, timeNeededForOffline: -1101959302
10-31 15:18:27.136 12369 12369 I cr_OfflineIndicator: processConnectivityCheckResult mConnectionState=4 mConnectivityCheckingStage=1
10-31 15:18:27.137 12670 12670 E /system/bin/webview_zygote32: failed to make and chown /acct/uid_99521: Permission denied
10-31 15:18:27.137 12670 12670 E Zygote  : createProcessGroup(99521, 0) failed: Permission denied
10-31 15:18:27.138 12590 12590 I cr_ChildProcessService: Creating new ChildProcessService pid=12590
10-31 15:18:27.141   772  3037 I ActivityManager: Start proc 12670:com.android.chrome:sandboxed_process8/u0i521 for webview_service com.android.chrome/org.chromium.content.app.SandboxedProcessService8
10-31 15:18:27.151 12660 12660 I SamplingProfilerIntegration: Profiling disabled.
10-31 15:18:27.151 12612 12612 I cr_SplitCompatApp: Launched version=106.0.5249.79 minSdkVersion=24 isBundle=true processName=com.android.chrome:sandboxed_process4 isIsolated=true
10-31 15:18:27.154 12590 12590 E WebViewFactory: can't load with relro file; address space not reserved
10-31 15:18:27.157 12612 12612 W SystemServiceRegistry: No service published for: uimode
10-31 15:18:27.164   772 13071 I ActivityManager: Start proc 12693:com.android.chrome:sandboxed_process9/u0i522 for webview_service com.android.chrome/org.chromium.content.app.SandboxedProcessService9
10-31 15:18:27.166 12670 12670 I SamplingProfilerIntegration: Profiling disabled.
10-31 15:18:27.168 12693 12693 E /system/bin/webview_zygote32: failed to make and chown /acct/uid_99522: Permission denied
10-31 15:18:27.169 12693 12693 E Zygote  : createProcessGroup(99522, 0) failed: Permission denied
10-31 15:18:27.171 12700 12700 E asset   : setgid: Operation not permitted
10-31 15:18:27.183 12702 12702 E asset   : setgid: Operation not permitted
10-31 15:18:27.185 12612 12612 I cr_ChildProcessService: Creating new ChildProcessService pid=12612
10-31 15:18:27.185 12629 12629 I cr_SplitCompatApp: Launched version=106.0.5249.79 minSdkVersion=24 isBundle=true processName=com.android.chrome:sandboxed_process5 isIsolated=true
10-31 15:18:27.187 12590 12674 I cr_LibraryLoader: Successfully loaded native library
10-31 15:18:27.188 12582 12652 I cr_LibraryLoader: Successfully loaded native library
10-31 15:18:27.188 12590 12674 I cr_CachingUmaRecorder: Flushed 3 samples from 3 histograms.
10-31 15:18:27.189 12582 12652 I cr_CachingUmaRecorder: Flushed 3 samples from 3 histograms.
10-31 15:18:27.197 12612 12612 E WebViewFactory: can't load with relro file; address space not reserved
10-31 15:18:27.199 12629 12629 W SystemServiceRegistry: No service published for: uimode
10-31 15:18:27.205 12693 12693 I SamplingProfilerIntegration: Profiling disabled.
10-31 15:18:27.212 12369 12369 W ResourceType: Failure getting entry for 0x7f010415 (t=0 e=1045) (error -75)
10-31 15:18:27.216 12612 12705 I cr_LibraryLoader: Successfully loaded native library
10-31 15:18:27.217 12612 12705 I cr_CachingUmaRecorder: Flushed 3 samples from 3 histograms.
10-31 15:18:27.219 12644 12644 I cr_SplitCompatApp: Launched version=106.0.5249.79 minSdkVersion=24 isBundle=true processName=com.android.chrome:sandboxed_process6 isIsolated=true
10-31 15:18:27.219 12726 12726 E asset   : setgid: Operation not permitted
10-31 15:18:27.222 12629 12629 I cr_ChildProcessService: Creating new ChildProcessService pid=12629
10-31 15:18:27.233 12629 12629 E WebViewFactory: can't load with relro file; address space not reserved
10-31 15:18:27.233 12644 12644 W SystemServiceRegistry: No service published for: uimode
10-31 15:18:27.235 12660 12660 I cr_SplitCompatApp: Launched version=106.0.5249.79 minSdkVersion=24 isBundle=true processName=com.android.chrome:sandboxed_process7 isIsolated=true
10-31 15:18:27.239 12644 12644 I cr_ChildProcessService: Creating new ChildProcessService pid=12644
10-31 15:18:27.248 12660 12660 W SystemServiceRegistry: No service published for: uimode
10-31 15:18:27.251 12629 12727 I cr_LibraryLoader: Successfully loaded native library
10-31 15:18:27.253 12629 12727 I cr_CachingUmaRecorder: Flushed 3 samples from 3 histograms.
10-31 15:18:27.254 12738 12738 E asset   : setgid: Operation not permitted
10-31 15:18:27.254 12644 12644 E WebViewFactory: can't load with relro file; address space not reserved
10-31 15:18:27.255 12660 12660 I cr_ChildProcessService: Creating new ChildProcessService pid=12660
10-31 15:18:27.265 12670 12670 I cr_SplitCompatApp: Launched version=106.0.5249.79 minSdkVersion=24 isBundle=true processName=com.android.chrome:sandboxed_process8 isIsolated=true
10-31 15:18:27.271 12660 12660 E WebViewFactory: can't load with relro file; address space not reserved
10-31 15:18:27.272 12670 12670 W SystemServiceRegistry: No service published for: uimode
10-31 15:18:27.275 12644 12736 I cr_LibraryLoader: Successfully loaded native library
10-31 15:18:27.275 12644 12736 I cr_CachingUmaRecorder: Flushed 3 samples from 3 histograms.
10-31 15:18:27.278 12670 12670 I cr_ChildProcessService: Creating new ChildProcessService pid=12670
10-31 15:18:27.284 12369 12369 I cr_tabmodel: Appending tabs being restored to metadata lists, 0, startingNormalCount: 1, startingIncognitoCount: 0
10-31 15:18:27.284 12369 12369 I cr_tabmodel: Serializing tab lists; counts: 1, 0
10-31 15:18:27.291 12670 12670 E WebViewFactory: can't load with relro file; address space not reserved
10-31 15:18:27.291 12590 12674 I chromium: [INFO:child_process_service.cc(69)] ChildProcessService: Exiting child process.
10-31 15:18:27.291 12582 12652 I chromium: [INFO:child_process_service.cc(69)] ChildProcessService: Exiting child process.
10-31 15:18:27.296 12612 12705 I chromium: [INFO:child_process_service.cc(69)] ChildProcessService: Exiting child process.
10-31 15:18:27.299   422   422 E lowmemorykiller: Error writing /proc/12590/oom_score_adj; errno=22
10-31 15:18:27.300   772  1324 I ActivityManager: Killing 12590:com.android.chrome:sandboxed_process3/u0a60i516 (adj 0): isolated not needed
10-31 15:18:27.301   772   790 W zygote64: failed to open /acct/uid_99516/pid_12590/cgroup.procs: No such file or directory
10-31 15:18:27.310 12660 12739 I cr_LibraryLoader: Successfully loaded native library
10-31 15:18:27.313 12660 12739 I cr_CachingUmaRecorder: Flushed 3 samples from 3 histograms.
10-31 15:18:27.318 12670 12744 I cr_LibraryLoader: Successfully loaded native library
10-31 15:18:27.318 12670 12744 I cr_CachingUmaRecorder: Flushed 3 samples from 3 histograms.
10-31 15:18:27.322   772   785 I ActivityManager: Start proc 12760:com.android.chrome:sandboxed_process10/u0i523 for webview_service com.android.chrome/org.chromium.content.app.SandboxedProcessService10
10-31 15:18:27.326   422   422 E lowmemorykiller: Error writing /proc/12582/oom_score_adj; errno=22
10-31 15:18:27.327   772  3037 I ActivityManager: Killing 12582:com.android.chrome:sandboxed_process2/u0a60i515 (adj 0): isolated not needed
10-31 15:18:27.327   772   790 W zygote64: failed to open /acct/uid_99515/pid_12582/cgroup.procs: No such file or directory
10-31 15:18:27.328 12760 12760 E /system/bin/webview_zygote32: failed to make and chown /acct/uid_99523: Permission denied
10-31 15:18:27.328 12760 12760 E Zygote  : createProcessGroup(99523, 0) failed: Permission denied
10-31 15:18:27.330   422   422 E lowmemorykiller: Error writing /proc/12612/oom_score_adj; errno=22
10-31 15:18:27.330   772  4540 E JavaBinder: !!! FAILED BINDER TRANSACTION !!!  (parcel size = 76)
10-31 15:18:27.331   772  4540 E JavaBinder: !!! FAILED BINDER TRANSACTION !!!  (parcel size = 752)
10-31 15:18:27.331   772  4540 W ActivityManager: Exception when unbinding service com.android.chrome/org.chromium.content.app.SandboxedProcessService4
10-31 15:18:27.331   772  4540 W ActivityManager: android.os.DeadObjectException: Transaction failed on small parcel; remote process probably died
10-31 15:18:27.331   772  4540 W ActivityManager: 	at android.os.BinderProxy.transactNative(Native Method)
10-31 15:18:27.331   772  4540 W ActivityManager: 	at android.os.BinderProxy.transact(Binder.java:748)
10-31 15:18:27.331   772  4540 W ActivityManager: 	at android.app.IApplicationThread$Stub$Proxy.scheduleUnbindService(IApplicationThread.java:1522)
