10-31 15:18:27.331   772  4540 W ActivityManager: 	at com.android.server.am.ActiveServices.removeConnectionLocked(ActiveServices.java:2640)
10-31 15:18:27.331   772  4540 W ActivityManager: 	at com.android.server.am.ActiveServices.unbindServiceLocked(ActiveServices.java:1551)
10-31 15:18:27.331   772  4540 W ActivityManager: 	at com.android.server.am.ActivityManagerService.unbindService(ActivityManagerService.java:18297)
10-31 15:18:27.331   772  4540 W ActivityManager: 	at android.app.IActivityManager$Stub.onTransact(IActivityManager.java:594)
10-31 15:18:27.331   772  4540 W ActivityManager: 	at com.android.server.am.ActivityManagerService.onTransact(ActivityManagerService.java:2935)
10-31 15:18:27.331   772  4540 W ActivityManager: 	at android.os.Binder.execTransact(Binder.java:674)
10-31 15:18:27.331   772  4540 E JavaBinder: !!! FAILED BINDER TRANSACTION !!!  (parcel size = 76)
10-31 15:18:27.332   422   422 E lowmemorykiller: Error writing /proc/12612/oom_score_adj; errno=22
10-31 15:18:27.332   772  4540 E JavaBinder: !!! FAILED BINDER TRANSACTION !!!  (parcel size = 76)
10-31 15:18:27.333   772  4540 I ActivityManager: Killing 12612:com.android.chrome:sandboxed_process4/u0a60i517 (adj 900): isolated not needed
10-31 15:18:27.336   772   790 W zygote64: failed to open /acct/uid_99517/pid_12612/cgroup.procs: No such file or directory
10-31 15:18:27.338 12369 12369 W chromium: [WARNING:compositor_view.cc(342)] Child process died (type=6) pid=12612)
10-31 15:18:27.344 12629 12727 I chromium: [INFO:child_process_service.cc(69)] ChildProcessService: Exiting child process.
10-31 15:18:27.344 12644 12736 I chromium: [INFO:child_process_service.cc(69)] ChildProcessService: Exiting child process.
10-31 15:18:27.345   772  1327 I ActivityManager: Killing 12629:com.android.chrome:sandboxed_process5/u0a60i518 (adj 0): isolated not needed
10-31 15:18:27.345   772   790 W zygote64: failed to open /acct/uid_99518/pid_12629/cgroup.procs: No such file or directory
10-31 15:18:27.347 12760 12760 I SamplingProfilerIntegration: Profiling disabled.
10-31 15:18:27.351   422   422 E lowmemorykiller: Error writing /proc/12644/oom_score_adj; errno=22
10-31 15:18:27.357   772 20193 I ActivityManager: Killing 12644:com.android.chrome:sandboxed_process6/u0a60i519 (adj 0): isolated not needed
10-31 15:18:27.357   772   790 W zygote64: failed to open /acct/uid_99519/pid_12644/cgroup.procs: No such file or directory
10-31 15:18:27.357 12693 12693 I cr_SplitCompatApp: Launched version=106.0.5249.79 minSdkVersion=24 isBundle=true processName=com.android.chrome:sandboxed_process9 isIsolated=true
10-31 15:18:27.365 12369 12369 W chromium: [WARNING:compositor_view.cc(342)] Child process died (type=6) pid=12582)
10-31 15:18:27.366 12693 12693 W SystemServiceRegistry: No service published for: uimode
10-31 15:18:27.379 12693 12693 I cr_ChildProcessService: Creating new ChildProcessService pid=12693
10-31 15:18:27.387 12660 12739 I chromium: [INFO:child_process_service.cc(69)] ChildProcessService: Exiting child process.
10-31 15:18:27.393 12693 12693 E WebViewFactory: can't load with relro file; address space not reserved
10-31 15:18:27.397 12791 12791 E asset   : setgid: Operation not permitted
10-31 15:18:27.398   422   422 E lowmemorykiller: Error writing /proc/12660/oom_score_adj; errno=22
10-31 15:18:27.399 12369 12369 W chromium: [WARNING:compositor_view.cc(342)] Child process died (type=6) pid=12590)
10-31 15:18:27.400 12670 12744 I chromium: [INFO:child_process_service.cc(69)] ChildProcessService: Exiting child process.
10-31 15:18:27.401   772 20193 I ActivityManager: Killing 12660:com.android.chrome:sandboxed_process7/u0a60i520 (adj 0): isolated not needed
10-31 15:18:27.402   772   790 W zygote64: failed to open /acct/uid_99520/pid_12660/cgroup.procs: No such file or directory
10-31 15:18:27.406 12369 12369 W chromium: [WARNING:compositor_view.cc(342)] Child process died (type=6) pid=12629)
10-31 15:18:27.408 12369 12369 W chromium: [WARNING:compositor_view.cc(342)] Child process died (type=6) pid=12644)
10-31 15:18:27.411   422   422 E lowmemorykiller: Error writing /proc/12670/oom_score_adj; errno=22
10-31 15:18:27.412   772 13071 I ActivityManager: Killing 12670:com.android.chrome:sandboxed_process8/u0a60i521 (adj 0): isolated not needed
10-31 15:18:27.412   772   790 W zygote64: failed to open /acct/uid_99521/pid_12670/cgroup.procs: No such file or directory
10-31 15:18:27.420 12693 12789 I cr_LibraryLoader: Successfully loaded native library
10-31 15:18:27.422 12693 12789 I cr_CachingUmaRecorder: Flushed 3 samples from 3 histograms.
10-31 15:18:27.434 12760 12760 I cr_SplitCompatApp: Launched version=106.0.5249.79 minSdkVersion=24 isBundle=true processName=com.android.chrome:sandboxed_process10 isIsolated=true
10-31 15:18:27.439 12760 12760 W SystemServiceRegistry: No service published for: uimode
10-31 15:18:27.445 12760 12760 I cr_ChildProcessService: Creating new ChildProcessService pid=12760
10-31 15:18:27.446 12369 12379 I zygote  : Background concurrent copying GC freed 18020(1293KB) AllocSpace objects, 0(0B) LOS objects, 49% free, 4MB/8MB, paused 168us total 132.691ms
10-31 15:18:27.452 12760 12760 E WebViewFactory: can't load with relro file; address space not reserved
10-31 15:18:27.461 12760 12799 I cr_LibraryLoader: Successfully loaded native library
10-31 15:18:27.462 12760 12799 I cr_CachingUmaRecorder: Flushed 3 samples from 3 histograms.
10-31 15:18:27.492 12369 12369 W ResourceType: Failure getting entry for 0x7f0100f9 (t=0 e=249) (error -75)
10-31 15:18:27.495 12369 12369 W ResourceType: Failure getting entry for 0x7f010828 (t=0 e=2088) (error -75)
10-31 15:18:27.503 12369 12369 W ResourceType: Failure getting entry for 0x7f010827 (t=0 e=2087) (error -75)
10-31 15:18:27.523 12369 12369 W chromium: [WARNING:compositor_view.cc(342)] Child process died (type=6) pid=12660)
10-31 15:18:27.524 12369 12369 W chromium: [WARNING:compositor_view.cc(342)] Child process died (type=6) pid=12670)
10-31 15:18:27.532 12693 12789 I chromium: [INFO:child_process_service.cc(69)] ChildProcessService: Exiting child process.
10-31 15:18:27.534 12369 12434 I cr_VrCoreVersionChecker: Unable to find VrCore.
10-31 15:18:27.535   422   422 E lowmemorykiller: Error writing /proc/12693/oom_score_adj; errno=22
10-31 15:18:27.536   772  4539 I ActivityManager: Killing 12693:com.android.chrome:sandboxed_process9/u0a60i522 (adj 0): isolated not needed
10-31 15:18:27.536   772   790 W zygote64: failed to open /acct/uid_99522/pid_12693/cgroup.procs: No such file or directory
10-31 15:18:27.538 12760 12799 I chromium: [INFO:child_process_service.cc(69)] ChildProcessService: Exiting child process.
10-31 15:18:27.540   422   422 E lowmemorykiller: Error writing /proc/12760/oom_score_adj; errno=22
10-31 15:18:27.540   772   996 I ActivityManager: Killing 12760:com.android.chrome:sandboxed_process10/u0a60i523 (adj 0): isolated not needed
10-31 15:18:27.542   772   790 W zygote64: failed to open /acct/uid_99523/pid_12760/cgroup.procs: No such file or directory
10-31 15:18:27.548 12369 12369 W chromium: [WARNING:compositor_view.cc(342)] Child process died (type=6) pid=12693)
10-31 15:18:27.554 12369 12369 I Choreographer: Skipped 60 frames!  The application may be doing too much work on its main thread.
10-31 15:18:27.567 12369 12369 W ResourceType: Failure getting entry for 0x7f010646 (t=0 e=1606) (error -75)
10-31 15:18:27.576 12369 12369 W ResourceType: Failure getting entry for 0x7f010644 (t=0 e=1604) (error -75)
10-31 15:18:27.577 12369 12369 W ResourceType: Failure getting entry for 0x7f010644 (t=0 e=1604) (error -75)
10-31 15:18:27.629 12369 12369 W StaticLayout: maxLineHeight should not be -1.  maxLines:1 lineCount:1
10-31 15:18:27.682  6851  6851 E WorkerRegistryImpl: getWorker() is called after WorkerRegistry disposal.
10-31 15:18:27.683  6851  6851 E WorkerRegistryImpl: getWorker() is called after WorkerRegistry disposal.
10-31 15:18:27.696  6851  6851 I MemoryTrimmer: Trimming objects from memory, since app is in the background.
10-31 15:18:27.727 12369 12369 W chromium: [WARNING:compositor_view.cc(342)] Child process died (type=6) pid=12760)
10-31 15:18:27.765 12821 12821 E /system/bin/webview_zygote32: failed to make and chown /acct/uid_99524: Permission denied
10-31 15:18:27.766 12821 12821 E Zygote  : createProcessGroup(99524, 0) failed: Permission denied
10-31 15:18:27.766   772 13021 I ActivityManager: Start proc 12821:com.android.chrome:sandboxed_process11/u0i524 for webview_service com.android.chrome/org.chromium.content.app.SandboxedProcessService11
10-31 15:18:27.799 12821 12821 I SamplingProfilerIntegration: Profiling disabled.
10-31 15:18:27.802   772  3041 I ActivityManager: Start proc 12834:com.android.chrome:sandboxed_process12/u0i525 for webview_service com.android.chrome/org.chromium.content.app.SandboxedProcessService12
10-31 15:18:27.806 12834 12834 E /system/bin/webview_zygote32: failed to make and chown /acct/uid_99525: Permission denied
10-31 15:18:27.806 12834 12834 E Zygote  : createProcessGroup(99525, 0) failed: Permission denied
10-31 15:18:27.829   772  4540 I ActivityManager: Start proc 12846:com.android.chrome:sandboxed_process13/u0i526 for webview_service com.android.chrome/org.chromium.content.app.SandboxedProcessService13
10-31 15:18:27.841 12846 12846 E /system/bin/webview_zygote32: failed to make and chown /acct/uid_99526: Permission denied
10-31 15:18:27.841 12846 12846 E Zygote  : createProcessGroup(99526, 0) failed: Permission denied
10-31 15:18:27.843 12369 12369 W ResourceType: Failure getting entry for 0x7f010646 (t=0 e=1606) (error -75)
10-31 15:18:27.845 12369 12369 W ResourceType: Failure getting entry for 0x7f010644 (t=0 e=1604) (error -75)
10-31 15:18:27.845   772   784 I ActivityManager: START u0 {act=android.intent.action.VIEW dat=http://192.168.178.178:5500/... flg=0x10000000 cmp=com.android.chrome/com.google.android.apps.chrome.Main} from uid 2000
10-31 15:18:27.846 12369 12369 W ResourceType: Failure getting entry for 0x7f010644 (t=0 e=1604) (error -75)
10-31 15:18:27.856 12859 12859 E asset   : setgid: Operation not permitted
10-31 15:18:27.865 12834 12834 I SamplingProfilerIntegration: Profiling disabled.
10-31 15:18:27.870 12846 12846 I SamplingProfilerIntegration: Profiling disabled.
10-31 15:18:27.907 12866 12866 E asset   : setgid: Operation not permitted
10-31 15:18:27.908 12864 12864 E asset   : setgid: Operation not permitted
10-31 15:18:27.909 12865 12865 E /system/bin/webview_zygote32: failed to make and chown /acct/uid_99527: Permission denied
10-31 15:18:27.909 12865 12865 E Zygote  : createProcessGroup(99527, 0) failed: Permission denied
10-31 15:18:27.910 12821 12821 I cr_SplitCompatApp: Launched version=106.0.5249.79 minSdkVersion=24 isBundle=true processName=com.android.chrome:sandboxed_process11 isIsolated=true
10-31 15:18:27.913   772 10894 I ActivityManager: Start proc 12865:com.android.chrome:sandboxed_process14/u0i527 for webview_service com.android.chrome/org.chromium.content.app.SandboxedProcessService14
10-31 15:18:27.917 12821 12821 W SystemServiceRegistry: No service published for: uimode
10-31 15:18:27.925   423   423 D SurfaceFlinger: duplicate layer name: changing com.android.chrome/com.google.android.apps.chrome.Main to com.android.chrome/com.google.android.apps.chrome.Main#1
10-31 15:18:27.933 12821 12821 I cr_ChildProcessService: Creating new ChildProcessService pid=12821
10-31 15:18:27.933 12879 12879 E /system/bin/webview_zygote32: failed to make and chown /acct/uid_99528: Permission denied
10-31 15:18:27.933 12879 12879 E Zygote  : createProcessGroup(99528, 0) failed: Permission denied
10-31 15:18:27.948   772  2970 I ActivityManager: Start proc 12879:com.android.chrome:sandboxed_process15/u0i528 for webview_service com.android.chrome/org.chromium.content.app.SandboxedProcessService15
10-31 15:18:27.951 12834 12834 I cr_SplitCompatApp: Launched version=106.0.5249.79 minSdkVersion=24 isBundle=true processName=com.android.chrome:sandboxed_process12 isIsolated=true
10-31 15:18:27.958 12879 12879 I SamplingProfilerIntegration: Profiling disabled.
10-31 15:18:27.960 12834 12834 W SystemServiceRegistry: No service published for: uimode
10-31 15:18:27.961 12821 12821 E WebViewFactory: can't load with relro file; address space not reserved
10-31 15:18:27.964 12865 12865 I SamplingProfilerIntegration: Profiling disabled.
10-31 15:18:27.967 12834 12834 I cr_ChildProcessService: Creating new ChildProcessService pid=12834
10-31 15:18:27.968 12846 12846 I cr_SplitCompatApp: Launched version=106.0.5249.79 minSdkVersion=24 isBundle=true processName=com.android.chrome:sandboxed_process13 isIsolated=true
10-31 15:18:27.972 12821 12881 I cr_LibraryLoader: Successfully loaded native library
10-31 15:18:27.973 12846 12846 W SystemServiceRegistry: No service published for: uimode
10-31 15:18:27.975 12821 12881 I cr_CachingUmaRecorder: Flushed 3 samples from 3 histograms.
10-31 15:18:27.981 12846 12846 I cr_ChildProcessService: Creating new ChildProcessService pid=12846
10-31 15:18:27.988 12898 12898 E asset   : setgid: Operation not permitted
10-31 15:18:27.989 12846 12846 E WebViewFactory: can't load with relro file; address space not reserved
10-31 15:18:27.990 12834 12834 E WebViewFactory: can't load with relro file; address space not reserved
10-31 15:18:28.000   423   423 D SurfaceFlinger: duplicate layer name: changing com.android.chrome/com.google.android.apps.chrome.Main to com.android.chrome/com.google.android.apps.chrome.Main#2
10-31 15:18:28.004 12834 12895 I cr_LibraryLoader: Successfully loaded native library
10-31 15:18:28.005 12834 12895 I cr_CachingUmaRecorder: Flushed 3 samples from 3 histograms.
10-31 15:18:28.010 12846 12897 I cr_LibraryLoader: Successfully loaded native library
10-31 15:18:28.014 12846 12897 I cr_CachingUmaRecorder: Flushed 3 samples from 3 histograms.
10-31 15:18:28.017 12865 12865 I cr_SplitCompatApp: Launched version=106.0.5249.79 minSdkVersion=24 isBundle=true processName=com.android.chrome:sandboxed_process14 isIsolated=true
10-31 15:18:28.028 12865 12865 W SystemServiceRegistry: No service published for: uimode
10-31 15:18:28.037 12865 12865 I cr_ChildProcessService: Creating new ChildProcessService pid=12865
10-31 15:18:28.046 12865 12865 E WebViewFactory: can't load with relro file; address space not reserved
10-31 15:18:28.048 12834 12895 I chromium: [INFO:child_process_service.cc(69)] ChildProcessService: Exiting child process.
10-31 15:18:28.050 12923 12923 E asset   : setgid: Operation not permitted
10-31 15:18:28.059 12865 12920 I cr_LibraryLoader: Successfully loaded native library
10-31 15:18:28.060 12865 12920 I cr_CachingUmaRecorder: Flushed 3 samples from 3 histograms.
10-31 15:18:28.063   772  4539 I ActivityManager: Start proc 12924:com.android.chrome:sandboxed_process16/u0i529 for webview_service com.android.chrome/org.chromium.content.app.SandboxedProcessService16
10-31 15:18:28.066   422   422 E lowmemorykiller: Error writing /proc/12834/oom_score_adj; errno=22
10-31 15:18:28.066   772  1327 I ActivityManager: Killing 12834:com.android.chrome:sandboxed_process12/u0a60i525 (adj 0): isolated not needed
10-31 15:18:28.067   772   790 W zygote64: failed to open /acct/uid_99525/pid_12834/cgroup.procs: No such file or directory
10-31 15:18:28.071 12924 12924 E /system/bin/webview_zygote32: failed to make and chown /acct/uid_99529: Permission denied
10-31 15:18:28.071 12924 12924 E Zygote  : createProcessGroup(99529, 0) failed: Permission denied
10-31 15:18:28.095 12924 12924 I SamplingProfilerIntegration: Profiling disabled.
10-31 15:18:28.104 12879 12879 I cr_SplitCompatApp: Launched version=106.0.5249.79 minSdkVersion=24 isBundle=true processName=com.android.chrome:sandboxed_process15 isIsolated=true
10-31 15:18:28.108 12924 12940 I /system/bin/webview_zygote32: Background concurrent copying GC freed 3274(1449KB) AllocSpace objects, 0(0B) LOS objects, 95% free, 72KB/1608KB, paused 7.096ms total 23.398ms
10-31 15:18:28.110 12879 12879 W SystemServiceRegistry: No service published for: uimode
10-31 15:18:28.118 12369 12369 E cr_IntentUtils: getInt failed on bundle null
10-31 15:18:28.119 12945 12945 E asset   : setgid: Operation not permitted
10-31 15:18:28.122 12879 12879 I cr_ChildProcessService: Creating new ChildProcessService pid=12879
10-31 15:18:28.130 12369 12369 E ResourceType: Style contains key with bad entry: 0x0101062c
10-31 15:18:28.135 12369 12433 W chromium: [WARNING:spdy_session.cc(3502)] Received HEADERS for invalid stream 3
10-31 15:18:28.136 12879 12879 E WebViewFactory: can't load with relro file; address space not reserved
10-31 15:18:28.163 12879 12946 I cr_LibraryLoader: Successfully loaded native library
10-31 15:18:28.165 12879 12946 I cr_CachingUmaRecorder: Flushed 3 samples from 3 histograms.
10-31 15:18:28.174 12924 12924 I cr_SplitCompatApp: Launched version=106.0.5249.79 minSdkVersion=24 isBundle=true processName=com.android.chrome:sandboxed_process16 isIsolated=true
10-31 15:18:28.175   772  2969 I ActivityManager: Start proc 12948:com.android.chrome:sandboxed_process17/u0i530 for webview_service com.android.chrome/org.chromium.content.app.SandboxedProcessService17
10-31 15:18:28.185 12924 12924 W SystemServiceRegistry: No service published for: uimode
10-31 15:18:28.189 12369 12369 I cr_tabmodel: Appending tabs being restored to metadata lists, 0, startingNormalCount: 2, startingIncognitoCount: 0
10-31 15:18:28.189 12369 12369 I cr_tabmodel: Serializing tab lists; counts: 2, 0
10-31 15:18:28.196 12924 12924 I cr_ChildProcessService: Creating new ChildProcessService pid=12924
10-31 15:18:28.214 12924 12924 E WebViewFactory: can't load with relro file; address space not reserved
10-31 15:18:28.225 12948 12948 E /system/bin/webview_zygote32: failed to make and chown /acct/uid_99530: Permission denied
10-31 15:18:28.225 12948 12948 E Zygote  : createProcessGroup(99530, 0) failed: Permission denied
10-31 15:18:28.229 12924 12958 I cr_LibraryLoader: Successfully loaded native library
10-31 15:18:28.231 12924 12958 I cr_CachingUmaRecorder: Flushed 3 samples from 3 histograms.
10-31 15:18:28.244 12948 12948 I SamplingProfilerIntegration: Profiling disabled.
10-31 15:18:28.246 12369 12379 I zygote  : Background concurrent copying GC freed 98534(4MB) AllocSpace objects, 5(100KB) LOS objects, 50% free, 4MB/9MB, paused 4.737ms total 127.570ms
10-31 15:18:28.253 12369 12369 I cr_OfflineDetector: Running updateState mConnectivityDetectorInitialized: true, mTimeWhenLastForegrounded: 1101962419, getElapsedTime: 1101962419, mTimeWhenLastOfflineNotificationReceived: 0, mTimeWhenLastOnline: 1101961302, mApplicationState: 1, mIsOfflineLastReportedByConnectivityDetector: false, mIsEffectivelyOffline: false
10-31 15:18:28.253 12369 12369 I cr_OfflineDetector: updateState(): timeSinceLastForeground: 0, timeSinceOfflineNotificationReceived: 1101962419, timeSinceLastOnline: 1117, timeNeededForForeground: 2000, timeNeededForOffline: -1101960419
10-31 15:18:28.279 12975 12975 E asset   : setgid: Operation not permitted
10-31 15:18:28.287 12369 12369 W chromium: [WARNING:compositor_view.cc(342)] Child process died (type=6) pid=12834)
10-31 15:18:28.290 12846 12897 I chromium: [INFO:child_process_service.cc(69)] ChildProcessService: Exiting child process.
10-31 15:18:28.291 12821 12881 I chromium: [INFO:child_process_service.cc(69)] ChildProcessService: Exiting child process.
10-31 15:18:28.297 12879 12946 I chromium: [INFO:child_process_service.cc(69)] ChildProcessService: Exiting child process.
10-31 15:18:28.298 12865 12920 I chromium: [INFO:child_process_service.cc(69)] ChildProcessService: Exiting child process.
10-31 15:18:28.299 12924 12958 I chromium: [INFO:child_process_service.cc(69)] ChildProcessService: Exiting child process.
10-31 15:18:28.307   772  1327 I ActivityManager: Killing 12821:com.android.chrome:sandboxed_process11/u0a60i524 (adj 0): isolated not needed
10-31 15:18:28.308   772   790 W zygote64: failed to open /acct/uid_99524/pid_12821/cgroup.procs: No such file or directory
10-31 15:18:28.314   422   422 E lowmemorykiller: Error writing /proc/12846/oom_score_adj; errno=22
10-31 15:18:28.314   772   785 I ActivityManager: Killing 12846:com.android.chrome:sandboxed_process13/u0a60i526 (adj 0): isolated not needed
10-31 15:18:28.315   772   790 W zygote64: failed to open /acct/uid_99526/pid_12846/cgroup.procs: No such file or directory
10-31 15:18:28.317   422   422 E lowmemorykiller: Error writing /proc/12865/oom_score_adj; errno=22
10-31 15:18:28.317   772  1259 I ActivityManager: Killing 12865:com.android.chrome:sandboxed_process14/u0a60i527 (adj 0): isolated not needed
10-31 15:18:28.319   772   790 W zygote64: failed to open /acct/uid_99527/pid_12865/cgroup.procs: No such file or directory
10-31 15:18:28.319   422   422 E lowmemorykiller: Error writing /proc/12879/oom_score_adj; errno=22
10-31 15:18:28.320 12948 12948 I cr_SplitCompatApp: Launched version=106.0.5249.79 minSdkVersion=24 isBundle=true processName=com.android.chrome:sandboxed_process17 isIsolated=true
10-31 15:18:28.320   772  4539 I ActivityManager: Killing 12879:com.android.chrome:sandboxed_process15/u0a60i528 (adj 0): isolated not needed
10-31 15:18:28.321   772   790 W zygote64: failed to open /acct/uid_99528/pid_12879/cgroup.procs: No such file or directory
10-31 15:18:28.327 12948 12948 W SystemServiceRegistry: No service published for: uimode
10-31 15:18:28.331 12369 12369 W ResourceType: Failure getting entry for 0x7f010216 (t=0 e=534) (error -75)
10-31 15:18:28.334 12369 12369 W ResourceType: Failure getting entry for 0x7f0107c9 (t=0 e=1993) (error -75)
10-31 15:18:28.341   422   422 E lowmemorykiller: Error writing /proc/12924/oom_score_adj; errno=22
10-31 15:18:28.341   772  3037 E JavaBinder: !!! FAILED BINDER TRANSACTION !!!  (parcel size = 76)
10-31 15:18:28.348 12948 12948 I cr_ChildProcessService: Creating new ChildProcessService pid=12948
10-31 15:18:28.354   772  3037 W ActivityManager: Exception when unbinding service com.android.chrome/org.chromium.content.app.SandboxedProcessService16
10-31 15:18:28.354   772  3037 W ActivityManager: android.os.DeadObjectException
10-31 15:18:28.354   772  3037 W ActivityManager: 	at android.os.BinderProxy.transactNative(Native Method)
10-31 15:18:28.354   772  3037 W ActivityManager: 	at android.os.BinderProxy.transact(Binder.java:748)
10-31 15:18:28.354   772  3037 W ActivityManager: 	at android.app.IApplicationThread$Stub$Proxy.scheduleUnbindService(IApplicationThread.java:1522)
10-31 15:18:28.354   772  3037 W ActivityManager: 	at com.android.server.am.ActiveServices.removeConnectionLocked(ActiveServices.java:2640)
10-31 15:18:28.354   772  3037 W ActivityManager: 	at com.android.server.am.ActiveServices.unbindServiceLocked(ActiveServices.java:1551)
10-31 15:18:28.354   772  3037 W ActivityManager: 	at com.android.server.am.ActivityManagerService.unbindService(ActivityManagerService.java:18297)
10-31 15:18:28.354   772  3037 W ActivityManager: 	at android.app.IActivityManager$Stub.onTransact(IActivityManager.java:594)
10-31 15:18:28.354   772  3037 W ActivityManager: 	at com.android.server.am.ActivityManagerService.onTransact(ActivityManagerService.java:2935)
10-31 15:18:28.354   772  3037 W ActivityManager: 	at android.os.Binder.execTransact(Binder.java:674)
10-31 15:18:28.354   422   422 E lowmemorykiller: Error opening /proc/12924/oom_score_adj; errno=2
10-31 15:18:28.355   772  3037 I ActivityManager: Killing 12924:com.android.chrome:sandboxed_process16/u0a60i529 (adj 900): isolated not needed
10-31 15:18:28.356   772   790 W zygote64: failed to open /acct/uid_99529/pid_12924/cgroup.procs: No such file or directory
10-31 15:18:28.356  6851  6851 I MemoryTrimmer: Trimming objects from memory, since app is in the background.
10-31 15:18:28.396 12948 12948 E WebViewFactory: can't load with relro file; address space not reserved
10-31 15:18:28.404   772   797 I ActivityManager: Displayed com.android.chrome/com.google.android.apps.chrome.Main: +2s163ms
10-31 15:18:28.410 12948 12976 I cr_LibraryLoader: Successfully loaded native library
10-31 15:18:28.411 12948 12976 I cr_CachingUmaRecorder: Flushed 3 samples from 3 histograms.
10-31 15:18:28.431 12369 12369 W chromium: [WARNING:compositor_view.cc(342)] Child process died (type=6) pid=12865)
10-31 15:18:28.432 12369 12369 W chromium: [WARNING:compositor_view.cc(342)] Child process died (type=6) pid=12821)
10-31 15:18:28.433 12369 12369 W chromium: [WARNING:compositor_view.cc(342)] Child process died (type=6) pid=12924)
10-31 15:18:28.434 12369 12369 W chromium: [WARNING:compositor_view.cc(342)] Child process died (type=6) pid=12846)
10-31 15:18:28.436 12369 12369 W chromium: [WARNING:compositor_view.cc(342)] Child process died (type=6) pid=12879)
10-31 15:18:28.440 12369 12381 I vndksupport: sphal namespace is not configured for this process. Loading libutils.so from the current namespace instead.
10-31 15:18:28.440 12439 12451 I vndksupport: sphal namespace is not configured for this process. Loading libutils.so from the current namespace instead.
10-31 15:18:28.441 12407 12422 I vndksupport: sphal namespace is not configured for this process. Loading libutils.so from the current namespace instead.
10-31 15:18:28.449 12948 12974 I vndksupport: sphal namespace is not configured for this process. Loading libutils.so from the current namespace instead.
10-31 15:18:28.449   556   688 E Parcel  : Reading a NULL string not supported here.
10-31 15:18:28.450   556   688 W Parcel  : **** enforceInterface() expected 'IAAudioService' but read ''
10-31 15:18:28.450   360   360 E SELinux : avc:  denied  { find } for service=android.service.gatekeeper.IGateKeeperService pid=12913 uid=2000 scontext=u:r:shell:s0 tcontext=u:object_r:gatekeeper_service:s0 tclass=service_manager
10-31 15:18:28.451   360   360 E SELinux : avc:  denied  { find } for service=netd pid=12913 uid=2000 scontext=u:r:shell:s0 tcontext=u:object_r:netd_service:s0 tclass=service_manager
10-31 15:18:28.459 12913 12913 W atrace  : type=1400 audit(0.0:15564): avc: denied { call } for scontext=u:r:shell:s0 tcontext=u:r:wificond:s0 tclass=binder permissive=0
10-31 15:18:28.462   360   360 E SELinux : avc:  denied  { find } for service=installd pid=12913 uid=2000 scontext=u:r:shell:s0 tcontext=u:object_r:installd_service:s0 tclass=service_manager
10-31 15:18:28.469   361   361 E SELinux : avc:  denied  { find } for interface=android.frameworks.displayservice::IDisplayService pid=12913 scontext=u:r:shell:s0 tcontext=u:object_r:fwk_display_hwservice:s0 tclass=hwservice_manager
10-31 15:18:28.470   361   361 E SELinux : avc:  denied  { find } for interface=android.frameworks.schedulerservice::ISchedulingPolicyService pid=12913 scontext=u:r:shell:s0 tcontext=u:object_r:fwk_scheduler_hwservice:s0 tclass=hwservice_manager
10-31 15:18:28.471   361   361 E SELinux : avc:  denied  { find } for interface=android.frameworks.sensorservice::ISensorManager pid=12913 scontext=u:r:shell:s0 tcontext=u:object_r:fwk_sensor_hwservice:s0 tclass=hwservice_manager
10-31 15:18:28.472   361   361 E SELinux : avc:  denied  { find } for interface=android.hardware.biometrics.fingerprint::IBiometricsFingerprint pid=12913 scontext=u:r:shell:s0 tcontext=u:object_r:hal_fingerprint_hwservice:s0 tclass=hwservice_manager
10-31 15:18:28.478   361   361 E SELinux : avc:  denied  { find } for interface=android.hardware.dumpstate::IDumpstateDevice pid=12913 scontext=u:r:shell:s0 tcontext=u:object_r:hal_dumpstate_hwservice:s0 tclass=hwservice_manager
10-31 15:18:28.479   361   361 E SELinux : avc:  denied  { find } for interface=android.hardware.radio.deprecated::IOemHook pid=12913 scontext=u:r:shell:s0 tcontext=u:object_r:hal_telephony_hwservice:s0 tclass=hwservice_manager
10-31 15:18:28.480   361   361 E SELinux : avc:  denied  { find } for interface=android.hardware.radio::IRadio pid=12913 scontext=u:r:shell:s0 tcontext=u:object_r:hal_telephony_hwservice:s0 tclass=hwservice_manager
10-31 15:18:28.481   361   361 E SELinux : avc:  denied  { find } for interface=android.hardware.radio::ISap pid=12913 scontext=u:r:shell:s0 tcontext=u:object_r:hal_telephony_hwservice:s0 tclass=hwservice_manager
10-31 15:18:28.481   361   361 E SELinux : avc:  denied  { find } for interface=android.hardware.usb::IUsb pid=12913 scontext=u:r:shell:s0 tcontext=u:object_r:hal_usb_hwservice:s0 tclass=hwservice_manager
10-31 15:18:28.482   361   361 E SELinux : avc:  denied  { find } for interface=android.hardware.wifi.supplicant::ISupplicant pid=12913 scontext=u:r:shell:s0 tcontext=u:object_r:hal_wifi_supplicant_hwservice:s0 tclass=hwservice_manager
10-31 15:18:28.482   361   361 E SELinux : avc:  denied  { find } for interface=android.hardware.wifi::IWifi pid=12913 scontext=u:r:shell:s0 tcontext=u:object_r:hal_wifi_hwservice:s0 tclass=hwservice_manager
10-31 15:18:28.484   361   361 E SELinux : avc:  denied  { find } for interface=android.hidl.base::IBase pid=12913 scontext=u:r:shell:s0 tcontext=u:object_r:hidl_base_hwservice:s0 tclass=hwservice_manager
10-31 15:18:28.484   361   361 I chatty  : uid=1000(system) hwservicemanage identical 1 line
10-31 15:18:28.485   361   361 E SELinux : avc:  denied  { find } for interface=android.hidl.base::IBase pid=12913 scontext=u:r:shell:s0 tcontext=u:object_r:hidl_base_hwservice:s0 tclass=hwservice_manager
10-31 15:18:28.487   361   361 E SELinux : avc:  denied  { find } for interface=android.system.wifi.keystore::IKeystore pid=12913 scontext=u:r:shell:s0 tcontext=u:object_r:system_wifi_keystore_hwservice:s0 tclass=hwservice_manager
10-31 15:18:28.595 12369 12435 W cr_CrashFileManager: /data/user/0/com.android.chrome/cache/Crash Reports does not exist or is not a directory
10-31 15:18:28.595 12369 12435 I chatty  : uid=10060(u0_a60) identical 1 line
10-31 15:18:28.595 12369 12435 W cr_CrashFileManager: /data/user/0/com.android.chrome/cache/Crash Reports does not exist or is not a directory
10-31 15:18:28.605 12991 12991 E /system/bin/webview_zygote32: failed to make and chown /acct/uid_99531: Permission denied
10-31 15:18:28.605 12991 12991 E Zygote  : createProcessGroup(99531, 0) failed: Permission denied
10-31 15:18:28.622   772 20193 I ActivityManager: Start proc 12991:com.android.chrome:sandboxed_process18/u0i531 for webview_service com.android.chrome/org.chromium.content.app.SandboxedProcessService18
10-31 15:18:28.631 12991 12991 I SamplingProfilerIntegration: Profiling disabled.
10-31 15:18:28.638   772 13021 I ActivityManager: Start proc 13005:com.android.chrome:sandboxed_process19/u0i532 for webview_service com.android.chrome/org.chromium.content.app.SandboxedProcessService19
10-31 15:18:28.641 12369 12406 I cr_BindingManager: Moderate binding enabled: maxSize=40
10-31 15:18:28.645 13005 13005 E /system/bin/webview_zygote32: failed to make and chown /acct/uid_99532: Permission denied
10-31 15:18:28.645 13005 13005 E Zygote  : createProcessGroup(99532, 0) failed: Permission denied
10-31 15:18:28.666 13016 13016 E asset   : setgid: Operation not permitted
10-31 15:18:28.671 13005 13005 I SamplingProfilerIntegration: Profiling disabled.
10-31 15:18:28.685   772   996 W AppOps  : Bad call: specified package com.google.android.gms under uid 10045 but it is really 10020
10-31 15:18:28.685   772   996 W AppOps  : java.lang.RuntimeException: here
10-31 15:18:28.685   772   996 W AppOps  : 	at com.android.server.AppOpsService.getOpsRawLocked(AppOpsService.java:1319)
10-31 15:18:28.685   772   996 W AppOps  : 	at com.android.server.AppOpsService.checkPackage(AppOpsService.java:1038)
10-31 15:18:28.685   772   996 W AppOps  : 	at com.android.internal.app.IAppOpsService$Stub.onTransact(IAppOpsService.java:169)
10-31 15:18:28.685   772   996 W AppOps  : 	at android.os.Binder.execTransact(Binder.java:674)
10-31 15:18:28.690   772  3041 I ActivityManager: Start proc 13019:com.android.chrome:sandboxed_process20/u0i533 for webview_service com.android.chrome/org.chromium.content.app.SandboxedProcessService20
10-31 15:18:28.703   772   785 W AppOps  : Bad call: specified package com.google.android.gms under uid 10045 but it is really 10020
10-31 15:18:28.703   772   785 W AppOps  : java.lang.RuntimeException: here
10-31 15:18:28.703   772   785 W AppOps  : 	at com.android.server.AppOpsService.getOpsRawLocked(AppOpsService.java:1319)
10-31 15:18:28.703   772   785 W AppOps  : 	at com.android.server.AppOpsService.checkPackage(AppOpsService.java:1038)
10-31 15:18:28.703   772   785 W AppOps  : 	at com.android.internal.app.IAppOpsService$Stub.onTransact(IAppOpsService.java:169)
10-31 15:18:28.703   772   785 W AppOps  : 	at android.os.Binder.execTransact(Binder.java:674)
10-31 15:18:28.706 13019 13019 E /system/bin/webview_zygote32: failed to make and chown /acct/uid_99533: Permission denied
10-31 15:18:28.706 13019 13019 E Zygote  : createProcessGroup(99533, 0) failed: Permission denied
10-31 15:18:28.721 13028 13028 E asset   : setgid: Operation not permitted
10-31 15:18:28.735 13030 13030 E /system/bin/webview_zygote32: failed to make and chown /acct/uid_99534: Permission denied
10-31 15:18:28.735 13030 13030 E Zygote  : createProcessGroup(99534, 0) failed: Permission denied
10-31 15:18:28.738   772 13071 I ActivityManager: Start proc 13030:com.android.chrome:sandboxed_process21/u0i534 for webview_service com.android.chrome/org.chromium.content.app.SandboxedProcessService21
10-31 15:18:28.738 12991 12991 I cr_SplitCompatApp: Launched version=106.0.5249.79 minSdkVersion=24 isBundle=true processName=com.android.chrome:sandboxed_process18 isIsolated=true
10-31 15:18:28.746 12991 12991 W SystemServiceRegistry: No service published for: uimode
10-31 15:18:28.751  6851  6851 I MemoryTrimmer: Trimming objects from memory, since app is in the background.
10-31 15:18:28.762 12991 12991 I cr_ChildProcessService: Creating new ChildProcessService pid=12991
10-31 15:18:28.780 12991 12991 E WebViewFactory: can't load with relro file; address space not reserved
10-31 15:18:28.782 13005 13005 I cr_SplitCompatApp: Launched version=106.0.5249.79 minSdkVersion=24 isBundle=true processName=com.android.chrome:sandboxed_process19 isIsolated=true
10-31 15:18:28.793 13030 13030 I SamplingProfilerIntegration: Profiling disabled.
10-31 15:18:28.793 13019 13019 I SamplingProfilerIntegration: Profiling disabled.
10-31 15:18:28.795 13005 13005 W SystemServiceRegistry: No service published for: uimode
10-31 15:18:28.796 12991 13041 I cr_LibraryLoader: Successfully loaded native library
10-31 15:18:28.797 12991 13041 I cr_CachingUmaRecorder: Flushed 3 samples from 3 histograms.
10-31 15:18:28.812 13005 13005 I cr_ChildProcessService: Creating new ChildProcessService pid=13005
10-31 15:18:28.829 13005 13005 E WebViewFactory: can't load with relro file; address space not reserved
10-31 15:18:28.836 13054 13054 E asset   : setgid: Operation not permitted
10-31 15:18:28.842   772   781 I zygote64: Background concurrent copying GC freed 44522(2MB) AllocSpace objects, 66(1560KB) LOS objects, 42% free, 16MB/29MB, paused 217us total 133.459ms
10-31 15:18:28.844 13005 13050 I cr_LibraryLoader: Successfully loaded native library
10-31 15:18:28.845 13005 13050 I cr_CachingUmaRecorder: Flushed 3 samples from 3 histograms.
10-31 15:18:28.846 13058 13058 E asset   : setgid: Operation not permitted
10-31 15:18:28.864 12991 13041 I chromium: [INFO:child_process_service.cc(69)] ChildProcessService: Exiting child process.
10-31 15:18:28.867   422   422 E lowmemorykiller: Error writing /proc/12991/oom_score_adj; errno=22
10-31 15:18:28.868   772  1324 I ActivityManager: Killing 12991:com.android.chrome:sandboxed_process18/u0a60i531 (adj 0): isolated not needed
10-31 15:18:28.868   772   790 W zygote64: failed to open /acct/uid_99531/pid_12991/cgroup.procs: No such file or directory
10-31 15:18:28.916 12369 12369 W chromium: [WARNING:compositor_view.cc(342)] Child process died (type=6) pid=12991)
10-31 15:18:28.925 13030 13030 I cr_SplitCompatApp: Launched version=106.0.5249.79 minSdkVersion=24 isBundle=true processName=com.android.chrome:sandboxed_process21 isIsolated=true
10-31 15:18:28.925 13019 13019 I cr_SplitCompatApp: Launched version=106.0.5249.79 minSdkVersion=24 isBundle=true processName=com.android.chrome:sandboxed_process20 isIsolated=true
10-31 15:18:28.929 13030 13030 W SystemServiceRegistry: No service published for: uimode
10-31 15:18:28.934 13005 13050 I chromium: [INFO:child_process_service.cc(69)] ChildProcessService: Exiting child process.
10-31 15:18:28.937   422   422 E lowmemorykiller: Error writing /proc/13005/oom_score_adj; errno=22
10-31 15:18:28.937   772  2969 I ActivityManager: Killing 13005:com.android.chrome:sandboxed_process19/u0a60i532 (adj 0): isolated not needed
10-31 15:18:28.939   772   790 W zygote64: failed to open /acct/uid_99532/pid_13005/cgroup.procs: No such file or directory
10-31 15:18:28.942 13030 13030 I cr_ChildProcessService: Creating new ChildProcessService pid=13030
10-31 15:18:28.944 13019 13019 W SystemServiceRegistry: No service published for: uimode
10-31 15:18:28.949 13030 13030 E WebViewFactory: can't load with relro file; address space not reserved
10-31 15:18:28.962 13019 13019 I cr_ChildProcessService: Creating new ChildProcessService pid=13019
10-31 15:18:28.964 13030 13065 I cr_LibraryLoader: Successfully loaded native library
10-31 15:18:28.965 13030 13065 I cr_CachingUmaRecorder: Flushed 3 samples from 3 histograms.
10-31 15:18:28.969 12369 12369 W chromium: [WARNING:compositor_view.cc(342)] Child process died (type=6) pid=13005)
10-31 15:18:28.972 13019 13019 E WebViewFactory: can't load with relro file; address space not reserved
10-31 15:18:28.987 13019 13066 I cr_LibraryLoader: Successfully loaded native library
10-31 15:18:28.988 13019 13066 I cr_CachingUmaRecorder: Flushed 3 samples from 3 histograms.
10-31 15:18:29.006   772 10895 I ActivityManager: Killing 13030:com.android.chrome:sandboxed_process21/u0a60i534 (adj 0): isolated not needed
10-31 15:18:29.006   772   790 W zygote64: failed to open /acct/uid_99534/pid_13030/cgroup.procs: No such file or directory
10-31 15:18:29.019 13019 13066 I chromium: [INFO:child_process_service.cc(69)] ChildProcessService: Exiting child process.
10-31 15:18:29.021   422   422 E lowmemorykiller: Error writing /proc/13019/oom_score_adj; errno=22
10-31 15:18:29.022   772  2970 I ActivityManager: Killing 13019:com.android.chrome:sandboxed_process20/u0a60i533 (adj 0): isolated not needed
10-31 15:18:29.025   772   790 W zygote64: failed to open /acct/uid_99533/pid_13019/cgroup.procs: No such file or directory
10-31 15:18:29.092 12369 12369 W chromium: [WARNING:compositor_view.cc(342)] Child process died (type=6) pid=13030)
10-31 15:18:29.095 12369 12369 W chromium: [WARNING:compositor_view.cc(342)] Child process died (type=6) pid=13019)
10-31 15:18:29.626 12369 12369 W chromium: [WARNING:controller_impl.cc(1190)] Background download complete, client: 6, completion type: 0, file size:16643
10-31 15:18:29.658 13080 13080 E /system/bin/webview_zygote32: failed to make and chown /acct/uid_99535: Permission denied
10-31 15:18:29.659 13080 13080 E Zygote  : createProcessGroup(99535, 0) failed: Permission denied
10-31 15:18:29.668   772 10893 I ActivityManager: Start proc 13080:com.android.chrome:sandboxed_process22/u0i535 for webview_service com.android.chrome/org.chromium.content.app.SandboxedProcessService22
10-31 15:18:29.680 13080 13080 I SamplingProfilerIntegration: Profiling disabled.
10-31 15:18:29.703 13093 13093 E asset   : setgid: Operation not permitted
10-31 15:18:29.752 13080 13080 I cr_SplitCompatApp: Launched version=106.0.5249.79 minSdkVersion=24 isBundle=true processName=com.android.chrome:sandboxed_process22 isIsolated=true
10-31 15:18:29.754 12369 12369 W chromium: [WARNING:controller_impl.cc(1190)] Background download complete, client: 6, completion type: 0, file size:18160
10-31 15:18:29.758 13080 13080 W SystemServiceRegistry: No service published for: uimode
10-31 15:18:29.771 12369 12369 W chromium: [WARNING:controller_impl.cc(1190)] Background download complete, client: 6, completion type: 0, file size:265060
10-31 15:18:29.776 13080 13080 I cr_ChildProcessService: Creating new ChildProcessService pid=13080
10-31 15:18:29.788 13080 13080 E WebViewFactory: can't load with relro file; address space not reserved
10-31 15:18:29.809 13095 13095 E /system/bin/webview_zygote32: failed to make and chown /acct/uid_99536: Permission denied
10-31 15:18:29.809 13095 13095 E Zygote  : createProcessGroup(99536, 0) failed: Permission denied
10-31 15:18:29.815 13080 13094 I cr_LibraryLoader: Successfully loaded native library
10-31 15:18:29.817 13080 13094 I cr_CachingUmaRecorder: Flushed 3 samples from 3 histograms.
10-31 15:18:29.819   772 13021 I ActivityManager: Start proc 13095:com.android.chrome:sandboxed_process23/u0i536 for webview_service com.android.chrome/org.chromium.content.app.SandboxedProcessService23
10-31 15:18:29.850 12369 12369 W chromium: [WARNING:controller_impl.cc(1190)] Background download complete, client: 6, completion type: 0, file size:15859
10-31 15:18:29.853 13095 13095 I SamplingProfilerIntegration: Profiling disabled.
10-31 15:18:29.861 13114 13114 E /system/bin/webview_zygote32: failed to make and chown /acct/uid_99537: Permission denied
10-31 15:18:29.861 13114 13114 E Zygote  : createProcessGroup(99537, 0) failed: Permission denied
10-31 15:18:29.870   772  1259 I ActivityManager: Start proc 13114:com.android.chrome:sandboxed_process24/u0i537 for webview_service com.android.chrome/org.chromium.content.app.SandboxedProcessService24
10-31 15:18:29.892 13107 13107 W ThreadPoolForeg: type=1400 audit(0.0:15565): avc: denied { setattr } for name="model-info.pb" dev="dm-2" ino=1504859 scontext=u:r:isolated_app:s0:c512,c768 tcontext=u:object_r:app_data_file:s0:c512,c768 tclass=file permissive=0
10-31 15:18:29.892 13107 13107 W ThreadPoolForeg: type=1400 audit(0.0:15566): avc: denied { setattr } for name="model.tflite" dev="dm-2" ino=1504861 scontext=u:r:isolated_app:s0:c512,c768 tcontext=u:object_r:app_data_file:s0:c512,c768 tclass=file permissive=0
10-31 15:18:29.894 13114 13114 I SamplingProfilerIntegration: Profiling disabled.
10-31 15:18:29.899 13127 13127 E asset   : setgid: Operation not permitted
10-31 15:18:29.900 13080 13094 I chromium: [INFO:child_process_service.cc(69)] ChildProcessService: Exiting child process.
10-31 15:18:29.909   772 13021 I ActivityManager: Start proc 13128:com.android.chrome:sandboxed_process25/u0i538 for webview_service com.android.chrome/org.chromium.content.app.SandboxedProcessService25
10-31 15:18:29.911 13128 13128 E /system/bin/webview_zygote32: failed to make and chown /acct/uid_99538: Permission denied
10-31 15:18:29.912 13128 13128 E Zygote  : createProcessGroup(99538, 0) failed: Permission denied
10-31 15:18:29.921   422   422 E lowmemorykiller: Error writing /proc/13080/oom_score_adj; errno=22
10-31 15:18:29.922   772 10894 I ActivityManager: Killing 13080:com.android.chrome:sandboxed_process22/u0a60i535 (adj 0): isolated not needed
10-31 15:18:29.922   772   790 W zygote64: failed to open /acct/uid_99535/pid_13080/cgroup.procs: No such file or directory
10-31 15:18:29.932 13128 13128 I SamplingProfilerIntegration: Profiling disabled.
10-31 15:18:29.942 13140 13140 E asset   : setgid: Operation not permitted
10-31 15:18:29.950 13095 13095 I cr_SplitCompatApp: Launched version=106.0.5249.79 minSdkVersion=24 isBundle=true processName=com.android.chrome:sandboxed_process23 isIsolated=true
10-31 15:18:29.953 12369 12369 W chromium: [WARNING:controller_impl.cc(1190)] Background download complete, client: 6, completion type: 0, file size:2759
10-31 15:18:29.957 13095 13095 W SystemServiceRegistry: No service published for: uimode
10-31 15:18:29.964 13095 13095 I cr_ChildProcessService: Creating new ChildProcessService pid=13095
10-31 15:18:29.972 13095 13095 E WebViewFactory: can't load with relro file; address space not reserved
10-31 15:18:29.978 12369 12369 W chromium: [WARNING:compositor_view.cc(342)] Child process died (type=6) pid=13080)
10-31 15:18:29.993 13095 13142 I cr_LibraryLoader: Successfully loaded native library
10-31 15:18:29.995   772 13071 I ActivityManager: Start proc 13145:com.android.chrome:sandboxed_process26/u0i539 for webview_service com.android.chrome/org.chromium.content.app.SandboxedProcessService26
10-31 15:18:29.997 13095 13142 I cr_CachingUmaRecorder: Flushed 3 samples from 3 histograms.
10-31 15:18:30.001 13150 13150 E asset   : setgid: Operation not permitted
10-31 15:18:30.004 13145 13145 E /system/bin/webview_zygote32: failed to make and chown /acct/uid_99539: Permission denied
10-31 15:18:30.004 13145 13145 E Zygote  : createProcessGroup(99539, 0) failed: Permission denied
10-31 15:18:30.006 13114 13114 I cr_SplitCompatApp: Launched version=106.0.5249.79 minSdkVersion=24 isBundle=true processName=com.android.chrome:sandboxed_process24 isIsolated=true
10-31 15:18:30.010 13114 13114 W SystemServiceRegistry: No service published for: uimode
10-31 15:18:30.018 13114 13114 I cr_ChildProcessService: Creating new ChildProcessService pid=13114
10-31 15:18:30.022 13156 13156 W ThreadPoolForeg: type=1400 audit(0.0:15567): avc: denied { setattr } for name="model-info.pb" dev="dm-2" ino=1504875 scontext=u:r:isolated_app:s0:c512,c768 tcontext=u:object_r:app_data_file:s0:c512,c768 tclass=file permissive=0
10-31 15:18:30.025 13156 13156 W ThreadPoolForeg: type=1400 audit(0.0:15568): avc: denied { setattr } for name="model.tflite" dev="dm-2" ino=1504876 scontext=u:r:isolated_app:s0:c512,c768 tcontext=u:object_r:app_data_file:s0:c512,c768 tclass=file permissive=0
10-31 15:18:30.025 13114 13114 E WebViewFactory: can't load with relro file; address space not reserved
10-31 15:18:30.032 13128 13128 I cr_SplitCompatApp: Launched version=106.0.5249.79 minSdkVersion=24 isBundle=true processName=com.android.chrome:sandboxed_process25 isIsolated=true
10-31 15:18:30.036 13128 13128 W SystemServiceRegistry: No service published for: uimode
10-31 15:18:30.037 13095 13142 I chromium: [INFO:child_process_service.cc(69)] ChildProcessService: Exiting child process.
10-31 15:18:30.038   422   422 E lowmemorykiller: Error writing /proc/13095/oom_score_adj; errno=22
10-31 15:18:30.039   772  4539 I ActivityManager: Killing 13095:com.android.chrome:sandboxed_process23/u0a60i536 (adj 0): isolated not needed
10-31 15:18:30.040   772   790 W zygote64: failed to open /acct/uid_99536/pid_13095/cgroup.procs: No such file or directory
10-31 15:18:30.042 13114 13161 I cr_LibraryLoader: Successfully loaded native library
10-31 15:18:30.043 13128 13128 I cr_ChildProcessService: Creating new ChildProcessService pid=13128
10-31 15:18:30.043 13114 13161 I cr_CachingUmaRecorder: Flushed 3 samples from 3 histograms.
10-31 15:18:30.047 13145 13145 I SamplingProfilerIntegration: Profiling disabled.
10-31 15:18:30.062 13128 13128 E WebViewFactory: can't load with relro file; address space not reserved
10-31 15:18:30.067 12369 12369 W chromium: [WARNING:compositor_view.cc(342)] Child process died (type=6) pid=13095)
10-31 15:18:30.072 13128 13167 I cr_LibraryLoader: Successfully loaded native library
10-31 15:18:30.072 12369 12369 W chromium: [WARNING:controller_impl.cc(1190)] Background download complete, client: 6, completion type: 0, file size:116031
10-31 15:18:30.073 13128 13167 I cr_CachingUmaRecorder: Flushed 3 samples from 3 histograms.
10-31 15:18:30.096 13180 13180 E asset   : setgid: Operation not permitted
10-31 15:18:30.099 13178 13178 W ThreadPoolForeg: type=1400 audit(0.0:15569): avc: denied { setattr } for name="model-info.pb" dev="dm-2" ino=1504875 scontext=u:r:isolated_app:s0:c512,c768 tcontext=u:object_r:app_data_file:s0:c512,c768 tclass=file permissive=0
10-31 15:18:30.112 13179 13179 W ThreadPoolForeg: type=1400 audit(0.0:15570): avc: denied { setattr } for name="model-info.pb" dev="dm-2" ino=1504879 scontext=u:r:isolated_app:s0:c512,c768 tcontext=u:object_r:app_data_file:s0:c512,c768 tclass=file permissive=0
10-31 15:18:30.115 13179 13179 W ThreadPoolForeg: type=1400 audit(0.0:15571): avc: denied { setattr } for name="model.tflite" dev="dm-2" ino=1504880 scontext=u:r:isolated_app:s0:c512,c768 tcontext=u:object_r:app_data_file:s0:c512,c768 tclass=file permissive=0
10-31 15:18:30.119 13178 13178 W ThreadPoolForeg: type=1400 audit(0.0:15572): avc: denied { setattr } for name="model.tflite" dev="dm-2" ino=1504878 scontext=u:r:isolated_app:s0:c512,c768 tcontext=u:object_r:app_data_file:s0:c512,c768 tclass=file permissive=0
10-31 15:18:30.125   772 20193 I ActivityManager: Start proc 13183:com.android.chrome:sandboxed_process27/u0i540 for webview_service com.android.chrome/org.chromium.content.app.SandboxedProcessService27
10-31 15:18:30.125 13128 13167 I chromium: [INFO:child_process_service.cc(69)] ChildProcessService: Exiting child process.
10-31 15:18:30.130 13183 13183 E /system/bin/webview_zygote32: failed to make and chown /acct/uid_99540: Permission denied
10-31 15:18:30.130 13183 13183 E Zygote  : createProcessGroup(99540, 0) failed: Permission denied
10-31 15:18:30.132   422   422 E lowmemorykiller: Error writing /proc/13128/oom_score_adj; errno=22
10-31 15:18:30.133   772 10895 I ActivityManager: Killing 13128:com.android.chrome:sandboxed_process25/u0a60i538 (adj 0): isolated not needed
10-31 15:18:30.133   772   790 W zygote64: failed to open /acct/uid_99538/pid_13128/cgroup.procs: No such file or directory
10-31 15:18:30.140 13114 13161 I chromium: [INFO:child_process_service.cc(69)] ChildProcessService: Exiting child process.
10-31 15:18:30.141   422   422 E lowmemorykiller: Error writing /proc/13114/oom_score_adj; errno=22
10-31 15:18:30.142   772 32228 I ActivityManager: Killing 13114:com.android.chrome:sandboxed_process24/u0a60i537 (adj 0): isolated not needed
10-31 15:18:30.147 12407 12423 I tflite  : Initialized TensorFlow Lite runtime.
