10-31 02:30:30.576   625   647 D QC-time-services: Daemon: Connection accepted:time_genoff
10-31 02:30:30.577   625 28493 D QC-time-services: Daemon:Received base = 13, unit = 1, operation = 2,value = 0
10-31 02:30:30.577   625 28493 D QC-time-services: Daemon:genoff_opr: Base = 13, val = 0, operation = 2
10-31 02:30:30.577   625 28493 D QC-time-services: offset is: 0 for base: 13
10-31 02:30:30.577   372   376 E QC-time-services: Receive Passed == base = 13, unit = 1, operation = 2, result = 0
10-31 02:30:30.577   372   376 D DrmLibTime: QSEE Time Listener: ATS_MODEM is not set. Fallback to Android system time.
10-31 02:30:30.577   372   376 D DrmLibTime: QSEE Time Listener: Retrieved Android system time: 1667179830
10-31 02:30:30.577   372   376 D DrmLibTime: time_getutcsec returns 0, sec = 1667179830; nsec = 0
10-31 02:30:30.577   372   376 D DrmLibTime: time_getutcsec finished! 
10-31 02:30:30.577   372   376 D DrmLibTime: iotcl_continue_command finished! and return 0 
10-31 02:30:30.577   372   376 D DrmLibTime: before calling ioctl to read the next time_cmd
10-31 02:30:30.577   625   647 E QC-time-services: Daemon: Time-services: Waiting to acceptconnection
10-31 02:30:30.610   562   644 D WVCdm   : OEMCrypto_Initialize Level 1 success. I will use level 1.
10-31 02:30:30.610   562   644 D WVCdm   : CryptoSession::Open: Lock: requested_security_level: L3
10-31 02:30:30.624 28126 28126 I cr_media: Provisioning origin ID 44B697D83111444F6BC83F630DDC1935
10-31 02:30:30.629 28126 28126 I MediaDrm: Drm event (1,0)
10-31 02:30:30.630 28126 28126 E cr_media: EventListener: No session for event 1.
10-31 02:30:30.647   772   791 E BatteryStatsService: no controller energy info supplied
10-31 02:30:31.128   562   562 D QSEECOMAPI: : QSEECom_dealloc_memory 
10-31 02:30:31.128   562   562 D QSEECOMAPI: : QSEECom_shutdown_app, app_id = 1756
10-31 02:30:31.142 28126 28126 I cr_media: Create MediaDrmBridge with level L1 and origin 44B697D83111444F6BC83F630DDC1935
10-31 02:30:31.144   361   361 W /system/bin/hwservicemanager: getTransportFromManifest: Cannot find entry android.hardware.drm@1.0::IDrmFactory in either framework or device manifest, using default transport.
10-31 02:30:31.148   562 19051 I DrmHal  : makeDrmFactories: using default drm instance
10-31 02:30:31.150   361   361 W /system/bin/hwservicemanager: getTransportFromManifest: Cannot find entry android.hardware.drm@1.0::IDrmFactory in either framework or device manifest, using default transport.
10-31 02:30:31.153   562 19050 I DrmHal  : makeDrmFactories: using default drm instance
10-31 02:30:31.155   562 28303 I WVCdm   : CdmEngine::QueryStatus
10-31 02:30:31.156   562 28303 I WVCdm   : Level3 Library 4445 May 19 2017 17:17:20
10-31 02:30:31.161   562 28303 D QSEECOMAPI: : QSEECom_get_handle sb_length = 0x19000
10-31 02:30:31.161   562 28303 D QSEECOMAPI: : App is not loaded in QSEE
10-31 02:30:31.211   562 28303 D QSEECOMAPI: : Loaded image: APP id = 1757
10-31 02:30:31.215   562 28303 D QSAPPSVER: qsapps_get_capabilities: Capability from secure side: 0x0
10-31 02:30:31.215   562 28303 D QSAPPSVER: qsapps_get_capabilities: returns 0
10-31 02:30:31.215   562 28303 E DrmWidevineDash: sion_buffer g_wv_fhandle->ion_sbuffer  0x0xef75d000
10-31 02:30:31.218   372   376 D DrmLibTime: got the req here! ret=0
10-31 02:30:31.218   372   376 D DrmLibTime: command id, time_cmd_id = 770
10-31 02:30:31.218   372   376 D DrmLibTime: time_getutcsec starts!
10-31 02:30:31.218   372   376 D DrmLibTime: QSEE Time Listener: time_getutcsec
10-31 02:30:31.218   372   376 D DrmLibTime: QSEE Time Listener: get_utc_seconds
10-31 02:30:31.218   372   376 D DrmLibTime: QSEE Time Listener: time_get_modem_time
10-31 02:30:31.218   372   376 D DrmLibTime: QSEE Time Listener: Checking if ATS_MODEM is set or not.
10-31 02:30:31.218   372   376 D QC-time-services: Lib:time_genoff_operation: pargs->base = 13
10-31 02:30:31.218   372   376 D QC-time-services: Lib:time_genoff_operation: pargs->operation = 2
10-31 02:30:31.218   372   376 D QC-time-services: Lib:time_genoff_operation: pargs->ts_val = 0
10-31 02:30:31.218   372   376 D QC-time-services: Lib:time_genoff_operation: Send to server  passed!!
10-31 02:30:31.218   625   647 D QC-time-services: Daemon: Connection accepted:time_genoff
10-31 02:30:31.219   625 28498 D QC-time-services: Daemon:Received base = 13, unit = 1, operation = 2,value = 0
10-31 02:30:31.219   625 28498 D QC-time-services: Daemon:genoff_opr: Base = 13, val = 0, operation = 2
10-31 02:30:31.219   625 28498 D QC-time-services: offset is: 0 for base: 13
10-31 02:30:31.219   372   376 E QC-time-services: Receive Passed == base = 13, unit = 1, operation = 2, result = 0
10-31 02:30:31.219   372   376 D DrmLibTime: QSEE Time Listener: ATS_MODEM is not set. Fallback to Android system time.
10-31 02:30:31.219   372   376 D DrmLibTime: QSEE Time Listener: Retrieved Android system time: 1667179831
10-31 02:30:31.219   372   376 D DrmLibTime: time_getutcsec returns 0, sec = 1667179831; nsec = 0
10-31 02:30:31.219   372   376 D DrmLibTime: time_getutcsec finished! 
10-31 02:30:31.219   372   376 D DrmLibTime: iotcl_continue_command finished! and return 0 
10-31 02:30:31.219   372   376 D DrmLibTime: before calling ioctl to read the next time_cmd
10-31 02:30:31.219   625   647 E QC-time-services: Daemon: Time-services: Waiting to acceptconnection
10-31 02:30:31.239   562 28303 D WVCdm   : OEMCrypto_Initialize Level 1 success. I will use level 1.
10-31 02:30:31.240   562 28303 D QSEECOMAPI: : QSEECom_dealloc_memory 
10-31 02:30:31.240   562 28303 D QSEECOMAPI: : QSEECom_shutdown_app, app_id = 1757
10-31 02:30:31.250   562   644 I WVCdm   : CdmEngine::OpenSession
10-31 02:30:31.251   562   644 I WVCdm   : Level3 Library 4445 May 19 2017 17:17:20
10-31 02:30:31.254   562   644 D QSEECOMAPI: : QSEECom_get_handle sb_length = 0x19000
10-31 02:30:31.254   562   644 D QSEECOMAPI: : App is not loaded in QSEE
10-31 02:30:31.303   562   644 D QSEECOMAPI: : Loaded image: APP id = 1758
10-31 02:30:31.307   562   644 D QSAPPSVER: qsapps_get_capabilities: Capability from secure side: 0x0
10-31 02:30:31.307   562   644 D QSAPPSVER: qsapps_get_capabilities: returns 0
10-31 02:30:31.307   562   644 E DrmWidevineDash: sion_buffer g_wv_fhandle->ion_sbuffer  0x0xef75d000
10-31 02:30:31.312   372   376 D DrmLibTime: got the req here! ret=0
10-31 02:30:31.312   372   376 D DrmLibTime: command id, time_cmd_id = 770
10-31 02:30:31.312   372   376 D DrmLibTime: time_getutcsec starts!
10-31 02:30:31.312   372   376 D DrmLibTime: QSEE Time Listener: time_getutcsec
10-31 02:30:31.312   372   376 D DrmLibTime: QSEE Time Listener: get_utc_seconds
10-31 02:30:31.312   372   376 D DrmLibTime: QSEE Time Listener: time_get_modem_time
10-31 02:30:31.312   372   376 D DrmLibTime: QSEE Time Listener: Checking if ATS_MODEM is set or not.
10-31 02:30:31.312   372   376 D QC-time-services: Lib:time_genoff_operation: pargs->base = 13
10-31 02:30:31.312   372   376 D QC-time-services: Lib:time_genoff_operation: pargs->operation = 2
10-31 02:30:31.312   372   376 D QC-time-services: Lib:time_genoff_operation: pargs->ts_val = 0
10-31 02:30:31.312   372   376 D QC-time-services: Lib:time_genoff_operation: Send to server  passed!!
10-31 02:30:31.312   625   647 D QC-time-services: Daemon: Connection accepted:time_genoff
10-31 02:30:31.313   625 28499 D QC-time-services: Daemon:Received base = 13, unit = 1, operation = 2,value = 0
10-31 02:30:31.313   625 28499 D QC-time-services: Daemon:genoff_opr: Base = 13, val = 0, operation = 2
10-31 02:30:31.313   625 28499 D QC-time-services: offset is: 0 for base: 13
10-31 02:30:31.313   372   376 E QC-time-services: Receive Passed == base = 13, unit = 1, operation = 2, result = 0
10-31 02:30:31.313   372   376 D DrmLibTime: QSEE Time Listener: ATS_MODEM is not set. Fallback to Android system time.
10-31 02:30:31.313   372   376 D DrmLibTime: QSEE Time Listener: Retrieved Android system time: 1667179831
10-31 02:30:31.313   372   376 D DrmLibTime: time_getutcsec returns 0, sec = 1667179831; nsec = 0
10-31 02:30:31.313   372   376 D DrmLibTime: time_getutcsec finished! 
10-31 02:30:31.313   372   376 D DrmLibTime: iotcl_continue_command finished! and return 0 
10-31 02:30:31.313   372   376 D DrmLibTime: before calling ioctl to read the next time_cmd
10-31 02:30:31.314   625   647 E QC-time-services: Daemon: Time-services: Waiting to acceptconnection
10-31 02:30:31.339   562   644 D WVCdm   : OEMCrypto_Initialize Level 1 success. I will use level 1.
10-31 02:30:31.339   562   644 D WVCdm   : CryptoSession::Open: Lock: requested_security_level: Default
10-31 02:30:31.343   562   644 W WVCdm   : DeviceFiles::RetrieveHashedFile: /data/mediadrm/IDM1013/L1/cert.bin does not exist
10-31 02:30:31.344   562   644 D QSEECOMAPI: : QSEECom_dealloc_memory 
10-31 02:30:31.345   562   644 D QSEECOMAPI: : QSEECom_shutdown_app, app_id = 1758
10-31 02:30:31.361   562 19050 I WVCdm   : Level3 Library 4445 May 19 2017 17:17:20
10-31 02:30:31.376   562 19050 D QSEECOMAPI: : QSEECom_get_handle sb_length = 0x19000
10-31 02:30:31.376   562 19050 D QSEECOMAPI: : App is not loaded in QSEE
10-31 02:30:31.433   562 19050 D QSEECOMAPI: : Loaded image: APP id = 1759
10-31 02:30:31.437   562 19050 D QSAPPSVER: qsapps_get_capabilities: Capability from secure side: 0x0
10-31 02:30:31.437   562 19050 D QSAPPSVER: qsapps_get_capabilities: returns 0
10-31 02:30:31.437   562 19050 E DrmWidevineDash: sion_buffer g_wv_fhandle->ion_sbuffer  0x0xef75d000
10-31 02:30:31.440   372   376 D DrmLibTime: got the req here! ret=0
10-31 02:30:31.440   372   376 D DrmLibTime: command id, time_cmd_id = 770
10-31 02:30:31.440   372   376 D DrmLibTime: time_getutcsec starts!
10-31 02:30:31.440   372   376 D DrmLibTime: QSEE Time Listener: time_getutcsec
10-31 02:30:31.440   372   376 D DrmLibTime: QSEE Time Listener: get_utc_seconds
10-31 02:30:31.440   372   376 D DrmLibTime: QSEE Time Listener: time_get_modem_time
10-31 02:30:31.440   372   376 D DrmLibTime: QSEE Time Listener: Checking if ATS_MODEM is set or not.
10-31 02:30:31.440   372   376 D QC-time-services: Lib:time_genoff_operation: pargs->base = 13
10-31 02:30:31.440   372   376 D QC-time-services: Lib:time_genoff_operation: pargs->operation = 2
10-31 02:30:31.440   372   376 D QC-time-services: Lib:time_genoff_operation: pargs->ts_val = 0
10-31 02:30:31.440   372   376 D QC-time-services: Lib:time_genoff_operation: Send to server  passed!!
10-31 02:30:31.440   625   647 D QC-time-services: Daemon: Connection accepted:time_genoff
10-31 02:30:31.441   625 28500 D QC-time-services: Daemon:Received base = 13, unit = 1, operation = 2,value = 0
10-31 02:30:31.441   625 28500 D QC-time-services: Daemon:genoff_opr: Base = 13, val = 0, operation = 2
10-31 02:30:31.441   625 28500 D QC-time-services: offset is: 0 for base: 13
10-31 02:30:31.441   372   376 E QC-time-services: Receive Passed == base = 13, unit = 1, operation = 2, result = 0
10-31 02:30:31.441   372   376 D DrmLibTime: QSEE Time Listener: ATS_MODEM is not set. Fallback to Android system time.
10-31 02:30:31.441   372   376 D DrmLibTime: QSEE Time Listener: Retrieved Android system time: 1667179831
10-31 02:30:31.441   372   376 D DrmLibTime: time_getutcsec returns 0, sec = 1667179831; nsec = 0
10-31 02:30:31.441   372   376 D DrmLibTime: time_getutcsec finished! 
10-31 02:30:31.441   372   376 D DrmLibTime: iotcl_continue_command finished! and return 0 
10-31 02:30:31.441   372   376 D DrmLibTime: before calling ioctl to read the next time_cmd
10-31 02:30:31.441   625   647 E QC-time-services: Daemon: Time-services: Waiting to acceptconnection
10-31 02:30:31.463   562 19050 D WVCdm   : OEMCrypto_Initialize Level 1 success. I will use level 1.
10-31 02:30:31.463   562 19050 D WVCdm   : CryptoSession::Open: Lock: requested_security_level: Default
10-31 02:30:31.521   562 19050 E DrmWidevineDash: OEMCrypto_GenerateSignature : input wrapped_rsa_key == NULL!, return short buffer
10-31 02:30:31.523 28126 28126 I cr_media: Provisioning origin ID 44B697D83111444F6BC83F630DDC1935
10-31 02:30:31.542 28126 28126 I MediaDrm: Drm event (1,0)
10-31 02:30:31.542 28126 28126 E cr_media: EventListener: No session for event 1.
10-31 02:30:31.562   562  5487 E DrmWidevineDash: OEMCrypto_RewrapDeviceRSAKey : input wrapped_rsa_key == NULL!, return short buffer
10-31 02:30:31.576   562  5487 D QSEECOMAPI: : QSEECom_dealloc_memory 
10-31 02:30:31.576   562  5487 D QSEECOMAPI: : QSEECom_shutdown_app, app_id = 1759
10-31 02:30:31.602 28126 28126 I cr_media: Create MediaDrmBridge with level L3 and origin 61AFBB066466EF8C0AB7918446FA1E59
10-31 02:30:31.605   361   361 W /system/bin/hwservicemanager: getTransportFromManifest: Cannot find entry android.hardware.drm@1.0::IDrmFactory in either framework or device manifest, using default transport.
10-31 02:30:31.669   562   644 I DrmHal  : makeDrmFactories: using default drm instance
10-31 02:30:31.672   361   361 W /system/bin/hwservicemanager: getTransportFromManifest: Cannot find entry android.hardware.drm@1.0::IDrmFactory in either framework or device manifest, using default transport.
10-31 02:30:31.725   562 28303 I DrmHal  : makeDrmFactories: using default drm instance
10-31 02:30:31.725   562 19051 D WVCdm   : Instantiating CDM.
10-31 02:30:31.727   562 19051 I WVCdm   : CdmEngine::QueryStatus
10-31 02:30:31.727   562 19051 I WVCdm   : Level3 Library 4445 May 19 2017 17:17:20
10-31 02:30:31.731   562 19051 D QSEECOMAPI: : QSEECom_get_handle sb_length = 0x19000
10-31 02:30:31.731   562 19051 D QSEECOMAPI: : App is not loaded in QSEE
10-31 02:30:31.782   562 19051 D QSEECOMAPI: : Loaded image: APP id = 1760
10-31 02:30:31.787   562 19051 D QSAPPSVER: qsapps_get_capabilities: Capability from secure side: 0x0
10-31 02:30:31.787   562 19051 D QSAPPSVER: qsapps_get_capabilities: returns 0
10-31 02:30:31.787   562 19051 E DrmWidevineDash: sion_buffer g_wv_fhandle->ion_sbuffer  0x0xefa8f000
10-31 02:30:31.790   372   376 D DrmLibTime: got the req here! ret=0
10-31 02:30:31.790   372   376 D DrmLibTime: command id, time_cmd_id = 770
10-31 02:30:31.790   372   376 D DrmLibTime: time_getutcsec starts!
10-31 02:30:31.790   372   376 D DrmLibTime: QSEE Time Listener: time_getutcsec
10-31 02:30:31.790   372   376 D DrmLibTime: QSEE Time Listener: get_utc_seconds
10-31 02:30:31.790   372   376 D DrmLibTime: QSEE Time Listener: time_get_modem_time
10-31 02:30:31.790   372   376 D DrmLibTime: QSEE Time Listener: Checking if ATS_MODEM is set or not.
10-31 02:30:31.790   372   376 D QC-time-services: Lib:time_genoff_operation: pargs->base = 13
10-31 02:30:31.790   372   376 D QC-time-services: Lib:time_genoff_operation: pargs->operation = 2
10-31 02:30:31.790   372   376 D QC-time-services: Lib:time_genoff_operation: pargs->ts_val = 0
10-31 02:30:31.790   372   376 D QC-time-services: Lib:time_genoff_operation: Send to server  passed!!
10-31 02:30:31.790   625   647 D QC-time-services: Daemon: Connection accepted:time_genoff
10-31 02:30:31.791   625 28505 D QC-time-services: Daemon:Received base = 13, unit = 1, operation = 2,value = 0
10-31 02:30:31.791   625 28505 D QC-time-services: Daemon:genoff_opr: Base = 13, val = 0, operation = 2
10-31 02:30:31.791   625 28505 D QC-time-services: offset is: 0 for base: 13
10-31 02:30:31.791   372   376 E QC-time-services: Receive Passed == base = 13, unit = 1, operation = 2, result = 0
10-31 02:30:31.791   372   376 D DrmLibTime: QSEE Time Listener: ATS_MODEM is not set. Fallback to Android system time.
10-31 02:30:31.791   372   376 D DrmLibTime: QSEE Time Listener: Retrieved Android system time: 1667179831
10-31 02:30:31.791   372   376 D DrmLibTime: time_getutcsec returns 0, sec = 1667179831; nsec = 0
10-31 02:30:31.791   372   376 D DrmLibTime: time_getutcsec finished! 
10-31 02:30:31.791   372   376 D DrmLibTime: iotcl_continue_command finished! and return 0 
10-31 02:30:31.791   372   376 D DrmLibTime: before calling ioctl to read the next time_cmd
10-31 02:30:31.791   625   647 E QC-time-services: Daemon: Time-services: Waiting to acceptconnection
10-31 02:30:31.846   562 19051 D WVCdm   : OEMCrypto_Initialize Level 1 success. I will use level 1.
10-31 02:30:31.848   562 19051 D QSEECOMAPI: : QSEECom_dealloc_memory 
10-31 02:30:31.848   562 19051 D QSEECOMAPI: : QSEECom_shutdown_app, app_id = 1760
10-31 02:30:31.873   562 28303 I WVCdm   : CdmEngine::OpenSession
10-31 02:30:31.874   562 28303 I WVCdm   : Level3 Library 4445 May 19 2017 17:17:20
10-31 02:30:31.882   562 28303 D QSEECOMAPI: : QSEECom_get_handle sb_length = 0x19000
10-31 02:30:31.882   562 28303 D QSEECOMAPI: : App is not loaded in QSEE
10-31 02:30:31.942   562 28303 D QSEECOMAPI: : Loaded image: APP id = 1761
10-31 02:30:31.946   562 28303 D QSAPPSVER: qsapps_get_capabilities: Capability from secure side: 0x0
10-31 02:30:31.946   562 28303 D QSAPPSVER: qsapps_get_capabilities: returns 0
10-31 02:30:31.946   562 28303 E DrmWidevineDash: sion_buffer g_wv_fhandle->ion_sbuffer  0x0xefa8f000
10-31 02:30:31.949   372   376 D DrmLibTime: got the req here! ret=0
10-31 02:30:31.949   372   376 D DrmLibTime: command id, time_cmd_id = 770
10-31 02:30:31.949   372   376 D DrmLibTime: time_getutcsec starts!
10-31 02:30:31.949   372   376 D DrmLibTime: QSEE Time Listener: time_getutcsec
10-31 02:30:31.949   372   376 D DrmLibTime: QSEE Time Listener: get_utc_seconds
10-31 02:30:31.949   372   376 D DrmLibTime: QSEE Time Listener: time_get_modem_time
10-31 02:30:31.949   372   376 D DrmLibTime: QSEE Time Listener: Checking if ATS_MODEM is set or not.
10-31 02:30:31.949   372   376 D QC-time-services: Lib:time_genoff_operation: pargs->base = 13
10-31 02:30:31.950   372   376 D QC-time-services: Lib:time_genoff_operation: pargs->operation = 2
10-31 02:30:31.950   372   376 D QC-time-services: Lib:time_genoff_operation: pargs->ts_val = 0
10-31 02:30:31.950   372   376 D QC-time-services: Lib:time_genoff_operation: Send to server  passed!!
10-31 02:30:31.950   625   647 D QC-time-services: Daemon: Connection accepted:time_genoff
10-31 02:30:31.950   625 28506 D QC-time-services: Daemon:Received base = 13, unit = 1, operation = 2,value = 0
10-31 02:30:31.950   625 28506 D QC-time-services: Daemon:genoff_opr: Base = 13, val = 0, operation = 2
10-31 02:30:31.950   625 28506 D QC-time-services: offset is: 0 for base: 13
10-31 02:30:31.950   372   376 E QC-time-services: Receive Passed == base = 13, unit = 1, operation = 2, result = 0
10-31 02:30:31.950   372   376 D DrmLibTime: QSEE Time Listener: ATS_MODEM is not set. Fallback to Android system time.
10-31 02:30:31.950   372   376 D DrmLibTime: QSEE Time Listener: Retrieved Android system time: 1667179831
10-31 02:30:31.950   372   376 D DrmLibTime: time_getutcsec returns 0, sec = 1667179831; nsec = 0
10-31 02:30:31.950   372   376 D DrmLibTime: time_getutcsec finished! 
10-31 02:30:31.950   372   376 D DrmLibTime: iotcl_continue_command finished! and return 0 
10-31 02:30:31.950   372   376 D DrmLibTime: before calling ioctl to read the next time_cmd
10-31 02:30:31.951   625   647 E QC-time-services: Daemon: Time-services: Waiting to acceptconnection
10-31 02:30:31.977   562 28303 D WVCdm   : OEMCrypto_Initialize Level 1 success. I will use level 1.
10-31 02:30:31.977   562 28303 D WVCdm   : CryptoSession::Open: Lock: requested_security_level: L3
10-31 02:30:31.983   562 28303 W WVCdm   : DeviceFiles::RetrieveHashedFile: /data/mediadrm/IDM1013/L3/cert.bin does not exist
10-31 02:30:31.984   562 28303 D QSEECOMAPI: : QSEECom_dealloc_memory 
10-31 02:30:31.984   562 28303 D QSEECOMAPI: : QSEECom_shutdown_app, app_id = 1761
10-31 02:30:31.999   562  5487 I WVCdm   : Level3 Library 4445 May 19 2017 17:17:20
10-31 02:30:32.003   562  5487 D QSEECOMAPI: : QSEECom_get_handle sb_length = 0x19000
10-31 02:30:32.003   562  5487 D QSEECOMAPI: : App is not loaded in QSEE
10-31 02:30:32.057   562  5487 D QSEECOMAPI: : Loaded image: APP id = 1762
10-31 02:30:32.061   562  5487 D QSAPPSVER: qsapps_get_capabilities: Capability from secure side: 0x0
10-31 02:30:32.061   562  5487 D QSAPPSVER: qsapps_get_capabilities: returns 0
10-31 02:30:32.061   562  5487 E DrmWidevineDash: sion_buffer g_wv_fhandle->ion_sbuffer  0x0xefa8f000
10-31 02:30:32.066   372   376 D DrmLibTime: got the req here! ret=0
10-31 02:30:32.066   372   376 D DrmLibTime: command id, time_cmd_id = 770
10-31 02:30:32.066   372   376 D DrmLibTime: time_getutcsec starts!
10-31 02:30:32.066   372   376 D DrmLibTime: QSEE Time Listener: time_getutcsec
10-31 02:30:32.066   372   376 D DrmLibTime: QSEE Time Listener: get_utc_seconds
10-31 02:30:32.066   372   376 D DrmLibTime: QSEE Time Listener: time_get_modem_time
10-31 02:30:32.066   372   376 D DrmLibTime: QSEE Time Listener: Checking if ATS_MODEM is set or not.
10-31 02:30:32.066   372   376 D QC-time-services: Lib:time_genoff_operation: pargs->base = 13
10-31 02:30:32.066   372   376 D QC-time-services: Lib:time_genoff_operation: pargs->operation = 2
10-31 02:30:32.066   372   376 D QC-time-services: Lib:time_genoff_operation: pargs->ts_val = 0
10-31 02:30:32.066   372   376 D QC-time-services: Lib:time_genoff_operation: Send to server  passed!!
10-31 02:30:32.066   625   647 D QC-time-services: Daemon: Connection accepted:time_genoff
10-31 02:30:32.067   625 28507 D QC-time-services: Daemon:Received base = 13, unit = 1, operation = 2,value = 0
10-31 02:30:32.067   625 28507 D QC-time-services: Daemon:genoff_opr: Base = 13, val = 0, operation = 2
10-31 02:30:32.067   625 28507 D QC-time-services: offset is: 0 for base: 13
10-31 02:30:32.067   372   376 E QC-time-services: Receive Passed == base = 13, unit = 1, operation = 2, result = 0
10-31 02:30:32.067   372   376 D DrmLibTime: QSEE Time Listener: ATS_MODEM is not set. Fallback to Android system time.
10-31 02:30:32.067   372   376 D DrmLibTime: QSEE Time Listener: Retrieved Android system time: 1667179832
10-31 02:30:32.067   372   376 D DrmLibTime: time_getutcsec returns 0, sec = 1667179832; nsec = 0
10-31 02:30:32.067   372   376 D DrmLibTime: time_getutcsec finished! 
10-31 02:30:32.067   372   376 D DrmLibTime: iotcl_continue_command finished! and return 0 
10-31 02:30:32.067   372   376 D DrmLibTime: before calling ioctl to read the next time_cmd
10-31 02:30:32.067   625   647 E QC-time-services: Daemon: Time-services: Waiting to acceptconnection
10-31 02:30:32.093   562  5487 D WVCdm   : OEMCrypto_Initialize Level 1 success. I will use level 1.
10-31 02:30:32.093   562  5487 D WVCdm   : CryptoSession::Open: Lock: requested_security_level: L3
10-31 02:30:32.103 28126 28126 I cr_media: Provisioning origin ID 61AFBB066466EF8C0AB7918446FA1E59
10-31 02:30:32.106 28126 28126 I MediaDrm: Drm event (1,0)
10-31 02:30:32.106 28126 28126 E cr_media: EventListener: No session for event 1.
10-31 02:30:32.125 28508 28508 E /system/bin/webview_zygote32: failed to make and chown /acct/uid_99683: Permission denied
10-31 02:30:32.125 28508 28508 E Zygote  : createProcessGroup(99683, 0) failed: Permission denied
10-31 02:30:32.130   772  4539 I ActivityManager: Start proc 28508:com.android.chrome:sandboxed_process7/u0i683 for webview_service com.android.chrome/org.chromium.content.app.SandboxedProcessService7
10-31 02:30:32.144 28508 28508 I SamplingProfilerIntegration: Profiling disabled.
10-31 02:30:32.157   562   644 D QSEECOMAPI: : QSEECom_dealloc_memory 
10-31 02:30:32.157   562   644 D QSEECOMAPI: : QSEECom_shutdown_app, app_id = 1762
10-31 02:30:32.162 28521 28521 E asset   : setgid: Operation not permitted
10-31 02:30:32.167 28126 28126 I cr_media: Create MediaDrmBridge with level L1 and origin 61AFBB066466EF8C0AB7918446FA1E59
10-31 02:30:32.168   361   361 W /system/bin/hwservicemanager: getTransportFromManifest: Cannot find entry android.hardware.drm@1.0::IDrmFactory in either framework or device manifest, using default transport.
10-31 02:30:32.171   562   562 I DrmHal  : makeDrmFactories: using default drm instance
10-31 02:30:32.173   361   361 W /system/bin/hwservicemanager: getTransportFromManifest: Cannot find entry android.hardware.drm@1.0::IDrmFactory in either framework or device manifest, using default transport.
10-31 02:30:32.176   562  5487 I DrmHal  : makeDrmFactories: using default drm instance
10-31 02:30:32.177   562 19051 I WVCdm   : CdmEngine::QueryStatus
10-31 02:30:32.177   562 19051 I WVCdm   : Level3 Library 4445 May 19 2017 17:17:20
10-31 02:30:32.181   562 19051 D QSEECOMAPI: : QSEECom_get_handle sb_length = 0x19000
10-31 02:30:32.181   562 19051 D QSEECOMAPI: : App is not loaded in QSEE
10-31 02:30:32.190 28508 28508 I cr_SplitCompatApp: Launched version=106.0.5249.79 minSdkVersion=24 isBundle=true processName=com.android.chrome:sandboxed_process7 isIsolated=true
10-31 02:30:32.198 28508 28508 W SystemServiceRegistry: No service published for: uimode
10-31 02:30:32.209 28508 28508 I cr_ChildProcessService: Creating new ChildProcessService pid=28508
10-31 02:30:32.216 28508 28508 E WebViewFactory: can't load with relro file; address space not reserved
10-31 02:30:32.225 28508 28526 I cr_LibraryLoader: Successfully loaded native library
10-31 02:30:32.226 28508 28526 I cr_CachingUmaRecorder: Flushed 3 samples from 3 histograms.
10-31 02:30:32.230   562 19051 D QSEECOMAPI: : Loaded image: APP id = 1763
10-31 02:30:32.233   562 19051 D QSAPPSVER: qsapps_get_capabilities: Capability from secure side: 0x0
10-31 02:30:32.233   562 19051 D QSAPPSVER: qsapps_get_capabilities: returns 0
10-31 02:30:32.233   562 19051 E DrmWidevineDash: sion_buffer g_wv_fhandle->ion_sbuffer  0x0xef75d000
10-31 02:30:32.237   372   376 D DrmLibTime: got the req here! ret=0
10-31 02:30:32.237   372   376 D DrmLibTime: command id, time_cmd_id = 770
10-31 02:30:32.237   372   376 D DrmLibTime: time_getutcsec starts!
10-31 02:30:32.237   372   376 D DrmLibTime: QSEE Time Listener: time_getutcsec
10-31 02:30:32.237   372   376 D DrmLibTime: QSEE Time Listener: get_utc_seconds
10-31 02:30:32.237   372   376 D DrmLibTime: QSEE Time Listener: time_get_modem_time
10-31 02:30:32.237   372   376 D DrmLibTime: QSEE Time Listener: Checking if ATS_MODEM is set or not.
10-31 02:30:32.237   372   376 D QC-time-services: Lib:time_genoff_operation: pargs->base = 13
10-31 02:30:32.237   372   376 D QC-time-services: Lib:time_genoff_operation: pargs->operation = 2
10-31 02:30:32.237   372   376 D QC-time-services: Lib:time_genoff_operation: pargs->ts_val = 0
10-31 02:30:32.237   372   376 D QC-time-services: Lib:time_genoff_operation: Send to server  passed!!
10-31 02:30:32.237   625   647 D QC-time-services: Daemon: Connection accepted:time_genoff
10-31 02:30:32.238   625 28528 D QC-time-services: Daemon:Received base = 13, unit = 1, operation = 2,value = 0
10-31 02:30:32.238   625 28528 D QC-time-services: Daemon:genoff_opr: Base = 13, val = 0, operation = 2
10-31 02:30:32.238   625 28528 D QC-time-services: offset is: 0 for base: 13
10-31 02:30:32.238   372   376 E QC-time-services: Receive Passed == base = 13, unit = 1, operation = 2, result = 0
10-31 02:30:32.238   372   376 D DrmLibTime: QSEE Time Listener: ATS_MODEM is not set. Fallback to Android system time.
10-31 02:30:32.238   372   376 D DrmLibTime: QSEE Time Listener: Retrieved Android system time: 1667179832
10-31 02:30:32.238   372   376 D DrmLibTime: time_getutcsec returns 0, sec = 1667179832; nsec = 0
10-31 02:30:32.238   372   376 D DrmLibTime: time_getutcsec finished! 
10-31 02:30:32.238   372   376 D DrmLibTime: iotcl_continue_command finished! and return 0 
10-31 02:30:32.238   372   376 D DrmLibTime: before calling ioctl to read the next time_cmd
10-31 02:30:32.239   625   647 E QC-time-services: Daemon: Time-services: Waiting to acceptconnection
10-31 02:30:32.251 28531 28531 W ThreadPoolForeg: type=1400 audit(0.0:12841): avc: denied { setattr } for name="LICENSE.txt" dev="dm-2" ino=1504660 scontext=u:r:isolated_app:s0:c512,c768 tcontext=u:object_r:app_data_file:s0:c512,c768 tclass=file permissive=0
10-31 02:30:32.254 28531 28531 W ThreadPoolForeg: type=1400 audit(0.0:12842): avc: denied { setattr } for name=46696C746572696E672052756C6573 dev="dm-2" ino=1504661 scontext=u:r:isolated_app:s0:c512,c768 tcontext=u:object_r:app_data_file:s0:c512,c768 tclass=file permissive=0
10-31 02:30:32.254 28531 28531 W ThreadPoolForeg: type=1400 audit(0.0:12843): avc: denied { setattr } for name="manifest.json" dev="dm-2" ino=1504662 scontext=u:r:isolated_app:s0:c512,c768 tcontext=u:object_r:app_data_file:s0:c512,c768 tclass=file permissive=0
10-31 02:30:32.257 28531 28531 W ThreadPoolForeg: type=1400 audit(0.0:12844): avc: denied { setattr } for name="verified_contents.json" dev="dm-2" ino=1504671 scontext=u:r:isolated_app:s0:c512,c768 tcontext=u:object_r:app_data_file:s0:c512,c768 tclass=file permissive=0
10-31 02:30:32.268   562 19051 D WVCdm   : OEMCrypto_Initialize Level 1 success. I will use level 1.
10-31 02:30:32.269 28508 28526 I chromium: [INFO:child_process_service.cc(69)] ChildProcessService: Exiting child process.
10-31 02:30:32.269   562 19051 D QSEECOMAPI: : QSEECom_dealloc_memory 
10-31 02:30:32.269   562 19051 D QSEECOMAPI: : QSEECom_shutdown_app, app_id = 1763
10-31 02:30:32.271   422   422 E lowmemorykiller: Error writing /proc/28508/oom_score_adj; errno=22
10-31 02:30:32.271   772  4539 I ActivityManager: Killing 28508:com.android.chrome:sandboxed_process7/u0a60i683 (adj 0): isolated not needed
10-31 02:30:32.272   772   790 W zygote64: failed to open /acct/uid_99683/pid_28508/cgroup.procs: No such file or directory
10-31 02:30:32.277   562   562 I WVCdm   : CdmEngine::OpenSession
10-31 02:30:32.277   562   562 I WVCdm   : Level3 Library 4445 May 19 2017 17:17:20
10-31 02:30:32.281   562   562 D QSEECOMAPI: : QSEECom_get_handle sb_length = 0x19000
10-31 02:30:32.281   562   562 D QSEECOMAPI: : App is not loaded in QSEE
10-31 02:30:32.330   562   562 D QSEECOMAPI: : Loaded image: APP id = 1764
10-31 02:30:32.333   562   562 D QSAPPSVER: qsapps_get_capabilities: Capability from secure side: 0x0
10-31 02:30:32.333   562   562 D QSAPPSVER: qsapps_get_capabilities: returns 0
10-31 02:30:32.333   562   562 E DrmWidevineDash: sion_buffer g_wv_fhandle->ion_sbuffer  0x0xef75d000
10-31 02:30:32.336   372   376 D DrmLibTime: got the req here! ret=0
10-31 02:30:32.336   372   376 D DrmLibTime: command id, time_cmd_id = 770
10-31 02:30:32.336   372   376 D DrmLibTime: time_getutcsec starts!
10-31 02:30:32.336   372   376 D DrmLibTime: QSEE Time Listener: time_getutcsec
10-31 02:30:32.336   372   376 D DrmLibTime: QSEE Time Listener: get_utc_seconds
10-31 02:30:32.336   372   376 D DrmLibTime: QSEE Time Listener: time_get_modem_time
10-31 02:30:32.336   372   376 D DrmLibTime: QSEE Time Listener: Checking if ATS_MODEM is set or not.
10-31 02:30:32.336   372   376 D QC-time-services: Lib:time_genoff_operation: pargs->base = 13
10-31 02:30:32.336   372   376 D QC-time-services: Lib:time_genoff_operation: pargs->operation = 2
10-31 02:30:32.336   372   376 D QC-time-services: Lib:time_genoff_operation: pargs->ts_val = 0
10-31 02:30:32.337   372   376 D QC-time-services: Lib:time_genoff_operation: Send to server  passed!!
10-31 02:30:32.337   625   647 D QC-time-services: Daemon: Connection accepted:time_genoff
10-31 02:30:32.337   625 28534 D QC-time-services: Daemon:Received base = 13, unit = 1, operation = 2,value = 0
10-31 02:30:32.337   625 28534 D QC-time-services: Daemon:genoff_opr: Base = 13, val = 0, operation = 2
10-31 02:30:32.337   625 28534 D QC-time-services: offset is: 0 for base: 13
10-31 02:30:32.337   372   376 E QC-time-services: Receive Passed == base = 13, unit = 1, operation = 2, result = 0
10-31 02:30:32.337   372   376 D DrmLibTime: QSEE Time Listener: ATS_MODEM is not set. Fallback to Android system time.
10-31 02:30:32.337   372   376 D DrmLibTime: QSEE Time Listener: Retrieved Android system time: 1667179832
10-31 02:30:32.337   372   376 D DrmLibTime: time_getutcsec returns 0, sec = 1667179832; nsec = 0
10-31 02:30:32.337   372   376 D DrmLibTime: time_getutcsec finished! 
10-31 02:30:32.337   372   376 D DrmLibTime: iotcl_continue_command finished! and return 0 
10-31 02:30:32.337   372   376 D DrmLibTime: before calling ioctl to read the next time_cmd
10-31 02:30:32.338   625   647 E QC-time-services: Daemon: Time-services: Waiting to acceptconnection
10-31 02:30:32.373   562   562 D WVCdm   : OEMCrypto_Initialize Level 1 success. I will use level 1.
10-31 02:30:32.374   562   562 D WVCdm   : CryptoSession::Open: Lock: requested_security_level: Default
10-31 02:30:32.376   562   562 W WVCdm   : DeviceFiles::RetrieveHashedFile: /data/mediadrm/IDM1013/L1/cert.bin does not exist
10-31 02:30:32.377   562   562 D QSEECOMAPI: : QSEECom_dealloc_memory 
10-31 02:30:32.377   562   562 D QSEECOMAPI: : QSEECom_shutdown_app, app_id = 1764
10-31 02:30:32.384   562   644 I WVCdm   : Level3 Library 4445 May 19 2017 17:17:20
10-31 02:30:32.387   562   644 D QSEECOMAPI: : QSEECom_get_handle sb_length = 0x19000
10-31 02:30:32.388   562   644 D QSEECOMAPI: : App is not loaded in QSEE
10-31 02:30:32.432   562   644 D QSEECOMAPI: : Loaded image: APP id = 1765
10-31 02:30:32.434   562   644 D QSAPPSVER: qsapps_get_capabilities: Capability from secure side: 0x0
10-31 02:30:32.434   562   644 D QSAPPSVER: qsapps_get_capabilities: returns 0
10-31 02:30:32.434   562   644 E DrmWidevineDash: sion_buffer g_wv_fhandle->ion_sbuffer  0x0xefaad000
10-31 02:30:32.437   372   376 D DrmLibTime: got the req here! ret=0
10-31 02:30:32.437   372   376 D DrmLibTime: command id, time_cmd_id = 770
10-31 02:30:32.437   372   376 D DrmLibTime: time_getutcsec starts!
10-31 02:30:32.437   372   376 D DrmLibTime: QSEE Time Listener: time_getutcsec
10-31 02:30:32.437   372   376 D DrmLibTime: QSEE Time Listener: get_utc_seconds
10-31 02:30:32.437   372   376 D DrmLibTime: QSEE Time Listener: time_get_modem_time
10-31 02:30:32.437   372   376 D DrmLibTime: QSEE Time Listener: Checking if ATS_MODEM is set or not.
10-31 02:30:32.437   372   376 D QC-time-services: Lib:time_genoff_operation: pargs->base = 13
10-31 02:30:32.437   372   376 D QC-time-services: Lib:time_genoff_operation: pargs->operation = 2
10-31 02:30:32.437   372   376 D QC-time-services: Lib:time_genoff_operation: pargs->ts_val = 0
10-31 02:30:32.437   372   376 D QC-time-services: Lib:time_genoff_operation: Send to server  passed!!
10-31 02:30:32.437   625   647 D QC-time-services: Daemon: Connection accepted:time_genoff
10-31 02:30:32.437   625 28535 D QC-time-services: Daemon:Received base = 13, unit = 1, operation = 2,value = 0
10-31 02:30:32.437   625 28535 D QC-time-services: Daemon:genoff_opr: Base = 13, val = 0, operation = 2
10-31 02:30:32.437   625 28535 D QC-time-services: offset is: 0 for base: 13
10-31 02:30:32.437   372   376 E QC-time-services: Receive Passed == base = 13, unit = 1, operation = 2, result = 0
10-31 02:30:32.438   372   376 D DrmLibTime: QSEE Time Listener: ATS_MODEM is not set. Fallback to Android system time.
10-31 02:30:32.438   372   376 D DrmLibTime: QSEE Time Listener: Retrieved Android system time: 1667179832
10-31 02:30:32.438   372   376 D DrmLibTime: time_getutcsec returns 0, sec = 1667179832; nsec = 0
10-31 02:30:32.438   372   376 D DrmLibTime: time_getutcsec finished! 
10-31 02:30:32.438   372   376 D DrmLibTime: iotcl_continue_command finished! and return 0 
10-31 02:30:32.438   372   376 D DrmLibTime: before calling ioctl to read the next time_cmd
10-31 02:30:32.438   625   647 E QC-time-services: Daemon: Time-services: Waiting to acceptconnection
10-31 02:30:32.472   562   644 D WVCdm   : OEMCrypto_Initialize Level 1 success. I will use level 1.
10-31 02:30:32.473   562   644 D WVCdm   : CryptoSession::Open: Lock: requested_security_level: Default
10-31 02:30:32.578   562   644 E DrmWidevineDash: OEMCrypto_GenerateSignature : input wrapped_rsa_key == NULL!, return short buffer
10-31 02:30:32.581 28126 28126 I cr_media: Provisioning origin ID 61AFBB066466EF8C0AB7918446FA1E59
10-31 02:30:32.593 28126 28126 I MediaDrm: Drm event (1,0)
10-31 02:30:32.593 28126 28126 E cr_media: EventListener: No session for event 1.
10-31 02:30:32.634   562 28303 E DrmWidevineDash: OEMCrypto_RewrapDeviceRSAKey : input wrapped_rsa_key == NULL!, return short buffer
10-31 02:30:32.650   562 28303 D QSEECOMAPI: : QSEECom_dealloc_memory 
10-31 02:30:32.650   562 28303 D QSEECOMAPI: : QSEECom_shutdown_app, app_id = 1765
10-31 02:30:33.933 28536 28536 E /system/bin/webview_zygote32: failed to make and chown /acct/uid_99684: Permission denied
10-31 02:30:33.933 28536 28536 E Zygote  : createProcessGroup(99684, 0) failed: Permission denied
10-31 02:30:33.934   772 10895 I ActivityManager: Start proc 28536:com.android.chrome:sandboxed_process8/u0i684 for webview_service com.android.chrome/org.chromium.content.app.SandboxedProcessService8
10-31 02:30:33.972 28536 28536 I SamplingProfilerIntegration: Profiling disabled.
10-31 02:30:34.003 28549 28549 E asset   : setgid: Operation not permitted
10-31 02:30:34.046 28536 28536 I cr_SplitCompatApp: Launched version=106.0.5249.79 minSdkVersion=24 isBundle=true processName=com.android.chrome:sandboxed_process8 isIsolated=true
10-31 02:30:34.052 28536 28536 W SystemServiceRegistry: No service published for: uimode
10-31 02:30:34.065 28536 28536 I cr_ChildProcessService: Creating new ChildProcessService pid=28536
10-31 02:30:34.076 28536 28536 E WebViewFactory: can't load with relro file; address space not reserved
10-31 02:30:34.088 28536 28551 I cr_LibraryLoader: Successfully loaded native library
10-31 02:30:34.089 28536 28551 I cr_CachingUmaRecorder: Flushed 3 samples from 3 histograms.
10-31 02:30:34.131 28554 28554 W ThreadPoolForeg: type=1400 audit(0.0:12845): avc: denied { setattr } for name="optimization-hints.pb" dev="dm-2" ino=1504675 scontext=u:r:isolated_app:s0:c512,c768 tcontext=u:object_r:app_data_file:s0:c512,c768 tclass=file permissive=0
10-31 02:30:34.131 28554 28554 W ThreadPoolForeg: type=1400 audit(0.0:12846): avc: denied { setattr } for name="manifest.json" dev="dm-2" ino=1504677 scontext=u:r:isolated_app:s0:c512,c768 tcontext=u:object_r:app_data_file:s0:c512,c768 tclass=file permissive=0
10-31 02:30:34.134 28554 28554 W ThreadPoolForeg: type=1400 audit(0.0:12847): avc: denied { setattr } for name="verified_contents.json" dev="dm-2" ino=1504679 scontext=u:r:isolated_app:s0:c512,c768 tcontext=u:object_r:app_data_file:s0:c512,c768 tclass=file permissive=0
10-31 02:30:34.145 28536 28551 I chromium: [INFO:child_process_service.cc(69)] ChildProcessService: Exiting child process.
10-31 02:30:34.148   772 10895 I ActivityManager: Killing 28536:com.android.chrome:sandboxed_process8/u0a60i684 (adj 0): isolated not needed
10-31 02:30:34.149   772   790 W zygote64: failed to open /acct/uid_99684/pid_28536/cgroup.procs: No such file or directory
10-31 02:30:36.065 28558 28558 E /system/bin/webview_zygote32: failed to make and chown /acct/uid_99685: Permission denied
10-31 02:30:36.065 28558 28558 E Zygote  : createProcessGroup(99685, 0) failed: Permission denied
10-31 02:30:36.071   772   996 I ActivityManager: Start proc 28558:com.android.chrome:sandboxed_process9/u0i685 for webview_service com.android.chrome/org.chromium.content.app.SandboxedProcessService9
10-31 02:30:36.097 28558 28558 I SamplingProfilerIntegration: Profiling disabled.
10-31 02:30:36.122 28571 28571 E asset   : setgid: Operation not permitted
10-31 02:30:36.163 28558 28558 I cr_SplitCompatApp: Launched version=106.0.5249.79 minSdkVersion=24 isBundle=true processName=com.android.chrome:sandboxed_process9 isIsolated=true
10-31 02:30:36.170 28558 28558 W SystemServiceRegistry: No service published for: uimode
10-31 02:30:36.184 28558 28558 I cr_ChildProcessService: Creating new ChildProcessService pid=28558
10-31 02:30:36.193 28558 28558 E WebViewFactory: can't load with relro file; address space not reserved
10-31 02:30:36.205 28558 28572 I cr_LibraryLoader: Successfully loaded native library
10-31 02:30:36.206 28558 28572 I cr_CachingUmaRecorder: Flushed 3 samples from 3 histograms.
10-31 02:30:36.294 28576 28576 W ThreadPoolForeg: type=1400 audit(0.0:12848): avc: denied { setattr } for name="tl_en-us_2022-10-24_484508980_100000_index.bin" dev="dm-2" ino=1504682 scontext=u:r:isolated_app:s0:c512,c768 tcontext=u:object_r:app_data_file:s0:c512,c768 tclass=file permissive=0
10-31 02:30:36.297 28576 28576 W ThreadPoolForeg: type=1400 audit(0.0:12849): avc: denied { setattr } for name="manifest.json" dev="dm-2" ino=1504683 scontext=u:r:isolated_app:s0:c512,c768 tcontext=u:object_r:app_data_file:s0:c512,c768 tclass=file permissive=0
10-31 02:30:36.307 28576 28576 W ThreadPoolForeg: type=1400 audit(0.0:12850): avc: denied { setattr } for name="verified_contents.json" dev="dm-2" ino=1504687 scontext=u:r:isolated_app:s0:c512,c768 tcontext=u:object_r:app_data_file:s0:c512,c768 tclass=file permissive=0
10-31 02:30:36.321 28558 28572 I chromium: [INFO:child_process_service.cc(69)] ChildProcessService: Exiting child process.
10-31 02:30:36.325   422   422 E lowmemorykiller: Error writing /proc/28558/oom_score_adj; errno=22
10-31 02:30:36.326   772   996 I ActivityManager: Killing 28558:com.android.chrome:sandboxed_process9/u0a60i685 (adj 0): isolated not needed
10-31 02:30:36.327   772   790 W zygote64: failed to open /acct/uid_99685/pid_28558/cgroup.procs: No such file or directory
10-31 02:30:38.709 28580 28580 E /system/bin/webview_zygote32: failed to make and chown /acct/uid_99686: Permission denied
10-31 02:30:38.709 28580 28580 E Zygote  : createProcessGroup(99686, 0) failed: Permission denied
10-31 02:30:38.716   772 13021 I ActivityManager: Start proc 28580:com.android.chrome:sandboxed_process10/u0i686 for webview_service com.android.chrome/org.chromium.content.app.SandboxedProcessService10
10-31 02:30:38.743 28580 28580 I SamplingProfilerIntegration: Profiling disabled.
10-31 02:30:38.771 28593 28593 E asset   : setgid: Operation not permitted
10-31 02:30:38.798   772   781 I zygote64: Background concurrent copying GC freed 129586(7MB) AllocSpace objects, 201(6MB) LOS objects, 42% free, 16MB/28MB, paused 844us total 111.247ms
10-31 02:30:38.808 28580 28580 I cr_SplitCompatApp: Launched version=106.0.5249.79 minSdkVersion=24 isBundle=true processName=com.android.chrome:sandboxed_process10 isIsolated=true
10-31 02:30:38.814 28580 28580 W SystemServiceRegistry: No service published for: uimode
10-31 02:30:38.826 28580 28580 I cr_ChildProcessService: Creating new ChildProcessService pid=28580
10-31 02:30:38.835 28580 28580 E WebViewFactory: can't load with relro file; address space not reserved
10-31 02:30:38.844 28580 28595 I cr_LibraryLoader: Successfully loaded native library
10-31 02:30:38.845 28580 28595 I cr_CachingUmaRecorder: Flushed 3 samples from 3 histograms.
10-31 02:30:38.874 28598 28598 W ThreadPoolForeg: type=1400 audit(0.0:12851): avc: denied { setattr } for name="ssl_error_assistant.pb" dev="dm-2" ino=1504690 scontext=u:r:isolated_app:s0:c512,c768 tcontext=u:object_r:app_data_file:s0:c512,c768 tclass=file permissive=0
10-31 02:30:38.874 28598 28598 W ThreadPoolForeg: type=1400 audit(0.0:12852): avc: denied { setattr } for name="ssl_error_assistant.pb" dev="dm-2" ino=1504690 scontext=u:r:isolated_app:s0:c512,c768 tcontext=u:object_r:app_data_file:s0:c512,c768 tclass=file permissive=0
10-31 02:30:38.877 28598 28598 W ThreadPoolForeg: type=1400 audit(0.0:12853): avc: denied { setattr } for name="manifest.json" dev="dm-2" ino=1504691 scontext=u:r:isolated_app:s0:c512,c768 tcontext=u:object_r:app_data_file:s0:c512,c768 tclass=file permissive=0
10-31 02:30:38.881 28598 28598 W ThreadPoolForeg: type=1400 audit(0.0:12854): avc: denied { setattr } for name="verified_contents.json" dev="dm-2" ino=1504693 scontext=u:r:isolated_app:s0:c512,c768 tcontext=u:object_r:app_data_file:s0:c512,c768 tclass=file permissive=0
10-31 02:30:38.896 28580 28595 I chromium: [INFO:child_process_service.cc(69)] ChildProcessService: Exiting child process.
10-31 02:30:38.898   422   422 E lowmemorykiller: Error writing /proc/28580/oom_score_adj; errno=22
10-31 02:30:38.899   772 13021 I ActivityManager: Killing 28580:com.android.chrome:sandboxed_process10/u0a60i686 (adj 0): isolated not needed
10-31 02:30:38.900   772   790 W zygote64: failed to open /acct/uid_99686/pid_28580/cgroup.procs: No such file or directory
10-31 02:30:41.642 28604 28604 E /system/bin/webview_zygote32: failed to make and chown /acct/uid_99687: Permission denied
10-31 02:30:41.642 28604 28604 E Zygote  : createProcessGroup(99687, 0) failed: Permission denied
10-31 02:30:41.647   772 13021 I ActivityManager: Start proc 28604:com.android.chrome:sandboxed_process11/u0i687 for webview_service com.android.chrome/org.chromium.content.app.SandboxedProcessService11
10-31 02:30:41.681 28604 28604 I SamplingProfilerIntegration: Profiling disabled.
10-31 02:30:41.706 28617 28617 E asset   : setgid: Operation not permitted
10-31 02:30:41.746 28604 28604 I cr_SplitCompatApp: Launched version=106.0.5249.79 minSdkVersion=24 isBundle=true processName=com.android.chrome:sandboxed_process11 isIsolated=true
10-31 02:30:41.753 28604 28604 W SystemServiceRegistry: No service published for: uimode
10-31 02:30:41.769 28604 28604 I cr_ChildProcessService: Creating new ChildProcessService pid=28604
10-31 02:30:41.777 28604 28604 E WebViewFactory: can't load with relro file; address space not reserved
10-31 02:30:41.791 28604 28619 I cr_LibraryLoader: Successfully loaded native library
10-31 02:30:41.792 28604 28619 I cr_CachingUmaRecorder: Flushed 3 samples from 3 histograms.
10-31 02:30:41.824 28623 28623 W ThreadPoolForeg: type=1400 audit(0.0:12855): avc: denied { setattr } for name="download_file_types.pb" dev="dm-2" ino=1504697 scontext=u:r:isolated_app:s0:c512,c768 tcontext=u:object_r:app_data_file:s0:c512,c768 tclass=file permissive=0
10-31 02:30:41.827 28623 28623 W ThreadPoolForeg: type=1400 audit(0.0:12856): avc: denied { setattr } for name="download_file_types.pb" dev="dm-2" ino=1504697 scontext=u:r:isolated_app:s0:c512,c768 tcontext=u:object_r:app_data_file:s0:c512,c768 tclass=file permissive=0
10-31 02:30:41.827 28623 28623 W ThreadPoolForeg: type=1400 audit(0.0:12857): avc: denied { setattr } for name="manifest.json" dev="dm-2" ino=1504698 scontext=u:r:isolated_app:s0:c512,c768 tcontext=u:object_r:app_data_file:s0:c512,c768 tclass=file permissive=0
10-31 02:30:41.834 28623 28623 W ThreadPoolForeg: type=1400 audit(0.0:12858): avc: denied { setattr } for name="verified_contents.json" dev="dm-2" ino=1504700 scontext=u:r:isolated_app:s0:c512,c768 tcontext=u:object_r:app_data_file:s0:c512,c768 tclass=file permissive=0
10-31 02:30:41.844 28604 28619 I chromium: [INFO:child_process_service.cc(69)] ChildProcessService: Exiting child process.
10-31 02:30:41.846   422   422 E lowmemorykiller: Error writing /proc/28604/oom_score_adj; errno=22
10-31 02:30:41.847   772  3037 I ActivityManager: Killing 28604:com.android.chrome:sandboxed_process11/u0a60i687 (adj 0): isolated not needed
10-31 02:30:41.852   772   790 W zygote64: failed to open /acct/uid_99687/pid_28604/cgroup.procs: No such file or directory
10-31 02:30:45.012 28626 28626 E /system/bin/webview_zygote32: failed to make and chown /acct/uid_99688: Permission denied
10-31 02:30:45.013 28626 28626 E Zygote  : createProcessGroup(99688, 0) failed: Permission denied
10-31 02:30:45.022   772   996 I ActivityManager: Start proc 28626:com.android.chrome:sandboxed_process12/u0i688 for webview_service com.android.chrome/org.chromium.content.app.SandboxedProcessService12
10-31 02:30:45.040 28626 28626 I SamplingProfilerIntegration: Profiling disabled.
10-31 02:30:45.065 28639 28639 E asset   : setgid: Operation not permitted
10-31 02:30:45.099 28626 28626 I cr_SplitCompatApp: Launched version=106.0.5249.79 minSdkVersion=24 isBundle=true processName=com.android.chrome:sandboxed_process12 isIsolated=true
10-31 02:30:45.106 28626 28626 W SystemServiceRegistry: No service published for: uimode
10-31 02:30:45.119 28626 28626 I cr_ChildProcessService: Creating new ChildProcessService pid=28626
10-31 02:30:45.129 28626 28626 E WebViewFactory: can't load with relro file; address space not reserved
10-31 02:30:45.141 28626 28640 I cr_LibraryLoader: Successfully loaded native library
10-31 02:30:45.142 28626 28640 I cr_CachingUmaRecorder: Flushed 3 samples from 3 histograms.
10-31 02:30:45.187 28643 28643 W ThreadPoolForeg: type=1400 audit(0.0:12859): avc: denied { setattr } for name="crl-set" dev="dm-2" ino=1504703 scontext=u:r:isolated_app:s0:c512,c768 tcontext=u:object_r:app_data_file:s0:c512,c768 tclass=file permissive=0
10-31 02:30:45.187 28643 28643 W ThreadPoolForeg: type=1400 audit(0.0:12860): avc: denied { setattr } for name="manifest.json" dev="dm-2" ino=1504704 scontext=u:r:isolated_app:s0:c512,c768 tcontext=u:object_r:app_data_file:s0:c512,c768 tclass=file permissive=0
10-31 02:30:45.191 28643 28643 W ThreadPoolForeg: type=1400 audit(0.0:12861): avc: denied { setattr } for name="LICENSE" dev="dm-2" ino=1504705 scontext=u:r:isolated_app:s0:c512,c768 tcontext=u:object_r:app_data_file:s0:c512,c768 tclass=file permissive=0
10-31 02:30:45.194 28643 28643 W ThreadPoolForeg: type=1400 audit(0.0:12862): avc: denied { setattr } for name="verified_contents.json" dev="dm-2" ino=1504707 scontext=u:r:isolated_app:s0:c512,c768 tcontext=u:object_r:app_data_file:s0:c512,c768 tclass=file permissive=0
10-31 02:30:45.204 28626 28640 I chromium: [INFO:child_process_service.cc(69)] ChildProcessService: Exiting child process.
10-31 02:30:45.206   422   422 E lowmemorykiller: Error writing /proc/28626/oom_score_adj; errno=22
10-31 02:30:45.206   772   996 I ActivityManager: Killing 28626:com.android.chrome:sandboxed_process12/u0a60i688 (adj 0): isolated not needed
10-31 02:30:45.207   772   790 W zygote64: failed to open /acct/uid_99688/pid_28626/cgroup.procs: No such file or directory
