--------- beginning of system
10-30 17:44:08.945   772   785 I ActivityManager: Force stopping com.android.chrome appid=10060 user=0: from pid 21250
10-30 17:44:08.945   772   785 I ActivityManager: Killing 21013:com.android.chrome:webview_service/u0a60 (adj 904): stop com.android.chrome
10-30 17:44:08.951   772   785 I ActivityManager: Killing 12750:com.google.android.googlequicksearchbox:search/u0a45 (adj 100): stop com.android.chrome
10-30 17:44:08.954   772   785 W ActivityManager: Scheduling restart of crashed service com.google.android.googlequicksearchbox/com.google.android.apps.gsa.search.core.service.SearchService in 1000ms
10-30 17:44:08.959   772   785 I ActivityManager: Killing 20360:com.android.chrome/u0a60 (adj 902): stop com.android.chrome
--------- beginning of main
10-30 17:44:08.969  1311  1311 D CarrierSvcBindHelper: No carrier app for: 0
10-30 17:44:08.982  2964  2964 D RegisteredNfcFServicesCache: Service unchanged, not updating
10-30 17:44:09.003   772 13071 D ConnectivityService: ConnectivityService NetworkRequestInfo binderDied(NetworkRequest [ LISTEN id=1218, [ Capabilities: INTERNET&NOT_RESTRICTED&TRUSTED] ], android.os.BinderProxy@1c7342d)
10-30 17:44:09.004   772   862 E ConnectivityService: RemoteException caught trying to send a callback msg for NetworkRequest [ LISTEN id=1218, [ Capabilities: INTERNET&NOT_RESTRICTED&TRUSTED] ]
10-30 17:44:09.012   772   791 E BatteryStatsService: no controller energy info supplied
10-30 17:44:09.065   556 21103 D audio_hw_primary: disable_audio_route: usecase(9) reset and update mixer path: audio-record
10-30 17:44:09.065   556 21103 D audio_hw_primary: disable_snd_device: snd_device(72: voice-rec-mic)
10-30 17:44:09.068   556 21103 D sound_trigger_platform: platform_stdev_check_and_update_concurrency: concurrency active 0, tx 0, rx 0, concurrency session_allowed 1
10-30 17:44:09.069   556   753 I SoundTriggerHwService::Module: onCallbackEvent no clients
10-30 17:44:09.219   772   785 I ActivityManager: START u0 {act=android.intent.action.VIEW flg=0x10008000 cmp=com.android.chrome/com.google.android.apps.chrome.Main} from uid 2000
10-30 17:44:09.234   772   830 E ResourceType: Style contains key with bad entry: 0x0101062c
10-30 17:44:09.244   772   830 E ResourceType: Style contains key with bad entry: 0x0101062c
10-30 17:44:09.268   772   785 I ActivityManager: Start proc 21252:com.android.chrome/u0a60 for activity com.android.chrome/com.google.android.apps.chrome.Main
10-30 17:44:09.389 21252 21252 I cr_SplitCompatApp: Launched version=106.0.5249.79 minSdkVersion=24 isBundle=true processName=com.android.chrome isIsolated=false
10-30 17:44:09.475  3960  4245 I FontLog : Received query Google Sans, URI content://com.google.android.gms.fonts [CONTEXT service_id=132 ]
10-30 17:44:09.475  3960  4245 I FontLog : Query [Google Sans] resolved to {Google Sans, wdth 100.0, wght 400, ital 0.0, bestEffort false} [CONTEXT service_id=132 ]
10-30 17:44:09.477  3960  4245 I FontLog : Font PFD returned from cache for {Google Sans, wdth 100.0, wght 400, ital 0.0, bestEffort false} [CONTEXT service_id=132 ]
10-30 17:44:09.477  3960  4245 I FontLog : Fetch {Google Sans, wdth 100.0, wght 400, ital 0.0, bestEffort false} end status Status{statusCode=SUCCESS, resolution=null} [CONTEXT service_id=132 ]
10-30 17:44:09.485  3960  3971 I FontLog : Pulling font file for id = 154, cache size = 6 [CONTEXT service_id=132 ]
10-30 17:44:09.507  3960  3972 I FontLog : Received query Google Sans:500, URI content://com.google.android.gms.fonts [CONTEXT service_id=132 ]
10-30 17:44:09.508  3960  3972 I FontLog : Query [Google Sans:500] resolved to {Google Sans, wdth 100.0, wght 500, ital 0.0, bestEffort false} [CONTEXT service_id=132 ]
10-30 17:44:09.509  3960  3972 I FontLog : Font PFD returned from cache for {Google Sans, wdth 100.0, wght 500, ital 0.0, bestEffort false} [CONTEXT service_id=132 ]
10-30 17:44:09.510  3960  3972 I FontLog : Fetch {Google Sans, wdth 100.0, wght 500, ital 0.0, bestEffort false} end status Status{statusCode=SUCCESS, resolution=null} [CONTEXT service_id=132 ]
10-30 17:44:09.515  3960  4151 I FontLog : Pulling font file for id = 155, cache size = 5 [CONTEXT service_id=132 ]
10-30 17:44:09.523  3960  4217 I FontLog : Received query Google Sans:700, URI content://com.google.android.gms.fonts [CONTEXT service_id=132 ]
10-30 17:44:09.524  3960  4217 I FontLog : Query [Google Sans:700] resolved to {Google Sans, wdth 100.0, wght 700, ital 0.0, bestEffort false} [CONTEXT service_id=132 ]
10-30 17:44:09.526  3960  4217 I FontLog : Fetch {Google Sans, wdth 100.0, wght 700, ital 0.0, bestEffort false} end status Status{statusCode=SUCCESS, resolution=null} [CONTEXT service_id=132 ]
10-30 17:44:09.530  3960  4244 I FontLog : Pulling font file for id = 156, cache size = 6 [CONTEXT service_id=132 ]
10-30 17:44:09.605 21252 21271 I cr_LibraryLoader: Successfully loaded native library
10-30 17:44:09.605 21252 21271 I cr_CachingUmaRecorder: Flushed 19 samples from 19 histograms.
10-30 17:44:09.638 21252 21252 E ResourceType: Style contains key with bad entry: 0x0101062c
10-30 17:44:09.649 21252 21274 W DynamiteModule: Local module descriptor class for com.google.android.gms.googlecertificates not found.
10-30 17:44:09.661   772 13022 I ActivityManager: START u0 {cmp=com.android.chrome/org.chromium.chrome.browser.firstrun.FirstRunActivity (has extras)} from uid 10060
10-30 17:44:09.662 21252 21274 W zygote  : Skipping duplicate class check due to unrecognized classloader
10-30 17:44:09.664 21252 21274 I DynamiteModule: Considering local module com.google.android.gms.googlecertificates:0 and remote module com.google.android.gms.googlecertificates:7
10-30 17:44:09.664 21252 21274 I DynamiteModule: Selected remote version of com.google.android.gms.googlecertificates, version >= 7
10-30 17:44:09.671 21252 21252 E ResourceType: Style contains key with bad entry: 0x0101062c
10-30 17:44:09.722 21252 21274 W zygote  : Skipping duplicate class check due to unrecognized classloader
10-30 17:44:09.757   772  2969 W AppOps  : Bad call: specified package com.google.android.gms under uid 10060 but it is really 10020
10-30 17:44:09.757   772  2969 W AppOps  : java.lang.RuntimeException: here
10-30 17:44:09.757   772  2969 W AppOps  : 	at com.android.server.AppOpsService.getOpsRawLocked(AppOpsService.java:1319)
10-30 17:44:09.757   772  2969 W AppOps  : 	at com.android.server.AppOpsService.checkPackage(AppOpsService.java:1038)
10-30 17:44:09.757   772  2969 W AppOps  : 	at com.android.internal.app.IAppOpsService$Stub.onTransact(IAppOpsService.java:169)
10-30 17:44:09.757   772  2969 W AppOps  : 	at android.os.Binder.execTransact(Binder.java:674)
10-30 17:44:09.758   772  4539 W AppOps  : Bad call: specified package com.google.android.gms under uid 10060 but it is really 10020
10-30 17:44:09.758   772  4539 W AppOps  : java.lang.RuntimeException: here
10-30 17:44:09.758   772  4539 W AppOps  : 	at com.android.server.AppOpsService.getOpsRawLocked(AppOpsService.java:1319)
10-30 17:44:09.758   772  4539 W AppOps  : 	at com.android.server.AppOpsService.checkPackage(AppOpsService.java:1038)
10-30 17:44:09.758   772  4539 W AppOps  : 	at com.android.internal.app.IAppOpsService$Stub.onTransact(IAppOpsService.java:169)
10-30 17:44:09.758   772  4539 W AppOps  : 	at android.os.Binder.execTransact(Binder.java:674)
10-30 17:44:09.764   772 10895 W AppOps  : Bad call: specified package com.google.android.gms under uid 10060 but it is really 10020
10-30 17:44:09.764   772 10895 W AppOps  : java.lang.RuntimeException: here
10-30 17:44:09.764   772 10895 W AppOps  : 	at com.android.server.AppOpsService.getOpsRawLocked(AppOpsService.java:1319)
10-30 17:44:09.764   772 10895 W AppOps  : 	at com.android.server.AppOpsService.checkPackage(AppOpsService.java:1038)
10-30 17:44:09.764   772 10895 W AppOps  : 	at com.android.internal.app.IAppOpsService$Stub.onTransact(IAppOpsService.java:169)
10-30 17:44:09.764   772 10895 W AppOps  : 	at android.os.Binder.execTransact(Binder.java:674)
10-30 17:44:09.766   772 32228 W AppOps  : Bad call: specified package com.google.android.gms under uid 10060 but it is really 10020
10-30 17:44:09.766   772 32228 W AppOps  : java.lang.RuntimeException: here
10-30 17:44:09.766   772 32228 W AppOps  : 	at com.android.server.AppOpsService.getOpsRawLocked(AppOpsService.java:1319)
10-30 17:44:09.766   772 32228 W AppOps  : 	at com.android.server.AppOpsService.checkPackage(AppOpsService.java:1038)
10-30 17:44:09.766   772 32228 W AppOps  : 	at com.android.internal.app.IAppOpsService$Stub.onTransact(IAppOpsService.java:169)
10-30 17:44:09.766   772 32228 W AppOps  : 	at android.os.Binder.execTransact(Binder.java:674)
10-30 17:44:09.830 21252 21252 W ResourceType: Failure getting entry for 0x7f010055 (t=0 e=85) (error -75)
10-30 17:44:09.863 21252 21282 D OpenGLRenderer: HWUI GL Pipeline
10-30 17:44:09.890 21252 21282 I Adreno  : QUALCOMM build                   : 7142022, Ib5823dd10c
10-30 17:44:09.890 21252 21282 I Adreno  : Build Date                       : 06/23/17
10-30 17:44:09.890 21252 21282 I Adreno  : OpenGL ES Shader Compiler Version: EV031.18.00.00
10-30 17:44:09.890 21252 21282 I Adreno  : Local Branch                     : O11A
10-30 17:44:09.890 21252 21282 I Adreno  : Remote Branch                    : 
10-30 17:44:09.890 21252 21282 I Adreno  : Remote Branch                    : 
10-30 17:44:09.890 21252 21282 I Adreno  : Reconstruct Branch               : 
10-30 17:44:09.891 21252 21282 I vndksupport: sphal namespace is not configured for this process. Loading /vendor/lib/hw/gralloc.msm8992.so from the current namespace instead.
10-30 17:44:09.894 21252 21252 W RecyclerView: No adapter attached; skipping layout
10-30 17:44:09.905 21252 21252 I cr_StartSurfaceConfig: Recorded Startup.Android.FirstDrawCompletedTime.NoInstant = 117 ms
10-30 17:44:09.919 21252 21269 D NetworkSecurityConfig: Using Network Security Config from resource 0_resource_name_obfuscated debugBuild: false
10-30 17:44:09.921 21252 21282 I Adreno  : PFP: 0x00000000, ME: 0x00000000
10-30 17:44:09.925  3960  4181 E bfry    : Phenotype API error. Event # ddoj@af048454, EventCode: 7 [CONTEXT service_id=51 ]
10-30 17:44:09.925  3960  4181 E bfry    : bfra: 29505: No config packages for log source, or config package not registered
10-30 17:44:09.925  3960  4181 E bfry    : 	at bfst.b(:com.google.android.gms@223616019@22.36.16 (040400-476895098):4)
10-30 17:44:09.925  3960  4181 E bfry    : 	at bfsq.g(:com.google.android.gms@223616019@22.36.16 (040400-476895098):0)
10-30 17:44:09.925  3960  4181 E bfry    : 	at bfry.e(:com.google.android.gms@223616019@22.36.16 (040400-476895098):4)
10-30 17:44:09.925  3960  4181 E bfry    : 	at bfry.f(:com.google.android.gms@223616019@22.36.16 (040400-476895098):2)
10-30 17:44:09.925  3960  4181 E bfry    : 	at arjg.ep(:com.google.android.gms@223616019@22.36.16 (040400-476895098):1)
10-30 17:44:09.925  3960  4181 E bfry    : 	at arjm.run(:com.google.android.gms@223616019@22.36.16 (040400-476895098):12)
10-30 17:44:09.925  3960  4181 E bfry    : 	at cjoq.run(:com.google.android.gms@223616019@22.36.16 (040400-476895098):2)
10-30 17:44:09.925  3960  4181 E bfry    : 	at aarl.c(:com.google.android.gms@223616019@22.36.16 (040400-476895098):6)
10-30 17:44:09.925  3960  4181 E bfry    : 	at aarl.run(:com.google.android.gms@223616019@22.36.16 (040400-476895098):7)
10-30 17:44:09.925  3960  4181 E bfry    : 	at java.util.concurrent.ThreadPoolExecutor.runWorker(ThreadPoolExecutor.java:1162)
10-30 17:44:09.925  3960  4181 E bfry    : 	at java.util.concurrent.ThreadPoolExecutor$Worker.run(ThreadPoolExecutor.java:636)
10-30 17:44:09.925  3960  4181 E bfry    : 	at aaws.run(:com.google.android.gms@223616019@22.36.16 (040400-476895098):0)
10-30 17:44:09.925  3960  4181 E bfry    : 	at java.lang.Thread.run(Thread.java:764)
10-30 17:44:09.926  3960  4181 W AsyncOperation: operation=GetExperimentTokensOperationCall, opStatusCode=29505 [CONTEXT service_id=51 ]
10-30 17:44:09.926  3960  4181 W AsyncOperation: OperationException[Status{statusCode=No config packages for log source, or config package not registered, resolution=null}]
10-30 17:44:09.926  3960  4181 W AsyncOperation: 	at bfry.e(:com.google.android.gms@223616019@22.36.16 (040400-476895098):6)
10-30 17:44:09.926  3960  4181 W AsyncOperation: 	at bfry.f(:com.google.android.gms@223616019@22.36.16 (040400-476895098):2)
10-30 17:44:09.926  3960  4181 W AsyncOperation: 	at arjg.ep(:com.google.android.gms@223616019@22.36.16 (040400-476895098):1)
10-30 17:44:09.926  3960  4181 W AsyncOperation: 	at arjm.run(:com.google.android.gms@223616019@22.36.16 (040400-476895098):12)
10-30 17:44:09.926  3960  4181 W AsyncOperation: 	at cjoq.run(:com.google.android.gms@223616019@22.36.16 (040400-476895098):2)
10-30 17:44:09.926  3960  4181 W AsyncOperation: 	at aarl.c(:com.google.android.gms@223616019@22.36.16 (040400-476895098):6)
10-30 17:44:09.926  3960  4181 W AsyncOperation: 	at aarl.run(:com.google.android.gms@223616019@22.36.16 (040400-476895098):7)
10-30 17:44:09.926  3960  4181 W AsyncOperation: 	at java.util.concurrent.ThreadPoolExecutor.runWorker(ThreadPoolExecutor.java:1162)
10-30 17:44:09.926  3960  4181 W AsyncOperation: 	at java.util.concurrent.ThreadPoolExecutor$Worker.run(ThreadPoolExecutor.java:636)
10-30 17:44:09.926  3960  4181 W AsyncOperation: 	at aaws.run(:com.google.android.gms@223616019@22.36.16 (040400-476895098):0)
10-30 17:44:09.926  3960  4181 W AsyncOperation: 	at java.lang.Thread.run(Thread.java:764)
10-30 17:44:09.933 21252 21282 I OpenGLRenderer: Initialized EGL, version 1.4
10-30 17:44:09.933 21252 21282 D OpenGLRenderer: Swap behavior 2
10-30 17:44:09.970   772   788 I ActivityManager: Start proc 21284:com.google.android.googlequicksearchbox:search/u0a45 for service com.google.android.googlequicksearchbox/com.google.android.apps.gsa.search.core.service.SearchService
10-30 17:44:10.240   361   361 W /system/bin/hwservicemanager: getTransportFromManifest: Cannot find entry android.hardware.graphics.mapper@2.0::IMapper in either framework or device manifest, using default transport.
10-30 17:44:10.246 21252 21282 I vndksupport: sphal namespace is not configured for this process. Loading /vendor/lib/hw/gralloc.msm8992.so from the current namespace instead.
10-30 17:44:10.283   772   797 I ActivityManager: Displayed com.android.chrome/org.chromium.chrome.browser.firstrun.FirstRunActivity: +540ms (total +1s33ms)
10-30 17:44:10.307  3909  3909 I MemoryTrimmer: Trimming objects from memory, since app is in the background.
10-30 17:44:10.310  3909 21100 V rsC++   : RS Message thread exiting.
10-30 17:44:10.510 21252 21269 I cr_VariationsSeedFetch: Fetched first run seed in 600 ms
10-30 17:44:10.535   772  1327 I ActivityManager: Start proc 21307:com.android.chrome:sandboxed_process0/u0i37 for webview_service com.android.chrome/org.chromium.content.app.SandboxedProcessService0
10-30 17:44:10.539 21307 21307 E /system/bin/webview_zygote32: failed to make and chown /acct/uid_99037: Permission denied
10-30 17:44:10.539 21307 21307 E Zygote  : createProcessGroup(99037, 0) failed: Permission denied
10-30 17:44:10.563 21307 21307 I SamplingProfilerIntegration: Profiling disabled.
10-30 17:44:10.589 21323 21323 E asset   : setgid: Operation not permitted
10-30 17:44:10.653 21284 21294 I zygote64: Background concurrent copying GC freed 2349(1257KB) AllocSpace objects, 0(0B) LOS objects, 53% free, 1343KB/2MB, paused 2.569ms total 177.243ms
10-30 17:44:10.720 21307 21307 I cr_SplitCompatApp: Launched version=106.0.5249.79 minSdkVersion=24 isBundle=true processName=com.android.chrome:sandboxed_process0 isIsolated=true
10-30 17:44:10.728   772  3854 W ActivityManager: Unable to start service Intent { act=com.google.android.gms.speech.service.START pkg=com.google.android.gms } U=0: not found
10-30 17:44:10.732   772  2970 W ActivityManager: Unbind failed: could not find connection for android.os.BinderProxy@d593694
10-30 17:44:10.733 21284 21343 E GmsClient: unable to connect to service: com.google.android.gms.speech.service.START on com.google.android.gms
10-30 17:44:10.734 21284 21284 I MicroDetectionWorker: #initializeDataManager [recognitionLocale: en-US, isForced: false, initGHRecognizer: false]
10-30 17:44:10.735 21307 21307 W SystemServiceRegistry: No service published for: uimode
10-30 17:44:10.746 21307 21307 I cr_ChildProcessService: Creating new ChildProcessService pid=21307
10-30 17:44:10.762   772 10895 I ActivityManager: Start proc 21347:com.android.chrome:privileged_process0/u0a60 for service com.android.chrome/org.chromium.content.app.PrivilegedProcessService0
10-30 17:44:10.765 21284 21284 W SearchService: Abort, client detached.
10-30 17:44:10.768 21284 21304 W com.google.protobuf.fi: copyMemory is missing from platform - proto runtime falling back to safer methods.
10-30 17:44:10.775 21307 21307 E WebViewFactory: can't load with relro file; address space not reserved
10-30 17:44:10.803 21252 21252 I cr_SmsProviderGms: construction successfull y93@8d136ba, v93@24b6cc8
10-30 17:44:10.813  4135  4135 D BoundBrokerSvc: onBind: Intent { act=com.google.android.gms.auth.key.retrieval.service.START dat=chimera-action:com.google.android.gms.auth.key.retrieval.service.START cmp=com.google.android.gms/.chimera.GmsApiService }
10-30 17:44:10.814  4135  4135 D BoundBrokerSvc: Loading bound service for intent: Intent { act=com.google.android.gms.auth.key.retrieval.service.START dat=chimera-action:com.google.android.gms.auth.key.retrieval.service.START cmp=com.google.android.gms/.chimera.GmsApiService }
10-30 17:44:10.815 21347 21347 I cr_SplitCompatApp: Launched version=106.0.5249.79 minSdkVersion=24 isBundle=true processName=com.android.chrome:privileged_process0 isIsolated=false
10-30 17:44:10.825 21347 21347 I cr_ChildProcessService: Creating new ChildProcessService pid=21347
10-30 17:44:10.868 21252 21252 W cr_KnoxSettingsProvider: Permission to read device policy denied.
10-30 17:44:10.882 21347 21364 I cr_LibraryLoader: Successfully loaded native library
10-30 17:44:10.883 21347 21364 I cr_CachingUmaRecorder: Flushed 3 samples from 3 histograms.
10-30 17:44:10.897 21347 21364 I Adreno  : QUALCOMM build                   : 7142022, Ib5823dd10c
10-30 17:44:10.897 21347 21364 I Adreno  : Build Date                       : 06/23/17
10-30 17:44:10.897 21347 21364 I Adreno  : OpenGL ES Shader Compiler Version: EV031.18.00.00
10-30 17:44:10.897 21347 21364 I Adreno  : Local Branch                     : O11A
10-30 17:44:10.897 21347 21364 I Adreno  : Remote Branch                    : 
10-30 17:44:10.897 21347 21364 I Adreno  : Remote Branch                    : 
10-30 17:44:10.897 21347 21364 I Adreno  : Reconstruct Branch               : 
10-30 17:44:10.897 21347 21364 I vndksupport: sphal namespace is not configured for this process. Loading /vendor/lib/hw/gralloc.msm8992.so from the current namespace instead.
10-30 17:44:10.902 21347 21364 I Adreno  : PFP: 0x00000000, ME: 0x00000000
10-30 17:44:11.473 21375 21375 E /system/bin/webview_zygote32: failed to make and chown /acct/uid_99038: Permission denied
10-30 17:44:11.474 21375 21375 E Zygote  : createProcessGroup(99038, 0) failed: Permission denied
10-30 17:44:11.477   772  3037 I ActivityManager: Start proc 21375:com.android.chrome:sandboxed_process1/u0i38 for webview_service com.android.chrome/org.chromium.content.app.SandboxedProcessService1
10-30 17:44:11.494 21375 21375 I SamplingProfilerIntegration: Profiling disabled.
10-30 17:44:11.517 21388 21388 E asset   : setgid: Operation not permitted
10-30 17:44:11.559 21375 21375 I cr_SplitCompatApp: Launched version=106.0.5249.79 minSdkVersion=24 isBundle=true processName=com.android.chrome:sandboxed_process1 isIsolated=true
10-30 17:44:11.566 21375 21375 W SystemServiceRegistry: No service published for: uimode
10-30 17:44:11.578 21375 21375 I cr_ChildProcessService: Creating new ChildProcessService pid=21375
10-30 17:44:11.586 21375 21375 E WebViewFactory: can't load with relro file; address space not reserved
10-30 17:44:11.605 21375 21390 I cr_LibraryLoader: Successfully loaded native library
10-30 17:44:11.606 21375 21390 I cr_CachingUmaRecorder: Flushed 3 samples from 3 histograms.
10-30 17:44:11.638 21375 21390 I chromium: [INFO:child_process_service.cc(69)] ChildProcessService: Exiting child process.
10-30 17:44:11.640   422   422 E lowmemorykiller: Error writing /proc/21375/oom_score_adj; errno=22
10-30 17:44:11.641   772 20193 I ActivityManager: Killing 21375:com.android.chrome:sandboxed_process1/u0a60i38 (adj 0): isolated not needed
10-30 17:44:11.642   772   790 W zygote64: failed to open /acct/uid_99038/pid_21375/cgroup.procs: No such file or directory
10-30 17:44:13.093 21252 21252 E cr_BTSPrefs: No data found for task id: 53
10-30 17:44:13.095 21252 21252 E cr_BkgrdTaskScheduler: Task cannot be canceled because no data was found instorage or data was invalid
10-30 17:44:16.148 21416 21416 D AndroidRuntime: >>>>>> START com.android.internal.os.RuntimeInit uid 2000 <<<<<<
10-30 17:44:16.314 21416 21416 D AndroidRuntime: Calling main entry com.android.commands.input.Input
10-30 17:44:16.325 21416 21416 I Input   : injectMotionEvent: MotionEvent { action=ACTION_DOWN, actionButton=0, id[0]=0, x[0]=540.0, y[0]=1660.0, toolType[0]=TOOL_TYPE_UNKNOWN, buttonState=0, metaState=0, flags=0x0, edgeFlags=0x0, pointerCount=1, historySize=0, eventTime=466754585, downTime=466754585, deviceId=8, source=0x1002 }
10-30 17:44:16.333 21416 21416 I Input   : injectMotionEvent: MotionEvent { action=ACTION_UP, actionButton=0, id[0]=0, x[0]=540.0, y[0]=1660.0, toolType[0]=TOOL_TYPE_UNKNOWN, buttonState=0, metaState=0, flags=0x0, edgeFlags=0x0, pointerCount=1, historySize=0, eventTime=466754585, downTime=466754585, deviceId=8, source=0x1002 }
10-30 17:44:16.338 21416 21416 D AndroidRuntime: Shutting down VM
10-30 17:44:16.362   556  6498 D audio_hw_primary: enable_snd_device: snd_device(88: vi-feedback)
10-30 17:44:16.363   556  6498 D audio_hw_primary: enable_audio_route: usecase(23) apply and update mixer path: spkr-vi-record
10-30 17:44:16.387   556  6498 D audio_hw_primary: enable_audio_route: usecase(1) apply and update mixer path: low-latency-playback
10-30 17:44:16.911   556   731 D audio_hw_primary: disable_audio_route: usecase(1) reset and update mixer path: low-latency-playback
10-30 17:44:16.926   556   731 D audio_hw_primary: disable_snd_device: snd_device(88: vi-feedback)
10-30 17:44:16.926   556   731 D audio_hw_primary: disable_audio_route: usecase(23) reset and update mixer path: spkr-vi-record
10-30 17:44:17.787 21431 21431 D AndroidRuntime: >>>>>> START com.android.internal.os.RuntimeInit uid 2000 <<<<<<
10-30 17:44:17.914 21431 21431 D AndroidRuntime: Calling main entry com.android.commands.input.Input
10-30 17:44:17.925 21431 21431 I Input   : injectMotionEvent: MotionEvent { action=ACTION_DOWN, actionButton=0, id[0]=0, x[0]=180.0, y[0]=1690.0, toolType[0]=TOOL_TYPE_UNKNOWN, buttonState=0, metaState=0, flags=0x0, edgeFlags=0x0, pointerCount=1, historySize=0, eventTime=466756188, downTime=466756188, deviceId=8, source=0x1002 }
10-30 17:44:17.932 21431 21431 I Input   : injectMotionEvent: MotionEvent { action=ACTION_UP, actionButton=0, id[0]=0, x[0]=180.0, y[0]=1690.0, toolType[0]=TOOL_TYPE_UNKNOWN, buttonState=0, metaState=0, flags=0x0, edgeFlags=0x0, pointerCount=1, historySize=0, eventTime=466756188, downTime=466756188, deviceId=8, source=0x1002 }
10-30 17:44:17.934 21431 21431 D AndroidRuntime: Shutting down VM
10-30 17:44:17.945   556  6498 D audio_hw_primary: enable_snd_device: snd_device(88: vi-feedback)
10-30 17:44:17.945   556  6498 D audio_hw_primary: enable_audio_route: usecase(23) apply and update mixer path: spkr-vi-record
10-30 17:44:17.945   772 32228 I ActivityManager: START u0 {act=android.intent.action.VIEW flg=0x10008000 cmp=com.android.chrome/com.google.android.apps.chrome.Main (has extras)} from uid 10060
10-30 17:44:17.953   772   830 E ResourceType: Style contains key with bad entry: 0x0101062c
10-30 17:44:17.955   772   830 E ResourceType: Style contains key with bad entry: 0x0101062c
10-30 17:44:17.970 21252 21252 E ResourceType: Style contains key with bad entry: 0x0101062c
10-30 17:44:17.971   556  6498 D audio_hw_primary: enable_audio_route: usecase(1) apply and update mixer path: low-latency-playback
10-30 17:44:17.973 21252 21252 E ResourceType: Style contains key with bad entry: 0x0101062c
10-30 17:44:18.015 21252 21252 W ResourceType: Failure getting entry for 0x7f010055 (t=0 e=85) (error -75)
10-30 17:44:18.021 21252 21252 I cr_CompositorSurfaceMgr: Transitioning to surface with format: -1
10-30 17:44:18.026 21252 21252 W ResourceType: Failure getting entry for 0x7f010530 (t=0 e=1328) (error -75)
10-30 17:44:18.083 21252 21335 W cr_tabmodel: Starting to perform legacy migration.
10-30 17:44:18.089 21252 21335 W cr_tabmodel: Finished performing legacy migration.
10-30 17:44:18.089 21252 21335 W cr_tabmodel: Starting to perform multi-instance migration.
10-30 17:44:18.091 21252 21335 W cr_tabmodel: Finished performing multi-instance migration.
10-30 17:44:18.091 21252 21335 I cr_tabmodel: Starting to fetch tab list for tab_state0
10-30 17:44:18.091 21252 21335 I cr_tabmodel: State file does not exist.
10-30 17:44:18.092 21252 21335 I cr_tabmodel: Starting to fetch tab list for tab_state1
10-30 17:44:18.092 21252 21335 I cr_tabmodel: State file does not exist.
10-30 17:44:18.174   772  4539 W ActivityManager: Duplicate finish request for ActivityRecord{3486855 u0 com.android.chrome/org.chromium.chrome.browser.firstrun.FirstRunActivity t525 f}
10-30 17:44:18.176 21252 21335 W cr_PartnerCustomize: Partner homepage must be HTTP(S) or NewTabPage. Got invalid URL "org.chromium.url.GURL@0"
10-30 17:44:18.227 21252 21252 I cr_StartSurfaceConfig: Recorded Startup.Android.FirstDrawCompletedTime.NoInstant = 242 ms
10-30 17:44:18.236 21252 21282 D OpenGLRenderer: endAllActiveAnimators on 0xc5dd7900 (RippleDrawable) with handle 0xcadadbf0
10-30 17:44:18.242 21252 21252 I cr_CompositorSurfaceMgr: Transitioning to surface with format: -1
10-30 17:44:18.245 21252 21252 I cr_CompositorSurfaceMgr: surfaceCreated format: 0
10-30 17:44:18.255 21252 21252 I cr_ChromeTabbedActivity: #initializeState
10-30 17:44:18.255 21252 21252 I cr_CipherFactory: #restoreFromBundle, no savedInstanceState.
10-30 17:44:18.255 21252 21252 I cr_tabmodel: #loadState, ignoreIncognitoFiles? true
10-30 17:44:18.267 21252 21252 I cr_tabmodel: Loaded tab lists; counts: 0,0
10-30 17:44:18.267 21252 21252 I cr_ChromeTabbedActivity: #createInitialTab executed.
10-30 17:44:18.297 21252 21252 E ResourceType: Style contains key with bad entry: 0x0101062c
10-30 17:44:18.331 21252 21252 W ResourceType: Failure getting entry for 0x7f010565 (t=0 e=1381) (error -75)
10-30 17:44:18.339 21252 21252 W ResourceType: Failure getting entry for 0x7f010551 (t=0 e=1361) (error -75)
10-30 17:44:18.383   772 13021 E BatteryStatsService: no controller energy info supplied
10-30 17:44:18.383   772 13021 E BatteryStatsService: no controller energy info supplied
10-30 17:44:18.401   772   788 W ProcessCpuTracker: Skipping unknown process pid 21466
10-30 17:44:18.490   556   731 D audio_hw_primary: disable_audio_route: usecase(1) reset and update mixer path: low-latency-playback
10-30 17:44:18.504   556   731 D audio_hw_primary: disable_snd_device: snd_device(88: vi-feedback)
10-30 17:44:18.504   556   731 D audio_hw_primary: disable_audio_route: usecase(23) reset and update mixer path: spkr-vi-record
10-30 17:44:18.505 21252 21252 W ResourceType: Failure getting entry for 0x7f01059a (t=0 e=1434) (error -75)
10-30 17:44:18.541   772 13022 W AppOps  : Bad call: specified package com.google.android.gms under uid 10060 but it is really 10020
10-30 17:44:18.541   772 13022 W AppOps  : java.lang.RuntimeException: here
10-30 17:44:18.541   772 13022 W AppOps  : 	at com.android.server.AppOpsService.getOpsRawLocked(AppOpsService.java:1319)
10-30 17:44:18.541   772 13022 W AppOps  : 	at com.android.server.AppOpsService.checkPackage(AppOpsService.java:1038)
10-30 17:44:18.541   772 13022 W AppOps  : 	at com.android.internal.app.IAppOpsService$Stub.onTransact(IAppOpsService.java:169)
10-30 17:44:18.541   772 13022 W AppOps  : 	at android.os.Binder.execTransact(Binder.java:674)
10-30 17:44:18.541   772  3041 W AppOps  : Bad call: specified package com.google.android.gms under uid 10060 but it is really 10020
10-30 17:44:18.541   772  3041 W AppOps  : java.lang.RuntimeException: here
10-30 17:44:18.541   772  3041 W AppOps  : 	at com.android.server.AppOpsService.getOpsRawLocked(AppOpsService.java:1319)
10-30 17:44:18.541   772  3041 W AppOps  : 	at com.android.server.AppOpsService.checkPackage(AppOpsService.java:1038)
10-30 17:44:18.541   772  3041 W AppOps  : 	at com.android.internal.app.IAppOpsService$Stub.onTransact(IAppOpsService.java:169)
10-30 17:44:18.541   772  3041 W AppOps  : 	at android.os.Binder.execTransact(Binder.java:674)
10-30 17:44:18.543   772 13071 W AppOps  : Bad call: specified package com.google.android.gms under uid 10060 but it is really 10020
10-30 17:44:18.543   772 13071 W AppOps  : java.lang.RuntimeException: here
10-30 17:44:18.543   772 13071 W AppOps  : 	at com.android.server.AppOpsService.getOpsRawLocked(AppOpsService.java:1319)
10-30 17:44:18.543   772 13071 W AppOps  : 	at com.android.server.AppOpsService.checkPackage(AppOpsService.java:1038)
10-30 17:44:18.543   772 13071 W AppOps  : 	at com.android.internal.app.IAppOpsService$Stub.onTransact(IAppOpsService.java:169)
10-30 17:44:18.543   772 13071 W AppOps  : 	at android.os.Binder.execTransact(Binder.java:674)
10-30 17:44:18.543   772   785 W AppOps  : Bad call: specified package com.google.android.gms under uid 10060 but it is really 10020
10-30 17:44:18.543   772   785 W AppOps  : java.lang.RuntimeException: here
10-30 17:44:18.543   772   785 W AppOps  : 	at com.android.server.AppOpsService.getOpsRawLocked(AppOpsService.java:1319)
10-30 17:44:18.543   772   785 W AppOps  : 	at com.android.server.AppOpsService.checkPackage(AppOpsService.java:1038)
10-30 17:44:18.543   772   785 W AppOps  : 	at com.android.internal.app.IAppOpsService$Stub.onTransact(IAppOpsService.java:169)
10-30 17:44:18.543   772   785 W AppOps  : 	at android.os.Binder.execTransact(Binder.java:674)
10-30 17:44:18.569 21252 21252 E cr_IntentUtils: getBooleanExtra failed on intent null
10-30 17:44:18.569 21252 21252 E cr_IntentUtils: getBooleanExtra failed on intent null
10-30 17:44:18.571 21307 21346 I cr_LibraryLoader: Successfully loaded native library
10-30 17:44:18.573 21307 21346 I cr_CachingUmaRecorder: Flushed 3 samples from 3 histograms.
10-30 17:44:18.599 21252 21252 W ResourceType: Failure getting entry for 0x7f010888 (t=0 e=2184) (error -75)
10-30 17:44:18.614 21252 21252 I chatty  : uid=10060(u0_a60) identical 5 lines
10-30 17:44:18.616 21252 21252 W ResourceType: Failure getting entry for 0x7f010888 (t=0 e=2184) (error -75)
10-30 17:44:18.616  3960  4151 I FontLog : Received query name=Google Sans&weight=700&besteffort=false, URI content://com.google.android.gms.fonts [CONTEXT service_id=132 ]
10-30 17:44:18.617  3960  4151 I FontLog : Query [name=Google Sans&weight=700&besteffort=false] resolved to {Google Sans, wdth 100.0, wght 700, ital 0.0, bestEffort false} [CONTEXT service_id=132 ]
10-30 17:44:18.618 21252 21252 W ResourceType: Failure getting entry for 0x7f010888 (t=0 e=2184) (error -75)
10-30 17:44:18.619  3960  4151 I FontLog : Fetch {Google Sans, wdth 100.0, wght 700, ital 0.0, bestEffort false} end status Status{statusCode=SUCCESS, resolution=null} [CONTEXT service_id=132 ]
10-30 17:44:18.620 21252 21252 I cr_TopSites: Start a new task.
10-30 17:44:18.621 21252 21341 I cr_TopSites: Serializing top sites lists finished; count: 8
10-30 17:44:18.631  3960  4217 I FontLog : Pulling font file for id = 157, cache size = 5 [CONTEXT service_id=132 ]
10-30 17:44:18.640   361   361 W /system/bin/hwservicemanager: getTransportFromManifest: Cannot find entry android.hardware.graphics.mapper@2.0::IMapper in either framework or device manifest, using default transport.
10-30 17:44:18.641 21252 21341 I cr_TopSites: Finished saving top sites list to file:/data/user/0/com.android.chrome/app_top_sites/top_sites
10-30 17:44:18.644 21347 21364 I vndksupport: sphal namespace is not configured for this process. Loading /vendor/lib/hw/gralloc.msm8992.so from the current namespace instead.
10-30 17:44:18.653   772 10860 I ActivityManager: Start proc 21489:com.android.chrome:sandboxed_process2/u0i39 for webview_service com.android.chrome/org.chromium.content.app.SandboxedProcessService2
10-30 17:44:18.655  3960  4244 I FontLog : Received query name=Noto Color Emoji Compat&weight=400&besteffort=false, URI content://com.google.android.gms.fonts [CONTEXT service_id=132 ]
10-30 17:44:18.655  3960  4244 I FontLog : Query [name=Noto Color Emoji Compat&weight=400&besteffort=false] resolved to {Noto Color Emoji Compat, wdth 100.0, wght 400, ital 0.0, bestEffort false} [CONTEXT service_id=132 ]
10-30 17:44:18.656  3960  4244 I FontLog : Fetch {Noto Color Emoji Compat, wdth 100.0, wght 400, ital 0.0, bestEffort false} end status Status{statusCode=SUCCESS, resolution=null} [CONTEXT service_id=132 ]
10-30 17:44:18.657 21489 21489 E /system/bin/webview_zygote32: failed to make and chown /acct/uid_99039: Permission denied
10-30 17:44:18.657 21489 21489 E Zygote  : createProcessGroup(99039, 0) failed: Permission denied
10-30 17:44:18.661  3960  4245 I FontLog : Pulling font file for id = 158, cache size = 6 [CONTEXT service_id=132 ]
10-30 17:44:18.664  3960  3971 I FontLog : Received query name=Google Sans&weight=400&besteffort=false, URI content://com.google.android.gms.fonts [CONTEXT service_id=132 ]
10-30 17:44:18.664  3960  3971 I FontLog : Query [name=Google Sans&weight=400&besteffort=false] resolved to {Google Sans, wdth 100.0, wght 400, ital 0.0, bestEffort false} [CONTEXT service_id=132 ]
10-30 17:44:18.666  3960  3971 I FontLog : Font PFD returned from cache for {Google Sans, wdth 100.0, wght 400, ital 0.0, bestEffort false} [CONTEXT service_id=132 ]
10-30 17:44:18.666  3960  3971 I FontLog : Fetch {Google Sans, wdth 100.0, wght 400, ital 0.0, bestEffort false} end status Status{statusCode=SUCCESS, resolution=null} [CONTEXT service_id=132 ]
10-30 17:44:18.669  3960  3972 I FontLog : Pulling font file for id = 159, cache size = 7 [CONTEXT service_id=132 ]
10-30 17:44:18.673  3960  4151 I FontLog : Received query name=Google Sans&weight=500&besteffort=false, URI content://com.google.android.gms.fonts [CONTEXT service_id=132 ]
10-30 17:44:18.674  3960  4151 I FontLog : Query [name=Google Sans&weight=500&besteffort=false] resolved to {Google Sans, wdth 100.0, wght 500, ital 0.0, bestEffort false} [CONTEXT service_id=132 ]
10-30 17:44:18.675  3960  4151 I FontLog : Font PFD returned from cache for {Google Sans, wdth 100.0, wght 500, ital 0.0, bestEffort false} [CONTEXT service_id=132 ]
10-30 17:44:18.675  3960  4151 I FontLog : Fetch {Google Sans, wdth 100.0, wght 500, ital 0.0, bestEffort false} end status Status{statusCode=SUCCESS, resolution=null} [CONTEXT service_id=132 ]
10-30 17:44:18.677  3960  4217 I FontLog : Pulling font file for id = 160, cache size = 8 [CONTEXT service_id=132 ]
10-30 17:44:18.684  3960 17887 W FontLog : Error updating last accessed time for {Noto Color Emoji Compat, wdth 100.0, wght 400, ital 0.0, bestEffort false}. [CONTEXT service_id=132 ]
10-30 17:44:18.684  3960 17887 W FontLog : java.lang.IllegalStateException: attempt to re-open an already-closed object: SQLiteDatabase: /data/user/0/com.google.android.gms/databases/metadata.db
10-30 17:44:18.684  3960 17887 W FontLog : 	at android.database.sqlite.SQLiteClosable.acquireReference(SQLiteClosable.java:55)
10-30 17:44:18.684  3960 17887 W FontLog : 	at android.database.sqlite.SQLiteDatabase.executeSql(SQLiteDatabase.java:1662)
10-30 17:44:18.684  3960 17887 W FontLog : 	at android.database.sqlite.SQLiteDatabase.execSQL(SQLiteDatabase.java:1658)
10-30 17:44:18.684  3960 17887 W FontLog : 	at aksk.run(:com.google.android.gms@223616019@22.36.16 (040400-476895098):5)
10-30 17:44:18.684  3960 17887 W FontLog : 	at aarl.c(:com.google.android.gms@223616019@22.36.16 (040400-476895098):6)
10-30 17:44:18.684  3960 17887 W FontLog : 	at aarl.run(:com.google.android.gms@223616019@22.36.16 (040400-476895098):7)
10-30 17:44:18.684  3960 17887 W FontLog : 	at java.util.concurrent.ThreadPoolExecutor.runWorker(ThreadPoolExecutor.java:1162)
10-30 17:44:18.684  3960 17887 W FontLog : 	at java.util.concurrent.ThreadPoolExecutor$Worker.run(ThreadPoolExecutor.java:636)
10-30 17:44:18.684  3960 17887 W FontLog : 	at aaws.run(:com.google.android.gms@223616019@22.36.16 (040400-476895098):0)
10-30 17:44:18.684  3960 17887 W FontLog : 	at java.lang.Thread.run(Thread.java:764)
10-30 17:44:18.688 21489 21489 I SamplingProfilerIntegration: Profiling disabled.
10-30 17:44:18.692 21252 21252 W ResourceType: Failure getting entry for 0x7f010216 (t=0 e=534) (error -75)
10-30 17:44:18.694 21252 21252 W ResourceType: Failure getting entry for 0x7f0107c9 (t=0 e=1993) (error -75)
10-30 17:44:18.708 21504 21504 E asset   : setgid: Operation not permitted
10-30 17:44:18.712 21252 21252 W ResourceType: Failure getting entry for 0x7f010827 (t=0 e=2087) (error -75)
10-30 17:44:18.738 21489 21489 I cr_SplitCompatApp: Launched version=106.0.5249.79 minSdkVersion=24 isBundle=true processName=com.android.chrome:sandboxed_process2 isIsolated=true
10-30 17:44:18.744 21489 21489 W SystemServiceRegistry: No service published for: uimode
10-30 17:44:18.750 21489 21489 I cr_ChildProcessService: Creating new ChildProcessService pid=21489
10-30 17:44:18.752 21252 21252 I cr_tabmodel: Appending tabs being restored to metadata lists, 0, startingNormalCount: 1, startingIncognitoCount: 0
10-30 17:44:18.752 21252 21252 I cr_tabmodel: Serializing tab lists; counts: 1, 0
10-30 17:44:18.760 21489 21489 E WebViewFactory: can't load with relro file; address space not reserved
10-30 17:44:18.765 21252 21252 I cr_OfflineIndicator: onConnectionTypeChanged 2
10-30 17:44:18.766 21252 21252 I cr_OfflineIndicator: Reported by system: [ Transports: WIFI Capabilities: NOT_METERED&INTERNET&NOT_RESTRICTED&TRUSTED&NOT_VPN&VALIDATED&FOREGROUND LinkUpBandwidth>=1048576Kbps LinkDnBandwidth>=1048576Kbps SignalStrength: -63]
10-30 17:44:18.766 21252 21252 I cr_OfflineIndicator: setConnectionState connectionState=4
10-30 17:44:18.766 21252 21252 I cr_OfflineDetector: Running updateState mConnectivityDetectorInitialized: true, mTimeWhenLastForegrounded: 1024312924, getElapsedTime: 1024312932, mTimeWhenLastOfflineNotificationReceived: 0, mTimeWhenLastOnline: 1024312932, mApplicationState: 1, mIsOfflineLastReportedByConnectivityDetector: false, mIsEffectivelyOffline: false
10-30 17:44:18.766 21252 21252 I cr_OfflineDetector: updateState(): timeSinceLastForeground: 8, timeSinceOfflineNotificationReceived: 1024312932, timeSinceLastOnline: 0, timeNeededForForeground: 1992, timeNeededForOffline: -1024310932
10-30 17:44:18.766 21252 21252 I cr_OfflineIndicator: processConnectivityCheckResult mConnectionState=4 mConnectivityCheckingStage=1
10-30 17:44:18.773 21489 21505 I cr_LibraryLoader: Successfully loaded native library
10-30 17:44:18.774 21489 21505 I cr_CachingUmaRecorder: Flushed 3 samples from 3 histograms.
10-30 17:44:18.817 21252 21252 W ResourceType: Failure getting entry for 0x7f010415 (t=0 e=1045) (error -75)
10-30 17:44:18.965 21252 21342 I cr_VrCoreVersionChecker: Unable to find VrCore.
10-30 17:44:18.970 21252 21252 W ResourceType: Failure getting entry for 0x7f0100f9 (t=0 e=249) (error -75)
10-30 17:44:18.974 21252 21252 W ResourceType: Failure getting entry for 0x7f010828 (t=0 e=2088) (error -75)
10-30 17:44:18.983 21252 21252 W ResourceType: Failure getting entry for 0x7f010827 (t=0 e=2087) (error -75)
10-30 17:44:19.042 21252 21252 I Choreographer: Skipped 48 frames!  The application may be doing too much work on its main thread.
10-30 17:44:19.094 21252 21252 W StaticLayout: maxLineHeight should not be -1.  maxLines:1 lineCount:1
10-30 17:44:19.174   772   797 I ActivityManager: Displayed com.android.chrome/com.google.android.apps.chrome.Main: +1s212ms
10-30 17:44:19.399 21252 21339 W chromium: [WARNING:spdy_session.cc(3502)] Received HEADERS for invalid stream 3
10-30 17:44:19.405 21252 21306 I cr_BindingManager: Moderate binding enabled: maxSize=40
10-30 17:44:19.408 21252 21342 W cr_CrashFileManager: /data/user/0/com.android.chrome/cache/Crash Reports does not exist or is not a directory
10-30 17:44:19.409 21252 21342 I chatty  : uid=10060(u0_a60) identical 1 line
10-30 17:44:19.409 21252 21342 W cr_CrashFileManager: /data/user/0/com.android.chrome/cache/Crash Reports does not exist or is not a directory
10-30 17:44:19.409 21284 21295 W DynamiteModule: Local module descriptor class for com.google.android.gms.googlecertificates not found.
10-30 17:44:19.629   772 10893 I ActivityManager: START u0 {act=android.intent.action.VIEW dat=http://192.168.178.178:5500/... flg=0x10000000 cmp=com.android.chrome/com.google.android.apps.chrome.Main} from uid 2000
10-30 17:44:19.676 21252 21252 E cr_IntentUtils: getInt failed on bundle null
10-30 17:44:19.678 21252 21252 E ResourceType: Style contains key with bad entry: 0x0101062c
10-30 17:44:19.698   772 10893 I ActivityManager: Start proc 21522:com.android.chrome:sandboxed_process3/u0i40 for webview_service com.android.chrome/org.chromium.content.app.SandboxedProcessService3
10-30 17:44:19.698 21252 21252 I cr_tabmodel: Appending tabs being restored to metadata lists, 0, startingNormalCount: 2, startingIncognitoCount: 0
10-30 17:44:19.698 21252 21252 I cr_tabmodel: Serializing tab lists; counts: 2, 0
10-30 17:44:19.699 21522 21522 E /system/bin/webview_zygote32: failed to make and chown /acct/uid_99040: Permission denied
10-30 17:44:19.699 21522 21522 E Zygote  : createProcessGroup(99040, 0) failed: Permission denied
10-30 17:44:19.722 21522 21522 I SamplingProfilerIntegration: Profiling disabled.
10-30 17:44:19.738 21252 21252 I cr_OfflineDetector: Running updateState mConnectivityDetectorInitialized: true, mTimeWhenLastForegrounded: 1024313904, getElapsedTime: 1024313904, mTimeWhenLastOfflineNotificationReceived: 0, mTimeWhenLastOnline: 1024312932, mApplicationState: 1, mIsOfflineLastReportedByConnectivityDetector: false, mIsEffectivelyOffline: false
10-30 17:44:19.738 21252 21252 I cr_OfflineDetector: updateState(): timeSinceLastForeground: 0, timeSinceOfflineNotificationReceived: 1024313904, timeSinceLastOnline: 972, timeNeededForForeground: 2000, timeNeededForOffline: -1024311904
10-30 17:44:19.741 21538 21538 E asset   : setgid: Operation not permitted
10-30 17:44:19.769 21252 21252 W ResourceType: Failure getting entry for 0x7f010216 (t=0 e=534) (error -75)
10-30 17:44:19.770 21252 21252 W ResourceType: Failure getting entry for 0x7f0107c9 (t=0 e=1993) (error -75)
10-30 17:44:19.776 21522 21522 I cr_SplitCompatApp: Launched version=106.0.5249.79 minSdkVersion=24 isBundle=true processName=com.android.chrome:sandboxed_process3 isIsolated=true
10-30 17:44:19.781 21284 21295 I DynamiteModule: Considering local module com.google.android.gms.googlecertificates:0 and remote module com.google.android.gms.googlecertificates:7
10-30 17:44:19.782 21284 21295 I DynamiteModule: Selected remote version of com.google.android.gms.googlecertificates, version >= 7
10-30 17:44:19.784 21522 21522 W SystemServiceRegistry: No service published for: uimode
10-30 17:44:19.795 21522 21522 I cr_ChildProcessService: Creating new ChildProcessService pid=21522
10-30 17:44:19.801 21522 21522 E WebViewFactory: can't load with relro file; address space not reserved
10-30 17:44:19.815 21522 21544 I cr_LibraryLoader: Successfully loaded native library
10-30 17:44:19.816 21522 21544 I cr_CachingUmaRecorder: Flushed 3 samples from 3 histograms.
10-30 17:44:19.969 21284 21295 W zygote64: Skipping duplicate class check due to unrecognized classloader
10-30 17:44:19.982 21284 21295 D GoogleCertificates: com.google.android.gms.googlecertificates module is loaded
10-30 17:44:20.027   772   784 W AppOps  : Bad call: specified package com.google.android.gms under uid 10045 but it is really 10020
10-30 17:44:20.027   772   784 W AppOps  : java.lang.RuntimeException: here
10-30 17:44:20.027   772   784 W AppOps  : 	at com.android.server.AppOpsService.getOpsRawLocked(AppOpsService.java:1319)
10-30 17:44:20.027   772   784 W AppOps  : 	at com.android.server.AppOpsService.checkPackage(AppOpsService.java:1038)
10-30 17:44:20.027   772   784 W AppOps  : 	at com.android.internal.app.IAppOpsService$Stub.onTransact(IAppOpsService.java:169)
10-30 17:44:20.027   772   784 W AppOps  : 	at android.os.Binder.execTransact(Binder.java:674)
10-30 17:44:20.032   772  1327 W AppOps  : Bad call: specified package com.google.android.gms under uid 10045 but it is really 10020
10-30 17:44:20.032   772  1327 W AppOps  : java.lang.RuntimeException: here
10-30 17:44:20.032   772  1327 W AppOps  : 	at com.android.server.AppOpsService.getOpsRawLocked(AppOpsService.java:1319)
10-30 17:44:20.032   772  1327 W AppOps  : 	at com.android.server.AppOpsService.checkPackage(AppOpsService.java:1038)
10-30 17:44:20.032   772  1327 W AppOps  : 	at com.android.internal.app.IAppOpsService$Stub.onTransact(IAppOpsService.java:169)
10-30 17:44:20.032   772  1327 W AppOps  : 	at android.os.Binder.execTransact(Binder.java:674)
10-30 17:44:20.789 21284 21284 I MemoryTrimmer: Trimming objects from memory, since app is in the background.
10-30 17:44:20.999 21347 21359 I vndksupport: sphal namespace is not configured for this process. Loading libutils.so from the current namespace instead.
10-30 17:44:20.999 21252 21264 I vndksupport: sphal namespace is not configured for this process. Loading libutils.so from the current namespace instead.
10-30 17:44:21.000 21284 21296 I vndksupport: sphal namespace is not configured for this process. Loading libutils.so from the current namespace instead.
10-30 17:44:21.000 21522 21534 I vndksupport: sphal namespace is not configured for this process. Loading libutils.so from the current namespace instead.
10-30 17:44:21.001 21489 21506 I vndksupport: sphal namespace is not configured for this process. Loading libutils.so from the current namespace instead.
10-30 17:44:21.001 21307 21321 I vndksupport: sphal namespace is not configured for this process. Loading libutils.so from the current namespace instead.
10-30 17:44:21.006   556  6508 E Parcel  : Reading a NULL string not supported here.
10-30 17:44:21.006   556  6508 W Parcel  : **** enforceInterface() expected 'IAAudioService' but read ''
10-30 17:44:21.006   360   360 E SELinux : avc:  denied  { find } for service=android.service.gatekeeper.IGateKeeperService pid=21584 uid=2000 scontext=u:r:shell:s0 tcontext=u:object_r:gatekeeper_service:s0 tclass=service_manager
10-30 17:44:21.007   360   360 E SELinux : avc:  denied  { find } for service=netd pid=21584 uid=2000 scontext=u:r:shell:s0 tcontext=u:object_r:netd_service:s0 tclass=service_manager
10-30 17:44:21.008 21584 21584 W atrace  : type=1400 audit(0.0:8739): avc: denied { call } for scontext=u:r:shell:s0 tcontext=u:r:wificond:s0 tclass=binder permissive=0
10-30 17:44:21.012   360   360 E SELinux : avc:  denied  { find } for service=installd pid=21584 uid=2000 scontext=u:r:shell:s0 tcontext=u:object_r:installd_service:s0 tclass=service_manager
10-30 17:44:21.017   361   361 E SELinux : avc:  denied  { find } for interface=android.frameworks.displayservice::IDisplayService pid=21584 scontext=u:r:shell:s0 tcontext=u:object_r:fwk_display_hwservice:s0 tclass=hwservice_manager
10-30 17:44:21.017   361   361 E SELinux : avc:  denied  { find } for interface=android.frameworks.schedulerservice::ISchedulingPolicyService pid=21584 scontext=u:r:shell:s0 tcontext=u:object_r:fwk_scheduler_hwservice:s0 tclass=hwservice_manager
10-30 17:44:21.018   361   361 E SELinux : avc:  denied  { find } for interface=android.frameworks.sensorservice::ISensorManager pid=21584 scontext=u:r:shell:s0 tcontext=u:object_r:fwk_sensor_hwservice:s0 tclass=hwservice_manager
10-30 17:44:21.019   361   361 E SELinux : avc:  denied  { find } for interface=android.hardware.biometrics.fingerprint::IBiometricsFingerprint pid=21584 scontext=u:r:shell:s0 tcontext=u:object_r:hal_fingerprint_hwservice:s0 tclass=hwservice_manager
10-30 17:44:21.020   361   361 E SELinux : avc:  denied  { find } for interface=android.hardware.dumpstate::IDumpstateDevice pid=21584 scontext=u:r:shell:s0 tcontext=u:object_r:hal_dumpstate_hwservice:s0 tclass=hwservice_manager
10-30 17:44:21.021   361   361 E SELinux : avc:  denied  { find } for interface=android.hardware.radio.deprecated::IOemHook pid=21584 scontext=u:r:shell:s0 tcontext=u:object_r:hal_telephony_hwservice:s0 tclass=hwservice_manager
10-30 17:44:21.021   361   361 E SELinux : avc:  denied  { find } for interface=android.hardware.radio::IRadio pid=21584 scontext=u:r:shell:s0 tcontext=u:object_r:hal_telephony_hwservice:s0 tclass=hwservice_manager
10-30 17:44:21.021   361   361 E SELinux : avc:  denied  { find } for interface=android.hardware.radio::ISap pid=21584 scontext=u:r:shell:s0 tcontext=u:object_r:hal_telephony_hwservice:s0 tclass=hwservice_manager
10-30 17:44:21.022   361   361 E SELinux : avc:  denied  { find } for interface=android.hardware.usb::IUsb pid=21584 scontext=u:r:shell:s0 tcontext=u:object_r:hal_usb_hwservice:s0 tclass=hwservice_manager
10-30 17:44:21.022   361   361 E SELinux : avc:  denied  { find } for interface=android.hardware.wifi.supplicant::ISupplicant pid=21584 scontext=u:r:shell:s0 tcontext=u:object_r:hal_wifi_supplicant_hwservice:s0 tclass=hwservice_manager
