10-30 17:44:21.022   361   361 E SELinux : avc:  denied  { find } for interface=android.hardware.wifi::IWifi pid=21584 scontext=u:r:shell:s0 tcontext=u:object_r:hal_wifi_hwservice:s0 tclass=hwservice_manager
10-30 17:44:21.024   361   361 E SELinux : avc:  denied  { find } for interface=android.hidl.base::IBase pid=21584 scontext=u:r:shell:s0 tcontext=u:object_r:hidl_base_hwservice:s0 tclass=hwservice_manager
10-30 17:44:21.024   361   361 I chatty  : uid=1000(system) hwservicemanage identical 1 line
10-30 17:44:21.024   361   361 E SELinux : avc:  denied  { find } for interface=android.hidl.base::IBase pid=21584 scontext=u:r:shell:s0 tcontext=u:object_r:hidl_base_hwservice:s0 tclass=hwservice_manager
10-30 17:44:21.025   361   361 E SELinux : avc:  denied  { find } for interface=android.system.wifi.keystore::IKeystore pid=21584 scontext=u:r:shell:s0 tcontext=u:object_r:system_wifi_keystore_hwservice:s0 tclass=hwservice_manager
10-30 17:44:21.366 21252 21252 W chromium: [WARNING:controller_impl.cc(1190)] Background download complete, client: 6, completion type: 0, file size:16643
10-30 17:44:21.395 21585 21585 E /system/bin/webview_zygote32: failed to make and chown /acct/uid_99041: Permission denied
10-30 17:44:21.395 21585 21585 E Zygote  : createProcessGroup(99041, 0) failed: Permission denied
10-30 17:44:21.399   772 13021 I ActivityManager: Start proc 21585:com.android.chrome:sandboxed_process4/u0i41 for webview_service com.android.chrome/org.chromium.content.app.SandboxedProcessService4
10-30 17:44:21.433 21585 21585 I SamplingProfilerIntegration: Profiling disabled.
10-30 17:44:21.462 21599 21599 E asset   : setgid: Operation not permitted
10-30 17:44:21.481 21252 21252 W chromium: [WARNING:controller_impl.cc(1190)] Background download complete, client: 6, completion type: 0, file size:18160
10-30 17:44:21.505 21601 21601 E /system/bin/webview_zygote32: failed to make and chown /acct/uid_99042: Permission denied
10-30 17:44:21.505 21601 21601 E Zygote  : createProcessGroup(99042, 0) failed: Permission denied
10-30 17:44:21.507   772  4539 I ActivityManager: Start proc 21601:com.android.chrome:sandboxed_process5/u0i42 for webview_service com.android.chrome/org.chromium.content.app.SandboxedProcessService5
10-30 17:44:21.510 21252 21252 W chromium: [WARNING:controller_impl.cc(1190)] Background download complete, client: 6, completion type: 0, file size:265060
10-30 17:44:21.514 21585 21585 I cr_SplitCompatApp: Launched version=106.0.5249.79 minSdkVersion=24 isBundle=true processName=com.android.chrome:sandboxed_process4 isIsolated=true
10-30 17:44:21.518 21585 21585 W SystemServiceRegistry: No service published for: uimode
10-30 17:44:21.526 21585 21585 I cr_ChildProcessService: Creating new ChildProcessService pid=21585
10-30 17:44:21.532 21601 21601 I SamplingProfilerIntegration: Profiling disabled.
10-30 17:44:21.538 21615 21615 E /system/bin/webview_zygote32: failed to make and chown /acct/uid_99043: Permission denied
10-30 17:44:21.538 21615 21615 E Zygote  : createProcessGroup(99043, 0) failed: Permission denied
10-30 17:44:21.540   772  1327 I ActivityManager: Start proc 21615:com.android.chrome:sandboxed_process6/u0i43 for webview_service com.android.chrome/org.chromium.content.app.SandboxedProcessService6
10-30 17:44:21.552 21585 21585 E WebViewFactory: can't load with relro file; address space not reserved
10-30 17:44:21.571 21626 21626 E asset   : setgid: Operation not permitted
10-30 17:44:21.578 21585 21613 I cr_LibraryLoader: Successfully loaded native library
10-30 17:44:21.579 21585 21613 I cr_CachingUmaRecorder: Flushed 3 samples from 3 histograms.
10-30 17:44:21.592 21615 21615 I SamplingProfilerIntegration: Profiling disabled.
10-30 17:44:21.594 21252 21252 W chromium: [WARNING:controller_impl.cc(1190)] Background download complete, client: 6, completion type: 0, file size:15859
10-30 17:44:21.604 21632 21632 W ThreadPoolForeg: type=1400 audit(0.0:8740): avc: denied { setattr } for name="model-info.pb" dev="dm-2" ino=1504805 scontext=u:r:isolated_app:s0:c512,c768 tcontext=u:object_r:app_data_file:s0:c512,c768 tclass=file permissive=0
10-30 17:44:21.607 21601 21601 I cr_SplitCompatApp: Launched version=106.0.5249.79 minSdkVersion=24 isBundle=true processName=com.android.chrome:sandboxed_process5 isIsolated=true
10-30 17:44:21.611 21632 21632 W ThreadPoolForeg: type=1400 audit(0.0:8741): avc: denied { setattr } for name="model.tflite" dev="dm-2" ino=1504806 scontext=u:r:isolated_app:s0:c512,c768 tcontext=u:object_r:app_data_file:s0:c512,c768 tclass=file permissive=0
10-30 17:44:21.611 21252 21252 W chromium: [WARNING:controller_impl.cc(1190)] Background download complete, client: 6, completion type: 0, file size:4951
10-30 17:44:21.613 21601 21601 W SystemServiceRegistry: No service published for: uimode
10-30 17:44:21.619 21635 21635 E asset   : setgid: Operation not permitted
10-30 17:44:21.620 21601 21601 I cr_ChildProcessService: Creating new ChildProcessService pid=21601
10-30 17:44:21.626 21585 21613 I chromium: [INFO:child_process_service.cc(69)] ChildProcessService: Exiting child process.
10-30 17:44:21.635 21637 21637 E /system/bin/webview_zygote32: failed to make and chown /acct/uid_99044: Permission denied
10-30 17:44:21.635 21637 21637 E Zygote  : createProcessGroup(99044, 0) failed: Permission denied
10-30 17:44:21.645   772  3854 I ActivityManager: Start proc 21637:com.android.chrome:sandboxed_process7/u0i44 for webview_service com.android.chrome/org.chromium.content.app.SandboxedProcessService7
10-30 17:44:21.649 21252 21252 W chromium: [WARNING:compositor_view.cc(342)] Child process died (type=6) pid=21585)
10-30 17:44:21.649 21601 21601 E WebViewFactory: can't load with relro file; address space not reserved
10-30 17:44:21.658 21644 21644 E /system/bin/webview_zygote32: failed to make and chown /acct/uid_99045: Permission denied
10-30 17:44:21.659 21644 21644 E Zygote  : createProcessGroup(99045, 0) failed: Permission denied
10-30 17:44:21.668   772 13022 I ActivityManager: Start proc 21644:com.android.chrome:sandboxed_process8/u0i45 for webview_service com.android.chrome/org.chromium.content.app.SandboxedProcessService8
10-30 17:44:21.668   772 10860 I ActivityManager: Process com.android.chrome:sandboxed_process4 (pid 21585) has died: vis  TOP 
10-30 17:44:21.668   772 10860 W ActivityManager: Scheduling restart of crashed service com.android.chrome/org.chromium.content.app.SandboxedProcessService4 in 1000ms
10-30 17:44:21.669   772   790 W zygote64: failed to open /acct/uid_99041/pid_21585/cgroup.procs: No such file or directory
10-30 17:44:21.672 21615 21615 I cr_SplitCompatApp: Launched version=106.0.5249.79 minSdkVersion=24 isBundle=true processName=com.android.chrome:sandboxed_process6 isIsolated=true
10-30 17:44:21.679 21637 21637 I SamplingProfilerIntegration: Profiling disabled.
10-30 17:44:21.680 21615 21615 W SystemServiceRegistry: No service published for: uimode
10-30 17:44:21.685 21489 21505 I chromium: [INFO:child_process_service.cc(69)] ChildProcessService: Exiting child process.
10-30 17:44:21.691 21615 21615 I cr_ChildProcessService: Creating new ChildProcessService pid=21615
10-30 17:44:21.694 21252 21306 I cr_BindingManager: onTrimMemory: level=10, size=1
10-30 17:44:21.697 21252 21252 W chromium: [WARNING:controller_impl.cc(1190)] Background download complete, client: 6, completion type: 0, file size:2759
10-30 17:44:21.699 21252 21306 I cr_BindingManager: Reduce connections from 1 to 0
10-30 17:44:21.699 21644 21644 I SamplingProfilerIntegration: Profiling disabled.
10-30 17:44:21.704 21615 21615 E WebViewFactory: can't load with relro file; address space not reserved
10-30 17:44:21.714 21601 21636 I cr_LibraryLoader: Successfully loaded native library
10-30 17:44:21.715 21664 21664 E asset   : setgid: Operation not permitted
10-30 17:44:21.716 21601 21636 I cr_CachingUmaRecorder: Flushed 3 samples from 3 histograms.
10-30 17:44:21.721   422   422 E lowmemorykiller: Error writing /proc/21489/oom_score_adj; errno=22
10-30 17:44:21.722   772  3854 I ActivityManager: Killing 21489:com.android.chrome:sandboxed_process2/u0a60i39 (adj 0): isolated not needed
10-30 17:44:21.722   772   790 W zygote64: failed to open /acct/uid_99039/pid_21489/cgroup.procs: No such file or directory
10-30 17:44:21.733 21670 21670 E asset   : setgid: Operation not permitted
10-30 17:44:21.747 21615 21662 I cr_LibraryLoader: Successfully loaded native library
10-30 17:44:21.748 21667 21667 W ThreadPoolForeg: type=1400 audit(0.0:8742): avc: denied { setattr } for name="model-info.pb" dev="dm-2" ino=1504812 scontext=u:r:isolated_app:s0:c512,c768 tcontext=u:object_r:app_data_file:s0:c512,c768 tclass=file permissive=0
10-30 17:44:21.749 21252 21252 W chromium: [WARNING:controller_impl.cc(1190)] Background download complete, client: 6, completion type: 0, file size:116031
10-30 17:44:21.749 21615 21662 I cr_CachingUmaRecorder: Flushed 3 samples from 3 histograms.
10-30 17:44:21.754 21667 21667 W ThreadPoolForeg: type=1400 audit(0.0:8743): avc: denied { setattr } for name="model.tflite" dev="dm-2" ino=1504813 scontext=u:r:isolated_app:s0:c512,c768 tcontext=u:object_r:app_data_file:s0:c512,c768 tclass=file permissive=0
10-30 17:44:21.761   772   996 I ActivityManager: Start proc 21673:com.android.chrome:sandboxed_process9/u0i46 for webview_service com.android.chrome/org.chromium.content.app.SandboxedProcessService9
10-30 17:44:21.762 21673 21673 E /system/bin/webview_zygote32: failed to make and chown /acct/uid_99046: Permission denied
10-30 17:44:21.762 21673 21673 E Zygote  : createProcessGroup(99046, 0) failed: Permission denied
10-30 17:44:21.765 21601 21636 I chromium: [INFO:child_process_service.cc(69)] ChildProcessService: Exiting child process.
10-30 17:44:21.774   422   422 E lowmemorykiller: Error writing /proc/21601/oom_score_adj; errno=22
10-30 17:44:21.775   772  4540 I ActivityManager: Killing 21601:com.android.chrome:sandboxed_process5/u0a60i42 (adj 0): isolated not needed
10-30 17:44:21.775   772   790 W zygote64: failed to open /acct/uid_99042/pid_21601/cgroup.procs: No such file or directory
10-30 17:44:21.784 21681 21681 W ThreadPoolForeg: type=1400 audit(0.0:8744): avc: denied { setattr } for name="model-info.pb" dev="dm-2" ino=1504815 scontext=u:r:isolated_app:s0:c512,c768 tcontext=u:object_r:app_data_file:s0:c512,c768 tclass=file permissive=0
10-30 17:44:21.784 21252 21252 W chromium: [WARNING:compositor_view.cc(342)] Child process died (type=6) pid=21489)
10-30 17:44:21.798 21644 21644 I cr_SplitCompatApp: Launched version=106.0.5249.79 minSdkVersion=24 isBundle=true processName=com.android.chrome:sandboxed_process8 isIsolated=true
10-30 17:44:21.799 21673 21673 I SamplingProfilerIntegration: Profiling disabled.
10-30 17:44:21.802 21637 21637 I cr_SplitCompatApp: Launched version=106.0.5249.79 minSdkVersion=24 isBundle=true processName=com.android.chrome:sandboxed_process7 isIsolated=true
10-30 17:44:21.808 21681 21681 W ThreadPoolForeg: type=1400 audit(0.0:8745): avc: denied { setattr } for name="model.tflite" dev="dm-2" ino=1504801 scontext=u:r:isolated_app:s0:c512,c768 tcontext=u:object_r:app_data_file:s0:c512,c768 tclass=file permissive=0
10-30 17:44:21.808 21252 21252 W chromium: [WARNING:compositor_view.cc(342)] Child process died (type=6) pid=21601)
10-30 17:44:21.809 21644 21644 W SystemServiceRegistry: No service published for: uimode
10-30 17:44:21.811 21637 21637 W SystemServiceRegistry: No service published for: uimode
10-30 17:44:21.814   772 13021 I ActivityManager: Start proc 21693:com.android.chrome:sandboxed_process10/u0i47 for webview_service com.android.chrome/org.chromium.content.app.SandboxedProcessService10
10-30 17:44:21.818 21637 21637 I cr_ChildProcessService: Creating new ChildProcessService pid=21637
10-30 17:44:21.818 21615 21662 I chromium: [INFO:child_process_service.cc(69)] ChildProcessService: Exiting child process.
10-30 17:44:21.819 21693 21693 E /system/bin/webview_zygote32: failed to make and chown /acct/uid_99047: Permission denied
10-30 17:44:21.819 21693 21693 E Zygote  : createProcessGroup(99047, 0) failed: Permission denied
10-30 17:44:21.821   772   781 I zygote64: Background concurrent copying GC freed 103491(6MB) AllocSpace objects, 191(6MB) LOS objects, 42% free, 18MB/32MB, paused 358us total 139.544ms
10-30 17:44:21.822 21644 21644 I cr_ChildProcessService: Creating new ChildProcessService pid=21644
10-30 17:44:21.828 21522 21544 I tflite  : Initialized TensorFlow Lite runtime.
10-30 17:44:21.833 21307 21346 I tflite  : Initialized TensorFlow Lite runtime.
10-30 17:44:21.836   422   422 E lowmemorykiller: Error writing /proc/21615/oom_score_adj; errno=22
10-30 17:44:21.836   772 10860 I ActivityManager: Killing 21615:com.android.chrome:sandboxed_process6/u0a60i43 (adj 0): isolated not needed
10-30 17:44:21.836   772   790 W zygote64: failed to open /acct/uid_99043/pid_21615/cgroup.procs: No such file or directory
10-30 17:44:21.838 21637 21637 E WebViewFactory: can't load with relro file; address space not reserved
10-30 17:44:21.842 21706 21706 E asset   : setgid: Operation not permitted
10-30 17:44:21.843 21644 21644 E WebViewFactory: can't load with relro file; address space not reserved
10-30 17:44:21.849 21644 21700 I cr_LibraryLoader: Successfully loaded native library
10-30 17:44:21.850 21644 21700 I cr_CachingUmaRecorder: Flushed 3 samples from 3 histograms.
10-30 17:44:21.853 21637 21698 I cr_LibraryLoader: Successfully loaded native library
10-30 17:44:21.854 21637 21698 I cr_CachingUmaRecorder: Flushed 3 samples from 3 histograms.
10-30 17:44:21.860 21252 21252 W chromium: [WARNING:compositor_view.cc(342)] Child process died (type=6) pid=21615)
10-30 17:44:21.862 21693 21693 I SamplingProfilerIntegration: Profiling disabled.
10-30 17:44:21.868 21710 21710 W ThreadPoolForeg: type=1400 audit(0.0:8746): avc: denied { setattr } for name="model-info.pb" dev="dm-2" ino=1504802 scontext=u:r:isolated_app:s0:c512,c768 tcontext=u:object_r:app_data_file:s0:c512,c768 tclass=file permissive=0
10-30 17:44:21.871 21710 21710 W ThreadPoolForeg: type=1400 audit(0.0:8747): avc: denied { setattr } for name="model.tflite" dev="dm-2" ino=1504812 scontext=u:r:isolated_app:s0:c512,c768 tcontext=u:object_r:app_data_file:s0:c512,c768 tclass=file permissive=0
10-30 17:44:21.874 21673 21673 I cr_SplitCompatApp: Launched version=106.0.5249.79 minSdkVersion=24 isBundle=true processName=com.android.chrome:sandboxed_process9 isIsolated=true
10-30 17:44:21.877 21644 21700 I chromium: [INFO:child_process_service.cc(69)] ChildProcessService: Exiting child process.
10-30 17:44:21.879   422   422 E lowmemorykiller: Error writing /proc/21644/oom_score_adj; errno=22
10-30 17:44:21.880   772  1324 I ActivityManager: Killing 21644:com.android.chrome:sandboxed_process8/u0a60i45 (adj 0): isolated not needed
10-30 17:44:21.880 21673 21673 W SystemServiceRegistry: No service published for: uimode
10-30 17:44:21.880   772   790 W zygote64: failed to open /acct/uid_99045/pid_21644/cgroup.procs: No such file or directory
10-30 17:44:21.882 21722 21722 E asset   : setgid: Operation not permitted
10-30 17:44:21.884 21718 21718 W ThreadPoolForeg: type=1400 audit(0.0:8748): avc: denied { setattr } for name="model-info.pb" dev="dm-2" ino=1504802 scontext=u:r:isolated_app:s0:c512,c768 tcontext=u:object_r:app_data_file:s0:c512,c768 tclass=file permissive=0
10-30 17:44:21.888 21718 21718 W ThreadPoolForeg: type=1400 audit(0.0:8749): avc: denied { setattr } for name="model.tflite" dev="dm-2" ino=1504808 scontext=u:r:isolated_app:s0:c512,c768 tcontext=u:object_r:app_data_file:s0:c512,c768 tclass=file permissive=0
10-30 17:44:21.889 21673 21673 I cr_ChildProcessService: Creating new ChildProcessService pid=21673
10-30 17:44:21.894 21637 21698 I chromium: [INFO:child_process_service.cc(69)] ChildProcessService: Exiting child process.
10-30 17:44:21.896   422   422 E lowmemorykiller: Error writing /proc/21637/oom_score_adj; errno=22
10-30 17:44:21.897   772  3037 I ActivityManager: Killing 21637:com.android.chrome:sandboxed_process7/u0a60i44 (adj 0): isolated not needed
10-30 17:44:21.898   772   790 W zygote64: failed to open /acct/uid_99044/pid_21637/cgroup.procs: No such file or directory
10-30 17:44:21.901 21673 21673 E WebViewFactory: can't load with relro file; address space not reserved
10-30 17:44:21.909 21673 21723 I cr_LibraryLoader: Successfully loaded native library
10-30 17:44:21.910 21673 21723 I cr_CachingUmaRecorder: Flushed 3 samples from 3 histograms.
10-30 17:44:21.914 21693 21693 I cr_SplitCompatApp: Launched version=106.0.5249.79 minSdkVersion=24 isBundle=true processName=com.android.chrome:sandboxed_process10 isIsolated=true
10-30 17:44:21.918 21693 21693 W SystemServiceRegistry: No service published for: uimode
10-30 17:44:21.924 21252 21252 W chromium: [WARNING:compositor_view.cc(342)] Child process died (type=6) pid=21644)
10-30 17:44:21.925 21693 21693 I cr_ChildProcessService: Creating new ChildProcessService pid=21693
10-30 17:44:21.927 21252 21252 W chromium: [WARNING:compositor_view.cc(342)] Child process died (type=6) pid=21637)
10-30 17:44:21.934 21727 21727 W ThreadPoolForeg: type=1400 audit(0.0:8750): avc: denied { setattr } for name="model-info.pb" dev="dm-2" ino=1504802 scontext=u:r:isolated_app:s0:c512,c768 tcontext=u:object_r:app_data_file:s0:c512,c768 tclass=file permissive=0
10-30 17:44:21.934 21727 21727 W ThreadPoolForeg: type=1400 audit(0.0:8751): avc: denied { setattr } for name="model.tflite" dev="dm-2" ino=1504807 scontext=u:r:isolated_app:s0:c512,c768 tcontext=u:object_r:app_data_file:s0:c512,c768 tclass=file permissive=0
10-30 17:44:21.936 21693 21693 E WebViewFactory: can't load with relro file; address space not reserved
10-30 17:44:21.945 21673 21723 I chromium: [INFO:child_process_service.cc(69)] ChildProcessService: Exiting child process.
10-30 17:44:21.952 21693 21731 I cr_LibraryLoader: Successfully loaded native library
10-30 17:44:21.952 21693 21731 I cr_CachingUmaRecorder: Flushed 3 samples from 3 histograms.
10-30 17:44:21.952   422   422 E lowmemorykiller: Error writing /proc/21673/oom_score_adj; errno=22
10-30 17:44:21.953   772  4539 I ActivityManager: Killing 21673:com.android.chrome:sandboxed_process9/u0a60i46 (adj 0): isolated not needed
10-30 17:44:21.954   772   790 W zygote64: failed to open /acct/uid_99046/pid_21673/cgroup.procs: No such file or directory
10-30 17:44:21.974 21734 21734 W ThreadPoolForeg: type=1400 audit(0.0:8752): avc: denied { setattr } for name="model-info.pb" dev="dm-2" ino=1504802 scontext=u:r:isolated_app:s0:c512,c768 tcontext=u:object_r:app_data_file:s0:c512,c768 tclass=file permissive=0
10-30 17:44:21.976 21252 21252 W chromium: [WARNING:compositor_view.cc(342)] Child process died (type=6) pid=21673)
10-30 17:44:21.981 21734 21734 W ThreadPoolForeg: type=1400 audit(0.0:8753): avc: denied { setattr } for name="model.tflite" dev="dm-2" ino=1504811 scontext=u:r:isolated_app:s0:c512,c768 tcontext=u:object_r:app_data_file:s0:c512,c768 tclass=file permissive=0
10-30 17:44:21.989 21693 21731 I chromium: [INFO:child_process_service.cc(69)] ChildProcessService: Exiting child process.
10-30 17:44:21.991   422   422 E lowmemorykiller: Error writing /proc/21693/oom_score_adj; errno=22
10-30 17:44:21.991   772   996 I ActivityManager: Killing 21693:com.android.chrome:sandboxed_process10/u0a60i47 (adj 0): isolated not needed
10-30 17:44:21.992   772   790 W zygote64: failed to open /acct/uid_99047/pid_21693/cgroup.procs: No such file or directory
10-30 17:44:22.005 21252 21252 W chromium: [WARNING:compositor_view.cc(342)] Child process died (type=6) pid=21693)
10-30 17:44:22.633 21252 21252 W chromium: [WARNING:controller_impl.cc(1190)] Background download complete, client: 6, completion type: 0, file size:9419
10-30 17:44:22.662 21743 21743 E /system/bin/webview_zygote32: failed to make and chown /acct/uid_99048: Permission denied
10-30 17:44:22.662 21743 21743 E Zygote  : createProcessGroup(99048, 0) failed: Permission denied
10-30 17:44:22.662   772  1327 I ActivityManager: Start proc 21743:com.android.chrome:sandboxed_process11/u0i48 for webview_service com.android.chrome/org.chromium.content.app.SandboxedProcessService11
10-30 17:44:22.686 21743 21743 I SamplingProfilerIntegration: Profiling disabled.
10-30 17:44:22.703 21756 21756 E asset   : setgid: Operation not permitted
10-30 17:44:22.734 21743 21743 I cr_SplitCompatApp: Launched version=106.0.5249.79 minSdkVersion=24 isBundle=true processName=com.android.chrome:sandboxed_process11 isIsolated=true
10-30 17:44:22.738 21743 21743 W SystemServiceRegistry: No service published for: uimode
10-30 17:44:22.746 21743 21743 I cr_ChildProcessService: Creating new ChildProcessService pid=21743
10-30 17:44:22.752 21743 21743 E WebViewFactory: can't load with relro file; address space not reserved
10-30 17:44:22.765 21743 21759 I cr_LibraryLoader: Successfully loaded native library
10-30 17:44:22.766 21743 21759 I cr_CachingUmaRecorder: Flushed 3 samples from 3 histograms.
10-30 17:44:22.781 21765 21765 W ThreadPoolForeg: type=1400 audit(0.0:8754): avc: denied { setattr } for name="model-info.pb" dev="dm-2" ino=1504815 scontext=u:r:isolated_app:s0:c512,c768 tcontext=u:object_r:app_data_file:s0:c512,c768 tclass=file permissive=0
10-30 17:44:22.784 21765 21765 W ThreadPoolForeg: type=1400 audit(0.0:8755): avc: denied { setattr } for name="model.tflite" dev="dm-2" ino=1504816 scontext=u:r:isolated_app:s0:c512,c768 tcontext=u:object_r:app_data_file:s0:c512,c768 tclass=file permissive=0
10-30 17:44:22.790 21743 21759 I chromium: [INFO:child_process_service.cc(69)] ChildProcessService: Exiting child process.
10-30 17:44:22.793   422   422 E lowmemorykiller: Error writing /proc/21743/oom_score_adj; errno=22
10-30 17:44:22.794   772  3041 I ActivityManager: Killing 21743:com.android.chrome:sandboxed_process11/u0a60i48 (adj 0): isolated not needed
10-30 17:44:22.794   772   790 W zygote64: failed to open /acct/uid_99048/pid_21743/cgroup.procs: No such file or directory
10-30 17:44:22.818 21252 21252 W chromium: [WARNING:compositor_view.cc(342)] Child process died (type=6) pid=21743)
10-30 17:44:23.947 21252 21335 I cr_omaha: OmahaBase::generateAndPostRequest(): Sending request to Omaha:
10-30 17:44:23.947 21252 21335 I cr_omaha: <?xml version='1.0' encoding='UTF-8' standalone='yes' ?><request protocol="3.0" updater="Android" updaterversion="106.0.5249.79" updaterchannel="chrome" ismachine="1" requestid="{770a051e-a2af-45ec-9dbf-2778f3da81ee}" sessionid="{d5adbac3-8228-4d63-ab12-ba883ec7cab7}" installsource="system_image" dedup="cr"><os platform="android" version="8.0.0" arch="arm" /><app brand="" client="ms-android-google" appid="{387E11AD-7109-45F6-83CF-CAA241ADC9DF}" version="106.0.5249.79" nextversion="" lang="en-US" installage="-1" ap="chrome;google;nexus 5x"><event eventtype="2" eventresult="1" /></app></request>
10-30 17:44:24.077 21252 21335 I cr_omaha: OmahaBase::generateAndPostRequest(): Received response from Omaha:
10-30 17:44:24.077 21252 21335 I cr_omaha: <?xml version="1.0" encoding="UTF-8"?><response protocol="3.0" server="prod"><daystart elapsed_days="5781" elapsed_seconds="35062"/><app appid="{387E11AD-7109-45F6-83CF-CAA241ADC9DF}" status="ok"><event status="ok"/></app></response>
10-30 17:44:24.096 21252 21335 I cr_omaha: Request to Server Successful. Timestamp for next request:1667151864095
10-30 17:44:24.127 21252 21335 I cr_omaha: OmahaBase::generateAndPostRequest(): Sending request to Omaha:
10-30 17:44:24.127 21252 21335 I cr_omaha: <?xml version='1.0' encoding='UTF-8' standalone='yes' ?><request protocol="3.0" updater="Android" updaterversion="106.0.5249.79" updaterchannel="chrome" ismachine="1" requestid="{908bf3ad-bb32-4901-84cb-e12d2e2795f3}" sessionid="{d5adbac3-8228-4d63-ab12-ba883ec7cab7}" installsource="system_image" dedup="cr"><os platform="android" version="8.0.0" arch="arm" /><app brand="" client="ms-android-google" appid="{387E11AD-7109-45F6-83CF-CAA241ADC9DF}" version="106.0.5249.79" nextversion="" lang="en-US" installage="0" ap="chrome;google;nexus 5x"><updatecheck /><ping active="1" ad="5781" rd="5781" /></app></request>
10-30 17:44:24.161 21252 21335 I cr_omaha: OmahaBase::generateAndPostRequest(): Received response from Omaha:
10-30 17:44:24.161 21252 21335 I cr_omaha: <?xml version="1.0" encoding="UTF-8"?><response protocol="3.0" server="prod"><daystart elapsed_days="5781" elapsed_seconds="35062"/><app appid="{387E11AD-7109-45F6-83CF-CAA241ADC9DF}" cohort="1:hyx:" cohortname="Stable Chrome" status="ok"><updatecheck status="noupdate"/><ping status="ok"/></app></response>
10-30 17:44:24.163 21252 21335 I cr_omaha: Request to Server Successful. Timestamp for next request:1667151864163
10-30 17:44:24.163 21252 21335 I cr_omaha: Attempting to schedule next job for: Sun Oct 30 22:44:23 GMT+01:00 2022
10-30 17:44:24.167 21252 21252 I cr_omaha: Scheduled using JobService
10-30 17:44:24.170 21252 21252 E cr_BkgrdTaskJS: Tried finishing non-current BackgroundTask.
10-30 17:44:24.893  4135  4323 I Icing   : IndexChimeraService.getServiceInterface callingPackage=com.google.android.gms componentName=null serviceId=30
10-30 17:44:24.906  4135  4135 D BoundBrokerSvc: onBind: Intent { act=com.google.android.gms.common.BIND_SHARED_PREFS pkg=com.google.android.gms }
10-30 17:44:24.906  4135  4135 D BoundBrokerSvc: Loading bound service for intent: Intent { act=com.google.android.gms.common.BIND_SHARED_PREFS pkg=com.google.android.gms }
10-30 17:44:24.911  4135  4135 D BoundBrokerSvc: onUnbind: Intent { act=com.google.android.gms.common.BIND_SHARED_PREFS pkg=com.google.android.gms }
10-30 17:44:24.913  4135 17366 I GmsCoreXrpcWrapper: Returning a channel provider with trafficStatsTag=12803 trafficStatsUid=-1
10-30 17:44:25.089  4135 17366 I Icing   : Usage reports ok 4, Failed Usage reports 0, indexed 2, rejected 0
10-30 17:44:29.531 21252 21252 E cr_BTSPrefs: No data found for task id: 56
10-30 17:44:29.532 21252 21252 E cr_BkgrdTaskScheduler: Task cannot be canceled because no data was found instorage or data was invalid
10-30 17:44:32.630 21252 21252 I cr_tabmodel: Appending tabs being restored to metadata lists, 0, startingNormalCount: 2, startingIncognitoCount: 0
10-30 17:44:32.630 21252 21252 I cr_tabmodel: Serializing tab lists; counts: 2, 0
10-30 17:44:33.232 21252 21252 I cr_tabmodel: Appending tabs being restored to metadata lists, 0, startingNormalCount: 2, startingIncognitoCount: 0
10-30 17:44:33.233 21252 21252 I cr_tabmodel: Serializing tab lists; counts: 2, 0
10-30 17:45:10.848 21252 21252 I cr_media: Create MediaDrmBridge with level L3 and origin B712469F5C43A814C734BF6F39E809D2
10-30 17:45:10.853   361   361 W /system/bin/hwservicemanager: getTransportFromManifest: Cannot find entry android.hardware.drm@1.0::IDrmFactory in either framework or device manifest, using default transport.
10-30 17:45:10.898   562   562 I DrmHal  : makeDrmFactories: using default drm instance
10-30 17:45:10.902   361   361 W /system/bin/hwservicemanager: getTransportFromManifest: Cannot find entry android.hardware.drm@1.0::IDrmFactory in either framework or device manifest, using default transport.
10-30 17:45:10.946   562 19050 I DrmHal  : makeDrmFactories: using default drm instance
10-30 17:45:10.947   562  5487 D WVCdm   : Instantiating CDM.
10-30 17:45:10.964   562 19051 I WVCdm   : CdmEngine::QueryStatus
10-30 17:45:10.965   562 19051 I WVCdm   : Level3 Library 4445 May 19 2017 17:17:20
10-30 17:45:10.973   562 19051 D QSEECOMAPI: : QSEECom_get_handle sb_length = 0x19000
10-30 17:45:10.973   562 19051 D QSEECOMAPI: : App is not loaded in QSEE
10-30 17:45:11.033   562 19051 D QSEECOMAPI: : Loaded image: APP id = 698
10-30 17:45:11.037   562 19051 D QSAPPSVER: qsapps_get_capabilities: Capability from secure side: 0x0
10-30 17:45:11.037   562 19051 D QSAPPSVER: qsapps_get_capabilities: returns 0
10-30 17:45:11.037   562 19051 E DrmWidevineDash: sion_buffer g_wv_fhandle->ion_sbuffer  0x0xf0138000
10-30 17:45:11.040   372   376 D DrmLibTime: got the req here! ret=0
10-30 17:45:11.040   372   376 D DrmLibTime: command id, time_cmd_id = 770
10-30 17:45:11.040   372   376 D DrmLibTime: time_getutcsec starts!
10-30 17:45:11.040   372   376 D DrmLibTime: QSEE Time Listener: time_getutcsec
10-30 17:45:11.040   372   376 D DrmLibTime: QSEE Time Listener: get_utc_seconds
10-30 17:45:11.040   372   376 D DrmLibTime: QSEE Time Listener: time_get_modem_time
10-30 17:45:11.040   372   376 D DrmLibTime: QSEE Time Listener: Checking if ATS_MODEM is set or not.
10-30 17:45:11.040   372   376 D QC-time-services: Lib:time_genoff_operation: pargs->base = 13
10-30 17:45:11.040   372   376 D QC-time-services: Lib:time_genoff_operation: pargs->operation = 2
10-30 17:45:11.040   372   376 D QC-time-services: Lib:time_genoff_operation: pargs->ts_val = 0
10-30 17:45:11.041   372   376 D QC-time-services: Lib:time_genoff_operation: Send to server  passed!!
10-30 17:45:11.041   625   647 D QC-time-services: Daemon: Connection accepted:time_genoff
10-30 17:45:11.041   625 21783 D QC-time-services: Daemon:Received base = 13, unit = 1, operation = 2,value = 0
10-30 17:45:11.041   625 21783 D QC-time-services: Daemon:genoff_opr: Base = 13, val = 0, operation = 2
10-30 17:45:11.042   625 21783 D QC-time-services: offset is: 0 for base: 13
10-30 17:45:11.042   372   376 E QC-time-services: Receive Passed == base = 13, unit = 1, operation = 2, result = 0
10-30 17:45:11.042   372   376 D DrmLibTime: QSEE Time Listener: ATS_MODEM is not set. Fallback to Android system time.
10-30 17:45:11.042   372   376 D DrmLibTime: QSEE Time Listener: Retrieved Android system time: 1667148311
10-30 17:45:11.042   372   376 D DrmLibTime: time_getutcsec returns 0, sec = 1667148311; nsec = 0
10-30 17:45:11.042   372   376 D DrmLibTime: time_getutcsec finished! 
10-30 17:45:11.042   372   376 D DrmLibTime: iotcl_continue_command finished! and return 0 
10-30 17:45:11.042   372   376 D DrmLibTime: before calling ioctl to read the next time_cmd
10-30 17:45:11.042   625   647 E QC-time-services: Daemon: Time-services: Waiting to acceptconnection
10-30 17:45:11.077   562 19051 D WVCdm   : OEMCrypto_Initialize Level 1 success. I will use level 1.
10-30 17:45:11.079   562 19051 D QSEECOMAPI: : QSEECom_dealloc_memory 
10-30 17:45:11.079   562 19051 D QSEECOMAPI: : QSEECom_shutdown_app, app_id = 698
10-30 17:45:11.088   562   644 I WVCdm   : CdmEngine::OpenSession
10-30 17:45:11.088   562   644 I WVCdm   : Level3 Library 4445 May 19 2017 17:17:20
10-30 17:45:11.094   562   644 D QSEECOMAPI: : QSEECom_get_handle sb_length = 0x19000
10-30 17:45:11.094   562   644 D QSEECOMAPI: : App is not loaded in QSEE
10-30 17:45:11.145   562   644 D QSEECOMAPI: : Loaded image: APP id = 699
10-30 17:45:11.149   562   644 D QSAPPSVER: qsapps_get_capabilities: Capability from secure side: 0x0
10-30 17:45:11.149   562   644 D QSAPPSVER: qsapps_get_capabilities: returns 0
10-30 17:45:11.149   562   644 E DrmWidevineDash: sion_buffer g_wv_fhandle->ion_sbuffer  0x0xf0138000
10-30 17:45:11.152   372   376 D DrmLibTime: got the req here! ret=0
10-30 17:45:11.152   372   376 D DrmLibTime: command id, time_cmd_id = 770
10-30 17:45:11.152   372   376 D DrmLibTime: time_getutcsec starts!
10-30 17:45:11.152   372   376 D DrmLibTime: QSEE Time Listener: time_getutcsec
10-30 17:45:11.152   372   376 D DrmLibTime: QSEE Time Listener: get_utc_seconds
10-30 17:45:11.152   372   376 D DrmLibTime: QSEE Time Listener: time_get_modem_time
10-30 17:45:11.152   372   376 D DrmLibTime: QSEE Time Listener: Checking if ATS_MODEM is set or not.
10-30 17:45:11.152   372   376 D QC-time-services: Lib:time_genoff_operation: pargs->base = 13
10-30 17:45:11.152   372   376 D QC-time-services: Lib:time_genoff_operation: pargs->operation = 2
10-30 17:45:11.152   372   376 D QC-time-services: Lib:time_genoff_operation: pargs->ts_val = 0
10-30 17:45:11.152   372   376 D QC-time-services: Lib:time_genoff_operation: Send to server  passed!!
10-30 17:45:11.152   625   647 D QC-time-services: Daemon: Connection accepted:time_genoff
10-30 17:45:11.153   625 21784 D QC-time-services: Daemon:Received base = 13, unit = 1, operation = 2,value = 0
10-30 17:45:11.153   625 21784 D QC-time-services: Daemon:genoff_opr: Base = 13, val = 0, operation = 2
10-30 17:45:11.153   625 21784 D QC-time-services: offset is: 0 for base: 13
10-30 17:45:11.153   372   376 E QC-time-services: Receive Passed == base = 13, unit = 1, operation = 2, result = 0
10-30 17:45:11.153   372   376 D DrmLibTime: QSEE Time Listener: ATS_MODEM is not set. Fallback to Android system time.
10-30 17:45:11.153   372   376 D DrmLibTime: QSEE Time Listener: Retrieved Android system time: 1667148311
10-30 17:45:11.153   372   376 D DrmLibTime: time_getutcsec returns 0, sec = 1667148311; nsec = 0
10-30 17:45:11.153   372   376 D DrmLibTime: time_getutcsec finished! 
10-30 17:45:11.153   372   376 D DrmLibTime: iotcl_continue_command finished! and return 0 
10-30 17:45:11.153   372   376 D DrmLibTime: before calling ioctl to read the next time_cmd
10-30 17:45:11.153   625   647 E QC-time-services: Daemon: Time-services: Waiting to acceptconnection
10-30 17:45:11.175   562   644 D WVCdm   : OEMCrypto_Initialize Level 1 success. I will use level 1.
10-30 17:45:11.175   562   644 D WVCdm   : CryptoSession::Open: Lock: requested_security_level: L3
10-30 17:45:11.180   562   644 W WVCdm   : DeviceFiles::RetrieveHashedFile: /data/mediadrm/IDM1013/L3/cert.bin does not exist
10-30 17:45:11.181   562   644 D QSEECOMAPI: : QSEECom_dealloc_memory 
10-30 17:45:11.181   562   644 D QSEECOMAPI: : QSEECom_shutdown_app, app_id = 699
10-30 17:45:11.186   562 19050 I WVCdm   : Level3 Library 4445 May 19 2017 17:17:20
10-30 17:45:11.190   562 19050 D QSEECOMAPI: : QSEECom_get_handle sb_length = 0x19000
10-30 17:45:11.190   562 19050 D QSEECOMAPI: : App is not loaded in QSEE
10-30 17:45:11.238   562 19050 D QSEECOMAPI: : Loaded image: APP id = 700
10-30 17:45:11.242   562 19050 D QSAPPSVER: qsapps_get_capabilities: Capability from secure side: 0x0
10-30 17:45:11.242   562 19050 D QSAPPSVER: qsapps_get_capabilities: returns 0
10-30 17:45:11.242   562 19050 E DrmWidevineDash: sion_buffer g_wv_fhandle->ion_sbuffer  0x0xf0138000
10-30 17:45:11.246   372   376 D DrmLibTime: got the req here! ret=0
10-30 17:45:11.246   372   376 D DrmLibTime: command id, time_cmd_id = 770
10-30 17:45:11.246   372   376 D DrmLibTime: time_getutcsec starts!
10-30 17:45:11.246   372   376 D DrmLibTime: QSEE Time Listener: time_getutcsec
10-30 17:45:11.246   372   376 D DrmLibTime: QSEE Time Listener: get_utc_seconds
10-30 17:45:11.246   372   376 D DrmLibTime: QSEE Time Listener: time_get_modem_time
10-30 17:45:11.246   372   376 D DrmLibTime: QSEE Time Listener: Checking if ATS_MODEM is set or not.
10-30 17:45:11.246   372   376 D QC-time-services: Lib:time_genoff_operation: pargs->base = 13
10-30 17:45:11.246   372   376 D QC-time-services: Lib:time_genoff_operation: pargs->operation = 2
10-30 17:45:11.246   372   376 D QC-time-services: Lib:time_genoff_operation: pargs->ts_val = 0
10-30 17:45:11.246   372   376 D QC-time-services: Lib:time_genoff_operation: Send to server  passed!!
10-30 17:45:11.246   625   647 D QC-time-services: Daemon: Connection accepted:time_genoff
10-30 17:45:11.247   625 21785 D QC-time-services: Daemon:Received base = 13, unit = 1, operation = 2,value = 0
10-30 17:45:11.247   625 21785 D QC-time-services: Daemon:genoff_opr: Base = 13, val = 0, operation = 2
10-30 17:45:11.247   625 21785 D QC-time-services: offset is: 0 for base: 13
10-30 17:45:11.247   372   376 E QC-time-services: Receive Passed == base = 13, unit = 1, operation = 2, result = 0
10-30 17:45:11.247   372   376 D DrmLibTime: QSEE Time Listener: ATS_MODEM is not set. Fallback to Android system time.
10-30 17:45:11.247   372   376 D DrmLibTime: QSEE Time Listener: Retrieved Android system time: 1667148311
10-30 17:45:11.247   372   376 D DrmLibTime: time_getutcsec returns 0, sec = 1667148311; nsec = 0
10-30 17:45:11.247   372   376 D DrmLibTime: time_getutcsec finished! 
10-30 17:45:11.247   372   376 D DrmLibTime: iotcl_continue_command finished! and return 0 
10-30 17:45:11.247   372   376 D DrmLibTime: before calling ioctl to read the next time_cmd
10-30 17:45:11.247   625   647 E QC-time-services: Daemon: Time-services: Waiting to acceptconnection
10-30 17:45:11.279   562 19050 D WVCdm   : OEMCrypto_Initialize Level 1 success. I will use level 1.
10-30 17:45:11.279   562 19050 D WVCdm   : CryptoSession::Open: Lock: requested_security_level: L3
10-30 17:45:11.289 21252 21252 I cr_media: Provisioning origin ID B712469F5C43A814C734BF6F39E809D2
10-30 17:45:11.297 21252 21252 I MediaDrm: Drm event (1,0)
10-30 17:45:11.297 21252 21252 E cr_media: EventListener: No session for event 1.
10-30 17:45:11.821   562  5487 D QSEECOMAPI: : QSEECom_dealloc_memory 
10-30 17:45:11.821   562  5487 D QSEECOMAPI: : QSEECom_shutdown_app, app_id = 700
10-30 17:45:11.827 21252 21252 I cr_media: Create MediaDrmBridge with level L1 and origin B712469F5C43A814C734BF6F39E809D2
10-30 17:45:11.829   361   361 W /system/bin/hwservicemanager: getTransportFromManifest: Cannot find entry android.hardware.drm@1.0::IDrmFactory in either framework or device manifest, using default transport.
10-30 17:45:11.832   562   562 I DrmHal  : makeDrmFactories: using default drm instance
10-30 17:45:11.834   361   361 W /system/bin/hwservicemanager: getTransportFromManifest: Cannot find entry android.hardware.drm@1.0::IDrmFactory in either framework or device manifest, using default transport.
10-30 17:45:11.836   562   562 I DrmHal  : makeDrmFactories: using default drm instance
10-30 17:45:11.839   562   644 I WVCdm   : CdmEngine::QueryStatus
10-30 17:45:11.840   562   644 I WVCdm   : Level3 Library 4445 May 19 2017 17:17:20
10-30 17:45:11.844   562   644 D QSEECOMAPI: : QSEECom_get_handle sb_length = 0x19000
10-30 17:45:11.844   562   644 D QSEECOMAPI: : App is not loaded in QSEE
10-30 17:45:11.897   562   644 D QSEECOMAPI: : Loaded image: APP id = 701
10-30 17:45:11.903   562   644 D QSAPPSVER: qsapps_get_capabilities: Capability from secure side: 0x0
10-30 17:45:11.903   562   644 D QSAPPSVER: qsapps_get_capabilities: returns 0
10-30 17:45:11.903   562   644 E DrmWidevineDash: sion_buffer g_wv_fhandle->ion_sbuffer  0x0xf0138000
10-30 17:45:11.905   372   376 D DrmLibTime: got the req here! ret=0
10-30 17:45:11.905   372   376 D DrmLibTime: command id, time_cmd_id = 770
10-30 17:45:11.905   372   376 D DrmLibTime: time_getutcsec starts!
10-30 17:45:11.905   372   376 D DrmLibTime: QSEE Time Listener: time_getutcsec
10-30 17:45:11.905   372   376 D DrmLibTime: QSEE Time Listener: get_utc_seconds
10-30 17:45:11.905   372   376 D DrmLibTime: QSEE Time Listener: time_get_modem_time
10-30 17:45:11.905   372   376 D DrmLibTime: QSEE Time Listener: Checking if ATS_MODEM is set or not.
10-30 17:45:11.905   372   376 D QC-time-services: Lib:time_genoff_operation: pargs->base = 13
10-30 17:45:11.905   372   376 D QC-time-services: Lib:time_genoff_operation: pargs->operation = 2
10-30 17:45:11.905   372   376 D QC-time-services: Lib:time_genoff_operation: pargs->ts_val = 0
10-30 17:45:11.905   372   376 D QC-time-services: Lib:time_genoff_operation: Send to server  passed!!
10-30 17:45:11.906   625   647 D QC-time-services: Daemon: Connection accepted:time_genoff
10-30 17:45:11.906   625 21790 D QC-time-services: Daemon:Received base = 13, unit = 1, operation = 2,value = 0
10-30 17:45:11.906   625 21790 D QC-time-services: Daemon:genoff_opr: Base = 13, val = 0, operation = 2
10-30 17:45:11.906   625 21790 D QC-time-services: offset is: 0 for base: 13
10-30 17:45:11.906   372   376 E QC-time-services: Receive Passed == base = 13, unit = 1, operation = 2, result = 0
10-30 17:45:11.907   372   376 D DrmLibTime: QSEE Time Listener: ATS_MODEM is not set. Fallback to Android system time.
10-30 17:45:11.907   372   376 D DrmLibTime: QSEE Time Listener: Retrieved Android system time: 1667148311
10-30 17:45:11.907   372   376 D DrmLibTime: time_getutcsec returns 0, sec = 1667148311; nsec = 0
10-30 17:45:11.907   372   376 D DrmLibTime: time_getutcsec finished! 
10-30 17:45:11.907   372   376 D DrmLibTime: iotcl_continue_command finished! and return 0 
10-30 17:45:11.907   372   376 D DrmLibTime: before calling ioctl to read the next time_cmd
10-30 17:45:11.907   625   647 E QC-time-services: Daemon: Time-services: Waiting to acceptconnection
10-30 17:45:11.929   562   644 D WVCdm   : OEMCrypto_Initialize Level 1 success. I will use level 1.
10-30 17:45:11.929   562   644 D QSEECOMAPI: : QSEECom_dealloc_memory 
10-30 17:45:11.929   562   644 D QSEECOMAPI: : QSEECom_shutdown_app, app_id = 701
10-30 17:45:11.934   562 19051 I WVCdm   : CdmEngine::OpenSession
10-30 17:45:11.935   562 19051 I WVCdm   : Level3 Library 4445 May 19 2017 17:17:20
10-30 17:45:11.938   562 19051 D QSEECOMAPI: : QSEECom_get_handle sb_length = 0x19000
10-30 17:45:11.939   562 19051 D QSEECOMAPI: : App is not loaded in QSEE
10-30 17:45:11.987   562 19051 D QSEECOMAPI: : Loaded image: APP id = 702
10-30 17:45:11.990   562 19051 D QSAPPSVER: qsapps_get_capabilities: Capability from secure side: 0x0
10-30 17:45:11.990   562 19051 D QSAPPSVER: qsapps_get_capabilities: returns 0
10-30 17:45:11.990   562 19051 E DrmWidevineDash: sion_buffer g_wv_fhandle->ion_sbuffer  0x0xf01bb000
10-30 17:45:11.994   372   376 D DrmLibTime: got the req here! ret=0
10-30 17:45:11.994   372   376 D DrmLibTime: command id, time_cmd_id = 770
10-30 17:45:11.994   372   376 D DrmLibTime: time_getutcsec starts!
10-30 17:45:11.994   372   376 D DrmLibTime: QSEE Time Listener: time_getutcsec
10-30 17:45:11.994   372   376 D DrmLibTime: QSEE Time Listener: get_utc_seconds
10-30 17:45:11.994   372   376 D DrmLibTime: QSEE Time Listener: time_get_modem_time
10-30 17:45:11.994   372   376 D DrmLibTime: QSEE Time Listener: Checking if ATS_MODEM is set or not.
10-30 17:45:11.994   372   376 D QC-time-services: Lib:time_genoff_operation: pargs->base = 13
10-30 17:45:11.994   372   376 D QC-time-services: Lib:time_genoff_operation: pargs->operation = 2
10-30 17:45:11.994   372   376 D QC-time-services: Lib:time_genoff_operation: pargs->ts_val = 0
10-30 17:45:11.994   372   376 D QC-time-services: Lib:time_genoff_operation: Send to server  passed!!
10-30 17:45:11.995   625   647 D QC-time-services: Daemon: Connection accepted:time_genoff
10-30 17:45:11.995   625 21791 D QC-time-services: Daemon:Received base = 13, unit = 1, operation = 2,value = 0
10-30 17:45:11.995   625 21791 D QC-time-services: Daemon:genoff_opr: Base = 13, val = 0, operation = 2
10-30 17:45:11.995   625 21791 D QC-time-services: offset is: 0 for base: 13
10-30 17:45:11.995   372   376 E QC-time-services: Receive Passed == base = 13, unit = 1, operation = 2, result = 0
10-30 17:45:11.995   372   376 D DrmLibTime: QSEE Time Listener: ATS_MODEM is not set. Fallback to Android system time.
10-30 17:45:11.995   372   376 D DrmLibTime: QSEE Time Listener: Retrieved Android system time: 1667148311
10-30 17:45:11.995   372   376 D DrmLibTime: time_getutcsec returns 0, sec = 1667148311; nsec = 0
10-30 17:45:11.995   372   376 D DrmLibTime: time_getutcsec finished! 
10-30 17:45:11.995   372   376 D DrmLibTime: iotcl_continue_command finished! and return 0 
10-30 17:45:11.995   372   376 D DrmLibTime: before calling ioctl to read the next time_cmd
10-30 17:45:11.996   625   647 E QC-time-services: Daemon: Time-services: Waiting to acceptconnection
10-30 17:45:12.028   562 19051 D WVCdm   : OEMCrypto_Initialize Level 1 success. I will use level 1.
10-30 17:45:12.029   562 19051 D WVCdm   : CryptoSession::Open: Lock: requested_security_level: Default
10-30 17:45:12.031   562 19051 W WVCdm   : DeviceFiles::RetrieveHashedFile: /data/mediadrm/IDM1013/L1/cert.bin does not exist
10-30 17:45:12.033   562 19051 D QSEECOMAPI: : QSEECom_dealloc_memory 
10-30 17:45:12.033   562 19051 D QSEECOMAPI: : QSEECom_shutdown_app, app_id = 702
10-30 17:45:12.038   562   644 I WVCdm   : Level3 Library 4445 May 19 2017 17:17:20
10-30 17:45:12.041   562   644 D QSEECOMAPI: : QSEECom_get_handle sb_length = 0x19000
10-30 17:45:12.041   562   644 D QSEECOMAPI: : App is not loaded in QSEE
10-30 17:45:12.097   562   644 D QSEECOMAPI: : Loaded image: APP id = 703
10-30 17:45:12.102   562   644 D QSAPPSVER: qsapps_get_capabilities: Capability from secure side: 0x0
10-30 17:45:12.102   562   644 D QSAPPSVER: qsapps_get_capabilities: returns 0
10-30 17:45:12.102   562   644 E DrmWidevineDash: sion_buffer g_wv_fhandle->ion_sbuffer  0x0xf01bb000
10-30 17:45:12.105   372   376 D DrmLibTime: got the req here! ret=0
10-30 17:45:12.105   372   376 D DrmLibTime: command id, time_cmd_id = 770
10-30 17:45:12.105   372   376 D DrmLibTime: time_getutcsec starts!
10-30 17:45:12.105   372   376 D DrmLibTime: QSEE Time Listener: time_getutcsec
10-30 17:45:12.105   372   376 D DrmLibTime: QSEE Time Listener: get_utc_seconds
10-30 17:45:12.105   372   376 D DrmLibTime: QSEE Time Listener: time_get_modem_time
10-30 17:45:12.105   372   376 D DrmLibTime: QSEE Time Listener: Checking if ATS_MODEM is set or not.
10-30 17:45:12.105   372   376 D QC-time-services: Lib:time_genoff_operation: pargs->base = 13
10-30 17:45:12.105   372   376 D QC-time-services: Lib:time_genoff_operation: pargs->operation = 2
10-30 17:45:12.105   372   376 D QC-time-services: Lib:time_genoff_operation: pargs->ts_val = 0
10-30 17:45:12.105   372   376 D QC-time-services: Lib:time_genoff_operation: Send to server  passed!!
10-30 17:45:12.105   625   647 D QC-time-services: Daemon: Connection accepted:time_genoff
10-30 17:45:12.105   625 21792 D QC-time-services: Daemon:Received base = 13, unit = 1, operation = 2,value = 0
10-30 17:45:12.105   625 21792 D QC-time-services: Daemon:genoff_opr: Base = 13, val = 0, operation = 2
10-30 17:45:12.105   625 21792 D QC-time-services: offset is: 0 for base: 13
10-30 17:45:12.106   372   376 E QC-time-services: Receive Passed == base = 13, unit = 1, operation = 2, result = 0
10-30 17:45:12.106   372   376 D DrmLibTime: QSEE Time Listener: ATS_MODEM is not set. Fallback to Android system time.
10-30 17:45:12.106   372   376 D DrmLibTime: QSEE Time Listener: Retrieved Android system time: 1667148312
10-30 17:45:12.106   372   376 D DrmLibTime: time_getutcsec returns 0, sec = 1667148312; nsec = 0
10-30 17:45:12.106   372   376 D DrmLibTime: time_getutcsec finished! 
10-30 17:45:12.106   372   376 D DrmLibTime: iotcl_continue_command finished! and return 0 
10-30 17:45:12.106   372   376 D DrmLibTime: before calling ioctl to read the next time_cmd
10-30 17:45:12.106   625   647 E QC-time-services: Daemon: Time-services: Waiting to acceptconnection
10-30 17:45:12.128   562   644 D WVCdm   : OEMCrypto_Initialize Level 1 success. I will use level 1.
10-30 17:45:12.129   562   644 D WVCdm   : CryptoSession::Open: Lock: requested_security_level: Default
10-30 17:45:12.184   562   644 E DrmWidevineDash: OEMCrypto_GenerateSignature : input wrapped_rsa_key == NULL!, return short buffer
10-30 17:45:12.185 21252 21252 I cr_media: Provisioning origin ID B712469F5C43A814C734BF6F39E809D2
10-30 17:45:12.189 21252 21252 I MediaDrm: Drm event (1,0)
10-30 17:45:12.189 21252 21252 E cr_media: EventListener: No session for event 1.
10-30 17:45:12.347   562   562 E DrmWidevineDash: OEMCrypto_RewrapDeviceRSAKey : input wrapped_rsa_key == NULL!, return short buffer
10-30 17:45:12.364   562   562 D QSEECOMAPI: : QSEECom_dealloc_memory 
10-30 17:45:12.364   562   562 D QSEECOMAPI: : QSEECom_shutdown_app, app_id = 703
10-30 17:45:12.374 21252 21252 I cr_media: Create MediaDrmBridge with level L3 and origin 2614DC2F906CD79D6815035F5B17BBF1
10-30 17:45:12.376   361   361 W /system/bin/hwservicemanager: getTransportFromManifest: Cannot find entry android.hardware.drm@1.0::IDrmFactory in either framework or device manifest, using default transport.
10-30 17:45:12.432   562   644 I DrmHal  : makeDrmFactories: using default drm instance
10-30 17:45:12.434   361   361 W /system/bin/hwservicemanager: getTransportFromManifest: Cannot find entry android.hardware.drm@1.0::IDrmFactory in either framework or device manifest, using default transport.
10-30 17:45:12.470   562 19050 I DrmHal  : makeDrmFactories: using default drm instance
10-30 17:45:12.473   562 19051 D WVCdm   : Instantiating CDM.
10-30 17:45:12.475   562   562 I WVCdm   : CdmEngine::QueryStatus
10-30 17:45:12.475   562   562 I WVCdm   : Level3 Library 4445 May 19 2017 17:17:20
10-30 17:45:12.480   562   562 D QSEECOMAPI: : QSEECom_get_handle sb_length = 0x19000
10-30 17:45:12.481   562   562 D QSEECOMAPI: : App is not loaded in QSEE
10-30 17:45:12.531   562   562 D QSEECOMAPI: : Loaded image: APP id = 704
10-30 17:45:12.536   562   562 D QSAPPSVER: qsapps_get_capabilities: Capability from secure side: 0x0
10-30 17:45:12.536   562   562 D QSAPPSVER: qsapps_get_capabilities: returns 0
10-30 17:45:12.536   562   562 E DrmWidevineDash: sion_buffer g_wv_fhandle->ion_sbuffer  0x0xf0138000
10-30 17:45:12.539   372   376 D DrmLibTime: got the req here! ret=0
10-30 17:45:12.540   372   376 D DrmLibTime: command id, time_cmd_id = 770
10-30 17:45:12.540   372   376 D DrmLibTime: time_getutcsec starts!
10-30 17:45:12.540   372   376 D DrmLibTime: QSEE Time Listener: time_getutcsec
10-30 17:45:12.540   372   376 D DrmLibTime: QSEE Time Listener: get_utc_seconds
10-30 17:45:12.540   372   376 D DrmLibTime: QSEE Time Listener: time_get_modem_time
10-30 17:45:12.540   372   376 D DrmLibTime: QSEE Time Listener: Checking if ATS_MODEM is set or not.
10-30 17:45:12.540   372   376 D QC-time-services: Lib:time_genoff_operation: pargs->base = 13
10-30 17:45:12.540   372   376 D QC-time-services: Lib:time_genoff_operation: pargs->operation = 2
10-30 17:45:12.540   372   376 D QC-time-services: Lib:time_genoff_operation: pargs->ts_val = 0
