10-30 17:45:12.540   372   376 D QC-time-services: Lib:time_genoff_operation: Send to server  passed!!
10-30 17:45:12.540   625   647 D QC-time-services: Daemon: Connection accepted:time_genoff
10-30 17:45:12.540   625 21797 D QC-time-services: Daemon:Received base = 13, unit = 1, operation = 2,value = 0
10-30 17:45:12.540   625 21797 D QC-time-services: Daemon:genoff_opr: Base = 13, val = 0, operation = 2
10-30 17:45:12.540   625 21797 D QC-time-services: offset is: 0 for base: 13
10-30 17:45:12.540   372   376 E QC-time-services: Receive Passed == base = 13, unit = 1, operation = 2, result = 0
10-30 17:45:12.541   372   376 D DrmLibTime: QSEE Time Listener: ATS_MODEM is not set. Fallback to Android system time.
10-30 17:45:12.541   372   376 D DrmLibTime: QSEE Time Listener: Retrieved Android system time: 1667148312
10-30 17:45:12.541   372   376 D DrmLibTime: time_getutcsec returns 0, sec = 1667148312; nsec = 0
10-30 17:45:12.541   372   376 D DrmLibTime: time_getutcsec finished! 
10-30 17:45:12.541   372   376 D DrmLibTime: iotcl_continue_command finished! and return 0 
10-30 17:45:12.541   372   376 D DrmLibTime: before calling ioctl to read the next time_cmd
10-30 17:45:12.541   625   647 E QC-time-services: Daemon: Time-services: Waiting to acceptconnection
10-30 17:45:12.566   562   562 D WVCdm   : OEMCrypto_Initialize Level 1 success. I will use level 1.
10-30 17:45:12.567   562   562 D QSEECOMAPI: : QSEECom_dealloc_memory 
10-30 17:45:12.567   562   562 D QSEECOMAPI: : QSEECom_shutdown_app, app_id = 704
10-30 17:45:12.574   562   644 I WVCdm   : CdmEngine::OpenSession
10-30 17:45:12.574   562   644 I WVCdm   : Level3 Library 4445 May 19 2017 17:17:20
10-30 17:45:12.579   562   644 D QSEECOMAPI: : QSEECom_get_handle sb_length = 0x19000
10-30 17:45:12.579   562   644 D QSEECOMAPI: : App is not loaded in QSEE
10-30 17:45:12.629   562   644 D QSEECOMAPI: : Loaded image: APP id = 705
10-30 17:45:12.632   562   644 D QSAPPSVER: qsapps_get_capabilities: Capability from secure side: 0x0
10-30 17:45:12.632   562   644 D QSAPPSVER: qsapps_get_capabilities: returns 0
10-30 17:45:12.632   562   644 E DrmWidevineDash: sion_buffer g_wv_fhandle->ion_sbuffer  0x0xf0138000
10-30 17:45:12.637   372   376 D DrmLibTime: got the req here! ret=0
10-30 17:45:12.637   372   376 D DrmLibTime: command id, time_cmd_id = 770
10-30 17:45:12.637   372   376 D DrmLibTime: time_getutcsec starts!
10-30 17:45:12.637   372   376 D DrmLibTime: QSEE Time Listener: time_getutcsec
10-30 17:45:12.637   372   376 D DrmLibTime: QSEE Time Listener: get_utc_seconds
10-30 17:45:12.637   372   376 D DrmLibTime: QSEE Time Listener: time_get_modem_time
10-30 17:45:12.637   372   376 D DrmLibTime: QSEE Time Listener: Checking if ATS_MODEM is set or not.
10-30 17:45:12.637   372   376 D QC-time-services: Lib:time_genoff_operation: pargs->base = 13
10-30 17:45:12.637   372   376 D QC-time-services: Lib:time_genoff_operation: pargs->operation = 2
10-30 17:45:12.637   372   376 D QC-time-services: Lib:time_genoff_operation: pargs->ts_val = 0
10-30 17:45:12.637   372   376 D QC-time-services: Lib:time_genoff_operation: Send to server  passed!!
10-30 17:45:12.637   625   647 D QC-time-services: Daemon: Connection accepted:time_genoff
10-30 17:45:12.638   625 21799 D QC-time-services: Daemon:Received base = 13, unit = 1, operation = 2,value = 0
10-30 17:45:12.638   625 21799 D QC-time-services: Daemon:genoff_opr: Base = 13, val = 0, operation = 2
10-30 17:45:12.638   625 21799 D QC-time-services: offset is: 0 for base: 13
10-30 17:45:12.638   372   376 E QC-time-services: Receive Passed == base = 13, unit = 1, operation = 2, result = 0
10-30 17:45:12.638   372   376 D DrmLibTime: QSEE Time Listener: ATS_MODEM is not set. Fallback to Android system time.
10-30 17:45:12.638   372   376 D DrmLibTime: QSEE Time Listener: Retrieved Android system time: 1667148312
10-30 17:45:12.638   372   376 D DrmLibTime: time_getutcsec returns 0, sec = 1667148312; nsec = 0
10-30 17:45:12.638   372   376 D DrmLibTime: time_getutcsec finished! 
10-30 17:45:12.638   372   376 D DrmLibTime: iotcl_continue_command finished! and return 0 
10-30 17:45:12.638   372   376 D DrmLibTime: before calling ioctl to read the next time_cmd
10-30 17:45:12.638   625   647 E QC-time-services: Daemon: Time-services: Waiting to acceptconnection
10-30 17:45:12.676   562   644 D WVCdm   : OEMCrypto_Initialize Level 1 success. I will use level 1.
10-30 17:45:12.676   562   644 D WVCdm   : CryptoSession::Open: Lock: requested_security_level: L3
10-30 17:45:12.683   562   644 W WVCdm   : DeviceFiles::RetrieveHashedFile: /data/mediadrm/IDM1013/L3/cert.bin does not exist
10-30 17:45:12.685   562   644 D QSEECOMAPI: : QSEECom_dealloc_memory 
10-30 17:45:12.685   562   644 D QSEECOMAPI: : QSEECom_shutdown_app, app_id = 705
10-30 17:45:12.693   562 19051 I WVCdm   : Level3 Library 4445 May 19 2017 17:17:20
10-30 17:45:12.697   562 19051 D QSEECOMAPI: : QSEECom_get_handle sb_length = 0x19000
10-30 17:45:12.697   562 19051 D QSEECOMAPI: : App is not loaded in QSEE
10-30 17:45:12.752   562 19051 D QSEECOMAPI: : Loaded image: APP id = 706
10-30 17:45:12.758   562 19051 D QSAPPSVER: qsapps_get_capabilities: Capability from secure side: 0x0
10-30 17:45:12.758   562 19051 D QSAPPSVER: qsapps_get_capabilities: returns 0
10-30 17:45:12.758   562 19051 E DrmWidevineDash: sion_buffer g_wv_fhandle->ion_sbuffer  0x0xf0138000
10-30 17:45:12.760   372   376 D DrmLibTime: got the req here! ret=0
10-30 17:45:12.760   372   376 D DrmLibTime: command id, time_cmd_id = 770
10-30 17:45:12.761   372   376 D DrmLibTime: time_getutcsec starts!
10-30 17:45:12.761   372   376 D DrmLibTime: QSEE Time Listener: time_getutcsec
10-30 17:45:12.761   372   376 D DrmLibTime: QSEE Time Listener: get_utc_seconds
10-30 17:45:12.761   372   376 D DrmLibTime: QSEE Time Listener: time_get_modem_time
10-30 17:45:12.761   372   376 D DrmLibTime: QSEE Time Listener: Checking if ATS_MODEM is set or not.
10-30 17:45:12.761   372   376 D QC-time-services: Lib:time_genoff_operation: pargs->base = 13
10-30 17:45:12.761   372   376 D QC-time-services: Lib:time_genoff_operation: pargs->operation = 2
10-30 17:45:12.761   372   376 D QC-time-services: Lib:time_genoff_operation: pargs->ts_val = 0
10-30 17:45:12.761   372   376 D QC-time-services: Lib:time_genoff_operation: Send to server  passed!!
10-30 17:45:12.761   625   647 D QC-time-services: Daemon: Connection accepted:time_genoff
10-30 17:45:12.761   625 21800 D QC-time-services: Daemon:Received base = 13, unit = 1, operation = 2,value = 0
10-30 17:45:12.761   625 21800 D QC-time-services: Daemon:genoff_opr: Base = 13, val = 0, operation = 2
10-30 17:45:12.761   625 21800 D QC-time-services: offset is: 0 for base: 13
10-30 17:45:12.761   372   376 E QC-time-services: Receive Passed == base = 13, unit = 1, operation = 2, result = 0
10-30 17:45:12.761   372   376 D DrmLibTime: QSEE Time Listener: ATS_MODEM is not set. Fallback to Android system time.
10-30 17:45:12.761   372   376 D DrmLibTime: QSEE Time Listener: Retrieved Android system time: 1667148312
10-30 17:45:12.762   372   376 D DrmLibTime: time_getutcsec returns 0, sec = 1667148312; nsec = 0
10-30 17:45:12.762   372   376 D DrmLibTime: time_getutcsec finished! 
10-30 17:45:12.762   372   376 D DrmLibTime: iotcl_continue_command finished! and return 0 
10-30 17:45:12.762   372   376 D DrmLibTime: before calling ioctl to read the next time_cmd
10-30 17:45:12.762   625   647 E QC-time-services: Daemon: Time-services: Waiting to acceptconnection
10-30 17:45:12.788   562 19051 D WVCdm   : OEMCrypto_Initialize Level 1 success. I will use level 1.
10-30 17:45:12.788   562 19051 D WVCdm   : CryptoSession::Open: Lock: requested_security_level: L3
10-30 17:45:12.799 21252 21252 I cr_media: Provisioning origin ID 2614DC2F906CD79D6815035F5B17BBF1
10-30 17:45:12.805 21252 21252 I MediaDrm: Drm event (1,0)
10-30 17:45:12.805 21252 21252 E cr_media: EventListener: No session for event 1.
10-30 17:45:12.830 21801 21801 E /system/bin/webview_zygote32: failed to make and chown /acct/uid_99049: Permission denied
10-30 17:45:12.831 21801 21801 E Zygote  : createProcessGroup(99049, 0) failed: Permission denied
10-30 17:45:12.839   772  3041 I ActivityManager: Start proc 21801:com.android.chrome:sandboxed_process12/u0i49 for webview_service com.android.chrome/org.chromium.content.app.SandboxedProcessService12
10-30 17:45:12.863 21801 21801 I SamplingProfilerIntegration: Profiling disabled.
10-30 17:45:12.884 21814 21814 E asset   : setgid: Operation not permitted
10-30 17:45:12.915 21801 21801 I cr_SplitCompatApp: Launched version=106.0.5249.79 minSdkVersion=24 isBundle=true processName=com.android.chrome:sandboxed_process12 isIsolated=true
10-30 17:45:12.922 21801 21801 W SystemServiceRegistry: No service published for: uimode
10-30 17:45:12.933 21801 21801 I cr_ChildProcessService: Creating new ChildProcessService pid=21801
10-30 17:45:12.942 21801 21801 E WebViewFactory: can't load with relro file; address space not reserved
10-30 17:45:12.954   562 19050 D QSEECOMAPI: : QSEECom_dealloc_memory 
10-30 17:45:12.954   562 19050 D QSEECOMAPI: : QSEECom_shutdown_app, app_id = 706
10-30 17:45:12.957 21801 21815 I cr_LibraryLoader: Successfully loaded native library
10-30 17:45:12.959 21801 21815 I cr_CachingUmaRecorder: Flushed 3 samples from 3 histograms.
10-30 17:45:12.960 21252 21252 I cr_media: Create MediaDrmBridge with level L1 and origin 2614DC2F906CD79D6815035F5B17BBF1
10-30 17:45:12.962   361   361 W /system/bin/hwservicemanager: getTransportFromManifest: Cannot find entry android.hardware.drm@1.0::IDrmFactory in either framework or device manifest, using default transport.
10-30 17:45:12.964   562   562 I DrmHal  : makeDrmFactories: using default drm instance
10-30 17:45:12.967   361   361 W /system/bin/hwservicemanager: getTransportFromManifest: Cannot find entry android.hardware.drm@1.0::IDrmFactory in either framework or device manifest, using default transport.
10-30 17:45:12.969   562   562 I DrmHal  : makeDrmFactories: using default drm instance
10-30 17:45:12.970   562 19051 I WVCdm   : CdmEngine::QueryStatus
10-30 17:45:12.971   562 19051 I WVCdm   : Level3 Library 4445 May 19 2017 17:17:20
10-30 17:45:12.975   562 19051 D QSEECOMAPI: : QSEECom_get_handle sb_length = 0x19000
10-30 17:45:12.975   562 19051 D QSEECOMAPI: : App is not loaded in QSEE
10-30 17:45:12.988 21822 21822 W ThreadPoolForeg: type=1400 audit(0.0:8756): avc: denied { setattr } for name="LICENSE.txt" dev="dm-2" ino=1505211 scontext=u:r:isolated_app:s0:c512,c768 tcontext=u:object_r:app_data_file:s0:c512,c768 tclass=file permissive=0
10-30 17:45:12.994 21822 21822 W ThreadPoolForeg: type=1400 audit(0.0:8757): avc: denied { setattr } for name=46696C746572696E672052756C6573 dev="dm-2" ino=1505212 scontext=u:r:isolated_app:s0:c512,c768 tcontext=u:object_r:app_data_file:s0:c512,c768 tclass=file permissive=0
10-30 17:45:12.994 21822 21822 W ThreadPoolForeg: type=1400 audit(0.0:8758): avc: denied { setattr } for name="manifest.json" dev="dm-2" ino=1505213 scontext=u:r:isolated_app:s0:c512,c768 tcontext=u:object_r:app_data_file:s0:c512,c768 tclass=file permissive=0
10-30 17:45:12.998 21822 21822 W ThreadPoolForeg: type=1400 audit(0.0:8759): avc: denied { setattr } for name="verified_contents.json" dev="dm-2" ino=1505215 scontext=u:r:isolated_app:s0:c512,c768 tcontext=u:object_r:app_data_file:s0:c512,c768 tclass=file permissive=0
10-30 17:45:13.009   772 10893 D WificondControl: Scan result ready event
10-30 17:45:13.012 21801 21815 I chromium: [INFO:child_process_service.cc(69)] ChildProcessService: Exiting child process.
10-30 17:45:13.017   772 10895 I ActivityManager: Killing 21801:com.android.chrome:sandboxed_process12/u0a60i49 (adj 0): isolated not needed
10-30 17:45:13.017   772   790 W zygote64: failed to open /acct/uid_99049/pid_21801/cgroup.procs: No such file or directory
10-30 17:45:13.026   562 19051 D QSEECOMAPI: : Loaded image: APP id = 707
10-30 17:45:13.031   562 19051 D QSAPPSVER: qsapps_get_capabilities: Capability from secure side: 0x0
10-30 17:45:13.031   562 19051 D QSAPPSVER: qsapps_get_capabilities: returns 0
10-30 17:45:13.031   562 19051 E DrmWidevineDash: sion_buffer g_wv_fhandle->ion_sbuffer  0x0xf0133000
10-30 17:45:13.034   372   376 D DrmLibTime: got the req here! ret=0
10-30 17:45:13.034   372   376 D DrmLibTime: command id, time_cmd_id = 770
10-30 17:45:13.034   372   376 D DrmLibTime: time_getutcsec starts!
10-30 17:45:13.034   372   376 D DrmLibTime: QSEE Time Listener: time_getutcsec
10-30 17:45:13.034   372   376 D DrmLibTime: QSEE Time Listener: get_utc_seconds
10-30 17:45:13.034   372   376 D DrmLibTime: QSEE Time Listener: time_get_modem_time
10-30 17:45:13.034   372   376 D DrmLibTime: QSEE Time Listener: Checking if ATS_MODEM is set or not.
10-30 17:45:13.034   372   376 D QC-time-services: Lib:time_genoff_operation: pargs->base = 13
10-30 17:45:13.034   372   376 D QC-time-services: Lib:time_genoff_operation: pargs->operation = 2
10-30 17:45:13.034   372   376 D QC-time-services: Lib:time_genoff_operation: pargs->ts_val = 0
10-30 17:45:13.034   372   376 D QC-time-services: Lib:time_genoff_operation: Send to server  passed!!
10-30 17:45:13.034   625   647 D QC-time-services: Daemon: Connection accepted:time_genoff
10-30 17:45:13.035   625 21826 D QC-time-services: Daemon:Received base = 13, unit = 1, operation = 2,value = 0
10-30 17:45:13.035   625 21826 D QC-time-services: Daemon:genoff_opr: Base = 13, val = 0, operation = 2
10-30 17:45:13.035   625 21826 D QC-time-services: offset is: 0 for base: 13
10-30 17:45:13.035   372   376 E QC-time-services: Receive Passed == base = 13, unit = 1, operation = 2, result = 0
10-30 17:45:13.035   372   376 D DrmLibTime: QSEE Time Listener: ATS_MODEM is not set. Fallback to Android system time.
10-30 17:45:13.035   372   376 D DrmLibTime: QSEE Time Listener: Retrieved Android system time: 1667148313
10-30 17:45:13.035   372   376 D DrmLibTime: time_getutcsec returns 0, sec = 1667148313; nsec = 0
10-30 17:45:13.035   372   376 D DrmLibTime: time_getutcsec finished! 
10-30 17:45:13.035   372   376 D DrmLibTime: iotcl_continue_command finished! and return 0 
10-30 17:45:13.035   372   376 D DrmLibTime: before calling ioctl to read the next time_cmd
10-30 17:45:13.035   625   647 E QC-time-services: Daemon: Time-services: Waiting to acceptconnection
10-30 17:45:13.046  3960  3971 I ChimeraSrvcProxy: NullBinder for android.net.action.RECOMMEND_NETWORKS triggering remote TransactionTooLargeException due to Service without Chimera impl
10-30 17:45:13.136   562 19051 D WVCdm   : OEMCrypto_Initialize Level 1 success. I will use level 1.
10-30 17:45:13.137   562 19051 D QSEECOMAPI: : QSEECom_dealloc_memory 
10-30 17:45:13.137   562 19051 D QSEECOMAPI: : QSEECom_shutdown_app, app_id = 707
10-30 17:45:13.143   562  5487 I WVCdm   : CdmEngine::OpenSession
10-30 17:45:13.144   562  5487 I WVCdm   : Level3 Library 4445 May 19 2017 17:17:20
10-30 17:45:13.147   562  5487 D QSEECOMAPI: : QSEECom_get_handle sb_length = 0x19000
10-30 17:45:13.147   562  5487 D QSEECOMAPI: : App is not loaded in QSEE
10-30 17:45:13.198   562  5487 D QSEECOMAPI: : Loaded image: APP id = 708
10-30 17:45:13.201   562  5487 D QSAPPSVER: qsapps_get_capabilities: Capability from secure side: 0x0
10-30 17:45:13.201   562  5487 D QSAPPSVER: qsapps_get_capabilities: returns 0
10-30 17:45:13.201   562  5487 E DrmWidevineDash: sion_buffer g_wv_fhandle->ion_sbuffer  0x0xf0133000
10-30 17:45:13.204   372   376 D DrmLibTime: got the req here! ret=0
10-30 17:45:13.204   372   376 D DrmLibTime: command id, time_cmd_id = 770
10-30 17:45:13.204   372   376 D DrmLibTime: time_getutcsec starts!
10-30 17:45:13.204   372   376 D DrmLibTime: QSEE Time Listener: time_getutcsec
10-30 17:45:13.204   372   376 D DrmLibTime: QSEE Time Listener: get_utc_seconds
10-30 17:45:13.204   372   376 D DrmLibTime: QSEE Time Listener: time_get_modem_time
10-30 17:45:13.204   372   376 D DrmLibTime: QSEE Time Listener: Checking if ATS_MODEM is set or not.
10-30 17:45:13.204   372   376 D QC-time-services: Lib:time_genoff_operation: pargs->base = 13
10-30 17:45:13.204   372   376 D QC-time-services: Lib:time_genoff_operation: pargs->operation = 2
10-30 17:45:13.204   372   376 D QC-time-services: Lib:time_genoff_operation: pargs->ts_val = 0
10-30 17:45:13.204   372   376 D QC-time-services: Lib:time_genoff_operation: Send to server  passed!!
10-30 17:45:13.205   625   647 D QC-time-services: Daemon: Connection accepted:time_genoff
10-30 17:45:13.205   625 21827 D QC-time-services: Daemon:Received base = 13, unit = 1, operation = 2,value = 0
10-30 17:45:13.205   625 21827 D QC-time-services: Daemon:genoff_opr: Base = 13, val = 0, operation = 2
10-30 17:45:13.205   625 21827 D QC-time-services: offset is: 0 for base: 13
10-30 17:45:13.205   372   376 E QC-time-services: Receive Passed == base = 13, unit = 1, operation = 2, result = 0
10-30 17:45:13.205   372   376 D DrmLibTime: QSEE Time Listener: ATS_MODEM is not set. Fallback to Android system time.
10-30 17:45:13.205   372   376 D DrmLibTime: QSEE Time Listener: Retrieved Android system time: 1667148313
10-30 17:45:13.205   372   376 D DrmLibTime: time_getutcsec returns 0, sec = 1667148313; nsec = 0
10-30 17:45:13.205   372   376 D DrmLibTime: time_getutcsec finished! 
10-30 17:45:13.205   372   376 D DrmLibTime: iotcl_continue_command finished! and return 0 
10-30 17:45:13.205   372   376 D DrmLibTime: before calling ioctl to read the next time_cmd
10-30 17:45:13.206   625   647 E QC-time-services: Daemon: Time-services: Waiting to acceptconnection
10-30 17:45:13.239   562  5487 D WVCdm   : OEMCrypto_Initialize Level 1 success. I will use level 1.
10-30 17:45:13.239   562  5487 D WVCdm   : CryptoSession::Open: Lock: requested_security_level: Default
10-30 17:45:13.242   562  5487 W WVCdm   : DeviceFiles::RetrieveHashedFile: /data/mediadrm/IDM1013/L1/cert.bin does not exist
10-30 17:45:13.244   562  5487 D QSEECOMAPI: : QSEECom_dealloc_memory 
10-30 17:45:13.244   562  5487 D QSEECOMAPI: : QSEECom_shutdown_app, app_id = 708
10-30 17:45:13.249   562   644 I WVCdm   : Level3 Library 4445 May 19 2017 17:17:20
10-30 17:45:13.287   562   644 D QSEECOMAPI: : QSEECom_get_handle sb_length = 0x19000
10-30 17:45:13.287   562   644 D QSEECOMAPI: : App is not loaded in QSEE
10-30 17:45:13.346   562   644 D QSEECOMAPI: : Loaded image: APP id = 709
10-30 17:45:13.351   562   644 D QSAPPSVER: qsapps_get_capabilities: Capability from secure side: 0x0
10-30 17:45:13.351   562   644 D QSAPPSVER: qsapps_get_capabilities: returns 0
10-30 17:45:13.351   562   644 E DrmWidevineDash: sion_buffer g_wv_fhandle->ion_sbuffer  0x0xf01b4000
10-30 17:45:13.354   372   376 D DrmLibTime: got the req here! ret=0
10-30 17:45:13.354   372   376 D DrmLibTime: command id, time_cmd_id = 770
10-30 17:45:13.354   372   376 D DrmLibTime: time_getutcsec starts!
10-30 17:45:13.354   372   376 D DrmLibTime: QSEE Time Listener: time_getutcsec
10-30 17:45:13.354   372   376 D DrmLibTime: QSEE Time Listener: get_utc_seconds
10-30 17:45:13.354   372   376 D DrmLibTime: QSEE Time Listener: time_get_modem_time
10-30 17:45:13.354   372   376 D DrmLibTime: QSEE Time Listener: Checking if ATS_MODEM is set or not.
10-30 17:45:13.354   372   376 D QC-time-services: Lib:time_genoff_operation: pargs->base = 13
10-30 17:45:13.354   372   376 D QC-time-services: Lib:time_genoff_operation: pargs->operation = 2
10-30 17:45:13.354   372   376 D QC-time-services: Lib:time_genoff_operation: pargs->ts_val = 0
10-30 17:45:13.354   372   376 D QC-time-services: Lib:time_genoff_operation: Send to server  passed!!
10-30 17:45:13.354   625   647 D QC-time-services: Daemon: Connection accepted:time_genoff
10-30 17:45:13.354   625 21828 D QC-time-services: Daemon:Received base = 13, unit = 1, operation = 2,value = 0
10-30 17:45:13.354   625 21828 D QC-time-services: Daemon:genoff_opr: Base = 13, val = 0, operation = 2
10-30 17:45:13.354   625 21828 D QC-time-services: offset is: 0 for base: 13
10-30 17:45:13.355   372   376 E QC-time-services: Receive Passed == base = 13, unit = 1, operation = 2, result = 0
10-30 17:45:13.355   372   376 D DrmLibTime: QSEE Time Listener: ATS_MODEM is not set. Fallback to Android system time.
10-30 17:45:13.355   372   376 D DrmLibTime: QSEE Time Listener: Retrieved Android system time: 1667148313
10-30 17:45:13.355   372   376 D DrmLibTime: time_getutcsec returns 0, sec = 1667148313; nsec = 0
10-30 17:45:13.355   372   376 D DrmLibTime: time_getutcsec finished! 
10-30 17:45:13.355   372   376 D DrmLibTime: iotcl_continue_command finished! and return 0 
10-30 17:45:13.355   372   376 D DrmLibTime: before calling ioctl to read the next time_cmd
10-30 17:45:13.355   625   647 E QC-time-services: Daemon: Time-services: Waiting to acceptconnection
10-30 17:45:13.380   562   644 D WVCdm   : OEMCrypto_Initialize Level 1 success. I will use level 1.
10-30 17:45:13.380   562   644 D WVCdm   : CryptoSession::Open: Lock: requested_security_level: Default
10-30 17:45:13.460   562   644 E DrmWidevineDash: OEMCrypto_GenerateSignature : input wrapped_rsa_key == NULL!, return short buffer
10-30 17:45:13.463 21252 21252 I cr_media: Provisioning origin ID 2614DC2F906CD79D6815035F5B17BBF1
10-30 17:45:13.475 21252 21252 W chromium: [WARNING:compositor_view.cc(342)] Child process died (type=6) pid=21801)
10-30 17:45:13.480 21252 21252 I MediaDrm: Drm event (1,0)
10-30 17:45:13.480 21252 21252 E cr_media: EventListener: No session for event 1.
10-30 17:45:13.510   562   562 E DrmWidevineDash: OEMCrypto_RewrapDeviceRSAKey : input wrapped_rsa_key == NULL!, return short buffer
10-30 17:45:13.526   562   562 D QSEECOMAPI: : QSEECom_dealloc_memory 
10-30 17:45:13.526   562   562 D QSEECOMAPI: : QSEECom_shutdown_app, app_id = 709
10-30 17:45:15.927 21830 21830 E /system/bin/webview_zygote32: failed to make and chown /acct/uid_99050: Permission denied
10-30 17:45:15.927 21830 21830 E Zygote  : createProcessGroup(99050, 0) failed: Permission denied
10-30 17:45:15.928   772 13071 I ActivityManager: Start proc 21830:com.android.chrome:sandboxed_process13/u0i50 for webview_service com.android.chrome/org.chromium.content.app.SandboxedProcessService13
10-30 17:45:15.950 21830 21830 I SamplingProfilerIntegration: Profiling disabled.
10-30 17:45:15.971 21843 21843 E asset   : setgid: Operation not permitted
10-30 17:45:16.003 21830 21830 I cr_SplitCompatApp: Launched version=106.0.5249.79 minSdkVersion=24 isBundle=true processName=com.android.chrome:sandboxed_process13 isIsolated=true
10-30 17:45:16.011 21830 21830 W SystemServiceRegistry: No service published for: uimode
10-30 17:45:16.024 21830 21830 I cr_ChildProcessService: Creating new ChildProcessService pid=21830
10-30 17:45:16.035 21830 21830 E WebViewFactory: can't load with relro file; address space not reserved
10-30 17:45:16.047 21830 21844 I cr_LibraryLoader: Successfully loaded native library
10-30 17:45:16.049 21830 21844 I cr_CachingUmaRecorder: Flushed 3 samples from 3 histograms.
10-30 17:45:16.124 21850 21850 W ThreadPoolForeg: type=1400 audit(0.0:8760): avc: denied { setattr } for name="tl_en-us_2022-10-17_483521407_100000_index.bin" dev="dm-2" ino=1505222 scontext=u:r:isolated_app:s0:c512,c768 tcontext=u:object_r:app_data_file:s0:c512,c768 tclass=file permissive=0
10-30 17:45:16.128 21850 21850 W ThreadPoolForeg: type=1400 audit(0.0:8761): avc: denied { setattr } for name="manifest.json" dev="dm-2" ino=1505223 scontext=u:r:isolated_app:s0:c512,c768 tcontext=u:object_r:app_data_file:s0:c512,c768 tclass=file permissive=0
10-30 17:45:16.138 21850 21850 W ThreadPoolForeg: type=1400 audit(0.0:8762): avc: denied { setattr } for name="verified_contents.json" dev="dm-2" ino=1505225 scontext=u:r:isolated_app:s0:c512,c768 tcontext=u:object_r:app_data_file:s0:c512,c768 tclass=file permissive=0
10-30 17:45:16.147 21830 21844 I chromium: [INFO:child_process_service.cc(69)] ChildProcessService: Exiting child process.
10-30 17:45:16.150   422   422 E lowmemorykiller: Error writing /proc/21830/oom_score_adj; errno=22
10-30 17:45:16.151   772  1324 I ActivityManager: Killing 21830:com.android.chrome:sandboxed_process13/u0a60i50 (adj 0): isolated not needed
10-30 17:45:16.152   772   790 W zygote64: failed to open /acct/uid_99050/pid_21830/cgroup.procs: No such file or directory
10-30 17:45:16.160 21252 21252 W chromium: [WARNING:compositor_view.cc(342)] Child process died (type=6) pid=21830)
10-30 17:45:19.016 21852 21852 E /system/bin/webview_zygote32: failed to make and chown /acct/uid_99051: Permission denied
10-30 17:45:19.016 21852 21852 E Zygote  : createProcessGroup(99051, 0) failed: Permission denied
10-30 17:45:19.021   772  3037 I ActivityManager: Start proc 21852:com.android.chrome:sandboxed_process14/u0i51 for webview_service com.android.chrome/org.chromium.content.app.SandboxedProcessService14
10-30 17:45:19.046 21852 21852 I SamplingProfilerIntegration: Profiling disabled.
10-30 17:45:19.076 21865 21865 E asset   : setgid: Operation not permitted
10-30 17:45:19.118 21852 21852 I cr_SplitCompatApp: Launched version=106.0.5249.79 minSdkVersion=24 isBundle=true processName=com.android.chrome:sandboxed_process14 isIsolated=true
10-30 17:45:19.127 21852 21852 W SystemServiceRegistry: No service published for: uimode
10-30 17:45:19.140 21852 21852 I cr_ChildProcessService: Creating new ChildProcessService pid=21852
10-30 17:45:19.156 21852 21852 E WebViewFactory: can't load with relro file; address space not reserved
10-30 17:45:19.168 21852 21866 I cr_LibraryLoader: Successfully loaded native library
10-30 17:45:19.169 21852 21866 I cr_CachingUmaRecorder: Flushed 3 samples from 3 histograms.
10-30 17:45:19.208 21869 21869 W ThreadPoolForeg: type=1400 audit(0.0:8763): avc: denied { setattr } for name="optimization-hints.pb" dev="dm-2" ino=1505228 scontext=u:r:isolated_app:s0:c512,c768 tcontext=u:object_r:app_data_file:s0:c512,c768 tclass=file permissive=0
10-30 17:45:19.208 21869 21869 W ThreadPoolForeg: type=1400 audit(0.0:8764): avc: denied { setattr } for name="manifest.json" dev="dm-2" ino=1505229 scontext=u:r:isolated_app:s0:c512,c768 tcontext=u:object_r:app_data_file:s0:c512,c768 tclass=file permissive=0
10-30 17:45:19.214 21869 21869 W ThreadPoolForeg: type=1400 audit(0.0:8765): avc: denied { setattr } for name="verified_contents.json" dev="dm-2" ino=1505231 scontext=u:r:isolated_app:s0:c512,c768 tcontext=u:object_r:app_data_file:s0:c512,c768 tclass=file permissive=0
10-30 17:45:19.224 21852 21866 I chromium: [INFO:child_process_service.cc(69)] ChildProcessService: Exiting child process.
10-30 17:45:19.226   422   422 E lowmemorykiller: Error writing /proc/21852/oom_score_adj; errno=22
10-30 17:45:19.227   772  3037 I ActivityManager: Killing 21852:com.android.chrome:sandboxed_process14/u0a60i51 (adj 0): isolated not needed
10-30 17:45:19.227   772   790 W zygote64: failed to open /acct/uid_99051/pid_21852/cgroup.procs: No such file or directory
10-30 17:45:19.249 21252 21252 W chromium: [WARNING:compositor_view.cc(342)] Child process died (type=6) pid=21852)
10-30 17:45:22.509 21873 21873 E /system/bin/webview_zygote32: failed to make and chown /acct/uid_99052: Permission denied
10-30 17:45:22.509 21873 21873 E Zygote  : createProcessGroup(99052, 0) failed: Permission denied
10-30 17:45:22.510   772  1259 I ActivityManager: Start proc 21873:com.android.chrome:sandboxed_process15/u0i52 for webview_service com.android.chrome/org.chromium.content.app.SandboxedProcessService15
10-30 17:45:22.537 21873 21873 I SamplingProfilerIntegration: Profiling disabled.
10-30 17:45:22.562 21886 21886 E asset   : setgid: Operation not permitted
10-30 17:45:22.597 21873 21873 I cr_SplitCompatApp: Launched version=106.0.5249.79 minSdkVersion=24 isBundle=true processName=com.android.chrome:sandboxed_process15 isIsolated=true
10-30 17:45:22.605 21873 21873 W SystemServiceRegistry: No service published for: uimode
10-30 17:45:22.616 21873 21873 I cr_ChildProcessService: Creating new ChildProcessService pid=21873
10-30 17:45:22.625 21873 21873 E WebViewFactory: can't load with relro file; address space not reserved
10-30 17:45:22.636 21873 21887 I cr_LibraryLoader: Successfully loaded native library
10-30 17:45:22.638 21873 21887 I cr_CachingUmaRecorder: Flushed 3 samples from 3 histograms.
10-30 17:45:22.671 21890 21890 W ThreadPoolForeg: type=1400 audit(0.0:8766): avc: denied { setattr } for name="ssl_error_assistant.pb" dev="dm-2" ino=1505234 scontext=u:r:isolated_app:s0:c512,c768 tcontext=u:object_r:app_data_file:s0:c512,c768 tclass=file permissive=0
10-30 17:45:22.671 21890 21890 W ThreadPoolForeg: type=1400 audit(0.0:8767): avc: denied { setattr } for name="ssl_error_assistant.pb" dev="dm-2" ino=1505234 scontext=u:r:isolated_app:s0:c512,c768 tcontext=u:object_r:app_data_file:s0:c512,c768 tclass=file permissive=0
10-30 17:45:22.674 21890 21890 W ThreadPoolForeg: type=1400 audit(0.0:8768): avc: denied { setattr } for name="manifest.json" dev="dm-2" ino=1505235 scontext=u:r:isolated_app:s0:c512,c768 tcontext=u:object_r:app_data_file:s0:c512,c768 tclass=file permissive=0
10-30 17:45:22.678 21890 21890 W ThreadPoolForeg: type=1400 audit(0.0:8769): avc: denied { setattr } for name="verified_contents.json" dev="dm-2" ino=1505237 scontext=u:r:isolated_app:s0:c512,c768 tcontext=u:object_r:app_data_file:s0:c512,c768 tclass=file permissive=0
10-30 17:45:22.687 21873 21887 I chromium: [INFO:child_process_service.cc(69)] ChildProcessService: Exiting child process.
10-30 17:45:22.690   422   422 E lowmemorykiller: Error writing /proc/21873/oom_score_adj; errno=22
10-30 17:45:22.691   772  1259 I ActivityManager: Killing 21873:com.android.chrome:sandboxed_process15/u0a60i52 (adj 0): isolated not needed
10-30 17:45:22.691   772   790 W zygote64: failed to open /acct/uid_99052/pid_21873/cgroup.procs: No such file or directory
10-30 17:45:22.704 21252 21252 W chromium: [WARNING:compositor_view.cc(342)] Child process died (type=6) pid=21873)
10-30 17:45:25.333   772  2969 I ActivityManager: Force stopping com.android.chrome appid=10060 user=0: from pid 21904
10-30 17:45:25.333   772  2969 I ActivityManager: Killing 21347:com.android.chrome:privileged_process0/u0a60 (adj 0): stop com.android.chrome
10-30 17:45:25.335   772  2969 W ActivityManager: Scheduling restart of crashed service com.android.chrome/org.chromium.content.app.PrivilegedProcessService0 in 1000ms
10-30 17:45:25.339   772  2969 I ActivityManager: Killing 21252:com.android.chrome/u0a60 (adj 0): stop com.android.chrome
10-30 17:45:25.349   772  2969 W ActivityManager: Force removing ActivityRecord{9826cbc u0 com.android.chrome/com.google.android.apps.chrome.Main t525}: app died, no saved state
10-30 17:45:25.350 21307 21307 I cr_ChildProcessService: Destroying ChildProcessService pid=21307
10-30 17:45:25.351  4135  4135 D BoundBrokerSvc: onUnbind: Intent { act=com.google.android.gms.auth.key.retrieval.service.START dat=chimera-action:com.google.android.gms.auth.key.retrieval.service.START cmp=com.google.android.gms/.chimera.GmsApiService }
10-30 17:45:25.353 21522 21522 I cr_ChildProcessService: Destroying ChildProcessService pid=21522
10-30 17:45:25.355   772  2969 I WindowManager: Failed to capture screenshot of Token{f11c445 ActivityRecord{9826cbc u0 com.android.chrome/com.google.android.apps.chrome.Main t525 f}} appWin=Window{8ebb31 u0 com.android.chrome/com.google.android.apps.chrome.Main} drawState=4
10-30 17:45:25.364 21307 21307 I /system/bin/webview_zygote32: System.exit called, status: 0
10-30 17:45:25.364 21307 21307 I AndroidRuntime: VM exiting with result code 0, cleanup skipped.
10-30 17:45:25.368 21522 21522 I /system/bin/webview_zygote32: System.exit called, status: 0
10-30 17:45:25.368 21522 21522 I AndroidRuntime: VM exiting with result code 0, cleanup skipped.
10-30 17:45:25.371   772  2969 I ActivityManager: Killing 21522:com.android.chrome:sandboxed_process3/u0a60i40 (adj 0): isolated not needed
10-30 17:45:25.372   772  2969 I ActivityManager: Killing 21307:com.android.chrome:sandboxed_process0/u0a60i37 (adj 0): isolated not needed
10-30 17:45:25.388  1311  1311 D CarrierSvcBindHelper: No carrier app for: 0
10-30 17:45:25.409  2964  2964 D RegisteredNfcFServicesCache: Service unchanged, not updating
10-30 17:45:25.413   772   785 D ConnectivityService: ConnectivityService NetworkRequestInfo binderDied(NetworkRequest [ LISTEN id=1221, [ Capabilities: INTERNET&NOT_RESTRICTED&TRUSTED&FOREGROUND] ], android.os.BinderProxy@1c7e2d5)
10-30 17:45:25.414   772   785 D ConnectivityService: ConnectivityService NetworkRequestInfo binderDied(NetworkRequest [ LISTEN id=1219, [ Capabilities: INTERNET&NOT_RESTRICTED&TRUSTED&FOREGROUND] ], android.os.BinderProxy@ef6aaea)
10-30 17:45:25.414   772  2970 D ConnectivityService: ConnectivityService NetworkRequestInfo binderDied(NetworkRequest [ LISTEN id=1220, [ Capabilities: INTERNET&NOT_RESTRICTED&TRUSTED&FOREGROUND] ], android.os.BinderProxy@21641db)
10-30 17:45:25.416   772   862 E ConnectivityService: RemoteException caught trying to send a callback msg for NetworkRequest [ LISTEN id=1221, [ Capabilities: INTERNET&NOT_RESTRICTED&TRUSTED&FOREGROUND] ]
10-30 17:45:25.417   772   862 E ConnectivityService: RemoteException caught trying to send a callback msg for NetworkRequest [ LISTEN id=1219, [ Capabilities: INTERNET&NOT_RESTRICTED&TRUSTED&FOREGROUND] ]
10-30 17:45:25.418  3909  3985 I Adreno  : QUALCOMM build                   : 7142022, Ib5823dd10c
10-30 17:45:25.418  3909  3985 I Adreno  : Build Date                       : 06/23/17
10-30 17:45:25.418  3909  3985 I Adreno  : OpenGL ES Shader Compiler Version: EV031.18.00.00
10-30 17:45:25.418  3909  3985 I Adreno  : Local Branch                     : O11A
10-30 17:45:25.418  3909  3985 I Adreno  : Remote Branch                    : 
10-30 17:45:25.418  3909  3985 I Adreno  : Remote Branch                    : 
10-30 17:45:25.418  3909  3985 I Adreno  : Reconstruct Branch               : 
10-30 17:45:25.419   772   862 E ConnectivityService: RemoteException caught trying to send a callback msg for NetworkRequest [ LISTEN id=1220, [ Capabilities: INTERNET&NOT_RESTRICTED&TRUSTED&FOREGROUND] ]
10-30 17:45:25.421  3909  3985 I vndksupport: sphal namespace is not configured for this process. Loading /vendor/lib64/hw/gralloc.msm8992.so from the current namespace instead.
10-30 17:45:25.424   772   797 W ActivityManager: setHasOverlayUi called on unknown pid: 21252
10-30 17:45:25.426  3909  3985 I Adreno  : PFP: 0x00000000, ME: 0x00000000
10-30 17:45:25.429  3909  3985 I OpenGLRenderer: Initialized EGL, version 1.4
10-30 17:45:25.429  3909  3985 D OpenGLRenderer: Swap behavior 2
10-30 17:45:25.436   772   790 W zygote64: failed to open /acct/uid_99040/pid_21522/cgroup.procs: No such file or directory
10-30 17:45:25.436   772   790 W zygote64: failed to open /acct/uid_99037/pid_21307/cgroup.procs: No such file or directory
10-30 17:45:25.478   772 10860 W ActivityManager: Unable to start service Intent { act=com.google.android.gms.speech.service.START pkg=com.google.android.gms } U=0: not found
10-30 17:45:25.481   772  3041 W ActivityManager: Unbind failed: could not find connection for android.os.BinderProxy@38536c1
10-30 17:45:25.482 21284 21917 E GmsClient: unable to connect to service: com.google.android.gms.speech.service.START on com.google.android.gms
10-30 17:45:25.507 21284 21295 W SessionLifecycleManager: Handover failed. Creating new session controller.
10-30 17:45:25.540 21284 21284 I OptInState: There is a new client and it does not support opt-in. Dropping request.
10-30 17:45:25.644 21284 21284 I MicroDetectionWorker: #updateMicroDetector [detectionMode: [mDetectionMode: [1]]]
10-30 17:45:25.644 21284 21284 I MicroDetectionWorker: #startMicroDetector [speakerMode: 0]
10-30 17:45:25.660 21284 21289 I zygote64: Do partial code cache collection, code=0B, data=5KB
10-30 17:45:25.661 21284 21289 I zygote64: After code cache collection, code=0B, data=5KB
10-30 17:45:25.661 21284 21289 I zygote64: Increasing code cache capacity to 128KB
10-30 17:45:25.666 21284 21289 I zygote64: Do partial code cache collection, code=0B, data=5KB
10-30 17:45:25.666 21284 21289 I zygote64: After code cache collection, code=0B, data=5KB
10-30 17:45:25.666 21284 21289 I zygote64: Increasing code cache capacity to 256KB
10-30 17:45:25.668 21284 21284 I MicroDetectionWorker: onReady
10-30 17:45:25.675 21284 21289 I zygote64: Method exceeds compiler instruction limit: 25337 in void org.ccil.cowan.tagsoup.HTMLSchema.<init>()
10-30 17:45:25.680 21284 21919 I GsaNativeCrashHandler: Loaded shared library: nativecrashreporter
10-30 17:45:25.700 21284 21294 I zygote64: Background concurrent copying GC freed 5089(364KB) AllocSpace objects, 0(0B) LOS objects, 50% free, 2MB/4MB, paused 6.652ms total 53.658ms
10-30 17:45:25.713 21284 21919 I MicroDataManager: Created a new hotword model for:
10-30 17:45:25.713 21284 21919 I MicroDataManager: # com.google.android.apps.gsa.speech.microdetection.h@36410d17
10-30 17:45:25.715 21284 21324 I MicroRecognitionRunner: Starting detection.
10-30 17:45:25.719 21284 21328 I MicrophoneInputStream: mic_starting com.google.android.apps.gsa.speech.audio.af@11f893a
10-30 17:45:25.719   556  6508 W DeviceHAL: Device 0xefa2d000 open_input_stream: Invalid argument
10-30 17:45:25.721   556 21922 I AudioFlinger: AudioFlinger's thread 0xec907a00 tid=21922 ready to run
10-30 17:45:25.728   556   753 I SoundTriggerHwService::Module: onCallbackEvent no clients
10-30 17:45:25.728 21284 21328 I MicrophoneInputStream: mic_started com.google.android.apps.gsa.speech.audio.af@11f893a
10-30 17:45:25.730   556 21923 D sound_trigger_platform: platform_stdev_check_and_update_concurrency: concurrency active 0, tx 1, rx 0, concurrency session_allowed 0
10-30 17:45:25.731   556 21923 D audio_hw_primary: enable_snd_device: snd_device(72: voice-rec-mic)
10-30 17:45:25.740   556 21923 D audio_hw_primary: enable_audio_route: usecase(9) apply and update mixer path: audio-record
10-30 17:45:25.805 21909 21909 D AndroidRuntime: >>>>>> START com.android.internal.os.RuntimeInit uid 2000 <<<<<<
10-30 17:45:25.806 21284 21284 I MicroDetectionWorker: onReady
10-30 17:45:25.942 21909 21909 D AndroidRuntime: Calling main entry com.android.commands.pm.Pm
10-30 17:45:25.947  3909  3985 W OpenGLRenderer: Incorrectly called buildLayer on View: ShortcutAndWidgetContainer, destroying layer...
10-30 17:45:25.948   772 32228 I ActivityManager: Force stopping com.android.chrome appid=10060 user=0: clear data
10-30 17:45:25.951   772   788 I ActivityManager: Force stopping com.android.chrome appid=10060 user=-1: clearApplicationUserData
10-30 17:45:26.002   560   560 I keystore: clear_uid 10060
10-30 17:45:26.021  1311  1311 D CarrierSvcBindHelper: No carrier app for: 0
10-30 17:45:26.023 21909 21909 I app_process: System.exit called, status: 0
10-30 17:45:26.023 21909 21909 I AndroidRuntime: VM exiting with result code 0.
10-30 17:45:26.025   772   787 W ResourceType: No known package when getting value for resource number 0x7f0904db
10-30 17:45:26.025   772   787 W ResourceType: No known package when getting value for resource number 0x7f140670
10-30 17:45:26.025   772   787 W ResourceType: No known package when getting value for resource number 0x7f0904da
10-30 17:45:26.025   772   787 W ResourceType: No known package when getting value for resource number 0x7f14018b
10-30 17:45:26.025   772   787 W ResourceType: No known package when getting value for resource number 0x7f14066f
10-30 17:45:26.025   772   787 W ResourceType: No known package when getting value for resource number 0x7f140434
10-30 17:45:26.025   772   787 E ShortcutService: Ignoring excessive intent tag.
10-30 17:45:26.050  2964  2964 D RegisteredNfcFServicesCache: Service unchanged, not updating
10-30 17:45:26.058  3960 21938 I Fitness : FitCleanupIntentOperation received Intent android.intent.action.PACKAGE_DATA_CLEARED [CONTEXT service_id=17 ]
10-30 17:45:26.088  4135 17366 I Icing   : doRemovePackageData com.android.chrome
10-30 17:45:26.090  4135 17366 I Icing   : Removing corpus key com.android.chrome-omnibox for package com.android.chrome
10-30 17:45:26.131  4135 17366 I native  : I0000 00:00:1667148326.131723   17366 flash-index.cc:1535] Flash index sort hb 15 prefix-hits 28 -> 23 at 34.368ms
10-30 17:45:26.188  4135 17366 I Icing   : Removing corpus key com.android.chrome-.implicit: for package com.android.chrome
10-30 17:45:26.257  4135 17366 I Icing   : updateResources: need to parse anue{com.android.chrome}
10-30 17:45:26.331  4135 17366 I Icing   : Indexing com.android.chrome-omnibox from com.android.chrome
10-30 17:45:26.349   772 13021 I ActivityManager: Start proc 21960:com.android.chrome/u0a60 for content provider com.android.chrome/com.google.android.apps.chrome.icing.IcingProvider
10-30 17:45:26.403 21960 21960 I cr_SplitCompatApp: Launched version=106.0.5249.79 minSdkVersion=24 isBundle=true processName=com.android.chrome isIsolated=false
10-30 17:45:26.422   772  1324 I ActivityManager: Force stopping com.android.chrome appid=10060 user=0: from pid 21975
10-30 17:45:26.422   772  1324 I ActivityManager: Killing 21960:com.android.chrome/u0a60 (adj 200): stop com.android.chrome
10-30 17:45:26.435   772  1324 I ActivityManager: Start proc 21982:com.android.chrome/u0a60 for restart com.android.chrome
10-30 17:45:26.437   772 13021 W ActivityManager: Unable to launch app com.android.chrome/10060 for provider com.android.chrome.icing: launching app became null
10-30 17:45:26.438  4135 17366 E ActivityThread: Failed to find provider info for com.android.chrome.icing
10-30 17:45:26.439  4135 17366 W Icing   : Could not connect to content provider content://com.android.chrome.icing
10-30 17:45:26.445  1311  1311 D CarrierSvcBindHelper: No carrier app for: 0
10-30 17:45:26.453  2964  2964 D RegisteredNfcFServicesCache: Service unchanged, not updating
10-30 17:45:26.486 21982 21982 I cr_SplitCompatApp: Launched version=106.0.5249.79 minSdkVersion=24 isBundle=true processName=com.android.chrome isIsolated=false
10-30 17:45:26.606  3960  4217 I FontLog : Received query Google Sans, URI content://com.google.android.gms.fonts [CONTEXT service_id=132 ]
10-30 17:45:26.606  3960  4217 I FontLog : Query [Google Sans] resolved to {Google Sans, wdth 100.0, wght 400, ital 0.0, bestEffort false} [CONTEXT service_id=132 ]
10-30 17:45:26.609  3960  4217 I FontLog : Font PFD returned from cache for {Google Sans, wdth 100.0, wght 400, ital 0.0, bestEffort false} [CONTEXT service_id=132 ]
10-30 17:45:26.609  3960  4217 I FontLog : Fetch {Google Sans, wdth 100.0, wght 400, ital 0.0, bestEffort false} end status Status{statusCode=SUCCESS, resolution=null} [CONTEXT service_id=132 ]
10-30 17:45:26.630  4135 17366 I Icing   : Indexing done com.android.chrome-omnibox
10-30 17:45:26.687  3960  4244 I FontLog : Pulling font file for id = 161, cache size = 7 [CONTEXT service_id=132 ]
10-30 17:45:26.766 21982 22004 I cr_LibraryLoader: Successfully loaded native library
10-30 17:45:26.775 21982 22004 I cr_CachingUmaRecorder: Flushed 20 samples from 19 histograms.
10-30 17:45:26.803  3960  3971 I FontLog : Received query Google Sans:500, URI content://com.google.android.gms.fonts [CONTEXT service_id=132 ]
10-30 17:45:26.803  3960  3971 I FontLog : Query [Google Sans:500] resolved to {Google Sans, wdth 100.0, wght 500, ital 0.0, bestEffort false} [CONTEXT service_id=132 ]
10-30 17:45:26.804  3960  3971 I FontLog : Font PFD returned from cache for {Google Sans, wdth 100.0, wght 500, ital 0.0, bestEffort false} [CONTEXT service_id=132 ]
10-30 17:45:26.805  3960  3971 I FontLog : Fetch {Google Sans, wdth 100.0, wght 500, ital 0.0, bestEffort false} end status Status{statusCode=SUCCESS, resolution=null} [CONTEXT service_id=132 ]
10-30 17:45:26.829 21996 21996 D AndroidRuntime: >>>>>> START com.android.internal.os.RuntimeInit uid 2000 <<<<<<
10-30 17:45:26.835  3960  4245 I FontLog : Pulling font file for id = 162, cache size = 7 [CONTEXT service_id=132 ]
10-30 17:45:26.871  3960  4151 I FontLog : Received query Google Sans:700, URI content://com.google.android.gms.fonts [CONTEXT service_id=132 ]
10-30 17:45:26.872  3960  4151 I FontLog : Query [Google Sans:700] resolved to {Google Sans, wdth 100.0, wght 700, ital 0.0, bestEffort false} [CONTEXT service_id=132 ]
10-30 17:45:26.873  3960  4151 I FontLog : Fetch {Google Sans, wdth 100.0, wght 700, ital 0.0, bestEffort false} end status Status{statusCode=SUCCESS, resolution=null} [CONTEXT service_id=132 ]
10-30 17:45:26.883  3960  4217 I FontLog : Pulling font file for id = 163, cache size = 8 [CONTEXT service_id=132 ]
10-30 17:45:26.952 21996 21996 D AndroidRuntime: Calling main entry com.android.commands.pm.Pm
10-30 17:45:26.956   772 13071 I ActivityManager: Force stopping com.android.chrome appid=10060 user=0: clear data
10-30 17:45:26.956   772 13071 I ActivityManager: Killing 21982:com.android.chrome/u0a60 (adj 700): stop com.android.chrome
10-30 17:45:26.960   772   788 I ActivityManager: Force stopping com.android.chrome appid=10060 user=-1: clearApplicationUserData
10-30 17:45:26.962   560   560 I keystore: clear_uid 10060
10-30 17:45:26.989  1311  1311 D CarrierSvcBindHelper: No carrier app for: 0
10-30 17:45:26.990   772   787 W ResourceType: No known package when getting value for resource number 0x7f0904db
10-30 17:45:26.990   772   787 W ResourceType: No known package when getting value for resource number 0x7f140670
10-30 17:45:26.990   772   787 W ResourceType: No known package when getting value for resource number 0x7f0904da
10-30 17:45:26.990   772   787 W ResourceType: No known package when getting value for resource number 0x7f14018b
10-30 17:45:26.990   772   787 W ResourceType: No known package when getting value for resource number 0x7f14066f
10-30 17:45:26.990   772   787 W ResourceType: No known package when getting value for resource number 0x7f140434
10-30 17:45:26.990   772   787 E ShortcutService: Ignoring excessive intent tag.
10-30 17:45:26.994 21996 21996 I app_process: System.exit called, status: 0
10-30 17:45:26.994 21996 21996 I AndroidRuntime: VM exiting with result code 0.
10-30 17:45:27.009  2964  2964 D RegisteredNfcFServicesCache: Service unchanged, not updating
10-30 17:45:27.018  3960 21936 I Fitness : FitCleanupIntentOperation received Intent android.intent.action.PACKAGE_DATA_CLEARED [CONTEXT service_id=17 ]
10-30 17:45:27.034  4135 17366 I Icing   : doRemovePackageData com.android.chrome
10-30 17:45:27.034  4135 17366 I Icing   : Removing corpus key com.android.chrome-omnibox for package com.android.chrome
10-30 17:45:27.104  4135 17366 I Icing   : updateResources: need to parse anue{com.android.chrome}
10-30 17:45:27.169  4135 17366 I Icing   : Indexing com.android.chrome-omnibox from com.android.chrome
10-30 17:45:27.182   772  1259 I ActivityManager: Start proc 22020:com.android.chrome/u0a60 for content provider com.android.chrome/com.google.android.apps.chrome.icing.IcingProvider
10-30 17:45:27.237 22020 22020 I cr_SplitCompatApp: Launched version=106.0.5249.79 minSdkVersion=24 isBundle=true processName=com.android.chrome isIsolated=false
10-30 17:45:27.388  4135 17366 I Icing   : Indexing done com.android.chrome-omnibox
10-30 17:45:27.399  3960  3971 I FontLog : Received query Google Sans, URI content://com.google.android.gms.fonts [CONTEXT service_id=132 ]
10-30 17:45:27.399  3960  3971 I FontLog : Query [Google Sans] resolved to {Google Sans, wdth 100.0, wght 400, ital 0.0, bestEffort false} [CONTEXT service_id=132 ]
10-30 17:45:27.400  3960  3971 I FontLog : Font PFD returned from cache for {Google Sans, wdth 100.0, wght 400, ital 0.0, bestEffort false} [CONTEXT service_id=132 ]
10-30 17:45:27.404  3960  3971 I FontLog : Fetch {Google Sans, wdth 100.0, wght 400, ital 0.0, bestEffort false} end status Status{statusCode=SUCCESS, resolution=null} [CONTEXT service_id=132 ]
10-30 17:45:27.468  3960  4245 I FontLog : Pulling font file for id = 164, cache size = 8 [CONTEXT service_id=132 ]
10-30 17:45:27.538 22020 22040 I cr_LibraryLoader: Successfully loaded native library
10-30 17:45:27.540 22020 22040 I cr_CachingUmaRecorder: Flushed 20 samples from 19 histograms.
10-30 17:45:27.590  3960  4151 I FontLog : Received query Google Sans:500, URI content://com.google.android.gms.fonts [CONTEXT service_id=132 ]
10-30 17:45:27.594  3960  4151 I FontLog : Query [Google Sans:500] resolved to {Google Sans, wdth 100.0, wght 500, ital 0.0, bestEffort false} [CONTEXT service_id=132 ]
10-30 17:45:27.596  3960  4151 I FontLog : Font PFD returned from cache for {Google Sans, wdth 100.0, wght 500, ital 0.0, bestEffort false} [CONTEXT service_id=132 ]
10-30 17:45:27.597  3960  4151 I FontLog : Fetch {Google Sans, wdth 100.0, wght 500, ital 0.0, bestEffort false} end status Status{statusCode=SUCCESS, resolution=null} [CONTEXT service_id=132 ]
10-30 17:45:27.617  3960  4244 I FontLog : Pulling font file for id = 165, cache size = 9 [CONTEXT service_id=132 ]
10-30 17:45:27.642  3960  4217 I FontLog : Received query Google Sans:700, URI content://com.google.android.gms.fonts [CONTEXT service_id=132 ]
10-30 17:45:27.643  3960  4217 I FontLog : Query [Google Sans:700] resolved to {Google Sans, wdth 100.0, wght 700, ital 0.0, bestEffort false} [CONTEXT service_id=132 ]
10-30 17:45:27.645  3960  4217 I FontLog : Fetch {Google Sans, wdth 100.0, wght 700, ital 0.0, bestEffort false} end status Status{statusCode=SUCCESS, resolution=null} [CONTEXT service_id=132 ]
10-30 17:45:27.655  3960  3972 I FontLog : Pulling font file for id = 166, cache size = 6 [CONTEXT service_id=132 ]
