10-31 11:16:45.542   372   376 D DrmLibTime: command id, time_cmd_id = 770
10-31 11:16:45.542   372   376 D DrmLibTime: time_getutcsec starts!
10-31 11:16:45.542   372   376 D DrmLibTime: QSEE Time Listener: time_getutcsec
10-31 11:16:45.542   372   376 D DrmLibTime: QSEE Time Listener: get_utc_seconds
10-31 11:16:45.542   372   376 D DrmLibTime: QSEE Time Listener: time_get_modem_time
10-31 11:16:45.542   372   376 D DrmLibTime: QSEE Time Listener: Checking if ATS_MODEM is set or not.
10-31 11:16:45.542   372   376 D QC-time-services: Lib:time_genoff_operation: pargs->base = 13
10-31 11:16:45.542   372   376 D QC-time-services: Lib:time_genoff_operation: pargs->operation = 2
10-31 11:16:45.542   372   376 D QC-time-services: Lib:time_genoff_operation: pargs->ts_val = 0
10-31 11:16:45.543   372   376 D QC-time-services: Lib:time_genoff_operation: Send to server  passed!!
10-31 11:16:45.543   625   647 D QC-time-services: Daemon: Connection accepted:time_genoff
10-31 11:16:45.543   625 17718 D QC-time-services: Daemon:Received base = 13, unit = 1, operation = 2,value = 0
10-31 11:16:45.543   625 17718 D QC-time-services: Daemon:genoff_opr: Base = 13, val = 0, operation = 2
10-31 11:16:45.543   625 17718 D QC-time-services: offset is: 0 for base: 13
10-31 11:16:45.543   372   376 E QC-time-services: Receive Passed == base = 13, unit = 1, operation = 2, result = 0
10-31 11:16:45.543   372   376 D DrmLibTime: QSEE Time Listener: ATS_MODEM is not set. Fallback to Android system time.
10-31 11:16:45.543   372   376 D DrmLibTime: QSEE Time Listener: Retrieved Android system time: 1667211405
10-31 11:16:45.543   372   376 D DrmLibTime: time_getutcsec returns 0, sec = 1667211405; nsec = 0
10-31 11:16:45.543   372   376 D DrmLibTime: time_getutcsec finished! 
10-31 11:16:45.544   372   376 D DrmLibTime: iotcl_continue_command finished! and return 0 
10-31 11:16:45.544   372   376 D DrmLibTime: before calling ioctl to read the next time_cmd
10-31 11:16:45.544   625   647 E QC-time-services: Daemon: Time-services: Waiting to acceptconnection
10-31 11:16:45.563   372   376 D DrmLibTime: got the req here! ret=0
10-31 11:16:45.564   372   376 D DrmLibTime: command id, time_cmd_id = 770
10-31 11:16:45.564   372   376 D DrmLibTime: time_getutcsec starts!
10-31 11:16:45.564   372   376 D DrmLibTime: QSEE Time Listener: time_getutcsec
10-31 11:16:45.564   372   376 D DrmLibTime: QSEE Time Listener: get_utc_seconds
10-31 11:16:45.564   372   376 D DrmLibTime: QSEE Time Listener: time_get_modem_time
10-31 11:16:45.564   372   376 D DrmLibTime: QSEE Time Listener: Checking if ATS_MODEM is set or not.
10-31 11:16:45.564   372   376 D QC-time-services: Lib:time_genoff_operation: pargs->base = 13
10-31 11:16:45.564   372   376 D QC-time-services: Lib:time_genoff_operation: pargs->operation = 2
10-31 11:16:45.564   372   376 D QC-time-services: Lib:time_genoff_operation: pargs->ts_val = 0
10-31 11:16:45.564   372   376 D QC-time-services: Lib:time_genoff_operation: Send to server  passed!!
10-31 11:16:45.564   625   647 D QC-time-services: Daemon: Connection accepted:time_genoff
10-31 11:16:45.565   625 17719 D QC-time-services: Daemon:Received base = 13, unit = 1, operation = 2,value = 0
10-31 11:16:45.565   625 17719 D QC-time-services: Daemon:genoff_opr: Base = 13, val = 0, operation = 2
10-31 11:16:45.565   625 17719 D QC-time-services: offset is: 0 for base: 13
10-31 11:16:45.565   372   376 E QC-time-services: Receive Passed == base = 13, unit = 1, operation = 2, result = 0
10-31 11:16:45.565   372   376 D DrmLibTime: QSEE Time Listener: ATS_MODEM is not set. Fallback to Android system time.
10-31 11:16:45.565   372   376 D DrmLibTime: QSEE Time Listener: Retrieved Android system time: 1667211405
10-31 11:16:45.565   372   376 D DrmLibTime: time_getutcsec returns 0, sec = 1667211405; nsec = 0
10-31 11:16:45.565   372   376 D DrmLibTime: time_getutcsec finished! 
10-31 11:16:45.565   372   376 D DrmLibTime: iotcl_continue_command finished! and return 0 
10-31 11:16:45.565   372   376 D DrmLibTime: before calling ioctl to read the next time_cmd
10-31 11:16:45.566   625   647 E QC-time-services: Daemon: Time-services: Waiting to acceptconnection
10-31 11:16:45.581   372   376 D DrmLibTime: got the req here! ret=0
10-31 11:16:45.581   372   376 D DrmLibTime: command id, time_cmd_id = 770
10-31 11:16:45.581   372   376 D DrmLibTime: time_getutcsec starts!
10-31 11:16:45.581   372   376 D DrmLibTime: QSEE Time Listener: time_getutcsec
10-31 11:16:45.581   372   376 D DrmLibTime: QSEE Time Listener: get_utc_seconds
10-31 11:16:45.581   372   376 D DrmLibTime: QSEE Time Listener: time_get_modem_time
10-31 11:16:45.581   372   376 D DrmLibTime: QSEE Time Listener: Checking if ATS_MODEM is set or not.
10-31 11:16:45.581   372   376 D QC-time-services: Lib:time_genoff_operation: pargs->base = 13
10-31 11:16:45.581   372   376 D QC-time-services: Lib:time_genoff_operation: pargs->operation = 2
10-31 11:16:45.581   372   376 D QC-time-services: Lib:time_genoff_operation: pargs->ts_val = 0
10-31 11:16:45.582   372   376 D QC-time-services: Lib:time_genoff_operation: Send to server  passed!!
10-31 11:16:45.582   625   647 D QC-time-services: Daemon: Connection accepted:time_genoff
10-31 11:16:45.582   625 17724 D QC-time-services: Daemon:Received base = 13, unit = 1, operation = 2,value = 0
10-31 11:16:45.582   625 17724 D QC-time-services: Daemon:genoff_opr: Base = 13, val = 0, operation = 2
10-31 11:16:45.582   625 17724 D QC-time-services: offset is: 0 for base: 13
10-31 11:16:45.582   372   376 E QC-time-services: Receive Passed == base = 13, unit = 1, operation = 2, result = 0
10-31 11:16:45.582   372   376 D DrmLibTime: QSEE Time Listener: ATS_MODEM is not set. Fallback to Android system time.
10-31 11:16:45.582   372   376 D DrmLibTime: QSEE Time Listener: Retrieved Android system time: 1667211405
10-31 11:16:45.582   372   376 D DrmLibTime: time_getutcsec returns 0, sec = 1667211405; nsec = 0
10-31 11:16:45.582   372   376 D DrmLibTime: time_getutcsec finished! 
10-31 11:16:45.582   372   376 D DrmLibTime: iotcl_continue_command finished! and return 0 
10-31 11:16:45.583   372   376 D DrmLibTime: before calling ioctl to read the next time_cmd
10-31 11:16:45.583   625   647 E QC-time-services: Daemon: Time-services: Waiting to acceptconnection
10-31 11:16:45.714  3960 15690 W NetworkScheduler: Error inserting period=4772000 preferred_charging_state=1 preferred_network_type=1 target_class=com.google.android.gms.measurement.PackageMeasurementTaskService required_network_type=0 runtime=1667211405712 required_idleness_state=0 source=16 service_kind=0 target_package=com.google.android.gms persistence_level=1 source_version=223616000 last_runtime=0 user_id=0 job_id=-1 requires_charging=0 tag=Measurement.PackageMeasurementTaskService.UPLOAD_TASK_TAG flex_time=2385000 task_type=0 retry_strategy={"maximum_backoff_seconds":{"3600":0},"initial_backoff_seconds":{"30":0},"retry_policy":{"0":0}} [CONTEXT service_id=218 ]
10-31 11:16:45.714  3960 15690 W NetworkScheduler: android.database.sqlite.SQLiteConstraintException: UNIQUE constraint failed: pending_ops.tag, pending_ops.target_class, pending_ops.target_package, pending_ops.user_id (code 2067)
10-31 11:16:45.714  3960 15690 W NetworkScheduler: 	at android.database.sqlite.SQLiteConnection.nativeExecuteForLastInsertedRowId(Native Method)
10-31 11:16:45.714  3960 15690 W NetworkScheduler: 	at android.database.sqlite.SQLiteConnection.executeForLastInsertedRowId(SQLiteConnection.java:782)
10-31 11:16:45.714  3960 15690 W NetworkScheduler: 	at android.database.sqlite.SQLiteSession.executeForLastInsertedRowId(SQLiteSession.java:788)
10-31 11:16:45.714  3960 15690 W NetworkScheduler: 	at android.database.sqlite.SQLiteStatement.executeInsert(SQLiteStatement.java:86)
10-31 11:16:45.714  3960 15690 W NetworkScheduler: 	at android.database.sqlite.SQLiteDatabase.insertWithOnConflict(SQLiteDatabase.java:1474)
10-31 11:16:45.714  3960 15690 W NetworkScheduler: 	at android.database.sqlite.SQLiteDatabase.insertOrThrow(SQLiteDatabase.java:1369)
10-31 11:16:45.714  3960 15690 W NetworkScheduler: 	at biel.g(:com.google.android.gms@223616019@22.36.16 (040400-476895098):52)
10-31 11:16:45.714  3960 15690 W NetworkScheduler: 	at bide.n(:com.google.android.gms@223616019@22.36.16 (040400-476895098):3)
10-31 11:16:45.714  3960 15690 W NetworkScheduler: 	at bide.u(:com.google.android.gms@223616019@22.36.16 (040400-476895098):20)
10-31 11:16:45.714  3960 15690 W NetworkScheduler: 	at bide.h(:com.google.android.gms@223616019@22.36.16 (040400-476895098):3)
10-31 11:16:45.714  3960 15690 W NetworkScheduler: 	at bhyv.run(:com.google.android.gms@223616019@22.36.16 (040400-476895098):9)
10-31 11:16:45.714  3960 15690 W NetworkScheduler: 	at aarl.c(:com.google.android.gms@223616019@22.36.16 (040400-476895098):6)
10-31 11:16:45.714  3960 15690 W NetworkScheduler: 	at aarl.run(:com.google.android.gms@223616019@22.36.16 (040400-476895098):7)
10-31 11:16:45.714  3960 15690 W NetworkScheduler: 	at java.util.concurrent.ThreadPoolExecutor.runWorker(ThreadPoolExecutor.java:1162)
10-31 11:16:45.714  3960 15690 W NetworkScheduler: 	at java.util.concurrent.ThreadPoolExecutor$Worker.run(ThreadPoolExecutor.java:636)
10-31 11:16:45.714  3960 15690 W NetworkScheduler: 	at aaws.run(:com.google.android.gms@223616019@22.36.16 (040400-476895098):0)
10-31 11:16:45.714  3960 15690 W NetworkScheduler: 	at java.lang.Thread.run(Thread.java:764)
10-31 11:16:45.832   772   784 I ActivityManager: Start proc 17735:com.opera.browser:sandboxed_process0/u0a99 for service com.opera.browser/com.opera.android.browser.chromium.services.SandboxedProcessService0
10-31 11:16:45.894 17735 17735 I LoadedApk: No resource references to update in package com.opera.browser.nord_vpn
10-31 11:16:46.072   361   361 W /system/bin/hwservicemanager: getTransportFromManifest: Cannot find entry android.hardware.graphics.mapper@2.0::IMapper in either framework or device manifest, using default transport.
10-31 11:16:46.076 17383 17403 I vndksupport: sphal namespace is not configured for this process. Loading /vendor/lib/hw/gralloc.msm8992.so from the current namespace instead.
10-31 11:16:46.092   423   423 D SurfaceFlinger: duplicate layer name: changing com.opera.browser/com.opera.android.BrowserActivity to com.opera.browser/com.opera.android.BrowserActivity#1
10-31 11:16:46.124  3960  4244 I FontLog : Received query name=Google Sans&weight=700&besteffort=false, URI content://com.google.android.gms.fonts [CONTEXT service_id=132 ]
10-31 11:16:46.126  3960  4244 I FontLog : Query [name=Google Sans&weight=700&besteffort=false] resolved to {Google Sans, wdth 100.0, wght 700, ital 0.0, bestEffort false} [CONTEXT service_id=132 ]
10-31 11:16:46.128  3960  4244 I FontLog : Fetch {Google Sans, wdth 100.0, wght 700, ital 0.0, bestEffort false} end status Status{statusCode=SUCCESS, resolution=null} [CONTEXT service_id=132 ]
10-31 11:16:46.141  3960  6244 I FontLog : Pulling font file for id = 1796, cache size = 6 [CONTEXT service_id=132 ]
10-31 11:16:46.161  3960  4217 I FontLog : Received query name=Noto Color Emoji Compat&weight=400&besteffort=false, URI content://com.google.android.gms.fonts [CONTEXT service_id=132 ]
10-31 11:16:46.162  3960  4217 I FontLog : Query [name=Noto Color Emoji Compat&weight=400&besteffort=false] resolved to {Noto Color Emoji Compat, wdth 100.0, wght 400, ital 0.0, bestEffort false} [CONTEXT service_id=132 ]
10-31 11:16:46.164  3960  4217 I FontLog : Fetch {Noto Color Emoji Compat, wdth 100.0, wght 400, ital 0.0, bestEffort false} end status Status{statusCode=SUCCESS, resolution=null} [CONTEXT service_id=132 ]
10-31 11:16:46.187  3960  4244 I FontLog : Pulling font file for id = 1797, cache size = 7 [CONTEXT service_id=132 ]
10-31 11:16:46.191  3960  3972 I FontLog : Received query name=Google Sans&weight=400&besteffort=false, URI content://com.google.android.gms.fonts [CONTEXT service_id=132 ]
10-31 11:16:46.191  3960  3972 I FontLog : Query [name=Google Sans&weight=400&besteffort=false] resolved to {Google Sans, wdth 100.0, wght 400, ital 0.0, bestEffort false} [CONTEXT service_id=132 ]
10-31 11:16:46.192  3960  3972 I FontLog : Font PFD returned from cache for {Google Sans, wdth 100.0, wght 400, ital 0.0, bestEffort false} [CONTEXT service_id=132 ]
10-31 11:16:46.192  3960  3972 I FontLog : Fetch {Google Sans, wdth 100.0, wght 400, ital 0.0, bestEffort false} end status Status{statusCode=SUCCESS, resolution=null} [CONTEXT service_id=132 ]
10-31 11:16:46.197  3960  4217 I FontLog : Pulling font file for id = 1798, cache size = 8 [CONTEXT service_id=132 ]
10-31 11:16:46.209  3960  4245 I FontLog : Received query name=Google Sans&weight=500&besteffort=false, URI content://com.google.android.gms.fonts [CONTEXT service_id=132 ]
10-31 11:16:46.210  3960  4245 I FontLog : Query [name=Google Sans&weight=500&besteffort=false] resolved to {Google Sans, wdth 100.0, wght 500, ital 0.0, bestEffort false} [CONTEXT service_id=132 ]
10-31 11:16:46.212  3960  4245 I FontLog : Font PFD returned from cache for {Google Sans, wdth 100.0, wght 500, ital 0.0, bestEffort false} [CONTEXT service_id=132 ]
10-31 11:16:46.213  3960  4245 I FontLog : Fetch {Google Sans, wdth 100.0, wght 500, ital 0.0, bestEffort false} end status Status{statusCode=SUCCESS, resolution=null} [CONTEXT service_id=132 ]
10-31 11:16:46.222  3960 15690 I SQLiteConnectionPool: The connection pool for /data/user/0/com.google.android.gms/databases/metadata.db has been closed but there are still 1 connections in use.  They will be closed as they are released back to the pool.
10-31 11:16:46.226  3960  3972 I FontLog : Pulling font file for id = 1799, cache size = 9 [CONTEXT service_id=132 ]
10-31 11:16:46.227  3960 17368 W FontLog : Error updating last accessed time for {Google Sans, wdth 100.0, wght 500, ital 0.0, bestEffort false}. [CONTEXT service_id=132 ]
10-31 11:16:46.227  3960 17368 W FontLog : java.lang.IllegalStateException: Cannot perform this operation because the connection pool has been closed.
10-31 11:16:46.227  3960 17368 W FontLog : 	at android.database.sqlite.SQLiteConnectionPool.throwIfClosedLocked(SQLiteConnectionPool.java:962)
10-31 11:16:46.227  3960 17368 W FontLog : 	at android.database.sqlite.SQLiteConnectionPool.waitForConnection(SQLiteConnectionPool.java:677)
10-31 11:16:46.227  3960 17368 W FontLog : 	at android.database.sqlite.SQLiteConnectionPool.acquireConnection(SQLiteConnectionPool.java:348)
10-31 11:16:46.227  3960 17368 W FontLog : 	at android.database.sqlite.SQLiteSession.acquireConnection(SQLiteSession.java:894)
10-31 11:16:46.227  3960 17368 W FontLog : 	at android.database.sqlite.SQLiteSession.executeForChangedRowCount(SQLiteSession.java:752)
10-31 11:16:46.227  3960 17368 W FontLog : 	at android.database.sqlite.SQLiteStatement.executeUpdateDelete(SQLiteStatement.java:64)
10-31 11:16:46.227  3960 17368 W FontLog : 	at android.database.sqlite.SQLiteDatabase.executeSql(SQLiteDatabase.java:1679)
10-31 11:16:46.227  3960 17368 W FontLog : 	at android.database.sqlite.SQLiteDatabase.execSQL(SQLiteDatabase.java:1658)
10-31 11:16:46.227  3960 17368 W FontLog : 	at aksk.run(:com.google.android.gms@223616019@22.36.16 (040400-476895098):5)
10-31 11:16:46.227  3960 17368 W FontLog : 	at aarl.c(:com.google.android.gms@223616019@22.36.16 (040400-476895098):6)
10-31 11:16:46.227  3960 17368 W FontLog : 	at aarl.run(:com.google.android.gms@223616019@22.36.16 (040400-476895098):7)
10-31 11:16:46.227  3960 17368 W FontLog : 	at java.util.concurrent.ThreadPoolExecutor.runWorker(ThreadPoolExecutor.java:1162)
10-31 11:16:46.227  3960 17368 W FontLog : 	at java.util.concurrent.ThreadPoolExecutor$Worker.run(ThreadPoolExecutor.java:636)
10-31 11:16:46.227  3960 17368 W FontLog : 	at aaws.run(:com.google.android.gms@223616019@22.36.16 (040400-476895098):0)
10-31 11:16:46.227  3960 17368 W FontLog : 	at java.lang.Thread.run(Thread.java:764)
10-31 11:16:46.370 17241 17253 I vndksupport: sphal namespace is not configured for this process. Loading libutils.so from the current namespace instead.
10-31 11:16:46.371 17383 17396 I vndksupport: sphal namespace is not configured for this process. Loading libutils.so from the current namespace instead.
10-31 11:16:46.372 17735 17747 I vndksupport: sphal namespace is not configured for this process. Loading libutils.so from the current namespace instead.
10-31 11:16:46.386   556   556 E Parcel  : Reading a NULL string not supported here.
10-31 11:16:46.387   556   556 W Parcel  : **** enforceInterface() expected 'IAAudioService' but read ''
10-31 11:16:46.387   360   360 E SELinux : avc:  denied  { find } for service=android.service.gatekeeper.IGateKeeperService pid=17764 uid=2000 scontext=u:r:shell:s0 tcontext=u:object_r:gatekeeper_service:s0 tclass=service_manager
10-31 11:16:46.388   360   360 E SELinux : avc:  denied  { find } for service=netd pid=17764 uid=2000 scontext=u:r:shell:s0 tcontext=u:object_r:netd_service:s0 tclass=service_manager
10-31 11:16:46.394 17764 17764 W atrace  : type=1400 audit(0.0:13602): avc: denied { call } for scontext=u:r:shell:s0 tcontext=u:r:wificond:s0 tclass=binder permissive=0
10-31 11:16:46.395   360   360 E SELinux : avc:  denied  { find } for service=installd pid=17764 uid=2000 scontext=u:r:shell:s0 tcontext=u:object_r:installd_service:s0 tclass=service_manager
10-31 11:16:46.400   361   361 E SELinux : avc:  denied  { find } for interface=android.frameworks.displayservice::IDisplayService pid=17764 scontext=u:r:shell:s0 tcontext=u:object_r:fwk_display_hwservice:s0 tclass=hwservice_manager
10-31 11:16:46.401   361   361 E SELinux : avc:  denied  { find } for interface=android.frameworks.schedulerservice::ISchedulingPolicyService pid=17764 scontext=u:r:shell:s0 tcontext=u:object_r:fwk_scheduler_hwservice:s0 tclass=hwservice_manager
10-31 11:16:46.402   361   361 E SELinux : avc:  denied  { find } for interface=android.frameworks.sensorservice::ISensorManager pid=17764 scontext=u:r:shell:s0 tcontext=u:object_r:fwk_sensor_hwservice:s0 tclass=hwservice_manager
10-31 11:16:46.403   361   361 E SELinux : avc:  denied  { find } for interface=android.hardware.biometrics.fingerprint::IBiometricsFingerprint pid=17764 scontext=u:r:shell:s0 tcontext=u:object_r:hal_fingerprint_hwservice:s0 tclass=hwservice_manager
10-31 11:16:46.404   361   361 E SELinux : avc:  denied  { find } for interface=android.hardware.dumpstate::IDumpstateDevice pid=17764 scontext=u:r:shell:s0 tcontext=u:object_r:hal_dumpstate_hwservice:s0 tclass=hwservice_manager
10-31 11:16:46.406   361   361 E SELinux : avc:  denied  { find } for interface=android.hardware.radio.deprecated::IOemHook pid=17764 scontext=u:r:shell:s0 tcontext=u:object_r:hal_telephony_hwservice:s0 tclass=hwservice_manager
10-31 11:16:46.407   361   361 E SELinux : avc:  denied  { find } for interface=android.hardware.radio::IRadio pid=17764 scontext=u:r:shell:s0 tcontext=u:object_r:hal_telephony_hwservice:s0 tclass=hwservice_manager
10-31 11:16:46.407   361   361 E SELinux : avc:  denied  { find } for interface=android.hardware.radio::ISap pid=17764 scontext=u:r:shell:s0 tcontext=u:object_r:hal_telephony_hwservice:s0 tclass=hwservice_manager
10-31 11:16:46.408   361   361 E SELinux : avc:  denied  { find } for interface=android.hardware.usb::IUsb pid=17764 scontext=u:r:shell:s0 tcontext=u:object_r:hal_usb_hwservice:s0 tclass=hwservice_manager
10-31 11:16:46.409   361   361 E SELinux : avc:  denied  { find } for interface=android.hardware.wifi.supplicant::ISupplicant pid=17764 scontext=u:r:shell:s0 tcontext=u:object_r:hal_wifi_supplicant_hwservice:s0 tclass=hwservice_manager
10-31 11:16:46.409   361   361 E SELinux : avc:  denied  { find } for interface=android.hardware.wifi::IWifi pid=17764 scontext=u:r:shell:s0 tcontext=u:object_r:hal_wifi_hwservice:s0 tclass=hwservice_manager
10-31 11:16:46.410   361   361 E SELinux : avc:  denied  { find } for interface=android.hidl.base::IBase pid=17764 scontext=u:r:shell:s0 tcontext=u:object_r:hidl_base_hwservice:s0 tclass=hwservice_manager
10-31 11:16:46.411   361   361 I chatty  : uid=1000(system) hwservicemanage identical 1 line
10-31 11:16:46.411   361   361 E SELinux : avc:  denied  { find } for interface=android.hidl.base::IBase pid=17764 scontext=u:r:shell:s0 tcontext=u:object_r:hidl_base_hwservice:s0 tclass=hwservice_manager
10-31 11:16:46.415   361   361 E SELinux : avc:  denied  { find } for interface=android.system.wifi.keystore::IKeystore pid=17764 scontext=u:r:shell:s0 tcontext=u:object_r:system_wifi_keystore_hwservice:s0 tclass=hwservice_manager
10-31 11:16:46.432 17241 17246 I zygote  : Do partial code cache collection, code=508KB, data=345KB
10-31 11:16:46.433 17241 17246 I zygote  : After code cache collection, code=487KB, data=334KB
10-31 11:16:46.433 17241 17246 I zygote  : Increasing code cache capacity to 2MB
10-31 11:16:46.466 17241 17699 I zygote  : Deoptimizing void um4.d4(nm0, long) due to JIT inline cache
10-31 11:16:46.625 17241 17251 I zygote  : Background concurrent copying GC freed 143608(7MB) AllocSpace objects, 54(1904KB) LOS objects, 49% free, 9MB/18MB, paused 801us total 128.976ms
10-31 11:16:46.663 17241 17241 I zygote  : Deoptimizing boolean p73.a(java.util.Collection, java.util.Iterator) due to JIT inline cache
10-31 11:16:47.134 17241 17251 I zygote  : Background concurrent copying GC freed 195178(8MB) AllocSpace objects, 28(2MB) LOS objects, 50% free, 8MB/17MB, paused 647us total 108.764ms
10-31 11:16:53.324   551   618 I ThermalEngine: ACTION: LCD - Setting max LCD brightness to 232
10-31 11:16:54.912   551   618 I ThermalEngine: ACTION: BATTERY - Setting battery charging mitigation to 3
10-31 11:16:55.793 13542 13542 D BoundBrokerSvc: onUnbind: Intent { act=com.google.android.gms.measurement.START pkg=com.google.android.gms }
10-31 11:17:03.305   772  1259 D WificondControl: Scan result ready event
10-31 11:17:24.926   551   618 I ThermalEngine: ACTION: BATTERY - Setting battery charging mitigation to 0
10-31 11:17:36.412   551   618 I ThermalEngine: ACTION: LCD - Setting max LCD brightness to 255
10-31 11:17:51.037   772  4540 I ActivityManager: Force stopping com.opera.browser appid=10099 user=0: from pid 17904
10-31 11:17:51.037   772  4540 I ActivityManager: Killing 17383:com.opera.browser:privileged_process0/u0a99 (adj 0): stop com.opera.browser
10-31 11:17:51.038   772  4540 W ActivityManager: Scheduling restart of crashed service com.opera.browser/com.opera.android.browser.chromium.services.PrivilegedProcessService0 in 1000ms
10-31 11:17:51.042   772  4540 I ActivityManager: Killing 17241:com.opera.browser/u0a99 (adj 0): stop com.opera.browser
10-31 11:17:51.045   772  4540 W ActivityManager: Force removing ActivityRecord{a035473 u0 com.opera.browser/com.opera.android.BrowserActivity t710}: app died, no saved state
10-31 11:17:51.054 17735 17735 I zygote  : System.exit called, status: 0
10-31 11:17:51.055 17735 17735 I AndroidRuntime: VM exiting with result code 0, cleanup skipped.
10-31 11:17:51.098   772  3086 I OpenGLRenderer: Initialized EGL, version 1.4
10-31 11:17:51.099   772  3086 D OpenGLRenderer: Swap behavior 2
10-31 11:17:51.103   772  4540 I ActivityManager: Killing 17735:com.opera.browser:sandboxed_process0/u0a99 (adj 0): stop com.opera.browser
10-31 11:17:51.117  1311  1311 D CarrierSvcBindHelper: No carrier app for: 0
10-31 11:17:51.123  2964  2964 D RegisteredNfcFServicesCache: Service unchanged, not updating
10-31 11:17:51.125   772 10860 I WindowManager: WIN DEATH: Window{d436b95 u0 com.opera.browser/com.opera.android.BrowserActivity}
10-31 11:17:51.126   772  3854 D ConnectivityService: ConnectivityService NetworkRequestInfo binderDied(NetworkRequest [ LISTEN id=1724, [ Capabilities: INTERNET&NOT_RESTRICTED&TRUSTED&FOREGROUND] ], android.os.BinderProxy@c7626ae)
10-31 11:17:51.126   772  4539 D ConnectivityService: ConnectivityService NetworkRequestInfo binderDied(NetworkRequest [ LISTEN id=1723, [ Capabilities: INTERNET&NOT_RESTRICTED&TRUSTED&FOREGROUND] ], android.os.BinderProxy@6abac4f)
10-31 11:17:51.127   772   862 E ConnectivityService: RemoteException caught trying to send a callback msg for NetworkRequest [ LISTEN id=1723, [ Capabilities: INTERNET&NOT_RESTRICTED&TRUSTED&FOREGROUND] ]
10-31 11:17:51.129   772   862 E ConnectivityService: RemoteException caught trying to send a callback msg for NetworkRequest [ LISTEN id=1724, [ Capabilities: INTERNET&NOT_RESTRICTED&TRUSTED&FOREGROUND] ]
10-31 11:17:51.137   772 10895 W WindowManager: Failed looking up window callers=com.android.server.wm.WindowManagerService.windowForClientLocked:5700 com.android.server.wm.WindowState$DeathRecipient.binderDied:2279 android.os.BinderProxy.sendDeathNotice:828 
10-31 11:17:51.137   772 10895 I WindowManager: WIN DEATH: null
10-31 11:17:51.140   772 20193 D WindowManager: relayoutVisibleWindow: Window{87fb20c u0 com.google.android.googlequicksearchbox/com.google.android.launcher.GEL EXITING} mAnimatingExit=true, mRemoveOnExit=false, mDestroying=true
10-31 11:17:51.140   772   797 W ActivityManager: setHasOverlayUi called on unknown pid: 17241
10-31 11:17:51.154 13325 13387 I Adreno  : QUALCOMM build                   : 7142022, Ib5823dd10c
10-31 11:17:51.154 13325 13387 I Adreno  : Build Date                       : 06/23/17
10-31 11:17:51.154 13325 13387 I Adreno  : OpenGL ES Shader Compiler Version: EV031.18.00.00
10-31 11:17:51.154 13325 13387 I Adreno  : Local Branch                     : O11A
10-31 11:17:51.154 13325 13387 I Adreno  : Remote Branch                    : 
10-31 11:17:51.154 13325 13387 I Adreno  : Remote Branch                    : 
10-31 11:17:51.154 13325 13387 I Adreno  : Reconstruct Branch               : 
10-31 11:17:51.163 13325 13387 I vndksupport: sphal namespace is not configured for this process. Loading /vendor/lib64/hw/gralloc.msm8992.so from the current namespace instead.
10-31 11:17:51.170 13325 13387 I Adreno  : PFP: 0x00000000, ME: 0x00000000
10-31 11:17:51.173 13325 13387 I OpenGLRenderer: Initialized EGL, version 1.4
10-31 11:17:51.173 13325 13387 D OpenGLRenderer: Swap behavior 2
10-31 11:17:51.224 16024 16061 W SessionLifecycleManager: Handover failed. Creating new session controller.
10-31 11:17:51.225   772  4540 W ActivityManager: Unable to start service Intent { act=com.google.android.gms.speech.service.START pkg=com.google.android.gms } U=0: not found
10-31 11:17:51.229   772 10894 W ActivityManager: Unbind failed: could not find connection for android.os.BinderProxy@992185b
10-31 11:17:51.229 16024 16062 E GmsClient: unable to connect to service: com.google.android.gms.speech.service.START on com.google.android.gms
10-31 11:17:51.231 16024 16024 I OptInState: There is a new client and it does not support opt-in. Dropping request.
10-31 11:17:51.255 16024 16024 I MicroDetectionWorker: #updateMicroDetector [detectionMode: [mDetectionMode: [1]]]
10-31 11:17:51.255 16024 16024 I MicroDetectionWorker: #startMicroDetector [speakerMode: 0]
10-31 11:17:51.262 16024 16024 I MicroDetectionWorker: onReady
10-31 11:17:51.265 16024 17161 I MicroRecognitionRunner: Starting detection.
10-31 11:17:51.266 16024 17254 I MicrophoneInputStream: mic_starting com.google.android.apps.gsa.speech.audio.af@e7645ce
10-31 11:17:51.266   556   556 W DeviceHAL: Device 0xefa2d000 open_input_stream: Invalid argument
10-31 11:17:51.268   556 17918 I AudioFlinger: AudioFlinger's thread 0xec6032c0 tid=17918 ready to run
10-31 11:17:51.281   556   753 I SoundTriggerHwService::Module: onCallbackEvent no clients
10-31 11:17:51.281 16024 17254 I MicrophoneInputStream: mic_started com.google.android.apps.gsa.speech.audio.af@e7645ce
10-31 11:17:51.284   556 17919 D sound_trigger_platform: platform_stdev_check_and_update_concurrency: concurrency active 0, tx 1, rx 0, concurrency session_allowed 0
10-31 11:17:51.284   556 17919 D audio_hw_primary: enable_snd_device: snd_device(72: voice-rec-mic)
10-31 11:17:51.294   556 17919 D audio_hw_primary: enable_audio_route: usecase(9) apply and update mixer path: audio-record
10-31 11:17:51.365 16024 16024 I MicroDetectionWorker: onReady
10-31 11:17:51.507 17908 17908 D AndroidRuntime: >>>>>> START com.android.internal.os.RuntimeInit uid 2000 <<<<<<
10-31 11:17:51.633 17908 17908 D AndroidRuntime: Calling main entry com.android.commands.pm.Pm
10-31 11:17:51.642   772  1259 I ActivityManager: Force stopping com.opera.browser appid=10099 user=0: clear data
10-31 11:17:51.645   772   788 I ActivityManager: Force stopping com.opera.browser appid=10099 user=-1: clearApplicationUserData
10-31 11:17:51.687 13325 13387 W OpenGLRenderer: Incorrectly called buildLayer on View: ShortcutAndWidgetContainer, destroying layer...
10-31 11:17:51.701   560   560 I keystore: clear_uid 10099
10-31 11:17:51.753 17908 17908 I app_process: System.exit called, status: 0
10-31 11:17:51.753 17908 17908 I AndroidRuntime: VM exiting with result code 0.
10-31 11:17:51.754  1311  1311 D CarrierSvcBindHelper: No carrier app for: 0
10-31 11:17:51.761   772   787 W ResourceType: No known package when getting value for resource number 0x7f100007
10-31 11:17:51.761   772   787 W ResourceType: No known package when getting value for resource number 0x7f13090c
10-31 11:17:51.761   772   787 W ResourceType: No known package when getting value for resource number 0x7f100005
10-31 11:17:51.761   772   787 W ResourceType: No known package when getting value for resource number 0x7f13090a
10-31 11:17:51.761   772   787 W ResourceType: No known package when getting value for resource number 0x7f100004
10-31 11:17:51.761   772   787 W ResourceType: No known package when getting value for resource number 0x7f130909
10-31 11:17:51.761   772   787 W ResourceType: No known package when getting value for resource number 0x7f100006
10-31 11:17:51.761   772   787 W ResourceType: No known package when getting value for resource number 0x7f13090b
10-31 11:17:51.764  2964  2964 D RegisteredNfcFServicesCache: Service unchanged, not updating
10-31 11:17:51.842  3960 17944 I Fitness : FitCleanupIntentOperation received Intent android.intent.action.PACKAGE_DATA_CLEARED [CONTEXT service_id=17 ]
10-31 11:17:51.879 13542 29422 I Icing   : doRemovePackageData com.opera.browser
10-31 11:17:51.979   772   781 I zygote64: Background concurrent copying GC freed 84179(5MB) AllocSpace objects, 25(600KB) LOS objects, 42% free, 16MB/29MB, paused 1.740ms total 106.765ms
10-31 11:17:52.043   772 10860 I ActivityManager: Force stopping com.opera.browser appid=10099 user=0: from pid 17962
10-31 11:17:52.047  1311  1311 D CarrierSvcBindHelper: No carrier app for: 0
10-31 11:17:52.052  2964  2964 D RegisteredNfcFServicesCache: Service unchanged, not updating
10-31 11:17:52.470 17964 17964 D AndroidRuntime: >>>>>> START com.android.internal.os.RuntimeInit uid 2000 <<<<<<
10-31 11:17:52.614 17964 17964 D AndroidRuntime: Calling main entry com.android.commands.pm.Pm
10-31 11:17:52.623   772 10894 I ActivityManager: Force stopping com.opera.browser appid=10099 user=0: clear data
10-31 11:17:52.626   772   788 I ActivityManager: Force stopping com.opera.browser appid=10099 user=-1: clearApplicationUserData
10-31 11:17:52.630   560   560 I keystore: clear_uid 10099
10-31 11:17:52.683  1311  1311 D CarrierSvcBindHelper: No carrier app for: 0
10-31 11:17:52.686   772   787 W ResourceType: No known package when getting value for resource number 0x7f100007
10-31 11:17:52.686   772   787 W ResourceType: No known package when getting value for resource number 0x7f13090c
10-31 11:17:52.687   772   787 W ResourceType: No known package when getting value for resource number 0x7f100005
10-31 11:17:52.687   772   787 W ResourceType: No known package when getting value for resource number 0x7f13090a
10-31 11:17:52.687   772   787 W ResourceType: No known package when getting value for resource number 0x7f100004
10-31 11:17:52.687   772   787 W ResourceType: No known package when getting value for resource number 0x7f130909
10-31 11:17:52.687   772   787 W ResourceType: No known package when getting value for resource number 0x7f100006
10-31 11:17:52.687   772   787 W ResourceType: No known package when getting value for resource number 0x7f13090b
10-31 11:17:52.690 17964 17964 I app_process: System.exit called, status: 0
10-31 11:17:52.690 17964 17964 I AndroidRuntime: VM exiting with result code 0.
10-31 11:17:52.709  2964  2964 D RegisteredNfcFServicesCache: Service unchanged, not updating
10-31 11:17:52.721  3960 17943 I Fitness : FitCleanupIntentOperation received Intent android.intent.action.PACKAGE_DATA_CLEARED [CONTEXT service_id=17 ]
10-31 11:17:52.744 13542 29422 I Icing   : doRemovePackageData com.opera.browser
