10-30 22:08:21.719   625   647 E QC-time-services: Daemon: Time-services: Waiting to acceptconnection
10-30 22:08:21.739   372   376 D DrmLibTime: got the req here! ret=0
10-30 22:08:21.739   372   376 D DrmLibTime: command id, time_cmd_id = 770
10-30 22:08:21.739   372   376 D DrmLibTime: time_getutcsec starts!
10-30 22:08:21.739   372   376 D DrmLibTime: QSEE Time Listener: time_getutcsec
10-30 22:08:21.739   372   376 D DrmLibTime: QSEE Time Listener: get_utc_seconds
10-30 22:08:21.739   372   376 D DrmLibTime: QSEE Time Listener: time_get_modem_time
10-30 22:08:21.739   372   376 D DrmLibTime: QSEE Time Listener: Checking if ATS_MODEM is set or not.
10-30 22:08:21.739   372   376 D QC-time-services: Lib:time_genoff_operation: pargs->base = 13
10-30 22:08:21.739   372   376 D QC-time-services: Lib:time_genoff_operation: pargs->operation = 2
10-30 22:08:21.739   372   376 D QC-time-services: Lib:time_genoff_operation: pargs->ts_val = 0
10-30 22:08:21.739   372   376 D QC-time-services: Lib:time_genoff_operation: Send to server  passed!!
10-30 22:08:21.739   625   647 D QC-time-services: Daemon: Connection accepted:time_genoff
10-30 22:08:21.739   625  5834 D QC-time-services: Daemon:Received base = 13, unit = 1, operation = 2,value = 0
10-30 22:08:21.739   625  5834 D QC-time-services: Daemon:genoff_opr: Base = 13, val = 0, operation = 2
10-30 22:08:21.739   625  5834 D QC-time-services: offset is: 0 for base: 13
10-30 22:08:21.739   372   376 E QC-time-services: Receive Passed == base = 13, unit = 1, operation = 2, result = 0
10-30 22:08:21.740   372   376 D DrmLibTime: QSEE Time Listener: ATS_MODEM is not set. Fallback to Android system time.
10-30 22:08:21.740   372   376 D DrmLibTime: QSEE Time Listener: Retrieved Android system time: 1667164101
10-30 22:08:21.740   372   376 D DrmLibTime: time_getutcsec returns 0, sec = 1667164101; nsec = 0
10-30 22:08:21.740   372   376 D DrmLibTime: time_getutcsec finished! 
10-30 22:08:21.740   372   376 D DrmLibTime: iotcl_continue_command finished! and return 0 
10-30 22:08:21.740   372   376 D DrmLibTime: before calling ioctl to read the next time_cmd
10-30 22:08:21.740   625   647 E QC-time-services: Daemon: Time-services: Waiting to acceptconnection
10-30 22:08:21.864  3960  3343 W NetworkScheduler: Error inserting period=3571000 preferred_charging_state=1 preferred_network_type=1 target_class=com.google.android.gms.measurement.PackageMeasurementTaskService required_network_type=0 runtime=1667164101852 required_idleness_state=0 source=16 service_kind=0 target_package=com.google.android.gms persistence_level=1 source_version=223616000 last_runtime=0 user_id=0 job_id=-1 requires_charging=0 tag=Measurement.PackageMeasurementTaskService.UPLOAD_TASK_TAG flex_time=1785000 task_type=0 retry_strategy={"maximum_backoff_seconds":{"3600":0},"initial_backoff_seconds":{"30":0},"retry_policy":{"0":0}} [CONTEXT service_id=218 ]
10-30 22:08:21.864  3960  3343 W NetworkScheduler: android.database.sqlite.SQLiteConstraintException: UNIQUE constraint failed: pending_ops.tag, pending_ops.target_class, pending_ops.target_package, pending_ops.user_id (code 2067)
10-30 22:08:21.864  3960  3343 W NetworkScheduler: 	at android.database.sqlite.SQLiteConnection.nativeExecuteForLastInsertedRowId(Native Method)
10-30 22:08:21.864  3960  3343 W NetworkScheduler: 	at android.database.sqlite.SQLiteConnection.executeForLastInsertedRowId(SQLiteConnection.java:782)
10-30 22:08:21.864  3960  3343 W NetworkScheduler: 	at android.database.sqlite.SQLiteSession.executeForLastInsertedRowId(SQLiteSession.java:788)
10-30 22:08:21.864  3960  3343 W NetworkScheduler: 	at android.database.sqlite.SQLiteStatement.executeInsert(SQLiteStatement.java:86)
10-30 22:08:21.864  3960  3343 W NetworkScheduler: 	at android.database.sqlite.SQLiteDatabase.insertWithOnConflict(SQLiteDatabase.java:1474)
10-30 22:08:21.864  3960  3343 W NetworkScheduler: 	at android.database.sqlite.SQLiteDatabase.insertOrThrow(SQLiteDatabase.java:1369)
10-30 22:08:21.864  3960  3343 W NetworkScheduler: 	at biel.g(:com.google.android.gms@223616019@22.36.16 (040400-476895098):52)
10-30 22:08:21.864  3960  3343 W NetworkScheduler: 	at bide.n(:com.google.android.gms@223616019@22.36.16 (040400-476895098):3)
10-30 22:08:21.864  3960  3343 W NetworkScheduler: 	at bide.u(:com.google.android.gms@223616019@22.36.16 (040400-476895098):20)
10-30 22:08:21.864  3960  3343 W NetworkScheduler: 	at bide.h(:com.google.android.gms@223616019@22.36.16 (040400-476895098):3)
10-30 22:08:21.864  3960  3343 W NetworkScheduler: 	at bhyv.run(:com.google.android.gms@223616019@22.36.16 (040400-476895098):9)
10-30 22:08:21.864  3960  3343 W NetworkScheduler: 	at aarl.c(:com.google.android.gms@223616019@22.36.16 (040400-476895098):6)
10-30 22:08:21.864  3960  3343 W NetworkScheduler: 	at aarl.run(:com.google.android.gms@223616019@22.36.16 (040400-476895098):7)
10-30 22:08:21.864  3960  3343 W NetworkScheduler: 	at java.util.concurrent.ThreadPoolExecutor.runWorker(ThreadPoolExecutor.java:1162)
10-30 22:08:21.864  3960  3343 W NetworkScheduler: 	at java.util.concurrent.ThreadPoolExecutor$Worker.run(ThreadPoolExecutor.java:636)
10-30 22:08:21.864  3960  3343 W NetworkScheduler: 	at aaws.run(:com.google.android.gms@223616019@22.36.16 (040400-476895098):0)
10-30 22:08:21.864  3960  3343 W NetworkScheduler: 	at java.lang.Thread.run(Thread.java:764)
10-30 22:08:21.866   772 32228 I ActivityManager: Start proc 5844:com.opera.browser:sandboxed_process0/u0a99 for service com.opera.browser/com.opera.android.browser.chromium.services.SandboxedProcessService0
10-30 22:08:21.923  5844  5844 I LoadedApk: No resource references to update in package com.opera.browser.nord_vpn
10-30 22:08:22.080   361   361 W /system/bin/hwservicemanager: getTransportFromManifest: Cannot find entry android.hardware.graphics.mapper@2.0::IMapper in either framework or device manifest, using default transport.
10-30 22:08:22.084  5506  5523 I vndksupport: sphal namespace is not configured for this process. Loading /vendor/lib/hw/gralloc.msm8992.so from the current namespace instead.
10-30 22:08:22.138  3960  4244 I FontLog : Received query name=Google Sans&weight=700&besteffort=false, URI content://com.google.android.gms.fonts [CONTEXT service_id=132 ]
10-30 22:08:22.139  3960  4244 I FontLog : Query [name=Google Sans&weight=700&besteffort=false] resolved to {Google Sans, wdth 100.0, wght 700, ital 0.0, bestEffort false} [CONTEXT service_id=132 ]
10-30 22:08:22.146  3960  4244 I FontLog : Fetch {Google Sans, wdth 100.0, wght 700, ital 0.0, bestEffort false} end status Status{statusCode=SUCCESS, resolution=null} [CONTEXT service_id=132 ]
10-30 22:08:22.155  3960  3971 I FontLog : Pulling font file for id = 846, cache size = 6 [CONTEXT service_id=132 ]
10-30 22:08:22.175  3960  4245 I FontLog : Received query name=Noto Color Emoji Compat&weight=400&besteffort=false, URI content://com.google.android.gms.fonts [CONTEXT service_id=132 ]
10-30 22:08:22.175  3960  4245 I FontLog : Query [name=Noto Color Emoji Compat&weight=400&besteffort=false] resolved to {Noto Color Emoji Compat, wdth 100.0, wght 400, ital 0.0, bestEffort false} [CONTEXT service_id=132 ]
10-30 22:08:22.177  3960  4245 I FontLog : Fetch {Noto Color Emoji Compat, wdth 100.0, wght 400, ital 0.0, bestEffort false} end status Status{statusCode=SUCCESS, resolution=null} [CONTEXT service_id=132 ]
10-30 22:08:22.184   423   423 D SurfaceFlinger: duplicate layer name: changing com.opera.browser/com.opera.android.BrowserActivity to com.opera.browser/com.opera.android.BrowserActivity#1
10-30 22:08:22.186  3960  4217 I FontLog : Pulling font file for id = 847, cache size = 7 [CONTEXT service_id=132 ]
10-30 22:08:22.194  3960  3971 I FontLog : Received query name=Google Sans&weight=400&besteffort=false, URI content://com.google.android.gms.fonts [CONTEXT service_id=132 ]
10-30 22:08:22.195  3960  3971 I FontLog : Query [name=Google Sans&weight=400&besteffort=false] resolved to {Google Sans, wdth 100.0, wght 400, ital 0.0, bestEffort false} [CONTEXT service_id=132 ]
10-30 22:08:22.196  3960  3971 I FontLog : Font PFD returned from cache for {Google Sans, wdth 100.0, wght 400, ital 0.0, bestEffort false} [CONTEXT service_id=132 ]
10-30 22:08:22.197  3960  3971 I FontLog : Fetch {Google Sans, wdth 100.0, wght 400, ital 0.0, bestEffort false} end status Status{statusCode=SUCCESS, resolution=null} [CONTEXT service_id=132 ]
10-30 22:08:22.202  3960  4217 I FontLog : Pulling font file for id = 848, cache size = 8 [CONTEXT service_id=132 ]
10-30 22:08:22.213  3960  4245 I FontLog : Received query name=Google Sans&weight=500&besteffort=false, URI content://com.google.android.gms.fonts [CONTEXT service_id=132 ]
10-30 22:08:22.214  3960  4245 I FontLog : Query [name=Google Sans&weight=500&besteffort=false] resolved to {Google Sans, wdth 100.0, wght 500, ital 0.0, bestEffort false} [CONTEXT service_id=132 ]
10-30 22:08:22.216  3960  4245 I FontLog : Font PFD returned from cache for {Google Sans, wdth 100.0, wght 500, ital 0.0, bestEffort false} [CONTEXT service_id=132 ]
10-30 22:08:22.216  3960  4245 I FontLog : Fetch {Google Sans, wdth 100.0, wght 500, ital 0.0, bestEffort false} end status Status{statusCode=SUCCESS, resolution=null} [CONTEXT service_id=132 ]
10-30 22:08:22.225  3960  4151 I FontLog : Pulling font file for id = 849, cache size = 9 [CONTEXT service_id=132 ]
10-30 22:08:22.226  3960  5492 I SQLiteConnectionPool: The connection pool for /data/user/0/com.google.android.gms/databases/metadata.db has been closed but there are still 1 connections in use.  They will be closed as they are released back to the pool.
10-30 22:08:22.228  3960  5880 W FontLog : Error updating last accessed time for {Google Sans, wdth 100.0, wght 500, ital 0.0, bestEffort false}. [CONTEXT service_id=132 ]
10-30 22:08:22.228  3960  5880 W FontLog : java.lang.IllegalStateException: Cannot perform this operation because the connection pool has been closed.
10-30 22:08:22.228  3960  5880 W FontLog : 	at android.database.sqlite.SQLiteConnectionPool.throwIfClosedLocked(SQLiteConnectionPool.java:962)
10-30 22:08:22.228  3960  5880 W FontLog : 	at android.database.sqlite.SQLiteConnectionPool.waitForConnection(SQLiteConnectionPool.java:677)
10-30 22:08:22.228  3960  5880 W FontLog : 	at android.database.sqlite.SQLiteConnectionPool.acquireConnection(SQLiteConnectionPool.java:348)
10-30 22:08:22.228  3960  5880 W FontLog : 	at android.database.sqlite.SQLiteSession.acquireConnection(SQLiteSession.java:894)
10-30 22:08:22.228  3960  5880 W FontLog : 	at android.database.sqlite.SQLiteSession.executeForChangedRowCount(SQLiteSession.java:752)
10-30 22:08:22.228  3960  5880 W FontLog : 	at android.database.sqlite.SQLiteStatement.executeUpdateDelete(SQLiteStatement.java:64)
10-30 22:08:22.228  3960  5880 W FontLog : 	at android.database.sqlite.SQLiteDatabase.executeSql(SQLiteDatabase.java:1679)
10-30 22:08:22.228  3960  5880 W FontLog : 	at android.database.sqlite.SQLiteDatabase.execSQL(SQLiteDatabase.java:1658)
10-30 22:08:22.228  3960  5880 W FontLog : 	at aksk.run(:com.google.android.gms@223616019@22.36.16 (040400-476895098):5)
10-30 22:08:22.228  3960  5880 W FontLog : 	at aarl.c(:com.google.android.gms@223616019@22.36.16 (040400-476895098):6)
10-30 22:08:22.228  3960  5880 W FontLog : 	at aarl.run(:com.google.android.gms@223616019@22.36.16 (040400-476895098):7)
10-30 22:08:22.228  3960  5880 W FontLog : 	at java.util.concurrent.ThreadPoolExecutor.runWorker(ThreadPoolExecutor.java:1162)
10-30 22:08:22.228  3960  5880 W FontLog : 	at java.util.concurrent.ThreadPoolExecutor$Worker.run(ThreadPoolExecutor.java:636)
10-30 22:08:22.228  3960  5880 W FontLog : 	at aaws.run(:com.google.android.gms@223616019@22.36.16 (040400-476895098):0)
10-30 22:08:22.228  3960  5880 W FontLog : 	at java.lang.Thread.run(Thread.java:764)
10-30 22:08:22.292  5361  5371 I zygote  : Background concurrent copying GC freed 199473(7MB) AllocSpace objects, 19(1156KB) LOS objects, 49% free, 9MB/19MB, paused 733us total 234.209ms
10-30 22:08:22.703  5361  5361 I zygote  : Deoptimizing boolean p73.a(java.util.Collection, java.util.Iterator) due to JIT inline cache
10-30 22:08:22.722  5361  5467 I vndksupport: sphal namespace is not configured for this process. Loading libutils.so from the current namespace instead.
10-30 22:08:22.723  5844  5857 I vndksupport: sphal namespace is not configured for this process. Loading libutils.so from the current namespace instead.
10-30 22:08:22.723  5506  5518 I vndksupport: sphal namespace is not configured for this process. Loading libutils.so from the current namespace instead.
10-30 22:08:22.730   556   687 E Parcel  : Reading a NULL string not supported here.
10-30 22:08:22.731   556   687 W Parcel  : **** enforceInterface() expected 'IAAudioService' but read ''
10-30 22:08:22.731   360   360 E SELinux : avc:  denied  { find } for service=android.service.gatekeeper.IGateKeeperService pid=5889 uid=2000 scontext=u:r:shell:s0 tcontext=u:object_r:gatekeeper_service:s0 tclass=service_manager
10-30 22:08:22.732   360   360 E SELinux : avc:  denied  { find } for service=netd pid=5889 uid=2000 scontext=u:r:shell:s0 tcontext=u:object_r:netd_service:s0 tclass=service_manager
10-30 22:08:22.736  5889  5889 W atrace  : type=1400 audit(0.0:10588): avc: denied { call } for scontext=u:r:shell:s0 tcontext=u:r:wificond:s0 tclass=binder permissive=0
10-30 22:08:22.743   360   360 E SELinux : avc:  denied  { find } for service=installd pid=5889 uid=2000 scontext=u:r:shell:s0 tcontext=u:object_r:installd_service:s0 tclass=service_manager
10-30 22:08:22.751   361   361 E SELinux : avc:  denied  { find } for interface=android.frameworks.displayservice::IDisplayService pid=5889 scontext=u:r:shell:s0 tcontext=u:object_r:fwk_display_hwservice:s0 tclass=hwservice_manager
10-30 22:08:22.752   361   361 E SELinux : avc:  denied  { find } for interface=android.frameworks.schedulerservice::ISchedulingPolicyService pid=5889 scontext=u:r:shell:s0 tcontext=u:object_r:fwk_scheduler_hwservice:s0 tclass=hwservice_manager
10-30 22:08:22.754   361   361 E SELinux : avc:  denied  { find } for interface=android.frameworks.sensorservice::ISensorManager pid=5889 scontext=u:r:shell:s0 tcontext=u:object_r:fwk_sensor_hwservice:s0 tclass=hwservice_manager
10-30 22:08:22.758   361   361 E SELinux : avc:  denied  { find } for interface=android.hardware.biometrics.fingerprint::IBiometricsFingerprint pid=5889 scontext=u:r:shell:s0 tcontext=u:object_r:hal_fingerprint_hwservice:s0 tclass=hwservice_manager
10-30 22:08:22.760   361   361 E SELinux : avc:  denied  { find } for interface=android.hardware.dumpstate::IDumpstateDevice pid=5889 scontext=u:r:shell:s0 tcontext=u:object_r:hal_dumpstate_hwservice:s0 tclass=hwservice_manager
10-30 22:08:22.761   361   361 E SELinux : avc:  denied  { find } for interface=android.hardware.radio.deprecated::IOemHook pid=5889 scontext=u:r:shell:s0 tcontext=u:object_r:hal_telephony_hwservice:s0 tclass=hwservice_manager
10-30 22:08:22.767   361   361 E SELinux : avc:  denied  { find } for interface=android.hardware.radio::IRadio pid=5889 scontext=u:r:shell:s0 tcontext=u:object_r:hal_telephony_hwservice:s0 tclass=hwservice_manager
10-30 22:08:22.768   361   361 E SELinux : avc:  denied  { find } for interface=android.hardware.radio::ISap pid=5889 scontext=u:r:shell:s0 tcontext=u:object_r:hal_telephony_hwservice:s0 tclass=hwservice_manager
10-30 22:08:22.769   361   361 E SELinux : avc:  denied  { find } for interface=android.hardware.usb::IUsb pid=5889 scontext=u:r:shell:s0 tcontext=u:object_r:hal_usb_hwservice:s0 tclass=hwservice_manager
10-30 22:08:22.770   361   361 E SELinux : avc:  denied  { find } for interface=android.hardware.wifi.supplicant::ISupplicant pid=5889 scontext=u:r:shell:s0 tcontext=u:object_r:hal_wifi_supplicant_hwservice:s0 tclass=hwservice_manager
10-30 22:08:22.771   361   361 E SELinux : avc:  denied  { find } for interface=android.hardware.wifi::IWifi pid=5889 scontext=u:r:shell:s0 tcontext=u:object_r:hal_wifi_hwservice:s0 tclass=hwservice_manager
10-30 22:08:22.772   361   361 E SELinux : avc:  denied  { find } for interface=android.hidl.base::IBase pid=5889 scontext=u:r:shell:s0 tcontext=u:object_r:hidl_base_hwservice:s0 tclass=hwservice_manager
10-30 22:08:22.773   361   361 I chatty  : uid=1000(system) hwservicemanage identical 1 line
10-30 22:08:22.774   361   361 E SELinux : avc:  denied  { find } for interface=android.hidl.base::IBase pid=5889 scontext=u:r:shell:s0 tcontext=u:object_r:hidl_base_hwservice:s0 tclass=hwservice_manager
10-30 22:08:22.784   361   361 E SELinux : avc:  denied  { find } for interface=android.system.wifi.keystore::IKeystore pid=5889 scontext=u:r:shell:s0 tcontext=u:object_r:system_wifi_keystore_hwservice:s0 tclass=hwservice_manager
10-30 22:08:22.833  5361  5366 I zygote  : Do partial code cache collection, code=505KB, data=333KB
10-30 22:08:22.834  5361  5366 I zygote  : After code cache collection, code=502KB, data=331KB
10-30 22:08:22.834  5361  5366 I zygote  : Increasing code cache capacity to 2MB
10-30 22:08:22.841  5361  5361 I zygote  : Deoptimizing void yn3.<init>(yn3$b) due to JIT inline cache
10-30 22:08:27.120  5361  5361 I zygote  : Deoptimizing int zd3.b(android.view.View) due to JIT inline cache
10-30 22:08:30.642   772 13021 D WificondControl: Scan result ready event
10-30 22:08:30.676  3960  4217 I ChimeraSrvcProxy: NullBinder for android.net.action.RECOMMEND_NETWORKS triggering remote TransactionTooLargeException due to Service without Chimera impl
10-30 22:08:31.863 31215 31215 D BoundBrokerSvc: onUnbind: Intent { act=com.google.android.gms.measurement.START pkg=com.google.android.gms }
10-30 22:08:33.561   551   618 I ThermalEngine: ACTION: LCD - Setting max LCD brightness to 232
10-30 22:08:35.237   551   618 I ThermalEngine: ACTION: BATTERY - Setting battery charging mitigation to 3
10-30 22:08:44.147  3960  4309 E WakeLock: GCM_HB_ALARM release without a matched acquire!
10-30 22:08:55.244   551   618 I ThermalEngine: ACTION: BATTERY - Setting battery charging mitigation to 0
10-30 22:09:21.660   551   618 I ThermalEngine: ACTION: LCD - Setting max LCD brightness to 255
10-30 22:09:27.251   772  3041 I ActivityManager: Force stopping com.opera.browser appid=10099 user=0: from pid 5983
10-30 22:09:27.251   772  3041 I ActivityManager: Killing 5506:com.opera.browser:privileged_process0/u0a99 (adj 0): stop com.opera.browser
10-30 22:09:27.253   772  3041 W ActivityManager: Scheduling restart of crashed service com.opera.browser/com.opera.android.browser.chromium.services.PrivilegedProcessService0 in 1000ms
10-30 22:09:27.256   772  3041 I ActivityManager: Killing 5361:com.opera.browser/u0a99 (adj 0): stop com.opera.browser
10-30 22:09:27.260   772  3041 W ActivityManager: Force removing ActivityRecord{8cf524c u0 com.opera.browser/com.opera.android.BrowserActivity t605}: app died, no saved state
10-30 22:09:27.266  5844  5844 I zygote  : System.exit called, status: 0
10-30 22:09:27.266  5844  5844 I AndroidRuntime: VM exiting with result code 0, cleanup skipped.
10-30 22:09:27.315   772  3041 I ActivityManager: Killing 5844:com.opera.browser:sandboxed_process0/u0a99 (adj 0): stop com.opera.browser
10-30 22:09:27.316   772  3086 I OpenGLRenderer: Initialized EGL, version 1.4
10-30 22:09:27.316   772  3086 D OpenGLRenderer: Swap behavior 2
10-30 22:09:27.339  1311  1311 D CarrierSvcBindHelper: No carrier app for: 0
10-30 22:09:27.348   772 13022 D WindowManager: relayoutVisibleWindow: Window{aaeb1b9 u0 com.google.android.googlequicksearchbox/com.google.android.launcher.GEL EXITING} mAnimatingExit=true, mRemoveOnExit=false, mDestroying=true
10-30 22:09:27.356   772   785 D ConnectivityService: ConnectivityService NetworkRequestInfo binderDied(NetworkRequest [ LISTEN id=1436, [ Capabilities: INTERNET&NOT_RESTRICTED&TRUSTED&FOREGROUND] ], android.os.BinderProxy@21caee7)
10-30 22:09:27.356   772   784 D ConnectivityService: ConnectivityService NetworkRequestInfo binderDied(NetworkRequest [ LISTEN id=1437, [ Capabilities: INTERNET&NOT_RESTRICTED&TRUSTED&FOREGROUND] ], android.os.BinderProxy@12b0a94)
10-30 22:09:27.357   772   862 E ConnectivityService: RemoteException caught trying to send a callback msg for NetworkRequest [ LISTEN id=1436, [ Capabilities: INTERNET&NOT_RESTRICTED&TRUSTED&FOREGROUND] ]
10-30 22:09:27.358  2964  2964 D RegisteredNfcFServicesCache: Service unchanged, not updating
10-30 22:09:27.358   772   862 E ConnectivityService: RemoteException caught trying to send a callback msg for NetworkRequest [ LISTEN id=1437, [ Capabilities: INTERNET&NOT_RESTRICTED&TRUSTED&FOREGROUND] ]
10-30 22:09:27.367 31447 31489 I Adreno  : QUALCOMM build                   : 7142022, Ib5823dd10c
10-30 22:09:27.367 31447 31489 I Adreno  : Build Date                       : 06/23/17
10-30 22:09:27.367 31447 31489 I Adreno  : OpenGL ES Shader Compiler Version: EV031.18.00.00
10-30 22:09:27.367 31447 31489 I Adreno  : Local Branch                     : O11A
10-30 22:09:27.367 31447 31489 I Adreno  : Remote Branch                    : 
10-30 22:09:27.367 31447 31489 I Adreno  : Remote Branch                    : 
10-30 22:09:27.367 31447 31489 I Adreno  : Reconstruct Branch               : 
10-30 22:09:27.369 31447 31489 I vndksupport: sphal namespace is not configured for this process. Loading /vendor/lib64/hw/gralloc.msm8992.so from the current namespace instead.
10-30 22:09:27.370   772 10860 I WindowManager: WIN DEATH: Window{19c0327 u0 com.opera.browser/com.opera.android.BrowserActivity}
10-30 22:09:27.377 31447 31489 I Adreno  : PFP: 0x00000000, ME: 0x00000000
10-30 22:09:27.380 31447 31489 I OpenGLRenderer: Initialized EGL, version 1.4
10-30 22:09:27.380 31447 31489 D OpenGLRenderer: Swap behavior 2
10-30 22:09:27.382   423   899 E SurfaceFlinger: Failed to find layer (com.opera.browser/com.opera.android.BrowserActivity#1) in layer parent (no-parent).
10-30 22:09:27.390   772  1324 W WindowManager: Failed looking up window callers=com.android.server.wm.WindowManagerService.windowForClientLocked:5700 com.android.server.wm.WindowState$DeathRecipient.binderDied:2279 android.os.BinderProxy.sendDeathNotice:828 
10-30 22:09:27.390   772  1324 I WindowManager: WIN DEATH: null
10-30 22:09:27.411   772   797 W ActivityManager: setHasOverlayUi called on unknown pid: 5361
10-30 22:09:27.434   772 13071 W ActivityManager: Unable to start service Intent { act=com.google.android.gms.speech.service.START pkg=com.google.android.gms } U=0: not found
10-30 22:09:27.434   772 13022 W ActivityManager: Unbind failed: could not find connection for android.os.BinderProxy@7e48ee2
10-30 22:09:27.435 29379 29426 E GmsClient: unable to connect to service: com.google.android.gms.speech.service.START on com.google.android.gms
10-30 22:09:27.449 29379 29424 W SessionLifecycleManager: Handover failed. Creating new session controller.
10-30 22:09:27.452 29379 29379 I OptInState: There is a new client and it does not support opt-in. Dropping request.
10-30 22:09:27.468 29379 29379 I MicroDetectionWorker: #updateMicroDetector [detectionMode: [mDetectionMode: [1]]]
10-30 22:09:27.468 29379 29379 I MicroDetectionWorker: #startMicroDetector [speakerMode: 0]
10-30 22:09:27.470 29379 29379 I MicroDetectionWorker: onReady
10-30 22:09:27.474 29379 29405 I MicroRecognitionRunner: Starting detection.
10-30 22:09:27.479 29379 29408 I MicrophoneInputStream: mic_starting com.google.android.apps.gsa.speech.audio.af@b1db03e
10-30 22:09:27.480   556   556 W DeviceHAL: Device 0xefa2d000 open_input_stream: Invalid argument
10-30 22:09:27.483   556  5997 I AudioFlinger: AudioFlinger's thread 0xec603fc0 tid=5997 ready to run
10-30 22:09:27.492   556   753 I SoundTriggerHwService::Module: onCallbackEvent no clients
10-30 22:09:27.493 29379 29408 I MicrophoneInputStream: mic_started com.google.android.apps.gsa.speech.audio.af@b1db03e
10-30 22:09:27.497   556  5998 D sound_trigger_platform: platform_stdev_check_and_update_concurrency: concurrency active 0, tx 1, rx 0, concurrency session_allowed 0
10-30 22:09:27.497   556  5998 D audio_hw_primary: enable_snd_device: snd_device(72: voice-rec-mic)
10-30 22:09:27.506   556  5998 D audio_hw_primary: enable_audio_route: usecase(9) apply and update mixer path: audio-record
10-30 22:09:27.573 29379 29379 I MicroDetectionWorker: onReady
10-30 22:09:27.730  5987  5987 D AndroidRuntime: >>>>>> START com.android.internal.os.RuntimeInit uid 2000 <<<<<<
10-30 22:09:27.867  5987  5987 D AndroidRuntime: Calling main entry com.android.commands.pm.Pm
10-30 22:09:27.900   772  2969 I ActivityManager: Force stopping com.opera.browser appid=10099 user=0: clear data
10-30 22:09:27.906   772   788 I ActivityManager: Force stopping com.opera.browser appid=10099 user=-1: clearApplicationUserData
10-30 22:09:27.931 31447 31489 W OpenGLRenderer: Incorrectly called buildLayer on View: ShortcutAndWidgetContainer, destroying layer...
10-30 22:09:27.990   560   560 I keystore: clear_uid 10099
10-30 22:09:28.037  1311  1311 D CarrierSvcBindHelper: No carrier app for: 0
10-30 22:09:28.038   772   787 W ResourceType: No known package when getting value for resource number 0x7f100007
10-30 22:09:28.038   772   787 W ResourceType: No known package when getting value for resource number 0x7f13090c
10-30 22:09:28.038   772   787 W ResourceType: No known package when getting value for resource number 0x7f100005
10-30 22:09:28.038   772   787 W ResourceType: No known package when getting value for resource number 0x7f13090a
10-30 22:09:28.038   772   787 W ResourceType: No known package when getting value for resource number 0x7f100004
10-30 22:09:28.038   772   787 W ResourceType: No known package when getting value for resource number 0x7f130909
10-30 22:09:28.038   772   787 W ResourceType: No known package when getting value for resource number 0x7f100006
10-30 22:09:28.038   772   787 W ResourceType: No known package when getting value for resource number 0x7f13090b
10-30 22:09:28.040  5987  5987 I app_process: System.exit called, status: 0
10-30 22:09:28.040  5987  5987 I AndroidRuntime: VM exiting with result code 0.
10-30 22:09:28.051  2964  2964 D RegisteredNfcFServicesCache: Service unchanged, not updating
10-30 22:09:28.083  3960  6017 I Fitness : FitCleanupIntentOperation received Intent android.intent.action.PACKAGE_DATA_CLEARED [CONTEXT service_id=17 ]
10-30 22:09:28.121 31215 31409 I Icing   : doRemovePackageData com.opera.browser
10-30 22:09:28.394   772  1327 I ActivityManager: Force stopping com.opera.browser appid=10099 user=0: from pid 6041
10-30 22:09:28.399  1311  1311 D CarrierSvcBindHelper: No carrier app for: 0
10-30 22:09:28.411  2964  2964 D RegisteredNfcFServicesCache: Service unchanged, not updating
10-30 22:09:28.857  6043  6043 D AndroidRuntime: >>>>>> START com.android.internal.os.RuntimeInit uid 2000 <<<<<<
10-30 22:09:29.010  6043  6043 D AndroidRuntime: Calling main entry com.android.commands.pm.Pm
10-30 22:09:29.041   772  4539 I ActivityManager: Force stopping com.opera.browser appid=10099 user=0: clear data
10-30 22:09:29.045   772   788 I ActivityManager: Force stopping com.opera.browser appid=10099 user=-1: clearApplicationUserData
10-30 22:09:29.048   560   560 I keystore: clear_uid 10099
10-30 22:09:29.103  1311  1311 D CarrierSvcBindHelper: No carrier app for: 0
10-30 22:09:29.104  6043  6043 I app_process: System.exit called, status: 0
10-30 22:09:29.105  6043  6043 I AndroidRuntime: VM exiting with result code 0.
10-30 22:09:29.115   772   787 W ResourceType: No known package when getting value for resource number 0x7f100007
10-30 22:09:29.115   772   787 W ResourceType: No known package when getting value for resource number 0x7f13090c
10-30 22:09:29.115   772   787 W ResourceType: No known package when getting value for resource number 0x7f100005
10-30 22:09:29.115   772   787 W ResourceType: No known package when getting value for resource number 0x7f13090a
10-30 22:09:29.115   772   787 W ResourceType: No known package when getting value for resource number 0x7f100004
10-30 22:09:29.115   772   787 W ResourceType: No known package when getting value for resource number 0x7f130909
10-30 22:09:29.115   772   787 W ResourceType: No known package when getting value for resource number 0x7f100006
10-30 22:09:29.115   772   787 W ResourceType: No known package when getting value for resource number 0x7f13090b
10-30 22:09:29.135  2964  2964 D RegisteredNfcFServicesCache: Service unchanged, not updating
10-30 22:09:29.153  3960  6014 I Fitness : FitCleanupIntentOperation received Intent android.intent.action.PACKAGE_DATA_CLEARED [CONTEXT service_id=17 ]
10-30 22:09:29.181 31215 31409 I Icing   : doRemovePackageData com.opera.browser
