10-31 14:53:38.485 31127 31127 I cr_ChildProcessService: Creating new ChildProcessService pid=31127
10-31 14:53:38.486 31113 31199 I cr_LibraryLoader: Successfully loaded native library
10-31 14:53:38.487 31113 31199 I cr_CachingUmaRecorder: Flushed 3 samples from 3 histograms.
10-31 14:53:38.489 30817 30817 W ResourceType: Failure getting entry for 0x7f010827 (t=0 e=2087) (error -75)
10-31 14:53:38.501 31127 31127 E WebViewFactory: can't load with relro file; address space not reserved
10-31 14:53:38.510 31144 31144 I cr_SplitCompatApp: Launched version=106.0.5249.79 minSdkVersion=24 isBundle=true processName=com.android.chrome:sandboxed_process10 isIsolated=true
10-31 14:53:38.513 30817 30827 I zygote  : Background concurrent copying GC freed 29507(1676KB) AllocSpace objects, 2(40KB) LOS objects, 49% free, 5MB/11MB, paused 258us total 111.117ms
10-31 14:53:38.513 31127 31208 I cr_LibraryLoader: Successfully loaded native library
10-31 14:53:38.515 31127 31208 I cr_CachingUmaRecorder: Flushed 3 samples from 3 histograms.
10-31 14:53:38.516 30817 30875 I cr_VrCoreVersionChecker: Unable to find VrCore.
10-31 14:53:38.516 31144 31144 W SystemServiceRegistry: No service published for: uimode
10-31 14:53:38.524 31144 31144 I cr_ChildProcessService: Creating new ChildProcessService pid=31144
10-31 14:53:38.532 31144 31144 E WebViewFactory: can't load with relro file; address space not reserved
10-31 14:53:38.533 31067 31142 I chromium: [INFO:child_process_service.cc(69)] ChildProcessService: Exiting child process.
10-31 14:53:38.536   422   422 E lowmemorykiller: Error writing /proc/31067/oom_score_adj; errno=22
10-31 14:53:38.537   772 13021 I ActivityManager: Killing 31067:com.android.chrome:sandboxed_process5/u0a60i310 (adj 0): isolated not needed
10-31 14:53:38.538   772   790 W zygote64: failed to open /acct/uid_99310/pid_31067/cgroup.procs: No such file or directory
10-31 14:53:38.539 31042 31110 I chromium: [INFO:child_process_service.cc(69)] ChildProcessService: Exiting child process.
10-31 14:53:38.541   422   422 E lowmemorykiller: Error writing /proc/31042/oom_score_adj; errno=22
10-31 14:53:38.541   772 32228 I ActivityManager: Killing 31042:com.android.chrome:sandboxed_process3/u0a60i308 (adj 0): isolated not needed
10-31 14:53:38.544 31027 31109 I chromium: [INFO:child_process_service.cc(69)] ChildProcessService: Exiting child process.
10-31 14:53:38.544 31081 31151 I chromium: [INFO:child_process_service.cc(69)] ChildProcessService: Exiting child process.
10-31 14:53:38.547 31056 31162 I chromium: [INFO:child_process_service.cc(69)] ChildProcessService: Exiting child process.
10-31 14:53:38.550   772   790 W zygote64: failed to open /acct/uid_99308/pid_31042/cgroup.procs: No such file or directory
10-31 14:53:38.554 31144 31219 I cr_LibraryLoader: Successfully loaded native library
10-31 14:53:38.555   422   422 E lowmemorykiller: Error writing /proc/31081/oom_score_adj; errno=22
10-31 14:53:38.556   772  2969 I ActivityManager: Killing 31081:com.android.chrome:sandboxed_process6/u0a60i311 (adj 0): isolated not needed
10-31 14:53:38.556 31113 31199 I chromium: [INFO:child_process_service.cc(69)] ChildProcessService: Exiting child process.
10-31 14:53:38.557 31097 31191 I chromium: [INFO:child_process_service.cc(69)] ChildProcessService: Exiting child process.
10-31 14:53:38.559   422   422 E lowmemorykiller: Error writing /proc/31027/oom_score_adj; errno=22
10-31 14:53:38.560   772  3854 I ActivityManager: Killing 31027:com.android.chrome:sandboxed_process2/u0a60i307 (adj 0): isolated not needed
10-31 14:53:38.560   772   790 W zygote64: failed to open /acct/uid_99311/pid_31081/cgroup.procs: No such file or directory
10-31 14:53:38.560   772   790 W zygote64: failed to open /acct/uid_99307/pid_31027/cgroup.procs: No such file or directory
10-31 14:53:38.561 31144 31219 I cr_CachingUmaRecorder: Flushed 3 samples from 3 histograms.
10-31 14:53:38.563   422   422 E lowmemorykiller: Error writing /proc/31056/oom_score_adj; errno=22
10-31 14:53:38.563   772  3041 I ActivityManager: Killing 31056:com.android.chrome:sandboxed_process4/u0a60i309 (adj 0): isolated not needed
10-31 14:53:38.564 30817 30817 W chromium: [WARNING:compositor_view.cc(342)] Child process died (type=6) pid=31067)
10-31 14:53:38.566   772   790 W zygote64: failed to open /acct/uid_99309/pid_31056/cgroup.procs: No such file or directory
10-31 14:53:38.567   422   422 E lowmemorykiller: Error writing /proc/31113/oom_score_adj; errno=22
10-31 14:53:38.568   772 13021 I ActivityManager: Killing 31113:com.android.chrome:sandboxed_process8/u0a60i313 (adj 0): isolated not needed
10-31 14:53:38.570   772   790 W zygote64: failed to open /acct/uid_99313/pid_31113/cgroup.procs: No such file or directory
10-31 14:53:38.571   422   422 E lowmemorykiller: Error writing /proc/31097/oom_score_adj; errno=22
10-31 14:53:38.572   772 10894 I ActivityManager: Killing 31097:com.android.chrome:sandboxed_process7/u0a60i312 (adj 0): isolated not needed
10-31 14:53:38.575   772   790 W zygote64: failed to open /acct/uid_99312/pid_31097/cgroup.procs: No such file or directory
10-31 14:53:38.580 31127 31208 I chromium: [INFO:child_process_service.cc(69)] ChildProcessService: Exiting child process.
10-31 14:53:38.581   422   422 E lowmemorykiller: Error writing /proc/31127/oom_score_adj; errno=22
10-31 14:53:38.587 30817 30817 W chromium: [WARNING:compositor_view.cc(342)] Child process died (type=6) pid=31081)
10-31 14:53:38.589 30817 30817 W chromium: [WARNING:compositor_view.cc(342)] Child process died (type=6) pid=31042)
10-31 14:53:38.590 30817 30817 I Choreographer: Skipped 47 frames!  The application may be doing too much work on its main thread.
10-31 14:53:38.596   772  3854 I ActivityManager: Killing 31127:com.android.chrome:sandboxed_process9/u0a60i314 (adj 0): isolated not needed
10-31 14:53:38.596   772   790 W zygote64: failed to open /acct/uid_99314/pid_31127/cgroup.procs: No such file or directory
10-31 14:53:38.633 30817 30817 W StaticLayout: maxLineHeight should not be -1.  maxLines:1 lineCount:1
10-31 14:53:38.708 30817 30817 W chromium: [WARNING:compositor_view.cc(342)] Child process died (type=6) pid=31097)
10-31 14:53:38.710 30817 30817 W chromium: [WARNING:compositor_view.cc(342)] Child process died (type=6) pid=31027)
10-31 14:53:38.712 30817 30817 W chromium: [WARNING:compositor_view.cc(342)] Child process died (type=6) pid=31056)
10-31 14:53:38.712 31144 31219 I chromium: [INFO:child_process_service.cc(69)] ChildProcessService: Exiting child process.
10-31 14:53:38.713   772   797 I ActivityManager: Displayed com.android.chrome/com.google.android.apps.chrome.Main: +1s79ms
10-31 14:53:38.713 30817 30817 W chromium: [WARNING:compositor_view.cc(342)] Child process died (type=6) pid=31127)
10-31 14:53:38.714 30817 30817 W chromium: [WARNING:compositor_view.cc(342)] Child process died (type=6) pid=31113)
10-31 14:53:38.724   422   422 E lowmemorykiller: Error writing /proc/31144/oom_score_adj; errno=22
10-31 14:53:38.724   772  2970 I ActivityManager: Killing 31144:com.android.chrome:sandboxed_process10/u0a60i315 (adj 0): isolated not needed
10-31 14:53:38.725   772   790 W zygote64: failed to open /acct/uid_99315/pid_31144/cgroup.procs: No such file or directory
10-31 14:53:38.738 30817 30817 W chromium: [WARNING:compositor_view.cc(342)] Child process died (type=6) pid=31144)
10-31 14:53:38.820 31236 31236 E /system/bin/webview_zygote32: failed to make and chown /acct/uid_99316: Permission denied
10-31 14:53:38.820 31236 31236 E Zygote  : createProcessGroup(99316, 0) failed: Permission denied
10-31 14:53:38.827   772 32228 I ActivityManager: Start proc 31236:com.android.chrome:sandboxed_process11/u0i316 for webview_service com.android.chrome/org.chromium.content.app.SandboxedProcessService11
10-31 14:53:38.853 31236 31236 I SamplingProfilerIntegration: Profiling disabled.
10-31 14:53:38.861 31252 31252 E /system/bin/webview_zygote32: failed to make and chown /acct/uid_99317: Permission denied
10-31 14:53:38.861 31252 31252 E Zygote  : createProcessGroup(99317, 0) failed: Permission denied
10-31 14:53:38.863   772 13021 I ActivityManager: Start proc 31252:com.android.chrome:sandboxed_process12/u0i317 for webview_service com.android.chrome/org.chromium.content.app.SandboxedProcessService12
10-31 14:53:38.884 31252 31252 I SamplingProfilerIntegration: Profiling disabled.
10-31 14:53:38.885   772   996 I ActivityManager: Start proc 31265:com.android.chrome:sandboxed_process13/u0i318 for webview_service com.android.chrome/org.chromium.content.app.SandboxedProcessService13
10-31 14:53:38.888 31265 31265 E /system/bin/webview_zygote32: failed to make and chown /acct/uid_99318: Permission denied
10-31 14:53:38.888 31265 31265 E Zygote  : createProcessGroup(99318, 0) failed: Permission denied
10-31 14:53:38.891 31270 31270 E asset   : setgid: Operation not permitted
10-31 14:53:38.906 31275 31275 E asset   : setgid: Operation not permitted
10-31 14:53:38.921 31265 31265 I SamplingProfilerIntegration: Profiling disabled.
10-31 14:53:38.923 31236 31236 I cr_SplitCompatApp: Launched version=106.0.5249.79 minSdkVersion=24 isBundle=true processName=com.android.chrome:sandboxed_process11 isIsolated=true
10-31 14:53:38.926 31281 31281 E /system/bin/webview_zygote32: failed to make and chown /acct/uid_99319: Permission denied
10-31 14:53:38.926 31281 31281 E Zygote  : createProcessGroup(99319, 0) failed: Permission denied
10-31 14:53:38.927 31236 31236 W SystemServiceRegistry: No service published for: uimode
10-31 14:53:38.930   772  1324 I ActivityManager: Start proc 31281:com.android.chrome:sandboxed_process14/u0i319 for webview_service com.android.chrome/org.chromium.content.app.SandboxedProcessService14
10-31 14:53:38.933 31236 31236 I cr_ChildProcessService: Creating new ChildProcessService pid=31236
10-31 14:53:38.938 31252 31252 I cr_SplitCompatApp: Launched version=106.0.5249.79 minSdkVersion=24 isBundle=true processName=com.android.chrome:sandboxed_process12 isIsolated=true
10-31 14:53:38.944 31252 31252 W SystemServiceRegistry: No service published for: uimode
10-31 14:53:38.949 30817 30876 W cr_CrashFileManager: /data/user/0/com.android.chrome/cache/Crash Reports does not exist or is not a directory
10-31 14:53:38.949 30817 30876 I chatty  : uid=10060(u0_a60) com.android.chrome:sandboxed identical 1 line
10-31 14:53:38.949 30817 30876 W cr_CrashFileManager: /data/user/0/com.android.chrome/cache/Crash Reports does not exist or is not a directory
10-31 14:53:38.953 31236 31236 E WebViewFactory: can't load with relro file; address space not reserved
10-31 14:53:38.955 31252 31252 I cr_ChildProcessService: Creating new ChildProcessService pid=31252
10-31 14:53:38.963 31298 31298 E asset   : setgid: Operation not permitted
10-31 14:53:38.964 31281 31281 I SamplingProfilerIntegration: Profiling disabled.
10-31 14:53:38.968   772  4540 I ActivityManager: Start proc 31300:com.android.chrome:sandboxed_process15/u0i320 for webview_service com.android.chrome/org.chromium.content.app.SandboxedProcessService15
10-31 14:53:38.978 31300 31300 E /system/bin/webview_zygote32: failed to make and chown /acct/uid_99320: Permission denied
10-31 14:53:38.979 31300 31300 E Zygote  : createProcessGroup(99320, 0) failed: Permission denied
10-31 14:53:38.988   772 13071 W AppOps  : Bad call: specified package com.google.android.gms under uid 10045 but it is really 10020
10-31 14:53:38.988   772 13071 W AppOps  : java.lang.RuntimeException: here
10-31 14:53:38.988   772 13071 W AppOps  : 	at com.android.server.AppOpsService.getOpsRawLocked(AppOpsService.java:1319)
10-31 14:53:38.988   772 13071 W AppOps  : 	at com.android.server.AppOpsService.checkPackage(AppOpsService.java:1038)
10-31 14:53:38.988   772 13071 W AppOps  : 	at com.android.internal.app.IAppOpsService$Stub.onTransact(IAppOpsService.java:169)
10-31 14:53:38.988   772 13071 W AppOps  : 	at android.os.Binder.execTransact(Binder.java:674)
10-31 14:53:38.989 31252 31252 E WebViewFactory: can't load with relro file; address space not reserved
10-31 14:53:38.990   772   785 W AppOps  : Bad call: specified package com.google.android.gms under uid 10045 but it is really 10020
10-31 14:53:38.990   772   785 W AppOps  : java.lang.RuntimeException: here
10-31 14:53:38.990   772   785 W AppOps  : 	at com.android.server.AppOpsService.getOpsRawLocked(AppOpsService.java:1319)
10-31 14:53:38.990   772   785 W AppOps  : 	at com.android.server.AppOpsService.checkPackage(AppOpsService.java:1038)
10-31 14:53:38.990   772   785 W AppOps  : 	at com.android.internal.app.IAppOpsService$Stub.onTransact(IAppOpsService.java:169)
10-31 14:53:38.990   772   785 W AppOps  : 	at android.os.Binder.execTransact(Binder.java:674)
10-31 14:53:39.005   772  1327 I ActivityManager: Start proc 31313:com.android.chrome:sandboxed_process16/u0i321 for webview_service com.android.chrome/org.chromium.content.app.SandboxedProcessService16
10-31 14:53:39.008 31318 31318 E asset   : setgid: Operation not permitted
10-31 14:53:39.020 30817 30854 I cr_BindingManager: Moderate binding enabled: maxSize=40
10-31 14:53:39.024 27001 27001 E WorkerRegistryImpl: getWorker() is called after WorkerRegistry disposal.
10-31 14:53:39.025 27001 27001 E WorkerRegistryImpl: getWorker() is called after WorkerRegistry disposal.
10-31 14:53:39.030 31313 31313 E /system/bin/webview_zygote32: failed to make and chown /acct/uid_99321: Permission denied
10-31 14:53:39.031 31313 31313 E Zygote  : createProcessGroup(99321, 0) failed: Permission denied
10-31 14:53:39.039 31300 31300 I SamplingProfilerIntegration: Profiling disabled.
10-31 14:53:39.043 31236 31289 I cr_LibraryLoader: Successfully loaded native library
10-31 14:53:39.043 31252 31297 I cr_LibraryLoader: Successfully loaded native library
10-31 14:53:39.047 31252 31297 I cr_CachingUmaRecorder: Flushed 3 samples from 3 histograms.
10-31 14:53:39.049 31236 31289 I cr_CachingUmaRecorder: Flushed 3 samples from 3 histograms.
10-31 14:53:39.050 27001 27001 I MemoryTrimmer: Trimming objects from memory, since app is in the background.
10-31 14:53:39.059 31265 31265 I cr_SplitCompatApp: Launched version=106.0.5249.79 minSdkVersion=24 isBundle=true processName=com.android.chrome:sandboxed_process13 isIsolated=true
10-31 14:53:39.064 31313 31313 I SamplingProfilerIntegration: Profiling disabled.
10-31 14:53:39.064 31281 31281 I cr_SplitCompatApp: Launched version=106.0.5249.79 minSdkVersion=24 isBundle=true processName=com.android.chrome:sandboxed_process14 isIsolated=true
10-31 14:53:39.067 31265 31265 W SystemServiceRegistry: No service published for: uimode
10-31 14:53:39.071 31344 31344 E asset   : setgid: Operation not permitted
10-31 14:53:39.078 31281 31281 W SystemServiceRegistry: No service published for: uimode
10-31 14:53:39.079 31265 31265 I cr_ChildProcessService: Creating new ChildProcessService pid=31265
10-31 14:53:39.087 31349 31349 E asset   : setgid: Operation not permitted
10-31 14:53:39.088 31236 31289 I chromium: [INFO:child_process_service.cc(69)] ChildProcessService: Exiting child process.
10-31 14:53:39.092   422   422 E lowmemorykiller: Error writing /proc/31236/oom_score_adj; errno=22
10-31 14:53:39.092   772  4540 I ActivityManager: Killing 31236:com.android.chrome:sandboxed_process11/u0a60i316 (adj 0): isolated not needed
10-31 14:53:39.093   772   790 W zygote64: failed to open /acct/uid_99316/pid_31236/cgroup.procs: No such file or directory
10-31 14:53:39.099 31281 31281 I cr_ChildProcessService: Creating new ChildProcessService pid=31281
10-31 14:53:39.106 31252 31297 I chromium: [INFO:child_process_service.cc(69)] ChildProcessService: Exiting child process.
10-31 14:53:39.108   422   422 E lowmemorykiller: Error writing /proc/31252/oom_score_adj; errno=22
10-31 14:53:39.108   772  3041 I ActivityManager: Killing 31252:com.android.chrome:sandboxed_process12/u0a60i317 (adj 0): isolated not needed
10-31 14:53:39.109 31265 31265 E WebViewFactory: can't load with relro file; address space not reserved
10-31 14:53:39.110   772   790 W zygote64: failed to open /acct/uid_99317/pid_31252/cgroup.procs: No such file or directory
10-31 14:53:39.112 31300 31300 I cr_SplitCompatApp: Launched version=106.0.5249.79 minSdkVersion=24 isBundle=true processName=com.android.chrome:sandboxed_process15 isIsolated=true
10-31 14:53:39.120 31281 31352 E WebViewFactory: can't load with relro file; address space not reserved
10-31 14:53:39.125 31300 31300 W SystemServiceRegistry: No service published for: uimode
10-31 14:53:39.129 31281 31352 I cr_LibraryLoader: Successfully loaded native library
10-31 14:53:39.130 31281 31352 I cr_CachingUmaRecorder: Flushed 3 samples from 3 histograms.
10-31 14:53:39.136 31300 31300 I cr_ChildProcessService: Creating new ChildProcessService pid=31300
10-31 14:53:39.137 31265 31346 I cr_LibraryLoader: Successfully loaded native library
10-31 14:53:39.138 30817 30817 W chromium: [WARNING:compositor_view.cc(342)] Child process died (type=6) pid=31252)
10-31 14:53:39.139 31265 31346 I cr_CachingUmaRecorder: Flushed 3 samples from 3 histograms.
10-31 14:53:39.139 30817 30817 W chromium: [WARNING:compositor_view.cc(342)] Child process died (type=6) pid=31236)
10-31 14:53:39.158 31300 31300 E WebViewFactory: can't load with relro file; address space not reserved
10-31 14:53:39.159 31313 31313 I cr_SplitCompatApp: Launched version=106.0.5249.79 minSdkVersion=24 isBundle=true processName=com.android.chrome:sandboxed_process16 isIsolated=true
10-31 14:53:39.164 31313 31313 W SystemServiceRegistry: No service published for: uimode
10-31 14:53:39.171 31313 31313 I cr_ChildProcessService: Creating new ChildProcessService pid=31313
10-31 14:53:39.176 31300 31355 I cr_LibraryLoader: Successfully loaded native library
10-31 14:53:39.178 31281 31352 I chromium: [INFO:child_process_service.cc(69)] ChildProcessService: Exiting child process.
10-31 14:53:39.179 31300 31355 I cr_CachingUmaRecorder: Flushed 3 samples from 3 histograms.
10-31 14:53:39.183 31373 31373 E /system/bin/webview_zygote32: failed to make and chown /acct/uid_99322: Permission denied
10-31 14:53:39.184 31373 31373 E Zygote  : createProcessGroup(99322, 0) failed: Permission denied
10-31 14:53:39.198 30817 30817 W chromium: [WARNING:compositor_view.cc(342)] Child process died (type=6) pid=31281)
10-31 14:53:39.200 31265 31346 I chromium: [INFO:child_process_service.cc(69)] ChildProcessService: Exiting child process.
10-31 14:53:39.201   772  4539 I ActivityManager: Start proc 31373:com.android.chrome:sandboxed_process17/u0i322 for webview_service com.android.chrome/org.chromium.content.app.SandboxedProcessService17
10-31 14:53:39.205   772 32228 I ActivityManager: Process com.android.chrome:sandboxed_process14 (pid 31281) has died: vis  TOP 
10-31 14:53:39.205   772 32228 W ActivityManager: Scheduling restart of crashed service com.android.chrome/org.chromium.content.app.SandboxedProcessService14 in 1000ms
10-31 14:53:39.205   772   790 W zygote64: failed to open /acct/uid_99319/pid_31281/cgroup.procs: No such file or directory
10-31 14:53:39.215 31313 31313 E WebViewFactory: can't load with relro file; address space not reserved
10-31 14:53:39.225 31373 31373 I SamplingProfilerIntegration: Profiling disabled.
10-31 14:53:39.232 31395 31395 E /system/bin/webview_zygote32: failed to make and chown /acct/uid_99323: Permission denied
10-31 14:53:39.232 31395 31395 E Zygote  : createProcessGroup(99323, 0) failed: Permission denied
10-31 14:53:39.237   772 10860 I ActivityManager: Start proc 31395:com.android.chrome:sandboxed_process18/u0i323 for webview_service com.android.chrome/org.chromium.content.app.SandboxedProcessService18
10-31 14:53:39.237   772  4540 I ActivityManager: Process com.android.chrome:sandboxed_process13 (pid 31265) has died: vis  TOP 
10-31 14:53:39.238   772  4540 W ActivityManager: Scheduling restart of crashed service com.android.chrome/org.chromium.content.app.SandboxedProcessService13 in 10968ms
10-31 14:53:39.238   772   790 W zygote64: failed to open /acct/uid_99318/pid_31265/cgroup.procs: No such file or directory
10-31 14:53:39.240 30817 30817 W chromium: [WARNING:compositor_view.cc(342)] Child process died (type=6) pid=31265)
10-31 14:53:39.248 31300 31355 I chromium: [INFO:child_process_service.cc(69)] ChildProcessService: Exiting child process.
10-31 14:53:39.256   772  3037 I ActivityManager: START u0 {act=android.intent.action.VIEW dat=http://192.168.178.178:5500/... flg=0x10000000 cmp=com.android.chrome/com.google.android.apps.chrome.Main} from uid 2000
10-31 14:53:39.275 31415 31415 E asset   : setgid: Operation not permitted
10-31 14:53:39.276 31395 31395 I SamplingProfilerIntegration: Profiling disabled.
10-31 14:53:39.286 31416 31416 E /system/bin/webview_zygote32: failed to make and chown /acct/uid_99324: Permission denied
10-31 14:53:39.286 31416 31416 E Zygote  : createProcessGroup(99324, 0) failed: Permission denied
10-31 14:53:39.290   772  1259 I ActivityManager: Start proc 31416:com.android.chrome:sandboxed_process19/u0i324 for webview_service com.android.chrome/org.chromium.content.app.SandboxedProcessService19
10-31 14:53:39.294   772  4539 I ActivityManager: Process com.android.chrome:sandboxed_process15 (pid 31300) has died: vis  TOP 
10-31 14:53:39.294   772  4539 W ActivityManager: Scheduling restart of crashed service com.android.chrome/org.chromium.content.app.SandboxedProcessService15 in 20911ms
10-31 14:53:39.294   772   790 W zygote64: failed to open /acct/uid_99320/pid_31300/cgroup.procs: No such file or directory
10-31 14:53:39.301 31416 31416 I SamplingProfilerIntegration: Profiling disabled.
10-31 14:53:39.315   772   996 I ActivityManager: Start proc 31430:com.android.chrome:sandboxed_process20/u0i325 for webview_service com.android.chrome/org.chromium.content.app.SandboxedProcessService20
10-31 14:53:39.316 31430 31430 E /system/bin/webview_zygote32: failed to make and chown /acct/uid_99325: Permission denied
10-31 14:53:39.316 31430 31430 E Zygote  : createProcessGroup(99325, 0) failed: Permission denied
10-31 14:53:39.319 31435 31435 E asset   : setgid: Operation not permitted
10-31 14:53:39.323 31373 31373 I cr_SplitCompatApp: Launched version=106.0.5249.79 minSdkVersion=24 isBundle=true processName=com.android.chrome:sandboxed_process17 isIsolated=true
10-31 14:53:39.331 30817 30854 I cr_BindingManager: onTrimMemory: level=15, size=0
10-31 14:53:39.334 31441 31441 E asset   : setgid: Operation not permitted
10-31 14:53:39.335 31373 31373 W SystemServiceRegistry: No service published for: uimode
10-31 14:53:39.338 30817 30817 E cr_IntentUtils: getInt failed on bundle null
10-31 14:53:39.344 30817 30817 E ResourceType: Style contains key with bad entry: 0x0101062c
10-31 14:53:39.348 31373 31373 I cr_ChildProcessService: Creating new ChildProcessService pid=31373
10-31 14:53:39.350 31313 31370 I cr_LibraryLoader: Successfully loaded native library
10-31 14:53:39.351 31313 31370 I cr_CachingUmaRecorder: Flushed 3 samples from 3 histograms.
10-31 14:53:39.353 31395 31395 I cr_SplitCompatApp: Launched version=106.0.5249.79 minSdkVersion=24 isBundle=true processName=com.android.chrome:sandboxed_process18 isIsolated=true
10-31 14:53:39.358 31395 31395 W SystemServiceRegistry: No service published for: uimode
10-31 14:53:39.363 31430 31430 I SamplingProfilerIntegration: Profiling disabled.
10-31 14:53:39.365 31373 31373 E WebViewFactory: can't load with relro file; address space not reserved
10-31 14:53:39.370 31395 31395 I cr_ChildProcessService: Creating new ChildProcessService pid=31395
10-31 14:53:39.378   772  1327 I ActivityManager: Start proc 31458:com.android.chrome:sandboxed_process21/u0i326 for webview_service com.android.chrome/org.chromium.content.app.SandboxedProcessService21
10-31 14:53:39.384 31373 31446 I cr_LibraryLoader: Successfully loaded native library
10-31 14:53:39.384 31373 31446 I cr_CachingUmaRecorder: Flushed 3 samples from 3 histograms.
10-31 14:53:39.389 31458 31458 E /system/bin/webview_zygote32: failed to make and chown /acct/uid_99326: Permission denied
10-31 14:53:39.389 31458 31458 E Zygote  : createProcessGroup(99326, 0) failed: Permission denied
10-31 14:53:39.393 30817 30817 I cr_tabmodel: Appending tabs being restored to metadata lists, 0, startingNormalCount: 2, startingIncognitoCount: 0
10-31 14:53:39.393 30817 30817 I cr_tabmodel: Serializing tab lists; counts: 2, 0
10-31 14:53:39.405 31458 31458 I SamplingProfilerIntegration: Profiling disabled.
10-31 14:53:39.406 31471 31471 E asset   : setgid: Operation not permitted
10-31 14:53:39.408 31395 31395 E WebViewFactory: can't load with relro file; address space not reserved
10-31 14:53:39.413 31416 31416 I cr_SplitCompatApp: Launched version=106.0.5249.79 minSdkVersion=24 isBundle=true processName=com.android.chrome:sandboxed_process19 isIsolated=true
10-31 14:53:39.424 31416 31416 W SystemServiceRegistry: No service published for: uimode
10-31 14:53:39.426 31395 31456 I cr_LibraryLoader: Successfully loaded native library
10-31 14:53:39.434 30817 30817 I cr_OfflineDetector: Running updateState mConnectivityDetectorInitialized: true, mTimeWhenLastForegrounded: 1100473601, getElapsedTime: 1100473601, mTimeWhenLastOfflineNotificationReceived: 0, mTimeWhenLastOnline: 1100472388, mApplicationState: 1, mIsOfflineLastReportedByConnectivityDetector: false, mIsEffectivelyOffline: false
10-31 14:53:39.434 30817 30817 I cr_OfflineDetector: updateState(): timeSinceLastForeground: 0, timeSinceOfflineNotificationReceived: 1100473601, timeSinceLastOnline: 1213, timeNeededForForeground: 2000, timeNeededForOffline: -1100471601
10-31 14:53:39.434 31395 31456 I cr_CachingUmaRecorder: Flushed 3 samples from 3 histograms.
10-31 14:53:39.440 31416 31416 I cr_ChildProcessService: Creating new ChildProcessService pid=31416
10-31 14:53:39.447 31430 31430 I cr_SplitCompatApp: Launched version=106.0.5249.79 minSdkVersion=24 isBundle=true processName=com.android.chrome:sandboxed_process20 isIsolated=true
10-31 14:53:39.459 31481 31481 E asset   : setgid: Operation not permitted
10-31 14:53:39.461 31430 31430 W SystemServiceRegistry: No service published for: uimode
10-31 14:53:39.463 31416 31416 E WebViewFactory: can't load with relro file; address space not reserved
10-31 14:53:39.471 30817 30817 W chromium: [WARNING:compositor_view.cc(342)] Child process died (type=6) pid=31300)
10-31 14:53:39.482 31430 31430 I cr_ChildProcessService: Creating new ChildProcessService pid=31430
10-31 14:53:39.483 31416 31479 I cr_LibraryLoader: Successfully loaded native library
10-31 14:53:39.485 31416 31479 I cr_CachingUmaRecorder: Flushed 3 samples from 3 histograms.
10-31 14:53:39.492 31313 31370 I chromium: [INFO:child_process_service.cc(69)] ChildProcessService: Exiting child process.
10-31 14:53:39.497 31430 31430 E WebViewFactory: can't load with relro file; address space not reserved
10-31 14:53:39.497 31373 31446 I chromium: [INFO:child_process_service.cc(69)] ChildProcessService: Exiting child process.
10-31 14:53:39.504   772  4540 I ActivityManager: Killing 31313:com.android.chrome:sandboxed_process16/u0a60i321 (adj 0): isolated not needed
10-31 14:53:39.504 30817 30817 W ResourceType: Failure getting entry for 0x7f010216 (t=0 e=534) (error -75)
10-31 14:53:39.504   422   422 E lowmemorykiller: Error writing /proc/31313/oom_score_adj; errno=22
10-31 14:53:39.504   772   790 W zygote64: failed to open /acct/uid_99321/pid_31313/cgroup.procs: No such file or directory
10-31 14:53:39.505 30817 30817 W ResourceType: Failure getting entry for 0x7f0107c9 (t=0 e=1993) (error -75)
10-31 14:53:39.507   422   422 E lowmemorykiller: Error writing /proc/31373/oom_score_adj; errno=22
10-31 14:53:39.508   772  2970 I ActivityManager: Killing 31373:com.android.chrome:sandboxed_process17/u0a60i322 (adj 0): isolated not needed
10-31 14:53:39.511   772   790 W zygote64: failed to open /acct/uid_99322/pid_31373/cgroup.procs: No such file or directory
10-31 14:53:39.513 31395 31456 I chromium: [INFO:child_process_service.cc(69)] ChildProcessService: Exiting child process.
10-31 14:53:39.522   422   422 E lowmemorykiller: Error writing /proc/31395/oom_score_adj; errno=22
10-31 14:53:39.522   772 20193 I ActivityManager: Killing 31395:com.android.chrome:sandboxed_process18/u0a60i323 (adj 0): isolated not needed
10-31 14:53:39.523   772   790 W zygote64: failed to open /acct/uid_99323/pid_31395/cgroup.procs: No such file or directory
10-31 14:53:39.536 31430 31491 I cr_LibraryLoader: Successfully loaded native library
10-31 14:53:39.537 31458 31458 I cr_SplitCompatApp: Launched version=106.0.5249.79 minSdkVersion=24 isBundle=true processName=com.android.chrome:sandboxed_process21 isIsolated=true
10-31 14:53:39.539 31430 31491 I cr_CachingUmaRecorder: Flushed 3 samples from 3 histograms.
10-31 14:53:39.540 30817 30817 W chromium: [WARNING:compositor_view.cc(342)] Child process died (type=6) pid=31313)
10-31 14:53:39.542 30817 30817 W chromium: [WARNING:compositor_view.cc(342)] Child process died (type=6) pid=31395)
10-31 14:53:39.545 30817 30817 W chromium: [WARNING:compositor_view.cc(342)] Child process died (type=6) pid=31373)
10-31 14:53:39.560 31458 31458 W SystemServiceRegistry: No service published for: uimode
10-31 14:53:39.579 31458 31458 I cr_ChildProcessService: Creating new ChildProcessService pid=31458
10-31 14:53:39.594 31416 31479 I chromium: [INFO:child_process_service.cc(69)] ChildProcessService: Exiting child process.
10-31 14:53:39.596   422   422 E lowmemorykiller: Error writing /proc/31416/oom_score_adj; errno=22
10-31 14:53:39.597   772  1259 I ActivityManager: Killing 31416:com.android.chrome:sandboxed_process19/u0a60i324 (adj 0): isolated not needed
10-31 14:53:39.598 31458 31458 E WebViewFactory: can't load with relro file; address space not reserved
10-31 14:53:39.599 31430 31491 I chromium: [INFO:child_process_service.cc(69)] ChildProcessService: Exiting child process.
10-31 14:53:39.600   422   422 E lowmemorykiller: Error writing /proc/31430/oom_score_adj; errno=22
10-31 14:53:39.601   772 32228 I ActivityManager: Killing 31430:com.android.chrome:sandboxed_process20/u0a60i325 (adj 0): isolated not needed
10-31 14:53:39.601   772   790 W zygote64: failed to open /acct/uid_99324/pid_31416/cgroup.procs: No such file or directory
10-31 14:53:39.602   772   790 W zygote64: failed to open /acct/uid_99325/pid_31430/cgroup.procs: No such file or directory
10-31 14:53:39.613 30817 30817 W chromium: [WARNING:compositor_view.cc(342)] Child process died (type=6) pid=31416)
10-31 14:53:39.621 31458 31507 I cr_LibraryLoader: Successfully loaded native library
10-31 14:53:39.622 31458 31507 I cr_CachingUmaRecorder: Flushed 3 samples from 3 histograms.
10-31 14:53:39.630 30817 30817 W chromium: [WARNING:compositor_view.cc(342)] Child process died (type=6) pid=31430)
10-31 14:53:40.315 30817 30872 I vndksupport: sphal namespace is not configured for this process. Loading libutils.so from the current namespace instead.
10-31 14:53:40.316 30887 30899 I vndksupport: sphal namespace is not configured for this process. Loading libutils.so from the current namespace instead.
10-31 14:53:40.316 30856 30868 I vndksupport: sphal namespace is not configured for this process. Loading libutils.so from the current namespace instead.
10-31 14:53:40.317 31458 31473 I vndksupport: sphal namespace is not configured for this process. Loading libutils.so from the current namespace instead.
10-31 14:53:40.331   556  6508 E Parcel  : Reading a NULL string not supported here.
10-31 14:53:40.331   556  6508 W Parcel  : **** enforceInterface() expected 'IAAudioService' but read ''
10-31 14:53:40.332   360   360 E SELinux : avc:  denied  { find } for service=android.service.gatekeeper.IGateKeeperService pid=31526 uid=2000 scontext=u:r:shell:s0 tcontext=u:object_r:gatekeeper_service:s0 tclass=service_manager
10-31 14:53:40.333   360   360 E SELinux : avc:  denied  { find } for service=netd pid=31526 uid=2000 scontext=u:r:shell:s0 tcontext=u:object_r:netd_service:s0 tclass=service_manager
10-31 14:53:40.342 31526 31526 W atrace  : type=1400 audit(0.0:15291): avc: denied { call } for scontext=u:r:shell:s0 tcontext=u:r:wificond:s0 tclass=binder permissive=0
10-31 14:53:40.346   360   360 E SELinux : avc:  denied  { find } for service=installd pid=31526 uid=2000 scontext=u:r:shell:s0 tcontext=u:object_r:installd_service:s0 tclass=service_manager
10-31 14:53:40.354   361   361 E SELinux : avc:  denied  { find } for interface=android.frameworks.displayservice::IDisplayService pid=31526 scontext=u:r:shell:s0 tcontext=u:object_r:fwk_display_hwservice:s0 tclass=hwservice_manager
10-31 14:53:40.355   361   361 E SELinux : avc:  denied  { find } for interface=android.frameworks.schedulerservice::ISchedulingPolicyService pid=31526 scontext=u:r:shell:s0 tcontext=u:object_r:fwk_scheduler_hwservice:s0 tclass=hwservice_manager
10-31 14:53:40.356   361   361 E SELinux : avc:  denied  { find } for interface=android.frameworks.sensorservice::ISensorManager pid=31526 scontext=u:r:shell:s0 tcontext=u:object_r:fwk_sensor_hwservice:s0 tclass=hwservice_manager
10-31 14:53:40.356   361   361 E SELinux : avc:  denied  { find } for interface=android.hardware.biometrics.fingerprint::IBiometricsFingerprint pid=31526 scontext=u:r:shell:s0 tcontext=u:object_r:hal_fingerprint_hwservice:s0 tclass=hwservice_manager
10-31 14:53:40.357   361   361 E SELinux : avc:  denied  { find } for interface=android.hardware.dumpstate::IDumpstateDevice pid=31526 scontext=u:r:shell:s0 tcontext=u:object_r:hal_dumpstate_hwservice:s0 tclass=hwservice_manager
10-31 14:53:40.358   361   361 E SELinux : avc:  denied  { find } for interface=android.hardware.radio.deprecated::IOemHook pid=31526 scontext=u:r:shell:s0 tcontext=u:object_r:hal_telephony_hwservice:s0 tclass=hwservice_manager
10-31 14:53:40.358   361   361 E SELinux : avc:  denied  { find } for interface=android.hardware.radio::IRadio pid=31526 scontext=u:r:shell:s0 tcontext=u:object_r:hal_telephony_hwservice:s0 tclass=hwservice_manager
10-31 14:53:40.359   361   361 E SELinux : avc:  denied  { find } for interface=android.hardware.radio::ISap pid=31526 scontext=u:r:shell:s0 tcontext=u:object_r:hal_telephony_hwservice:s0 tclass=hwservice_manager
10-31 14:53:40.359   361   361 E SELinux : avc:  denied  { find } for interface=android.hardware.usb::IUsb pid=31526 scontext=u:r:shell:s0 tcontext=u:object_r:hal_usb_hwservice:s0 tclass=hwservice_manager
10-31 14:53:40.360   361   361 E SELinux : avc:  denied  { find } for interface=android.hardware.wifi.supplicant::ISupplicant pid=31526 scontext=u:r:shell:s0 tcontext=u:object_r:hal_wifi_supplicant_hwservice:s0 tclass=hwservice_manager
10-31 14:53:40.361   361   361 E SELinux : avc:  denied  { find } for interface=android.hardware.wifi::IWifi pid=31526 scontext=u:r:shell:s0 tcontext=u:object_r:hal_wifi_hwservice:s0 tclass=hwservice_manager
10-31 14:53:40.362   361   361 E SELinux : avc:  denied  { find } for interface=android.hidl.base::IBase pid=31526 scontext=u:r:shell:s0 tcontext=u:object_r:hidl_base_hwservice:s0 tclass=hwservice_manager
10-31 14:53:40.362   361   361 I chatty  : uid=1000(system) hwservicemanage identical 1 line
10-31 14:53:40.363   361   361 E SELinux : avc:  denied  { find } for interface=android.hidl.base::IBase pid=31526 scontext=u:r:shell:s0 tcontext=u:object_r:hidl_base_hwservice:s0 tclass=hwservice_manager
10-31 14:53:40.364   361   361 E SELinux : avc:  denied  { find } for interface=android.system.wifi.keystore::IKeystore pid=31526 scontext=u:r:shell:s0 tcontext=u:object_r:system_wifi_keystore_hwservice:s0 tclass=hwservice_manager
10-31 14:53:40.726 30817 30817 W chromium: [WARNING:controller_impl.cc(1190)] Background download complete, client: 6, completion type: 0, file size:16643
10-31 14:53:40.749 31527 31527 E /system/bin/webview_zygote32: failed to make and chown /acct/uid_99327: Permission denied
10-31 14:53:40.749 31527 31527 E Zygote  : createProcessGroup(99327, 0) failed: Permission denied
10-31 14:53:40.750   772   785 I ActivityManager: Start proc 31527:com.android.chrome:sandboxed_process22/u0i327 for webview_service com.android.chrome/org.chromium.content.app.SandboxedProcessService22
10-31 14:53:40.773 31527 31527 I SamplingProfilerIntegration: Profiling disabled.
10-31 14:53:40.804 30817 30817 W chromium: [WARNING:controller_impl.cc(1190)] Background download complete, client: 6, completion type: 0, file size:18160
10-31 14:53:40.807 31540 31540 E asset   : setgid: Operation not permitted
10-31 14:53:40.832   772 13022 I ActivityManager: Start proc 31541:com.android.chrome:sandboxed_process23/u0i328 for webview_service com.android.chrome/org.chromium.content.app.SandboxedProcessService23
10-31 14:53:40.833 31541 31541 E /system/bin/webview_zygote32: failed to make and chown /acct/uid_99328: Permission denied
10-31 14:53:40.833 31541 31541 E Zygote  : createProcessGroup(99328, 0) failed: Permission denied
10-31 14:53:40.848 31527 31527 I cr_SplitCompatApp: Launched version=106.0.5249.79 minSdkVersion=24 isBundle=true processName=com.android.chrome:sandboxed_process22 isIsolated=true
10-31 14:53:40.853 31527 31527 W SystemServiceRegistry: No service published for: uimode
10-31 14:53:40.860 31527 31527 I cr_ChildProcessService: Creating new ChildProcessService pid=31527
10-31 14:53:40.861 31541 31541 I SamplingProfilerIntegration: Profiling disabled.
10-31 14:53:40.868 31527 31527 E WebViewFactory: can't load with relro file; address space not reserved
10-31 14:53:40.870 30817 30817 W chromium: [WARNING:controller_impl.cc(1190)] Background download complete, client: 6, completion type: 0, file size:15859
10-31 14:53:40.877 31527 31554 I cr_LibraryLoader: Successfully loaded native library
10-31 14:53:40.878 31527 31554 I cr_CachingUmaRecorder: Flushed 3 samples from 3 histograms.
10-31 14:53:40.891 31561 31561 E asset   : setgid: Operation not permitted
10-31 14:53:40.901 31563 31563 E /system/bin/webview_zygote32: failed to make and chown /acct/uid_99329: Permission denied
10-31 14:53:40.901 31563 31563 E Zygote  : createProcessGroup(99329, 0) failed: Permission denied
10-31 14:53:40.904   772  3854 I ActivityManager: Start proc 31563:com.android.chrome:sandboxed_process24/u0i329 for webview_service com.android.chrome/org.chromium.content.app.SandboxedProcessService24
10-31 14:53:40.909 31559 31559 W ThreadPoolForeg: type=1400 audit(0.0:15292): avc: denied { setattr } for name="model-info.pb" dev="dm-2" ino=1504806 scontext=u:r:isolated_app:s0:c512,c768 tcontext=u:object_r:app_data_file:s0:c512,c768 tclass=file permissive=0
10-31 14:53:40.909 31559 31559 W ThreadPoolForeg: type=1400 audit(0.0:15293): avc: denied { setattr } for name="model.tflite" dev="dm-2" ino=1504807 scontext=u:r:isolated_app:s0:c512,c768 tcontext=u:object_r:app_data_file:s0:c512,c768 tclass=file permissive=0
10-31 14:53:40.916 31527 31554 I chromium: [INFO:child_process_service.cc(69)] ChildProcessService: Exiting child process.
10-31 14:53:40.921   422   422 E lowmemorykiller: Error writing /proc/31527/oom_score_adj; errno=22
10-31 14:53:40.922   772  2970 I ActivityManager: Killing 31527:com.android.chrome:sandboxed_process22/u0a60i327 (adj 0): isolated not needed
10-31 14:53:40.923 31541 31541 I cr_SplitCompatApp: Launched version=106.0.5249.79 minSdkVersion=24 isBundle=true processName=com.android.chrome:sandboxed_process23 isIsolated=true
10-31 14:53:40.924   772   790 W zygote64: failed to open /acct/uid_99327/pid_31527/cgroup.procs: No such file or directory
10-31 14:53:40.930 31541 31541 W SystemServiceRegistry: No service published for: uimode
10-31 14:53:40.936 31541 31541 I cr_ChildProcessService: Creating new ChildProcessService pid=31541
10-31 14:53:40.942 31541 31541 E WebViewFactory: can't load with relro file; address space not reserved
10-31 14:53:40.944 30817 30817 W chromium: [WARNING:compositor_view.cc(342)] Child process died (type=6) pid=31527)
10-31 14:53:40.952 31563 31563 I SamplingProfilerIntegration: Profiling disabled.
10-31 14:53:40.955 31541 31574 I cr_LibraryLoader: Successfully loaded native library
10-31 14:53:40.956 31541 31574 I cr_CachingUmaRecorder: Flushed 3 samples from 3 histograms.
10-31 14:53:40.964 30817 30817 W chromium: [WARNING:controller_impl.cc(1190)] Background download complete, client: 6, completion type: 0, file size:4951
10-31 14:53:40.982 31584 31584 E asset   : setgid: Operation not permitted
10-31 14:53:40.989 31580 31580 W ThreadPoolForeg: type=1400 audit(0.0:15294): avc: denied { setattr } for name="model-info.pb" dev="dm-2" ino=1504809 scontext=u:r:isolated_app:s0:c512,c768 tcontext=u:object_r:app_data_file:s0:c512,c768 tclass=file permissive=0
10-31 14:53:40.992 31580 31580 W ThreadPoolForeg: type=1400 audit(0.0:15295): avc: denied { setattr } for name="model.tflite" dev="dm-2" ino=1504810 scontext=u:r:isolated_app:s0:c512,c768 tcontext=u:object_r:app_data_file:s0:c512,c768 tclass=file permissive=0
10-31 14:53:40.996   772 13022 I ActivityManager: Start proc 31585:com.android.chrome:sandboxed_process25/u0i330 for webview_service com.android.chrome/org.chromium.content.app.SandboxedProcessService25
10-31 14:53:40.998 31541 31574 I chromium: [INFO:child_process_service.cc(69)] ChildProcessService: Exiting child process.
10-31 14:53:41.001 31585 31585 E /system/bin/webview_zygote32: failed to make and chown /acct/uid_99330: Permission denied
10-31 14:53:41.001 31585 31585 E Zygote  : createProcessGroup(99330, 0) failed: Permission denied
10-31 14:53:41.008   422   422 E lowmemorykiller: Error writing /proc/31541/oom_score_adj; errno=22
10-31 14:53:41.009   772 10894 I ActivityManager: Killing 31541:com.android.chrome:sandboxed_process23/u0a60i328 (adj 0): isolated not needed
10-31 14:53:41.011   772   790 W zygote64: failed to open /acct/uid_99328/pid_31541/cgroup.procs: No such file or directory
10-31 14:53:41.033 30817 30817 W chromium: [WARNING:controller_impl.cc(1190)] Background download complete, client: 6, completion type: 0, file size:2759
10-31 14:53:41.036 31585 31585 I SamplingProfilerIntegration: Profiling disabled.
10-31 14:53:41.055 30817 30817 W chromium: [WARNING:compositor_view.cc(342)] Child process died (type=6) pid=31541)
10-31 14:53:41.061 31599 31599 E asset   : setgid: Operation not permitted
10-31 14:53:41.065 31563 31563 I cr_SplitCompatApp: Launched version=106.0.5249.79 minSdkVersion=24 isBundle=true processName=com.android.chrome:sandboxed_process24 isIsolated=true
10-31 14:53:41.070 31563 31563 W SystemServiceRegistry: No service published for: uimode
10-31 14:53:41.076 31563 31563 I cr_ChildProcessService: Creating new ChildProcessService pid=31563
10-31 14:53:41.084   772  1259 I ActivityManager: Start proc 31601:com.android.chrome:sandboxed_process26/u0i331 for webview_service com.android.chrome/org.chromium.content.app.SandboxedProcessService26
10-31 14:53:41.084 31601 31601 E /system/bin/webview_zygote32: failed to make and chown /acct/uid_99331: Permission denied
10-31 14:53:41.084 31601 31601 E Zygote  : createProcessGroup(99331, 0) failed: Permission denied
10-31 14:53:41.095 31563 31563 E WebViewFactory: can't load with relro file; address space not reserved
10-31 14:53:41.113 31585 31585 I cr_SplitCompatApp: Launched version=106.0.5249.79 minSdkVersion=24 isBundle=true processName=com.android.chrome:sandboxed_process25 isIsolated=true
10-31 14:53:41.116 31563 31600 I cr_LibraryLoader: Successfully loaded native library
10-31 14:53:41.119 31563 31600 I cr_CachingUmaRecorder: Flushed 3 samples from 3 histograms.
10-31 14:53:41.120 31585 31585 W SystemServiceRegistry: No service published for: uimode
10-31 14:53:41.122 31601 31601 I SamplingProfilerIntegration: Profiling disabled.
10-31 14:53:41.137 31585 31585 I cr_ChildProcessService: Creating new ChildProcessService pid=31585
10-31 14:53:41.145 31616 31616 W ThreadPoolForeg: type=1400 audit(0.0:15296): avc: denied { setattr } for name="model-info.pb" dev="dm-2" ino=1504813 scontext=u:r:isolated_app:s0:c512,c768 tcontext=u:object_r:app_data_file:s0:c512,c768 tclass=file permissive=0
10-31 14:53:41.148 31621 31621 E asset   : setgid: Operation not permitted
10-31 14:53:41.148 31585 31585 E WebViewFactory: can't load with relro file; address space not reserved
10-31 14:53:41.149 31616 31616 W ThreadPoolForeg: type=1400 audit(0.0:15297): avc: denied { setattr } for name="model.tflite" dev="dm-2" ino=1504814 scontext=u:r:isolated_app:s0:c512,c768 tcontext=u:object_r:app_data_file:s0:c512,c768 tclass=file permissive=0
10-31 14:53:41.156 31563 31600 I chromium: [INFO:child_process_service.cc(69)] ChildProcessService: Exiting child process.
10-31 14:53:41.158   422   422 E lowmemorykiller: Error writing /proc/31563/oom_score_adj; errno=22
10-31 14:53:41.158   772 13021 I ActivityManager: Killing 31563:com.android.chrome:sandboxed_process24/u0a60i329 (adj 0): isolated not needed
10-31 14:53:41.160   772   790 W zygote64: failed to open /acct/uid_99329/pid_31563/cgroup.procs: No such file or directory
10-31 14:53:41.167 30817 30817 W chromium: [WARNING:controller_impl.cc(1190)] Background download complete, client: 6, completion type: 0, file size:116031
10-31 14:53:41.167 31585 31620 I cr_LibraryLoader: Successfully loaded native library
10-31 14:53:41.169 31585 31620 I cr_CachingUmaRecorder: Flushed 3 samples from 3 histograms.
10-31 14:53:41.195 31625 31625 W ThreadPoolForeg: type=1400 audit(0.0:15298): avc: denied { setattr } for name="model-info.pb" dev="dm-2" ino=1504813 scontext=u:r:isolated_app:s0:c512,c768 tcontext=u:object_r:app_data_file:s0:c512,c768 tclass=file permissive=0
10-31 14:53:41.195 31601 31601 I cr_SplitCompatApp: Launched version=106.0.5249.79 minSdkVersion=24 isBundle=true processName=com.android.chrome:sandboxed_process26 isIsolated=true
10-31 14:53:41.198 30817 30817 W chromium: [WARNING:compositor_view.cc(342)] Child process died (type=6) pid=31563)
10-31 14:53:41.200 31601 31601 W SystemServiceRegistry: No service published for: uimode
10-31 14:53:41.202 31625 31625 W ThreadPoolForeg: type=1400 audit(0.0:15299): avc: denied { setattr } for name="model.tflite" dev="dm-2" ino=1504815 scontext=u:r:isolated_app:s0:c512,c768 tcontext=u:object_r:app_data_file:s0:c512,c768 tclass=file permissive=0
10-31 14:53:41.207 31630 31630 E /system/bin/webview_zygote32: failed to make and chown /acct/uid_99332: Permission denied
10-31 14:53:41.207   772 13071 I ActivityManager: Start proc 31630:com.android.chrome:sandboxed_process27/u0i332 for webview_service com.android.chrome/org.chromium.content.app.SandboxedProcessService27
10-31 14:53:41.207 31630 31630 E Zygote  : createProcessGroup(99332, 0) failed: Permission denied
10-31 14:53:41.209 31601 31601 I cr_ChildProcessService: Creating new ChildProcessService pid=31601
10-31 14:53:41.211 31585 31620 I chromium: [INFO:child_process_service.cc(69)] ChildProcessService: Exiting child process.
10-31 14:53:41.231   422   422 E lowmemorykiller: Error writing /proc/31585/oom_score_adj; errno=22
10-31 14:53:41.232   772 10895 I ActivityManager: Killing 31585:com.android.chrome:sandboxed_process25/u0a60i330 (adj 0): isolated not needed
10-31 14:53:41.233 31630 31630 I SamplingProfilerIntegration: Profiling disabled.
10-31 14:53:41.233   772   790 W zygote64: failed to open /acct/uid_99330/pid_31585/cgroup.procs: No such file or directory
10-31 14:53:41.236 31601 31601 E WebViewFactory: can't load with relro file; address space not reserved
10-31 14:53:41.245 31601 31635 I cr_LibraryLoader: Successfully loaded native library
10-31 14:53:41.246 31601 31635 I cr_CachingUmaRecorder: Flushed 3 samples from 3 histograms.
10-31 14:53:41.257 30817 30817 W chromium: [WARNING:compositor_view.cc(342)] Child process died (type=6) pid=31585)
10-31 14:53:41.262 31646 31646 E asset   : setgid: Operation not permitted
10-31 14:53:41.265 30817 30817 W chromium: [WARNING:controller_impl.cc(1190)] Background download complete, client: 6, completion type: 0, file size:9419
10-31 14:53:41.285 31649 31649 W ThreadPoolForeg: type=1400 audit(0.0:15300): avc: denied { setattr } for name="model-info.pb" dev="dm-2" ino=1504816 scontext=u:r:isolated_app:s0:c512,c768 tcontext=u:object_r:app_data_file:s0:c512,c768 tclass=file permissive=0
10-31 14:53:41.289 31649 31649 W ThreadPoolForeg: type=1400 audit(0.0:15301): avc: denied { setattr } for name="model.tflite" dev="dm-2" ino=1504818 scontext=u:r:isolated_app:s0:c512,c768 tcontext=u:object_r:app_data_file:s0:c512,c768 tclass=file permissive=0
10-31 14:53:41.293 31652 31652 E /system/bin/webview_zygote32: failed to make and chown /acct/uid_99333: Permission denied
10-31 14:53:41.293 31652 31652 E Zygote  : createProcessGroup(99333, 0) failed: Permission denied
10-31 14:53:41.296 31601 31635 I chromium: [INFO:child_process_service.cc(69)] ChildProcessService: Exiting child process.
10-31 14:53:41.308   772 10893 I ActivityManager: Start proc 31652:com.android.chrome:sandboxed_process28/u0i333 for webview_service com.android.chrome/org.chromium.content.app.SandboxedProcessService28
10-31 14:53:41.311 31630 31630 I cr_SplitCompatApp: Launched version=106.0.5249.79 minSdkVersion=24 isBundle=true processName=com.android.chrome:sandboxed_process27 isIsolated=true
10-31 14:53:41.312   422   422 E lowmemorykiller: Error writing /proc/31601/oom_score_adj; errno=22
10-31 14:53:41.314   772  2969 I ActivityManager: Killing 31601:com.android.chrome:sandboxed_process26/u0a60i331 (adj 0): isolated not needed
10-31 14:53:41.314   772   790 W zygote64: failed to open /acct/uid_99331/pid_31601/cgroup.procs: No such file or directory
10-31 14:53:41.316 31652 31652 I SamplingProfilerIntegration: Profiling disabled.
10-31 14:53:41.320 31630 31630 W SystemServiceRegistry: No service published for: uimode
10-31 14:53:41.321 30817 30817 W chromium: [WARNING:compositor_view.cc(342)] Child process died (type=6) pid=31601)
10-31 14:53:41.327 31630 31630 I cr_ChildProcessService: Creating new ChildProcessService pid=31630
