--------- beginning of system
10-31 14:53:28.667   772 13071 I ActivityManager: Force stopping com.android.chrome appid=10060 user=0: from pid 30815
10-31 14:53:28.667   772 13071 I ActivityManager: Killing 30647:com.android.chrome/u0a60 (adj 700): stop com.android.chrome
--------- beginning of main
10-31 14:53:28.675  1311  1311 D CarrierSvcBindHelper: No carrier app for: 0
10-31 14:53:28.686  2964  2964 D RegisteredNfcFServicesCache: Service unchanged, not updating
10-31 14:53:28.923   772 13071 I ActivityManager: START u0 {act=android.intent.action.VIEW flg=0x10008000 cmp=com.android.chrome/com.google.android.apps.chrome.Main} from uid 2000
10-31 14:53:28.931   772   830 E ResourceType: Style contains key with bad entry: 0x0101062c
10-31 14:53:28.937   772   830 E ResourceType: Style contains key with bad entry: 0x0101062c
10-31 14:53:28.956   772  1259 I ActivityManager: Start proc 30817:com.android.chrome/u0a60 for activity com.android.chrome/com.google.android.apps.chrome.Main
10-31 14:53:29.021 30817 30817 I cr_SplitCompatApp: Launched version=106.0.5249.79 minSdkVersion=24 isBundle=true processName=com.android.chrome isIsolated=false
10-31 14:53:29.074  3960  4217 I FontLog : Received query Google Sans, URI content://com.google.android.gms.fonts [CONTEXT service_id=132 ]
10-31 14:53:29.075  3960  4217 I FontLog : Query [Google Sans] resolved to {Google Sans, wdth 100.0, wght 400, ital 0.0, bestEffort false} [CONTEXT service_id=132 ]
10-31 14:53:29.077  3960  4217 I FontLog : Font PFD returned from cache for {Google Sans, wdth 100.0, wght 400, ital 0.0, bestEffort false} [CONTEXT service_id=132 ]
10-31 14:53:29.077  3960  4217 I FontLog : Fetch {Google Sans, wdth 100.0, wght 400, ital 0.0, bestEffort false} end status Status{statusCode=SUCCESS, resolution=null} [CONTEXT service_id=132 ]
10-31 14:53:29.088  3960  4151 I FontLog : Pulling font file for id = 2492, cache size = 7 [CONTEXT service_id=132 ]
10-31 14:53:29.098  3960  4245 I FontLog : Received query Google Sans:500, URI content://com.google.android.gms.fonts [CONTEXT service_id=132 ]
10-31 14:53:29.098  3960  4245 I FontLog : Query [Google Sans:500] resolved to {Google Sans, wdth 100.0, wght 500, ital 0.0, bestEffort false} [CONTEXT service_id=132 ]
10-31 14:53:29.100  3960  4245 I FontLog : Font PFD returned from cache for {Google Sans, wdth 100.0, wght 500, ital 0.0, bestEffort false} [CONTEXT service_id=132 ]
10-31 14:53:29.100  3960  4245 I FontLog : Fetch {Google Sans, wdth 100.0, wght 500, ital 0.0, bestEffort false} end status Status{statusCode=SUCCESS, resolution=null} [CONTEXT service_id=132 ]
10-31 14:53:29.104  3960  4217 I FontLog : Pulling font file for id = 2493, cache size = 8 [CONTEXT service_id=132 ]
10-31 14:53:29.112  3960  3972 I FontLog : Received query Google Sans:700, URI content://com.google.android.gms.fonts [CONTEXT service_id=132 ]
10-31 14:53:29.113  3960  3972 I FontLog : Query [Google Sans:700] resolved to {Google Sans, wdth 100.0, wght 700, ital 0.0, bestEffort false} [CONTEXT service_id=132 ]
10-31 14:53:29.115  3960  3972 I FontLog : Fetch {Google Sans, wdth 100.0, wght 700, ital 0.0, bestEffort false} end status Status{statusCode=SUCCESS, resolution=null} [CONTEXT service_id=132 ]
10-31 14:53:29.120  3960  6244 I FontLog : Pulling font file for id = 2494, cache size = 9 [CONTEXT service_id=132 ]
10-31 14:53:29.134 30817 30836 I cr_LibraryLoader: Successfully loaded native library
10-31 14:53:29.134 30817 30836 I cr_CachingUmaRecorder: Flushed 19 samples from 19 histograms.
10-31 14:53:29.187 30817 30817 E ResourceType: Style contains key with bad entry: 0x0101062c
10-31 14:53:29.197   772 13021 I ActivityManager: START u0 {cmp=com.android.chrome/org.chromium.chrome.browser.firstrun.FirstRunActivity (has extras)} from uid 10060
10-31 14:53:29.198 30817 30839 W DynamiteModule: Local module descriptor class for com.google.android.gms.googlecertificates not found.
10-31 14:53:29.205 30817 30817 E ResourceType: Style contains key with bad entry: 0x0101062c
10-31 14:53:29.214 30817 30839 W zygote  : Skipping duplicate class check due to unrecognized classloader
10-31 14:53:29.219 30817 30839 I DynamiteModule: Considering local module com.google.android.gms.googlecertificates:0 and remote module com.google.android.gms.googlecertificates:7
10-31 14:53:29.219 30817 30839 I DynamiteModule: Selected remote version of com.google.android.gms.googlecertificates, version >= 7
10-31 14:53:29.255 30817 30839 W zygote  : Skipping duplicate class check due to unrecognized classloader
10-31 14:53:29.286   772  3037 W AppOps  : Bad call: specified package com.google.android.gms under uid 10060 but it is really 10020
10-31 14:53:29.286   772  3037 W AppOps  : java.lang.RuntimeException: here
10-31 14:53:29.286   772  3037 W AppOps  : 	at com.android.server.AppOpsService.getOpsRawLocked(AppOpsService.java:1319)
10-31 14:53:29.286   772  3037 W AppOps  : 	at com.android.server.AppOpsService.checkPackage(AppOpsService.java:1038)
10-31 14:53:29.286   772  3037 W AppOps  : 	at com.android.internal.app.IAppOpsService$Stub.onTransact(IAppOpsService.java:169)
10-31 14:53:29.286   772  3037 W AppOps  : 	at android.os.Binder.execTransact(Binder.java:674)
10-31 14:53:29.288   772   996 W AppOps  : Bad call: specified package com.google.android.gms under uid 10060 but it is really 10020
10-31 14:53:29.288   772   996 W AppOps  : java.lang.RuntimeException: here
10-31 14:53:29.288   772   996 W AppOps  : 	at com.android.server.AppOpsService.getOpsRawLocked(AppOpsService.java:1319)
10-31 14:53:29.288   772   996 W AppOps  : 	at com.android.server.AppOpsService.checkPackage(AppOpsService.java:1038)
10-31 14:53:29.288   772   996 W AppOps  : 	at com.android.internal.app.IAppOpsService$Stub.onTransact(IAppOpsService.java:169)
10-31 14:53:29.288   772   996 W AppOps  : 	at android.os.Binder.execTransact(Binder.java:674)
10-31 14:53:29.293   772 13071 W AppOps  : Bad call: specified package com.google.android.gms under uid 10060 but it is really 10020
10-31 14:53:29.293   772 13071 W AppOps  : java.lang.RuntimeException: here
10-31 14:53:29.293   772 13071 W AppOps  : 	at com.android.server.AppOpsService.getOpsRawLocked(AppOpsService.java:1319)
10-31 14:53:29.293   772 13071 W AppOps  : 	at com.android.server.AppOpsService.checkPackage(AppOpsService.java:1038)
10-31 14:53:29.293   772 13071 W AppOps  : 	at com.android.internal.app.IAppOpsService$Stub.onTransact(IAppOpsService.java:169)
10-31 14:53:29.293   772 13071 W AppOps  : 	at android.os.Binder.execTransact(Binder.java:674)
10-31 14:53:29.295   772  4539 W AppOps  : Bad call: specified package com.google.android.gms under uid 10060 but it is really 10020
10-31 14:53:29.295   772  4539 W AppOps  : java.lang.RuntimeException: here
10-31 14:53:29.295   772  4539 W AppOps  : 	at com.android.server.AppOpsService.getOpsRawLocked(AppOpsService.java:1319)
10-31 14:53:29.295   772  4539 W AppOps  : 	at com.android.server.AppOpsService.checkPackage(AppOpsService.java:1038)
10-31 14:53:29.295   772  4539 W AppOps  : 	at com.android.internal.app.IAppOpsService$Stub.onTransact(IAppOpsService.java:169)
10-31 14:53:29.295   772  4539 W AppOps  : 	at android.os.Binder.execTransact(Binder.java:674)
10-31 14:53:29.295 30817 30817 W ResourceType: Failure getting entry for 0x7f010055 (t=0 e=85) (error -75)
10-31 14:53:29.312 30817 30846 D OpenGLRenderer: HWUI GL Pipeline
10-31 14:53:29.332 30817 30846 I Adreno  : QUALCOMM build                   : 7142022, Ib5823dd10c
10-31 14:53:29.332 30817 30846 I Adreno  : Build Date                       : 06/23/17
10-31 14:53:29.332 30817 30846 I Adreno  : OpenGL ES Shader Compiler Version: EV031.18.00.00
10-31 14:53:29.332 30817 30846 I Adreno  : Local Branch                     : O11A
10-31 14:53:29.332 30817 30846 I Adreno  : Remote Branch                    : 
10-31 14:53:29.332 30817 30846 I Adreno  : Remote Branch                    : 
10-31 14:53:29.332 30817 30846 I Adreno  : Reconstruct Branch               : 
10-31 14:53:29.332 30817 30846 I vndksupport: sphal namespace is not configured for this process. Loading /vendor/lib/hw/gralloc.msm8992.so from the current namespace instead.
10-31 14:53:29.333  3960  4190 E bfry    : Phenotype API error. Event # ddoj@cb1d493b, EventCode: 7 [CONTEXT service_id=51 ]
10-31 14:53:29.333  3960  4190 E bfry    : bfra: 29505: No config packages for log source, or config package not registered
10-31 14:53:29.333  3960  4190 E bfry    : 	at bfst.b(:com.google.android.gms@223616019@22.36.16 (040400-476895098):4)
10-31 14:53:29.333  3960  4190 E bfry    : 	at bfsq.g(:com.google.android.gms@223616019@22.36.16 (040400-476895098):0)
10-31 14:53:29.333  3960  4190 E bfry    : 	at bfry.e(:com.google.android.gms@223616019@22.36.16 (040400-476895098):4)
10-31 14:53:29.333  3960  4190 E bfry    : 	at bfry.f(:com.google.android.gms@223616019@22.36.16 (040400-476895098):2)
10-31 14:53:29.333  3960  4190 E bfry    : 	at arjg.ep(:com.google.android.gms@223616019@22.36.16 (040400-476895098):1)
10-31 14:53:29.333  3960  4190 E bfry    : 	at arjm.run(:com.google.android.gms@223616019@22.36.16 (040400-476895098):12)
10-31 14:53:29.333  3960  4190 E bfry    : 	at cjoq.run(:com.google.android.gms@223616019@22.36.16 (040400-476895098):2)
10-31 14:53:29.333  3960  4190 E bfry    : 	at aarl.c(:com.google.android.gms@223616019@22.36.16 (040400-476895098):6)
10-31 14:53:29.333  3960  4190 E bfry    : 	at aarl.run(:com.google.android.gms@223616019@22.36.16 (040400-476895098):7)
10-31 14:53:29.333  3960  4190 E bfry    : 	at java.util.concurrent.ThreadPoolExecutor.runWorker(ThreadPoolExecutor.java:1162)
10-31 14:53:29.333  3960  4190 E bfry    : 	at java.util.concurrent.ThreadPoolExecutor$Worker.run(ThreadPoolExecutor.java:636)
10-31 14:53:29.333  3960  4190 E bfry    : 	at aaws.run(:com.google.android.gms@223616019@22.36.16 (040400-476895098):0)
10-31 14:53:29.333  3960  4190 E bfry    : 	at java.lang.Thread.run(Thread.java:764)
10-31 14:53:29.334  3960  4190 W AsyncOperation: operation=GetExperimentTokensOperationCall, opStatusCode=29505 [CONTEXT service_id=51 ]
10-31 14:53:29.334  3960  4190 W AsyncOperation: OperationException[Status{statusCode=No config packages for log source, or config package not registered, resolution=null}]
10-31 14:53:29.334  3960  4190 W AsyncOperation: 	at bfry.e(:com.google.android.gms@223616019@22.36.16 (040400-476895098):6)
10-31 14:53:29.334  3960  4190 W AsyncOperation: 	at bfry.f(:com.google.android.gms@223616019@22.36.16 (040400-476895098):2)
10-31 14:53:29.334  3960  4190 W AsyncOperation: 	at arjg.ep(:com.google.android.gms@223616019@22.36.16 (040400-476895098):1)
10-31 14:53:29.334  3960  4190 W AsyncOperation: 	at arjm.run(:com.google.android.gms@223616019@22.36.16 (040400-476895098):12)
10-31 14:53:29.334  3960  4190 W AsyncOperation: 	at cjoq.run(:com.google.android.gms@223616019@22.36.16 (040400-476895098):2)
10-31 14:53:29.334  3960  4190 W AsyncOperation: 	at aarl.c(:com.google.android.gms@223616019@22.36.16 (040400-476895098):6)
10-31 14:53:29.334  3960  4190 W AsyncOperation: 	at aarl.run(:com.google.android.gms@223616019@22.36.16 (040400-476895098):7)
10-31 14:53:29.334  3960  4190 W AsyncOperation: 	at java.util.concurrent.ThreadPoolExecutor.runWorker(ThreadPoolExecutor.java:1162)
10-31 14:53:29.334  3960  4190 W AsyncOperation: 	at java.util.concurrent.ThreadPoolExecutor$Worker.run(ThreadPoolExecutor.java:636)
10-31 14:53:29.334  3960  4190 W AsyncOperation: 	at aaws.run(:com.google.android.gms@223616019@22.36.16 (040400-476895098):0)
10-31 14:53:29.334  3960  4190 W AsyncOperation: 	at java.lang.Thread.run(Thread.java:764)
10-31 14:53:29.342 30817 30817 W RecyclerView: No adapter attached; skipping layout
10-31 14:53:29.347 30817 30846 I Adreno  : PFP: 0x00000000, ME: 0x00000000
10-31 14:53:29.351 30817 30846 I OpenGLRenderer: Initialized EGL, version 1.4
10-31 14:53:29.351 30817 30846 D OpenGLRenderer: Swap behavior 2
10-31 14:53:29.357 30817 30817 I cr_StartSurfaceConfig: Recorded Startup.Android.FirstDrawCompletedTime.NoInstant = 86 ms
10-31 14:53:29.363 30817 30840 D NetworkSecurityConfig: Using Network Security Config from resource 0_resource_name_obfuscated debugBuild: false
10-31 14:53:29.596   361   361 W /system/bin/hwservicemanager: getTransportFromManifest: Cannot find entry android.hardware.graphics.mapper@2.0::IMapper in either framework or device manifest, using default transport.
10-31 14:53:29.599 30817 30846 I vndksupport: sphal namespace is not configured for this process. Loading /vendor/lib/hw/gralloc.msm8992.so from the current namespace instead.
10-31 14:53:29.633   772   797 I ActivityManager: Displayed com.android.chrome/org.chromium.chrome.browser.firstrun.FirstRunActivity: +382ms (total +693ms)
10-31 14:53:29.747 13325 13325 I MemoryTrimmer: Trimming objects from memory, since app is in the background.
10-31 14:53:29.750 13325 30566 V rsC++   : RS Message thread exiting.
10-31 14:53:29.772 27001 27001 I MicroDetector: Keeping mic open: false
10-31 14:53:29.774 27001 27024 I DeviceStateChecker: DeviceStateChecker cancelled
10-31 14:53:29.776 27001 27026 I PBSessionCacheImpl: Deleted sessionId[6957339394313] from persistence.
10-31 14:53:29.778 27001 27067 I MicroRecognitionRunner: Stopping hotword detection.
10-31 14:53:29.780 27001 30853 I AudioController: internalShutdown
10-31 14:53:29.783 27001 30853 I MicrophoneInputStream: mic_close com.google.android.apps.gsa.speech.audio.af@cab0891
10-31 14:53:29.842   556 30569 D audio_hw_primary: disable_audio_route: usecase(9) reset and update mixer path: audio-record
10-31 14:53:29.843   556 30569 D audio_hw_primary: disable_snd_device: snd_device(72: voice-rec-mic)
10-31 14:53:29.846   556 30569 D sound_trigger_platform: platform_stdev_check_and_update_concurrency: concurrency active 0, tx 0, rx 0, concurrency session_allowed 1
10-31 14:53:29.848   556   753 I SoundTriggerHwService::Module: onCallbackEvent no clients
10-31 14:53:29.861 27001 27191 I MicroRecognitionRunner: Detection finished
10-31 14:53:29.937 30817 30840 I cr_VariationsSeedFetch: Fetched first run seed in 578 ms
10-31 14:53:29.970 30856 30856 E /system/bin/webview_zygote32: failed to make and chown /acct/uid_99305: Permission denied
10-31 14:53:29.970 30856 30856 E Zygote  : createProcessGroup(99305, 0) failed: Permission denied
10-31 14:53:29.975   772  1259 I ActivityManager: Start proc 30856:com.android.chrome:sandboxed_process0/u0i305 for webview_service com.android.chrome/org.chromium.content.app.SandboxedProcessService0
10-31 14:53:29.992 30856 30856 I SamplingProfilerIntegration: Profiling disabled.
10-31 14:53:30.009 30869 30869 E asset   : setgid: Operation not permitted
10-31 14:53:30.036 30856 30856 I cr_SplitCompatApp: Launched version=106.0.5249.79 minSdkVersion=24 isBundle=true processName=com.android.chrome:sandboxed_process0 isIsolated=true
10-31 14:53:30.041 30856 30856 W SystemServiceRegistry: No service published for: uimode
10-31 14:53:30.048 30856 30856 I cr_ChildProcessService: Creating new ChildProcessService pid=30856
10-31 14:53:30.054 30856 30856 E WebViewFactory: can't load with relro file; address space not reserved
10-31 14:53:30.163   772  4540 I ActivityManager: Start proc 30887:com.android.chrome:privileged_process0/u0a60 for service com.android.chrome/org.chromium.content.app.PrivilegedProcessService0
10-31 14:53:30.203 30817 30817 I cr_SmsProviderGms: construction successfull y93@bd057b0, v93@e6fedae
10-31 14:53:30.226 30887 30887 I cr_SplitCompatApp: Launched version=106.0.5249.79 minSdkVersion=24 isBundle=true processName=com.android.chrome:privileged_process0 isIsolated=false
10-31 14:53:30.236 30887 30887 I cr_ChildProcessService: Creating new ChildProcessService pid=30887
10-31 14:53:30.238 13542 13542 D BoundBrokerSvc: onBind: Intent { act=com.google.android.gms.auth.key.retrieval.service.START dat=chimera-action:com.google.android.gms.auth.key.retrieval.service.START cmp=com.google.android.gms/.chimera.GmsApiService }
10-31 14:53:30.238 13542 13542 D BoundBrokerSvc: Loading bound service for intent: Intent { act=com.google.android.gms.auth.key.retrieval.service.START dat=chimera-action:com.google.android.gms.auth.key.retrieval.service.START cmp=com.google.android.gms/.chimera.GmsApiService }
10-31 14:53:30.257 30817 30817 W cr_KnoxSettingsProvider: Permission to read device policy denied.
10-31 14:53:30.288 30887 30905 I cr_LibraryLoader: Successfully loaded native library
10-31 14:53:30.289 30887 30905 I cr_CachingUmaRecorder: Flushed 3 samples from 3 histograms.
10-31 14:53:30.295 30887 30905 I Adreno  : QUALCOMM build                   : 7142022, Ib5823dd10c
10-31 14:53:30.295 30887 30905 I Adreno  : Build Date                       : 06/23/17
10-31 14:53:30.295 30887 30905 I Adreno  : OpenGL ES Shader Compiler Version: EV031.18.00.00
10-31 14:53:30.295 30887 30905 I Adreno  : Local Branch                     : O11A
10-31 14:53:30.295 30887 30905 I Adreno  : Remote Branch                    : 
10-31 14:53:30.295 30887 30905 I Adreno  : Remote Branch                    : 
10-31 14:53:30.295 30887 30905 I Adreno  : Reconstruct Branch               : 
10-31 14:53:30.296 30887 30905 I vndksupport: sphal namespace is not configured for this process. Loading /vendor/lib/hw/gralloc.msm8992.so from the current namespace instead.
10-31 14:53:30.300 30887 30905 I Adreno  : PFP: 0x00000000, ME: 0x00000000
10-31 14:53:30.322 30887 30905 I vndksupport: sphal namespace is not configured for this process. Loading /vendor/lib/hw/vulkan.msm8992.so from the current namespace instead.
10-31 14:53:30.386 30887 30905 D vulkan  : searching for layers in '/data/app/com.android.chrome-6miXT7Rhe2HDjAcD6FuDPg==/lib/arm'
10-31 14:53:30.389 30887 30905 D vulkan  : searching for layers in '/data/app/com.android.chrome-6miXT7Rhe2HDjAcD6FuDPg==/base.apk!/lib/armeabi-v7a'
10-31 14:53:30.394 30887 30905 I Adreno  : QUALCOMM build          : 7142022, Ib5823dd10c
10-31 14:53:30.394 30887 30905 I Adreno  : Build Date              : 06/23/17
10-31 14:53:30.394 30887 30905 I Adreno  : Shader Compiler Version : EV031.18.00.00
10-31 14:53:30.394 30887 30905 I Adreno  : Local Branch            : O11A
10-31 14:53:30.394 30887 30905 I Adreno  : Remote Branch           : 
10-31 14:53:30.394 30887 30905 I Adreno  : Remote Branch           : 
10-31 14:53:30.394 30887 30905 I Adreno  : Reconstruct Branch      : 
10-31 14:53:30.403 30887 30905 I chatty  : uid=10060(u0_a60) identical 2 lines
10-31 14:53:30.408 30887 30905 I Adreno  : QUALCOMM build          : 7142022, Ib5823dd10c
10-31 14:53:30.408 30887 30905 I Adreno  : Build Date              : 06/23/17
10-31 14:53:30.408 30887 30905 I Adreno  : Shader Compiler Version : EV031.18.00.00
10-31 14:53:30.408 30887 30905 I Adreno  : Local Branch            : O11A
10-31 14:53:30.408 30887 30905 I Adreno  : Remote Branch           : 
10-31 14:53:30.408 30887 30905 I Adreno  : Remote Branch           : 
10-31 14:53:30.408 30887 30905 I Adreno  : Reconstruct Branch      : 
10-31 14:53:30.916 30913 30913 E /system/bin/webview_zygote32: failed to make and chown /acct/uid_99306: Permission denied
10-31 14:53:30.917 30913 30913 E Zygote  : createProcessGroup(99306, 0) failed: Permission denied
10-31 14:53:30.918   772 13022 I ActivityManager: Start proc 30913:com.android.chrome:sandboxed_process1/u0i306 for webview_service com.android.chrome/org.chromium.content.app.SandboxedProcessService1
10-31 14:53:30.937 30913 30913 I SamplingProfilerIntegration: Profiling disabled.
10-31 14:53:30.957 30926 30926 E asset   : setgid: Operation not permitted
10-31 14:53:30.986 30913 30913 I cr_SplitCompatApp: Launched version=106.0.5249.79 minSdkVersion=24 isBundle=true processName=com.android.chrome:sandboxed_process1 isIsolated=true
10-31 14:53:30.992 30913 30913 W SystemServiceRegistry: No service published for: uimode
10-31 14:53:31.004 30913 30913 I cr_ChildProcessService: Creating new ChildProcessService pid=30913
10-31 14:53:31.012 30913 30913 E WebViewFactory: can't load with relro file; address space not reserved
10-31 14:53:31.023 30913 30928 I cr_LibraryLoader: Successfully loaded native library
10-31 14:53:31.024 30913 30928 I cr_CachingUmaRecorder: Flushed 3 samples from 3 histograms.
10-31 14:53:31.058 30913 30928 I chromium: [INFO:child_process_service.cc(69)] ChildProcessService: Exiting child process.
10-31 14:53:31.060   422   422 E lowmemorykiller: Error writing /proc/30913/oom_score_adj; errno=22
10-31 14:53:31.061   772 13022 I ActivityManager: Killing 30913:com.android.chrome:sandboxed_process1/u0a60i306 (adj 0): isolated not needed
10-31 14:53:31.062   772   790 W zygote64: failed to open /acct/uid_99306/pid_30913/cgroup.procs: No such file or directory
10-31 14:53:32.432 30817 30817 E cr_BTSPrefs: No data found for task id: 53
10-31 14:53:32.434 30817 30817 E cr_BkgrdTaskScheduler: Task cannot be canceled because no data was found instorage or data was invalid
10-31 14:53:34.811 27001 27024 I EventLogSendingHelper: Sending log events.
10-31 14:53:35.839 30954 30954 D AndroidRuntime: >>>>>> START com.android.internal.os.RuntimeInit uid 2000 <<<<<<
10-31 14:53:35.994 30954 30954 D AndroidRuntime: Calling main entry com.android.commands.input.Input
10-31 14:53:36.010 30954 30954 I Input   : injectMotionEvent: MotionEvent { action=ACTION_DOWN, actionButton=0, id[0]=0, x[0]=540.0, y[0]=1660.0, toolType[0]=TOOL_TYPE_UNKNOWN, buttonState=0, metaState=0, flags=0x0, edgeFlags=0x0, pointerCount=1, historySize=0, eventTime=542914263, downTime=542914263, deviceId=8, source=0x1002 }
10-31 14:53:36.017 30954 30954 I Input   : injectMotionEvent: MotionEvent { action=ACTION_UP, actionButton=0, id[0]=0, x[0]=540.0, y[0]=1660.0, toolType[0]=TOOL_TYPE_UNKNOWN, buttonState=0, metaState=0, flags=0x0, edgeFlags=0x0, pointerCount=1, historySize=0, eventTime=542914263, downTime=542914263, deviceId=8, source=0x1002 }
10-31 14:53:36.021 30954 30954 D AndroidRuntime: Shutting down VM
10-31 14:53:36.042   556  6498 D audio_hw_primary: enable_snd_device: snd_device(88: vi-feedback)
10-31 14:53:36.042   556  6498 D audio_hw_primary: enable_audio_route: usecase(23) apply and update mixer path: spkr-vi-record
10-31 14:53:36.068   556  6498 D audio_hw_primary: enable_audio_route: usecase(1) apply and update mixer path: low-latency-playback
10-31 14:53:36.578   556   731 D audio_hw_primary: disable_audio_route: usecase(1) reset and update mixer path: low-latency-playback
10-31 14:53:36.591   556   731 D audio_hw_primary: disable_snd_device: snd_device(88: vi-feedback)
10-31 14:53:36.591   556   731 D audio_hw_primary: disable_audio_route: usecase(23) reset and update mixer path: spkr-vi-record
10-31 14:53:37.457 30969 30969 D AndroidRuntime: >>>>>> START com.android.internal.os.RuntimeInit uid 2000 <<<<<<
10-31 14:53:37.580 30969 30969 D AndroidRuntime: Calling main entry com.android.commands.input.Input
10-31 14:53:37.585 30969 30969 I Input   : injectMotionEvent: MotionEvent { action=ACTION_DOWN, actionButton=0, id[0]=0, x[0]=180.0, y[0]=1690.0, toolType[0]=TOOL_TYPE_UNKNOWN, buttonState=0, metaState=0, flags=0x0, edgeFlags=0x0, pointerCount=1, historySize=0, eventTime=542915850, downTime=542915850, deviceId=8, source=0x1002 }
10-31 14:53:37.589 30969 30969 I Input   : injectMotionEvent: MotionEvent { action=ACTION_UP, actionButton=0, id[0]=0, x[0]=180.0, y[0]=1690.0, toolType[0]=TOOL_TYPE_UNKNOWN, buttonState=0, metaState=0, flags=0x0, edgeFlags=0x0, pointerCount=1, historySize=0, eventTime=542915850, downTime=542915850, deviceId=8, source=0x1002 }
10-31 14:53:37.591 30969 30969 D AndroidRuntime: Shutting down VM
10-31 14:53:37.612   772 10860 I ActivityManager: START u0 {act=android.intent.action.VIEW flg=0x10008000 cmp=com.android.chrome/com.google.android.apps.chrome.Main (has extras)} from uid 10060
10-31 14:53:37.614   556  6498 D audio_hw_primary: enable_snd_device: snd_device(88: vi-feedback)
10-31 14:53:37.614   556  6498 D audio_hw_primary: enable_audio_route: usecase(23) apply and update mixer path: spkr-vi-record
10-31 14:53:37.619   772   830 E ResourceType: Style contains key with bad entry: 0x0101062c
10-31 14:53:37.619   772   830 E ResourceType: Style contains key with bad entry: 0x0101062c
10-31 14:53:37.639 30817 30817 E ResourceType: Style contains key with bad entry: 0x0101062c
10-31 14:53:37.640   556  6498 D audio_hw_primary: enable_audio_route: usecase(1) apply and update mixer path: low-latency-playback
10-31 14:53:37.647 30817 30817 E ResourceType: Style contains key with bad entry: 0x0101062c
10-31 14:53:37.678 30817 30817 W ResourceType: Failure getting entry for 0x7f010055 (t=0 e=85) (error -75)
10-31 14:53:37.683 30817 30817 I cr_CompositorSurfaceMgr: Transitioning to surface with format: -1
10-31 14:53:37.688 30817 30817 W ResourceType: Failure getting entry for 0x7f010530 (t=0 e=1328) (error -75)
10-31 14:53:37.721 30817 30884 W cr_tabmodel: Starting to perform legacy migration.
10-31 14:53:37.724 30817 30884 W cr_tabmodel: Finished performing legacy migration.
10-31 14:53:37.724 30817 30884 W cr_tabmodel: Starting to perform multi-instance migration.
10-31 14:53:37.724 30817 30884 W cr_tabmodel: Finished performing multi-instance migration.
10-31 14:53:37.724 30817 30884 I cr_tabmodel: Starting to fetch tab list for tab_state0
10-31 14:53:37.724 30817 30884 I cr_tabmodel: State file does not exist.
10-31 14:53:37.724 30817 30884 I cr_tabmodel: Starting to fetch tab list for tab_state1
10-31 14:53:37.725 30817 30884 I cr_tabmodel: State file does not exist.
10-31 14:53:37.759   772   784 W ActivityManager: Duplicate finish request for ActivityRecord{1173bd5 u0 com.android.chrome/org.chromium.chrome.browser.firstrun.FirstRunActivity t789 f}
10-31 14:53:37.763 30817 30884 W cr_PartnerCustomize: Partner homepage must be HTTP(S) or NewTabPage. Got invalid URL "org.chromium.url.GURL@0"
10-31 14:53:37.791 30817 30817 I cr_StartSurfaceConfig: Recorded Startup.Android.FirstDrawCompletedTime.NoInstant = 134 ms
10-31 14:53:37.793 30817 30846 D OpenGLRenderer: endAllActiveAnimators on 0xc6294900 (RippleDrawable) with handle 0xc62e65a0
10-31 14:53:37.797 30817 30817 I cr_CompositorSurfaceMgr: Transitioning to surface with format: -1
10-31 14:53:37.799 30817 30817 I cr_CompositorSurfaceMgr: surfaceCreated format: 0
10-31 14:53:37.807 30817 30817 I cr_ChromeTabbedActivity: #initializeState
10-31 14:53:37.808 30817 30817 I cr_CipherFactory: #restoreFromBundle, no savedInstanceState.
10-31 14:53:37.808 30817 30817 I cr_tabmodel: #loadState, ignoreIncognitoFiles? true
10-31 14:53:37.814 30817 30817 I cr_tabmodel: Loaded tab lists; counts: 0,0
10-31 14:53:37.824 30817 30817 I cr_ChromeTabbedActivity: #createInitialTab executed.
10-31 14:53:37.850 30817 30817 E ResourceType: Style contains key with bad entry: 0x0101062c
10-31 14:53:37.881 30817 30817 W ResourceType: Failure getting entry for 0x7f010565 (t=0 e=1381) (error -75)
10-31 14:53:37.888 30817 30817 W ResourceType: Failure getting entry for 0x7f010551 (t=0 e=1361) (error -75)
10-31 14:53:37.947   772  4540 E BatteryStatsService: no controller energy info supplied
10-31 14:53:37.948   772  4540 E BatteryStatsService: no controller energy info supplied
10-31 14:53:37.956 30817 30817 W ResourceType: Failure getting entry for 0x7f01059a (t=0 e=1434) (error -75)
10-31 14:53:37.985   772  3037 W AppOps  : Bad call: specified package com.google.android.gms under uid 10060 but it is really 10020
10-31 14:53:37.985   772  3037 W AppOps  : java.lang.RuntimeException: here
10-31 14:53:37.985   772  3037 W AppOps  : 	at com.android.server.AppOpsService.getOpsRawLocked(AppOpsService.java:1319)
10-31 14:53:37.985   772  3037 W AppOps  : 	at com.android.server.AppOpsService.checkPackage(AppOpsService.java:1038)
10-31 14:53:37.985   772  3037 W AppOps  : 	at com.android.internal.app.IAppOpsService$Stub.onTransact(IAppOpsService.java:169)
10-31 14:53:37.985   772  3037 W AppOps  : 	at android.os.Binder.execTransact(Binder.java:674)
10-31 14:53:37.985   772 10895 W AppOps  : Bad call: specified package com.google.android.gms under uid 10060 but it is really 10020
10-31 14:53:37.985   772 10895 W AppOps  : java.lang.RuntimeException: here
10-31 14:53:37.985   772 10895 W AppOps  : 	at com.android.server.AppOpsService.getOpsRawLocked(AppOpsService.java:1319)
10-31 14:53:37.985   772 10895 W AppOps  : 	at com.android.server.AppOpsService.checkPackage(AppOpsService.java:1038)
10-31 14:53:37.985   772 10895 W AppOps  : 	at com.android.internal.app.IAppOpsService$Stub.onTransact(IAppOpsService.java:169)
10-31 14:53:37.985   772 10895 W AppOps  : 	at android.os.Binder.execTransact(Binder.java:674)
10-31 14:53:37.987   772 13071 W AppOps  : Bad call: specified package com.google.android.gms under uid 10060 but it is really 10020
10-31 14:53:37.987   772 13071 W AppOps  : java.lang.RuntimeException: here
10-31 14:53:37.987   772 13071 W AppOps  : 	at com.android.server.AppOpsService.getOpsRawLocked(AppOpsService.java:1319)
10-31 14:53:37.987   772 13071 W AppOps  : 	at com.android.server.AppOpsService.checkPackage(AppOpsService.java:1038)
10-31 14:53:37.987   772 13071 W AppOps  : 	at com.android.internal.app.IAppOpsService$Stub.onTransact(IAppOpsService.java:169)
10-31 14:53:37.987   772 13071 W AppOps  : 	at android.os.Binder.execTransact(Binder.java:674)
10-31 14:53:37.987   772 10893 W AppOps  : Bad call: specified package com.google.android.gms under uid 10060 but it is really 10020
10-31 14:53:37.987   772 10893 W AppOps  : java.lang.RuntimeException: here
10-31 14:53:37.987   772 10893 W AppOps  : 	at com.android.server.AppOpsService.getOpsRawLocked(AppOpsService.java:1319)
10-31 14:53:37.987   772 10893 W AppOps  : 	at com.android.server.AppOpsService.checkPackage(AppOpsService.java:1038)
10-31 14:53:37.987   772 10893 W AppOps  : 	at com.android.internal.app.IAppOpsService$Stub.onTransact(IAppOpsService.java:169)
10-31 14:53:37.987   772 10893 W AppOps  : 	at android.os.Binder.execTransact(Binder.java:674)
10-31 14:53:38.007 30856 30871 I cr_LibraryLoader: Successfully loaded native library
10-31 14:53:38.007 30856 30871 I cr_CachingUmaRecorder: Flushed 3 samples from 3 histograms.
10-31 14:53:38.011 30817 30817 E cr_IntentUtils: getBooleanExtra failed on intent null
10-31 14:53:38.011 30817 30817 E cr_IntentUtils: getBooleanExtra failed on intent null
10-31 14:53:38.041  3960  4217 I FontLog : Received query name=Google Sans&weight=700&besteffort=false, URI content://com.google.android.gms.fonts [CONTEXT service_id=132 ]
10-31 14:53:38.041 30817 30817 W ResourceType: Failure getting entry for 0x7f010888 (t=0 e=2184) (error -75)
10-31 14:53:38.041  3960  4217 I FontLog : Query [name=Google Sans&weight=700&besteffort=false] resolved to {Google Sans, wdth 100.0, wght 700, ital 0.0, bestEffort false} [CONTEXT service_id=132 ]
10-31 14:53:38.042   361   361 W /system/bin/hwservicemanager: getTransportFromManifest: Cannot find entry android.hardware.graphics.mapper@2.0::IMapper in either framework or device manifest, using default transport.
10-31 14:53:38.044  3960  4217 I FontLog : Fetch {Google Sans, wdth 100.0, wght 700, ital 0.0, bestEffort false} end status Status{statusCode=SUCCESS, resolution=null} [CONTEXT service_id=132 ]
10-31 14:53:38.045 30817 30817 W ResourceType: Failure getting entry for 0x7f010888 (t=0 e=2184) (error -75)
10-31 14:53:38.046 30887 30905 I vndksupport: sphal namespace is not configured for this process. Loading /vendor/lib/hw/gralloc.msm8992.so from the current namespace instead.
10-31 14:53:38.047 30817 30817 W ResourceType: Failure getting entry for 0x7f010888 (t=0 e=2184) (error -75)
10-31 14:53:38.049 30817 30817 W ResourceType: Failure getting entry for 0x7f010888 (t=0 e=2184) (error -75)
10-31 14:53:38.050  3960  3972 I FontLog : Pulling font file for id = 2495, cache size = 7 [CONTEXT service_id=132 ]
10-31 14:53:38.050 30817 30817 W ResourceType: Failure getting entry for 0x7f010888 (t=0 e=2184) (error -75)
10-31 14:53:38.052 30817 30817 I chatty  : uid=10060(u0_a60) com.android.chrome:sandboxed identical 1 line
10-31 14:53:38.053 30817 30817 W ResourceType: Failure getting entry for 0x7f010888 (t=0 e=2184) (error -75)
10-31 14:53:38.057  3960  4151 I FontLog : Received query name=Noto Color Emoji Compat&weight=400&besteffort=false, URI content://com.google.android.gms.fonts [CONTEXT service_id=132 ]
10-31 14:53:38.057 30817 30817 W ResourceType: Failure getting entry for 0x7f010888 (t=0 e=2184) (error -75)
10-31 14:53:38.057  3960  4151 I FontLog : Query [name=Noto Color Emoji Compat&weight=400&besteffort=false] resolved to {Noto Color Emoji Compat, wdth 100.0, wght 400, ital 0.0, bestEffort false} [CONTEXT service_id=132 ]
10-31 14:53:38.058  3960  4151 I FontLog : Fetch {Noto Color Emoji Compat, wdth 100.0, wght 400, ital 0.0, bestEffort false} end status Status{statusCode=SUCCESS, resolution=null} [CONTEXT service_id=132 ]
10-31 14:53:38.059 30817 30817 I cr_TopSites: Start a new task.
10-31 14:53:38.060 30817 30876 I cr_TopSites: Serializing top sites lists finished; count: 8
10-31 14:53:38.061  3960  4245 I FontLog : Pulling font file for id = 2496, cache size = 8 [CONTEXT service_id=132 ]
10-31 14:53:38.063  3960  4244 I FontLog : Received query name=Google Sans&weight=400&besteffort=false, URI content://com.google.android.gms.fonts [CONTEXT service_id=132 ]
10-31 14:53:38.063  3960  4244 I FontLog : Query [name=Google Sans&weight=400&besteffort=false] resolved to {Google Sans, wdth 100.0, wght 400, ital 0.0, bestEffort false} [CONTEXT service_id=132 ]
10-31 14:53:38.064  3960  4244 I FontLog : Font PFD returned from cache for {Google Sans, wdth 100.0, wght 400, ital 0.0, bestEffort false} [CONTEXT service_id=132 ]
10-31 14:53:38.064  3960  4244 I FontLog : Fetch {Google Sans, wdth 100.0, wght 400, ital 0.0, bestEffort false} end status Status{statusCode=SUCCESS, resolution=null} [CONTEXT service_id=132 ]
10-31 14:53:38.067  3960  4151 I FontLog : Pulling font file for id = 2497, cache size = 9 [CONTEXT service_id=132 ]
10-31 14:53:38.074  3960  6244 I FontLog : Received query name=Google Sans&weight=500&besteffort=false, URI content://com.google.android.gms.fonts [CONTEXT service_id=132 ]
10-31 14:53:38.074  3960  6244 I FontLog : Query [name=Google Sans&weight=500&besteffort=false] resolved to {Google Sans, wdth 100.0, wght 500, ital 0.0, bestEffort false} [CONTEXT service_id=132 ]
10-31 14:53:38.076  3960  6244 I FontLog : Font PFD returned from cache for {Google Sans, wdth 100.0, wght 500, ital 0.0, bestEffort false} [CONTEXT service_id=132 ]
10-31 14:53:38.077  3960  6244 I FontLog : Fetch {Google Sans, wdth 100.0, wght 500, ital 0.0, bestEffort false} end status Status{statusCode=SUCCESS, resolution=null} [CONTEXT service_id=132 ]
10-31 14:53:38.077 30817 30876 I cr_TopSites: Finished saving top sites list to file:/data/user/0/com.android.chrome/app_top_sites/top_sites
10-31 14:53:38.097  3960 29270 I SQLiteConnectionPool: The connection pool for /data/user/0/com.google.android.gms/databases/metadata.db has been closed but there are still 1 connections in use.  They will be closed as they are released back to the pool.
10-31 14:53:38.100 31027 31027 E /system/bin/webview_zygote32: failed to make and chown /acct/uid_99307: Permission denied
10-31 14:53:38.100 31027 31027 E Zygote  : createProcessGroup(99307, 0) failed: Permission denied
10-31 14:53:38.112   772  3041 I ActivityManager: Start proc 31027:com.android.chrome:sandboxed_process2/u0i307 for webview_service com.android.chrome/org.chromium.content.app.SandboxedProcessService2
10-31 14:53:38.116  3960  4244 I FontLog : Pulling font file for id = 2498, cache size = 10 [CONTEXT service_id=132 ]
10-31 14:53:38.125  3960 31024 W FontLog : Error updating last accessed time for {Google Sans, wdth 100.0, wght 500, ital 0.0, bestEffort false}. [CONTEXT service_id=132 ]
10-31 14:53:38.125  3960 31024 W FontLog : java.lang.IllegalStateException: Cannot perform this operation because the connection pool has been closed.
10-31 14:53:38.125  3960 31024 W FontLog : 	at android.database.sqlite.SQLiteConnectionPool.throwIfClosedLocked(SQLiteConnectionPool.java:962)
10-31 14:53:38.125  3960 31024 W FontLog : 	at android.database.sqlite.SQLiteConnectionPool.waitForConnection(SQLiteConnectionPool.java:677)
10-31 14:53:38.125  3960 31024 W FontLog : 	at android.database.sqlite.SQLiteConnectionPool.acquireConnection(SQLiteConnectionPool.java:348)
10-31 14:53:38.125  3960 31024 W FontLog : 	at android.database.sqlite.SQLiteSession.acquireConnection(SQLiteSession.java:894)
10-31 14:53:38.125  3960 31024 W FontLog : 	at android.database.sqlite.SQLiteSession.executeForChangedRowCount(SQLiteSession.java:752)
10-31 14:53:38.125  3960 31024 W FontLog : 	at android.database.sqlite.SQLiteStatement.executeUpdateDelete(SQLiteStatement.java:64)
10-31 14:53:38.125  3960 31024 W FontLog : 	at android.database.sqlite.SQLiteDatabase.executeSql(SQLiteDatabase.java:1679)
10-31 14:53:38.125  3960 31024 W FontLog : 	at android.database.sqlite.SQLiteDatabase.execSQL(SQLiteDatabase.java:1658)
10-31 14:53:38.125  3960 31024 W FontLog : 	at aksk.run(:com.google.android.gms@223616019@22.36.16 (040400-476895098):5)
10-31 14:53:38.125  3960 31024 W FontLog : 	at aarl.c(:com.google.android.gms@223616019@22.36.16 (040400-476895098):6)
10-31 14:53:38.125  3960 31024 W FontLog : 	at aarl.run(:com.google.android.gms@223616019@22.36.16 (040400-476895098):7)
10-31 14:53:38.125  3960 31024 W FontLog : 	at java.util.concurrent.ThreadPoolExecutor.runWorker(ThreadPoolExecutor.java:1162)
10-31 14:53:38.125  3960 31024 W FontLog : 	at java.util.concurrent.ThreadPoolExecutor$Worker.run(ThreadPoolExecutor.java:636)
10-31 14:53:38.125  3960 31024 W FontLog : 	at aaws.run(:com.google.android.gms@223616019@22.36.16 (040400-476895098):0)
10-31 14:53:38.125  3960 31024 W FontLog : 	at java.lang.Thread.run(Thread.java:764)
10-31 14:53:38.129 31027 31027 I SamplingProfilerIntegration: Profiling disabled.
10-31 14:53:38.132 31042 31042 E /system/bin/webview_zygote32: failed to make and chown /acct/uid_99308: Permission denied
10-31 14:53:38.132 31042 31042 E Zygote  : createProcessGroup(99308, 0) failed: Permission denied
10-31 14:53:38.138   772 10893 I ActivityManager: Start proc 31042:com.android.chrome:sandboxed_process3/u0i308 for webview_service com.android.chrome/org.chromium.content.app.SandboxedProcessService3
10-31 14:53:38.150 30817 30817 I cr_tabmodel: Appending tabs being restored to metadata lists, 0, startingNormalCount: 1, startingIncognitoCount: 0
10-31 14:53:38.150 30817 30817 I cr_tabmodel: Serializing tab lists; counts: 1, 0
10-31 14:53:38.154 31042 31042 I SamplingProfilerIntegration: Profiling disabled.
10-31 14:53:38.157   556   731 D audio_hw_primary: disable_audio_route: usecase(1) reset and update mixer path: low-latency-playback
10-31 14:53:38.159 31055 31055 E asset   : setgid: Operation not permitted
10-31 14:53:38.162 31056 31056 E /system/bin/webview_zygote32: failed to make and chown /acct/uid_99309: Permission denied
10-31 14:53:38.162 31056 31056 E Zygote  : createProcessGroup(99309, 0) failed: Permission denied
10-31 14:53:38.163   772 10894 I ActivityManager: Start proc 31056:com.android.chrome:sandboxed_process4/u0i309 for webview_service com.android.chrome/org.chromium.content.app.SandboxedProcessService4
10-31 14:53:38.172   556   731 D audio_hw_primary: disable_snd_device: snd_device(88: vi-feedback)
10-31 14:53:38.172   556   731 D audio_hw_primary: disable_audio_route: usecase(23) reset and update mixer path: spkr-vi-record
10-31 14:53:38.180 31067 31067 E /system/bin/webview_zygote32: failed to make and chown /acct/uid_99310: Permission denied
10-31 14:53:38.180 31067 31067 E Zygote  : createProcessGroup(99310, 0) failed: Permission denied
10-31 14:53:38.183   772  2969 I ActivityManager: Start proc 31067:com.android.chrome:sandboxed_process5/u0i310 for webview_service com.android.chrome/org.chromium.content.app.SandboxedProcessService5
10-31 14:53:38.188 30817 30817 W ResourceType: Failure getting entry for 0x7f010216 (t=0 e=534) (error -75)
10-31 14:53:38.189 31056 31056 I SamplingProfilerIntegration: Profiling disabled.
10-31 14:53:38.189 31079 31079 E asset   : setgid: Operation not permitted
10-31 14:53:38.194 30817 30817 W ResourceType: Failure getting entry for 0x7f0107c9 (t=0 e=1993) (error -75)
10-31 14:53:38.199 31081 31081 E /system/bin/webview_zygote32: failed to make and chown /acct/uid_99311: Permission denied
10-31 14:53:38.200 31081 31081 E Zygote  : createProcessGroup(99311, 0) failed: Permission denied
10-31 14:53:38.201   772  1324 I ActivityManager: Start proc 31081:com.android.chrome:sandboxed_process6/u0i311 for webview_service com.android.chrome/org.chromium.content.app.SandboxedProcessService6
10-31 14:53:38.204 31067 31067 I SamplingProfilerIntegration: Profiling disabled.
10-31 14:53:38.211 30817 30817 W ResourceType: Failure getting entry for 0x7f010827 (t=0 e=2087) (error -75)
10-31 14:53:38.214 31081 31081 I SamplingProfilerIntegration: Profiling disabled.
10-31 14:53:38.217 31027 31027 I cr_SplitCompatApp: Launched version=106.0.5249.79 minSdkVersion=24 isBundle=true processName=com.android.chrome:sandboxed_process2 isIsolated=true
10-31 14:53:38.221 30817 30817 I cr_OfflineIndicator: onConnectionTypeChanged 2
10-31 14:53:38.222 31097 31097 E /system/bin/webview_zygote32: failed to make and chown /acct/uid_99312: Permission denied
10-31 14:53:38.222 31097 31097 E Zygote  : createProcessGroup(99312, 0) failed: Permission denied
10-31 14:53:38.222 30817 30817 I cr_OfflineIndicator: Reported by system: [ Transports: WIFI Capabilities: NOT_METERED&INTERNET&NOT_RESTRICTED&TRUSTED&NOT_VPN&VALIDATED&FOREGROUND LinkUpBandwidth>=1048576Kbps LinkDnBandwidth>=1048576Kbps SignalStrength: -65]
10-31 14:53:38.222 30817 30817 I cr_OfflineIndicator: setConnectionState connectionState=4
10-31 14:53:38.222 30817 30817 I cr_OfflineDetector: Running updateState mConnectivityDetectorInitialized: true, mTimeWhenLastForegrounded: 1100472388, getElapsedTime: 1100472388, mTimeWhenLastOfflineNotificationReceived: 0, mTimeWhenLastOnline: 1100472388, mApplicationState: 1, mIsOfflineLastReportedByConnectivityDetector: false, mIsEffectivelyOffline: false
10-31 14:53:38.222 30817 30817 I cr_OfflineDetector: updateState(): timeSinceLastForeground: 0, timeSinceOfflineNotificationReceived: 1100472388, timeSinceLastOnline: 0, timeNeededForForeground: 2000, timeNeededForOffline: -1100470388
10-31 14:53:38.222 30817 30817 I cr_OfflineIndicator: processConnectivityCheckResult mConnectionState=4 mConnectivityCheckingStage=1
10-31 14:53:38.224 31042 31042 I cr_SplitCompatApp: Launched version=106.0.5249.79 minSdkVersion=24 isBundle=true processName=com.android.chrome:sandboxed_process3 isIsolated=true
10-31 14:53:38.224 31027 31027 W SystemServiceRegistry: No service published for: uimode
10-31 14:53:38.225   772   996 I ActivityManager: Start proc 31097:com.android.chrome:sandboxed_process7/u0i312 for webview_service com.android.chrome/org.chromium.content.app.SandboxedProcessService7
10-31 14:53:38.232 31042 31042 W SystemServiceRegistry: No service published for: uimode
10-31 14:53:38.236 31027 31027 I cr_ChildProcessService: Creating new ChildProcessService pid=31027
10-31 14:53:38.241 31097 31097 I SamplingProfilerIntegration: Profiling disabled.
10-31 14:53:38.242 31042 31042 I cr_ChildProcessService: Creating new ChildProcessService pid=31042
10-31 14:53:38.261 31113 31113 E /system/bin/webview_zygote32: failed to make and chown /acct/uid_99313: Permission denied
10-31 14:53:38.261 31113 31113 E Zygote  : createProcessGroup(99313, 0) failed: Permission denied
10-31 14:53:38.263 31112 31112 E asset   : setgid: Operation not permitted
10-31 14:53:38.265 30817 30817 W ResourceType: Failure getting entry for 0x7f010415 (t=0 e=1045) (error -75)
10-31 14:53:38.266 31116 31116 E asset   : setgid: Operation not permitted
10-31 14:53:38.268   772 10860 I ActivityManager: Start proc 31113:com.android.chrome:sandboxed_process8/u0i313 for webview_service com.android.chrome/org.chromium.content.app.SandboxedProcessService8
10-31 14:53:38.270 31125 31125 E asset   : setgid: Operation not permitted
10-31 14:53:38.279 31113 31113 I SamplingProfilerIntegration: Profiling disabled.
10-31 14:53:38.281 31027 31027 E WebViewFactory: can't load with relro file; address space not reserved
10-31 14:53:38.281 31042 31042 E WebViewFactory: can't load with relro file; address space not reserved
10-31 14:53:38.297 31127 31127 E /system/bin/webview_zygote32: failed to make and chown /acct/uid_99314: Permission denied
10-31 14:53:38.297 31127 31127 E Zygote  : createProcessGroup(99314, 0) failed: Permission denied
10-31 14:53:38.298 31129 31129 E asset   : setgid: Operation not permitted
10-31 14:53:38.312 31127 31127 I SamplingProfilerIntegration: Profiling disabled.
10-31 14:53:38.312 31067 31067 I cr_SplitCompatApp: Launched version=106.0.5249.79 minSdkVersion=24 isBundle=true processName=com.android.chrome:sandboxed_process5 isIsolated=true
10-31 14:53:38.314   772 13071 I ActivityManager: Start proc 31127:com.android.chrome:sandboxed_process9/u0i314 for webview_service com.android.chrome/org.chromium.content.app.SandboxedProcessService9
10-31 14:53:38.324 31067 31067 W SystemServiceRegistry: No service published for: uimode
10-31 14:53:38.334 31067 31067 I cr_ChildProcessService: Creating new ChildProcessService pid=31067
10-31 14:53:38.338 31143 31143 E asset   : setgid: Operation not permitted
10-31 14:53:38.338   772   781 I zygote64: Background concurrent copying GC freed 43675(2MB) AllocSpace objects, 39(876KB) LOS objects, 42% free, 17MB/30MB, paused 371us total 107.500ms
10-31 14:53:38.342 31081 31081 I cr_SplitCompatApp: Launched version=106.0.5249.79 minSdkVersion=24 isBundle=true processName=com.android.chrome:sandboxed_process6 isIsolated=true
10-31 14:53:38.345   772   784 I ActivityManager: Start proc 31144:com.android.chrome:sandboxed_process10/u0i315 for webview_service com.android.chrome/org.chromium.content.app.SandboxedProcessService10
10-31 14:53:38.346 31056 31056 I cr_SplitCompatApp: Launched version=106.0.5249.79 minSdkVersion=24 isBundle=true processName=com.android.chrome:sandboxed_process4 isIsolated=true
10-31 14:53:38.347 31081 31081 W SystemServiceRegistry: No service published for: uimode
10-31 14:53:38.361 31067 31067 E WebViewFactory: can't load with relro file; address space not reserved
10-31 14:53:38.363 31056 31056 W SystemServiceRegistry: No service published for: uimode
10-31 14:53:38.365 31042 31110 I cr_LibraryLoader: Successfully loaded native library
10-31 14:53:38.365 31042 31110 I cr_CachingUmaRecorder: Flushed 3 samples from 3 histograms.
10-31 14:53:38.367 31067 31142 I cr_LibraryLoader: Successfully loaded native library
10-31 14:53:38.368 31067 31142 I cr_CachingUmaRecorder: Flushed 3 samples from 3 histograms.
10-31 14:53:38.369 31144 31144 E /system/bin/webview_zygote32: failed to make and chown /acct/uid_99315: Permission denied
10-31 14:53:38.369 31144 31144 E Zygote  : createProcessGroup(99315, 0) failed: Permission denied
10-31 14:53:38.370 31027 31109 I cr_LibraryLoader: Successfully loaded native library
10-31 14:53:38.371 31081 31081 I cr_ChildProcessService: Creating new ChildProcessService pid=31081
10-31 14:53:38.371 31027 31109 I cr_CachingUmaRecorder: Flushed 3 samples from 3 histograms.
10-31 14:53:38.382 31081 31081 E WebViewFactory: can't load with relro file; address space not reserved
10-31 14:53:38.387 31160 31160 E asset   : setgid: Operation not permitted
10-31 14:53:38.388 31056 31056 I cr_ChildProcessService: Creating new ChildProcessService pid=31056
10-31 14:53:38.391 31097 31097 I cr_SplitCompatApp: Launched version=106.0.5249.79 minSdkVersion=24 isBundle=true processName=com.android.chrome:sandboxed_process7 isIsolated=true
10-31 14:53:38.392 31081 31151 I cr_LibraryLoader: Successfully loaded native library
10-31 14:53:38.393 31081 31151 I cr_CachingUmaRecorder: Flushed 3 samples from 3 histograms.
10-31 14:53:38.400 31056 31056 E WebViewFactory: can't load with relro file; address space not reserved
10-31 14:53:38.423 31056 31162 I cr_LibraryLoader: Successfully loaded native library
10-31 14:53:38.424 31056 31162 I cr_CachingUmaRecorder: Flushed 3 samples from 3 histograms.
10-31 14:53:38.425 31144 31144 I SamplingProfilerIntegration: Profiling disabled.
10-31 14:53:38.427 31097 31097 W SystemServiceRegistry: No service published for: uimode
10-31 14:53:38.435 31113 31113 I cr_SplitCompatApp: Launched version=106.0.5249.79 minSdkVersion=24 isBundle=true processName=com.android.chrome:sandboxed_process8 isIsolated=true
10-31 14:53:38.441 31097 31097 I cr_ChildProcessService: Creating new ChildProcessService pid=31097
10-31 14:53:38.444 31113 31113 W SystemServiceRegistry: No service published for: uimode
10-31 14:53:38.450 31097 31097 E WebViewFactory: can't load with relro file; address space not reserved
10-31 14:53:38.459 31097 31191 I cr_LibraryLoader: Successfully loaded native library
10-31 14:53:38.460 31113 31113 I cr_ChildProcessService: Creating new ChildProcessService pid=31113
10-31 14:53:38.462 31127 31127 I cr_SplitCompatApp: Launched version=106.0.5249.79 minSdkVersion=24 isBundle=true processName=com.android.chrome:sandboxed_process9 isIsolated=true
10-31 14:53:38.465 31097 31191 I cr_CachingUmaRecorder: Flushed 3 samples from 3 histograms.
10-31 14:53:38.471 31113 31113 E WebViewFactory: can't load with relro file; address space not reserved
10-31 14:53:38.472 30817 30817 W ResourceType: Failure getting entry for 0x7f0100f9 (t=0 e=249) (error -75)
10-31 14:53:38.475 30817 30817 W ResourceType: Failure getting entry for 0x7f010828 (t=0 e=2088) (error -75)
10-31 14:53:38.475 31127 31127 W SystemServiceRegistry: No service published for: uimode
10-31 14:53:38.476 31204 31204 E asset   : setgid: Operation not permitted
