10-31 14:53:41.341 31667 31667 E asset   : setgid: Operation not permitted
10-31 14:53:41.354 31630 31630 E WebViewFactory: can't load with relro file; address space not reserved
10-31 14:53:41.363 31630 31666 I cr_LibraryLoader: Successfully loaded native library
10-31 14:53:41.364 31630 31666 I cr_CachingUmaRecorder: Flushed 3 samples from 3 histograms.
10-31 14:53:41.369 31652 31652 I cr_SplitCompatApp: Launched version=106.0.5249.79 minSdkVersion=24 isBundle=true processName=com.android.chrome:sandboxed_process28 isIsolated=true
10-31 14:53:41.373 31652 31652 W SystemServiceRegistry: No service published for: uimode
10-31 14:53:41.378 31652 31652 I cr_ChildProcessService: Creating new ChildProcessService pid=31652
10-31 14:53:41.382 31673 31673 W ThreadPoolForeg: type=1400 audit(0.0:15302): avc: denied { setattr } for name="model-info.pb" dev="dm-2" ino=1504809 scontext=u:r:isolated_app:s0:c512,c768 tcontext=u:object_r:app_data_file:s0:c512,c768 tclass=file permissive=0
10-31 14:53:41.386 31652 31652 E WebViewFactory: can't load with relro file; address space not reserved
10-31 14:53:41.392 31673 31673 W ThreadPoolForeg: type=1400 audit(0.0:15303): avc: denied { setattr } for name="model.tflite" dev="dm-2" ino=1504816 scontext=u:r:isolated_app:s0:c512,c768 tcontext=u:object_r:app_data_file:s0:c512,c768 tclass=file permissive=0
10-31 14:53:41.399 31630 31666 I chromium: [INFO:child_process_service.cc(69)] ChildProcessService: Exiting child process.
10-31 14:53:41.400 31652 31675 I cr_LibraryLoader: Successfully loaded native library
10-31 14:53:41.401 31652 31675 I cr_CachingUmaRecorder: Flushed 3 samples from 3 histograms.
10-31 14:53:41.405   422   422 E lowmemorykiller: Error writing /proc/31630/oom_score_adj; errno=22
10-31 14:53:41.405   772 10894 I ActivityManager: Killing 31630:com.android.chrome:sandboxed_process27/u0a60i332 (adj 0): isolated not needed
10-31 14:53:41.406   772   790 W zygote64: failed to open /acct/uid_99332/pid_31630/cgroup.procs: No such file or directory
10-31 14:53:41.415 31679 31679 W ThreadPoolForeg: type=1400 audit(0.0:15304): avc: denied { setattr } for name="model-info.pb" dev="dm-2" ino=1504805 scontext=u:r:isolated_app:s0:c512,c768 tcontext=u:object_r:app_data_file:s0:c512,c768 tclass=file permissive=0
10-31 14:53:41.419 31679 31679 W ThreadPoolForeg: type=1400 audit(0.0:15305): avc: denied { setattr } for name="model.tflite" dev="dm-2" ino=1504809 scontext=u:r:isolated_app:s0:c512,c768 tcontext=u:object_r:app_data_file:s0:c512,c768 tclass=file permissive=0
10-31 14:53:41.422 31652 31675 I chromium: [INFO:child_process_service.cc(69)] ChildProcessService: Exiting child process.
10-31 14:53:41.424 30817 30817 W chromium: [WARNING:compositor_view.cc(342)] Child process died (type=6) pid=31630)
10-31 14:53:41.428   422   422 E lowmemorykiller: Error writing /proc/31652/oom_score_adj; errno=22
10-31 14:53:41.429   772  4539 I ActivityManager: Killing 31652:com.android.chrome:sandboxed_process28/u0a60i333 (adj 0): isolated not needed
10-31 14:53:41.430   772   790 W zygote64: failed to open /acct/uid_99333/pid_31652/cgroup.procs: No such file or directory
10-31 14:53:41.454 30817 30817 W chromium: [WARNING:compositor_view.cc(342)] Child process died (type=6) pid=31652)
10-31 14:53:42.762 30817 30817 W chromium: [WARNING:controller_impl.cc(1190)] Background download complete, client: 6, completion type: 0, file size:265060
10-31 14:53:42.796 31682 31682 E /system/bin/webview_zygote32: failed to make and chown /acct/uid_99334: Permission denied
10-31 14:53:42.796 31682 31682 E Zygote  : createProcessGroup(99334, 0) failed: Permission denied
10-31 14:53:42.799   772 10895 I ActivityManager: Start proc 31682:com.android.chrome:sandboxed_process29/u0i334 for webview_service com.android.chrome/org.chromium.content.app.SandboxedProcessService29
10-31 14:53:42.831 31682 31682 I SamplingProfilerIntegration: Profiling disabled.
10-31 14:53:42.856 31695 31695 E asset   : setgid: Operation not permitted
10-31 14:53:42.887 31682 31682 I cr_SplitCompatApp: Launched version=106.0.5249.79 minSdkVersion=24 isBundle=true processName=com.android.chrome:sandboxed_process29 isIsolated=true
10-31 14:53:42.892 31682 31682 W SystemServiceRegistry: No service published for: uimode
10-31 14:53:42.899 31682 31682 I cr_ChildProcessService: Creating new ChildProcessService pid=31682
10-31 14:53:42.907 31682 31682 E WebViewFactory: can't load with relro file; address space not reserved
10-31 14:53:42.917 31682 31696 I cr_LibraryLoader: Successfully loaded native library
10-31 14:53:42.918 31682 31696 I cr_CachingUmaRecorder: Flushed 3 samples from 3 histograms.
10-31 14:53:42.949 31700 31700 W ThreadPoolForeg: type=1400 audit(0.0:15306): avc: denied { setattr } for name="model-info.pb" dev="dm-2" ino=1504839 scontext=u:r:isolated_app:s0:c512,c768 tcontext=u:object_r:app_data_file:s0:c512,c768 tclass=file permissive=0
10-31 14:53:42.962 31700 31700 W ThreadPoolForeg: type=1400 audit(0.0:15307): avc: denied { setattr } for name="model.tflite" dev="dm-2" ino=1504840 scontext=u:r:isolated_app:s0:c512,c768 tcontext=u:object_r:app_data_file:s0:c512,c768 tclass=file permissive=0
10-31 14:53:42.972 31682 31696 I chromium: [INFO:child_process_service.cc(69)] ChildProcessService: Exiting child process.
10-31 14:53:42.973   772  1324 I ActivityManager: Killing 31682:com.android.chrome:sandboxed_process29/u0a60i334 (adj 0): isolated not needed
10-31 14:53:42.973   772   790 W zygote64: failed to open /acct/uid_99334/pid_31682/cgroup.procs: No such file or directory
10-31 14:53:42.986 30817 30817 W chromium: [WARNING:compositor_view.cc(342)] Child process died (type=6) pid=31682)
10-31 14:53:43.149 31458 31507 I tflite  : Initialized TensorFlow Lite runtime.
10-31 14:53:43.459 30817 30883 I cr_omaha: OmahaBase::generateAndPostRequest(): Sending request to Omaha:
10-31 14:53:43.459 30817 30883 I cr_omaha: <?xml version='1.0' encoding='UTF-8' standalone='yes' ?><request protocol="3.0" updater="Android" updaterversion="106.0.5249.79" updaterchannel="chrome" ismachine="1" requestid="{1f3aafb0-b890-46bc-9f99-d67c1d35f121}" sessionid="{5a321c68-968e-47d1-b58f-54635124be8f}" installsource="system_image" dedup="cr"><os platform="android" version="8.0.0" arch="arm" /><app brand="" client="ms-android-google" appid="{387E11AD-7109-45F6-83CF-CAA241ADC9DF}" version="106.0.5249.79" nextversion="" lang="en-US" installage="-1" ap="chrome;google;nexus 5x"><event eventtype="2" eventresult="1" /></app></request>
10-31 14:53:43.475 27001 27001 I MemoryTrimmer: Trimming objects from memory, since app is in the background.
10-31 14:53:43.582 30817 30883 I cr_omaha: OmahaBase::generateAndPostRequest(): Received response from Omaha:
10-31 14:53:43.582 30817 30883 I cr_omaha: <?xml version="1.0" encoding="UTF-8"?><response protocol="3.0" server="prod"><daystart elapsed_days="5782" elapsed_seconds="24822"/><app appid="{387E11AD-7109-45F6-83CF-CAA241ADC9DF}" status="ok"><event status="ok"/></app></response>
10-31 14:53:43.607 30817 30883 I cr_omaha: Request to Server Successful. Timestamp for next request:1667228023607
10-31 14:53:43.621 30817 30883 I cr_omaha: OmahaBase::generateAndPostRequest(): Sending request to Omaha:
10-31 14:53:43.621 30817 30883 I cr_omaha: <?xml version='1.0' encoding='UTF-8' standalone='yes' ?><request protocol="3.0" updater="Android" updaterversion="106.0.5249.79" updaterchannel="chrome" ismachine="1" requestid="{fa1b32c4-969e-41e1-8aeb-207becca0641}" sessionid="{5a321c68-968e-47d1-b58f-54635124be8f}" installsource="system_image" dedup="cr"><os platform="android" version="8.0.0" arch="arm" /><app brand="" client="ms-android-google" appid="{387E11AD-7109-45F6-83CF-CAA241ADC9DF}" version="106.0.5249.79" nextversion="" lang="en-US" installage="0" ap="chrome;google;nexus 5x"><updatecheck /><ping active="1" ad="5782" rd="5782" /></app></request>
10-31 14:53:43.654 30817 30883 I cr_omaha: OmahaBase::generateAndPostRequest(): Received response from Omaha:
10-31 14:53:43.654 30817 30883 I cr_omaha: <?xml version="1.0" encoding="UTF-8"?><response protocol="3.0" server="prod"><daystart elapsed_days="5782" elapsed_seconds="24822"/><app appid="{387E11AD-7109-45F6-83CF-CAA241ADC9DF}" cohort="1:hyx:" cohortname="Stable Chrome" status="ok"><updatecheck status="noupdate"/><ping status="ok"/></app></response>
10-31 14:53:43.656 30817 30883 I cr_omaha: Request to Server Successful. Timestamp for next request:1667228023656
10-31 14:53:43.668 30817 30883 I cr_omaha: Attempting to schedule next job for: Mon Oct 31 19:53:43 GMT+01:00 2022
10-31 14:53:43.671 30817 30817 I cr_omaha: Scheduled using JobService
10-31 14:53:43.671 30817 30817 E cr_BkgrdTaskJS: Tried finishing non-current BackgroundTask.
10-31 14:53:44.197 13542 13674 I Icing   : IndexChimeraService.getServiceInterface callingPackage=com.google.android.gms componentName=null serviceId=30
10-31 14:53:44.202 13542 13542 D BoundBrokerSvc: onBind: Intent { act=com.google.android.gms.common.BIND_SHARED_PREFS pkg=com.google.android.gms }
10-31 14:53:44.202 13542 13542 D BoundBrokerSvc: Loading bound service for intent: Intent { act=com.google.android.gms.common.BIND_SHARED_PREFS pkg=com.google.android.gms }
10-31 14:53:44.206 13542 13542 D BoundBrokerSvc: onUnbind: Intent { act=com.google.android.gms.common.BIND_SHARED_PREFS pkg=com.google.android.gms }
10-31 14:53:44.214 13542 26810 I GmsCoreXrpcWrapper: Returning a channel provider with trafficStatsTag=12803 trafficStatsUid=-1
10-31 14:53:44.400 13542 26810 I Icing   : Usage reports ok 3, Failed Usage reports 0, indexed 2, rejected 0
10-31 14:53:48.978 30817 30817 E cr_BTSPrefs: No data found for task id: 56
10-31 14:53:48.979 30817 30817 E cr_BkgrdTaskScheduler: Task cannot be canceled because no data was found instorage or data was invalid
10-31 14:53:52.373 30817 30817 I cr_tabmodel: Appending tabs being restored to metadata lists, 0, startingNormalCount: 2, startingIncognitoCount: 0
10-31 14:53:52.373 30817 30817 I cr_tabmodel: Serializing tab lists; counts: 2, 0
10-31 14:53:53.068 30817 30817 W ResourceType: Failure getting entry for 0x7f010888 (t=0 e=2184) (error -75)
10-31 14:53:53.105 30817 30817 I chatty  : uid=10060(u0_a60) com.android.chrome:sandboxed identical 7 lines
10-31 14:53:53.109 30817 30817 W ResourceType: Failure getting entry for 0x7f010888 (t=0 e=2184) (error -75)
10-31 14:53:53.112 30817 30817 I cr_TopSites: Start a new task.
10-31 14:53:53.112 30817 30876 I cr_TopSites: Serializing top sites lists finished; count: 9
10-31 14:53:53.121 30817 30876 I cr_TopSites: Finished saving top sites list to file:/data/user/0/com.android.chrome/app_top_sites/top_sites
10-31 14:53:53.855   551   618 I ThermalEngine: ACTION: LCD - Setting max LCD brightness to 232
10-31 14:54:11.748 30817 30817 I cr_tabmodel: Appending tabs being restored to metadata lists, 0, startingNormalCount: 2, startingIncognitoCount: 0
10-31 14:54:11.748 30817 30817 I cr_tabmodel: Serializing tab lists; counts: 2, 0
10-31 14:54:11.878   551   618 I ThermalEngine: ACTION: LCD - Setting max LCD brightness to 255
10-31 14:54:30.205 30817 30817 I cr_media: Create MediaDrmBridge with level L3 and origin 6BF4B71DA4E7A07A021FF1E131C6887C
10-31 14:54:30.210   361   361 W /system/bin/hwservicemanager: getTransportFromManifest: Cannot find entry android.hardware.drm@1.0::IDrmFactory in either framework or device manifest, using default transport.
10-31 14:54:30.251   562   562 I DrmHal  : makeDrmFactories: using default drm instance
10-31 14:54:30.255   361   361 W /system/bin/hwservicemanager: getTransportFromManifest: Cannot find entry android.hardware.drm@1.0::IDrmFactory in either framework or device manifest, using default transport.
10-31 14:54:30.320   562  5487 I DrmHal  : makeDrmFactories: using default drm instance
10-31 14:54:30.322   562 28303 D WVCdm   : Instantiating CDM.
10-31 14:54:30.327   562 19050 I WVCdm   : CdmEngine::QueryStatus
10-31 14:54:30.327   562 19050 I WVCdm   : Level3 Library 4445 May 19 2017 17:17:20
10-31 14:54:30.332   562 19050 D QSEECOMAPI: : QSEECom_get_handle sb_length = 0x19000
10-31 14:54:30.332   562 19050 D QSEECOMAPI: : App is not loaded in QSEE
10-31 14:54:30.386   562 19050 D QSEECOMAPI: : Loaded image: APP id = 2450
10-31 14:54:30.391   562 19050 D QSAPPSVER: qsapps_get_capabilities: Capability from secure side: 0x0
10-31 14:54:30.391   562 19050 D QSAPPSVER: qsapps_get_capabilities: returns 0
10-31 14:54:30.391   562 19050 E DrmWidevineDash: sion_buffer g_wv_fhandle->ion_sbuffer  0x0xef317000
10-31 14:54:30.395   372   376 D DrmLibTime: got the req here! ret=0
10-31 14:54:30.395   372   376 D DrmLibTime: command id, time_cmd_id = 770
10-31 14:54:30.395   372   376 D DrmLibTime: time_getutcsec starts!
10-31 14:54:30.395   372   376 D DrmLibTime: QSEE Time Listener: time_getutcsec
10-31 14:54:30.395   372   376 D DrmLibTime: QSEE Time Listener: get_utc_seconds
10-31 14:54:30.395   372   376 D DrmLibTime: QSEE Time Listener: time_get_modem_time
10-31 14:54:30.395   372   376 D DrmLibTime: QSEE Time Listener: Checking if ATS_MODEM is set or not.
10-31 14:54:30.395   372   376 D QC-time-services: Lib:time_genoff_operation: pargs->base = 13
10-31 14:54:30.395   372   376 D QC-time-services: Lib:time_genoff_operation: pargs->operation = 2
10-31 14:54:30.395   372   376 D QC-time-services: Lib:time_genoff_operation: pargs->ts_val = 0
10-31 14:54:30.396   372   376 D QC-time-services: Lib:time_genoff_operation: Send to server  passed!!
10-31 14:54:30.396   625   647 D QC-time-services: Daemon: Connection accepted:time_genoff
10-31 14:54:30.396   625 31729 D QC-time-services: Daemon:Received base = 13, unit = 1, operation = 2,value = 0
10-31 14:54:30.396   625 31729 D QC-time-services: Daemon:genoff_opr: Base = 13, val = 0, operation = 2
10-31 14:54:30.396   625 31729 D QC-time-services: offset is: 0 for base: 13
10-31 14:54:30.396   372   376 E QC-time-services: Receive Passed == base = 13, unit = 1, operation = 2, result = 0
10-31 14:54:30.396   372   376 D DrmLibTime: QSEE Time Listener: ATS_MODEM is not set. Fallback to Android system time.
10-31 14:54:30.396   372   376 D DrmLibTime: QSEE Time Listener: Retrieved Android system time: 1667224470
10-31 14:54:30.396   372   376 D DrmLibTime: time_getutcsec returns 0, sec = 1667224470; nsec = 0
10-31 14:54:30.396   372   376 D DrmLibTime: time_getutcsec finished! 
10-31 14:54:30.396   372   376 D DrmLibTime: iotcl_continue_command finished! and return 0 
10-31 14:54:30.396   372   376 D DrmLibTime: before calling ioctl to read the next time_cmd
10-31 14:54:30.397   625   647 E QC-time-services: Daemon: Time-services: Waiting to acceptconnection
10-31 14:54:30.437   562 19050 D WVCdm   : OEMCrypto_Initialize Level 1 success. I will use level 1.
10-31 14:54:30.438   562 19050 D QSEECOMAPI: : QSEECom_dealloc_memory 
10-31 14:54:30.438   562 19050 D QSEECOMAPI: : QSEECom_shutdown_app, app_id = 2450
10-31 14:54:30.452   562 28303 I WVCdm   : CdmEngine::OpenSession
10-31 14:54:30.453   562 28303 I WVCdm   : Level3 Library 4445 May 19 2017 17:17:20
10-31 14:54:30.457   562 28303 D QSEECOMAPI: : QSEECom_get_handle sb_length = 0x19000
10-31 14:54:30.457   562 28303 D QSEECOMAPI: : App is not loaded in QSEE
10-31 14:54:30.507   562 28303 D QSEECOMAPI: : Loaded image: APP id = 2451
10-31 14:54:30.510   562 28303 D QSAPPSVER: qsapps_get_capabilities: Capability from secure side: 0x0
10-31 14:54:30.510   562 28303 D QSAPPSVER: qsapps_get_capabilities: returns 0
10-31 14:54:30.510   562 28303 E DrmWidevineDash: sion_buffer g_wv_fhandle->ion_sbuffer  0x0xef317000
10-31 14:54:30.514   372   376 D DrmLibTime: got the req here! ret=0
10-31 14:54:30.514   372   376 D DrmLibTime: command id, time_cmd_id = 770
10-31 14:54:30.514   372   376 D DrmLibTime: time_getutcsec starts!
10-31 14:54:30.514   372   376 D DrmLibTime: QSEE Time Listener: time_getutcsec
10-31 14:54:30.514   372   376 D DrmLibTime: QSEE Time Listener: get_utc_seconds
10-31 14:54:30.514   372   376 D DrmLibTime: QSEE Time Listener: time_get_modem_time
10-31 14:54:30.514   372   376 D DrmLibTime: QSEE Time Listener: Checking if ATS_MODEM is set or not.
10-31 14:54:30.514   372   376 D QC-time-services: Lib:time_genoff_operation: pargs->base = 13
10-31 14:54:30.514   372   376 D QC-time-services: Lib:time_genoff_operation: pargs->operation = 2
10-31 14:54:30.514   372   376 D QC-time-services: Lib:time_genoff_operation: pargs->ts_val = 0
10-31 14:54:30.514   372   376 D QC-time-services: Lib:time_genoff_operation: Send to server  passed!!
10-31 14:54:30.514   625   647 D QC-time-services: Daemon: Connection accepted:time_genoff
10-31 14:54:30.515   625 31739 D QC-time-services: Daemon:Received base = 13, unit = 1, operation = 2,value = 0
10-31 14:54:30.515   625 31739 D QC-time-services: Daemon:genoff_opr: Base = 13, val = 0, operation = 2
10-31 14:54:30.515   625 31739 D QC-time-services: offset is: 0 for base: 13
10-31 14:54:30.515   372   376 E QC-time-services: Receive Passed == base = 13, unit = 1, operation = 2, result = 0
10-31 14:54:30.515   372   376 D DrmLibTime: QSEE Time Listener: ATS_MODEM is not set. Fallback to Android system time.
10-31 14:54:30.515   372   376 D DrmLibTime: QSEE Time Listener: Retrieved Android system time: 1667224470
10-31 14:54:30.515   372   376 D DrmLibTime: time_getutcsec returns 0, sec = 1667224470; nsec = 0
10-31 14:54:30.515   372   376 D DrmLibTime: time_getutcsec finished! 
10-31 14:54:30.515   372   376 D DrmLibTime: iotcl_continue_command finished! and return 0 
10-31 14:54:30.515   372   376 D DrmLibTime: before calling ioctl to read the next time_cmd
10-31 14:54:30.515   625   647 E QC-time-services: Daemon: Time-services: Waiting to acceptconnection
10-31 14:54:30.551   562 28303 D WVCdm   : OEMCrypto_Initialize Level 1 success. I will use level 1.
10-31 14:54:30.551   562 28303 D WVCdm   : CryptoSession::Open: Lock: requested_security_level: L3
10-31 14:54:30.557   562 28303 W WVCdm   : DeviceFiles::RetrieveHashedFile: /data/mediadrm/IDM1013/L3/cert.bin does not exist
10-31 14:54:30.558   562 28303 D QSEECOMAPI: : QSEECom_dealloc_memory 
10-31 14:54:30.558   562 28303 D QSEECOMAPI: : QSEECom_shutdown_app, app_id = 2451
10-31 14:54:30.570   562   644 I WVCdm   : Level3 Library 4445 May 19 2017 17:17:20
10-31 14:54:30.574   562   644 D QSEECOMAPI: : QSEECom_get_handle sb_length = 0x19000
10-31 14:54:30.574   562   644 D QSEECOMAPI: : App is not loaded in QSEE
10-31 14:54:30.621   562   644 D QSEECOMAPI: : Loaded image: APP id = 2452
10-31 14:54:30.626   562   644 D QSAPPSVER: qsapps_get_capabilities: Capability from secure side: 0x0
10-31 14:54:30.626   562   644 D QSAPPSVER: qsapps_get_capabilities: returns 0
10-31 14:54:30.626   562   644 E DrmWidevineDash: sion_buffer g_wv_fhandle->ion_sbuffer  0x0xef317000
10-31 14:54:30.629   372   376 D DrmLibTime: got the req here! ret=0
10-31 14:54:30.629   372   376 D DrmLibTime: command id, time_cmd_id = 770
10-31 14:54:30.629   372   376 D DrmLibTime: time_getutcsec starts!
10-31 14:54:30.629   372   376 D DrmLibTime: QSEE Time Listener: time_getutcsec
10-31 14:54:30.629   372   376 D DrmLibTime: QSEE Time Listener: get_utc_seconds
10-31 14:54:30.629   372   376 D DrmLibTime: QSEE Time Listener: time_get_modem_time
10-31 14:54:30.629   372   376 D DrmLibTime: QSEE Time Listener: Checking if ATS_MODEM is set or not.
10-31 14:54:30.629   372   376 D QC-time-services: Lib:time_genoff_operation: pargs->base = 13
10-31 14:54:30.629   372   376 D QC-time-services: Lib:time_genoff_operation: pargs->operation = 2
10-31 14:54:30.629   372   376 D QC-time-services: Lib:time_genoff_operation: pargs->ts_val = 0
10-31 14:54:30.630   372   376 D QC-time-services: Lib:time_genoff_operation: Send to server  passed!!
10-31 14:54:30.630   625   647 D QC-time-services: Daemon: Connection accepted:time_genoff
10-31 14:54:30.630   625 31740 D QC-time-services: Daemon:Received base = 13, unit = 1, operation = 2,value = 0
10-31 14:54:30.630   625 31740 D QC-time-services: Daemon:genoff_opr: Base = 13, val = 0, operation = 2
10-31 14:54:30.630   625 31740 D QC-time-services: offset is: 0 for base: 13
10-31 14:54:30.630   372   376 E QC-time-services: Receive Passed == base = 13, unit = 1, operation = 2, result = 0
10-31 14:54:30.630   372   376 D DrmLibTime: QSEE Time Listener: ATS_MODEM is not set. Fallback to Android system time.
10-31 14:54:30.630   372   376 D DrmLibTime: QSEE Time Listener: Retrieved Android system time: 1667224470
10-31 14:54:30.630   372   376 D DrmLibTime: time_getutcsec returns 0, sec = 1667224470; nsec = 0
10-31 14:54:30.630   372   376 D DrmLibTime: time_getutcsec finished! 
10-31 14:54:30.630   372   376 D DrmLibTime: iotcl_continue_command finished! and return 0 
10-31 14:54:30.631   372   376 D DrmLibTime: before calling ioctl to read the next time_cmd
10-31 14:54:30.631   625   647 E QC-time-services: Daemon: Time-services: Waiting to acceptconnection
10-31 14:54:30.669   562   644 D WVCdm   : OEMCrypto_Initialize Level 1 success. I will use level 1.
10-31 14:54:30.669   562   644 D WVCdm   : CryptoSession::Open: Lock: requested_security_level: L3
10-31 14:54:30.678 30817 30817 I cr_media: Provisioning origin ID 6BF4B71DA4E7A07A021FF1E131C6887C
10-31 14:54:30.684 30817 30817 I MediaDrm: Drm event (1,0)
10-31 14:54:30.685 30817 30817 E cr_media: EventListener: No session for event 1.
10-31 14:54:31.130   562   562 D QSEECOMAPI: : QSEECom_dealloc_memory 
10-31 14:54:31.130   562   562 D QSEECOMAPI: : QSEECom_shutdown_app, app_id = 2452
10-31 14:54:31.143 30817 30817 I cr_media: Create MediaDrmBridge with level L1 and origin 6BF4B71DA4E7A07A021FF1E131C6887C
10-31 14:54:31.145   361   361 W /system/bin/hwservicemanager: getTransportFromManifest: Cannot find entry android.hardware.drm@1.0::IDrmFactory in either framework or device manifest, using default transport.
10-31 14:54:31.151   562 19050 I DrmHal  : makeDrmFactories: using default drm instance
10-31 14:54:31.155   361   361 W /system/bin/hwservicemanager: getTransportFromManifest: Cannot find entry android.hardware.drm@1.0::IDrmFactory in either framework or device manifest, using default transport.
10-31 14:54:31.158   562   644 I DrmHal  : makeDrmFactories: using default drm instance
10-31 14:54:31.160   562 28303 I WVCdm   : CdmEngine::QueryStatus
10-31 14:54:31.160   562 28303 I WVCdm   : Level3 Library 4445 May 19 2017 17:17:20
10-31 14:54:31.165   562 28303 D QSEECOMAPI: : QSEECom_get_handle sb_length = 0x19000
10-31 14:54:31.165   562 28303 D QSEECOMAPI: : App is not loaded in QSEE
10-31 14:54:31.219   562 28303 D QSEECOMAPI: : Loaded image: APP id = 2453
10-31 14:54:31.221   562 28303 D QSAPPSVER: qsapps_get_capabilities: Capability from secure side: 0x0
10-31 14:54:31.221   562 28303 D QSAPPSVER: qsapps_get_capabilities: returns 0
10-31 14:54:31.221   562 28303 E DrmWidevineDash: sion_buffer g_wv_fhandle->ion_sbuffer  0x0xef30d000
10-31 14:54:31.224   372   376 D DrmLibTime: got the req here! ret=0
10-31 14:54:31.224   372   376 D DrmLibTime: command id, time_cmd_id = 770
10-31 14:54:31.224   372   376 D DrmLibTime: time_getutcsec starts!
10-31 14:54:31.224   372   376 D DrmLibTime: QSEE Time Listener: time_getutcsec
10-31 14:54:31.224   372   376 D DrmLibTime: QSEE Time Listener: get_utc_seconds
10-31 14:54:31.224   372   376 D DrmLibTime: QSEE Time Listener: time_get_modem_time
10-31 14:54:31.224   372   376 D DrmLibTime: QSEE Time Listener: Checking if ATS_MODEM is set or not.
10-31 14:54:31.224   372   376 D QC-time-services: Lib:time_genoff_operation: pargs->base = 13
10-31 14:54:31.224   372   376 D QC-time-services: Lib:time_genoff_operation: pargs->operation = 2
10-31 14:54:31.224   372   376 D QC-time-services: Lib:time_genoff_operation: pargs->ts_val = 0
10-31 14:54:31.225   372   376 D QC-time-services: Lib:time_genoff_operation: Send to server  passed!!
10-31 14:54:31.225   625   647 D QC-time-services: Daemon: Connection accepted:time_genoff
10-31 14:54:31.225   625 31745 D QC-time-services: Daemon:Received base = 13, unit = 1, operation = 2,value = 0
10-31 14:54:31.225   625 31745 D QC-time-services: Daemon:genoff_opr: Base = 13, val = 0, operation = 2
10-31 14:54:31.225   625 31745 D QC-time-services: offset is: 0 for base: 13
10-31 14:54:31.226   372   376 E QC-time-services: Receive Passed == base = 13, unit = 1, operation = 2, result = 0
10-31 14:54:31.226   372   376 D DrmLibTime: QSEE Time Listener: ATS_MODEM is not set. Fallback to Android system time.
10-31 14:54:31.226   372   376 D DrmLibTime: QSEE Time Listener: Retrieved Android system time: 1667224471
10-31 14:54:31.226   372   376 D DrmLibTime: time_getutcsec returns 0, sec = 1667224471; nsec = 0
10-31 14:54:31.226   372   376 D DrmLibTime: time_getutcsec finished! 
10-31 14:54:31.226   372   376 D DrmLibTime: iotcl_continue_command finished! and return 0 
10-31 14:54:31.226   372   376 D DrmLibTime: before calling ioctl to read the next time_cmd
10-31 14:54:31.226   625   647 E QC-time-services: Daemon: Time-services: Waiting to acceptconnection
10-31 14:54:31.262   562 28303 D WVCdm   : OEMCrypto_Initialize Level 1 success. I will use level 1.
10-31 14:54:31.264   562 28303 D QSEECOMAPI: : QSEECom_dealloc_memory 
10-31 14:54:31.264   562 28303 D QSEECOMAPI: : QSEECom_shutdown_app, app_id = 2453
10-31 14:54:31.274   562 19050 I WVCdm   : CdmEngine::OpenSession
10-31 14:54:31.275   562 19050 I WVCdm   : Level3 Library 4445 May 19 2017 17:17:20
10-31 14:54:31.282   562 19050 D QSEECOMAPI: : QSEECom_get_handle sb_length = 0x19000
10-31 14:54:31.283   562 19050 D QSEECOMAPI: : App is not loaded in QSEE
10-31 14:54:31.339   562 19050 D QSEECOMAPI: : Loaded image: APP id = 2454
10-31 14:54:31.345   562 19050 D QSAPPSVER: qsapps_get_capabilities: Capability from secure side: 0x0
10-31 14:54:31.345   562 19050 D QSAPPSVER: qsapps_get_capabilities: returns 0
10-31 14:54:31.345   562 19050 E DrmWidevineDash: sion_buffer g_wv_fhandle->ion_sbuffer  0x0xef30d000
10-31 14:54:31.349   372   376 D DrmLibTime: got the req here! ret=0
10-31 14:54:31.349   372   376 D DrmLibTime: command id, time_cmd_id = 770
10-31 14:54:31.349   372   376 D DrmLibTime: time_getutcsec starts!
10-31 14:54:31.349   372   376 D DrmLibTime: QSEE Time Listener: time_getutcsec
10-31 14:54:31.349   372   376 D DrmLibTime: QSEE Time Listener: get_utc_seconds
10-31 14:54:31.349   372   376 D DrmLibTime: QSEE Time Listener: time_get_modem_time
10-31 14:54:31.349   372   376 D DrmLibTime: QSEE Time Listener: Checking if ATS_MODEM is set or not.
10-31 14:54:31.349   372   376 D QC-time-services: Lib:time_genoff_operation: pargs->base = 13
10-31 14:54:31.349   372   376 D QC-time-services: Lib:time_genoff_operation: pargs->operation = 2
10-31 14:54:31.349   372   376 D QC-time-services: Lib:time_genoff_operation: pargs->ts_val = 0
10-31 14:54:31.349   372   376 D QC-time-services: Lib:time_genoff_operation: Send to server  passed!!
10-31 14:54:31.349   625   647 D QC-time-services: Daemon: Connection accepted:time_genoff
10-31 14:54:31.350   625 31746 D QC-time-services: Daemon:Received base = 13, unit = 1, operation = 2,value = 0
10-31 14:54:31.350   625 31746 D QC-time-services: Daemon:genoff_opr: Base = 13, val = 0, operation = 2
10-31 14:54:31.350   625 31746 D QC-time-services: offset is: 0 for base: 13
10-31 14:54:31.350   372   376 E QC-time-services: Receive Passed == base = 13, unit = 1, operation = 2, result = 0
10-31 14:54:31.350   372   376 D DrmLibTime: QSEE Time Listener: ATS_MODEM is not set. Fallback to Android system time.
10-31 14:54:31.350   372   376 D DrmLibTime: QSEE Time Listener: Retrieved Android system time: 1667224471
10-31 14:54:31.350   372   376 D DrmLibTime: time_getutcsec returns 0, sec = 1667224471; nsec = 0
10-31 14:54:31.350   372   376 D DrmLibTime: time_getutcsec finished! 
10-31 14:54:31.350   372   376 D DrmLibTime: iotcl_continue_command finished! and return 0 
10-31 14:54:31.350   372   376 D DrmLibTime: before calling ioctl to read the next time_cmd
10-31 14:54:31.350   625   647 E QC-time-services: Daemon: Time-services: Waiting to acceptconnection
10-31 14:54:31.375   562 19050 D WVCdm   : OEMCrypto_Initialize Level 1 success. I will use level 1.
10-31 14:54:31.375   562 19050 D WVCdm   : CryptoSession::Open: Lock: requested_security_level: Default
10-31 14:54:31.378   562 19050 W WVCdm   : DeviceFiles::RetrieveHashedFile: /data/mediadrm/IDM1013/L1/cert.bin does not exist
10-31 14:54:31.380   562 19050 D QSEECOMAPI: : QSEECom_dealloc_memory 
10-31 14:54:31.380   562 19050 D QSEECOMAPI: : QSEECom_shutdown_app, app_id = 2454
10-31 14:54:31.395   562   562 I WVCdm   : Level3 Library 4445 May 19 2017 17:17:20
10-31 14:54:31.400   562   562 D QSEECOMAPI: : QSEECom_get_handle sb_length = 0x19000
10-31 14:54:31.400   562   562 D QSEECOMAPI: : App is not loaded in QSEE
10-31 14:54:31.451   562   562 D QSEECOMAPI: : Loaded image: APP id = 2455
10-31 14:54:31.453   562   562 D QSAPPSVER: qsapps_get_capabilities: Capability from secure side: 0x0
10-31 14:54:31.453   562   562 D QSAPPSVER: qsapps_get_capabilities: returns 0
10-31 14:54:31.453   562   562 E DrmWidevineDash: sion_buffer g_wv_fhandle->ion_sbuffer  0x0xef359000
10-31 14:54:31.457   372   376 D DrmLibTime: got the req here! ret=0
10-31 14:54:31.457   372   376 D DrmLibTime: command id, time_cmd_id = 770
10-31 14:54:31.457   372   376 D DrmLibTime: time_getutcsec starts!
10-31 14:54:31.457   372   376 D DrmLibTime: QSEE Time Listener: time_getutcsec
10-31 14:54:31.457   372   376 D DrmLibTime: QSEE Time Listener: get_utc_seconds
10-31 14:54:31.457   372   376 D DrmLibTime: QSEE Time Listener: time_get_modem_time
10-31 14:54:31.457   372   376 D DrmLibTime: QSEE Time Listener: Checking if ATS_MODEM is set or not.
10-31 14:54:31.457   372   376 D QC-time-services: Lib:time_genoff_operation: pargs->base = 13
10-31 14:54:31.457   372   376 D QC-time-services: Lib:time_genoff_operation: pargs->operation = 2
10-31 14:54:31.457   372   376 D QC-time-services: Lib:time_genoff_operation: pargs->ts_val = 0
10-31 14:54:31.457   372   376 D QC-time-services: Lib:time_genoff_operation: Send to server  passed!!
10-31 14:54:31.457   625   647 D QC-time-services: Daemon: Connection accepted:time_genoff
10-31 14:54:31.458   625 31747 D QC-time-services: Daemon:Received base = 13, unit = 1, operation = 2,value = 0
10-31 14:54:31.458   625 31747 D QC-time-services: Daemon:genoff_opr: Base = 13, val = 0, operation = 2
10-31 14:54:31.458   625 31747 D QC-time-services: offset is: 0 for base: 13
10-31 14:54:31.458   372   376 E QC-time-services: Receive Passed == base = 13, unit = 1, operation = 2, result = 0
10-31 14:54:31.458   372   376 D DrmLibTime: QSEE Time Listener: ATS_MODEM is not set. Fallback to Android system time.
10-31 14:54:31.458   372   376 D DrmLibTime: QSEE Time Listener: Retrieved Android system time: 1667224471
10-31 14:54:31.458   372   376 D DrmLibTime: time_getutcsec returns 0, sec = 1667224471; nsec = 0
10-31 14:54:31.458   372   376 D DrmLibTime: time_getutcsec finished! 
10-31 14:54:31.458   372   376 D DrmLibTime: iotcl_continue_command finished! and return 0 
10-31 14:54:31.458   372   376 D DrmLibTime: before calling ioctl to read the next time_cmd
10-31 14:54:31.458   625   647 E QC-time-services: Daemon: Time-services: Waiting to acceptconnection
10-31 14:54:31.494   562   562 D WVCdm   : OEMCrypto_Initialize Level 1 success. I will use level 1.
10-31 14:54:31.494   562   562 D WVCdm   : CryptoSession::Open: Lock: requested_security_level: Default
10-31 14:54:31.594   562   562 E DrmWidevineDash: OEMCrypto_GenerateSignature : input wrapped_rsa_key == NULL!, return short buffer
10-31 14:54:31.597 30817 30817 I cr_media: Provisioning origin ID 6BF4B71DA4E7A07A021FF1E131C6887C
10-31 14:54:31.599 30817 30817 I MediaDrm: Drm event (1,0)
10-31 14:54:31.599 30817 30817 E cr_media: EventListener: No session for event 1.
10-31 14:54:31.649   562   644 E DrmWidevineDash: OEMCrypto_RewrapDeviceRSAKey : input wrapped_rsa_key == NULL!, return short buffer
10-31 14:54:31.667   562   644 D QSEECOMAPI: : QSEECom_dealloc_memory 
10-31 14:54:31.667   562   644 D QSEECOMAPI: : QSEECom_shutdown_app, app_id = 2455
10-31 14:54:31.684 30817 30817 I cr_media: Create MediaDrmBridge with level L3 and origin 717319373559FA0999EEDE9746724595
10-31 14:54:31.687   361   361 W /system/bin/hwservicemanager: getTransportFromManifest: Cannot find entry android.hardware.drm@1.0::IDrmFactory in either framework or device manifest, using default transport.
10-31 14:54:31.747   562  5487 I DrmHal  : makeDrmFactories: using default drm instance
10-31 14:54:31.749   361   361 W /system/bin/hwservicemanager: getTransportFromManifest: Cannot find entry android.hardware.drm@1.0::IDrmFactory in either framework or device manifest, using default transport.
10-31 14:54:31.808   562 19050 I DrmHal  : makeDrmFactories: using default drm instance
10-31 14:54:31.809   562 19051 D WVCdm   : Instantiating CDM.
10-31 14:54:31.810   562   644 I WVCdm   : CdmEngine::QueryStatus
10-31 14:54:31.811   562   644 I WVCdm   : Level3 Library 4445 May 19 2017 17:17:20
10-31 14:54:31.815   562   644 D QSEECOMAPI: : QSEECom_get_handle sb_length = 0x19000
10-31 14:54:31.815   562   644 D QSEECOMAPI: : App is not loaded in QSEE
10-31 14:54:31.869   562   644 D QSEECOMAPI: : Loaded image: APP id = 2456
10-31 14:54:31.872   562   644 D QSAPPSVER: qsapps_get_capabilities: Capability from secure side: 0x0
10-31 14:54:31.872   562   644 D QSAPPSVER: qsapps_get_capabilities: returns 0
10-31 14:54:31.872   562   644 E DrmWidevineDash: sion_buffer g_wv_fhandle->ion_sbuffer  0x0xef335000
10-31 14:54:31.876   372   376 D DrmLibTime: got the req here! ret=0
10-31 14:54:31.876   372   376 D DrmLibTime: command id, time_cmd_id = 770
10-31 14:54:31.876   372   376 D DrmLibTime: time_getutcsec starts!
10-31 14:54:31.876   372   376 D DrmLibTime: QSEE Time Listener: time_getutcsec
10-31 14:54:31.876   372   376 D DrmLibTime: QSEE Time Listener: get_utc_seconds
10-31 14:54:31.876   372   376 D DrmLibTime: QSEE Time Listener: time_get_modem_time
10-31 14:54:31.876   372   376 D DrmLibTime: QSEE Time Listener: Checking if ATS_MODEM is set or not.
10-31 14:54:31.876   372   376 D QC-time-services: Lib:time_genoff_operation: pargs->base = 13
10-31 14:54:31.876   372   376 D QC-time-services: Lib:time_genoff_operation: pargs->operation = 2
10-31 14:54:31.876   372   376 D QC-time-services: Lib:time_genoff_operation: pargs->ts_val = 0
10-31 14:54:31.876   372   376 D QC-time-services: Lib:time_genoff_operation: Send to server  passed!!
10-31 14:54:31.877   625   647 D QC-time-services: Daemon: Connection accepted:time_genoff
10-31 14:54:31.877   625 31752 D QC-time-services: Daemon:Received base = 13, unit = 1, operation = 2,value = 0
10-31 14:54:31.877   625 31752 D QC-time-services: Daemon:genoff_opr: Base = 13, val = 0, operation = 2
10-31 14:54:31.877   625 31752 D QC-time-services: offset is: 0 for base: 13
10-31 14:54:31.877   372   376 E QC-time-services: Receive Passed == base = 13, unit = 1, operation = 2, result = 0
10-31 14:54:31.877   372   376 D DrmLibTime: QSEE Time Listener: ATS_MODEM is not set. Fallback to Android system time.
10-31 14:54:31.877   372   376 D DrmLibTime: QSEE Time Listener: Retrieved Android system time: 1667224471
10-31 14:54:31.877   372   376 D DrmLibTime: time_getutcsec returns 0, sec = 1667224471; nsec = 0
10-31 14:54:31.877   372   376 D DrmLibTime: time_getutcsec finished! 
10-31 14:54:31.877   372   376 D DrmLibTime: iotcl_continue_command finished! and return 0 
10-31 14:54:31.877   372   376 D DrmLibTime: before calling ioctl to read the next time_cmd
10-31 14:54:31.877   625   647 E QC-time-services: Daemon: Time-services: Waiting to acceptconnection
10-31 14:54:31.924   562   644 D WVCdm   : OEMCrypto_Initialize Level 1 success. I will use level 1.
10-31 14:54:31.925   562   644 D QSEECOMAPI: : QSEECom_dealloc_memory 
10-31 14:54:31.925   562   644 D QSEECOMAPI: : QSEECom_shutdown_app, app_id = 2456
10-31 14:54:31.941   562  5487 I WVCdm   : CdmEngine::OpenSession
10-31 14:54:31.941   562  5487 I WVCdm   : Level3 Library 4445 May 19 2017 17:17:20
10-31 14:54:31.945   562  5487 D QSEECOMAPI: : QSEECom_get_handle sb_length = 0x19000
10-31 14:54:31.945   562  5487 D QSEECOMAPI: : App is not loaded in QSEE
10-31 14:54:32.004   562  5487 D QSEECOMAPI: : Loaded image: APP id = 2457
10-31 14:54:32.007   562  5487 D QSAPPSVER: qsapps_get_capabilities: Capability from secure side: 0x0
10-31 14:54:32.007   562  5487 D QSAPPSVER: qsapps_get_capabilities: returns 0
10-31 14:54:32.007   562  5487 E DrmWidevineDash: sion_buffer g_wv_fhandle->ion_sbuffer  0x0xef335000
10-31 14:54:32.012   372   376 D DrmLibTime: got the req here! ret=0
10-31 14:54:32.012   372   376 D DrmLibTime: command id, time_cmd_id = 770
10-31 14:54:32.012   372   376 D DrmLibTime: time_getutcsec starts!
10-31 14:54:32.012   372   376 D DrmLibTime: QSEE Time Listener: time_getutcsec
10-31 14:54:32.012   372   376 D DrmLibTime: QSEE Time Listener: get_utc_seconds
10-31 14:54:32.012   372   376 D DrmLibTime: QSEE Time Listener: time_get_modem_time
10-31 14:54:32.012   372   376 D DrmLibTime: QSEE Time Listener: Checking if ATS_MODEM is set or not.
10-31 14:54:32.012   372   376 D QC-time-services: Lib:time_genoff_operation: pargs->base = 13
10-31 14:54:32.012   372   376 D QC-time-services: Lib:time_genoff_operation: pargs->operation = 2
10-31 14:54:32.012   372   376 D QC-time-services: Lib:time_genoff_operation: pargs->ts_val = 0
10-31 14:54:32.012   372   376 D QC-time-services: Lib:time_genoff_operation: Send to server  passed!!
10-31 14:54:32.012   625   647 D QC-time-services: Daemon: Connection accepted:time_genoff
10-31 14:54:32.013   625 31753 D QC-time-services: Daemon:Received base = 13, unit = 1, operation = 2,value = 0
10-31 14:54:32.013   625 31753 D QC-time-services: Daemon:genoff_opr: Base = 13, val = 0, operation = 2
10-31 14:54:32.013   625 31753 D QC-time-services: offset is: 0 for base: 13
10-31 14:54:32.013   372   376 E QC-time-services: Receive Passed == base = 13, unit = 1, operation = 2, result = 0
10-31 14:54:32.013   372   376 D DrmLibTime: QSEE Time Listener: ATS_MODEM is not set. Fallback to Android system time.
10-31 14:54:32.013   372   376 D DrmLibTime: QSEE Time Listener: Retrieved Android system time: 1667224472
10-31 14:54:32.013   372   376 D DrmLibTime: time_getutcsec returns 0, sec = 1667224472; nsec = 0
10-31 14:54:32.013   372   376 D DrmLibTime: time_getutcsec finished! 
10-31 14:54:32.013   372   376 D DrmLibTime: iotcl_continue_command finished! and return 0 
10-31 14:54:32.013   372   376 D DrmLibTime: before calling ioctl to read the next time_cmd
10-31 14:54:32.013   625   647 E QC-time-services: Daemon: Time-services: Waiting to acceptconnection
10-31 14:54:32.050   562  5487 D WVCdm   : OEMCrypto_Initialize Level 1 success. I will use level 1.
10-31 14:54:32.050   562  5487 D WVCdm   : CryptoSession::Open: Lock: requested_security_level: L3
10-31 14:54:32.056   562  5487 W WVCdm   : DeviceFiles::RetrieveHashedFile: /data/mediadrm/IDM1013/L3/cert.bin does not exist
10-31 14:54:32.057   562  5487 D QSEECOMAPI: : QSEECom_dealloc_memory 
10-31 14:54:32.057   562  5487 D QSEECOMAPI: : QSEECom_shutdown_app, app_id = 2457
10-31 14:54:32.072   562 19050 I WVCdm   : Level3 Library 4445 May 19 2017 17:17:20
10-31 14:54:32.075   562 19050 D QSEECOMAPI: : QSEECom_get_handle sb_length = 0x19000
10-31 14:54:32.075   562 19050 D QSEECOMAPI: : App is not loaded in QSEE
10-31 14:54:32.124   562 19050 D QSEECOMAPI: : Loaded image: APP id = 2458
10-31 14:54:32.126   562 19050 D QSAPPSVER: qsapps_get_capabilities: Capability from secure side: 0x0
10-31 14:54:32.126   562 19050 D QSAPPSVER: qsapps_get_capabilities: returns 0
10-31 14:54:32.126   562 19050 E DrmWidevineDash: sion_buffer g_wv_fhandle->ion_sbuffer  0x0xef335000
10-31 14:54:32.129   372   376 D DrmLibTime: got the req here! ret=0
10-31 14:54:32.129   372   376 D DrmLibTime: command id, time_cmd_id = 770
10-31 14:54:32.129   372   376 D DrmLibTime: time_getutcsec starts!
10-31 14:54:32.129   372   376 D DrmLibTime: QSEE Time Listener: time_getutcsec
10-31 14:54:32.129   372   376 D DrmLibTime: QSEE Time Listener: get_utc_seconds
10-31 14:54:32.129   372   376 D DrmLibTime: QSEE Time Listener: time_get_modem_time
10-31 14:54:32.129   372   376 D DrmLibTime: QSEE Time Listener: Checking if ATS_MODEM is set or not.
10-31 14:54:32.129   372   376 D QC-time-services: Lib:time_genoff_operation: pargs->base = 13
10-31 14:54:32.129   372   376 D QC-time-services: Lib:time_genoff_operation: pargs->operation = 2
10-31 14:54:32.129   372   376 D QC-time-services: Lib:time_genoff_operation: pargs->ts_val = 0
10-31 14:54:32.130   372   376 D QC-time-services: Lib:time_genoff_operation: Send to server  passed!!
10-31 14:54:32.130   625   647 D QC-time-services: Daemon: Connection accepted:time_genoff
10-31 14:54:32.130   625 31754 D QC-time-services: Daemon:Received base = 13, unit = 1, operation = 2,value = 0
10-31 14:54:32.130   625 31754 D QC-time-services: Daemon:genoff_opr: Base = 13, val = 0, operation = 2
10-31 14:54:32.130   625 31754 D QC-time-services: offset is: 0 for base: 13
10-31 14:54:32.130   372   376 E QC-time-services: Receive Passed == base = 13, unit = 1, operation = 2, result = 0
10-31 14:54:32.130   372   376 D DrmLibTime: QSEE Time Listener: ATS_MODEM is not set. Fallback to Android system time.
10-31 14:54:32.130   372   376 D DrmLibTime: QSEE Time Listener: Retrieved Android system time: 1667224472
10-31 14:54:32.130   372   376 D DrmLibTime: time_getutcsec returns 0, sec = 1667224472; nsec = 0
10-31 14:54:32.130   372   376 D DrmLibTime: time_getutcsec finished! 
10-31 14:54:32.130   372   376 D DrmLibTime: iotcl_continue_command finished! and return 0 
10-31 14:54:32.130   372   376 D DrmLibTime: before calling ioctl to read the next time_cmd
10-31 14:54:32.130   625   647 E QC-time-services: Daemon: Time-services: Waiting to acceptconnection
10-31 14:54:32.165   562 19050 D WVCdm   : OEMCrypto_Initialize Level 1 success. I will use level 1.
10-31 14:54:32.165   562 19050 D WVCdm   : CryptoSession::Open: Lock: requested_security_level: L3
10-31 14:54:32.174 30817 30817 I cr_media: Provisioning origin ID 717319373559FA0999EEDE9746724595
10-31 14:54:32.175 30817 30817 I MediaDrm: Drm event (1,0)
10-31 14:54:32.175 30817 30817 E cr_media: EventListener: No session for event 1.
10-31 14:54:32.207 31755 31755 E /system/bin/webview_zygote32: failed to make and chown /acct/uid_99335: Permission denied
10-31 14:54:32.207 31755 31755 E Zygote  : createProcessGroup(99335, 0) failed: Permission denied
10-31 14:54:32.217   772  3854 I ActivityManager: Start proc 31755:com.android.chrome:sandboxed_process30/u0i335 for webview_service com.android.chrome/org.chromium.content.app.SandboxedProcessService30
10-31 14:54:32.230   562 19051 D QSEECOMAPI: : QSEECom_dealloc_memory 
10-31 14:54:32.231   562 19051 D QSEECOMAPI: : QSEECom_shutdown_app, app_id = 2458
10-31 14:54:32.239 31755 31755 I SamplingProfilerIntegration: Profiling disabled.
10-31 14:54:32.246 30817 30817 I cr_media: Create MediaDrmBridge with level L1 and origin 717319373559FA0999EEDE9746724595
10-31 14:54:32.249   361   361 W /system/bin/hwservicemanager: getTransportFromManifest: Cannot find entry android.hardware.drm@1.0::IDrmFactory in either framework or device manifest, using default transport.
10-31 14:54:32.252   562   562 I DrmHal  : makeDrmFactories: using default drm instance
10-31 14:54:32.255   361   361 W /system/bin/hwservicemanager: getTransportFromManifest: Cannot find entry android.hardware.drm@1.0::IDrmFactory in either framework or device manifest, using default transport.
10-31 14:54:32.258   562 19051 I DrmHal  : makeDrmFactories: using default drm instance
10-31 14:54:32.260   562 28303 I WVCdm   : CdmEngine::QueryStatus
10-31 14:54:32.260 31772 31772 E asset   : setgid: Operation not permitted
10-31 14:54:32.260   562 28303 I WVCdm   : Level3 Library 4445 May 19 2017 17:17:20
10-31 14:54:32.264   562 28303 D QSEECOMAPI: : QSEECom_get_handle sb_length = 0x19000
10-31 14:54:32.264   562 28303 D QSEECOMAPI: : App is not loaded in QSEE
10-31 14:54:32.289 31755 31755 I cr_SplitCompatApp: Launched version=106.0.5249.79 minSdkVersion=24 isBundle=true processName=com.android.chrome:sandboxed_process30 isIsolated=true
10-31 14:54:32.297 31755 31755 W SystemServiceRegistry: No service published for: uimode
10-31 14:54:32.307 31755 31755 I cr_ChildProcessService: Creating new ChildProcessService pid=31755
10-31 14:54:32.315 31755 31755 E WebViewFactory: can't load with relro file; address space not reserved
10-31 14:54:32.315   562 28303 D QSEECOMAPI: : Loaded image: APP id = 2459
10-31 14:54:32.319   562 28303 D QSAPPSVER: qsapps_get_capabilities: Capability from secure side: 0x0
10-31 14:54:32.319   562 28303 D QSAPPSVER: qsapps_get_capabilities: returns 0
10-31 14:54:32.319   562 28303 E DrmWidevineDash: sion_buffer g_wv_fhandle->ion_sbuffer  0x0xef2f2000
10-31 14:54:32.323   372   376 D DrmLibTime: got the req here! ret=0
10-31 14:54:32.323   372   376 D DrmLibTime: command id, time_cmd_id = 770
10-31 14:54:32.323   372   376 D DrmLibTime: time_getutcsec starts!
10-31 14:54:32.323   372   376 D DrmLibTime: QSEE Time Listener: time_getutcsec
10-31 14:54:32.323   372   376 D DrmLibTime: QSEE Time Listener: get_utc_seconds
10-31 14:54:32.323   372   376 D DrmLibTime: QSEE Time Listener: time_get_modem_time
10-31 14:54:32.323   372   376 D DrmLibTime: QSEE Time Listener: Checking if ATS_MODEM is set or not.
10-31 14:54:32.323   372   376 D QC-time-services: Lib:time_genoff_operation: pargs->base = 13
10-31 14:54:32.323   372   376 D QC-time-services: Lib:time_genoff_operation: pargs->operation = 2
10-31 14:54:32.323   372   376 D QC-time-services: Lib:time_genoff_operation: pargs->ts_val = 0
10-31 14:54:32.323   372   376 D QC-time-services: Lib:time_genoff_operation: Send to server  passed!!
10-31 14:54:32.323   625   647 D QC-time-services: Daemon: Connection accepted:time_genoff
10-31 14:54:32.324   625 31774 D QC-time-services: Daemon:Received base = 13, unit = 1, operation = 2,value = 0
10-31 14:54:32.324   625 31774 D QC-time-services: Daemon:genoff_opr: Base = 13, val = 0, operation = 2
10-31 14:54:32.324   625 31774 D QC-time-services: offset is: 0 for base: 13
10-31 14:54:32.324   372   376 E QC-time-services: Receive Passed == base = 13, unit = 1, operation = 2, result = 0
10-31 14:54:32.324   372   376 D DrmLibTime: QSEE Time Listener: ATS_MODEM is not set. Fallback to Android system time.
10-31 14:54:32.324   372   376 D DrmLibTime: QSEE Time Listener: Retrieved Android system time: 1667224472
10-31 14:54:32.324   372   376 D DrmLibTime: time_getutcsec returns 0, sec = 1667224472; nsec = 0
10-31 14:54:32.324   372   376 D DrmLibTime: time_getutcsec finished! 
10-31 14:54:32.324   372   376 D DrmLibTime: iotcl_continue_command finished! and return 0 
10-31 14:54:32.324   372   376 D DrmLibTime: before calling ioctl to read the next time_cmd
10-31 14:54:32.324   625   647 E QC-time-services: Daemon: Time-services: Waiting to acceptconnection
10-31 14:54:32.327 31755 31773 I cr_LibraryLoader: Successfully loaded native library
10-31 14:54:32.328 31755 31773 I cr_CachingUmaRecorder: Flushed 3 samples from 3 histograms.
10-31 14:54:32.352   562 28303 D WVCdm   : OEMCrypto_Initialize Level 1 success. I will use level 1.
10-31 14:54:32.353   562 28303 D QSEECOMAPI: : QSEECom_dealloc_memory 
10-31 14:54:32.353   562 28303 D QSEECOMAPI: : QSEECom_shutdown_app, app_id = 2459
10-31 14:54:32.359 31777 31777 W ThreadPoolForeg: type=1400 audit(0.0:15308): avc: denied { setattr } for name="LICENSE.txt" dev="dm-2" ino=1505117 scontext=u:r:isolated_app:s0:c512,c768 tcontext=u:object_r:app_data_file:s0:c512,c768 tclass=file permissive=0
10-31 14:54:32.364   562 19050 I WVCdm   : CdmEngine::OpenSession
10-31 14:54:32.364   562 19050 I WVCdm   : Level3 Library 4445 May 19 2017 17:17:20
10-31 14:54:32.365 31777 31777 W ThreadPoolForeg: type=1400 audit(0.0:15309): avc: denied { setattr } for name=46696C746572696E672052756C6573 dev="dm-2" ino=1505118 scontext=u:r:isolated_app:s0:c512,c768 tcontext=u:object_r:app_data_file:s0:c512,c768 tclass=file permissive=0
10-31 14:54:32.365 31777 31777 W ThreadPoolForeg: type=1400 audit(0.0:15310): avc: denied { setattr } for name="manifest.json" dev="dm-2" ino=1505119 scontext=u:r:isolated_app:s0:c512,c768 tcontext=u:object_r:app_data_file:s0:c512,c768 tclass=file permissive=0
10-31 14:54:32.367   562 19050 D QSEECOMAPI: : QSEECom_get_handle sb_length = 0x19000
10-31 14:54:32.367   562 19050 D QSEECOMAPI: : App is not loaded in QSEE
10-31 14:54:32.369 31777 31777 W ThreadPoolForeg: type=1400 audit(0.0:15311): avc: denied { setattr } for name="verified_contents.json" dev="dm-2" ino=1505121 scontext=u:r:isolated_app:s0:c512,c768 tcontext=u:object_r:app_data_file:s0:c512,c768 tclass=file permissive=0
10-31 14:54:32.380 31755 31773 I chromium: [INFO:child_process_service.cc(69)] ChildProcessService: Exiting child process.
10-31 14:54:32.382   422   422 E lowmemorykiller: Error writing /proc/31755/oom_score_adj; errno=22
10-31 14:54:32.383   772 10894 I ActivityManager: Killing 31755:com.android.chrome:sandboxed_process30/u0a60i335 (adj 0): isolated not needed
10-31 14:54:32.384   772   790 W zygote64: failed to open /acct/uid_99335/pid_31755/cgroup.procs: No such file or directory
10-31 14:54:32.411   562 19050 D QSEECOMAPI: : Loaded image: APP id = 2460
10-31 14:54:32.414   562 19050 D QSAPPSVER: qsapps_get_capabilities: Capability from secure side: 0x0
10-31 14:54:32.415   562 19050 D QSAPPSVER: qsapps_get_capabilities: returns 0
10-31 14:54:32.415   562 19050 E DrmWidevineDash: sion_buffer g_wv_fhandle->ion_sbuffer  0x0xef2f2000
10-31 14:54:32.419   372   376 D DrmLibTime: got the req here! ret=0
