10-31 06:29:33.333   372   376 D DrmLibTime: QSEE Time Listener: get_utc_seconds
10-31 06:29:33.333   372   376 D DrmLibTime: QSEE Time Listener: time_get_modem_time
10-31 06:29:33.333   372   376 D DrmLibTime: QSEE Time Listener: Checking if ATS_MODEM is set or not.
10-31 06:29:33.333   372   376 D QC-time-services: Lib:time_genoff_operation: pargs->base = 13
10-31 06:29:33.333   372   376 D QC-time-services: Lib:time_genoff_operation: pargs->operation = 2
10-31 06:29:33.333   372   376 D QC-time-services: Lib:time_genoff_operation: pargs->ts_val = 0
10-31 06:29:33.333   372   376 D QC-time-services: Lib:time_genoff_operation: Send to server  passed!!
10-31 06:29:33.333   625   647 D QC-time-services: Daemon: Connection accepted:time_genoff
10-31 06:29:33.334   625 30306 D QC-time-services: Daemon:Received base = 13, unit = 1, operation = 2,value = 0
10-31 06:29:33.334   625 30306 D QC-time-services: Daemon:genoff_opr: Base = 13, val = 0, operation = 2
10-31 06:29:33.334   625 30306 D QC-time-services: offset is: 0 for base: 13
10-31 06:29:33.334   372   376 E QC-time-services: Receive Passed == base = 13, unit = 1, operation = 2, result = 0
10-31 06:29:33.334   372   376 D DrmLibTime: QSEE Time Listener: ATS_MODEM is not set. Fallback to Android system time.
10-31 06:29:33.334   372   376 D DrmLibTime: QSEE Time Listener: Retrieved Android system time: 1667194173
10-31 06:29:33.334   372   376 D DrmLibTime: time_getutcsec returns 0, sec = 1667194173; nsec = 0
10-31 06:29:33.334   372   376 D DrmLibTime: time_getutcsec finished! 
10-31 06:29:33.334   372   376 D DrmLibTime: iotcl_continue_command finished! and return 0 
10-31 06:29:33.334   372   376 D DrmLibTime: before calling ioctl to read the next time_cmd
10-31 06:29:33.334   625   647 E QC-time-services: Daemon: Time-services: Waiting to acceptconnection
10-31 06:29:33.370   562 19050 D WVCdm   : OEMCrypto_Initialize Level 1 success. I will use level 1.
10-31 06:29:33.370   562 19050 D WVCdm   : CryptoSession::Open: Lock: requested_security_level: L3
10-31 06:29:33.381 29934 29934 I cr_media: Provisioning origin ID 6D091083B22AFFAC472BEC50290BE593
10-31 06:29:33.386 29934 29934 I MediaDrm: Drm event (1,0)
10-31 06:29:33.386 29934 29934 E cr_media: EventListener: No session for event 1.
10-31 06:29:33.817   562 19051 D QSEECOMAPI: : QSEECom_dealloc_memory 
10-31 06:29:33.817   562 19051 D QSEECOMAPI: : QSEECom_shutdown_app, app_id = 1768
10-31 06:29:33.830 29934 29934 I cr_media: Create MediaDrmBridge with level L1 and origin 6D091083B22AFFAC472BEC50290BE593
10-31 06:29:33.832   361   361 W /system/bin/hwservicemanager: getTransportFromManifest: Cannot find entry android.hardware.drm@1.0::IDrmFactory in either framework or device manifest, using default transport.
10-31 06:29:33.835   562   644 I DrmHal  : makeDrmFactories: using default drm instance
10-31 06:29:33.841   361   361 W /system/bin/hwservicemanager: getTransportFromManifest: Cannot find entry android.hardware.drm@1.0::IDrmFactory in either framework or device manifest, using default transport.
10-31 06:29:33.845   562 19051 I DrmHal  : makeDrmFactories: using default drm instance
10-31 06:29:33.846   562  5487 I WVCdm   : CdmEngine::QueryStatus
10-31 06:29:33.846   562  5487 I WVCdm   : Level3 Library 4445 May 19 2017 17:17:20
10-31 06:29:33.850   562  5487 D QSEECOMAPI: : QSEECom_get_handle sb_length = 0x19000
10-31 06:29:33.850   562  5487 D QSEECOMAPI: : App is not loaded in QSEE
10-31 06:29:33.899   562  5487 D QSEECOMAPI: : Loaded image: APP id = 1769
10-31 06:29:33.902   562  5487 D QSAPPSVER: qsapps_get_capabilities: Capability from secure side: 0x0
10-31 06:29:33.902   562  5487 D QSAPPSVER: qsapps_get_capabilities: returns 0
10-31 06:29:33.903   562  5487 E DrmWidevineDash: sion_buffer g_wv_fhandle->ion_sbuffer  0x0xef75d000
10-31 06:29:33.906   372   376 D DrmLibTime: got the req here! ret=0
10-31 06:29:33.906   372   376 D DrmLibTime: command id, time_cmd_id = 770
10-31 06:29:33.906   372   376 D DrmLibTime: time_getutcsec starts!
10-31 06:29:33.906   372   376 D DrmLibTime: QSEE Time Listener: time_getutcsec
10-31 06:29:33.906   372   376 D DrmLibTime: QSEE Time Listener: get_utc_seconds
10-31 06:29:33.906   372   376 D DrmLibTime: QSEE Time Listener: time_get_modem_time
10-31 06:29:33.906   372   376 D DrmLibTime: QSEE Time Listener: Checking if ATS_MODEM is set or not.
10-31 06:29:33.906   372   376 D QC-time-services: Lib:time_genoff_operation: pargs->base = 13
10-31 06:29:33.906   372   376 D QC-time-services: Lib:time_genoff_operation: pargs->operation = 2
10-31 06:29:33.906   372   376 D QC-time-services: Lib:time_genoff_operation: pargs->ts_val = 0
10-31 06:29:33.907   372   376 D QC-time-services: Lib:time_genoff_operation: Send to server  passed!!
10-31 06:29:33.907   625   647 D QC-time-services: Daemon: Connection accepted:time_genoff
10-31 06:29:33.907   625 30311 D QC-time-services: Daemon:Received base = 13, unit = 1, operation = 2,value = 0
10-31 06:29:33.907   625 30311 D QC-time-services: Daemon:genoff_opr: Base = 13, val = 0, operation = 2
10-31 06:29:33.907   625 30311 D QC-time-services: offset is: 0 for base: 13
10-31 06:29:33.907   372   376 E QC-time-services: Receive Passed == base = 13, unit = 1, operation = 2, result = 0
10-31 06:29:33.907   372   376 D DrmLibTime: QSEE Time Listener: ATS_MODEM is not set. Fallback to Android system time.
10-31 06:29:33.907   372   376 D DrmLibTime: QSEE Time Listener: Retrieved Android system time: 1667194173
10-31 06:29:33.907   372   376 D DrmLibTime: time_getutcsec returns 0, sec = 1667194173; nsec = 0
10-31 06:29:33.907   372   376 D DrmLibTime: time_getutcsec finished! 
10-31 06:29:33.907   372   376 D DrmLibTime: iotcl_continue_command finished! and return 0 
10-31 06:29:33.907   372   376 D DrmLibTime: before calling ioctl to read the next time_cmd
10-31 06:29:33.908   625   647 E QC-time-services: Daemon: Time-services: Waiting to acceptconnection
10-31 06:29:33.947   562  5487 D WVCdm   : OEMCrypto_Initialize Level 1 success. I will use level 1.
10-31 06:29:33.948   562  5487 D QSEECOMAPI: : QSEECom_dealloc_memory 
10-31 06:29:33.948   562  5487 D QSEECOMAPI: : QSEECom_shutdown_app, app_id = 1769
10-31 06:29:33.956   562 19050 I WVCdm   : CdmEngine::OpenSession
10-31 06:29:33.956   562 19050 I WVCdm   : Level3 Library 4445 May 19 2017 17:17:20
10-31 06:29:33.965   562 19050 D QSEECOMAPI: : QSEECom_get_handle sb_length = 0x19000
10-31 06:29:33.965   562 19050 D QSEECOMAPI: : App is not loaded in QSEE
10-31 06:29:34.018   562 19050 D QSEECOMAPI: : Loaded image: APP id = 1770
10-31 06:29:34.023   562 19050 D QSAPPSVER: qsapps_get_capabilities: Capability from secure side: 0x0
10-31 06:29:34.023   562 19050 D QSAPPSVER: qsapps_get_capabilities: returns 0
10-31 06:29:34.023   562 19050 E DrmWidevineDash: sion_buffer g_wv_fhandle->ion_sbuffer  0x0xef75d000
10-31 06:29:34.025   372   376 D DrmLibTime: got the req here! ret=0
10-31 06:29:34.025   372   376 D DrmLibTime: command id, time_cmd_id = 770
10-31 06:29:34.025   372   376 D DrmLibTime: time_getutcsec starts!
10-31 06:29:34.025   372   376 D DrmLibTime: QSEE Time Listener: time_getutcsec
10-31 06:29:34.025   372   376 D DrmLibTime: QSEE Time Listener: get_utc_seconds
10-31 06:29:34.025   372   376 D DrmLibTime: QSEE Time Listener: time_get_modem_time
10-31 06:29:34.025   372   376 D DrmLibTime: QSEE Time Listener: Checking if ATS_MODEM is set or not.
10-31 06:29:34.025   372   376 D QC-time-services: Lib:time_genoff_operation: pargs->base = 13
10-31 06:29:34.025   372   376 D QC-time-services: Lib:time_genoff_operation: pargs->operation = 2
10-31 06:29:34.025   372   376 D QC-time-services: Lib:time_genoff_operation: pargs->ts_val = 0
10-31 06:29:34.026   372   376 D QC-time-services: Lib:time_genoff_operation: Send to server  passed!!
10-31 06:29:34.026   625   647 D QC-time-services: Daemon: Connection accepted:time_genoff
10-31 06:29:34.026   625 30312 D QC-time-services: Daemon:Received base = 13, unit = 1, operation = 2,value = 0
10-31 06:29:34.026   625 30312 D QC-time-services: Daemon:genoff_opr: Base = 13, val = 0, operation = 2
10-31 06:29:34.026   625 30312 D QC-time-services: offset is: 0 for base: 13
10-31 06:29:34.026   372   376 E QC-time-services: Receive Passed == base = 13, unit = 1, operation = 2, result = 0
10-31 06:29:34.026   372   376 D DrmLibTime: QSEE Time Listener: ATS_MODEM is not set. Fallback to Android system time.
10-31 06:29:34.026   372   376 D DrmLibTime: QSEE Time Listener: Retrieved Android system time: 1667194174
10-31 06:29:34.026   372   376 D DrmLibTime: time_getutcsec returns 0, sec = 1667194174; nsec = 0
10-31 06:29:34.026   372   376 D DrmLibTime: time_getutcsec finished! 
10-31 06:29:34.026   372   376 D DrmLibTime: iotcl_continue_command finished! and return 0 
10-31 06:29:34.026   372   376 D DrmLibTime: before calling ioctl to read the next time_cmd
10-31 06:29:34.026   625   647 E QC-time-services: Daemon: Time-services: Waiting to acceptconnection
10-31 06:29:34.051   562 19050 D WVCdm   : OEMCrypto_Initialize Level 1 success. I will use level 1.
10-31 06:29:34.051   562 19050 D WVCdm   : CryptoSession::Open: Lock: requested_security_level: Default
10-31 06:29:34.053   562 19050 W WVCdm   : DeviceFiles::RetrieveHashedFile: /data/mediadrm/IDM1013/L1/cert.bin does not exist
10-31 06:29:34.054   562 19050 D QSEECOMAPI: : QSEECom_dealloc_memory 
10-31 06:29:34.054   562 19050 D QSEECOMAPI: : QSEECom_shutdown_app, app_id = 1770
10-31 06:29:34.065   562 28303 I WVCdm   : Level3 Library 4445 May 19 2017 17:17:20
10-31 06:29:34.071   562 28303 D QSEECOMAPI: : QSEECom_get_handle sb_length = 0x19000
10-31 06:29:34.071   562 28303 D QSEECOMAPI: : App is not loaded in QSEE
10-31 06:29:34.122   562 28303 D QSEECOMAPI: : Loaded image: APP id = 1771
10-31 06:29:34.125   562 28303 D QSAPPSVER: qsapps_get_capabilities: Capability from secure side: 0x0
10-31 06:29:34.125   562 28303 D QSAPPSVER: qsapps_get_capabilities: returns 0
10-31 06:29:34.125   562 28303 E DrmWidevineDash: sion_buffer g_wv_fhandle->ion_sbuffer  0x0xefaa7000
10-31 06:29:34.129   372   376 D DrmLibTime: got the req here! ret=0
10-31 06:29:34.129   372   376 D DrmLibTime: command id, time_cmd_id = 770
10-31 06:29:34.129   372   376 D DrmLibTime: time_getutcsec starts!
10-31 06:29:34.129   372   376 D DrmLibTime: QSEE Time Listener: time_getutcsec
10-31 06:29:34.129   372   376 D DrmLibTime: QSEE Time Listener: get_utc_seconds
10-31 06:29:34.129   372   376 D DrmLibTime: QSEE Time Listener: time_get_modem_time
10-31 06:29:34.129   372   376 D DrmLibTime: QSEE Time Listener: Checking if ATS_MODEM is set or not.
10-31 06:29:34.129   372   376 D QC-time-services: Lib:time_genoff_operation: pargs->base = 13
10-31 06:29:34.129   372   376 D QC-time-services: Lib:time_genoff_operation: pargs->operation = 2
10-31 06:29:34.129   372   376 D QC-time-services: Lib:time_genoff_operation: pargs->ts_val = 0
10-31 06:29:34.130   372   376 D QC-time-services: Lib:time_genoff_operation: Send to server  passed!!
10-31 06:29:34.130   625   647 D QC-time-services: Daemon: Connection accepted:time_genoff
10-31 06:29:34.130   625 30313 D QC-time-services: Daemon:Received base = 13, unit = 1, operation = 2,value = 0
10-31 06:29:34.130   625 30313 D QC-time-services: Daemon:genoff_opr: Base = 13, val = 0, operation = 2
10-31 06:29:34.130   625 30313 D QC-time-services: offset is: 0 for base: 13
10-31 06:29:34.130   372   376 E QC-time-services: Receive Passed == base = 13, unit = 1, operation = 2, result = 0
10-31 06:29:34.130   372   376 D DrmLibTime: QSEE Time Listener: ATS_MODEM is not set. Fallback to Android system time.
10-31 06:29:34.130   372   376 D DrmLibTime: QSEE Time Listener: Retrieved Android system time: 1667194174
10-31 06:29:34.130   372   376 D DrmLibTime: time_getutcsec returns 0, sec = 1667194174; nsec = 0
10-31 06:29:34.130   372   376 D DrmLibTime: time_getutcsec finished! 
10-31 06:29:34.130   372   376 D DrmLibTime: iotcl_continue_command finished! and return 0 
10-31 06:29:34.130   372   376 D DrmLibTime: before calling ioctl to read the next time_cmd
10-31 06:29:34.131   625   647 E QC-time-services: Daemon: Time-services: Waiting to acceptconnection
10-31 06:29:34.154   562 28303 D WVCdm   : OEMCrypto_Initialize Level 1 success. I will use level 1.
10-31 06:29:34.154   562 28303 D WVCdm   : CryptoSession::Open: Lock: requested_security_level: Default
10-31 06:29:34.222   562 28303 E DrmWidevineDash: OEMCrypto_GenerateSignature : input wrapped_rsa_key == NULL!, return short buffer
10-31 06:29:34.224 29934 29934 I cr_media: Provisioning origin ID 6D091083B22AFFAC472BEC50290BE593
10-31 06:29:34.226 29934 29934 I MediaDrm: Drm event (1,0)
10-31 06:29:34.226 29934 29934 E cr_media: EventListener: No session for event 1.
10-31 06:29:34.249 30314 30314 E /system/bin/webview_zygote32: failed to make and chown /acct/uid_99704: Permission denied
10-31 06:29:34.249 30314 30314 E Zygote  : createProcessGroup(99704, 0) failed: Permission denied
10-31 06:29:27.569   772   791 E BatteryStatsService: no controller energy info supplied
10-31 06:29:34.251   772  2970 I ActivityManager: Start proc 30314:com.android.chrome:sandboxed_process7/u0i704 for webview_service com.android.chrome/org.chromium.content.app.SandboxedProcessService7
10-31 06:29:34.259   562   562 E DrmWidevineDash: OEMCrypto_RewrapDeviceRSAKey : input wrapped_rsa_key == NULL!, return short buffer
10-31 06:29:34.269 30314 30314 I SamplingProfilerIntegration: Profiling disabled.
10-31 06:29:34.277   562   562 D QSEECOMAPI: : QSEECom_dealloc_memory 
10-31 06:29:34.277   562   562 D QSEECOMAPI: : QSEECom_shutdown_app, app_id = 1771
10-31 06:29:34.289 30327 30327 E asset   : setgid: Operation not permitted
10-31 06:29:34.289 29934 29934 I cr_media: Create MediaDrmBridge with level L3 and origin FE48837B58E8A5B9404FF3103878EC3E
10-31 06:29:34.295   361   361 W /system/bin/hwservicemanager: getTransportFromManifest: Cannot find entry android.hardware.drm@1.0::IDrmFactory in either framework or device manifest, using default transport.
10-31 06:29:34.322 30314 30314 I cr_SplitCompatApp: Launched version=106.0.5249.79 minSdkVersion=24 isBundle=true processName=com.android.chrome:sandboxed_process7 isIsolated=true
10-31 06:29:34.330 30314 30314 W SystemServiceRegistry: No service published for: uimode
10-31 06:29:34.339   562  5487 I DrmHal  : makeDrmFactories: using default drm instance
10-31 06:29:34.341   361   361 W /system/bin/hwservicemanager: getTransportFromManifest: Cannot find entry android.hardware.drm@1.0::IDrmFactory in either framework or device manifest, using default transport.
10-31 06:29:34.342 30314 30314 I cr_ChildProcessService: Creating new ChildProcessService pid=30314
10-31 06:29:34.349 30314 30314 E WebViewFactory: can't load with relro file; address space not reserved
10-31 06:29:34.359 30314 30330 I cr_LibraryLoader: Successfully loaded native library
10-31 06:29:34.360 30314 30330 I cr_CachingUmaRecorder: Flushed 3 samples from 3 histograms.
10-31 06:29:34.396 30334 30334 W ThreadPoolForeg: type=1400 audit(0.0:13134): avc: denied { setattr } for name="LICENSE.txt" dev="dm-2" ino=1504646 scontext=u:r:isolated_app:s0:c512,c768 tcontext=u:object_r:app_data_file:s0:c512,c768 tclass=file permissive=0
10-31 06:29:34.396   562   562 I DrmHal  : makeDrmFactories: using default drm instance
10-31 06:29:34.397   562 28303 D WVCdm   : Instantiating CDM.
10-31 06:29:34.399 30334 30334 W ThreadPoolForeg: type=1400 audit(0.0:13135): avc: denied { setattr } for name=46696C746572696E672052756C6573 dev="dm-2" ino=1504647 scontext=u:r:isolated_app:s0:c512,c768 tcontext=u:object_r:app_data_file:s0:c512,c768 tclass=file permissive=0
10-31 06:29:34.399 30334 30334 W ThreadPoolForeg: type=1400 audit(0.0:13136): avc: denied { setattr } for name="manifest.json" dev="dm-2" ino=1504648 scontext=u:r:isolated_app:s0:c512,c768 tcontext=u:object_r:app_data_file:s0:c512,c768 tclass=file permissive=0
10-31 06:29:34.399   562 19050 I WVCdm   : CdmEngine::QueryStatus
10-31 06:29:34.399   562 19050 I WVCdm   : Level3 Library 4445 May 19 2017 17:17:20
10-31 06:29:34.403   562 19050 D QSEECOMAPI: : QSEECom_get_handle sb_length = 0x19000
10-31 06:29:34.403   562 19050 D QSEECOMAPI: : App is not loaded in QSEE
10-31 06:29:34.406 30334 30334 W ThreadPoolForeg: type=1400 audit(0.0:13137): avc: denied { setattr } for name="verified_contents.json" dev="dm-2" ino=1504650 scontext=u:r:isolated_app:s0:c512,c768 tcontext=u:object_r:app_data_file:s0:c512,c768 tclass=file permissive=0
10-31 06:29:34.411 30314 30330 I chromium: [INFO:child_process_service.cc(69)] ChildProcessService: Exiting child process.
10-31 06:29:34.412   422   422 E lowmemorykiller: Error writing /proc/30314/oom_score_adj; errno=22
10-31 06:29:34.413   772  3041 I ActivityManager: Killing 30314:com.android.chrome:sandboxed_process7/u0a60i704 (adj 0): isolated not needed
10-31 06:29:34.413   772   790 W zygote64: failed to open /acct/uid_99704/pid_30314/cgroup.procs: No such file or directory
10-31 06:29:34.452   562 19050 D QSEECOMAPI: : Loaded image: APP id = 1772
10-31 06:29:34.456   562 19050 D QSAPPSVER: qsapps_get_capabilities: Capability from secure side: 0x0
10-31 06:29:34.456   562 19050 D QSAPPSVER: qsapps_get_capabilities: returns 0
10-31 06:29:34.456   562 19050 E DrmWidevineDash: sion_buffer g_wv_fhandle->ion_sbuffer  0x0xefa83000
10-31 06:29:34.459   372   376 D DrmLibTime: got the req here! ret=0
10-31 06:29:34.459   372   376 D DrmLibTime: command id, time_cmd_id = 770
10-31 06:29:34.459   372   376 D DrmLibTime: time_getutcsec starts!
10-31 06:29:34.459   372   376 D DrmLibTime: QSEE Time Listener: time_getutcsec
10-31 06:29:34.459   372   376 D DrmLibTime: QSEE Time Listener: get_utc_seconds
10-31 06:29:34.459   372   376 D DrmLibTime: QSEE Time Listener: time_get_modem_time
10-31 06:29:34.459   372   376 D DrmLibTime: QSEE Time Listener: Checking if ATS_MODEM is set or not.
10-31 06:29:34.459   372   376 D QC-time-services: Lib:time_genoff_operation: pargs->base = 13
10-31 06:29:34.459   372   376 D QC-time-services: Lib:time_genoff_operation: pargs->operation = 2
10-31 06:29:34.459   372   376 D QC-time-services: Lib:time_genoff_operation: pargs->ts_val = 0
10-31 06:29:34.459   372   376 D QC-time-services: Lib:time_genoff_operation: Send to server  passed!!
10-31 06:29:34.459   625   647 D QC-time-services: Daemon: Connection accepted:time_genoff
10-31 06:29:34.460   625 30340 D QC-time-services: Daemon:Received base = 13, unit = 1, operation = 2,value = 0
10-31 06:29:34.460   625 30340 D QC-time-services: Daemon:genoff_opr: Base = 13, val = 0, operation = 2
10-31 06:29:34.460   625 30340 D QC-time-services: offset is: 0 for base: 13
10-31 06:29:34.460   372   376 E QC-time-services: Receive Passed == base = 13, unit = 1, operation = 2, result = 0
10-31 06:29:34.460   372   376 D DrmLibTime: QSEE Time Listener: ATS_MODEM is not set. Fallback to Android system time.
10-31 06:29:34.460   372   376 D DrmLibTime: QSEE Time Listener: Retrieved Android system time: 1667194174
10-31 06:29:34.460   372   376 D DrmLibTime: time_getutcsec returns 0, sec = 1667194174; nsec = 0
10-31 06:29:34.460   372   376 D DrmLibTime: time_getutcsec finished! 
10-31 06:29:34.460   372   376 D DrmLibTime: iotcl_continue_command finished! and return 0 
10-31 06:29:34.460   372   376 D DrmLibTime: before calling ioctl to read the next time_cmd
10-31 06:29:34.460   625   647 E QC-time-services: Daemon: Time-services: Waiting to acceptconnection
10-31 06:29:34.484   562 19050 D WVCdm   : OEMCrypto_Initialize Level 1 success. I will use level 1.
10-31 06:29:34.485   562 19050 D QSEECOMAPI: : QSEECom_dealloc_memory 
10-31 06:29:34.485   562 19050 D QSEECOMAPI: : QSEECom_shutdown_app, app_id = 1772
10-31 06:29:34.495   562 19051 I WVCdm   : CdmEngine::OpenSession
10-31 06:29:34.495   562 19051 I WVCdm   : Level3 Library 4445 May 19 2017 17:17:20
10-31 06:29:34.499   562 19051 D QSEECOMAPI: : QSEECom_get_handle sb_length = 0x19000
10-31 06:29:34.499   562 19051 D QSEECOMAPI: : App is not loaded in QSEE
10-31 06:29:34.548   562 19051 D QSEECOMAPI: : Loaded image: APP id = 1773
10-31 06:29:34.552   562 19051 D QSAPPSVER: qsapps_get_capabilities: Capability from secure side: 0x0
10-31 06:29:34.552   562 19051 D QSAPPSVER: qsapps_get_capabilities: returns 0
10-31 06:29:34.552   562 19051 E DrmWidevineDash: sion_buffer g_wv_fhandle->ion_sbuffer  0x0xefa83000
10-31 06:29:34.555   372   376 D DrmLibTime: got the req here! ret=0
10-31 06:29:34.555   372   376 D DrmLibTime: command id, time_cmd_id = 770
10-31 06:29:34.555   372   376 D DrmLibTime: time_getutcsec starts!
10-31 06:29:34.555   372   376 D DrmLibTime: QSEE Time Listener: time_getutcsec
10-31 06:29:34.555   372   376 D DrmLibTime: QSEE Time Listener: get_utc_seconds
10-31 06:29:34.555   372   376 D DrmLibTime: QSEE Time Listener: time_get_modem_time
10-31 06:29:34.555   372   376 D DrmLibTime: QSEE Time Listener: Checking if ATS_MODEM is set or not.
10-31 06:29:34.555   372   376 D QC-time-services: Lib:time_genoff_operation: pargs->base = 13
10-31 06:29:34.555   372   376 D QC-time-services: Lib:time_genoff_operation: pargs->operation = 2
10-31 06:29:34.555   372   376 D QC-time-services: Lib:time_genoff_operation: pargs->ts_val = 0
10-31 06:29:34.555   372   376 D QC-time-services: Lib:time_genoff_operation: Send to server  passed!!
10-31 06:29:34.555   625   647 D QC-time-services: Daemon: Connection accepted:time_genoff
10-31 06:29:34.555   625 30341 D QC-time-services: Daemon:Received base = 13, unit = 1, operation = 2,value = 0
10-31 06:29:34.555   625 30341 D QC-time-services: Daemon:genoff_opr: Base = 13, val = 0, operation = 2
10-31 06:29:34.555   625 30341 D QC-time-services: offset is: 0 for base: 13
10-31 06:29:34.555   372   376 E QC-time-services: Receive Passed == base = 13, unit = 1, operation = 2, result = 0
10-31 06:29:34.555   372   376 D DrmLibTime: QSEE Time Listener: ATS_MODEM is not set. Fallback to Android system time.
10-31 06:29:34.555   372   376 D DrmLibTime: QSEE Time Listener: Retrieved Android system time: 1667194174
10-31 06:29:34.555   372   376 D DrmLibTime: time_getutcsec returns 0, sec = 1667194174; nsec = 0
10-31 06:29:34.555   372   376 D DrmLibTime: time_getutcsec finished! 
10-31 06:29:34.556   372   376 D DrmLibTime: iotcl_continue_command finished! and return 0 
10-31 06:29:34.556   372   376 D DrmLibTime: before calling ioctl to read the next time_cmd
10-31 06:29:34.556   625   647 E QC-time-services: Daemon: Time-services: Waiting to acceptconnection
10-31 06:29:34.592   562 19051 D WVCdm   : OEMCrypto_Initialize Level 1 success. I will use level 1.
10-31 06:29:34.592   562 19051 D WVCdm   : CryptoSession::Open: Lock: requested_security_level: L3
10-31 06:29:34.598   562 19051 W WVCdm   : DeviceFiles::RetrieveHashedFile: /data/mediadrm/IDM1013/L3/cert.bin does not exist
10-31 06:29:34.600   562 19051 D QSEECOMAPI: : QSEECom_dealloc_memory 
10-31 06:29:34.600   562 19051 D QSEECOMAPI: : QSEECom_shutdown_app, app_id = 1773
10-31 06:29:34.611   562   644 I WVCdm   : Level3 Library 4445 May 19 2017 17:17:20
10-31 06:29:34.616   562   644 D QSEECOMAPI: : QSEECom_get_handle sb_length = 0x19000
10-31 06:29:34.616   562   644 D QSEECOMAPI: : App is not loaded in QSEE
10-31 06:29:34.673   562   644 D QSEECOMAPI: : Loaded image: APP id = 1774
10-31 06:29:34.678   562   644 D QSAPPSVER: qsapps_get_capabilities: Capability from secure side: 0x0
10-31 06:29:34.678   562   644 D QSAPPSVER: qsapps_get_capabilities: returns 0
10-31 06:29:34.678   562   644 E DrmWidevineDash: sion_buffer g_wv_fhandle->ion_sbuffer  0x0xefa83000
10-31 06:29:34.681   372   376 D DrmLibTime: got the req here! ret=0
10-31 06:29:34.681   372   376 D DrmLibTime: command id, time_cmd_id = 770
10-31 06:29:34.681   372   376 D DrmLibTime: time_getutcsec starts!
10-31 06:29:34.681   372   376 D DrmLibTime: QSEE Time Listener: time_getutcsec
10-31 06:29:34.681   372   376 D DrmLibTime: QSEE Time Listener: get_utc_seconds
10-31 06:29:34.681   372   376 D DrmLibTime: QSEE Time Listener: time_get_modem_time
10-31 06:29:34.681   372   376 D DrmLibTime: QSEE Time Listener: Checking if ATS_MODEM is set or not.
10-31 06:29:34.681   372   376 D QC-time-services: Lib:time_genoff_operation: pargs->base = 13
10-31 06:29:34.681   372   376 D QC-time-services: Lib:time_genoff_operation: pargs->operation = 2
10-31 06:29:34.681   372   376 D QC-time-services: Lib:time_genoff_operation: pargs->ts_val = 0
10-31 06:29:34.681   372   376 D QC-time-services: Lib:time_genoff_operation: Send to server  passed!!
10-31 06:29:34.681   625   647 D QC-time-services: Daemon: Connection accepted:time_genoff
10-31 06:29:34.682   625 30342 D QC-time-services: Daemon:Received base = 13, unit = 1, operation = 2,value = 0
10-31 06:29:34.682   625 30342 D QC-time-services: Daemon:genoff_opr: Base = 13, val = 0, operation = 2
10-31 06:29:34.682   625 30342 D QC-time-services: offset is: 0 for base: 13
10-31 06:29:34.682   372   376 E QC-time-services: Receive Passed == base = 13, unit = 1, operation = 2, result = 0
10-31 06:29:34.682   372   376 D DrmLibTime: QSEE Time Listener: ATS_MODEM is not set. Fallback to Android system time.
10-31 06:29:34.682   372   376 D DrmLibTime: QSEE Time Listener: Retrieved Android system time: 1667194174
10-31 06:29:34.682   372   376 D DrmLibTime: time_getutcsec returns 0, sec = 1667194174; nsec = 0
10-31 06:29:34.682   372   376 D DrmLibTime: time_getutcsec finished! 
10-31 06:29:34.682   372   376 D DrmLibTime: iotcl_continue_command finished! and return 0 
10-31 06:29:34.682   372   376 D DrmLibTime: before calling ioctl to read the next time_cmd
10-31 06:29:34.683   625   647 E QC-time-services: Daemon: Time-services: Waiting to acceptconnection
10-31 06:29:34.710   562   644 D WVCdm   : OEMCrypto_Initialize Level 1 success. I will use level 1.
10-31 06:29:34.710   562   644 D WVCdm   : CryptoSession::Open: Lock: requested_security_level: L3
10-31 06:29:34.724 29934 29934 I cr_media: Provisioning origin ID FE48837B58E8A5B9404FF3103878EC3E
10-31 06:29:34.729 29934 29934 I MediaDrm: Drm event (1,0)
10-31 06:29:34.730 29934 29934 E cr_media: EventListener: No session for event 1.
10-31 06:29:34.797   562  5487 D QSEECOMAPI: : QSEECom_dealloc_memory 
10-31 06:29:34.798   562  5487 D QSEECOMAPI: : QSEECom_shutdown_app, app_id = 1774
10-31 06:29:34.810 29934 29934 I cr_media: Create MediaDrmBridge with level L1 and origin FE48837B58E8A5B9404FF3103878EC3E
10-31 06:29:34.812   361   361 W /system/bin/hwservicemanager: getTransportFromManifest: Cannot find entry android.hardware.drm@1.0::IDrmFactory in either framework or device manifest, using default transport.
10-31 06:29:34.816   562 28303 I DrmHal  : makeDrmFactories: using default drm instance
10-31 06:29:34.819   361   361 W /system/bin/hwservicemanager: getTransportFromManifest: Cannot find entry android.hardware.drm@1.0::IDrmFactory in either framework or device manifest, using default transport.
10-31 06:29:34.822   562   562 I DrmHal  : makeDrmFactories: using default drm instance
10-31 06:29:34.824   562 28303 I WVCdm   : CdmEngine::QueryStatus
10-31 06:29:34.824   562 28303 I WVCdm   : Level3 Library 4445 May 19 2017 17:17:20
10-31 06:29:34.829   562 28303 D QSEECOMAPI: : QSEECom_get_handle sb_length = 0x19000
10-31 06:29:34.829   562 28303 D QSEECOMAPI: : App is not loaded in QSEE
10-31 06:29:34.878   562 28303 D QSEECOMAPI: : Loaded image: APP id = 1775
10-31 06:29:34.882   562 28303 D QSAPPSVER: qsapps_get_capabilities: Capability from secure side: 0x0
10-31 06:29:34.882   562 28303 D QSAPPSVER: qsapps_get_capabilities: returns 0
10-31 06:29:34.882   562 28303 E DrmWidevineDash: sion_buffer g_wv_fhandle->ion_sbuffer  0x0xef75d000
10-31 06:29:34.884   372   376 D DrmLibTime: got the req here! ret=0
10-31 06:29:34.885   372   376 D DrmLibTime: command id, time_cmd_id = 770
10-31 06:29:34.885   372   376 D DrmLibTime: time_getutcsec starts!
10-31 06:29:34.885   372   376 D DrmLibTime: QSEE Time Listener: time_getutcsec
10-31 06:29:34.885   372   376 D DrmLibTime: QSEE Time Listener: get_utc_seconds
10-31 06:29:34.885   372   376 D DrmLibTime: QSEE Time Listener: time_get_modem_time
10-31 06:29:34.885   372   376 D DrmLibTime: QSEE Time Listener: Checking if ATS_MODEM is set or not.
10-31 06:29:34.885   372   376 D QC-time-services: Lib:time_genoff_operation: pargs->base = 13
10-31 06:29:34.885   372   376 D QC-time-services: Lib:time_genoff_operation: pargs->operation = 2
10-31 06:29:34.885   372   376 D QC-time-services: Lib:time_genoff_operation: pargs->ts_val = 0
10-31 06:29:34.885   372   376 D QC-time-services: Lib:time_genoff_operation: Send to server  passed!!
10-31 06:29:34.885   625   647 D QC-time-services: Daemon: Connection accepted:time_genoff
10-31 06:29:34.885   625 30347 D QC-time-services: Daemon:Received base = 13, unit = 1, operation = 2,value = 0
10-31 06:29:34.885   625 30347 D QC-time-services: Daemon:genoff_opr: Base = 13, val = 0, operation = 2
10-31 06:29:34.885   625 30347 D QC-time-services: offset is: 0 for base: 13
10-31 06:29:34.885   372   376 E QC-time-services: Receive Passed == base = 13, unit = 1, operation = 2, result = 0
10-31 06:29:34.886   372   376 D DrmLibTime: QSEE Time Listener: ATS_MODEM is not set. Fallback to Android system time.
10-31 06:29:34.886   372   376 D DrmLibTime: QSEE Time Listener: Retrieved Android system time: 1667194174
10-31 06:29:34.886   372   376 D DrmLibTime: time_getutcsec returns 0, sec = 1667194174; nsec = 0
10-31 06:29:34.886   372   376 D DrmLibTime: time_getutcsec finished! 
10-31 06:29:34.886   372   376 D DrmLibTime: iotcl_continue_command finished! and return 0 
10-31 06:29:34.886   372   376 D DrmLibTime: before calling ioctl to read the next time_cmd
10-31 06:29:34.886   625   647 E QC-time-services: Daemon: Time-services: Waiting to acceptconnection
10-31 06:29:34.910   562 28303 D WVCdm   : OEMCrypto_Initialize Level 1 success. I will use level 1.
10-31 06:29:34.911   562 28303 D QSEECOMAPI: : QSEECom_dealloc_memory 
10-31 06:29:34.911   562 28303 D QSEECOMAPI: : QSEECom_shutdown_app, app_id = 1775
10-31 06:29:34.921   562 19050 I WVCdm   : CdmEngine::OpenSession
10-31 06:29:34.921   562 19050 I WVCdm   : Level3 Library 4445 May 19 2017 17:17:20
10-31 06:29:34.925   562 19050 D QSEECOMAPI: : QSEECom_get_handle sb_length = 0x19000
10-31 06:29:34.925   562 19050 D QSEECOMAPI: : App is not loaded in QSEE
10-31 06:29:34.974   562 19050 D QSEECOMAPI: : Loaded image: APP id = 1776
10-31 06:29:34.976   562 19050 D QSAPPSVER: qsapps_get_capabilities: Capability from secure side: 0x0
10-31 06:29:34.976   562 19050 D QSAPPSVER: qsapps_get_capabilities: returns 0
10-31 06:29:34.976   562 19050 E DrmWidevineDash: sion_buffer g_wv_fhandle->ion_sbuffer  0x0xef75d000
10-31 06:29:34.979   372   376 D DrmLibTime: got the req here! ret=0
10-31 06:29:34.979   372   376 D DrmLibTime: command id, time_cmd_id = 770
10-31 06:29:34.979   372   376 D DrmLibTime: time_getutcsec starts!
10-31 06:29:34.979   372   376 D DrmLibTime: QSEE Time Listener: time_getutcsec
10-31 06:29:34.979   372   376 D DrmLibTime: QSEE Time Listener: get_utc_seconds
10-31 06:29:34.979   372   376 D DrmLibTime: QSEE Time Listener: time_get_modem_time
10-31 06:29:34.979   372   376 D DrmLibTime: QSEE Time Listener: Checking if ATS_MODEM is set or not.
10-31 06:29:34.979   372   376 D QC-time-services: Lib:time_genoff_operation: pargs->base = 13
10-31 06:29:34.979   372   376 D QC-time-services: Lib:time_genoff_operation: pargs->operation = 2
10-31 06:29:34.979   372   376 D QC-time-services: Lib:time_genoff_operation: pargs->ts_val = 0
10-31 06:29:34.979   372   376 D QC-time-services: Lib:time_genoff_operation: Send to server  passed!!
10-31 06:29:34.980   625   647 D QC-time-services: Daemon: Connection accepted:time_genoff
10-31 06:29:34.980   625 30348 D QC-time-services: Daemon:Received base = 13, unit = 1, operation = 2,value = 0
10-31 06:29:34.980   625 30348 D QC-time-services: Daemon:genoff_opr: Base = 13, val = 0, operation = 2
10-31 06:29:34.980   625 30348 D QC-time-services: offset is: 0 for base: 13
10-31 06:29:34.980   372   376 E QC-time-services: Receive Passed == base = 13, unit = 1, operation = 2, result = 0
10-31 06:29:34.980   372   376 D DrmLibTime: QSEE Time Listener: ATS_MODEM is not set. Fallback to Android system time.
10-31 06:29:34.980   372   376 D DrmLibTime: QSEE Time Listener: Retrieved Android system time: 1667194174
10-31 06:29:34.980   372   376 D DrmLibTime: time_getutcsec returns 0, sec = 1667194174; nsec = 0
10-31 06:29:34.980   372   376 D DrmLibTime: time_getutcsec finished! 
10-31 06:29:34.980   372   376 D DrmLibTime: iotcl_continue_command finished! and return 0 
10-31 06:29:34.980   372   376 D DrmLibTime: before calling ioctl to read the next time_cmd
10-31 06:29:34.981   625   647 E QC-time-services: Daemon: Time-services: Waiting to acceptconnection
10-31 06:29:35.014   562 19050 D WVCdm   : OEMCrypto_Initialize Level 1 success. I will use level 1.
10-31 06:29:35.015   562 19050 D WVCdm   : CryptoSession::Open: Lock: requested_security_level: Default
10-31 06:29:35.017   562 19050 W WVCdm   : DeviceFiles::RetrieveHashedFile: /data/mediadrm/IDM1013/L1/cert.bin does not exist
10-31 06:29:35.018   562 19050 D QSEECOMAPI: : QSEECom_dealloc_memory 
10-31 06:29:35.018   562 19050 D QSEECOMAPI: : QSEECom_shutdown_app, app_id = 1776
10-31 06:29:35.025   562  5487 I WVCdm   : Level3 Library 4445 May 19 2017 17:17:20
10-31 06:29:35.036   562  5487 D QSEECOMAPI: : QSEECom_get_handle sb_length = 0x19000
10-31 06:29:35.036   562  5487 D QSEECOMAPI: : App is not loaded in QSEE
10-31 06:29:35.087   562  5487 D QSEECOMAPI: : Loaded image: APP id = 1777
10-31 06:29:35.091   562  5487 D QSAPPSVER: qsapps_get_capabilities: Capability from secure side: 0x0
10-31 06:29:35.091   562  5487 D QSAPPSVER: qsapps_get_capabilities: returns 0
10-31 06:29:35.091   562  5487 E DrmWidevineDash: sion_buffer g_wv_fhandle->ion_sbuffer  0x0xefaa1000
10-31 06:29:35.094   372   376 D DrmLibTime: got the req here! ret=0
10-31 06:29:35.094   372   376 D DrmLibTime: command id, time_cmd_id = 770
10-31 06:29:35.094   372   376 D DrmLibTime: time_getutcsec starts!
10-31 06:29:35.094   372   376 D DrmLibTime: QSEE Time Listener: time_getutcsec
10-31 06:29:35.094   372   376 D DrmLibTime: QSEE Time Listener: get_utc_seconds
10-31 06:29:35.094   372   376 D DrmLibTime: QSEE Time Listener: time_get_modem_time
10-31 06:29:35.094   372   376 D DrmLibTime: QSEE Time Listener: Checking if ATS_MODEM is set or not.
10-31 06:29:35.094   372   376 D QC-time-services: Lib:time_genoff_operation: pargs->base = 13
10-31 06:29:35.094   372   376 D QC-time-services: Lib:time_genoff_operation: pargs->operation = 2
10-31 06:29:35.094   372   376 D QC-time-services: Lib:time_genoff_operation: pargs->ts_val = 0
10-31 06:29:35.095   372   376 D QC-time-services: Lib:time_genoff_operation: Send to server  passed!!
10-31 06:29:35.095   625   647 D QC-time-services: Daemon: Connection accepted:time_genoff
10-31 06:29:35.095   625 30349 D QC-time-services: Daemon:Received base = 13, unit = 1, operation = 2,value = 0
10-31 06:29:35.095   625 30349 D QC-time-services: Daemon:genoff_opr: Base = 13, val = 0, operation = 2
10-31 06:29:35.095   625 30349 D QC-time-services: offset is: 0 for base: 13
10-31 06:29:35.095   372   376 E QC-time-services: Receive Passed == base = 13, unit = 1, operation = 2, result = 0
10-31 06:29:35.095   372   376 D DrmLibTime: QSEE Time Listener: ATS_MODEM is not set. Fallback to Android system time.
10-31 06:29:35.095   372   376 D DrmLibTime: QSEE Time Listener: Retrieved Android system time: 1667194175
10-31 06:29:35.095   372   376 D DrmLibTime: time_getutcsec returns 0, sec = 1667194175; nsec = 0
10-31 06:29:35.095   372   376 D DrmLibTime: time_getutcsec finished! 
10-31 06:29:35.095   372   376 D DrmLibTime: iotcl_continue_command finished! and return 0 
10-31 06:29:35.095   372   376 D DrmLibTime: before calling ioctl to read the next time_cmd
10-31 06:29:35.096   625   647 E QC-time-services: Daemon: Time-services: Waiting to acceptconnection
10-31 06:29:35.120   562  5487 D WVCdm   : OEMCrypto_Initialize Level 1 success. I will use level 1.
10-31 06:29:35.120   562  5487 D WVCdm   : CryptoSession::Open: Lock: requested_security_level: Default
10-31 06:29:35.187   562  5487 E DrmWidevineDash: OEMCrypto_GenerateSignature : input wrapped_rsa_key == NULL!, return short buffer
10-31 06:29:35.189 29934 29934 I cr_media: Provisioning origin ID FE48837B58E8A5B9404FF3103878EC3E
10-31 06:29:35.191 29934 29934 I MediaDrm: Drm event (1,0)
10-31 06:29:35.191 29934 29934 E cr_media: EventListener: No session for event 1.
10-31 06:29:35.223   562   562 E DrmWidevineDash: OEMCrypto_RewrapDeviceRSAKey : input wrapped_rsa_key == NULL!, return short buffer
10-31 06:29:35.235   562   562 D QSEECOMAPI: : QSEECom_dealloc_memory 
10-31 06:29:35.236   562   562 D QSEECOMAPI: : QSEECom_shutdown_app, app_id = 1777
10-31 06:29:36.579 30351 30351 E /system/bin/webview_zygote32: failed to make and chown /acct/uid_99705: Permission denied
10-31 06:29:36.579 30351 30351 E Zygote  : createProcessGroup(99705, 0) failed: Permission denied
10-31 06:29:36.581   772  3854 I ActivityManager: Start proc 30351:com.android.chrome:sandboxed_process8/u0i705 for webview_service com.android.chrome/org.chromium.content.app.SandboxedProcessService8
10-31 06:29:36.597 30351 30351 I SamplingProfilerIntegration: Profiling disabled.
10-31 06:29:36.617 30364 30364 E asset   : setgid: Operation not permitted
10-31 06:29:36.648 30351 30351 I cr_SplitCompatApp: Launched version=106.0.5249.79 minSdkVersion=24 isBundle=true processName=com.android.chrome:sandboxed_process8 isIsolated=true
10-31 06:29:36.655 30351 30351 W SystemServiceRegistry: No service published for: uimode
10-31 06:29:36.665 30351 30351 I cr_ChildProcessService: Creating new ChildProcessService pid=30351
10-31 06:29:36.672 30351 30351 E WebViewFactory: can't load with relro file; address space not reserved
10-31 06:29:36.682 30351 30366 I cr_LibraryLoader: Successfully loaded native library
10-31 06:29:36.683 30351 30366 I cr_CachingUmaRecorder: Flushed 3 samples from 3 histograms.
10-31 06:29:36.756 30371 30371 W ThreadPoolForeg: type=1400 audit(0.0:13138): avc: denied { setattr } for name="tl_en-us_2022-10-24_484508980_100000_index.bin" dev="dm-2" ino=1504654 scontext=u:r:isolated_app:s0:c512,c768 tcontext=u:object_r:app_data_file:s0:c512,c768 tclass=file permissive=0
10-31 06:29:36.759 30371 30371 W ThreadPoolForeg: type=1400 audit(0.0:13139): avc: denied { setattr } for name="manifest.json" dev="dm-2" ino=1504655 scontext=u:r:isolated_app:s0:c512,c768 tcontext=u:object_r:app_data_file:s0:c512,c768 tclass=file permissive=0
10-31 06:29:36.769 30371 30371 W ThreadPoolForeg: type=1400 audit(0.0:13140): avc: denied { setattr } for name="verified_contents.json" dev="dm-2" ino=1504659 scontext=u:r:isolated_app:s0:c512,c768 tcontext=u:object_r:app_data_file:s0:c512,c768 tclass=file permissive=0
10-31 06:29:36.779 30351 30366 I chromium: [INFO:child_process_service.cc(69)] ChildProcessService: Exiting child process.
10-31 06:29:36.783   422   422 E lowmemorykiller: Error writing /proc/30351/oom_score_adj; errno=22
10-31 06:29:36.784   772  3854 I ActivityManager: Killing 30351:com.android.chrome:sandboxed_process8/u0a60i705 (adj 0): isolated not needed
10-31 06:29:36.785   772   790 W zygote64: failed to open /acct/uid_99705/pid_30351/cgroup.procs: No such file or directory
10-31 06:29:38.643 30373 30373 E /system/bin/webview_zygote32: failed to make and chown /acct/uid_99706: Permission denied
10-31 06:29:38.644 30373 30373 E Zygote  : createProcessGroup(99706, 0) failed: Permission denied
10-31 06:29:38.649   772   785 I ActivityManager: Start proc 30373:com.android.chrome:sandboxed_process9/u0i706 for webview_service com.android.chrome/org.chromium.content.app.SandboxedProcessService9
10-31 06:29:38.701 30373 30373 I SamplingProfilerIntegration: Profiling disabled.
10-31 06:29:38.738 30386 30386 E asset   : setgid: Operation not permitted
10-31 06:29:38.784 30373 30373 I cr_SplitCompatApp: Launched version=106.0.5249.79 minSdkVersion=24 isBundle=true processName=com.android.chrome:sandboxed_process9 isIsolated=true
10-31 06:29:38.793 30373 30373 W SystemServiceRegistry: No service published for: uimode
10-31 06:29:38.807 30373 30373 I cr_ChildProcessService: Creating new ChildProcessService pid=30373
10-31 06:29:38.818 30373 30373 E WebViewFactory: can't load with relro file; address space not reserved
10-31 06:29:38.833 30373 30387 I cr_LibraryLoader: Successfully loaded native library
10-31 06:29:38.834 30373 30387 I cr_CachingUmaRecorder: Flushed 3 samples from 3 histograms.
10-31 06:29:38.882 30391 30391 W ThreadPoolForeg: type=1400 audit(0.0:13141): avc: denied { setattr } for name="optimization-hints.pb" dev="dm-2" ino=1504662 scontext=u:r:isolated_app:s0:c512,c768 tcontext=u:object_r:app_data_file:s0:c512,c768 tclass=file permissive=0
10-31 06:29:38.882 30391 30391 W ThreadPoolForeg: type=1400 audit(0.0:13142): avc: denied { setattr } for name="manifest.json" dev="dm-2" ino=1504663 scontext=u:r:isolated_app:s0:c512,c768 tcontext=u:object_r:app_data_file:s0:c512,c768 tclass=file permissive=0
10-31 06:29:38.889 30391 30391 W ThreadPoolForeg: type=1400 audit(0.0:13143): avc: denied { setattr } for name="verified_contents.json" dev="dm-2" ino=1504672 scontext=u:r:isolated_app:s0:c512,c768 tcontext=u:object_r:app_data_file:s0:c512,c768 tclass=file permissive=0
10-31 06:29:38.898 30373 30387 I chromium: [INFO:child_process_service.cc(69)] ChildProcessService: Exiting child process.
10-31 06:29:38.900   422   422 E lowmemorykiller: Error writing /proc/30373/oom_score_adj; errno=22
10-31 06:29:38.901   772   785 I ActivityManager: Killing 30373:com.android.chrome:sandboxed_process9/u0a60i706 (adj 0): isolated not needed
10-31 06:29:38.904   772   790 W zygote64: failed to open /acct/uid_99706/pid_30373/cgroup.procs: No such file or directory
10-31 06:29:41.492 30394 30394 E /system/bin/webview_zygote32: failed to make and chown /acct/uid_99707: Permission denied
10-31 06:29:41.492 30394 30394 E Zygote  : createProcessGroup(99707, 0) failed: Permission denied
10-31 06:29:41.497   772 10895 I ActivityManager: Start proc 30394:com.android.chrome:sandboxed_process10/u0i707 for webview_service com.android.chrome/org.chromium.content.app.SandboxedProcessService10
10-31 06:29:41.514 30394 30394 I SamplingProfilerIntegration: Profiling disabled.
10-31 06:29:41.539 30407 30407 E asset   : setgid: Operation not permitted
10-31 06:29:41.581 30394 30394 I cr_SplitCompatApp: Launched version=106.0.5249.79 minSdkVersion=24 isBundle=true processName=com.android.chrome:sandboxed_process10 isIsolated=true
10-31 06:29:41.589 30394 30394 W SystemServiceRegistry: No service published for: uimode
10-31 06:29:41.600 30394 30394 I cr_ChildProcessService: Creating new ChildProcessService pid=30394
10-31 06:29:41.610 30394 30394 E WebViewFactory: can't load with relro file; address space not reserved
10-31 06:29:41.622 30394 30409 I cr_LibraryLoader: Successfully loaded native library
10-31 06:29:41.624 30394 30409 I cr_CachingUmaRecorder: Flushed 3 samples from 3 histograms.
10-31 06:29:41.662 30412 30412 W ThreadPoolForeg: type=1400 audit(0.0:13144): avc: denied { setattr } for name="ssl_error_assistant.pb" dev="dm-2" ino=1504677 scontext=u:r:isolated_app:s0:c512,c768 tcontext=u:object_r:app_data_file:s0:c512,c768 tclass=file permissive=0
10-31 06:29:41.662 30412 30412 W ThreadPoolForeg: type=1400 audit(0.0:13145): avc: denied { setattr } for name="ssl_error_assistant.pb" dev="dm-2" ino=1504677 scontext=u:r:isolated_app:s0:c512,c768 tcontext=u:object_r:app_data_file:s0:c512,c768 tclass=file permissive=0
10-31 06:29:41.666 30412 30412 W ThreadPoolForeg: type=1400 audit(0.0:13146): avc: denied { setattr } for name="manifest.json" dev="dm-2" ino=1504678 scontext=u:r:isolated_app:s0:c512,c768 tcontext=u:object_r:app_data_file:s0:c512,c768 tclass=file permissive=0
10-31 06:29:41.672 30412 30412 W ThreadPoolForeg: type=1400 audit(0.0:13147): avc: denied { setattr } for name="verified_contents.json" dev="dm-2" ino=1504680 scontext=u:r:isolated_app:s0:c512,c768 tcontext=u:object_r:app_data_file:s0:c512,c768 tclass=file permissive=0
10-31 06:29:41.680 30394 30409 I chromium: [INFO:child_process_service.cc(69)] ChildProcessService: Exiting child process.
10-31 06:29:41.684   422   422 E lowmemorykiller: Error writing /proc/30394/oom_score_adj; errno=22
10-31 06:29:41.685   772 10895 I ActivityManager: Killing 30394:com.android.chrome:sandboxed_process10/u0a60i707 (adj 0): isolated not needed
10-31 06:29:41.690   772   790 W zygote64: failed to open /acct/uid_99707/pid_30394/cgroup.procs: No such file or directory
10-31 06:29:44.628 30416 30416 E /system/bin/webview_zygote32: failed to make and chown /acct/uid_99708: Permission denied
10-31 06:29:44.629 30416 30416 E Zygote  : createProcessGroup(99708, 0) failed: Permission denied
10-31 06:29:44.634   772   785 I ActivityManager: Start proc 30416:com.android.chrome:sandboxed_process11/u0i708 for webview_service com.android.chrome/org.chromium.content.app.SandboxedProcessService11
10-31 06:29:44.658 30416 30416 I SamplingProfilerIntegration: Profiling disabled.
10-31 06:29:44.678 30429 30429 E asset   : setgid: Operation not permitted
10-31 06:29:44.719 30416 30416 I cr_SplitCompatApp: Launched version=106.0.5249.79 minSdkVersion=24 isBundle=true processName=com.android.chrome:sandboxed_process11 isIsolated=true
10-31 06:29:44.727 30416 30416 W SystemServiceRegistry: No service published for: uimode
10-31 06:29:44.739 30416 30416 I cr_ChildProcessService: Creating new ChildProcessService pid=30416
10-31 06:29:44.748 30416 30416 E WebViewFactory: can't load with relro file; address space not reserved
10-31 06:29:44.760 30416 30431 I cr_LibraryLoader: Successfully loaded native library
10-31 06:29:44.761 30416 30431 I cr_CachingUmaRecorder: Flushed 3 samples from 3 histograms.
10-31 06:29:44.802 30435 30435 W ThreadPoolForeg: type=1400 audit(0.0:13148): avc: denied { setattr } for name="download_file_types.pb" dev="dm-2" ino=1504683 scontext=u:r:isolated_app:s0:c512,c768 tcontext=u:object_r:app_data_file:s0:c512,c768 tclass=file permissive=0
10-31 06:29:44.802 30435 30435 W ThreadPoolForeg: type=1400 audit(0.0:13149): avc: denied { setattr } for name="download_file_types.pb" dev="dm-2" ino=1504683 scontext=u:r:isolated_app:s0:c512,c768 tcontext=u:object_r:app_data_file:s0:c512,c768 tclass=file permissive=0
10-31 06:29:44.806 30435 30435 W ThreadPoolForeg: type=1400 audit(0.0:13150): avc: denied { setattr } for name="manifest.json" dev="dm-2" ino=1504684 scontext=u:r:isolated_app:s0:c512,c768 tcontext=u:object_r:app_data_file:s0:c512,c768 tclass=file permissive=0
10-31 06:29:44.809 30435 30435 W ThreadPoolForeg: type=1400 audit(0.0:13151): avc: denied { setattr } for name="verified_contents.json" dev="dm-2" ino=1504688 scontext=u:r:isolated_app:s0:c512,c768 tcontext=u:object_r:app_data_file:s0:c512,c768 tclass=file permissive=0
10-31 06:29:44.817 30416 30431 I chromium: [INFO:child_process_service.cc(69)] ChildProcessService: Exiting child process.
10-31 06:29:44.821   422   422 E lowmemorykiller: Error writing /proc/30416/oom_score_adj; errno=22
10-31 06:29:44.821   772 20193 I ActivityManager: Killing 30416:com.android.chrome:sandboxed_process11/u0a60i708 (adj 0): isolated not needed
10-31 06:29:44.822   772   790 W zygote64: failed to open /acct/uid_99708/pid_30416/cgroup.procs: No such file or directory
10-31 06:29:47.493   772 13022 I ActivityManager: Force stopping com.android.chrome appid=10060 user=0: from pid 30448
10-31 06:29:47.494   772 13022 I ActivityManager: Killing 30001:com.android.chrome:privileged_process0/u0a60 (adj 0): stop com.android.chrome
10-31 06:29:47.495   772 13022 W ActivityManager: Scheduling restart of crashed service com.android.chrome/org.chromium.content.app.PrivilegedProcessService0 in 1000ms
10-31 06:29:47.500   772 13022 I ActivityManager: Killing 29934:com.android.chrome/u0a60 (adj 0): stop com.android.chrome
10-31 06:29:47.506 29969 29969 I cr_ChildProcessService: Destroying ChildProcessService pid=29969
10-31 06:29:47.510 13542 13542 D BoundBrokerSvc: onUnbind: Intent { act=com.google.android.gms.auth.key.retrieval.service.START dat=chimera-action:com.google.android.gms.auth.key.retrieval.service.START cmp=com.google.android.gms/.chimera.GmsApiService }
10-31 06:29:47.512   772 13022 I ActivityManager: Killing 29969:com.android.chrome:sandboxed_process0/u0a60i697 (adj 0): isolated not needed
10-31 06:29:47.513   772 13022 I ActivityManager:   Force finishing activity ActivityRecord{a4e5593 u0 com.android.chrome/org.chromium.chrome.browser.firstrun.FirstRunActivity t691}
10-31 06:29:47.517   772 13022 I ActivityManager:   Force finishing activity ActivityRecord{a4e5593 u0 com.android.chrome/org.chromium.chrome.browser.firstrun.FirstRunActivity t691 f}
10-31 06:29:47.517   772 13022 W ActivityManager: Duplicate finish request for ActivityRecord{a4e5593 u0 com.android.chrome/org.chromium.chrome.browser.firstrun.FirstRunActivity t691 f}
10-31 06:29:47.530  1311  1311 D CarrierSvcBindHelper: No carrier app for: 0
10-31 06:29:47.546  2964  2964 D RegisteredNfcFServicesCache: Service unchanged, not updating
10-31 06:29:47.558   772 13021 D ConnectivityService: ConnectivityService NetworkRequestInfo binderDied(NetworkRequest [ LISTEN id=1668, [ Capabilities: INTERNET&NOT_RESTRICTED&TRUSTED&FOREGROUND] ], android.os.BinderProxy@58b9949)
10-31 06:29:47.558   772  3041 D ConnectivityService: ConnectivityService NetworkRequestInfo binderDied(NetworkRequest [ LISTEN id=1667, [ Capabilities: INTERNET&NOT_RESTRICTED&TRUSTED&FOREGROUND] ], android.os.BinderProxy@c9ab24e)
