10-31 14:54:32.419   372   376 D DrmLibTime: command id, time_cmd_id = 770
10-31 14:54:32.419   372   376 D DrmLibTime: time_getutcsec starts!
10-31 14:54:32.419   372   376 D DrmLibTime: QSEE Time Listener: time_getutcsec
10-31 14:54:32.419   372   376 D DrmLibTime: QSEE Time Listener: get_utc_seconds
10-31 14:54:32.419   372   376 D DrmLibTime: QSEE Time Listener: time_get_modem_time
10-31 14:54:32.419   372   376 D DrmLibTime: QSEE Time Listener: Checking if ATS_MODEM is set or not.
10-31 14:54:32.419   372   376 D QC-time-services: Lib:time_genoff_operation: pargs->base = 13
10-31 14:54:32.419   372   376 D QC-time-services: Lib:time_genoff_operation: pargs->operation = 2
10-31 14:54:32.419   372   376 D QC-time-services: Lib:time_genoff_operation: pargs->ts_val = 0
10-31 14:54:32.419   372   376 D QC-time-services: Lib:time_genoff_operation: Send to server  passed!!
10-31 14:54:32.419   625   647 D QC-time-services: Daemon: Connection accepted:time_genoff
10-31 14:54:32.420   625 31781 D QC-time-services: Daemon:Received base = 13, unit = 1, operation = 2,value = 0
10-31 14:54:32.420   625 31781 D QC-time-services: Daemon:genoff_opr: Base = 13, val = 0, operation = 2
10-31 14:54:32.420   625 31781 D QC-time-services: offset is: 0 for base: 13
10-31 14:54:32.420   372   376 E QC-time-services: Receive Passed == base = 13, unit = 1, operation = 2, result = 0
10-31 14:54:32.420   372   376 D DrmLibTime: QSEE Time Listener: ATS_MODEM is not set. Fallback to Android system time.
10-31 14:54:32.420   372   376 D DrmLibTime: QSEE Time Listener: Retrieved Android system time: 1667224472
10-31 14:54:32.420   372   376 D DrmLibTime: time_getutcsec returns 0, sec = 1667224472; nsec = 0
10-31 14:54:32.420   372   376 D DrmLibTime: time_getutcsec finished! 
10-31 14:54:32.420   372   376 D DrmLibTime: iotcl_continue_command finished! and return 0 
10-31 14:54:32.420   372   376 D DrmLibTime: before calling ioctl to read the next time_cmd
10-31 14:54:32.420   625   647 E QC-time-services: Daemon: Time-services: Waiting to acceptconnection
10-31 14:54:32.452   562 19050 D WVCdm   : OEMCrypto_Initialize Level 1 success. I will use level 1.
10-31 14:54:32.452   562 19050 D WVCdm   : CryptoSession::Open: Lock: requested_security_level: Default
10-31 14:54:32.454   562 19050 W WVCdm   : DeviceFiles::RetrieveHashedFile: /data/mediadrm/IDM1013/L1/cert.bin does not exist
10-31 14:54:32.455   562 19050 D QSEECOMAPI: : QSEECom_dealloc_memory 
10-31 14:54:32.455   562 19050 D QSEECOMAPI: : QSEECom_shutdown_app, app_id = 2460
10-31 14:54:32.464   562   644 I WVCdm   : Level3 Library 4445 May 19 2017 17:17:20
10-31 14:54:32.466   562   644 D QSEECOMAPI: : QSEECom_get_handle sb_length = 0x19000
10-31 14:54:32.466   562   644 D QSEECOMAPI: : App is not loaded in QSEE
10-31 14:54:32.508   562   644 D QSEECOMAPI: : Loaded image: APP id = 2461
10-31 14:54:32.511   562   644 D QSAPPSVER: qsapps_get_capabilities: Capability from secure side: 0x0
10-31 14:54:32.511   562   644 D QSAPPSVER: qsapps_get_capabilities: returns 0
10-31 14:54:32.511   562   644 E DrmWidevineDash: sion_buffer g_wv_fhandle->ion_sbuffer  0x0xef353000
10-31 14:54:32.515   372   376 D DrmLibTime: got the req here! ret=0
10-31 14:54:32.515   372   376 D DrmLibTime: command id, time_cmd_id = 770
10-31 14:54:32.515   372   376 D DrmLibTime: time_getutcsec starts!
10-31 14:54:32.515   372   376 D DrmLibTime: QSEE Time Listener: time_getutcsec
10-31 14:54:32.515   372   376 D DrmLibTime: QSEE Time Listener: get_utc_seconds
10-31 14:54:32.515   372   376 D DrmLibTime: QSEE Time Listener: time_get_modem_time
10-31 14:54:32.515   372   376 D DrmLibTime: QSEE Time Listener: Checking if ATS_MODEM is set or not.
10-31 14:54:32.515   372   376 D QC-time-services: Lib:time_genoff_operation: pargs->base = 13
10-31 14:54:32.515   372   376 D QC-time-services: Lib:time_genoff_operation: pargs->operation = 2
10-31 14:54:32.515   372   376 D QC-time-services: Lib:time_genoff_operation: pargs->ts_val = 0
10-31 14:54:32.516   372   376 D QC-time-services: Lib:time_genoff_operation: Send to server  passed!!
10-31 14:54:32.516   625   647 D QC-time-services: Daemon: Connection accepted:time_genoff
10-31 14:54:32.516   625 31782 D QC-time-services: Daemon:Received base = 13, unit = 1, operation = 2,value = 0
10-31 14:54:32.516   625 31782 D QC-time-services: Daemon:genoff_opr: Base = 13, val = 0, operation = 2
10-31 14:54:32.516   625 31782 D QC-time-services: offset is: 0 for base: 13
10-31 14:54:32.516   372   376 E QC-time-services: Receive Passed == base = 13, unit = 1, operation = 2, result = 0
10-31 14:54:32.516   372   376 D DrmLibTime: QSEE Time Listener: ATS_MODEM is not set. Fallback to Android system time.
10-31 14:54:32.516   372   376 D DrmLibTime: QSEE Time Listener: Retrieved Android system time: 1667224472
10-31 14:54:32.516   372   376 D DrmLibTime: time_getutcsec returns 0, sec = 1667224472; nsec = 0
10-31 14:54:32.516   372   376 D DrmLibTime: time_getutcsec finished! 
10-31 14:54:32.516   372   376 D DrmLibTime: iotcl_continue_command finished! and return 0 
10-31 14:54:32.516   372   376 D DrmLibTime: before calling ioctl to read the next time_cmd
10-31 14:54:32.516   625   647 E QC-time-services: Daemon: Time-services: Waiting to acceptconnection
10-31 14:54:32.548   562   644 D WVCdm   : OEMCrypto_Initialize Level 1 success. I will use level 1.
10-31 14:54:32.548   562   644 D WVCdm   : CryptoSession::Open: Lock: requested_security_level: Default
10-31 14:54:32.631   562   644 E DrmWidevineDash: OEMCrypto_GenerateSignature : input wrapped_rsa_key == NULL!, return short buffer
10-31 14:54:32.633 30817 30817 I cr_media: Provisioning origin ID 717319373559FA0999EEDE9746724595
10-31 14:54:32.635 30817 30817 W chromium: [WARNING:compositor_view.cc(342)] Child process died (type=6) pid=31755)
10-31 14:54:32.639 30817 30817 I MediaDrm: Drm event (1,0)
10-31 14:54:32.639 30817 30817 E cr_media: EventListener: No session for event 1.
10-31 14:54:32.684   562   562 E DrmWidevineDash: OEMCrypto_RewrapDeviceRSAKey : input wrapped_rsa_key == NULL!, return short buffer
10-31 14:54:32.699   562   562 D QSEECOMAPI: : QSEECom_dealloc_memory 
10-31 14:54:32.699   562   562 D QSEECOMAPI: : QSEECom_shutdown_app, app_id = 2461
10-31 14:54:34.971 31783 31783 E /system/bin/webview_zygote32: failed to make and chown /acct/uid_99336: Permission denied
10-31 14:54:34.971 31783 31783 E Zygote  : createProcessGroup(99336, 0) failed: Permission denied
10-31 14:54:34.973   772   784 I ActivityManager: Start proc 31783:com.android.chrome:sandboxed_process31/u0i336 for webview_service com.android.chrome/org.chromium.content.app.SandboxedProcessService31
10-31 14:54:34.999 31783 31783 I SamplingProfilerIntegration: Profiling disabled.
10-31 14:54:35.018 31796 31796 E asset   : setgid: Operation not permitted
10-31 14:54:35.055 31783 31783 I cr_SplitCompatApp: Launched version=106.0.5249.79 minSdkVersion=24 isBundle=true processName=com.android.chrome:sandboxed_process31 isIsolated=true
10-31 14:54:35.062 31783 31783 W SystemServiceRegistry: No service published for: uimode
10-31 14:54:35.073 31783 31783 I cr_ChildProcessService: Creating new ChildProcessService pid=31783
10-31 14:54:35.080 31783 31783 E WebViewFactory: can't load with relro file; address space not reserved
10-31 14:54:35.093 31783 31797 I cr_LibraryLoader: Successfully loaded native library
10-31 14:54:35.094 31783 31797 I cr_CachingUmaRecorder: Flushed 3 samples from 3 histograms.
10-31 14:54:35.182 31801 31801 W ThreadPoolForeg: type=1400 audit(0.0:15312): avc: denied { setattr } for name="tl_en-us_2022-10-24_484508980_100000_index.bin" dev="dm-2" ino=1505128 scontext=u:r:isolated_app:s0:c512,c768 tcontext=u:object_r:app_data_file:s0:c512,c768 tclass=file permissive=0
10-31 14:54:35.185 31801 31801 W ThreadPoolForeg: type=1400 audit(0.0:15313): avc: denied { setattr } for name="manifest.json" dev="dm-2" ino=1505129 scontext=u:r:isolated_app:s0:c512,c768 tcontext=u:object_r:app_data_file:s0:c512,c768 tclass=file permissive=0
10-31 14:54:35.192 31801 31801 W ThreadPoolForeg: type=1400 audit(0.0:15314): avc: denied { setattr } for name="verified_contents.json" dev="dm-2" ino=1505131 scontext=u:r:isolated_app:s0:c512,c768 tcontext=u:object_r:app_data_file:s0:c512,c768 tclass=file permissive=0
10-31 14:54:35.200 31783 31797 I chromium: [INFO:child_process_service.cc(69)] ChildProcessService: Exiting child process.
10-31 14:54:35.203   422   422 E lowmemorykiller: Error writing /proc/31783/oom_score_adj; errno=22
10-31 14:54:35.204   772 13021 I ActivityManager: Killing 31783:com.android.chrome:sandboxed_process31/u0a60i336 (adj 0): isolated not needed
10-31 14:54:35.205   772   790 W zygote64: failed to open /acct/uid_99336/pid_31783/cgroup.procs: No such file or directory
10-31 14:54:35.212 30817 30817 W chromium: [WARNING:compositor_view.cc(342)] Child process died (type=6) pid=31783)
10-31 14:54:37.742 31804 31804 E /system/bin/webview_zygote32: failed to make and chown /acct/uid_99337: Permission denied
10-31 14:54:37.742 31804 31804 E Zygote  : createProcessGroup(99337, 0) failed: Permission denied
10-31 14:54:37.747   772 10860 I ActivityManager: Start proc 31804:com.android.chrome:sandboxed_process32/u0i337 for webview_service com.android.chrome/org.chromium.content.app.SandboxedProcessService32
10-31 14:54:37.765 31804 31804 I SamplingProfilerIntegration: Profiling disabled.
10-31 14:54:37.794 31817 31817 E asset   : setgid: Operation not permitted
10-31 14:54:37.827 31804 31804 I cr_SplitCompatApp: Launched version=106.0.5249.79 minSdkVersion=24 isBundle=true processName=com.android.chrome:sandboxed_process32 isIsolated=true
10-31 14:54:37.835 31804 31804 W SystemServiceRegistry: No service published for: uimode
10-31 14:54:37.848 31804 31804 I cr_ChildProcessService: Creating new ChildProcessService pid=31804
10-31 14:54:37.861 31804 31804 E WebViewFactory: can't load with relro file; address space not reserved
10-31 14:54:37.872 31804 31819 I cr_LibraryLoader: Successfully loaded native library
10-31 14:54:37.874 31804 31819 I cr_CachingUmaRecorder: Flushed 3 samples from 3 histograms.
10-31 14:54:37.909 31823 31823 W ThreadPoolForeg: type=1400 audit(0.0:15315): avc: denied { setattr } for name="optimization-hints.pb" dev="dm-2" ino=1505134 scontext=u:r:isolated_app:s0:c512,c768 tcontext=u:object_r:app_data_file:s0:c512,c768 tclass=file permissive=0
10-31 14:54:37.912 31823 31823 W ThreadPoolForeg: type=1400 audit(0.0:15316): avc: denied { setattr } for name="manifest.json" dev="dm-2" ino=1505136 scontext=u:r:isolated_app:s0:c512,c768 tcontext=u:object_r:app_data_file:s0:c512,c768 tclass=file permissive=0
10-31 14:54:37.915 31823 31823 W ThreadPoolForeg: type=1400 audit(0.0:15317): avc: denied { setattr } for name="verified_contents.json" dev="dm-2" ino=1505138 scontext=u:r:isolated_app:s0:c512,c768 tcontext=u:object_r:app_data_file:s0:c512,c768 tclass=file permissive=0
10-31 14:54:37.922 31804 31819 I chromium: [INFO:child_process_service.cc(69)] ChildProcessService: Exiting child process.
10-31 14:54:37.924   422   422 E lowmemorykiller: Error writing /proc/31804/oom_score_adj; errno=22
10-31 14:54:37.924   772 13022 I ActivityManager: Killing 31804:com.android.chrome:sandboxed_process32/u0a60i337 (adj 0): isolated not needed
10-31 14:54:37.926   772   790 W zygote64: failed to open /acct/uid_99337/pid_31804/cgroup.procs: No such file or directory
10-31 14:54:37.949 30817 30817 W chromium: [WARNING:compositor_view.cc(342)] Child process died (type=6) pid=31804)
10-31 14:54:40.800 31826 31826 E /system/bin/webview_zygote32: failed to make and chown /acct/uid_99338: Permission denied
10-31 14:54:40.800 31826 31826 E Zygote  : createProcessGroup(99338, 0) failed: Permission denied
10-31 14:54:40.808   772  4540 I ActivityManager: Start proc 31826:com.android.chrome:sandboxed_process33/u0i338 for webview_service com.android.chrome/org.chromium.content.app.SandboxedProcessService33
10-31 14:54:40.823 31826 31826 I SamplingProfilerIntegration: Profiling disabled.
10-31 14:54:40.849 31839 31839 E asset   : setgid: Operation not permitted
10-31 14:54:40.878 31826 31826 I cr_SplitCompatApp: Launched version=106.0.5249.79 minSdkVersion=24 isBundle=true processName=com.android.chrome:sandboxed_process33 isIsolated=true
10-31 14:54:40.887 31826 31826 W SystemServiceRegistry: No service published for: uimode
10-31 14:54:40.899 31826 31826 I cr_ChildProcessService: Creating new ChildProcessService pid=31826
10-31 14:54:40.912 31826 31826 E WebViewFactory: can't load with relro file; address space not reserved
10-31 14:54:40.924 31826 31840 I cr_LibraryLoader: Successfully loaded native library
10-31 14:54:40.925 31826 31840 I cr_CachingUmaRecorder: Flushed 3 samples from 3 histograms.
10-31 14:54:40.962 31843 31843 W ThreadPoolForeg: type=1400 audit(0.0:15318): avc: denied { setattr } for name="ssl_error_assistant.pb" dev="dm-2" ino=1505141 scontext=u:r:isolated_app:s0:c512,c768 tcontext=u:object_r:app_data_file:s0:c512,c768 tclass=file permissive=0
10-31 14:54:40.962 31843 31843 W ThreadPoolForeg: type=1400 audit(0.0:15319): avc: denied { setattr } for name="ssl_error_assistant.pb" dev="dm-2" ino=1505141 scontext=u:r:isolated_app:s0:c512,c768 tcontext=u:object_r:app_data_file:s0:c512,c768 tclass=file permissive=0
10-31 14:54:40.965 31843 31843 W ThreadPoolForeg: type=1400 audit(0.0:15320): avc: denied { setattr } for name="manifest.json" dev="dm-2" ino=1505142 scontext=u:r:isolated_app:s0:c512,c768 tcontext=u:object_r:app_data_file:s0:c512,c768 tclass=file permissive=0
10-31 14:54:40.969 31843 31843 W ThreadPoolForeg: type=1400 audit(0.0:15321): avc: denied { setattr } for name="verified_contents.json" dev="dm-2" ino=1505144 scontext=u:r:isolated_app:s0:c512,c768 tcontext=u:object_r:app_data_file:s0:c512,c768 tclass=file permissive=0
10-31 14:54:40.976 31826 31840 I chromium: [INFO:child_process_service.cc(69)] ChildProcessService: Exiting child process.
10-31 14:54:40.979   422   422 E lowmemorykiller: Error writing /proc/31826/oom_score_adj; errno=22
10-31 14:54:40.980   772  4540 I ActivityManager: Killing 31826:com.android.chrome:sandboxed_process33/u0a60i338 (adj 0): isolated not needed
10-31 14:54:40.980   772   790 W zygote64: failed to open /acct/uid_99338/pid_31826/cgroup.procs: No such file or directory
10-31 14:54:41.000 30817 30817 W chromium: [WARNING:compositor_view.cc(342)] Child process died (type=6) pid=31826)
10-31 14:54:44.120 31847 31847 E /system/bin/webview_zygote32: failed to make and chown /acct/uid_99339: Permission denied
10-31 14:54:44.121 31847 31847 E Zygote  : createProcessGroup(99339, 0) failed: Permission denied
10-31 14:54:44.121   772   785 I ActivityManager: Start proc 31847:com.android.chrome:sandboxed_process34/u0i339 for webview_service com.android.chrome/org.chromium.content.app.SandboxedProcessService34
10-31 14:54:44.148 31847 31847 I SamplingProfilerIntegration: Profiling disabled.
10-31 14:54:44.171 31860 31860 E asset   : setgid: Operation not permitted
10-31 14:54:44.202 31847 31847 I cr_SplitCompatApp: Launched version=106.0.5249.79 minSdkVersion=24 isBundle=true processName=com.android.chrome:sandboxed_process34 isIsolated=true
10-31 14:54:44.209 31847 31847 W SystemServiceRegistry: No service published for: uimode
10-31 14:54:44.220 31847 31847 I cr_ChildProcessService: Creating new ChildProcessService pid=31847
10-31 14:54:44.227 31847 31847 E WebViewFactory: can't load with relro file; address space not reserved
10-31 14:54:44.239 31847 31861 I cr_LibraryLoader: Successfully loaded native library
10-31 14:54:44.240 31847 31861 I cr_CachingUmaRecorder: Flushed 3 samples from 3 histograms.
10-31 14:54:44.269 31864 31864 W ThreadPoolForeg: type=1400 audit(0.0:15322): avc: denied { setattr } for name="download_file_types.pb" dev="dm-2" ino=1505147 scontext=u:r:isolated_app:s0:c512,c768 tcontext=u:object_r:app_data_file:s0:c512,c768 tclass=file permissive=0
10-31 14:54:44.269 31864 31864 W ThreadPoolForeg: type=1400 audit(0.0:15323): avc: denied { setattr } for name="download_file_types.pb" dev="dm-2" ino=1505147 scontext=u:r:isolated_app:s0:c512,c768 tcontext=u:object_r:app_data_file:s0:c512,c768 tclass=file permissive=0
10-31 14:54:44.272 31864 31864 W ThreadPoolForeg: type=1400 audit(0.0:15324): avc: denied { setattr } for name="manifest.json" dev="dm-2" ino=1505148 scontext=u:r:isolated_app:s0:c512,c768 tcontext=u:object_r:app_data_file:s0:c512,c768 tclass=file permissive=0
10-31 14:54:44.275 31864 31864 W ThreadPoolForeg: type=1400 audit(0.0:15325): avc: denied { setattr } for name="verified_contents.json" dev="dm-2" ino=1505150 scontext=u:r:isolated_app:s0:c512,c768 tcontext=u:object_r:app_data_file:s0:c512,c768 tclass=file permissive=0
10-31 14:54:44.288 31847 31861 I chromium: [INFO:child_process_service.cc(69)] ChildProcessService: Exiting child process.
10-31 14:54:44.291   422   422 E lowmemorykiller: Error writing /proc/31847/oom_score_adj; errno=22
10-31 14:54:44.291   772  3854 I ActivityManager: Killing 31847:com.android.chrome:sandboxed_process34/u0a60i339 (adj 0): isolated not needed
10-31 14:54:44.292   772   790 W zygote64: failed to open /acct/uid_99339/pid_31847/cgroup.procs: No such file or directory
10-31 14:54:44.310 30817 30817 W chromium: [WARNING:compositor_view.cc(342)] Child process died (type=6) pid=31847)
10-31 14:54:44.890   772   784 I ActivityManager: Force stopping com.android.chrome appid=10060 user=0: from pid 31878
10-31 14:54:44.890   772   784 I ActivityManager: Killing 30887:com.android.chrome:privileged_process0/u0a60 (adj 0): stop com.android.chrome
10-31 14:54:44.891   772   784 W ActivityManager: Scheduling restart of crashed service com.android.chrome/org.chromium.content.app.PrivilegedProcessService0 in 1000ms
10-31 14:54:44.896   772   784 I ActivityManager: Killing 30817:com.android.chrome/u0a60 (adj 0): stop com.android.chrome
10-31 14:54:44.903   772   784 W ActivityManager: Force removing ActivityRecord{b5bb9e3 u0 com.android.chrome/com.google.android.apps.chrome.Main t789}: app died, no saved state
10-31 14:54:44.904 13542 13542 D BoundBrokerSvc: onUnbind: Intent { act=com.google.android.gms.auth.key.retrieval.service.START dat=chimera-action:com.google.android.gms.auth.key.retrieval.service.START cmp=com.google.android.gms/.chimera.GmsApiService }
10-31 14:54:44.906 30856 30856 I cr_ChildProcessService: Destroying ChildProcessService pid=30856
10-31 14:54:44.907   772   784 I WindowManager: Failed to capture screenshot of Token{1437fe0 ActivityRecord{b5bb9e3 u0 com.android.chrome/com.google.android.apps.chrome.Main t789 f}} appWin=Window{bcbe3c u0 com.android.chrome/com.google.android.apps.chrome.Main} drawState=4
10-31 14:54:44.909 31458 31458 I cr_ChildProcessService: Destroying ChildProcessService pid=31458
10-31 14:54:44.919   772   784 I ActivityManager: Killing 31458:com.android.chrome:sandboxed_process21/u0a60i326 (adj 0): isolated not needed
10-31 14:54:44.919   772   784 I ActivityManager: Killing 30856:com.android.chrome:sandboxed_process0/u0a60i305 (adj 0): isolated not needed
10-31 14:54:44.923 27001 27001 I MemoryTrimmer: Trimming objects from memory, since app is in the background.
10-31 14:54:44.936  1311  1311 D CarrierSvcBindHelper: No carrier app for: 0
10-31 14:54:44.953  2964  2964 D RegisteredNfcFServicesCache: Service unchanged, not updating
10-31 14:54:44.955   772 13022 D ConnectivityService: ConnectivityService NetworkRequestInfo binderDied(NetworkRequest [ LISTEN id=1929, [ Capabilities: INTERNET&NOT_RESTRICTED&TRUSTED&FOREGROUND] ], android.os.BinderProxy@52b35cc)
10-31 14:54:44.955   772 10860 D ConnectivityService: ConnectivityService NetworkRequestInfo binderDied(NetworkRequest [ LISTEN id=1928, [ Capabilities: INTERNET&NOT_RESTRICTED&TRUSTED&FOREGROUND] ], android.os.BinderProxy@95223ff)
10-31 14:54:44.956   772 10895 D ConnectivityService: ConnectivityService NetworkRequestInfo binderDied(NetworkRequest [ LISTEN id=1930, [ Capabilities: INTERNET&NOT_RESTRICTED&TRUSTED&FOREGROUND] ], android.os.BinderProxy@5924015)
10-31 14:54:44.956   772   862 E ConnectivityService: RemoteException caught trying to send a callback msg for NetworkRequest [ LISTEN id=1928, [ Capabilities: INTERNET&NOT_RESTRICTED&TRUSTED&FOREGROUND] ]
10-31 14:54:44.957   772   862 E ConnectivityService: RemoteException caught trying to send a callback msg for NetworkRequest [ LISTEN id=1930, [ Capabilities: INTERNET&NOT_RESTRICTED&TRUSTED&FOREGROUND] ]
10-31 14:54:44.958   772   862 E ConnectivityService: RemoteException caught trying to send a callback msg for NetworkRequest [ LISTEN id=1929, [ Capabilities: INTERNET&NOT_RESTRICTED&TRUSTED&FOREGROUND] ]
10-31 14:54:44.965 13325 13387 I Adreno  : QUALCOMM build                   : 7142022, Ib5823dd10c
10-31 14:54:44.965 13325 13387 I Adreno  : Build Date                       : 06/23/17
10-31 14:54:44.965 13325 13387 I Adreno  : OpenGL ES Shader Compiler Version: EV031.18.00.00
10-31 14:54:44.965 13325 13387 I Adreno  : Local Branch                     : O11A
10-31 14:54:44.965 13325 13387 I Adreno  : Remote Branch                    : 
10-31 14:54:44.965 13325 13387 I Adreno  : Remote Branch                    : 
10-31 14:54:44.965 13325 13387 I Adreno  : Reconstruct Branch               : 
10-31 14:54:44.969   772   797 W ActivityManager: setHasOverlayUi called on unknown pid: 30817
10-31 14:54:44.977 13325 13387 I vndksupport: sphal namespace is not configured for this process. Loading /vendor/lib64/hw/gralloc.msm8992.so from the current namespace instead.
10-31 14:54:44.990 13325 13387 I Adreno  : PFP: 0x00000000, ME: 0x00000000
10-31 14:54:44.993 13325 13387 I OpenGLRenderer: Initialized EGL, version 1.4
10-31 14:54:44.993 13325 13387 D OpenGLRenderer: Swap behavior 2
10-31 14:54:45.012   772   790 W zygote64: failed to open /acct/uid_99326/pid_31458/cgroup.procs: No such file or directory
10-31 14:54:45.012   772   790 W zygote64: failed to open /acct/uid_99305/pid_30856/cgroup.procs: No such file or directory
10-31 14:54:45.037   772 13021 W ActivityManager: Unable to start service Intent { act=com.google.android.gms.speech.service.START pkg=com.google.android.gms } U=0: not found
10-31 14:54:45.038   772   785 W ActivityManager: Unbind failed: could not find connection for android.os.BinderProxy@34e670b
10-31 14:54:45.038 27001 27047 E GmsClient: unable to connect to service: com.google.android.gms.speech.service.START on com.google.android.gms
10-31 14:54:45.056 27001 27013 W SessionLifecycleManager: Handover failed. Creating new session controller.
10-31 14:54:45.061 27001 27001 I OptInState: There is a new client and it does not support opt-in. Dropping request.
10-31 14:54:45.063   772  3086 I OpenGLRenderer: Initialized EGL, version 1.4
10-31 14:54:45.063   772  3086 D OpenGLRenderer: Swap behavior 2
10-31 14:54:45.091 27001 27001 I MicroDetectionWorker: #updateMicroDetector [detectionMode: [mDetectionMode: [1]]]
10-31 14:54:45.093 27001 27001 I MicroDetectionWorker: #startMicroDetector [speakerMode: 0]
10-31 14:54:45.099 27001 27001 I MicroDetectionWorker: onReady
10-31 14:54:45.101 27001 27028 I MicroRecognitionRunner: Starting detection.
10-31 14:54:45.102 27001 30853 I MicrophoneInputStream: mic_starting com.google.android.apps.gsa.speech.audio.af@a9bb941
10-31 14:54:45.103   556   688 W DeviceHAL: Device 0xefa2d000 open_input_stream: Invalid argument
10-31 14:54:45.104   556 31892 I AudioFlinger: AudioFlinger's thread 0xec603b40 tid=31892 ready to run
10-31 14:54:45.114   556   753 I SoundTriggerHwService::Module: onCallbackEvent no clients
10-31 14:54:45.114 27001 30853 I MicrophoneInputStream: mic_started com.google.android.apps.gsa.speech.audio.af@a9bb941
10-31 14:54:45.118   556 31893 D sound_trigger_platform: platform_stdev_check_and_update_concurrency: concurrency active 0, tx 1, rx 0, concurrency session_allowed 0
10-31 14:54:45.118   556 31893 D audio_hw_primary: enable_snd_device: snd_device(72: voice-rec-mic)
10-31 14:54:45.124   556 31893 D audio_hw_primary: enable_audio_route: usecase(9) apply and update mixer path: audio-record
10-31 14:54:45.190 27001 27001 I MicroDetectionWorker: onReady
10-31 14:54:45.333 31882 31882 D AndroidRuntime: >>>>>> START com.android.internal.os.RuntimeInit uid 2000 <<<<<<
10-31 14:54:45.467 31882 31882 D AndroidRuntime: Calling main entry com.android.commands.pm.Pm
10-31 14:54:45.489   772  3854 I ActivityManager: Force stopping com.android.chrome appid=10060 user=0: clear data
10-31 14:54:45.495   772   788 I ActivityManager: Force stopping com.android.chrome appid=10060 user=-1: clearApplicationUserData
10-31 14:54:45.509 13325 13387 W OpenGLRenderer: Incorrectly called buildLayer on View: ShortcutAndWidgetContainer, destroying layer...
10-31 14:54:45.598   560   560 I keystore: clear_uid 10060
10-31 14:54:45.616  1311  1311 D CarrierSvcBindHelper: No carrier app for: 0
10-31 14:54:45.625 31882 31882 I app_process: System.exit called, status: 0
10-31 14:54:45.625 31882 31882 I AndroidRuntime: VM exiting with result code 0.
10-31 14:54:45.627   772   787 W ResourceType: No known package when getting value for resource number 0x7f0904db
10-31 14:54:45.627   772   787 W ResourceType: No known package when getting value for resource number 0x7f140670
10-31 14:54:45.627   772   787 W ResourceType: No known package when getting value for resource number 0x7f0904da
10-31 14:54:45.627   772   787 W ResourceType: No known package when getting value for resource number 0x7f14018b
10-31 14:54:45.627   772   787 W ResourceType: No known package when getting value for resource number 0x7f14066f
10-31 14:54:45.627   772   787 W ResourceType: No known package when getting value for resource number 0x7f140434
10-31 14:54:45.627   772   787 E ShortcutService: Ignoring excessive intent tag.
10-31 14:54:45.631  2964  2964 D RegisteredNfcFServicesCache: Service unchanged, not updating
10-31 14:54:45.681  3960 31909 I Fitness : FitCleanupIntentOperation received Intent android.intent.action.PACKAGE_DATA_CLEARED [CONTEXT service_id=17 ]
10-31 14:54:45.690 13542 26810 I Icing   : doRemovePackageData com.android.chrome
10-31 14:54:45.690 13542 26810 I Icing   : Removing corpus key com.android.chrome-omnibox for package com.android.chrome
10-31 14:54:45.726 13542 26810 I native  : I0000 00:00:1667224485.726113   26810 flash-index.cc:1535] Flash index sort hb 20 prefix-hits 40 -> 36 at 21.346ms
10-31 14:54:45.758  3960  3970 I zygote64: Background concurrent copying GC freed 67065(3MB) AllocSpace objects, 0(0B) LOS objects, 50% free, 10MB/21MB, paused 248us total 108.825ms
10-31 14:54:45.762 13542 26810 I Icing   : Removing corpus key com.android.chrome-.implicit: for package com.android.chrome
10-31 14:54:45.766  3960  3968 W SQLiteConnectionPool: A SQLiteConnection object for database '/data/user/0/com.google.android.gms/databases/metadata.db' was leaked!  Please fix your application to end transactions in progress properly and to close the database when it is no longer needed.
10-31 14:54:45.836 13542 26810 I Icing   : updateResources: need to parse anue{com.android.chrome}
10-31 14:54:45.902 13542 26810 I Icing   : Indexing com.android.chrome-omnibox from com.android.chrome
10-31 14:54:45.918   772  3041 I ActivityManager: Start proc 31932:com.android.chrome/u0a60 for content provider com.android.chrome/com.google.android.apps.chrome.icing.IcingProvider
10-31 14:54:45.960   772   785 I ActivityManager: Force stopping com.android.chrome appid=10060 user=0: from pid 31943
10-31 14:54:45.960   772   785 I ActivityManager: Killing 31932:com.android.chrome/u0a60 (adj 200): stop com.android.chrome
10-31 14:54:45.973   772   785 I ActivityManager: Start proc 31948:com.android.chrome/u0a60 for restart com.android.chrome
10-31 14:54:45.975   772  3041 W ActivityManager: Unable to launch app com.android.chrome/10060 for provider com.android.chrome.icing: launching app became null
10-31 14:54:45.975 13542 26810 E ActivityThread: Failed to find provider info for com.android.chrome.icing
10-31 14:54:45.975 13542 26810 W Icing   : Could not connect to content provider content://com.android.chrome.icing
10-31 14:54:45.983  1311  1311 D CarrierSvcBindHelper: No carrier app for: 0
10-31 14:54:45.990  2964  2964 D RegisteredNfcFServicesCache: Service unchanged, not updating
10-31 14:54:46.025 31948 31948 I cr_SplitCompatApp: Launched version=106.0.5249.79 minSdkVersion=24 isBundle=true processName=com.android.chrome isIsolated=false
10-31 14:54:46.152  3960  3972 I FontLog : Received query Google Sans, URI content://com.google.android.gms.fonts [CONTEXT service_id=132 ]
10-31 14:54:46.152  3960  3972 I FontLog : Query [Google Sans] resolved to {Google Sans, wdth 100.0, wght 400, ital 0.0, bestEffort false} [CONTEXT service_id=132 ]
10-31 14:54:46.158  3960  3972 I FontLog : Font PFD returned from cache for {Google Sans, wdth 100.0, wght 400, ital 0.0, bestEffort false} [CONTEXT service_id=132 ]
10-31 14:54:46.158  3960  3972 I FontLog : Fetch {Google Sans, wdth 100.0, wght 400, ital 0.0, bestEffort false} end status Status{statusCode=SUCCESS, resolution=null} [CONTEXT service_id=132 ]
10-31 14:54:46.225 13542 26810 I Icing   : Indexing done com.android.chrome-omnibox
10-31 14:54:46.274  3960  4217 I FontLog : Pulling font file for id = 2499, cache size = 9 [CONTEXT service_id=132 ]
10-31 14:54:46.355 31948 31969 I cr_LibraryLoader: Successfully loaded native library
10-31 14:54:46.357 31948 31969 I cr_CachingUmaRecorder: Flushed 20 samples from 19 histograms.
10-31 14:54:46.358 31961 31961 D AndroidRuntime: >>>>>> START com.android.internal.os.RuntimeInit uid 2000 <<<<<<
10-31 14:54:46.401  3960  6244 I FontLog : Received query Google Sans:500, URI content://com.google.android.gms.fonts [CONTEXT service_id=132 ]
10-31 14:54:46.402  3960  6244 I FontLog : Query [Google Sans:500] resolved to {Google Sans, wdth 100.0, wght 500, ital 0.0, bestEffort false} [CONTEXT service_id=132 ]
10-31 14:54:46.403  3960  6244 I FontLog : Font PFD returned from cache for {Google Sans, wdth 100.0, wght 500, ital 0.0, bestEffort false} [CONTEXT service_id=132 ]
10-31 14:54:46.406  3960  6244 I FontLog : Fetch {Google Sans, wdth 100.0, wght 500, ital 0.0, bestEffort false} end status Status{statusCode=SUCCESS, resolution=null} [CONTEXT service_id=132 ]
10-31 14:54:46.429  3960  4151 I FontLog : Pulling font file for id = 2500, cache size = 8 [CONTEXT service_id=132 ]
10-31 14:54:46.463  3960  4244 I FontLog : Received query Google Sans:700, URI content://com.google.android.gms.fonts [CONTEXT service_id=132 ]
10-31 14:54:46.464  3960  4244 I FontLog : Query [Google Sans:700] resolved to {Google Sans, wdth 100.0, wght 700, ital 0.0, bestEffort false} [CONTEXT service_id=132 ]
10-31 14:54:46.465  3960  4244 I FontLog : Fetch {Google Sans, wdth 100.0, wght 700, ital 0.0, bestEffort false} end status Status{statusCode=SUCCESS, resolution=null} [CONTEXT service_id=132 ]
10-31 14:54:46.477  3960  6244 I FontLog : Pulling font file for id = 2501, cache size = 7 [CONTEXT service_id=132 ]
10-31 14:54:46.483 31961 31961 D AndroidRuntime: Calling main entry com.android.commands.pm.Pm
10-31 14:54:46.488   772  4540 I ActivityManager: Force stopping com.android.chrome appid=10060 user=0: clear data
10-31 14:54:46.488   772  4540 I ActivityManager: Killing 31948:com.android.chrome/u0a60 (adj 700): stop com.android.chrome
10-31 14:54:46.495   560   560 I keystore: clear_uid 10060
10-31 14:54:46.495   772   788 I ActivityManager: Force stopping com.android.chrome appid=10060 user=-1: clearApplicationUserData
10-31 14:54:46.523  1311  1311 D CarrierSvcBindHelper: No carrier app for: 0
10-31 14:54:46.525   772   787 W ResourceType: No known package when getting value for resource number 0x7f0904db
10-31 14:54:46.525   772   787 W ResourceType: No known package when getting value for resource number 0x7f140670
10-31 14:54:46.525   772   787 W ResourceType: No known package when getting value for resource number 0x7f0904da
10-31 14:54:46.525   772   787 W ResourceType: No known package when getting value for resource number 0x7f14018b
10-31 14:54:46.525   772   787 W ResourceType: No known package when getting value for resource number 0x7f14066f
10-31 14:54:46.525   772   787 W ResourceType: No known package when getting value for resource number 0x7f140434
10-31 14:54:46.525   772   787 E ShortcutService: Ignoring excessive intent tag.
10-31 14:54:46.528 31961 31961 I app_process: System.exit called, status: 0
10-31 14:54:46.528 31961 31961 I AndroidRuntime: VM exiting with result code 0.
10-31 14:54:46.538  2964  2964 D RegisteredNfcFServicesCache: Service unchanged, not updating
10-31 14:54:46.561  3960 31909 I Fitness : FitCleanupIntentOperation received Intent android.intent.action.PACKAGE_DATA_CLEARED [CONTEXT service_id=17 ]
10-31 14:54:46.572 13542 26810 I Icing   : doRemovePackageData com.android.chrome
10-31 14:54:46.574 13542 26810 I Icing   : Removing corpus key com.android.chrome-omnibox for package com.android.chrome
10-31 14:54:46.635 13542 26810 I Icing   : updateResources: need to parse anue{com.android.chrome}
10-31 14:54:46.690 13542 26810 I Icing   : Indexing com.android.chrome-omnibox from com.android.chrome
10-31 14:54:46.702   772   996 I ActivityManager: Start proc 31985:com.android.chrome/u0a60 for content provider com.android.chrome/com.google.android.apps.chrome.icing.IcingProvider
10-31 14:54:46.752 31985 31985 I cr_SplitCompatApp: Launched version=106.0.5249.79 minSdkVersion=24 isBundle=true processName=com.android.chrome isIsolated=false
10-31 14:54:46.898  3960  4245 I FontLog : Received query Google Sans, URI content://com.google.android.gms.fonts [CONTEXT service_id=132 ]
10-31 14:54:46.898  3960  4245 I FontLog : Query [Google Sans] resolved to {Google Sans, wdth 100.0, wght 400, ital 0.0, bestEffort false} [CONTEXT service_id=132 ]
10-31 14:54:46.900  3960  4245 I FontLog : Font PFD returned from cache for {Google Sans, wdth 100.0, wght 400, ital 0.0, bestEffort false} [CONTEXT service_id=132 ]
10-31 14:54:46.900  3960  4245 I FontLog : Fetch {Google Sans, wdth 100.0, wght 400, ital 0.0, bestEffort false} end status Status{statusCode=SUCCESS, resolution=null} [CONTEXT service_id=132 ]
10-31 14:54:46.977  3960  4217 I FontLog : Pulling font file for id = 2502, cache size = 4 [CONTEXT service_id=132 ]
10-31 14:54:47.002 13542 26810 I Icing   : Indexing done com.android.chrome-omnibox
10-31 14:54:47.054 31985 32004 I cr_LibraryLoader: Successfully loaded native library
10-31 14:54:47.056 31985 32004 I cr_CachingUmaRecorder: Flushed 20 samples from 19 histograms.
10-31 14:54:47.113  3960  4245 I FontLog : Received query Google Sans:500, URI content://com.google.android.gms.fonts [CONTEXT service_id=132 ]
10-31 14:54:47.113  3960  4245 I FontLog : Query [Google Sans:500] resolved to {Google Sans, wdth 100.0, wght 500, ital 0.0, bestEffort false} [CONTEXT service_id=132 ]
10-31 14:54:47.117  3960  4245 I FontLog : Font PFD returned from cache for {Google Sans, wdth 100.0, wght 500, ital 0.0, bestEffort false} [CONTEXT service_id=132 ]
10-31 14:54:47.118  3960  4245 I FontLog : Fetch {Google Sans, wdth 100.0, wght 500, ital 0.0, bestEffort false} end status Status{statusCode=SUCCESS, resolution=null} [CONTEXT service_id=132 ]
10-31 14:54:47.143  3960  4244 I FontLog : Pulling font file for id = 2503, cache size = 5 [CONTEXT service_id=132 ]
10-31 14:54:47.172  3960  6244 I FontLog : Received query Google Sans:700, URI content://com.google.android.gms.fonts [CONTEXT service_id=132 ]
10-31 14:54:47.172  3960  6244 I FontLog : Query [Google Sans:700] resolved to {Google Sans, wdth 100.0, wght 700, ital 0.0, bestEffort false} [CONTEXT service_id=132 ]
10-31 14:54:47.174  3960  6244 I FontLog : Fetch {Google Sans, wdth 100.0, wght 700, ital 0.0, bestEffort false} end status Status{statusCode=SUCCESS, resolution=null} [CONTEXT service_id=132 ]
10-31 14:54:47.182  3960  4245 I FontLog : Pulling font file for id = 2504, cache size = 6 [CONTEXT service_id=132 ]
