10-31 06:29:47.559   772   862 E ConnectivityService: RemoteException caught trying to send a callback msg for NetworkRequest [ LISTEN id=1668, [ Capabilities: INTERNET&NOT_RESTRICTED&TRUSTED&FOREGROUND] ]
10-31 06:29:47.560   772   862 E ConnectivityService: RemoteException caught trying to send a callback msg for NetworkRequest [ LISTEN id=1667, [ Capabilities: INTERNET&NOT_RESTRICTED&TRUSTED&FOREGROUND] ]
10-31 06:29:47.560   772   797 W ActivityManager: setHasOverlayUi called on unknown pid: 29934
10-31 06:29:47.567   772   790 W zygote64: failed to open /acct/uid_99697/pid_29969/cgroup.procs: No such file or directory
10-31 06:29:47.940 30451 30451 D AndroidRuntime: >>>>>> START com.android.internal.os.RuntimeInit uid 2000 <<<<<<
10-31 06:29:48.090 30451 30451 D AndroidRuntime: Calling main entry com.android.commands.pm.Pm
10-31 06:29:48.130   772  2969 I ActivityManager: Force stopping com.android.chrome appid=10060 user=0: clear data
10-31 06:29:48.134   772   788 I ActivityManager: Force stopping com.android.chrome appid=10060 user=-1: clearApplicationUserData
10-31 06:29:48.199   560   560 I keystore: clear_uid 10060
10-31 06:29:48.222   772   804 I ActivityManager: Start proc 30461:com.android.defcontainer/u0a13 for service com.android.defcontainer/.DefaultContainerService
10-31 06:29:48.362  1311  1311 D CarrierSvcBindHelper: No carrier app for: 0
10-31 06:29:48.367 30451 30451 I app_process: System.exit called, status: 0
10-31 06:29:48.367 30451 30451 I AndroidRuntime: VM exiting with result code 0.
10-31 06:29:48.370   772   787 W ResourceType: No known package when getting value for resource number 0x7f0904db
10-31 06:29:48.370   772   787 W ResourceType: No known package when getting value for resource number 0x7f140670
10-31 06:29:48.371   772   787 W ResourceType: No known package when getting value for resource number 0x7f0904da
10-31 06:29:48.371   772   787 W ResourceType: No known package when getting value for resource number 0x7f14018b
10-31 06:29:48.371   772   787 W ResourceType: No known package when getting value for resource number 0x7f14066f
10-31 06:29:48.371   772   787 W ResourceType: No known package when getting value for resource number 0x7f140434
10-31 06:29:48.371   772   787 E ShortcutService: Ignoring excessive intent tag.
10-31 06:29:48.392  2964  2964 D RegisteredNfcFServicesCache: Service unchanged, not updating
10-31 06:29:48.402  3960 30483 I Fitness : FitCleanupIntentOperation received Intent android.intent.action.PACKAGE_DATA_CLEARED [CONTEXT service_id=17 ]
10-31 06:29:48.439 13542 29708 I Icing   : doRemovePackageData com.android.chrome
10-31 06:29:48.439 13542 29708 I Icing   : Removing corpus key com.android.chrome-omnibox for package com.android.chrome
10-31 06:29:48.450 13542 29708 I native  : I0000 00:00:1667194188.449970   29708 flash-index.cc:1535] Flash index sort hb 17 prefix-hits 28 -> 28 at 0.829ms
10-31 06:29:48.602 13542 29708 I Icing   : updateResources: need to parse anue{com.android.chrome}
10-31 06:29:48.722 13542 29708 I Icing   : Indexing com.android.chrome-omnibox from com.android.chrome
10-31 06:29:48.742   772  3854 I ActivityManager: Start proc 30508:com.android.chrome/u0a60 for content provider com.android.chrome/com.google.android.apps.chrome.icing.IcingProvider
10-31 06:29:48.762   772  3041 I ActivityManager: Force stopping com.android.chrome appid=10060 user=0: from pid 30507
10-31 06:29:48.763   772  3041 I ActivityManager: Killing 30508:com.android.chrome/u0a60 (adj 200): stop com.android.chrome
10-31 06:29:48.774   772  3041 I ActivityManager: Start proc 30522:com.android.chrome/u0a60 for restart com.android.chrome
10-31 06:29:48.778   772  3854 W ActivityManager: Unable to launch app com.android.chrome/10060 for provider com.android.chrome.icing: launching app became null
10-31 06:29:48.779 13542 29708 E ActivityThread: Failed to find provider info for com.android.chrome.icing
10-31 06:29:48.779 13542 29708 W Icing   : Could not connect to content provider content://com.android.chrome.icing
10-31 06:29:48.784  1311  1311 D CarrierSvcBindHelper: No carrier app for: 0
10-31 06:29:48.799  2964  2964 D RegisteredNfcFServicesCache: Service unchanged, not updating
10-31 06:29:48.828 30522 30522 I cr_SplitCompatApp: Launched version=106.0.5249.79 minSdkVersion=24 isBundle=true processName=com.android.chrome isIsolated=false
10-31 06:29:48.946  3960  6244 I FontLog : Received query Google Sans, URI content://com.google.android.gms.fonts [CONTEXT service_id=132 ]
10-31 06:29:48.947  3960  6244 I FontLog : Query [Google Sans] resolved to {Google Sans, wdth 100.0, wght 400, ital 0.0, bestEffort false} [CONTEXT service_id=132 ]
10-31 06:29:48.948  3960  6244 I FontLog : Font PFD returned from cache for {Google Sans, wdth 100.0, wght 400, ital 0.0, bestEffort false} [CONTEXT service_id=132 ]
10-31 06:29:48.948  3960  6244 I FontLog : Fetch {Google Sans, wdth 100.0, wght 400, ital 0.0, bestEffort false} end status Status{statusCode=SUCCESS, resolution=null} [CONTEXT service_id=132 ]
10-31 06:29:49.001 13542 29708 I Icing   : Indexing done com.android.chrome-omnibox
10-31 06:29:49.049  3960  4245 I FontLog : Pulling font file for id = 1642, cache size = 6 [CONTEXT service_id=132 ]
10-31 06:29:49.113 30522 30543 I cr_LibraryLoader: Successfully loaded native library
10-31 06:29:49.114 30522 30543 I cr_CachingUmaRecorder: Flushed 20 samples from 19 histograms.
10-31 06:29:49.164  3960  4244 I FontLog : Received query Google Sans:500, URI content://com.google.android.gms.fonts [CONTEXT service_id=132 ]
10-31 06:29:49.165  3960  4244 I FontLog : Query [Google Sans:500] resolved to {Google Sans, wdth 100.0, wght 500, ital 0.0, bestEffort false} [CONTEXT service_id=132 ]
10-31 06:29:49.166 30535 30535 D AndroidRuntime: >>>>>> START com.android.internal.os.RuntimeInit uid 2000 <<<<<<
10-31 06:29:49.172  3960  4244 I FontLog : Font PFD returned from cache for {Google Sans, wdth 100.0, wght 500, ital 0.0, bestEffort false} [CONTEXT service_id=132 ]
10-31 06:29:49.172  3960  4244 I FontLog : Fetch {Google Sans, wdth 100.0, wght 500, ital 0.0, bestEffort false} end status Status{statusCode=SUCCESS, resolution=null} [CONTEXT service_id=132 ]
10-31 06:29:49.190  3960  6244 I FontLog : Pulling font file for id = 1643, cache size = 7 [CONTEXT service_id=132 ]
10-31 06:29:49.251  3960  4217 I FontLog : Received query Google Sans:700, URI content://com.google.android.gms.fonts [CONTEXT service_id=132 ]
10-31 06:29:49.251  3960  4217 I FontLog : Query [Google Sans:700] resolved to {Google Sans, wdth 100.0, wght 700, ital 0.0, bestEffort false} [CONTEXT service_id=132 ]
10-31 06:29:49.253  3960  4217 I FontLog : Fetch {Google Sans, wdth 100.0, wght 700, ital 0.0, bestEffort false} end status Status{statusCode=SUCCESS, resolution=null} [CONTEXT service_id=132 ]
10-31 06:29:49.266  3960  6244 I FontLog : Pulling font file for id = 1644, cache size = 6 [CONTEXT service_id=132 ]
10-31 06:29:49.292 30535 30535 D AndroidRuntime: Calling main entry com.android.commands.pm.Pm
10-31 06:29:49.322   772 10860 I ActivityManager: Force stopping com.android.chrome appid=10060 user=0: clear data
10-31 06:29:49.323   772 10860 I ActivityManager: Killing 30522:com.android.chrome/u0a60 (adj 700): stop com.android.chrome
10-31 06:29:49.327   772   788 I ActivityManager: Force stopping com.android.chrome appid=10060 user=-1: clearApplicationUserData
10-31 06:29:49.330   560   560 I keystore: clear_uid 10060
10-31 06:29:49.363  1311  1311 D CarrierSvcBindHelper: No carrier app for: 0
10-31 06:29:49.368   772   787 W ResourceType: No known package when getting value for resource number 0x7f0904db
10-31 06:29:49.368   772   787 W ResourceType: No known package when getting value for resource number 0x7f140670
10-31 06:29:49.369   772   787 W ResourceType: No known package when getting value for resource number 0x7f0904da
10-31 06:29:49.369 30535 30535 I app_process: System.exit called, status: 0
10-31 06:29:49.369   772   787 W ResourceType: No known package when getting value for resource number 0x7f14018b
10-31 06:29:49.369   772   787 W ResourceType: No known package when getting value for resource number 0x7f14066f
10-31 06:29:49.369   772   787 W ResourceType: No known package when getting value for resource number 0x7f140434
10-31 06:29:49.369 30535 30535 I AndroidRuntime: VM exiting with result code 0.
10-31 06:29:49.369   772   787 E ShortcutService: Ignoring excessive intent tag.
10-31 06:29:49.392  3960 30483 I Fitness : FitCleanupIntentOperation received Intent android.intent.action.PACKAGE_DATA_CLEARED [CONTEXT service_id=17 ]
10-31 06:29:49.413  2964  2964 D RegisteredNfcFServicesCache: Service unchanged, not updating
10-31 06:29:49.423 13542 29708 I Icing   : doRemovePackageData com.android.chrome
10-31 06:29:49.423 13542 29708 I Icing   : Removing corpus key com.android.chrome-omnibox for package com.android.chrome
10-31 06:29:49.503 13542 29708 I Icing   : updateResources: need to parse anue{com.android.chrome}
10-31 06:29:49.624 13542 29708 I Icing   : Indexing com.android.chrome-omnibox from com.android.chrome
10-31 06:29:49.637   772  4539 I ActivityManager: Start proc 30559:com.android.chrome/u0a60 for content provider com.android.chrome/com.google.android.apps.chrome.icing.IcingProvider
10-31 06:29:49.686 30559 30559 I cr_SplitCompatApp: Launched version=106.0.5249.79 minSdkVersion=24 isBundle=true processName=com.android.chrome isIsolated=false
10-31 06:29:49.811  3960  4217 I FontLog : Received query Google Sans, URI content://com.google.android.gms.fonts [CONTEXT service_id=132 ]
10-31 06:29:49.811  3960  4217 I FontLog : Query [Google Sans] resolved to {Google Sans, wdth 100.0, wght 400, ital 0.0, bestEffort false} [CONTEXT service_id=132 ]
10-31 06:29:49.820  3960  4217 I FontLog : Font PFD returned from cache for {Google Sans, wdth 100.0, wght 400, ital 0.0, bestEffort false} [CONTEXT service_id=132 ]
10-31 06:29:49.821  3960  4217 I FontLog : Fetch {Google Sans, wdth 100.0, wght 400, ital 0.0, bestEffort false} end status Status{statusCode=SUCCESS, resolution=null} [CONTEXT service_id=132 ]
10-31 06:29:49.902  3960  6244 I FontLog : Pulling font file for id = 1645, cache size = 7 [CONTEXT service_id=132 ]
10-31 06:29:49.920 13542 29708 I Icing   : Indexing done com.android.chrome-omnibox
10-31 06:29:49.998 30559 30578 I cr_LibraryLoader: Successfully loaded native library
10-31 06:29:50.003 30559 30578 I cr_CachingUmaRecorder: Flushed 20 samples from 19 histograms.
10-31 06:29:50.056  3960  3972 I FontLog : Received query Google Sans:500, URI content://com.google.android.gms.fonts [CONTEXT service_id=132 ]
10-31 06:29:50.060  3960  3972 I FontLog : Query [Google Sans:500] resolved to {Google Sans, wdth 100.0, wght 500, ital 0.0, bestEffort false} [CONTEXT service_id=132 ]
10-31 06:29:50.062  3960  3972 I FontLog : Font PFD returned from cache for {Google Sans, wdth 100.0, wght 500, ital 0.0, bestEffort false} [CONTEXT service_id=132 ]
10-31 06:29:50.062  3960  3972 I FontLog : Fetch {Google Sans, wdth 100.0, wght 500, ital 0.0, bestEffort false} end status Status{statusCode=SUCCESS, resolution=null} [CONTEXT service_id=132 ]
10-31 06:29:50.087  3960  4217 I FontLog : Pulling font file for id = 1646, cache size = 7 [CONTEXT service_id=132 ]
10-31 06:29:50.147  3960  6244 I FontLog : Received query Google Sans:700, URI content://com.google.android.gms.fonts [CONTEXT service_id=132 ]
10-31 06:29:50.147  3960  6244 I FontLog : Query [Google Sans:700] resolved to {Google Sans, wdth 100.0, wght 700, ital 0.0, bestEffort false} [CONTEXT service_id=132 ]
10-31 06:29:50.161  3960  6244 I FontLog : Fetch {Google Sans, wdth 100.0, wght 700, ital 0.0, bestEffort false} end status Status{statusCode=SUCCESS, resolution=null} [CONTEXT service_id=132 ]
10-31 06:29:50.177  3960  4244 I FontLog : Pulling font file for id = 1647, cache size = 8 [CONTEXT service_id=132 ]
10-31 06:29:50.252  3960  3970 I zygote64: Background concurrent copying GC freed 227172(11MB) AllocSpace objects, 10(220KB) LOS objects, 50% free, 10MB/20MB, paused 1.210ms total 102.055ms
