10-31 22:31:09.758   372   376 D DrmLibTime: command id, time_cmd_id = 770
10-31 22:31:09.758   372   376 D DrmLibTime: time_getutcsec starts!
10-31 22:31:09.758   372   376 D DrmLibTime: QSEE Time Listener: time_getutcsec
10-31 22:31:09.758   372   376 D DrmLibTime: QSEE Time Listener: get_utc_seconds
10-31 22:31:09.758   372   376 D DrmLibTime: QSEE Time Listener: time_get_modem_time
10-31 22:31:09.758   372   376 D DrmLibTime: QSEE Time Listener: Checking if ATS_MODEM is set or not.
10-31 22:31:09.758   372   376 D QC-time-services: Lib:time_genoff_operation: pargs->base = 13
10-31 22:31:09.758   372   376 D QC-time-services: Lib:time_genoff_operation: pargs->operation = 2
10-31 22:31:09.758   372   376 D QC-time-services: Lib:time_genoff_operation: pargs->ts_val = 0
10-31 22:31:09.758   372   376 D QC-time-services: Lib:time_genoff_operation: Send to server  passed!!
10-31 22:31:09.758   625   647 D QC-time-services: Daemon: Connection accepted:time_genoff
10-31 22:31:09.759   625 31477 D QC-time-services: Daemon:Received base = 13, unit = 1, operation = 2,value = 0
10-31 22:31:09.759   625 31477 D QC-time-services: Daemon:genoff_opr: Base = 13, val = 0, operation = 2
10-31 22:31:09.759   625 31477 D QC-time-services: offset is: 0 for base: 13
10-31 22:31:09.759   372   376 E QC-time-services: Receive Passed == base = 13, unit = 1, operation = 2, result = 0
10-31 22:31:09.759   372   376 D DrmLibTime: QSEE Time Listener: ATS_MODEM is not set. Fallback to Android system time.
10-31 22:31:09.759   372   376 D DrmLibTime: QSEE Time Listener: Retrieved Android system time: 1667251869
10-31 22:31:09.759   372   376 D DrmLibTime: time_getutcsec returns 0, sec = 1667251869; nsec = 0
10-31 22:31:09.759   372   376 D DrmLibTime: time_getutcsec finished! 
10-31 22:31:09.759   372   376 D DrmLibTime: iotcl_continue_command finished! and return 0 
10-31 22:31:09.759   372   376 D DrmLibTime: before calling ioctl to read the next time_cmd
10-31 22:31:09.760   625   647 E QC-time-services: Daemon: Time-services: Waiting to acceptconnection
10-31 22:31:09.796   562 19051 D WVCdm   : OEMCrypto_Initialize Level 1 success. I will use level 1.
10-31 22:31:09.796   562 19051 D QSEECOMAPI: : QSEECom_dealloc_memory 
10-31 22:31:09.796   562 19051 D QSEECOMAPI: : QSEECom_shutdown_app, app_id = 3452
10-31 22:31:09.808   562   562 I WVCdm   : CdmEngine::OpenSession
10-31 22:31:09.808   562   562 I WVCdm   : Level3 Library 4445 May 19 2017 17:17:20
10-31 22:31:09.811   562   562 D QSEECOMAPI: : QSEECom_get_handle sb_length = 0x19000
10-31 22:31:09.811   562   562 D QSEECOMAPI: : App is not loaded in QSEE
10-31 22:31:09.868   562   562 D QSEECOMAPI: : Loaded image: APP id = 3453
10-31 22:31:09.871   562   562 D QSAPPSVER: qsapps_get_capabilities: Capability from secure side: 0x0
10-31 22:31:09.871   562   562 D QSAPPSVER: qsapps_get_capabilities: returns 0
10-31 22:31:09.871   562   562 E DrmWidevineDash: sion_buffer g_wv_fhandle->ion_sbuffer  0x0xeeca5000
10-31 22:31:09.876   372   376 D DrmLibTime: got the req here! ret=0
10-31 22:31:09.876   372   376 D DrmLibTime: command id, time_cmd_id = 770
10-31 22:31:09.876   372   376 D DrmLibTime: time_getutcsec starts!
10-31 22:31:09.876   372   376 D DrmLibTime: QSEE Time Listener: time_getutcsec
10-31 22:31:09.876   372   376 D DrmLibTime: QSEE Time Listener: get_utc_seconds
10-31 22:31:09.876   372   376 D DrmLibTime: QSEE Time Listener: time_get_modem_time
10-31 22:31:09.876   372   376 D DrmLibTime: QSEE Time Listener: Checking if ATS_MODEM is set or not.
10-31 22:31:09.876   372   376 D QC-time-services: Lib:time_genoff_operation: pargs->base = 13
10-31 22:31:09.876   372   376 D QC-time-services: Lib:time_genoff_operation: pargs->operation = 2
10-31 22:31:09.876   372   376 D QC-time-services: Lib:time_genoff_operation: pargs->ts_val = 0
10-31 22:31:09.876   372   376 D QC-time-services: Lib:time_genoff_operation: Send to server  passed!!
10-31 22:31:09.876   625   647 D QC-time-services: Daemon: Connection accepted:time_genoff
10-31 22:31:09.877   625 31478 D QC-time-services: Daemon:Received base = 13, unit = 1, operation = 2,value = 0
10-31 22:31:09.877   625 31478 D QC-time-services: Daemon:genoff_opr: Base = 13, val = 0, operation = 2
10-31 22:31:09.877   625 31478 D QC-time-services: offset is: 0 for base: 13
10-31 22:31:09.877   372   376 E QC-time-services: Receive Passed == base = 13, unit = 1, operation = 2, result = 0
10-31 22:31:09.877   372   376 D DrmLibTime: QSEE Time Listener: ATS_MODEM is not set. Fallback to Android system time.
10-31 22:31:09.877   372   376 D DrmLibTime: QSEE Time Listener: Retrieved Android system time: 1667251869
10-31 22:31:09.877   372   376 D DrmLibTime: time_getutcsec returns 0, sec = 1667251869; nsec = 0
10-31 22:31:09.877   372   376 D DrmLibTime: time_getutcsec finished! 
10-31 22:31:09.877   372   376 D DrmLibTime: iotcl_continue_command finished! and return 0 
10-31 22:31:09.877   372   376 D DrmLibTime: before calling ioctl to read the next time_cmd
10-31 22:31:09.877   625   647 E QC-time-services: Daemon: Time-services: Waiting to acceptconnection
10-31 22:31:09.904   562   562 D WVCdm   : OEMCrypto_Initialize Level 1 success. I will use level 1.
10-31 22:31:09.904   562   562 D WVCdm   : CryptoSession::Open: Lock: requested_security_level: L3
10-31 22:31:09.910   562   562 W WVCdm   : DeviceFiles::RetrieveHashedFile: /data/mediadrm/IDM1013/L3/cert.bin does not exist
10-31 22:31:09.911   562   562 D QSEECOMAPI: : QSEECom_dealloc_memory 
10-31 22:31:09.912   562   562 D QSEECOMAPI: : QSEECom_shutdown_app, app_id = 3453
10-31 22:31:09.933   562  5487 I WVCdm   : Level3 Library 4445 May 19 2017 17:17:20
10-31 22:31:09.940   562  5487 D QSEECOMAPI: : QSEECom_get_handle sb_length = 0x19000
10-31 22:31:09.940   562  5487 D QSEECOMAPI: : App is not loaded in QSEE
10-31 22:31:09.988   562  5487 D QSEECOMAPI: : Loaded image: APP id = 3454
10-31 22:31:09.991   562  5487 D QSAPPSVER: qsapps_get_capabilities: Capability from secure side: 0x0
10-31 22:31:09.991   562  5487 D QSAPPSVER: qsapps_get_capabilities: returns 0
10-31 22:31:09.991   562  5487 E DrmWidevineDash: sion_buffer g_wv_fhandle->ion_sbuffer  0x0xeeca5000
10-31 22:31:09.995   372   376 D DrmLibTime: got the req here! ret=0
10-31 22:31:09.995   372   376 D DrmLibTime: command id, time_cmd_id = 770
10-31 22:31:09.995   372   376 D DrmLibTime: time_getutcsec starts!
10-31 22:31:09.995   372   376 D DrmLibTime: QSEE Time Listener: time_getutcsec
10-31 22:31:09.995   372   376 D DrmLibTime: QSEE Time Listener: get_utc_seconds
10-31 22:31:09.995   372   376 D DrmLibTime: QSEE Time Listener: time_get_modem_time
10-31 22:31:09.995   372   376 D DrmLibTime: QSEE Time Listener: Checking if ATS_MODEM is set or not.
10-31 22:31:09.995   372   376 D QC-time-services: Lib:time_genoff_operation: pargs->base = 13
10-31 22:31:09.995   372   376 D QC-time-services: Lib:time_genoff_operation: pargs->operation = 2
10-31 22:31:09.995   372   376 D QC-time-services: Lib:time_genoff_operation: pargs->ts_val = 0
10-31 22:31:09.995   372   376 D QC-time-services: Lib:time_genoff_operation: Send to server  passed!!
10-31 22:31:09.996   625   647 D QC-time-services: Daemon: Connection accepted:time_genoff
10-31 22:31:09.996   625 31479 D QC-time-services: Daemon:Received base = 13, unit = 1, operation = 2,value = 0
10-31 22:31:09.996   625 31479 D QC-time-services: Daemon:genoff_opr: Base = 13, val = 0, operation = 2
10-31 22:31:09.996   625 31479 D QC-time-services: offset is: 0 for base: 13
10-31 22:31:09.996   372   376 E QC-time-services: Receive Passed == base = 13, unit = 1, operation = 2, result = 0
10-31 22:31:09.996   372   376 D DrmLibTime: QSEE Time Listener: ATS_MODEM is not set. Fallback to Android system time.
10-31 22:31:09.996   372   376 D DrmLibTime: QSEE Time Listener: Retrieved Android system time: 1667251869
10-31 22:31:09.996   372   376 D DrmLibTime: time_getutcsec returns 0, sec = 1667251869; nsec = 0
10-31 22:31:09.996   372   376 D DrmLibTime: time_getutcsec finished! 
10-31 22:31:09.996   372   376 D DrmLibTime: iotcl_continue_command finished! and return 0 
10-31 22:31:09.996   372   376 D DrmLibTime: before calling ioctl to read the next time_cmd
10-31 22:31:09.997   625   647 E QC-time-services: Daemon: Time-services: Waiting to acceptconnection
10-31 22:31:10.031   562  5487 D WVCdm   : OEMCrypto_Initialize Level 1 success. I will use level 1.
10-31 22:31:10.031   562  5487 D WVCdm   : CryptoSession::Open: Lock: requested_security_level: L3
10-31 22:31:10.042 30943 30943 I cr_media: Provisioning origin ID CA48219D376E16D7C5D6F033AC547AB3
10-31 22:31:10.043 30943 30943 I MediaDrm: Drm event (1,0)
10-31 22:31:10.043 30943 30943 E cr_media: EventListener: No session for event 1.
10-31 22:31:10.079 31480 31480 E /system/bin/webview_zygote32: failed to make and chown /acct/uid_99752: Permission denied
10-31 22:31:10.079 31480 31480 E Zygote  : createProcessGroup(99752, 0) failed: Permission denied
10-31 22:31:10.090   772  1259 I ActivityManager: Start proc 31480:com.android.chrome:sandboxed_process12/u0i752 for webview_service com.android.chrome/org.chromium.content.app.SandboxedProcessService12
10-31 22:31:10.096   562 28303 D QSEECOMAPI: : QSEECom_dealloc_memory 
10-31 22:31:10.096   562 28303 D QSEECOMAPI: : QSEECom_shutdown_app, app_id = 3454
10-31 22:31:10.107 31480 31480 I SamplingProfilerIntegration: Profiling disabled.
10-31 22:31:10.117 30943 30943 I cr_media: Create MediaDrmBridge with level L1 and origin CA48219D376E16D7C5D6F033AC547AB3
10-31 22:31:10.119   361   361 W /system/bin/hwservicemanager: getTransportFromManifest: Cannot find entry android.hardware.drm@1.0::IDrmFactory in either framework or device manifest, using default transport.
10-31 22:31:10.122   562 19050 I DrmHal  : makeDrmFactories: using default drm instance
10-31 22:31:10.125   361   361 W /system/bin/hwservicemanager: getTransportFromManifest: Cannot find entry android.hardware.drm@1.0::IDrmFactory in either framework or device manifest, using default transport.
10-31 22:31:10.127   562   562 I DrmHal  : makeDrmFactories: using default drm instance
10-31 22:31:10.129   562 19050 I WVCdm   : CdmEngine::QueryStatus
10-31 22:31:10.129   562 19050 I WVCdm   : Level3 Library 4445 May 19 2017 17:17:20
10-31 22:31:10.130 31497 31497 E asset   : setgid: Operation not permitted
10-31 22:31:10.133   562 19050 D QSEECOMAPI: : QSEECom_get_handle sb_length = 0x19000
10-31 22:31:10.133   562 19050 D QSEECOMAPI: : App is not loaded in QSEE
10-31 22:31:10.163 31480 31480 I cr_SplitCompatApp: Launched version=106.0.5249.79 minSdkVersion=24 isBundle=true processName=com.android.chrome:sandboxed_process12 isIsolated=true
10-31 22:31:10.170 31480 31480 W SystemServiceRegistry: No service published for: uimode
10-31 22:31:10.181 31480 31480 I cr_ChildProcessService: Creating new ChildProcessService pid=31480
10-31 22:31:10.188   562 19050 D QSEECOMAPI: : Loaded image: APP id = 3455
10-31 22:31:10.193   562 19050 D QSAPPSVER: qsapps_get_capabilities: Capability from secure side: 0x0
10-31 22:31:10.193   562 19050 D QSAPPSVER: qsapps_get_capabilities: returns 0
10-31 22:31:10.193   562 19050 E DrmWidevineDash: sion_buffer g_wv_fhandle->ion_sbuffer  0x0xeec87000
10-31 22:31:10.195 31480 31480 E WebViewFactory: can't load with relro file; address space not reserved
10-31 22:31:10.197   372   376 D DrmLibTime: got the req here! ret=0
10-31 22:31:10.197   372   376 D DrmLibTime: command id, time_cmd_id = 770
10-31 22:31:10.197   372   376 D DrmLibTime: time_getutcsec starts!
10-31 22:31:10.197   372   376 D DrmLibTime: QSEE Time Listener: time_getutcsec
10-31 22:31:10.197   372   376 D DrmLibTime: QSEE Time Listener: get_utc_seconds
10-31 22:31:10.197   372   376 D DrmLibTime: QSEE Time Listener: time_get_modem_time
10-31 22:31:10.197   372   376 D DrmLibTime: QSEE Time Listener: Checking if ATS_MODEM is set or not.
10-31 22:31:10.197   372   376 D QC-time-services: Lib:time_genoff_operation: pargs->base = 13
10-31 22:31:10.197   372   376 D QC-time-services: Lib:time_genoff_operation: pargs->operation = 2
10-31 22:31:10.197   372   376 D QC-time-services: Lib:time_genoff_operation: pargs->ts_val = 0
10-31 22:31:10.197   372   376 D QC-time-services: Lib:time_genoff_operation: Send to server  passed!!
10-31 22:31:10.198   625   647 D QC-time-services: Daemon: Connection accepted:time_genoff
10-31 22:31:10.198   625 31500 D QC-time-services: Daemon:Received base = 13, unit = 1, operation = 2,value = 0
10-31 22:31:10.198   625 31500 D QC-time-services: Daemon:genoff_opr: Base = 13, val = 0, operation = 2
10-31 22:31:10.198   625 31500 D QC-time-services: offset is: 0 for base: 13
10-31 22:31:10.198   372   376 E QC-time-services: Receive Passed == base = 13, unit = 1, operation = 2, result = 0
10-31 22:31:10.198   372   376 D DrmLibTime: QSEE Time Listener: ATS_MODEM is not set. Fallback to Android system time.
10-31 22:31:10.198   372   376 D DrmLibTime: QSEE Time Listener: Retrieved Android system time: 1667251870
10-31 22:31:10.198   372   376 D DrmLibTime: time_getutcsec returns 0, sec = 1667251870; nsec = 0
10-31 22:31:10.198   372   376 D DrmLibTime: time_getutcsec finished! 
10-31 22:31:10.198   372   376 D DrmLibTime: iotcl_continue_command finished! and return 0 
10-31 22:31:10.198   372   376 D DrmLibTime: before calling ioctl to read the next time_cmd
10-31 22:31:10.198   625   647 E QC-time-services: Daemon: Time-services: Waiting to acceptconnection
10-31 22:31:10.207 31480 31498 I cr_LibraryLoader: Successfully loaded native library
10-31 22:31:10.208 31480 31498 I cr_CachingUmaRecorder: Flushed 3 samples from 3 histograms.
10-31 22:31:10.232   562 19050 D WVCdm   : OEMCrypto_Initialize Level 1 success. I will use level 1.
10-31 22:31:10.233   562 19050 D QSEECOMAPI: : QSEECom_dealloc_memory 
10-31 22:31:10.233   562 19050 D QSEECOMAPI: : QSEECom_shutdown_app, app_id = 3455
10-31 22:31:10.235 31503 31503 W ThreadPoolForeg: type=1400 audit(0.0:19256): avc: denied { setattr } for name="LICENSE.txt" dev="dm-2" ino=1505091 scontext=u:r:isolated_app:s0:c512,c768 tcontext=u:object_r:app_data_file:s0:c512,c768 tclass=file permissive=0
10-31 22:31:10.241 31503 31503 W ThreadPoolForeg: type=1400 audit(0.0:19257): avc: denied { setattr } for name=46696C746572696E672052756C6573 dev="dm-2" ino=1505092 scontext=u:r:isolated_app:s0:c512,c768 tcontext=u:object_r:app_data_file:s0:c512,c768 tclass=file permissive=0
10-31 22:31:10.241 31503 31503 W ThreadPoolForeg: type=1400 audit(0.0:19258): avc: denied { setattr } for name="manifest.json" dev="dm-2" ino=1505093 scontext=u:r:isolated_app:s0:c512,c768 tcontext=u:object_r:app_data_file:s0:c512,c768 tclass=file permissive=0
10-31 22:31:10.248 31503 31503 W ThreadPoolForeg: type=1400 audit(0.0:19259): avc: denied { setattr } for name="verified_contents.json" dev="dm-2" ino=1505105 scontext=u:r:isolated_app:s0:c512,c768 tcontext=u:object_r:app_data_file:s0:c512,c768 tclass=file permissive=0
10-31 22:31:10.248   562 28303 I WVCdm   : CdmEngine::OpenSession
10-31 22:31:10.248   562 28303 I WVCdm   : Level3 Library 4445 May 19 2017 17:17:20
10-31 22:31:10.252   562 28303 D QSEECOMAPI: : QSEECom_get_handle sb_length = 0x19000
10-31 22:31:10.252   562 28303 D QSEECOMAPI: : App is not loaded in QSEE
10-31 22:31:10.255 31480 31498 I chromium: [INFO:child_process_service.cc(69)] ChildProcessService: Exiting child process.
10-31 22:31:10.258   422   422 E lowmemorykiller: Error writing /proc/31480/oom_score_adj; errno=22
10-31 22:31:10.258   772  1259 I ActivityManager: Killing 31480:com.android.chrome:sandboxed_process12/u0a60i752 (adj 0): isolated not needed
10-31 22:31:10.259   772   790 W zygote64: failed to open /acct/uid_99752/pid_31480/cgroup.procs: No such file or directory
10-31 22:31:10.300   562 28303 D QSEECOMAPI: : Loaded image: APP id = 3456
10-31 22:31:10.302   562 28303 D QSAPPSVER: qsapps_get_capabilities: Capability from secure side: 0x0
10-31 22:31:10.302   562 28303 D QSAPPSVER: qsapps_get_capabilities: returns 0
10-31 22:31:10.303   562 28303 E DrmWidevineDash: sion_buffer g_wv_fhandle->ion_sbuffer  0x0xeec87000
10-31 22:31:10.306   372   376 D DrmLibTime: got the req here! ret=0
10-31 22:31:10.307   372   376 D DrmLibTime: command id, time_cmd_id = 770
10-31 22:31:10.307   372   376 D DrmLibTime: time_getutcsec starts!
10-31 22:31:10.307   372   376 D DrmLibTime: QSEE Time Listener: time_getutcsec
10-31 22:31:10.307   372   376 D DrmLibTime: QSEE Time Listener: get_utc_seconds
10-31 22:31:10.307   372   376 D DrmLibTime: QSEE Time Listener: time_get_modem_time
10-31 22:31:10.307   372   376 D DrmLibTime: QSEE Time Listener: Checking if ATS_MODEM is set or not.
10-31 22:31:10.307   372   376 D QC-time-services: Lib:time_genoff_operation: pargs->base = 13
10-31 22:31:10.307   372   376 D QC-time-services: Lib:time_genoff_operation: pargs->operation = 2
10-31 22:31:10.307   372   376 D QC-time-services: Lib:time_genoff_operation: pargs->ts_val = 0
10-31 22:31:10.307   372   376 D QC-time-services: Lib:time_genoff_operation: Send to server  passed!!
10-31 22:31:10.307   625   647 D QC-time-services: Daemon: Connection accepted:time_genoff
10-31 22:31:10.308   625 31507 D QC-time-services: Daemon:Received base = 13, unit = 1, operation = 2,value = 0
10-31 22:31:10.308   625 31507 D QC-time-services: Daemon:genoff_opr: Base = 13, val = 0, operation = 2
10-31 22:31:10.308   625 31507 D QC-time-services: offset is: 0 for base: 13
10-31 22:31:10.308   372   376 E QC-time-services: Receive Passed == base = 13, unit = 1, operation = 2, result = 0
10-31 22:31:10.308   372   376 D DrmLibTime: QSEE Time Listener: ATS_MODEM is not set. Fallback to Android system time.
10-31 22:31:10.308   372   376 D DrmLibTime: QSEE Time Listener: Retrieved Android system time: 1667251870
10-31 22:31:10.308   372   376 D DrmLibTime: time_getutcsec returns 0, sec = 1667251870; nsec = 0
10-31 22:31:10.308   372   376 D DrmLibTime: time_getutcsec finished! 
10-31 22:31:10.308   372   376 D DrmLibTime: iotcl_continue_command finished! and return 0 
10-31 22:31:10.308   372   376 D DrmLibTime: before calling ioctl to read the next time_cmd
10-31 22:31:10.308   625   647 E QC-time-services: Daemon: Time-services: Waiting to acceptconnection
10-31 22:31:10.341   562 28303 D WVCdm   : OEMCrypto_Initialize Level 1 success. I will use level 1.
10-31 22:31:10.341   562 28303 D WVCdm   : CryptoSession::Open: Lock: requested_security_level: Default
10-31 22:31:10.344   562 28303 W WVCdm   : DeviceFiles::RetrieveHashedFile: /data/mediadrm/IDM1013/L1/cert.bin does not exist
10-31 22:31:10.345   562 28303 D QSEECOMAPI: : QSEECom_dealloc_memory 
10-31 22:31:10.345   562 28303 D QSEECOMAPI: : QSEECom_shutdown_app, app_id = 3456
10-31 22:31:10.357   562  5487 I WVCdm   : Level3 Library 4445 May 19 2017 17:17:20
10-31 22:31:10.361   562  5487 D QSEECOMAPI: : QSEECom_get_handle sb_length = 0x19000
10-31 22:31:10.362   562  5487 D QSEECOMAPI: : App is not loaded in QSEE
10-31 22:31:10.409   562  5487 D QSEECOMAPI: : Loaded image: APP id = 3457
10-31 22:31:10.413   562  5487 D QSAPPSVER: qsapps_get_capabilities: Capability from secure side: 0x0
10-31 22:31:10.413   562  5487 D QSAPPSVER: qsapps_get_capabilities: returns 0
10-31 22:31:10.413   562  5487 E DrmWidevineDash: sion_buffer g_wv_fhandle->ion_sbuffer  0x0xeecc3000
10-31 22:31:10.417   372   376 D DrmLibTime: got the req here! ret=0
10-31 22:31:10.417   372   376 D DrmLibTime: command id, time_cmd_id = 770
10-31 22:31:10.417   372   376 D DrmLibTime: time_getutcsec starts!
10-31 22:31:10.417   372   376 D DrmLibTime: QSEE Time Listener: time_getutcsec
10-31 22:31:10.417   372   376 D DrmLibTime: QSEE Time Listener: get_utc_seconds
10-31 22:31:10.417   372   376 D DrmLibTime: QSEE Time Listener: time_get_modem_time
10-31 22:31:10.417   372   376 D DrmLibTime: QSEE Time Listener: Checking if ATS_MODEM is set or not.
10-31 22:31:10.417   372   376 D QC-time-services: Lib:time_genoff_operation: pargs->base = 13
10-31 22:31:10.417   372   376 D QC-time-services: Lib:time_genoff_operation: pargs->operation = 2
10-31 22:31:10.417   372   376 D QC-time-services: Lib:time_genoff_operation: pargs->ts_val = 0
10-31 22:31:10.417   372   376 D QC-time-services: Lib:time_genoff_operation: Send to server  passed!!
10-31 22:31:10.417   625   647 D QC-time-services: Daemon: Connection accepted:time_genoff
10-31 22:31:10.418   625 31508 D QC-time-services: Daemon:Received base = 13, unit = 1, operation = 2,value = 0
10-31 22:31:10.418   625 31508 D QC-time-services: Daemon:genoff_opr: Base = 13, val = 0, operation = 2
10-31 22:31:10.418   625 31508 D QC-time-services: offset is: 0 for base: 13
10-31 22:31:10.418   372   376 E QC-time-services: Receive Passed == base = 13, unit = 1, operation = 2, result = 0
10-31 22:31:10.418   372   376 D DrmLibTime: QSEE Time Listener: ATS_MODEM is not set. Fallback to Android system time.
10-31 22:31:10.418   372   376 D DrmLibTime: QSEE Time Listener: Retrieved Android system time: 1667251870
10-31 22:31:10.418   372   376 D DrmLibTime: time_getutcsec returns 0, sec = 1667251870; nsec = 0
10-31 22:31:10.418   372   376 D DrmLibTime: time_getutcsec finished! 
10-31 22:31:10.418   372   376 D DrmLibTime: iotcl_continue_command finished! and return 0 
10-31 22:31:10.418   372   376 D DrmLibTime: before calling ioctl to read the next time_cmd
10-31 22:31:10.418   625   647 E QC-time-services: Daemon: Time-services: Waiting to acceptconnection
10-31 22:31:10.457   562  5487 D WVCdm   : OEMCrypto_Initialize Level 1 success. I will use level 1.
10-31 22:31:10.458   562  5487 D WVCdm   : CryptoSession::Open: Lock: requested_security_level: Default
10-31 22:31:10.571   562  5487 E DrmWidevineDash: OEMCrypto_GenerateSignature : input wrapped_rsa_key == NULL!, return short buffer
10-31 22:31:10.574 30943 30943 I cr_media: Provisioning origin ID CA48219D376E16D7C5D6F033AC547AB3
10-31 22:31:10.581 30943 30943 W chromium: [WARNING:compositor_view.cc(342)] Child process died (type=6) pid=31480)
10-31 22:31:10.589 30943 30943 I MediaDrm: Drm event (1,0)
10-31 22:31:10.589 30943 30943 E cr_media: EventListener: No session for event 1.
10-31 22:31:10.620   562   644 E DrmWidevineDash: OEMCrypto_RewrapDeviceRSAKey : input wrapped_rsa_key == NULL!, return short buffer
10-31 22:31:10.638   562   644 D QSEECOMAPI: : QSEECom_dealloc_memory 
10-31 22:31:10.638   562   644 D QSEECOMAPI: : QSEECom_shutdown_app, app_id = 3457
10-31 22:31:12.328 31510 31510 E /system/bin/webview_zygote32: failed to make and chown /acct/uid_99753: Permission denied
10-31 22:31:12.328 31510 31510 E Zygote  : createProcessGroup(99753, 0) failed: Permission denied
10-31 22:31:12.332   772  2970 I ActivityManager: Start proc 31510:com.android.chrome:sandboxed_process13/u0i753 for webview_service com.android.chrome/org.chromium.content.app.SandboxedProcessService13
10-31 22:31:12.346 31510 31510 I SamplingProfilerIntegration: Profiling disabled.
10-31 22:31:12.364 31525 31525 E asset   : setgid: Operation not permitted
10-31 22:31:12.394 31510 31510 I cr_SplitCompatApp: Launched version=106.0.5249.79 minSdkVersion=24 isBundle=true processName=com.android.chrome:sandboxed_process13 isIsolated=true
10-31 22:31:12.401 31510 31510 W SystemServiceRegistry: No service published for: uimode
10-31 22:31:12.411 31510 31510 I cr_ChildProcessService: Creating new ChildProcessService pid=31510
10-31 22:31:12.419 31510 31510 E WebViewFactory: can't load with relro file; address space not reserved
10-31 22:31:12.428 31510 31527 I cr_LibraryLoader: Successfully loaded native library
10-31 22:31:12.429 31510 31527 I cr_CachingUmaRecorder: Flushed 3 samples from 3 histograms.
10-31 22:31:12.511 31531 31531 W ThreadPoolForeg: type=1400 audit(0.0:19260): avc: denied { setattr } for name="tl_en-us_2022-10-26_484799359_100000_index.bin" dev="dm-2" ino=1505113 scontext=u:r:isolated_app:s0:c512,c768 tcontext=u:object_r:app_data_file:s0:c512,c768 tclass=file permissive=0
10-31 22:31:12.515 31531 31531 W ThreadPoolForeg: type=1400 audit(0.0:19261): avc: denied { setattr } for name="manifest.json" dev="dm-2" ino=1505114 scontext=u:r:isolated_app:s0:c512,c768 tcontext=u:object_r:app_data_file:s0:c512,c768 tclass=file permissive=0
10-31 22:31:12.521 31531 31531 W ThreadPoolForeg: type=1400 audit(0.0:19262): avc: denied { setattr } for name="verified_contents.json" dev="dm-2" ino=1505116 scontext=u:r:isolated_app:s0:c512,c768 tcontext=u:object_r:app_data_file:s0:c512,c768 tclass=file permissive=0
10-31 22:31:12.535 31510 31527 I chromium: [INFO:child_process_service.cc(69)] ChildProcessService: Exiting child process.
10-31 22:31:12.538   422   422 E lowmemorykiller: Error writing /proc/31510/oom_score_adj; errno=22
10-31 22:31:12.539   772  1324 I ActivityManager: Killing 31510:com.android.chrome:sandboxed_process13/u0a60i753 (adj 0): isolated not needed
10-31 22:31:12.540   772   790 W zygote64: failed to open /acct/uid_99753/pid_31510/cgroup.procs: No such file or directory
10-31 22:31:12.547 30943 30943 W chromium: [WARNING:compositor_view.cc(342)] Child process died (type=6) pid=31510)
10-31 22:31:14.575 31535 31535 E /system/bin/webview_zygote32: failed to make and chown /acct/uid_99754: Permission denied
10-31 22:31:14.575 31535 31535 E Zygote  : createProcessGroup(99754, 0) failed: Permission denied
10-31 22:31:14.580   772   784 I ActivityManager: Start proc 31535:com.android.chrome:sandboxed_process14/u0i754 for webview_service com.android.chrome/org.chromium.content.app.SandboxedProcessService14
10-31 22:31:14.610 31535 31535 I SamplingProfilerIntegration: Profiling disabled.
10-31 22:31:14.633 31548 31548 E asset   : setgid: Operation not permitted
10-31 22:31:14.666 31535 31535 I cr_SplitCompatApp: Launched version=106.0.5249.79 minSdkVersion=24 isBundle=true processName=com.android.chrome:sandboxed_process14 isIsolated=true
10-31 22:31:14.675 31535 31535 W SystemServiceRegistry: No service published for: uimode
10-31 22:31:14.687 31535 31535 I cr_ChildProcessService: Creating new ChildProcessService pid=31535
10-31 22:31:14.699 31535 31535 E WebViewFactory: can't load with relro file; address space not reserved
10-31 22:31:14.713 31535 31549 I cr_LibraryLoader: Successfully loaded native library
10-31 22:31:14.716 31535 31549 I cr_CachingUmaRecorder: Flushed 3 samples from 3 histograms.
10-31 22:31:14.755 31552 31552 W ThreadPoolForeg: type=1400 audit(0.0:19263): avc: denied { setattr } for name="optimization-hints.pb" dev="dm-2" ino=1505119 scontext=u:r:isolated_app:s0:c512,c768 tcontext=u:object_r:app_data_file:s0:c512,c768 tclass=file permissive=0
10-31 22:31:14.755 31552 31552 W ThreadPoolForeg: type=1400 audit(0.0:19264): avc: denied { setattr } for name="manifest.json" dev="dm-2" ino=1505120 scontext=u:r:isolated_app:s0:c512,c768 tcontext=u:object_r:app_data_file:s0:c512,c768 tclass=file permissive=0
10-31 22:31:14.758 31552 31552 W ThreadPoolForeg: type=1400 audit(0.0:19265): avc: denied { setattr } for name="verified_contents.json" dev="dm-2" ino=1505122 scontext=u:r:isolated_app:s0:c512,c768 tcontext=u:object_r:app_data_file:s0:c512,c768 tclass=file permissive=0
10-31 22:31:14.770 31535 31549 I chromium: [INFO:child_process_service.cc(69)] ChildProcessService: Exiting child process.
10-31 22:31:14.775   422   422 E lowmemorykiller: Error writing /proc/31535/oom_score_adj; errno=22
10-31 22:31:14.775   772   784 I ActivityManager: Killing 31535:com.android.chrome:sandboxed_process14/u0a60i754 (adj 0): isolated not needed
10-31 22:31:14.776   772   790 W zygote64: failed to open /acct/uid_99754/pid_31535/cgroup.procs: No such file or directory
10-31 22:31:14.793 30943 30943 W chromium: [WARNING:compositor_view.cc(342)] Child process died (type=6) pid=31535)
10-31 22:31:17.084 31556 31556 E /system/bin/webview_zygote32: failed to make and chown /acct/uid_99755: Permission denied
10-31 22:31:17.084 31556 31556 E Zygote  : createProcessGroup(99755, 0) failed: Permission denied
10-31 22:31:17.087   772   785 I ActivityManager: Start proc 31556:com.android.chrome:sandboxed_process15/u0i755 for webview_service com.android.chrome/org.chromium.content.app.SandboxedProcessService15
10-31 22:31:17.119 31556 31556 I SamplingProfilerIntegration: Profiling disabled.
10-31 22:31:17.144 31569 31569 E asset   : setgid: Operation not permitted
10-31 22:31:17.180 31556 31556 I cr_SplitCompatApp: Launched version=106.0.5249.79 minSdkVersion=24 isBundle=true processName=com.android.chrome:sandboxed_process15 isIsolated=true
10-31 22:31:17.188 31556 31556 W SystemServiceRegistry: No service published for: uimode
10-31 22:31:17.202 31556 31556 I cr_ChildProcessService: Creating new ChildProcessService pid=31556
10-31 22:31:17.213 31556 31556 E WebViewFactory: can't load with relro file; address space not reserved
10-31 22:31:17.226 31556 31570 I cr_LibraryLoader: Successfully loaded native library
10-31 22:31:17.228 31556 31570 I cr_CachingUmaRecorder: Flushed 3 samples from 3 histograms.
10-31 22:31:17.261 31574 31574 W ThreadPoolForeg: type=1400 audit(0.0:19266): avc: denied { setattr } for name="ssl_error_assistant.pb" dev="dm-2" ino=1505125 scontext=u:r:isolated_app:s0:c512,c768 tcontext=u:object_r:app_data_file:s0:c512,c768 tclass=file permissive=0
10-31 22:31:17.261 31574 31574 W ThreadPoolForeg: type=1400 audit(0.0:19267): avc: denied { setattr } for name="ssl_error_assistant.pb" dev="dm-2" ino=1505125 scontext=u:r:isolated_app:s0:c512,c768 tcontext=u:object_r:app_data_file:s0:c512,c768 tclass=file permissive=0
10-31 22:31:17.261 31574 31574 W ThreadPoolForeg: type=1400 audit(0.0:19268): avc: denied { setattr } for name="manifest.json" dev="dm-2" ino=1505126 scontext=u:r:isolated_app:s0:c512,c768 tcontext=u:object_r:app_data_file:s0:c512,c768 tclass=file permissive=0
10-31 22:31:17.265 31574 31574 W ThreadPoolForeg: type=1400 audit(0.0:19269): avc: denied { setattr } for name="verified_contents.json" dev="dm-2" ino=1505128 scontext=u:r:isolated_app:s0:c512,c768 tcontext=u:object_r:app_data_file:s0:c512,c768 tclass=file permissive=0
10-31 22:31:17.274 31556 31570 I chromium: [INFO:child_process_service.cc(69)] ChildProcessService: Exiting child process.
10-31 22:31:17.276   422   422 E lowmemorykiller: Error writing /proc/31556/oom_score_adj; errno=22
10-31 22:31:17.283   772  2970 I ActivityManager: Killing 31556:com.android.chrome:sandboxed_process15/u0a60i755 (adj 0): isolated not needed
10-31 22:31:17.284   772   790 W zygote64: failed to open /acct/uid_99755/pid_31556/cgroup.procs: No such file or directory
10-31 22:31:17.300 30943 30943 W chromium: [WARNING:compositor_view.cc(342)] Child process died (type=6) pid=31556)
10-31 22:31:19.866 31578 31578 E /system/bin/webview_zygote32: failed to make and chown /acct/uid_99756: Permission denied
10-31 22:31:19.866 31578 31578 E Zygote  : createProcessGroup(99756, 0) failed: Permission denied
10-31 22:31:19.873   772   996 I ActivityManager: Start proc 31578:com.android.chrome:sandboxed_process16/u0i756 for webview_service com.android.chrome/org.chromium.content.app.SandboxedProcessService16
10-31 22:31:19.894 31578 31578 I SamplingProfilerIntegration: Profiling disabled.
10-31 22:31:19.916 31591 31591 E asset   : setgid: Operation not permitted
10-31 22:31:19.947 31578 31578 I cr_SplitCompatApp: Launched version=106.0.5249.79 minSdkVersion=24 isBundle=true processName=com.android.chrome:sandboxed_process16 isIsolated=true
10-31 22:31:19.956 31578 31578 W SystemServiceRegistry: No service published for: uimode
10-31 22:31:19.970 31578 31578 I cr_ChildProcessService: Creating new ChildProcessService pid=31578
10-31 22:31:19.979 31578 31578 E WebViewFactory: can't load with relro file; address space not reserved
10-31 22:31:19.992 31578 31592 I cr_LibraryLoader: Successfully loaded native library
10-31 22:31:19.994 31578 31592 I cr_CachingUmaRecorder: Flushed 3 samples from 3 histograms.
10-31 22:31:20.031 31597 31597 W ThreadPoolForeg: type=1400 audit(0.0:19270): avc: denied { setattr } for name="download_file_types.pb" dev="dm-2" ino=1505131 scontext=u:r:isolated_app:s0:c512,c768 tcontext=u:object_r:app_data_file:s0:c512,c768 tclass=file permissive=0
10-31 22:31:20.031 31597 31597 W ThreadPoolForeg: type=1400 audit(0.0:19271): avc: denied { setattr } for name="download_file_types.pb" dev="dm-2" ino=1505131 scontext=u:r:isolated_app:s0:c512,c768 tcontext=u:object_r:app_data_file:s0:c512,c768 tclass=file permissive=0
10-31 22:31:20.031 31597 31597 W ThreadPoolForeg: type=1400 audit(0.0:19272): avc: denied { setattr } for name="manifest.json" dev="dm-2" ino=1505132 scontext=u:r:isolated_app:s0:c512,c768 tcontext=u:object_r:app_data_file:s0:c512,c768 tclass=file permissive=0
10-31 22:31:20.035 31597 31597 W ThreadPoolForeg: type=1400 audit(0.0:19273): avc: denied { setattr } for name="verified_contents.json" dev="dm-2" ino=1505134 scontext=u:r:isolated_app:s0:c512,c768 tcontext=u:object_r:app_data_file:s0:c512,c768 tclass=file permissive=0
10-31 22:31:20.045 31578 31592 I chromium: [INFO:child_process_service.cc(69)] ChildProcessService: Exiting child process.
10-31 22:31:20.048   422   422 E lowmemorykiller: Error writing /proc/31578/oom_score_adj; errno=22
10-31 22:31:20.049   772 29404 I ActivityManager: Killing 31578:com.android.chrome:sandboxed_process16/u0a60i756 (adj 0): isolated not needed
10-31 22:31:20.049   772   790 W zygote64: failed to open /acct/uid_99756/pid_31578/cgroup.procs: No such file or directory
10-31 22:31:20.064 30943 30943 W chromium: [WARNING:compositor_view.cc(342)] Child process died (type=6) pid=31578)
10-31 22:31:20.798   772  1327 D WificondControl: Scan result ready event
10-31 22:31:20.853 29486 30686 I ChimeraSrvcProxy: NullBinder for android.net.action.RECOMMEND_NETWORKS triggering remote TransactionTooLargeException due to Service without Chimera impl
10-31 22:31:21.932   772   785 I ActivityManager: Force stopping com.android.chrome appid=10060 user=0: from pid 31610
10-31 22:31:21.932   772   785 I ActivityManager: Killing 31014:com.android.chrome:privileged_process0/u0a60 (adj 0): stop com.android.chrome
10-31 22:31:21.933   772   785 W ActivityManager: Scheduling restart of crashed service com.android.chrome/org.chromium.content.app.PrivilegedProcessService0 in 1000ms
10-31 22:31:21.939   772   785 I ActivityManager: Killing 30943:com.android.chrome/u0a60 (adj 0): stop com.android.chrome
10-31 22:31:21.944   772   785 W ActivityManager: Force removing ActivityRecord{b9cdda6 u0 com.android.chrome/com.google.android.apps.chrome.Main t952}: app died, no saved state
10-31 22:31:21.944 29692 29692 D BoundBrokerSvc: onUnbind: Intent { act=com.google.android.gms.auth.key.retrieval.service.START dat=chimera-action:com.google.android.gms.auth.key.retrieval.service.START cmp=com.google.android.gms/.chimera.GmsApiService }
10-31 22:31:21.946 30982 30982 I cr_ChildProcessService: Destroying ChildProcessService pid=30982
10-31 22:31:21.949 31222 31222 I cr_ChildProcessService: Destroying ChildProcessService pid=31222
10-31 22:31:21.950   772   785 I WindowManager: Failed to capture screenshot of Token{1b723e7 ActivityRecord{b9cdda6 u0 com.android.chrome/com.google.android.apps.chrome.Main t952 f}} appWin=Window{f2de773 u0 com.android.chrome/com.google.android.apps.chrome.Main} drawState=4
10-31 22:31:21.957 31222 31222 I /system/bin/webview_zygote32: System.exit called, status: 0
10-31 22:31:21.957 31222 31222 I AndroidRuntime: VM exiting with result code 0, cleanup skipped.
10-31 22:31:21.960   772   785 I ActivityManager: Killing 31222:com.android.chrome:sandboxed_process3/u0a60i743 (adj 0): isolated not needed
10-31 22:31:21.960 30982 30982 I /system/bin/webview_zygote32: System.exit called, status: 0
10-31 22:31:21.960 30982 30982 I AndroidRuntime: VM exiting with result code 0, cleanup skipped.
10-31 22:31:21.960   772   785 I ActivityManager: Killing 30982:com.android.chrome:sandboxed_process0/u0a60i740 (adj 0): isolated not needed
10-31 22:31:21.967 29296 29296 I MemoryTrimmer: Trimming objects from memory, since app is in the background.
10-31 22:31:21.973  1311  1311 D CarrierSvcBindHelper: No carrier app for: 0
10-31 22:31:21.996  2964  2964 D RegisteredNfcFServicesCache: Service unchanged, not updating
10-31 22:31:22.001 29407 29511 I Adreno  : QUALCOMM build                   : 7142022, Ib5823dd10c
10-31 22:31:22.001 29407 29511 I Adreno  : Build Date                       : 06/23/17
10-31 22:31:22.001 29407 29511 I Adreno  : OpenGL ES Shader Compiler Version: EV031.18.00.00
10-31 22:31:22.001 29407 29511 I Adreno  : Local Branch                     : O11A
10-31 22:31:22.001 29407 29511 I Adreno  : Remote Branch                    : 
10-31 22:31:22.001 29407 29511 I Adreno  : Remote Branch                    : 
10-31 22:31:22.001 29407 29511 I Adreno  : Reconstruct Branch               : 
10-31 22:31:22.007 29407 29511 I vndksupport: sphal namespace is not configured for this process. Loading /vendor/lib64/hw/gralloc.msm8992.so from the current namespace instead.
10-31 22:31:22.012 29407 29511 I Adreno  : PFP: 0x00000000, ME: 0x00000000
10-31 22:31:22.016 29407 29511 I OpenGLRenderer: Initialized EGL, version 1.4
10-31 22:31:22.016 29407 29511 D OpenGLRenderer: Swap behavior 2
10-31 22:31:22.044   772 13071 W ActivityManager: Unable to start service Intent { act=com.google.android.gms.speech.service.START pkg=com.google.android.gms } U=0: not found
10-31 22:31:22.045   772 13022 W ActivityManager: Unbind failed: could not find connection for android.os.BinderProxy@764aaa3
10-31 22:31:22.045 29296 29342 E GmsClient: unable to connect to service: com.google.android.gms.speech.service.START on com.google.android.gms
10-31 22:31:22.050   772  1324 D ConnectivityService: ConnectivityService NetworkRequestInfo binderDied(NetworkRequest [ LISTEN id=2353, [ Capabilities: INTERNET&NOT_RESTRICTED&TRUSTED&FOREGROUND] ], android.os.BinderProxy@eec81a0)
10-31 22:31:22.050   772  3041 D ConnectivityService: ConnectivityService NetworkRequestInfo binderDied(NetworkRequest [ LISTEN id=2354, [ Capabilities: INTERNET&NOT_RESTRICTED&TRUSTED&FOREGROUND] ], android.os.BinderProxy@bf22159)
10-31 22:31:22.050   772  2970 D ConnectivityService: ConnectivityService NetworkRequestInfo binderDied(NetworkRequest [ LISTEN id=2355, [ Capabilities: INTERNET&NOT_RESTRICTED&TRUSTED&FOREGROUND] ], android.os.BinderProxy@17811e)
10-31 22:31:22.051   772   797 W ActivityManager: setHasOverlayUi called on unknown pid: 30943
10-31 22:31:22.051   772   862 E ConnectivityService: RemoteException caught trying to send a callback msg for NetworkRequest [ LISTEN id=2354, [ Capabilities: INTERNET&NOT_RESTRICTED&TRUSTED&FOREGROUND] ]
10-31 22:31:22.052   772   862 E ConnectivityService: RemoteException caught trying to send a callback msg for NetworkRequest [ LISTEN id=2355, [ Capabilities: INTERNET&NOT_RESTRICTED&TRUSTED&FOREGROUND] ]
10-31 22:31:22.058   772   862 E ConnectivityService: RemoteException caught trying to send a callback msg for NetworkRequest [ LISTEN id=2353, [ Capabilities: INTERNET&NOT_RESTRICTED&TRUSTED&FOREGROUND] ]
10-31 22:31:22.074   772   790 W zygote64: failed to open /acct/uid_99743/pid_31222/cgroup.procs: No such file or directory
10-31 22:31:22.074   772   790 W zygote64: failed to open /acct/uid_99740/pid_30982/cgroup.procs: No such file or directory
10-31 22:31:22.086 29296 29341 W SessionLifecycleManager: Handover failed. Creating new session controller.
10-31 22:31:22.091 29296 29296 I OptInState: There is a new client and it does not support opt-in. Dropping request.
10-31 22:31:22.121 29296 29296 I MicroDetectionWorker: #updateMicroDetector [detectionMode: [mDetectionMode: [1]]]
10-31 22:31:22.121 29296 29296 I MicroDetectionWorker: #startMicroDetector [speakerMode: 0]
10-31 22:31:22.128 29486 29496 I zygote64: Background concurrent copying GC freed 96718(4MB) AllocSpace objects, 0(0B) LOS objects, 49% free, 9MB/18MB, paused 268us total 136.487ms
10-31 22:31:22.133 29296 29296 I MicroDetectionWorker: onReady
10-31 22:31:22.133 29296 29323 I MicroRecognitionRunner: Starting detection.
10-31 22:31:22.134 29296 29351 I MicrophoneInputStream: mic_starting com.google.android.apps.gsa.speech.audio.af@4f9391c
10-31 22:31:22.134   556   556 W DeviceHAL: Device 0xefa2d000 open_input_stream: Invalid argument
10-31 22:31:22.140   556 31624 I AudioFlinger: AudioFlinger's thread 0xec603e00 tid=31624 ready to run
10-31 22:31:22.143 29486 29494 W SQLiteConnectionPool: A SQLiteConnection object for database '/data/user/0/com.google.android.gms/databases/metadata.db' was leaked!  Please fix your application to end transactions in progress properly and to close the database when it is no longer needed.
10-31 22:31:22.146   556   753 I SoundTriggerHwService::Module: onCallbackEvent no clients
10-31 22:31:22.146 29296 29351 I MicrophoneInputStream: mic_started com.google.android.apps.gsa.speech.audio.af@4f9391c
10-31 22:31:22.149   556 31625 D sound_trigger_platform: platform_stdev_check_and_update_concurrency: concurrency active 0, tx 1, rx 0, concurrency session_allowed 0
10-31 22:31:22.149   556 31625 D audio_hw_primary: enable_snd_device: snd_device(72: voice-rec-mic)
10-31 22:31:22.155   556 31625 D audio_hw_primary: enable_audio_route: usecase(9) apply and update mixer path: audio-record
10-31 22:31:22.221 29296 29296 I MicroDetectionWorker: onReady
10-31 22:31:22.384 31614 31614 D AndroidRuntime: >>>>>> START com.android.internal.os.RuntimeInit uid 2000 <<<<<<
10-31 22:31:22.537 29407 29511 W OpenGLRenderer: Incorrectly called buildLayer on View: ShortcutAndWidgetContainer, destroying layer...
10-31 22:31:22.584 31614 31614 D AndroidRuntime: Calling main entry com.android.commands.pm.Pm
10-31 22:31:22.598   772  1259 I ActivityManager: Force stopping com.android.chrome appid=10060 user=0: clear data
10-31 22:31:22.600   772   788 I ActivityManager: Force stopping com.android.chrome appid=10060 user=-1: clearApplicationUserData
10-31 22:31:22.706   560   560 I keystore: clear_uid 10060
10-31 22:31:22.729  1311  1311 D CarrierSvcBindHelper: No carrier app for: 0
10-31 22:31:22.731 31614 31614 I app_process: System.exit called, status: 0
10-31 22:31:22.731 31614 31614 I AndroidRuntime: VM exiting with result code 0.
10-31 22:31:22.732   772   787 W ResourceType: No known package when getting value for resource number 0x7f0904db
10-31 22:31:22.732   772   787 W ResourceType: No known package when getting value for resource number 0x7f140670
10-31 22:31:22.732   772   787 W ResourceType: No known package when getting value for resource number 0x7f0904da
10-31 22:31:22.732   772   787 W ResourceType: No known package when getting value for resource number 0x7f14018b
10-31 22:31:22.732   772   787 W ResourceType: No known package when getting value for resource number 0x7f14066f
10-31 22:31:22.732   772   787 W ResourceType: No known package when getting value for resource number 0x7f140434
10-31 22:31:22.732   772   787 E ShortcutService: Ignoring excessive intent tag.
10-31 22:31:22.753  2964  2964 D RegisteredNfcFServicesCache: Service unchanged, not updating
10-31 22:31:22.767 29486 31640 I Fitness : FitCleanupIntentOperation received Intent android.intent.action.PACKAGE_DATA_CLEARED [CONTEXT service_id=17 ]
10-31 22:31:22.787 29692 24764 I Icing   : doRemovePackageData com.android.chrome
10-31 22:31:22.787 29692 24764 I Icing   : Removing corpus key com.android.chrome-omnibox for package com.android.chrome
10-31 22:31:22.909 29692 24764 I Icing   : updateResources: need to parse anue{com.android.chrome}
10-31 22:31:23.012 29692 24764 I Icing   : Indexing com.android.chrome-omnibox from com.android.chrome
10-31 22:31:23.030   772  4540 I ActivityManager: Start proc 31660:com.android.chrome/u0a60 for content provider com.android.chrome/com.google.android.apps.chrome.icing.IcingProvider
10-31 22:31:23.086   772 32228 I ActivityManager: Force stopping com.android.chrome appid=10060 user=0: from pid 31673
10-31 22:31:23.086   772 32228 I ActivityManager: Killing 31660:com.android.chrome/u0a60 (adj 200): stop com.android.chrome
10-31 22:31:23.101   772 32228 I ActivityManager: Start proc 31676:com.android.chrome/u0a60 for restart com.android.chrome
10-31 22:31:23.103   772  4540 W ActivityManager: Unable to launch app com.android.chrome/10060 for provider com.android.chrome.icing: launching app became null
10-31 22:31:23.103 29692 24764 E ActivityThread: Failed to find provider info for com.android.chrome.icing
10-31 22:31:23.103 29692 24764 W Icing   : Could not connect to content provider content://com.android.chrome.icing
10-31 22:31:23.112  1311  1311 D CarrierSvcBindHelper: No carrier app for: 0
10-31 22:31:23.124  2964  2964 D RegisteredNfcFServicesCache: Service unchanged, not updating
10-31 22:31:23.165 31676 31676 I cr_SplitCompatApp: Launched version=106.0.5249.79 minSdkVersion=24 isBundle=true processName=com.android.chrome isIsolated=false
10-31 22:31:23.208 29692 24764 I Icing   : Indexing done com.android.chrome-omnibox
10-31 22:31:23.271 29486 30686 I FontLog : Received query Google Sans, URI content://com.google.android.gms.fonts [CONTEXT service_id=132 ]
10-31 22:31:23.272 29486 30686 I FontLog : Query [Google Sans] resolved to {Google Sans, wdth 100.0, wght 400, ital 0.0, bestEffort false} [CONTEXT service_id=132 ]
10-31 22:31:23.273 29486 30686 I FontLog : Font PFD returned from cache for {Google Sans, wdth 100.0, wght 400, ital 0.0, bestEffort false} [CONTEXT service_id=132 ]
10-31 22:31:23.273 29486 30686 I FontLog : Fetch {Google Sans, wdth 100.0, wght 400, ital 0.0, bestEffort false} end status Status{statusCode=SUCCESS, resolution=null} [CONTEXT service_id=132 ]
10-31 22:31:23.331 29486 29497 I FontLog : Pulling font file for id = 831, cache size = 13 [CONTEXT service_id=132 ]
10-31 22:31:23.396 31676 31697 I cr_LibraryLoader: Successfully loaded native library
10-31 22:31:23.398 31676 31697 I cr_CachingUmaRecorder: Flushed 20 samples from 19 histograms.
10-31 22:31:23.448 29486 29651 I FontLog : Received query Google Sans:500, URI content://com.google.android.gms.fonts [CONTEXT service_id=132 ]
10-31 22:31:23.448 29486 29651 I FontLog : Query [Google Sans:500] resolved to {Google Sans, wdth 100.0, wght 500, ital 0.0, bestEffort false} [CONTEXT service_id=132 ]
10-31 22:31:23.450 29486 29651 I FontLog : Font PFD returned from cache for {Google Sans, wdth 100.0, wght 500, ital 0.0, bestEffort false} [CONTEXT service_id=132 ]
10-31 22:31:23.450 29486 29651 I FontLog : Fetch {Google Sans, wdth 100.0, wght 500, ital 0.0, bestEffort false} end status Status{statusCode=SUCCESS, resolution=null} [CONTEXT service_id=132 ]
10-31 22:31:23.473 29486 29498 I FontLog : Pulling font file for id = 832, cache size = 14 [CONTEXT service_id=132 ]
10-31 22:31:23.478 31689 31689 D AndroidRuntime: >>>>>> START com.android.internal.os.RuntimeInit uid 2000 <<<<<<
10-31 22:31:23.486 29486 29497 I FontLog : Received query Google Sans:700, URI content://com.google.android.gms.fonts [CONTEXT service_id=132 ]
10-31 22:31:23.487 29486 29497 I FontLog : Query [Google Sans:700] resolved to {Google Sans, wdth 100.0, wght 700, ital 0.0, bestEffort false} [CONTEXT service_id=132 ]
10-31 22:31:23.489 29486 29497 I FontLog : Fetch {Google Sans, wdth 100.0, wght 700, ital 0.0, bestEffort false} end status Status{statusCode=SUCCESS, resolution=null} [CONTEXT service_id=132 ]
10-31 22:31:23.500 29486 29650 I FontLog : Pulling font file for id = 833, cache size = 12 [CONTEXT service_id=132 ]
10-31 22:31:23.601 31689 31689 D AndroidRuntime: Calling main entry com.android.commands.pm.Pm
10-31 22:31:23.619   772  2969 I ActivityManager: Force stopping com.android.chrome appid=10060 user=0: clear data
10-31 22:31:23.619   772  2969 I ActivityManager: Killing 31676:com.android.chrome/u0a60 (adj 700): stop com.android.chrome
10-31 22:31:23.629   772   788 I ActivityManager: Force stopping com.android.chrome appid=10060 user=-1: clearApplicationUserData
10-31 22:31:23.635   560   560 I keystore: clear_uid 10060
10-31 22:31:23.675  1311  1311 D CarrierSvcBindHelper: No carrier app for: 0
10-31 22:31:23.681   772   787 W ResourceType: No known package when getting value for resource number 0x7f0904db
10-31 22:31:23.681   772   787 W ResourceType: No known package when getting value for resource number 0x7f140670
10-31 22:31:23.681   772   787 W ResourceType: No known package when getting value for resource number 0x7f0904da
10-31 22:31:23.682   772   787 W ResourceType: No known package when getting value for resource number 0x7f14018b
10-31 22:31:23.682   772   787 W ResourceType: No known package when getting value for resource number 0x7f14066f
10-31 22:31:23.682   772   787 W ResourceType: No known package when getting value for resource number 0x7f140434
10-31 22:31:23.682   772   787 E ShortcutService: Ignoring excessive intent tag.
10-31 22:31:23.691  2964  2964 D RegisteredNfcFServicesCache: Service unchanged, not updating
10-31 22:31:23.692 31689 31689 I app_process: System.exit called, status: 0
10-31 22:31:23.693 31689 31689 I AndroidRuntime: VM exiting with result code 0.
10-31 22:31:23.718 29692 24764 I Icing   : doRemovePackageData com.android.chrome
10-31 22:31:23.719 29692 24764 I Icing   : Removing corpus key com.android.chrome-omnibox for package com.android.chrome
10-31 22:31:23.731 29486 31640 I Fitness : FitCleanupIntentOperation received Intent android.intent.action.PACKAGE_DATA_CLEARED [CONTEXT service_id=17 ]
10-31 22:31:23.791 29692 24764 I Icing   : updateResources: need to parse anue{com.android.chrome}
10-31 22:31:23.852 29692 24764 I Icing   : Indexing com.android.chrome-omnibox from com.android.chrome
10-31 22:31:23.864   772  1324 I ActivityManager: Start proc 31715:com.android.chrome/u0a60 for content provider com.android.chrome/com.google.android.apps.chrome.icing.IcingProvider
