10-31 22:30:16.925   361   361 E SELinux : avc:  denied  { find } for interface=android.hardware.radio::ISap pid=31251 scontext=u:r:shell:s0 tcontext=u:object_r:hal_telephony_hwservice:s0 tclass=hwservice_manager
10-31 22:30:16.925   361   361 E SELinux : avc:  denied  { find } for interface=android.hardware.usb::IUsb pid=31251 scontext=u:r:shell:s0 tcontext=u:object_r:hal_usb_hwservice:s0 tclass=hwservice_manager
10-31 22:30:16.926   361   361 E SELinux : avc:  denied  { find } for interface=android.hardware.wifi.supplicant::ISupplicant pid=31251 scontext=u:r:shell:s0 tcontext=u:object_r:hal_wifi_supplicant_hwservice:s0 tclass=hwservice_manager
10-31 22:30:16.926   361   361 E SELinux : avc:  denied  { find } for interface=android.hardware.wifi::IWifi pid=31251 scontext=u:r:shell:s0 tcontext=u:object_r:hal_wifi_hwservice:s0 tclass=hwservice_manager
10-31 22:30:16.927   361   361 E SELinux : avc:  denied  { find } for interface=android.hidl.base::IBase pid=31251 scontext=u:r:shell:s0 tcontext=u:object_r:hidl_base_hwservice:s0 tclass=hwservice_manager
10-31 22:30:16.927   361   361 I chatty  : uid=1000(system) hwservicemanage identical 1 line
10-31 22:30:16.927   361   361 E SELinux : avc:  denied  { find } for interface=android.hidl.base::IBase pid=31251 scontext=u:r:shell:s0 tcontext=u:object_r:hidl_base_hwservice:s0 tclass=hwservice_manager
10-31 22:30:16.930   361   361 E SELinux : avc:  denied  { find } for interface=android.system.wifi.keystore::IKeystore pid=31251 scontext=u:r:shell:s0 tcontext=u:object_r:system_wifi_keystore_hwservice:s0 tclass=hwservice_manager
10-31 22:30:18.819 30943 30943 W chromium: [WARNING:controller_impl.cc(1190)] Background download complete, client: 6, completion type: 0, file size:16643
10-31 22:30:18.846 31259 31259 E /system/bin/webview_zygote32: failed to make and chown /acct/uid_99744: Permission denied
10-31 22:30:18.846 31259 31259 E Zygote  : createProcessGroup(99744, 0) failed: Permission denied
10-31 22:30:18.849   772  4539 I ActivityManager: Start proc 31259:com.android.chrome:sandboxed_process4/u0i744 for webview_service com.android.chrome/org.chromium.content.app.SandboxedProcessService4
10-31 22:30:18.907 31259 31259 I SamplingProfilerIntegration: Profiling disabled.
10-31 22:30:18.921 30943 30943 W chromium: [WARNING:controller_impl.cc(1190)] Background download complete, client: 6, completion type: 0, file size:265060
10-31 22:30:18.930 30943 30943 W chromium: [WARNING:controller_impl.cc(1190)] Background download complete, client: 6, completion type: 0, file size:18160
10-31 22:30:18.943 31272 31272 E asset   : setgid: Operation not permitted
10-31 22:30:18.961   772 10895 I ActivityManager: Start proc 31273:com.android.chrome:sandboxed_process5/u0i745 for webview_service com.android.chrome/org.chromium.content.app.SandboxedProcessService5
10-31 22:30:18.963 31273 31273 E /system/bin/webview_zygote32: failed to make and chown /acct/uid_99745: Permission denied
10-31 22:30:18.963 31273 31273 E Zygote  : createProcessGroup(99745, 0) failed: Permission denied
10-31 22:30:18.987   772  2970 I ActivityManager: Start proc 31285:com.android.chrome:sandboxed_process6/u0i746 for webview_service com.android.chrome/org.chromium.content.app.SandboxedProcessService6
10-31 22:30:18.989 31259 31259 I cr_SplitCompatApp: Launched version=106.0.5249.79 minSdkVersion=24 isBundle=true processName=com.android.chrome:sandboxed_process4 isIsolated=true
10-31 22:30:18.991 31285 31285 E /system/bin/webview_zygote32: failed to make and chown /acct/uid_99746: Permission denied
10-31 22:30:18.991 31285 31285 E Zygote  : createProcessGroup(99746, 0) failed: Permission denied
10-31 22:30:18.993 31273 31273 I SamplingProfilerIntegration: Profiling disabled.
10-31 22:30:18.994 31259 31259 W SystemServiceRegistry: No service published for: uimode
10-31 22:30:19.001 31259 31259 I cr_ChildProcessService: Creating new ChildProcessService pid=31259
10-31 22:30:19.012 30943 30943 W chromium: [WARNING:controller_impl.cc(1190)] Background download complete, client: 6, completion type: 0, file size:15859
10-31 22:30:19.016 31259 31259 E WebViewFactory: can't load with relro file; address space not reserved
10-31 22:30:19.025 31285 31285 I SamplingProfilerIntegration: Profiling disabled.
10-31 22:30:19.030 31300 31300 E asset   : setgid: Operation not permitted
10-31 22:30:19.047 31259 31296 I cr_LibraryLoader: Successfully loaded native library
10-31 22:30:19.048 31302 31302 E /system/bin/webview_zygote32: failed to make and chown /acct/uid_99747: Permission denied
10-31 22:30:19.048 31302 31302 E Zygote  : createProcessGroup(99747, 0) failed: Permission denied
10-31 22:30:19.048 31259 31296 I cr_CachingUmaRecorder: Flushed 3 samples from 3 histograms.
10-31 22:30:19.055   772   784 I ActivityManager: Start proc 31302:com.android.chrome:sandboxed_process7/u0i747 for webview_service com.android.chrome/org.chromium.content.app.SandboxedProcessService7
10-31 22:30:19.075 31311 31311 W ThreadPoolForeg: type=1400 audit(0.0:19240): avc: denied { setattr } for name="model-info.pb" dev="dm-2" ino=1504785 scontext=u:r:isolated_app:s0:c512,c768 tcontext=u:object_r:app_data_file:s0:c512,c768 tclass=file permissive=0
10-31 22:30:19.078 31311 31311 W ThreadPoolForeg: type=1400 audit(0.0:19241): avc: denied { setattr } for name="model.tflite" dev="dm-2" ino=1504786 scontext=u:r:isolated_app:s0:c512,c768 tcontext=u:object_r:app_data_file:s0:c512,c768 tclass=file permissive=0
10-31 22:30:19.082 31273 31273 I cr_SplitCompatApp: Launched version=106.0.5249.79 minSdkVersion=24 isBundle=true processName=com.android.chrome:sandboxed_process5 isIsolated=true
10-31 22:30:19.088 31259 31296 I chromium: [INFO:child_process_service.cc(69)] ChildProcessService: Exiting child process.
10-31 22:30:19.092   422   422 E lowmemorykiller: Error writing /proc/31259/oom_score_adj; errno=22
10-31 22:30:19.092   772 29404 I ActivityManager: Killing 31259:com.android.chrome:sandboxed_process4/u0a60i744 (adj 0): isolated not needed
10-31 22:30:19.092 31273 31273 W SystemServiceRegistry: No service published for: uimode
10-31 22:30:19.092   772   790 W zygote64: failed to open /acct/uid_99744/pid_31259/cgroup.procs: No such file or directory
10-31 22:30:19.104 31302 31302 I SamplingProfilerIntegration: Profiling disabled.
10-31 22:30:19.107 31321 31321 E asset   : setgid: Operation not permitted
10-31 22:30:19.117 31273 31273 I cr_ChildProcessService: Creating new ChildProcessService pid=31273
10-31 22:30:19.124 30943 30943 W chromium: [WARNING:controller_impl.cc(1190)] Background download complete, client: 6, completion type: 0, file size:2759
10-31 22:30:19.152 31273 31273 E WebViewFactory: can't load with relro file; address space not reserved
10-31 22:30:19.154 31324 31324 E asset   : setgid: Operation not permitted
10-31 22:30:19.159 31285 31285 I cr_SplitCompatApp: Launched version=106.0.5249.79 minSdkVersion=24 isBundle=true processName=com.android.chrome:sandboxed_process6 isIsolated=true
10-31 22:30:19.162 30943 30943 W chromium: [WARNING:compositor_view.cc(342)] Child process died (type=6) pid=31259)
10-31 22:30:19.166 31285 31285 W SystemServiceRegistry: No service published for: uimode
10-31 22:30:19.176 31273 31323 I cr_LibraryLoader: Successfully loaded native library
10-31 22:30:19.177 31273 31323 I cr_CachingUmaRecorder: Flushed 3 samples from 3 histograms.
10-31 22:30:19.180   772   996 I ActivityManager: Start proc 31326:com.android.chrome:sandboxed_process8/u0i748 for webview_service com.android.chrome/org.chromium.content.app.SandboxedProcessService8
10-31 22:30:19.185 31326 31326 E /system/bin/webview_zygote32: failed to make and chown /acct/uid_99748: Permission denied
10-31 22:30:19.185 31326 31326 E Zygote  : createProcessGroup(99748, 0) failed: Permission denied
10-31 22:30:19.190 31285 31285 I cr_ChildProcessService: Creating new ChildProcessService pid=31285
10-31 22:30:19.210 31285 31285 E WebViewFactory: can't load with relro file; address space not reserved
10-31 22:30:19.219 31302 31302 I cr_SplitCompatApp: Launched version=106.0.5249.79 minSdkVersion=24 isBundle=true processName=com.android.chrome:sandboxed_process7 isIsolated=true
10-31 22:30:19.225 31337 31337 W ThreadPoolForeg: type=1400 audit(0.0:19242): avc: denied { setattr } for name="model-info.pb" dev="dm-2" ino=1504805 scontext=u:r:isolated_app:s0:c512,c768 tcontext=u:object_r:app_data_file:s0:c512,c768 tclass=file permissive=0
10-31 22:30:19.235 31285 31331 I cr_LibraryLoader: Successfully loaded native library
10-31 22:30:19.235 31302 31302 W SystemServiceRegistry: No service published for: uimode
10-31 22:30:19.236 31285 31331 I cr_CachingUmaRecorder: Flushed 3 samples from 3 histograms.
10-31 22:30:19.245 31337 31337 W ThreadPoolForeg: type=1400 audit(0.0:19243): avc: denied { setattr } for name="model.tflite" dev="dm-2" ino=1504806 scontext=u:r:isolated_app:s0:c512,c768 tcontext=u:object_r:app_data_file:s0:c512,c768 tclass=file permissive=0
10-31 22:30:19.250 31326 31326 I SamplingProfilerIntegration: Profiling disabled.
10-31 22:30:19.255 31302 31302 I cr_ChildProcessService: Creating new ChildProcessService pid=31302
10-31 22:30:19.257 31273 31323 I chromium: [INFO:child_process_service.cc(69)] ChildProcessService: Exiting child process.
10-31 22:30:19.262   422   422 E lowmemorykiller: Error writing /proc/31273/oom_score_adj; errno=22
10-31 22:30:19.263   772 10860 I ActivityManager: Killing 31273:com.android.chrome:sandboxed_process5/u0a60i745 (adj 0): isolated not needed
10-31 22:30:19.263   772   790 W zygote64: failed to open /acct/uid_99745/pid_31273/cgroup.procs: No such file or directory
10-31 22:30:19.277 30943 30943 W chromium: [WARNING:controller_impl.cc(1190)] Background download complete, client: 6, completion type: 0, file size:116031
10-31 22:30:19.281 31302 31302 E WebViewFactory: can't load with relro file; address space not reserved
10-31 22:30:19.311 31349 31349 W ThreadPoolForeg: type=1400 audit(0.0:19244): avc: denied { setattr } for name="model-info.pb" dev="dm-2" ino=1504805 scontext=u:r:isolated_app:s0:c512,c768 tcontext=u:object_r:app_data_file:s0:c512,c768 tclass=file permissive=0
10-31 22:30:19.313   772 10893 I ActivityManager: Start proc 31354:com.android.chrome:sandboxed_process9/u0i749 for webview_service com.android.chrome/org.chromium.content.app.SandboxedProcessService9
10-31 22:30:19.317 31354 31354 E /system/bin/webview_zygote32: failed to make and chown /acct/uid_99749: Permission denied
10-31 22:30:19.317 31354 31354 E Zygote  : createProcessGroup(99749, 0) failed: Permission denied
10-31 22:30:19.321 31349 31349 W ThreadPoolForeg: type=1400 audit(0.0:19245): avc: denied { setattr } for name="model.tflite" dev="dm-2" ino=1504808 scontext=u:r:isolated_app:s0:c512,c768 tcontext=u:object_r:app_data_file:s0:c512,c768 tclass=file permissive=0
10-31 22:30:19.326 31302 31347 I cr_LibraryLoader: Successfully loaded native library
10-31 22:30:19.326 30943 30943 W chromium: [WARNING:compositor_view.cc(342)] Child process died (type=6) pid=31273)
10-31 22:30:19.326 31360 31360 E asset   : setgid: Operation not permitted
10-31 22:30:19.327 31302 31347 I cr_CachingUmaRecorder: Flushed 3 samples from 3 histograms.
10-31 22:30:19.337 31285 31331 I chromium: [INFO:child_process_service.cc(69)] ChildProcessService: Exiting child process.
10-31 22:30:19.343   772 10894 I ActivityManager: Killing 31285:com.android.chrome:sandboxed_process6/u0a60i746 (adj 0): isolated not needed
10-31 22:30:19.346   772   790 W zygote64: failed to open /acct/uid_99746/pid_31285/cgroup.procs: No such file or directory
10-31 22:30:19.350 31354 31354 I SamplingProfilerIntegration: Profiling disabled.
10-31 22:30:19.371 31369 31369 W ThreadPoolForeg: type=1400 audit(0.0:19246): avc: denied { setattr } for name="model-info.pb" dev="dm-2" ino=1504805 scontext=u:r:isolated_app:s0:c512,c768 tcontext=u:object_r:app_data_file:s0:c512,c768 tclass=file permissive=0
10-31 22:30:19.374 31376 31376 E asset   : setgid: Operation not permitted
10-31 22:30:19.381 31369 31369 W ThreadPoolForeg: type=1400 audit(0.0:19247): avc: denied { setattr } for name="model.tflite" dev="dm-2" ino=1504809 scontext=u:r:isolated_app:s0:c512,c768 tcontext=u:object_r:app_data_file:s0:c512,c768 tclass=file permissive=0
10-31 22:30:19.387 31302 31347 I chromium: [INFO:child_process_service.cc(69)] ChildProcessService: Exiting child process.
10-31 22:30:19.389 31326 31326 I cr_SplitCompatApp: Launched version=106.0.5249.79 minSdkVersion=24 isBundle=true processName=com.android.chrome:sandboxed_process8 isIsolated=true
10-31 22:30:19.390 30943 30943 W chromium: [WARNING:compositor_view.cc(342)] Child process died (type=6) pid=31285)
10-31 22:30:19.396   422   422 E lowmemorykiller: Error writing /proc/31302/oom_score_adj; errno=22
10-31 22:30:19.397   772  1324 I ActivityManager: Killing 31302:com.android.chrome:sandboxed_process7/u0a60i747 (adj 0): isolated not needed
10-31 22:30:19.397 31326 31326 W SystemServiceRegistry: No service published for: uimode
10-31 22:30:19.398   772   790 W zygote64: failed to open /acct/uid_99747/pid_31302/cgroup.procs: No such file or directory
10-31 22:30:19.412 31326 31326 I cr_ChildProcessService: Creating new ChildProcessService pid=31326
10-31 22:30:19.424 30943 30943 W chromium: [WARNING:compositor_view.cc(342)] Child process died (type=6) pid=31302)
10-31 22:30:19.430 31326 31326 E WebViewFactory: can't load with relro file; address space not reserved
10-31 22:30:19.442 31326 31378 I cr_LibraryLoader: Successfully loaded native library
10-31 22:30:19.443 31326 31378 I cr_CachingUmaRecorder: Flushed 3 samples from 3 histograms.
10-31 22:30:19.450   772   781 I zygote64: Background concurrent copying GC freed 96726(6MB) AllocSpace objects, 204(7MB) LOS objects, 42% free, 17MB/30MB, paused 266us total 109.581ms
10-31 22:30:19.452 31354 31354 I cr_SplitCompatApp: Launched version=106.0.5249.79 minSdkVersion=24 isBundle=true processName=com.android.chrome:sandboxed_process9 isIsolated=true
10-31 22:30:19.457 31354 31354 W SystemServiceRegistry: No service published for: uimode
10-31 22:30:19.460 30943 30953 I zygote  : Background concurrent copying GC freed 113509(4MB) AllocSpace objects, 13(260KB) LOS objects, 49% free, 4MB/9MB, paused 319us total 106.441ms
10-31 22:30:19.461 31382 31382 W ThreadPoolForeg: type=1400 audit(0.0:19248): avc: denied { setattr } for name="model-info.pb" dev="dm-2" ino=1504805 scontext=u:r:isolated_app:s0:c512,c768 tcontext=u:object_r:app_data_file:s0:c512,c768 tclass=file permissive=0
10-31 22:30:19.464 31354 31354 I cr_ChildProcessService: Creating new ChildProcessService pid=31354
10-31 22:30:19.465 31382 31382 W ThreadPoolForeg: type=1400 audit(0.0:19249): avc: denied { setattr } for name="model.tflite" dev="dm-2" ino=1504810 scontext=u:r:isolated_app:s0:c512,c768 tcontext=u:object_r:app_data_file:s0:c512,c768 tclass=file permissive=0
10-31 22:30:19.471 31354 31354 E WebViewFactory: can't load with relro file; address space not reserved
10-31 22:30:19.476 31326 31378 I chromium: [INFO:child_process_service.cc(69)] ChildProcessService: Exiting child process.
10-31 22:30:19.478   422   422 E lowmemorykiller: Error writing /proc/31326/oom_score_adj; errno=22
10-31 22:30:19.479   772  1324 I ActivityManager: Killing 31326:com.android.chrome:sandboxed_process8/u0a60i748 (adj 0): isolated not needed
10-31 22:30:19.479   772   790 W zygote64: failed to open /acct/uid_99748/pid_31326/cgroup.procs: No such file or directory
10-31 22:30:19.494 31354 31387 I cr_LibraryLoader: Successfully loaded native library
10-31 22:30:19.495 31354 31387 I cr_CachingUmaRecorder: Flushed 3 samples from 3 histograms.
10-31 22:30:19.509 30943 30943 W chromium: [WARNING:compositor_view.cc(342)] Child process died (type=6) pid=31326)
10-31 22:30:19.515 31222 31239 I tflite  : Initialized TensorFlow Lite runtime.
10-31 22:30:19.531 31394 31394 W ThreadPoolForeg: type=1400 audit(0.0:19250): avc: denied { setattr } for name="model-info.pb" dev="dm-2" ino=1504814 scontext=u:r:isolated_app:s0:c512,c768 tcontext=u:object_r:app_data_file:s0:c512,c768 tclass=file permissive=0
10-31 22:30:19.541 31394 31394 W ThreadPoolForeg: type=1400 audit(0.0:19251): avc: denied { setattr } for name="model.tflite" dev="dm-2" ino=1504815 scontext=u:r:isolated_app:s0:c512,c768 tcontext=u:object_r:app_data_file:s0:c512,c768 tclass=file permissive=0
10-31 22:30:19.547 31354 31387 I chromium: [INFO:child_process_service.cc(69)] ChildProcessService: Exiting child process.
10-31 22:30:19.549   422   422 E lowmemorykiller: Error writing /proc/31354/oom_score_adj; errno=22
10-31 22:30:19.550   772   996 I ActivityManager: Killing 31354:com.android.chrome:sandboxed_process9/u0a60i749 (adj 0): isolated not needed
10-31 22:30:19.550   772   790 W zygote64: failed to open /acct/uid_99749/pid_31354/cgroup.procs: No such file or directory
10-31 22:30:19.565 30943 30943 W chromium: [WARNING:compositor_view.cc(342)] Child process died (type=6) pid=31354)
10-31 22:30:20.267 30943 30943 W chromium: [WARNING:controller_impl.cc(1190)] Background download complete, client: 6, completion type: 0, file size:4955
10-31 22:30:20.301 31401 31401 E /system/bin/webview_zygote32: failed to make and chown /acct/uid_99750: Permission denied
10-31 22:30:20.301 31401 31401 E Zygote  : createProcessGroup(99750, 0) failed: Permission denied
10-31 22:30:20.303   772  2970 I ActivityManager: Start proc 31401:com.android.chrome:sandboxed_process10/u0i750 for webview_service com.android.chrome/org.chromium.content.app.SandboxedProcessService10
10-31 22:30:20.307 29692 29692 D BoundBrokerSvc: onBind: Intent { act=com.google.android.gms.common.BIND_SHARED_PREFS pkg=com.google.android.gms }
10-31 22:30:20.307 29692 29692 D BoundBrokerSvc: Loading bound service for intent: Intent { act=com.google.android.gms.common.BIND_SHARED_PREFS pkg=com.google.android.gms }
10-31 22:30:20.336 31401 31401 I SamplingProfilerIntegration: Profiling disabled.
10-31 22:30:20.336 29692 29692 D BoundBrokerSvc: onUnbind: Intent { act=com.google.android.gms.common.BIND_SHARED_PREFS pkg=com.google.android.gms }
10-31 22:30:20.384 31414 31414 E asset   : setgid: Operation not permitted
10-31 22:30:20.429 31401 31401 I cr_SplitCompatApp: Launched version=106.0.5249.79 minSdkVersion=24 isBundle=true processName=com.android.chrome:sandboxed_process10 isIsolated=true
10-31 22:30:20.437 31401 31401 W SystemServiceRegistry: No service published for: uimode
10-31 22:30:20.448 31401 31401 I cr_ChildProcessService: Creating new ChildProcessService pid=31401
10-31 22:30:20.457 31401 31401 E WebViewFactory: can't load with relro file; address space not reserved
10-31 22:30:20.470 31401 31417 I cr_LibraryLoader: Successfully loaded native library
10-31 22:30:20.471 31401 31417 I cr_CachingUmaRecorder: Flushed 3 samples from 3 histograms.
10-31 22:30:20.515 31420 31420 W ThreadPoolForeg: type=1400 audit(0.0:19252): avc: denied { setattr } for name="model-info.pb" dev="dm-2" ino=1504900 scontext=u:r:isolated_app:s0:c512,c768 tcontext=u:object_r:app_data_file:s0:c512,c768 tclass=file permissive=0
10-31 22:30:20.515 31420 31420 W ThreadPoolForeg: type=1400 audit(0.0:19253): avc: denied { setattr } for name="model.tflite" dev="dm-2" ino=1504901 scontext=u:r:isolated_app:s0:c512,c768 tcontext=u:object_r:app_data_file:s0:c512,c768 tclass=file permissive=0
10-31 22:30:20.526 31401 31417 I chromium: [INFO:child_process_service.cc(69)] ChildProcessService: Exiting child process.
10-31 22:30:20.529   422   422 E lowmemorykiller: Error writing /proc/31401/oom_score_adj; errno=22
10-31 22:30:20.530   772  2969 I ActivityManager: Killing 31401:com.android.chrome:sandboxed_process10/u0a60i750 (adj 0): isolated not needed
10-31 22:30:20.531   772   790 W zygote64: failed to open /acct/uid_99750/pid_31401/cgroup.procs: No such file or directory
10-31 22:30:20.555 30943 30943 W chromium: [WARNING:compositor_view.cc(342)] Child process died (type=6) pid=31401)
10-31 22:30:20.620 30943 31002 I cr_omaha: OmahaBase::generateAndPostRequest(): Sending request to Omaha:
10-31 22:30:20.620 30943 31002 I cr_omaha: <?xml version='1.0' encoding='UTF-8' standalone='yes' ?><request protocol="3.0" updater="Android" updaterversion="106.0.5249.79" updaterchannel="chrome" ismachine="1" requestid="{0b3bf90d-07fe-46d9-bede-9986426a3d0d}" sessionid="{2a62ce1d-82ff-4fa7-aff4-c0f35bfa5d5f}" installsource="system_image" dedup="cr"><os platform="android" version="8.0.0" arch="arm" /><app brand="" client="ms-android-google" appid="{387E11AD-7109-45F6-83CF-CAA241ADC9DF}" version="106.0.5249.79" nextversion="" lang="en-US" installage="-1" ap="chrome;google;nexus 5x"><event eventtype="2" eventresult="1" /></app></request>
10-31 22:30:20.625 29296 29296 I MemoryTrimmer: Trimming objects from memory, since app is in the background.
10-31 22:30:20.755 30943 31002 I cr_omaha: OmahaBase::generateAndPostRequest(): Received response from Omaha:
10-31 22:30:20.755 30943 31002 I cr_omaha: <?xml version="1.0" encoding="UTF-8"?><response protocol="3.0" server="prod"><daystart elapsed_days="5782" elapsed_seconds="52219"/><app appid="{387E11AD-7109-45F6-83CF-CAA241ADC9DF}" status="ok"><event status="ok"/></app></response>
10-31 22:30:20.759 30943 31002 I cr_omaha: Request to Server Successful. Timestamp for next request:1667255420759
10-31 22:30:20.771 30943 31002 I cr_omaha: OmahaBase::generateAndPostRequest(): Sending request to Omaha:
10-31 22:30:20.771 30943 31002 I cr_omaha: <?xml version='1.0' encoding='UTF-8' standalone='yes' ?><request protocol="3.0" updater="Android" updaterversion="106.0.5249.79" updaterchannel="chrome" ismachine="1" requestid="{4f5a0f82-3202-41a1-994e-116efff378f9}" sessionid="{2a62ce1d-82ff-4fa7-aff4-c0f35bfa5d5f}" installsource="system_image" dedup="cr"><os platform="android" version="8.0.0" arch="arm" /><app brand="" client="ms-android-google" appid="{387E11AD-7109-45F6-83CF-CAA241ADC9DF}" version="106.0.5249.79" nextversion="" lang="en-US" installage="0" ap="chrome;google;nexus 5x"><updatecheck /><ping active="1" ad="5782" rd="5782" /></app></request>
10-31 22:30:20.798 30943 31002 I cr_omaha: OmahaBase::generateAndPostRequest(): Received response from Omaha:
10-31 22:30:20.798 30943 31002 I cr_omaha: <?xml version="1.0" encoding="UTF-8"?><response protocol="3.0" server="prod"><daystart elapsed_days="5782" elapsed_seconds="52219"/><app appid="{387E11AD-7109-45F6-83CF-CAA241ADC9DF}" cohort="1:hyx:" cohortname="Stable Chrome" status="ok"><updatecheck status="noupdate"/><ping status="ok"/></app></response>
10-31 22:30:20.800 30943 31002 I cr_omaha: Request to Server Successful. Timestamp for next request:1667255420800
10-31 22:30:20.801 30943 31002 I cr_omaha: Attempting to schedule next job for: Tue Nov 01 03:30:20 GMT+01:00 2022
10-31 22:30:20.806 30943 30943 I cr_omaha: Scheduled using JobService
10-31 22:30:20.808 30943 30943 E cr_BkgrdTaskJS: Tried finishing non-current BackgroundTask.
10-31 22:30:20.856 30943 30943 W chromium: [WARNING:controller_impl.cc(1190)] Background download complete, client: 6, completion type: 0, file size:9419
10-31 22:30:20.886 31426 31426 E /system/bin/webview_zygote32: failed to make and chown /acct/uid_99751: Permission denied
10-31 22:30:20.886 31426 31426 E Zygote  : createProcessGroup(99751, 0) failed: Permission denied
10-31 22:30:20.886   772  4539 I ActivityManager: Start proc 31426:com.android.chrome:sandboxed_process11/u0i751 for webview_service com.android.chrome/org.chromium.content.app.SandboxedProcessService11
10-31 22:30:20.916 31426 31426 I SamplingProfilerIntegration: Profiling disabled.
10-31 22:30:20.935 31439 31439 E asset   : setgid: Operation not permitted
10-31 22:30:20.965 31426 31426 I cr_SplitCompatApp: Launched version=106.0.5249.79 minSdkVersion=24 isBundle=true processName=com.android.chrome:sandboxed_process11 isIsolated=true
10-31 22:30:20.969 31426 31426 W SystemServiceRegistry: No service published for: uimode
10-31 22:30:20.991 31426 31426 I cr_ChildProcessService: Creating new ChildProcessService pid=31426
10-31 22:30:21.002 31426 31426 E WebViewFactory: can't load with relro file; address space not reserved
10-31 22:30:21.017 31426 31440 I cr_LibraryLoader: Successfully loaded native library
10-31 22:30:21.018 31426 31440 I cr_CachingUmaRecorder: Flushed 3 samples from 3 histograms.
10-31 22:30:21.038 31444 31444 W ThreadPoolForeg: type=1400 audit(0.0:19254): avc: denied { setattr } for name="model-info.pb" dev="dm-2" ino=1504910 scontext=u:r:isolated_app:s0:c512,c768 tcontext=u:object_r:app_data_file:s0:c512,c768 tclass=file permissive=0
10-31 22:30:21.041 31444 31444 W ThreadPoolForeg: type=1400 audit(0.0:19255): avc: denied { setattr } for name="model.tflite" dev="dm-2" ino=1504911 scontext=u:r:isolated_app:s0:c512,c768 tcontext=u:object_r:app_data_file:s0:c512,c768 tclass=file permissive=0
10-31 22:30:21.050 31426 31440 I chromium: [INFO:child_process_service.cc(69)] ChildProcessService: Exiting child process.
10-31 22:30:21.053   422   422 E lowmemorykiller: Error writing /proc/31426/oom_score_adj; errno=22
10-31 22:30:21.053   772  1327 I ActivityManager: Killing 31426:com.android.chrome:sandboxed_process11/u0a60i751 (adj 0): isolated not needed
10-31 22:30:21.056   772   790 W zygote64: failed to open /acct/uid_99751/pid_31426/cgroup.procs: No such file or directory
10-31 22:30:21.086 30943 30943 W chromium: [WARNING:compositor_view.cc(342)] Child process died (type=6) pid=31426)
10-31 22:30:21.298 31163 31178 I chromium: [INFO:child_process_service.cc(69)] ChildProcessService: Exiting child process.
10-31 22:30:21.299   422   422 E lowmemorykiller: Error writing /proc/31163/oom_score_adj; errno=22
10-31 22:30:21.305   772 10860 I ActivityManager: Killing 31163:com.android.chrome:sandboxed_process2/u0a60i742 (adj 0): isolated not needed
10-31 22:30:21.308   772   790 W zygote64: failed to open /acct/uid_99742/pid_31163/cgroup.procs: No such file or directory
10-31 22:30:21.328 30943 30943 W chromium: [WARNING:compositor_view.cc(342)] Child process died (type=6) pid=31163)
10-31 22:30:26.199 30943 30943 E cr_BTSPrefs: No data found for task id: 56
10-31 22:30:26.200 30943 30943 E cr_BkgrdTaskScheduler: Task cannot be canceled because no data was found instorage or data was invalid
10-31 22:30:28.011 30943 30943 I cr_tabmodel: Appending tabs being restored to metadata lists, 0, startingNormalCount: 2, startingIncognitoCount: 0
10-31 22:30:28.011 30943 30943 I cr_tabmodel: Serializing tab lists; counts: 2, 0
10-31 22:30:29.028 30943 30943 I cr_tabmodel: Appending tabs being restored to metadata lists, 0, startingNormalCount: 2, startingIncognitoCount: 0
10-31 22:30:29.028 30943 30943 I cr_tabmodel: Serializing tab lists; counts: 2, 0
10-31 22:30:30.311 30943 30943 W ResourceType: Failure getting entry for 0x7f010888 (t=0 e=2184) (error -75)
10-31 22:30:30.357 30943 30943 I chatty  : uid=10060(u0_a60) identical 7 lines
10-31 22:30:30.363 30943 30943 W ResourceType: Failure getting entry for 0x7f010888 (t=0 e=2184) (error -75)
10-31 22:30:30.366 30943 30943 I cr_TopSites: Start a new task.
10-31 22:30:30.367 30943 31010 I cr_TopSites: Serializing top sites lists finished; count: 9
10-31 22:30:30.372 30943 31010 I cr_TopSites: Finished saving top sites list to file:/data/user/0/com.android.chrome/app_top_sites/top_sites
10-31 22:31:08.273 30943 30943 I cr_media: Create MediaDrmBridge with level L3 and origin 82F5BC4B72F5D969717211F86BDF724E
10-31 22:31:08.278   361   361 W /system/bin/hwservicemanager: getTransportFromManifest: Cannot find entry android.hardware.drm@1.0::IDrmFactory in either framework or device manifest, using default transport.
10-31 22:31:08.317   562   644 I DrmHal  : makeDrmFactories: using default drm instance
10-31 22:31:08.321   361   361 W /system/bin/hwservicemanager: getTransportFromManifest: Cannot find entry android.hardware.drm@1.0::IDrmFactory in either framework or device manifest, using default transport.
10-31 22:31:08.400   562   562 I DrmHal  : makeDrmFactories: using default drm instance
10-31 22:31:08.401   562 28303 D WVCdm   : Instantiating CDM.
10-31 22:31:08.404   562 19051 I WVCdm   : CdmEngine::QueryStatus
10-31 22:31:08.404   562 19051 I WVCdm   : Level3 Library 4445 May 19 2017 17:17:20
10-31 22:31:08.408   562 19051 D QSEECOMAPI: : QSEECom_get_handle sb_length = 0x19000
10-31 22:31:08.408   562 19051 D QSEECOMAPI: : App is not loaded in QSEE
10-31 22:31:08.460   562 19051 D QSEECOMAPI: : Loaded image: APP id = 3446
10-31 22:31:08.463   562 19051 D QSAPPSVER: qsapps_get_capabilities: Capability from secure side: 0x0
10-31 22:31:08.463   562 19051 D QSAPPSVER: qsapps_get_capabilities: returns 0
10-31 22:31:08.463   562 19051 E DrmWidevineDash: sion_buffer g_wv_fhandle->ion_sbuffer  0x0xeecac000
10-31 22:31:08.467   372   376 D DrmLibTime: got the req here! ret=0
10-31 22:31:08.467   372   376 D DrmLibTime: command id, time_cmd_id = 770
10-31 22:31:08.467   372   376 D DrmLibTime: time_getutcsec starts!
10-31 22:31:08.467   372   376 D DrmLibTime: QSEE Time Listener: time_getutcsec
10-31 22:31:08.467   372   376 D DrmLibTime: QSEE Time Listener: get_utc_seconds
10-31 22:31:08.467   372   376 D DrmLibTime: QSEE Time Listener: time_get_modem_time
10-31 22:31:08.467   372   376 D DrmLibTime: QSEE Time Listener: Checking if ATS_MODEM is set or not.
10-31 22:31:08.467   372   376 D QC-time-services: Lib:time_genoff_operation: pargs->base = 13
10-31 22:31:08.467   372   376 D QC-time-services: Lib:time_genoff_operation: pargs->operation = 2
10-31 22:31:08.467   372   376 D QC-time-services: Lib:time_genoff_operation: pargs->ts_val = 0
10-31 22:31:08.468   372   376 D QC-time-services: Lib:time_genoff_operation: Send to server  passed!!
10-31 22:31:08.468   625   647 D QC-time-services: Daemon: Connection accepted:time_genoff
10-31 22:31:08.469   625 31463 D QC-time-services: Daemon:Received base = 13, unit = 1, operation = 2,value = 0
10-31 22:31:08.469   625 31463 D QC-time-services: Daemon:genoff_opr: Base = 13, val = 0, operation = 2
10-31 22:31:08.469   625 31463 D QC-time-services: offset is: 0 for base: 13
10-31 22:31:08.469   372   376 E QC-time-services: Receive Passed == base = 13, unit = 1, operation = 2, result = 0
10-31 22:31:08.469   372   376 D DrmLibTime: QSEE Time Listener: ATS_MODEM is not set. Fallback to Android system time.
10-31 22:31:08.469   372   376 D DrmLibTime: QSEE Time Listener: Retrieved Android system time: 1667251868
10-31 22:31:08.469   372   376 D DrmLibTime: time_getutcsec returns 0, sec = 1667251868; nsec = 0
10-31 22:31:08.469   372   376 D DrmLibTime: time_getutcsec finished! 
10-31 22:31:08.469   372   376 D DrmLibTime: iotcl_continue_command finished! and return 0 
10-31 22:31:08.469   372   376 D DrmLibTime: before calling ioctl to read the next time_cmd
10-31 22:31:08.469   625   647 E QC-time-services: Daemon: Time-services: Waiting to acceptconnection
10-31 22:31:08.509   562 19051 D WVCdm   : OEMCrypto_Initialize Level 1 success. I will use level 1.
10-31 22:31:08.510   562 19051 D QSEECOMAPI: : QSEECom_dealloc_memory 
10-31 22:31:08.510   562 19051 D QSEECOMAPI: : QSEECom_shutdown_app, app_id = 3446
10-31 22:31:08.524   562   644 I WVCdm   : CdmEngine::OpenSession
10-31 22:31:08.525   562   644 I WVCdm   : Level3 Library 4445 May 19 2017 17:17:20
10-31 22:31:08.528   562   644 D QSEECOMAPI: : QSEECom_get_handle sb_length = 0x19000
10-31 22:31:08.528   562   644 D QSEECOMAPI: : App is not loaded in QSEE
10-31 22:31:08.583   562   644 D QSEECOMAPI: : Loaded image: APP id = 3447
10-31 22:31:08.587   562   644 D QSAPPSVER: qsapps_get_capabilities: Capability from secure side: 0x0
10-31 22:31:08.587   562   644 D QSAPPSVER: qsapps_get_capabilities: returns 0
10-31 22:31:08.587   562   644 E DrmWidevineDash: sion_buffer g_wv_fhandle->ion_sbuffer  0x0xeecac000
10-31 22:31:08.590   372   376 D DrmLibTime: got the req here! ret=0
10-31 22:31:08.590   372   376 D DrmLibTime: command id, time_cmd_id = 770
10-31 22:31:08.590   372   376 D DrmLibTime: time_getutcsec starts!
10-31 22:31:08.590   372   376 D DrmLibTime: QSEE Time Listener: time_getutcsec
10-31 22:31:08.590   372   376 D DrmLibTime: QSEE Time Listener: get_utc_seconds
10-31 22:31:08.590   372   376 D DrmLibTime: QSEE Time Listener: time_get_modem_time
10-31 22:31:08.590   372   376 D DrmLibTime: QSEE Time Listener: Checking if ATS_MODEM is set or not.
10-31 22:31:08.590   372   376 D QC-time-services: Lib:time_genoff_operation: pargs->base = 13
10-31 22:31:08.590   372   376 D QC-time-services: Lib:time_genoff_operation: pargs->operation = 2
10-31 22:31:08.590   372   376 D QC-time-services: Lib:time_genoff_operation: pargs->ts_val = 0
10-31 22:31:08.591   372   376 D QC-time-services: Lib:time_genoff_operation: Send to server  passed!!
10-31 22:31:08.591   625   647 D QC-time-services: Daemon: Connection accepted:time_genoff
10-31 22:31:08.591   625 31464 D QC-time-services: Daemon:Received base = 13, unit = 1, operation = 2,value = 0
10-31 22:31:08.591   625 31464 D QC-time-services: Daemon:genoff_opr: Base = 13, val = 0, operation = 2
10-31 22:31:08.591   625 31464 D QC-time-services: offset is: 0 for base: 13
10-31 22:31:08.591   372   376 E QC-time-services: Receive Passed == base = 13, unit = 1, operation = 2, result = 0
10-31 22:31:08.591   372   376 D DrmLibTime: QSEE Time Listener: ATS_MODEM is not set. Fallback to Android system time.
10-31 22:31:08.591   372   376 D DrmLibTime: QSEE Time Listener: Retrieved Android system time: 1667251868
10-31 22:31:08.591   372   376 D DrmLibTime: time_getutcsec returns 0, sec = 1667251868; nsec = 0
10-31 22:31:08.591   372   376 D DrmLibTime: time_getutcsec finished! 
10-31 22:31:08.591   372   376 D DrmLibTime: iotcl_continue_command finished! and return 0 
10-31 22:31:08.591   372   376 D DrmLibTime: before calling ioctl to read the next time_cmd
10-31 22:31:08.591   625   647 E QC-time-services: Daemon: Time-services: Waiting to acceptconnection
10-31 22:31:08.619   562   644 D WVCdm   : OEMCrypto_Initialize Level 1 success. I will use level 1.
10-31 22:31:08.619   562   644 D WVCdm   : CryptoSession::Open: Lock: requested_security_level: L3
10-31 22:31:08.626   562   644 W WVCdm   : DeviceFiles::RetrieveHashedFile: /data/mediadrm/IDM1013/L3/cert.bin does not exist
10-31 22:31:08.627   562   644 D QSEECOMAPI: : QSEECom_dealloc_memory 
10-31 22:31:08.627   562   644 D QSEECOMAPI: : QSEECom_shutdown_app, app_id = 3447
10-31 22:31:08.649   562   562 I WVCdm   : Level3 Library 4445 May 19 2017 17:17:20
10-31 22:31:08.655   562   562 D QSEECOMAPI: : QSEECom_get_handle sb_length = 0x19000
10-31 22:31:08.655   562   562 D QSEECOMAPI: : App is not loaded in QSEE
10-31 22:31:08.709   562   562 D QSEECOMAPI: : Loaded image: APP id = 3448
10-31 22:31:08.711   562   562 D QSAPPSVER: qsapps_get_capabilities: Capability from secure side: 0x0
10-31 22:31:08.711   562   562 D QSAPPSVER: qsapps_get_capabilities: returns 0
10-31 22:31:08.711   562   562 E DrmWidevineDash: sion_buffer g_wv_fhandle->ion_sbuffer  0x0xeecac000
10-31 22:31:08.715   372   376 D DrmLibTime: got the req here! ret=0
10-31 22:31:08.715   372   376 D DrmLibTime: command id, time_cmd_id = 770
10-31 22:31:08.715   372   376 D DrmLibTime: time_getutcsec starts!
10-31 22:31:08.715   372   376 D DrmLibTime: QSEE Time Listener: time_getutcsec
10-31 22:31:08.715   372   376 D DrmLibTime: QSEE Time Listener: get_utc_seconds
10-31 22:31:08.715   372   376 D DrmLibTime: QSEE Time Listener: time_get_modem_time
10-31 22:31:08.715   372   376 D DrmLibTime: QSEE Time Listener: Checking if ATS_MODEM is set or not.
10-31 22:31:08.715   372   376 D QC-time-services: Lib:time_genoff_operation: pargs->base = 13
10-31 22:31:08.715   372   376 D QC-time-services: Lib:time_genoff_operation: pargs->operation = 2
10-31 22:31:08.715   372   376 D QC-time-services: Lib:time_genoff_operation: pargs->ts_val = 0
10-31 22:31:08.715   372   376 D QC-time-services: Lib:time_genoff_operation: Send to server  passed!!
10-31 22:31:08.715   625   647 D QC-time-services: Daemon: Connection accepted:time_genoff
10-31 22:31:08.723   625 31465 D QC-time-services: Daemon:Received base = 13, unit = 1, operation = 2,value = 0
10-31 22:31:08.723   625 31465 D QC-time-services: Daemon:genoff_opr: Base = 13, val = 0, operation = 2
10-31 22:31:08.723   625 31465 D QC-time-services: offset is: 0 for base: 13
10-31 22:31:08.723   372   376 E QC-time-services: Receive Passed == base = 13, unit = 1, operation = 2, result = 0
10-31 22:31:08.723   372   376 D DrmLibTime: QSEE Time Listener: ATS_MODEM is not set. Fallback to Android system time.
10-31 22:31:08.723   372   376 D DrmLibTime: QSEE Time Listener: Retrieved Android system time: 1667251868
10-31 22:31:08.723   372   376 D DrmLibTime: time_getutcsec returns 0, sec = 1667251868; nsec = 0
10-31 22:31:08.723   372   376 D DrmLibTime: time_getutcsec finished! 
10-31 22:31:08.723   372   376 D DrmLibTime: iotcl_continue_command finished! and return 0 
10-31 22:31:08.723   372   376 D DrmLibTime: before calling ioctl to read the next time_cmd
10-31 22:31:08.725   625   647 E QC-time-services: Daemon: Time-services: Waiting to acceptconnection
10-31 22:31:08.758   562   562 D WVCdm   : OEMCrypto_Initialize Level 1 success. I will use level 1.
10-31 22:31:08.758   562   562 D WVCdm   : CryptoSession::Open: Lock: requested_security_level: L3
10-31 22:31:08.771 30943 30943 I cr_media: Provisioning origin ID 82F5BC4B72F5D969717211F86BDF724E
10-31 22:31:08.779 30943 30943 I MediaDrm: Drm event (1,0)
10-31 22:31:08.779 30943 30943 E cr_media: EventListener: No session for event 1.
10-31 22:31:09.036   562  5487 D QSEECOMAPI: : QSEECom_dealloc_memory 
10-31 22:31:09.036   562  5487 D QSEECOMAPI: : QSEECom_shutdown_app, app_id = 3448
10-31 22:31:09.058 30943 30943 I cr_media: Create MediaDrmBridge with level L1 and origin 82F5BC4B72F5D969717211F86BDF724E
10-31 22:31:09.060   361   361 W /system/bin/hwservicemanager: getTransportFromManifest: Cannot find entry android.hardware.drm@1.0::IDrmFactory in either framework or device manifest, using default transport.
10-31 22:31:09.063   562 19050 I DrmHal  : makeDrmFactories: using default drm instance
10-31 22:31:09.065   361   361 W /system/bin/hwservicemanager: getTransportFromManifest: Cannot find entry android.hardware.drm@1.0::IDrmFactory in either framework or device manifest, using default transport.
10-31 22:31:09.068   562   562 I DrmHal  : makeDrmFactories: using default drm instance
10-31 22:31:09.070   562 28303 I WVCdm   : CdmEngine::QueryStatus
10-31 22:31:09.070   562 28303 I WVCdm   : Level3 Library 4445 May 19 2017 17:17:20
10-31 22:31:09.074   562 28303 D QSEECOMAPI: : QSEECom_get_handle sb_length = 0x19000
10-31 22:31:09.074   562 28303 D QSEECOMAPI: : App is not loaded in QSEE
10-31 22:31:09.125   562 28303 D QSEECOMAPI: : Loaded image: APP id = 3449
10-31 22:31:09.129   562 28303 D QSAPPSVER: qsapps_get_capabilities: Capability from secure side: 0x0
10-31 22:31:09.129   562 28303 D QSAPPSVER: qsapps_get_capabilities: returns 0
10-31 22:31:09.129   562 28303 E DrmWidevineDash: sion_buffer g_wv_fhandle->ion_sbuffer  0x0xeec8e000
10-31 22:31:09.131   372   376 D DrmLibTime: got the req here! ret=0
10-31 22:31:09.131   372   376 D DrmLibTime: command id, time_cmd_id = 770
10-31 22:31:09.131   372   376 D DrmLibTime: time_getutcsec starts!
10-31 22:31:09.131   372   376 D DrmLibTime: QSEE Time Listener: time_getutcsec
10-31 22:31:09.131   372   376 D DrmLibTime: QSEE Time Listener: get_utc_seconds
10-31 22:31:09.131   372   376 D DrmLibTime: QSEE Time Listener: time_get_modem_time
10-31 22:31:09.131   372   376 D DrmLibTime: QSEE Time Listener: Checking if ATS_MODEM is set or not.
10-31 22:31:09.131   372   376 D QC-time-services: Lib:time_genoff_operation: pargs->base = 13
10-31 22:31:09.131   372   376 D QC-time-services: Lib:time_genoff_operation: pargs->operation = 2
10-31 22:31:09.131   372   376 D QC-time-services: Lib:time_genoff_operation: pargs->ts_val = 0
10-31 22:31:09.132   372   376 D QC-time-services: Lib:time_genoff_operation: Send to server  passed!!
10-31 22:31:09.132   625   647 D QC-time-services: Daemon: Connection accepted:time_genoff
10-31 22:31:09.132   625 31470 D QC-time-services: Daemon:Received base = 13, unit = 1, operation = 2,value = 0
10-31 22:31:09.132   625 31470 D QC-time-services: Daemon:genoff_opr: Base = 13, val = 0, operation = 2
10-31 22:31:09.132   625 31470 D QC-time-services: offset is: 0 for base: 13
10-31 22:31:09.132   372   376 E QC-time-services: Receive Passed == base = 13, unit = 1, operation = 2, result = 0
10-31 22:31:09.132   372   376 D DrmLibTime: QSEE Time Listener: ATS_MODEM is not set. Fallback to Android system time.
10-31 22:31:09.132   372   376 D DrmLibTime: QSEE Time Listener: Retrieved Android system time: 1667251869
10-31 22:31:09.132   372   376 D DrmLibTime: time_getutcsec returns 0, sec = 1667251869; nsec = 0
10-31 22:31:09.132   372   376 D DrmLibTime: time_getutcsec finished! 
10-31 22:31:09.132   372   376 D DrmLibTime: iotcl_continue_command finished! and return 0 
10-31 22:31:09.132   372   376 D DrmLibTime: before calling ioctl to read the next time_cmd
10-31 22:31:09.133   625   647 E QC-time-services: Daemon: Time-services: Waiting to acceptconnection
10-31 22:31:09.158   562 28303 D WVCdm   : OEMCrypto_Initialize Level 1 success. I will use level 1.
10-31 22:31:09.159   562 28303 D QSEECOMAPI: : QSEECom_dealloc_memory 
10-31 22:31:09.159   562 28303 D QSEECOMAPI: : QSEECom_shutdown_app, app_id = 3449
10-31 22:31:09.178   562   644 I WVCdm   : CdmEngine::OpenSession
10-31 22:31:09.180   562   644 I WVCdm   : Level3 Library 4445 May 19 2017 17:17:20
10-31 22:31:09.183   562   644 D QSEECOMAPI: : QSEECom_get_handle sb_length = 0x19000
10-31 22:31:09.183   562   644 D QSEECOMAPI: : App is not loaded in QSEE
10-31 22:31:09.231   562   644 D QSEECOMAPI: : Loaded image: APP id = 3450
10-31 22:31:09.234   562   644 D QSAPPSVER: qsapps_get_capabilities: Capability from secure side: 0x0
10-31 22:31:09.234   562   644 D QSAPPSVER: qsapps_get_capabilities: returns 0
10-31 22:31:09.234   562   644 E DrmWidevineDash: sion_buffer g_wv_fhandle->ion_sbuffer  0x0xeec8e000
10-31 22:31:09.237   372   376 D DrmLibTime: got the req here! ret=0
10-31 22:31:09.237   372   376 D DrmLibTime: command id, time_cmd_id = 770
10-31 22:31:09.237   372   376 D DrmLibTime: time_getutcsec starts!
10-31 22:31:09.237   372   376 D DrmLibTime: QSEE Time Listener: time_getutcsec
10-31 22:31:09.237   372   376 D DrmLibTime: QSEE Time Listener: get_utc_seconds
10-31 22:31:09.237   372   376 D DrmLibTime: QSEE Time Listener: time_get_modem_time
10-31 22:31:09.237   372   376 D DrmLibTime: QSEE Time Listener: Checking if ATS_MODEM is set or not.
10-31 22:31:09.237   372   376 D QC-time-services: Lib:time_genoff_operation: pargs->base = 13
10-31 22:31:09.237   372   376 D QC-time-services: Lib:time_genoff_operation: pargs->operation = 2
10-31 22:31:09.237   372   376 D QC-time-services: Lib:time_genoff_operation: pargs->ts_val = 0
10-31 22:31:09.237   372   376 D QC-time-services: Lib:time_genoff_operation: Send to server  passed!!
10-31 22:31:09.237   625   647 D QC-time-services: Daemon: Connection accepted:time_genoff
10-31 22:31:09.238   625 31471 D QC-time-services: Daemon:Received base = 13, unit = 1, operation = 2,value = 0
10-31 22:31:09.238   625 31471 D QC-time-services: Daemon:genoff_opr: Base = 13, val = 0, operation = 2
10-31 22:31:09.238   625 31471 D QC-time-services: offset is: 0 for base: 13
10-31 22:31:09.238   372   376 E QC-time-services: Receive Passed == base = 13, unit = 1, operation = 2, result = 0
10-31 22:31:09.238   372   376 D DrmLibTime: QSEE Time Listener: ATS_MODEM is not set. Fallback to Android system time.
10-31 22:31:09.238   372   376 D DrmLibTime: QSEE Time Listener: Retrieved Android system time: 1667251869
10-31 22:31:09.238   372   376 D DrmLibTime: time_getutcsec returns 0, sec = 1667251869; nsec = 0
10-31 22:31:09.238   372   376 D DrmLibTime: time_getutcsec finished! 
10-31 22:31:09.238   372   376 D DrmLibTime: iotcl_continue_command finished! and return 0 
10-31 22:31:09.238   372   376 D DrmLibTime: before calling ioctl to read the next time_cmd
10-31 22:31:09.238   625   647 E QC-time-services: Daemon: Time-services: Waiting to acceptconnection
10-31 22:31:09.274   562   644 D WVCdm   : OEMCrypto_Initialize Level 1 success. I will use level 1.
10-31 22:31:09.274   562   644 D WVCdm   : CryptoSession::Open: Lock: requested_security_level: Default
10-31 22:31:09.277   562   644 W WVCdm   : DeviceFiles::RetrieveHashedFile: /data/mediadrm/IDM1013/L1/cert.bin does not exist
10-31 22:31:09.279   562   644 D QSEECOMAPI: : QSEECom_dealloc_memory 
10-31 22:31:09.279   562   644 D QSEECOMAPI: : QSEECom_shutdown_app, app_id = 3450
10-31 22:31:09.293   562  5487 I WVCdm   : Level3 Library 4445 May 19 2017 17:17:20
10-31 22:31:09.318   562  5487 D QSEECOMAPI: : QSEECom_get_handle sb_length = 0x19000
10-31 22:31:09.319   562  5487 D QSEECOMAPI: : App is not loaded in QSEE
10-31 22:31:09.372   562  5487 D QSEECOMAPI: : Loaded image: APP id = 3451
10-31 22:31:09.378   562  5487 D QSAPPSVER: qsapps_get_capabilities: Capability from secure side: 0x0
10-31 22:31:09.378   562  5487 D QSAPPSVER: qsapps_get_capabilities: returns 0
10-31 22:31:09.378   562  5487 E DrmWidevineDash: sion_buffer g_wv_fhandle->ion_sbuffer  0x0xeecca000
10-31 22:31:09.383   372   376 D DrmLibTime: got the req here! ret=0
10-31 22:31:09.384   372   376 D DrmLibTime: command id, time_cmd_id = 770
10-31 22:31:09.384   372   376 D DrmLibTime: time_getutcsec starts!
10-31 22:31:09.384   372   376 D DrmLibTime: QSEE Time Listener: time_getutcsec
10-31 22:31:09.384   372   376 D DrmLibTime: QSEE Time Listener: get_utc_seconds
10-31 22:31:09.384   372   376 D DrmLibTime: QSEE Time Listener: time_get_modem_time
10-31 22:31:09.384   372   376 D DrmLibTime: QSEE Time Listener: Checking if ATS_MODEM is set or not.
10-31 22:31:09.384   372   376 D QC-time-services: Lib:time_genoff_operation: pargs->base = 13
10-31 22:31:09.384   372   376 D QC-time-services: Lib:time_genoff_operation: pargs->operation = 2
10-31 22:31:09.384   372   376 D QC-time-services: Lib:time_genoff_operation: pargs->ts_val = 0
10-31 22:31:09.384   372   376 D QC-time-services: Lib:time_genoff_operation: Send to server  passed!!
10-31 22:31:09.384   625   647 D QC-time-services: Daemon: Connection accepted:time_genoff
10-31 22:31:09.384   625 31472 D QC-time-services: Daemon:Received base = 13, unit = 1, operation = 2,value = 0
10-31 22:31:09.384   625 31472 D QC-time-services: Daemon:genoff_opr: Base = 13, val = 0, operation = 2
10-31 22:31:09.384   625 31472 D QC-time-services: offset is: 0 for base: 13
10-31 22:31:09.384   372   376 E QC-time-services: Receive Passed == base = 13, unit = 1, operation = 2, result = 0
10-31 22:31:09.385   372   376 D DrmLibTime: QSEE Time Listener: ATS_MODEM is not set. Fallback to Android system time.
10-31 22:31:09.385   372   376 D DrmLibTime: QSEE Time Listener: Retrieved Android system time: 1667251869
10-31 22:31:09.385   372   376 D DrmLibTime: time_getutcsec returns 0, sec = 1667251869; nsec = 0
10-31 22:31:09.385   372   376 D DrmLibTime: time_getutcsec finished! 
10-31 22:31:09.385   372   376 D DrmLibTime: iotcl_continue_command finished! and return 0 
10-31 22:31:09.385   372   376 D DrmLibTime: before calling ioctl to read the next time_cmd
10-31 22:31:09.385   625   647 E QC-time-services: Daemon: Time-services: Waiting to acceptconnection
10-31 22:31:09.409   562  5487 D WVCdm   : OEMCrypto_Initialize Level 1 success. I will use level 1.
10-31 22:31:09.410   562  5487 D WVCdm   : CryptoSession::Open: Lock: requested_security_level: Default
10-31 22:31:09.505   562  5487 E DrmWidevineDash: OEMCrypto_GenerateSignature : input wrapped_rsa_key == NULL!, return short buffer
10-31 22:31:09.508 30943 30943 I cr_media: Provisioning origin ID 82F5BC4B72F5D969717211F86BDF724E
10-31 22:31:09.523 30943 30943 I MediaDrm: Drm event (1,0)
10-31 22:31:09.523 30943 30943 E cr_media: EventListener: No session for event 1.
10-31 22:31:09.547   562   562 E DrmWidevineDash: OEMCrypto_RewrapDeviceRSAKey : input wrapped_rsa_key == NULL!, return short buffer
10-31 22:31:09.563   562   562 D QSEECOMAPI: : QSEECom_dealloc_memory 
10-31 22:31:09.563   562   562 D QSEECOMAPI: : QSEECom_shutdown_app, app_id = 3451
10-31 22:31:09.588 30943 30943 I cr_media: Create MediaDrmBridge with level L3 and origin CA48219D376E16D7C5D6F033AC547AB3
10-31 22:31:09.590   361   361 W /system/bin/hwservicemanager: getTransportFromManifest: Cannot find entry android.hardware.drm@1.0::IDrmFactory in either framework or device manifest, using default transport.
10-31 22:31:09.644   562  5487 I DrmHal  : makeDrmFactories: using default drm instance
10-31 22:31:09.647   361   361 W /system/bin/hwservicemanager: getTransportFromManifest: Cannot find entry android.hardware.drm@1.0::IDrmFactory in either framework or device manifest, using default transport.
10-31 22:31:09.700   562 28303 I DrmHal  : makeDrmFactories: using default drm instance
10-31 22:31:09.701   562 19050 D WVCdm   : Instantiating CDM.
10-31 22:31:09.702   562 19051 I WVCdm   : CdmEngine::QueryStatus
10-31 22:31:09.703   562 19051 I WVCdm   : Level3 Library 4445 May 19 2017 17:17:20
10-31 22:31:09.707   562 19051 D QSEECOMAPI: : QSEECom_get_handle sb_length = 0x19000
10-31 22:31:09.707   562 19051 D QSEECOMAPI: : App is not loaded in QSEE
10-31 22:31:09.752   562 19051 D QSEECOMAPI: : Loaded image: APP id = 3452
10-31 22:31:09.754   562 19051 D QSAPPSVER: qsapps_get_capabilities: Capability from secure side: 0x0
10-31 22:31:09.754   562 19051 D QSAPPSVER: qsapps_get_capabilities: returns 0
10-31 22:31:09.754   562 19051 E DrmWidevineDash: sion_buffer g_wv_fhandle->ion_sbuffer  0x0xeeca5000
10-31 22:31:09.758   372   376 D DrmLibTime: got the req here! ret=0
