--------- beginning of system
10-31 22:30:04.513   772   791 E BatteryStatsService: no controller energy info supplied
10-31 22:30:05.891   772 10860 I ActivityManager: Force stopping com.android.chrome appid=10060 user=0: from pid 30941
10-31 22:30:05.892   772 10860 I ActivityManager: Killing 30840:com.android.chrome/u0a60 (adj 900): stop com.android.chrome
--------- beginning of main
10-31 22:30:05.903  1311  1311 D CarrierSvcBindHelper: No carrier app for: 0
10-31 22:30:05.917  2964  2964 D RegisteredNfcFServicesCache: Service unchanged, not updating
10-31 22:30:06.152   772 10860 I ActivityManager: START u0 {act=android.intent.action.VIEW flg=0x10008000 cmp=com.android.chrome/com.google.android.apps.chrome.Main} from uid 2000
10-31 22:30:06.165   772   830 E ResourceType: Style contains key with bad entry: 0x0101062c
10-31 22:30:06.175   772   830 E ResourceType: Style contains key with bad entry: 0x0101062c
10-31 22:30:06.201   772 10893 I ActivityManager: Start proc 30943:com.android.chrome/u0a60 for activity com.android.chrome/com.google.android.apps.chrome.Main
10-31 22:30:06.304 30943 30943 I cr_SplitCompatApp: Launched version=106.0.5249.79 minSdkVersion=24 isBundle=true processName=com.android.chrome isIsolated=false
10-31 22:30:06.359 29486 29498 I FontLog : Received query Google Sans, URI content://com.google.android.gms.fonts [CONTEXT service_id=132 ]
10-31 22:30:06.360 29486 29498 I FontLog : Query [Google Sans] resolved to {Google Sans, wdth 100.0, wght 400, ital 0.0, bestEffort false} [CONTEXT service_id=132 ]
10-31 22:30:06.361 29486 29498 I FontLog : Font PFD returned from cache for {Google Sans, wdth 100.0, wght 400, ital 0.0, bestEffort false} [CONTEXT service_id=132 ]
10-31 22:30:06.361 29486 29498 I FontLog : Fetch {Google Sans, wdth 100.0, wght 400, ital 0.0, bestEffort false} end status Status{statusCode=SUCCESS, resolution=null} [CONTEXT service_id=132 ]
10-31 22:30:06.369 29486 29497 I FontLog : Pulling font file for id = 824, cache size = 8 [CONTEXT service_id=132 ]
10-31 22:30:06.381 29486 29650 I FontLog : Received query Google Sans:500, URI content://com.google.android.gms.fonts [CONTEXT service_id=132 ]
10-31 22:30:06.381 29486 29650 I FontLog : Query [Google Sans:500] resolved to {Google Sans, wdth 100.0, wght 500, ital 0.0, bestEffort false} [CONTEXT service_id=132 ]
10-31 22:30:06.383 29486 29650 I FontLog : Font PFD returned from cache for {Google Sans, wdth 100.0, wght 500, ital 0.0, bestEffort false} [CONTEXT service_id=132 ]
10-31 22:30:06.383 29486 29650 I FontLog : Fetch {Google Sans, wdth 100.0, wght 500, ital 0.0, bestEffort false} end status Status{statusCode=SUCCESS, resolution=null} [CONTEXT service_id=132 ]
10-31 22:30:06.390 29486 30686 I FontLog : Pulling font file for id = 825, cache size = 9 [CONTEXT service_id=132 ]
10-31 22:30:06.397 29486 29497 I FontLog : Received query Google Sans:700, URI content://com.google.android.gms.fonts [CONTEXT service_id=132 ]
10-31 22:30:06.397 29486 29497 I FontLog : Query [Google Sans:700] resolved to {Google Sans, wdth 100.0, wght 700, ital 0.0, bestEffort false} [CONTEXT service_id=132 ]
10-31 22:30:06.399 29486 29497 I FontLog : Fetch {Google Sans, wdth 100.0, wght 700, ital 0.0, bestEffort false} end status Status{statusCode=SUCCESS, resolution=null} [CONTEXT service_id=132 ]
10-31 22:30:06.403 29486 30686 I FontLog : Pulling font file for id = 826, cache size = 10 [CONTEXT service_id=132 ]
10-31 22:30:06.431 30943 30962 I cr_LibraryLoader: Successfully loaded native library
10-31 22:30:06.431 30943 30962 I cr_CachingUmaRecorder: Flushed 19 samples from 19 histograms.
10-31 22:30:06.524 30943 30943 E ResourceType: Style contains key with bad entry: 0x0101062c
10-31 22:30:06.549 30943 30965 W DynamiteModule: Local module descriptor class for com.google.android.gms.googlecertificates not found.
10-31 22:30:06.567   772  1327 I ActivityManager: START u0 {cmp=com.android.chrome/org.chromium.chrome.browser.firstrun.FirstRunActivity (has extras)} from uid 10060
10-31 22:30:06.570 30943 30965 W zygote  : Skipping duplicate class check due to unrecognized classloader
10-31 22:30:06.573 30943 30965 I DynamiteModule: Considering local module com.google.android.gms.googlecertificates:0 and remote module com.google.android.gms.googlecertificates:7
10-31 22:30:06.574 30943 30965 I DynamiteModule: Selected remote version of com.google.android.gms.googlecertificates, version >= 7
10-31 22:30:06.607 30943 30943 E ResourceType: Style contains key with bad entry: 0x0101062c
10-31 22:30:06.620 30943 30965 W zygote  : Skipping duplicate class check due to unrecognized classloader
10-31 22:30:06.685   772  3041 W AppOps  : Bad call: specified package com.google.android.gms under uid 10060 but it is really 10020
10-31 22:30:06.685   772  3041 W AppOps  : java.lang.RuntimeException: here
10-31 22:30:06.685   772  3041 W AppOps  : 	at com.android.server.AppOpsService.getOpsRawLocked(AppOpsService.java:1319)
10-31 22:30:06.685   772  3041 W AppOps  : 	at com.android.server.AppOpsService.checkPackage(AppOpsService.java:1038)
10-31 22:30:06.685   772  3041 W AppOps  : 	at com.android.internal.app.IAppOpsService$Stub.onTransact(IAppOpsService.java:169)
10-31 22:30:06.685   772  3041 W AppOps  : 	at android.os.Binder.execTransact(Binder.java:674)
10-31 22:30:06.686   772   996 W AppOps  : Bad call: specified package com.google.android.gms under uid 10060 but it is really 10020
10-31 22:30:06.686   772   996 W AppOps  : java.lang.RuntimeException: here
10-31 22:30:06.686   772   996 W AppOps  : 	at com.android.server.AppOpsService.getOpsRawLocked(AppOpsService.java:1319)
10-31 22:30:06.686   772   996 W AppOps  : 	at com.android.server.AppOpsService.checkPackage(AppOpsService.java:1038)
10-31 22:30:06.686   772   996 W AppOps  : 	at com.android.internal.app.IAppOpsService$Stub.onTransact(IAppOpsService.java:169)
10-31 22:30:06.686   772   996 W AppOps  : 	at android.os.Binder.execTransact(Binder.java:674)
10-31 22:30:06.697   772  4540 W AppOps  : Bad call: specified package com.google.android.gms under uid 10060 but it is really 10020
10-31 22:30:06.697   772  4540 W AppOps  : java.lang.RuntimeException: here
10-31 22:30:06.697   772  4540 W AppOps  : 	at com.android.server.AppOpsService.getOpsRawLocked(AppOpsService.java:1319)
10-31 22:30:06.697   772  4540 W AppOps  : 	at com.android.server.AppOpsService.checkPackage(AppOpsService.java:1038)
10-31 22:30:06.697   772  4540 W AppOps  : 	at com.android.internal.app.IAppOpsService$Stub.onTransact(IAppOpsService.java:169)
10-31 22:30:06.697   772  4540 W AppOps  : 	at android.os.Binder.execTransact(Binder.java:674)
10-31 22:30:06.699   772 13021 W AppOps  : Bad call: specified package com.google.android.gms under uid 10060 but it is really 10020
10-31 22:30:06.699   772 13021 W AppOps  : java.lang.RuntimeException: here
10-31 22:30:06.699   772 13021 W AppOps  : 	at com.android.server.AppOpsService.getOpsRawLocked(AppOpsService.java:1319)
10-31 22:30:06.699   772 13021 W AppOps  : 	at com.android.server.AppOpsService.checkPackage(AppOpsService.java:1038)
10-31 22:30:06.699   772 13021 W AppOps  : 	at com.android.internal.app.IAppOpsService$Stub.onTransact(IAppOpsService.java:169)
10-31 22:30:06.699   772 13021 W AppOps  : 	at android.os.Binder.execTransact(Binder.java:674)
10-31 22:30:06.763 29486 29647 E bfry    : Phenotype API error. Event # ddoj@af048454, EventCode: 7 [CONTEXT service_id=51 ]
10-31 22:30:06.763 29486 29647 E bfry    : bfra: 29505: No config packages for log source, or config package not registered
10-31 22:30:06.763 29486 29647 E bfry    : 	at bfst.b(:com.google.android.gms@223616019@22.36.16 (040400-476895098):4)
10-31 22:30:06.763 29486 29647 E bfry    : 	at bfsq.g(:com.google.android.gms@223616019@22.36.16 (040400-476895098):0)
10-31 22:30:06.763 29486 29647 E bfry    : 	at bfry.e(:com.google.android.gms@223616019@22.36.16 (040400-476895098):4)
10-31 22:30:06.763 29486 29647 E bfry    : 	at bfry.f(:com.google.android.gms@223616019@22.36.16 (040400-476895098):2)
10-31 22:30:06.763 29486 29647 E bfry    : 	at arjg.ep(:com.google.android.gms@223616019@22.36.16 (040400-476895098):1)
10-31 22:30:06.763 29486 29647 E bfry    : 	at arjm.run(:com.google.android.gms@223616019@22.36.16 (040400-476895098):12)
10-31 22:30:06.763 29486 29647 E bfry    : 	at cjoq.run(:com.google.android.gms@223616019@22.36.16 (040400-476895098):2)
10-31 22:30:06.763 29486 29647 E bfry    : 	at aarl.c(:com.google.android.gms@223616019@22.36.16 (040400-476895098):6)
10-31 22:30:06.763 29486 29647 E bfry    : 	at aarl.run(:com.google.android.gms@223616019@22.36.16 (040400-476895098):7)
10-31 22:30:06.763 29486 29647 E bfry    : 	at java.util.concurrent.ThreadPoolExecutor.runWorker(ThreadPoolExecutor.java:1162)
10-31 22:30:06.763 29486 29647 E bfry    : 	at java.util.concurrent.ThreadPoolExecutor$Worker.run(ThreadPoolExecutor.java:636)
10-31 22:30:06.763 29486 29647 E bfry    : 	at aaws.run(:com.google.android.gms@223616019@22.36.16 (040400-476895098):0)
10-31 22:30:06.763 29486 29647 E bfry    : 	at java.lang.Thread.run(Thread.java:764)
10-31 22:30:06.763 29486 29647 W AsyncOperation: operation=GetExperimentTokensOperationCall, opStatusCode=29505 [CONTEXT service_id=51 ]
10-31 22:30:06.763 29486 29647 W AsyncOperation: OperationException[Status{statusCode=No config packages for log source, or config package not registered, resolution=null}]
10-31 22:30:06.763 29486 29647 W AsyncOperation: 	at bfry.e(:com.google.android.gms@223616019@22.36.16 (040400-476895098):6)
10-31 22:30:06.763 29486 29647 W AsyncOperation: 	at bfry.f(:com.google.android.gms@223616019@22.36.16 (040400-476895098):2)
10-31 22:30:06.763 29486 29647 W AsyncOperation: 	at arjg.ep(:com.google.android.gms@223616019@22.36.16 (040400-476895098):1)
10-31 22:30:06.763 29486 29647 W AsyncOperation: 	at arjm.run(:com.google.android.gms@223616019@22.36.16 (040400-476895098):12)
10-31 22:30:06.763 29486 29647 W AsyncOperation: 	at cjoq.run(:com.google.android.gms@223616019@22.36.16 (040400-476895098):2)
10-31 22:30:06.763 29486 29647 W AsyncOperation: 	at aarl.c(:com.google.android.gms@223616019@22.36.16 (040400-476895098):6)
10-31 22:30:06.763 29486 29647 W AsyncOperation: 	at aarl.run(:com.google.android.gms@223616019@22.36.16 (040400-476895098):7)
10-31 22:30:06.763 29486 29647 W AsyncOperation: 	at java.util.concurrent.ThreadPoolExecutor.runWorker(ThreadPoolExecutor.java:1162)
10-31 22:30:06.763 29486 29647 W AsyncOperation: 	at java.util.concurrent.ThreadPoolExecutor$Worker.run(ThreadPoolExecutor.java:636)
10-31 22:30:06.763 29486 29647 W AsyncOperation: 	at aaws.run(:com.google.android.gms@223616019@22.36.16 (040400-476895098):0)
10-31 22:30:06.763 29486 29647 W AsyncOperation: 	at java.lang.Thread.run(Thread.java:764)
10-31 22:30:06.822 30943 30943 W ResourceType: Failure getting entry for 0x7f010055 (t=0 e=85) (error -75)
10-31 22:30:06.849 30943 30973 D OpenGLRenderer: HWUI GL Pipeline
10-31 22:30:06.883 30943 30973 I Adreno  : QUALCOMM build                   : 7142022, Ib5823dd10c
10-31 22:30:06.883 30943 30973 I Adreno  : Build Date                       : 06/23/17
10-31 22:30:06.883 30943 30973 I Adreno  : OpenGL ES Shader Compiler Version: EV031.18.00.00
10-31 22:30:06.883 30943 30973 I Adreno  : Local Branch                     : O11A
10-31 22:30:06.883 30943 30973 I Adreno  : Remote Branch                    : 
10-31 22:30:06.883 30943 30973 I Adreno  : Remote Branch                    : 
10-31 22:30:06.883 30943 30973 I Adreno  : Reconstruct Branch               : 
10-31 22:30:06.885 30943 30973 I vndksupport: sphal namespace is not configured for this process. Loading /vendor/lib/hw/gralloc.msm8992.so from the current namespace instead.
10-31 22:30:06.887 30943 30943 W RecyclerView: No adapter attached; skipping layout
10-31 22:30:06.898 30943 30973 I Adreno  : PFP: 0x00000000, ME: 0x00000000
10-31 22:30:06.903 30943 30943 I cr_StartSurfaceConfig: Recorded Startup.Android.FirstDrawCompletedTime.NoInstant = 138 ms
10-31 22:30:06.903 30943 30973 I OpenGLRenderer: Initialized EGL, version 1.4
10-31 22:30:06.903 30943 30973 D OpenGLRenderer: Swap behavior 2
10-31 22:30:06.923 30943 30960 D NetworkSecurityConfig: Using Network Security Config from resource 0_resource_name_obfuscated debugBuild: false
10-31 22:30:07.163   361   361 W /system/bin/hwservicemanager: getTransportFromManifest: Cannot find entry android.hardware.graphics.mapper@2.0::IMapper in either framework or device manifest, using default transport.
10-31 22:30:07.166 30943 30973 I vndksupport: sphal namespace is not configured for this process. Loading /vendor/lib/hw/gralloc.msm8992.so from the current namespace instead.
10-31 22:30:07.217   772   797 I ActivityManager: Displayed com.android.chrome/org.chromium.chrome.browser.firstrun.FirstRunActivity: +491ms (total +1s37ms)
10-31 22:30:07.242 29296 29321 I PBSessionCacheImpl: Deleted sessionId[8537887632899] from persistence.
10-31 22:30:07.262 29296 29529 I DeviceStateChecker: DeviceStateChecker cancelled
10-31 22:30:07.263 29296 29296 I MicroDetector: Keeping mic open: false
10-31 22:30:07.267 29296 29321 I AudioController: internalShutdown
10-31 22:30:07.267 29296 29321 I MicrophoneInputStream: mic_close com.google.android.apps.gsa.speech.audio.af@4e148fe
10-31 22:30:07.268 29296 29361 I MicroRecognitionRunner: Stopping hotword detection.
10-31 22:30:07.288 29407 29407 I MemoryTrimmer: Trimming objects from memory, since app is in the background.
10-31 22:30:07.291 29407 30761 V rsC++   : RS Message thread exiting.
10-31 22:30:07.317   556 30764 D audio_hw_primary: disable_audio_route: usecase(9) reset and update mixer path: audio-record
10-31 22:30:07.317   556 30764 D audio_hw_primary: disable_snd_device: snd_device(72: voice-rec-mic)
10-31 22:30:07.321   556 30764 D sound_trigger_platform: platform_stdev_check_and_update_concurrency: concurrency active 0, tx 0, rx 0, concurrency session_allowed 1
10-31 22:30:07.323   556   753 I SoundTriggerHwService::Module: onCallbackEvent no clients
10-31 22:30:07.325 29296 29319 I MicroRecognitionRunner: Detection finished
10-31 22:30:07.981 30943 30960 I cr_VariationsSeedFetch: Fetched first run seed in 1072 ms
10-31 22:30:08.043 30982 30982 E /system/bin/webview_zygote32: failed to make and chown /acct/uid_99740: Permission denied
10-31 22:30:08.043 30982 30982 E Zygote  : createProcessGroup(99740, 0) failed: Permission denied
10-31 22:30:08.045   772 13022 I ActivityManager: Start proc 30982:com.android.chrome:sandboxed_process0/u0i740 for webview_service com.android.chrome/org.chromium.content.app.SandboxedProcessService0
10-31 22:30:08.069 30982 30982 I SamplingProfilerIntegration: Profiling disabled.
10-31 22:30:08.093 30996 30996 E asset   : setgid: Operation not permitted
10-31 22:30:08.124 30982 30982 I cr_SplitCompatApp: Launched version=106.0.5249.79 minSdkVersion=24 isBundle=true processName=com.android.chrome:sandboxed_process0 isIsolated=true
10-31 22:30:08.135 30982 30982 W SystemServiceRegistry: No service published for: uimode
10-31 22:30:08.144 30982 30982 I cr_ChildProcessService: Creating new ChildProcessService pid=30982
10-31 22:30:08.150 30982 30982 E WebViewFactory: can't load with relro file; address space not reserved
10-31 22:30:08.258   772  1327 I ActivityManager: Start proc 31014:com.android.chrome:privileged_process0/u0a60 for service com.android.chrome/org.chromium.content.app.PrivilegedProcessService0
10-31 22:30:08.292 30943 30943 I cr_SmsProviderGms: construction successfull y93@48d2629, v93@2a7674f
10-31 22:30:08.295 29692 29692 D BoundBrokerSvc: onBind: Intent { act=com.google.android.gms.auth.key.retrieval.service.START dat=chimera-action:com.google.android.gms.auth.key.retrieval.service.START cmp=com.google.android.gms/.chimera.GmsApiService }
10-31 22:30:08.296 29692 29692 D BoundBrokerSvc: Loading bound service for intent: Intent { act=com.google.android.gms.auth.key.retrieval.service.START dat=chimera-action:com.google.android.gms.auth.key.retrieval.service.START cmp=com.google.android.gms/.chimera.GmsApiService }
10-31 22:30:08.318 31014 31014 I cr_SplitCompatApp: Launched version=106.0.5249.79 minSdkVersion=24 isBundle=true processName=com.android.chrome:privileged_process0 isIsolated=false
10-31 22:30:08.329 31014 31014 I cr_ChildProcessService: Creating new ChildProcessService pid=31014
10-31 22:30:08.340 30943 30943 W cr_KnoxSettingsProvider: Permission to read device policy denied.
10-31 22:30:08.384 31014 31033 I cr_LibraryLoader: Successfully loaded native library
10-31 22:30:08.384 31014 31033 I cr_CachingUmaRecorder: Flushed 3 samples from 3 histograms.
10-31 22:30:08.394 31014 31033 I Adreno  : QUALCOMM build                   : 7142022, Ib5823dd10c
10-31 22:30:08.394 31014 31033 I Adreno  : Build Date                       : 06/23/17
10-31 22:30:08.394 31014 31033 I Adreno  : OpenGL ES Shader Compiler Version: EV031.18.00.00
10-31 22:30:08.394 31014 31033 I Adreno  : Local Branch                     : O11A
10-31 22:30:08.394 31014 31033 I Adreno  : Remote Branch                    : 
10-31 22:30:08.394 31014 31033 I Adreno  : Remote Branch                    : 
10-31 22:30:08.394 31014 31033 I Adreno  : Reconstruct Branch               : 
10-31 22:30:08.394 31014 31033 I vndksupport: sphal namespace is not configured for this process. Loading /vendor/lib/hw/gralloc.msm8992.so from the current namespace instead.
10-31 22:30:08.398 31014 31033 I Adreno  : PFP: 0x00000000, ME: 0x00000000
10-31 22:30:08.425 31014 31033 I vndksupport: sphal namespace is not configured for this process. Loading /vendor/lib/hw/vulkan.msm8992.so from the current namespace instead.
10-31 22:30:08.484 31014 31033 D vulkan  : searching for layers in '/data/app/com.android.chrome-6miXT7Rhe2HDjAcD6FuDPg==/lib/arm'
10-31 22:30:08.488 31014 31033 D vulkan  : searching for layers in '/data/app/com.android.chrome-6miXT7Rhe2HDjAcD6FuDPg==/base.apk!/lib/armeabi-v7a'
10-31 22:30:08.493 31014 31033 I Adreno  : QUALCOMM build          : 7142022, Ib5823dd10c
10-31 22:30:08.493 31014 31033 I Adreno  : Build Date              : 06/23/17
10-31 22:30:08.493 31014 31033 I Adreno  : Shader Compiler Version : EV031.18.00.00
10-31 22:30:08.493 31014 31033 I Adreno  : Local Branch            : O11A
10-31 22:30:08.493 31014 31033 I Adreno  : Remote Branch           : 
10-31 22:30:08.493 31014 31033 I Adreno  : Remote Branch           : 
10-31 22:30:08.493 31014 31033 I Adreno  : Reconstruct Branch      : 
10-31 22:30:08.502 31014 31033 I chatty  : uid=10060(u0_a60) identical 2 lines
10-31 22:30:08.506 31014 31033 I Adreno  : QUALCOMM build          : 7142022, Ib5823dd10c
10-31 22:30:08.506 31014 31033 I Adreno  : Build Date              : 06/23/17
10-31 22:30:08.506 31014 31033 I Adreno  : Shader Compiler Version : EV031.18.00.00
10-31 22:30:08.506 31014 31033 I Adreno  : Local Branch            : O11A
10-31 22:30:08.506 31014 31033 I Adreno  : Remote Branch           : 
10-31 22:30:08.506 31014 31033 I Adreno  : Remote Branch           : 
10-31 22:30:08.506 31014 31033 I Adreno  : Reconstruct Branch      : 
10-31 22:30:09.035 31041 31041 E /system/bin/webview_zygote32: failed to make and chown /acct/uid_99741: Permission denied
10-31 22:30:09.035 31041 31041 E Zygote  : createProcessGroup(99741, 0) failed: Permission denied
10-31 22:30:09.037   772  3037 I ActivityManager: Start proc 31041:com.android.chrome:sandboxed_process1/u0i741 for webview_service com.android.chrome/org.chromium.content.app.SandboxedProcessService1
10-31 22:30:09.052 31041 31041 I SamplingProfilerIntegration: Profiling disabled.
10-31 22:30:09.072 31055 31055 E asset   : setgid: Operation not permitted
10-31 22:30:09.102 31041 31041 I cr_SplitCompatApp: Launched version=106.0.5249.79 minSdkVersion=24 isBundle=true processName=com.android.chrome:sandboxed_process1 isIsolated=true
10-31 22:30:09.109 31041 31041 W SystemServiceRegistry: No service published for: uimode
10-31 22:30:09.121 31041 31041 I cr_ChildProcessService: Creating new ChildProcessService pid=31041
10-31 22:30:09.128 31041 31041 E WebViewFactory: can't load with relro file; address space not reserved
10-31 22:30:09.138 31041 31057 I cr_LibraryLoader: Successfully loaded native library
10-31 22:30:09.139 31041 31057 I cr_CachingUmaRecorder: Flushed 3 samples from 3 histograms.
10-31 22:30:09.173 31041 31057 I chromium: [INFO:child_process_service.cc(69)] ChildProcessService: Exiting child process.
10-31 22:30:09.179   422   422 E lowmemorykiller: Error writing /proc/31041/oom_score_adj; errno=22
10-31 22:30:09.180   772 29404 I ActivityManager: Killing 31041:com.android.chrome:sandboxed_process1/u0a60i741 (adj 0): isolated not needed
10-31 22:30:09.181   772   790 W zygote64: failed to open /acct/uid_99741/pid_31041/cgroup.procs: No such file or directory
10-31 22:30:10.590 30943 30943 E cr_BTSPrefs: No data found for task id: 53
10-31 22:30:10.591 30943 30943 E cr_BkgrdTaskScheduler: Task cannot be canceled because no data was found instorage or data was invalid
10-31 22:30:12.298 29296 29529 I EventLogSendingHelper: Sending log events.
10-31 22:30:13.061 31083 31083 D AndroidRuntime: >>>>>> START com.android.internal.os.RuntimeInit uid 2000 <<<<<<
10-31 22:30:13.224 31083 31083 D AndroidRuntime: Calling main entry com.android.commands.input.Input
10-31 22:30:13.234 31083 31083 I Input   : injectMotionEvent: MotionEvent { action=ACTION_DOWN, actionButton=0, id[0]=0, x[0]=540.0, y[0]=1660.0, toolType[0]=TOOL_TYPE_UNKNOWN, buttonState=0, metaState=0, flags=0x0, edgeFlags=0x0, pointerCount=1, historySize=0, eventTime=570311494, downTime=570311494, deviceId=8, source=0x1002 }
10-31 22:30:13.242 31083 31083 I Input   : injectMotionEvent: MotionEvent { action=ACTION_UP, actionButton=0, id[0]=0, x[0]=540.0, y[0]=1660.0, toolType[0]=TOOL_TYPE_UNKNOWN, buttonState=0, metaState=0, flags=0x0, edgeFlags=0x0, pointerCount=1, historySize=0, eventTime=570311494, downTime=570311494, deviceId=8, source=0x1002 }
10-31 22:30:13.246 31083 31083 D AndroidRuntime: Shutting down VM
10-31 22:30:13.276   556  6498 D audio_hw_primary: enable_snd_device: snd_device(88: vi-feedback)
10-31 22:30:13.276   556  6498 D audio_hw_primary: enable_audio_route: usecase(23) apply and update mixer path: spkr-vi-record
10-31 22:30:13.301   556  6498 D audio_hw_primary: enable_audio_route: usecase(1) apply and update mixer path: low-latency-playback
10-31 22:30:13.827   556   731 D audio_hw_primary: disable_audio_route: usecase(1) reset and update mixer path: low-latency-playback
10-31 22:30:13.841   556   731 D audio_hw_primary: disable_snd_device: snd_device(88: vi-feedback)
10-31 22:30:13.841   556   731 D audio_hw_primary: disable_audio_route: usecase(23) reset and update mixer path: spkr-vi-record
10-31 22:30:14.676 31098 31098 D AndroidRuntime: >>>>>> START com.android.internal.os.RuntimeInit uid 2000 <<<<<<
10-31 22:30:14.800 31098 31098 D AndroidRuntime: Calling main entry com.android.commands.input.Input
10-31 22:30:14.805 31098 31098 I Input   : injectMotionEvent: MotionEvent { action=ACTION_DOWN, actionButton=0, id[0]=0, x[0]=180.0, y[0]=1690.0, toolType[0]=TOOL_TYPE_UNKNOWN, buttonState=0, metaState=0, flags=0x0, edgeFlags=0x0, pointerCount=1, historySize=0, eventTime=570313069, downTime=570313069, deviceId=8, source=0x1002 }
10-31 22:30:14.810 31098 31098 I Input   : injectMotionEvent: MotionEvent { action=ACTION_UP, actionButton=0, id[0]=0, x[0]=180.0, y[0]=1690.0, toolType[0]=TOOL_TYPE_UNKNOWN, buttonState=0, metaState=0, flags=0x0, edgeFlags=0x0, pointerCount=1, historySize=0, eventTime=570313069, downTime=570313069, deviceId=8, source=0x1002 }
10-31 22:30:14.812 31098 31098 D AndroidRuntime: Shutting down VM
10-31 22:30:14.827   772 13071 I ActivityManager: START u0 {act=android.intent.action.VIEW flg=0x10008000 cmp=com.android.chrome/com.google.android.apps.chrome.Main (has extras)} from uid 10060
10-31 22:30:14.829   556  6498 D audio_hw_primary: enable_snd_device: snd_device(88: vi-feedback)
10-31 22:30:14.829   556  6498 D audio_hw_primary: enable_audio_route: usecase(23) apply and update mixer path: spkr-vi-record
10-31 22:30:14.834   772   830 E ResourceType: Style contains key with bad entry: 0x0101062c
10-31 22:30:14.834   772   830 E ResourceType: Style contains key with bad entry: 0x0101062c
10-31 22:30:14.853 30943 30943 E ResourceType: Style contains key with bad entry: 0x0101062c
10-31 22:30:14.854   556  6498 D audio_hw_primary: enable_audio_route: usecase(1) apply and update mixer path: low-latency-playback
10-31 22:30:14.866 30943 30943 E ResourceType: Style contains key with bad entry: 0x0101062c
10-31 22:30:14.905 30943 30943 W ResourceType: Failure getting entry for 0x7f010055 (t=0 e=85) (error -75)
10-31 22:30:14.912 30943 30943 I cr_CompositorSurfaceMgr: Transitioning to surface with format: -1
10-31 22:30:14.917 30943 30943 W ResourceType: Failure getting entry for 0x7f010530 (t=0 e=1328) (error -75)
10-31 22:30:14.952 30943 31010 W cr_tabmodel: Starting to perform legacy migration.
10-31 22:30:14.953 30943 31010 W cr_tabmodel: Finished performing legacy migration.
10-31 22:30:14.953 30943 31010 W cr_tabmodel: Starting to perform multi-instance migration.
10-31 22:30:14.953 30943 31010 W cr_tabmodel: Finished performing multi-instance migration.
10-31 22:30:14.953 30943 31010 I cr_tabmodel: Starting to fetch tab list for tab_state0
10-31 22:30:14.953 30943 31010 I cr_tabmodel: State file does not exist.
10-31 22:30:14.953 30943 31010 I cr_tabmodel: Starting to fetch tab list for tab_state1
10-31 22:30:14.953 30943 31010 I cr_tabmodel: State file does not exist.
10-31 22:30:14.996   772  1327 W ActivityManager: Duplicate finish request for ActivityRecord{cbc8803 u0 com.android.chrome/org.chromium.chrome.browser.firstrun.FirstRunActivity t952 f}
10-31 22:30:15.000 30943 31010 W cr_PartnerCustomize: Partner homepage must be HTTP(S) or NewTabPage. Got invalid URL "org.chromium.url.GURL@0"
10-31 22:30:15.032 30943 30943 I cr_StartSurfaceConfig: Recorded Startup.Android.FirstDrawCompletedTime.NoInstant = 156 ms
10-31 22:30:15.036 30943 30973 D OpenGLRenderer: endAllActiveAnimators on 0xc639fb80 (RippleDrawable) with handle 0xca650740
10-31 22:30:15.040 30943 30943 I cr_CompositorSurfaceMgr: Transitioning to surface with format: -1
10-31 22:30:15.042 30943 30943 I cr_CompositorSurfaceMgr: surfaceCreated format: 0
10-31 22:30:15.051 30943 30943 I cr_ChromeTabbedActivity: #initializeState
10-31 22:30:15.051 30943 30943 I cr_CipherFactory: #restoreFromBundle, no savedInstanceState.
10-31 22:30:15.051 30943 30943 I cr_tabmodel: #loadState, ignoreIncognitoFiles? true
10-31 22:30:15.056 30943 30943 I cr_tabmodel: Loaded tab lists; counts: 0,0
10-31 22:30:15.058 30943 30943 I cr_ChromeTabbedActivity: #createInitialTab executed.
10-31 22:30:15.082 30943 30943 E ResourceType: Style contains key with bad entry: 0x0101062c
10-31 22:30:15.116 30943 30943 W ResourceType: Failure getting entry for 0x7f010565 (t=0 e=1381) (error -75)
10-31 22:30:15.125 30943 30943 W ResourceType: Failure getting entry for 0x7f010551 (t=0 e=1361) (error -75)
10-31 22:30:15.152   772 10895 E BatteryStatsService: no controller energy info supplied
10-31 22:30:15.152   772 10895 E BatteryStatsService: no controller energy info supplied
10-31 22:30:15.173   772   788 W ProcessCpuTracker: Skipping unknown process pid 31135
10-31 22:30:15.182 30943 30943 W ResourceType: Failure getting entry for 0x7f01059a (t=0 e=1434) (error -75)
10-31 22:30:15.203   772  2969 W AppOps  : Bad call: specified package com.google.android.gms under uid 10060 but it is really 10020
10-31 22:30:15.203   772  2969 W AppOps  : java.lang.RuntimeException: here
10-31 22:30:15.203   772  2969 W AppOps  : 	at com.android.server.AppOpsService.getOpsRawLocked(AppOpsService.java:1319)
10-31 22:30:15.203   772  2969 W AppOps  : 	at com.android.server.AppOpsService.checkPackage(AppOpsService.java:1038)
10-31 22:30:15.203   772  2969 W AppOps  : 	at com.android.internal.app.IAppOpsService$Stub.onTransact(IAppOpsService.java:169)
10-31 22:30:15.203   772  2969 W AppOps  : 	at android.os.Binder.execTransact(Binder.java:674)
10-31 22:30:15.204   772 13022 W AppOps  : Bad call: specified package com.google.android.gms under uid 10060 but it is really 10020
10-31 22:30:15.204   772 13022 W AppOps  : java.lang.RuntimeException: here
10-31 22:30:15.204   772 13022 W AppOps  : 	at com.android.server.AppOpsService.getOpsRawLocked(AppOpsService.java:1319)
10-31 22:30:15.204   772 13022 W AppOps  : 	at com.android.server.AppOpsService.checkPackage(AppOpsService.java:1038)
10-31 22:30:15.204   772 13022 W AppOps  : 	at com.android.internal.app.IAppOpsService$Stub.onTransact(IAppOpsService.java:169)
10-31 22:30:15.204   772 13022 W AppOps  : 	at android.os.Binder.execTransact(Binder.java:674)
10-31 22:30:15.205   772 20193 W AppOps  : Bad call: specified package com.google.android.gms under uid 10060 but it is really 10020
10-31 22:30:15.205   772 20193 W AppOps  : java.lang.RuntimeException: here
10-31 22:30:15.205   772 20193 W AppOps  : 	at com.android.server.AppOpsService.getOpsRawLocked(AppOpsService.java:1319)
10-31 22:30:15.205   772 20193 W AppOps  : 	at com.android.server.AppOpsService.checkPackage(AppOpsService.java:1038)
10-31 22:30:15.205   772 20193 W AppOps  : 	at com.android.internal.app.IAppOpsService$Stub.onTransact(IAppOpsService.java:169)
10-31 22:30:15.205   772 20193 W AppOps  : 	at android.os.Binder.execTransact(Binder.java:674)
10-31 22:30:15.206   772  4539 W AppOps  : Bad call: specified package com.google.android.gms under uid 10060 but it is really 10020
10-31 22:30:15.206   772  4539 W AppOps  : java.lang.RuntimeException: here
10-31 22:30:15.206   772  4539 W AppOps  : 	at com.android.server.AppOpsService.getOpsRawLocked(AppOpsService.java:1319)
10-31 22:30:15.206   772  4539 W AppOps  : 	at com.android.server.AppOpsService.checkPackage(AppOpsService.java:1038)
10-31 22:30:15.206   772  4539 W AppOps  : 	at com.android.internal.app.IAppOpsService$Stub.onTransact(IAppOpsService.java:169)
10-31 22:30:15.206   772  4539 W AppOps  : 	at android.os.Binder.execTransact(Binder.java:674)
10-31 22:30:15.230 30982 30998 I cr_LibraryLoader: Successfully loaded native library
10-31 22:30:15.231 30943 30943 E cr_IntentUtils: getBooleanExtra failed on intent null
10-31 22:30:15.231 30943 30943 E cr_IntentUtils: getBooleanExtra failed on intent null
10-31 22:30:15.232 30982 30998 I cr_CachingUmaRecorder: Flushed 3 samples from 3 histograms.
10-31 22:30:15.259 29486 29650 I FontLog : Received query name=Google Sans&weight=700&besteffort=false, URI content://com.google.android.gms.fonts [CONTEXT service_id=132 ]
10-31 22:30:15.260 29486 29650 I FontLog : Query [name=Google Sans&weight=700&besteffort=false] resolved to {Google Sans, wdth 100.0, wght 700, ital 0.0, bestEffort false} [CONTEXT service_id=132 ]
10-31 22:30:15.261 29486 29650 I FontLog : Fetch {Google Sans, wdth 100.0, wght 700, ital 0.0, bestEffort false} end status Status{statusCode=SUCCESS, resolution=null} [CONTEXT service_id=132 ]
10-31 22:30:15.266 29486 29651 I FontLog : Pulling font file for id = 827, cache size = 11 [CONTEXT service_id=132 ]
10-31 22:30:15.272 30943 30943 W ResourceType: Failure getting entry for 0x7f010888 (t=0 e=2184) (error -75)
10-31 22:30:15.273 29486 29497 I FontLog : Received query name=Noto Color Emoji Compat&weight=400&besteffort=false, URI content://com.google.android.gms.fonts [CONTEXT service_id=132 ]
10-31 22:30:15.273 29486 29497 I FontLog : Query [name=Noto Color Emoji Compat&weight=400&besteffort=false] resolved to {Noto Color Emoji Compat, wdth 100.0, wght 400, ital 0.0, bestEffort false} [CONTEXT service_id=132 ]
10-31 22:30:15.274 29486 29497 I FontLog : Fetch {Noto Color Emoji Compat, wdth 100.0, wght 400, ital 0.0, bestEffort false} end status Status{statusCode=SUCCESS, resolution=null} [CONTEXT service_id=132 ]
10-31 22:30:15.278 29486 30686 I FontLog : Pulling font file for id = 828, cache size = 12 [CONTEXT service_id=132 ]
10-31 22:30:15.283 30943 30943 W ResourceType: Failure getting entry for 0x7f010888 (t=0 e=2184) (error -75)
10-31 22:30:15.284 29486 29651 I FontLog : Received query name=Google Sans&weight=400&besteffort=false, URI content://com.google.android.gms.fonts [CONTEXT service_id=132 ]
10-31 22:30:15.285 29486 29651 I FontLog : Query [name=Google Sans&weight=400&besteffort=false] resolved to {Google Sans, wdth 100.0, wght 400, ital 0.0, bestEffort false} [CONTEXT service_id=132 ]
10-31 22:30:15.286 30943 30943 W ResourceType: Failure getting entry for 0x7f010888 (t=0 e=2184) (error -75)
10-31 22:30:15.287 29486 29651 I FontLog : Font PFD returned from cache for {Google Sans, wdth 100.0, wght 400, ital 0.0, bestEffort false} [CONTEXT service_id=132 ]
10-31 22:30:15.287 30943 30943 W ResourceType: Failure getting entry for 0x7f010888 (t=0 e=2184) (error -75)
10-31 22:30:15.287 29486 29651 I FontLog : Fetch {Google Sans, wdth 100.0, wght 400, ital 0.0, bestEffort false} end status Status{statusCode=SUCCESS, resolution=null} [CONTEXT service_id=132 ]
10-31 22:30:15.289 30943 30943 W ResourceType: Failure getting entry for 0x7f010888 (t=0 e=2184) (error -75)
10-31 22:30:15.292 30943 30943 I chatty  : uid=10060(u0_a60) identical 2 lines
10-31 22:30:15.294 30943 30943 W ResourceType: Failure getting entry for 0x7f010888 (t=0 e=2184) (error -75)
10-31 22:30:15.294 29486 29498 I FontLog : Pulling font file for id = 829, cache size = 13 [CONTEXT service_id=132 ]
10-31 22:30:15.295 30943 30943 I cr_TopSites: Start a new task.
10-31 22:30:15.296 30943 31009 I cr_TopSites: Serializing top sites lists finished; count: 8
10-31 22:30:15.299 29486 30686 I FontLog : Received query name=Google Sans&weight=500&besteffort=false, URI content://com.google.android.gms.fonts [CONTEXT service_id=132 ]
10-31 22:30:15.300 29486 30686 I FontLog : Query [name=Google Sans&weight=500&besteffort=false] resolved to {Google Sans, wdth 100.0, wght 500, ital 0.0, bestEffort false} [CONTEXT service_id=132 ]
10-31 22:30:15.301 29486 30686 I FontLog : Font PFD returned from cache for {Google Sans, wdth 100.0, wght 500, ital 0.0, bestEffort false} [CONTEXT service_id=132 ]
10-31 22:30:15.301 29486 30686 I FontLog : Fetch {Google Sans, wdth 100.0, wght 500, ital 0.0, bestEffort false} end status Status{statusCode=SUCCESS, resolution=null} [CONTEXT service_id=132 ]
10-31 22:30:15.307 29486 29650 I FontLog : Pulling font file for id = 830, cache size = 14 [CONTEXT service_id=132 ]
10-31 22:30:15.311 30943 31009 I cr_TopSites: Finished saving top sites list to file:/data/user/0/com.android.chrome/app_top_sites/top_sites
10-31 22:30:15.312   361   361 W /system/bin/hwservicemanager: getTransportFromManifest: Cannot find entry android.hardware.graphics.mapper@2.0::IMapper in either framework or device manifest, using default transport.
10-31 22:30:15.317 31014 31033 I vndksupport: sphal namespace is not configured for this process. Loading /vendor/lib/hw/gralloc.msm8992.so from the current namespace instead.
10-31 22:30:15.328 29486 28823 I SQLiteConnectionPool: The connection pool for /data/user/0/com.google.android.gms/databases/metadata.db has been closed but there are still 1 connections in use.  They will be closed as they are released back to the pool.
10-31 22:30:15.337 31163 31163 E /system/bin/webview_zygote32: failed to make and chown /acct/uid_99742: Permission denied
10-31 22:30:15.337 31163 31163 E Zygote  : createProcessGroup(99742, 0) failed: Permission denied
10-31 22:30:15.343 29486 31156 W FontLog : Error updating last accessed time for {Google Sans, wdth 100.0, wght 500, ital 0.0, bestEffort false}. [CONTEXT service_id=132 ]
10-31 22:30:15.343 29486 31156 W FontLog : java.lang.IllegalStateException: Cannot perform this operation because the connection pool has been closed.
10-31 22:30:15.343 29486 31156 W FontLog : 	at android.database.sqlite.SQLiteConnectionPool.throwIfClosedLocked(SQLiteConnectionPool.java:962)
10-31 22:30:15.343 29486 31156 W FontLog : 	at android.database.sqlite.SQLiteConnectionPool.waitForConnection(SQLiteConnectionPool.java:677)
10-31 22:30:15.343 29486 31156 W FontLog : 	at android.database.sqlite.SQLiteConnectionPool.acquireConnection(SQLiteConnectionPool.java:348)
10-31 22:30:15.343 29486 31156 W FontLog : 	at android.database.sqlite.SQLiteSession.acquireConnection(SQLiteSession.java:894)
10-31 22:30:15.343 29486 31156 W FontLog : 	at android.database.sqlite.SQLiteSession.executeForChangedRowCount(SQLiteSession.java:752)
10-31 22:30:15.343 29486 31156 W FontLog : 	at android.database.sqlite.SQLiteStatement.executeUpdateDelete(SQLiteStatement.java:64)
10-31 22:30:15.343 29486 31156 W FontLog : 	at android.database.sqlite.SQLiteDatabase.executeSql(SQLiteDatabase.java:1679)
10-31 22:30:15.343 29486 31156 W FontLog : 	at android.database.sqlite.SQLiteDatabase.execSQL(SQLiteDatabase.java:1658)
10-31 22:30:15.343 29486 31156 W FontLog : 	at aksk.run(:com.google.android.gms@223616019@22.36.16 (040400-476895098):5)
10-31 22:30:15.343 29486 31156 W FontLog : 	at aarl.c(:com.google.android.gms@223616019@22.36.16 (040400-476895098):6)
10-31 22:30:15.343 29486 31156 W FontLog : 	at aarl.run(:com.google.android.gms@223616019@22.36.16 (040400-476895098):7)
10-31 22:30:15.343 29486 31156 W FontLog : 	at java.util.concurrent.ThreadPoolExecutor.runWorker(ThreadPoolExecutor.java:1162)
10-31 22:30:15.343 29486 31156 W FontLog : 	at java.util.concurrent.ThreadPoolExecutor$Worker.run(ThreadPoolExecutor.java:636)
10-31 22:30:15.343 29486 31156 W FontLog : 	at aaws.run(:com.google.android.gms@223616019@22.36.16 (040400-476895098):0)
10-31 22:30:15.343 29486 31156 W FontLog : 	at java.lang.Thread.run(Thread.java:764)
10-31 22:30:15.348   772   784 I ActivityManager: Start proc 31163:com.android.chrome:sandboxed_process2/u0i742 for webview_service com.android.chrome/org.chromium.content.app.SandboxedProcessService2
10-31 22:30:15.365 31163 31163 I SamplingProfilerIntegration: Profiling disabled.
10-31 22:30:15.375 30943 30943 I cr_tabmodel: Appending tabs being restored to metadata lists, 0, startingNormalCount: 1, startingIncognitoCount: 0
10-31 22:30:15.375 30943 30943 I cr_tabmodel: Serializing tab lists; counts: 1, 0
10-31 22:30:15.378   556   731 D audio_hw_primary: disable_audio_route: usecase(1) reset and update mixer path: low-latency-playback
10-31 22:30:15.385 31176 31176 E asset   : setgid: Operation not permitted
10-31 22:30:15.392   556   731 D audio_hw_primary: disable_snd_device: snd_device(88: vi-feedback)
10-31 22:30:15.392   556   731 D audio_hw_primary: disable_audio_route: usecase(23) reset and update mixer path: spkr-vi-record
10-31 22:30:15.405 30943 30943 W ResourceType: Failure getting entry for 0x7f010216 (t=0 e=534) (error -75)
10-31 22:30:15.407 30943 30943 W ResourceType: Failure getting entry for 0x7f0107c9 (t=0 e=1993) (error -75)
10-31 22:30:15.415 31163 31163 I cr_SplitCompatApp: Launched version=106.0.5249.79 minSdkVersion=24 isBundle=true processName=com.android.chrome:sandboxed_process2 isIsolated=true
10-31 22:30:15.419 31163 31163 W SystemServiceRegistry: No service published for: uimode
10-31 22:30:15.421 30943 30943 W ResourceType: Failure getting entry for 0x7f010827 (t=0 e=2087) (error -75)
10-31 22:30:15.425 31163 31163 I cr_ChildProcessService: Creating new ChildProcessService pid=31163
10-31 22:30:15.430 31163 31163 E WebViewFactory: can't load with relro file; address space not reserved
10-31 22:30:15.431 30943 30943 I cr_OfflineIndicator: onConnectionTypeChanged 2
10-31 22:30:15.432 30943 30943 I cr_OfflineIndicator: Reported by system: [ Transports: WIFI Capabilities: NOT_METERED&INTERNET&NOT_RESTRICTED&TRUSTED&NOT_VPN&VALIDATED&FOREGROUND LinkUpBandwidth>=1048576Kbps LinkDnBandwidth>=1048576Kbps SignalStrength: -63]
10-31 22:30:15.432 30943 30943 I cr_OfflineIndicator: setConnectionState connectionState=4
10-31 22:30:15.432 30943 30943 I cr_OfflineDetector: Running updateState mConnectivityDetectorInitialized: true, mTimeWhenLastForegrounded: 1127869597, getElapsedTime: 1127869598, mTimeWhenLastOfflineNotificationReceived: 0, mTimeWhenLastOnline: 1127869598, mApplicationState: 1, mIsOfflineLastReportedByConnectivityDetector: false, mIsEffectivelyOffline: false
10-31 22:30:15.432 30943 30943 I cr_OfflineDetector: updateState(): timeSinceLastForeground: 1, timeSinceOfflineNotificationReceived: 1127869598, timeSinceLastOnline: 0, timeNeededForForeground: 1999, timeNeededForOffline: -1127867598
10-31 22:30:15.432 30943 30943 I cr_OfflineIndicator: processConnectivityCheckResult mConnectionState=4 mConnectivityCheckingStage=1
10-31 22:30:15.441 31163 31178 I cr_LibraryLoader: Successfully loaded native library
10-31 22:30:15.442 31163 31178 I cr_CachingUmaRecorder: Flushed 3 samples from 3 histograms.
10-31 22:30:15.480 30943 30943 W ResourceType: Failure getting entry for 0x7f010415 (t=0 e=1045) (error -75)
10-31 22:30:15.601 30943 31011 I cr_VrCoreVersionChecker: Unable to find VrCore.
10-31 22:30:15.608 30943 30943 W ResourceType: Failure getting entry for 0x7f0100f9 (t=0 e=249) (error -75)
10-31 22:30:15.611 30943 30943 W ResourceType: Failure getting entry for 0x7f010828 (t=0 e=2088) (error -75)
10-31 22:30:15.620 30943 30943 W ResourceType: Failure getting entry for 0x7f010827 (t=0 e=2087) (error -75)
10-31 22:30:15.654 30943 30943 I Choreographer: Skipped 37 frames!  The application may be doing too much work on its main thread.
10-31 22:30:15.669 30943 30943 W StaticLayout: maxLineHeight should not be -1.  maxLines:1 lineCount:1
10-31 22:30:15.748   772   797 I ActivityManager: Displayed com.android.chrome/com.google.android.apps.chrome.Main: +897ms
10-31 22:30:15.877   772 13022 W AppOps  : Bad call: specified package com.google.android.gms under uid 10045 but it is really 10020
10-31 22:30:15.877   772 13022 W AppOps  : java.lang.RuntimeException: here
10-31 22:30:15.877   772 13022 W AppOps  : 	at com.android.server.AppOpsService.getOpsRawLocked(AppOpsService.java:1319)
10-31 22:30:15.877   772 13022 W AppOps  : 	at com.android.server.AppOpsService.checkPackage(AppOpsService.java:1038)
10-31 22:30:15.877   772 13022 W AppOps  : 	at com.android.internal.app.IAppOpsService$Stub.onTransact(IAppOpsService.java:169)
10-31 22:30:15.877   772 13022 W AppOps  : 	at android.os.Binder.execTransact(Binder.java:674)
10-31 22:30:15.878   772   784 W AppOps  : Bad call: specified package com.google.android.gms under uid 10045 but it is really 10020
10-31 22:30:15.878   772   784 W AppOps  : java.lang.RuntimeException: here
10-31 22:30:15.878   772   784 W AppOps  : 	at com.android.server.AppOpsService.getOpsRawLocked(AppOpsService.java:1319)
10-31 22:30:15.878   772   784 W AppOps  : 	at com.android.server.AppOpsService.checkPackage(AppOpsService.java:1038)
10-31 22:30:15.878   772   784 W AppOps  : 	at com.android.internal.app.IAppOpsService$Stub.onTransact(IAppOpsService.java:169)
10-31 22:30:15.878   772   784 W AppOps  : 	at android.os.Binder.execTransact(Binder.java:674)
10-31 22:30:15.888 30943 31004 W cr_CrashFileManager: /data/user/0/com.android.chrome/cache/Crash Reports does not exist or is not a directory
10-31 22:30:15.888 30943 31004 I chatty  : uid=10060(u0_a60) identical 1 line
10-31 22:30:15.888 30943 31004 W cr_CrashFileManager: /data/user/0/com.android.chrome/cache/Crash Reports does not exist or is not a directory
10-31 22:30:15.902 30943 30981 I cr_BindingManager: Moderate binding enabled: maxSize=40
10-31 22:30:16.300 29296 29296 E WorkerRegistryImpl: getWorker() is called after WorkerRegistry disposal.
10-31 22:30:16.301 29296 29296 E WorkerRegistryImpl: getWorker() is called after WorkerRegistry disposal.
10-31 22:30:16.309 29296 29296 I MemoryTrimmer: Trimming objects from memory, since app is in the background.
10-31 22:30:16.373   772 10860 I ActivityManager: START u0 {act=android.intent.action.VIEW dat=http://192.168.178.178:5500/... flg=0x10000000 cmp=com.android.chrome/com.google.android.apps.chrome.Main} from uid 2000
10-31 22:30:16.416 30943 30943 E cr_IntentUtils: getInt failed on bundle null
10-31 22:30:16.418 30943 30943 E ResourceType: Style contains key with bad entry: 0x0101062c
10-31 22:30:16.441   772  4539 I ActivityManager: Start proc 31222:com.android.chrome:sandboxed_process3/u0i743 for webview_service com.android.chrome/org.chromium.content.app.SandboxedProcessService3
10-31 22:30:16.443 31222 31222 E /system/bin/webview_zygote32: failed to make and chown /acct/uid_99743: Permission denied
10-31 22:30:16.443 31222 31222 E Zygote  : createProcessGroup(99743, 0) failed: Permission denied
10-31 22:30:16.451 30943 30943 I cr_tabmodel: Appending tabs being restored to metadata lists, 0, startingNormalCount: 2, startingIncognitoCount: 0
10-31 22:30:16.451 30943 30943 I cr_tabmodel: Serializing tab lists; counts: 2, 0
10-31 22:30:16.472 31222 31222 I SamplingProfilerIntegration: Profiling disabled.
10-31 22:30:16.498 31237 31237 E asset   : setgid: Operation not permitted
10-31 22:30:16.501 30943 30943 I cr_OfflineDetector: Running updateState mConnectivityDetectorInitialized: true, mTimeWhenLastForegrounded: 1127870668, getElapsedTime: 1127870668, mTimeWhenLastOfflineNotificationReceived: 0, mTimeWhenLastOnline: 1127869598, mApplicationState: 1, mIsOfflineLastReportedByConnectivityDetector: false, mIsEffectivelyOffline: false
10-31 22:30:16.501 30943 30943 I cr_OfflineDetector: updateState(): timeSinceLastForeground: 0, timeSinceOfflineNotificationReceived: 1127870668, timeSinceLastOnline: 1070, timeNeededForForeground: 2000, timeNeededForOffline: -1127868668
10-31 22:30:16.531 31222 31222 I cr_SplitCompatApp: Launched version=106.0.5249.79 minSdkVersion=24 isBundle=true processName=com.android.chrome:sandboxed_process3 isIsolated=true
10-31 22:30:16.534 30943 30943 W ResourceType: Failure getting entry for 0x7f010216 (t=0 e=534) (error -75)
10-31 22:30:16.535 30943 30943 W ResourceType: Failure getting entry for 0x7f0107c9 (t=0 e=1993) (error -75)
10-31 22:30:16.538 31222 31222 W SystemServiceRegistry: No service published for: uimode
10-31 22:30:16.547 31222 31222 I cr_ChildProcessService: Creating new ChildProcessService pid=31222
10-31 22:30:16.551 31222 31222 E WebViewFactory: can't load with relro file; address space not reserved
10-31 22:30:16.565 31222 31239 I cr_LibraryLoader: Successfully loaded native library
10-31 22:30:16.566 31222 31239 I cr_CachingUmaRecorder: Flushed 3 samples from 3 histograms.
10-31 22:30:16.900 31014 31027 I vndksupport: sphal namespace is not configured for this process. Loading libutils.so from the current namespace instead.
10-31 22:30:16.900 30943 30954 I vndksupport: sphal namespace is not configured for this process. Loading libutils.so from the current namespace instead.
10-31 22:30:16.900 31222 31238 I vndksupport: sphal namespace is not configured for this process. Loading libutils.so from the current namespace instead.
10-31 22:30:16.900 30982 30997 I vndksupport: sphal namespace is not configured for this process. Loading libutils.so from the current namespace instead.
10-31 22:30:16.901 31163 31174 I vndksupport: sphal namespace is not configured for this process. Loading libutils.so from the current namespace instead.
10-31 22:30:16.909   556   688 E Parcel  : Reading a NULL string not supported here.
10-31 22:30:16.909   556   688 W Parcel  : **** enforceInterface() expected 'IAAudioService' but read ''
10-31 22:30:16.910   360   360 E SELinux : avc:  denied  { find } for service=android.service.gatekeeper.IGateKeeperService pid=31251 uid=2000 scontext=u:r:shell:s0 tcontext=u:object_r:gatekeeper_service:s0 tclass=service_manager
10-31 22:30:16.910   360   360 E SELinux : avc:  denied  { find } for service=netd pid=31251 uid=2000 scontext=u:r:shell:s0 tcontext=u:object_r:netd_service:s0 tclass=service_manager
10-31 22:30:16.911 31251 31251 W atrace  : type=1400 audit(0.0:19239): avc: denied { call } for scontext=u:r:shell:s0 tcontext=u:r:wificond:s0 tclass=binder permissive=0
10-31 22:30:16.917   360   360 E SELinux : avc:  denied  { find } for service=installd pid=31251 uid=2000 scontext=u:r:shell:s0 tcontext=u:object_r:installd_service:s0 tclass=service_manager
10-31 22:30:16.921   361   361 E SELinux : avc:  denied  { find } for interface=android.frameworks.displayservice::IDisplayService pid=31251 scontext=u:r:shell:s0 tcontext=u:object_r:fwk_display_hwservice:s0 tclass=hwservice_manager
10-31 22:30:16.922   361   361 E SELinux : avc:  denied  { find } for interface=android.frameworks.schedulerservice::ISchedulingPolicyService pid=31251 scontext=u:r:shell:s0 tcontext=u:object_r:fwk_scheduler_hwservice:s0 tclass=hwservice_manager
10-31 22:30:16.922   361   361 E SELinux : avc:  denied  { find } for interface=android.frameworks.sensorservice::ISensorManager pid=31251 scontext=u:r:shell:s0 tcontext=u:object_r:fwk_sensor_hwservice:s0 tclass=hwservice_manager
10-31 22:30:16.923   361   361 E SELinux : avc:  denied  { find } for interface=android.hardware.biometrics.fingerprint::IBiometricsFingerprint pid=31251 scontext=u:r:shell:s0 tcontext=u:object_r:hal_fingerprint_hwservice:s0 tclass=hwservice_manager
10-31 22:30:16.924   361   361 E SELinux : avc:  denied  { find } for interface=android.hardware.dumpstate::IDumpstateDevice pid=31251 scontext=u:r:shell:s0 tcontext=u:object_r:hal_dumpstate_hwservice:s0 tclass=hwservice_manager
10-31 22:30:16.925   361   361 E SELinux : avc:  denied  { find } for interface=android.hardware.radio.deprecated::IOemHook pid=31251 scontext=u:r:shell:s0 tcontext=u:object_r:hal_telephony_hwservice:s0 tclass=hwservice_manager
10-31 22:30:16.925   361   361 E SELinux : avc:  denied  { find } for interface=android.hardware.radio::IRadio pid=31251 scontext=u:r:shell:s0 tcontext=u:object_r:hal_telephony_hwservice:s0 tclass=hwservice_manager
