10-30 21:30:08.516   372   376 D DrmLibTime: QSEE Time Listener: ATS_MODEM is not set. Fallback to Android system time.
10-30 21:30:08.516   372   376 D DrmLibTime: QSEE Time Listener: Retrieved Android system time: 1667161808
10-30 21:30:08.516   372   376 D DrmLibTime: time_getutcsec returns 0, sec = 1667161808; nsec = 0
10-30 21:30:08.516   372   376 D DrmLibTime: time_getutcsec finished! 
10-30 21:30:08.516   372   376 D DrmLibTime: iotcl_continue_command finished! and return 0 
10-30 21:30:08.516   372   376 D DrmLibTime: before calling ioctl to read the next time_cmd
10-30 21:30:08.517   625   647 E QC-time-services: Daemon: Time-services: Waiting to acceptconnection
10-30 21:30:08.708   772 10894 I ActivityManager: Start proc 18892:com.opera.browser:sandboxed_process0/u0a99 for service com.opera.browser/com.opera.android.browser.chromium.services.SandboxedProcessService0
10-30 21:30:08.730  3960 17798 W NetworkScheduler: Error inserting period=668000 preferred_charging_state=1 preferred_network_type=1 target_class=com.google.android.gms.measurement.PackageMeasurementTaskService required_network_type=0 runtime=1667161808724 required_idleness_state=0 source=16 service_kind=0 target_package=com.google.android.gms persistence_level=1 source_version=223616000 last_runtime=0 user_id=0 job_id=-1 requires_charging=0 tag=Measurement.PackageMeasurementTaskService.UPLOAD_TASK_TAG flex_time=333000 task_type=0 retry_strategy={"maximum_backoff_seconds":{"3600":0},"initial_backoff_seconds":{"30":0},"retry_policy":{"0":0}} [CONTEXT service_id=218 ]
10-30 21:30:08.730  3960 17798 W NetworkScheduler: android.database.sqlite.SQLiteConstraintException: UNIQUE constraint failed: pending_ops.tag, pending_ops.target_class, pending_ops.target_package, pending_ops.user_id (code 2067)
10-30 21:30:08.730  3960 17798 W NetworkScheduler: 	at android.database.sqlite.SQLiteConnection.nativeExecuteForLastInsertedRowId(Native Method)
10-30 21:30:08.730  3960 17798 W NetworkScheduler: 	at android.database.sqlite.SQLiteConnection.executeForLastInsertedRowId(SQLiteConnection.java:782)
10-30 21:30:08.730  3960 17798 W NetworkScheduler: 	at android.database.sqlite.SQLiteSession.executeForLastInsertedRowId(SQLiteSession.java:788)
10-30 21:30:08.730  3960 17798 W NetworkScheduler: 	at android.database.sqlite.SQLiteStatement.executeInsert(SQLiteStatement.java:86)
10-30 21:30:08.730  3960 17798 W NetworkScheduler: 	at android.database.sqlite.SQLiteDatabase.insertWithOnConflict(SQLiteDatabase.java:1474)
10-30 21:30:08.730  3960 17798 W NetworkScheduler: 	at android.database.sqlite.SQLiteDatabase.insertOrThrow(SQLiteDatabase.java:1369)
10-30 21:30:08.730  3960 17798 W NetworkScheduler: 	at biel.g(:com.google.android.gms@223616019@22.36.16 (040400-476895098):52)
10-30 21:30:08.730  3960 17798 W NetworkScheduler: 	at bide.n(:com.google.android.gms@223616019@22.36.16 (040400-476895098):3)
10-30 21:30:08.730  3960 17798 W NetworkScheduler: 	at bide.u(:com.google.android.gms@223616019@22.36.16 (040400-476895098):20)
10-30 21:30:08.730  3960 17798 W NetworkScheduler: 	at bide.h(:com.google.android.gms@223616019@22.36.16 (040400-476895098):3)
10-30 21:30:08.730  3960 17798 W NetworkScheduler: 	at bhyv.run(:com.google.android.gms@223616019@22.36.16 (040400-476895098):9)
10-30 21:30:08.730  3960 17798 W NetworkScheduler: 	at aarl.c(:com.google.android.gms@223616019@22.36.16 (040400-476895098):6)
10-30 21:30:08.730  3960 17798 W NetworkScheduler: 	at aarl.run(:com.google.android.gms@223616019@22.36.16 (040400-476895098):7)
10-30 21:30:08.730  3960 17798 W NetworkScheduler: 	at java.util.concurrent.ThreadPoolExecutor.runWorker(ThreadPoolExecutor.java:1162)
10-30 21:30:08.730  3960 17798 W NetworkScheduler: 	at java.util.concurrent.ThreadPoolExecutor$Worker.run(ThreadPoolExecutor.java:636)
10-30 21:30:08.730  3960 17798 W NetworkScheduler: 	at aaws.run(:com.google.android.gms@223616019@22.36.16 (040400-476895098):0)
10-30 21:30:08.730  3960 17798 W NetworkScheduler: 	at java.lang.Thread.run(Thread.java:764)
10-30 21:30:08.778 18892 18892 I LoadedApk: No resource references to update in package com.opera.browser.nord_vpn
10-30 21:30:08.896  3960  3972 I FontLog : Received query name=Google Sans&weight=700&besteffort=false, URI content://com.google.android.gms.fonts [CONTEXT service_id=132 ]
10-30 21:30:08.901  3960  3972 I FontLog : Query [name=Google Sans&weight=700&besteffort=false] resolved to {Google Sans, wdth 100.0, wght 700, ital 0.0, bestEffort false} [CONTEXT service_id=132 ]
10-30 21:30:08.910  3960  3972 I FontLog : Fetch {Google Sans, wdth 100.0, wght 700, ital 0.0, bestEffort false} end status Status{statusCode=SUCCESS, resolution=null} [CONTEXT service_id=132 ]
10-30 21:30:08.920  3960  4245 I FontLog : Pulling font file for id = 682, cache size = 6 [CONTEXT service_id=132 ]
10-30 21:30:08.934  3960  3971 I FontLog : Received query name=Noto Color Emoji Compat&weight=400&besteffort=false, URI content://com.google.android.gms.fonts [CONTEXT service_id=132 ]
10-30 21:30:08.935  3960  3971 I FontLog : Query [name=Noto Color Emoji Compat&weight=400&besteffort=false] resolved to {Noto Color Emoji Compat, wdth 100.0, wght 400, ital 0.0, bestEffort false} [CONTEXT service_id=132 ]
10-30 21:30:08.943  3960  3971 I FontLog : Fetch {Noto Color Emoji Compat, wdth 100.0, wght 400, ital 0.0, bestEffort false} end status Status{statusCode=SUCCESS, resolution=null} [CONTEXT service_id=132 ]
10-30 21:30:08.949   361   361 W /system/bin/hwservicemanager: getTransportFromManifest: Cannot find entry android.hardware.graphics.mapper@2.0::IMapper in either framework or device manifest, using default transport.
10-30 21:30:08.952 18543 18560 I vndksupport: sphal namespace is not configured for this process. Loading /vendor/lib/hw/gralloc.msm8992.so from the current namespace instead.
10-30 21:30:08.958  3960  4151 I FontLog : Pulling font file for id = 683, cache size = 7 [CONTEXT service_id=132 ]
10-30 21:30:08.963  3960  4217 I FontLog : Received query name=Google Sans&weight=400&besteffort=false, URI content://com.google.android.gms.fonts [CONTEXT service_id=132 ]
10-30 21:30:08.964  3960  4217 I FontLog : Query [name=Google Sans&weight=400&besteffort=false] resolved to {Google Sans, wdth 100.0, wght 400, ital 0.0, bestEffort false} [CONTEXT service_id=132 ]
10-30 21:30:08.965  3960  4217 I FontLog : Font PFD returned from cache for {Google Sans, wdth 100.0, wght 400, ital 0.0, bestEffort false} [CONTEXT service_id=132 ]
10-30 21:30:08.966  3960  4217 I FontLog : Fetch {Google Sans, wdth 100.0, wght 400, ital 0.0, bestEffort false} end status Status{statusCode=SUCCESS, resolution=null} [CONTEXT service_id=132 ]
10-30 21:30:08.974  3960  3972 I FontLog : Pulling font file for id = 684, cache size = 8 [CONTEXT service_id=132 ]
10-30 21:30:08.980  3960  4244 I FontLog : Received query name=Google Sans&weight=500&besteffort=false, URI content://com.google.android.gms.fonts [CONTEXT service_id=132 ]
10-30 21:30:08.981  3960  4244 I FontLog : Query [name=Google Sans&weight=500&besteffort=false] resolved to {Google Sans, wdth 100.0, wght 500, ital 0.0, bestEffort false} [CONTEXT service_id=132 ]
10-30 21:30:08.982  3960  4244 I FontLog : Font PFD returned from cache for {Google Sans, wdth 100.0, wght 500, ital 0.0, bestEffort false} [CONTEXT service_id=132 ]
10-30 21:30:08.983  3960  4244 I FontLog : Fetch {Google Sans, wdth 100.0, wght 500, ital 0.0, bestEffort false} end status Status{statusCode=SUCCESS, resolution=null} [CONTEXT service_id=132 ]
10-30 21:30:08.987  3960  4245 I FontLog : Pulling font file for id = 685, cache size = 9 [CONTEXT service_id=132 ]
10-30 21:30:09.014 18403 18403 I zygote  : Deoptimizing boolean p73.a(java.util.Collection, java.util.Iterator) due to JIT inline cache
10-30 21:30:09.256 18543 18555 I vndksupport: sphal namespace is not configured for this process. Loading libutils.so from the current namespace instead.
10-30 21:30:09.256 18403 18415 I vndksupport: sphal namespace is not configured for this process. Loading libutils.so from the current namespace instead.
10-30 21:30:09.258 18892 18905 I vndksupport: sphal namespace is not configured for this process. Loading libutils.so from the current namespace instead.
10-30 21:30:09.268   556   687 E Parcel  : Reading a NULL string not supported here.
10-30 21:30:09.268   556   687 W Parcel  : **** enforceInterface() expected 'IAAudioService' but read ''
10-30 21:30:09.269 18403 18413 I zygote  : Background concurrent copying GC freed 171422(6MB) AllocSpace objects, 23(1020KB) LOS objects, 49% free, 9MB/19MB, paused 617us total 129.955ms
10-30 21:30:09.269   360   360 E SELinux : avc:  denied  { find } for service=android.service.gatekeeper.IGateKeeperService pid=18926 uid=2000 scontext=u:r:shell:s0 tcontext=u:object_r:gatekeeper_service:s0 tclass=service_manager
10-30 21:30:09.270   360   360 E SELinux : avc:  denied  { find } for service=netd pid=18926 uid=2000 scontext=u:r:shell:s0 tcontext=u:object_r:netd_service:s0 tclass=service_manager
10-30 21:30:09.276 18926 18926 W atrace  : type=1400 audit(0.0:10187): avc: denied { call } for scontext=u:r:shell:s0 tcontext=u:r:wificond:s0 tclass=binder permissive=0
10-30 21:30:09.279   360   360 E SELinux : avc:  denied  { find } for service=installd pid=18926 uid=2000 scontext=u:r:shell:s0 tcontext=u:object_r:installd_service:s0 tclass=service_manager
10-30 21:30:09.284   361   361 E SELinux : avc:  denied  { find } for interface=android.frameworks.displayservice::IDisplayService pid=18926 scontext=u:r:shell:s0 tcontext=u:object_r:fwk_display_hwservice:s0 tclass=hwservice_manager
10-30 21:30:09.285   361   361 E SELinux : avc:  denied  { find } for interface=android.frameworks.schedulerservice::ISchedulingPolicyService pid=18926 scontext=u:r:shell:s0 tcontext=u:object_r:fwk_scheduler_hwservice:s0 tclass=hwservice_manager
10-30 21:30:09.286   361   361 E SELinux : avc:  denied  { find } for interface=android.frameworks.sensorservice::ISensorManager pid=18926 scontext=u:r:shell:s0 tcontext=u:object_r:fwk_sensor_hwservice:s0 tclass=hwservice_manager
10-30 21:30:09.289   361   361 E SELinux : avc:  denied  { find } for interface=android.hardware.biometrics.fingerprint::IBiometricsFingerprint pid=18926 scontext=u:r:shell:s0 tcontext=u:object_r:hal_fingerprint_hwservice:s0 tclass=hwservice_manager
10-30 21:30:09.291   361   361 E SELinux : avc:  denied  { find } for interface=android.hardware.dumpstate::IDumpstateDevice pid=18926 scontext=u:r:shell:s0 tcontext=u:object_r:hal_dumpstate_hwservice:s0 tclass=hwservice_manager
10-30 21:30:09.294   361   361 E SELinux : avc:  denied  { find } for interface=android.hardware.radio.deprecated::IOemHook pid=18926 scontext=u:r:shell:s0 tcontext=u:object_r:hal_telephony_hwservice:s0 tclass=hwservice_manager
10-30 21:30:09.296   361   361 E SELinux : avc:  denied  { find } for interface=android.hardware.radio::IRadio pid=18926 scontext=u:r:shell:s0 tcontext=u:object_r:hal_telephony_hwservice:s0 tclass=hwservice_manager
10-30 21:30:09.297   361   361 E SELinux : avc:  denied  { find } for interface=android.hardware.radio::ISap pid=18926 scontext=u:r:shell:s0 tcontext=u:object_r:hal_telephony_hwservice:s0 tclass=hwservice_manager
10-30 21:30:09.297   361   361 E SELinux : avc:  denied  { find } for interface=android.hardware.usb::IUsb pid=18926 scontext=u:r:shell:s0 tcontext=u:object_r:hal_usb_hwservice:s0 tclass=hwservice_manager
10-30 21:30:09.298   361   361 E SELinux : avc:  denied  { find } for interface=android.hardware.wifi.supplicant::ISupplicant pid=18926 scontext=u:r:shell:s0 tcontext=u:object_r:hal_wifi_supplicant_hwservice:s0 tclass=hwservice_manager
10-30 21:30:09.299   361   361 E SELinux : avc:  denied  { find } for interface=android.hardware.wifi::IWifi pid=18926 scontext=u:r:shell:s0 tcontext=u:object_r:hal_wifi_hwservice:s0 tclass=hwservice_manager
10-30 21:30:09.300   361   361 E SELinux : avc:  denied  { find } for interface=android.hidl.base::IBase pid=18926 scontext=u:r:shell:s0 tcontext=u:object_r:hidl_base_hwservice:s0 tclass=hwservice_manager
10-30 21:30:09.301   361   361 I chatty  : uid=1000(system) hwservicemanage identical 1 line
10-30 21:30:09.301   361   361 E SELinux : avc:  denied  { find } for interface=android.hidl.base::IBase pid=18926 scontext=u:r:shell:s0 tcontext=u:object_r:hidl_base_hwservice:s0 tclass=hwservice_manager
10-30 21:30:09.303   361   361 E SELinux : avc:  denied  { find } for interface=android.system.wifi.keystore::IKeystore pid=18926 scontext=u:r:shell:s0 tcontext=u:object_r:system_wifi_keystore_hwservice:s0 tclass=hwservice_manager
10-30 21:30:09.328 18403 18408 I zygote  : Do partial code cache collection, code=496KB, data=333KB
10-30 21:30:09.328 18403 18408 I zygote  : After code cache collection, code=491KB, data=331KB
10-30 21:30:09.328 18403 18408 I zygote  : Increasing code cache capacity to 2MB
10-30 21:30:09.344   423   423 D SurfaceFlinger: duplicate layer name: changing com.opera.browser/com.opera.android.BrowserActivity to com.opera.browser/com.opera.android.BrowserActivity#1
10-30 21:30:09.476 18403 18403 I zygote  : Deoptimizing void yn3.<init>(yn3$b) due to JIT inline cache
10-30 21:30:13.489 18403 18413 I zygote  : Background concurrent copying GC freed 149070(6MB) AllocSpace objects, 38(4MB) LOS objects, 50% free, 11MB/23MB, paused 741us total 121.861ms
10-30 21:30:14.107 18403 18403 I zygote  : Deoptimizing int zd3.b(android.view.View) due to JIT inline cache
10-30 21:30:16.678   551   618 I ThermalEngine: ACTION: LCD - Setting max LCD brightness to 232
10-30 21:30:18.701 31215 31215 D BoundBrokerSvc: onUnbind: Intent { act=com.google.android.gms.measurement.START pkg=com.google.android.gms }
10-30 21:30:24.474   551   618 I ThermalEngine: ACTION: BATTERY - Setting battery charging mitigation to 3
10-30 21:30:34.481   551   618 I ThermalEngine: ACTION: BATTERY - Setting battery charging mitigation to 0
10-30 21:30:44.744   551   618 I ThermalEngine: ACTION: LCD - Setting max LCD brightness to 255
10-30 21:31:13.947   772 10894 I ActivityManager: Force stopping com.opera.browser appid=10099 user=0: from pid 19069
10-30 21:31:13.947   772 10894 I ActivityManager: Killing 18543:com.opera.browser:privileged_process0/u0a99 (adj 0): stop com.opera.browser
10-30 21:31:13.949   772 10894 W ActivityManager: Scheduling restart of crashed service com.opera.browser/com.opera.android.browser.chromium.services.PrivilegedProcessService0 in 1000ms
10-30 21:31:13.966   772 10894 I ActivityManager: Killing 18403:com.opera.browser/u0a99 (adj 0): stop com.opera.browser
10-30 21:31:13.976   772 10894 W ActivityManager: Force removing ActivityRecord{fbd0677 u0 com.opera.browser/com.opera.android.BrowserActivity t586}: app died, no saved state
10-30 21:31:13.980 18892 18892 I zygote  : System.exit called, status: 0
10-30 21:31:13.980 18892 18892 I AndroidRuntime: VM exiting with result code 0, cleanup skipped.
10-30 21:31:14.030   772   797 E JavaBinder: !!! FAILED BINDER TRANSACTION !!!  (parcel size = 60)
10-30 21:31:14.034   772   785 D ConnectivityService: ConnectivityService NetworkRequestInfo binderDied(NetworkRequest [ LISTEN id=1389, [ Capabilities: INTERNET&NOT_RESTRICTED&TRUSTED&FOREGROUND] ], android.os.BinderProxy@2ed1000)
10-30 21:31:14.034   772  1324 D ConnectivityService: ConnectivityService NetworkRequestInfo binderDied(NetworkRequest [ LISTEN id=1388, [ Capabilities: INTERNET&NOT_RESTRICTED&TRUSTED&FOREGROUND] ], android.os.BinderProxy@9d00039)
10-30 21:31:14.035   772   862 E ConnectivityService: RemoteException caught trying to send a callback msg for NetworkRequest [ LISTEN id=1388, [ Capabilities: INTERNET&NOT_RESTRICTED&TRUSTED&FOREGROUND] ]
10-30 21:31:14.036   772   862 E ConnectivityService: RemoteException caught trying to send a callback msg for NetworkRequest [ LISTEN id=1389, [ Capabilities: INTERNET&NOT_RESTRICTED&TRUSTED&FOREGROUND] ]
10-30 21:31:14.040   772 13071 I WindowManager: WIN DEATH: Window{c33c988 u0 com.opera.browser/com.opera.android.BrowserActivity}
10-30 21:31:14.042   772  3086 I OpenGLRenderer: Initialized EGL, version 1.4
10-30 21:31:14.042   772  3086 D OpenGLRenderer: Swap behavior 2
10-30 21:31:14.049   772   845 W InputDispatcher: channel 'b6330fe com.opera.browser/com.opera.android.BrowserActivity (server)' ~ Consumer closed input channel or an error occurred.  events=0x9
10-30 21:31:14.049   772   845 E InputDispatcher: channel 'b6330fe com.opera.browser/com.opera.android.BrowserActivity (server)' ~ Channel is unrecoverably broken and will be disposed!
10-30 21:31:14.055   772 13071 W InputDispatcher: Attempted to unregister already unregistered input channel 'b6330fe com.opera.browser/com.opera.android.BrowserActivity (server)'
10-30 21:31:14.058   772  4540 W WindowManager: Failed looking up window callers=com.android.server.wm.WindowManagerService.windowForClientLocked:5700 com.android.server.wm.WindowState$DeathRecipient.binderDied:2279 android.os.BinderProxy.sendDeathNotice:828 
10-30 21:31:14.058   772  4540 I WindowManager: WIN DEATH: null
10-30 21:31:14.068   772 10894 I ActivityManager: Killing 18892:com.opera.browser:sandboxed_process0/u0a99 (adj 0): stop com.opera.browser
10-30 21:31:14.077   772 13022 W ActivityManager: Spurious death for ProcessRecord{1aef683 0:com.opera.browser:sandboxed_process0/u0a99}, curProc for 18892: null
10-30 21:31:14.082   772   797 W ActivityManager: setHasOverlayUi called on unknown pid: 18403
10-30 21:31:14.084  1311  1311 D CarrierSvcBindHelper: No carrier app for: 0
10-30 21:31:14.097   772 13022 D WindowManager: relayoutVisibleWindow: Window{aaeb1b9 u0 com.google.android.googlequicksearchbox/com.google.android.launcher.GEL EXITING} mAnimatingExit=true, mRemoveOnExit=false, mDestroying=true
10-30 21:31:14.103  2964  2964 D RegisteredNfcFServicesCache: Service unchanged, not updating
10-30 21:31:14.111 31447 31489 I Adreno  : QUALCOMM build                   : 7142022, Ib5823dd10c
10-30 21:31:14.111 31447 31489 I Adreno  : Build Date                       : 06/23/17
10-30 21:31:14.111 31447 31489 I Adreno  : OpenGL ES Shader Compiler Version: EV031.18.00.00
10-30 21:31:14.111 31447 31489 I Adreno  : Local Branch                     : O11A
10-30 21:31:14.111 31447 31489 I Adreno  : Remote Branch                    : 
10-30 21:31:14.111 31447 31489 I Adreno  : Remote Branch                    : 
10-30 21:31:14.111 31447 31489 I Adreno  : Reconstruct Branch               : 
10-30 21:31:14.115 31447 31489 I vndksupport: sphal namespace is not configured for this process. Loading /vendor/lib64/hw/gralloc.msm8992.so from the current namespace instead.
10-30 21:31:14.119 31447 31489 I Adreno  : PFP: 0x00000000, ME: 0x00000000
10-30 21:31:14.123 31447 31489 I OpenGLRenderer: Initialized EGL, version 1.4
10-30 21:31:14.123 31447 31489 D OpenGLRenderer: Swap behavior 2
10-30 21:31:14.151   772  3854 W ActivityManager: Unable to start service Intent { act=com.google.android.gms.speech.service.START pkg=com.google.android.gms } U=0: not found
10-30 21:31:14.151   772  4540 W ActivityManager: Unbind failed: could not find connection for android.os.BinderProxy@16ea4e1
10-30 21:31:14.151 31472 31528 E GmsClient: unable to connect to service: com.google.android.gms.speech.service.START on com.google.android.gms
10-30 21:31:14.167 31472 31487 W SessionLifecycleManager: Handover failed. Creating new session controller.
10-30 21:31:14.176 31472 31472 I OptInState: There is a new client and it does not support opt-in. Dropping request.
10-30 21:31:14.193 31472 31472 I MicroDetectionWorker: #updateMicroDetector [detectionMode: [mDetectionMode: [1]]]
10-30 21:31:14.193 31472 31472 I MicroDetectionWorker: #startMicroDetector [speakerMode: 0]
10-30 21:31:14.196 31472 31472 I MicroDetectionWorker: onReady
10-30 21:31:14.198 31472 15611 I MicroRecognitionRunner: Starting detection.
10-30 21:31:14.200 31472 11496 I MicrophoneInputStream: mic_starting com.google.android.apps.gsa.speech.audio.af@e453b2
10-30 21:31:14.201   556   687 W DeviceHAL: Device 0xefa2d000 open_input_stream: Invalid argument
10-30 21:31:14.208   556 19083 I AudioFlinger: AudioFlinger's thread 0xec907bc0 tid=19083 ready to run
10-30 21:31:14.216   556   753 I SoundTriggerHwService::Module: onCallbackEvent no clients
10-30 21:31:14.216 31472 11496 I MicrophoneInputStream: mic_started com.google.android.apps.gsa.speech.audio.af@e453b2
10-30 21:31:14.220   556 19084 D sound_trigger_platform: platform_stdev_check_and_update_concurrency: concurrency active 0, tx 1, rx 0, concurrency session_allowed 0
10-30 21:31:14.220   556 19084 D audio_hw_primary: enable_snd_device: snd_device(72: voice-rec-mic)
10-30 21:31:14.228   556 19084 D audio_hw_primary: enable_audio_route: usecase(9) apply and update mixer path: audio-record
10-30 21:31:14.300 31472 31472 I MicroDetectionWorker: onReady
10-30 21:31:14.469 19073 19073 D AndroidRuntime: >>>>>> START com.android.internal.os.RuntimeInit uid 2000 <<<<<<
10-30 21:31:14.590 19073 19073 D AndroidRuntime: Calling main entry com.android.commands.pm.Pm
10-30 21:31:14.598   772 10893 I ActivityManager: Force stopping com.opera.browser appid=10099 user=0: clear data
10-30 21:31:14.602   772   788 I ActivityManager: Force stopping com.opera.browser appid=10099 user=-1: clearApplicationUserData
10-30 21:31:14.645 31447 31489 W OpenGLRenderer: Incorrectly called buildLayer on View: ShortcutAndWidgetContainer, destroying layer...
10-30 21:31:14.691   560   560 I keystore: clear_uid 10099
10-30 21:31:14.730  1311  1311 D CarrierSvcBindHelper: No carrier app for: 0
10-30 21:31:14.732 19073 19073 I app_process: System.exit called, status: 0
10-30 21:31:14.732 19073 19073 I AndroidRuntime: VM exiting with result code 0.
10-30 21:31:14.734   772   787 W ResourceType: No known package when getting value for resource number 0x7f100007
10-30 21:31:14.734   772   787 W ResourceType: No known package when getting value for resource number 0x7f13090c
10-30 21:31:14.734   772   787 W ResourceType: No known package when getting value for resource number 0x7f100005
10-30 21:31:14.734   772   787 W ResourceType: No known package when getting value for resource number 0x7f13090a
10-30 21:31:14.734   772   787 W ResourceType: No known package when getting value for resource number 0x7f100004
10-30 21:31:14.734   772   787 W ResourceType: No known package when getting value for resource number 0x7f130909
10-30 21:31:14.734   772   787 W ResourceType: No known package when getting value for resource number 0x7f100006
10-30 21:31:14.734   772   787 W ResourceType: No known package when getting value for resource number 0x7f13090b
10-30 21:31:14.755  2964  2964 D RegisteredNfcFServicesCache: Service unchanged, not updating
10-30 21:31:14.765  3960 19098 I Fitness : FitCleanupIntentOperation received Intent android.intent.action.PACKAGE_DATA_CLEARED [CONTEXT service_id=17 ]
10-30 21:31:14.805 31215 31411 I Icing   : doRemovePackageData com.opera.browser
10-30 21:31:15.091   772 10860 I ActivityManager: Force stopping com.opera.browser appid=10099 user=0: from pid 19123
10-30 21:31:15.097  1311  1311 D CarrierSvcBindHelper: No carrier app for: 0
10-30 21:31:15.107  2964  2964 D RegisteredNfcFServicesCache: Service unchanged, not updating
10-30 21:31:15.543 19125 19125 D AndroidRuntime: >>>>>> START com.android.internal.os.RuntimeInit uid 2000 <<<<<<
10-30 21:31:15.694 19125 19125 D AndroidRuntime: Calling main entry com.android.commands.pm.Pm
10-30 21:31:15.702   772 13022 I ActivityManager: Force stopping com.opera.browser appid=10099 user=0: clear data
10-30 21:31:15.706   772   788 I ActivityManager: Force stopping com.opera.browser appid=10099 user=-1: clearApplicationUserData
10-30 21:31:15.712   560   560 I keystore: clear_uid 10099
10-30 21:31:15.758  1311  1311 D CarrierSvcBindHelper: No carrier app for: 0
10-30 21:31:15.763   772   787 W ResourceType: No known package when getting value for resource number 0x7f100007
10-30 21:31:15.763   772   787 W ResourceType: No known package when getting value for resource number 0x7f13090c
10-30 21:31:15.764 19125 19125 I app_process: System.exit called, status: 0
10-30 21:31:15.764 19125 19125 I AndroidRuntime: VM exiting with result code 0.
10-30 21:31:15.764   772   787 W ResourceType: No known package when getting value for resource number 0x7f100005
10-30 21:31:15.764   772   787 W ResourceType: No known package when getting value for resource number 0x7f13090a
10-30 21:31:15.764   772   787 W ResourceType: No known package when getting value for resource number 0x7f100004
10-30 21:31:15.764   772   787 W ResourceType: No known package when getting value for resource number 0x7f130909
10-30 21:31:15.768   772   787 W ResourceType: No known package when getting value for resource number 0x7f100006
10-30 21:31:15.768   772   787 W ResourceType: No known package when getting value for resource number 0x7f13090b
10-30 21:31:15.790  2964  2964 D RegisteredNfcFServicesCache: Service unchanged, not updating
10-30 21:31:15.800  3960 19099 I Fitness : FitCleanupIntentOperation received Intent android.intent.action.PACKAGE_DATA_CLEARED [CONTEXT service_id=17 ]
10-30 21:31:15.825 31215 31411 I Icing   : doRemovePackageData com.opera.browser
