11-01 00:15:31.300 25633 25633 W chromium: [WARNING:controller_impl.cc(1190)] Background download complete, client: 6, completion type: 0, file size:16643
11-01 00:15:31.321 25945 25945 E /system/bin/webview_zygote32: failed to make and chown /acct/uid_99144: Permission denied
11-01 00:15:31.321 25945 25945 E Zygote  : createProcessGroup(99144, 0) failed: Permission denied
11-01 00:15:31.323   772   784 I ActivityManager: Start proc 25945:com.android.chrome:sandboxed_process4/u0i144 for webview_service com.android.chrome/org.chromium.content.app.SandboxedProcessService4
11-01 00:15:31.363 25633 25633 W chromium: [WARNING:controller_impl.cc(1190)] Background download complete, client: 6, completion type: 0, file size:18160
11-01 00:15:31.367 25945 25945 I SamplingProfilerIntegration: Profiling disabled.
11-01 00:15:31.389 25960 25960 E asset   : setgid: Operation not permitted
11-01 00:15:31.389   772   785 I ActivityManager: Start proc 25958:com.android.chrome:sandboxed_process5/u0i145 for webview_service com.android.chrome/org.chromium.content.app.SandboxedProcessService5
11-01 00:15:31.395 25958 25958 E /system/bin/webview_zygote32: failed to make and chown /acct/uid_99145: Permission denied
11-01 00:15:31.395 25958 25958 E Zygote  : createProcessGroup(99145, 0) failed: Permission denied
11-01 00:15:31.419 25958 25958 I SamplingProfilerIntegration: Profiling disabled.
11-01 00:15:31.430 25945 25945 I cr_SplitCompatApp: Launched version=106.0.5249.79 minSdkVersion=24 isBundle=true processName=com.android.chrome:sandboxed_process4 isIsolated=true
11-01 00:15:31.435 25945 25945 W SystemServiceRegistry: No service published for: uimode
11-01 00:15:31.436 25633 25633 W chromium: [WARNING:controller_impl.cc(1190)] Background download complete, client: 6, completion type: 0, file size:15859
11-01 00:15:31.441 25972 25972 E asset   : setgid: Operation not permitted
11-01 00:15:31.442 25945 25945 I cr_ChildProcessService: Creating new ChildProcessService pid=25945
11-01 00:15:31.461 25945 25945 E WebViewFactory: can't load with relro file; address space not reserved
11-01 00:15:31.468   772 13022 I ActivityManager: Start proc 25974:com.android.chrome:sandboxed_process6/u0i146 for webview_service com.android.chrome/org.chromium.content.app.SandboxedProcessService6
11-01 00:15:31.473 25974 25974 E /system/bin/webview_zygote32: failed to make and chown /acct/uid_99146: Permission denied
11-01 00:15:31.473 25974 25974 E Zygote  : createProcessGroup(99146, 0) failed: Permission denied
11-01 00:15:31.477 25945 25973 I cr_LibraryLoader: Successfully loaded native library
11-01 00:15:31.479 25945 25973 I cr_CachingUmaRecorder: Flushed 3 samples from 3 histograms.
11-01 00:15:31.491 25958 25958 I cr_SplitCompatApp: Launched version=106.0.5249.79 minSdkVersion=24 isBundle=true processName=com.android.chrome:sandboxed_process5 isIsolated=true
11-01 00:15:31.500 25958 25958 W SystemServiceRegistry: No service published for: uimode
11-01 00:15:31.511 25974 25974 I SamplingProfilerIntegration: Profiling disabled.
11-01 00:15:31.516 25958 25958 I cr_ChildProcessService: Creating new ChildProcessService pid=25958
11-01 00:15:31.524 25958 25958 E WebViewFactory: can't load with relro file; address space not reserved
11-01 00:15:31.531 25958 25994 I cr_LibraryLoader: Successfully loaded native library
11-01 00:15:31.532 25958 25994 I cr_CachingUmaRecorder: Flushed 3 samples from 3 histograms.
11-01 00:15:31.535 25987 25987 W ThreadPoolForeg: type=1400 audit(0.0:20016): avc: denied { setattr } for name="model-info.pb" dev="dm-2" ino=1504802 scontext=u:r:isolated_app:s0:c512,c768 tcontext=u:object_r:app_data_file:s0:c512,c768 tclass=file permissive=0
11-01 00:15:31.539 25987 25987 W ThreadPoolForeg: type=1400 audit(0.0:20017): avc: denied { setattr } for name="model.tflite" dev="dm-2" ino=1504804 scontext=u:r:isolated_app:s0:c512,c768 tcontext=u:object_r:app_data_file:s0:c512,c768 tclass=file permissive=0
11-01 00:15:31.544 25995 25995 E asset   : setgid: Operation not permitted
11-01 00:15:31.544 29692 29763 I zygote64: IncrementDisableThreadFlip blocked for 5.059ms
11-01 00:15:31.549 25945 25973 I chromium: [INFO:child_process_service.cc(69)] ChildProcessService: Exiting child process.
11-01 00:15:31.550   422   422 E lowmemorykiller: Error writing /proc/25945/oom_score_adj; errno=22
11-01 00:15:31.551   772   996 I ActivityManager: Killing 25945:com.android.chrome:sandboxed_process4/u0a60i144 (adj 0): isolated not needed
11-01 00:15:31.551   772   790 W zygote64: failed to open /acct/uid_99144/pid_25945/cgroup.procs: No such file or directory
11-01 00:15:31.565 25998 25998 W ThreadPoolForeg: type=1400 audit(0.0:20018): avc: denied { setattr } for name="model-info.pb" dev="dm-2" ino=1504789 scontext=u:r:isolated_app:s0:c512,c768 tcontext=u:object_r:app_data_file:s0:c512,c768 tclass=file permissive=0
11-01 00:15:31.572 25998 25998 W ThreadPoolForeg: type=1400 audit(0.0:20019): avc: denied { setattr } for name="model.tflite" dev="dm-2" ino=1504802 scontext=u:r:isolated_app:s0:c512,c768 tcontext=u:object_r:app_data_file:s0:c512,c768 tclass=file permissive=0
11-01 00:15:31.585 25958 25994 I chromium: [INFO:child_process_service.cc(69)] ChildProcessService: Exiting child process.
11-01 00:15:31.588   422   422 E lowmemorykiller: Error writing /proc/25958/oom_score_adj; errno=22
11-01 00:15:31.589   772  1259 I ActivityManager: Killing 25958:com.android.chrome:sandboxed_process5/u0a60i145 (adj 0): isolated not needed
11-01 00:15:31.589   772   790 W zygote64: failed to open /acct/uid_99145/pid_25958/cgroup.procs: No such file or directory
11-01 00:15:31.610 25633 25633 W chromium: [WARNING:compositor_view.cc(342)] Child process died (type=6) pid=25945)
11-01 00:15:31.625 25974 25974 I cr_SplitCompatApp: Launched version=106.0.5249.79 minSdkVersion=24 isBundle=true processName=com.android.chrome:sandboxed_process6 isIsolated=true
11-01 00:15:31.635 25974 25974 W SystemServiceRegistry: No service published for: uimode
11-01 00:15:31.648 25974 25974 I cr_ChildProcessService: Creating new ChildProcessService pid=25974
11-01 00:15:31.655 25633 25633 W chromium: [WARNING:compositor_view.cc(342)] Child process died (type=6) pid=25958)
11-01 00:15:31.673 25974 25974 E WebViewFactory: can't load with relro file; address space not reserved
11-01 00:15:31.690 25974 26004 I cr_LibraryLoader: Successfully loaded native library
11-01 00:15:31.691 25974 26004 I cr_CachingUmaRecorder: Flushed 3 samples from 3 histograms.
11-01 00:15:31.721 25633 25633 W chromium: [WARNING:controller_impl.cc(1190)] Background download complete, client: 6, completion type: 0, file size:4955
11-01 00:15:31.727 29692 29702 I zygote64: Background concurrent copying GC freed 85201(4MB) AllocSpace objects, 44(880KB) LOS objects, 49% free, 9MB/18MB, paused 3.623ms total 188.130ms
11-01 00:15:31.735 26008 26008 W ThreadPoolForeg: type=1400 audit(0.0:20020): avc: denied { setattr } for name="model-info.pb" dev="dm-2" ino=1504840 scontext=u:r:isolated_app:s0:c512,c768 tcontext=u:object_r:app_data_file:s0:c512,c768 tclass=file permissive=0
11-01 00:15:31.735 26008 26008 W ThreadPoolForeg: type=1400 audit(0.0:20021): avc: denied { setattr } for name="model.tflite" dev="dm-2" ino=1504845 scontext=u:r:isolated_app:s0:c512,c768 tcontext=u:object_r:app_data_file:s0:c512,c768 tclass=file permissive=0
11-01 00:15:31.741 25974 26004 I chromium: [INFO:child_process_service.cc(69)] ChildProcessService: Exiting child process.
11-01 00:15:31.751 26012 26012 E /system/bin/webview_zygote32: failed to make and chown /acct/uid_99147: Permission denied
11-01 00:15:31.751 26012 26012 E Zygote  : createProcessGroup(99147, 0) failed: Permission denied
11-01 00:15:31.754   772  3854 I ActivityManager: Start proc 26012:com.android.chrome:sandboxed_process7/u0i147 for webview_service com.android.chrome/org.chromium.content.app.SandboxedProcessService7
11-01 00:15:31.757   422   422 E lowmemorykiller: Error writing /proc/25974/oom_score_adj; errno=22
11-01 00:15:31.757   772 29404 E JavaBinder: !!! FAILED BINDER TRANSACTION !!!  (parcel size = 76)
11-01 00:15:31.757   772 29404 E JavaBinder: !!! FAILED BINDER TRANSACTION !!!  (parcel size = 752)
11-01 00:15:31.758   772 29404 W ActivityManager: Exception when unbinding service com.android.chrome/org.chromium.content.app.SandboxedProcessService6
11-01 00:15:31.758   772 29404 W ActivityManager: android.os.DeadObjectException: Transaction failed on small parcel; remote process probably died
11-01 00:15:31.758   772 29404 W ActivityManager: 	at android.os.BinderProxy.transactNative(Native Method)
11-01 00:15:31.758   772 29404 W ActivityManager: 	at android.os.BinderProxy.transact(Binder.java:748)
11-01 00:15:31.758   772 29404 W ActivityManager: 	at android.app.IApplicationThread$Stub$Proxy.scheduleUnbindService(IApplicationThread.java:1522)
11-01 00:15:31.758   772 29404 W ActivityManager: 	at com.android.server.am.ActiveServices.removeConnectionLocked(ActiveServices.java:2640)
11-01 00:15:31.758   772 29404 W ActivityManager: 	at com.android.server.am.ActiveServices.unbindServiceLocked(ActiveServices.java:1551)
11-01 00:15:31.758   772 29404 W ActivityManager: 	at com.android.server.am.ActivityManagerService.unbindService(ActivityManagerService.java:18297)
11-01 00:15:31.758   772 29404 W ActivityManager: 	at android.app.IActivityManager$Stub.onTransact(IActivityManager.java:594)
11-01 00:15:31.758   772 29404 W ActivityManager: 	at com.android.server.am.ActivityManagerService.onTransact(ActivityManagerService.java:2935)
11-01 00:15:31.758   772 29404 W ActivityManager: 	at android.os.Binder.execTransact(Binder.java:674)
11-01 00:15:31.758   422   422 E lowmemorykiller: Error writing /proc/25974/oom_score_adj; errno=22
11-01 00:15:31.758   772 29404 I ActivityManager: Killing 25974:com.android.chrome:sandboxed_process6/u0a60i146 (adj 900): isolated not needed
11-01 00:15:31.758   772   790 W zygote64: failed to open /acct/uid_99146/pid_25974/cgroup.procs: No such file or directory
11-01 00:15:31.759 25633 25633 W chromium: [WARNING:compositor_view.cc(342)] Child process died (type=6) pid=25974)
11-01 00:15:31.773 26012 26012 I SamplingProfilerIntegration: Profiling disabled.
11-01 00:15:31.778 25633 25633 W chromium: [WARNING:controller_impl.cc(1190)] Background download complete, client: 6, completion type: 0, file size:265060
11-01 00:15:31.807 26025 26025 E asset   : setgid: Operation not permitted
11-01 00:15:31.821 26026 26026 E /system/bin/webview_zygote32: failed to make and chown /acct/uid_99148: Permission denied
11-01 00:15:31.821 26026 26026 E Zygote  : createProcessGroup(99148, 0) failed: Permission denied
11-01 00:15:31.835   772   784 I ActivityManager: Start proc 26026:com.android.chrome:sandboxed_process8/u0i148 for webview_service com.android.chrome/org.chromium.content.app.SandboxedProcessService8
11-01 00:15:31.837 26012 26012 I cr_SplitCompatApp: Launched version=106.0.5249.79 minSdkVersion=24 isBundle=true processName=com.android.chrome:sandboxed_process7 isIsolated=true
11-01 00:15:31.843 26026 26026 I SamplingProfilerIntegration: Profiling disabled.
11-01 00:15:31.848 26012 26012 W SystemServiceRegistry: No service published for: uimode
11-01 00:15:31.867 25633 25633 W chromium: [WARNING:controller_impl.cc(1190)] Background download complete, client: 6, completion type: 0, file size:2759
11-01 00:15:31.875 26012 26012 I cr_ChildProcessService: Creating new ChildProcessService pid=26012
11-01 00:15:31.885 26012 26012 E WebViewFactory: can't load with relro file; address space not reserved
11-01 00:15:31.907 26040 26040 E asset   : setgid: Operation not permitted
11-01 00:15:31.911 26012 26039 I cr_LibraryLoader: Successfully loaded native library
11-01 00:15:31.920 26012 26039 I cr_CachingUmaRecorder: Flushed 3 samples from 3 histograms.
11-01 00:15:31.923   772  2970 I ActivityManager: Start proc 26041:com.android.chrome:sandboxed_process9/u0i149 for webview_service com.android.chrome/org.chromium.content.app.SandboxedProcessService9
11-01 00:15:31.929   772   781 I zygote64: Background concurrent copying GC freed 124459(7MB) AllocSpace objects, 199(6MB) LOS objects, 42% free, 18MB/31MB, paused 559us total 104.303ms
11-01 00:15:31.937 26041 26041 E /system/bin/webview_zygote32: failed to make and chown /acct/uid_99149: Permission denied
11-01 00:15:31.937 26041 26041 E Zygote  : createProcessGroup(99149, 0) failed: Permission denied
11-01 00:15:31.952 29692 29692 D BoundBrokerSvc: onBind: Intent { act=com.google.android.gms.common.BIND_SHARED_PREFS pkg=com.google.android.gms }
11-01 00:15:31.952 29692 29692 D BoundBrokerSvc: Loading bound service for intent: Intent { act=com.google.android.gms.common.BIND_SHARED_PREFS pkg=com.google.android.gms }
11-01 00:15:31.964 26026 26026 I cr_SplitCompatApp: Launched version=106.0.5249.79 minSdkVersion=24 isBundle=true processName=com.android.chrome:sandboxed_process8 isIsolated=true
11-01 00:15:31.969 26049 26049 W ThreadPoolForeg: type=1400 audit(0.0:20022): avc: denied { setattr } for name="model-info.pb" dev="dm-2" ino=1504874 scontext=u:r:isolated_app:s0:c512,c768 tcontext=u:object_r:app_data_file:s0:c512,c768 tclass=file permissive=0
11-01 00:15:31.969 26049 26049 W ThreadPoolForeg: type=1400 audit(0.0:20023): avc: denied { setattr } for name="model.tflite" dev="dm-2" ino=1504875 scontext=u:r:isolated_app:s0:c512,c768 tcontext=u:object_r:app_data_file:s0:c512,c768 tclass=file permissive=0
11-01 00:15:31.970 26026 26026 W SystemServiceRegistry: No service published for: uimode
11-01 00:15:31.978 26012 26039 I chromium: [INFO:child_process_service.cc(69)] ChildProcessService: Exiting child process.
11-01 00:15:31.980 29692 29692 D BoundBrokerSvc: onUnbind: Intent { act=com.google.android.gms.common.BIND_SHARED_PREFS pkg=com.google.android.gms }
11-01 00:15:31.986   422   422 E lowmemorykiller: Error writing /proc/26012/oom_score_adj; errno=22
11-01 00:15:31.986   772 32228 I ActivityManager: Killing 26012:com.android.chrome:sandboxed_process7/u0a60i147 (adj 0): isolated not needed
11-01 00:15:31.987   772   790 W zygote64: failed to open /acct/uid_99147/pid_26012/cgroup.procs: No such file or directory
11-01 00:15:31.991 26041 26041 I SamplingProfilerIntegration: Profiling disabled.
11-01 00:15:31.994 26026 26026 I cr_ChildProcessService: Creating new ChildProcessService pid=26026
11-01 00:15:32.021 25633 25633 W chromium: [WARNING:compositor_view.cc(342)] Child process died (type=6) pid=26012)
11-01 00:15:32.024 26026 26026 E WebViewFactory: can't load with relro file; address space not reserved
11-01 00:15:32.042 26026 26061 I cr_LibraryLoader: Successfully loaded native library
11-01 00:15:32.043 26026 26061 I cr_CachingUmaRecorder: Flushed 3 samples from 3 histograms.
11-01 00:15:32.046 25633 25633 W chromium: [WARNING:controller_impl.cc(1190)] Background download complete, client: 6, completion type: 0, file size:116031
11-01 00:15:32.046 26062 26062 E asset   : setgid: Operation not permitted
11-01 00:15:32.093 26069 26069 E /system/bin/webview_zygote32: failed to make and chown /acct/uid_99150: Permission denied
11-01 00:15:32.093 26069 26069 E Zygote  : createProcessGroup(99150, 0) failed: Permission denied
11-01 00:15:32.095   772 13071 I ActivityManager: Start proc 26069:com.android.chrome:sandboxed_process10/u0i150 for webview_service com.android.chrome/org.chromium.content.app.SandboxedProcessService10
11-01 00:15:32.099 26068 26068 W ThreadPoolForeg: type=1400 audit(0.0:20024): avc: denied { setattr } for name="model-info.pb" dev="dm-2" ino=1504884 scontext=u:r:isolated_app:s0:c512,c768 tcontext=u:object_r:app_data_file:s0:c512,c768 tclass=file permissive=0
11-01 00:15:32.116 26041 26041 I cr_SplitCompatApp: Launched version=106.0.5249.79 minSdkVersion=24 isBundle=true processName=com.android.chrome:sandboxed_process9 isIsolated=true
11-01 00:15:32.119 26068 26068 W ThreadPoolForeg: type=1400 audit(0.0:20025): avc: denied { setattr } for name="model.tflite" dev="dm-2" ino=1504885 scontext=u:r:isolated_app:s0:c512,c768 tcontext=u:object_r:app_data_file:s0:c512,c768 tclass=file permissive=0
11-01 00:15:32.124 26069 26069 I SamplingProfilerIntegration: Profiling disabled.
11-01 00:15:32.128 26041 26041 W SystemServiceRegistry: No service published for: uimode
11-01 00:15:32.130 26026 26061 I chromium: [INFO:child_process_service.cc(69)] ChildProcessService: Exiting child process.
11-01 00:15:32.132 25673 25689 I tflite  : Initialized TensorFlow Lite runtime.
11-01 00:15:32.134   422   422 E lowmemorykiller: Error writing /proc/26026/oom_score_adj; errno=22
11-01 00:15:32.135   772  3854 I ActivityManager: Killing 26026:com.android.chrome:sandboxed_process8/u0a60i148 (adj 0): isolated not needed
11-01 00:15:32.135   772   790 W zygote64: failed to open /acct/uid_99148/pid_26026/cgroup.procs: No such file or directory
11-01 00:15:32.143 26041 26041 I cr_ChildProcessService: Creating new ChildProcessService pid=26041
11-01 00:15:32.151 26041 26041 E WebViewFactory: can't load with relro file; address space not reserved
11-01 00:15:32.152 26084 26084 E asset   : setgid: Operation not permitted
11-01 00:15:32.164 25633 25633 W chromium: [WARNING:compositor_view.cc(342)] Child process died (type=6) pid=26026)
11-01 00:15:32.165 26041 26083 I cr_LibraryLoader: Successfully loaded native library
11-01 00:15:32.166 26041 26083 I cr_CachingUmaRecorder: Flushed 3 samples from 3 histograms.
11-01 00:15:32.195 26087 26087 W ThreadPoolForeg: type=1400 audit(0.0:20026): avc: denied { setattr } for name="model-info.pb" dev="dm-2" ino=1504891 scontext=u:r:isolated_app:s0:c512,c768 tcontext=u:object_r:app_data_file:s0:c512,c768 tclass=file permissive=0
11-01 00:15:32.195 26087 26087 W ThreadPoolForeg: type=1400 audit(0.0:20027): avc: denied { setattr } for name="model.tflite" dev="dm-2" ino=1504892 scontext=u:r:isolated_app:s0:c512,c768 tcontext=u:object_r:app_data_file:s0:c512,c768 tclass=file permissive=0
11-01 00:15:32.195 26069 26069 I cr_SplitCompatApp: Launched version=106.0.5249.79 minSdkVersion=24 isBundle=true processName=com.android.chrome:sandboxed_process10 isIsolated=true
11-01 00:15:32.200 26069 26069 W SystemServiceRegistry: No service published for: uimode
11-01 00:15:32.221 26041 26083 I chromium: [INFO:child_process_service.cc(69)] ChildProcessService: Exiting child process.
11-01 00:15:32.225   422   422 E lowmemorykiller: Error writing /proc/26041/oom_score_adj; errno=22
11-01 00:15:32.225   772  2969 I ActivityManager: Killing 26041:com.android.chrome:sandboxed_process9/u0a60i149 (adj 0): isolated not needed
11-01 00:15:32.226   772   790 W zygote64: failed to open /acct/uid_99149/pid_26041/cgroup.procs: No such file or directory
11-01 00:15:32.231 26069 26069 I cr_ChildProcessService: Creating new ChildProcessService pid=26069
11-01 00:15:32.236 25909 25928 I tflite  : Initialized TensorFlow Lite runtime.
11-01 00:15:32.240 26069 26069 E WebViewFactory: can't load with relro file; address space not reserved
11-01 00:15:32.256 25633 25633 W chromium: [WARNING:compositor_view.cc(342)] Child process died (type=6) pid=26041)
11-01 00:15:32.257 26069 26092 I cr_LibraryLoader: Successfully loaded native library
11-01 00:15:32.258 26069 26092 I cr_CachingUmaRecorder: Flushed 3 samples from 3 histograms.
11-01 00:15:32.285 26096 26096 W ThreadPoolForeg: type=1400 audit(0.0:20028): avc: denied { setattr } for name="model-info.pb" dev="dm-2" ino=1504896 scontext=u:r:isolated_app:s0:c512,c768 tcontext=u:object_r:app_data_file:s0:c512,c768 tclass=file permissive=0
11-01 00:15:32.292 26096 26096 W ThreadPoolForeg: type=1400 audit(0.0:20029): avc: denied { setattr } for name="model.tflite" dev="dm-2" ino=1504897 scontext=u:r:isolated_app:s0:c512,c768 tcontext=u:object_r:app_data_file:s0:c512,c768 tclass=file permissive=0
11-01 00:15:32.298 26069 26092 I chromium: [INFO:child_process_service.cc(69)] ChildProcessService: Exiting child process.
11-01 00:15:32.300   422   422 E lowmemorykiller: Error writing /proc/26069/oom_score_adj; errno=22
11-01 00:15:32.300   772 10860 I ActivityManager: Killing 26069:com.android.chrome:sandboxed_process10/u0a60i150 (adj 0): isolated not needed
11-01 00:15:32.300   772   790 W zygote64: failed to open /acct/uid_99150/pid_26069/cgroup.procs: No such file or directory
11-01 00:15:32.315 25633 25633 W chromium: [WARNING:compositor_view.cc(342)] Child process died (type=6) pid=26069)
11-01 00:15:32.876 24678 24678 I TTS     : Creating Google TTS service, version 3.12.9
11-01 00:15:32.876 25633 25633 I TextToSpeech: Sucessfully bound to com.google.android.tts
11-01 00:15:32.878 24678 24678 I TTS     : Loading library tts_android_neon
11-01 00:15:32.881 24678 24678 I TTS     : Couldn't read preferred locale from settings.
11-01 00:15:32.888 25633 25633 I TextToSpeech: Connected to ComponentInfo{com.google.android.tts/com.google.android.tts.service.GoogleTTSService}
11-01 00:15:32.889 24678 26104 I TTS     : Initializing en-us-x-sfg-lstm-embedded from apk
11-01 00:15:32.894 24678 24690 I TTS     : Couldn't read preferred locale from settings.
11-01 00:15:32.895 24678 24690 I TTS     : Couldn't read preferred locale from settings.
11-01 00:15:32.896 24678 24690 I TTS     : For default lang en-us is name en-US-language (en-us-x-sfg-server)
11-01 00:15:32.896 25633 25700 I TextToSpeech: Set up connection to ComponentInfo{com.google.android.tts/com.google.android.tts.service.GoogleTTSService}
11-01 00:15:32.949 24678 24711 I TTS     : Couldn't read preferred locale from settings.
11-01 00:15:32.949 24678 24711 W TTS     : No local or network voice found, failing dispatch
11-01 00:15:32.949 24678 24711 W TTS     : Could not find voice for af
11-01 00:15:32.950 24678 24705 I TTS     : Couldn't read preferred locale from settings.
11-01 00:15:32.950 24678 24705 W TTS     : No local or network voice found, failing dispatch
11-01 00:15:32.950 24678 24705 W TTS     : Could not find voice for af_NA
11-01 00:15:32.951 24678 24712 I TTS     : Couldn't read preferred locale from settings.
11-01 00:15:32.951 24678 24712 W TTS     : No local or network voice found, failing dispatch
11-01 00:15:32.951 24678 24712 W TTS     : Could not find voice for af_ZA
11-01 00:15:32.952 24678 24689 I TTS     : Couldn't read preferred locale from settings.
11-01 00:15:32.952 24678 24689 W TTS     : No local or network voice found, failing dispatch
11-01 00:15:32.952 24678 24689 W TTS     : Could not find voice for agq
11-01 00:15:32.953 24678 24690 I TTS     : Couldn't read preferred locale from settings.
11-01 00:15:32.953 24678 24690 W TTS     : No local or network voice found, failing dispatch
11-01 00:15:32.953 24678 24690 W TTS     : Could not find voice for agq_CM
11-01 00:15:32.953 24678 24711 I TTS     : Couldn't read preferred locale from settings.
11-01 00:15:32.954 24678 24711 W TTS     : No local or network voice found, failing dispatch
11-01 00:15:32.954 24678 24711 W TTS     : Could not find voice for ak
11-01 00:15:32.954 24678 24705 I TTS     : Couldn't read preferred locale from settings.
11-01 00:15:32.954 24678 24705 W TTS     : No local or network voice found, failing dispatch
11-01 00:15:32.954 24678 24705 W TTS     : Could not find voice for ak_GH
11-01 00:15:32.955 24678 24712 I TTS     : Couldn't read preferred locale from settings.
11-01 00:15:32.955 24678 24712 W TTS     : No local or network voice found, failing dispatch
11-01 00:15:32.955 24678 24712 W TTS     : Could not find voice for am
11-01 00:15:32.956 24678 24689 I TTS     : Couldn't read preferred locale from settings.
11-01 00:15:32.956 24678 24689 W TTS     : No local or network voice found, failing dispatch
11-01 00:15:32.956 24678 24689 W TTS     : Could not find voice for am_ET
11-01 00:15:32.956 24678 24690 I TTS     : Couldn't read preferred locale from settings.
11-01 00:15:32.956 24678 24690 W TTS     : No local or network voice found, failing dispatch
11-01 00:15:32.956 24678 24690 W TTS     : Could not find voice for ar
11-01 00:15:32.957 24678 24711 I TTS     : Couldn't read preferred locale from settings.
11-01 00:15:32.957 24678 24711 W TTS     : No local or network voice found, failing dispatch
11-01 00:15:32.957 24678 24711 W TTS     : Could not find voice for ar_001
11-01 00:15:32.957 24678 24705 I TTS     : Couldn't read preferred locale from settings.
11-01 00:15:32.957 24678 24705 W TTS     : No local or network voice found, failing dispatch
11-01 00:15:32.957 24678 24705 W TTS     : Could not find voice for ar_AE
11-01 00:15:32.958 24678 24712 I TTS     : Couldn't read preferred locale from settings.
11-01 00:15:32.958 24678 24712 W TTS     : No local or network voice found, failing dispatch
11-01 00:15:32.958 24678 24712 W TTS     : Could not find voice for ar_BH
11-01 00:15:32.959 24678 24689 I TTS     : Couldn't read preferred locale from settings.
11-01 00:15:32.959 24678 24689 W TTS     : No local or network voice found, failing dispatch
11-01 00:15:32.959 24678 24689 W TTS     : Could not find voice for ar_DJ
11-01 00:15:32.959 24678 24690 I TTS     : Couldn't read preferred locale from settings.
11-01 00:15:32.959 24678 24690 W TTS     : No local or network voice found, failing dispatch
11-01 00:15:32.959 24678 24690 W TTS     : Could not find voice for ar_DZ
11-01 00:15:32.960 24678 24711 I TTS     : Couldn't read preferred locale from settings.
11-01 00:15:32.960 24678 24711 W TTS     : No local or network voice found, failing dispatch
11-01 00:15:32.960 24678 24711 W TTS     : Could not find voice for ar_EG
11-01 00:15:32.960 24678 24705 I TTS     : Couldn't read preferred locale from settings.
11-01 00:15:32.961 24678 24705 W TTS     : No local or network voice found, failing dispatch
11-01 00:15:32.961 24678 24705 W TTS     : Could not find voice for ar_EH
11-01 00:15:32.961 24678 24712 I TTS     : Couldn't read preferred locale from settings.
11-01 00:15:32.961 24678 24712 W TTS     : No local or network voice found, failing dispatch
11-01 00:15:32.961 24678 24712 W TTS     : Could not find voice for ar_ER
11-01 00:15:32.962 24678 24689 I TTS     : Couldn't read preferred locale from settings.
11-01 00:15:32.962 24678 24689 W TTS     : No local or network voice found, failing dispatch
11-01 00:15:32.962 24678 24689 W TTS     : Could not find voice for ar_IL
11-01 00:15:32.963 24678 24690 I TTS     : Couldn't read preferred locale from settings.
11-01 00:15:32.963 24678 24690 W TTS     : No local or network voice found, failing dispatch
11-01 00:15:32.963 24678 24690 W TTS     : Could not find voice for ar_IQ
11-01 00:15:32.963 24678 24711 I TTS     : Couldn't read preferred locale from settings.
11-01 00:15:32.963 24678 24711 W TTS     : No local or network voice found, failing dispatch
11-01 00:15:32.963 24678 24711 W TTS     : Could not find voice for ar_JO
11-01 00:15:32.963 24678 24705 I TTS     : Couldn't read preferred locale from settings.
11-01 00:15:32.964 24678 24705 W TTS     : No local or network voice found, failing dispatch
11-01 00:15:32.964 24678 24705 W TTS     : Could not find voice for ar_KM
11-01 00:15:32.964 24678 24712 I TTS     : Couldn't read preferred locale from settings.
11-01 00:15:32.964 24678 24712 W TTS     : No local or network voice found, failing dispatch
11-01 00:15:32.964 24678 24712 W TTS     : Could not find voice for ar_KW
11-01 00:15:32.964 24678 24689 I TTS     : Couldn't read preferred locale from settings.
11-01 00:15:32.964 24678 24689 W TTS     : No local or network voice found, failing dispatch
11-01 00:15:32.964 24678 24689 W TTS     : Could not find voice for ar_LB
11-01 00:15:32.965 24678 24690 I TTS     : Couldn't read preferred locale from settings.
11-01 00:15:32.965 24678 24690 W TTS     : No local or network voice found, failing dispatch
11-01 00:15:32.965 24678 24690 W TTS     : Could not find voice for ar_LY
11-01 00:15:32.965 24678 24711 I TTS     : Couldn't read preferred locale from settings.
11-01 00:15:32.966 24678 24711 W TTS     : No local or network voice found, failing dispatch
11-01 00:15:32.966 24678 24711 W TTS     : Could not find voice for ar_MA
11-01 00:15:32.966 24678 24705 I TTS     : Couldn't read preferred locale from settings.
11-01 00:15:32.966 24678 24705 W TTS     : No local or network voice found, failing dispatch
11-01 00:15:32.966 24678 24705 W TTS     : Could not find voice for ar_MR
11-01 00:15:32.966 24678 24712 I TTS     : Couldn't read preferred locale from settings.
11-01 00:15:32.966 24678 24712 W TTS     : No local or network voice found, failing dispatch
11-01 00:15:32.967 24678 24712 W TTS     : Could not find voice for ar_OM
11-01 00:15:32.967 24678 24689 I TTS     : Couldn't read preferred locale from settings.
11-01 00:15:32.967 24678 24689 W TTS     : No local or network voice found, failing dispatch
11-01 00:15:32.967 24678 24689 W TTS     : Could not find voice for ar_PS
11-01 00:15:32.967 24678 24690 I TTS     : Couldn't read preferred locale from settings.
11-01 00:15:32.967 24678 24690 W TTS     : No local or network voice found, failing dispatch
11-01 00:15:32.967 24678 24690 W TTS     : Could not find voice for ar_QA
11-01 00:15:32.968 24678 24711 I TTS     : Couldn't read preferred locale from settings.
11-01 00:15:32.968 24678 24711 W TTS     : No local or network voice found, failing dispatch
11-01 00:15:32.968 24678 24711 W TTS     : Could not find voice for ar_SA
11-01 00:15:32.968 24678 24705 I TTS     : Couldn't read preferred locale from settings.
11-01 00:15:32.968 24678 24705 W TTS     : No local or network voice found, failing dispatch
11-01 00:15:32.968 24678 24705 W TTS     : Could not find voice for ar_SD
11-01 00:15:32.968 24678 24712 I TTS     : Couldn't read preferred locale from settings.
11-01 00:15:32.968 24678 24712 W TTS     : No local or network voice found, failing dispatch
11-01 00:15:32.968 24678 24712 W TTS     : Could not find voice for ar_SO
11-01 00:15:32.969 24678 24689 I TTS     : Couldn't read preferred locale from settings.
11-01 00:15:32.969 24678 24689 W TTS     : No local or network voice found, failing dispatch
11-01 00:15:32.969 24678 24689 W TTS     : Could not find voice for ar_SS
11-01 00:15:32.969 24678 24690 I TTS     : Couldn't read preferred locale from settings.
11-01 00:15:32.969 24678 24690 W TTS     : No local or network voice found, failing dispatch
11-01 00:15:32.969 24678 24690 W TTS     : Could not find voice for ar_SY
11-01 00:15:32.969 24678 24711 I TTS     : Couldn't read preferred locale from settings.
11-01 00:15:32.969 24678 24711 W TTS     : No local or network voice found, failing dispatch
11-01 00:15:32.969 24678 24711 W TTS     : Could not find voice for ar_TD
11-01 00:15:32.969 24678 24705 I TTS     : Couldn't read preferred locale from settings.
11-01 00:15:32.970 24678 24705 W TTS     : No local or network voice found, failing dispatch
11-01 00:15:32.970 24678 24705 W TTS     : Could not find voice for ar_TN
11-01 00:15:32.984 25633 25693 W TextToSpeech: Couldn't retrieve ISO 3166 country code for locale: ar_XB
11-01 00:15:32.984 25633 25693 W TextToSpeech: java.util.MissingResourceException: Couldn't find 3-letter country code for XB
11-01 00:15:32.984 25633 25693 W TextToSpeech: 	at java.util.Locale.getISO3Country(Locale.java:1720)
11-01 00:15:32.984 25633 25693 W TextToSpeech: 	at android.speech.tts.TextToSpeech$16.run(TextToSpeech.java:1789)
11-01 00:15:32.984 25633 25693 W TextToSpeech: 	at android.speech.tts.TextToSpeech$16.run(TextToSpeech.java:1777)
11-01 00:15:32.984 25633 25693 W TextToSpeech: 	at android.speech.tts.TextToSpeech$Connection.runAction(TextToSpeech.java:2301)
11-01 00:15:32.984 25633 25693 W TextToSpeech: 	at android.speech.tts.TextToSpeech.runAction(TextToSpeech.java:752)
11-01 00:15:32.984 25633 25693 W TextToSpeech: 	at android.speech.tts.TextToSpeech.runAction(TextToSpeech.java:742)
11-01 00:15:32.984 25633 25693 W TextToSpeech: 	at android.speech.tts.TextToSpeech.isLanguageAvailable(TextToSpeech.java:1776)
11-01 00:15:32.984 25633 25693 W TextToSpeech: 	at TO3.b(chromium-Monochrome.aab-stable-524907923:139)
11-01 00:15:32.984 25633 25693 W TextToSpeech: 	at Mn.call(chromium-Monochrome.aab-stable-524907923:119)
11-01 00:15:32.984 25633 25693 W TextToSpeech: 	at java.util.concurrent.FutureTask.run(FutureTask.java:266)
11-01 00:15:32.984 25633 25693 W TextToSpeech: 	at Nn.run(chromium-Monochrome.aab-stable-524907923:473)
11-01 00:15:32.985 24678 24712 I TTS     : Couldn't read preferred locale from settings.
11-01 00:15:32.985 24678 24712 W TTS     : No local or network voice found, failing dispatch
11-01 00:15:32.986 24678 24712 W TTS     : Could not find voice for ar_YE
11-01 00:15:32.986 24678 24689 I TTS     : Couldn't read preferred locale from settings.
11-01 00:15:32.986 24678 24689 W TTS     : No local or network voice found, failing dispatch
11-01 00:15:32.986 24678 24689 W TTS     : Could not find voice for as
11-01 00:15:32.987 24678 24690 I TTS     : Couldn't read preferred locale from settings.
11-01 00:15:32.987 24678 24690 W TTS     : No local or network voice found, failing dispatch
11-01 00:15:32.987 24678 24690 W TTS     : Could not find voice for as_IN
11-01 00:15:32.987 24678 24711 I TTS     : Couldn't read preferred locale from settings.
11-01 00:15:32.988 24678 24711 W TTS     : No local or network voice found, failing dispatch
11-01 00:15:32.988 24678 24711 W TTS     : Could not find voice for asa
11-01 00:15:32.988 24678 24705 I TTS     : Couldn't read preferred locale from settings.
11-01 00:15:32.988 24678 24705 W TTS     : No local or network voice found, failing dispatch
11-01 00:15:32.988 24678 24705 W TTS     : Could not find voice for asa_TZ
11-01 00:15:32.990 24678 24712 I TTS     : Couldn't read preferred locale from settings.
11-01 00:15:32.990 24678 24712 W TTS     : No local or network voice found, failing dispatch
11-01 00:15:32.990 24678 24712 W TTS     : Could not find voice for ast
11-01 00:15:32.991 24678 24689 I TTS     : Couldn't read preferred locale from settings.
11-01 00:15:32.991 24678 24689 W TTS     : No local or network voice found, failing dispatch
11-01 00:15:32.991 24678 24689 W TTS     : Could not find voice for ast_ES
11-01 00:15:32.995 24678 24690 I TTS     : Couldn't read preferred locale from settings.
11-01 00:15:32.995 24678 24690 W TTS     : No local or network voice found, failing dispatch
11-01 00:15:32.995 24678 24690 W TTS     : Could not find voice for az
11-01 00:15:32.996 24678 24711 I TTS     : Couldn't read preferred locale from settings.
11-01 00:15:32.996 24678 24711 W TTS     : No local or network voice found, failing dispatch
11-01 00:15:32.996 24678 24711 W TTS     : Could not find voice for az
11-01 00:15:32.997 24678 24705 I TTS     : Couldn't read preferred locale from settings.
11-01 00:15:32.997 24678 24705 W TTS     : No local or network voice found, failing dispatch
11-01 00:15:32.997 24678 24705 W TTS     : Could not find voice for az_AZ
11-01 00:15:32.998 24678 24712 I TTS     : Couldn't read preferred locale from settings.
11-01 00:15:32.998 24678 24712 W TTS     : No local or network voice found, failing dispatch
11-01 00:15:32.998 24678 24712 W TTS     : Could not find voice for az
11-01 00:15:32.999 24678 24689 I TTS     : Couldn't read preferred locale from settings.
11-01 00:15:32.999 24678 24689 W TTS     : No local or network voice found, failing dispatch
11-01 00:15:32.999 24678 24689 W TTS     : Could not find voice for az_AZ
11-01 00:15:33.000 24678 24690 I TTS     : Couldn't read preferred locale from settings.
11-01 00:15:33.000 24678 24690 W TTS     : No local or network voice found, failing dispatch
11-01 00:15:33.000 24678 24690 W TTS     : Could not find voice for bas
11-01 00:15:33.001 24678 24711 I TTS     : Couldn't read preferred locale from settings.
11-01 00:15:33.001 24678 24711 W TTS     : No local or network voice found, failing dispatch
11-01 00:15:33.001 24678 24711 W TTS     : Could not find voice for bas_CM
11-01 00:15:33.001 24678 24705 I TTS     : Couldn't read preferred locale from settings.
11-01 00:15:33.002 24678 24705 W TTS     : No local or network voice found, failing dispatch
11-01 00:15:33.002 24678 24705 W TTS     : Could not find voice for be
11-01 00:15:33.002 24678 24712 I TTS     : Couldn't read preferred locale from settings.
11-01 00:15:33.003 24678 24712 W TTS     : No local or network voice found, failing dispatch
11-01 00:15:33.003 24678 24712 W TTS     : Could not find voice for be_BY
11-01 00:15:33.003 24678 24689 I TTS     : Couldn't read preferred locale from settings.
11-01 00:15:33.004 24678 24689 W TTS     : No local or network voice found, failing dispatch
11-01 00:15:33.004 24678 24689 W TTS     : Could not find voice for bem
11-01 00:15:33.004 24678 24690 I TTS     : Couldn't read preferred locale from settings.
11-01 00:15:33.005 24678 24690 W TTS     : No local or network voice found, failing dispatch
11-01 00:15:33.005 24678 24690 W TTS     : Could not find voice for bem_ZM
11-01 00:15:33.005 24678 24711 I TTS     : Couldn't read preferred locale from settings.
11-01 00:15:33.005 24678 24711 W TTS     : No local or network voice found, failing dispatch
11-01 00:15:33.005 24678 24711 W TTS     : Could not find voice for bez
11-01 00:15:33.006 24678 24705 I TTS     : Couldn't read preferred locale from settings.
11-01 00:15:33.006 24678 24705 W TTS     : No local or network voice found, failing dispatch
11-01 00:15:33.006 24678 24705 W TTS     : Could not find voice for bez_TZ
11-01 00:15:33.007 24678 24712 I TTS     : Couldn't read preferred locale from settings.
11-01 00:15:33.007 24678 24712 W TTS     : No local or network voice found, failing dispatch
11-01 00:15:33.007 24678 24712 W TTS     : Could not find voice for bg
11-01 00:15:33.008 24678 24689 I TTS     : Couldn't read preferred locale from settings.
11-01 00:15:33.008 24678 24689 W TTS     : No local or network voice found, failing dispatch
11-01 00:15:33.008 24678 24689 W TTS     : Could not find voice for bg_BG
11-01 00:15:33.009 24678 24690 I TTS     : Couldn't read preferred locale from settings.
11-01 00:15:33.009 24678 24690 W TTS     : No local or network voice found, failing dispatch
11-01 00:15:33.009 24678 24690 W TTS     : Could not find voice for bm
11-01 00:15:33.011 24678 24711 I TTS     : Couldn't read preferred locale from settings.
11-01 00:15:33.013 24678 24711 W TTS     : No local or network voice found, failing dispatch
11-01 00:15:33.014 24678 24711 W TTS     : Could not find voice for bm_ML
11-01 00:15:33.014 24678 24705 I TTS     : Couldn't read preferred locale from settings.
11-01 00:15:33.015 24678 24712 I TTS     : Couldn't read preferred locale from settings.
11-01 00:15:33.043 24678 24689 I TTS     : Couldn't read preferred locale from settings.
11-01 00:15:33.051 24678 24690 I TTS     : Couldn't read preferred locale from settings.
11-01 00:15:33.052 24678 24690 W TTS     : No local or network voice found, failing dispatch
11-01 00:15:33.052 24678 24690 W TTS     : Could not find voice for bo
11-01 00:15:33.053 24678 24711 I TTS     : Couldn't read preferred locale from settings.
11-01 00:15:33.054 24678 24711 W TTS     : No local or network voice found, failing dispatch
11-01 00:15:33.054 24678 24711 W TTS     : Could not find voice for bo_CN
11-01 00:15:33.056 24678 24705 I TTS     : Couldn't read preferred locale from settings.
11-01 00:15:33.056 24678 24705 W TTS     : No local or network voice found, failing dispatch
11-01 00:15:33.057 24678 24705 W TTS     : Could not find voice for bo_IN
11-01 00:15:33.057 24678 24712 I TTS     : Couldn't read preferred locale from settings.
11-01 00:15:33.058 24678 24712 W TTS     : No local or network voice found, failing dispatch
11-01 00:15:33.058 24678 24712 W TTS     : Could not find voice for br
11-01 00:15:33.059 24678 24689 I TTS     : Couldn't read preferred locale from settings.
11-01 00:15:33.059 24678 24689 W TTS     : No local or network voice found, failing dispatch
11-01 00:15:33.059 24678 24689 W TTS     : Could not find voice for br_FR
11-01 00:15:33.060 24678 24690 I TTS     : Couldn't read preferred locale from settings.
11-01 00:15:33.060 24678 24690 W TTS     : No local or network voice found, failing dispatch
11-01 00:15:33.060 24678 24690 W TTS     : Could not find voice for brx
11-01 00:15:33.061 24678 24711 I TTS     : Couldn't read preferred locale from settings.
11-01 00:15:33.061 24678 24711 W TTS     : No local or network voice found, failing dispatch
11-01 00:15:33.061 24678 24711 W TTS     : Could not find voice for brx_IN
11-01 00:15:33.062 24678 24705 I TTS     : Couldn't read preferred locale from settings.
11-01 00:15:33.062 24678 24705 W TTS     : Local voice not installed, we will not be able to do local fallback
11-01 00:15:33.063 24678 24712 I TTS     : Couldn't read preferred locale from settings.
11-01 00:15:33.063 24678 24712 W TTS     : Local voice not installed, we will not be able to do local fallback
11-01 00:15:33.065 24678 24689 I TTS     : Couldn't read preferred locale from settings.
11-01 00:15:33.065 24678 24689 W TTS     : Local voice not installed, we will not be able to do local fallback
11-01 00:15:33.066 24678 24690 I TTS     : Couldn't read preferred locale from settings.
11-01 00:15:33.067 24678 24690 W TTS     : Local voice not installed, we will not be able to do local fallback
11-01 00:15:33.068 24678 24711 I TTS     : Couldn't read preferred locale from settings.
11-01 00:15:33.068 24678 24711 W TTS     : Local voice not installed, we will not be able to do local fallback
11-01 00:15:33.069 24678 24705 I TTS     : Couldn't read preferred locale from settings.
11-01 00:15:33.069 24678 24705 W TTS     : Local voice not installed, we will not be able to do local fallback
11-01 00:15:33.070 24678 24712 I TTS     : Couldn't read preferred locale from settings.
11-01 00:15:33.070 24678 24712 W TTS     : Local voice not installed, we will not be able to do local fallback
11-01 00:15:33.071 24678 24689 I TTS     : Couldn't read preferred locale from settings.
11-01 00:15:33.071 24678 24689 W TTS     : Local voice not installed, we will not be able to do local fallback
11-01 00:15:33.072 24678 24690 I TTS     : Couldn't read preferred locale from settings.
11-01 00:15:33.072 24678 24690 W TTS     : Local voice not installed, we will not be able to do local fallback
11-01 00:15:33.073 24678 24711 I TTS     : Couldn't read preferred locale from settings.
11-01 00:15:33.073 24678 24711 W TTS     : Local voice not installed, we will not be able to do local fallback
11-01 00:15:33.074 24678 24705 I TTS     : Couldn't read preferred locale from settings.
11-01 00:15:33.074 24678 24705 W TTS     : No local or network voice found, failing dispatch
11-01 00:15:33.074 24678 24705 W TTS     : Could not find voice for ce
11-01 00:15:33.075 24678 24712 I TTS     : Couldn't read preferred locale from settings.
11-01 00:15:33.075 24678 24712 W TTS     : No local or network voice found, failing dispatch
11-01 00:15:33.075 24678 24712 W TTS     : Could not find voice for ce_RU
11-01 00:15:33.075 24678 24689 I TTS     : Couldn't read preferred locale from settings.
11-01 00:15:33.076 24678 24689 W TTS     : No local or network voice found, failing dispatch
11-01 00:15:33.076 24678 24689 W TTS     : Could not find voice for cgg
11-01 00:15:33.076 24678 24690 I TTS     : Couldn't read preferred locale from settings.
11-01 00:15:33.077 24678 24690 W TTS     : No local or network voice found, failing dispatch
11-01 00:15:33.077 24678 24690 W TTS     : Could not find voice for cgg_UG
11-01 00:15:33.077 24678 24711 I TTS     : Couldn't read preferred locale from settings.
11-01 00:15:33.077 24678 24711 W TTS     : No local or network voice found, failing dispatch
11-01 00:15:33.077 24678 24711 W TTS     : Could not find voice for chr
11-01 00:15:33.078 24678 24705 I TTS     : Couldn't read preferred locale from settings.
11-01 00:15:33.078 24678 24705 W TTS     : No local or network voice found, failing dispatch
11-01 00:15:33.078 24678 24705 W TTS     : Could not find voice for chr_US
11-01 00:15:33.079 24678 24712 I TTS     : Couldn't read preferred locale from settings.
11-01 00:15:33.079 24678 24712 W TTS     : No local or network voice found, failing dispatch
11-01 00:15:33.079 24678 24712 W TTS     : Could not find voice for ckb
11-01 00:15:33.080 24678 24689 I TTS     : Couldn't read preferred locale from settings.
11-01 00:15:33.080 24678 24689 W TTS     : No local or network voice found, failing dispatch
11-01 00:15:33.080 24678 24689 W TTS     : Could not find voice for ckb_IQ
11-01 00:15:33.080 24678 24690 I TTS     : Couldn't read preferred locale from settings.
11-01 00:15:33.081 24678 24690 W TTS     : No local or network voice found, failing dispatch
11-01 00:15:33.081 24678 24690 W TTS     : Could not find voice for ckb_IR
11-01 00:15:33.081 24678 24711 I TTS     : Couldn't read preferred locale from settings.
11-01 00:15:33.083 24678 24705 I TTS     : Couldn't read preferred locale from settings.
11-01 00:15:33.091 24678 24712 I TTS     : Couldn't read preferred locale from settings.
11-01 00:15:33.092 24678 24712 W TTS     : Local voice not installed, we will not be able to do local fallback
11-01 00:15:33.093 24678 24689 I TTS     : Couldn't read preferred locale from settings.
11-01 00:15:33.093 24678 24689 W TTS     : Local voice not installed, we will not be able to do local fallback
11-01 00:15:33.094 24678 24690 I TTS     : Couldn't read preferred locale from settings.
11-01 00:15:33.096 24678 24705 I TTS     : Couldn't read preferred locale from settings.
11-01 00:15:33.098 24678 24712 I TTS     : Couldn't read preferred locale from settings.
11-01 00:15:33.099 24678 24689 I TTS     : Couldn't read preferred locale from settings.
11-01 00:15:33.100 24678 24689 W TTS     : No local or network voice found, failing dispatch
11-01 00:15:33.100 24678 24689 W TTS     : Could not find voice for dav
11-01 00:15:33.101 24678 24690 I TTS     : Couldn't read preferred locale from settings.
11-01 00:15:33.102 24678 24690 W TTS     : No local or network voice found, failing dispatch
11-01 00:15:33.102 24678 24690 W TTS     : Could not find voice for dav_KE
11-01 00:15:33.103 24678 24711 I TTS     : Couldn't read preferred locale from settings.
11-01 00:15:33.104 24678 24712 I TTS     : Couldn't read preferred locale from settings.
11-01 00:15:33.105 24678 24689 I TTS     : Couldn't read preferred locale from settings.
11-01 00:15:33.107 24678 24690 I TTS     : Couldn't read preferred locale from settings.
11-01 00:15:33.108 24678 24711 I TTS     : Couldn't read preferred locale from settings.
11-01 00:15:33.112 24678 24712 I TTS     : Couldn't read preferred locale from settings.
11-01 00:15:33.113 24678 24689 I TTS     : Couldn't read preferred locale from settings.
11-01 00:15:33.114 24678 24690 I TTS     : Couldn't read preferred locale from settings.
11-01 00:15:33.115 24678 24711 I TTS     : Couldn't read preferred locale from settings.
11-01 00:15:33.115 24678 24711 W TTS     : No local or network voice found, failing dispatch
11-01 00:15:33.115 24678 24711 W TTS     : Could not find voice for dje
11-01 00:15:33.116 24678 24705 I TTS     : Couldn't read preferred locale from settings.
11-01 00:15:33.116 24678 24705 W TTS     : No local or network voice found, failing dispatch
11-01 00:15:33.116 24678 24705 W TTS     : Could not find voice for dje_NE
11-01 00:15:33.116 24678 24712 I TTS     : Couldn't read preferred locale from settings.
11-01 00:15:33.117 24678 24712 W TTS     : No local or network voice found, failing dispatch
11-01 00:15:33.117 24678 24712 W TTS     : Could not find voice for dsb
11-01 00:15:33.117 24678 24689 I TTS     : Couldn't read preferred locale from settings.
11-01 00:15:33.117 24678 24689 W TTS     : No local or network voice found, failing dispatch
11-01 00:15:33.117 24678 24689 W TTS     : Could not find voice for dsb_DE
11-01 00:15:33.118 24678 24690 I TTS     : Couldn't read preferred locale from settings.
11-01 00:15:33.118 24678 24690 W TTS     : No local or network voice found, failing dispatch
11-01 00:15:33.118 24678 24690 W TTS     : Could not find voice for dua
11-01 00:15:33.119 24678 24711 I TTS     : Couldn't read preferred locale from settings.
11-01 00:15:33.119 24678 24711 W TTS     : No local or network voice found, failing dispatch
11-01 00:15:33.119 24678 24711 W TTS     : Could not find voice for dua_CM
11-01 00:15:33.119 24678 24705 I TTS     : Couldn't read preferred locale from settings.
11-01 00:15:33.119 24678 24705 W TTS     : No local or network voice found, failing dispatch
11-01 00:15:33.119 24678 24705 W TTS     : Could not find voice for dyo
11-01 00:15:33.120 24678 24712 I TTS     : Couldn't read preferred locale from settings.
11-01 00:15:33.120 24678 24712 W TTS     : No local or network voice found, failing dispatch
11-01 00:15:33.120 24678 24712 W TTS     : Could not find voice for dyo_SN
11-01 00:15:33.121 24678 24689 I TTS     : Couldn't read preferred locale from settings.
11-01 00:15:33.122 24678 24689 W TTS     : No local or network voice found, failing dispatch
11-01 00:15:33.123 24678 24689 W TTS     : Could not find voice for dz
11-01 00:15:33.123 24678 24690 I TTS     : Couldn't read preferred locale from settings.
11-01 00:15:33.124 24678 24690 W TTS     : No local or network voice found, failing dispatch
11-01 00:15:33.124 24678 24690 W TTS     : Could not find voice for dz_BT
11-01 00:15:33.124 24678 24711 I TTS     : Couldn't read preferred locale from settings.
11-01 00:15:33.124 24678 24711 W TTS     : No local or network voice found, failing dispatch
11-01 00:15:33.124 24678 24711 W TTS     : Could not find voice for ebu
11-01 00:15:33.125 24678 24705 I TTS     : Couldn't read preferred locale from settings.
11-01 00:15:33.125 24678 24705 W TTS     : No local or network voice found, failing dispatch
11-01 00:15:33.125 24678 24705 W TTS     : Could not find voice for ebu_KE
