11-01 00:16:22.451   562   562 D QSEECOMAPI: : QSEECom_get_handle sb_length = 0x19000
11-01 00:16:22.451   562   562 D QSEECOMAPI: : App is not loaded in QSEE
11-01 00:16:22.491   562   562 D QSEECOMAPI: : Loaded image: APP id = 3610
11-01 00:16:22.493   562   562 D QSAPPSVER: qsapps_get_capabilities: Capability from secure side: 0x0
11-01 00:16:22.493   562   562 D QSAPPSVER: qsapps_get_capabilities: returns 0
11-01 00:16:22.493   562   562 E DrmWidevineDash: sion_buffer g_wv_fhandle->ion_sbuffer  0x0xeeb00000
11-01 00:16:22.496   372   376 D DrmLibTime: got the req here! ret=0
11-01 00:16:22.496   372   376 D DrmLibTime: command id, time_cmd_id = 770
11-01 00:16:22.496   372   376 D DrmLibTime: time_getutcsec starts!
11-01 00:16:22.496   372   376 D DrmLibTime: QSEE Time Listener: time_getutcsec
11-01 00:16:22.496   372   376 D DrmLibTime: QSEE Time Listener: get_utc_seconds
11-01 00:16:22.496   372   376 D DrmLibTime: QSEE Time Listener: time_get_modem_time
11-01 00:16:22.496   372   376 D DrmLibTime: QSEE Time Listener: Checking if ATS_MODEM is set or not.
11-01 00:16:22.496   372   376 D QC-time-services: Lib:time_genoff_operation: pargs->base = 13
11-01 00:16:22.496   372   376 D QC-time-services: Lib:time_genoff_operation: pargs->operation = 2
11-01 00:16:22.496   372   376 D QC-time-services: Lib:time_genoff_operation: pargs->ts_val = 0
11-01 00:16:22.497   372   376 D QC-time-services: Lib:time_genoff_operation: Send to server  passed!!
11-01 00:16:22.497   625   647 D QC-time-services: Daemon: Connection accepted:time_genoff
11-01 00:16:22.497   625 26152 D QC-time-services: Daemon:Received base = 13, unit = 1, operation = 2,value = 0
11-01 00:16:22.498   625 26152 D QC-time-services: Daemon:genoff_opr: Base = 13, val = 0, operation = 2
11-01 00:16:22.498   625 26152 D QC-time-services: offset is: 0 for base: 13
11-01 00:16:22.498   372   376 E QC-time-services: Receive Passed == base = 13, unit = 1, operation = 2, result = 0
11-01 00:16:22.498   372   376 D DrmLibTime: QSEE Time Listener: ATS_MODEM is not set. Fallback to Android system time.
11-01 00:16:22.498   372   376 D DrmLibTime: QSEE Time Listener: Retrieved Android system time: 1667258182
11-01 00:16:22.498   372   376 D DrmLibTime: time_getutcsec returns 0, sec = 1667258182; nsec = 0
11-01 00:16:22.498   372   376 D DrmLibTime: time_getutcsec finished! 
11-01 00:16:22.498   372   376 D DrmLibTime: iotcl_continue_command finished! and return 0 
11-01 00:16:22.498   372   376 D DrmLibTime: before calling ioctl to read the next time_cmd
11-01 00:16:22.499   625   647 E QC-time-services: Daemon: Time-services: Waiting to acceptconnection
11-01 00:16:22.524   562   562 D WVCdm   : OEMCrypto_Initialize Level 1 success. I will use level 1.
11-01 00:16:22.524   562   562 D WVCdm   : CryptoSession::Open: Lock: requested_security_level: L3
11-01 00:16:22.533 25633 25633 I cr_media: Provisioning origin ID 374A7A2A419C9696B3FC8FA0BE99BA34
11-01 00:16:22.534 25633 25633 I MediaDrm: Drm event (1,0)
11-01 00:16:22.535 25633 25633 E cr_media: EventListener: No session for event 1.
11-01 00:16:22.578 26153 26153 E /system/bin/webview_zygote32: failed to make and chown /acct/uid_99152: Permission denied
11-01 00:16:22.578 26153 26153 E Zygote  : createProcessGroup(99152, 0) failed: Permission denied
11-01 00:16:22.581   772 13021 I ActivityManager: Start proc 26153:com.android.chrome:sandboxed_process12/u0i152 for webview_service com.android.chrome/org.chromium.content.app.SandboxedProcessService12
11-01 00:16:22.607 26153 26153 I SamplingProfilerIntegration: Profiling disabled.
11-01 00:16:22.633 26166 26166 E asset   : setgid: Operation not permitted
11-01 00:16:22.672   562 19051 D QSEECOMAPI: : QSEECom_dealloc_memory 
11-01 00:16:22.672   562 19051 D QSEECOMAPI: : QSEECom_shutdown_app, app_id = 3610
11-01 00:16:22.679 26153 26153 I cr_SplitCompatApp: Launched version=106.0.5249.79 minSdkVersion=24 isBundle=true processName=com.android.chrome:sandboxed_process12 isIsolated=true
11-01 00:16:22.686 26153 26153 W SystemServiceRegistry: No service published for: uimode
11-01 00:16:22.692 25633 25633 I cr_media: Create MediaDrmBridge with level L1 and origin 374A7A2A419C9696B3FC8FA0BE99BA34
11-01 00:16:22.694   361   361 W /system/bin/hwservicemanager: getTransportFromManifest: Cannot find entry android.hardware.drm@1.0::IDrmFactory in either framework or device manifest, using default transport.
11-01 00:16:22.697   562   644 I DrmHal  : makeDrmFactories: using default drm instance
11-01 00:16:22.698 26153 26153 I cr_ChildProcessService: Creating new ChildProcessService pid=26153
11-01 00:16:22.699   361   361 W /system/bin/hwservicemanager: getTransportFromManifest: Cannot find entry android.hardware.drm@1.0::IDrmFactory in either framework or device manifest, using default transport.
11-01 00:16:22.702   562 19051 I DrmHal  : makeDrmFactories: using default drm instance
11-01 00:16:22.704   562 28303 I WVCdm   : CdmEngine::QueryStatus
11-01 00:16:22.705   562 28303 I WVCdm   : Level3 Library 4445 May 19 2017 17:17:20
11-01 00:16:22.705 26153 26153 E WebViewFactory: can't load with relro file; address space not reserved
11-01 00:16:22.707   562 28303 D QSEECOMAPI: : QSEECom_get_handle sb_length = 0x19000
11-01 00:16:22.707   562 28303 D QSEECOMAPI: : App is not loaded in QSEE
11-01 00:16:22.716 26153 26168 I cr_LibraryLoader: Successfully loaded native library
11-01 00:16:22.717 26153 26168 I cr_CachingUmaRecorder: Flushed 3 samples from 3 histograms.
11-01 00:16:22.751   562 28303 D QSEECOMAPI: : Loaded image: APP id = 3611
11-01 00:16:22.752 26174 26174 W ThreadPoolForeg: type=1400 audit(0.0:20032): avc: denied { setattr } for name="LICENSE.txt" dev="dm-2" ino=1505149 scontext=u:r:isolated_app:s0:c512,c768 tcontext=u:object_r:app_data_file:s0:c512,c768 tclass=file permissive=0
11-01 00:16:22.754   562 28303 D QSAPPSVER: qsapps_get_capabilities: Capability from secure side: 0x0
11-01 00:16:22.754   562 28303 D QSAPPSVER: qsapps_get_capabilities: returns 0
11-01 00:16:22.754   562 28303 E DrmWidevineDash: sion_buffer g_wv_fhandle->ion_sbuffer  0x0xee62d000
11-01 00:16:22.755 26174 26174 W ThreadPoolForeg: type=1400 audit(0.0:20033): avc: denied { setattr } for name=46696C746572696E672052756C6573 dev="dm-2" ino=1505150 scontext=u:r:isolated_app:s0:c512,c768 tcontext=u:object_r:app_data_file:s0:c512,c768 tclass=file permissive=0
11-01 00:16:22.755 26174 26174 W ThreadPoolForeg: type=1400 audit(0.0:20034): avc: denied { setattr } for name="manifest.json" dev="dm-2" ino=1505151 scontext=u:r:isolated_app:s0:c512,c768 tcontext=u:object_r:app_data_file:s0:c512,c768 tclass=file permissive=0
11-01 00:16:22.757   372   376 D DrmLibTime: got the req here! ret=0
11-01 00:16:22.758   372   376 D DrmLibTime: command id, time_cmd_id = 770
11-01 00:16:22.758   372   376 D DrmLibTime: time_getutcsec starts!
11-01 00:16:22.758   372   376 D DrmLibTime: QSEE Time Listener: time_getutcsec
11-01 00:16:22.758   372   376 D DrmLibTime: QSEE Time Listener: get_utc_seconds
11-01 00:16:22.758   372   376 D DrmLibTime: QSEE Time Listener: time_get_modem_time
11-01 00:16:22.758   372   376 D DrmLibTime: QSEE Time Listener: Checking if ATS_MODEM is set or not.
11-01 00:16:22.758   372   376 D QC-time-services: Lib:time_genoff_operation: pargs->base = 13
11-01 00:16:22.758   372   376 D QC-time-services: Lib:time_genoff_operation: pargs->operation = 2
11-01 00:16:22.758   372   376 D QC-time-services: Lib:time_genoff_operation: pargs->ts_val = 0
11-01 00:16:22.758   372   376 D QC-time-services: Lib:time_genoff_operation: Send to server  passed!!
11-01 00:16:22.758   625   647 D QC-time-services: Daemon: Connection accepted:time_genoff
11-01 00:16:22.758   625 26178 D QC-time-services: Daemon:Received base = 13, unit = 1, operation = 2,value = 0
11-01 00:16:22.758   625 26178 D QC-time-services: Daemon:genoff_opr: Base = 13, val = 0, operation = 2
11-01 00:16:22.758   625 26178 D QC-time-services: offset is: 0 for base: 13
11-01 00:16:22.758   372   376 E QC-time-services: Receive Passed == base = 13, unit = 1, operation = 2, result = 0
11-01 00:16:22.758   372   376 D DrmLibTime: QSEE Time Listener: ATS_MODEM is not set. Fallback to Android system time.
11-01 00:16:22.758   372   376 D DrmLibTime: QSEE Time Listener: Retrieved Android system time: 1667258182
11-01 00:16:22.758   372   376 D DrmLibTime: time_getutcsec returns 0, sec = 1667258182; nsec = 0
11-01 00:16:22.758   372   376 D DrmLibTime: time_getutcsec finished! 
11-01 00:16:22.759   372   376 D DrmLibTime: iotcl_continue_command finished! and return 0 
11-01 00:16:22.759   372   376 D DrmLibTime: before calling ioctl to read the next time_cmd
11-01 00:16:22.759   625   647 E QC-time-services: Daemon: Time-services: Waiting to acceptconnection
11-01 00:16:22.772 26174 26174 W ThreadPoolForeg: type=1400 audit(0.0:20035): avc: denied { setattr } for name="verified_contents.json" dev="dm-2" ino=1505153 scontext=u:r:isolated_app:s0:c512,c768 tcontext=u:object_r:app_data_file:s0:c512,c768 tclass=file permissive=0
11-01 00:16:22.777 26153 26168 I chromium: [INFO:child_process_service.cc(69)] ChildProcessService: Exiting child process.
11-01 00:16:22.779   422   422 E lowmemorykiller: Error writing /proc/26153/oom_score_adj; errno=22
11-01 00:16:22.780   772 13021 I ActivityManager: Killing 26153:com.android.chrome:sandboxed_process12/u0a60i152 (adj 0): isolated not needed
11-01 00:16:22.782   772   790 W zygote64: failed to open /acct/uid_99152/pid_26153/cgroup.procs: No such file or directory
11-01 00:16:22.786   562 28303 D WVCdm   : OEMCrypto_Initialize Level 1 success. I will use level 1.
11-01 00:16:22.787   562 28303 D QSEECOMAPI: : QSEECom_dealloc_memory 
11-01 00:16:22.787   562 28303 D QSEECOMAPI: : QSEECom_shutdown_app, app_id = 3611
11-01 00:16:22.799   562   562 I WVCdm   : CdmEngine::OpenSession
11-01 00:16:22.799   562   562 I WVCdm   : Level3 Library 4445 May 19 2017 17:17:20
11-01 00:16:22.803   562   562 D QSEECOMAPI: : QSEECom_get_handle sb_length = 0x19000
11-01 00:16:22.803   562   562 D QSEECOMAPI: : App is not loaded in QSEE
11-01 00:16:22.843   562   562 D QSEECOMAPI: : Loaded image: APP id = 3612
11-01 00:16:22.845   562   562 D QSAPPSVER: qsapps_get_capabilities: Capability from secure side: 0x0
11-01 00:16:22.845   562   562 D QSAPPSVER: qsapps_get_capabilities: returns 0
11-01 00:16:22.845   562   562 E DrmWidevineDash: sion_buffer g_wv_fhandle->ion_sbuffer  0x0xee62d000
11-01 00:16:22.848   372   376 D DrmLibTime: got the req here! ret=0
11-01 00:16:22.848   372   376 D DrmLibTime: command id, time_cmd_id = 770
11-01 00:16:22.848   372   376 D DrmLibTime: time_getutcsec starts!
11-01 00:16:22.848   372   376 D DrmLibTime: QSEE Time Listener: time_getutcsec
11-01 00:16:22.848   372   376 D DrmLibTime: QSEE Time Listener: get_utc_seconds
11-01 00:16:22.848   372   376 D DrmLibTime: QSEE Time Listener: time_get_modem_time
11-01 00:16:22.848   372   376 D DrmLibTime: QSEE Time Listener: Checking if ATS_MODEM is set or not.
11-01 00:16:22.848   372   376 D QC-time-services: Lib:time_genoff_operation: pargs->base = 13
11-01 00:16:22.848   372   376 D QC-time-services: Lib:time_genoff_operation: pargs->operation = 2
11-01 00:16:22.848   372   376 D QC-time-services: Lib:time_genoff_operation: pargs->ts_val = 0
11-01 00:16:22.848   372   376 D QC-time-services: Lib:time_genoff_operation: Send to server  passed!!
11-01 00:16:22.848   625   647 D QC-time-services: Daemon: Connection accepted:time_genoff
11-01 00:16:22.848   625 26179 D QC-time-services: Daemon:Received base = 13, unit = 1, operation = 2,value = 0
11-01 00:16:22.848   625 26179 D QC-time-services: Daemon:genoff_opr: Base = 13, val = 0, operation = 2
11-01 00:16:22.848   625 26179 D QC-time-services: offset is: 0 for base: 13
11-01 00:16:22.848   372   376 E QC-time-services: Receive Passed == base = 13, unit = 1, operation = 2, result = 0
11-01 00:16:22.848   372   376 D DrmLibTime: QSEE Time Listener: ATS_MODEM is not set. Fallback to Android system time.
11-01 00:16:22.848   372   376 D DrmLibTime: QSEE Time Listener: Retrieved Android system time: 1667258182
11-01 00:16:22.848   372   376 D DrmLibTime: time_getutcsec returns 0, sec = 1667258182; nsec = 0
11-01 00:16:22.848   372   376 D DrmLibTime: time_getutcsec finished! 
11-01 00:16:22.848   372   376 D DrmLibTime: iotcl_continue_command finished! and return 0 
11-01 00:16:22.848   372   376 D DrmLibTime: before calling ioctl to read the next time_cmd
11-01 00:16:22.849   625   647 E QC-time-services: Daemon: Time-services: Waiting to acceptconnection
11-01 00:16:22.872   562   562 D WVCdm   : OEMCrypto_Initialize Level 1 success. I will use level 1.
11-01 00:16:22.872   562   562 D WVCdm   : CryptoSession::Open: Lock: requested_security_level: Default
11-01 00:16:22.874   562   562 W WVCdm   : DeviceFiles::RetrieveHashedFile: /data/mediadrm/IDM1013/L1/cert.bin does not exist
11-01 00:16:22.875   562   562 D QSEECOMAPI: : QSEECom_dealloc_memory 
11-01 00:16:22.875   562   562 D QSEECOMAPI: : QSEECom_shutdown_app, app_id = 3612
11-01 00:16:22.887   562 19051 I WVCdm   : Level3 Library 4445 May 19 2017 17:17:20
11-01 00:16:22.889   562 19051 D QSEECOMAPI: : QSEECom_get_handle sb_length = 0x19000
11-01 00:16:22.889   562 19051 D QSEECOMAPI: : App is not loaded in QSEE
11-01 00:16:22.929   562 19051 D QSEECOMAPI: : Loaded image: APP id = 3613
11-01 00:16:22.931   562 19051 D QSAPPSVER: qsapps_get_capabilities: Capability from secure side: 0x0
11-01 00:16:22.931   562 19051 D QSAPPSVER: qsapps_get_capabilities: returns 0
11-01 00:16:22.931   562 19051 E DrmWidevineDash: sion_buffer g_wv_fhandle->ion_sbuffer  0x0xeeb1e000
11-01 00:16:22.934   372   376 D DrmLibTime: got the req here! ret=0
11-01 00:16:22.934   372   376 D DrmLibTime: command id, time_cmd_id = 770
11-01 00:16:22.934   372   376 D DrmLibTime: time_getutcsec starts!
11-01 00:16:22.934   372   376 D DrmLibTime: QSEE Time Listener: time_getutcsec
11-01 00:16:22.934   372   376 D DrmLibTime: QSEE Time Listener: get_utc_seconds
11-01 00:16:22.934   372   376 D DrmLibTime: QSEE Time Listener: time_get_modem_time
11-01 00:16:22.934   372   376 D DrmLibTime: QSEE Time Listener: Checking if ATS_MODEM is set or not.
11-01 00:16:22.934   372   376 D QC-time-services: Lib:time_genoff_operation: pargs->base = 13
11-01 00:16:22.934   372   376 D QC-time-services: Lib:time_genoff_operation: pargs->operation = 2
11-01 00:16:22.934   372   376 D QC-time-services: Lib:time_genoff_operation: pargs->ts_val = 0
11-01 00:16:22.934   372   376 D QC-time-services: Lib:time_genoff_operation: Send to server  passed!!
11-01 00:16:22.934   625   647 D QC-time-services: Daemon: Connection accepted:time_genoff
11-01 00:16:22.935   625 26180 D QC-time-services: Daemon:Received base = 13, unit = 1, operation = 2,value = 0
11-01 00:16:22.935   625 26180 D QC-time-services: Daemon:genoff_opr: Base = 13, val = 0, operation = 2
11-01 00:16:22.935   625 26180 D QC-time-services: offset is: 0 for base: 13
11-01 00:16:22.935   372   376 E QC-time-services: Receive Passed == base = 13, unit = 1, operation = 2, result = 0
11-01 00:16:22.935   372   376 D DrmLibTime: QSEE Time Listener: ATS_MODEM is not set. Fallback to Android system time.
11-01 00:16:22.935   372   376 D DrmLibTime: QSEE Time Listener: Retrieved Android system time: 1667258182
11-01 00:16:22.935   372   376 D DrmLibTime: time_getutcsec returns 0, sec = 1667258182; nsec = 0
11-01 00:16:22.935   372   376 D DrmLibTime: time_getutcsec finished! 
11-01 00:16:22.935   372   376 D DrmLibTime: iotcl_continue_command finished! and return 0 
11-01 00:16:22.935   372   376 D DrmLibTime: before calling ioctl to read the next time_cmd
11-01 00:16:22.935   625   647 E QC-time-services: Daemon: Time-services: Waiting to acceptconnection
11-01 00:16:22.958   562 19051 D WVCdm   : OEMCrypto_Initialize Level 1 success. I will use level 1.
11-01 00:16:22.958   562 19051 D WVCdm   : CryptoSession::Open: Lock: requested_security_level: Default
11-01 00:16:23.032   562 19051 E DrmWidevineDash: OEMCrypto_GenerateSignature : input wrapped_rsa_key == NULL!, return short buffer
11-01 00:16:23.034 25633 25633 I cr_media: Provisioning origin ID 374A7A2A419C9696B3FC8FA0BE99BA34
11-01 00:16:23.037 25633 25633 W chromium: [WARNING:compositor_view.cc(342)] Child process died (type=6) pid=26153)
11-01 00:16:23.043 25633 25633 I MediaDrm: Drm event (1,0)
11-01 00:16:23.046 25633 25633 E cr_media: EventListener: No session for event 1.
11-01 00:16:23.066   562 19050 E DrmWidevineDash: OEMCrypto_RewrapDeviceRSAKey : input wrapped_rsa_key == NULL!, return short buffer
11-01 00:16:23.084   562 19050 D QSEECOMAPI: : QSEECom_dealloc_memory 
11-01 00:16:23.084   562 19050 D QSEECOMAPI: : QSEECom_shutdown_app, app_id = 3613
11-01 00:16:24.606 26182 26182 E /system/bin/webview_zygote32: failed to make and chown /acct/uid_99153: Permission denied
11-01 00:16:24.606 26182 26182 E Zygote  : createProcessGroup(99153, 0) failed: Permission denied
11-01 00:16:24.609   772 10860 I ActivityManager: Start proc 26182:com.android.chrome:sandboxed_process13/u0i153 for webview_service com.android.chrome/org.chromium.content.app.SandboxedProcessService13
11-01 00:16:24.625 26182 26182 I SamplingProfilerIntegration: Profiling disabled.
11-01 00:16:24.646 26195 26195 E asset   : setgid: Operation not permitted
11-01 00:16:24.677 26182 26182 I cr_SplitCompatApp: Launched version=106.0.5249.79 minSdkVersion=24 isBundle=true processName=com.android.chrome:sandboxed_process13 isIsolated=true
11-01 00:16:24.682 26182 26182 W SystemServiceRegistry: No service published for: uimode
11-01 00:16:24.689 26182 26182 I cr_ChildProcessService: Creating new ChildProcessService pid=26182
11-01 00:16:24.697 26182 26182 E WebViewFactory: can't load with relro file; address space not reserved
11-01 00:16:24.707 26182 26196 I cr_LibraryLoader: Successfully loaded native library
11-01 00:16:24.708 26182 26196 I cr_CachingUmaRecorder: Flushed 3 samples from 3 histograms.
11-01 00:16:24.762 26199 26199 W ThreadPoolForeg: type=1400 audit(0.0:20036): avc: denied { setattr } for name="tl_en-us_2022-10-26_484799359_100000_index.bin" dev="dm-2" ino=1505160 scontext=u:r:isolated_app:s0:c512,c768 tcontext=u:object_r:app_data_file:s0:c512,c768 tclass=file permissive=0
11-01 00:16:24.765 26199 26199 W ThreadPoolForeg: type=1400 audit(0.0:20037): avc: denied { setattr } for name="manifest.json" dev="dm-2" ino=1505161 scontext=u:r:isolated_app:s0:c512,c768 tcontext=u:object_r:app_data_file:s0:c512,c768 tclass=file permissive=0
11-01 00:16:24.769 26199 26199 W ThreadPoolForeg: type=1400 audit(0.0:20038): avc: denied { setattr } for name="verified_contents.json" dev="dm-2" ino=1505163 scontext=u:r:isolated_app:s0:c512,c768 tcontext=u:object_r:app_data_file:s0:c512,c768 tclass=file permissive=0
11-01 00:16:24.775 26182 26196 I chromium: [INFO:child_process_service.cc(69)] ChildProcessService: Exiting child process.
11-01 00:16:24.778   422   422 E lowmemorykiller: Error writing /proc/26182/oom_score_adj; errno=22
11-01 00:16:24.778   772 10860 I ActivityManager: Killing 26182:com.android.chrome:sandboxed_process13/u0a60i153 (adj 0): isolated not needed
11-01 00:16:24.779   772   790 W zygote64: failed to open /acct/uid_99153/pid_26182/cgroup.procs: No such file or directory
11-01 00:16:24.791 25633 25633 W chromium: [WARNING:compositor_view.cc(342)] Child process died (type=6) pid=26182)
11-01 00:16:26.780 26203 26203 E /system/bin/webview_zygote32: failed to make and chown /acct/uid_99154: Permission denied
11-01 00:16:26.780 26203 26203 E Zygote  : createProcessGroup(99154, 0) failed: Permission denied
11-01 00:16:26.788   772  3041 I ActivityManager: Start proc 26203:com.android.chrome:sandboxed_process14/u0i154 for webview_service com.android.chrome/org.chromium.content.app.SandboxedProcessService14
11-01 00:16:26.810 26203 26203 I SamplingProfilerIntegration: Profiling disabled.
11-01 00:16:26.836 26216 26216 E asset   : setgid: Operation not permitted
11-01 00:16:26.876 26203 26203 I cr_SplitCompatApp: Launched version=106.0.5249.79 minSdkVersion=24 isBundle=true processName=com.android.chrome:sandboxed_process14 isIsolated=true
11-01 00:16:26.885 26203 26203 W SystemServiceRegistry: No service published for: uimode
11-01 00:16:26.895 26203 26203 I cr_ChildProcessService: Creating new ChildProcessService pid=26203
11-01 00:16:26.904 26203 26203 E WebViewFactory: can't load with relro file; address space not reserved
11-01 00:16:26.915 26203 26217 I cr_LibraryLoader: Successfully loaded native library
11-01 00:16:26.917 26203 26217 I cr_CachingUmaRecorder: Flushed 3 samples from 3 histograms.
11-01 00:16:26.942 26222 26222 W ThreadPoolForeg: type=1400 audit(0.0:20039): avc: denied { setattr } for name="optimization-hints.pb" dev="dm-2" ino=1505166 scontext=u:r:isolated_app:s0:c512,c768 tcontext=u:object_r:app_data_file:s0:c512,c768 tclass=file permissive=0
11-01 00:16:26.945 26222 26222 W ThreadPoolForeg: type=1400 audit(0.0:20040): avc: denied { setattr } for name="manifest.json" dev="dm-2" ino=1505167 scontext=u:r:isolated_app:s0:c512,c768 tcontext=u:object_r:app_data_file:s0:c512,c768 tclass=file permissive=0
11-01 00:16:26.949 26222 26222 W ThreadPoolForeg: type=1400 audit(0.0:20041): avc: denied { setattr } for name="verified_contents.json" dev="dm-2" ino=1505169 scontext=u:r:isolated_app:s0:c512,c768 tcontext=u:object_r:app_data_file:s0:c512,c768 tclass=file permissive=0
11-01 00:16:26.956 26203 26217 I chromium: [INFO:child_process_service.cc(69)] ChildProcessService: Exiting child process.
11-01 00:16:26.958   422   422 E lowmemorykiller: Error writing /proc/26203/oom_score_adj; errno=22
11-01 00:16:26.959   772  1327 I ActivityManager: Killing 26203:com.android.chrome:sandboxed_process14/u0a60i154 (adj 0): isolated not needed
11-01 00:16:26.959   772   790 W zygote64: failed to open /acct/uid_99154/pid_26203/cgroup.procs: No such file or directory
11-01 00:16:26.970 25633 25633 W chromium: [WARNING:compositor_view.cc(342)] Child process died (type=6) pid=26203)
11-01 00:16:29.437 26225 26225 E /system/bin/webview_zygote32: failed to make and chown /acct/uid_99155: Permission denied
11-01 00:16:29.437 26225 26225 E Zygote  : createProcessGroup(99155, 0) failed: Permission denied
11-01 00:16:29.440   772 10860 I ActivityManager: Start proc 26225:com.android.chrome:sandboxed_process15/u0i155 for webview_service com.android.chrome/org.chromium.content.app.SandboxedProcessService15
11-01 00:16:29.466 26225 26225 I SamplingProfilerIntegration: Profiling disabled.
11-01 00:16:29.497 26238 26238 E asset   : setgid: Operation not permitted
11-01 00:16:29.543 26225 26225 I cr_SplitCompatApp: Launched version=106.0.5249.79 minSdkVersion=24 isBundle=true processName=com.android.chrome:sandboxed_process15 isIsolated=true
11-01 00:16:29.551 26225 26225 W SystemServiceRegistry: No service published for: uimode
11-01 00:16:29.562 26225 26225 I cr_ChildProcessService: Creating new ChildProcessService pid=26225
11-01 00:16:29.572 26225 26225 E WebViewFactory: can't load with relro file; address space not reserved
11-01 00:16:29.585 26225 26239 I cr_LibraryLoader: Successfully loaded native library
11-01 00:16:29.586 26225 26239 I cr_CachingUmaRecorder: Flushed 3 samples from 3 histograms.
11-01 00:16:29.605 26244 26244 W ThreadPoolForeg: type=1400 audit(0.0:20042): avc: denied { setattr } for name="ssl_error_assistant.pb" dev="dm-2" ino=1505172 scontext=u:r:isolated_app:s0:c512,c768 tcontext=u:object_r:app_data_file:s0:c512,c768 tclass=file permissive=0
11-01 00:16:29.605 26244 26244 W ThreadPoolForeg: type=1400 audit(0.0:20043): avc: denied { setattr } for name="ssl_error_assistant.pb" dev="dm-2" ino=1505172 scontext=u:r:isolated_app:s0:c512,c768 tcontext=u:object_r:app_data_file:s0:c512,c768 tclass=file permissive=0
11-01 00:16:29.609 26244 26244 W ThreadPoolForeg: type=1400 audit(0.0:20044): avc: denied { setattr } for name="manifest.json" dev="dm-2" ino=1505173 scontext=u:r:isolated_app:s0:c512,c768 tcontext=u:object_r:app_data_file:s0:c512,c768 tclass=file permissive=0
11-01 00:16:29.612 26244 26244 W ThreadPoolForeg: type=1400 audit(0.0:20045): avc: denied { setattr } for name="verified_contents.json" dev="dm-2" ino=1505175 scontext=u:r:isolated_app:s0:c512,c768 tcontext=u:object_r:app_data_file:s0:c512,c768 tclass=file permissive=0
11-01 00:16:29.619 26225 26239 I chromium: [INFO:child_process_service.cc(69)] ChildProcessService: Exiting child process.
11-01 00:16:29.621   422   422 E lowmemorykiller: Error writing /proc/26225/oom_score_adj; errno=22
11-01 00:16:29.622   772 10860 I ActivityManager: Killing 26225:com.android.chrome:sandboxed_process15/u0a60i155 (adj 0): isolated not needed
11-01 00:16:29.622   772   790 W zygote64: failed to open /acct/uid_99155/pid_26225/cgroup.procs: No such file or directory
11-01 00:16:29.634 25633 25633 W chromium: [WARNING:compositor_view.cc(342)] Child process died (type=6) pid=26225)
11-01 00:16:32.514 26247 26247 E /system/bin/webview_zygote32: failed to make and chown /acct/uid_99156: Permission denied
11-01 00:16:32.514 26247 26247 E Zygote  : createProcessGroup(99156, 0) failed: Permission denied
11-01 00:16:32.520   772  3041 I ActivityManager: Start proc 26247:com.android.chrome:sandboxed_process16/u0i156 for webview_service com.android.chrome/org.chromium.content.app.SandboxedProcessService16
11-01 00:16:32.539 26247 26247 I SamplingProfilerIntegration: Profiling disabled.
11-01 00:16:32.562 26260 26260 E asset   : setgid: Operation not permitted
11-01 00:16:32.596 26247 26247 I cr_SplitCompatApp: Launched version=106.0.5249.79 minSdkVersion=24 isBundle=true processName=com.android.chrome:sandboxed_process16 isIsolated=true
11-01 00:16:32.602 26247 26247 W SystemServiceRegistry: No service published for: uimode
11-01 00:16:32.611 26247 26247 I cr_ChildProcessService: Creating new ChildProcessService pid=26247
11-01 00:16:32.618 26247 26247 E WebViewFactory: can't load with relro file; address space not reserved
11-01 00:16:32.630 26247 26261 I cr_LibraryLoader: Successfully loaded native library
11-01 00:16:32.631 26247 26261 I cr_CachingUmaRecorder: Flushed 3 samples from 3 histograms.
11-01 00:16:32.655 26264 26264 W ThreadPoolForeg: type=1400 audit(0.0:20046): avc: denied { setattr } for name="crl-set" dev="dm-2" ino=1505178 scontext=u:r:isolated_app:s0:c512,c768 tcontext=u:object_r:app_data_file:s0:c512,c768 tclass=file permissive=0
11-01 00:16:32.659 26264 26264 W ThreadPoolForeg: type=1400 audit(0.0:20047): avc: denied { setattr } for name="manifest.json" dev="dm-2" ino=1505179 scontext=u:r:isolated_app:s0:c512,c768 tcontext=u:object_r:app_data_file:s0:c512,c768 tclass=file permissive=0
11-01 00:16:32.659 26264 26264 W ThreadPoolForeg: type=1400 audit(0.0:20048): avc: denied { setattr } for name="LICENSE" dev="dm-2" ino=1505180 scontext=u:r:isolated_app:s0:c512,c768 tcontext=u:object_r:app_data_file:s0:c512,c768 tclass=file permissive=0
11-01 00:16:32.662 26264 26264 W ThreadPoolForeg: type=1400 audit(0.0:20049): avc: denied { setattr } for name="verified_contents.json" dev="dm-2" ino=1505182 scontext=u:r:isolated_app:s0:c512,c768 tcontext=u:object_r:app_data_file:s0:c512,c768 tclass=file permissive=0
11-01 00:16:32.669 26247 26261 I chromium: [INFO:child_process_service.cc(69)] ChildProcessService: Exiting child process.
11-01 00:16:32.671   422   422 E lowmemorykiller: Error writing /proc/26247/oom_score_adj; errno=22
11-01 00:16:32.671   772  1327 I ActivityManager: Killing 26247:com.android.chrome:sandboxed_process16/u0a60i156 (adj 0): isolated not needed
11-01 00:16:32.673   772   790 W zygote64: failed to open /acct/uid_99156/pid_26247/cgroup.procs: No such file or directory
11-01 00:16:32.688 25633 25633 W chromium: [WARNING:compositor_view.cc(342)] Child process died (type=6) pid=26247)
11-01 00:16:34.836   772 32228 I ActivityManager: Force stopping com.android.chrome appid=10060 user=0: from pid 26278
11-01 00:16:34.836   772 32228 I ActivityManager: Killing 25704:com.android.chrome:privileged_process0/u0a60 (adj 0): stop com.android.chrome
11-01 00:16:34.838   772 32228 W ActivityManager: Scheduling restart of crashed service com.android.chrome/org.chromium.content.app.PrivilegedProcessService0 in 1000ms
11-01 00:16:34.842   772 32228 I ActivityManager: Killing 25633:com.android.chrome/u0a60 (adj 0): stop com.android.chrome
11-01 00:16:34.857   772 32228 W ActivityManager: Force removing ActivityRecord{4bf5f80 u0 com.android.chrome/com.google.android.apps.chrome.Main t978}: app died, no saved state
11-01 00:16:34.859 25673 25673 I cr_ChildProcessService: Destroying ChildProcessService pid=25673
11-01 00:16:34.859   772 32228 I WindowManager: Failed to capture screenshot of Token{194d9b9 ActivityRecord{4bf5f80 u0 com.android.chrome/com.google.android.apps.chrome.Main t978 f}} appWin=Window{bb948e5 u0 com.android.chrome/com.google.android.apps.chrome.Main} drawState=4
11-01 00:16:34.860 29692 29692 D BoundBrokerSvc: onUnbind: Intent { act=com.google.android.gms.auth.key.retrieval.service.START dat=chimera-action:com.google.android.gms.auth.key.retrieval.service.START cmp=com.google.android.gms/.chimera.GmsApiService }
11-01 00:16:34.868   772 32228 I ActivityManager: Killing 25909:com.android.chrome:sandboxed_process3/u0a60i143 (adj 0): isolated not needed
11-01 00:16:34.868   772 32228 I ActivityManager: Killing 25673:com.android.chrome:sandboxed_process0/u0a60i140 (adj 0): isolated not needed
11-01 00:16:34.875 17973 17973 I MemoryTrimmer: Trimming objects from memory, since app is in the background.
11-01 00:16:34.877 24678 24678 I TTS     : Flushing cache
11-01 00:16:34.883  1311  1311 D CarrierSvcBindHelper: No carrier app for: 0
11-01 00:16:34.897  2964  2964 D RegisteredNfcFServicesCache: Service unchanged, not updating
11-01 00:16:34.914  8266  8321 I Adreno  : QUALCOMM build                   : 7142022, Ib5823dd10c
11-01 00:16:34.914  8266  8321 I Adreno  : Build Date                       : 06/23/17
11-01 00:16:34.914  8266  8321 I Adreno  : OpenGL ES Shader Compiler Version: EV031.18.00.00
11-01 00:16:34.914  8266  8321 I Adreno  : Local Branch                     : O11A
11-01 00:16:34.914  8266  8321 I Adreno  : Remote Branch                    : 
11-01 00:16:34.914  8266  8321 I Adreno  : Remote Branch                    : 
11-01 00:16:34.914  8266  8321 I Adreno  : Reconstruct Branch               : 
11-01 00:16:34.918  8266  8321 I vndksupport: sphal namespace is not configured for this process. Loading /vendor/lib64/hw/gralloc.msm8992.so from the current namespace instead.
11-01 00:16:34.921  8266  8321 I Adreno  : PFP: 0x00000000, ME: 0x00000000
11-01 00:16:34.924  8266  8321 I OpenGLRenderer: Initialized EGL, version 1.4
11-01 00:16:34.924  8266  8321 D OpenGLRenderer: Swap behavior 2
11-01 00:16:34.955   772 10860 D ConnectivityService: ConnectivityService NetworkRequestInfo binderDied(NetworkRequest [ LISTEN id=2422, [ Capabilities: INTERNET&NOT_RESTRICTED&TRUSTED&FOREGROUND] ], android.os.BinderProxy@f3d127f)
11-01 00:16:34.955   772 29404 D ConnectivityService: ConnectivityService NetworkRequestInfo binderDied(NetworkRequest [ LISTEN id=2420, [ Capabilities: INTERNET&NOT_RESTRICTED&TRUSTED&FOREGROUND] ], android.os.BinderProxy@5ddc24c)
11-01 00:16:34.955   772   784 D ConnectivityService: ConnectivityService NetworkRequestInfo binderDied(NetworkRequest [ LISTEN id=2421, [ Capabilities: INTERNET&NOT_RESTRICTED&TRUSTED&FOREGROUND] ], android.os.BinderProxy@3671295)
11-01 00:16:34.956   772   862 E ConnectivityService: RemoteException caught trying to send a callback msg for NetworkRequest [ LISTEN id=2422, [ Capabilities: INTERNET&NOT_RESTRICTED&TRUSTED&FOREGROUND] ]
11-01 00:16:34.957   772   797 W ActivityManager: setHasOverlayUi called on unknown pid: 25633
11-01 00:16:34.958   772   862 E ConnectivityService: RemoteException caught trying to send a callback msg for NetworkRequest [ LISTEN id=2420, [ Capabilities: INTERNET&NOT_RESTRICTED&TRUSTED&FOREGROUND] ]
11-01 00:16:34.959   772   862 E ConnectivityService: RemoteException caught trying to send a callback msg for NetworkRequest [ LISTEN id=2421, [ Capabilities: INTERNET&NOT_RESTRICTED&TRUSTED&FOREGROUND] ]
11-01 00:16:34.973 17973 18014 W SessionLifecycleManager: Handover failed. Creating new session controller.
11-01 00:16:34.979   772   790 W zygote64: failed to open /acct/uid_99143/pid_25909/cgroup.procs: No such file or directory
11-01 00:16:34.979   772   790 W zygote64: failed to open /acct/uid_99140/pid_25673/cgroup.procs: No such file or directory
11-01 00:16:34.984   772  1259 W ActivityManager: Unable to start service Intent { act=com.google.android.gms.speech.service.START pkg=com.google.android.gms } U=0: not found
11-01 00:16:34.985   772   785 W ActivityManager: Unbind failed: could not find connection for android.os.BinderProxy@62f5a02
11-01 00:16:34.986 17973 18028 E GmsClient: unable to connect to service: com.google.android.gms.speech.service.START on com.google.android.gms
11-01 00:16:34.993 17973 17973 I OptInState: There is a new client and it does not support opt-in. Dropping request.
11-01 00:16:35.013 17973 17973 I MicroDetectionWorker: #updateMicroDetector [detectionMode: [mDetectionMode: [1]]]
11-01 00:16:35.014 17973 17973 I MicroDetectionWorker: #startMicroDetector [speakerMode: 0]
11-01 00:16:35.016 17973 17973 I MicroDetectionWorker: onReady
11-01 00:16:35.018 17973 18005 I MicroRecognitionRunner: Starting detection.
11-01 00:16:35.019 17973 18011 I MicrophoneInputStream: mic_starting com.google.android.apps.gsa.speech.audio.af@3f0e68a
11-01 00:16:35.029   556   688 W DeviceHAL: Device 0xefa2d000 open_input_stream: Invalid argument
11-01 00:16:35.030   556 26291 I AudioFlinger: AudioFlinger's thread 0xec603d80 tid=26291 ready to run
11-01 00:16:35.043   556   753 I SoundTriggerHwService::Module: onCallbackEvent no clients
11-01 00:16:35.043 17973 18011 I MicrophoneInputStream: mic_started com.google.android.apps.gsa.speech.audio.af@3f0e68a
11-01 00:16:35.046   556 26292 D sound_trigger_platform: platform_stdev_check_and_update_concurrency: concurrency active 0, tx 1, rx 0, concurrency session_allowed 0
11-01 00:16:35.046   556 26292 D audio_hw_primary: enable_snd_device: snd_device(72: voice-rec-mic)
11-01 00:16:35.052   556 26292 D audio_hw_primary: enable_audio_route: usecase(9) apply and update mixer path: audio-record
11-01 00:16:35.067 17973 17982 I zygote64: Background concurrent copying GC freed 7787(526KB) AllocSpace objects, 7(188KB) LOS objects, 49% free, 2MB/4MB, paused 5.147ms total 48.751ms
11-01 00:16:35.123 17973 17973 I MicroDetectionWorker: onReady
11-01 00:16:35.442  8266  8321 W OpenGLRenderer: Incorrectly called buildLayer on View: ShortcutAndWidgetContainer, destroying layer...
11-01 00:16:35.469 26281 26281 D AndroidRuntime: >>>>>> START com.android.internal.os.RuntimeInit uid 2000 <<<<<<
11-01 00:16:35.642 26281 26281 D AndroidRuntime: Calling main entry com.android.commands.pm.Pm
11-01 00:16:35.681   772 10860 I ActivityManager: Force stopping com.android.chrome appid=10060 user=0: clear data
11-01 00:16:35.684   772   788 I ActivityManager: Force stopping com.android.chrome appid=10060 user=-1: clearApplicationUserData
11-01 00:16:35.792   560   560 I keystore: clear_uid 10060
11-01 00:16:35.811 26281 26281 I app_process: System.exit called, status: 0
11-01 00:16:35.811 26281 26281 I AndroidRuntime: VM exiting with result code 0.
11-01 00:16:35.813   772   787 W ResourceType: No known package when getting value for resource number 0x7f0904db
11-01 00:16:35.813   772   787 W ResourceType: No known package when getting value for resource number 0x7f140670
11-01 00:16:35.813   772   787 W ResourceType: No known package when getting value for resource number 0x7f0904da
11-01 00:16:35.813   772   787 W ResourceType: No known package when getting value for resource number 0x7f14018b
11-01 00:16:35.813   772   787 W ResourceType: No known package when getting value for resource number 0x7f14066f
11-01 00:16:35.813   772   787 W ResourceType: No known package when getting value for resource number 0x7f140434
11-01 00:16:35.813   772   787 E ShortcutService: Ignoring excessive intent tag.
11-01 00:16:35.814  1311  1311 D CarrierSvcBindHelper: No carrier app for: 0
11-01 00:16:35.827  2964  2964 D RegisteredNfcFServicesCache: Service unchanged, not updating
11-01 00:16:35.845 29486 26308 I Fitness : FitCleanupIntentOperation received Intent android.intent.action.PACKAGE_DATA_CLEARED [CONTEXT service_id=17 ]
11-01 00:16:35.875 29692 13083 I Icing   : doRemovePackageData com.android.chrome
11-01 00:16:35.875 29692 13083 I Icing   : Removing corpus key com.android.chrome-omnibox for package com.android.chrome
11-01 00:16:35.978 29692 13083 I Icing   : updateResources: need to parse anue{com.android.chrome}
11-01 00:16:36.059 29692 13083 I Icing   : Indexing com.android.chrome-omnibox from com.android.chrome
11-01 00:16:36.080   772 13021 I ActivityManager: Start proc 26329:com.android.chrome/u0a60 for content provider com.android.chrome/com.google.android.apps.chrome.icing.IcingProvider
11-01 00:16:36.135 26329 26329 I cr_SplitCompatApp: Launched version=106.0.5249.79 minSdkVersion=24 isBundle=true processName=com.android.chrome isIsolated=false
11-01 00:16:36.154   772 13022 I ActivityManager: Force stopping com.android.chrome appid=10060 user=0: from pid 26344
11-01 00:16:36.155   772 13022 I ActivityManager: Killing 26329:com.android.chrome/u0a60 (adj 200): stop com.android.chrome
11-01 00:16:36.170   772 13022 I ActivityManager: Start proc 26350:com.android.chrome/u0a60 for restart com.android.chrome
11-01 00:16:36.172   772 13021 W ActivityManager: Unable to launch app com.android.chrome/10060 for provider com.android.chrome.icing: launching app became null
11-01 00:16:36.173 29692 13083 E ActivityThread: Failed to find provider info for com.android.chrome.icing
11-01 00:16:36.173 29692 13083 W Icing   : Could not connect to content provider content://com.android.chrome.icing
11-01 00:16:36.180  1311  1311 D CarrierSvcBindHelper: No carrier app for: 0
11-01 00:16:36.192  2964  2964 D RegisteredNfcFServicesCache: Service unchanged, not updating
11-01 00:16:36.222 26350 26350 I cr_SplitCompatApp: Launched version=106.0.5249.79 minSdkVersion=24 isBundle=true processName=com.android.chrome isIsolated=false
11-01 00:16:36.325 29486 17541 I FontLog : Received query Google Sans, URI content://com.google.android.gms.fonts [CONTEXT service_id=132 ]
11-01 00:16:36.325 29486 17541 I FontLog : Query [Google Sans] resolved to {Google Sans, wdth 100.0, wght 400, ital 0.0, bestEffort false} [CONTEXT service_id=132 ]
11-01 00:16:36.331 29486 17541 I FontLog : Font PFD returned from cache for {Google Sans, wdth 100.0, wght 400, ital 0.0, bestEffort false} [CONTEXT service_id=132 ]
11-01 00:16:36.331 29486 17541 I FontLog : Fetch {Google Sans, wdth 100.0, wght 400, ital 0.0, bestEffort false} end status Status{statusCode=SUCCESS, resolution=null} [CONTEXT service_id=132 ]
11-01 00:16:36.444 29692 13083 I Icing   : Indexing done com.android.chrome-omnibox
11-01 00:16:36.453 29486 29651 I FontLog : Pulling font file for id = 1061, cache size = 6 [CONTEXT service_id=132 ]
11-01 00:16:36.544 26350 26373 I cr_LibraryLoader: Successfully loaded native library
11-01 00:16:36.545 26350 26373 I cr_CachingUmaRecorder: Flushed 20 samples from 19 histograms.
11-01 00:16:36.562 26365 26365 D AndroidRuntime: >>>>>> START com.android.internal.os.RuntimeInit uid 2000 <<<<<<
11-01 00:16:36.595 29486 30686 I FontLog : Received query Google Sans:500, URI content://com.google.android.gms.fonts [CONTEXT service_id=132 ]
11-01 00:16:36.595 29486 30686 I FontLog : Query [Google Sans:500] resolved to {Google Sans, wdth 100.0, wght 500, ital 0.0, bestEffort false} [CONTEXT service_id=132 ]
11-01 00:16:36.602 29486 30686 I FontLog : Font PFD returned from cache for {Google Sans, wdth 100.0, wght 500, ital 0.0, bestEffort false} [CONTEXT service_id=132 ]
11-01 00:16:36.602 29486 30686 I FontLog : Fetch {Google Sans, wdth 100.0, wght 500, ital 0.0, bestEffort false} end status Status{statusCode=SUCCESS, resolution=null} [CONTEXT service_id=132 ]
11-01 00:16:36.627 29486 29497 I FontLog : Pulling font file for id = 1062, cache size = 6 [CONTEXT service_id=132 ]
11-01 00:16:36.683 29486 30686 I FontLog : Received query Google Sans:700, URI content://com.google.android.gms.fonts [CONTEXT service_id=132 ]
11-01 00:16:36.683 29486 30686 I FontLog : Query [Google Sans:700] resolved to {Google Sans, wdth 100.0, wght 700, ital 0.0, bestEffort false} [CONTEXT service_id=132 ]
11-01 00:16:36.685 29486 30686 I FontLog : Fetch {Google Sans, wdth 100.0, wght 700, ital 0.0, bestEffort false} end status Status{statusCode=SUCCESS, resolution=null} [CONTEXT service_id=132 ]
11-01 00:16:36.687 26365 26365 D AndroidRuntime: Calling main entry com.android.commands.pm.Pm
11-01 00:16:36.693   772  1259 I ActivityManager: Force stopping com.android.chrome appid=10060 user=0: clear data
11-01 00:16:36.693   772  1259 I ActivityManager: Killing 26350:com.android.chrome/u0a60 (adj 700): stop com.android.chrome
11-01 00:16:36.697   772   788 I ActivityManager: Force stopping com.android.chrome appid=10060 user=-1: clearApplicationUserData
11-01 00:16:36.700   560   560 I keystore: clear_uid 10060
11-01 00:16:36.725  1311  1311 D CarrierSvcBindHelper: No carrier app for: 0
11-01 00:16:36.728 26365 26365 I app_process: System.exit called, status: 0
11-01 00:16:36.729 26365 26365 I AndroidRuntime: VM exiting with result code 0.
11-01 00:16:36.730   772   787 W ResourceType: No known package when getting value for resource number 0x7f0904db
11-01 00:16:36.730   772   787 W ResourceType: No known package when getting value for resource number 0x7f140670
11-01 00:16:36.731   772   787 W ResourceType: No known package when getting value for resource number 0x7f0904da
11-01 00:16:36.731   772   787 W ResourceType: No known package when getting value for resource number 0x7f14018b
11-01 00:16:36.731   772   787 W ResourceType: No known package when getting value for resource number 0x7f14066f
11-01 00:16:36.731   772   787 W ResourceType: No known package when getting value for resource number 0x7f140434
11-01 00:16:36.731   772   787 E ShortcutService: Ignoring excessive intent tag.
11-01 00:16:36.747  2964  2964 D RegisteredNfcFServicesCache: Service unchanged, not updating
11-01 00:16:36.754 29486 26306 I Fitness : FitCleanupIntentOperation received Intent android.intent.action.PACKAGE_DATA_CLEARED [CONTEXT service_id=17 ]
11-01 00:16:36.778 29692 13083 I Icing   : doRemovePackageData com.android.chrome
11-01 00:16:36.778 29692 13083 I Icing   : Removing corpus key com.android.chrome-omnibox for package com.android.chrome
11-01 00:16:36.853 29692 13083 I Icing   : updateResources: need to parse anue{com.android.chrome}
11-01 00:16:36.922 29692 13083 I Icing   : Indexing com.android.chrome-omnibox from com.android.chrome
11-01 00:16:36.938   772   784 I ActivityManager: Start proc 26389:com.android.chrome/u0a60 for content provider com.android.chrome/com.google.android.apps.chrome.icing.IcingProvider
11-01 00:16:36.986 26389 26389 I cr_SplitCompatApp: Launched version=106.0.5249.79 minSdkVersion=24 isBundle=true processName=com.android.chrome isIsolated=false
11-01 00:16:37.150 29486 29498 I FontLog : Received query Google Sans, URI content://com.google.android.gms.fonts [CONTEXT service_id=132 ]
11-01 00:16:37.150 29486 29498 I FontLog : Query [Google Sans] resolved to {Google Sans, wdth 100.0, wght 400, ital 0.0, bestEffort false} [CONTEXT service_id=132 ]
11-01 00:16:37.152 29486 29498 I FontLog : Font PFD returned from cache for {Google Sans, wdth 100.0, wght 400, ital 0.0, bestEffort false} [CONTEXT service_id=132 ]
11-01 00:16:37.153 29486 29498 I FontLog : Fetch {Google Sans, wdth 100.0, wght 400, ital 0.0, bestEffort false} end status Status{statusCode=SUCCESS, resolution=null} [CONTEXT service_id=132 ]
11-01 00:16:37.239 29486 17541 I FontLog : Pulling font file for id = 1064, cache size = 5 [CONTEXT service_id=132 ]
11-01 00:16:37.251 29692 13083 I Icing   : Indexing done com.android.chrome-omnibox
11-01 00:16:37.315 26389 26409 I cr_LibraryLoader: Successfully loaded native library
11-01 00:16:37.317 26389 26409 I cr_CachingUmaRecorder: Flushed 20 samples from 19 histograms.
11-01 00:16:37.401 29486 29497 I FontLog : Received query Google Sans:500, URI content://com.google.android.gms.fonts [CONTEXT service_id=132 ]
11-01 00:16:37.401 29486 29497 I FontLog : Query [Google Sans:500] resolved to {Google Sans, wdth 100.0, wght 500, ital 0.0, bestEffort false} [CONTEXT service_id=132 ]
11-01 00:16:37.403 29486 29497 I FontLog : Font PFD returned from cache for {Google Sans, wdth 100.0, wght 500, ital 0.0, bestEffort false} [CONTEXT service_id=132 ]
11-01 00:16:37.407 29486 29497 I FontLog : Fetch {Google Sans, wdth 100.0, wght 500, ital 0.0, bestEffort false} end status Status{statusCode=SUCCESS, resolution=null} [CONTEXT service_id=132 ]
11-01 00:16:37.429 29486 29650 I FontLog : Pulling font file for id = 1065, cache size = 6 [CONTEXT service_id=132 ]
11-01 00:16:37.454 29486 17541 I FontLog : Received query Google Sans:700, URI content://com.google.android.gms.fonts [CONTEXT service_id=132 ]
11-01 00:16:37.454 29486 17541 I FontLog : Query [Google Sans:700] resolved to {Google Sans, wdth 100.0, wght 700, ital 0.0, bestEffort false} [CONTEXT service_id=132 ]
11-01 00:16:37.456 29486 17541 I FontLog : Fetch {Google Sans, wdth 100.0, wght 700, ital 0.0, bestEffort false} end status Status{statusCode=SUCCESS, resolution=null} [CONTEXT service_id=132 ]
11-01 00:16:37.466 29486 29498 I FontLog : Pulling font file for id = 1066, cache size = 7 [CONTEXT service_id=132 ]
