--------- beginning of system
11-01 00:15:18.791   772   785 I ActivityManager: Force stopping com.android.chrome appid=10060 user=0: from pid 25631
11-01 00:15:18.792   772   785 I ActivityManager: Killing 24981:com.android.chrome/u0a60 (adj 900): stop com.android.chrome
--------- beginning of main
11-01 00:15:18.803  1311  1311 D CarrierSvcBindHelper: No carrier app for: 0
11-01 00:15:18.813  2964  2964 D RegisteredNfcFServicesCache: Service unchanged, not updating
11-01 00:15:19.051   772   785 I ActivityManager: START u0 {act=android.intent.action.VIEW flg=0x10008000 cmp=com.android.chrome/com.google.android.apps.chrome.Main} from uid 2000
11-01 00:15:19.065   772   830 E ResourceType: Style contains key with bad entry: 0x0101062c
11-01 00:15:19.075   772   830 E ResourceType: Style contains key with bad entry: 0x0101062c
11-01 00:15:19.094   772   784 I ActivityManager: Start proc 25633:com.android.chrome/u0a60 for activity com.android.chrome/com.google.android.apps.chrome.Main
11-01 00:15:19.170 25633 25633 I cr_SplitCompatApp: Launched version=106.0.5249.79 minSdkVersion=24 isBundle=true processName=com.android.chrome isIsolated=false
11-01 00:15:19.219 29486 29650 I FontLog : Received query Google Sans, URI content://com.google.android.gms.fonts [CONTEXT service_id=132 ]
11-01 00:15:19.219 29486 29650 I FontLog : Query [Google Sans] resolved to {Google Sans, wdth 100.0, wght 400, ital 0.0, bestEffort false} [CONTEXT service_id=132 ]
11-01 00:15:19.223 29486 29650 I FontLog : Font PFD returned from cache for {Google Sans, wdth 100.0, wght 400, ital 0.0, bestEffort false} [CONTEXT service_id=132 ]
11-01 00:15:19.223 29486 29650 I FontLog : Fetch {Google Sans, wdth 100.0, wght 400, ital 0.0, bestEffort false} end status Status{statusCode=SUCCESS, resolution=null} [CONTEXT service_id=132 ]
11-01 00:15:19.232 29486 29497 I FontLog : Pulling font file for id = 1054, cache size = 8 [CONTEXT service_id=132 ]
11-01 00:15:19.244 29486 29498 I FontLog : Received query Google Sans:500, URI content://com.google.android.gms.fonts [CONTEXT service_id=132 ]
11-01 00:15:19.244 29486 29498 I FontLog : Query [Google Sans:500] resolved to {Google Sans, wdth 100.0, wght 500, ital 0.0, bestEffort false} [CONTEXT service_id=132 ]
11-01 00:15:19.246 29486 29498 I FontLog : Font PFD returned from cache for {Google Sans, wdth 100.0, wght 500, ital 0.0, bestEffort false} [CONTEXT service_id=132 ]
11-01 00:15:19.247 29486 29498 I FontLog : Fetch {Google Sans, wdth 100.0, wght 500, ital 0.0, bestEffort false} end status Status{statusCode=SUCCESS, resolution=null} [CONTEXT service_id=132 ]
11-01 00:15:19.253 29486 30686 I FontLog : Pulling font file for id = 1055, cache size = 6 [CONTEXT service_id=132 ]
11-01 00:15:19.261 29486 17541 I FontLog : Received query Google Sans:700, URI content://com.google.android.gms.fonts [CONTEXT service_id=132 ]
11-01 00:15:19.262 29486 17541 I FontLog : Query [Google Sans:700] resolved to {Google Sans, wdth 100.0, wght 700, ital 0.0, bestEffort false} [CONTEXT service_id=132 ]
11-01 00:15:19.263 29486 17541 I FontLog : Fetch {Google Sans, wdth 100.0, wght 700, ital 0.0, bestEffort false} end status Status{statusCode=SUCCESS, resolution=null} [CONTEXT service_id=132 ]
11-01 00:15:19.267 29486 29498 I FontLog : Pulling font file for id = 1056, cache size = 5 [CONTEXT service_id=132 ]
11-01 00:15:19.307 25633 25652 I cr_LibraryLoader: Successfully loaded native library
11-01 00:15:19.308 25633 25652 I cr_CachingUmaRecorder: Flushed 19 samples from 19 histograms.
11-01 00:15:19.387 25633 25633 E ResourceType: Style contains key with bad entry: 0x0101062c
11-01 00:15:19.412 25633 25655 W DynamiteModule: Local module descriptor class for com.google.android.gms.googlecertificates not found.
11-01 00:15:19.427 25633 25655 W zygote  : Skipping duplicate class check due to unrecognized classloader
11-01 00:15:19.429 25633 25655 I DynamiteModule: Considering local module com.google.android.gms.googlecertificates:0 and remote module com.google.android.gms.googlecertificates:7
11-01 00:15:19.429 25633 25655 I DynamiteModule: Selected remote version of com.google.android.gms.googlecertificates, version >= 7
11-01 00:15:19.443   772 10893 I ActivityManager: START u0 {cmp=com.android.chrome/org.chromium.chrome.browser.firstrun.FirstRunActivity (has extras)} from uid 10060
11-01 00:15:19.470 25633 25633 E ResourceType: Style contains key with bad entry: 0x0101062c
11-01 00:15:19.472 25633 25655 W zygote  : Skipping duplicate class check due to unrecognized classloader
11-01 00:15:19.509   772 10893 W AppOps  : Bad call: specified package com.google.android.gms under uid 10060 but it is really 10020
11-01 00:15:19.509   772 10893 W AppOps  : java.lang.RuntimeException: here
11-01 00:15:19.509   772 10893 W AppOps  : 	at com.android.server.AppOpsService.getOpsRawLocked(AppOpsService.java:1319)
11-01 00:15:19.509   772 10893 W AppOps  : 	at com.android.server.AppOpsService.checkPackage(AppOpsService.java:1038)
11-01 00:15:19.509   772 10893 W AppOps  : 	at com.android.internal.app.IAppOpsService$Stub.onTransact(IAppOpsService.java:169)
11-01 00:15:19.509   772 10893 W AppOps  : 	at android.os.Binder.execTransact(Binder.java:674)
11-01 00:15:19.510   772  4539 W AppOps  : Bad call: specified package com.google.android.gms under uid 10060 but it is really 10020
11-01 00:15:19.510   772  4539 W AppOps  : java.lang.RuntimeException: here
11-01 00:15:19.510   772  4539 W AppOps  : 	at com.android.server.AppOpsService.getOpsRawLocked(AppOpsService.java:1319)
11-01 00:15:19.510   772  4539 W AppOps  : 	at com.android.server.AppOpsService.checkPackage(AppOpsService.java:1038)
11-01 00:15:19.510   772  4539 W AppOps  : 	at com.android.internal.app.IAppOpsService$Stub.onTransact(IAppOpsService.java:169)
11-01 00:15:19.510   772  4539 W AppOps  : 	at android.os.Binder.execTransact(Binder.java:674)
11-01 00:15:19.516   772  4540 W AppOps  : Bad call: specified package com.google.android.gms under uid 10060 but it is really 10020
11-01 00:15:19.516   772  4540 W AppOps  : java.lang.RuntimeException: here
11-01 00:15:19.516   772  4540 W AppOps  : 	at com.android.server.AppOpsService.getOpsRawLocked(AppOpsService.java:1319)
11-01 00:15:19.516   772  4540 W AppOps  : 	at com.android.server.AppOpsService.checkPackage(AppOpsService.java:1038)
11-01 00:15:19.516   772  4540 W AppOps  : 	at com.android.internal.app.IAppOpsService$Stub.onTransact(IAppOpsService.java:169)
11-01 00:15:19.516   772  4540 W AppOps  : 	at android.os.Binder.execTransact(Binder.java:674)
11-01 00:15:19.518   772 13021 W AppOps  : Bad call: specified package com.google.android.gms under uid 10060 but it is really 10020
11-01 00:15:19.518   772 13021 W AppOps  : java.lang.RuntimeException: here
11-01 00:15:19.518   772 13021 W AppOps  : 	at com.android.server.AppOpsService.getOpsRawLocked(AppOpsService.java:1319)
11-01 00:15:19.518   772 13021 W AppOps  : 	at com.android.server.AppOpsService.checkPackage(AppOpsService.java:1038)
11-01 00:15:19.518   772 13021 W AppOps  : 	at com.android.internal.app.IAppOpsService$Stub.onTransact(IAppOpsService.java:169)
11-01 00:15:19.518   772 13021 W AppOps  : 	at android.os.Binder.execTransact(Binder.java:674)
11-01 00:15:19.605 29486 29647 E bfry    : Phenotype API error. Event # ddoj@af048454, EventCode: 7 [CONTEXT service_id=51 ]
11-01 00:15:19.605 29486 29647 E bfry    : bfra: 29505: No config packages for log source, or config package not registered
11-01 00:15:19.605 29486 29647 E bfry    : 	at bfst.b(:com.google.android.gms@223616019@22.36.16 (040400-476895098):4)
11-01 00:15:19.605 29486 29647 E bfry    : 	at bfsq.g(:com.google.android.gms@223616019@22.36.16 (040400-476895098):0)
11-01 00:15:19.605 29486 29647 E bfry    : 	at bfry.e(:com.google.android.gms@223616019@22.36.16 (040400-476895098):4)
11-01 00:15:19.605 29486 29647 E bfry    : 	at bfry.f(:com.google.android.gms@223616019@22.36.16 (040400-476895098):2)
11-01 00:15:19.605 29486 29647 E bfry    : 	at arjg.ep(:com.google.android.gms@223616019@22.36.16 (040400-476895098):1)
11-01 00:15:19.605 29486 29647 E bfry    : 	at arjm.run(:com.google.android.gms@223616019@22.36.16 (040400-476895098):12)
11-01 00:15:19.605 29486 29647 E bfry    : 	at cjoq.run(:com.google.android.gms@223616019@22.36.16 (040400-476895098):2)
11-01 00:15:19.605 29486 29647 E bfry    : 	at aarl.c(:com.google.android.gms@223616019@22.36.16 (040400-476895098):6)
11-01 00:15:19.605 29486 29647 E bfry    : 	at aarl.run(:com.google.android.gms@223616019@22.36.16 (040400-476895098):7)
11-01 00:15:19.605 29486 29647 E bfry    : 	at java.util.concurrent.ThreadPoolExecutor.runWorker(ThreadPoolExecutor.java:1162)
11-01 00:15:19.605 29486 29647 E bfry    : 	at java.util.concurrent.ThreadPoolExecutor$Worker.run(ThreadPoolExecutor.java:636)
11-01 00:15:19.605 29486 29647 E bfry    : 	at aaws.run(:com.google.android.gms@223616019@22.36.16 (040400-476895098):0)
11-01 00:15:19.605 29486 29647 E bfry    : 	at java.lang.Thread.run(Thread.java:764)
11-01 00:15:19.610 29486 29647 W AsyncOperation: operation=GetExperimentTokensOperationCall, opStatusCode=29505 [CONTEXT service_id=51 ]
11-01 00:15:19.610 29486 29647 W AsyncOperation: OperationException[Status{statusCode=No config packages for log source, or config package not registered, resolution=null}]
11-01 00:15:19.610 29486 29647 W AsyncOperation: 	at bfry.e(:com.google.android.gms@223616019@22.36.16 (040400-476895098):6)
11-01 00:15:19.610 29486 29647 W AsyncOperation: 	at bfry.f(:com.google.android.gms@223616019@22.36.16 (040400-476895098):2)
11-01 00:15:19.610 29486 29647 W AsyncOperation: 	at arjg.ep(:com.google.android.gms@223616019@22.36.16 (040400-476895098):1)
11-01 00:15:19.610 29486 29647 W AsyncOperation: 	at arjm.run(:com.google.android.gms@223616019@22.36.16 (040400-476895098):12)
11-01 00:15:19.610 29486 29647 W AsyncOperation: 	at cjoq.run(:com.google.android.gms@223616019@22.36.16 (040400-476895098):2)
11-01 00:15:19.610 29486 29647 W AsyncOperation: 	at aarl.c(:com.google.android.gms@223616019@22.36.16 (040400-476895098):6)
11-01 00:15:19.610 29486 29647 W AsyncOperation: 	at aarl.run(:com.google.android.gms@223616019@22.36.16 (040400-476895098):7)
11-01 00:15:19.610 29486 29647 W AsyncOperation: 	at java.util.concurrent.ThreadPoolExecutor.runWorker(ThreadPoolExecutor.java:1162)
11-01 00:15:19.610 29486 29647 W AsyncOperation: 	at java.util.concurrent.ThreadPoolExecutor$Worker.run(ThreadPoolExecutor.java:636)
11-01 00:15:19.610 29486 29647 W AsyncOperation: 	at aaws.run(:com.google.android.gms@223616019@22.36.16 (040400-476895098):0)
11-01 00:15:19.610 29486 29647 W AsyncOperation: 	at java.lang.Thread.run(Thread.java:764)
11-01 00:15:19.630 25633 25633 W ResourceType: Failure getting entry for 0x7f010055 (t=0 e=85) (error -75)
11-01 00:15:19.668 25633 25663 D OpenGLRenderer: HWUI GL Pipeline
11-01 00:15:19.699 25633 25663 I Adreno  : QUALCOMM build                   : 7142022, Ib5823dd10c
11-01 00:15:19.699 25633 25663 I Adreno  : Build Date                       : 06/23/17
11-01 00:15:19.699 25633 25663 I Adreno  : OpenGL ES Shader Compiler Version: EV031.18.00.00
11-01 00:15:19.699 25633 25663 I Adreno  : Local Branch                     : O11A
11-01 00:15:19.699 25633 25663 I Adreno  : Remote Branch                    : 
11-01 00:15:19.699 25633 25663 I Adreno  : Remote Branch                    : 
11-01 00:15:19.699 25633 25663 I Adreno  : Reconstruct Branch               : 
11-01 00:15:19.700 25633 25663 I vndksupport: sphal namespace is not configured for this process. Loading /vendor/lib/hw/gralloc.msm8992.so from the current namespace instead.
11-01 00:15:19.708 25633 25663 I Adreno  : PFP: 0x00000000, ME: 0x00000000
11-01 00:15:19.709 25633 25633 W RecyclerView: No adapter attached; skipping layout
11-01 00:15:19.713 25633 25663 I OpenGLRenderer: Initialized EGL, version 1.4
11-01 00:15:19.713 25633 25663 D OpenGLRenderer: Swap behavior 2
11-01 00:15:19.720 25633 25633 I cr_StartSurfaceConfig: Recorded Startup.Android.FirstDrawCompletedTime.NoInstant = 139 ms
11-01 00:15:19.726 25633 25656 D NetworkSecurityConfig: Using Network Security Config from resource 0_resource_name_obfuscated debugBuild: false
11-01 00:15:19.750   772   791 E BatteryStatsService: no controller energy info supplied
11-01 00:15:20.061   361   361 W /system/bin/hwservicemanager: getTransportFromManifest: Cannot find entry android.hardware.graphics.mapper@2.0::IMapper in either framework or device manifest, using default transport.
11-01 00:15:20.064 25633 25663 I vndksupport: sphal namespace is not configured for this process. Loading /vendor/lib/hw/gralloc.msm8992.so from the current namespace instead.
11-01 00:15:20.103   772   797 I ActivityManager: Displayed com.android.chrome/org.chromium.chrome.browser.firstrun.FirstRunActivity: +563ms (total +1m46s183ms)
11-01 00:15:20.117 17973 18011 I PBSessionCacheImpl: Deleted sessionId[9018924033213] from persistence.
11-01 00:15:20.122  8266  8266 I MemoryTrimmer: Trimming objects from memory, since app is in the background.
11-01 00:15:20.129  8266 25490 V rsC++   : RS Message thread exiting.
11-01 00:15:20.149 17973 17973 I MicroDetector: Keeping mic open: false
11-01 00:15:20.149 17973 19658 I DeviceStateChecker: DeviceStateChecker cancelled
11-01 00:15:20.158 17973 18011 I AudioController: internalShutdown
11-01 00:15:20.158 17973 18011 I MicrophoneInputStream: mic_close com.google.android.apps.gsa.speech.audio.af@eeb0745
11-01 00:15:20.159 17973 18018 I MicroRecognitionRunner: Stopping hotword detection.
11-01 00:15:20.213   556 25493 D audio_hw_primary: disable_audio_route: usecase(9) reset and update mixer path: audio-record
11-01 00:15:20.214   556 25493 D audio_hw_primary: disable_snd_device: snd_device(72: voice-rec-mic)
11-01 00:15:20.218   556 25493 D sound_trigger_platform: platform_stdev_check_and_update_concurrency: concurrency active 0, tx 0, rx 0, concurrency session_allowed 1
11-01 00:15:20.220   556   753 I SoundTriggerHwService::Module: onCallbackEvent no clients
11-01 00:15:20.225 17973 18005 I MicroRecognitionRunner: Detection finished
11-01 00:15:20.464 25633 25656 I cr_VariationsSeedFetch: Fetched first run seed in 740 ms
11-01 00:15:20.513 25673 25673 E /system/bin/webview_zygote32: failed to make and chown /acct/uid_99140: Permission denied
11-01 00:15:20.513 25673 25673 E Zygote  : createProcessGroup(99140, 0) failed: Permission denied
11-01 00:15:20.516   772  2970 I ActivityManager: Start proc 25673:com.android.chrome:sandboxed_process0/u0i140 for webview_service com.android.chrome/org.chromium.content.app.SandboxedProcessService0
11-01 00:15:20.534 25673 25673 I SamplingProfilerIntegration: Profiling disabled.
11-01 00:15:20.554 25686 25686 E asset   : setgid: Operation not permitted
11-01 00:15:20.588 25673 25673 I cr_SplitCompatApp: Launched version=106.0.5249.79 minSdkVersion=24 isBundle=true processName=com.android.chrome:sandboxed_process0 isIsolated=true
11-01 00:15:20.593 25673 25673 W SystemServiceRegistry: No service published for: uimode
11-01 00:15:20.600 25673 25673 I cr_ChildProcessService: Creating new ChildProcessService pid=25673
11-01 00:15:20.606 25673 25673 E WebViewFactory: can't load with relro file; address space not reserved
11-01 00:15:20.711   772   996 I ActivityManager: Start proc 25704:com.android.chrome:privileged_process0/u0a60 for service com.android.chrome/org.chromium.content.app.PrivilegedProcessService0
11-01 00:15:20.755 25704 25704 I cr_SplitCompatApp: Launched version=106.0.5249.79 minSdkVersion=24 isBundle=true processName=com.android.chrome:privileged_process0 isIsolated=false
11-01 00:15:20.765 25704 25704 I cr_ChildProcessService: Creating new ChildProcessService pid=25704
11-01 00:15:20.792 29692 29692 D BoundBrokerSvc: onBind: Intent { act=com.google.android.gms.auth.key.retrieval.service.START dat=chimera-action:com.google.android.gms.auth.key.retrieval.service.START cmp=com.google.android.gms/.chimera.GmsApiService }
11-01 00:15:20.792 29692 29692 D BoundBrokerSvc: Loading bound service for intent: Intent { act=com.google.android.gms.auth.key.retrieval.service.START dat=chimera-action:com.google.android.gms.auth.key.retrieval.service.START cmp=com.google.android.gms/.chimera.GmsApiService }
11-01 00:15:20.793 25633 25633 I cr_SmsProviderGms: construction successfull y93@2a7674f, v93@8db3edc
11-01 00:15:20.818 25704 25719 I cr_LibraryLoader: Successfully loaded native library
11-01 00:15:20.819 25704 25719 I cr_CachingUmaRecorder: Flushed 3 samples from 3 histograms.
11-01 00:15:20.836 25704 25719 I Adreno  : QUALCOMM build                   : 7142022, Ib5823dd10c
11-01 00:15:20.836 25704 25719 I Adreno  : Build Date                       : 06/23/17
11-01 00:15:20.836 25704 25719 I Adreno  : OpenGL ES Shader Compiler Version: EV031.18.00.00
11-01 00:15:20.836 25704 25719 I Adreno  : Local Branch                     : O11A
11-01 00:15:20.836 25704 25719 I Adreno  : Remote Branch                    : 
11-01 00:15:20.836 25704 25719 I Adreno  : Remote Branch                    : 
11-01 00:15:20.836 25704 25719 I Adreno  : Reconstruct Branch               : 
11-01 00:15:20.836 25704 25719 I vndksupport: sphal namespace is not configured for this process. Loading /vendor/lib/hw/gralloc.msm8992.so from the current namespace instead.
11-01 00:15:20.841 25704 25719 I Adreno  : PFP: 0x00000000, ME: 0x00000000
11-01 00:15:20.852 25633 25633 W cr_KnoxSettingsProvider: Permission to read device policy denied.
11-01 00:15:21.943 25730 25730 E /system/bin/webview_zygote32: failed to make and chown /acct/uid_99141: Permission denied
11-01 00:15:21.943 25730 25730 E Zygote  : createProcessGroup(99141, 0) failed: Permission denied
11-01 00:15:21.948   772   784 I ActivityManager: Start proc 25730:com.android.chrome:sandboxed_process1/u0i141 for webview_service com.android.chrome/org.chromium.content.app.SandboxedProcessService1
11-01 00:15:21.961 25730 25730 I SamplingProfilerIntegration: Profiling disabled.
11-01 00:15:21.980 25743 25743 E asset   : setgid: Operation not permitted
11-01 00:15:22.011 25730 25730 I cr_SplitCompatApp: Launched version=106.0.5249.79 minSdkVersion=24 isBundle=true processName=com.android.chrome:sandboxed_process1 isIsolated=true
11-01 00:15:22.018 25730 25730 W SystemServiceRegistry: No service published for: uimode
11-01 00:15:22.029 25730 25730 I cr_ChildProcessService: Creating new ChildProcessService pid=25730
11-01 00:15:22.037 25730 25730 E WebViewFactory: can't load with relro file; address space not reserved
11-01 00:15:22.048 25730 25744 I cr_LibraryLoader: Successfully loaded native library
11-01 00:15:22.049 25730 25744 I cr_CachingUmaRecorder: Flushed 3 samples from 3 histograms.
11-01 00:15:22.079 25730 25744 I chromium: [INFO:child_process_service.cc(69)] ChildProcessService: Exiting child process.
11-01 00:15:22.081   422   422 E lowmemorykiller: Error writing /proc/25730/oom_score_adj; errno=22
11-01 00:15:22.082   772 32228 I ActivityManager: Killing 25730:com.android.chrome:sandboxed_process1/u0a60i141 (adj 0): isolated not needed
11-01 00:15:22.083   772   790 W zygote64: failed to open /acct/uid_99141/pid_25730/cgroup.procs: No such file or directory
11-01 00:15:22.984 25633 25633 E cr_BTSPrefs: No data found for task id: 53
11-01 00:15:22.986 25633 25633 E cr_BkgrdTaskScheduler: Task cannot be canceled because no data was found instorage or data was invalid
11-01 00:15:25.196 17973 18005 I EventLogSendingHelper: Sending log events.
11-01 00:15:25.955 25771 25771 D AndroidRuntime: >>>>>> START com.android.internal.os.RuntimeInit uid 2000 <<<<<<
11-01 00:15:26.102 25771 25771 D AndroidRuntime: Calling main entry com.android.commands.input.Input
11-01 00:15:26.120 25771 25771 I Input   : injectMotionEvent: MotionEvent { action=ACTION_DOWN, actionButton=0, id[0]=0, x[0]=540.0, y[0]=1660.0, toolType[0]=TOOL_TYPE_UNKNOWN, buttonState=0, metaState=0, flags=0x0, edgeFlags=0x0, pointerCount=1, historySize=0, eventTime=576624374, downTime=576624374, deviceId=8, source=0x1002 }
11-01 00:15:26.127 25771 25771 I Input   : injectMotionEvent: MotionEvent { action=ACTION_UP, actionButton=0, id[0]=0, x[0]=540.0, y[0]=1660.0, toolType[0]=TOOL_TYPE_UNKNOWN, buttonState=0, metaState=0, flags=0x0, edgeFlags=0x0, pointerCount=1, historySize=0, eventTime=576624374, downTime=576624374, deviceId=8, source=0x1002 }
11-01 00:15:26.131 25771 25771 D AndroidRuntime: Shutting down VM
11-01 00:15:26.162   556  6498 D audio_hw_primary: enable_snd_device: snd_device(88: vi-feedback)
11-01 00:15:26.162   556  6498 D audio_hw_primary: enable_audio_route: usecase(23) apply and update mixer path: spkr-vi-record
11-01 00:15:26.189   556  6498 D audio_hw_primary: enable_audio_route: usecase(1) apply and update mixer path: low-latency-playback
11-01 00:15:26.715   556   731 D audio_hw_primary: disable_audio_route: usecase(1) reset and update mixer path: low-latency-playback
11-01 00:15:26.729   556   731 D audio_hw_primary: disable_snd_device: snd_device(88: vi-feedback)
11-01 00:15:26.729   556   731 D audio_hw_primary: disable_audio_route: usecase(23) reset and update mixer path: spkr-vi-record
11-01 00:15:27.558 25786 25786 D AndroidRuntime: >>>>>> START com.android.internal.os.RuntimeInit uid 2000 <<<<<<
11-01 00:15:27.682 25786 25786 D AndroidRuntime: Calling main entry com.android.commands.input.Input
11-01 00:15:27.687 25786 25786 I Input   : injectMotionEvent: MotionEvent { action=ACTION_DOWN, actionButton=0, id[0]=0, x[0]=180.0, y[0]=1690.0, toolType[0]=TOOL_TYPE_UNKNOWN, buttonState=0, metaState=0, flags=0x0, edgeFlags=0x0, pointerCount=1, historySize=0, eventTime=576625951, downTime=576625951, deviceId=8, source=0x1002 }
11-01 00:15:27.691 25786 25786 I Input   : injectMotionEvent: MotionEvent { action=ACTION_UP, actionButton=0, id[0]=0, x[0]=180.0, y[0]=1690.0, toolType[0]=TOOL_TYPE_UNKNOWN, buttonState=0, metaState=0, flags=0x0, edgeFlags=0x0, pointerCount=1, historySize=0, eventTime=576625951, downTime=576625951, deviceId=8, source=0x1002 }
11-01 00:15:27.693 25786 25786 D AndroidRuntime: Shutting down VM
11-01 00:15:27.712   556  6498 D audio_hw_primary: enable_snd_device: snd_device(88: vi-feedback)
11-01 00:15:27.712   556  6498 D audio_hw_primary: enable_audio_route: usecase(23) apply and update mixer path: spkr-vi-record
11-01 00:15:27.725   772 20193 I ActivityManager: START u0 {act=android.intent.action.VIEW flg=0x10008000 cmp=com.android.chrome/com.google.android.apps.chrome.Main (has extras)} from uid 10060
11-01 00:15:27.729   772   830 E ResourceType: Style contains key with bad entry: 0x0101062c
11-01 00:15:27.731   772   830 E ResourceType: Style contains key with bad entry: 0x0101062c
11-01 00:15:27.738   556  6498 D audio_hw_primary: enable_audio_route: usecase(1) apply and update mixer path: low-latency-playback
11-01 00:15:27.754 25633 25633 E ResourceType: Style contains key with bad entry: 0x0101062c
11-01 00:15:27.758 25633 25633 E ResourceType: Style contains key with bad entry: 0x0101062c
11-01 00:15:27.789 25633 25633 W ResourceType: Failure getting entry for 0x7f010055 (t=0 e=85) (error -75)
11-01 00:15:27.797 25633 25633 I cr_CompositorSurfaceMgr: Transitioning to surface with format: -1
11-01 00:15:27.801 25633 25633 W ResourceType: Failure getting entry for 0x7f010530 (t=0 e=1328) (error -75)
11-01 00:15:27.853 25633 25699 W cr_tabmodel: Starting to perform legacy migration.
11-01 00:15:27.854 25633 25699 W cr_tabmodel: Finished performing legacy migration.
11-01 00:15:27.854 25633 25699 W cr_tabmodel: Starting to perform multi-instance migration.
11-01 00:15:27.854 25633 25699 W cr_tabmodel: Finished performing multi-instance migration.
11-01 00:15:27.854 25633 25699 I cr_tabmodel: Starting to fetch tab list for tab_state0
11-01 00:15:27.855 25633 25699 I cr_tabmodel: State file does not exist.
11-01 00:15:27.855 25633 25699 I cr_tabmodel: Starting to fetch tab list for tab_state1
11-01 00:15:27.855 25633 25699 I cr_tabmodel: State file does not exist.
11-01 00:15:27.892   772   785 W ActivityManager: Duplicate finish request for ActivityRecord{4213b71 u0 com.android.chrome/org.chromium.chrome.browser.firstrun.FirstRunActivity t978 f}
11-01 00:15:27.895 25633 25699 W cr_PartnerCustomize: Partner homepage must be HTTP(S) or NewTabPage. Got invalid URL "org.chromium.url.GURL@0"
11-01 00:15:27.934 25633 25633 I cr_StartSurfaceConfig: Recorded Startup.Android.FirstDrawCompletedTime.NoInstant = 162 ms
11-01 00:15:27.937 25633 25663 D OpenGLRenderer: endAllActiveAnimators on 0xc6752d00 (RippleDrawable) with handle 0xcaa3c2b0
11-01 00:15:27.941 25633 25633 I cr_CompositorSurfaceMgr: Transitioning to surface with format: -1
11-01 00:15:27.943 25633 25633 I cr_CompositorSurfaceMgr: surfaceCreated format: 0
11-01 00:15:27.956 25633 25633 I cr_ChromeTabbedActivity: #initializeState
11-01 00:15:27.956 25633 25633 I cr_CipherFactory: #restoreFromBundle, no savedInstanceState.
11-01 00:15:27.956 25633 25633 I cr_tabmodel: #loadState, ignoreIncognitoFiles? true
11-01 00:15:27.968 25633 25633 I cr_tabmodel: Loaded tab lists; counts: 0,0
11-01 00:15:27.968 25633 25633 I cr_ChromeTabbedActivity: #createInitialTab executed.
11-01 00:15:27.986 25633 25633 E ResourceType: Style contains key with bad entry: 0x0101062c
11-01 00:15:28.025 25633 25633 W ResourceType: Failure getting entry for 0x7f010565 (t=0 e=1381) (error -75)
11-01 00:15:28.034 25633 25633 W ResourceType: Failure getting entry for 0x7f010551 (t=0 e=1361) (error -75)
11-01 00:15:28.043   772 20193 E BatteryStatsService: no controller energy info supplied
11-01 00:15:28.043   772 20193 E BatteryStatsService: no controller energy info supplied
11-01 00:15:28.063   772   788 W ProcessCpuTracker: Skipping unknown process pid 25821
11-01 00:15:28.110 25633 25633 W ResourceType: Failure getting entry for 0x7f01059a (t=0 e=1434) (error -75)
11-01 00:15:28.134   772  4539 W AppOps  : Bad call: specified package com.google.android.gms under uid 10060 but it is really 10020
11-01 00:15:28.134   772  4539 W AppOps  : java.lang.RuntimeException: here
11-01 00:15:28.134   772  4539 W AppOps  : 	at com.android.server.AppOpsService.getOpsRawLocked(AppOpsService.java:1319)
11-01 00:15:28.134   772  4539 W AppOps  : 	at com.android.server.AppOpsService.checkPackage(AppOpsService.java:1038)
11-01 00:15:28.134   772  4539 W AppOps  : 	at com.android.internal.app.IAppOpsService$Stub.onTransact(IAppOpsService.java:169)
11-01 00:15:28.134   772  4539 W AppOps  : 	at android.os.Binder.execTransact(Binder.java:674)
11-01 00:15:28.135   772  2969 W AppOps  : Bad call: specified package com.google.android.gms under uid 10060 but it is really 10020
11-01 00:15:28.135   772  2969 W AppOps  : java.lang.RuntimeException: here
11-01 00:15:28.135   772  2969 W AppOps  : 	at com.android.server.AppOpsService.getOpsRawLocked(AppOpsService.java:1319)
11-01 00:15:28.135   772  2969 W AppOps  : 	at com.android.server.AppOpsService.checkPackage(AppOpsService.java:1038)
11-01 00:15:28.135   772  2969 W AppOps  : 	at com.android.internal.app.IAppOpsService$Stub.onTransact(IAppOpsService.java:169)
11-01 00:15:28.135   772  2969 W AppOps  : 	at android.os.Binder.execTransact(Binder.java:674)
11-01 00:15:28.136   772  2970 W AppOps  : Bad call: specified package com.google.android.gms under uid 10060 but it is really 10020
11-01 00:15:28.136   772  2970 W AppOps  : java.lang.RuntimeException: here
11-01 00:15:28.136   772  2970 W AppOps  : 	at com.android.server.AppOpsService.getOpsRawLocked(AppOpsService.java:1319)
11-01 00:15:28.136   772  2970 W AppOps  : 	at com.android.server.AppOpsService.checkPackage(AppOpsService.java:1038)
11-01 00:15:28.136   772  2970 W AppOps  : 	at com.android.internal.app.IAppOpsService$Stub.onTransact(IAppOpsService.java:169)
11-01 00:15:28.136   772  2970 W AppOps  : 	at android.os.Binder.execTransact(Binder.java:674)
11-01 00:15:28.137   772 13022 W AppOps  : Bad call: specified package com.google.android.gms under uid 10060 but it is really 10020
11-01 00:15:28.137   772 13022 W AppOps  : java.lang.RuntimeException: here
11-01 00:15:28.137   772 13022 W AppOps  : 	at com.android.server.AppOpsService.getOpsRawLocked(AppOpsService.java:1319)
11-01 00:15:28.137   772 13022 W AppOps  : 	at com.android.server.AppOpsService.checkPackage(AppOpsService.java:1038)
11-01 00:15:28.137   772 13022 W AppOps  : 	at com.android.internal.app.IAppOpsService$Stub.onTransact(IAppOpsService.java:169)
11-01 00:15:28.137   772 13022 W AppOps  : 	at android.os.Binder.execTransact(Binder.java:674)
11-01 00:15:28.156 25673 25689 I cr_LibraryLoader: Successfully loaded native library
11-01 00:15:28.157 25673 25689 I cr_CachingUmaRecorder: Flushed 3 samples from 3 histograms.
11-01 00:15:28.161 25633 25633 E cr_IntentUtils: getBooleanExtra failed on intent null
11-01 00:15:28.161 25633 25633 E cr_IntentUtils: getBooleanExtra failed on intent null
11-01 00:15:28.193 29486 29497 I FontLog : Received query name=Google Sans&weight=700&besteffort=false, URI content://com.google.android.gms.fonts [CONTEXT service_id=132 ]
11-01 00:15:28.194 29486 29497 I FontLog : Query [name=Google Sans&weight=700&besteffort=false] resolved to {Google Sans, wdth 100.0, wght 700, ital 0.0, bestEffort false} [CONTEXT service_id=132 ]
11-01 00:15:28.196 29486 29497 I FontLog : Fetch {Google Sans, wdth 100.0, wght 700, ital 0.0, bestEffort false} end status Status{statusCode=SUCCESS, resolution=null} [CONTEXT service_id=132 ]
11-01 00:15:28.198 25633 25633 W ResourceType: Failure getting entry for 0x7f010888 (t=0 e=2184) (error -75)
11-01 00:15:28.203 29486 17541 I FontLog : Pulling font file for id = 1057, cache size = 6 [CONTEXT service_id=132 ]
11-01 00:15:28.206 25633 25633 W ResourceType: Failure getting entry for 0x7f010888 (t=0 e=2184) (error -75)
11-01 00:15:28.209 25633 25633 I chatty  : uid=10060(u0_a60) identical 1 line
11-01 00:15:28.211 25633 25633 W ResourceType: Failure getting entry for 0x7f010888 (t=0 e=2184) (error -75)
11-01 00:15:28.211 29486 30686 I FontLog : Received query name=Noto Color Emoji Compat&weight=400&besteffort=false, URI content://com.google.android.gms.fonts [CONTEXT service_id=132 ]
11-01 00:15:28.211 29486 30686 I FontLog : Query [name=Noto Color Emoji Compat&weight=400&besteffort=false] resolved to {Noto Color Emoji Compat, wdth 100.0, wght 400, ital 0.0, bestEffort false} [CONTEXT service_id=132 ]
11-01 00:15:28.212 25633 25633 W ResourceType: Failure getting entry for 0x7f010888 (t=0 e=2184) (error -75)
11-01 00:15:28.213 25633 25633 W ResourceType: Failure getting entry for 0x7f010888 (t=0 e=2184) (error -75)
11-01 00:15:28.213 29486 30686 I FontLog : Fetch {Noto Color Emoji Compat, wdth 100.0, wght 400, ital 0.0, bestEffort false} end status Status{statusCode=SUCCESS, resolution=null} [CONTEXT service_id=132 ]
11-01 00:15:28.214 25633 25633 W ResourceType: Failure getting entry for 0x7f010888 (t=0 e=2184) (error -75)
11-01 00:15:28.216 25633 25633 W ResourceType: Failure getting entry for 0x7f010888 (t=0 e=2184) (error -75)
11-01 00:15:28.217 25633 25633 I cr_TopSites: Start a new task.
11-01 00:15:28.217 29486 29651 I FontLog : Pulling font file for id = 1058, cache size = 7 [CONTEXT service_id=132 ]
11-01 00:15:28.221 25633 25701 I cr_TopSites: Serializing top sites lists finished; count: 8
11-01 00:15:28.222 29486 29650 I FontLog : Received query name=Google Sans&weight=400&besteffort=false, URI content://com.google.android.gms.fonts [CONTEXT service_id=132 ]
11-01 00:15:28.222 29486 29650 I FontLog : Query [name=Google Sans&weight=400&besteffort=false] resolved to {Google Sans, wdth 100.0, wght 400, ital 0.0, bestEffort false} [CONTEXT service_id=132 ]
11-01 00:15:28.225 29486 29650 I FontLog : Font PFD returned from cache for {Google Sans, wdth 100.0, wght 400, ital 0.0, bestEffort false} [CONTEXT service_id=132 ]
11-01 00:15:28.225 29486 29650 I FontLog : Fetch {Google Sans, wdth 100.0, wght 400, ital 0.0, bestEffort false} end status Status{statusCode=SUCCESS, resolution=null} [CONTEXT service_id=132 ]
11-01 00:15:28.230 29486 29498 I FontLog : Pulling font file for id = 1059, cache size = 6 [CONTEXT service_id=132 ]
11-01 00:15:28.233 25633 25701 I cr_TopSites: Finished saving top sites list to file:/data/user/0/com.android.chrome/app_top_sites/top_sites
11-01 00:15:28.240   361   361 W /system/bin/hwservicemanager: getTransportFromManifest: Cannot find entry android.hardware.graphics.mapper@2.0::IMapper in either framework or device manifest, using default transport.
11-01 00:15:28.241 29486 29497 I FontLog : Received query name=Google Sans&weight=500&besteffort=false, URI content://com.google.android.gms.fonts [CONTEXT service_id=132 ]
11-01 00:15:28.241 29486 29497 I FontLog : Query [name=Google Sans&weight=500&besteffort=false] resolved to {Google Sans, wdth 100.0, wght 500, ital 0.0, bestEffort false} [CONTEXT service_id=132 ]
11-01 00:15:28.243 25704 25719 I vndksupport: sphal namespace is not configured for this process. Loading /vendor/lib/hw/gralloc.msm8992.so from the current namespace instead.
11-01 00:15:28.245 29486 29497 I FontLog : Font PFD returned from cache for {Google Sans, wdth 100.0, wght 500, ital 0.0, bestEffort false} [CONTEXT service_id=132 ]
11-01 00:15:28.245 29486 29497 I FontLog : Fetch {Google Sans, wdth 100.0, wght 500, ital 0.0, bestEffort false} end status Status{statusCode=SUCCESS, resolution=null} [CONTEXT service_id=132 ]
11-01 00:15:28.255   772 13071 I ActivityManager: Start proc 25845:com.android.chrome:sandboxed_process2/u0i142 for webview_service com.android.chrome/org.chromium.content.app.SandboxedProcessService2
11-01 00:15:28.255 25845 25845 E /system/bin/webview_zygote32: failed to make and chown /acct/uid_99142: Permission denied
11-01 00:15:28.255 25845 25845 E Zygote  : createProcessGroup(99142, 0) failed: Permission denied
11-01 00:15:28.263   556   731 D audio_hw_primary: disable_audio_route: usecase(1) reset and update mixer path: low-latency-playback
11-01 00:15:28.265 29486 30686 I FontLog : Pulling font file for id = 1060, cache size = 7 [CONTEXT service_id=132 ]
11-01 00:15:28.269 29486  6066 I SQLiteConnectionPool: The connection pool for /data/user/0/com.google.android.gms/databases/metadata.db has been closed but there are still 1 connections in use.  They will be closed as they are released back to the pool.
11-01 00:15:28.276   556   731 D audio_hw_primary: disable_snd_device: snd_device(88: vi-feedback)
11-01 00:15:28.276   556   731 D audio_hw_primary: disable_audio_route: usecase(23) reset and update mixer path: spkr-vi-record
11-01 00:15:28.285 29486 25843 W FontLog : Error updating last accessed time for {Google Sans, wdth 100.0, wght 500, ital 0.0, bestEffort false}. [CONTEXT service_id=132 ]
11-01 00:15:28.285 29486 25843 W FontLog : java.lang.IllegalStateException: Cannot perform this operation because the connection pool has been closed.
11-01 00:15:28.285 29486 25843 W FontLog : 	at android.database.sqlite.SQLiteConnectionPool.throwIfClosedLocked(SQLiteConnectionPool.java:962)
11-01 00:15:28.285 29486 25843 W FontLog : 	at android.database.sqlite.SQLiteConnectionPool.waitForConnection(SQLiteConnectionPool.java:677)
11-01 00:15:28.285 29486 25843 W FontLog : 	at android.database.sqlite.SQLiteConnectionPool.acquireConnection(SQLiteConnectionPool.java:348)
11-01 00:15:28.285 29486 25843 W FontLog : 	at android.database.sqlite.SQLiteSession.acquireConnection(SQLiteSession.java:894)
11-01 00:15:28.285 29486 25843 W FontLog : 	at android.database.sqlite.SQLiteSession.executeForChangedRowCount(SQLiteSession.java:752)
11-01 00:15:28.285 29486 25843 W FontLog : 	at android.database.sqlite.SQLiteStatement.executeUpdateDelete(SQLiteStatement.java:64)
11-01 00:15:28.285 29486 25843 W FontLog : 	at android.database.sqlite.SQLiteDatabase.executeSql(SQLiteDatabase.java:1679)
11-01 00:15:28.285 29486 25843 W FontLog : 	at android.database.sqlite.SQLiteDatabase.execSQL(SQLiteDatabase.java:1658)
11-01 00:15:28.285 29486 25843 W FontLog : 	at aksk.run(:com.google.android.gms@223616019@22.36.16 (040400-476895098):5)
11-01 00:15:28.285 29486 25843 W FontLog : 	at aarl.c(:com.google.android.gms@223616019@22.36.16 (040400-476895098):6)
11-01 00:15:28.285 29486 25843 W FontLog : 	at aarl.run(:com.google.android.gms@223616019@22.36.16 (040400-476895098):7)
11-01 00:15:28.285 29486 25843 W FontLog : 	at java.util.concurrent.ThreadPoolExecutor.runWorker(ThreadPoolExecutor.java:1162)
11-01 00:15:28.285 29486 25843 W FontLog : 	at java.util.concurrent.ThreadPoolExecutor$Worker.run(ThreadPoolExecutor.java:636)
11-01 00:15:28.285 29486 25843 W FontLog : 	at aaws.run(:com.google.android.gms@223616019@22.36.16 (040400-476895098):0)
11-01 00:15:28.285 29486 25843 W FontLog : 	at java.lang.Thread.run(Thread.java:764)
11-01 00:15:28.285 25845 25845 I SamplingProfilerIntegration: Profiling disabled.
11-01 00:15:28.304 25860 25860 E asset   : setgid: Operation not permitted
11-01 00:15:28.305 25633 25633 W ResourceType: Failure getting entry for 0x7f010216 (t=0 e=534) (error -75)
11-01 00:15:28.306 25633 25633 W ResourceType: Failure getting entry for 0x7f0107c9 (t=0 e=1993) (error -75)
11-01 00:15:28.321 25633 25633 W ResourceType: Failure getting entry for 0x7f010827 (t=0 e=2087) (error -75)
11-01 00:15:28.331 25845 25845 I cr_SplitCompatApp: Launched version=106.0.5249.79 minSdkVersion=24 isBundle=true processName=com.android.chrome:sandboxed_process2 isIsolated=true
11-01 00:15:28.337 25845 25845 W SystemServiceRegistry: No service published for: uimode
11-01 00:15:28.337 25633 25633 I cr_OfflineIndicator: onConnectionTypeChanged 2
11-01 00:15:28.338 25633 25633 I cr_OfflineIndicator: Reported by system: [ Transports: WIFI Capabilities: NOT_METERED&INTERNET&NOT_RESTRICTED&TRUSTED&NOT_VPN&VALIDATED&FOREGROUND LinkUpBandwidth>=1048576Kbps LinkDnBandwidth>=1048576Kbps SignalStrength: -66]
11-01 00:15:28.338 25633 25633 I cr_OfflineIndicator: setConnectionState connectionState=4
11-01 00:15:28.338 25633 25633 I cr_OfflineDetector: Running updateState mConnectivityDetectorInitialized: true, mTimeWhenLastForegrounded: 1134182503, getElapsedTime: 1134182504, mTimeWhenLastOfflineNotificationReceived: 0, mTimeWhenLastOnline: 1134182504, mApplicationState: 1, mIsOfflineLastReportedByConnectivityDetector: false, mIsEffectivelyOffline: false
11-01 00:15:28.338 25633 25633 I cr_OfflineDetector: updateState(): timeSinceLastForeground: 1, timeSinceOfflineNotificationReceived: 1134182504, timeSinceLastOnline: 0, timeNeededForForeground: 1999, timeNeededForOffline: -1134180504
11-01 00:15:28.338 25633 25633 I cr_OfflineIndicator: processConnectivityCheckResult mConnectionState=4 mConnectivityCheckingStage=1
11-01 00:15:28.349 25845 25845 I cr_ChildProcessService: Creating new ChildProcessService pid=25845
11-01 00:15:28.359 25845 25845 E WebViewFactory: can't load with relro file; address space not reserved
11-01 00:15:28.367 25845 25862 I cr_LibraryLoader: Successfully loaded native library
11-01 00:15:28.368 25845 25862 I cr_CachingUmaRecorder: Flushed 3 samples from 3 histograms.
11-01 00:15:28.382 25633 25633 W ResourceType: Failure getting entry for 0x7f010415 (t=0 e=1045) (error -75)
11-01 00:15:28.425 25633 25633 I cr_tabmodel: Appending tabs being restored to metadata lists, 0, startingNormalCount: 1, startingIncognitoCount: 0
11-01 00:15:28.425 25633 25633 I cr_tabmodel: Serializing tab lists; counts: 1, 0
11-01 00:15:28.544 25633 25701 I cr_VrCoreVersionChecker: Unable to find VrCore.
11-01 00:15:28.547 25633 25633 W ResourceType: Failure getting entry for 0x7f0100f9 (t=0 e=249) (error -75)
11-01 00:15:28.549 25633 25633 W ResourceType: Failure getting entry for 0x7f010828 (t=0 e=2088) (error -75)
11-01 00:15:28.558 25633 25633 W ResourceType: Failure getting entry for 0x7f010827 (t=0 e=2087) (error -75)
11-01 00:15:28.589 25633 25633 I Choreographer: Skipped 38 frames!  The application may be doing too much work on its main thread.
11-01 00:15:28.613 25633 25633 W StaticLayout: maxLineHeight should not be -1.  maxLines:1 lineCount:1
11-01 00:15:28.704   772   797 I ActivityManager: Displayed com.android.chrome/com.google.android.apps.chrome.Main: +959ms
11-01 00:15:28.784 25633 25671 I cr_BindingManager: Moderate binding enabled: maxSize=40
11-01 00:15:28.789 25633 25693 W cr_CrashFileManager: /data/user/0/com.android.chrome/cache/Crash Reports does not exist or is not a directory
11-01 00:15:28.789 25633 25693 I chatty  : uid=10060(u0_a60) identical 1 line
11-01 00:15:28.789 25633 25693 W cr_CrashFileManager: /data/user/0/com.android.chrome/cache/Crash Reports does not exist or is not a directory
11-01 00:15:28.821   772  2969 W AppOps  : Bad call: specified package com.google.android.gms under uid 10045 but it is really 10020
11-01 00:15:28.821   772  2969 W AppOps  : java.lang.RuntimeException: here
11-01 00:15:28.821   772  2969 W AppOps  : 	at com.android.server.AppOpsService.getOpsRawLocked(AppOpsService.java:1319)
11-01 00:15:28.821   772  2969 W AppOps  : 	at com.android.server.AppOpsService.checkPackage(AppOpsService.java:1038)
11-01 00:15:28.821   772  2969 W AppOps  : 	at com.android.internal.app.IAppOpsService$Stub.onTransact(IAppOpsService.java:169)
11-01 00:15:28.821   772  2969 W AppOps  : 	at android.os.Binder.execTransact(Binder.java:674)
11-01 00:15:28.875   772   785 W AppOps  : Bad call: specified package com.google.android.gms under uid 10045 but it is really 10020
11-01 00:15:28.875   772   785 W AppOps  : java.lang.RuntimeException: here
11-01 00:15:28.875   772   785 W AppOps  : 	at com.android.server.AppOpsService.getOpsRawLocked(AppOpsService.java:1319)
11-01 00:15:28.875   772   785 W AppOps  : 	at com.android.server.AppOpsService.checkPackage(AppOpsService.java:1038)
11-01 00:15:28.875   772   785 W AppOps  : 	at com.android.internal.app.IAppOpsService$Stub.onTransact(IAppOpsService.java:169)
11-01 00:15:28.875   772   785 W AppOps  : 	at android.os.Binder.execTransact(Binder.java:674)
11-01 00:15:29.118 17973 17973 E WorkerRegistryImpl: getWorker() is called after WorkerRegistry disposal.
11-01 00:15:29.118 17973 17973 E WorkerRegistryImpl: getWorker() is called after WorkerRegistry disposal.
11-01 00:15:29.125 17973 17973 I MemoryTrimmer: Trimming objects from memory, since app is in the background.
11-01 00:15:29.265   772  2970 I ActivityManager: START u0 {act=android.intent.action.VIEW dat=http://192.168.178.178:5500/... flg=0x10000000 cmp=com.android.chrome/com.google.android.apps.chrome.Main} from uid 2000
11-01 00:15:29.306 25633 25633 E cr_IntentUtils: getInt failed on bundle null
11-01 00:15:29.308 25633 25633 E ResourceType: Style contains key with bad entry: 0x0101062c
11-01 00:15:29.328 25633 25633 I cr_tabmodel: Appending tabs being restored to metadata lists, 0, startingNormalCount: 2, startingIncognitoCount: 0
11-01 00:15:29.328 25633 25633 I cr_tabmodel: Serializing tab lists; counts: 2, 0
11-01 00:15:29.329   772  3037 I ActivityManager: Start proc 25909:com.android.chrome:sandboxed_process3/u0i143 for webview_service com.android.chrome/org.chromium.content.app.SandboxedProcessService3
11-01 00:15:29.335 25909 25909 E /system/bin/webview_zygote32: failed to make and chown /acct/uid_99143: Permission denied
11-01 00:15:29.335 25909 25909 E Zygote  : createProcessGroup(99143, 0) failed: Permission denied
11-01 00:15:29.360 25909 25909 I SamplingProfilerIntegration: Profiling disabled.
11-01 00:15:29.365 25633 25633 I cr_OfflineDetector: Running updateState mConnectivityDetectorInitialized: true, mTimeWhenLastForegrounded: 1134183531, getElapsedTime: 1134183531, mTimeWhenLastOfflineNotificationReceived: 0, mTimeWhenLastOnline: 1134182504, mApplicationState: 1, mIsOfflineLastReportedByConnectivityDetector: false, mIsEffectivelyOffline: false
11-01 00:15:29.365 25633 25633 I cr_OfflineDetector: updateState(): timeSinceLastForeground: 0, timeSinceOfflineNotificationReceived: 1134183531, timeSinceLastOnline: 1027, timeNeededForForeground: 2000, timeNeededForOffline: -1134181531
11-01 00:15:29.376 25923 25923 E asset   : setgid: Operation not permitted
11-01 00:15:29.400 25633 25633 W ResourceType: Failure getting entry for 0x7f010216 (t=0 e=534) (error -75)
11-01 00:15:29.401 25633 25633 W ResourceType: Failure getting entry for 0x7f0107c9 (t=0 e=1993) (error -75)
11-01 00:15:29.426 25909 25909 I cr_SplitCompatApp: Launched version=106.0.5249.79 minSdkVersion=24 isBundle=true processName=com.android.chrome:sandboxed_process3 isIsolated=true
11-01 00:15:29.431 25909 25909 W SystemServiceRegistry: No service published for: uimode
11-01 00:15:29.438 25909 25909 I cr_ChildProcessService: Creating new ChildProcessService pid=25909
11-01 00:15:29.446 25909 25909 E WebViewFactory: can't load with relro file; address space not reserved
11-01 00:15:29.462 25909 25928 I cr_LibraryLoader: Successfully loaded native library
11-01 00:15:29.464 25909 25928 I cr_CachingUmaRecorder: Flushed 3 samples from 3 histograms.
11-01 00:15:29.725 25704 25716 I vndksupport: sphal namespace is not configured for this process. Loading libutils.so from the current namespace instead.
11-01 00:15:29.725 25633 25668 I vndksupport: sphal namespace is not configured for this process. Loading libutils.so from the current namespace instead.
11-01 00:15:29.726 25673 25685 I vndksupport: sphal namespace is not configured for this process. Loading libutils.so from the current namespace instead.
11-01 00:15:29.726 25845 25858 I vndksupport: sphal namespace is not configured for this process. Loading libutils.so from the current namespace instead.
11-01 00:15:29.726 25909 25926 I vndksupport: sphal namespace is not configured for this process. Loading libutils.so from the current namespace instead.
11-01 00:15:29.732   556  6508 E Parcel  : Reading a NULL string not supported here.
11-01 00:15:29.732   556  6508 W Parcel  : **** enforceInterface() expected 'IAAudioService' but read ''
11-01 00:15:29.733   360   360 E SELinux : avc:  denied  { find } for service=android.service.gatekeeper.IGateKeeperService pid=25927 uid=2000 scontext=u:r:shell:s0 tcontext=u:object_r:gatekeeper_service:s0 tclass=service_manager
11-01 00:15:29.734   360   360 E SELinux : avc:  denied  { find } for service=netd pid=25927 uid=2000 scontext=u:r:shell:s0 tcontext=u:object_r:netd_service:s0 tclass=service_manager
11-01 00:15:29.739 25927 25927 W atrace  : type=1400 audit(0.0:20015): avc: denied { call } for scontext=u:r:shell:s0 tcontext=u:r:wificond:s0 tclass=binder permissive=0
11-01 00:15:29.741   360   360 E SELinux : avc:  denied  { find } for service=installd pid=25927 uid=2000 scontext=u:r:shell:s0 tcontext=u:object_r:installd_service:s0 tclass=service_manager
11-01 00:15:29.745   361   361 E SELinux : avc:  denied  { find } for interface=android.frameworks.displayservice::IDisplayService pid=25927 scontext=u:r:shell:s0 tcontext=u:object_r:fwk_display_hwservice:s0 tclass=hwservice_manager
11-01 00:15:29.746   361   361 E SELinux : avc:  denied  { find } for interface=android.frameworks.schedulerservice::ISchedulingPolicyService pid=25927 scontext=u:r:shell:s0 tcontext=u:object_r:fwk_scheduler_hwservice:s0 tclass=hwservice_manager
11-01 00:15:29.746   361   361 E SELinux : avc:  denied  { find } for interface=android.frameworks.sensorservice::ISensorManager pid=25927 scontext=u:r:shell:s0 tcontext=u:object_r:fwk_sensor_hwservice:s0 tclass=hwservice_manager
11-01 00:15:29.747   361   361 E SELinux : avc:  denied  { find } for interface=android.hardware.biometrics.fingerprint::IBiometricsFingerprint pid=25927 scontext=u:r:shell:s0 tcontext=u:object_r:hal_fingerprint_hwservice:s0 tclass=hwservice_manager
11-01 00:15:29.749   361   361 E SELinux : avc:  denied  { find } for interface=android.hardware.dumpstate::IDumpstateDevice pid=25927 scontext=u:r:shell:s0 tcontext=u:object_r:hal_dumpstate_hwservice:s0 tclass=hwservice_manager
11-01 00:15:29.750   361   361 E SELinux : avc:  denied  { find } for interface=android.hardware.radio.deprecated::IOemHook pid=25927 scontext=u:r:shell:s0 tcontext=u:object_r:hal_telephony_hwservice:s0 tclass=hwservice_manager
11-01 00:15:29.750   361   361 E SELinux : avc:  denied  { find } for interface=android.hardware.radio::IRadio pid=25927 scontext=u:r:shell:s0 tcontext=u:object_r:hal_telephony_hwservice:s0 tclass=hwservice_manager
11-01 00:15:29.751   361   361 E SELinux : avc:  denied  { find } for interface=android.hardware.radio::ISap pid=25927 scontext=u:r:shell:s0 tcontext=u:object_r:hal_telephony_hwservice:s0 tclass=hwservice_manager
11-01 00:15:29.751   361   361 E SELinux : avc:  denied  { find } for interface=android.hardware.usb::IUsb pid=25927 scontext=u:r:shell:s0 tcontext=u:object_r:hal_usb_hwservice:s0 tclass=hwservice_manager
11-01 00:15:29.752   361   361 E SELinux : avc:  denied  { find } for interface=android.hardware.wifi.supplicant::ISupplicant pid=25927 scontext=u:r:shell:s0 tcontext=u:object_r:hal_wifi_supplicant_hwservice:s0 tclass=hwservice_manager
11-01 00:15:29.753   361   361 E SELinux : avc:  denied  { find } for interface=android.hardware.wifi::IWifi pid=25927 scontext=u:r:shell:s0 tcontext=u:object_r:hal_wifi_hwservice:s0 tclass=hwservice_manager
11-01 00:15:29.754   361   361 E SELinux : avc:  denied  { find } for interface=android.hidl.base::IBase pid=25927 scontext=u:r:shell:s0 tcontext=u:object_r:hidl_base_hwservice:s0 tclass=hwservice_manager
11-01 00:15:29.754   361   361 I chatty  : uid=1000(system) hwservicemanage identical 1 line
11-01 00:15:29.754   361   361 E SELinux : avc:  denied  { find } for interface=android.hidl.base::IBase pid=25927 scontext=u:r:shell:s0 tcontext=u:object_r:hidl_base_hwservice:s0 tclass=hwservice_manager
11-01 00:15:29.755   361   361 E SELinux : avc:  denied  { find } for interface=android.system.wifi.keystore::IKeystore pid=25927 scontext=u:r:shell:s0 tcontext=u:object_r:system_wifi_keystore_hwservice:s0 tclass=hwservice_manager
