11-01 00:15:33.694 24678 24689 W TTS     : Local voice not installed, we will not be able to do local fallback
11-01 00:15:33.695 24678 24690 I TTS     : Couldn't read preferred locale from settings.
11-01 00:15:33.695 24678 24690 W TTS     : Local voice not installed, we will not be able to do local fallback
11-01 00:15:33.695 24678 24711 I TTS     : Couldn't read preferred locale from settings.
11-01 00:15:33.695 24678 24711 W TTS     : Local voice not installed, we will not be able to do local fallback
11-01 00:15:33.695 24678 24705 I TTS     : Couldn't read preferred locale from settings.
11-01 00:15:33.695 24678 24705 W TTS     : Local voice not installed, we will not be able to do local fallback
11-01 00:15:33.695 24678 24712 I TTS     : Couldn't read preferred locale from settings.
11-01 00:15:33.695 24678 24712 W TTS     : Local voice not installed, we will not be able to do local fallback
11-01 00:15:33.696 24678 24689 I TTS     : Couldn't read preferred locale from settings.
11-01 00:15:33.696 24678 24689 W TTS     : Local voice not installed, we will not be able to do local fallback
11-01 00:15:33.696 24678 24690 I TTS     : Couldn't read preferred locale from settings.
11-01 00:15:33.696 24678 24690 W TTS     : Local voice not installed, we will not be able to do local fallback
11-01 00:15:33.696 24678 24711 I TTS     : Couldn't read preferred locale from settings.
11-01 00:15:33.696 24678 24711 W TTS     : No local or network voice found, failing dispatch
11-01 00:15:33.696 24678 24711 W TTS     : Could not find voice for te
11-01 00:15:33.696 24678 24705 I TTS     : Couldn't read preferred locale from settings.
11-01 00:15:33.696 24678 24705 W TTS     : No local or network voice found, failing dispatch
11-01 00:15:33.697 24678 24705 W TTS     : Could not find voice for te_IN
11-01 00:15:33.697 24678 24712 I TTS     : Couldn't read preferred locale from settings.
11-01 00:15:33.697 24678 24712 W TTS     : No local or network voice found, failing dispatch
11-01 00:15:33.697 24678 24712 W TTS     : Could not find voice for teo
11-01 00:15:33.697 24678 24689 I TTS     : Couldn't read preferred locale from settings.
11-01 00:15:33.697 24678 24689 W TTS     : No local or network voice found, failing dispatch
11-01 00:15:33.697 24678 24689 W TTS     : Could not find voice for teo_KE
11-01 00:15:33.697 24678 24690 I TTS     : Couldn't read preferred locale from settings.
11-01 00:15:33.697 24678 24690 W TTS     : No local or network voice found, failing dispatch
11-01 00:15:33.697 24678 24690 W TTS     : Could not find voice for teo_UG
11-01 00:15:33.697 24678 24711 I TTS     : Couldn't read preferred locale from settings.
11-01 00:15:33.698 24678 24705 I TTS     : Couldn't read preferred locale from settings.
11-01 00:15:33.701 24678 24712 I TTS     : Couldn't read preferred locale from settings.
11-01 00:15:33.701 24678 24712 W TTS     : No local or network voice found, failing dispatch
11-01 00:15:33.701 24678 24712 W TTS     : Could not find voice for ti
11-01 00:15:33.704 24678 24689 I TTS     : Couldn't read preferred locale from settings.
11-01 00:15:33.704 24678 24689 W TTS     : No local or network voice found, failing dispatch
11-01 00:15:33.704 24678 24689 W TTS     : Could not find voice for ti_ER
11-01 00:15:33.709 24678 24690 I TTS     : Couldn't read preferred locale from settings.
11-01 00:15:33.709 24678 24690 W TTS     : No local or network voice found, failing dispatch
11-01 00:15:33.709 24678 24690 W TTS     : Could not find voice for ti_ET
11-01 00:15:33.709 24678 24711 I TTS     : Couldn't read preferred locale from settings.
11-01 00:15:33.709 24678 24711 W TTS     : No local or network voice found, failing dispatch
11-01 00:15:33.710 24678 24711 W TTS     : Could not find voice for to
11-01 00:15:33.710 24678 24705 I TTS     : Couldn't read preferred locale from settings.
11-01 00:15:33.710 24678 24705 W TTS     : No local or network voice found, failing dispatch
11-01 00:15:33.710 24678 24705 W TTS     : Could not find voice for to_TO
11-01 00:15:33.710 24678 24712 I TTS     : Couldn't read preferred locale from settings.
11-01 00:15:33.710 24678 24689 I TTS     : Couldn't read preferred locale from settings.
11-01 00:15:33.711 24678 24690 I TTS     : Couldn't read preferred locale from settings.
11-01 00:15:33.711 24678 24711 I TTS     : Couldn't read preferred locale from settings.
11-01 00:15:33.711 24678 24711 W TTS     : No local or network voice found, failing dispatch
11-01 00:15:33.711 24678 24711 W TTS     : Could not find voice for twq
11-01 00:15:33.711 24678 24705 I TTS     : Couldn't read preferred locale from settings.
11-01 00:15:33.711 24678 24705 W TTS     : No local or network voice found, failing dispatch
11-01 00:15:33.712 24678 24705 W TTS     : Could not find voice for twq_NE
11-01 00:15:33.712 24678 24712 I TTS     : Couldn't read preferred locale from settings.
11-01 00:15:33.712 24678 24712 W TTS     : No local or network voice found, failing dispatch
11-01 00:15:33.712 24678 24712 W TTS     : Could not find voice for tzm
11-01 00:15:33.712 24678 24689 I TTS     : Couldn't read preferred locale from settings.
11-01 00:15:33.712 24678 24689 W TTS     : No local or network voice found, failing dispatch
11-01 00:15:33.712 24678 24689 W TTS     : Could not find voice for tzm_MA
11-01 00:15:33.712 24678 24690 I TTS     : Couldn't read preferred locale from settings.
11-01 00:15:33.712 24678 24690 W TTS     : No local or network voice found, failing dispatch
11-01 00:15:33.712 24678 24690 W TTS     : Could not find voice for ug
11-01 00:15:33.712 24678 24711 I TTS     : Couldn't read preferred locale from settings.
11-01 00:15:33.713 24678 24711 W TTS     : No local or network voice found, failing dispatch
11-01 00:15:33.713 24678 24711 W TTS     : Could not find voice for ug_CN
11-01 00:15:33.715 24678 24705 I TTS     : Couldn't read preferred locale from settings.
11-01 00:15:33.716 24678 24712 I TTS     : Couldn't read preferred locale from settings.
11-01 00:15:33.716 24678 24689 I TTS     : Couldn't read preferred locale from settings.
11-01 00:15:33.717 24678 24689 W TTS     : No local or network voice found, failing dispatch
11-01 00:15:33.717 24678 24689 W TTS     : Could not find voice for ur
11-01 00:15:33.717 24678 24690 I TTS     : Couldn't read preferred locale from settings.
11-01 00:15:33.717 24678 24690 W TTS     : No local or network voice found, failing dispatch
11-01 00:15:33.717 24678 24690 W TTS     : Could not find voice for ur_IN
11-01 00:15:33.717 24678 24711 I TTS     : Couldn't read preferred locale from settings.
11-01 00:15:33.717 24678 24711 W TTS     : No local or network voice found, failing dispatch
11-01 00:15:33.717 24678 24711 W TTS     : Could not find voice for ur_PK
11-01 00:15:33.718 24678 24705 I TTS     : Couldn't read preferred locale from settings.
11-01 00:15:33.718 24678 24705 W TTS     : No local or network voice found, failing dispatch
11-01 00:15:33.718 24678 24705 W TTS     : Could not find voice for uz
11-01 00:15:33.718 24678 24712 I TTS     : Couldn't read preferred locale from settings.
11-01 00:15:33.718 24678 24712 W TTS     : No local or network voice found, failing dispatch
11-01 00:15:33.718 24678 24712 W TTS     : Could not find voice for uz
11-01 00:15:33.718 24678 24689 I TTS     : Couldn't read preferred locale from settings.
11-01 00:15:33.719 24678 24689 W TTS     : No local or network voice found, failing dispatch
11-01 00:15:33.719 24678 24689 W TTS     : Could not find voice for uz_AF
11-01 00:15:33.719 24678 24690 I TTS     : Couldn't read preferred locale from settings.
11-01 00:15:33.719 24678 24690 W TTS     : No local or network voice found, failing dispatch
11-01 00:15:33.719 24678 24690 W TTS     : Could not find voice for uz
11-01 00:15:33.719 24678 24711 I TTS     : Couldn't read preferred locale from settings.
11-01 00:15:33.719 24678 24711 W TTS     : No local or network voice found, failing dispatch
11-01 00:15:33.719 24678 24711 W TTS     : Could not find voice for uz_UZ
11-01 00:15:33.719 24678 24705 I TTS     : Couldn't read preferred locale from settings.
11-01 00:15:33.719 24678 24705 W TTS     : No local or network voice found, failing dispatch
11-01 00:15:33.719 24678 24705 W TTS     : Could not find voice for uz
11-01 00:15:33.720 24678 24712 I TTS     : Couldn't read preferred locale from settings.
11-01 00:15:33.720 24678 24712 W TTS     : No local or network voice found, failing dispatch
11-01 00:15:33.720 24678 24712 W TTS     : Could not find voice for uz_UZ
11-01 00:15:33.720 24678 24689 I TTS     : Couldn't read preferred locale from settings.
11-01 00:15:33.720 24678 24689 W TTS     : No local or network voice found, failing dispatch
11-01 00:15:33.720 24678 24689 W TTS     : Could not find voice for vai
11-01 00:15:33.720 24678 24690 I TTS     : Couldn't read preferred locale from settings.
11-01 00:15:33.720 24678 24690 W TTS     : No local or network voice found, failing dispatch
11-01 00:15:33.720 24678 24690 W TTS     : Could not find voice for vai
11-01 00:15:33.720 24678 24711 I TTS     : Couldn't read preferred locale from settings.
11-01 00:15:33.721 24678 24711 W TTS     : No local or network voice found, failing dispatch
11-01 00:15:33.721 24678 24711 W TTS     : Could not find voice for vai_LR
11-01 00:15:33.721 24678 24705 I TTS     : Couldn't read preferred locale from settings.
11-01 00:15:33.721 24678 24705 W TTS     : No local or network voice found, failing dispatch
11-01 00:15:33.721 24678 24705 W TTS     : Could not find voice for vai
11-01 00:15:33.721 24678 24712 I TTS     : Couldn't read preferred locale from settings.
11-01 00:15:33.721 24678 24712 W TTS     : No local or network voice found, failing dispatch
11-01 00:15:33.721 24678 24712 W TTS     : Could not find voice for vai_LR
11-01 00:15:33.721 24678 24689 I TTS     : Couldn't read preferred locale from settings.
11-01 00:15:33.722 24678 24690 I TTS     : Couldn't read preferred locale from settings.
11-01 00:15:33.722 24678 24711 I TTS     : Couldn't read preferred locale from settings.
11-01 00:15:33.722 24678 24711 W TTS     : No local or network voice found, failing dispatch
11-01 00:15:33.722 24678 24711 W TTS     : Could not find voice for vun
11-01 00:15:33.722 24678 24705 I TTS     : Couldn't read preferred locale from settings.
11-01 00:15:33.722 24678 24705 W TTS     : No local or network voice found, failing dispatch
11-01 00:15:33.722 24678 24705 W TTS     : Could not find voice for vun_TZ
11-01 00:15:33.722 24678 24712 I TTS     : Couldn't read preferred locale from settings.
11-01 00:15:33.722 24678 24712 W TTS     : No local or network voice found, failing dispatch
11-01 00:15:33.722 24678 24712 W TTS     : Could not find voice for wae
11-01 00:15:33.723 24678 24689 I TTS     : Couldn't read preferred locale from settings.
11-01 00:15:33.723 24678 24689 W TTS     : No local or network voice found, failing dispatch
11-01 00:15:33.723 24678 24689 W TTS     : Could not find voice for wae_CH
11-01 00:15:33.723 24678 24690 I TTS     : Couldn't read preferred locale from settings.
11-01 00:15:33.723 24678 24690 W TTS     : No local or network voice found, failing dispatch
11-01 00:15:33.723 24678 24690 W TTS     : Could not find voice for xog
11-01 00:15:33.724 24678 24711 I TTS     : Couldn't read preferred locale from settings.
11-01 00:15:33.724 24678 24711 W TTS     : No local or network voice found, failing dispatch
11-01 00:15:33.724 24678 24711 W TTS     : Could not find voice for xog_UG
11-01 00:15:33.724 24678 24705 I TTS     : Couldn't read preferred locale from settings.
11-01 00:15:33.724 24678 24705 W TTS     : No local or network voice found, failing dispatch
11-01 00:15:33.724 24678 24705 W TTS     : Could not find voice for yav
11-01 00:15:33.724 24678 24712 I TTS     : Couldn't read preferred locale from settings.
11-01 00:15:33.724 24678 24712 W TTS     : No local or network voice found, failing dispatch
11-01 00:15:33.724 24678 24712 W TTS     : Could not find voice for yav_CM
11-01 00:15:33.724 24678 24689 I TTS     : Couldn't read preferred locale from settings.
11-01 00:15:33.725 24678 24689 W TTS     : No local or network voice found, failing dispatch
11-01 00:15:33.725 24678 24689 W TTS     : Could not find voice for ji
11-01 00:15:33.725 24678 24690 I TTS     : Couldn't read preferred locale from settings.
11-01 00:15:33.725 24678 24690 W TTS     : No local or network voice found, failing dispatch
11-01 00:15:33.725 24678 24690 W TTS     : Could not find voice for ji_001
11-01 00:15:33.725 24678 24711 I TTS     : Couldn't read preferred locale from settings.
11-01 00:15:33.725 24678 24711 W TTS     : No local or network voice found, failing dispatch
11-01 00:15:33.725 24678 24711 W TTS     : Could not find voice for yo
11-01 00:15:33.725 24678 24705 I TTS     : Couldn't read preferred locale from settings.
11-01 00:15:33.725 24678 24705 W TTS     : No local or network voice found, failing dispatch
11-01 00:15:33.725 24678 24705 W TTS     : Could not find voice for yo_BJ
11-01 00:15:33.726 24678 24712 I TTS     : Couldn't read preferred locale from settings.
11-01 00:15:33.726 24678 24712 W TTS     : No local or network voice found, failing dispatch
11-01 00:15:33.726 24678 24712 W TTS     : Could not find voice for yo_NG
11-01 00:15:33.726 24678 24689 I TTS     : Couldn't read preferred locale from settings.
11-01 00:15:33.726 24678 24690 I TTS     : Couldn't read preferred locale from settings.
11-01 00:15:33.741 24678 24711 I TTS     : Couldn't read preferred locale from settings.
11-01 00:15:33.742 24678 24711 W TTS     : No local or network voice found, failing dispatch
11-01 00:15:33.742 24678 24711 W TTS     : Could not find voice for zgh
11-01 00:15:33.742 24678 24705 I TTS     : Couldn't read preferred locale from settings.
11-01 00:15:33.742 24678 24705 W TTS     : No local or network voice found, failing dispatch
11-01 00:15:33.742 24678 24705 W TTS     : Could not find voice for zgh_MA
11-01 00:15:33.742 24678 24712 I TTS     : Couldn't read preferred locale from settings.
11-01 00:15:33.743 24678 24689 I TTS     : Couldn't read preferred locale from settings.
11-01 00:15:33.743 24678 24690 I TTS     : Couldn't read preferred locale from settings.
11-01 00:15:33.744 24678 24711 I TTS     : Couldn't read preferred locale from settings.
11-01 00:15:33.744 24678 24705 I TTS     : Couldn't read preferred locale from settings.
11-01 00:15:33.744 24678 24712 I TTS     : Couldn't read preferred locale from settings.
11-01 00:15:33.744 24678 24689 I TTS     : Couldn't read preferred locale from settings.
11-01 00:15:33.745 24678 24690 I TTS     : Couldn't read preferred locale from settings.
11-01 00:15:33.745 24678 24711 I TTS     : Couldn't read preferred locale from settings.
11-01 00:15:33.745 24678 24705 I TTS     : Couldn't read preferred locale from settings.
11-01 00:15:33.746 24678 24712 I TTS     : Couldn't read preferred locale from settings.
11-01 00:15:33.746 24678 24712 W TTS     : No local or network voice found, failing dispatch
11-01 00:15:33.746 24678 24712 W TTS     : Could not find voice for zu
11-01 00:15:33.746 24678 24689 I TTS     : Couldn't read preferred locale from settings.
11-01 00:15:33.746 24678 24689 W TTS     : No local or network voice found, failing dispatch
11-01 00:15:33.746 24678 24689 W TTS     : Could not find voice for zu_ZA
11-01 00:15:33.850 25633 25700 I cr_omaha: OmahaBase::generateAndPostRequest(): Received response from Omaha:
11-01 00:15:33.850 25633 25700 I cr_omaha: <?xml version="1.0" encoding="UTF-8"?><response protocol="3.0" server="prod"><daystart elapsed_days="5782" elapsed_seconds="58532"/><app appid="{387E11AD-7109-45F6-83CF-CAA241ADC9DF}" status="ok"><event status="ok"/></app></response>
11-01 00:15:33.875 25633 25700 I cr_omaha: Request to Server Successful. Timestamp for next request:1667261733875
11-01 00:15:33.886 25633 25700 I cr_omaha: OmahaBase::generateAndPostRequest(): Sending request to Omaha:
11-01 00:15:33.886 25633 25700 I cr_omaha: <?xml version='1.0' encoding='UTF-8' standalone='yes' ?><request protocol="3.0" updater="Android" updaterversion="106.0.5249.79" updaterchannel="chrome" ismachine="1" requestid="{ce81502c-edab-4d71-8060-83af444ba38b}" sessionid="{fcbca11e-98f2-4b67-9087-315c77242595}" installsource="system_image" dedup="cr"><os platform="android" version="8.0.0" arch="arm" /><app brand="" client="ms-android-google" appid="{387E11AD-7109-45F6-83CF-CAA241ADC9DF}" version="106.0.5249.79" nextversion="" lang="en-US" installage="0" ap="chrome;google;nexus 5x"><updatecheck /><ping active="1" ad="5782" rd="5782" /></app></request>
11-01 00:15:33.943 25633 25700 I cr_omaha: OmahaBase::generateAndPostRequest(): Received response from Omaha:
11-01 00:15:33.943 25633 25700 I cr_omaha: <?xml version="1.0" encoding="UTF-8"?><response protocol="3.0" server="prod"><daystart elapsed_days="5782" elapsed_seconds="58532"/><app appid="{387E11AD-7109-45F6-83CF-CAA241ADC9DF}" cohort="1:hyx:" cohortname="Stable Chrome" status="ok"><updatecheck status="noupdate"/><ping status="ok"/></app></response>
11-01 00:15:33.945 25633 25700 I cr_omaha: Request to Server Successful. Timestamp for next request:1667261733945
11-01 00:15:33.980 25633 25700 I cr_omaha: Attempting to schedule next job for: Tue Nov 01 05:15:33 GMT+01:00 2022
11-01 00:15:33.983 25633 25633 I cr_omaha: Scheduled using JobService
11-01 00:15:33.984 25633 25633 E cr_BkgrdTaskJS: Tried finishing non-current BackgroundTask.
11-01 00:15:34.389 25845 25862 I chromium: [INFO:child_process_service.cc(69)] ChildProcessService: Exiting child process.
11-01 00:15:34.391   422   422 E lowmemorykiller: Error writing /proc/25845/oom_score_adj; errno=22
11-01 00:15:34.391   772  1259 I ActivityManager: Killing 25845:com.android.chrome:sandboxed_process2/u0a60i142 (adj 0): isolated not needed
11-01 00:15:34.391   772   790 W zygote64: failed to open /acct/uid_99142/pid_25845/cgroup.procs: No such file or directory
11-01 00:15:34.408 25633 25633 W chromium: [WARNING:compositor_view.cc(342)] Child process died (type=6) pid=25845)
11-01 00:15:34.533 24678 26104 I TTS     : Done initializing en-us-x-sfg-lstm-embedded
11-01 00:15:35.746 25633 25633 W chromium: [WARNING:controller_impl.cc(1190)] Background download complete, client: 6, completion type: 0, file size:9419
11-01 00:15:35.767 26110 26110 E /system/bin/webview_zygote32: failed to make and chown /acct/uid_99151: Permission denied
11-01 00:15:35.767 26110 26110 E Zygote  : createProcessGroup(99151, 0) failed: Permission denied
11-01 00:15:35.770   772 13022 I ActivityManager: Start proc 26110:com.android.chrome:sandboxed_process11/u0i151 for webview_service com.android.chrome/org.chromium.content.app.SandboxedProcessService11
11-01 00:15:35.785 26110 26110 I SamplingProfilerIntegration: Profiling disabled.
11-01 00:15:35.805 26123 26123 E asset   : setgid: Operation not permitted
11-01 00:15:35.841 26110 26110 I cr_SplitCompatApp: Launched version=106.0.5249.79 minSdkVersion=24 isBundle=true processName=com.android.chrome:sandboxed_process11 isIsolated=true
11-01 00:15:35.846 26110 26110 W SystemServiceRegistry: No service published for: uimode
11-01 00:15:35.852 26110 26110 I cr_ChildProcessService: Creating new ChildProcessService pid=26110
11-01 00:15:35.859 26110 26110 E WebViewFactory: can't load with relro file; address space not reserved
11-01 00:15:35.869 26110 26125 I cr_LibraryLoader: Successfully loaded native library
11-01 00:15:35.871 26110 26125 I cr_CachingUmaRecorder: Flushed 3 samples from 3 histograms.
11-01 00:15:35.882 26128 26128 W ThreadPoolForeg: type=1400 audit(0.0:20030): avc: denied { setattr } for name="model-info.pb" dev="dm-2" ino=1505133 scontext=u:r:isolated_app:s0:c512,c768 tcontext=u:object_r:app_data_file:s0:c512,c768 tclass=file permissive=0
11-01 00:15:35.885 26128 26128 W ThreadPoolForeg: type=1400 audit(0.0:20031): avc: denied { setattr } for name="model.tflite" dev="dm-2" ino=1505134 scontext=u:r:isolated_app:s0:c512,c768 tcontext=u:object_r:app_data_file:s0:c512,c768 tclass=file permissive=0
11-01 00:15:35.891 26110 26125 I chromium: [INFO:child_process_service.cc(69)] ChildProcessService: Exiting child process.
11-01 00:15:35.893   422   422 E lowmemorykiller: Error writing /proc/26110/oom_score_adj; errno=22
11-01 00:15:35.894   772 29404 I ActivityManager: Killing 26110:com.android.chrome:sandboxed_process11/u0a60i151 (adj 0): isolated not needed
11-01 00:15:35.894   772   790 W zygote64: failed to open /acct/uid_99151/pid_26110/cgroup.procs: No such file or directory
11-01 00:15:35.918 25633 25633 W chromium: [WARNING:compositor_view.cc(342)] Child process died (type=6) pid=26110)
11-01 00:15:39.132 25633 25633 E cr_BTSPrefs: No data found for task id: 56
11-01 00:15:39.133 25633 25633 E cr_BkgrdTaskScheduler: Task cannot be canceled because no data was found instorage or data was invalid
11-01 00:15:43.235 25633 25633 W ResourceType: Failure getting entry for 0x7f010888 (t=0 e=2184) (error -75)
11-01 00:15:43.272 25633 25633 I chatty  : uid=10060(u0_a60) identical 7 lines
11-01 00:15:43.277 25633 25633 W ResourceType: Failure getting entry for 0x7f010888 (t=0 e=2184) (error -75)
11-01 00:15:43.280 25633 25633 I cr_TopSites: Start a new task.
11-01 00:15:43.284 25633 25700 I cr_TopSites: Serializing top sites lists finished; count: 9
11-01 00:15:43.290 25633 25700 I cr_TopSites: Finished saving top sites list to file:/data/user/0/com.android.chrome/app_top_sites/top_sites
11-01 00:16:20.794 25633 25633 I cr_media: Create MediaDrmBridge with level L3 and origin D7CE0FB38A56BBA6992F0C0E843AE8D5
11-01 00:16:20.802   361   361 W /system/bin/hwservicemanager: getTransportFromManifest: Cannot find entry android.hardware.drm@1.0::IDrmFactory in either framework or device manifest, using default transport.
11-01 00:16:20.852   562  5487 I DrmHal  : makeDrmFactories: using default drm instance
11-01 00:16:20.885   361   361 W /system/bin/hwservicemanager: getTransportFromManifest: Cannot find entry android.hardware.drm@1.0::IDrmFactory in either framework or device manifest, using default transport.
11-01 00:16:20.948   562 19050 I DrmHal  : makeDrmFactories: using default drm instance
11-01 00:16:20.949   562   644 D WVCdm   : Instantiating CDM.
11-01 00:16:20.956   562 19051 I WVCdm   : CdmEngine::QueryStatus
11-01 00:16:20.956   562 19051 I WVCdm   : Level3 Library 4445 May 19 2017 17:17:20
11-01 00:16:20.963   562 19051 D QSEECOMAPI: : QSEECom_get_handle sb_length = 0x19000
11-01 00:16:20.964   562 19051 D QSEECOMAPI: : App is not loaded in QSEE
11-01 00:16:21.004   562 19051 D QSEECOMAPI: : Loaded image: APP id = 3602
11-01 00:16:21.008   562 19051 D QSAPPSVER: qsapps_get_capabilities: Capability from secure side: 0x0
11-01 00:16:21.008   562 19051 D QSAPPSVER: qsapps_get_capabilities: returns 0
11-01 00:16:21.008   562 19051 E DrmWidevineDash: sion_buffer g_wv_fhandle->ion_sbuffer  0x0xeeb06000
11-01 00:16:21.011   372   376 D DrmLibTime: got the req here! ret=0
11-01 00:16:21.011   372   376 D DrmLibTime: command id, time_cmd_id = 770
11-01 00:16:21.011   372   376 D DrmLibTime: time_getutcsec starts!
11-01 00:16:21.011   372   376 D DrmLibTime: QSEE Time Listener: time_getutcsec
11-01 00:16:21.011   372   376 D DrmLibTime: QSEE Time Listener: get_utc_seconds
11-01 00:16:21.011   372   376 D DrmLibTime: QSEE Time Listener: time_get_modem_time
11-01 00:16:21.011   372   376 D DrmLibTime: QSEE Time Listener: Checking if ATS_MODEM is set or not.
11-01 00:16:21.011   372   376 D QC-time-services: Lib:time_genoff_operation: pargs->base = 13
11-01 00:16:21.011   372   376 D QC-time-services: Lib:time_genoff_operation: pargs->operation = 2
11-01 00:16:21.011   372   376 D QC-time-services: Lib:time_genoff_operation: pargs->ts_val = 0
11-01 00:16:21.012   372   376 D QC-time-services: Lib:time_genoff_operation: Send to server  passed!!
11-01 00:16:21.012   625   647 D QC-time-services: Daemon: Connection accepted:time_genoff
11-01 00:16:21.012   625 26136 D QC-time-services: Daemon:Received base = 13, unit = 1, operation = 2,value = 0
11-01 00:16:21.012   625 26136 D QC-time-services: Daemon:genoff_opr: Base = 13, val = 0, operation = 2
11-01 00:16:21.012   625 26136 D QC-time-services: offset is: 0 for base: 13
11-01 00:16:21.012   372   376 E QC-time-services: Receive Passed == base = 13, unit = 1, operation = 2, result = 0
11-01 00:16:21.012   372   376 D DrmLibTime: QSEE Time Listener: ATS_MODEM is not set. Fallback to Android system time.
11-01 00:16:21.012   372   376 D DrmLibTime: QSEE Time Listener: Retrieved Android system time: 1667258181
11-01 00:16:21.012   372   376 D DrmLibTime: time_getutcsec returns 0, sec = 1667258181; nsec = 0
11-01 00:16:21.012   372   376 D DrmLibTime: time_getutcsec finished! 
11-01 00:16:21.012   372   376 D DrmLibTime: iotcl_continue_command finished! and return 0 
11-01 00:16:21.012   372   376 D DrmLibTime: before calling ioctl to read the next time_cmd
11-01 00:16:21.013   625   647 E QC-time-services: Daemon: Time-services: Waiting to acceptconnection
11-01 00:16:21.039   562 19051 D WVCdm   : OEMCrypto_Initialize Level 1 success. I will use level 1.
11-01 00:16:21.040   562 19051 D QSEECOMAPI: : QSEECom_dealloc_memory 
11-01 00:16:21.040   562 19051 D QSEECOMAPI: : QSEECom_shutdown_app, app_id = 3602
11-01 00:16:21.055   562   644 I WVCdm   : CdmEngine::OpenSession
11-01 00:16:21.056   562   644 I WVCdm   : Level3 Library 4445 May 19 2017 17:17:20
11-01 00:16:21.059   562   644 D QSEECOMAPI: : QSEECom_get_handle sb_length = 0x19000
11-01 00:16:21.059   562   644 D QSEECOMAPI: : App is not loaded in QSEE
11-01 00:16:21.111   562   644 D QSEECOMAPI: : Loaded image: APP id = 3603
11-01 00:16:21.115   562   644 D QSAPPSVER: qsapps_get_capabilities: Capability from secure side: 0x0
11-01 00:16:21.115   562   644 D QSAPPSVER: qsapps_get_capabilities: returns 0
11-01 00:16:21.115   562   644 E DrmWidevineDash: sion_buffer g_wv_fhandle->ion_sbuffer  0x0xeeb06000
11-01 00:16:21.117   372   376 D DrmLibTime: got the req here! ret=0
11-01 00:16:21.117   372   376 D DrmLibTime: command id, time_cmd_id = 770
11-01 00:16:21.117   372   376 D DrmLibTime: time_getutcsec starts!
11-01 00:16:21.117   372   376 D DrmLibTime: QSEE Time Listener: time_getutcsec
11-01 00:16:21.117   372   376 D DrmLibTime: QSEE Time Listener: get_utc_seconds
11-01 00:16:21.117   372   376 D DrmLibTime: QSEE Time Listener: time_get_modem_time
11-01 00:16:21.117   372   376 D DrmLibTime: QSEE Time Listener: Checking if ATS_MODEM is set or not.
11-01 00:16:21.117   372   376 D QC-time-services: Lib:time_genoff_operation: pargs->base = 13
11-01 00:16:21.117   372   376 D QC-time-services: Lib:time_genoff_operation: pargs->operation = 2
11-01 00:16:21.117   372   376 D QC-time-services: Lib:time_genoff_operation: pargs->ts_val = 0
11-01 00:16:21.118   372   376 D QC-time-services: Lib:time_genoff_operation: Send to server  passed!!
11-01 00:16:21.118   625   647 D QC-time-services: Daemon: Connection accepted:time_genoff
11-01 00:16:21.118   625 26137 D QC-time-services: Daemon:Received base = 13, unit = 1, operation = 2,value = 0
11-01 00:16:21.118   625 26137 D QC-time-services: Daemon:genoff_opr: Base = 13, val = 0, operation = 2
11-01 00:16:21.118   625 26137 D QC-time-services: offset is: 0 for base: 13
11-01 00:16:21.118   372   376 E QC-time-services: Receive Passed == base = 13, unit = 1, operation = 2, result = 0
11-01 00:16:21.118   372   376 D DrmLibTime: QSEE Time Listener: ATS_MODEM is not set. Fallback to Android system time.
11-01 00:16:21.118   372   376 D DrmLibTime: QSEE Time Listener: Retrieved Android system time: 1667258181
11-01 00:16:21.118   372   376 D DrmLibTime: time_getutcsec returns 0, sec = 1667258181; nsec = 0
11-01 00:16:21.118   372   376 D DrmLibTime: time_getutcsec finished! 
11-01 00:16:21.118   372   376 D DrmLibTime: iotcl_continue_command finished! and return 0 
11-01 00:16:21.118   372   376 D DrmLibTime: before calling ioctl to read the next time_cmd
11-01 00:16:21.118   625   647 E QC-time-services: Daemon: Time-services: Waiting to acceptconnection
11-01 00:16:21.140   562   644 D WVCdm   : OEMCrypto_Initialize Level 1 success. I will use level 1.
11-01 00:16:21.140   562   644 D WVCdm   : CryptoSession::Open: Lock: requested_security_level: L3
11-01 00:16:21.144   562   644 W WVCdm   : DeviceFiles::RetrieveHashedFile: /data/mediadrm/IDM1013/L3/cert.bin does not exist
11-01 00:16:21.145   562   644 D QSEECOMAPI: : QSEECom_dealloc_memory 
11-01 00:16:21.145   562   644 D QSEECOMAPI: : QSEECom_shutdown_app, app_id = 3603
11-01 00:16:21.160   562   562 I WVCdm   : Level3 Library 4445 May 19 2017 17:17:20
11-01 00:16:21.165   562   562 D QSEECOMAPI: : QSEECom_get_handle sb_length = 0x19000
11-01 00:16:21.165   562   562 D QSEECOMAPI: : App is not loaded in QSEE
11-01 00:16:21.205   562   562 D QSEECOMAPI: : Loaded image: APP id = 3604
11-01 00:16:21.207   562   562 D QSAPPSVER: qsapps_get_capabilities: Capability from secure side: 0x0
11-01 00:16:21.207   562   562 D QSAPPSVER: qsapps_get_capabilities: returns 0
11-01 00:16:21.207   562   562 E DrmWidevineDash: sion_buffer g_wv_fhandle->ion_sbuffer  0x0xeeb06000
11-01 00:16:21.209   372   376 D DrmLibTime: got the req here! ret=0
11-01 00:16:21.209   372   376 D DrmLibTime: command id, time_cmd_id = 770
11-01 00:16:21.210   372   376 D DrmLibTime: time_getutcsec starts!
11-01 00:16:21.210   372   376 D DrmLibTime: QSEE Time Listener: time_getutcsec
11-01 00:16:21.210   372   376 D DrmLibTime: QSEE Time Listener: get_utc_seconds
11-01 00:16:21.210   372   376 D DrmLibTime: QSEE Time Listener: time_get_modem_time
11-01 00:16:21.210   372   376 D DrmLibTime: QSEE Time Listener: Checking if ATS_MODEM is set or not.
11-01 00:16:21.210   372   376 D QC-time-services: Lib:time_genoff_operation: pargs->base = 13
11-01 00:16:21.210   372   376 D QC-time-services: Lib:time_genoff_operation: pargs->operation = 2
11-01 00:16:21.210   372   376 D QC-time-services: Lib:time_genoff_operation: pargs->ts_val = 0
11-01 00:16:21.210   372   376 D QC-time-services: Lib:time_genoff_operation: Send to server  passed!!
11-01 00:16:21.210   625   647 D QC-time-services: Daemon: Connection accepted:time_genoff
11-01 00:16:21.210   625 26138 D QC-time-services: Daemon:Received base = 13, unit = 1, operation = 2,value = 0
11-01 00:16:21.210   625 26138 D QC-time-services: Daemon:genoff_opr: Base = 13, val = 0, operation = 2
11-01 00:16:21.210   625 26138 D QC-time-services: offset is: 0 for base: 13
11-01 00:16:21.210   372   376 E QC-time-services: Receive Passed == base = 13, unit = 1, operation = 2, result = 0
11-01 00:16:21.211   372   376 D DrmLibTime: QSEE Time Listener: ATS_MODEM is not set. Fallback to Android system time.
11-01 00:16:21.211   372   376 D DrmLibTime: QSEE Time Listener: Retrieved Android system time: 1667258181
11-01 00:16:21.211   372   376 D DrmLibTime: time_getutcsec returns 0, sec = 1667258181; nsec = 0
11-01 00:16:21.211   372   376 D DrmLibTime: time_getutcsec finished! 
11-01 00:16:21.211   372   376 D DrmLibTime: iotcl_continue_command finished! and return 0 
11-01 00:16:21.211   372   376 D DrmLibTime: before calling ioctl to read the next time_cmd
11-01 00:16:21.211   625   647 E QC-time-services: Daemon: Time-services: Waiting to acceptconnection
11-01 00:16:21.230   562   562 D WVCdm   : OEMCrypto_Initialize Level 1 success. I will use level 1.
11-01 00:16:21.230   562   562 D WVCdm   : CryptoSession::Open: Lock: requested_security_level: L3
11-01 00:16:21.238 25633 25633 I cr_media: Provisioning origin ID D7CE0FB38A56BBA6992F0C0E843AE8D5
11-01 00:16:21.248 25633 25633 I Choreographer: Skipped 30 frames!  The application may be doing too much work on its main thread.
11-01 00:16:21.249 25633 25633 I MediaDrm: Drm event (1,0)
11-01 00:16:21.250 25633 25633 E cr_media: EventListener: No session for event 1.
11-01 00:16:21.698   562 28303 D QSEECOMAPI: : QSEECom_dealloc_memory 
11-01 00:16:21.698   562 28303 D QSEECOMAPI: : QSEECom_shutdown_app, app_id = 3604
11-01 00:16:21.716 25633 25633 I cr_media: Create MediaDrmBridge with level L1 and origin D7CE0FB38A56BBA6992F0C0E843AE8D5
11-01 00:16:21.718   361   361 W /system/bin/hwservicemanager: getTransportFromManifest: Cannot find entry android.hardware.drm@1.0::IDrmFactory in either framework or device manifest, using default transport.
11-01 00:16:21.720   562 19050 I DrmHal  : makeDrmFactories: using default drm instance
11-01 00:16:21.722   361   361 W /system/bin/hwservicemanager: getTransportFromManifest: Cannot find entry android.hardware.drm@1.0::IDrmFactory in either framework or device manifest, using default transport.
11-01 00:16:21.725   562   562 I DrmHal  : makeDrmFactories: using default drm instance
11-01 00:16:21.726   562 19050 I WVCdm   : CdmEngine::QueryStatus
11-01 00:16:21.726   562 19050 I WVCdm   : Level3 Library 4445 May 19 2017 17:17:20
11-01 00:16:21.730   562 19050 D QSEECOMAPI: : QSEECom_get_handle sb_length = 0x19000
11-01 00:16:21.730   562 19050 D QSEECOMAPI: : App is not loaded in QSEE
11-01 00:16:21.771   562 19050 D QSEECOMAPI: : Loaded image: APP id = 3605
11-01 00:16:21.773   562 19050 D QSAPPSVER: qsapps_get_capabilities: Capability from secure side: 0x0
11-01 00:16:21.773   562 19050 D QSAPPSVER: qsapps_get_capabilities: returns 0
11-01 00:16:21.773   562 19050 E DrmWidevineDash: sion_buffer g_wv_fhandle->ion_sbuffer  0x0xee6ca000
11-01 00:16:21.775   372   376 D DrmLibTime: got the req here! ret=0
11-01 00:16:21.775   372   376 D DrmLibTime: command id, time_cmd_id = 770
11-01 00:16:21.775   372   376 D DrmLibTime: time_getutcsec starts!
11-01 00:16:21.775   372   376 D DrmLibTime: QSEE Time Listener: time_getutcsec
11-01 00:16:21.775   372   376 D DrmLibTime: QSEE Time Listener: get_utc_seconds
11-01 00:16:21.775   372   376 D DrmLibTime: QSEE Time Listener: time_get_modem_time
11-01 00:16:21.775   372   376 D DrmLibTime: QSEE Time Listener: Checking if ATS_MODEM is set or not.
11-01 00:16:21.775   372   376 D QC-time-services: Lib:time_genoff_operation: pargs->base = 13
11-01 00:16:21.775   372   376 D QC-time-services: Lib:time_genoff_operation: pargs->operation = 2
11-01 00:16:21.775   372   376 D QC-time-services: Lib:time_genoff_operation: pargs->ts_val = 0
11-01 00:16:21.776   372   376 D QC-time-services: Lib:time_genoff_operation: Send to server  passed!!
11-01 00:16:21.776   625   647 D QC-time-services: Daemon: Connection accepted:time_genoff
11-01 00:16:21.776   625 26143 D QC-time-services: Daemon:Received base = 13, unit = 1, operation = 2,value = 0
11-01 00:16:21.776   625 26143 D QC-time-services: Daemon:genoff_opr: Base = 13, val = 0, operation = 2
11-01 00:16:21.776   625 26143 D QC-time-services: offset is: 0 for base: 13
11-01 00:16:21.776   372   376 E QC-time-services: Receive Passed == base = 13, unit = 1, operation = 2, result = 0
11-01 00:16:21.776   372   376 D DrmLibTime: QSEE Time Listener: ATS_MODEM is not set. Fallback to Android system time.
11-01 00:16:21.776   372   376 D DrmLibTime: QSEE Time Listener: Retrieved Android system time: 1667258181
11-01 00:16:21.776   372   376 D DrmLibTime: time_getutcsec returns 0, sec = 1667258181; nsec = 0
11-01 00:16:21.776   372   376 D DrmLibTime: time_getutcsec finished! 
11-01 00:16:21.776   372   376 D DrmLibTime: iotcl_continue_command finished! and return 0 
11-01 00:16:21.776   372   376 D DrmLibTime: before calling ioctl to read the next time_cmd
11-01 00:16:21.777   625   647 E QC-time-services: Daemon: Time-services: Waiting to acceptconnection
11-01 00:16:21.796   562 19050 D WVCdm   : OEMCrypto_Initialize Level 1 success. I will use level 1.
11-01 00:16:21.797   562 19050 D QSEECOMAPI: : QSEECom_dealloc_memory 
11-01 00:16:21.797   562 19050 D QSEECOMAPI: : QSEECom_shutdown_app, app_id = 3605
11-01 00:16:21.808   562 28303 I WVCdm   : CdmEngine::OpenSession
11-01 00:16:21.809   562 28303 I WVCdm   : Level3 Library 4445 May 19 2017 17:17:20
11-01 00:16:21.820   562 28303 D QSEECOMAPI: : QSEECom_get_handle sb_length = 0x19000
11-01 00:16:21.820   562 28303 D QSEECOMAPI: : App is not loaded in QSEE
11-01 00:16:21.873   562 28303 D QSEECOMAPI: : Loaded image: APP id = 3606
11-01 00:16:21.876   562 28303 D QSAPPSVER: qsapps_get_capabilities: Capability from secure side: 0x0
11-01 00:16:21.876   562 28303 D QSAPPSVER: qsapps_get_capabilities: returns 0
11-01 00:16:21.876   562 28303 E DrmWidevineDash: sion_buffer g_wv_fhandle->ion_sbuffer  0x0xee6ca000
11-01 00:16:21.880   372   376 D DrmLibTime: got the req here! ret=0
11-01 00:16:21.880   372   376 D DrmLibTime: command id, time_cmd_id = 770
11-01 00:16:21.880   372   376 D DrmLibTime: time_getutcsec starts!
11-01 00:16:21.880   372   376 D DrmLibTime: QSEE Time Listener: time_getutcsec
11-01 00:16:21.880   372   376 D DrmLibTime: QSEE Time Listener: get_utc_seconds
11-01 00:16:21.880   372   376 D DrmLibTime: QSEE Time Listener: time_get_modem_time
11-01 00:16:21.880   372   376 D DrmLibTime: QSEE Time Listener: Checking if ATS_MODEM is set or not.
11-01 00:16:21.880   372   376 D QC-time-services: Lib:time_genoff_operation: pargs->base = 13
11-01 00:16:21.880   372   376 D QC-time-services: Lib:time_genoff_operation: pargs->operation = 2
11-01 00:16:21.880   372   376 D QC-time-services: Lib:time_genoff_operation: pargs->ts_val = 0
11-01 00:16:21.880   372   376 D QC-time-services: Lib:time_genoff_operation: Send to server  passed!!
11-01 00:16:21.880   625   647 D QC-time-services: Daemon: Connection accepted:time_genoff
11-01 00:16:21.881   625 26144 D QC-time-services: Daemon:Received base = 13, unit = 1, operation = 2,value = 0
11-01 00:16:21.881   625 26144 D QC-time-services: Daemon:genoff_opr: Base = 13, val = 0, operation = 2
11-01 00:16:21.881   625 26144 D QC-time-services: offset is: 0 for base: 13
11-01 00:16:21.881   372   376 E QC-time-services: Receive Passed == base = 13, unit = 1, operation = 2, result = 0
11-01 00:16:21.881   372   376 D DrmLibTime: QSEE Time Listener: ATS_MODEM is not set. Fallback to Android system time.
11-01 00:16:21.881   372   376 D DrmLibTime: QSEE Time Listener: Retrieved Android system time: 1667258181
11-01 00:16:21.881   372   376 D DrmLibTime: time_getutcsec returns 0, sec = 1667258181; nsec = 0
11-01 00:16:21.881   372   376 D DrmLibTime: time_getutcsec finished! 
11-01 00:16:21.881   372   376 D DrmLibTime: iotcl_continue_command finished! and return 0 
11-01 00:16:21.881   372   376 D DrmLibTime: before calling ioctl to read the next time_cmd
11-01 00:16:21.881   625   647 E QC-time-services: Daemon: Time-services: Waiting to acceptconnection
11-01 00:16:21.901   562 28303 D WVCdm   : OEMCrypto_Initialize Level 1 success. I will use level 1.
11-01 00:16:21.902   562 28303 D WVCdm   : CryptoSession::Open: Lock: requested_security_level: Default
11-01 00:16:21.904   562 28303 W WVCdm   : DeviceFiles::RetrieveHashedFile: /data/mediadrm/IDM1013/L1/cert.bin does not exist
11-01 00:16:21.906   562 28303 D QSEECOMAPI: : QSEECom_dealloc_memory 
11-01 00:16:21.906   562 28303 D QSEECOMAPI: : QSEECom_shutdown_app, app_id = 3606
11-01 00:16:21.926   562   562 I WVCdm   : Level3 Library 4445 May 19 2017 17:17:20
11-01 00:16:21.931   562   562 D QSEECOMAPI: : QSEECom_get_handle sb_length = 0x19000
11-01 00:16:21.931   562   562 D QSEECOMAPI: : App is not loaded in QSEE
11-01 00:16:21.972   562   562 D QSEECOMAPI: : Loaded image: APP id = 3607
11-01 00:16:21.975   562   562 D QSAPPSVER: qsapps_get_capabilities: Capability from secure side: 0x0
11-01 00:16:21.975   562   562 D QSAPPSVER: qsapps_get_capabilities: returns 0
11-01 00:16:21.975   562   562 E DrmWidevineDash: sion_buffer g_wv_fhandle->ion_sbuffer  0x0xeeb24000
11-01 00:16:21.977   372   376 D DrmLibTime: got the req here! ret=0
11-01 00:16:21.977   372   376 D DrmLibTime: command id, time_cmd_id = 770
11-01 00:16:21.977   372   376 D DrmLibTime: time_getutcsec starts!
11-01 00:16:21.977   372   376 D DrmLibTime: QSEE Time Listener: time_getutcsec
11-01 00:16:21.977   372   376 D DrmLibTime: QSEE Time Listener: get_utc_seconds
11-01 00:16:21.978   372   376 D DrmLibTime: QSEE Time Listener: time_get_modem_time
11-01 00:16:21.978   372   376 D DrmLibTime: QSEE Time Listener: Checking if ATS_MODEM is set or not.
11-01 00:16:21.978   372   376 D QC-time-services: Lib:time_genoff_operation: pargs->base = 13
11-01 00:16:21.978   372   376 D QC-time-services: Lib:time_genoff_operation: pargs->operation = 2
11-01 00:16:21.978   372   376 D QC-time-services: Lib:time_genoff_operation: pargs->ts_val = 0
11-01 00:16:21.978   372   376 D QC-time-services: Lib:time_genoff_operation: Send to server  passed!!
11-01 00:16:21.978   625   647 D QC-time-services: Daemon: Connection accepted:time_genoff
11-01 00:16:21.978   625 26145 D QC-time-services: Daemon:Received base = 13, unit = 1, operation = 2,value = 0
11-01 00:16:21.978   625 26145 D QC-time-services: Daemon:genoff_opr: Base = 13, val = 0, operation = 2
11-01 00:16:21.978   625 26145 D QC-time-services: offset is: 0 for base: 13
11-01 00:16:21.978   372   376 E QC-time-services: Receive Passed == base = 13, unit = 1, operation = 2, result = 0
11-01 00:16:21.978   372   376 D DrmLibTime: QSEE Time Listener: ATS_MODEM is not set. Fallback to Android system time.
11-01 00:16:21.978   372   376 D DrmLibTime: QSEE Time Listener: Retrieved Android system time: 1667258181
11-01 00:16:21.978   372   376 D DrmLibTime: time_getutcsec returns 0, sec = 1667258181; nsec = 0
11-01 00:16:21.978   372   376 D DrmLibTime: time_getutcsec finished! 
11-01 00:16:21.978   372   376 D DrmLibTime: iotcl_continue_command finished! and return 0 
11-01 00:16:21.978   372   376 D DrmLibTime: before calling ioctl to read the next time_cmd
11-01 00:16:21.979   625   647 E QC-time-services: Daemon: Time-services: Waiting to acceptconnection
11-01 00:16:21.997   562   562 D WVCdm   : OEMCrypto_Initialize Level 1 success. I will use level 1.
11-01 00:16:21.997   562   562 D WVCdm   : CryptoSession::Open: Lock: requested_security_level: Default
11-01 00:16:22.049   562   562 E DrmWidevineDash: OEMCrypto_GenerateSignature : input wrapped_rsa_key == NULL!, return short buffer
11-01 00:16:22.051 25633 25633 I cr_media: Provisioning origin ID D7CE0FB38A56BBA6992F0C0E843AE8D5
11-01 00:16:22.062 25633 25633 I MediaDrm: Drm event (1,0)
11-01 00:16:22.062 25633 25633 E cr_media: EventListener: No session for event 1.
11-01 00:16:22.110   562  5487 E DrmWidevineDash: OEMCrypto_RewrapDeviceRSAKey : input wrapped_rsa_key == NULL!, return short buffer
11-01 00:16:22.125   562  5487 D QSEECOMAPI: : QSEECom_dealloc_memory 
11-01 00:16:22.125   562  5487 D QSEECOMAPI: : QSEECom_shutdown_app, app_id = 3607
11-01 00:16:22.150 25633 25633 I cr_media: Create MediaDrmBridge with level L3 and origin 374A7A2A419C9696B3FC8FA0BE99BA34
11-01 00:16:22.153   361   361 W /system/bin/hwservicemanager: getTransportFromManifest: Cannot find entry android.hardware.drm@1.0::IDrmFactory in either framework or device manifest, using default transport.
11-01 00:16:22.212   562 28303 I DrmHal  : makeDrmFactories: using default drm instance
11-01 00:16:22.215   361   361 W /system/bin/hwservicemanager: getTransportFromManifest: Cannot find entry android.hardware.drm@1.0::IDrmFactory in either framework or device manifest, using default transport.
11-01 00:16:22.264   562  5487 I DrmHal  : makeDrmFactories: using default drm instance
11-01 00:16:22.265   562 19050 D WVCdm   : Instantiating CDM.
11-01 00:16:22.266   562 28303 I WVCdm   : CdmEngine::QueryStatus
11-01 00:16:22.266   562 28303 I WVCdm   : Level3 Library 4445 May 19 2017 17:17:20
11-01 00:16:22.270   562 28303 D QSEECOMAPI: : QSEECom_get_handle sb_length = 0x19000
11-01 00:16:22.270   562 28303 D QSEECOMAPI: : App is not loaded in QSEE
11-01 00:16:22.310   562 28303 D QSEECOMAPI: : Loaded image: APP id = 3608
11-01 00:16:22.312   562 28303 D QSAPPSVER: qsapps_get_capabilities: Capability from secure side: 0x0
11-01 00:16:22.312   562 28303 D QSAPPSVER: qsapps_get_capabilities: returns 0
11-01 00:16:22.312   562 28303 E DrmWidevineDash: sion_buffer g_wv_fhandle->ion_sbuffer  0x0xeeb00000
11-01 00:16:22.315   372   376 D DrmLibTime: got the req here! ret=0
11-01 00:16:22.315   372   376 D DrmLibTime: command id, time_cmd_id = 770
11-01 00:16:22.315   372   376 D DrmLibTime: time_getutcsec starts!
11-01 00:16:22.315   372   376 D DrmLibTime: QSEE Time Listener: time_getutcsec
11-01 00:16:22.315   372   376 D DrmLibTime: QSEE Time Listener: get_utc_seconds
11-01 00:16:22.315   372   376 D DrmLibTime: QSEE Time Listener: time_get_modem_time
11-01 00:16:22.315   372   376 D DrmLibTime: QSEE Time Listener: Checking if ATS_MODEM is set or not.
11-01 00:16:22.315   372   376 D QC-time-services: Lib:time_genoff_operation: pargs->base = 13
11-01 00:16:22.315   372   376 D QC-time-services: Lib:time_genoff_operation: pargs->operation = 2
11-01 00:16:22.315   372   376 D QC-time-services: Lib:time_genoff_operation: pargs->ts_val = 0
11-01 00:16:22.315   372   376 D QC-time-services: Lib:time_genoff_operation: Send to server  passed!!
11-01 00:16:22.315   625   647 D QC-time-services: Daemon: Connection accepted:time_genoff
11-01 00:16:22.316   625 26150 D QC-time-services: Daemon:Received base = 13, unit = 1, operation = 2,value = 0
11-01 00:16:22.316   625 26150 D QC-time-services: Daemon:genoff_opr: Base = 13, val = 0, operation = 2
11-01 00:16:22.316   625 26150 D QC-time-services: offset is: 0 for base: 13
11-01 00:16:22.316   372   376 E QC-time-services: Receive Passed == base = 13, unit = 1, operation = 2, result = 0
11-01 00:16:22.316   372   376 D DrmLibTime: QSEE Time Listener: ATS_MODEM is not set. Fallback to Android system time.
11-01 00:16:22.316   372   376 D DrmLibTime: QSEE Time Listener: Retrieved Android system time: 1667258182
11-01 00:16:22.316   372   376 D DrmLibTime: time_getutcsec returns 0, sec = 1667258182; nsec = 0
11-01 00:16:22.316   372   376 D DrmLibTime: time_getutcsec finished! 
11-01 00:16:22.316   372   376 D DrmLibTime: iotcl_continue_command finished! and return 0 
11-01 00:16:22.316   372   376 D DrmLibTime: before calling ioctl to read the next time_cmd
11-01 00:16:22.316   625   647 E QC-time-services: Daemon: Time-services: Waiting to acceptconnection
11-01 00:16:22.339   562 28303 D WVCdm   : OEMCrypto_Initialize Level 1 success. I will use level 1.
11-01 00:16:22.340   562 28303 D QSEECOMAPI: : QSEECom_dealloc_memory 
11-01 00:16:22.340   562 28303 D QSEECOMAPI: : QSEECom_shutdown_app, app_id = 3608
11-01 00:16:22.351   562 19050 I WVCdm   : CdmEngine::OpenSession
11-01 00:16:22.351   562 19050 I WVCdm   : Level3 Library 4445 May 19 2017 17:17:20
11-01 00:16:22.353   562 19050 D QSEECOMAPI: : QSEECom_get_handle sb_length = 0x19000
11-01 00:16:22.354   562 19050 D QSEECOMAPI: : App is not loaded in QSEE
11-01 00:16:22.395   562 19050 D QSEECOMAPI: : Loaded image: APP id = 3609
11-01 00:16:22.398   562 19050 D QSAPPSVER: qsapps_get_capabilities: Capability from secure side: 0x0
11-01 00:16:22.398   562 19050 D QSAPPSVER: qsapps_get_capabilities: returns 0
11-01 00:16:22.398   562 19050 E DrmWidevineDash: sion_buffer g_wv_fhandle->ion_sbuffer  0x0xeeb00000
11-01 00:16:22.401   372   376 D DrmLibTime: got the req here! ret=0
11-01 00:16:22.401   372   376 D DrmLibTime: command id, time_cmd_id = 770
11-01 00:16:22.401   372   376 D DrmLibTime: time_getutcsec starts!
11-01 00:16:22.401   372   376 D DrmLibTime: QSEE Time Listener: time_getutcsec
11-01 00:16:22.401   372   376 D DrmLibTime: QSEE Time Listener: get_utc_seconds
11-01 00:16:22.401   372   376 D DrmLibTime: QSEE Time Listener: time_get_modem_time
11-01 00:16:22.401   372   376 D DrmLibTime: QSEE Time Listener: Checking if ATS_MODEM is set or not.
11-01 00:16:22.401   372   376 D QC-time-services: Lib:time_genoff_operation: pargs->base = 13
11-01 00:16:22.401   372   376 D QC-time-services: Lib:time_genoff_operation: pargs->operation = 2
11-01 00:16:22.401   372   376 D QC-time-services: Lib:time_genoff_operation: pargs->ts_val = 0
11-01 00:16:22.401   372   376 D QC-time-services: Lib:time_genoff_operation: Send to server  passed!!
11-01 00:16:22.401   625   647 D QC-time-services: Daemon: Connection accepted:time_genoff
11-01 00:16:22.402   625 26151 D QC-time-services: Daemon:Received base = 13, unit = 1, operation = 2,value = 0
11-01 00:16:22.402   625 26151 D QC-time-services: Daemon:genoff_opr: Base = 13, val = 0, operation = 2
11-01 00:16:22.402   625 26151 D QC-time-services: offset is: 0 for base: 13
11-01 00:16:22.402   372   376 E QC-time-services: Receive Passed == base = 13, unit = 1, operation = 2, result = 0
11-01 00:16:22.402   372   376 D DrmLibTime: QSEE Time Listener: ATS_MODEM is not set. Fallback to Android system time.
11-01 00:16:22.402   372   376 D DrmLibTime: QSEE Time Listener: Retrieved Android system time: 1667258182
11-01 00:16:22.402   372   376 D DrmLibTime: time_getutcsec returns 0, sec = 1667258182; nsec = 0
11-01 00:16:22.402   372   376 D DrmLibTime: time_getutcsec finished! 
11-01 00:16:22.402   372   376 D DrmLibTime: iotcl_continue_command finished! and return 0 
11-01 00:16:22.402   372   376 D DrmLibTime: before calling ioctl to read the next time_cmd
11-01 00:16:22.403   625   647 E QC-time-services: Daemon: Time-services: Waiting to acceptconnection
11-01 00:16:22.431   562 19050 D WVCdm   : OEMCrypto_Initialize Level 1 success. I will use level 1.
11-01 00:16:22.431   562 19050 D WVCdm   : CryptoSession::Open: Lock: requested_security_level: L3
11-01 00:16:22.437   562 19050 W WVCdm   : DeviceFiles::RetrieveHashedFile: /data/mediadrm/IDM1013/L3/cert.bin does not exist
11-01 00:16:22.438   562 19050 D QSEECOMAPI: : QSEECom_dealloc_memory 
11-01 00:16:22.438   562 19050 D QSEECOMAPI: : QSEECom_shutdown_app, app_id = 3609
11-01 00:16:22.449   562   562 I WVCdm   : Level3 Library 4445 May 19 2017 17:17:20
