--------- beginning of system
10-31 12:54:30.453   772   791 E BatteryStatsService: no controller energy info supplied
10-31 12:56:29.866   772   791 E BatteryStatsService: no controller energy info supplied
10-31 13:02:28.852   772 10894 I ActivityManager: Force stopping com.android.chrome appid=10060 user=0: from pid 2811
10-31 13:02:28.853   772 10894 I ActivityManager: Killing 2640:com.android.chrome/u0a60 (adj 700): stop com.android.chrome
--------- beginning of main
10-31 13:02:28.871  1311  1311 D CarrierSvcBindHelper: No carrier app for: 0
10-31 13:02:28.877  2964  2964 D RegisteredNfcFServicesCache: Service unchanged, not updating
10-31 13:02:29.115   772 10894 I ActivityManager: START u0 {act=android.intent.action.VIEW flg=0x10008000 cmp=com.android.chrome/com.google.android.apps.chrome.Main} from uid 2000
10-31 13:02:29.128   772   830 E ResourceType: Style contains key with bad entry: 0x0101062c
10-31 13:02:29.134   772   830 E ResourceType: Style contains key with bad entry: 0x0101062c
10-31 13:02:29.155   772  2969 I ActivityManager: Start proc 2813:com.android.chrome/u0a60 for activity com.android.chrome/com.google.android.apps.chrome.Main
10-31 13:02:29.221  2813  2813 I cr_SplitCompatApp: Launched version=106.0.5249.79 minSdkVersion=24 isBundle=true processName=com.android.chrome isIsolated=false
10-31 13:02:29.268  3960  4151 I FontLog : Received query Google Sans, URI content://com.google.android.gms.fonts [CONTEXT service_id=132 ]
10-31 13:02:29.268  3960  4151 I FontLog : Query [Google Sans] resolved to {Google Sans, wdth 100.0, wght 400, ital 0.0, bestEffort false} [CONTEXT service_id=132 ]
10-31 13:02:29.272  3960  4151 I FontLog : Font PFD returned from cache for {Google Sans, wdth 100.0, wght 400, ital 0.0, bestEffort false} [CONTEXT service_id=132 ]
10-31 13:02:29.273  3960  4151 I FontLog : Fetch {Google Sans, wdth 100.0, wght 400, ital 0.0, bestEffort false} end status Status{statusCode=SUCCESS, resolution=null} [CONTEXT service_id=132 ]
10-31 13:02:29.281  3960  6244 I FontLog : Pulling font file for id = 2245, cache size = 7 [CONTEXT service_id=132 ]
10-31 13:02:29.295  3960  4217 I FontLog : Received query Google Sans:500, URI content://com.google.android.gms.fonts [CONTEXT service_id=132 ]
10-31 13:02:29.295  3960  4217 I FontLog : Query [Google Sans:500] resolved to {Google Sans, wdth 100.0, wght 500, ital 0.0, bestEffort false} [CONTEXT service_id=132 ]
10-31 13:02:29.297  3960  4217 I FontLog : Font PFD returned from cache for {Google Sans, wdth 100.0, wght 500, ital 0.0, bestEffort false} [CONTEXT service_id=132 ]
10-31 13:02:29.297  3960  4217 I FontLog : Fetch {Google Sans, wdth 100.0, wght 500, ital 0.0, bestEffort false} end status Status{statusCode=SUCCESS, resolution=null} [CONTEXT service_id=132 ]
10-31 13:02:29.301  3960  4151 I FontLog : Pulling font file for id = 2246, cache size = 8 [CONTEXT service_id=132 ]
10-31 13:02:29.309  3960  3971 I FontLog : Received query Google Sans:700, URI content://com.google.android.gms.fonts [CONTEXT service_id=132 ]
10-31 13:02:29.309  3960  3971 I FontLog : Query [Google Sans:700] resolved to {Google Sans, wdth 100.0, wght 700, ital 0.0, bestEffort false} [CONTEXT service_id=132 ]
10-31 13:02:29.311  3960  3971 I FontLog : Fetch {Google Sans, wdth 100.0, wght 700, ital 0.0, bestEffort false} end status Status{statusCode=SUCCESS, resolution=null} [CONTEXT service_id=132 ]
10-31 13:02:29.316  3960  4244 I FontLog : Pulling font file for id = 2247, cache size = 9 [CONTEXT service_id=132 ]
10-31 13:02:29.345  2813  2832 I cr_LibraryLoader: Successfully loaded native library
10-31 13:02:29.346  2813  2832 I cr_CachingUmaRecorder: Flushed 19 samples from 19 histograms.
10-31 13:02:29.436  2813  2813 E ResourceType: Style contains key with bad entry: 0x0101062c
10-31 13:02:29.462  2813  2835 W DynamiteModule: Local module descriptor class for com.google.android.gms.googlecertificates not found.
10-31 13:02:29.486  2813  2835 W zygote  : Skipping duplicate class check due to unrecognized classloader
10-31 13:02:29.488  2813  2835 I DynamiteModule: Considering local module com.google.android.gms.googlecertificates:0 and remote module com.google.android.gms.googlecertificates:7
10-31 13:02:29.489  2813  2835 I DynamiteModule: Selected remote version of com.google.android.gms.googlecertificates, version >= 7
10-31 13:02:29.496   772 10894 I ActivityManager: START u0 {cmp=com.android.chrome/org.chromium.chrome.browser.firstrun.FirstRunActivity (has extras)} from uid 10060
10-31 13:02:29.521  2813  2813 E ResourceType: Style contains key with bad entry: 0x0101062c
10-31 13:02:29.537  2813  2835 W zygote  : Skipping duplicate class check due to unrecognized classloader
10-31 13:02:29.579   772 10895 W AppOps  : Bad call: specified package com.google.android.gms under uid 10060 but it is really 10020
10-31 13:02:29.579   772 10895 W AppOps  : java.lang.RuntimeException: here
10-31 13:02:29.579   772 10895 W AppOps  : 	at com.android.server.AppOpsService.getOpsRawLocked(AppOpsService.java:1319)
10-31 13:02:29.579   772 10895 W AppOps  : 	at com.android.server.AppOpsService.checkPackage(AppOpsService.java:1038)
10-31 13:02:29.579   772 10895 W AppOps  : 	at com.android.internal.app.IAppOpsService$Stub.onTransact(IAppOpsService.java:169)
10-31 13:02:29.579   772 10895 W AppOps  : 	at android.os.Binder.execTransact(Binder.java:674)
10-31 13:02:29.580   772  3041 W AppOps  : Bad call: specified package com.google.android.gms under uid 10060 but it is really 10020
10-31 13:02:29.580   772  3041 W AppOps  : java.lang.RuntimeException: here
10-31 13:02:29.580   772  3041 W AppOps  : 	at com.android.server.AppOpsService.getOpsRawLocked(AppOpsService.java:1319)
10-31 13:02:29.580   772  3041 W AppOps  : 	at com.android.server.AppOpsService.checkPackage(AppOpsService.java:1038)
10-31 13:02:29.580   772  3041 W AppOps  : 	at com.android.internal.app.IAppOpsService$Stub.onTransact(IAppOpsService.java:169)
10-31 13:02:29.580   772  3041 W AppOps  : 	at android.os.Binder.execTransact(Binder.java:674)
10-31 13:02:29.585   772   784 W AppOps  : Bad call: specified package com.google.android.gms under uid 10060 but it is really 10020
10-31 13:02:29.585   772   784 W AppOps  : java.lang.RuntimeException: here
10-31 13:02:29.585   772   784 W AppOps  : 	at com.android.server.AppOpsService.getOpsRawLocked(AppOpsService.java:1319)
10-31 13:02:29.585   772   784 W AppOps  : 	at com.android.server.AppOpsService.checkPackage(AppOpsService.java:1038)
10-31 13:02:29.585   772   784 W AppOps  : 	at com.android.internal.app.IAppOpsService$Stub.onTransact(IAppOpsService.java:169)
10-31 13:02:29.585   772   784 W AppOps  : 	at android.os.Binder.execTransact(Binder.java:674)
10-31 13:02:29.588   772  3854 W AppOps  : Bad call: specified package com.google.android.gms under uid 10060 but it is really 10020
10-31 13:02:29.588   772  3854 W AppOps  : java.lang.RuntimeException: here
10-31 13:02:29.588   772  3854 W AppOps  : 	at com.android.server.AppOpsService.getOpsRawLocked(AppOpsService.java:1319)
10-31 13:02:29.588   772  3854 W AppOps  : 	at com.android.server.AppOpsService.checkPackage(AppOpsService.java:1038)
10-31 13:02:29.588   772  3854 W AppOps  : 	at com.android.internal.app.IAppOpsService$Stub.onTransact(IAppOpsService.java:169)
10-31 13:02:29.588   772  3854 W AppOps  : 	at android.os.Binder.execTransact(Binder.java:674)
10-31 13:02:29.728  2813  2813 W ResourceType: Failure getting entry for 0x7f010055 (t=0 e=85) (error -75)
10-31 13:02:29.760  2813  2843 D OpenGLRenderer: HWUI GL Pipeline
10-31 13:02:29.785  3960  4307 E bfry    : Phenotype API error. Event # ddoj@3ef0a36, EventCode: 7 [CONTEXT service_id=51 ]
10-31 13:02:29.785  3960  4307 E bfry    : bfra: 29505: No config packages for log source, or config package not registered
10-31 13:02:29.785  3960  4307 E bfry    : 	at bfst.b(:com.google.android.gms@223616019@22.36.16 (040400-476895098):4)
10-31 13:02:29.785  3960  4307 E bfry    : 	at bfsq.g(:com.google.android.gms@223616019@22.36.16 (040400-476895098):0)
10-31 13:02:29.785  3960  4307 E bfry    : 	at bfry.e(:com.google.android.gms@223616019@22.36.16 (040400-476895098):4)
10-31 13:02:29.785  3960  4307 E bfry    : 	at bfry.f(:com.google.android.gms@223616019@22.36.16 (040400-476895098):2)
10-31 13:02:29.785  3960  4307 E bfry    : 	at arjg.ep(:com.google.android.gms@223616019@22.36.16 (040400-476895098):1)
10-31 13:02:29.785  3960  4307 E bfry    : 	at arjm.run(:com.google.android.gms@223616019@22.36.16 (040400-476895098):12)
10-31 13:02:29.785  3960  4307 E bfry    : 	at cjoq.run(:com.google.android.gms@223616019@22.36.16 (040400-476895098):2)
10-31 13:02:29.785  3960  4307 E bfry    : 	at aarl.c(:com.google.android.gms@223616019@22.36.16 (040400-476895098):6)
10-31 13:02:29.785  3960  4307 E bfry    : 	at aarl.run(:com.google.android.gms@223616019@22.36.16 (040400-476895098):7)
10-31 13:02:29.785  3960  4307 E bfry    : 	at java.util.concurrent.ThreadPoolExecutor.runWorker(ThreadPoolExecutor.java:1162)
10-31 13:02:29.785  3960  4307 E bfry    : 	at java.util.concurrent.ThreadPoolExecutor$Worker.run(ThreadPoolExecutor.java:636)
10-31 13:02:29.785  3960  4307 E bfry    : 	at aaws.run(:com.google.android.gms@223616019@22.36.16 (040400-476895098):0)
10-31 13:02:29.785  3960  4307 E bfry    : 	at java.lang.Thread.run(Thread.java:764)
10-31 13:02:29.786  3960  4307 W AsyncOperation: operation=GetExperimentTokensOperationCall, opStatusCode=29505 [CONTEXT service_id=51 ]
10-31 13:02:29.786  3960  4307 W AsyncOperation: OperationException[Status{statusCode=No config packages for log source, or config package not registered, resolution=null}]
10-31 13:02:29.786  3960  4307 W AsyncOperation: 	at bfry.e(:com.google.android.gms@223616019@22.36.16 (040400-476895098):6)
10-31 13:02:29.786  3960  4307 W AsyncOperation: 	at bfry.f(:com.google.android.gms@223616019@22.36.16 (040400-476895098):2)
10-31 13:02:29.786  3960  4307 W AsyncOperation: 	at arjg.ep(:com.google.android.gms@223616019@22.36.16 (040400-476895098):1)
10-31 13:02:29.786  3960  4307 W AsyncOperation: 	at arjm.run(:com.google.android.gms@223616019@22.36.16 (040400-476895098):12)
10-31 13:02:29.786  3960  4307 W AsyncOperation: 	at cjoq.run(:com.google.android.gms@223616019@22.36.16 (040400-476895098):2)
10-31 13:02:29.786  3960  4307 W AsyncOperation: 	at aarl.c(:com.google.android.gms@223616019@22.36.16 (040400-476895098):6)
10-31 13:02:29.786  3960  4307 W AsyncOperation: 	at aarl.run(:com.google.android.gms@223616019@22.36.16 (040400-476895098):7)
10-31 13:02:29.786  3960  4307 W AsyncOperation: 	at java.util.concurrent.ThreadPoolExecutor.runWorker(ThreadPoolExecutor.java:1162)
10-31 13:02:29.786  3960  4307 W AsyncOperation: 	at java.util.concurrent.ThreadPoolExecutor$Worker.run(ThreadPoolExecutor.java:636)
10-31 13:02:29.786  3960  4307 W AsyncOperation: 	at aaws.run(:com.google.android.gms@223616019@22.36.16 (040400-476895098):0)
10-31 13:02:29.786  3960  4307 W AsyncOperation: 	at java.lang.Thread.run(Thread.java:764)
10-31 13:02:29.791  2813  2843 I Adreno  : QUALCOMM build                   : 7142022, Ib5823dd10c
10-31 13:02:29.791  2813  2843 I Adreno  : Build Date                       : 06/23/17
10-31 13:02:29.791  2813  2843 I Adreno  : OpenGL ES Shader Compiler Version: EV031.18.00.00
10-31 13:02:29.791  2813  2843 I Adreno  : Local Branch                     : O11A
10-31 13:02:29.791  2813  2843 I Adreno  : Remote Branch                    : 
10-31 13:02:29.791  2813  2843 I Adreno  : Remote Branch                    : 
10-31 13:02:29.791  2813  2843 I Adreno  : Reconstruct Branch               : 
10-31 13:02:29.795  2813  2843 I vndksupport: sphal namespace is not configured for this process. Loading /vendor/lib/hw/gralloc.msm8992.so from the current namespace instead.
10-31 13:02:29.800  2813  2813 W RecyclerView: No adapter attached; skipping layout
10-31 13:02:29.811  2813  2813 I cr_StartSurfaceConfig: Recorded Startup.Android.FirstDrawCompletedTime.NoInstant = 157 ms
10-31 13:02:29.812  2813  2843 I Adreno  : PFP: 0x00000000, ME: 0x00000000
10-31 13:02:29.820  2813  2836 D NetworkSecurityConfig: Using Network Security Config from resource 0_resource_name_obfuscated debugBuild: false
10-31 13:02:29.820  2813  2843 I OpenGLRenderer: Initialized EGL, version 1.4
10-31 13:02:29.821  2813  2843 D OpenGLRenderer: Swap behavior 2
10-31 13:02:30.163   361   361 W /system/bin/hwservicemanager: getTransportFromManifest: Cannot find entry android.hardware.graphics.mapper@2.0::IMapper in either framework or device manifest, using default transport.
10-31 13:02:30.166  2813  2843 I vndksupport: sphal namespace is not configured for this process. Loading /vendor/lib/hw/gralloc.msm8992.so from the current namespace instead.
10-31 13:02:30.214   772   797 I ActivityManager: Displayed com.android.chrome/org.chromium.chrome.browser.firstrun.FirstRunActivity: +606ms (total +1s70ms)
10-31 13:02:30.232 13325 13325 I MemoryTrimmer: Trimming objects from memory, since app is in the background.
10-31 13:02:30.235 13325  2557 V rsC++   : RS Message thread exiting.
10-31 13:02:30.262 14595 14624 I PBSessionCacheImpl: Deleted sessionId[6751180897502] from persistence.
10-31 13:02:30.264 14595 14595 I MicroDetector: Keeping mic open: false
10-31 13:02:30.265 14595 14655 I MicroRecognitionRunner: Stopping hotword detection.
10-31 13:02:30.269 14595 18556 I DeviceStateChecker: DeviceStateChecker cancelled
10-31 13:02:30.277 14595  2851 I AudioController: internalShutdown
10-31 13:02:30.278 14595  2851 I MicrophoneInputStream: mic_close com.google.android.apps.gsa.speech.audio.af@21d190b
10-31 13:02:30.304  2813  2836 I cr_VariationsSeedFetch: Fetched first run seed in 490 ms
10-31 13:02:30.336   556  2560 D audio_hw_primary: disable_audio_route: usecase(9) reset and update mixer path: audio-record
10-31 13:02:30.337   556  2560 D audio_hw_primary: disable_snd_device: snd_device(72: voice-rec-mic)
10-31 13:02:30.341   556  2560 D sound_trigger_platform: platform_stdev_check_and_update_concurrency: concurrency active 0, tx 0, rx 0, concurrency session_allowed 1
10-31 13:02:30.344   556   753 I SoundTriggerHwService::Module: onCallbackEvent no clients
10-31 13:02:30.349 14595 14621 I MicroRecognitionRunner: Detection finished
10-31 13:02:30.368  2854  2854 E /system/bin/webview_zygote32: failed to make and chown /acct/uid_99806: Permission denied
10-31 13:02:30.369  2854  2854 E Zygote  : createProcessGroup(99806, 0) failed: Permission denied
10-31 13:02:30.371   772 13071 I ActivityManager: Start proc 2854:com.android.chrome:sandboxed_process0/u0i806 for webview_service com.android.chrome/org.chromium.content.app.SandboxedProcessService0
10-31 13:02:30.391  2854  2854 I SamplingProfilerIntegration: Profiling disabled.
10-31 13:02:30.410  2868  2868 E asset   : setgid: Operation not permitted
10-31 13:02:30.437  2854  2854 I cr_SplitCompatApp: Launched version=106.0.5249.79 minSdkVersion=24 isBundle=true processName=com.android.chrome:sandboxed_process0 isIsolated=true
10-31 13:02:30.442  2854  2854 W SystemServiceRegistry: No service published for: uimode
10-31 13:02:30.448  2854  2854 I cr_ChildProcessService: Creating new ChildProcessService pid=2854
10-31 13:02:30.454  2854  2854 E WebViewFactory: can't load with relro file; address space not reserved
10-31 13:02:30.535   772  3037 I ActivityManager: Start proc 2885:com.android.chrome:privileged_process0/u0a60 for service com.android.chrome/org.chromium.content.app.PrivilegedProcessService0
10-31 13:02:30.580  2813  2813 I cr_SmsProviderGms: construction successfull y93@458cef3, v93@bd057b0
10-31 13:02:30.590 13542 13542 D BoundBrokerSvc: onBind: Intent { act=com.google.android.gms.auth.key.retrieval.service.START dat=chimera-action:com.google.android.gms.auth.key.retrieval.service.START cmp=com.google.android.gms/.chimera.GmsApiService }
10-31 13:02:30.590 13542 13542 D BoundBrokerSvc: Loading bound service for intent: Intent { act=com.google.android.gms.auth.key.retrieval.service.START dat=chimera-action:com.google.android.gms.auth.key.retrieval.service.START cmp=com.google.android.gms/.chimera.GmsApiService }
10-31 13:02:30.598  2885  2885 I cr_SplitCompatApp: Launched version=106.0.5249.79 minSdkVersion=24 isBundle=true processName=com.android.chrome:privileged_process0 isIsolated=false
10-31 13:02:30.610  2885  2885 I cr_ChildProcessService: Creating new ChildProcessService pid=2885
10-31 13:02:30.651  2813  2813 W cr_KnoxSettingsProvider: Permission to read device policy denied.
10-31 13:02:30.660  2885  2904 I cr_LibraryLoader: Successfully loaded native library
10-31 13:02:30.660  2885  2904 I cr_CachingUmaRecorder: Flushed 3 samples from 3 histograms.
10-31 13:02:30.675  2885  2904 I Adreno  : QUALCOMM build                   : 7142022, Ib5823dd10c
10-31 13:02:30.675  2885  2904 I Adreno  : Build Date                       : 06/23/17
10-31 13:02:30.675  2885  2904 I Adreno  : OpenGL ES Shader Compiler Version: EV031.18.00.00
10-31 13:02:30.675  2885  2904 I Adreno  : Local Branch                     : O11A
10-31 13:02:30.675  2885  2904 I Adreno  : Remote Branch                    : 
10-31 13:02:30.675  2885  2904 I Adreno  : Remote Branch                    : 
10-31 13:02:30.675  2885  2904 I Adreno  : Reconstruct Branch               : 
10-31 13:02:30.675  2885  2904 I vndksupport: sphal namespace is not configured for this process. Loading /vendor/lib/hw/gralloc.msm8992.so from the current namespace instead.
10-31 13:02:30.679  2885  2904 I Adreno  : PFP: 0x00000000, ME: 0x00000000
10-31 13:02:31.778  2913  2913 E /system/bin/webview_zygote32: failed to make and chown /acct/uid_99807: Permission denied
10-31 13:02:31.778  2913  2913 E Zygote  : createProcessGroup(99807, 0) failed: Permission denied
10-31 13:02:31.780   772  4540 I ActivityManager: Start proc 2913:com.android.chrome:sandboxed_process1/u0i807 for webview_service com.android.chrome/org.chromium.content.app.SandboxedProcessService1
10-31 13:02:31.794  2913  2913 I SamplingProfilerIntegration: Profiling disabled.
10-31 13:02:31.812  2926  2926 E asset   : setgid: Operation not permitted
10-31 13:02:31.843  2913  2913 I cr_SplitCompatApp: Launched version=106.0.5249.79 minSdkVersion=24 isBundle=true processName=com.android.chrome:sandboxed_process1 isIsolated=true
10-31 13:02:31.850  2913  2913 W SystemServiceRegistry: No service published for: uimode
10-31 13:02:31.860  2913  2913 I cr_ChildProcessService: Creating new ChildProcessService pid=2913
10-31 13:02:31.867  2913  2913 E WebViewFactory: can't load with relro file; address space not reserved
10-31 13:02:31.878  2913  2928 I cr_LibraryLoader: Successfully loaded native library
10-31 13:02:31.879  2913  2928 I cr_CachingUmaRecorder: Flushed 3 samples from 3 histograms.
10-31 13:02:31.912  2913  2928 I chromium: [INFO:child_process_service.cc(69)] ChildProcessService: Exiting child process.
10-31 13:02:31.913   422   422 E lowmemorykiller: Error writing /proc/2913/oom_score_adj; errno=22
10-31 13:02:31.914   772  4540 I ActivityManager: Killing 2913:com.android.chrome:sandboxed_process1/u0a60i807 (adj 0): isolated not needed
10-31 13:02:31.915   772   790 W zygote64: failed to open /acct/uid_99807/pid_2913/cgroup.procs: No such file or directory
10-31 13:02:32.802  2813  2813 E cr_BTSPrefs: No data found for task id: 53
10-31 13:02:32.803  2813  2813 E cr_BkgrdTaskScheduler: Task cannot be canceled because no data was found instorage or data was invalid
10-31 13:02:35.284 14595 18556 I EventLogSendingHelper: Sending log events.
10-31 13:02:36.278  2965  2965 D AndroidRuntime: >>>>>> START com.android.internal.os.RuntimeInit uid 2000 <<<<<<
10-31 13:02:36.424  2965  2965 D AndroidRuntime: Calling main entry com.android.commands.input.Input
10-31 13:02:36.446  2965  2965 I Input   : injectMotionEvent: MotionEvent { action=ACTION_DOWN, actionButton=0, id[0]=0, x[0]=540.0, y[0]=1660.0, toolType[0]=TOOL_TYPE_UNKNOWN, buttonState=0, metaState=0, flags=0x0, edgeFlags=0x0, pointerCount=1, historySize=0, eventTime=536254694, downTime=536254694, deviceId=8, source=0x1002 }
10-31 13:02:36.453  2965  2965 I Input   : injectMotionEvent: MotionEvent { action=ACTION_UP, actionButton=0, id[0]=0, x[0]=540.0, y[0]=1660.0, toolType[0]=TOOL_TYPE_UNKNOWN, buttonState=0, metaState=0, flags=0x0, edgeFlags=0x0, pointerCount=1, historySize=0, eventTime=536254694, downTime=536254694, deviceId=8, source=0x1002 }
10-31 13:02:36.457  2965  2965 D AndroidRuntime: Shutting down VM
10-31 13:02:36.478   556  6498 D audio_hw_primary: enable_snd_device: snd_device(88: vi-feedback)
10-31 13:02:36.478   556  6498 D audio_hw_primary: enable_audio_route: usecase(23) apply and update mixer path: spkr-vi-record
10-31 13:02:36.505   556  6498 D audio_hw_primary: enable_audio_route: usecase(1) apply and update mixer path: low-latency-playback
10-31 13:02:37.026   556   731 D audio_hw_primary: disable_audio_route: usecase(1) reset and update mixer path: low-latency-playback
10-31 13:02:37.040   556   731 D audio_hw_primary: disable_snd_device: snd_device(88: vi-feedback)
10-31 13:02:37.041   556   731 D audio_hw_primary: disable_audio_route: usecase(23) reset and update mixer path: spkr-vi-record
10-31 13:02:37.968  3008  3008 D AndroidRuntime: >>>>>> START com.android.internal.os.RuntimeInit uid 2000 <<<<<<
10-31 13:02:38.101  3008  3008 D AndroidRuntime: Calling main entry com.android.commands.input.Input
10-31 13:02:38.107  3008  3008 I Input   : injectMotionEvent: MotionEvent { action=ACTION_DOWN, actionButton=0, id[0]=0, x[0]=180.0, y[0]=1690.0, toolType[0]=TOOL_TYPE_UNKNOWN, buttonState=0, metaState=0, flags=0x0, edgeFlags=0x0, pointerCount=1, historySize=0, eventTime=536256372, downTime=536256372, deviceId=8, source=0x1002 }
10-31 13:02:38.114  3008  3008 I Input   : injectMotionEvent: MotionEvent { action=ACTION_UP, actionButton=0, id[0]=0, x[0]=180.0, y[0]=1690.0, toolType[0]=TOOL_TYPE_UNKNOWN, buttonState=0, metaState=0, flags=0x0, edgeFlags=0x0, pointerCount=1, historySize=0, eventTime=536256372, downTime=536256372, deviceId=8, source=0x1002 }
10-31 13:02:38.118  3008  3008 D AndroidRuntime: Shutting down VM
10-31 13:02:38.133   556  6498 D audio_hw_primary: enable_snd_device: snd_device(88: vi-feedback)
10-31 13:02:38.133   556  6498 D audio_hw_primary: enable_audio_route: usecase(23) apply and update mixer path: spkr-vi-record
10-31 13:02:38.136   772  1327 I ActivityManager: START u0 {act=android.intent.action.VIEW flg=0x10008000 cmp=com.android.chrome/com.google.android.apps.chrome.Main (has extras)} from uid 10060
10-31 13:02:38.140   772   830 E ResourceType: Style contains key with bad entry: 0x0101062c
10-31 13:02:38.140   772   830 E ResourceType: Style contains key with bad entry: 0x0101062c
10-31 13:02:38.158   556  6498 D audio_hw_primary: enable_audio_route: usecase(1) apply and update mixer path: low-latency-playback
10-31 13:02:38.162  2813  2813 E ResourceType: Style contains key with bad entry: 0x0101062c
10-31 13:02:38.165  2813  2813 E ResourceType: Style contains key with bad entry: 0x0101062c
10-31 13:02:38.197  2813  2813 W ResourceType: Failure getting entry for 0x7f010055 (t=0 e=85) (error -75)
10-31 13:02:38.205  2813  2813 I cr_CompositorSurfaceMgr: Transitioning to surface with format: -1
10-31 13:02:38.209  2813  2813 W ResourceType: Failure getting entry for 0x7f010530 (t=0 e=1328) (error -75)
10-31 13:02:38.256  2813  2882 W cr_tabmodel: Starting to perform legacy migration.
10-31 13:02:38.258  2813  2882 W cr_tabmodel: Finished performing legacy migration.
10-31 13:02:38.258  2813  2882 W cr_tabmodel: Starting to perform multi-instance migration.
10-31 13:02:38.258  2813  2882 W cr_tabmodel: Finished performing multi-instance migration.
10-31 13:02:38.259  2813  2882 I cr_tabmodel: Starting to fetch tab list for tab_state0
10-31 13:02:38.259  2813  2882 I cr_tabmodel: State file does not exist.
10-31 13:02:38.259  2813  2882 I cr_tabmodel: Starting to fetch tab list for tab_state1
10-31 13:02:38.259  2813  2882 I cr_tabmodel: State file does not exist.
10-31 13:02:38.322   772 13071 W ActivityManager: Duplicate finish request for ActivityRecord{160f25 u0 com.android.chrome/org.chromium.chrome.browser.firstrun.FirstRunActivity t762 f}
10-31 13:02:38.325  2813  2882 W cr_PartnerCustomize: Partner homepage must be HTTP(S) or NewTabPage. Got invalid URL "org.chromium.url.GURL@0"
10-31 13:02:38.373  2813  2813 I cr_StartSurfaceConfig: Recorded Startup.Android.FirstDrawCompletedTime.NoInstant = 199 ms
10-31 13:02:38.376  2813  2843 D OpenGLRenderer: endAllActiveAnimators on 0xc59caf00 (RippleDrawable) with handle 0xc59ff420
10-31 13:02:38.381  2813  2813 I cr_CompositorSurfaceMgr: Transitioning to surface with format: -1
10-31 13:02:38.384  2813  2813 I cr_CompositorSurfaceMgr: surfaceCreated format: 0
10-31 13:02:38.395  2813  2813 I cr_ChromeTabbedActivity: #initializeState
10-31 13:02:38.395  2813  2813 I cr_CipherFactory: #restoreFromBundle, no savedInstanceState.
10-31 13:02:38.395  2813  2813 I cr_tabmodel: #loadState, ignoreIncognitoFiles? true
10-31 13:02:38.403  2813  2813 I cr_tabmodel: Loaded tab lists; counts: 0,0
10-31 13:02:38.403  2813  2813 I cr_ChromeTabbedActivity: #createInitialTab executed.
10-31 13:02:38.434  2813  2813 E ResourceType: Style contains key with bad entry: 0x0101062c
10-31 13:02:38.472  2813  2813 W ResourceType: Failure getting entry for 0x7f010565 (t=0 e=1381) (error -75)
10-31 13:02:38.479  2813  2813 W ResourceType: Failure getting entry for 0x7f010551 (t=0 e=1361) (error -75)
10-31 13:02:38.499   772  3037 E BatteryStatsService: no controller energy info supplied
10-31 13:02:38.499   772  3037 E BatteryStatsService: no controller energy info supplied
10-31 13:02:38.519   772   788 W ProcessCpuTracker: Skipping unknown process pid 3052
10-31 13:02:38.539  2813  2813 W ResourceType: Failure getting entry for 0x7f01059a (t=0 e=1434) (error -75)
10-31 13:02:38.581   772 10893 W AppOps  : Bad call: specified package com.google.android.gms under uid 10060 but it is really 10020
10-31 13:02:38.581   772 10893 W AppOps  : java.lang.RuntimeException: here
10-31 13:02:38.581   772 10893 W AppOps  : 	at com.android.server.AppOpsService.getOpsRawLocked(AppOpsService.java:1319)
10-31 13:02:38.581   772 10893 W AppOps  : 	at com.android.server.AppOpsService.checkPackage(AppOpsService.java:1038)
10-31 13:02:38.581   772 10893 W AppOps  : 	at com.android.internal.app.IAppOpsService$Stub.onTransact(IAppOpsService.java:169)
10-31 13:02:38.581   772 10893 W AppOps  : 	at android.os.Binder.execTransact(Binder.java:674)
10-31 13:02:38.581   772  1259 W AppOps  : Bad call: specified package com.google.android.gms under uid 10060 but it is really 10020
10-31 13:02:38.581   772  1259 W AppOps  : java.lang.RuntimeException: here
10-31 13:02:38.581   772  1259 W AppOps  : 	at com.android.server.AppOpsService.getOpsRawLocked(AppOpsService.java:1319)
10-31 13:02:38.581   772  1259 W AppOps  : 	at com.android.server.AppOpsService.checkPackage(AppOpsService.java:1038)
10-31 13:02:38.581   772  1259 W AppOps  : 	at com.android.internal.app.IAppOpsService$Stub.onTransact(IAppOpsService.java:169)
10-31 13:02:38.581   772  1259 W AppOps  : 	at android.os.Binder.execTransact(Binder.java:674)
10-31 13:02:38.583   772 13021 W AppOps  : Bad call: specified package com.google.android.gms under uid 10060 but it is really 10020
10-31 13:02:38.583   772 13021 W AppOps  : java.lang.RuntimeException: here
10-31 13:02:38.583   772 13021 W AppOps  : 	at com.android.server.AppOpsService.getOpsRawLocked(AppOpsService.java:1319)
10-31 13:02:38.583   772 13021 W AppOps  : 	at com.android.server.AppOpsService.checkPackage(AppOpsService.java:1038)
10-31 13:02:38.583   772 13021 W AppOps  : 	at com.android.internal.app.IAppOpsService$Stub.onTransact(IAppOpsService.java:169)
10-31 13:02:38.583   772 13021 W AppOps  : 	at android.os.Binder.execTransact(Binder.java:674)
10-31 13:02:38.584   772  4540 W AppOps  : Bad call: specified package com.google.android.gms under uid 10060 but it is really 10020
10-31 13:02:38.584   772  4540 W AppOps  : java.lang.RuntimeException: here
10-31 13:02:38.584   772  4540 W AppOps  : 	at com.android.server.AppOpsService.getOpsRawLocked(AppOpsService.java:1319)
10-31 13:02:38.584   772  4540 W AppOps  : 	at com.android.server.AppOpsService.checkPackage(AppOpsService.java:1038)
10-31 13:02:38.584   772  4540 W AppOps  : 	at com.android.internal.app.IAppOpsService$Stub.onTransact(IAppOpsService.java:169)
10-31 13:02:38.584   772  4540 W AppOps  : 	at android.os.Binder.execTransact(Binder.java:674)
10-31 13:02:38.613  2813  2813 E cr_IntentUtils: getBooleanExtra failed on intent null
10-31 13:02:38.613  2813  2813 E cr_IntentUtils: getBooleanExtra failed on intent null
10-31 13:02:38.614  2854  2870 I cr_LibraryLoader: Successfully loaded native library
10-31 13:02:38.615  2854  2870 I cr_CachingUmaRecorder: Flushed 3 samples from 3 histograms.
10-31 13:02:38.647  2813  2813 W ResourceType: Failure getting entry for 0x7f010888 (t=0 e=2184) (error -75)
10-31 13:02:38.659  2813  2813 I chatty  : uid=10060(u0_a60) identical 5 lines
10-31 13:02:38.660  2813  2813 W ResourceType: Failure getting entry for 0x7f010888 (t=0 e=2184) (error -75)
10-31 13:02:38.662  3960  4151 I FontLog : Received query name=Google Sans&weight=700&besteffort=false, URI content://com.google.android.gms.fonts [CONTEXT service_id=132 ]
10-31 13:02:38.662  2813  2813 W ResourceType: Failure getting entry for 0x7f010888 (t=0 e=2184) (error -75)
10-31 13:02:38.662  3960  4151 I FontLog : Query [name=Google Sans&weight=700&besteffort=false] resolved to {Google Sans, wdth 100.0, wght 700, ital 0.0, bestEffort false} [CONTEXT service_id=132 ]
10-31 13:02:38.663  2813  2813 I cr_TopSites: Start a new task.
10-31 13:02:38.664  2813  2873 I cr_TopSites: Serializing top sites lists finished; count: 8
10-31 13:02:38.664  3960  4151 I FontLog : Fetch {Google Sans, wdth 100.0, wght 700, ital 0.0, bestEffort false} end status Status{statusCode=SUCCESS, resolution=null} [CONTEXT service_id=132 ]
10-31 13:02:38.679  2813  2873 I cr_TopSites: Finished saving top sites list to file:/data/user/0/com.android.chrome/app_top_sites/top_sites
10-31 13:02:38.687   556   731 D audio_hw_primary: disable_audio_route: usecase(1) reset and update mixer path: low-latency-playback
10-31 13:02:38.700  3077  3077 E /system/bin/webview_zygote32: failed to make and chown /acct/uid_99808: Permission denied
10-31 13:02:38.700  3077  3077 E Zygote  : createProcessGroup(99808, 0) failed: Permission denied
10-31 13:02:38.701   556   731 D audio_hw_primary: disable_snd_device: snd_device(88: vi-feedback)
10-31 13:02:38.701   556   731 D audio_hw_primary: disable_audio_route: usecase(23) reset and update mixer path: spkr-vi-record
10-31 13:02:38.703   772  2970 I ActivityManager: Start proc 3077:com.android.chrome:sandboxed_process2/u0i808 for webview_service com.android.chrome/org.chromium.content.app.SandboxedProcessService2
10-31 13:02:38.706  3960  3971 I FontLog : Pulling font file for id = 2248, cache size = 10 [CONTEXT service_id=132 ]
10-31 13:02:38.713   361   361 W /system/bin/hwservicemanager: getTransportFromManifest: Cannot find entry android.hardware.graphics.mapper@2.0::IMapper in either framework or device manifest, using default transport.
10-31 13:02:38.718  2885  2904 I vndksupport: sphal namespace is not configured for this process. Loading /vendor/lib/hw/gralloc.msm8992.so from the current namespace instead.
10-31 13:02:38.723   772 20193 I ActivityManager: Start proc 3088:com.android.chrome:sandboxed_process3/u0i809 for webview_service com.android.chrome/org.chromium.content.app.SandboxedProcessService3
10-31 13:02:38.727  3088  3088 E /system/bin/webview_zygote32: failed to make and chown /acct/uid_99809: Permission denied
10-31 13:02:38.727  3088  3088 E Zygote  : createProcessGroup(99809, 0) failed: Permission denied
10-31 13:02:38.735  3098  3098 E /system/bin/webview_zygote32: failed to make and chown /acct/uid_99810: Permission denied
10-31 13:02:38.735  3098  3098 E Zygote  : createProcessGroup(99810, 0) failed: Permission denied
10-31 13:02:38.739   772  1259 I ActivityManager: Start proc 3098:com.android.chrome:sandboxed_process4/u0i810 for webview_service com.android.chrome/org.chromium.content.app.SandboxedProcessService4
10-31 13:02:38.741  3077  3077 I SamplingProfilerIntegration: Profiling disabled.
10-31 13:02:38.742  3960  4244 I FontLog : Received query name=Noto Color Emoji Compat&weight=400&besteffort=false, URI content://com.google.android.gms.fonts [CONTEXT service_id=132 ]
10-31 13:02:38.743  3960  4244 I FontLog : Query [name=Noto Color Emoji Compat&weight=400&besteffort=false] resolved to {Noto Color Emoji Compat, wdth 100.0, wght 400, ital 0.0, bestEffort false} [CONTEXT service_id=132 ]
10-31 13:02:38.747  3960  4244 I FontLog : Fetch {Noto Color Emoji Compat, wdth 100.0, wght 400, ital 0.0, bestEffort false} end status Status{statusCode=SUCCESS, resolution=null} [CONTEXT service_id=132 ]
10-31 13:02:38.758  3088  3088 I SamplingProfilerIntegration: Profiling disabled.
10-31 13:02:38.758   772  1327 I ActivityManager: Start proc 3123:com.android.chrome:sandboxed_process5/u0i811 for webview_service com.android.chrome/org.chromium.content.app.SandboxedProcessService5
10-31 13:02:38.760  3123  3123 E /system/bin/webview_zygote32: failed to make and chown /acct/uid_99811: Permission denied
10-31 13:02:38.760  3123  3123 E Zygote  : createProcessGroup(99811, 0) failed: Permission denied
10-31 13:02:38.767  3098  3098 I SamplingProfilerIntegration: Profiling disabled.
10-31 13:02:38.776  2813  2813 I cr_tabmodel: Appending tabs being restored to metadata lists, 0, startingNormalCount: 1, startingIncognitoCount: 0
10-31 13:02:38.776  2813  2813 I cr_tabmodel: Serializing tab lists; counts: 1, 0
10-31 13:02:38.780  3138  3138 E asset   : setgid: Operation not permitted
10-31 13:02:38.784   772  3037 I ActivityManager: Start proc 3135:com.android.chrome:sandboxed_process6/u0i812 for webview_service com.android.chrome/org.chromium.content.app.SandboxedProcessService6
10-31 13:02:38.790  3135  3135 E /system/bin/webview_zygote32: failed to make and chown /acct/uid_99812: Permission denied
10-31 13:02:38.790  3135  3135 E Zygote  : createProcessGroup(99812, 0) failed: Permission denied
10-31 13:02:38.793  3960  3971 I FontLog : Pulling font file for id = 2249, cache size = 9 [CONTEXT service_id=132 ]
10-31 13:02:38.813  3154  3154 E asset   : setgid: Operation not permitted
10-31 13:02:38.815  2813  2813 W ResourceType: Failure getting entry for 0x7f010216 (t=0 e=534) (error -75)
10-31 13:02:38.817  2813  2813 W ResourceType: Failure getting entry for 0x7f0107c9 (t=0 e=1993) (error -75)
10-31 13:02:38.818  3135  3135 I SamplingProfilerIntegration: Profiling disabled.
10-31 13:02:38.819  3156  3156 E asset   : setgid: Operation not permitted
10-31 13:02:38.820  3153  3153 E /system/bin/webview_zygote32: failed to make and chown /acct/uid_99813: Permission denied
10-31 13:02:38.820  3123  3123 I SamplingProfilerIntegration: Profiling disabled.
10-31 13:02:38.820  3153  3153 E Zygote  : createProcessGroup(99813, 0) failed: Permission denied
10-31 13:02:38.825   772  2969 I ActivityManager: Start proc 3153:com.android.chrome:sandboxed_process7/u0i813 for webview_service com.android.chrome/org.chromium.content.app.SandboxedProcessService7
10-31 13:02:38.828  3960  4217 I FontLog : Received query name=Google Sans&weight=400&besteffort=false, URI content://com.google.android.gms.fonts [CONTEXT service_id=132 ]
10-31 13:02:38.828  3960  4217 I FontLog : Query [name=Google Sans&weight=400&besteffort=false] resolved to {Google Sans, wdth 100.0, wght 400, ital 0.0, bestEffort false} [CONTEXT service_id=132 ]
10-31 13:02:38.829  3077  3077 I cr_SplitCompatApp: Launched version=106.0.5249.79 minSdkVersion=24 isBundle=true processName=com.android.chrome:sandboxed_process2 isIsolated=true
10-31 13:02:38.830  3960  4217 I FontLog : Font PFD returned from cache for {Google Sans, wdth 100.0, wght 400, ital 0.0, bestEffort false} [CONTEXT service_id=132 ]
10-31 13:02:38.830  3960  4217 I FontLog : Fetch {Google Sans, wdth 100.0, wght 400, ital 0.0, bestEffort false} end status Status{statusCode=SUCCESS, resolution=null} [CONTEXT service_id=132 ]
10-31 13:02:38.845  3153  3153 I SamplingProfilerIntegration: Profiling disabled.
10-31 13:02:38.852  3171  3171 E asset   : setgid: Operation not permitted
10-31 13:02:38.853  3077  3077 W SystemServiceRegistry: No service published for: uimode
10-31 13:02:38.854  2813  2813 W ResourceType: Failure getting entry for 0x7f010827 (t=0 e=2087) (error -75)
10-31 13:02:38.856   772 10895 I ActivityManager: Start proc 3172:com.android.chrome:sandboxed_process8/u0i814 for webview_service com.android.chrome/org.chromium.content.app.SandboxedProcessService8
10-31 13:02:38.857  3960  3971 I FontLog : Pulling font file for id = 2250, cache size = 10 [CONTEXT service_id=132 ]
10-31 13:02:38.859  3177  3177 E asset   : setgid: Operation not permitted
10-31 13:02:38.862  3172  3172 E /system/bin/webview_zygote32: failed to make and chown /acct/uid_99814: Permission denied
10-31 13:02:38.862  3172  3172 E Zygote  : createProcessGroup(99814, 0) failed: Permission denied
10-31 13:02:38.866  3098  3098 I cr_SplitCompatApp: Launched version=106.0.5249.79 minSdkVersion=24 isBundle=true processName=com.android.chrome:sandboxed_process4 isIsolated=true
10-31 13:02:38.867  2813  2813 I cr_OfflineIndicator: onConnectionTypeChanged 2
10-31 13:02:38.867  3960  4217 I FontLog : Received query name=Google Sans&weight=500&besteffort=false, URI content://com.google.android.gms.fonts [CONTEXT service_id=132 ]
10-31 13:02:38.868  3960  4217 I FontLog : Query [name=Google Sans&weight=500&besteffort=false] resolved to {Google Sans, wdth 100.0, wght 500, ital 0.0, bestEffort false} [CONTEXT service_id=132 ]
10-31 13:02:38.868  2813  2813 I cr_OfflineIndicator: Reported by system: [ Transports: WIFI Capabilities: NOT_METERED&INTERNET&NOT_RESTRICTED&TRUSTED&NOT_VPN&VALIDATED&FOREGROUND LinkUpBandwidth>=1048576Kbps LinkDnBandwidth>=1048576Kbps SignalStrength: -64]
10-31 13:02:38.868  2813  2813 I cr_OfflineIndicator: setConnectionState connectionState=4
10-31 13:02:38.868  2813  2813 I cr_OfflineDetector: Running updateState mConnectivityDetectorInitialized: true, mTimeWhenLastForegrounded: 1093813033, getElapsedTime: 1093813034, mTimeWhenLastOfflineNotificationReceived: 0, mTimeWhenLastOnline: 1093813034, mApplicationState: 1, mIsOfflineLastReportedByConnectivityDetector: false, mIsEffectivelyOffline: false
10-31 13:02:38.868  2813  2813 I cr_OfflineDetector: updateState(): timeSinceLastForeground: 1, timeSinceOfflineNotificationReceived: 1093813034, timeSinceLastOnline: 0, timeNeededForForeground: 1999, timeNeededForOffline: -1093811034
10-31 13:02:38.868  2813  2813 I cr_OfflineIndicator: processConnectivityCheckResult mConnectionState=4 mConnectivityCheckingStage=1
10-31 13:02:38.871  3960  4217 I FontLog : Font PFD returned from cache for {Google Sans, wdth 100.0, wght 500, ital 0.0, bestEffort false} [CONTEXT service_id=132 ]
10-31 13:02:38.872  3960  4217 I FontLog : Fetch {Google Sans, wdth 100.0, wght 500, ital 0.0, bestEffort false} end status Status{statusCode=SUCCESS, resolution=null} [CONTEXT service_id=132 ]
10-31 13:02:38.875  3077  3077 I cr_ChildProcessService: Creating new ChildProcessService pid=3077
10-31 13:02:38.885  3181  3181 E /system/bin/webview_zygote32: failed to make and chown /acct/uid_99815: Permission denied
10-31 13:02:38.885  3181  3181 E Zygote  : createProcessGroup(99815, 0) failed: Permission denied
10-31 13:02:38.889  3098  3098 W SystemServiceRegistry: No service published for: uimode
10-31 13:02:38.892  3187  3187 E asset   : setgid: Operation not permitted
10-31 13:02:38.893  3088  3088 I cr_SplitCompatApp: Launched version=106.0.5249.79 minSdkVersion=24 isBundle=true processName=com.android.chrome:sandboxed_process3 isIsolated=true
10-31 13:02:38.894   772  1327 I ActivityManager: Start proc 3181:com.android.chrome:sandboxed_process9/u0i815 for webview_service com.android.chrome/org.chromium.content.app.SandboxedProcessService9
10-31 13:02:38.900  3098  3098 I cr_ChildProcessService: Creating new ChildProcessService pid=3098
10-31 13:02:38.900  3960  4151 I FontLog : Pulling font file for id = 2251, cache size = 11 [CONTEXT service_id=132 ]
10-31 13:02:38.912  3181  3181 I SamplingProfilerIntegration: Profiling disabled.
10-31 13:02:38.912  2813  2813 W ResourceType: Failure getting entry for 0x7f010415 (t=0 e=1045) (error -75)
10-31 13:02:38.916  3098  3098 E WebViewFactory: can't load with relro file; address space not reserved
10-31 13:02:38.917  3077  3077 E WebViewFactory: can't load with relro file; address space not reserved
10-31 13:02:38.921  3123  3123 I cr_SplitCompatApp: Launched version=106.0.5249.79 minSdkVersion=24 isBundle=true processName=com.android.chrome:sandboxed_process5 isIsolated=true
10-31 13:02:38.922  3088  3088 W SystemServiceRegistry: No service published for: uimode
10-31 13:02:38.924  3172  3172 I SamplingProfilerIntegration: Profiling disabled.
10-31 13:02:38.928  3135  3135 I cr_SplitCompatApp: Launched version=106.0.5249.79 minSdkVersion=24 isBundle=true processName=com.android.chrome:sandboxed_process6 isIsolated=true
10-31 13:02:38.933  3077  3180 I cr_LibraryLoader: Successfully loaded native library
10-31 13:02:38.939  3153  3153 I cr_SplitCompatApp: Launched version=106.0.5249.79 minSdkVersion=24 isBundle=true processName=com.android.chrome:sandboxed_process7 isIsolated=true
10-31 13:02:38.941  3088  3088 I cr_ChildProcessService: Creating new ChildProcessService pid=3088
10-31 13:02:38.944  3205  3205 E asset   : setgid: Operation not permitted
10-31 13:02:38.946  3077  3180 I cr_CachingUmaRecorder: Flushed 3 samples from 3 histograms.
10-31 13:02:38.947  3123  3123 W SystemServiceRegistry: No service published for: uimode
10-31 13:02:38.948  3135  3135 W SystemServiceRegistry: No service published for: uimode
10-31 13:02:38.948  3098  3198 I cr_LibraryLoader: Successfully loaded native library
10-31 13:02:38.949  3098  3198 I cr_CachingUmaRecorder: Flushed 3 samples from 3 histograms.
10-31 13:02:38.952  3153  3153 W SystemServiceRegistry: No service published for: uimode
10-31 13:02:38.953  3088  3088 E WebViewFactory: can't load with relro file; address space not reserved
10-31 13:02:38.973  3153  3153 I cr_ChildProcessService: Creating new ChildProcessService pid=3153
10-31 13:02:38.974  3123  3123 I cr_ChildProcessService: Creating new ChildProcessService pid=3123
10-31 13:02:38.974  3135  3135 I cr_ChildProcessService: Creating new ChildProcessService pid=3135
10-31 13:02:38.976  3208  3208 E asset   : setgid: Operation not permitted
10-31 13:02:38.977  3088  3204 I cr_LibraryLoader: Successfully loaded native library
10-31 13:02:38.978  3088  3204 I cr_CachingUmaRecorder: Flushed 3 samples from 3 histograms.
10-31 13:02:38.982   772 13071 I ActivityManager: Start proc 3209:com.android.chrome:sandboxed_process10/u0i816 for webview_service com.android.chrome/org.chromium.content.app.SandboxedProcessService10
10-31 13:02:38.988  3135  3135 E WebViewFactory: can't load with relro file; address space not reserved
10-31 13:02:38.989  3209  3209 E /system/bin/webview_zygote32: failed to make and chown /acct/uid_99816: Permission denied
10-31 13:02:38.989  3209  3209 E Zygote  : createProcessGroup(99816, 0) failed: Permission denied
10-31 13:02:38.995  3153  3153 E WebViewFactory: can't load with relro file; address space not reserved
10-31 13:02:38.999  3123  3123 E WebViewFactory: can't load with relro file; address space not reserved
10-31 13:02:39.006  3135  3207 I cr_LibraryLoader: Successfully loaded native library
10-31 13:02:39.007  3135  3207 I cr_CachingUmaRecorder: Flushed 3 samples from 3 histograms.
10-31 13:02:39.007  3153  3213 I cr_LibraryLoader: Successfully loaded native library
10-31 13:02:39.008  3153  3213 I cr_CachingUmaRecorder: Flushed 3 samples from 3 histograms.
10-31 13:02:39.012  3123  3206 I cr_LibraryLoader: Successfully loaded native library
10-31 13:02:39.013  3123  3206 I cr_CachingUmaRecorder: Flushed 3 samples from 3 histograms.
10-31 13:02:39.022  3209  3209 I SamplingProfilerIntegration: Profiling disabled.
10-31 13:02:39.031  3181  3181 I cr_SplitCompatApp: Launched version=106.0.5249.79 minSdkVersion=24 isBundle=true processName=com.android.chrome:sandboxed_process9 isIsolated=true
10-31 13:02:39.040  3181  3181 W SystemServiceRegistry: No service published for: uimode
10-31 13:02:39.048  3172  3172 I cr_SplitCompatApp: Launched version=106.0.5249.79 minSdkVersion=24 isBundle=true processName=com.android.chrome:sandboxed_process8 isIsolated=true
10-31 13:02:39.062  3172  3172 W SystemServiceRegistry: No service published for: uimode
10-31 13:02:39.063  3181  3181 I cr_ChildProcessService: Creating new ChildProcessService pid=3181
10-31 13:02:39.071  3181  3181 E WebViewFactory: can't load with relro file; address space not reserved
10-31 13:02:39.075   772   781 I zygote64: Background concurrent copying GC freed 35925(2MB) AllocSpace objects, 34(728KB) LOS objects, 42% free, 17MB/30MB, paused 219us total 269.492ms
10-31 13:02:39.078  3172  3172 I cr_ChildProcessService: Creating new ChildProcessService pid=3172
10-31 13:02:39.079  3267  3267 E asset   : setgid: Operation not permitted
10-31 13:02:39.091  3172  3172 E WebViewFactory: can't load with relro file; address space not reserved
10-31 13:02:39.094  3181  3264 I cr_LibraryLoader: Successfully loaded native library
10-31 13:02:39.095  3181  3264 I cr_CachingUmaRecorder: Flushed 3 samples from 3 histograms.
10-31 13:02:39.104  3172  3268 I cr_LibraryLoader: Successfully loaded native library
10-31 13:02:39.104  3172  3268 I cr_CachingUmaRecorder: Flushed 3 samples from 3 histograms.
10-31 13:02:39.124  3209  3209 I cr_SplitCompatApp: Launched version=106.0.5249.79 minSdkVersion=24 isBundle=true processName=com.android.chrome:sandboxed_process10 isIsolated=true
10-31 13:02:39.133  3209  3209 W SystemServiceRegistry: No service published for: uimode
10-31 13:02:39.135  2813  2874 I cr_VrCoreVersionChecker: Unable to find VrCore.
10-31 13:02:39.143  3209  3209 I cr_ChildProcessService: Creating new ChildProcessService pid=3209
10-31 13:02:39.144  2813  2823 I zygote  : Background concurrent copying GC freed 39404(2039KB) AllocSpace objects, 1(20KB) LOS objects, 49% free, 5MB/11MB, paused 322us total 187.494ms
10-31 13:02:39.146  2813  2813 W ResourceType: Failure getting entry for 0x7f0100f9 (t=0 e=249) (error -75)
10-31 13:02:39.150  2813  2813 W ResourceType: Failure getting entry for 0x7f010828 (t=0 e=2088) (error -75)
10-31 13:02:39.152  3209  3209 E WebViewFactory: can't load with relro file; address space not reserved
10-31 13:02:39.157  2813  2813 W ResourceType: Failure getting entry for 0x7f010827 (t=0 e=2087) (error -75)
10-31 13:02:39.162  3209  3284 I cr_LibraryLoader: Successfully loaded native library
10-31 13:02:39.163  3209  3284 I cr_CachingUmaRecorder: Flushed 3 samples from 3 histograms.
10-31 13:02:39.176  3077  3180 I chromium: [INFO:child_process_service.cc(69)] ChildProcessService: Exiting child process.
10-31 13:02:39.176  3098  3198 I chromium: [INFO:child_process_service.cc(69)] ChildProcessService: Exiting child process.
10-31 13:02:39.177  3123  3206 I chromium: [INFO:child_process_service.cc(69)] ChildProcessService: Exiting child process.
10-31 13:02:39.179   422   422 E lowmemorykiller: Error writing /proc/3077/oom_score_adj; errno=22
10-31 13:02:39.179  3135  3207 I chromium: [INFO:child_process_service.cc(69)] ChildProcessService: Exiting child process.
10-31 13:02:39.179   772  1327 I ActivityManager: Killing 3077:com.android.chrome:sandboxed_process2/u0a60i808 (adj 0): isolated not needed
10-31 13:02:39.180  3088  3204 I chromium: [INFO:child_process_service.cc(69)] ChildProcessService: Exiting child process.
10-31 13:02:39.180   772   790 W zygote64: failed to open /acct/uid_99808/pid_3077/cgroup.procs: No such file or directory
10-31 13:02:39.182  3153  3213 I chromium: [INFO:child_process_service.cc(69)] ChildProcessService: Exiting child process.
10-31 13:02:39.183   772 10860 I ActivityManager: Killing 3098:com.android.chrome:sandboxed_process4/u0a60i810 (adj 0): isolated not needed
10-31 13:02:39.183   422   422 E lowmemorykiller: Error writing /proc/3098/oom_score_adj; errno=22
10-31 13:02:39.192  3181  3264 I chromium: [INFO:child_process_service.cc(69)] ChildProcessService: Exiting child process.
10-31 13:02:39.192  3172  3268 I chromium: [INFO:child_process_service.cc(69)] ChildProcessService: Exiting child process.
10-31 13:02:39.194  2813  2813 I Choreographer: Skipped 48 frames!  The application may be doing too much work on its main thread.
10-31 13:02:39.195   422   422 E lowmemorykiller: Error writing /proc/3123/oom_score_adj; errno=22
10-31 13:02:39.196   772  4540 I ActivityManager: Killing 3123:com.android.chrome:sandboxed_process5/u0a60i811 (adj 0): isolated not needed
10-31 13:02:39.197   772   790 W zygote64: failed to open /acct/uid_99810/pid_3098/cgroup.procs: No such file or directory
10-31 13:02:39.197   772   790 W zygote64: failed to open /acct/uid_99811/pid_3123/cgroup.procs: No such file or directory
10-31 13:02:39.204 14595 14595 E WorkerRegistryImpl: getWorker() is called after WorkerRegistry disposal.
10-31 13:02:39.205 14595 14595 E WorkerRegistryImpl: getWorker() is called after WorkerRegistry disposal.
10-31 13:02:39.211   422   422 E lowmemorykiller: Error writing /proc/3088/oom_score_adj; errno=22
10-31 13:02:39.212   772  3854 I ActivityManager: Killing 3088:com.android.chrome:sandboxed_process3/u0a60i809 (adj 0): isolated not needed
10-31 13:02:39.214   422   422 E lowmemorykiller: Error writing /proc/3135/oom_score_adj; errno=22
