10-31 13:02:46.829 28948 28959 W TTS     : Could not find voice for zgh_MA
10-31 13:02:46.830 28948 28977 I TTS     : Couldn't read preferred locale from settings.
10-31 13:02:46.831 28948 28979 I TTS     : Couldn't read preferred locale from settings.
10-31 13:02:46.833 28948  3829 I TTS     : Couldn't read preferred locale from settings.
10-31 13:02:46.834 28948 28980 I TTS     : Couldn't read preferred locale from settings.
10-31 13:02:46.835 28948 28960 I TTS     : Couldn't read preferred locale from settings.
10-31 13:02:46.836 28948 28977 I TTS     : Couldn't read preferred locale from settings.
10-31 13:02:46.836 28948 28979 I TTS     : Couldn't read preferred locale from settings.
10-31 13:02:46.837 28948 28959 I TTS     : Couldn't read preferred locale from settings.
10-31 13:02:46.838 28948  3829 I TTS     : Couldn't read preferred locale from settings.
10-31 13:02:46.839 28948  3829 I TTS     : Couldn't read preferred locale from settings.
10-31 13:02:46.840 28948 28960 I TTS     : Couldn't read preferred locale from settings.
10-31 13:02:46.840 28948 28960 W TTS     : No local or network voice found, failing dispatch
10-31 13:02:46.840 28948 28960 W TTS     : Could not find voice for zu
10-31 13:02:46.840 28948 28979 I TTS     : Couldn't read preferred locale from settings.
10-31 13:02:46.841 28948 28979 W TTS     : No local or network voice found, failing dispatch
10-31 13:02:46.841 28948 28979 W TTS     : Could not find voice for zu_ZA
10-31 13:02:47.041   551   618 I ThermalEngine: ACTION: BATTERY - Setting battery charging mitigation to 3
10-31 13:02:47.908 28948  3828 I TTS     : Done initializing en-us-x-sfg-lstm-embedded
10-31 13:02:49.571  2813  2813 E cr_BTSPrefs: No data found for task id: 56
10-31 13:02:49.572  2813  2813 E cr_BkgrdTaskScheduler: Task cannot be canceled because no data was found instorage or data was invalid
10-31 13:02:52.863  2813  2813 I cr_tabmodel: Appending tabs being restored to metadata lists, 0, startingNormalCount: 2, startingIncognitoCount: 0
10-31 13:02:52.863  2813  2813 I cr_tabmodel: Serializing tab lists; counts: 2, 0
10-31 13:02:53.677  2813  2813 W ResourceType: Failure getting entry for 0x7f010888 (t=0 e=2184) (error -75)
10-31 13:02:53.712  2813  2813 I chatty  : uid=10060(u0_a60) identical 7 lines
10-31 13:02:53.715  2813  2813 W ResourceType: Failure getting entry for 0x7f010888 (t=0 e=2184) (error -75)
10-31 13:02:53.718  2813  2813 I cr_TopSites: Start a new task.
10-31 13:02:53.719  2813  2875 I cr_TopSites: Serializing top sites lists finished; count: 9
10-31 13:02:53.726  2813  2875 I cr_TopSites: Finished saving top sites list to file:/data/user/0/com.android.chrome/app_top_sites/top_sites
10-31 13:03:27.056   551   618 I ThermalEngine: ACTION: BATTERY - Setting battery charging mitigation to 0
10-31 13:03:30.557  2813  2813 I cr_media: Create MediaDrmBridge with level L3 and origin CD791812B223DE3A10A5C338751399CA
10-31 13:03:30.583   361   361 W /system/bin/hwservicemanager: getTransportFromManifest: Cannot find entry android.hardware.drm@1.0::IDrmFactory in either framework or device manifest, using default transport.
10-31 13:03:30.617   562   562 I DrmHal  : makeDrmFactories: using default drm instance
10-31 13:03:30.622   361   361 W /system/bin/hwservicemanager: getTransportFromManifest: Cannot find entry android.hardware.drm@1.0::IDrmFactory in either framework or device manifest, using default transport.
10-31 13:03:30.692   562 19051 I DrmHal  : makeDrmFactories: using default drm instance
10-31 13:03:30.693   562   644 D WVCdm   : Instantiating CDM.
10-31 13:03:30.695   562 28303 I WVCdm   : CdmEngine::QueryStatus
10-31 13:03:30.696   562 28303 I WVCdm   : Level3 Library 4445 May 19 2017 17:17:20
10-31 13:03:30.700   562 28303 D QSEECOMAPI: : QSEECom_get_handle sb_length = 0x19000
10-31 13:03:30.700   562 28303 D QSEECOMAPI: : App is not loaded in QSEE
10-31 13:03:30.755   562 28303 D QSEECOMAPI: : Loaded image: APP id = 2246
10-31 13:03:30.759   562 28303 D QSAPPSVER: qsapps_get_capabilities: Capability from secure side: 0x0
10-31 13:03:30.759   562 28303 D QSAPPSVER: qsapps_get_capabilities: returns 0
10-31 13:03:30.759   562 28303 E DrmWidevineDash: sion_buffer g_wv_fhandle->ion_sbuffer  0x0xef40d000
10-31 13:03:30.764   372   376 D DrmLibTime: got the req here! ret=0
10-31 13:03:30.764   372   376 D DrmLibTime: command id, time_cmd_id = 770
10-31 13:03:30.764   372   376 D DrmLibTime: time_getutcsec starts!
10-31 13:03:30.764   372   376 D DrmLibTime: QSEE Time Listener: time_getutcsec
10-31 13:03:30.764   372   376 D DrmLibTime: QSEE Time Listener: get_utc_seconds
10-31 13:03:30.764   372   376 D DrmLibTime: QSEE Time Listener: time_get_modem_time
10-31 13:03:30.765   372   376 D DrmLibTime: QSEE Time Listener: Checking if ATS_MODEM is set or not.
10-31 13:03:30.765   372   376 D QC-time-services: Lib:time_genoff_operation: pargs->base = 13
10-31 13:03:30.765   372   376 D QC-time-services: Lib:time_genoff_operation: pargs->operation = 2
10-31 13:03:30.765   372   376 D QC-time-services: Lib:time_genoff_operation: pargs->ts_val = 0
10-31 13:03:30.765   372   376 D QC-time-services: Lib:time_genoff_operation: Send to server  passed!!
10-31 13:03:30.765   625   647 D QC-time-services: Daemon: Connection accepted:time_genoff
10-31 13:03:30.766   625  3850 D QC-time-services: Daemon:Received base = 13, unit = 1, operation = 2,value = 0
10-31 13:03:30.766   625  3850 D QC-time-services: Daemon:genoff_opr: Base = 13, val = 0, operation = 2
10-31 13:03:30.767   625  3850 D QC-time-services: offset is: 0 for base: 13
10-31 13:03:30.767   372   376 E QC-time-services: Receive Passed == base = 13, unit = 1, operation = 2, result = 0
10-31 13:03:30.767   372   376 D DrmLibTime: QSEE Time Listener: ATS_MODEM is not set. Fallback to Android system time.
10-31 13:03:30.767   372   376 D DrmLibTime: QSEE Time Listener: Retrieved Android system time: 1667217810
10-31 13:03:30.767   372   376 D DrmLibTime: time_getutcsec returns 0, sec = 1667217810; nsec = 0
10-31 13:03:30.767   372   376 D DrmLibTime: time_getutcsec finished! 
10-31 13:03:30.767   372   376 D DrmLibTime: iotcl_continue_command finished! and return 0 
10-31 13:03:30.767   372   376 D DrmLibTime: before calling ioctl to read the next time_cmd
10-31 13:03:30.768   625   647 E QC-time-services: Daemon: Time-services: Waiting to acceptconnection
10-31 13:03:30.807   562 28303 D WVCdm   : OEMCrypto_Initialize Level 1 success. I will use level 1.
10-31 13:03:30.808   562 28303 D QSEECOMAPI: : QSEECom_dealloc_memory 
10-31 13:03:30.808   562 28303 D QSEECOMAPI: : QSEECom_shutdown_app, app_id = 2246
10-31 13:03:30.821   562 19050 I WVCdm   : CdmEngine::OpenSession
10-31 13:03:30.822   562 19050 I WVCdm   : Level3 Library 4445 May 19 2017 17:17:20
10-31 13:03:30.826   562 19050 D QSEECOMAPI: : QSEECom_get_handle sb_length = 0x19000
10-31 13:03:30.826   562 19050 D QSEECOMAPI: : App is not loaded in QSEE
10-31 13:03:30.879   562 19050 D QSEECOMAPI: : Loaded image: APP id = 2247
10-31 13:03:30.883   562 19050 D QSAPPSVER: qsapps_get_capabilities: Capability from secure side: 0x0
10-31 13:03:30.883   562 19050 D QSAPPSVER: qsapps_get_capabilities: returns 0
10-31 13:03:30.883   562 19050 E DrmWidevineDash: sion_buffer g_wv_fhandle->ion_sbuffer  0x0xef40d000
10-31 13:03:30.885   372   376 D DrmLibTime: got the req here! ret=0
10-31 13:03:30.885   372   376 D DrmLibTime: command id, time_cmd_id = 770
10-31 13:03:30.885   372   376 D DrmLibTime: time_getutcsec starts!
10-31 13:03:30.885   372   376 D DrmLibTime: QSEE Time Listener: time_getutcsec
10-31 13:03:30.885   372   376 D DrmLibTime: QSEE Time Listener: get_utc_seconds
10-31 13:03:30.885   372   376 D DrmLibTime: QSEE Time Listener: time_get_modem_time
10-31 13:03:30.885   372   376 D DrmLibTime: QSEE Time Listener: Checking if ATS_MODEM is set or not.
10-31 13:03:30.885   372   376 D QC-time-services: Lib:time_genoff_operation: pargs->base = 13
10-31 13:03:30.885   372   376 D QC-time-services: Lib:time_genoff_operation: pargs->operation = 2
10-31 13:03:30.885   372   376 D QC-time-services: Lib:time_genoff_operation: pargs->ts_val = 0
10-31 13:03:30.886   372   376 D QC-time-services: Lib:time_genoff_operation: Send to server  passed!!
10-31 13:03:30.886   625   647 D QC-time-services: Daemon: Connection accepted:time_genoff
10-31 13:03:30.886   625  3851 D QC-time-services: Daemon:Received base = 13, unit = 1, operation = 2,value = 0
10-31 13:03:30.886   625  3851 D QC-time-services: Daemon:genoff_opr: Base = 13, val = 0, operation = 2
10-31 13:03:30.886   625  3851 D QC-time-services: offset is: 0 for base: 13
10-31 13:03:30.886   372   376 E QC-time-services: Receive Passed == base = 13, unit = 1, operation = 2, result = 0
10-31 13:03:30.886   372   376 D DrmLibTime: QSEE Time Listener: ATS_MODEM is not set. Fallback to Android system time.
10-31 13:03:30.886   372   376 D DrmLibTime: QSEE Time Listener: Retrieved Android system time: 1667217810
10-31 13:03:30.886   372   376 D DrmLibTime: time_getutcsec returns 0, sec = 1667217810; nsec = 0
10-31 13:03:30.886   372   376 D DrmLibTime: time_getutcsec finished! 
10-31 13:03:30.886   372   376 D DrmLibTime: iotcl_continue_command finished! and return 0 
10-31 13:03:30.886   372   376 D DrmLibTime: before calling ioctl to read the next time_cmd
10-31 13:03:30.887   625   647 E QC-time-services: Daemon: Time-services: Waiting to acceptconnection
10-31 13:03:30.912   562 19050 D WVCdm   : OEMCrypto_Initialize Level 1 success. I will use level 1.
10-31 13:03:30.912   562 19050 D WVCdm   : CryptoSession::Open: Lock: requested_security_level: L3
10-31 13:03:30.919   562 19050 W WVCdm   : DeviceFiles::RetrieveHashedFile: /data/mediadrm/IDM1013/L3/cert.bin does not exist
10-31 13:03:30.920   562 19050 D QSEECOMAPI: : QSEECom_dealloc_memory 
10-31 13:03:30.920   562 19050 D QSEECOMAPI: : QSEECom_shutdown_app, app_id = 2247
10-31 13:03:30.935   562   562 I WVCdm   : Level3 Library 4445 May 19 2017 17:17:20
10-31 13:03:30.939   562   562 D QSEECOMAPI: : QSEECom_get_handle sb_length = 0x19000
10-31 13:03:30.939   562   562 D QSEECOMAPI: : App is not loaded in QSEE
10-31 13:03:30.988   562   562 D QSEECOMAPI: : Loaded image: APP id = 2248
10-31 13:03:30.993   562   562 D QSAPPSVER: qsapps_get_capabilities: Capability from secure side: 0x0
10-31 13:03:30.993   562   562 D QSAPPSVER: qsapps_get_capabilities: returns 0
10-31 13:03:30.993   562   562 E DrmWidevineDash: sion_buffer g_wv_fhandle->ion_sbuffer  0x0xef40d000
10-31 13:03:30.997   372   376 D DrmLibTime: got the req here! ret=0
10-31 13:03:30.997   372   376 D DrmLibTime: command id, time_cmd_id = 770
10-31 13:03:30.997   372   376 D DrmLibTime: time_getutcsec starts!
10-31 13:03:30.997   372   376 D DrmLibTime: QSEE Time Listener: time_getutcsec
10-31 13:03:30.997   372   376 D DrmLibTime: QSEE Time Listener: get_utc_seconds
10-31 13:03:30.997   372   376 D DrmLibTime: QSEE Time Listener: time_get_modem_time
10-31 13:03:30.997   372   376 D DrmLibTime: QSEE Time Listener: Checking if ATS_MODEM is set or not.
10-31 13:03:30.997   372   376 D QC-time-services: Lib:time_genoff_operation: pargs->base = 13
10-31 13:03:30.997   372   376 D QC-time-services: Lib:time_genoff_operation: pargs->operation = 2
10-31 13:03:30.997   372   376 D QC-time-services: Lib:time_genoff_operation: pargs->ts_val = 0
10-31 13:03:30.998   372   376 D QC-time-services: Lib:time_genoff_operation: Send to server  passed!!
10-31 13:03:30.998   625   647 D QC-time-services: Daemon: Connection accepted:time_genoff
10-31 13:03:30.998   625  3852 D QC-time-services: Daemon:Received base = 13, unit = 1, operation = 2,value = 0
10-31 13:03:30.998   625  3852 D QC-time-services: Daemon:genoff_opr: Base = 13, val = 0, operation = 2
10-31 13:03:30.998   625  3852 D QC-time-services: offset is: 0 for base: 13
10-31 13:03:30.998   372   376 E QC-time-services: Receive Passed == base = 13, unit = 1, operation = 2, result = 0
10-31 13:03:30.998   372   376 D DrmLibTime: QSEE Time Listener: ATS_MODEM is not set. Fallback to Android system time.
10-31 13:03:30.998   372   376 D DrmLibTime: QSEE Time Listener: Retrieved Android system time: 1667217810
10-31 13:03:30.998   372   376 D DrmLibTime: time_getutcsec returns 0, sec = 1667217810; nsec = 0
10-31 13:03:30.998   372   376 D DrmLibTime: time_getutcsec finished! 
10-31 13:03:30.998   372   376 D DrmLibTime: iotcl_continue_command finished! and return 0 
10-31 13:03:30.998   372   376 D DrmLibTime: before calling ioctl to read the next time_cmd
10-31 13:03:30.998   625   647 E QC-time-services: Daemon: Time-services: Waiting to acceptconnection
10-31 13:03:31.025   562   562 D WVCdm   : OEMCrypto_Initialize Level 1 success. I will use level 1.
10-31 13:03:31.026   562   562 D WVCdm   : CryptoSession::Open: Lock: requested_security_level: L3
10-31 13:03:31.036  2813  2813 I cr_media: Provisioning origin ID CD791812B223DE3A10A5C338751399CA
10-31 13:03:31.043  2813  2813 I MediaDrm: Drm event (1,0)
10-31 13:03:31.043  2813  2813 E cr_media: EventListener: No session for event 1.
10-31 13:03:31.487   562 19051 D QSEECOMAPI: : QSEECom_dealloc_memory 
10-31 13:03:31.488   562 19051 D QSEECOMAPI: : QSEECom_shutdown_app, app_id = 2248
10-31 13:03:31.501  2813  2813 I cr_media: Create MediaDrmBridge with level L1 and origin CD791812B223DE3A10A5C338751399CA
10-31 13:03:31.503   361   361 W /system/bin/hwservicemanager: getTransportFromManifest: Cannot find entry android.hardware.drm@1.0::IDrmFactory in either framework or device manifest, using default transport.
10-31 13:03:31.506   562   644 I DrmHal  : makeDrmFactories: using default drm instance
10-31 13:03:31.509   361   361 W /system/bin/hwservicemanager: getTransportFromManifest: Cannot find entry android.hardware.drm@1.0::IDrmFactory in either framework or device manifest, using default transport.
10-31 13:03:31.511   562  5487 I DrmHal  : makeDrmFactories: using default drm instance
10-31 13:03:31.513   562 19050 I WVCdm   : CdmEngine::QueryStatus
10-31 13:03:31.513   562 19050 I WVCdm   : Level3 Library 4445 May 19 2017 17:17:20
10-31 13:03:31.517   562 19050 D QSEECOMAPI: : QSEECom_get_handle sb_length = 0x19000
10-31 13:03:31.517   562 19050 D QSEECOMAPI: : App is not loaded in QSEE
10-31 13:03:31.564   562 19050 D QSEECOMAPI: : Loaded image: APP id = 2249
10-31 13:03:31.569   562 19050 D QSAPPSVER: qsapps_get_capabilities: Capability from secure side: 0x0
10-31 13:03:31.569   562 19050 D QSAPPSVER: qsapps_get_capabilities: returns 0
10-31 13:03:31.569   562 19050 E DrmWidevineDash: sion_buffer g_wv_fhandle->ion_sbuffer  0x0xef3cc000
10-31 13:03:31.572   372   376 D DrmLibTime: got the req here! ret=0
10-31 13:03:31.572   372   376 D DrmLibTime: command id, time_cmd_id = 770
10-31 13:03:31.572   372   376 D DrmLibTime: time_getutcsec starts!
10-31 13:03:31.572   372   376 D DrmLibTime: QSEE Time Listener: time_getutcsec
10-31 13:03:31.572   372   376 D DrmLibTime: QSEE Time Listener: get_utc_seconds
10-31 13:03:31.572   372   376 D DrmLibTime: QSEE Time Listener: time_get_modem_time
10-31 13:03:31.572   372   376 D DrmLibTime: QSEE Time Listener: Checking if ATS_MODEM is set or not.
10-31 13:03:31.572   372   376 D QC-time-services: Lib:time_genoff_operation: pargs->base = 13
10-31 13:03:31.572   372   376 D QC-time-services: Lib:time_genoff_operation: pargs->operation = 2
10-31 13:03:31.572   372   376 D QC-time-services: Lib:time_genoff_operation: pargs->ts_val = 0
10-31 13:03:31.573   372   376 D QC-time-services: Lib:time_genoff_operation: Send to server  passed!!
10-31 13:03:31.573   625   647 D QC-time-services: Daemon: Connection accepted:time_genoff
10-31 13:03:31.573   625  3858 D QC-time-services: Daemon:Received base = 13, unit = 1, operation = 2,value = 0
10-31 13:03:31.573   625  3858 D QC-time-services: Daemon:genoff_opr: Base = 13, val = 0, operation = 2
10-31 13:03:31.573   625  3858 D QC-time-services: offset is: 0 for base: 13
10-31 13:03:31.573   372   376 E QC-time-services: Receive Passed == base = 13, unit = 1, operation = 2, result = 0
10-31 13:03:31.573   372   376 D DrmLibTime: QSEE Time Listener: ATS_MODEM is not set. Fallback to Android system time.
10-31 13:03:31.573   372   376 D DrmLibTime: QSEE Time Listener: Retrieved Android system time: 1667217811
10-31 13:03:31.573   372   376 D DrmLibTime: time_getutcsec returns 0, sec = 1667217811; nsec = 0
10-31 13:03:31.573   372   376 D DrmLibTime: time_getutcsec finished! 
10-31 13:03:31.573   372   376 D DrmLibTime: iotcl_continue_command finished! and return 0 
10-31 13:03:31.573   372   376 D DrmLibTime: before calling ioctl to read the next time_cmd
10-31 13:03:31.573   625   647 E QC-time-services: Daemon: Time-services: Waiting to acceptconnection
10-31 13:03:31.612   562 19050 D WVCdm   : OEMCrypto_Initialize Level 1 success. I will use level 1.
10-31 13:03:31.613   562 19050 D QSEECOMAPI: : QSEECom_dealloc_memory 
10-31 13:03:31.613   562 19050 D QSEECOMAPI: : QSEECom_shutdown_app, app_id = 2249
10-31 13:03:31.622   562 28303 I WVCdm   : CdmEngine::OpenSession
10-31 13:03:31.622   562 28303 I WVCdm   : Level3 Library 4445 May 19 2017 17:17:20
10-31 13:03:31.626   562 28303 D QSEECOMAPI: : QSEECom_get_handle sb_length = 0x19000
10-31 13:03:31.626   562 28303 D QSEECOMAPI: : App is not loaded in QSEE
10-31 13:03:31.674   562 28303 D QSEECOMAPI: : Loaded image: APP id = 2250
10-31 13:03:31.678   562 28303 D QSAPPSVER: qsapps_get_capabilities: Capability from secure side: 0x0
10-31 13:03:31.678   562 28303 D QSAPPSVER: qsapps_get_capabilities: returns 0
10-31 13:03:31.678   562 28303 E DrmWidevineDash: sion_buffer g_wv_fhandle->ion_sbuffer  0x0xef3cc000
10-31 13:03:31.680   372   376 D DrmLibTime: got the req here! ret=0
10-31 13:03:31.680   372   376 D DrmLibTime: command id, time_cmd_id = 770
10-31 13:03:31.680   372   376 D DrmLibTime: time_getutcsec starts!
10-31 13:03:31.680   372   376 D DrmLibTime: QSEE Time Listener: time_getutcsec
10-31 13:03:31.680   372   376 D DrmLibTime: QSEE Time Listener: get_utc_seconds
10-31 13:03:31.680   372   376 D DrmLibTime: QSEE Time Listener: time_get_modem_time
10-31 13:03:31.680   372   376 D DrmLibTime: QSEE Time Listener: Checking if ATS_MODEM is set or not.
10-31 13:03:31.680   372   376 D QC-time-services: Lib:time_genoff_operation: pargs->base = 13
10-31 13:03:31.680   372   376 D QC-time-services: Lib:time_genoff_operation: pargs->operation = 2
10-31 13:03:31.680   372   376 D QC-time-services: Lib:time_genoff_operation: pargs->ts_val = 0
10-31 13:03:31.681   372   376 D QC-time-services: Lib:time_genoff_operation: Send to server  passed!!
10-31 13:03:31.681   625   647 D QC-time-services: Daemon: Connection accepted:time_genoff
10-31 13:03:31.681   625  3859 D QC-time-services: Daemon:Received base = 13, unit = 1, operation = 2,value = 0
10-31 13:03:31.681   625  3859 D QC-time-services: Daemon:genoff_opr: Base = 13, val = 0, operation = 2
10-31 13:03:31.681   625  3859 D QC-time-services: offset is: 0 for base: 13
10-31 13:03:31.681   372   376 E QC-time-services: Receive Passed == base = 13, unit = 1, operation = 2, result = 0
10-31 13:03:31.681   372   376 D DrmLibTime: QSEE Time Listener: ATS_MODEM is not set. Fallback to Android system time.
10-31 13:03:31.681   372   376 D DrmLibTime: QSEE Time Listener: Retrieved Android system time: 1667217811
10-31 13:03:31.681   372   376 D DrmLibTime: time_getutcsec returns 0, sec = 1667217811; nsec = 0
10-31 13:03:31.681   372   376 D DrmLibTime: time_getutcsec finished! 
10-31 13:03:31.681   372   376 D DrmLibTime: iotcl_continue_command finished! and return 0 
10-31 13:03:31.681   372   376 D DrmLibTime: before calling ioctl to read the next time_cmd
10-31 13:03:31.682   625   647 E QC-time-services: Daemon: Time-services: Waiting to acceptconnection
10-31 13:03:31.705   562 28303 D WVCdm   : OEMCrypto_Initialize Level 1 success. I will use level 1.
10-31 13:03:31.706   562 28303 D WVCdm   : CryptoSession::Open: Lock: requested_security_level: Default
10-31 13:03:31.708   562 28303 W WVCdm   : DeviceFiles::RetrieveHashedFile: /data/mediadrm/IDM1013/L1/cert.bin does not exist
10-31 13:03:31.709   562 28303 D QSEECOMAPI: : QSEECom_dealloc_memory 
10-31 13:03:31.709   562 28303 D QSEECOMAPI: : QSEECom_shutdown_app, app_id = 2250
10-31 13:03:31.724   562   644 I WVCdm   : Level3 Library 4445 May 19 2017 17:17:20
10-31 13:03:31.728   562   644 D QSEECOMAPI: : QSEECom_get_handle sb_length = 0x19000
10-31 13:03:31.728   562   644 D QSEECOMAPI: : App is not loaded in QSEE
10-31 13:03:31.773   562   644 D QSEECOMAPI: : Loaded image: APP id = 2251
10-31 13:03:31.777   562   644 D QSAPPSVER: qsapps_get_capabilities: Capability from secure side: 0x0
10-31 13:03:31.777   562   644 D QSAPPSVER: qsapps_get_capabilities: returns 0
10-31 13:03:31.777   562   644 E DrmWidevineDash: sion_buffer g_wv_fhandle->ion_sbuffer  0x0xef42b000
10-31 13:03:31.781   372   376 D DrmLibTime: got the req here! ret=0
10-31 13:03:31.781   372   376 D DrmLibTime: command id, time_cmd_id = 770
10-31 13:03:31.781   372   376 D DrmLibTime: time_getutcsec starts!
10-31 13:03:31.781   372   376 D DrmLibTime: QSEE Time Listener: time_getutcsec
10-31 13:03:31.781   372   376 D DrmLibTime: QSEE Time Listener: get_utc_seconds
10-31 13:03:31.781   372   376 D DrmLibTime: QSEE Time Listener: time_get_modem_time
10-31 13:03:31.781   372   376 D DrmLibTime: QSEE Time Listener: Checking if ATS_MODEM is set or not.
10-31 13:03:31.781   372   376 D QC-time-services: Lib:time_genoff_operation: pargs->base = 13
10-31 13:03:31.781   372   376 D QC-time-services: Lib:time_genoff_operation: pargs->operation = 2
10-31 13:03:31.781   372   376 D QC-time-services: Lib:time_genoff_operation: pargs->ts_val = 0
10-31 13:03:31.781   372   376 D QC-time-services: Lib:time_genoff_operation: Send to server  passed!!
10-31 13:03:31.781   625   647 D QC-time-services: Daemon: Connection accepted:time_genoff
10-31 13:03:31.781   625  3860 D QC-time-services: Daemon:Received base = 13, unit = 1, operation = 2,value = 0
10-31 13:03:31.781   625  3860 D QC-time-services: Daemon:genoff_opr: Base = 13, val = 0, operation = 2
10-31 13:03:31.781   625  3860 D QC-time-services: offset is: 0 for base: 13
10-31 13:03:31.781   372   376 E QC-time-services: Receive Passed == base = 13, unit = 1, operation = 2, result = 0
10-31 13:03:31.781   372   376 D DrmLibTime: QSEE Time Listener: ATS_MODEM is not set. Fallback to Android system time.
10-31 13:03:31.781   372   376 D DrmLibTime: QSEE Time Listener: Retrieved Android system time: 1667217811
10-31 13:03:31.781   372   376 D DrmLibTime: time_getutcsec returns 0, sec = 1667217811; nsec = 0
10-31 13:03:31.781   372   376 D DrmLibTime: time_getutcsec finished! 
10-31 13:03:31.781   372   376 D DrmLibTime: iotcl_continue_command finished! and return 0 
10-31 13:03:31.781   372   376 D DrmLibTime: before calling ioctl to read the next time_cmd
10-31 13:03:31.782   625   647 E QC-time-services: Daemon: Time-services: Waiting to acceptconnection
10-31 13:03:31.816   562   644 D WVCdm   : OEMCrypto_Initialize Level 1 success. I will use level 1.
10-31 13:03:31.817   562   644 D WVCdm   : CryptoSession::Open: Lock: requested_security_level: Default
10-31 13:03:31.927   562   644 E DrmWidevineDash: OEMCrypto_GenerateSignature : input wrapped_rsa_key == NULL!, return short buffer
10-31 13:03:31.930  2813  2813 I cr_media: Provisioning origin ID CD791812B223DE3A10A5C338751399CA
10-31 13:03:31.964  2813  2813 I MediaDrm: Drm event (1,0)
10-31 13:03:31.964  2813  2813 E cr_media: EventListener: No session for event 1.
10-31 13:03:31.979   562   562 E DrmWidevineDash: OEMCrypto_RewrapDeviceRSAKey : input wrapped_rsa_key == NULL!, return short buffer
10-31 13:03:31.995   562   562 D QSEECOMAPI: : QSEECom_dealloc_memory 
10-31 13:03:31.995   562   562 D QSEECOMAPI: : QSEECom_shutdown_app, app_id = 2251
10-31 13:03:32.012  2813  2813 I cr_media: Create MediaDrmBridge with level L3 and origin 27F6BE8C2E4875B8EAFBC1085AA40977
10-31 13:03:32.016   361   361 W /system/bin/hwservicemanager: getTransportFromManifest: Cannot find entry android.hardware.drm@1.0::IDrmFactory in either framework or device manifest, using default transport.
10-31 13:03:32.067   562 28303 I DrmHal  : makeDrmFactories: using default drm instance
10-31 13:03:32.070   361   361 W /system/bin/hwservicemanager: getTransportFromManifest: Cannot find entry android.hardware.drm@1.0::IDrmFactory in either framework or device manifest, using default transport.
10-31 13:03:32.118   562 19050 I DrmHal  : makeDrmFactories: using default drm instance
10-31 13:03:32.119   562   562 D WVCdm   : Instantiating CDM.
10-31 13:03:32.120   562   562 I WVCdm   : CdmEngine::QueryStatus
10-31 13:03:32.120   562   562 I WVCdm   : Level3 Library 4445 May 19 2017 17:17:20
10-31 13:03:32.125   562   562 D QSEECOMAPI: : QSEECom_get_handle sb_length = 0x19000
10-31 13:03:32.125   562   562 D QSEECOMAPI: : App is not loaded in QSEE
10-31 13:03:32.175   562   562 D QSEECOMAPI: : Loaded image: APP id = 2252
10-31 13:03:32.179   562   562 D QSAPPSVER: qsapps_get_capabilities: Capability from secure side: 0x0
10-31 13:03:32.179   562   562 D QSAPPSVER: qsapps_get_capabilities: returns 0
10-31 13:03:32.179   562   562 E DrmWidevineDash: sion_buffer g_wv_fhandle->ion_sbuffer  0x0xef407000
10-31 13:03:32.183   372   376 D DrmLibTime: got the req here! ret=0
10-31 13:03:32.183   372   376 D DrmLibTime: command id, time_cmd_id = 770
10-31 13:03:32.183   372   376 D DrmLibTime: time_getutcsec starts!
10-31 13:03:32.183   372   376 D DrmLibTime: QSEE Time Listener: time_getutcsec
10-31 13:03:32.183   372   376 D DrmLibTime: QSEE Time Listener: get_utc_seconds
10-31 13:03:32.183   372   376 D DrmLibTime: QSEE Time Listener: time_get_modem_time
10-31 13:03:32.183   372   376 D DrmLibTime: QSEE Time Listener: Checking if ATS_MODEM is set or not.
10-31 13:03:32.183   372   376 D QC-time-services: Lib:time_genoff_operation: pargs->base = 13
10-31 13:03:32.183   372   376 D QC-time-services: Lib:time_genoff_operation: pargs->operation = 2
10-31 13:03:32.183   372   376 D QC-time-services: Lib:time_genoff_operation: pargs->ts_val = 0
10-31 13:03:32.183   372   376 D QC-time-services: Lib:time_genoff_operation: Send to server  passed!!
10-31 13:03:32.183   625   647 D QC-time-services: Daemon: Connection accepted:time_genoff
10-31 13:03:32.184   625  3865 D QC-time-services: Daemon:Received base = 13, unit = 1, operation = 2,value = 0
10-31 13:03:32.184   625  3865 D QC-time-services: Daemon:genoff_opr: Base = 13, val = 0, operation = 2
10-31 13:03:32.184   625  3865 D QC-time-services: offset is: 0 for base: 13
10-31 13:03:32.184   372   376 E QC-time-services: Receive Passed == base = 13, unit = 1, operation = 2, result = 0
10-31 13:03:32.184   372   376 D DrmLibTime: QSEE Time Listener: ATS_MODEM is not set. Fallback to Android system time.
10-31 13:03:32.184   372   376 D DrmLibTime: QSEE Time Listener: Retrieved Android system time: 1667217812
10-31 13:03:32.184   372   376 D DrmLibTime: time_getutcsec returns 0, sec = 1667217812; nsec = 0
10-31 13:03:32.184   372   376 D DrmLibTime: time_getutcsec finished! 
10-31 13:03:32.184   372   376 D DrmLibTime: iotcl_continue_command finished! and return 0 
10-31 13:03:32.184   372   376 D DrmLibTime: before calling ioctl to read the next time_cmd
10-31 13:03:32.184   625   647 E QC-time-services: Daemon: Time-services: Waiting to acceptconnection
10-31 13:03:32.214   562   562 D WVCdm   : OEMCrypto_Initialize Level 1 success. I will use level 1.
10-31 13:03:32.215   562   562 D QSEECOMAPI: : QSEECom_dealloc_memory 
10-31 13:03:32.215   562   562 D QSEECOMAPI: : QSEECom_shutdown_app, app_id = 2252
10-31 13:03:32.227   562 19050 I WVCdm   : CdmEngine::OpenSession
10-31 13:03:32.228   562 19050 I WVCdm   : Level3 Library 4445 May 19 2017 17:17:20
10-31 13:03:32.231   562 19050 D QSEECOMAPI: : QSEECom_get_handle sb_length = 0x19000
10-31 13:03:32.232   562 19050 D QSEECOMAPI: : App is not loaded in QSEE
10-31 13:03:32.281   562 19050 D QSEECOMAPI: : Loaded image: APP id = 2253
10-31 13:03:32.283   562 19050 D QSAPPSVER: qsapps_get_capabilities: Capability from secure side: 0x0
10-31 13:03:32.283   562 19050 D QSAPPSVER: qsapps_get_capabilities: returns 0
10-31 13:03:32.283   562 19050 E DrmWidevineDash: sion_buffer g_wv_fhandle->ion_sbuffer  0x0xef407000
10-31 13:03:32.286   372   376 D DrmLibTime: got the req here! ret=0
10-31 13:03:32.286   372   376 D DrmLibTime: command id, time_cmd_id = 770
10-31 13:03:32.286   372   376 D DrmLibTime: time_getutcsec starts!
10-31 13:03:32.286   372   376 D DrmLibTime: QSEE Time Listener: time_getutcsec
10-31 13:03:32.286   372   376 D DrmLibTime: QSEE Time Listener: get_utc_seconds
10-31 13:03:32.286   372   376 D DrmLibTime: QSEE Time Listener: time_get_modem_time
10-31 13:03:32.286   372   376 D DrmLibTime: QSEE Time Listener: Checking if ATS_MODEM is set or not.
10-31 13:03:32.286   372   376 D QC-time-services: Lib:time_genoff_operation: pargs->base = 13
10-31 13:03:32.286   372   376 D QC-time-services: Lib:time_genoff_operation: pargs->operation = 2
10-31 13:03:32.286   372   376 D QC-time-services: Lib:time_genoff_operation: pargs->ts_val = 0
10-31 13:03:32.287   372   376 D QC-time-services: Lib:time_genoff_operation: Send to server  passed!!
10-31 13:03:32.287   625   647 D QC-time-services: Daemon: Connection accepted:time_genoff
10-31 13:03:32.287   625  3866 D QC-time-services: Daemon:Received base = 13, unit = 1, operation = 2,value = 0
10-31 13:03:32.287   625  3866 D QC-time-services: Daemon:genoff_opr: Base = 13, val = 0, operation = 2
10-31 13:03:32.287   625  3866 D QC-time-services: offset is: 0 for base: 13
10-31 13:03:32.287   372   376 E QC-time-services: Receive Passed == base = 13, unit = 1, operation = 2, result = 0
10-31 13:03:32.287   372   376 D DrmLibTime: QSEE Time Listener: ATS_MODEM is not set. Fallback to Android system time.
10-31 13:03:32.288   372   376 D DrmLibTime: QSEE Time Listener: Retrieved Android system time: 1667217812
10-31 13:03:32.288   372   376 D DrmLibTime: time_getutcsec returns 0, sec = 1667217812; nsec = 0
10-31 13:03:32.288   372   376 D DrmLibTime: time_getutcsec finished! 
10-31 13:03:32.288   372   376 D DrmLibTime: iotcl_continue_command finished! and return 0 
10-31 13:03:32.288   372   376 D DrmLibTime: before calling ioctl to read the next time_cmd
10-31 13:03:32.288   625   647 E QC-time-services: Daemon: Time-services: Waiting to acceptconnection
10-31 13:03:32.324   562 19050 D WVCdm   : OEMCrypto_Initialize Level 1 success. I will use level 1.
10-31 13:03:32.324   562 19050 D WVCdm   : CryptoSession::Open: Lock: requested_security_level: L3
10-31 13:03:32.331   562 19050 W WVCdm   : DeviceFiles::RetrieveHashedFile: /data/mediadrm/IDM1013/L3/cert.bin does not exist
10-31 13:03:32.332   562 19050 D QSEECOMAPI: : QSEECom_dealloc_memory 
10-31 13:03:32.332   562 19050 D QSEECOMAPI: : QSEECom_shutdown_app, app_id = 2253
10-31 13:03:32.341   562   644 I WVCdm   : Level3 Library 4445 May 19 2017 17:17:20
10-31 13:03:32.344   562   644 D QSEECOMAPI: : QSEECom_get_handle sb_length = 0x19000
10-31 13:03:32.344   562   644 D QSEECOMAPI: : App is not loaded in QSEE
10-31 13:03:32.406   562   644 D QSEECOMAPI: : Loaded image: APP id = 2254
10-31 13:03:32.411   562   644 D QSAPPSVER: qsapps_get_capabilities: Capability from secure side: 0x0
10-31 13:03:32.411   562   644 D QSAPPSVER: qsapps_get_capabilities: returns 0
10-31 13:03:32.411   562   644 E DrmWidevineDash: sion_buffer g_wv_fhandle->ion_sbuffer  0x0xef407000
10-31 13:03:32.414   372   376 D DrmLibTime: got the req here! ret=0
10-31 13:03:32.414   372   376 D DrmLibTime: command id, time_cmd_id = 770
10-31 13:03:32.414   372   376 D DrmLibTime: time_getutcsec starts!
10-31 13:03:32.414   372   376 D DrmLibTime: QSEE Time Listener: time_getutcsec
10-31 13:03:32.414   372   376 D DrmLibTime: QSEE Time Listener: get_utc_seconds
10-31 13:03:32.414   372   376 D DrmLibTime: QSEE Time Listener: time_get_modem_time
10-31 13:03:32.414   372   376 D DrmLibTime: QSEE Time Listener: Checking if ATS_MODEM is set or not.
10-31 13:03:32.414   372   376 D QC-time-services: Lib:time_genoff_operation: pargs->base = 13
10-31 13:03:32.414   372   376 D QC-time-services: Lib:time_genoff_operation: pargs->operation = 2
10-31 13:03:32.414   372   376 D QC-time-services: Lib:time_genoff_operation: pargs->ts_val = 0
10-31 13:03:32.414   372   376 D QC-time-services: Lib:time_genoff_operation: Send to server  passed!!
10-31 13:03:32.414   625   647 D QC-time-services: Daemon: Connection accepted:time_genoff
10-31 13:03:32.415   625  3867 D QC-time-services: Daemon:Received base = 13, unit = 1, operation = 2,value = 0
10-31 13:03:32.415   625  3867 D QC-time-services: Daemon:genoff_opr: Base = 13, val = 0, operation = 2
10-31 13:03:32.415   625  3867 D QC-time-services: offset is: 0 for base: 13
10-31 13:03:32.415   372   376 E QC-time-services: Receive Passed == base = 13, unit = 1, operation = 2, result = 0
10-31 13:03:32.415   372   376 D DrmLibTime: QSEE Time Listener: ATS_MODEM is not set. Fallback to Android system time.
10-31 13:03:32.415   372   376 D DrmLibTime: QSEE Time Listener: Retrieved Android system time: 1667217812
10-31 13:03:32.415   372   376 D DrmLibTime: time_getutcsec returns 0, sec = 1667217812; nsec = 0
10-31 13:03:32.415   372   376 D DrmLibTime: time_getutcsec finished! 
10-31 13:03:32.415   372   376 D DrmLibTime: iotcl_continue_command finished! and return 0 
10-31 13:03:32.415   372   376 D DrmLibTime: before calling ioctl to read the next time_cmd
10-31 13:03:32.415   625   647 E QC-time-services: Daemon: Time-services: Waiting to acceptconnection
10-31 13:03:32.442   562   644 D WVCdm   : OEMCrypto_Initialize Level 1 success. I will use level 1.
10-31 13:03:32.443   562   644 D WVCdm   : CryptoSession::Open: Lock: requested_security_level: L3
10-31 13:03:32.458  2813  2813 I cr_media: Provisioning origin ID 27F6BE8C2E4875B8EAFBC1085AA40977
10-31 13:03:32.461  2813  2813 I MediaDrm: Drm event (1,0)
10-31 13:03:32.461  2813  2813 E cr_media: EventListener: No session for event 1.
10-31 13:03:32.490  3868  3868 E /system/bin/webview_zygote32: failed to make and chown /acct/uid_99836: Permission denied
10-31 13:03:32.490  3868  3868 E Zygote  : createProcessGroup(99836, 0) failed: Permission denied
10-31 13:03:32.493   772   996 I ActivityManager: Start proc 3868:com.android.chrome:sandboxed_process30/u0i836 for webview_service com.android.chrome/org.chromium.content.app.SandboxedProcessService30
10-31 13:03:32.517  3868  3868 I SamplingProfilerIntegration: Profiling disabled.
10-31 13:03:32.540  3881  3881 E asset   : setgid: Operation not permitted
10-31 13:03:32.573  3868  3868 I cr_SplitCompatApp: Launched version=106.0.5249.79 minSdkVersion=24 isBundle=true processName=com.android.chrome:sandboxed_process30 isIsolated=true
10-31 13:03:32.579  3868  3868 W SystemServiceRegistry: No service published for: uimode
10-31 13:03:32.590  3868  3868 I cr_ChildProcessService: Creating new ChildProcessService pid=3868
10-31 13:03:32.597  3868  3868 E WebViewFactory: can't load with relro file; address space not reserved
10-31 13:03:32.607  3868  3882 I cr_LibraryLoader: Successfully loaded native library
10-31 13:03:32.608  3868  3882 I cr_CachingUmaRecorder: Flushed 3 samples from 3 histograms.
10-31 13:03:32.655  3888  3888 W ThreadPoolForeg: type=1400 audit(0.0:14669): avc: denied { setattr } for name="LICENSE.txt" dev="dm-2" ino=1505163 scontext=u:r:isolated_app:s0:c512,c768 tcontext=u:object_r:app_data_file:s0:c512,c768 tclass=file permissive=0
10-31 13:03:32.658  3888  3888 W ThreadPoolForeg: type=1400 audit(0.0:14670): avc: denied { setattr } for name=46696C746572696E672052756C6573 dev="dm-2" ino=1505164 scontext=u:r:isolated_app:s0:c512,c768 tcontext=u:object_r:app_data_file:s0:c512,c768 tclass=file permissive=0
10-31 13:03:32.658  3888  3888 W ThreadPoolForeg: type=1400 audit(0.0:14671): avc: denied { setattr } for name="manifest.json" dev="dm-2" ino=1505165 scontext=u:r:isolated_app:s0:c512,c768 tcontext=u:object_r:app_data_file:s0:c512,c768 tclass=file permissive=0
10-31 13:03:32.660   562 28303 D QSEECOMAPI: : QSEECom_dealloc_memory 
10-31 13:03:32.660   562 28303 D QSEECOMAPI: : QSEECom_shutdown_app, app_id = 2254
10-31 13:03:32.665  3888  3888 W ThreadPoolForeg: type=1400 audit(0.0:14672): avc: denied { setattr } for name="verified_contents.json" dev="dm-2" ino=1505167 scontext=u:r:isolated_app:s0:c512,c768 tcontext=u:object_r:app_data_file:s0:c512,c768 tclass=file permissive=0
10-31 13:03:32.673  3868  3882 I chromium: [INFO:child_process_service.cc(69)] ChildProcessService: Exiting child process.
10-31 13:03:32.674  2813  2813 I cr_media: Create MediaDrmBridge with level L1 and origin 27F6BE8C2E4875B8EAFBC1085AA40977
10-31 13:03:32.675   422   422 E lowmemorykiller: Error writing /proc/3868/oom_score_adj; errno=22
10-31 13:03:32.675   772   996 I ActivityManager: Killing 3868:com.android.chrome:sandboxed_process30/u0a60i836 (adj 0): isolated not needed
10-31 13:03:32.676   772   790 W zygote64: failed to open /acct/uid_99836/pid_3868/cgroup.procs: No such file or directory
10-31 13:03:32.676   361   361 W /system/bin/hwservicemanager: getTransportFromManifest: Cannot find entry android.hardware.drm@1.0::IDrmFactory in either framework or device manifest, using default transport.
10-31 13:03:32.679   562  5487 I DrmHal  : makeDrmFactories: using default drm instance
10-31 13:03:32.681   361   361 W /system/bin/hwservicemanager: getTransportFromManifest: Cannot find entry android.hardware.drm@1.0::IDrmFactory in either framework or device manifest, using default transport.
10-31 13:03:32.684   562 19051 I DrmHal  : makeDrmFactories: using default drm instance
10-31 13:03:32.685   562   562 I WVCdm   : CdmEngine::QueryStatus
10-31 13:03:32.686   562   562 I WVCdm   : Level3 Library 4445 May 19 2017 17:17:20
10-31 13:03:32.690   562   562 D QSEECOMAPI: : QSEECom_get_handle sb_length = 0x19000
10-31 13:03:32.690   562   562 D QSEECOMAPI: : App is not loaded in QSEE
10-31 13:03:32.734   562   562 D QSEECOMAPI: : Loaded image: APP id = 2255
10-31 13:03:32.738   562   562 D QSAPPSVER: qsapps_get_capabilities: Capability from secure side: 0x0
10-31 13:03:32.738   562   562 D QSAPPSVER: qsapps_get_capabilities: returns 0
10-31 13:03:32.738   562   562 E DrmWidevineDash: sion_buffer g_wv_fhandle->ion_sbuffer  0x0xef3e9000
10-31 13:03:32.741   372   376 D DrmLibTime: got the req here! ret=0
10-31 13:03:32.741   372   376 D DrmLibTime: command id, time_cmd_id = 770
10-31 13:03:32.741   372   376 D DrmLibTime: time_getutcsec starts!
10-31 13:03:32.741   372   376 D DrmLibTime: QSEE Time Listener: time_getutcsec
10-31 13:03:32.741   372   376 D DrmLibTime: QSEE Time Listener: get_utc_seconds
10-31 13:03:32.741   372   376 D DrmLibTime: QSEE Time Listener: time_get_modem_time
10-31 13:03:32.741   372   376 D DrmLibTime: QSEE Time Listener: Checking if ATS_MODEM is set or not.
10-31 13:03:32.741   372   376 D QC-time-services: Lib:time_genoff_operation: pargs->base = 13
10-31 13:03:32.741   372   376 D QC-time-services: Lib:time_genoff_operation: pargs->operation = 2
10-31 13:03:32.741   372   376 D QC-time-services: Lib:time_genoff_operation: pargs->ts_val = 0
10-31 13:03:32.741   372   376 D QC-time-services: Lib:time_genoff_operation: Send to server  passed!!
10-31 13:03:32.741   625   647 D QC-time-services: Daemon: Connection accepted:time_genoff
10-31 13:03:32.742   625  3895 D QC-time-services: Daemon:Received base = 13, unit = 1, operation = 2,value = 0
10-31 13:03:32.742   625  3895 D QC-time-services: Daemon:genoff_opr: Base = 13, val = 0, operation = 2
10-31 13:03:32.742   625  3895 D QC-time-services: offset is: 0 for base: 13
10-31 13:03:32.742   372   376 E QC-time-services: Receive Passed == base = 13, unit = 1, operation = 2, result = 0
10-31 13:03:32.742   372   376 D DrmLibTime: QSEE Time Listener: ATS_MODEM is not set. Fallback to Android system time.
10-31 13:03:32.742   372   376 D DrmLibTime: QSEE Time Listener: Retrieved Android system time: 1667217812
10-31 13:03:32.742   372   376 D DrmLibTime: time_getutcsec returns 0, sec = 1667217812; nsec = 0
10-31 13:03:32.742   372   376 D DrmLibTime: time_getutcsec finished! 
10-31 13:03:32.742   372   376 D DrmLibTime: iotcl_continue_command finished! and return 0 
10-31 13:03:32.742   372   376 D DrmLibTime: before calling ioctl to read the next time_cmd
10-31 13:03:32.742   625   647 E QC-time-services: Daemon: Time-services: Waiting to acceptconnection
10-31 13:03:32.777   562   562 D WVCdm   : OEMCrypto_Initialize Level 1 success. I will use level 1.
10-31 13:03:32.778   562   562 D QSEECOMAPI: : QSEECom_dealloc_memory 
10-31 13:03:32.778   562   562 D QSEECOMAPI: : QSEECom_shutdown_app, app_id = 2255
10-31 13:03:32.787   562 19050 I WVCdm   : CdmEngine::OpenSession
10-31 13:03:32.789   562 19050 I WVCdm   : Level3 Library 4445 May 19 2017 17:17:20
10-31 13:03:32.793   562 19050 D QSEECOMAPI: : QSEECom_get_handle sb_length = 0x19000
10-31 13:03:32.793   562 19050 D QSEECOMAPI: : App is not loaded in QSEE
10-31 13:03:32.837   562 19050 D QSEECOMAPI: : Loaded image: APP id = 2256
10-31 13:03:32.841   562 19050 D QSAPPSVER: qsapps_get_capabilities: Capability from secure side: 0x0
10-31 13:03:32.841   562 19050 D QSAPPSVER: qsapps_get_capabilities: returns 0
10-31 13:03:32.841   562 19050 E DrmWidevineDash: sion_buffer g_wv_fhandle->ion_sbuffer  0x0xef3e9000
10-31 13:03:32.844   372   376 D DrmLibTime: got the req here! ret=0
10-31 13:03:32.844   372   376 D DrmLibTime: command id, time_cmd_id = 770
10-31 13:03:32.844   372   376 D DrmLibTime: time_getutcsec starts!
10-31 13:03:32.844   372   376 D DrmLibTime: QSEE Time Listener: time_getutcsec
10-31 13:03:32.844   372   376 D DrmLibTime: QSEE Time Listener: get_utc_seconds
10-31 13:03:32.844   372   376 D DrmLibTime: QSEE Time Listener: time_get_modem_time
10-31 13:03:32.844   372   376 D DrmLibTime: QSEE Time Listener: Checking if ATS_MODEM is set or not.
10-31 13:03:32.844   372   376 D QC-time-services: Lib:time_genoff_operation: pargs->base = 13
10-31 13:03:32.844   372   376 D QC-time-services: Lib:time_genoff_operation: pargs->operation = 2
10-31 13:03:32.844   372   376 D QC-time-services: Lib:time_genoff_operation: pargs->ts_val = 0
10-31 13:03:32.844   372   376 D QC-time-services: Lib:time_genoff_operation: Send to server  passed!!
10-31 13:03:32.844   625   647 D QC-time-services: Daemon: Connection accepted:time_genoff
10-31 13:03:32.845   625  3896 D QC-time-services: Daemon:Received base = 13, unit = 1, operation = 2,value = 0
10-31 13:03:32.845   625  3896 D QC-time-services: Daemon:genoff_opr: Base = 13, val = 0, operation = 2
10-31 13:03:32.845   625  3896 D QC-time-services: offset is: 0 for base: 13
10-31 13:03:32.845   372   376 E QC-time-services: Receive Passed == base = 13, unit = 1, operation = 2, result = 0
10-31 13:03:32.845   372   376 D DrmLibTime: QSEE Time Listener: ATS_MODEM is not set. Fallback to Android system time.
10-31 13:03:32.845   372   376 D DrmLibTime: QSEE Time Listener: Retrieved Android system time: 1667217812
10-31 13:03:32.845   372   376 D DrmLibTime: time_getutcsec returns 0, sec = 1667217812; nsec = 0
10-31 13:03:32.845   372   376 D DrmLibTime: time_getutcsec finished! 
10-31 13:03:32.845   372   376 D DrmLibTime: iotcl_continue_command finished! and return 0 
10-31 13:03:32.845   372   376 D DrmLibTime: before calling ioctl to read the next time_cmd
10-31 13:03:32.845   625   647 E QC-time-services: Daemon: Time-services: Waiting to acceptconnection
10-31 13:03:32.881   562 19050 D WVCdm   : OEMCrypto_Initialize Level 1 success. I will use level 1.
10-31 13:03:32.881   562 19050 D WVCdm   : CryptoSession::Open: Lock: requested_security_level: Default
10-31 13:03:32.883   562 19050 W WVCdm   : DeviceFiles::RetrieveHashedFile: /data/mediadrm/IDM1013/L1/cert.bin does not exist
10-31 13:03:32.885   562 19050 D QSEECOMAPI: : QSEECom_dealloc_memory 
10-31 13:03:32.885   562 19050 D QSEECOMAPI: : QSEECom_shutdown_app, app_id = 2256
10-31 13:03:32.897   562 28303 I WVCdm   : Level3 Library 4445 May 19 2017 17:17:20
10-31 13:03:32.902   562 28303 D QSEECOMAPI: : QSEECom_get_handle sb_length = 0x19000
10-31 13:03:32.902   562 28303 D QSEECOMAPI: : App is not loaded in QSEE
10-31 13:03:32.953   562 28303 D QSEECOMAPI: : Loaded image: APP id = 2257
10-31 13:03:32.956   562 28303 D QSAPPSVER: qsapps_get_capabilities: Capability from secure side: 0x0
10-31 13:03:32.956   562 28303 D QSAPPSVER: qsapps_get_capabilities: returns 0
10-31 13:03:32.957   562 28303 E DrmWidevineDash: sion_buffer g_wv_fhandle->ion_sbuffer  0x0xef425000
10-31 13:03:32.961   372   376 D DrmLibTime: got the req here! ret=0
10-31 13:03:32.961   372   376 D DrmLibTime: command id, time_cmd_id = 770
10-31 13:03:32.961   372   376 D DrmLibTime: time_getutcsec starts!
10-31 13:03:32.961   372   376 D DrmLibTime: QSEE Time Listener: time_getutcsec
10-31 13:03:32.961   372   376 D DrmLibTime: QSEE Time Listener: get_utc_seconds
10-31 13:03:32.961   372   376 D DrmLibTime: QSEE Time Listener: time_get_modem_time
10-31 13:03:32.961   372   376 D DrmLibTime: QSEE Time Listener: Checking if ATS_MODEM is set or not.
10-31 13:03:32.961   372   376 D QC-time-services: Lib:time_genoff_operation: pargs->base = 13
10-31 13:03:32.961   372   376 D QC-time-services: Lib:time_genoff_operation: pargs->operation = 2
10-31 13:03:32.961   372   376 D QC-time-services: Lib:time_genoff_operation: pargs->ts_val = 0
10-31 13:03:32.961   372   376 D QC-time-services: Lib:time_genoff_operation: Send to server  passed!!
10-31 13:03:32.961   625   647 D QC-time-services: Daemon: Connection accepted:time_genoff
10-31 13:03:32.961   625  3897 D QC-time-services: Daemon:Received base = 13, unit = 1, operation = 2,value = 0
10-31 13:03:32.961   625  3897 D QC-time-services: Daemon:genoff_opr: Base = 13, val = 0, operation = 2
10-31 13:03:32.961   625  3897 D QC-time-services: offset is: 0 for base: 13
10-31 13:03:32.961   372   376 E QC-time-services: Receive Passed == base = 13, unit = 1, operation = 2, result = 0
10-31 13:03:32.961   372   376 D DrmLibTime: QSEE Time Listener: ATS_MODEM is not set. Fallback to Android system time.
10-31 13:03:32.961   372   376 D DrmLibTime: QSEE Time Listener: Retrieved Android system time: 1667217812
10-31 13:03:32.961   372   376 D DrmLibTime: time_getutcsec returns 0, sec = 1667217812; nsec = 0
10-31 13:03:32.961   372   376 D DrmLibTime: time_getutcsec finished! 
10-31 13:03:32.962   372   376 D DrmLibTime: iotcl_continue_command finished! and return 0 
10-31 13:03:32.962   372   376 D DrmLibTime: before calling ioctl to read the next time_cmd
10-31 13:03:32.962   625   647 E QC-time-services: Daemon: Time-services: Waiting to acceptconnection
10-31 13:03:32.988   562 28303 D WVCdm   : OEMCrypto_Initialize Level 1 success. I will use level 1.
10-31 13:03:32.989   562 28303 D WVCdm   : CryptoSession::Open: Lock: requested_security_level: Default
10-31 13:03:33.065   562 28303 E DrmWidevineDash: OEMCrypto_GenerateSignature : input wrapped_rsa_key == NULL!, return short buffer
10-31 13:03:33.066  2813  2813 I cr_media: Provisioning origin ID 27F6BE8C2E4875B8EAFBC1085AA40977
10-31 13:03:33.069  2813  2813 W chromium: [WARNING:compositor_view.cc(342)] Child process died (type=6) pid=3868)
10-31 13:03:33.072  2813  2813 I MediaDrm: Drm event (1,0)
10-31 13:03:33.072  2813  2813 E cr_media: EventListener: No session for event 1.
10-31 13:03:33.103   562 19051 E DrmWidevineDash: OEMCrypto_RewrapDeviceRSAKey : input wrapped_rsa_key == NULL!, return short buffer
10-31 13:03:33.120   562 19051 D QSEECOMAPI: : QSEECom_dealloc_memory 
10-31 13:03:33.120   562 19051 D QSEECOMAPI: : QSEECom_shutdown_app, app_id = 2257
10-31 13:03:34.760  3898  3898 E /system/bin/webview_zygote32: failed to make and chown /acct/uid_99837: Permission denied
10-31 13:03:34.760  3898  3898 E Zygote  : createProcessGroup(99837, 0) failed: Permission denied
10-31 13:03:34.763   772 13021 I ActivityManager: Start proc 3898:com.android.chrome:sandboxed_process31/u0i837 for webview_service com.android.chrome/org.chromium.content.app.SandboxedProcessService31
10-31 13:03:34.780  3898  3898 I SamplingProfilerIntegration: Profiling disabled.
10-31 13:03:34.804  3911  3911 E asset   : setgid: Operation not permitted
10-31 13:03:34.846  3898  3898 I cr_SplitCompatApp: Launched version=106.0.5249.79 minSdkVersion=24 isBundle=true processName=com.android.chrome:sandboxed_process31 isIsolated=true
10-31 13:03:34.854  3898  3898 W SystemServiceRegistry: No service published for: uimode
10-31 13:03:34.866  3898  3898 I cr_ChildProcessService: Creating new ChildProcessService pid=3898
10-31 13:03:34.875  3898  3898 E WebViewFactory: can't load with relro file; address space not reserved
10-31 13:03:34.888  3898  3913 I cr_LibraryLoader: Successfully loaded native library
10-31 13:03:34.889  3898  3913 I cr_CachingUmaRecorder: Flushed 3 samples from 3 histograms.
10-31 13:03:34.978  3916  3916 W ThreadPoolForeg: type=1400 audit(0.0:14673): avc: denied { setattr } for name="tl_en-us_2022-10-24_484508980_100000_index.bin" dev="dm-2" ino=1505174 scontext=u:r:isolated_app:s0:c512,c768 tcontext=u:object_r:app_data_file:s0:c512,c768 tclass=file permissive=0
10-31 13:03:34.985  3916  3916 W ThreadPoolForeg: type=1400 audit(0.0:14674): avc: denied { setattr } for name="manifest.json" dev="dm-2" ino=1505175 scontext=u:r:isolated_app:s0:c512,c768 tcontext=u:object_r:app_data_file:s0:c512,c768 tclass=file permissive=0
10-31 13:03:34.991  3916  3916 W ThreadPoolForeg: type=1400 audit(0.0:14675): avc: denied { setattr } for name="verified_contents.json" dev="dm-2" ino=1505177 scontext=u:r:isolated_app:s0:c512,c768 tcontext=u:object_r:app_data_file:s0:c512,c768 tclass=file permissive=0
