10-31 13:02:39.215   772  1259 I ActivityManager: Killing 3135:com.android.chrome:sandboxed_process6/u0a60i812 (adj 0): isolated not needed
10-31 13:02:39.219   422   422 E lowmemorykiller: Error writing /proc/3153/oom_score_adj; errno=22
10-31 13:02:39.219   772  3041 I ActivityManager: Killing 3153:com.android.chrome:sandboxed_process7/u0a60i813 (adj 0): isolated not needed
10-31 13:02:39.221   422   422 E lowmemorykiller: Error writing /proc/3181/oom_score_adj; errno=22
10-31 13:02:39.222   772 20193 I ActivityManager: Killing 3181:com.android.chrome:sandboxed_process9/u0a60i815 (adj 0): isolated not needed
10-31 13:02:39.228   772   790 W zygote64: failed to open /acct/uid_99809/pid_3088/cgroup.procs: No such file or directory
10-31 13:02:39.228   772   790 W zygote64: failed to open /acct/uid_99812/pid_3135/cgroup.procs: No such file or directory
10-31 13:02:39.228   772   790 W zygote64: failed to open /acct/uid_99813/pid_3153/cgroup.procs: No such file or directory
10-31 13:02:39.228   772   790 W zygote64: failed to open /acct/uid_99815/pid_3181/cgroup.procs: No such file or directory
10-31 13:02:39.238   422   422 E lowmemorykiller: Error writing /proc/3172/oom_score_adj; errno=22
10-31 13:02:39.244   772  2969 W ActivityManager: Exception when unbinding service com.android.chrome/org.chromium.content.app.SandboxedProcessService8
10-31 13:02:39.244   772  2969 W ActivityManager: android.os.DeadObjectException
10-31 13:02:39.244   772  2969 W ActivityManager: 	at android.os.BinderProxy.transactNative(Native Method)
10-31 13:02:39.244   772  2969 W ActivityManager: 	at android.os.BinderProxy.transact(Binder.java:748)
10-31 13:02:39.244   772  2969 W ActivityManager: 	at android.app.IApplicationThread$Stub$Proxy.scheduleUnbindService(IApplicationThread.java:1522)
10-31 13:02:39.244   772  2969 W ActivityManager: 	at com.android.server.am.ActiveServices.removeConnectionLocked(ActiveServices.java:2640)
10-31 13:02:39.244   772  2969 W ActivityManager: 	at com.android.server.am.ActiveServices.unbindServiceLocked(ActiveServices.java:1551)
10-31 13:02:39.244   772  2969 W ActivityManager: 	at com.android.server.am.ActivityManagerService.unbindService(ActivityManagerService.java:18297)
10-31 13:02:39.244   772  2969 W ActivityManager: 	at android.app.IActivityManager$Stub.onTransact(IActivityManager.java:594)
10-31 13:02:39.244   772  2969 W ActivityManager: 	at com.android.server.am.ActivityManagerService.onTransact(ActivityManagerService.java:2935)
10-31 13:02:39.244   772  2969 W ActivityManager: 	at android.os.Binder.execTransact(Binder.java:674)
10-31 13:02:39.245   422   422 E lowmemorykiller: Error opening /proc/3172/oom_score_adj; errno=2
10-31 13:02:39.245   772  2969 I ActivityManager: Killing 3172:com.android.chrome:sandboxed_process8/u0a60i814 (adj 900): isolated not needed
10-31 13:02:39.246   772   790 W zygote64: failed to open /acct/uid_99814/pid_3172/cgroup.procs: No such file or directory
10-31 13:02:39.262 14595 14595 I MemoryTrimmer: Trimming objects from memory, since app is in the background.
10-31 13:02:39.366  2813  2813 W StaticLayout: maxLineHeight should not be -1.  maxLines:1 lineCount:1
10-31 13:02:39.435  2813  2813 W chromium: [WARNING:compositor_view.cc(342)] Child process died (type=6) pid=3153)
10-31 13:02:39.436  2813  2813 W chromium: [WARNING:compositor_view.cc(342)] Child process died (type=6) pid=3181)
10-31 13:02:39.436  2813  2813 W chromium: [WARNING:compositor_view.cc(342)] Child process died (type=6) pid=3123)
10-31 13:02:39.437  2813  2813 W chromium: [WARNING:compositor_view.cc(342)] Child process died (type=6) pid=3098)
10-31 13:02:39.438   772   797 I ActivityManager: Displayed com.android.chrome/com.google.android.apps.chrome.Main: +1s288ms
10-31 13:02:39.438  2813  2813 W chromium: [WARNING:compositor_view.cc(342)] Child process died (type=6) pid=3088)
10-31 13:02:39.439  2813  2813 W chromium: [WARNING:compositor_view.cc(342)] Child process died (type=6) pid=3172)
10-31 13:02:39.441  2813  2813 W chromium: [WARNING:compositor_view.cc(342)] Child process died (type=6) pid=3077)
10-31 13:02:39.442  2813  2813 W chromium: [WARNING:compositor_view.cc(342)] Child process died (type=6) pid=3135)
10-31 13:02:39.444  3209  3284 I chromium: [INFO:child_process_service.cc(69)] ChildProcessService: Exiting child process.
10-31 13:02:39.445   422   422 E lowmemorykiller: Error writing /proc/3209/oom_score_adj; errno=22
10-31 13:02:39.447   772  3041 I ActivityManager: Killing 3209:com.android.chrome:sandboxed_process10/u0a60i816 (adj 0): isolated not needed
10-31 13:02:39.449   772   790 W zygote64: failed to open /acct/uid_99816/pid_3209/cgroup.procs: No such file or directory
10-31 13:02:39.469  2813  2813 W chromium: [WARNING:compositor_view.cc(342)] Child process died (type=6) pid=3209)
10-31 13:02:39.469  3291  3291 E /system/bin/webview_zygote32: failed to make and chown /acct/uid_99817: Permission denied
10-31 13:02:39.469  3291  3291 E Zygote  : createProcessGroup(99817, 0) failed: Permission denied
10-31 13:02:39.471   772  1324 I ActivityManager: Start proc 3291:com.android.chrome:sandboxed_process11/u0i817 for webview_service com.android.chrome/org.chromium.content.app.SandboxedProcessService11
10-31 13:02:39.493  3291  3291 I SamplingProfilerIntegration: Profiling disabled.
10-31 13:02:39.501  3304  3304 E /system/bin/webview_zygote32: failed to make and chown /acct/uid_99818: Permission denied
10-31 13:02:39.502  3304  3304 E Zygote  : createProcessGroup(99818, 0) failed: Permission denied
10-31 13:02:39.502   772  3037 I ActivityManager: Start proc 3304:com.android.chrome:sandboxed_process12/u0i818 for webview_service com.android.chrome/org.chromium.content.app.SandboxedProcessService12
10-31 13:02:39.516  3304  3304 I SamplingProfilerIntegration: Profiling disabled.
10-31 13:02:39.534  3317  3317 E /system/bin/webview_zygote32: failed to make and chown /acct/uid_99819: Permission denied
10-31 13:02:39.534  3317  3317 E Zygote  : createProcessGroup(99819, 0) failed: Permission denied
10-31 13:02:39.534  3318  3318 E asset   : setgid: Operation not permitted
10-31 13:02:39.539   772  2970 I ActivityManager: Start proc 3317:com.android.chrome:sandboxed_process13/u0i819 for webview_service com.android.chrome/org.chromium.content.app.SandboxedProcessService13
10-31 13:02:39.564   772  1324 I ActivityManager: Start proc 3330:com.android.chrome:sandboxed_process14/u0i820 for webview_service com.android.chrome/org.chromium.content.app.SandboxedProcessService14
10-31 13:02:39.568  3336  3336 E asset   : setgid: Operation not permitted
10-31 13:02:39.569  3330  3330 E /system/bin/webview_zygote32: failed to make and chown /acct/uid_99820: Permission denied
10-31 13:02:39.569  3330  3330 E Zygote  : createProcessGroup(99820, 0) failed: Permission denied
10-31 13:02:39.576  3317  3317 I SamplingProfilerIntegration: Profiling disabled.
10-31 13:02:39.585  3291  3291 I cr_SplitCompatApp: Launched version=106.0.5249.79 minSdkVersion=24 isBundle=true processName=com.android.chrome:sandboxed_process11 isIsolated=true
10-31 13:02:39.598  3291  3291 W SystemServiceRegistry: No service published for: uimode
10-31 13:02:39.613  3350  3350 E /system/bin/webview_zygote32: failed to make and chown /acct/uid_99821: Permission denied
10-31 13:02:39.614  3350  3350 E Zygote  : createProcessGroup(99821, 0) failed: Permission denied
10-31 13:02:39.615   772 10895 I ActivityManager: Start proc 3350:com.android.chrome:sandboxed_process15/u0i821 for webview_service com.android.chrome/org.chromium.content.app.SandboxedProcessService15
10-31 13:02:39.615  3291  3291 I cr_ChildProcessService: Creating new ChildProcessService pid=3291
10-31 13:02:39.621  3304  3304 I cr_SplitCompatApp: Launched version=106.0.5249.79 minSdkVersion=24 isBundle=true processName=com.android.chrome:sandboxed_process12 isIsolated=true
10-31 13:02:39.632  3330  3330 I SamplingProfilerIntegration: Profiling disabled.
10-31 13:02:39.635  3304  3304 W SystemServiceRegistry: No service published for: uimode
10-31 13:02:39.639  3291  3291 E WebViewFactory: can't load with relro file; address space not reserved
10-31 13:02:39.645  3379  3379 E /system/bin/webview_zygote32: failed to make and chown /acct/uid_99822: Permission denied
10-31 13:02:39.645  3379  3379 E Zygote  : createProcessGroup(99822, 0) failed: Permission denied
10-31 13:02:39.645   772 13071 I ActivityManager: Start proc 3379:com.android.chrome:sandboxed_process16/u0i822 for webview_service com.android.chrome/org.chromium.content.app.SandboxedProcessService16
10-31 13:02:39.650  3350  3350 I SamplingProfilerIntegration: Profiling disabled.
10-31 13:02:39.651  3304  3304 I cr_ChildProcessService: Creating new ChildProcessService pid=3304
10-31 13:02:39.657  3394  3394 E asset   : setgid: Operation not permitted
10-31 13:02:39.662  3291  3357 I cr_LibraryLoader: Successfully loaded native library
10-31 13:02:39.663  3291  3357 I cr_CachingUmaRecorder: Flushed 3 samples from 3 histograms.
10-31 13:02:39.666  3304  3304 E WebViewFactory: can't load with relro file; address space not reserved
10-31 13:02:39.683  3304  3396 I cr_LibraryLoader: Successfully loaded native library
10-31 13:02:39.684  3304  3396 I cr_CachingUmaRecorder: Flushed 3 samples from 3 histograms.
10-31 13:02:39.685  3379  3379 I SamplingProfilerIntegration: Profiling disabled.
10-31 13:02:39.690   772 10895 W AppOps  : Bad call: specified package com.google.android.gms under uid 10045 but it is really 10020
10-31 13:02:39.690   772 10895 W AppOps  : java.lang.RuntimeException: here
10-31 13:02:39.690   772 10895 W AppOps  : 	at com.android.server.AppOpsService.getOpsRawLocked(AppOpsService.java:1319)
10-31 13:02:39.690   772 10895 W AppOps  : 	at com.android.server.AppOpsService.checkPackage(AppOpsService.java:1038)
10-31 13:02:39.690   772 10895 W AppOps  : 	at com.android.internal.app.IAppOpsService$Stub.onTransact(IAppOpsService.java:169)
10-31 13:02:39.690   772 10895 W AppOps  : 	at android.os.Binder.execTransact(Binder.java:674)
10-31 13:02:39.691  3411  3411 E asset   : setgid: Operation not permitted
10-31 13:02:39.692   772 20193 W AppOps  : Bad call: specified package com.google.android.gms under uid 10045 but it is really 10020
10-31 13:02:39.692   772 20193 W AppOps  : java.lang.RuntimeException: here
10-31 13:02:39.692   772 20193 W AppOps  : 	at com.android.server.AppOpsService.getOpsRawLocked(AppOpsService.java:1319)
10-31 13:02:39.692   772 20193 W AppOps  : 	at com.android.server.AppOpsService.checkPackage(AppOpsService.java:1038)
10-31 13:02:39.692   772 20193 W AppOps  : 	at com.android.internal.app.IAppOpsService$Stub.onTransact(IAppOpsService.java:169)
10-31 13:02:39.692   772 20193 W AppOps  : 	at android.os.Binder.execTransact(Binder.java:674)
10-31 13:02:39.702  3418  3418 E asset   : setgid: Operation not permitted
10-31 13:02:39.704  3419  3419 E asset   : setgid: Operation not permitted
10-31 13:02:39.710  3291  3357 I chromium: [INFO:child_process_service.cc(69)] ChildProcessService: Exiting child process.
10-31 13:02:39.715   422   422 E lowmemorykiller: Error writing /proc/3291/oom_score_adj; errno=22
10-31 13:02:39.716   772  1327 I ActivityManager: Killing 3291:com.android.chrome:sandboxed_process11/u0a60i817 (adj 0): isolated not needed
10-31 13:02:39.716   772   790 W zygote64: failed to open /acct/uid_99817/pid_3291/cgroup.procs: No such file or directory
10-31 13:02:39.721  2813  2874 W cr_CrashFileManager: /data/user/0/com.android.chrome/cache/Crash Reports does not exist or is not a directory
10-31 13:02:39.722  2813  2874 I chatty  : uid=10060(u0_a60) identical 1 line
10-31 13:02:39.722  2813  2874 W cr_CrashFileManager: /data/user/0/com.android.chrome/cache/Crash Reports does not exist or is not a directory
10-31 13:02:39.722 14595 14595 I MemoryTrimmer: Trimming objects from memory, since app is in the background.
10-31 13:02:39.722  2813  2853 I cr_BindingManager: Moderate binding enabled: maxSize=40
10-31 13:02:39.732  3317  3317 I cr_SplitCompatApp: Launched version=106.0.5249.79 minSdkVersion=24 isBundle=true processName=com.android.chrome:sandboxed_process13 isIsolated=true
10-31 13:02:39.745  3350  3350 I cr_SplitCompatApp: Launched version=106.0.5249.79 minSdkVersion=24 isBundle=true processName=com.android.chrome:sandboxed_process15 isIsolated=true
10-31 13:02:39.746  2813  2813 W chromium: [WARNING:compositor_view.cc(342)] Child process died (type=6) pid=3291)
10-31 13:02:39.757  3350  3350 W SystemServiceRegistry: No service published for: uimode
10-31 13:02:39.759  3317  3317 W SystemServiceRegistry: No service published for: uimode
10-31 13:02:39.761  3379  3379 I cr_SplitCompatApp: Launched version=106.0.5249.79 minSdkVersion=24 isBundle=true processName=com.android.chrome:sandboxed_process16 isIsolated=true
10-31 13:02:39.773  3304  3396 I chromium: [INFO:child_process_service.cc(69)] ChildProcessService: Exiting child process.
10-31 13:02:39.774  3330  3330 I cr_SplitCompatApp: Launched version=106.0.5249.79 minSdkVersion=24 isBundle=true processName=com.android.chrome:sandboxed_process14 isIsolated=true
10-31 13:02:39.775   422   422 E lowmemorykiller: Error writing /proc/3304/oom_score_adj; errno=22
10-31 13:02:39.776  3350  3350 I cr_ChildProcessService: Creating new ChildProcessService pid=3350
10-31 13:02:39.781   772 32228 I ActivityManager: Killing 3304:com.android.chrome:sandboxed_process12/u0a60i818 (adj 0): isolated not needed
10-31 13:02:39.781   772   790 W zygote64: failed to open /acct/uid_99818/pid_3304/cgroup.procs: No such file or directory
10-31 13:02:39.782  3330  3330 W SystemServiceRegistry: No service published for: uimode
10-31 13:02:39.783  3317  3317 I cr_ChildProcessService: Creating new ChildProcessService pid=3317
10-31 13:02:39.790  3330  3330 I cr_ChildProcessService: Creating new ChildProcessService pid=3330
10-31 13:02:39.795  3379  3379 W SystemServiceRegistry: No service published for: uimode
10-31 13:02:39.798  3350  3350 E WebViewFactory: can't load with relro file; address space not reserved
10-31 13:02:39.800  3317  3317 E WebViewFactory: can't load with relro file; address space not reserved
10-31 13:02:39.804  2813  2813 W chromium: [WARNING:compositor_view.cc(342)] Child process died (type=6) pid=3304)
10-31 13:02:39.821  3330  3330 E WebViewFactory: can't load with relro file; address space not reserved
10-31 13:02:39.823  3350  3429 I cr_LibraryLoader: Successfully loaded native library
10-31 13:02:39.824  3350  3429 I cr_CachingUmaRecorder: Flushed 3 samples from 3 histograms.
10-31 13:02:39.828   772  1327 I ActivityManager: START u0 {act=android.intent.action.VIEW dat=http://192.168.178.178:5500/... flg=0x10000000 cmp=com.android.chrome/com.google.android.apps.chrome.Main} from uid 2000
10-31 13:02:39.831  3317  3431 I cr_LibraryLoader: Successfully loaded native library
10-31 13:02:39.832  3317  3431 I cr_CachingUmaRecorder: Flushed 3 samples from 3 histograms.
10-31 13:02:39.835  3379  3379 I cr_ChildProcessService: Creating new ChildProcessService pid=3379
10-31 13:02:39.839  3330  3432 I cr_LibraryLoader: Successfully loaded native library
10-31 13:02:39.840  3330  3432 I cr_CachingUmaRecorder: Flushed 3 samples from 3 histograms.
10-31 13:02:39.853  3379  3379 E WebViewFactory: can't load with relro file; address space not reserved
10-31 13:02:39.855   772 13071 I ActivityManager: Start proc 3440:com.android.chrome:sandboxed_process17/u0i823 for webview_service com.android.chrome/org.chromium.content.app.SandboxedProcessService17
10-31 13:02:39.861  3440  3440 E /system/bin/webview_zygote32: failed to make and chown /acct/uid_99823: Permission denied
10-31 13:02:39.862  3440  3440 E Zygote  : createProcessGroup(99823, 0) failed: Permission denied
10-31 13:02:39.879  3379  3436 I cr_LibraryLoader: Successfully loaded native library
10-31 13:02:39.880  2813  2813 E cr_IntentUtils: getInt failed on bundle null
10-31 13:02:39.883  2813  2813 E ResourceType: Style contains key with bad entry: 0x0101062c
10-31 13:02:39.886  3379  3436 I cr_CachingUmaRecorder: Flushed 3 samples from 3 histograms.
10-31 13:02:39.910   772  3041 I ActivityManager: Start proc 3486:com.android.chrome:sandboxed_process18/u0i824 for webview_service com.android.chrome/org.chromium.content.app.SandboxedProcessService18
10-31 13:02:39.915  3486  3486 E /system/bin/webview_zygote32: failed to make and chown /acct/uid_99824: Permission denied
10-31 13:02:39.915  3486  3486 E Zygote  : createProcessGroup(99824, 0) failed: Permission denied
10-31 13:02:39.926  2813  2813 I cr_tabmodel: Appending tabs being restored to metadata lists, 0, startingNormalCount: 2, startingIncognitoCount: 0
10-31 13:02:39.926  2813  2813 I cr_tabmodel: Serializing tab lists; counts: 2, 0
10-31 13:02:39.931  3440  3440 I SamplingProfilerIntegration: Profiling disabled.
10-31 13:02:39.962  3486  3486 I SamplingProfilerIntegration: Profiling disabled.
10-31 13:02:39.964  3960  3970 I zygote64: Background concurrent copying GC freed 103376(4MB) AllocSpace objects, 4(80KB) LOS objects, 49% free, 10MB/21MB, paused 164us total 157.119ms
10-31 13:02:39.978  3518  3518 E asset   : setgid: Operation not permitted
10-31 13:02:39.983  2813  2813 I cr_OfflineDetector: Running updateState mConnectivityDetectorInitialized: true, mTimeWhenLastForegrounded: 1093814149, getElapsedTime: 1093814149, mTimeWhenLastOfflineNotificationReceived: 0, mTimeWhenLastOnline: 1093813034, mApplicationState: 1, mIsOfflineLastReportedByConnectivityDetector: false, mIsEffectivelyOffline: false
10-31 13:02:39.983  2813  2813 I cr_OfflineDetector: updateState(): timeSinceLastForeground: 0, timeSinceOfflineNotificationReceived: 1093814149, timeSinceLastOnline: 1115, timeNeededForForeground: 2000, timeNeededForOffline: -1093812149
10-31 13:02:39.987  3519  3519 E asset   : setgid: Operation not permitted
10-31 13:02:40.010  3440  3440 I cr_SplitCompatApp: Launched version=106.0.5249.79 minSdkVersion=24 isBundle=true processName=com.android.chrome:sandboxed_process17 isIsolated=true
10-31 13:02:40.014  3350  3429 I chromium: [INFO:child_process_service.cc(69)] ChildProcessService: Exiting child process.
10-31 13:02:40.015   422   422 E lowmemorykiller: Error writing /proc/3350/oom_score_adj; errno=22
10-31 13:02:40.016  3379  3436 I chromium: [INFO:child_process_service.cc(69)] ChildProcessService: Exiting child process.
10-31 13:02:40.016   772 10895 I ActivityManager: Killing 3350:com.android.chrome:sandboxed_process15/u0a60i821 (adj 0): isolated not needed
10-31 13:02:40.016   772   790 W zygote64: failed to open /acct/uid_99821/pid_3350/cgroup.procs: No such file or directory
10-31 13:02:40.019  3317  3431 I chromium: [INFO:child_process_service.cc(69)] ChildProcessService: Exiting child process.
10-31 13:02:40.025  3330  3432 I chromium: [INFO:child_process_service.cc(69)] ChildProcessService: Exiting child process.
10-31 13:02:40.035  2813  2813 W ResourceType: Failure getting entry for 0x7f010216 (t=0 e=534) (error -75)
10-31 13:02:40.036  2813  2813 W ResourceType: Failure getting entry for 0x7f0107c9 (t=0 e=1993) (error -75)
10-31 13:02:40.038  3440  3440 W SystemServiceRegistry: No service published for: uimode
10-31 13:02:40.041  3486  3486 I cr_SplitCompatApp: Launched version=106.0.5249.79 minSdkVersion=24 isBundle=true processName=com.android.chrome:sandboxed_process18 isIsolated=true
10-31 13:02:40.045   772  4540 I ActivityManager: Start proc 3523:com.android.chrome:sandboxed_process19/u0i825 for webview_service com.android.chrome/org.chromium.content.app.SandboxedProcessService19
10-31 13:02:40.045   772  2970 I ActivityManager: Process com.android.chrome:sandboxed_process16 (pid 3379) has died: vis  TOP 
10-31 13:02:40.046   772  2970 W ActivityManager: Scheduling restart of crashed service com.android.chrome/org.chromium.content.app.SandboxedProcessService16 in 1000ms
10-31 13:02:40.046   772   790 W zygote64: failed to open /acct/uid_99822/pid_3379/cgroup.procs: No such file or directory
10-31 13:02:40.051  3486  3486 W SystemServiceRegistry: No service published for: uimode
10-31 13:02:40.054  3440  3440 I cr_ChildProcessService: Creating new ChildProcessService pid=3440
10-31 13:02:40.054  3523  3523 E /system/bin/webview_zygote32: failed to make and chown /acct/uid_99825: Permission denied
10-31 13:02:40.054  3523  3523 E Zygote  : createProcessGroup(99825, 0) failed: Permission denied
10-31 13:02:40.055   772  1327 I ActivityManager: Process com.android.chrome:sandboxed_process13 (pid 3317) has died: vis  TOP 
10-31 13:02:40.055   772  1327 W ActivityManager: Scheduling restart of crashed service com.android.chrome/org.chromium.content.app.SandboxedProcessService13 in 10991ms
10-31 13:02:40.056   772   790 W zygote64: failed to open /acct/uid_99819/pid_3317/cgroup.procs: No such file or directory
10-31 13:02:40.071  3486  3486 I cr_ChildProcessService: Creating new ChildProcessService pid=3486
10-31 13:02:40.072   772   784 I ActivityManager: Process com.android.chrome:sandboxed_process14 (pid 3330) has died: vis  TOP 
10-31 13:02:40.072   772   790 W zygote64: failed to open /acct/uid_99820/pid_3330/cgroup.procs: No such file or directory
10-31 13:02:40.072   772   784 W ActivityManager: Scheduling restart of crashed service com.android.chrome/org.chromium.content.app.SandboxedProcessService14 in 20974ms
10-31 13:02:40.076  2813  2813 W chromium: [WARNING:compositor_view.cc(342)] Child process died (type=6) pid=3379)
10-31 13:02:40.077  2813  2813 W chromium: [WARNING:compositor_view.cc(342)] Child process died (type=6) pid=3317)
10-31 13:02:40.079  2813  2813 W chromium: [WARNING:compositor_view.cc(342)] Child process died (type=6) pid=3350)
10-31 13:02:40.080  2813  2813 W chromium: [WARNING:compositor_view.cc(342)] Child process died (type=6) pid=3330)
10-31 13:02:40.100  3523  3523 I SamplingProfilerIntegration: Profiling disabled.
10-31 13:02:40.108  3539  3539 E /system/bin/webview_zygote32: failed to make and chown /acct/uid_99826: Permission denied
10-31 13:02:40.108  3539  3539 E Zygote  : createProcessGroup(99826, 0) failed: Permission denied
10-31 13:02:40.108   772 32228 I ActivityManager: Start proc 3539:com.android.chrome:sandboxed_process20/u0i826 for webview_service com.android.chrome/org.chromium.content.app.SandboxedProcessService20
10-31 13:02:40.116  3486  3486 E WebViewFactory: can't load with relro file; address space not reserved
10-31 13:02:40.118  3440  3440 E WebViewFactory: can't load with relro file; address space not reserved
10-31 13:02:40.135  3486  3537 I cr_LibraryLoader: Successfully loaded native library
10-31 13:02:40.137  3486  3537 I cr_CachingUmaRecorder: Flushed 3 samples from 3 histograms.
10-31 13:02:40.141  3440  3528 I cr_LibraryLoader: Successfully loaded native library
10-31 13:02:40.142  3440  3528 I cr_CachingUmaRecorder: Flushed 3 samples from 3 histograms.
10-31 13:02:40.148  3552  3552 E asset   : setgid: Operation not permitted
10-31 13:02:40.169  3539  3539 I SamplingProfilerIntegration: Profiling disabled.
10-31 13:02:40.175  3523  3523 I cr_SplitCompatApp: Launched version=106.0.5249.79 minSdkVersion=24 isBundle=true processName=com.android.chrome:sandboxed_process19 isIsolated=true
10-31 13:02:40.177  3440  3528 I chromium: [INFO:child_process_service.cc(69)] ChildProcessService: Exiting child process.
10-31 13:02:40.179  3523  3523 W SystemServiceRegistry: No service published for: uimode
10-31 13:02:40.189   422   422 E lowmemorykiller: Error writing /proc/3440/oom_score_adj; errno=22
10-31 13:02:40.189   772 32228 I ActivityManager: Killing 3440:com.android.chrome:sandboxed_process17/u0a60i823 (adj 0): isolated not needed
10-31 13:02:40.190   772   790 W zygote64: failed to open /acct/uid_99823/pid_3440/cgroup.procs: No such file or directory
10-31 13:02:40.193  3523  3523 I cr_ChildProcessService: Creating new ChildProcessService pid=3523
10-31 13:02:40.203  3571  3571 E asset   : setgid: Operation not permitted
10-31 13:02:40.204  3523  3523 E WebViewFactory: can't load with relro file; address space not reserved
10-31 13:02:40.209  2813  2813 W chromium: [WARNING:compositor_view.cc(342)] Child process died (type=6) pid=3440)
10-31 13:02:40.228  3523  3570 I cr_LibraryLoader: Successfully loaded native library
10-31 13:02:40.229  3523  3570 I cr_CachingUmaRecorder: Flushed 3 samples from 3 histograms.
10-31 13:02:40.242  3539  3539 I cr_SplitCompatApp: Launched version=106.0.5249.79 minSdkVersion=24 isBundle=true processName=com.android.chrome:sandboxed_process20 isIsolated=true
10-31 13:02:40.246  3539  3539 W SystemServiceRegistry: No service published for: uimode
10-31 13:02:40.260  3539  3539 I cr_ChildProcessService: Creating new ChildProcessService pid=3539
10-31 13:02:40.276  3539  3539 E WebViewFactory: can't load with relro file; address space not reserved
10-31 13:02:40.289  3523  3570 I chromium: [INFO:child_process_service.cc(69)] ChildProcessService: Exiting child process.
10-31 13:02:40.289  3539  3588 I cr_LibraryLoader: Successfully loaded native library
10-31 13:02:40.290  3539  3588 I cr_CachingUmaRecorder: Flushed 3 samples from 3 histograms.
10-31 13:02:40.295  3590  3590 E /system/bin/webview_zygote32: failed to make and chown /acct/uid_99827: Permission denied
10-31 13:02:40.295  3590  3590 E Zygote  : createProcessGroup(99827, 0) failed: Permission denied
10-31 13:02:40.299   772 10895 I ActivityManager: Start proc 3590:com.android.chrome:sandboxed_process21/u0i827 for webview_service com.android.chrome/org.chromium.content.app.SandboxedProcessService21
10-31 13:02:40.304   422   422 E lowmemorykiller: Error writing /proc/3523/oom_score_adj; errno=22
10-31 13:02:40.305   772 10860 I ActivityManager: Killing 3523:com.android.chrome:sandboxed_process19/u0a60i825 (adj 0): isolated not needed
10-31 13:02:40.306   772   790 W zygote64: failed to open /acct/uid_99825/pid_3523/cgroup.procs: No such file or directory
10-31 13:02:40.314  2813  2813 W chromium: [WARNING:compositor_view.cc(342)] Child process died (type=6) pid=3523)
10-31 13:02:40.327  3590  3590 I SamplingProfilerIntegration: Profiling disabled.
10-31 13:02:40.351  3539  3588 I chromium: [INFO:child_process_service.cc(69)] ChildProcessService: Exiting child process.
10-31 13:02:40.353  3625  3625 E asset   : setgid: Operation not permitted
10-31 13:02:40.355   422   422 E lowmemorykiller: Error writing /proc/3539/oom_score_adj; errno=22
10-31 13:02:40.356   772  3037 I ActivityManager: Killing 3539:com.android.chrome:sandboxed_process20/u0a60i826 (adj 0): isolated not needed
10-31 13:02:40.357   772   790 W zygote64: failed to open /acct/uid_99826/pid_3539/cgroup.procs: No such file or directory
10-31 13:02:40.371  2813  2813 W chromium: [WARNING:compositor_view.cc(342)] Child process died (type=6) pid=3539)
10-31 13:02:40.381  3590  3590 I cr_SplitCompatApp: Launched version=106.0.5249.79 minSdkVersion=24 isBundle=true processName=com.android.chrome:sandboxed_process21 isIsolated=true
10-31 13:02:40.385  3590  3590 W SystemServiceRegistry: No service published for: uimode
10-31 13:02:40.392  3590  3590 I cr_ChildProcessService: Creating new ChildProcessService pid=3590
10-31 13:02:40.399  3590  3590 E WebViewFactory: can't load with relro file; address space not reserved
10-31 13:02:40.413  3590  3626 I cr_LibraryLoader: Successfully loaded native library
10-31 13:02:40.415  3590  3626 I cr_CachingUmaRecorder: Flushed 3 samples from 3 histograms.
10-31 13:02:40.439  3590  3626 I chromium: [INFO:child_process_service.cc(69)] ChildProcessService: Exiting child process.
10-31 13:02:40.442   422   422 E lowmemorykiller: Error writing /proc/3590/oom_score_adj; errno=22
10-31 13:02:40.443   772  1324 I ActivityManager: Killing 3590:com.android.chrome:sandboxed_process21/u0a60i827 (adj 0): isolated not needed
10-31 13:02:40.443   772   790 W zygote64: failed to open /acct/uid_99827/pid_3590/cgroup.procs: No such file or directory
10-31 13:02:40.464  2813  2813 W chromium: [WARNING:compositor_view.cc(342)] Child process died (type=6) pid=3590)
10-31 13:02:41.075  2885  2899 I vndksupport: sphal namespace is not configured for this process. Loading libutils.so from the current namespace instead.
10-31 13:02:41.076  2813  2844 I vndksupport: sphal namespace is not configured for this process. Loading libutils.so from the current namespace instead.
10-31 13:02:41.076  2854  2869 I vndksupport: sphal namespace is not configured for this process. Loading libutils.so from the current namespace instead.
10-31 13:02:41.077  3486  3517 I vndksupport: sphal namespace is not configured for this process. Loading libutils.so from the current namespace instead.
10-31 13:02:41.083   556  6508 E Parcel  : Reading a NULL string not supported here.
10-31 13:02:41.083   556  6508 W Parcel  : **** enforceInterface() expected 'IAAudioService' but read ''
10-31 13:02:41.084   360   360 E SELinux : avc:  denied  { find } for service=android.service.gatekeeper.IGateKeeperService pid=3642 uid=2000 scontext=u:r:shell:s0 tcontext=u:object_r:gatekeeper_service:s0 tclass=service_manager
10-31 13:02:41.085   360   360 E SELinux : avc:  denied  { find } for service=netd pid=3642 uid=2000 scontext=u:r:shell:s0 tcontext=u:object_r:netd_service:s0 tclass=service_manager
10-31 13:02:41.088  3642  3642 W atrace  : type=1400 audit(0.0:14652): avc: denied { call } for scontext=u:r:shell:s0 tcontext=u:r:wificond:s0 tclass=binder permissive=0
10-31 13:02:41.092   360   360 E SELinux : avc:  denied  { find } for service=installd pid=3642 uid=2000 scontext=u:r:shell:s0 tcontext=u:object_r:installd_service:s0 tclass=service_manager
10-31 13:02:41.102   361   361 E SELinux : avc:  denied  { find } for interface=android.frameworks.displayservice::IDisplayService pid=3642 scontext=u:r:shell:s0 tcontext=u:object_r:fwk_display_hwservice:s0 tclass=hwservice_manager
10-31 13:02:41.102   361   361 E SELinux : avc:  denied  { find } for interface=android.frameworks.schedulerservice::ISchedulingPolicyService pid=3642 scontext=u:r:shell:s0 tcontext=u:object_r:fwk_scheduler_hwservice:s0 tclass=hwservice_manager
10-31 13:02:41.103   361   361 E SELinux : avc:  denied  { find } for interface=android.frameworks.sensorservice::ISensorManager pid=3642 scontext=u:r:shell:s0 tcontext=u:object_r:fwk_sensor_hwservice:s0 tclass=hwservice_manager
10-31 13:02:41.105   361   361 E SELinux : avc:  denied  { find } for interface=android.hardware.biometrics.fingerprint::IBiometricsFingerprint pid=3642 scontext=u:r:shell:s0 tcontext=u:object_r:hal_fingerprint_hwservice:s0 tclass=hwservice_manager
10-31 13:02:41.106   361   361 E SELinux : avc:  denied  { find } for interface=android.hardware.dumpstate::IDumpstateDevice pid=3642 scontext=u:r:shell:s0 tcontext=u:object_r:hal_dumpstate_hwservice:s0 tclass=hwservice_manager
10-31 13:02:41.108   361   361 E SELinux : avc:  denied  { find } for interface=android.hardware.radio.deprecated::IOemHook pid=3642 scontext=u:r:shell:s0 tcontext=u:object_r:hal_telephony_hwservice:s0 tclass=hwservice_manager
10-31 13:02:41.109   361   361 E SELinux : avc:  denied  { find } for interface=android.hardware.radio::IRadio pid=3642 scontext=u:r:shell:s0 tcontext=u:object_r:hal_telephony_hwservice:s0 tclass=hwservice_manager
10-31 13:02:41.110   361   361 E SELinux : avc:  denied  { find } for interface=android.hardware.radio::ISap pid=3642 scontext=u:r:shell:s0 tcontext=u:object_r:hal_telephony_hwservice:s0 tclass=hwservice_manager
10-31 13:02:41.110   361   361 E SELinux : avc:  denied  { find } for interface=android.hardware.usb::IUsb pid=3642 scontext=u:r:shell:s0 tcontext=u:object_r:hal_usb_hwservice:s0 tclass=hwservice_manager
10-31 13:02:41.111   361   361 E SELinux : avc:  denied  { find } for interface=android.hardware.wifi.supplicant::ISupplicant pid=3642 scontext=u:r:shell:s0 tcontext=u:object_r:hal_wifi_supplicant_hwservice:s0 tclass=hwservice_manager
10-31 13:02:41.112   361   361 E SELinux : avc:  denied  { find } for interface=android.hardware.wifi::IWifi pid=3642 scontext=u:r:shell:s0 tcontext=u:object_r:hal_wifi_hwservice:s0 tclass=hwservice_manager
10-31 13:02:41.113   361   361 E SELinux : avc:  denied  { find } for interface=android.hidl.base::IBase pid=3642 scontext=u:r:shell:s0 tcontext=u:object_r:hidl_base_hwservice:s0 tclass=hwservice_manager
10-31 13:02:41.113   361   361 I chatty  : uid=1000(system) hwservicemanage identical 1 line
10-31 13:02:41.113   361   361 E SELinux : avc:  denied  { find } for interface=android.hidl.base::IBase pid=3642 scontext=u:r:shell:s0 tcontext=u:object_r:hidl_base_hwservice:s0 tclass=hwservice_manager
10-31 13:02:41.116   361   361 E SELinux : avc:  denied  { find } for interface=android.system.wifi.keystore::IKeystore pid=3642 scontext=u:r:shell:s0 tcontext=u:object_r:system_wifi_keystore_hwservice:s0 tclass=hwservice_manager
10-31 13:02:41.180  2813  2813 W chromium: [WARNING:controller_impl.cc(1190)] Background download complete, client: 6, completion type: 0, file size:16643
10-31 13:02:41.208  3643  3643 E /system/bin/webview_zygote32: failed to make and chown /acct/uid_99828: Permission denied
10-31 13:02:41.209  3643  3643 E Zygote  : createProcessGroup(99828, 0) failed: Permission denied
10-31 13:02:41.213   772  4539 I ActivityManager: Start proc 3643:com.android.chrome:sandboxed_process22/u0i828 for webview_service com.android.chrome/org.chromium.content.app.SandboxedProcessService22
10-31 13:02:41.237  3643  3643 I SamplingProfilerIntegration: Profiling disabled.
10-31 13:02:41.263  2813  2813 W chromium: [WARNING:controller_impl.cc(1190)] Background download complete, client: 6, completion type: 0, file size:18160
10-31 13:02:41.264  3656  3656 E asset   : setgid: Operation not permitted
10-31 13:02:41.298  3643  3643 I cr_SplitCompatApp: Launched version=106.0.5249.79 minSdkVersion=24 isBundle=true processName=com.android.chrome:sandboxed_process22 isIsolated=true
10-31 13:02:41.301  3657  3657 E /system/bin/webview_zygote32: failed to make and chown /acct/uid_99829: Permission denied
10-31 13:02:41.303  3657  3657 E Zygote  : createProcessGroup(99829, 0) failed: Permission denied
10-31 13:02:41.304  3643  3643 W SystemServiceRegistry: No service published for: uimode
10-31 13:02:41.305   772  3037 I ActivityManager: Start proc 3657:com.android.chrome:sandboxed_process23/u0i829 for webview_service com.android.chrome/org.chromium.content.app.SandboxedProcessService23
10-31 13:02:41.311  3643  3643 I cr_ChildProcessService: Creating new ChildProcessService pid=3643
10-31 13:02:41.319  3643  3643 E WebViewFactory: can't load with relro file; address space not reserved
10-31 13:02:41.325  3657  3657 I SamplingProfilerIntegration: Profiling disabled.
10-31 13:02:41.334  3643  3664 I cr_LibraryLoader: Successfully loaded native library
10-31 13:02:41.336  3643  3664 I cr_CachingUmaRecorder: Flushed 3 samples from 3 histograms.
10-31 13:02:41.348  2813  2813 W chromium: [WARNING:controller_impl.cc(1190)] Background download complete, client: 6, completion type: 0, file size:15859
10-31 13:02:41.355  3677  3677 E asset   : setgid: Operation not permitted
10-31 13:02:41.361  3676  3676 W ThreadPoolForeg: type=1400 audit(0.0:14653): avc: denied { setattr } for name="model-info.pb" dev="dm-2" ino=1504799 scontext=u:r:isolated_app:s0:c512,c768 tcontext=u:object_r:app_data_file:s0:c512,c768 tclass=file permissive=0
10-31 13:02:41.368  3676  3676 W ThreadPoolForeg: type=1400 audit(0.0:14654): avc: denied { setattr } for name="model.tflite" dev="dm-2" ino=1504801 scontext=u:r:isolated_app:s0:c512,c768 tcontext=u:object_r:app_data_file:s0:c512,c768 tclass=file permissive=0
10-31 13:02:41.375  3643  3664 I chromium: [INFO:child_process_service.cc(69)] ChildProcessService: Exiting child process.
10-31 13:02:41.381  3680  3680 E /system/bin/webview_zygote32: failed to make and chown /acct/uid_99830: Permission denied
10-31 13:02:41.381  3680  3680 E Zygote  : createProcessGroup(99830, 0) failed: Permission denied
10-31 13:02:41.381   772  4540 I ActivityManager: Start proc 3680:com.android.chrome:sandboxed_process24/u0i830 for webview_service com.android.chrome/org.chromium.content.app.SandboxedProcessService24
10-31 13:02:41.384   422   422 E lowmemorykiller: Error writing /proc/3643/oom_score_adj; errno=22
10-31 13:02:41.385   772   784 I ActivityManager: Killing 3643:com.android.chrome:sandboxed_process22/u0a60i828 (adj 0): isolated not needed
10-31 13:02:41.386   772   790 W zygote64: failed to open /acct/uid_99828/pid_3643/cgroup.procs: No such file or directory
10-31 13:02:41.394  3657  3657 I cr_SplitCompatApp: Launched version=106.0.5249.79 minSdkVersion=24 isBundle=true processName=com.android.chrome:sandboxed_process23 isIsolated=true
10-31 13:02:41.399  3657  3657 W SystemServiceRegistry: No service published for: uimode
10-31 13:02:41.404  2813  2813 W chromium: [WARNING:compositor_view.cc(342)] Child process died (type=6) pid=3643)
10-31 13:02:41.413  3657  3657 I cr_ChildProcessService: Creating new ChildProcessService pid=3657
10-31 13:02:41.419  3680  3680 I SamplingProfilerIntegration: Profiling disabled.
10-31 13:02:41.422  3657  3657 E WebViewFactory: can't load with relro file; address space not reserved
10-31 13:02:41.437  3694  3694 E asset   : setgid: Operation not permitted
10-31 13:02:41.441  3657  3692 I cr_LibraryLoader: Successfully loaded native library
10-31 13:02:41.442  3657  3692 I cr_CachingUmaRecorder: Flushed 3 samples from 3 histograms.
10-31 13:02:41.468  3698  3698 W ThreadPoolForeg: type=1400 audit(0.0:14655): avc: denied { setattr } for name="model-info.pb" dev="dm-2" ino=1504794 scontext=u:r:isolated_app:s0:c512,c768 tcontext=u:object_r:app_data_file:s0:c512,c768 tclass=file permissive=0
10-31 13:02:41.468  3698  3698 W ThreadPoolForeg: type=1400 audit(0.0:14656): avc: denied { setattr } for name="model.tflite" dev="dm-2" ino=1504799 scontext=u:r:isolated_app:s0:c512,c768 tcontext=u:object_r:app_data_file:s0:c512,c768 tclass=file permissive=0
10-31 13:02:41.469  3680  3680 I cr_SplitCompatApp: Launched version=106.0.5249.79 minSdkVersion=24 isBundle=true processName=com.android.chrome:sandboxed_process24 isIsolated=true
10-31 13:02:41.473  3680  3680 W SystemServiceRegistry: No service published for: uimode
10-31 13:02:41.477  3657  3692 I chromium: [INFO:child_process_service.cc(69)] ChildProcessService: Exiting child process.
10-31 13:02:41.480   422   422 E lowmemorykiller: Error writing /proc/3657/oom_score_adj; errno=22
10-31 13:02:41.481  3680  3680 I cr_ChildProcessService: Creating new ChildProcessService pid=3680
10-31 13:02:41.481   772  2970 I ActivityManager: Killing 3657:com.android.chrome:sandboxed_process23/u0a60i829 (adj 0): isolated not needed
10-31 13:02:41.481   772   790 W zygote64: failed to open /acct/uid_99829/pid_3657/cgroup.procs: No such file or directory
10-31 13:02:41.504  3680  3680 E WebViewFactory: can't load with relro file; address space not reserved
10-31 13:02:41.515  2813  2813 W chromium: [WARNING:compositor_view.cc(342)] Child process died (type=6) pid=3657)
10-31 13:02:41.521  3680  3701 I cr_LibraryLoader: Successfully loaded native library
10-31 13:02:41.522  3680  3701 I cr_CachingUmaRecorder: Flushed 3 samples from 3 histograms.
10-31 13:02:41.535  3705  3705 W ThreadPoolForeg: type=1400 audit(0.0:14657): avc: denied { setattr } for name="model-info.pb" dev="dm-2" ino=1504794 scontext=u:r:isolated_app:s0:c512,c768 tcontext=u:object_r:app_data_file:s0:c512,c768 tclass=file permissive=0
10-31 13:02:41.538  3705  3705 W ThreadPoolForeg: type=1400 audit(0.0:14658): avc: denied { setattr } for name="model.tflite" dev="dm-2" ino=1504796 scontext=u:r:isolated_app:s0:c512,c768 tcontext=u:object_r:app_data_file:s0:c512,c768 tclass=file permissive=0
10-31 13:02:41.545  3680  3701 I chromium: [INFO:child_process_service.cc(69)] ChildProcessService: Exiting child process.
10-31 13:02:41.546   422   422 E lowmemorykiller: Error writing /proc/3680/oom_score_adj; errno=22
10-31 13:02:41.547   772  3854 I ActivityManager: Killing 3680:com.android.chrome:sandboxed_process24/u0a60i830 (adj 0): isolated not needed
10-31 13:02:41.548   772   790 W zygote64: failed to open /acct/uid_99830/pid_3680/cgroup.procs: No such file or directory
10-31 13:02:41.566  2813  2813 W chromium: [WARNING:compositor_view.cc(342)] Child process died (type=6) pid=3680)
10-31 13:02:42.301  2813  2813 W chromium: [WARNING:controller_impl.cc(1190)] Background download complete, client: 6, completion type: 0, file size:4951
10-31 13:02:42.334  3710  3710 E /system/bin/webview_zygote32: failed to make and chown /acct/uid_99831: Permission denied
10-31 13:02:42.334  3710  3710 E Zygote  : createProcessGroup(99831, 0) failed: Permission denied
10-31 13:02:42.334   772 13022 I ActivityManager: Start proc 3710:com.android.chrome:sandboxed_process25/u0i831 for webview_service com.android.chrome/org.chromium.content.app.SandboxedProcessService25
10-31 13:02:42.362  3710  3710 I SamplingProfilerIntegration: Profiling disabled.
10-31 13:02:42.381  2813  2813 W chromium: [WARNING:controller_impl.cc(1190)] Background download complete, client: 6, completion type: 0, file size:2759
10-31 13:02:42.404  3723  3723 E asset   : setgid: Operation not permitted
10-31 13:02:42.404   772  3854 I ActivityManager: Start proc 3724:com.android.chrome:sandboxed_process26/u0i832 for webview_service com.android.chrome/org.chromium.content.app.SandboxedProcessService26
10-31 13:02:42.406  3724  3724 E /system/bin/webview_zygote32: failed to make and chown /acct/uid_99832: Permission denied
10-31 13:02:42.406  3724  3724 E Zygote  : createProcessGroup(99832, 0) failed: Permission denied
10-31 13:02:42.413   772   781 I zygote64: Background concurrent copying GC freed 103022(6MB) AllocSpace objects, 227(6MB) LOS objects, 42% free, 18MB/32MB, paused 756us total 108.926ms
10-31 13:02:42.426  3724  3724 I SamplingProfilerIntegration: Profiling disabled.
10-31 13:02:42.435  3710  3710 I cr_SplitCompatApp: Launched version=106.0.5249.79 minSdkVersion=24 isBundle=true processName=com.android.chrome:sandboxed_process25 isIsolated=true
10-31 13:02:42.439  3710  3710 W SystemServiceRegistry: No service published for: uimode
10-31 13:02:42.446  3739  3739 E asset   : setgid: Operation not permitted
10-31 13:02:42.446  3710  3710 I cr_ChildProcessService: Creating new ChildProcessService pid=3710
10-31 13:02:42.452  3710  3710 E WebViewFactory: can't load with relro file; address space not reserved
10-31 13:02:42.467  3710  3740 I cr_LibraryLoader: Successfully loaded native library
10-31 13:02:42.468  3710  3740 I cr_CachingUmaRecorder: Flushed 3 samples from 3 histograms.
10-31 13:02:42.476  3724  3724 I cr_SplitCompatApp: Launched version=106.0.5249.79 minSdkVersion=24 isBundle=true processName=com.android.chrome:sandboxed_process26 isIsolated=true
10-31 13:02:42.480  3724  3724 W SystemServiceRegistry: No service published for: uimode
10-31 13:02:42.485  3745  3745 W ThreadPoolForeg: type=1400 audit(0.0:14659): avc: denied { setattr } for name="model-info.pb" dev="dm-2" ino=1504810 scontext=u:r:isolated_app:s0:c512,c768 tcontext=u:object_r:app_data_file:s0:c512,c768 tclass=file permissive=0
10-31 13:02:42.485  3745  3745 W ThreadPoolForeg: type=1400 audit(0.0:14660): avc: denied { setattr } for name="model.tflite" dev="dm-2" ino=1504812 scontext=u:r:isolated_app:s0:c512,c768 tcontext=u:object_r:app_data_file:s0:c512,c768 tclass=file permissive=0
10-31 13:02:42.488  3724  3724 I cr_ChildProcessService: Creating new ChildProcessService pid=3724
10-31 13:02:42.493  3710  3740 I chromium: [INFO:child_process_service.cc(69)] ChildProcessService: Exiting child process.
10-31 13:02:42.494   422   422 E lowmemorykiller: Error writing /proc/3710/oom_score_adj; errno=22
10-31 13:02:42.495   772  1327 I ActivityManager: Killing 3710:com.android.chrome:sandboxed_process25/u0a60i831 (adj 0): isolated not needed
10-31 13:02:42.495   772   790 W zygote64: failed to open /acct/uid_99831/pid_3710/cgroup.procs: No such file or directory
10-31 13:02:42.498  3724  3724 E WebViewFactory: can't load with relro file; address space not reserved
10-31 13:02:42.500  2813  2813 W chromium: [WARNING:controller_impl.cc(1190)] Background download complete, client: 6, completion type: 0, file size:116031
10-31 13:02:42.521  3724  3748 I cr_LibraryLoader: Successfully loaded native library
10-31 13:02:42.522  3724  3748 I cr_CachingUmaRecorder: Flushed 3 samples from 3 histograms.
10-31 13:02:42.532  3749  3749 E /system/bin/webview_zygote32: failed to make and chown /acct/uid_99833: Permission denied
10-31 13:02:42.533  3749  3749 E Zygote  : createProcessGroup(99833, 0) failed: Permission denied
10-31 13:02:42.537   772  3854 I ActivityManager: Start proc 3749:com.android.chrome:sandboxed_process27/u0i833 for webview_service com.android.chrome/org.chromium.content.app.SandboxedProcessService27
10-31 13:02:42.538  3754  3754 W ThreadPoolForeg: type=1400 audit(0.0:14661): avc: denied { setattr } for name="model-info.pb" dev="dm-2" ino=1504810 scontext=u:r:isolated_app:s0:c512,c768 tcontext=u:object_r:app_data_file:s0:c512,c768 tclass=file permissive=0
10-31 13:02:42.541  3754  3754 W ThreadPoolForeg: type=1400 audit(0.0:14662): avc: denied { setattr } for name="model.tflite" dev="dm-2" ino=1504813 scontext=u:r:isolated_app:s0:c512,c768 tcontext=u:object_r:app_data_file:s0:c512,c768 tclass=file permissive=0
10-31 13:02:42.548  3724  3748 I chromium: [INFO:child_process_service.cc(69)] ChildProcessService: Exiting child process.
10-31 13:02:42.557  2813  2813 W chromium: [WARNING:compositor_view.cc(342)] Child process died (type=6) pid=3710)
10-31 13:02:42.557   772 10895 I ActivityManager: Process com.android.chrome:sandboxed_process26 (pid 3724) has died: vis  TOP 
10-31 13:02:42.557   772 10895 W ActivityManager: Scheduling restart of crashed service com.android.chrome/org.chromium.content.app.SandboxedProcessService26 in 1000ms
10-31 13:02:42.557   772   790 W zygote64: failed to open /acct/uid_99832/pid_3724/cgroup.procs: No such file or directory
10-31 13:02:42.557  2813  2813 W chromium: [WARNING:compositor_view.cc(342)] Child process died (type=6) pid=3724)
10-31 13:02:42.574  3749  3749 I SamplingProfilerIntegration: Profiling disabled.
10-31 13:02:42.592  3769  3769 E asset   : setgid: Operation not permitted
10-31 13:02:42.622  3749  3749 I cr_SplitCompatApp: Launched version=106.0.5249.79 minSdkVersion=24 isBundle=true processName=com.android.chrome:sandboxed_process27 isIsolated=true
10-31 13:02:42.626  3749  3749 W SystemServiceRegistry: No service published for: uimode
10-31 13:02:42.632  3749  3749 I cr_ChildProcessService: Creating new ChildProcessService pid=3749
10-31 13:02:42.638  3749  3749 E WebViewFactory: can't load with relro file; address space not reserved
10-31 13:02:42.649  3749  3770 I cr_LibraryLoader: Successfully loaded native library
10-31 13:02:42.650  3749  3770 I cr_CachingUmaRecorder: Flushed 3 samples from 3 histograms.
10-31 13:02:42.668  3774  3774 W ThreadPoolForeg: type=1400 audit(0.0:14663): avc: denied { setattr } for name="model-info.pb" dev="dm-2" ino=1504808 scontext=u:r:isolated_app:s0:c512,c768 tcontext=u:object_r:app_data_file:s0:c512,c768 tclass=file permissive=0
10-31 13:02:42.678  3774  3774 W ThreadPoolForeg: type=1400 audit(0.0:14664): avc: denied { setattr } for name="model.tflite" dev="dm-2" ino=1504810 scontext=u:r:isolated_app:s0:c512,c768 tcontext=u:object_r:app_data_file:s0:c512,c768 tclass=file permissive=0
10-31 13:02:42.685  3749  3770 I chromium: [INFO:child_process_service.cc(69)] ChildProcessService: Exiting child process.
10-31 13:02:42.688   422   422 E lowmemorykiller: Error writing /proc/3749/oom_score_adj; errno=22
10-31 13:02:42.688   772  2970 I ActivityManager: Killing 3749:com.android.chrome:sandboxed_process27/u0a60i833 (adj 0): isolated not needed
10-31 13:02:42.689   772   790 W zygote64: failed to open /acct/uid_99833/pid_3749/cgroup.procs: No such file or directory
10-31 13:02:42.706  2813  2813 W chromium: [WARNING:compositor_view.cc(342)] Child process died (type=6) pid=3749)
10-31 13:02:43.605  2813  2813 W chromium: [WARNING:controller_impl.cc(1190)] Background download complete, client: 6, completion type: 0, file size:265060
10-31 13:02:43.646  3777  3777 E /system/bin/webview_zygote32: failed to make and chown /acct/uid_99834: Permission denied
10-31 13:02:43.646  3777  3777 E Zygote  : createProcessGroup(99834, 0) failed: Permission denied
10-31 13:02:43.653   772 32228 I ActivityManager: Start proc 3777:com.android.chrome:sandboxed_process28/u0i834 for webview_service com.android.chrome/org.chromium.content.app.SandboxedProcessService28
10-31 13:02:43.672  3777  3777 I SamplingProfilerIntegration: Profiling disabled.
10-31 13:02:43.690 13542 13669 I Icing   : IndexChimeraService.getServiceInterface callingPackage=com.google.android.gms componentName=null serviceId=30
10-31 13:02:43.705 13542 13542 D BoundBrokerSvc: onBind: Intent { act=com.google.android.gms.common.BIND_SHARED_PREFS pkg=com.google.android.gms }
10-31 13:02:43.705 13542 13542 D BoundBrokerSvc: Loading bound service for intent: Intent { act=com.google.android.gms.common.BIND_SHARED_PREFS pkg=com.google.android.gms }
10-31 13:02:43.710 13542 13542 D BoundBrokerSvc: onUnbind: Intent { act=com.google.android.gms.common.BIND_SHARED_PREFS pkg=com.google.android.gms }
10-31 13:02:43.711  3792  3792 E asset   : setgid: Operation not permitted
10-31 13:02:43.741 13542 27495 I GmsCoreXrpcWrapper: Returning a channel provider with trafficStatsTag=12803 trafficStatsUid=-1
10-31 13:02:43.751  3777  3777 I cr_SplitCompatApp: Launched version=106.0.5249.79 minSdkVersion=24 isBundle=true processName=com.android.chrome:sandboxed_process28 isIsolated=true
10-31 13:02:43.756  3777  3777 W SystemServiceRegistry: No service published for: uimode
