10-31 13:03:35.005  3898  3913 I chromium: [INFO:child_process_service.cc(69)] ChildProcessService: Exiting child process.
10-31 13:03:35.008   422   422 E lowmemorykiller: Error writing /proc/3898/oom_score_adj; errno=22
10-31 13:03:35.008   772 13021 I ActivityManager: Killing 3898:com.android.chrome:sandboxed_process31/u0a60i837 (adj 0): isolated not needed
10-31 13:03:35.011   772   790 W zygote64: failed to open /acct/uid_99837/pid_3898/cgroup.procs: No such file or directory
10-31 13:03:35.024  2813  2813 W chromium: [WARNING:compositor_view.cc(342)] Child process died (type=6) pid=3898)
10-31 13:03:37.055  3921  3921 E /system/bin/webview_zygote32: failed to make and chown /acct/uid_99838: Permission denied
10-31 13:03:37.055  3921  3921 E Zygote  : createProcessGroup(99838, 0) failed: Permission denied
10-31 13:03:37.060   772 10895 I ActivityManager: Start proc 3921:com.android.chrome:sandboxed_process32/u0i838 for webview_service com.android.chrome/org.chromium.content.app.SandboxedProcessService32
10-31 13:03:37.084  3921  3921 I SamplingProfilerIntegration: Profiling disabled.
10-31 13:03:37.113  3934  3934 E asset   : setgid: Operation not permitted
10-31 13:03:37.157  3921  3921 I cr_SplitCompatApp: Launched version=106.0.5249.79 minSdkVersion=24 isBundle=true processName=com.android.chrome:sandboxed_process32 isIsolated=true
10-31 13:03:37.164  3921  3921 W SystemServiceRegistry: No service published for: uimode
10-31 13:03:37.183  3921  3921 I cr_ChildProcessService: Creating new ChildProcessService pid=3921
10-31 13:03:37.192  3921  3921 E WebViewFactory: can't load with relro file; address space not reserved
10-31 13:03:37.204  3921  3936 I cr_LibraryLoader: Successfully loaded native library
10-31 13:03:37.206  3921  3936 I cr_CachingUmaRecorder: Flushed 3 samples from 3 histograms.
10-31 13:03:37.245  3940  3940 W ThreadPoolForeg: type=1400 audit(0.0:14676): avc: denied { setattr } for name="optimization-hints.pb" dev="dm-2" ino=1505180 scontext=u:r:isolated_app:s0:c512,c768 tcontext=u:object_r:app_data_file:s0:c512,c768 tclass=file permissive=0
10-31 13:03:37.245  3940  3940 W ThreadPoolForeg: type=1400 audit(0.0:14677): avc: denied { setattr } for name="manifest.json" dev="dm-2" ino=1505181 scontext=u:r:isolated_app:s0:c512,c768 tcontext=u:object_r:app_data_file:s0:c512,c768 tclass=file permissive=0
10-31 13:03:37.251  3940  3940 W ThreadPoolForeg: type=1400 audit(0.0:14678): avc: denied { setattr } for name="verified_contents.json" dev="dm-2" ino=1505183 scontext=u:r:isolated_app:s0:c512,c768 tcontext=u:object_r:app_data_file:s0:c512,c768 tclass=file permissive=0
10-31 13:03:37.259  3921  3936 I chromium: [INFO:child_process_service.cc(69)] ChildProcessService: Exiting child process.
10-31 13:03:37.262   422   422 E lowmemorykiller: Error writing /proc/3921/oom_score_adj; errno=22
10-31 13:03:37.263   772 10895 I ActivityManager: Killing 3921:com.android.chrome:sandboxed_process32/u0a60i838 (adj 0): isolated not needed
10-31 13:03:37.264   772   790 W zygote64: failed to open /acct/uid_99838/pid_3921/cgroup.procs: No such file or directory
10-31 13:03:37.286  2813  2813 W chromium: [WARNING:compositor_view.cc(342)] Child process died (type=6) pid=3921)
10-31 13:03:39.602   772  1259 I ActivityManager: Start proc 3943:com.android.chrome:sandboxed_process33/u0i839 for webview_service com.android.chrome/org.chromium.content.app.SandboxedProcessService33
10-31 13:03:39.608  3943  3943 E /system/bin/webview_zygote32: failed to make and chown /acct/uid_99839: Permission denied
10-31 13:03:39.608  3943  3943 E Zygote  : createProcessGroup(99839, 0) failed: Permission denied
10-31 13:03:39.629  3943  3943 I SamplingProfilerIntegration: Profiling disabled.
10-31 13:03:39.648  3956  3956 E asset   : setgid: Operation not permitted
10-31 13:03:39.676  3943  3943 I cr_SplitCompatApp: Launched version=106.0.5249.79 minSdkVersion=24 isBundle=true processName=com.android.chrome:sandboxed_process33 isIsolated=true
10-31 13:03:39.681  3943  3943 W SystemServiceRegistry: No service published for: uimode
10-31 13:03:39.689  3943  3943 I cr_ChildProcessService: Creating new ChildProcessService pid=3943
10-31 13:03:39.696  3943  3943 E WebViewFactory: can't load with relro file; address space not reserved
10-31 13:03:39.706  3943  3957 I cr_LibraryLoader: Successfully loaded native library
10-31 13:03:39.707  3943  3957 I cr_CachingUmaRecorder: Flushed 3 samples from 3 histograms.
10-31 13:03:39.755  3961  3961 W ThreadPoolForeg: type=1400 audit(0.0:14679): avc: denied { setattr } for name="ssl_error_assistant.pb" dev="dm-2" ino=1505186 scontext=u:r:isolated_app:s0:c512,c768 tcontext=u:object_r:app_data_file:s0:c512,c768 tclass=file permissive=0
10-31 13:03:39.755  3961  3961 W ThreadPoolForeg: type=1400 audit(0.0:14680): avc: denied { setattr } for name="ssl_error_assistant.pb" dev="dm-2" ino=1505186 scontext=u:r:isolated_app:s0:c512,c768 tcontext=u:object_r:app_data_file:s0:c512,c768 tclass=file permissive=0
10-31 13:03:39.755  3961  3961 W ThreadPoolForeg: type=1400 audit(0.0:14681): avc: denied { setattr } for name="manifest.json" dev="dm-2" ino=1505187 scontext=u:r:isolated_app:s0:c512,c768 tcontext=u:object_r:app_data_file:s0:c512,c768 tclass=file permissive=0
10-31 13:03:39.761  3961  3961 W ThreadPoolForeg: type=1400 audit(0.0:14682): avc: denied { setattr } for name="verified_contents.json" dev="dm-2" ino=1505189 scontext=u:r:isolated_app:s0:c512,c768 tcontext=u:object_r:app_data_file:s0:c512,c768 tclass=file permissive=0
10-31 13:03:39.773  3943  3957 I chromium: [INFO:child_process_service.cc(69)] ChildProcessService: Exiting child process.
10-31 13:03:39.775   422   422 E lowmemorykiller: Error writing /proc/3943/oom_score_adj; errno=22
10-31 13:03:39.775   772  1259 I ActivityManager: Killing 3943:com.android.chrome:sandboxed_process33/u0a60i839 (adj 0): isolated not needed
10-31 13:03:39.776   772   790 W zygote64: failed to open /acct/uid_99839/pid_3943/cgroup.procs: No such file or directory
10-31 13:03:39.788  2813  2813 W chromium: [WARNING:compositor_view.cc(342)] Child process died (type=6) pid=3943)
10-31 13:03:42.535  3973  3973 E /system/bin/webview_zygote32: failed to make and chown /acct/uid_99840: Permission denied
10-31 13:03:42.535  3973  3973 E Zygote  : createProcessGroup(99840, 0) failed: Permission denied
10-31 13:03:42.537   772 13022 I ActivityManager: Start proc 3973:com.android.chrome:sandboxed_process34/u0i840 for webview_service com.android.chrome/org.chromium.content.app.SandboxedProcessService34
10-31 13:03:42.578  3973  3973 I SamplingProfilerIntegration: Profiling disabled.
10-31 13:03:42.610  3986  3986 E asset   : setgid: Operation not permitted
10-31 13:03:42.659  3973  3973 I cr_SplitCompatApp: Launched version=106.0.5249.79 minSdkVersion=24 isBundle=true processName=com.android.chrome:sandboxed_process34 isIsolated=true
10-31 13:03:42.669  3973  3973 W SystemServiceRegistry: No service published for: uimode
10-31 13:03:42.686  3973  3973 I cr_ChildProcessService: Creating new ChildProcessService pid=3973
10-31 13:03:42.699  3973  3973 E WebViewFactory: can't load with relro file; address space not reserved
10-31 13:03:42.713  3973  3988 I cr_LibraryLoader: Successfully loaded native library
10-31 13:03:42.716  3973  3988 I cr_CachingUmaRecorder: Flushed 3 samples from 3 histograms.
10-31 13:03:42.761  3991  3991 W ThreadPoolForeg: type=1400 audit(0.0:14683): avc: denied { setattr } for name="download_file_types.pb" dev="dm-2" ino=1505195 scontext=u:r:isolated_app:s0:c512,c768 tcontext=u:object_r:app_data_file:s0:c512,c768 tclass=file permissive=0
10-31 13:03:42.761  3991  3991 W ThreadPoolForeg: type=1400 audit(0.0:14684): avc: denied { setattr } for name="download_file_types.pb" dev="dm-2" ino=1505195 scontext=u:r:isolated_app:s0:c512,c768 tcontext=u:object_r:app_data_file:s0:c512,c768 tclass=file permissive=0
10-31 13:03:42.765  3991  3991 W ThreadPoolForeg: type=1400 audit(0.0:14685): avc: denied { setattr } for name="manifest.json" dev="dm-2" ino=1505196 scontext=u:r:isolated_app:s0:c512,c768 tcontext=u:object_r:app_data_file:s0:c512,c768 tclass=file permissive=0
10-31 13:03:42.771  3991  3991 W ThreadPoolForeg: type=1400 audit(0.0:14686): avc: denied { setattr } for name="verified_contents.json" dev="dm-2" ino=1505198 scontext=u:r:isolated_app:s0:c512,c768 tcontext=u:object_r:app_data_file:s0:c512,c768 tclass=file permissive=0
10-31 13:03:42.779  3973  3988 I chromium: [INFO:child_process_service.cc(69)] ChildProcessService: Exiting child process.
10-31 13:03:42.781   422   422 E lowmemorykiller: Error writing /proc/3973/oom_score_adj; errno=22
10-31 13:03:42.784   772 10893 I ActivityManager: Killing 3973:com.android.chrome:sandboxed_process34/u0a60i840 (adj 0): isolated not needed
10-31 13:03:42.788   772   790 W zygote64: failed to open /acct/uid_99840/pid_3973/cgroup.procs: No such file or directory
10-31 13:03:42.806  2813  2813 W chromium: [WARNING:compositor_view.cc(342)] Child process died (type=6) pid=3973)
10-31 13:03:45.499   772  3037 I ActivityManager: Force stopping com.android.chrome appid=10060 user=0: from pid 4005
10-31 13:03:45.499   772  3037 I ActivityManager: Killing 2885:com.android.chrome:privileged_process0/u0a60 (adj 0): stop com.android.chrome
10-31 13:03:45.500   772  3037 W ActivityManager: Scheduling restart of crashed service com.android.chrome/org.chromium.content.app.PrivilegedProcessService0 in 1000ms
10-31 13:03:45.507   772  3037 I ActivityManager: Killing 2813:com.android.chrome/u0a60 (adj 0): stop com.android.chrome
10-31 13:03:45.513   772  3037 I ActivityManager: Killing 3486:com.android.chrome:sandboxed_process18/u0a60i824 (adj 0): isolated not needed
10-31 13:03:45.515   772  3037 W ActivityManager: Force removing ActivityRecord{ad6bd04 u0 com.android.chrome/com.google.android.apps.chrome.Main t762}: app died, no saved state
10-31 13:03:45.516 14595 14595 I MemoryTrimmer: Trimming objects from memory, since app is in the background.
10-31 13:03:45.518  2854  2854 I cr_ChildProcessService: Destroying ChildProcessService pid=2854
10-31 13:03:45.519   772  3037 I WindowManager: Failed to capture screenshot of Token{1de2ed ActivityRecord{ad6bd04 u0 com.android.chrome/com.google.android.apps.chrome.Main t762 f}} appWin=Window{fd0b659 u0 com.android.chrome/com.google.android.apps.chrome.Main} drawState=4
10-31 13:03:45.520 13542 13542 D BoundBrokerSvc: onUnbind: Intent { act=com.google.android.gms.auth.key.retrieval.service.START dat=chimera-action:com.google.android.gms.auth.key.retrieval.service.START cmp=com.google.android.gms/.chimera.GmsApiService }
10-31 13:03:45.530   772  3037 I ActivityManager: Killing 2854:com.android.chrome:sandboxed_process0/u0a60i806 (adj 0): isolated not needed
10-31 13:03:45.550  1311  1311 D CarrierSvcBindHelper: No carrier app for: 0
10-31 13:03:45.568  2964  2964 D RegisteredNfcFServicesCache: Service unchanged, not updating
10-31 13:03:45.570 13325 13387 I Adreno  : QUALCOMM build                   : 7142022, Ib5823dd10c
10-31 13:03:45.570 13325 13387 I Adreno  : Build Date                       : 06/23/17
10-31 13:03:45.570 13325 13387 I Adreno  : OpenGL ES Shader Compiler Version: EV031.18.00.00
10-31 13:03:45.570 13325 13387 I Adreno  : Local Branch                     : O11A
10-31 13:03:45.570 13325 13387 I Adreno  : Remote Branch                    : 
10-31 13:03:45.570 13325 13387 I Adreno  : Remote Branch                    : 
10-31 13:03:45.570 13325 13387 I Adreno  : Reconstruct Branch               : 
10-31 13:03:45.576 13325 13387 I vndksupport: sphal namespace is not configured for this process. Loading /vendor/lib64/hw/gralloc.msm8992.so from the current namespace instead.
10-31 13:03:45.584 13325 13387 I Adreno  : PFP: 0x00000000, ME: 0x00000000
10-31 13:03:45.587 13325 13387 I OpenGLRenderer: Initialized EGL, version 1.4
10-31 13:03:45.587 13325 13387 D OpenGLRenderer: Swap behavior 2
10-31 13:03:45.630   772 10894 W ActivityManager: Unable to start service Intent { act=com.google.android.gms.speech.service.START pkg=com.google.android.gms } U=0: not found
10-31 13:03:45.633   772  1327 D ConnectivityService: ConnectivityService NetworkRequestInfo binderDied(NetworkRequest [ LISTEN id=1857, [ Capabilities: INTERNET&NOT_RESTRICTED&TRUSTED&FOREGROUND] ], android.os.BinderProxy@cc725b7)
10-31 13:03:45.633   772  1327 D ConnectivityService: ConnectivityService NetworkRequestInfo binderDied(NetworkRequest [ LISTEN id=1855, [ Capabilities: INTERNET&NOT_RESTRICTED&TRUSTED&FOREGROUND] ], android.os.BinderProxy@d30124)
10-31 13:03:45.633   772 10860 D ConnectivityService: ConnectivityService NetworkRequestInfo binderDied(NetworkRequest [ LISTEN id=1856, [ Capabilities: INTERNET&NOT_RESTRICTED&TRUSTED&FOREGROUND] ], android.os.BinderProxy@a08a48d)
10-31 13:03:45.633   772   862 E ConnectivityService: RemoteException caught trying to send a callback msg for NetworkRequest [ LISTEN id=1857, [ Capabilities: INTERNET&NOT_RESTRICTED&TRUSTED&FOREGROUND] ]
10-31 13:03:45.633   772   797 W ActivityManager: setHasOverlayUi called on unknown pid: 2813
10-31 13:03:45.637   772  4540 W ActivityManager: Unbind failed: could not find connection for android.os.BinderProxy@f9e6653
10-31 13:03:45.638 14595 14781 E GmsClient: unable to connect to service: com.google.android.gms.speech.service.START on com.google.android.gms
10-31 13:03:45.638   772   862 E ConnectivityService: RemoteException caught trying to send a callback msg for NetworkRequest [ LISTEN id=1855, [ Capabilities: INTERNET&NOT_RESTRICTED&TRUSTED&FOREGROUND] ]
10-31 13:03:45.639   772   862 E ConnectivityService: RemoteException caught trying to send a callback msg for NetworkRequest [ LISTEN id=1856, [ Capabilities: INTERNET&NOT_RESTRICTED&TRUSTED&FOREGROUND] ]
10-31 13:03:45.650 14595 16571 W SessionLifecycleManager: Handover failed. Creating new session controller.
10-31 13:03:45.657 14595 14595 I OptInState: There is a new client and it does not support opt-in. Dropping request.
10-31 13:03:45.676   772   790 W zygote64: failed to open /acct/uid_99824/pid_3486/cgroup.procs: No such file or directory
10-31 13:03:45.676   772   790 W zygote64: failed to open /acct/uid_99806/pid_2854/cgroup.procs: No such file or directory
10-31 13:03:45.695 14595 14595 I MicroDetectionWorker: #updateMicroDetector [detectionMode: [mDetectionMode: [1]]]
10-31 13:03:45.695 14595 14595 I MicroDetectionWorker: #startMicroDetector [speakerMode: 0]
10-31 13:03:45.699 14595 14595 I MicroDetectionWorker: onReady
10-31 13:03:45.703 14595 14621 I MicroRecognitionRunner: Starting detection.
10-31 13:03:45.706 14595  2851 I MicrophoneInputStream: mic_starting com.google.android.apps.gsa.speech.audio.af@50f7a3b
10-31 13:03:45.707   556   687 W DeviceHAL: Device 0xefa2d000 open_input_stream: Invalid argument
10-31 13:03:45.709   556  4018 I AudioFlinger: AudioFlinger's thread 0xec9074c0 tid=4018 ready to run
10-31 13:03:45.724   556   753 I SoundTriggerHwService::Module: onCallbackEvent no clients
10-31 13:03:45.724 14595  2851 I MicrophoneInputStream: mic_started com.google.android.apps.gsa.speech.audio.af@50f7a3b
10-31 13:03:45.731   556  4019 D sound_trigger_platform: platform_stdev_check_and_update_concurrency: concurrency active 0, tx 1, rx 0, concurrency session_allowed 0
10-31 13:03:45.731   556  4019 D audio_hw_primary: enable_snd_device: snd_device(72: voice-rec-mic)
10-31 13:03:45.739   556  4019 D audio_hw_primary: enable_audio_route: usecase(9) apply and update mixer path: audio-record
10-31 13:03:45.806 14595 14595 I MicroDetectionWorker: onReady
10-31 13:03:45.937  4008  4008 D AndroidRuntime: >>>>>> START com.android.internal.os.RuntimeInit uid 2000 <<<<<<
10-31 13:03:46.082  4008  4008 D AndroidRuntime: Calling main entry com.android.commands.pm.Pm
10-31 13:03:46.109   772  3041 I ActivityManager: Force stopping com.android.chrome appid=10060 user=0: clear data
10-31 13:03:46.112 13325 13387 W OpenGLRenderer: Incorrectly called buildLayer on View: ShortcutAndWidgetContainer, destroying layer...
10-31 13:03:46.115   772   788 I ActivityManager: Force stopping com.android.chrome appid=10060 user=-1: clearApplicationUserData
10-31 13:03:46.220   560   560 I keystore: clear_uid 10060
10-31 13:03:46.241  1311  1311 D CarrierSvcBindHelper: No carrier app for: 0
10-31 13:03:46.243   772   787 W ResourceType: No known package when getting value for resource number 0x7f0904db
10-31 13:03:46.243   772   787 W ResourceType: No known package when getting value for resource number 0x7f140670
10-31 13:03:46.244   772   787 W ResourceType: No known package when getting value for resource number 0x7f0904da
10-31 13:03:46.244   772   787 W ResourceType: No known package when getting value for resource number 0x7f14018b
10-31 13:03:46.244   772   787 W ResourceType: No known package when getting value for resource number 0x7f14066f
10-31 13:03:46.244   772   787 W ResourceType: No known package when getting value for resource number 0x7f140434
10-31 13:03:46.244   772   787 E ShortcutService: Ignoring excessive intent tag.
10-31 13:03:46.246  4008  4008 I app_process: System.exit called, status: 0
10-31 13:03:46.246  4008  4008 I AndroidRuntime: VM exiting with result code 0.
10-31 13:03:46.277  2964  2964 D RegisteredNfcFServicesCache: Service unchanged, not updating
10-31 13:03:46.285  3960  4035 I Fitness : FitCleanupIntentOperation received Intent android.intent.action.PACKAGE_DATA_CLEARED [CONTEXT service_id=17 ]
10-31 13:03:46.320 13542 27495 I Icing   : doRemovePackageData com.android.chrome
10-31 13:03:46.322 13542 27495 I Icing   : Removing corpus key com.android.chrome-omnibox for package com.android.chrome
10-31 13:03:46.344 13542 27495 I native  : I0000 00:00:1667217826.344701   27495 flash-index.cc:1535] Flash index sort hb 8 prefix-hits 10 -> 10 at 13.661ms
10-31 13:03:46.382 13542 27495 I Icing   : Removing corpus key com.android.chrome-.implicit: for package com.android.chrome
10-31 13:03:46.455 13542 27495 I Icing   : updateResources: need to parse anue{com.android.chrome}
10-31 13:03:46.533 13542 27495 I Icing   : Indexing com.android.chrome-omnibox from com.android.chrome
10-31 13:03:46.551   772 10893 I ActivityManager: Start proc 4056:com.android.chrome/u0a60 for content provider com.android.chrome/com.google.android.apps.chrome.icing.IcingProvider
10-31 13:03:46.606  4056  4056 I cr_SplitCompatApp: Launched version=106.0.5249.79 minSdkVersion=24 isBundle=true processName=com.android.chrome isIsolated=false
10-31 13:03:46.609   772 20193 I ActivityManager: Force stopping com.android.chrome appid=10060 user=0: from pid 4070
10-31 13:03:46.609   772 20193 I ActivityManager: Killing 4056:com.android.chrome/u0a60 (adj 200): stop com.android.chrome
10-31 13:03:46.626   772 20193 I ActivityManager: Start proc 4073:com.android.chrome/u0a60 for restart com.android.chrome
10-31 13:03:46.628   772 10893 W ActivityManager: Unable to launch app com.android.chrome/10060 for provider com.android.chrome.icing: launching app became null
10-31 13:03:46.628 13542 27495 E ActivityThread: Failed to find provider info for com.android.chrome.icing
10-31 13:03:46.629 13542 27495 W Icing   : Could not connect to content provider content://com.android.chrome.icing
10-31 13:03:46.633  1311  1311 D CarrierSvcBindHelper: No carrier app for: 0
10-31 13:03:46.643  2964  2964 D RegisteredNfcFServicesCache: Service unchanged, not updating
10-31 13:03:46.679  4073  4073 I cr_SplitCompatApp: Launched version=106.0.5249.79 minSdkVersion=24 isBundle=true processName=com.android.chrome isIsolated=false
10-31 13:03:46.818  3960  3971 I FontLog : Received query Google Sans, URI content://com.google.android.gms.fonts [CONTEXT service_id=132 ]
10-31 13:03:46.819  3960  3971 I FontLog : Query [Google Sans] resolved to {Google Sans, wdth 100.0, wght 400, ital 0.0, bestEffort false} [CONTEXT service_id=132 ]
10-31 13:03:46.820  3960  3971 I FontLog : Font PFD returned from cache for {Google Sans, wdth 100.0, wght 400, ital 0.0, bestEffort false} [CONTEXT service_id=132 ]
10-31 13:03:46.820  3960  3971 I FontLog : Fetch {Google Sans, wdth 100.0, wght 400, ital 0.0, bestEffort false} end status Status{statusCode=SUCCESS, resolution=null} [CONTEXT service_id=132 ]
10-31 13:03:46.881  3960  6244 I FontLog : Pulling font file for id = 2252, cache size = 10 [CONTEXT service_id=132 ]
10-31 13:03:46.912 13542 27495 I Icing   : Indexing done com.android.chrome-omnibox
10-31 13:03:46.948  4073  4094 I cr_LibraryLoader: Successfully loaded native library
10-31 13:03:46.949  4073  4094 I cr_CachingUmaRecorder: Flushed 20 samples from 19 histograms.
10-31 13:03:47.011  4086  4086 D AndroidRuntime: >>>>>> START com.android.internal.os.RuntimeInit uid 2000 <<<<<<
10-31 13:03:47.012  3960  4245 I FontLog : Received query Google Sans:500, URI content://com.google.android.gms.fonts [CONTEXT service_id=132 ]
10-31 13:03:47.012  3960  4245 I FontLog : Query [Google Sans:500] resolved to {Google Sans, wdth 100.0, wght 500, ital 0.0, bestEffort false} [CONTEXT service_id=132 ]
10-31 13:03:47.013  3960  4245 I FontLog : Font PFD returned from cache for {Google Sans, wdth 100.0, wght 500, ital 0.0, bestEffort false} [CONTEXT service_id=132 ]
10-31 13:03:47.013  3960  4245 I FontLog : Fetch {Google Sans, wdth 100.0, wght 500, ital 0.0, bestEffort false} end status Status{statusCode=SUCCESS, resolution=null} [CONTEXT service_id=132 ]
10-31 13:03:47.036  3960  3971 I FontLog : Pulling font file for id = 2253, cache size = 7 [CONTEXT service_id=132 ]
10-31 13:03:47.065  3960  4217 I FontLog : Received query Google Sans:700, URI content://com.google.android.gms.fonts [CONTEXT service_id=132 ]
10-31 13:03:47.065  3960  4217 I FontLog : Query [Google Sans:700] resolved to {Google Sans, wdth 100.0, wght 700, ital 0.0, bestEffort false} [CONTEXT service_id=132 ]
10-31 13:03:47.067  3960  4217 I FontLog : Fetch {Google Sans, wdth 100.0, wght 700, ital 0.0, bestEffort false} end status Status{statusCode=SUCCESS, resolution=null} [CONTEXT service_id=132 ]
10-31 13:03:47.076  3960  4245 I FontLog : Pulling font file for id = 2254, cache size = 4 [CONTEXT service_id=132 ]
10-31 13:03:47.138  4086  4086 D AndroidRuntime: Calling main entry com.android.commands.pm.Pm
10-31 13:03:47.146   772  1324 I ActivityManager: Force stopping com.android.chrome appid=10060 user=0: clear data
10-31 13:03:47.147   772  1324 I ActivityManager: Killing 4073:com.android.chrome/u0a60 (adj 700): stop com.android.chrome
10-31 13:03:47.153   772   788 I ActivityManager: Force stopping com.android.chrome appid=10060 user=-1: clearApplicationUserData
10-31 13:03:47.158   560   560 I keystore: clear_uid 10060
10-31 13:03:47.185   772   787 W ResourceType: No known package when getting value for resource number 0x7f0904db
10-31 13:03:47.185   772   787 W ResourceType: No known package when getting value for resource number 0x7f140670
10-31 13:03:47.186   772   787 W ResourceType: No known package when getting value for resource number 0x7f0904da
10-31 13:03:47.186   772   787 W ResourceType: No known package when getting value for resource number 0x7f14018b
10-31 13:03:47.186   772   787 W ResourceType: No known package when getting value for resource number 0x7f14066f
10-31 13:03:47.186   772   787 W ResourceType: No known package when getting value for resource number 0x7f140434
10-31 13:03:47.186   772   787 E ShortcutService: Ignoring excessive intent tag.
10-31 13:03:47.188  1311  1311 D CarrierSvcBindHelper: No carrier app for: 0
10-31 13:03:47.190  4086  4086 I app_process: System.exit called, status: 0
10-31 13:03:47.190  4086  4086 I AndroidRuntime: VM exiting with result code 0.
10-31 13:03:47.204  2964  2964 D RegisteredNfcFServicesCache: Service unchanged, not updating
10-31 13:03:47.211  3960  4032 I Fitness : FitCleanupIntentOperation received Intent android.intent.action.PACKAGE_DATA_CLEARED [CONTEXT service_id=17 ]
10-31 13:03:47.235 13542 27495 I Icing   : doRemovePackageData com.android.chrome
10-31 13:03:47.235 13542 27495 I Icing   : Removing corpus key com.android.chrome-omnibox for package com.android.chrome
10-31 13:03:47.298 13542 27495 I Icing   : updateResources: need to parse anue{com.android.chrome}
10-31 13:03:47.350 13542 27495 I Icing   : Indexing com.android.chrome-omnibox from com.android.chrome
10-31 13:03:47.366   772  4539 I ActivityManager: Start proc 4110:com.android.chrome/u0a60 for content provider com.android.chrome/com.google.android.apps.chrome.icing.IcingProvider
10-31 13:03:47.409  4110  4110 I cr_SplitCompatApp: Launched version=106.0.5249.79 minSdkVersion=24 isBundle=true processName=com.android.chrome isIsolated=false
10-31 13:03:47.557   772   781 I zygote64: Background concurrent copying GC freed 112576(6MB) AllocSpace objects, 165(5MB) LOS objects, 42% free, 17MB/29MB, paused 445us total 100.656ms
10-31 13:03:47.568  3960  6244 I FontLog : Received query Google Sans, URI content://com.google.android.gms.fonts [CONTEXT service_id=132 ]
10-31 13:03:47.569  3960  6244 I FontLog : Query [Google Sans] resolved to {Google Sans, wdth 100.0, wght 400, ital 0.0, bestEffort false} [CONTEXT service_id=132 ]
10-31 13:03:47.570  3960  6244 I FontLog : Font PFD returned from cache for {Google Sans, wdth 100.0, wght 400, ital 0.0, bestEffort false} [CONTEXT service_id=132 ]
10-31 13:03:47.570  3960  6244 I FontLog : Fetch {Google Sans, wdth 100.0, wght 400, ital 0.0, bestEffort false} end status Status{statusCode=SUCCESS, resolution=null} [CONTEXT service_id=132 ]
10-31 13:03:47.612 13542 27495 I Icing   : Indexing done com.android.chrome-omnibox
10-31 13:03:47.665  3960  4244 I FontLog : Pulling font file for id = 2255, cache size = 5 [CONTEXT service_id=132 ]
10-31 13:03:47.713  4110  4130 I cr_LibraryLoader: Successfully loaded native library
10-31 13:03:47.718  4110  4130 I cr_CachingUmaRecorder: Flushed 20 samples from 19 histograms.
10-31 13:03:47.782  3960  4217 I FontLog : Received query Google Sans:500, URI content://com.google.android.gms.fonts [CONTEXT service_id=132 ]
10-31 13:03:47.783  3960  4217 I FontLog : Query [Google Sans:500] resolved to {Google Sans, wdth 100.0, wght 500, ital 0.0, bestEffort false} [CONTEXT service_id=132 ]
10-31 13:03:47.784  3960  4217 I FontLog : Font PFD returned from cache for {Google Sans, wdth 100.0, wght 500, ital 0.0, bestEffort false} [CONTEXT service_id=132 ]
10-31 13:03:47.784  3960  4217 I FontLog : Fetch {Google Sans, wdth 100.0, wght 500, ital 0.0, bestEffort false} end status Status{statusCode=SUCCESS, resolution=null} [CONTEXT service_id=132 ]
10-31 13:03:47.812  3960  6244 I FontLog : Pulling font file for id = 2256, cache size = 6 [CONTEXT service_id=132 ]
10-31 13:03:47.855  3960  4244 I FontLog : Received query Google Sans:700, URI content://com.google.android.gms.fonts [CONTEXT service_id=132 ]
10-31 13:03:47.855  3960  4244 I FontLog : Query [Google Sans:700] resolved to {Google Sans, wdth 100.0, wght 700, ital 0.0, bestEffort false} [CONTEXT service_id=132 ]
10-31 13:03:47.858  3960  4244 I FontLog : Fetch {Google Sans, wdth 100.0, wght 700, ital 0.0, bestEffort false} end status Status{statusCode=SUCCESS, resolution=null} [CONTEXT service_id=132 ]
10-31 13:03:47.872  3960  6244 I FontLog : Pulling font file for id = 2257, cache size = 6 [CONTEXT service_id=132 ]
